[Wed Jun 24 16:31:04 EDT 2026] task 35 on GPU 0: python flkd/advanced_fl_train_classification.py --model pointnet2_cls_ssg --fl_strategy ditto --dataset craniosynostosis --seed 7 --batch_size 24 --num_clients 5 --local_epochs 5 --communication_rounds 20 --num_point 1024 --partition label_skew --dirichlet_alpha 0.5 --log_dir fl_pointnet2_cls_ssg_ditto_s7 --ditto_lambda 0.1 --data_root data --output_root outputs --num_workers -1 --max_runtime_hours 166.0
2026-06-24 16:31:05,516 - INFO - PARAMETER ...
2026-06-24 16:31:05,516 - INFO - {'use_cpu': False, 'no_amp': False, 'gpu': '0', 'num_workers': -1, 'batch_size': 24, 'model': 'pointnet2_cls_ssg', 'num_category': None, 'dataset': 'craniosynostosis', 'data_root': 'data', 'output_root': 'outputs', 'train_split': 0.8, 'dataset_seed': 0, 'cache_dataset': True, 'min_class_samples': 1, 'epoch': 200, 'learning_rate': 0.001, 'num_point': 1024, 'optimizer': 'Adam', 'log_dir': 'fl_pointnet2_cls_ssg_ditto_s7', 'decay_rate': 0.0001, 'use_normals': False, 'process_data': False, 'use_uniform_sample': False, 'resume': True, 'fl_strategy': 'ditto', 'num_clients': 5, 'local_epochs': 5, 'communication_rounds': 20, 'iid': False, 'partition': 'label_skew', 'dirichlet_alpha': 0.5, 'seed': 7, 'mu': 0.01, 'alpha': 0.01, 'server_lr': 1.0, 'adaptive_server_lr': 0.05, 'server_momentum': 0.9, 'server_beta1': 0.9, 'server_beta2': 0.999, 'server_eps': 0.001, 'moon_temperature': 0.5, 'moon_mu': 1.0, 'ditto_lambda': 0.1, 'max_runtime_hours': 166.0}
2026-06-24 16:31:05,518 - INFO - Using device: cuda; AMP(bf16)=False; strategy=ditto
Using device: cuda; AMP(bf16)=False; strategy=ditto
2026-06-24 16:31:05,519 - INFO - Load dataset ...
Load dataset ...
2026-06-24 16:36:15,825 - INFO - Splitting 320 samples across 5 clients (iid=False, partition=label_skew, alpha=0.5)
Splitting 320 samples across 5 clients (iid=False, partition=label_skew, alpha=0.5)
2026-06-24 16:36:15,914 - INFO - Model payload: 5.62 MB; comm/round ~56.19 MB.
Model payload: 5.62 MB; comm/round ~56.19 MB.
2026-06-24 16:36:15,914 - INFO - Start federated training...
Start federated training...
2026-06-24 16:36:15,914 - INFO - Communication round 1/20
Communication round 1/20
2026-06-24 16:36:47,224 - INFO - Test Instance Acc: 0.2500, Class Acc: 0.2500, Round time: 31.3s
Test Instance Acc: 0.2500, Class Acc: 0.2500, Round time: 31.3s
2026-06-24 16:36:47,245 - INFO - Best Instance 0.2500 / Class 0.2500 (round 1)
Best Instance 0.2500 / Class 0.2500 (round 1)
2026-06-24 16:36:47,601 - INFO - Communication round 2/20
Communication round 2/20
2026-06-24 16:37:13,078 - INFO - Test Instance Acc: 0.2500, Class Acc: 0.2500, Round time: 25.5s
Test Instance Acc: 0.2500, Class Acc: 0.2500, Round time: 25.5s
2026-06-24 16:37:13,078 - INFO - Best Instance 0.2500 / Class 0.2500 (round 1)
Best Instance 0.2500 / Class 0.2500 (round 1)
2026-06-24 16:37:13,400 - INFO - Communication round 3/20
Communication round 3/20
2026-06-24 16:37:38,477 - INFO - Test Instance Acc: 0.2250, Class Acc: 0.2250, Round time: 25.1s
Test Instance Acc: 0.2250, Class Acc: 0.2250, Round time: 25.1s
2026-06-24 16:37:38,478 - INFO - Best Instance 0.2500 / Class 0.2500 (round 1)
Best Instance 0.2500 / Class 0.2500 (round 1)
2026-06-24 16:37:38,810 - INFO - Communication round 4/20
Communication round 4/20
2026-06-24 16:38:04,001 - INFO - Test Instance Acc: 0.2500, Class Acc: 0.2500, Round time: 25.2s
Test Instance Acc: 0.2500, Class Acc: 0.2500, Round time: 25.2s
2026-06-24 16:38:04,002 - INFO - Best Instance 0.2500 / Class 0.2500 (round 1)
Best Instance 0.2500 / Class 0.2500 (round 1)
2026-06-24 16:38:04,334 - INFO - Communication round 5/20
Communication round 5/20
2026-06-24 16:38:29,578 - INFO - Test Instance Acc: 0.2500, Class Acc: 0.2500, Round time: 25.2s
Test Instance Acc: 0.2500, Class Acc: 0.2500, Round time: 25.2s
2026-06-24 16:38:29,578 - INFO - Best Instance 0.2500 / Class 0.2500 (round 1)
Best Instance 0.2500 / Class 0.2500 (round 1)
2026-06-24 16:38:29,907 - INFO - Communication round 6/20
Communication round 6/20
2026-06-24 16:38:55,124 - INFO - Test Instance Acc: 0.2750, Class Acc: 0.2750, Round time: 25.2s
Test Instance Acc: 0.2750, Class Acc: 0.2750, Round time: 25.2s
2026-06-24 16:38:55,137 - INFO - Best Instance 0.2750 / Class 0.2750 (round 6)
Best Instance 0.2750 / Class 0.2750 (round 6)
2026-06-24 16:38:55,462 - INFO - Communication round 7/20
Communication round 7/20
2026-06-24 16:39:21,176 - INFO - Test Instance Acc: 0.4750, Class Acc: 0.4750, Round time: 25.7s
Test Instance Acc: 0.4750, Class Acc: 0.4750, Round time: 25.7s
2026-06-24 16:39:21,188 - INFO - Best Instance 0.4750 / Class 0.4750 (round 7)
Best Instance 0.4750 / Class 0.4750 (round 7)
2026-06-24 16:39:21,503 - INFO - Communication round 8/20
Communication round 8/20
2026-06-24 16:39:46,876 - INFO - Test Instance Acc: 0.5250, Class Acc: 0.5250, Round time: 25.4s
Test Instance Acc: 0.5250, Class Acc: 0.5250, Round time: 25.4s
2026-06-24 16:39:46,889 - INFO - Best Instance 0.5250 / Class 0.5250 (round 8)
Best Instance 0.5250 / Class 0.5250 (round 8)
2026-06-24 16:39:47,231 - INFO - Communication round 9/20
Communication round 9/20
2026-06-24 16:40:12,865 - INFO - Test Instance Acc: 0.6000, Class Acc: 0.6000, Round time: 25.6s
Test Instance Acc: 0.6000, Class Acc: 0.6000, Round time: 25.6s
2026-06-24 16:40:12,880 - INFO - Best Instance 0.6000 / Class 0.6000 (round 9)
Best Instance 0.6000 / Class 0.6000 (round 9)
2026-06-24 16:40:13,209 - INFO - Communication round 10/20
Communication round 10/20
2026-06-24 16:40:37,985 - INFO - Test Instance Acc: 0.5750, Class Acc: 0.5750, Round time: 24.8s
Test Instance Acc: 0.5750, Class Acc: 0.5750, Round time: 24.8s
2026-06-24 16:40:37,986 - INFO - Best Instance 0.6000 / Class 0.6000 (round 9)
Best Instance 0.6000 / Class 0.6000 (round 9)
2026-06-24 16:40:38,325 - INFO - Communication round 11/20
Communication round 11/20
2026-06-24 16:41:04,148 - INFO - Test Instance Acc: 0.5125, Class Acc: 0.5125, Round time: 25.8s
Test Instance Acc: 0.5125, Class Acc: 0.5125, Round time: 25.8s
2026-06-24 16:41:04,149 - INFO - Best Instance 0.6000 / Class 0.6000 (round 9)
Best Instance 0.6000 / Class 0.6000 (round 9)
2026-06-24 16:41:04,510 - INFO - Communication round 12/20
Communication round 12/20
2026-06-24 16:41:29,614 - INFO - Test Instance Acc: 0.3375, Class Acc: 0.3375, Round time: 25.1s
Test Instance Acc: 0.3375, Class Acc: 0.3375, Round time: 25.1s
2026-06-24 16:41:29,614 - INFO - Best Instance 0.6000 / Class 0.6000 (round 9)
Best Instance 0.6000 / Class 0.6000 (round 9)
2026-06-24 16:41:29,943 - INFO - Communication round 13/20
Communication round 13/20
2026-06-24 16:41:55,423 - INFO - Test Instance Acc: 0.5375, Class Acc: 0.5375, Round time: 25.5s
Test Instance Acc: 0.5375, Class Acc: 0.5375, Round time: 25.5s
2026-06-24 16:41:55,424 - INFO - Best Instance 0.6000 / Class 0.6000 (round 9)
Best Instance 0.6000 / Class 0.6000 (round 9)
2026-06-24 16:41:55,745 - INFO - Communication round 14/20
Communication round 14/20
2026-06-24 16:42:20,747 - INFO - Test Instance Acc: 0.3000, Class Acc: 0.3000, Round time: 25.0s
Test Instance Acc: 0.3000, Class Acc: 0.3000, Round time: 25.0s
2026-06-24 16:42:20,748 - INFO - Best Instance 0.6000 / Class 0.6000 (round 9)
Best Instance 0.6000 / Class 0.6000 (round 9)
2026-06-24 16:42:21,117 - INFO - Communication round 15/20
Communication round 15/20
2026-06-24 16:42:46,517 - INFO - Test Instance Acc: 0.4250, Class Acc: 0.4250, Round time: 25.4s
Test Instance Acc: 0.4250, Class Acc: 0.4250, Round time: 25.4s
2026-06-24 16:42:46,517 - INFO - Best Instance 0.6000 / Class 0.6000 (round 9)
Best Instance 0.6000 / Class 0.6000 (round 9)
2026-06-24 16:42:46,846 - INFO - Communication round 16/20
Communication round 16/20
2026-06-24 16:43:12,390 - INFO - Test Instance Acc: 0.3250, Class Acc: 0.3250, Round time: 25.5s
Test Instance Acc: 0.3250, Class Acc: 0.3250, Round time: 25.5s
2026-06-24 16:43:12,391 - INFO - Best Instance 0.6000 / Class 0.6000 (round 9)
Best Instance 0.6000 / Class 0.6000 (round 9)
2026-06-24 16:43:12,719 - INFO - Communication round 17/20
Communication round 17/20
2026-06-24 16:43:37,593 - INFO - Test Instance Acc: 0.4500, Class Acc: 0.4500, Round time: 24.9s
Test Instance Acc: 0.4500, Class Acc: 0.4500, Round time: 24.9s
2026-06-24 16:43:37,594 - INFO - Best Instance 0.6000 / Class 0.6000 (round 9)
Best Instance 0.6000 / Class 0.6000 (round 9)
2026-06-24 16:43:37,932 - INFO - Communication round 18/20
Communication round 18/20
2026-06-24 16:44:03,769 - INFO - Test Instance Acc: 0.3125, Class Acc: 0.3125, Round time: 25.8s
Test Instance Acc: 0.3125, Class Acc: 0.3125, Round time: 25.8s
2026-06-24 16:44:03,769 - INFO - Best Instance 0.6000 / Class 0.6000 (round 9)
Best Instance 0.6000 / Class 0.6000 (round 9)
2026-06-24 16:44:04,091 - INFO - Communication round 19/20
Communication round 19/20
2026-06-24 16:44:29,863 - INFO - Test Instance Acc: 0.3875, Class Acc: 0.3875, Round time: 25.8s
Test Instance Acc: 0.3875, Class Acc: 0.3875, Round time: 25.8s
2026-06-24 16:44:29,864 - INFO - Best Instance 0.6000 / Class 0.6000 (round 9)
Best Instance 0.6000 / Class 0.6000 (round 9)
2026-06-24 16:44:30,206 - INFO - Communication round 20/20
Communication round 20/20
2026-06-24 16:44:56,067 - INFO - Test Instance Acc: 0.5000, Class Acc: 0.5000, Round time: 25.9s
Test Instance Acc: 0.5000, Class Acc: 0.5000, Round time: 25.9s
2026-06-24 16:44:56,068 - INFO - Best Instance 0.6000 / Class 0.6000 (round 9)
Best Instance 0.6000 / Class 0.6000 (round 9)
2026-06-24 16:44:56,447 - INFO - End of training. Best 0.6000 at round 9.
End of training. Best 0.6000 at round 9.
2026-06-24 16:45:10,980 - INFO - Model size: 5.62 MB; Inference: 131.78 ms
Model size: 5.62 MB; Inference: 131.78 ms
