[Wed Jun 24 16:22:03 EDT 2026] task 34 on GPU 0: python flkd/advanced_fl_train_classification.py --model pointnet2_cls_ssg --fl_strategy ditto --dataset modelnet40 --seed 42 --batch_size 24 --num_clients 5 --local_epochs 5 --communication_rounds 20 --num_point 1024 --partition label_skew --dirichlet_alpha 0.5 --log_dir fl_pointnet2_cls_ssg_ditto_s42 --ditto_lambda 0.1 --data_root data --output_root outputs --num_workers -1 --max_runtime_hours 166.0
2026-06-24 16:22:04,937 - INFO - PARAMETER ...
2026-06-24 16:22:04,938 - INFO - {'use_cpu': False, 'no_amp': False, 'gpu': '0', 'num_workers': -1, 'batch_size': 24, 'model': 'pointnet2_cls_ssg', 'num_category': None, 'dataset': 'modelnet40', 'data_root': 'data', 'output_root': 'outputs', 'train_split': 0.8, 'dataset_seed': 0, 'cache_dataset': True, 'min_class_samples': 1, 'epoch': 200, 'learning_rate': 0.001, 'num_point': 1024, 'optimizer': 'Adam', 'log_dir': 'fl_pointnet2_cls_ssg_ditto_s42', 'decay_rate': 0.0001, 'use_normals': False, 'process_data': False, 'use_uniform_sample': False, 'resume': True, 'fl_strategy': 'ditto', 'num_clients': 5, 'local_epochs': 5, 'communication_rounds': 20, 'iid': False, 'partition': 'label_skew', 'dirichlet_alpha': 0.5, 'seed': 42, 'mu': 0.01, 'alpha': 0.01, 'server_lr': 1.0, 'adaptive_server_lr': 0.05, 'server_momentum': 0.9, 'server_beta1': 0.9, 'server_beta2': 0.999, 'server_eps': 0.001, 'moon_temperature': 0.5, 'moon_mu': 1.0, 'ditto_lambda': 0.1, 'max_runtime_hours': 166.0}
2026-06-24 16:22:04,941 - INFO - Using device: cuda; AMP(bf16)=False; strategy=ditto
Using device: cuda; AMP(bf16)=False; strategy=ditto
2026-06-24 16:22:04,941 - INFO - Load dataset ...
Load dataset ...
The size of train data is 9843
The size of test data is 2468
2026-06-24 16:22:06,327 - INFO - Splitting 9843 samples across 5 clients (iid=False, partition=label_skew, alpha=0.5)
Splitting 9843 samples across 5 clients (iid=False, partition=label_skew, alpha=0.5)
2026-06-24 16:22:06,406 - INFO - Model payload: 5.65 MB; comm/round ~56.55 MB.
Model payload: 5.65 MB; comm/round ~56.55 MB.
2026-06-24 16:22:06,406 - INFO - Start federated training...
Start federated training...
2026-06-24 16:22:06,407 - INFO - Communication round 1/20
Communication round 1/20
2026-06-24 16:40:47,347 - INFO - Test Instance Acc: 0.0081, Class Acc: 0.0250, Round time: 1120.9s
Test Instance Acc: 0.0081, Class Acc: 0.0250, Round time: 1120.9s
2026-06-24 16:40:47,369 - INFO - Best Instance 0.0081 / Class 0.0250 (round 1)
Best Instance 0.0081 / Class 0.0250 (round 1)
2026-06-24 16:40:47,703 - INFO - Communication round 2/20
Communication round 2/20
2026-06-24 16:59:26,363 - INFO - Test Instance Acc: 0.0081, Class Acc: 0.0250, Round time: 1118.7s
Test Instance Acc: 0.0081, Class Acc: 0.0250, Round time: 1118.7s
2026-06-24 16:59:26,364 - INFO - Best Instance 0.0081 / Class 0.0250 (round 1)
Best Instance 0.0081 / Class 0.0250 (round 1)
2026-06-24 16:59:26,738 - INFO - Communication round 3/20
Communication round 3/20
2026-06-24 17:18:04,557 - INFO - Test Instance Acc: 0.0336, Class Acc: 0.0414, Round time: 1117.8s
Test Instance Acc: 0.0336, Class Acc: 0.0414, Round time: 1117.8s
2026-06-24 17:18:04,573 - INFO - Best Instance 0.0336 / Class 0.0414 (round 3)
Best Instance 0.0336 / Class 0.0414 (round 3)
2026-06-24 17:18:04,912 - INFO - Communication round 4/20
Communication round 4/20
2026-06-24 17:36:46,444 - INFO - Test Instance Acc: 0.1649, Class Acc: 0.1243, Round time: 1121.5s
Test Instance Acc: 0.1649, Class Acc: 0.1243, Round time: 1121.5s
2026-06-24 17:36:46,461 - INFO - Best Instance 0.1649 / Class 0.1243 (round 4)
Best Instance 0.1649 / Class 0.1243 (round 4)
2026-06-24 17:36:46,796 - INFO - Communication round 5/20
Communication round 5/20
2026-06-24 17:55:24,411 - INFO - Test Instance Acc: 0.1985, Class Acc: 0.1536, Round time: 1117.6s
Test Instance Acc: 0.1985, Class Acc: 0.1536, Round time: 1117.6s
2026-06-24 17:55:24,426 - INFO - Best Instance 0.1985 / Class 0.1536 (round 5)
Best Instance 0.1985 / Class 0.1536 (round 5)
2026-06-24 17:55:24,762 - INFO - Communication round 6/20
Communication round 6/20
2026-06-24 18:14:03,201 - INFO - Test Instance Acc: 0.3185, Class Acc: 0.2248, Round time: 1118.4s
Test Instance Acc: 0.3185, Class Acc: 0.2248, Round time: 1118.4s
2026-06-24 18:14:03,241 - INFO - Best Instance 0.3185 / Class 0.2248 (round 6)
Best Instance 0.3185 / Class 0.2248 (round 6)
2026-06-24 18:14:03,575 - INFO - Communication round 7/20
Communication round 7/20
2026-06-24 18:32:42,562 - INFO - Test Instance Acc: 0.2172, Class Acc: 0.1611, Round time: 1119.0s
Test Instance Acc: 0.2172, Class Acc: 0.1611, Round time: 1119.0s
2026-06-24 18:32:42,563 - INFO - Best Instance 0.3185 / Class 0.2248 (round 6)
Best Instance 0.3185 / Class 0.2248 (round 6)
2026-06-24 18:32:42,927 - INFO - Communication round 8/20
Communication round 8/20
2026-06-24 18:51:20,473 - INFO - Test Instance Acc: 0.3707, Class Acc: 0.2874, Round time: 1117.5s
Test Instance Acc: 0.3707, Class Acc: 0.2874, Round time: 1117.5s
2026-06-24 18:51:20,489 - INFO - Best Instance 0.3707 / Class 0.2874 (round 8)
Best Instance 0.3707 / Class 0.2874 (round 8)
2026-06-24 18:51:20,821 - INFO - Communication round 9/20
Communication round 9/20
2026-06-24 19:09:57,410 - INFO - Test Instance Acc: 0.3558, Class Acc: 0.2696, Round time: 1116.6s
Test Instance Acc: 0.3558, Class Acc: 0.2696, Round time: 1116.6s
2026-06-24 19:09:57,410 - INFO - Best Instance 0.3707 / Class 0.2874 (round 8)
Best Instance 0.3707 / Class 0.2874 (round 8)
2026-06-24 19:09:57,748 - INFO - Communication round 10/20
Communication round 10/20
2026-06-24 19:28:32,538 - INFO - Test Instance Acc: 0.3967, Class Acc: 0.3421, Round time: 1114.8s
Test Instance Acc: 0.3967, Class Acc: 0.3421, Round time: 1114.8s
2026-06-24 19:28:32,552 - INFO - Best Instance 0.3967 / Class 0.3421 (round 10)
Best Instance 0.3967 / Class 0.3421 (round 10)
2026-06-24 19:28:32,891 - INFO - Communication round 11/20
Communication round 11/20
2026-06-24 19:46:49,572 - INFO - Test Instance Acc: 0.4749, Class Acc: 0.4112, Round time: 1096.7s
Test Instance Acc: 0.4749, Class Acc: 0.4112, Round time: 1096.7s
2026-06-24 19:46:49,587 - INFO - Best Instance 0.4749 / Class 0.4112 (round 11)
Best Instance 0.4749 / Class 0.4112 (round 11)
2026-06-24 19:46:49,909 - INFO - Communication round 12/20
Communication round 12/20
2026-06-24 20:04:56,471 - INFO - Test Instance Acc: 0.4818, Class Acc: 0.3909, Round time: 1086.6s
Test Instance Acc: 0.4818, Class Acc: 0.3909, Round time: 1086.6s
2026-06-24 20:04:56,508 - INFO - Best Instance 0.4818 / Class 0.3909 (round 12)
Best Instance 0.4818 / Class 0.3909 (round 12)
2026-06-24 20:04:56,858 - INFO - Communication round 13/20
Communication round 13/20
2026-06-24 20:23:03,530 - INFO - Test Instance Acc: 0.4522, Class Acc: 0.3854, Round time: 1086.7s
Test Instance Acc: 0.4522, Class Acc: 0.3854, Round time: 1086.7s
2026-06-24 20:23:03,531 - INFO - Best Instance 0.4818 / Class 0.3909 (round 12)
Best Instance 0.4818 / Class 0.3909 (round 12)
2026-06-24 20:23:03,905 - INFO - Communication round 14/20
Communication round 14/20
2026-06-24 20:41:13,872 - INFO - Test Instance Acc: 0.4769, Class Acc: 0.4062, Round time: 1090.0s
Test Instance Acc: 0.4769, Class Acc: 0.4062, Round time: 1090.0s
2026-06-24 20:41:13,875 - INFO - Best Instance 0.4818 / Class 0.3909 (round 12)
Best Instance 0.4818 / Class 0.3909 (round 12)
2026-06-24 20:41:14,224 - INFO - Communication round 15/20
Communication round 15/20
2026-06-24 20:59:20,845 - INFO - Test Instance Acc: 0.4878, Class Acc: 0.4341, Round time: 1086.6s
Test Instance Acc: 0.4878, Class Acc: 0.4341, Round time: 1086.6s
2026-06-24 20:59:20,861 - INFO - Best Instance 0.4878 / Class 0.4341 (round 15)
Best Instance 0.4878 / Class 0.4341 (round 15)
2026-06-24 20:59:21,198 - INFO - Communication round 16/20
Communication round 16/20
2026-06-24 21:17:28,967 - INFO - Test Instance Acc: 0.6009, Class Acc: 0.5473, Round time: 1087.8s
Test Instance Acc: 0.6009, Class Acc: 0.5473, Round time: 1087.8s
2026-06-24 21:17:28,985 - INFO - Best Instance 0.6009 / Class 0.5473 (round 16)
Best Instance 0.6009 / Class 0.5473 (round 16)
2026-06-24 21:17:29,342 - INFO - Communication round 17/20
Communication round 17/20
2026-06-24 21:35:37,109 - INFO - Test Instance Acc: 0.5665, Class Acc: 0.5306, Round time: 1087.8s
Test Instance Acc: 0.5665, Class Acc: 0.5306, Round time: 1087.8s
2026-06-24 21:35:37,113 - INFO - Best Instance 0.6009 / Class 0.5473 (round 16)
Best Instance 0.6009 / Class 0.5473 (round 16)
2026-06-24 21:35:37,460 - INFO - Communication round 18/20
Communication round 18/20
2026-06-24 21:53:44,658 - INFO - Test Instance Acc: 0.6605, Class Acc: 0.6095, Round time: 1087.2s
Test Instance Acc: 0.6605, Class Acc: 0.6095, Round time: 1087.2s
2026-06-24 21:53:44,674 - INFO - Best Instance 0.6605 / Class 0.6095 (round 18)
Best Instance 0.6605 / Class 0.6095 (round 18)
2026-06-24 21:53:45,036 - INFO - Communication round 19/20
Communication round 19/20
2026-06-24 22:11:52,853 - INFO - Test Instance Acc: 0.4980, Class Acc: 0.4597, Round time: 1087.8s
Test Instance Acc: 0.4980, Class Acc: 0.4597, Round time: 1087.8s
2026-06-24 22:11:52,856 - INFO - Best Instance 0.6605 / Class 0.6095 (round 18)
Best Instance 0.6605 / Class 0.6095 (round 18)
2026-06-24 22:11:53,244 - INFO - Communication round 20/20
Communication round 20/20
2026-06-24 22:29:58,483 - INFO - Test Instance Acc: 0.6175, Class Acc: 0.5658, Round time: 1085.2s
Test Instance Acc: 0.6175, Class Acc: 0.5658, Round time: 1085.2s
2026-06-24 22:29:58,487 - INFO - Best Instance 0.6605 / Class 0.6095 (round 18)
Best Instance 0.6605 / Class 0.6095 (round 18)
2026-06-24 22:29:58,861 - INFO - End of training. Best 0.6605 at round 18.
End of training. Best 0.6605 at round 18.
2026-06-24 22:30:15,662 - INFO - Model size: 5.65 MB; Inference: 133.11 ms
Model size: 5.65 MB; Inference: 133.11 ms
