[Wed Jun 24 16:22:03 EDT 2026] task 26 on GPU 0: python flkd/advanced_fl_train_classification.py --model pointnet2_cls_ssg --fl_strategy fedmedian --dataset modelnet40 --seed 7 --batch_size 24 --num_clients 5 --local_epochs 5 --communication_rounds 20 --num_point 1024 --partition label_skew --dirichlet_alpha 0.5 --log_dir fl_pointnet2_cls_ssg_fedmedian_s7  --data_root data --output_root outputs --num_workers -1 --max_runtime_hours 166.0
2026-06-24 16:22:04,750 - INFO - PARAMETER ...
2026-06-24 16:22:04,751 - INFO - {'use_cpu': False, 'no_amp': False, 'gpu': '0', 'num_workers': -1, 'batch_size': 24, 'model': 'pointnet2_cls_ssg', 'num_category': None, 'dataset': 'modelnet40', 'data_root': 'data', 'output_root': 'outputs', 'train_split': 0.8, 'dataset_seed': 0, 'cache_dataset': True, 'min_class_samples': 1, 'epoch': 200, 'learning_rate': 0.001, 'num_point': 1024, 'optimizer': 'Adam', 'log_dir': 'fl_pointnet2_cls_ssg_fedmedian_s7', 'decay_rate': 0.0001, 'use_normals': False, 'process_data': False, 'use_uniform_sample': False, 'resume': True, 'fl_strategy': 'fedmedian', 'num_clients': 5, 'local_epochs': 5, 'communication_rounds': 20, 'iid': False, 'partition': 'label_skew', 'dirichlet_alpha': 0.5, 'seed': 7, 'mu': 0.01, 'alpha': 0.01, 'server_lr': 1.0, 'adaptive_server_lr': 0.05, 'server_momentum': 0.9, 'server_beta1': 0.9, 'server_beta2': 0.999, 'server_eps': 0.001, 'moon_temperature': 0.5, 'moon_mu': 1.0, 'ditto_lambda': 0.1, 'max_runtime_hours': 166.0}
2026-06-24 16:22:04,884 - INFO - Using device: cuda; AMP(bf16)=False; strategy=fedmedian
Using device: cuda; AMP(bf16)=False; strategy=fedmedian
2026-06-24 16:22:04,885 - INFO - Load dataset ...
Load dataset ...
The size of train data is 9843
The size of test data is 2468
2026-06-24 16:22:06,279 - INFO - Splitting 9843 samples across 5 clients (iid=False, partition=label_skew, alpha=0.5)
Splitting 9843 samples across 5 clients (iid=False, partition=label_skew, alpha=0.5)
2026-06-24 16:22:06,286 - INFO - Model payload: 5.65 MB; comm/round ~56.55 MB.
Model payload: 5.65 MB; comm/round ~56.55 MB.
2026-06-24 16:22:06,286 - INFO - Start federated training...
Start federated training...
2026-06-24 16:22:06,286 - INFO - Communication round 1/20
Communication round 1/20
2026-06-24 16:31:44,301 - INFO - Test Instance Acc: 0.0081, Class Acc: 0.0250, Round time: 578.0s
Test Instance Acc: 0.0081, Class Acc: 0.0250, Round time: 578.0s
2026-06-24 16:31:44,322 - INFO - Best Instance 0.0081 / Class 0.0250 (round 1)
Best Instance 0.0081 / Class 0.0250 (round 1)
2026-06-24 16:31:44,507 - INFO - Communication round 2/20
Communication round 2/20
2026-06-24 16:41:18,400 - INFO - Test Instance Acc: 0.0081, Class Acc: 0.0250, Round time: 573.9s
Test Instance Acc: 0.0081, Class Acc: 0.0250, Round time: 573.9s
2026-06-24 16:41:18,401 - INFO - Best Instance 0.0081 / Class 0.0250 (round 1)
Best Instance 0.0081 / Class 0.0250 (round 1)
2026-06-24 16:41:18,591 - INFO - Communication round 3/20
Communication round 3/20
2026-06-24 16:50:53,901 - INFO - Test Instance Acc: 0.0989, Class Acc: 0.0790, Round time: 575.3s
Test Instance Acc: 0.0989, Class Acc: 0.0790, Round time: 575.3s
2026-06-24 16:50:53,916 - INFO - Best Instance 0.0989 / Class 0.0790 (round 3)
Best Instance 0.0989 / Class 0.0790 (round 3)
2026-06-24 16:50:54,115 - INFO - Communication round 4/20
Communication round 4/20
2026-06-24 17:00:24,515 - INFO - Test Instance Acc: 0.0494, Class Acc: 0.0505, Round time: 570.4s
Test Instance Acc: 0.0494, Class Acc: 0.0505, Round time: 570.4s
2026-06-24 17:00:24,516 - INFO - Best Instance 0.0989 / Class 0.0790 (round 3)
Best Instance 0.0989 / Class 0.0790 (round 3)
2026-06-24 17:00:24,737 - INFO - Communication round 5/20
Communication round 5/20
2026-06-24 17:09:54,955 - INFO - Test Instance Acc: 0.2281, Class Acc: 0.1769, Round time: 570.2s
Test Instance Acc: 0.2281, Class Acc: 0.1769, Round time: 570.2s
2026-06-24 17:09:54,971 - INFO - Best Instance 0.2281 / Class 0.1769 (round 5)
Best Instance 0.2281 / Class 0.1769 (round 5)
2026-06-24 17:09:55,159 - INFO - Communication round 6/20
Communication round 6/20
2026-06-24 17:19:26,636 - INFO - Test Instance Acc: 0.1187, Class Acc: 0.0962, Round time: 571.5s
Test Instance Acc: 0.1187, Class Acc: 0.0962, Round time: 571.5s
2026-06-24 17:19:26,637 - INFO - Best Instance 0.2281 / Class 0.1769 (round 5)
Best Instance 0.2281 / Class 0.1769 (round 5)
2026-06-24 17:19:26,831 - INFO - Communication round 7/20
Communication round 7/20
2026-06-24 17:28:55,089 - INFO - Test Instance Acc: 0.1657, Class Acc: 0.1424, Round time: 568.3s
Test Instance Acc: 0.1657, Class Acc: 0.1424, Round time: 568.3s
2026-06-24 17:28:55,090 - INFO - Best Instance 0.2281 / Class 0.1769 (round 5)
Best Instance 0.2281 / Class 0.1769 (round 5)
2026-06-24 17:28:55,280 - INFO - Communication round 8/20
Communication round 8/20
2026-06-24 17:38:27,151 - INFO - Test Instance Acc: 0.1856, Class Acc: 0.1756, Round time: 571.9s
Test Instance Acc: 0.1856, Class Acc: 0.1756, Round time: 571.9s
2026-06-24 17:38:27,152 - INFO - Best Instance 0.2281 / Class 0.1769 (round 5)
Best Instance 0.2281 / Class 0.1769 (round 5)
2026-06-24 17:38:27,345 - INFO - Communication round 9/20
Communication round 9/20
2026-06-24 17:47:58,345 - INFO - Test Instance Acc: 0.1515, Class Acc: 0.1366, Round time: 571.0s
Test Instance Acc: 0.1515, Class Acc: 0.1366, Round time: 571.0s
2026-06-24 17:47:58,345 - INFO - Best Instance 0.2281 / Class 0.1769 (round 5)
Best Instance 0.2281 / Class 0.1769 (round 5)
2026-06-24 17:47:58,532 - INFO - Communication round 10/20
Communication round 10/20
2026-06-24 17:57:29,918 - INFO - Test Instance Acc: 0.3444, Class Acc: 0.3069, Round time: 571.4s
Test Instance Acc: 0.3444, Class Acc: 0.3069, Round time: 571.4s
2026-06-24 17:57:29,934 - INFO - Best Instance 0.3444 / Class 0.3069 (round 10)
Best Instance 0.3444 / Class 0.3069 (round 10)
2026-06-24 17:57:30,117 - INFO - Communication round 11/20
Communication round 11/20
2026-06-24 18:06:58,671 - INFO - Test Instance Acc: 0.3306, Class Acc: 0.3108, Round time: 568.6s
Test Instance Acc: 0.3306, Class Acc: 0.3108, Round time: 568.6s
2026-06-24 18:06:58,671 - INFO - Best Instance 0.3444 / Class 0.3069 (round 10)
Best Instance 0.3444 / Class 0.3069 (round 10)
2026-06-24 18:06:58,857 - INFO - Communication round 12/20
Communication round 12/20
2026-06-24 18:16:25,987 - INFO - Test Instance Acc: 0.3716, Class Acc: 0.3074, Round time: 567.1s
Test Instance Acc: 0.3716, Class Acc: 0.3074, Round time: 567.1s
2026-06-24 18:16:26,004 - INFO - Best Instance 0.3716 / Class 0.3074 (round 12)
Best Instance 0.3716 / Class 0.3074 (round 12)
2026-06-24 18:16:26,195 - INFO - Communication round 13/20
Communication round 13/20
2026-06-24 18:25:54,467 - INFO - Test Instance Acc: 0.2816, Class Acc: 0.2993, Round time: 568.3s
Test Instance Acc: 0.2816, Class Acc: 0.2993, Round time: 568.3s
2026-06-24 18:25:54,468 - INFO - Best Instance 0.3716 / Class 0.3074 (round 12)
Best Instance 0.3716 / Class 0.3074 (round 12)
2026-06-24 18:25:54,659 - INFO - Communication round 14/20
Communication round 14/20
2026-06-24 18:35:22,358 - INFO - Test Instance Acc: 0.4404, Class Acc: 0.3982, Round time: 567.7s
Test Instance Acc: 0.4404, Class Acc: 0.3982, Round time: 567.7s
2026-06-24 18:35:22,373 - INFO - Best Instance 0.4404 / Class 0.3982 (round 14)
Best Instance 0.4404 / Class 0.3982 (round 14)
2026-06-24 18:35:22,557 - INFO - Communication round 15/20
Communication round 15/20
2026-06-24 18:44:50,198 - INFO - Test Instance Acc: 0.2135, Class Acc: 0.1999, Round time: 567.6s
Test Instance Acc: 0.2135, Class Acc: 0.1999, Round time: 567.6s
2026-06-24 18:44:50,198 - INFO - Best Instance 0.4404 / Class 0.3982 (round 14)
Best Instance 0.4404 / Class 0.3982 (round 14)
2026-06-24 18:44:50,413 - INFO - Communication round 16/20
Communication round 16/20
2026-06-24 18:54:19,100 - INFO - Test Instance Acc: 0.3440, Class Acc: 0.3422, Round time: 568.7s
Test Instance Acc: 0.3440, Class Acc: 0.3422, Round time: 568.7s
2026-06-24 18:54:19,100 - INFO - Best Instance 0.4404 / Class 0.3982 (round 14)
Best Instance 0.4404 / Class 0.3982 (round 14)
2026-06-24 18:54:19,292 - INFO - Communication round 17/20
Communication round 17/20
2026-06-24 19:03:46,427 - INFO - Test Instance Acc: 0.1621, Class Acc: 0.1556, Round time: 567.1s
Test Instance Acc: 0.1621, Class Acc: 0.1556, Round time: 567.1s
2026-06-24 19:03:46,444 - INFO - Best Instance 0.4404 / Class 0.3982 (round 14)
Best Instance 0.4404 / Class 0.3982 (round 14)
2026-06-24 19:03:46,625 - INFO - Communication round 18/20
Communication round 18/20
2026-06-24 19:13:13,609 - INFO - Test Instance Acc: 0.3602, Class Acc: 0.3785, Round time: 567.0s
Test Instance Acc: 0.3602, Class Acc: 0.3785, Round time: 567.0s
2026-06-24 19:13:13,623 - INFO - Best Instance 0.4404 / Class 0.3982 (round 14)
Best Instance 0.4404 / Class 0.3982 (round 14)
2026-06-24 19:13:13,813 - INFO - Communication round 19/20
Communication round 19/20
2026-06-24 19:22:42,485 - INFO - Test Instance Acc: 0.3254, Class Acc: 0.2887, Round time: 568.7s
Test Instance Acc: 0.3254, Class Acc: 0.2887, Round time: 568.7s
2026-06-24 19:22:42,485 - INFO - Best Instance 0.4404 / Class 0.3982 (round 14)
Best Instance 0.4404 / Class 0.3982 (round 14)
2026-06-24 19:22:42,678 - INFO - Communication round 20/20
Communication round 20/20
2026-06-24 19:31:50,053 - INFO - Test Instance Acc: 0.3886, Class Acc: 0.3747, Round time: 547.4s
Test Instance Acc: 0.3886, Class Acc: 0.3747, Round time: 547.4s
2026-06-24 19:31:50,053 - INFO - Best Instance 0.4404 / Class 0.3982 (round 14)
Best Instance 0.4404 / Class 0.3982 (round 14)
2026-06-24 19:31:50,245 - INFO - End of training. Best 0.4404 at round 14.
End of training. Best 0.4404 at round 14.
2026-06-24 19:32:06,062 - INFO - Model size: 5.65 MB; Inference: 126.29 ms
Model size: 5.65 MB; Inference: 126.29 ms
