[Wed Jun 24 16:22:03 EDT 2026] task 35 on GPU 0: python flkd/advanced_fl_train_classification.py --model pointnet2_cls_ssg --fl_strategy ditto --dataset modelnet40 --seed 7 --batch_size 24 --num_clients 5 --local_epochs 5 --communication_rounds 20 --num_point 1024 --partition label_skew --dirichlet_alpha 0.5 --log_dir fl_pointnet2_cls_ssg_ditto_s7 --ditto_lambda 0.1 --data_root data --output_root outputs --num_workers -1 --max_runtime_hours 166.0
2026-06-24 16:22:04,937 - INFO - PARAMETER ...
2026-06-24 16:22:04,937 - INFO - {'use_cpu': False, 'no_amp': False, 'gpu': '0', 'num_workers': -1, 'batch_size': 24, 'model': 'pointnet2_cls_ssg', 'num_category': None, 'dataset': 'modelnet40', 'data_root': 'data', 'output_root': 'outputs', 'train_split': 0.8, 'dataset_seed': 0, 'cache_dataset': True, 'min_class_samples': 1, 'epoch': 200, 'learning_rate': 0.001, 'num_point': 1024, 'optimizer': 'Adam', 'log_dir': 'fl_pointnet2_cls_ssg_ditto_s7', 'decay_rate': 0.0001, 'use_normals': False, 'process_data': False, 'use_uniform_sample': False, 'resume': True, 'fl_strategy': 'ditto', 'num_clients': 5, 'local_epochs': 5, 'communication_rounds': 20, 'iid': False, 'partition': 'label_skew', 'dirichlet_alpha': 0.5, 'seed': 7, 'mu': 0.01, 'alpha': 0.01, 'server_lr': 1.0, 'adaptive_server_lr': 0.05, 'server_momentum': 0.9, 'server_beta1': 0.9, 'server_beta2': 0.999, 'server_eps': 0.001, 'moon_temperature': 0.5, 'moon_mu': 1.0, 'ditto_lambda': 0.1, 'max_runtime_hours': 166.0}
2026-06-24 16:22:04,941 - INFO - Using device: cuda; AMP(bf16)=False; strategy=ditto
Using device: cuda; AMP(bf16)=False; strategy=ditto
2026-06-24 16:22:04,941 - INFO - Load dataset ...
Load dataset ...
The size of train data is 9843
The size of test data is 2468
2026-06-24 16:22:06,340 - INFO - Splitting 9843 samples across 5 clients (iid=False, partition=label_skew, alpha=0.5)
Splitting 9843 samples across 5 clients (iid=False, partition=label_skew, alpha=0.5)
2026-06-24 16:22:06,425 - INFO - Model payload: 5.65 MB; comm/round ~56.55 MB.
Model payload: 5.65 MB; comm/round ~56.55 MB.
2026-06-24 16:22:06,426 - INFO - Start federated training...
Start federated training...
2026-06-24 16:22:06,426 - INFO - Communication round 1/20
Communication round 1/20
2026-06-24 16:40:58,350 - INFO - Test Instance Acc: 0.0081, Class Acc: 0.0250, Round time: 1131.9s
Test Instance Acc: 0.0081, Class Acc: 0.0250, Round time: 1131.9s
2026-06-24 16:40:58,370 - INFO - Best Instance 0.0081 / Class 0.0250 (round 1)
Best Instance 0.0081 / Class 0.0250 (round 1)
2026-06-24 16:40:58,709 - INFO - Communication round 2/20
Communication round 2/20
2026-06-24 16:59:47,281 - INFO - Test Instance Acc: 0.0081, Class Acc: 0.0250, Round time: 1128.6s
Test Instance Acc: 0.0081, Class Acc: 0.0250, Round time: 1128.6s
2026-06-24 16:59:47,282 - INFO - Best Instance 0.0081 / Class 0.0250 (round 1)
Best Instance 0.0081 / Class 0.0250 (round 1)
2026-06-24 16:59:47,639 - INFO - Communication round 3/20
Communication round 3/20
2026-06-24 17:18:39,488 - INFO - Test Instance Acc: 0.0462, Class Acc: 0.0475, Round time: 1131.8s
Test Instance Acc: 0.0462, Class Acc: 0.0475, Round time: 1131.8s
2026-06-24 17:18:39,503 - INFO - Best Instance 0.0462 / Class 0.0475 (round 3)
Best Instance 0.0462 / Class 0.0475 (round 3)
2026-06-24 17:18:39,842 - INFO - Communication round 4/20
Communication round 4/20
2026-06-24 17:37:31,249 - INFO - Test Instance Acc: 0.1248, Class Acc: 0.0996, Round time: 1131.4s
Test Instance Acc: 0.1248, Class Acc: 0.0996, Round time: 1131.4s
2026-06-24 17:37:31,265 - INFO - Best Instance 0.1248 / Class 0.0996 (round 4)
Best Instance 0.1248 / Class 0.0996 (round 4)
2026-06-24 17:37:31,605 - INFO - Communication round 5/20
Communication round 5/20
2026-06-24 17:56:20,592 - INFO - Test Instance Acc: 0.2046, Class Acc: 0.1516, Round time: 1129.0s
Test Instance Acc: 0.2046, Class Acc: 0.1516, Round time: 1129.0s
2026-06-24 17:56:20,607 - INFO - Best Instance 0.2046 / Class 0.1516 (round 5)
Best Instance 0.2046 / Class 0.1516 (round 5)
2026-06-24 17:56:20,952 - INFO - Communication round 6/20
Communication round 6/20
2026-06-24 18:15:09,851 - INFO - Test Instance Acc: 0.2224, Class Acc: 0.1675, Round time: 1128.9s
Test Instance Acc: 0.2224, Class Acc: 0.1675, Round time: 1128.9s
2026-06-24 18:15:09,866 - INFO - Best Instance 0.2224 / Class 0.1675 (round 6)
Best Instance 0.2224 / Class 0.1675 (round 6)
2026-06-24 18:15:10,211 - INFO - Communication round 7/20
Communication round 7/20
2026-06-24 18:33:56,118 - INFO - Test Instance Acc: 0.3764, Class Acc: 0.2865, Round time: 1125.9s
Test Instance Acc: 0.3764, Class Acc: 0.2865, Round time: 1125.9s
2026-06-24 18:33:56,132 - INFO - Best Instance 0.3764 / Class 0.2865 (round 7)
Best Instance 0.3764 / Class 0.2865 (round 7)
2026-06-24 18:33:56,506 - INFO - Communication round 8/20
Communication round 8/20
2026-06-24 18:52:42,239 - INFO - Test Instance Acc: 0.3302, Class Acc: 0.2658, Round time: 1125.7s
Test Instance Acc: 0.3302, Class Acc: 0.2658, Round time: 1125.7s
2026-06-24 18:52:42,240 - INFO - Best Instance 0.3764 / Class 0.2865 (round 7)
Best Instance 0.3764 / Class 0.2865 (round 7)
2026-06-24 18:52:42,579 - INFO - Communication round 9/20
Communication round 9/20
2026-06-24 19:11:32,844 - INFO - Test Instance Acc: 0.3614, Class Acc: 0.2909, Round time: 1130.3s
Test Instance Acc: 0.3614, Class Acc: 0.2909, Round time: 1130.3s
2026-06-24 19:11:32,845 - INFO - Best Instance 0.3764 / Class 0.2865 (round 7)
Best Instance 0.3764 / Class 0.2865 (round 7)
2026-06-24 19:11:33,174 - INFO - Communication round 10/20
Communication round 10/20
2026-06-24 19:30:18,764 - INFO - Test Instance Acc: 0.3602, Class Acc: 0.3123, Round time: 1125.6s
Test Instance Acc: 0.3602, Class Acc: 0.3123, Round time: 1125.6s
2026-06-24 19:30:18,764 - INFO - Best Instance 0.3764 / Class 0.2865 (round 7)
Best Instance 0.3764 / Class 0.2865 (round 7)
2026-06-24 19:30:19,086 - INFO - Communication round 11/20
Communication round 11/20
2026-06-24 19:48:44,086 - INFO - Test Instance Acc: 0.4801, Class Acc: 0.3981, Round time: 1105.0s
Test Instance Acc: 0.4801, Class Acc: 0.3981, Round time: 1105.0s
2026-06-24 19:48:44,102 - INFO - Best Instance 0.4801 / Class 0.3981 (round 11)
Best Instance 0.4801 / Class 0.3981 (round 11)
2026-06-24 19:48:44,443 - INFO - Communication round 12/20
Communication round 12/20
2026-06-24 20:07:02,104 - INFO - Test Instance Acc: 0.4421, Class Acc: 0.4007, Round time: 1097.7s
Test Instance Acc: 0.4421, Class Acc: 0.4007, Round time: 1097.7s
2026-06-24 20:07:02,128 - INFO - Best Instance 0.4801 / Class 0.3981 (round 11)
Best Instance 0.4801 / Class 0.3981 (round 11)
2026-06-24 20:07:02,463 - INFO - Communication round 13/20
Communication round 13/20
2026-06-24 20:25:24,290 - INFO - Test Instance Acc: 0.5081, Class Acc: 0.4417, Round time: 1101.8s
Test Instance Acc: 0.5081, Class Acc: 0.4417, Round time: 1101.8s
2026-06-24 20:25:24,306 - INFO - Best Instance 0.5081 / Class 0.4417 (round 13)
Best Instance 0.5081 / Class 0.4417 (round 13)
2026-06-24 20:25:24,663 - INFO - Communication round 14/20
Communication round 14/20
2026-06-24 20:43:42,873 - INFO - Test Instance Acc: 0.4457, Class Acc: 0.3968, Round time: 1098.2s
Test Instance Acc: 0.4457, Class Acc: 0.3968, Round time: 1098.2s
2026-06-24 20:43:42,875 - INFO - Best Instance 0.5081 / Class 0.4417 (round 13)
Best Instance 0.5081 / Class 0.4417 (round 13)
2026-06-24 20:43:43,213 - INFO - Communication round 15/20
Communication round 15/20
2026-06-24 21:02:02,138 - INFO - Test Instance Acc: 0.5231, Class Acc: 0.4664, Round time: 1098.9s
Test Instance Acc: 0.5231, Class Acc: 0.4664, Round time: 1098.9s
2026-06-24 21:02:02,151 - INFO - Best Instance 0.5231 / Class 0.4664 (round 15)
Best Instance 0.5231 / Class 0.4664 (round 15)
2026-06-24 21:02:02,488 - INFO - Communication round 16/20
Communication round 16/20
2026-06-24 21:20:20,845 - INFO - Test Instance Acc: 0.4955, Class Acc: 0.4583, Round time: 1098.4s
Test Instance Acc: 0.4955, Class Acc: 0.4583, Round time: 1098.4s
2026-06-24 21:20:20,845 - INFO - Best Instance 0.5231 / Class 0.4664 (round 15)
Best Instance 0.5231 / Class 0.4664 (round 15)
2026-06-24 21:20:21,180 - INFO - Communication round 17/20
Communication round 17/20
2026-06-24 21:38:36,861 - INFO - Test Instance Acc: 0.5357, Class Acc: 0.5055, Round time: 1095.7s
Test Instance Acc: 0.5357, Class Acc: 0.5055, Round time: 1095.7s
2026-06-24 21:38:36,896 - INFO - Best Instance 0.5357 / Class 0.5055 (round 17)
Best Instance 0.5357 / Class 0.5055 (round 17)
2026-06-24 21:38:37,240 - INFO - Communication round 18/20
Communication round 18/20
2026-06-24 21:56:55,281 - INFO - Test Instance Acc: 0.5636, Class Acc: 0.5040, Round time: 1098.0s
Test Instance Acc: 0.5636, Class Acc: 0.5040, Round time: 1098.0s
2026-06-24 21:56:55,298 - INFO - Best Instance 0.5636 / Class 0.5040 (round 18)
Best Instance 0.5636 / Class 0.5040 (round 18)
2026-06-24 21:56:55,644 - INFO - Communication round 19/20
Communication round 19/20
2026-06-24 22:15:14,739 - INFO - Test Instance Acc: 0.5964, Class Acc: 0.5371, Round time: 1099.1s
Test Instance Acc: 0.5964, Class Acc: 0.5371, Round time: 1099.1s
2026-06-24 22:15:14,758 - INFO - Best Instance 0.5964 / Class 0.5371 (round 19)
Best Instance 0.5964 / Class 0.5371 (round 19)
2026-06-24 22:15:15,123 - INFO - Communication round 20/20
Communication round 20/20
2026-06-24 22:33:10,799 - INFO - Test Instance Acc: 0.5300, Class Acc: 0.4730, Round time: 1075.7s
Test Instance Acc: 0.5300, Class Acc: 0.4730, Round time: 1075.7s
2026-06-24 22:33:10,799 - INFO - Best Instance 0.5964 / Class 0.5371 (round 19)
Best Instance 0.5964 / Class 0.5371 (round 19)
2026-06-24 22:33:11,153 - INFO - End of training. Best 0.5964 at round 19.
End of training. Best 0.5964 at round 19.
2026-06-24 22:33:26,478 - INFO - Model size: 5.65 MB; Inference: 123.62 ms
Model size: 5.65 MB; Inference: 123.62 ms
