[Wed Jun 24 16:22:03 EDT 2026] task 13 on GPU 0: python flkd/advanced_fl_train_classification.py --model pointnet2_cls_ssg --fl_strategy fedavgm --dataset modelnet40 --seed 42 --batch_size 24 --num_clients 5 --local_epochs 5 --communication_rounds 20 --num_point 1024 --partition label_skew --dirichlet_alpha 0.5 --log_dir fl_pointnet2_cls_ssg_fedavgm_s42 --server_lr 1.0 --server_momentum 0.9 --data_root data --output_root outputs --num_workers -1 --max_runtime_hours 166.0
2026-06-24 16:22:04,683 - INFO - PARAMETER ...
2026-06-24 16:22:04,684 - INFO - {'use_cpu': False, 'no_amp': False, 'gpu': '0', 'num_workers': -1, 'batch_size': 24, 'model': 'pointnet2_cls_ssg', 'num_category': None, 'dataset': 'modelnet40', 'data_root': 'data', 'output_root': 'outputs', 'train_split': 0.8, 'dataset_seed': 0, 'cache_dataset': True, 'min_class_samples': 1, 'epoch': 200, 'learning_rate': 0.001, 'num_point': 1024, 'optimizer': 'Adam', 'log_dir': 'fl_pointnet2_cls_ssg_fedavgm_s42', 'decay_rate': 0.0001, 'use_normals': False, 'process_data': False, 'use_uniform_sample': False, 'resume': True, 'fl_strategy': 'fedavgm', 'num_clients': 5, 'local_epochs': 5, 'communication_rounds': 20, 'iid': False, 'partition': 'label_skew', 'dirichlet_alpha': 0.5, 'seed': 42, 'mu': 0.01, 'alpha': 0.01, 'server_lr': 1.0, 'adaptive_server_lr': 0.05, 'server_momentum': 0.9, 'server_beta1': 0.9, 'server_beta2': 0.999, 'server_eps': 0.001, 'moon_temperature': 0.5, 'moon_mu': 1.0, 'ditto_lambda': 0.1, 'max_runtime_hours': 166.0}
2026-06-24 16:22:04,827 - INFO - Using device: cuda; AMP(bf16)=False; strategy=fedavgm
Using device: cuda; AMP(bf16)=False; strategy=fedavgm
2026-06-24 16:22:04,827 - INFO - Load dataset ...
Load dataset ...
The size of train data is 9843
The size of test data is 2468
2026-06-24 16:22:06,204 - INFO - Splitting 9843 samples across 5 clients (iid=False, partition=label_skew, alpha=0.5)
Splitting 9843 samples across 5 clients (iid=False, partition=label_skew, alpha=0.5)
2026-06-24 16:22:06,212 - INFO - Model payload: 5.65 MB; comm/round ~56.55 MB.
Model payload: 5.65 MB; comm/round ~56.55 MB.
2026-06-24 16:22:06,212 - INFO - Start federated training...
Start federated training...
2026-06-24 16:22:06,212 - INFO - Communication round 1/20
Communication round 1/20
2026-06-24 16:30:36,957 - INFO - Test Instance Acc: 0.0081, Class Acc: 0.0250, Round time: 510.7s
Test Instance Acc: 0.0081, Class Acc: 0.0250, Round time: 510.7s
2026-06-24 16:30:36,980 - INFO - Best Instance 0.0081 / Class 0.0250 (round 1)
Best Instance 0.0081 / Class 0.0250 (round 1)
2026-06-24 16:30:37,162 - INFO - Communication round 2/20
Communication round 2/20
2026-06-24 16:39:03,684 - INFO - Test Instance Acc: 0.0405, Class Acc: 0.0250, Round time: 506.5s
Test Instance Acc: 0.0405, Class Acc: 0.0250, Round time: 506.5s
2026-06-24 16:39:03,699 - INFO - Best Instance 0.0405 / Class 0.0250 (round 2)
Best Instance 0.0405 / Class 0.0250 (round 2)
2026-06-24 16:39:03,886 - INFO - Communication round 3/20
Communication round 3/20
2026-06-24 16:47:31,886 - INFO - Test Instance Acc: 0.0405, Class Acc: 0.0250, Round time: 508.0s
Test Instance Acc: 0.0405, Class Acc: 0.0250, Round time: 508.0s
2026-06-24 16:47:31,887 - INFO - Best Instance 0.0405 / Class 0.0250 (round 2)
Best Instance 0.0405 / Class 0.0250 (round 2)
2026-06-24 16:47:32,098 - INFO - Communication round 4/20
Communication round 4/20
2026-06-24 16:55:59,962 - INFO - Test Instance Acc: 0.0081, Class Acc: 0.0250, Round time: 507.9s
Test Instance Acc: 0.0081, Class Acc: 0.0250, Round time: 507.9s
2026-06-24 16:55:59,962 - INFO - Best Instance 0.0405 / Class 0.0250 (round 2)
Best Instance 0.0405 / Class 0.0250 (round 2)
2026-06-24 16:56:00,142 - INFO - Communication round 5/20
Communication round 5/20
2026-06-24 17:04:27,505 - INFO - Test Instance Acc: 0.0405, Class Acc: 0.0250, Round time: 507.4s
Test Instance Acc: 0.0405, Class Acc: 0.0250, Round time: 507.4s
2026-06-24 17:04:27,505 - INFO - Best Instance 0.0405 / Class 0.0250 (round 2)
Best Instance 0.0405 / Class 0.0250 (round 2)
2026-06-24 17:04:27,688 - INFO - Communication round 6/20
Communication round 6/20
2026-06-24 17:12:56,482 - INFO - Test Instance Acc: 0.0405, Class Acc: 0.0250, Round time: 508.8s
Test Instance Acc: 0.0405, Class Acc: 0.0250, Round time: 508.8s
2026-06-24 17:12:56,483 - INFO - Best Instance 0.0405 / Class 0.0250 (round 2)
Best Instance 0.0405 / Class 0.0250 (round 2)
2026-06-24 17:12:56,666 - INFO - Communication round 7/20
Communication round 7/20
2026-06-24 17:21:23,289 - INFO - Test Instance Acc: 0.0405, Class Acc: 0.0250, Round time: 506.6s
Test Instance Acc: 0.0405, Class Acc: 0.0250, Round time: 506.6s
2026-06-24 17:21:23,289 - INFO - Best Instance 0.0405 / Class 0.0250 (round 2)
Best Instance 0.0405 / Class 0.0250 (round 2)
2026-06-24 17:21:23,481 - INFO - Communication round 8/20
Communication round 8/20
2026-06-24 17:29:49,820 - INFO - Test Instance Acc: 0.0405, Class Acc: 0.0250, Round time: 506.3s
Test Instance Acc: 0.0405, Class Acc: 0.0250, Round time: 506.3s
2026-06-24 17:29:49,821 - INFO - Best Instance 0.0405 / Class 0.0250 (round 2)
Best Instance 0.0405 / Class 0.0250 (round 2)
2026-06-24 17:29:50,005 - INFO - Communication round 9/20
Communication round 9/20
2026-06-24 17:38:19,086 - INFO - Test Instance Acc: 0.0405, Class Acc: 0.0250, Round time: 509.1s
Test Instance Acc: 0.0405, Class Acc: 0.0250, Round time: 509.1s
2026-06-24 17:38:19,087 - INFO - Best Instance 0.0405 / Class 0.0250 (round 2)
Best Instance 0.0405 / Class 0.0250 (round 2)
2026-06-24 17:38:19,270 - INFO - Communication round 10/20
Communication round 10/20
2026-06-24 17:46:45,125 - INFO - Test Instance Acc: 0.0405, Class Acc: 0.0250, Round time: 505.9s
Test Instance Acc: 0.0405, Class Acc: 0.0250, Round time: 505.9s
2026-06-24 17:46:45,126 - INFO - Best Instance 0.0405 / Class 0.0250 (round 2)
Best Instance 0.0405 / Class 0.0250 (round 2)
2026-06-24 17:46:45,303 - INFO - Communication round 11/20
Communication round 11/20
2026-06-24 17:55:10,832 - INFO - Test Instance Acc: 0.0405, Class Acc: 0.0250, Round time: 505.5s
Test Instance Acc: 0.0405, Class Acc: 0.0250, Round time: 505.5s
2026-06-24 17:55:10,833 - INFO - Best Instance 0.0405 / Class 0.0250 (round 2)
Best Instance 0.0405 / Class 0.0250 (round 2)
2026-06-24 17:55:11,017 - INFO - Communication round 12/20
Communication round 12/20
2026-06-24 18:03:35,968 - INFO - Test Instance Acc: 0.0405, Class Acc: 0.0250, Round time: 505.0s
Test Instance Acc: 0.0405, Class Acc: 0.0250, Round time: 505.0s
2026-06-24 18:03:35,969 - INFO - Best Instance 0.0405 / Class 0.0250 (round 2)
Best Instance 0.0405 / Class 0.0250 (round 2)
2026-06-24 18:03:36,153 - INFO - Communication round 13/20
Communication round 13/20
2026-06-24 18:12:01,333 - INFO - Test Instance Acc: 0.0405, Class Acc: 0.0250, Round time: 505.2s
Test Instance Acc: 0.0405, Class Acc: 0.0250, Round time: 505.2s
2026-06-24 18:12:01,334 - INFO - Best Instance 0.0405 / Class 0.0250 (round 2)
Best Instance 0.0405 / Class 0.0250 (round 2)
2026-06-24 18:12:01,526 - INFO - Communication round 14/20
Communication round 14/20
2026-06-24 18:20:25,550 - INFO - Test Instance Acc: 0.0405, Class Acc: 0.0250, Round time: 504.0s
Test Instance Acc: 0.0405, Class Acc: 0.0250, Round time: 504.0s
2026-06-24 18:20:25,551 - INFO - Best Instance 0.0405 / Class 0.0250 (round 2)
Best Instance 0.0405 / Class 0.0250 (round 2)
2026-06-24 18:20:25,733 - INFO - Communication round 15/20
Communication round 15/20
2026-06-24 18:28:50,153 - INFO - Test Instance Acc: 0.0405, Class Acc: 0.0250, Round time: 504.4s
Test Instance Acc: 0.0405, Class Acc: 0.0250, Round time: 504.4s
2026-06-24 18:28:50,154 - INFO - Best Instance 0.0405 / Class 0.0250 (round 2)
Best Instance 0.0405 / Class 0.0250 (round 2)
2026-06-24 18:28:50,329 - INFO - Communication round 16/20
Communication round 16/20
2026-06-24 18:37:14,850 - INFO - Test Instance Acc: 0.0405, Class Acc: 0.0250, Round time: 504.5s
Test Instance Acc: 0.0405, Class Acc: 0.0250, Round time: 504.5s
2026-06-24 18:37:14,852 - INFO - Best Instance 0.0405 / Class 0.0250 (round 2)
Best Instance 0.0405 / Class 0.0250 (round 2)
2026-06-24 18:37:15,026 - INFO - Communication round 17/20
Communication round 17/20
2026-06-24 18:45:39,439 - INFO - Test Instance Acc: 0.0405, Class Acc: 0.0250, Round time: 504.4s
Test Instance Acc: 0.0405, Class Acc: 0.0250, Round time: 504.4s
2026-06-24 18:45:39,449 - INFO - Best Instance 0.0405 / Class 0.0250 (round 2)
Best Instance 0.0405 / Class 0.0250 (round 2)
2026-06-24 18:45:39,631 - INFO - Communication round 18/20
Communication round 18/20
2026-06-24 18:54:03,324 - INFO - Test Instance Acc: 0.0405, Class Acc: 0.0250, Round time: 503.7s
Test Instance Acc: 0.0405, Class Acc: 0.0250, Round time: 503.7s
2026-06-24 18:54:03,324 - INFO - Best Instance 0.0405 / Class 0.0250 (round 2)
Best Instance 0.0405 / Class 0.0250 (round 2)
2026-06-24 18:54:03,512 - INFO - Communication round 19/20
Communication round 19/20
2026-06-24 19:02:27,181 - INFO - Test Instance Acc: 0.0405, Class Acc: 0.0250, Round time: 503.7s
Test Instance Acc: 0.0405, Class Acc: 0.0250, Round time: 503.7s
2026-06-24 19:02:27,181 - INFO - Best Instance 0.0405 / Class 0.0250 (round 2)
Best Instance 0.0405 / Class 0.0250 (round 2)
2026-06-24 19:02:27,362 - INFO - Communication round 20/20
Communication round 20/20
2026-06-24 19:10:48,794 - INFO - Test Instance Acc: 0.0405, Class Acc: 0.0250, Round time: 501.4s
Test Instance Acc: 0.0405, Class Acc: 0.0250, Round time: 501.4s
2026-06-24 19:10:48,794 - INFO - Best Instance 0.0405 / Class 0.0250 (round 2)
Best Instance 0.0405 / Class 0.0250 (round 2)
2026-06-24 19:10:48,983 - INFO - End of training. Best 0.0405 at round 2.
End of training. Best 0.0405 at round 2.
2026-06-24 19:11:04,675 - INFO - Model size: 5.65 MB; Inference: 125.95 ms
Model size: 5.65 MB; Inference: 125.95 ms
