[Wed Jun 24 16:22:25 EDT 2026] task 8 on GPU 0: python flkd/advanced_fl_train_classification.py --model pointnet2_cls_ssg --fl_strategy scaffold --dataset craniosynostosis --seed 7 --batch_size 24 --num_clients 5 --local_epochs 5 --communication_rounds 20 --num_point 1024 --partition label_skew --dirichlet_alpha 0.5 --log_dir fl_pointnet2_cls_ssg_scaffold_s7  --data_root data --output_root outputs --num_workers -1 --max_runtime_hours 166.0
2026-06-24 16:22:26,394 - INFO - PARAMETER ...
2026-06-24 16:22:26,395 - INFO - {'use_cpu': False, 'no_amp': False, 'gpu': '0', 'num_workers': -1, 'batch_size': 24, 'model': 'pointnet2_cls_ssg', 'num_category': None, 'dataset': 'craniosynostosis', 'data_root': 'data', 'output_root': 'outputs', 'train_split': 0.8, 'dataset_seed': 0, 'cache_dataset': True, 'min_class_samples': 1, 'epoch': 200, 'learning_rate': 0.001, 'num_point': 1024, 'optimizer': 'Adam', 'log_dir': 'fl_pointnet2_cls_ssg_scaffold_s7', 'decay_rate': 0.0001, 'use_normals': False, 'process_data': False, 'use_uniform_sample': False, 'resume': True, 'fl_strategy': 'scaffold', 'num_clients': 5, 'local_epochs': 5, 'communication_rounds': 20, 'iid': False, 'partition': 'label_skew', 'dirichlet_alpha': 0.5, 'seed': 7, 'mu': 0.01, 'alpha': 0.01, 'server_lr': 1.0, 'adaptive_server_lr': 0.05, 'server_momentum': 0.9, 'server_beta1': 0.9, 'server_beta2': 0.999, 'server_eps': 0.001, 'moon_temperature': 0.5, 'moon_mu': 1.0, 'ditto_lambda': 0.1, 'max_runtime_hours': 166.0}
2026-06-24 16:22:26,397 - INFO - Using device: cuda; AMP(bf16)=False; strategy=scaffold
Using device: cuda; AMP(bf16)=False; strategy=scaffold
2026-06-24 16:22:26,398 - INFO - Load dataset ...
Load dataset ...
2026-06-24 16:26:52,478 - INFO - Splitting 320 samples across 5 clients (iid=False, partition=label_skew, alpha=0.5)
Splitting 320 samples across 5 clients (iid=False, partition=label_skew, alpha=0.5)
2026-06-24 16:26:52,491 - INFO - Model payload: 5.62 MB; comm/round ~56.19 MB.
Model payload: 5.62 MB; comm/round ~56.19 MB.
2026-06-24 16:26:52,493 - INFO - Start federated training...
Start federated training...
2026-06-24 16:26:52,493 - INFO - Communication round 1/20
Communication round 1/20
2026-06-24 16:27:10,682 - INFO - Test Instance Acc: 0.2500, Class Acc: 0.2500, Round time: 18.2s
Test Instance Acc: 0.2500, Class Acc: 0.2500, Round time: 18.2s
2026-06-24 16:27:10,707 - INFO - Best Instance 0.2500 / Class 0.2500 (round 1)
Best Instance 0.2500 / Class 0.2500 (round 1)
2026-06-24 16:27:10,850 - INFO - Communication round 2/20
Communication round 2/20
2026-06-24 16:27:24,083 - INFO - Test Instance Acc: 0.2500, Class Acc: 0.2500, Round time: 13.2s
Test Instance Acc: 0.2500, Class Acc: 0.2500, Round time: 13.2s
2026-06-24 16:27:24,083 - INFO - Best Instance 0.2500 / Class 0.2500 (round 1)
Best Instance 0.2500 / Class 0.2500 (round 1)
2026-06-24 16:27:24,244 - INFO - Communication round 3/20
Communication round 3/20
2026-06-24 16:27:36,902 - INFO - Test Instance Acc: 0.2500, Class Acc: 0.2500, Round time: 12.7s
Test Instance Acc: 0.2500, Class Acc: 0.2500, Round time: 12.7s
2026-06-24 16:27:36,902 - INFO - Best Instance 0.2500 / Class 0.2500 (round 1)
Best Instance 0.2500 / Class 0.2500 (round 1)
2026-06-24 16:27:37,038 - INFO - Communication round 4/20
Communication round 4/20
2026-06-24 16:27:49,814 - INFO - Test Instance Acc: 0.2375, Class Acc: 0.2375, Round time: 12.8s
Test Instance Acc: 0.2375, Class Acc: 0.2375, Round time: 12.8s
2026-06-24 16:27:49,815 - INFO - Best Instance 0.2500 / Class 0.2500 (round 1)
Best Instance 0.2500 / Class 0.2500 (round 1)
2026-06-24 16:27:49,963 - INFO - Communication round 5/20
Communication round 5/20
2026-06-24 16:28:03,269 - INFO - Test Instance Acc: 0.3125, Class Acc: 0.3125, Round time: 13.3s
Test Instance Acc: 0.3125, Class Acc: 0.3125, Round time: 13.3s
2026-06-24 16:28:03,283 - INFO - Best Instance 0.3125 / Class 0.3125 (round 5)
Best Instance 0.3125 / Class 0.3125 (round 5)
2026-06-24 16:28:03,419 - INFO - Communication round 6/20
Communication round 6/20
2026-06-24 16:28:16,363 - INFO - Test Instance Acc: 0.2250, Class Acc: 0.2250, Round time: 12.9s
Test Instance Acc: 0.2250, Class Acc: 0.2250, Round time: 12.9s
2026-06-24 16:28:16,364 - INFO - Best Instance 0.3125 / Class 0.3125 (round 5)
Best Instance 0.3125 / Class 0.3125 (round 5)
2026-06-24 16:28:16,497 - INFO - Communication round 7/20
Communication round 7/20
2026-06-24 16:28:29,130 - INFO - Test Instance Acc: 0.3375, Class Acc: 0.3375, Round time: 12.6s
Test Instance Acc: 0.3375, Class Acc: 0.3375, Round time: 12.6s
2026-06-24 16:28:29,146 - INFO - Best Instance 0.3375 / Class 0.3375 (round 7)
Best Instance 0.3375 / Class 0.3375 (round 7)
2026-06-24 16:28:29,284 - INFO - Communication round 8/20
Communication round 8/20
2026-06-24 16:28:42,230 - INFO - Test Instance Acc: 0.3000, Class Acc: 0.3000, Round time: 12.9s
Test Instance Acc: 0.3000, Class Acc: 0.3000, Round time: 12.9s
2026-06-24 16:28:42,232 - INFO - Best Instance 0.3375 / Class 0.3375 (round 7)
Best Instance 0.3375 / Class 0.3375 (round 7)
2026-06-24 16:28:42,368 - INFO - Communication round 9/20
Communication round 9/20
2026-06-24 16:28:55,303 - INFO - Test Instance Acc: 0.3000, Class Acc: 0.3000, Round time: 12.9s
Test Instance Acc: 0.3000, Class Acc: 0.3000, Round time: 12.9s
2026-06-24 16:28:55,304 - INFO - Best Instance 0.3375 / Class 0.3375 (round 7)
Best Instance 0.3375 / Class 0.3375 (round 7)
2026-06-24 16:28:55,437 - INFO - Communication round 10/20
Communication round 10/20
2026-06-24 16:29:08,469 - INFO - Test Instance Acc: 0.2500, Class Acc: 0.2500, Round time: 13.0s
Test Instance Acc: 0.2500, Class Acc: 0.2500, Round time: 13.0s
2026-06-24 16:29:08,469 - INFO - Best Instance 0.3375 / Class 0.3375 (round 7)
Best Instance 0.3375 / Class 0.3375 (round 7)
2026-06-24 16:29:08,600 - INFO - Communication round 11/20
Communication round 11/20
2026-06-24 16:29:21,685 - INFO - Test Instance Acc: 0.2875, Class Acc: 0.2875, Round time: 13.1s
Test Instance Acc: 0.2875, Class Acc: 0.2875, Round time: 13.1s
2026-06-24 16:29:21,685 - INFO - Best Instance 0.3375 / Class 0.3375 (round 7)
Best Instance 0.3375 / Class 0.3375 (round 7)
2026-06-24 16:29:21,822 - INFO - Communication round 12/20
Communication round 12/20
2026-06-24 16:29:35,154 - INFO - Test Instance Acc: 0.3625, Class Acc: 0.3625, Round time: 13.3s
Test Instance Acc: 0.3625, Class Acc: 0.3625, Round time: 13.3s
2026-06-24 16:29:35,171 - INFO - Best Instance 0.3625 / Class 0.3625 (round 12)
Best Instance 0.3625 / Class 0.3625 (round 12)
2026-06-24 16:29:35,307 - INFO - Communication round 13/20
Communication round 13/20
2026-06-24 16:29:48,052 - INFO - Test Instance Acc: 0.2500, Class Acc: 0.2500, Round time: 12.7s
Test Instance Acc: 0.2500, Class Acc: 0.2500, Round time: 12.7s
2026-06-24 16:29:48,052 - INFO - Best Instance 0.3625 / Class 0.3625 (round 12)
Best Instance 0.3625 / Class 0.3625 (round 12)
2026-06-24 16:29:48,183 - INFO - Communication round 14/20
Communication round 14/20
2026-06-24 16:30:01,251 - INFO - Test Instance Acc: 0.3250, Class Acc: 0.3250, Round time: 13.1s
Test Instance Acc: 0.3250, Class Acc: 0.3250, Round time: 13.1s
2026-06-24 16:30:01,252 - INFO - Best Instance 0.3625 / Class 0.3625 (round 12)
Best Instance 0.3625 / Class 0.3625 (round 12)
2026-06-24 16:30:01,400 - INFO - Communication round 15/20
Communication round 15/20
2026-06-24 16:30:14,939 - INFO - Test Instance Acc: 0.3750, Class Acc: 0.3750, Round time: 13.5s
Test Instance Acc: 0.3750, Class Acc: 0.3750, Round time: 13.5s
2026-06-24 16:30:14,955 - INFO - Best Instance 0.3750 / Class 0.3750 (round 15)
Best Instance 0.3750 / Class 0.3750 (round 15)
2026-06-24 16:30:15,108 - INFO - Communication round 16/20
Communication round 16/20
2026-06-24 16:30:28,032 - INFO - Test Instance Acc: 0.2875, Class Acc: 0.2875, Round time: 12.9s
Test Instance Acc: 0.2875, Class Acc: 0.2875, Round time: 12.9s
2026-06-24 16:30:28,034 - INFO - Best Instance 0.3750 / Class 0.3750 (round 15)
Best Instance 0.3750 / Class 0.3750 (round 15)
2026-06-24 16:30:28,162 - INFO - Communication round 17/20
Communication round 17/20
2026-06-24 16:30:40,904 - INFO - Test Instance Acc: 0.3125, Class Acc: 0.3125, Round time: 12.7s
Test Instance Acc: 0.3125, Class Acc: 0.3125, Round time: 12.7s
2026-06-24 16:30:40,905 - INFO - Best Instance 0.3750 / Class 0.3750 (round 15)
Best Instance 0.3750 / Class 0.3750 (round 15)
2026-06-24 16:30:41,041 - INFO - Communication round 18/20
Communication round 18/20
2026-06-24 16:30:54,324 - INFO - Test Instance Acc: 0.3125, Class Acc: 0.3125, Round time: 13.3s
Test Instance Acc: 0.3125, Class Acc: 0.3125, Round time: 13.3s
2026-06-24 16:30:54,327 - INFO - Best Instance 0.3750 / Class 0.3750 (round 15)
Best Instance 0.3750 / Class 0.3750 (round 15)
2026-06-24 16:30:54,470 - INFO - Communication round 19/20
Communication round 19/20
2026-06-24 16:31:07,534 - INFO - Test Instance Acc: 0.3625, Class Acc: 0.3625, Round time: 13.1s
Test Instance Acc: 0.3625, Class Acc: 0.3625, Round time: 13.1s
2026-06-24 16:31:07,537 - INFO - Best Instance 0.3750 / Class 0.3750 (round 15)
Best Instance 0.3750 / Class 0.3750 (round 15)
2026-06-24 16:31:07,666 - INFO - Communication round 20/20
Communication round 20/20
2026-06-24 16:31:20,956 - INFO - Test Instance Acc: 0.3500, Class Acc: 0.3500, Round time: 13.3s
Test Instance Acc: 0.3500, Class Acc: 0.3500, Round time: 13.3s
2026-06-24 16:31:20,957 - INFO - Best Instance 0.3750 / Class 0.3750 (round 15)
Best Instance 0.3750 / Class 0.3750 (round 15)
2026-06-24 16:31:21,124 - INFO - End of training. Best 0.3750 at round 15.
End of training. Best 0.3750 at round 15.
2026-06-24 16:31:35,727 - INFO - Model size: 5.62 MB; Inference: 132.49 ms
Model size: 5.62 MB; Inference: 132.49 ms
