[Wed Jun 24 16:22:03 EDT 2026] task 31 on GPU 0: python flkd/advanced_fl_train_classification.py --model pointnet2_cls_ssg --fl_strategy moon --dataset modelnet40 --seed 42 --batch_size 24 --num_clients 5 --local_epochs 5 --communication_rounds 20 --num_point 1024 --partition label_skew --dirichlet_alpha 0.5 --log_dir fl_pointnet2_cls_ssg_moon_s42 --moon_mu 1.0 --moon_temperature 0.5 --data_root data --output_root outputs --num_workers -1 --max_runtime_hours 166.0
2026-06-24 16:22:04,842 - INFO - PARAMETER ...
2026-06-24 16:22:04,843 - INFO - {'use_cpu': False, 'no_amp': False, 'gpu': '0', 'num_workers': -1, 'batch_size': 24, 'model': 'pointnet2_cls_ssg', 'num_category': None, 'dataset': 'modelnet40', 'data_root': 'data', 'output_root': 'outputs', 'train_split': 0.8, 'dataset_seed': 0, 'cache_dataset': True, 'min_class_samples': 1, 'epoch': 200, 'learning_rate': 0.001, 'num_point': 1024, 'optimizer': 'Adam', 'log_dir': 'fl_pointnet2_cls_ssg_moon_s42', 'decay_rate': 0.0001, 'use_normals': False, 'process_data': False, 'use_uniform_sample': False, 'resume': True, 'fl_strategy': 'moon', 'num_clients': 5, 'local_epochs': 5, 'communication_rounds': 20, 'iid': False, 'partition': 'label_skew', 'dirichlet_alpha': 0.5, 'seed': 42, 'mu': 0.01, 'alpha': 0.01, 'server_lr': 1.0, 'adaptive_server_lr': 0.05, 'server_momentum': 0.9, 'server_beta1': 0.9, 'server_beta2': 0.999, 'server_eps': 0.001, 'moon_temperature': 0.5, 'moon_mu': 1.0, 'ditto_lambda': 0.1, 'max_runtime_hours': 166.0}
2026-06-24 16:22:04,847 - INFO - Using device: cuda; AMP(bf16)=False; strategy=moon
Using device: cuda; AMP(bf16)=False; strategy=moon
2026-06-24 16:22:04,847 - INFO - Load dataset ...
Load dataset ...
The size of train data is 9843
The size of test data is 2468
2026-06-24 16:22:06,218 - INFO - Splitting 9843 samples across 5 clients (iid=False, partition=label_skew, alpha=0.5)
Splitting 9843 samples across 5 clients (iid=False, partition=label_skew, alpha=0.5)
2026-06-24 16:22:06,225 - INFO - Model payload: 5.65 MB; comm/round ~56.55 MB.
Model payload: 5.65 MB; comm/round ~56.55 MB.
2026-06-24 16:22:06,225 - INFO - Start federated training...
Start federated training...
2026-06-24 16:22:06,225 - INFO - Communication round 1/20
Communication round 1/20
2026-06-24 16:34:13,642 - INFO - Test Instance Acc: 0.0081, Class Acc: 0.0250, Round time: 727.4s
Test Instance Acc: 0.0081, Class Acc: 0.0250, Round time: 727.4s
2026-06-24 16:34:13,662 - INFO - Best Instance 0.0081 / Class 0.0250 (round 1)
Best Instance 0.0081 / Class 0.0250 (round 1)
2026-06-24 16:34:13,911 - INFO - Communication round 2/20
Communication round 2/20
2026-06-24 16:50:51,117 - INFO - Test Instance Acc: 0.0081, Class Acc: 0.0250, Round time: 997.2s
Test Instance Acc: 0.0081, Class Acc: 0.0250, Round time: 997.2s
2026-06-24 16:50:51,118 - INFO - Best Instance 0.0081 / Class 0.0250 (round 1)
Best Instance 0.0081 / Class 0.0250 (round 1)
2026-06-24 16:50:51,394 - INFO - Communication round 3/20
Communication round 3/20
2026-06-24 17:07:30,877 - INFO - Test Instance Acc: 0.0312, Class Acc: 0.0392, Round time: 999.5s
Test Instance Acc: 0.0312, Class Acc: 0.0392, Round time: 999.5s
2026-06-24 17:07:30,893 - INFO - Best Instance 0.0312 / Class 0.0392 (round 3)
Best Instance 0.0312 / Class 0.0392 (round 3)
2026-06-24 17:07:31,136 - INFO - Communication round 4/20
Communication round 4/20
2026-06-24 17:24:12,487 - INFO - Test Instance Acc: 0.0438, Class Acc: 0.0470, Round time: 1001.4s
Test Instance Acc: 0.0438, Class Acc: 0.0470, Round time: 1001.4s
2026-06-24 17:24:12,503 - INFO - Best Instance 0.0438 / Class 0.0470 (round 4)
Best Instance 0.0438 / Class 0.0470 (round 4)
2026-06-24 17:24:12,747 - INFO - Communication round 5/20
Communication round 5/20
2026-06-24 17:40:55,381 - INFO - Test Instance Acc: 0.1191, Class Acc: 0.0943, Round time: 1002.6s
Test Instance Acc: 0.1191, Class Acc: 0.0943, Round time: 1002.6s
2026-06-24 17:40:55,398 - INFO - Best Instance 0.1191 / Class 0.0943 (round 5)
Best Instance 0.1191 / Class 0.0943 (round 5)
2026-06-24 17:40:55,644 - INFO - Communication round 6/20
Communication round 6/20
2026-06-24 17:57:28,490 - INFO - Test Instance Acc: 0.1519, Class Acc: 0.1211, Round time: 992.8s
Test Instance Acc: 0.1519, Class Acc: 0.1211, Round time: 992.8s
2026-06-24 17:57:28,510 - INFO - Best Instance 0.1519 / Class 0.1211 (round 6)
Best Instance 0.1519 / Class 0.1211 (round 6)
2026-06-24 17:57:28,755 - INFO - Communication round 7/20
Communication round 7/20
2026-06-24 18:13:55,516 - INFO - Test Instance Acc: 0.1981, Class Acc: 0.1488, Round time: 986.8s
Test Instance Acc: 0.1981, Class Acc: 0.1488, Round time: 986.8s
2026-06-24 18:13:55,532 - INFO - Best Instance 0.1981 / Class 0.1488 (round 7)
Best Instance 0.1981 / Class 0.1488 (round 7)
2026-06-24 18:13:55,766 - INFO - Communication round 8/20
Communication round 8/20
2026-06-24 18:30:13,820 - INFO - Test Instance Acc: 0.2873, Class Acc: 0.2253, Round time: 978.1s
Test Instance Acc: 0.2873, Class Acc: 0.2253, Round time: 978.1s
2026-06-24 18:30:13,833 - INFO - Best Instance 0.2873 / Class 0.2253 (round 8)
Best Instance 0.2873 / Class 0.2253 (round 8)
2026-06-24 18:30:14,081 - INFO - Communication round 9/20
Communication round 9/20
2026-06-24 18:46:31,088 - INFO - Test Instance Acc: 0.1499, Class Acc: 0.1178, Round time: 977.0s
Test Instance Acc: 0.1499, Class Acc: 0.1178, Round time: 977.0s
2026-06-24 18:46:31,088 - INFO - Best Instance 0.2873 / Class 0.2253 (round 8)
Best Instance 0.2873 / Class 0.2253 (round 8)
2026-06-24 18:46:31,365 - INFO - Communication round 10/20
Communication round 10/20
2026-06-24 19:02:47,098 - INFO - Test Instance Acc: 0.3201, Class Acc: 0.2428, Round time: 975.7s
Test Instance Acc: 0.3201, Class Acc: 0.2428, Round time: 975.7s
2026-06-24 19:02:47,111 - INFO - Best Instance 0.3201 / Class 0.2428 (round 10)
Best Instance 0.3201 / Class 0.2428 (round 10)
2026-06-24 19:02:47,356 - INFO - Communication round 11/20
Communication round 11/20
2026-06-24 19:19:06,219 - INFO - Test Instance Acc: 0.3282, Class Acc: 0.2613, Round time: 978.9s
Test Instance Acc: 0.3282, Class Acc: 0.2613, Round time: 978.9s
2026-06-24 19:19:06,237 - INFO - Best Instance 0.3282 / Class 0.2613 (round 11)
Best Instance 0.3282 / Class 0.2613 (round 11)
2026-06-24 19:19:06,485 - INFO - Communication round 12/20
Communication round 12/20
2026-06-24 19:34:31,195 - INFO - Test Instance Acc: 0.3209, Class Acc: 0.2677, Round time: 924.7s
Test Instance Acc: 0.3209, Class Acc: 0.2677, Round time: 924.7s
2026-06-24 19:34:31,210 - INFO - Best Instance 0.3282 / Class 0.2613 (round 11)
Best Instance 0.3282 / Class 0.2613 (round 11)
2026-06-24 19:34:31,441 - INFO - Communication round 13/20
Communication round 13/20
2026-06-24 19:49:34,092 - INFO - Test Instance Acc: 0.2990, Class Acc: 0.2329, Round time: 902.7s
Test Instance Acc: 0.2990, Class Acc: 0.2329, Round time: 902.7s
2026-06-24 19:49:34,096 - INFO - Best Instance 0.3282 / Class 0.2613 (round 11)
Best Instance 0.3282 / Class 0.2613 (round 11)
2026-06-24 19:49:34,331 - INFO - Communication round 14/20
Communication round 14/20
2026-06-24 20:04:34,710 - INFO - Test Instance Acc: 0.3748, Class Acc: 0.3074, Round time: 900.4s
Test Instance Acc: 0.3748, Class Acc: 0.3074, Round time: 900.4s
2026-06-24 20:04:34,726 - INFO - Best Instance 0.3748 / Class 0.3074 (round 14)
Best Instance 0.3748 / Class 0.3074 (round 14)
2026-06-24 20:04:34,958 - INFO - Communication round 15/20
Communication round 15/20
2026-06-24 20:19:36,656 - INFO - Test Instance Acc: 0.2735, Class Acc: 0.2340, Round time: 901.7s
Test Instance Acc: 0.2735, Class Acc: 0.2340, Round time: 901.7s
2026-06-24 20:19:36,657 - INFO - Best Instance 0.3748 / Class 0.3074 (round 14)
Best Instance 0.3748 / Class 0.3074 (round 14)
2026-06-24 20:19:36,889 - INFO - Communication round 16/20
Communication round 16/20
2026-06-24 20:34:38,624 - INFO - Test Instance Acc: 0.4024, Class Acc: 0.3070, Round time: 901.7s
Test Instance Acc: 0.4024, Class Acc: 0.3070, Round time: 901.7s
2026-06-24 20:34:38,642 - INFO - Best Instance 0.4024 / Class 0.3070 (round 16)
Best Instance 0.4024 / Class 0.3070 (round 16)
2026-06-24 20:34:38,885 - INFO - Communication round 17/20
Communication round 17/20
2026-06-24 20:49:41,633 - INFO - Test Instance Acc: 0.2654, Class Acc: 0.2131, Round time: 902.7s
Test Instance Acc: 0.2654, Class Acc: 0.2131, Round time: 902.7s
2026-06-24 20:49:41,643 - INFO - Best Instance 0.4024 / Class 0.3070 (round 16)
Best Instance 0.4024 / Class 0.3070 (round 16)
2026-06-24 20:49:41,899 - INFO - Communication round 18/20
Communication round 18/20
2026-06-24 21:04:41,448 - INFO - Test Instance Acc: 0.2123, Class Acc: 0.1877, Round time: 899.5s
Test Instance Acc: 0.2123, Class Acc: 0.1877, Round time: 899.5s
2026-06-24 21:04:41,448 - INFO - Best Instance 0.4024 / Class 0.3070 (round 16)
Best Instance 0.4024 / Class 0.3070 (round 16)
2026-06-24 21:04:41,702 - INFO - Communication round 19/20
Communication round 19/20
2026-06-24 21:19:43,886 - INFO - Test Instance Acc: 0.0312, Class Acc: 0.0393, Round time: 902.2s
Test Instance Acc: 0.0312, Class Acc: 0.0393, Round time: 902.2s
2026-06-24 21:19:43,890 - INFO - Best Instance 0.4024 / Class 0.3070 (round 16)
Best Instance 0.4024 / Class 0.3070 (round 16)
2026-06-24 21:19:44,132 - INFO - Communication round 20/20
Communication round 20/20
2026-06-24 21:34:45,228 - INFO - Test Instance Acc: 0.1957, Class Acc: 0.1827, Round time: 901.1s
Test Instance Acc: 0.1957, Class Acc: 0.1827, Round time: 901.1s
2026-06-24 21:34:45,231 - INFO - Best Instance 0.4024 / Class 0.3070 (round 16)
Best Instance 0.4024 / Class 0.3070 (round 16)
2026-06-24 21:34:45,482 - INFO - End of training. Best 0.4024 at round 16.
End of training. Best 0.4024 at round 16.
2026-06-24 21:35:01,158 - INFO - Model size: 5.65 MB; Inference: 125.62 ms
Model size: 5.65 MB; Inference: 125.62 ms
