[Wed Jun 24 16:40:08 EDT 2026] task 23 on GPU 0: python flkd/advanced_kd_train_classification.py --teacher_model pointnet2_cls_ssg --student_model small_pointnet2 --kd_strategy dkd --dataset craniosynostosis --seed 7 --batch_size 24 --epoch 200 --num_point 1024 --teacher_path "outputs/craniosynostosis/classification/pointnet2_cls_ssg_s7/checkpoints/best_model.pth" --log_dir kd_pointnet2_cls_ssg_dkd_small_pointnet2_s7  --data_root data --output_root outputs --num_workers -1 --max_runtime_hours 166.0
Loaded teacher from outputs/craniosynostosis/classification/pointnet2_cls_ssg_s7/checkpoints/best_model.pth
2026-06-24 16:43:58,941 - INFO - PARAMETER ...
2026-06-24 16:43:58,942 - INFO - {'use_cpu': False, 'no_amp': False, 'gpu': '0', 'num_workers': -1, 'batch_size': 24, 'teacher_model': 'pointnet2_cls_ssg', 'student_model': 'small_pointnet2', 'num_category': 4, 'dataset': 'craniosynostosis', 'data_root': 'data', 'output_root': 'outputs', 'train_split': 0.8, 'dataset_seed': 0, 'cache_dataset': True, 'min_class_samples': 1, 'epoch': 200, 'learning_rate': 0.001, 'num_point': 1024, 'optimizer': 'Adam', 'log_dir': 'kd_pointnet2_cls_ssg_dkd_small_pointnet2_s7', 'decay_rate': 0.0001, 'use_normals': False, 'process_data': False, 'use_uniform_sample': False, 'resume': True, 'kd_strategy': 'dkd', 'alpha': 0.5, 'temperature': 2.0, 'beta': 0.5, 'dkd_alpha': 1.0, 'dkd_beta': 8.0, 'crd_temperature': 0.07, 'teacher_path': 'outputs/craniosynostosis/classification/pointnet2_cls_ssg_s7/checkpoints/best_model.pth', 'teacher_paths': None, 'teacher_weights': None, 'use_hard_labels': 'on', 'unlabeled': False, 'temperature_sweep': None, 'seed': 7, 'max_runtime_hours': 166.0}
2026-06-24 16:43:58,943 - INFO - KD=dkd student=small_pointnet2 AMP=False use_hard=True unlabeled=False T=2.0
KD=dkd student=small_pointnet2 AMP=False use_hard=True unlabeled=False T=2.0
2026-06-24 16:43:58,950 - INFO - Epoch 1/200:
Epoch 1/200:
2026-06-24 16:44:04,419 - INFO - Train loss: 10.6200 (5.5s)
Train loss: 10.6200 (5.5s)
2026-06-24 16:44:05,065 - INFO - Test instance 0.2500, class 0.2500
Test instance 0.2500, class 0.2500
2026-06-24 16:44:05,096 - INFO - Best instance 0.2500, class 0.2500 (epoch 1)
Best instance 0.2500, class 0.2500 (epoch 1)
2026-06-24 16:44:05,117 - INFO - Epoch 2/200:
Epoch 2/200:
2026-06-24 16:44:07,866 - INFO - Train loss: 10.3318 (2.7s)
Train loss: 10.3318 (2.7s)
2026-06-24 16:44:08,142 - INFO - Test instance 0.2500, class 0.2500
Test instance 0.2500, class 0.2500
2026-06-24 16:44:08,143 - INFO - Best instance 0.2500, class 0.2500 (epoch 1)
Best instance 0.2500, class 0.2500 (epoch 1)
2026-06-24 16:44:08,163 - INFO - Epoch 3/200:
Epoch 3/200:
2026-06-24 16:44:10,914 - INFO - Train loss: 9.6977 (2.8s)
Train loss: 9.6977 (2.8s)
2026-06-24 16:44:11,249 - INFO - Test instance 0.2500, class 0.2500
Test instance 0.2500, class 0.2500
2026-06-24 16:44:11,250 - INFO - Best instance 0.2500, class 0.2500 (epoch 1)
Best instance 0.2500, class 0.2500 (epoch 1)
2026-06-24 16:44:11,270 - INFO - Epoch 4/200:
Epoch 4/200:
2026-06-24 16:44:14,006 - INFO - Train loss: 10.1657 (2.7s)
Train loss: 10.1657 (2.7s)
2026-06-24 16:44:14,283 - INFO - Test instance 0.2500, class 0.2500
Test instance 0.2500, class 0.2500
2026-06-24 16:44:14,284 - INFO - Best instance 0.2500, class 0.2500 (epoch 1)
Best instance 0.2500, class 0.2500 (epoch 1)
2026-06-24 16:44:14,302 - INFO - Epoch 5/200:
Epoch 5/200:
2026-06-24 16:44:17,017 - INFO - Train loss: 9.6303 (2.7s)
Train loss: 9.6303 (2.7s)
2026-06-24 16:44:17,283 - INFO - Test instance 0.2500, class 0.2500
Test instance 0.2500, class 0.2500
2026-06-24 16:44:17,284 - INFO - Best instance 0.2500, class 0.2500 (epoch 1)
Best instance 0.2500, class 0.2500 (epoch 1)
2026-06-24 16:44:17,302 - INFO - Epoch 6/200:
Epoch 6/200:
2026-06-24 16:44:20,050 - INFO - Train loss: 9.1027 (2.7s)
Train loss: 9.1027 (2.7s)
2026-06-24 16:44:20,311 - INFO - Test instance 0.3125, class 0.3125
Test instance 0.3125, class 0.3125
2026-06-24 16:44:20,330 - INFO - Best instance 0.3125, class 0.3125 (epoch 6)
Best instance 0.3125, class 0.3125 (epoch 6)
2026-06-24 16:44:20,349 - INFO - Epoch 7/200:
Epoch 7/200:
2026-06-24 16:44:23,076 - INFO - Train loss: 9.1927 (2.7s)
Train loss: 9.1927 (2.7s)
2026-06-24 16:44:23,337 - INFO - Test instance 0.3500, class 0.3500
Test instance 0.3500, class 0.3500
2026-06-24 16:44:23,355 - INFO - Best instance 0.3500, class 0.3500 (epoch 7)
Best instance 0.3500, class 0.3500 (epoch 7)
2026-06-24 16:44:23,374 - INFO - Epoch 8/200:
Epoch 8/200:
2026-06-24 16:44:26,091 - INFO - Train loss: 9.3081 (2.7s)
Train loss: 9.3081 (2.7s)
2026-06-24 16:44:26,429 - INFO - Test instance 0.4125, class 0.4125
Test instance 0.4125, class 0.4125
2026-06-24 16:44:26,449 - INFO - Best instance 0.4125, class 0.4125 (epoch 8)
Best instance 0.4125, class 0.4125 (epoch 8)
2026-06-24 16:44:26,475 - INFO - Epoch 9/200:
Epoch 9/200:
2026-06-24 16:44:29,186 - INFO - Train loss: 8.5135 (2.7s)
Train loss: 8.5135 (2.7s)
2026-06-24 16:44:29,443 - INFO - Test instance 0.3875, class 0.3875
Test instance 0.3875, class 0.3875
2026-06-24 16:44:29,443 - INFO - Best instance 0.4125, class 0.4125 (epoch 8)
Best instance 0.4125, class 0.4125 (epoch 8)
2026-06-24 16:44:29,461 - INFO - Epoch 10/200:
Epoch 10/200:
2026-06-24 16:44:32,170 - INFO - Train loss: 8.3384 (2.7s)
Train loss: 8.3384 (2.7s)
2026-06-24 16:44:32,503 - INFO - Test instance 0.3250, class 0.3250
Test instance 0.3250, class 0.3250
2026-06-24 16:44:32,504 - INFO - Best instance 0.4125, class 0.4125 (epoch 8)
Best instance 0.4125, class 0.4125 (epoch 8)
2026-06-24 16:44:32,525 - INFO - Epoch 11/200:
Epoch 11/200:
2026-06-24 16:44:35,937 - INFO - Train loss: 8.7642 (3.4s)
Train loss: 8.7642 (3.4s)
2026-06-24 16:44:36,202 - INFO - Test instance 0.3375, class 0.3375
Test instance 0.3375, class 0.3375
2026-06-24 16:44:36,202 - INFO - Best instance 0.4125, class 0.4125 (epoch 8)
Best instance 0.4125, class 0.4125 (epoch 8)
2026-06-24 16:44:36,221 - INFO - Epoch 12/200:
Epoch 12/200:
2026-06-24 16:44:38,903 - INFO - Train loss: 8.5769 (2.7s)
Train loss: 8.5769 (2.7s)
2026-06-24 16:44:39,160 - INFO - Test instance 0.4875, class 0.4875
Test instance 0.4875, class 0.4875
2026-06-24 16:44:39,180 - INFO - Best instance 0.4875, class 0.4875 (epoch 12)
Best instance 0.4875, class 0.4875 (epoch 12)
2026-06-24 16:44:39,199 - INFO - Epoch 13/200:
Epoch 13/200:
2026-06-24 16:44:41,919 - INFO - Train loss: 8.2504 (2.7s)
Train loss: 8.2504 (2.7s)
2026-06-24 16:44:42,182 - INFO - Test instance 0.3750, class 0.3750
Test instance 0.3750, class 0.3750
2026-06-24 16:44:42,182 - INFO - Best instance 0.4875, class 0.4875 (epoch 12)
Best instance 0.4875, class 0.4875 (epoch 12)
2026-06-24 16:44:42,200 - INFO - Epoch 14/200:
Epoch 14/200:
2026-06-24 16:44:44,925 - INFO - Train loss: 8.3373 (2.7s)
Train loss: 8.3373 (2.7s)
2026-06-24 16:44:45,257 - INFO - Test instance 0.4750, class 0.4750
Test instance 0.4750, class 0.4750
2026-06-24 16:44:45,258 - INFO - Best instance 0.4875, class 0.4875 (epoch 12)
Best instance 0.4875, class 0.4875 (epoch 12)
2026-06-24 16:44:45,277 - INFO - Epoch 15/200:
Epoch 15/200:
2026-06-24 16:44:48,019 - INFO - Train loss: 8.8144 (2.7s)
Train loss: 8.8144 (2.7s)
2026-06-24 16:44:48,279 - INFO - Test instance 0.2500, class 0.2500
Test instance 0.2500, class 0.2500
2026-06-24 16:44:48,280 - INFO - Best instance 0.4875, class 0.4875 (epoch 12)
Best instance 0.4875, class 0.4875 (epoch 12)
2026-06-24 16:44:48,298 - INFO - Epoch 16/200:
Epoch 16/200:
2026-06-24 16:44:51,058 - INFO - Train loss: 8.0421 (2.8s)
Train loss: 8.0421 (2.8s)
2026-06-24 16:44:51,319 - INFO - Test instance 0.4875, class 0.4875
Test instance 0.4875, class 0.4875
2026-06-24 16:44:51,320 - INFO - Best instance 0.4875, class 0.4875 (epoch 12)
Best instance 0.4875, class 0.4875 (epoch 12)
2026-06-24 16:44:51,338 - INFO - Epoch 17/200:
Epoch 17/200:
2026-06-24 16:44:54,092 - INFO - Train loss: 8.3653 (2.8s)
Train loss: 8.3653 (2.8s)
2026-06-24 16:44:54,350 - INFO - Test instance 0.2625, class 0.2625
Test instance 0.2625, class 0.2625
2026-06-24 16:44:54,350 - INFO - Best instance 0.4875, class 0.4875 (epoch 12)
Best instance 0.4875, class 0.4875 (epoch 12)
2026-06-24 16:44:54,369 - INFO - Epoch 18/200:
Epoch 18/200:
2026-06-24 16:44:57,133 - INFO - Train loss: 8.0696 (2.8s)
Train loss: 8.0696 (2.8s)
2026-06-24 16:44:57,392 - INFO - Test instance 0.5125, class 0.5125
Test instance 0.5125, class 0.5125
2026-06-24 16:44:57,410 - INFO - Best instance 0.5125, class 0.5125 (epoch 18)
Best instance 0.5125, class 0.5125 (epoch 18)
2026-06-24 16:44:57,428 - INFO - Epoch 19/200:
Epoch 19/200:
2026-06-24 16:45:00,173 - INFO - Train loss: 7.8781 (2.7s)
Train loss: 7.8781 (2.7s)
2026-06-24 16:45:00,439 - INFO - Test instance 0.5125, class 0.5125
Test instance 0.5125, class 0.5125
2026-06-24 16:45:00,439 - INFO - Best instance 0.5125, class 0.5125 (epoch 18)
Best instance 0.5125, class 0.5125 (epoch 18)
2026-06-24 16:45:00,458 - INFO - Epoch 20/200:
Epoch 20/200:
2026-06-24 16:45:03,254 - INFO - Train loss: 7.5860 (2.8s)
Train loss: 7.5860 (2.8s)
2026-06-24 16:45:03,515 - INFO - Test instance 0.2750, class 0.2750
Test instance 0.2750, class 0.2750
2026-06-24 16:45:03,515 - INFO - Best instance 0.5125, class 0.5125 (epoch 18)
Best instance 0.5125, class 0.5125 (epoch 18)
2026-06-24 16:45:03,534 - INFO - Epoch 21/200:
Epoch 21/200:
2026-06-24 16:45:06,257 - INFO - Train loss: 7.7592 (2.7s)
Train loss: 7.7592 (2.7s)
2026-06-24 16:45:06,592 - INFO - Test instance 0.5250, class 0.5250
Test instance 0.5250, class 0.5250
2026-06-24 16:45:06,620 - INFO - Best instance 0.5250, class 0.5250 (epoch 21)
Best instance 0.5250, class 0.5250 (epoch 21)
2026-06-24 16:45:06,637 - INFO - Epoch 22/200:
Epoch 22/200:
2026-06-24 16:45:09,361 - INFO - Train loss: 7.5727 (2.7s)
Train loss: 7.5727 (2.7s)
2026-06-24 16:45:09,628 - INFO - Test instance 0.4125, class 0.4125
Test instance 0.4125, class 0.4125
2026-06-24 16:45:09,628 - INFO - Best instance 0.5250, class 0.5250 (epoch 21)
Best instance 0.5250, class 0.5250 (epoch 21)
2026-06-24 16:45:09,646 - INFO - Epoch 23/200:
Epoch 23/200:
2026-06-24 16:45:12,377 - INFO - Train loss: 7.1850 (2.7s)
Train loss: 7.1850 (2.7s)
2026-06-24 16:45:12,636 - INFO - Test instance 0.4125, class 0.4125
Test instance 0.4125, class 0.4125
2026-06-24 16:45:12,636 - INFO - Best instance 0.5250, class 0.5250 (epoch 21)
Best instance 0.5250, class 0.5250 (epoch 21)
2026-06-24 16:45:12,654 - INFO - Epoch 24/200:
Epoch 24/200:
2026-06-24 16:45:16,103 - INFO - Train loss: 7.4155 (3.4s)
Train loss: 7.4155 (3.4s)
2026-06-24 16:45:16,358 - INFO - Test instance 0.3875, class 0.3875
Test instance 0.3875, class 0.3875
2026-06-24 16:45:16,358 - INFO - Best instance 0.5250, class 0.5250 (epoch 21)
Best instance 0.5250, class 0.5250 (epoch 21)
2026-06-24 16:45:16,377 - INFO - Epoch 25/200:
Epoch 25/200:
2026-06-24 16:45:19,108 - INFO - Train loss: 7.2708 (2.7s)
Train loss: 7.2708 (2.7s)
2026-06-24 16:45:19,448 - INFO - Test instance 0.5750, class 0.5750
Test instance 0.5750, class 0.5750
2026-06-24 16:45:19,467 - INFO - Best instance 0.5750, class 0.5750 (epoch 25)
Best instance 0.5750, class 0.5750 (epoch 25)
2026-06-24 16:45:19,497 - INFO - Epoch 26/200:
Epoch 26/200:
2026-06-24 16:45:22,913 - INFO - Train loss: 7.1077 (3.4s)
Train loss: 7.1077 (3.4s)
2026-06-24 16:45:23,244 - INFO - Test instance 0.7000, class 0.7000
Test instance 0.7000, class 0.7000
2026-06-24 16:45:23,264 - INFO - Best instance 0.7000, class 0.7000 (epoch 26)
Best instance 0.7000, class 0.7000 (epoch 26)
2026-06-24 16:45:23,285 - INFO - Epoch 27/200:
Epoch 27/200:
2026-06-24 16:45:26,721 - INFO - Train loss: 6.8404 (3.4s)
Train loss: 6.8404 (3.4s)
2026-06-24 16:45:26,983 - INFO - Test instance 0.4875, class 0.4875
Test instance 0.4875, class 0.4875
2026-06-24 16:45:26,984 - INFO - Best instance 0.7000, class 0.7000 (epoch 26)
Best instance 0.7000, class 0.7000 (epoch 26)
2026-06-24 16:45:27,005 - INFO - Epoch 28/200:
Epoch 28/200:
2026-06-24 16:45:29,724 - INFO - Train loss: 6.7818 (2.7s)
Train loss: 6.7818 (2.7s)
2026-06-24 16:45:29,981 - INFO - Test instance 0.5750, class 0.5750
Test instance 0.5750, class 0.5750
2026-06-24 16:45:29,981 - INFO - Best instance 0.7000, class 0.7000 (epoch 26)
Best instance 0.7000, class 0.7000 (epoch 26)
2026-06-24 16:45:30,000 - INFO - Epoch 29/200:
Epoch 29/200:
2026-06-24 16:45:32,722 - INFO - Train loss: 6.9969 (2.7s)
Train loss: 6.9969 (2.7s)
2026-06-24 16:45:32,977 - INFO - Test instance 0.7500, class 0.7500
Test instance 0.7500, class 0.7500
2026-06-24 16:45:32,995 - INFO - Best instance 0.7500, class 0.7500 (epoch 29)
Best instance 0.7500, class 0.7500 (epoch 29)
2026-06-24 16:45:33,013 - INFO - Epoch 30/200:
Epoch 30/200:
2026-06-24 16:45:35,752 - INFO - Train loss: 6.9219 (2.7s)
Train loss: 6.9219 (2.7s)
2026-06-24 16:45:36,020 - INFO - Test instance 0.6875, class 0.6875
Test instance 0.6875, class 0.6875
2026-06-24 16:45:36,020 - INFO - Best instance 0.7500, class 0.7500 (epoch 29)
Best instance 0.7500, class 0.7500 (epoch 29)
2026-06-24 16:45:36,040 - INFO - Epoch 31/200:
Epoch 31/200:
2026-06-24 16:45:38,757 - INFO - Train loss: 6.4954 (2.7s)
Train loss: 6.4954 (2.7s)
2026-06-24 16:45:39,022 - INFO - Test instance 0.6875, class 0.6875
Test instance 0.6875, class 0.6875
2026-06-24 16:45:39,022 - INFO - Best instance 0.7500, class 0.7500 (epoch 29)
Best instance 0.7500, class 0.7500 (epoch 29)
2026-06-24 16:45:39,040 - INFO - Epoch 32/200:
Epoch 32/200:
2026-06-24 16:45:41,751 - INFO - Train loss: 6.2882 (2.7s)
Train loss: 6.2882 (2.7s)
2026-06-24 16:45:42,005 - INFO - Test instance 0.4625, class 0.4625
Test instance 0.4625, class 0.4625
2026-06-24 16:45:42,005 - INFO - Best instance 0.7500, class 0.7500 (epoch 29)
Best instance 0.7500, class 0.7500 (epoch 29)
2026-06-24 16:45:42,023 - INFO - Epoch 33/200:
Epoch 33/200:
2026-06-24 16:45:44,734 - INFO - Train loss: 6.2591 (2.7s)
Train loss: 6.2591 (2.7s)
2026-06-24 16:45:44,993 - INFO - Test instance 0.7750, class 0.7750
Test instance 0.7750, class 0.7750
2026-06-24 16:45:45,011 - INFO - Best instance 0.7750, class 0.7750 (epoch 33)
Best instance 0.7750, class 0.7750 (epoch 33)
2026-06-24 16:45:45,030 - INFO - Epoch 34/200:
Epoch 34/200:
2026-06-24 16:45:48,458 - INFO - Train loss: 6.4525 (3.4s)
Train loss: 6.4525 (3.4s)
2026-06-24 16:45:48,809 - INFO - Test instance 0.8000, class 0.8000
Test instance 0.8000, class 0.8000
2026-06-24 16:45:48,829 - INFO - Best instance 0.8000, class 0.8000 (epoch 34)
Best instance 0.8000, class 0.8000 (epoch 34)
2026-06-24 16:45:48,849 - INFO - Epoch 35/200:
Epoch 35/200:
2026-06-24 16:45:51,567 - INFO - Train loss: 5.7657 (2.7s)
Train loss: 5.7657 (2.7s)
2026-06-24 16:45:51,834 - INFO - Test instance 0.4000, class 0.4000
Test instance 0.4000, class 0.4000
2026-06-24 16:45:51,835 - INFO - Best instance 0.8000, class 0.8000 (epoch 34)
Best instance 0.8000, class 0.8000 (epoch 34)
2026-06-24 16:45:51,853 - INFO - Epoch 36/200:
Epoch 36/200:
2026-06-24 16:45:54,578 - INFO - Train loss: 5.8237 (2.7s)
Train loss: 5.8237 (2.7s)
2026-06-24 16:45:54,912 - INFO - Test instance 0.6250, class 0.6250
Test instance 0.6250, class 0.6250
2026-06-24 16:45:54,912 - INFO - Best instance 0.8000, class 0.8000 (epoch 34)
Best instance 0.8000, class 0.8000 (epoch 34)
2026-06-24 16:45:54,932 - INFO - Epoch 37/200:
Epoch 37/200:
2026-06-24 16:45:57,648 - INFO - Train loss: 6.0221 (2.7s)
Train loss: 6.0221 (2.7s)
2026-06-24 16:45:57,901 - INFO - Test instance 0.5000, class 0.5000
Test instance 0.5000, class 0.5000
2026-06-24 16:45:57,902 - INFO - Best instance 0.8000, class 0.8000 (epoch 34)
Best instance 0.8000, class 0.8000 (epoch 34)
2026-06-24 16:45:57,921 - INFO - Epoch 38/200:
Epoch 38/200:
2026-06-24 16:46:00,639 - INFO - Train loss: 6.0492 (2.7s)
Train loss: 6.0492 (2.7s)
2026-06-24 16:46:00,899 - INFO - Test instance 0.7500, class 0.7500
Test instance 0.7500, class 0.7500
2026-06-24 16:46:00,900 - INFO - Best instance 0.8000, class 0.8000 (epoch 34)
Best instance 0.8000, class 0.8000 (epoch 34)
2026-06-24 16:46:00,918 - INFO - Epoch 39/200:
Epoch 39/200:
2026-06-24 16:46:03,686 - INFO - Train loss: 5.7245 (2.8s)
Train loss: 5.7245 (2.8s)
2026-06-24 16:46:03,952 - INFO - Test instance 0.4375, class 0.4375
Test instance 0.4375, class 0.4375
2026-06-24 16:46:03,952 - INFO - Best instance 0.8000, class 0.8000 (epoch 34)
Best instance 0.8000, class 0.8000 (epoch 34)
2026-06-24 16:46:03,972 - INFO - Epoch 40/200:
Epoch 40/200:
2026-06-24 16:46:07,377 - INFO - Train loss: 5.7827 (3.4s)
Train loss: 5.7827 (3.4s)
2026-06-24 16:46:07,711 - INFO - Test instance 0.5625, class 0.5625
Test instance 0.5625, class 0.5625
2026-06-24 16:46:07,712 - INFO - Best instance 0.8000, class 0.8000 (epoch 34)
Best instance 0.8000, class 0.8000 (epoch 34)
2026-06-24 16:46:07,733 - INFO - Epoch 41/200:
Epoch 41/200:
2026-06-24 16:46:10,457 - INFO - Train loss: 5.6179 (2.7s)
Train loss: 5.6179 (2.7s)
2026-06-24 16:46:10,721 - INFO - Test instance 0.6000, class 0.6000
Test instance 0.6000, class 0.6000
2026-06-24 16:46:10,721 - INFO - Best instance 0.8000, class 0.8000 (epoch 34)
Best instance 0.8000, class 0.8000 (epoch 34)
2026-06-24 16:46:10,741 - INFO - Epoch 42/200:
Epoch 42/200:
2026-06-24 16:46:13,447 - INFO - Train loss: 5.7980 (2.7s)
Train loss: 5.7980 (2.7s)
2026-06-24 16:46:13,714 - INFO - Test instance 0.7375, class 0.7375
Test instance 0.7375, class 0.7375
2026-06-24 16:46:13,714 - INFO - Best instance 0.8000, class 0.8000 (epoch 34)
Best instance 0.8000, class 0.8000 (epoch 34)
2026-06-24 16:46:13,732 - INFO - Epoch 43/200:
Epoch 43/200:
2026-06-24 16:46:16,956 - INFO - Train loss: 5.3688 (3.2s)
Train loss: 5.3688 (3.2s)
2026-06-24 16:46:17,225 - INFO - Test instance 0.8625, class 0.8625
Test instance 0.8625, class 0.8625
2026-06-24 16:46:17,243 - INFO - Best instance 0.8625, class 0.8625 (epoch 43)
Best instance 0.8625, class 0.8625 (epoch 43)
2026-06-24 16:46:17,262 - INFO - Epoch 44/200:
Epoch 44/200:
2026-06-24 16:46:19,973 - INFO - Train loss: 5.5775 (2.7s)
Train loss: 5.5775 (2.7s)
2026-06-24 16:46:20,322 - INFO - Test instance 0.7375, class 0.7375
Test instance 0.7375, class 0.7375
2026-06-24 16:46:20,322 - INFO - Best instance 0.8625, class 0.8625 (epoch 43)
Best instance 0.8625, class 0.8625 (epoch 43)
2026-06-24 16:46:20,342 - INFO - Epoch 45/200:
Epoch 45/200:
2026-06-24 16:46:23,067 - INFO - Train loss: 5.2898 (2.7s)
Train loss: 5.2898 (2.7s)
2026-06-24 16:46:23,323 - INFO - Test instance 0.8125, class 0.8125
Test instance 0.8125, class 0.8125
2026-06-24 16:46:23,323 - INFO - Best instance 0.8625, class 0.8625 (epoch 43)
Best instance 0.8625, class 0.8625 (epoch 43)
2026-06-24 16:46:23,341 - INFO - Epoch 46/200:
Epoch 46/200:
2026-06-24 16:46:26,033 - INFO - Train loss: 5.4620 (2.7s)
Train loss: 5.4620 (2.7s)
2026-06-24 16:46:26,293 - INFO - Test instance 0.8000, class 0.8000
Test instance 0.8000, class 0.8000
2026-06-24 16:46:26,294 - INFO - Best instance 0.8625, class 0.8625 (epoch 43)
Best instance 0.8625, class 0.8625 (epoch 43)
2026-06-24 16:46:26,311 - INFO - Epoch 47/200:
Epoch 47/200:
2026-06-24 16:46:29,034 - INFO - Train loss: 5.0881 (2.7s)
Train loss: 5.0881 (2.7s)
2026-06-24 16:46:29,305 - INFO - Test instance 0.7875, class 0.7875
Test instance 0.7875, class 0.7875
2026-06-24 16:46:29,305 - INFO - Best instance 0.8625, class 0.8625 (epoch 43)
Best instance 0.8625, class 0.8625 (epoch 43)
2026-06-24 16:46:29,324 - INFO - Epoch 48/200:
Epoch 48/200:
2026-06-24 16:46:32,044 - INFO - Train loss: 5.2664 (2.7s)
Train loss: 5.2664 (2.7s)
2026-06-24 16:46:32,322 - INFO - Test instance 0.5375, class 0.5375
Test instance 0.5375, class 0.5375
2026-06-24 16:46:32,322 - INFO - Best instance 0.8625, class 0.8625 (epoch 43)
Best instance 0.8625, class 0.8625 (epoch 43)
2026-06-24 16:46:32,342 - INFO - Epoch 49/200:
Epoch 49/200:
2026-06-24 16:46:35,073 - INFO - Train loss: 5.2372 (2.7s)
Train loss: 5.2372 (2.7s)
2026-06-24 16:46:35,337 - INFO - Test instance 0.8250, class 0.8250
Test instance 0.8250, class 0.8250
2026-06-24 16:46:35,337 - INFO - Best instance 0.8625, class 0.8625 (epoch 43)
Best instance 0.8625, class 0.8625 (epoch 43)
2026-06-24 16:46:35,354 - INFO - Epoch 50/200:
Epoch 50/200:
2026-06-24 16:46:38,798 - INFO - Train loss: 5.4164 (3.4s)
Train loss: 5.4164 (3.4s)
2026-06-24 16:46:39,064 - INFO - Test instance 0.8625, class 0.8625
Test instance 0.8625, class 0.8625
2026-06-24 16:46:39,065 - INFO - Best instance 0.8625, class 0.8625 (epoch 43)
Best instance 0.8625, class 0.8625 (epoch 43)
2026-06-24 16:46:39,084 - INFO - Epoch 51/200:
Epoch 51/200:
2026-06-24 16:46:42,555 - INFO - Train loss: 5.0054 (3.5s)
Train loss: 5.0054 (3.5s)
2026-06-24 16:46:42,824 - INFO - Test instance 0.7250, class 0.7250
Test instance 0.7250, class 0.7250
2026-06-24 16:46:42,825 - INFO - Best instance 0.8625, class 0.8625 (epoch 43)
Best instance 0.8625, class 0.8625 (epoch 43)
2026-06-24 16:46:42,843 - INFO - Epoch 52/200:
Epoch 52/200:
2026-06-24 16:46:45,582 - INFO - Train loss: 5.0542 (2.7s)
Train loss: 5.0542 (2.7s)
2026-06-24 16:46:45,846 - INFO - Test instance 0.8250, class 0.8250
Test instance 0.8250, class 0.8250
2026-06-24 16:46:45,847 - INFO - Best instance 0.8625, class 0.8625 (epoch 43)
Best instance 0.8625, class 0.8625 (epoch 43)
2026-06-24 16:46:45,866 - INFO - Epoch 53/200:
Epoch 53/200:
2026-06-24 16:46:48,552 - INFO - Train loss: 4.7119 (2.7s)
Train loss: 4.7119 (2.7s)
2026-06-24 16:46:48,816 - INFO - Test instance 0.8125, class 0.8125
Test instance 0.8125, class 0.8125
2026-06-24 16:46:48,817 - INFO - Best instance 0.8625, class 0.8625 (epoch 43)
Best instance 0.8625, class 0.8625 (epoch 43)
2026-06-24 16:46:48,869 - INFO - Epoch 54/200:
Epoch 54/200:
2026-06-24 16:46:51,595 - INFO - Train loss: 4.5683 (2.7s)
Train loss: 4.5683 (2.7s)
2026-06-24 16:46:51,853 - INFO - Test instance 0.8250, class 0.8250
Test instance 0.8250, class 0.8250
2026-06-24 16:46:51,853 - INFO - Best instance 0.8625, class 0.8625 (epoch 43)
Best instance 0.8625, class 0.8625 (epoch 43)
2026-06-24 16:46:51,871 - INFO - Epoch 55/200:
Epoch 55/200:
2026-06-24 16:46:55,324 - INFO - Train loss: 4.5064 (3.5s)
Train loss: 4.5064 (3.5s)
2026-06-24 16:46:55,592 - INFO - Test instance 0.8000, class 0.8000
Test instance 0.8000, class 0.8000
2026-06-24 16:46:55,593 - INFO - Best instance 0.8625, class 0.8625 (epoch 43)
Best instance 0.8625, class 0.8625 (epoch 43)
2026-06-24 16:46:55,618 - INFO - Epoch 56/200:
Epoch 56/200:
2026-06-24 16:46:58,328 - INFO - Train loss: 4.9107 (2.7s)
Train loss: 4.9107 (2.7s)
2026-06-24 16:46:58,598 - INFO - Test instance 0.8125, class 0.8125
Test instance 0.8125, class 0.8125
2026-06-24 16:46:58,598 - INFO - Best instance 0.8625, class 0.8625 (epoch 43)
Best instance 0.8625, class 0.8625 (epoch 43)
2026-06-24 16:46:58,616 - INFO - Epoch 57/200:
Epoch 57/200:
2026-06-24 16:47:01,378 - INFO - Train loss: 4.9005 (2.8s)
Train loss: 4.9005 (2.8s)
2026-06-24 16:47:01,639 - INFO - Test instance 0.7750, class 0.7750
Test instance 0.7750, class 0.7750
2026-06-24 16:47:01,640 - INFO - Best instance 0.8625, class 0.8625 (epoch 43)
Best instance 0.8625, class 0.8625 (epoch 43)
2026-06-24 16:47:01,659 - INFO - Epoch 58/200:
Epoch 58/200:
2026-06-24 16:47:04,453 - INFO - Train loss: 5.1793 (2.8s)
Train loss: 5.1793 (2.8s)
2026-06-24 16:47:04,711 - INFO - Test instance 0.7875, class 0.7875
Test instance 0.7875, class 0.7875
2026-06-24 16:47:04,712 - INFO - Best instance 0.8625, class 0.8625 (epoch 43)
Best instance 0.8625, class 0.8625 (epoch 43)
2026-06-24 16:47:04,730 - INFO - Epoch 59/200:
Epoch 59/200:
2026-06-24 16:47:07,464 - INFO - Train loss: 4.5593 (2.7s)
Train loss: 4.5593 (2.7s)
2026-06-24 16:47:07,730 - INFO - Test instance 0.8125, class 0.8125
Test instance 0.8125, class 0.8125
2026-06-24 16:47:07,730 - INFO - Best instance 0.8625, class 0.8625 (epoch 43)
Best instance 0.8625, class 0.8625 (epoch 43)
2026-06-24 16:47:07,749 - INFO - Epoch 60/200:
Epoch 60/200:
2026-06-24 16:47:10,475 - INFO - Train loss: 5.0696 (2.7s)
Train loss: 5.0696 (2.7s)
2026-06-24 16:47:10,741 - INFO - Test instance 0.7375, class 0.7375
Test instance 0.7375, class 0.7375
2026-06-24 16:47:10,741 - INFO - Best instance 0.8625, class 0.8625 (epoch 43)
Best instance 0.8625, class 0.8625 (epoch 43)
2026-06-24 16:47:10,759 - INFO - Epoch 61/200:
Epoch 61/200:
2026-06-24 16:47:13,472 - INFO - Train loss: 4.4265 (2.7s)
Train loss: 4.4265 (2.7s)
2026-06-24 16:47:13,738 - INFO - Test instance 0.8250, class 0.8250
Test instance 0.8250, class 0.8250
2026-06-24 16:47:13,738 - INFO - Best instance 0.8625, class 0.8625 (epoch 43)
Best instance 0.8625, class 0.8625 (epoch 43)
2026-06-24 16:47:13,756 - INFO - Epoch 62/200:
Epoch 62/200:
2026-06-24 16:47:16,482 - INFO - Train loss: 4.8710 (2.7s)
Train loss: 4.8710 (2.7s)
2026-06-24 16:47:16,749 - INFO - Test instance 0.7500, class 0.7500
Test instance 0.7500, class 0.7500
2026-06-24 16:47:16,749 - INFO - Best instance 0.8625, class 0.8625 (epoch 43)
Best instance 0.8625, class 0.8625 (epoch 43)
2026-06-24 16:47:16,767 - INFO - Epoch 63/200:
Epoch 63/200:
2026-06-24 16:47:19,474 - INFO - Train loss: 4.8838 (2.7s)
Train loss: 4.8838 (2.7s)
2026-06-24 16:47:19,734 - INFO - Test instance 0.7625, class 0.7625
Test instance 0.7625, class 0.7625
2026-06-24 16:47:19,735 - INFO - Best instance 0.8625, class 0.8625 (epoch 43)
Best instance 0.8625, class 0.8625 (epoch 43)
2026-06-24 16:47:19,753 - INFO - Epoch 64/200:
Epoch 64/200:
2026-06-24 16:47:23,202 - INFO - Train loss: 4.6371 (3.4s)
Train loss: 4.6371 (3.4s)
2026-06-24 16:47:23,477 - INFO - Test instance 0.8750, class 0.8750
Test instance 0.8750, class 0.8750
2026-06-24 16:47:23,494 - INFO - Best instance 0.8750, class 0.8750 (epoch 64)
Best instance 0.8750, class 0.8750 (epoch 64)
2026-06-24 16:47:23,513 - INFO - Epoch 65/200:
Epoch 65/200:
2026-06-24 16:47:26,221 - INFO - Train loss: 4.5120 (2.7s)
Train loss: 4.5120 (2.7s)
2026-06-24 16:47:26,490 - INFO - Test instance 0.8625, class 0.8625
Test instance 0.8625, class 0.8625
2026-06-24 16:47:26,490 - INFO - Best instance 0.8750, class 0.8750 (epoch 64)
Best instance 0.8750, class 0.8750 (epoch 64)
2026-06-24 16:47:26,508 - INFO - Epoch 66/200:
Epoch 66/200:
2026-06-24 16:47:29,213 - INFO - Train loss: 4.5671 (2.7s)
Train loss: 4.5671 (2.7s)
2026-06-24 16:47:29,487 - INFO - Test instance 0.8500, class 0.8500
Test instance 0.8500, class 0.8500
2026-06-24 16:47:29,487 - INFO - Best instance 0.8750, class 0.8750 (epoch 64)
Best instance 0.8750, class 0.8750 (epoch 64)
2026-06-24 16:47:29,505 - INFO - Epoch 67/200:
Epoch 67/200:
2026-06-24 16:47:32,172 - INFO - Train loss: 5.3464 (2.7s)
Train loss: 5.3464 (2.7s)
2026-06-24 16:47:32,437 - INFO - Test instance 0.8500, class 0.8500
Test instance 0.8500, class 0.8500
2026-06-24 16:47:32,438 - INFO - Best instance 0.8750, class 0.8750 (epoch 64)
Best instance 0.8750, class 0.8750 (epoch 64)
2026-06-24 16:47:32,456 - INFO - Epoch 68/200:
Epoch 68/200:
2026-06-24 16:47:35,186 - INFO - Train loss: 4.3451 (2.7s)
Train loss: 4.3451 (2.7s)
2026-06-24 16:47:35,454 - INFO - Test instance 0.8375, class 0.8375
Test instance 0.8375, class 0.8375
2026-06-24 16:47:35,454 - INFO - Best instance 0.8750, class 0.8750 (epoch 64)
Best instance 0.8750, class 0.8750 (epoch 64)
2026-06-24 16:47:35,473 - INFO - Epoch 69/200:
Epoch 69/200:
2026-06-24 16:47:38,203 - INFO - Train loss: 4.6298 (2.7s)
Train loss: 4.6298 (2.7s)
2026-06-24 16:47:38,466 - INFO - Test instance 0.8500, class 0.8500
Test instance 0.8500, class 0.8500
2026-06-24 16:47:38,466 - INFO - Best instance 0.8750, class 0.8750 (epoch 64)
Best instance 0.8750, class 0.8750 (epoch 64)
2026-06-24 16:47:38,484 - INFO - Epoch 70/200:
Epoch 70/200:
2026-06-24 16:47:41,909 - INFO - Train loss: 5.0586 (3.4s)
Train loss: 5.0586 (3.4s)
2026-06-24 16:47:42,239 - INFO - Test instance 0.8875, class 0.8875
Test instance 0.8875, class 0.8875
2026-06-24 16:47:42,260 - INFO - Best instance 0.8875, class 0.8875 (epoch 70)
Best instance 0.8875, class 0.8875 (epoch 70)
2026-06-24 16:47:42,279 - INFO - Epoch 71/200:
Epoch 71/200:
2026-06-24 16:47:44,986 - INFO - Train loss: 4.4771 (2.7s)
Train loss: 4.4771 (2.7s)
2026-06-24 16:47:45,326 - INFO - Test instance 0.8375, class 0.8375
Test instance 0.8375, class 0.8375
2026-06-24 16:47:45,326 - INFO - Best instance 0.8875, class 0.8875 (epoch 70)
Best instance 0.8875, class 0.8875 (epoch 70)
2026-06-24 16:47:45,346 - INFO - Epoch 72/200:
Epoch 72/200:
2026-06-24 16:47:48,082 - INFO - Train loss: 4.4121 (2.7s)
Train loss: 4.4121 (2.7s)
2026-06-24 16:47:48,351 - INFO - Test instance 0.8875, class 0.8875
Test instance 0.8875, class 0.8875
2026-06-24 16:47:48,352 - INFO - Best instance 0.8875, class 0.8875 (epoch 70)
Best instance 0.8875, class 0.8875 (epoch 70)
2026-06-24 16:47:48,387 - INFO - Epoch 73/200:
Epoch 73/200:
2026-06-24 16:47:51,118 - INFO - Train loss: 4.6732 (2.7s)
Train loss: 4.6732 (2.7s)
2026-06-24 16:47:51,377 - INFO - Test instance 0.8875, class 0.8875
Test instance 0.8875, class 0.8875
2026-06-24 16:47:51,377 - INFO - Best instance 0.8875, class 0.8875 (epoch 70)
Best instance 0.8875, class 0.8875 (epoch 70)
2026-06-24 16:47:51,395 - INFO - Epoch 74/200:
Epoch 74/200:
2026-06-24 16:47:54,070 - INFO - Train loss: 4.9979 (2.7s)
Train loss: 4.9979 (2.7s)
2026-06-24 16:47:54,330 - INFO - Test instance 0.8125, class 0.8125
Test instance 0.8125, class 0.8125
2026-06-24 16:47:54,331 - INFO - Best instance 0.8875, class 0.8875 (epoch 70)
Best instance 0.8875, class 0.8875 (epoch 70)
2026-06-24 16:47:54,349 - INFO - Epoch 75/200:
Epoch 75/200:
2026-06-24 16:47:57,090 - INFO - Train loss: 4.4756 (2.7s)
Train loss: 4.4756 (2.7s)
2026-06-24 16:47:57,351 - INFO - Test instance 0.8000, class 0.8000
Test instance 0.8000, class 0.8000
2026-06-24 16:47:57,351 - INFO - Best instance 0.8875, class 0.8875 (epoch 70)
Best instance 0.8875, class 0.8875 (epoch 70)
2026-06-24 16:47:57,370 - INFO - Epoch 76/200:
Epoch 76/200:
2026-06-24 16:48:00,095 - INFO - Train loss: 4.1344 (2.7s)
Train loss: 4.1344 (2.7s)
2026-06-24 16:48:00,348 - INFO - Test instance 0.8500, class 0.8500
Test instance 0.8500, class 0.8500
2026-06-24 16:48:00,348 - INFO - Best instance 0.8875, class 0.8875 (epoch 70)
Best instance 0.8875, class 0.8875 (epoch 70)
2026-06-24 16:48:00,367 - INFO - Epoch 77/200:
Epoch 77/200:
2026-06-24 16:48:03,153 - INFO - Train loss: 5.1194 (2.8s)
Train loss: 5.1194 (2.8s)
2026-06-24 16:48:03,420 - INFO - Test instance 0.8500, class 0.8500
Test instance 0.8500, class 0.8500
2026-06-24 16:48:03,420 - INFO - Best instance 0.8875, class 0.8875 (epoch 70)
Best instance 0.8875, class 0.8875 (epoch 70)
2026-06-24 16:48:03,438 - INFO - Epoch 78/200:
Epoch 78/200:
2026-06-24 16:48:06,868 - INFO - Train loss: 4.2522 (3.4s)
Train loss: 4.2522 (3.4s)
2026-06-24 16:48:07,198 - INFO - Test instance 0.6500, class 0.6500
Test instance 0.6500, class 0.6500
2026-06-24 16:48:07,198 - INFO - Best instance 0.8875, class 0.8875 (epoch 70)
Best instance 0.8875, class 0.8875 (epoch 70)
2026-06-24 16:48:07,219 - INFO - Epoch 79/200:
Epoch 79/200:
2026-06-24 16:48:09,952 - INFO - Train loss: 4.7549 (2.7s)
Train loss: 4.7549 (2.7s)
2026-06-24 16:48:10,285 - INFO - Test instance 0.8750, class 0.8750
Test instance 0.8750, class 0.8750
2026-06-24 16:48:10,286 - INFO - Best instance 0.8875, class 0.8875 (epoch 70)
Best instance 0.8875, class 0.8875 (epoch 70)
2026-06-24 16:48:10,307 - INFO - Epoch 80/200:
Epoch 80/200:
2026-06-24 16:48:13,715 - INFO - Train loss: 4.2808 (3.4s)
Train loss: 4.2808 (3.4s)
2026-06-24 16:48:14,037 - INFO - Test instance 0.9125, class 0.9125
Test instance 0.9125, class 0.9125
2026-06-24 16:48:14,056 - INFO - Best instance 0.9125, class 0.9125 (epoch 80)
Best instance 0.9125, class 0.9125 (epoch 80)
2026-06-24 16:48:14,075 - INFO - Epoch 81/200:
Epoch 81/200:
2026-06-24 16:48:16,770 - INFO - Train loss: 4.1523 (2.7s)
Train loss: 4.1523 (2.7s)
2026-06-24 16:48:17,034 - INFO - Test instance 0.8750, class 0.8750
Test instance 0.8750, class 0.8750
2026-06-24 16:48:17,034 - INFO - Best instance 0.9125, class 0.9125 (epoch 80)
Best instance 0.9125, class 0.9125 (epoch 80)
2026-06-24 16:48:17,052 - INFO - Epoch 82/200:
Epoch 82/200:
2026-06-24 16:48:19,781 - INFO - Train loss: 4.5271 (2.7s)
Train loss: 4.5271 (2.7s)
2026-06-24 16:48:20,049 - INFO - Test instance 0.8500, class 0.8500
Test instance 0.8500, class 0.8500
2026-06-24 16:48:20,049 - INFO - Best instance 0.9125, class 0.9125 (epoch 80)
Best instance 0.9125, class 0.9125 (epoch 80)
2026-06-24 16:48:20,067 - INFO - Epoch 83/200:
Epoch 83/200:
2026-06-24 16:48:22,804 - INFO - Train loss: 4.0060 (2.7s)
Train loss: 4.0060 (2.7s)
2026-06-24 16:48:23,156 - INFO - Test instance 0.8375, class 0.8375
Test instance 0.8375, class 0.8375
2026-06-24 16:48:23,157 - INFO - Best instance 0.9125, class 0.9125 (epoch 80)
Best instance 0.9125, class 0.9125 (epoch 80)
2026-06-24 16:48:23,180 - INFO - Epoch 84/200:
Epoch 84/200:
2026-06-24 16:48:26,630 - INFO - Train loss: 4.7555 (3.4s)
Train loss: 4.7555 (3.4s)
2026-06-24 16:48:26,960 - INFO - Test instance 0.8500, class 0.8500
Test instance 0.8500, class 0.8500
2026-06-24 16:48:26,961 - INFO - Best instance 0.9125, class 0.9125 (epoch 80)
Best instance 0.9125, class 0.9125 (epoch 80)
2026-06-24 16:48:26,981 - INFO - Epoch 85/200:
Epoch 85/200:
2026-06-24 16:48:29,719 - INFO - Train loss: 4.2327 (2.7s)
Train loss: 4.2327 (2.7s)
2026-06-24 16:48:29,979 - INFO - Test instance 0.8375, class 0.8375
Test instance 0.8375, class 0.8375
2026-06-24 16:48:29,979 - INFO - Best instance 0.9125, class 0.9125 (epoch 80)
Best instance 0.9125, class 0.9125 (epoch 80)
2026-06-24 16:48:29,997 - INFO - Epoch 86/200:
Epoch 86/200:
2026-06-24 16:48:32,743 - INFO - Train loss: 4.2433 (2.7s)
Train loss: 4.2433 (2.7s)
2026-06-24 16:48:33,009 - INFO - Test instance 0.9375, class 0.9375
Test instance 0.9375, class 0.9375
2026-06-24 16:48:33,025 - INFO - Best instance 0.9375, class 0.9375 (epoch 86)
Best instance 0.9375, class 0.9375 (epoch 86)
2026-06-24 16:48:33,041 - INFO - Epoch 87/200:
Epoch 87/200:
2026-06-24 16:48:35,791 - INFO - Train loss: 4.2617 (2.7s)
Train loss: 4.2617 (2.7s)
2026-06-24 16:48:36,051 - INFO - Test instance 0.8750, class 0.8750
Test instance 0.8750, class 0.8750
2026-06-24 16:48:36,051 - INFO - Best instance 0.9375, class 0.9375 (epoch 86)
Best instance 0.9375, class 0.9375 (epoch 86)
2026-06-24 16:48:36,068 - INFO - Epoch 88/200:
Epoch 88/200:
2026-06-24 16:48:38,778 - INFO - Train loss: 4.1345 (2.7s)
Train loss: 4.1345 (2.7s)
2026-06-24 16:48:39,119 - INFO - Test instance 0.8750, class 0.8750
Test instance 0.8750, class 0.8750
2026-06-24 16:48:39,119 - INFO - Best instance 0.9375, class 0.9375 (epoch 86)
Best instance 0.9375, class 0.9375 (epoch 86)
2026-06-24 16:48:39,138 - INFO - Epoch 89/200:
Epoch 89/200:
2026-06-24 16:48:41,874 - INFO - Train loss: 3.9809 (2.7s)
Train loss: 3.9809 (2.7s)
2026-06-24 16:48:42,144 - INFO - Test instance 0.9375, class 0.9375
Test instance 0.9375, class 0.9375
2026-06-24 16:48:42,144 - INFO - Best instance 0.9375, class 0.9375 (epoch 86)
Best instance 0.9375, class 0.9375 (epoch 86)
2026-06-24 16:48:42,162 - INFO - Epoch 90/200:
Epoch 90/200:
2026-06-24 16:48:44,900 - INFO - Train loss: 3.9549 (2.7s)
Train loss: 3.9549 (2.7s)
2026-06-24 16:48:45,164 - INFO - Test instance 0.7875, class 0.7875
Test instance 0.7875, class 0.7875
2026-06-24 16:48:45,164 - INFO - Best instance 0.9375, class 0.9375 (epoch 86)
Best instance 0.9375, class 0.9375 (epoch 86)
2026-06-24 16:48:45,181 - INFO - Epoch 91/200:
Epoch 91/200:
2026-06-24 16:48:47,908 - INFO - Train loss: 3.7508 (2.7s)
Train loss: 3.7508 (2.7s)
2026-06-24 16:48:48,166 - INFO - Test instance 0.9000, class 0.9000
Test instance 0.9000, class 0.9000
2026-06-24 16:48:48,166 - INFO - Best instance 0.9375, class 0.9375 (epoch 86)
Best instance 0.9375, class 0.9375 (epoch 86)
2026-06-24 16:48:48,184 - INFO - Epoch 92/200:
Epoch 92/200:
2026-06-24 16:48:51,617 - INFO - Train loss: 4.2894 (3.4s)
Train loss: 4.2894 (3.4s)
2026-06-24 16:48:51,881 - INFO - Test instance 0.9125, class 0.9125
Test instance 0.9125, class 0.9125
2026-06-24 16:48:51,882 - INFO - Best instance 0.9375, class 0.9375 (epoch 86)
Best instance 0.9375, class 0.9375 (epoch 86)
2026-06-24 16:48:51,899 - INFO - Epoch 93/200:
Epoch 93/200:
2026-06-24 16:48:54,628 - INFO - Train loss: 4.2620 (2.7s)
Train loss: 4.2620 (2.7s)
2026-06-24 16:48:54,893 - INFO - Test instance 0.9125, class 0.9125
Test instance 0.9125, class 0.9125
2026-06-24 16:48:54,894 - INFO - Best instance 0.9375, class 0.9375 (epoch 86)
Best instance 0.9375, class 0.9375 (epoch 86)
2026-06-24 16:48:54,911 - INFO - Epoch 94/200:
Epoch 94/200:
2026-06-24 16:48:57,675 - INFO - Train loss: 4.0340 (2.8s)
Train loss: 4.0340 (2.8s)
2026-06-24 16:48:57,933 - INFO - Test instance 0.8250, class 0.8250
Test instance 0.8250, class 0.8250
2026-06-24 16:48:57,933 - INFO - Best instance 0.9375, class 0.9375 (epoch 86)
Best instance 0.9375, class 0.9375 (epoch 86)
2026-06-24 16:48:57,951 - INFO - Epoch 95/200:
Epoch 95/200:
2026-06-24 16:49:00,646 - INFO - Train loss: 4.3820 (2.7s)
Train loss: 4.3820 (2.7s)
2026-06-24 16:49:00,910 - INFO - Test instance 0.8375, class 0.8375
Test instance 0.8375, class 0.8375
2026-06-24 16:49:00,910 - INFO - Best instance 0.9375, class 0.9375 (epoch 86)
Best instance 0.9375, class 0.9375 (epoch 86)
2026-06-24 16:49:00,928 - INFO - Epoch 96/200:
Epoch 96/200:
2026-06-24 16:49:04,460 - INFO - Train loss: 4.1238 (3.5s)
Train loss: 4.1238 (3.5s)
2026-06-24 16:49:04,785 - INFO - Test instance 0.9250, class 0.9250
Test instance 0.9250, class 0.9250
2026-06-24 16:49:04,785 - INFO - Best instance 0.9375, class 0.9375 (epoch 86)
Best instance 0.9375, class 0.9375 (epoch 86)
2026-06-24 16:49:04,804 - INFO - Epoch 97/200:
Epoch 97/200:
2026-06-24 16:49:07,515 - INFO - Train loss: 4.0868 (2.7s)
Train loss: 4.0868 (2.7s)
2026-06-24 16:49:07,781 - INFO - Test instance 0.8875, class 0.8875
Test instance 0.8875, class 0.8875
2026-06-24 16:49:07,782 - INFO - Best instance 0.9375, class 0.9375 (epoch 86)
Best instance 0.9375, class 0.9375 (epoch 86)
2026-06-24 16:49:07,799 - INFO - Epoch 98/200:
Epoch 98/200:
2026-06-24 16:49:10,536 - INFO - Train loss: 4.0698 (2.7s)
Train loss: 4.0698 (2.7s)
2026-06-24 16:49:10,801 - INFO - Test instance 0.9125, class 0.9125
Test instance 0.9125, class 0.9125
2026-06-24 16:49:10,801 - INFO - Best instance 0.9375, class 0.9375 (epoch 86)
Best instance 0.9375, class 0.9375 (epoch 86)
2026-06-24 16:49:10,818 - INFO - Epoch 99/200:
Epoch 99/200:
2026-06-24 16:49:13,561 - INFO - Train loss: 3.8435 (2.7s)
Train loss: 3.8435 (2.7s)
2026-06-24 16:49:13,812 - INFO - Test instance 0.9125, class 0.9125
Test instance 0.9125, class 0.9125
2026-06-24 16:49:13,812 - INFO - Best instance 0.9375, class 0.9375 (epoch 86)
Best instance 0.9375, class 0.9375 (epoch 86)
2026-06-24 16:49:13,829 - INFO - Epoch 100/200:
Epoch 100/200:
2026-06-24 16:49:16,553 - INFO - Train loss: 4.2815 (2.7s)
Train loss: 4.2815 (2.7s)
2026-06-24 16:49:16,894 - INFO - Test instance 0.8625, class 0.8625
Test instance 0.8625, class 0.8625
2026-06-24 16:49:16,894 - INFO - Best instance 0.9375, class 0.9375 (epoch 86)
Best instance 0.9375, class 0.9375 (epoch 86)
2026-06-24 16:49:16,913 - INFO - Epoch 101/200:
Epoch 101/200:
2026-06-24 16:49:20,365 - INFO - Train loss: 4.0517 (3.5s)
Train loss: 4.0517 (3.5s)
2026-06-24 16:49:20,685 - INFO - Test instance 0.9125, class 0.9125
Test instance 0.9125, class 0.9125
2026-06-24 16:49:20,685 - INFO - Best instance 0.9375, class 0.9375 (epoch 86)
Best instance 0.9375, class 0.9375 (epoch 86)
2026-06-24 16:49:20,704 - INFO - Epoch 102/200:
Epoch 102/200:
2026-06-24 16:49:23,407 - INFO - Train loss: 3.8538 (2.7s)
Train loss: 3.8538 (2.7s)
2026-06-24 16:49:23,667 - INFO - Test instance 0.9125, class 0.9125
Test instance 0.9125, class 0.9125
2026-06-24 16:49:23,667 - INFO - Best instance 0.9375, class 0.9375 (epoch 86)
Best instance 0.9375, class 0.9375 (epoch 86)
2026-06-24 16:49:23,684 - INFO - Epoch 103/200:
Epoch 103/200:
2026-06-24 16:49:26,450 - INFO - Train loss: 3.7308 (2.8s)
Train loss: 3.7308 (2.8s)
2026-06-24 16:49:26,785 - INFO - Test instance 0.9125, class 0.9125
Test instance 0.9125, class 0.9125
2026-06-24 16:49:26,785 - INFO - Best instance 0.9375, class 0.9375 (epoch 86)
Best instance 0.9375, class 0.9375 (epoch 86)
2026-06-24 16:49:26,806 - INFO - Epoch 104/200:
Epoch 104/200:
2026-06-24 16:49:29,583 - INFO - Train loss: 3.9007 (2.8s)
Train loss: 3.9007 (2.8s)
2026-06-24 16:49:29,846 - INFO - Test instance 0.9375, class 0.9375
Test instance 0.9375, class 0.9375
2026-06-24 16:49:29,846 - INFO - Best instance 0.9375, class 0.9375 (epoch 86)
Best instance 0.9375, class 0.9375 (epoch 86)
2026-06-24 16:49:29,864 - INFO - Epoch 105/200:
Epoch 105/200:
2026-06-24 16:49:32,622 - INFO - Train loss: 3.9810 (2.8s)
Train loss: 3.9810 (2.8s)
2026-06-24 16:49:32,885 - INFO - Test instance 0.9000, class 0.9000
Test instance 0.9000, class 0.9000
2026-06-24 16:49:32,885 - INFO - Best instance 0.9375, class 0.9375 (epoch 86)
Best instance 0.9375, class 0.9375 (epoch 86)
2026-06-24 16:49:32,911 - INFO - Epoch 106/200:
Epoch 106/200:
2026-06-24 16:49:35,664 - INFO - Train loss: 4.1918 (2.8s)
Train loss: 4.1918 (2.8s)
2026-06-24 16:49:35,923 - INFO - Test instance 0.9375, class 0.9375
Test instance 0.9375, class 0.9375
2026-06-24 16:49:35,924 - INFO - Best instance 0.9375, class 0.9375 (epoch 86)
Best instance 0.9375, class 0.9375 (epoch 86)
2026-06-24 16:49:35,941 - INFO - Epoch 107/200:
Epoch 107/200:
2026-06-24 16:49:38,663 - INFO - Train loss: 4.4322 (2.7s)
Train loss: 4.4322 (2.7s)
2026-06-24 16:49:38,937 - INFO - Test instance 0.9625, class 0.9625
Test instance 0.9625, class 0.9625
2026-06-24 16:49:38,954 - INFO - Best instance 0.9625, class 0.9625 (epoch 107)
Best instance 0.9625, class 0.9625 (epoch 107)
2026-06-24 16:49:38,971 - INFO - Epoch 108/200:
Epoch 108/200:
2026-06-24 16:49:41,679 - INFO - Train loss: 3.6304 (2.7s)
Train loss: 3.6304 (2.7s)
2026-06-24 16:49:41,936 - INFO - Test instance 0.9125, class 0.9125
Test instance 0.9125, class 0.9125
2026-06-24 16:49:41,936 - INFO - Best instance 0.9625, class 0.9625 (epoch 107)
Best instance 0.9625, class 0.9625 (epoch 107)
2026-06-24 16:49:41,955 - INFO - Epoch 109/200:
Epoch 109/200:
2026-06-24 16:49:45,374 - INFO - Train loss: 4.4299 (3.4s)
Train loss: 4.4299 (3.4s)
2026-06-24 16:49:45,643 - INFO - Test instance 0.8750, class 0.8750
Test instance 0.8750, class 0.8750
2026-06-24 16:49:45,643 - INFO - Best instance 0.9625, class 0.9625 (epoch 107)
Best instance 0.9625, class 0.9625 (epoch 107)
2026-06-24 16:49:45,663 - INFO - Epoch 110/200:
Epoch 110/200:
2026-06-24 16:49:48,384 - INFO - Train loss: 4.2821 (2.7s)
Train loss: 4.2821 (2.7s)
2026-06-24 16:49:48,640 - INFO - Test instance 0.9250, class 0.9250
Test instance 0.9250, class 0.9250
2026-06-24 16:49:48,641 - INFO - Best instance 0.9625, class 0.9625 (epoch 107)
Best instance 0.9625, class 0.9625 (epoch 107)
2026-06-24 16:49:48,658 - INFO - Epoch 111/200:
Epoch 111/200:
2026-06-24 16:49:51,422 - INFO - Train loss: 4.4348 (2.8s)
Train loss: 4.4348 (2.8s)
2026-06-24 16:49:51,688 - INFO - Test instance 0.8875, class 0.8875
Test instance 0.8875, class 0.8875
2026-06-24 16:49:51,688 - INFO - Best instance 0.9625, class 0.9625 (epoch 107)
Best instance 0.9625, class 0.9625 (epoch 107)
2026-06-24 16:49:51,706 - INFO - Epoch 112/200:
Epoch 112/200:
2026-06-24 16:49:55,137 - INFO - Train loss: 3.8380 (3.4s)
Train loss: 3.8380 (3.4s)
2026-06-24 16:49:55,402 - INFO - Test instance 0.9000, class 0.9000
Test instance 0.9000, class 0.9000
2026-06-24 16:49:55,402 - INFO - Best instance 0.9625, class 0.9625 (epoch 107)
Best instance 0.9625, class 0.9625 (epoch 107)
2026-06-24 16:49:55,420 - INFO - Epoch 113/200:
Epoch 113/200:
2026-06-24 16:49:58,132 - INFO - Train loss: 4.1867 (2.7s)
Train loss: 4.1867 (2.7s)
2026-06-24 16:49:58,392 - INFO - Test instance 0.9375, class 0.9375
Test instance 0.9375, class 0.9375
2026-06-24 16:49:58,392 - INFO - Best instance 0.9625, class 0.9625 (epoch 107)
Best instance 0.9625, class 0.9625 (epoch 107)
2026-06-24 16:49:58,410 - INFO - Epoch 114/200:
Epoch 114/200:
2026-06-24 16:50:01,894 - INFO - Train loss: 3.9212 (3.5s)
Train loss: 3.9212 (3.5s)
2026-06-24 16:50:02,166 - INFO - Test instance 0.9250, class 0.9250
Test instance 0.9250, class 0.9250
2026-06-24 16:50:02,166 - INFO - Best instance 0.9625, class 0.9625 (epoch 107)
Best instance 0.9625, class 0.9625 (epoch 107)
2026-06-24 16:50:02,184 - INFO - Epoch 115/200:
Epoch 115/200:
2026-06-24 16:50:04,921 - INFO - Train loss: 3.6754 (2.7s)
Train loss: 3.6754 (2.7s)
2026-06-24 16:50:05,260 - INFO - Test instance 0.9125, class 0.9125
Test instance 0.9125, class 0.9125
2026-06-24 16:50:05,260 - INFO - Best instance 0.9625, class 0.9625 (epoch 107)
Best instance 0.9625, class 0.9625 (epoch 107)
2026-06-24 16:50:05,282 - INFO - Epoch 116/200:
Epoch 116/200:
2026-06-24 16:50:07,985 - INFO - Train loss: 3.4823 (2.7s)
Train loss: 3.4823 (2.7s)
2026-06-24 16:50:08,255 - INFO - Test instance 0.9125, class 0.9125
Test instance 0.9125, class 0.9125
2026-06-24 16:50:08,256 - INFO - Best instance 0.9625, class 0.9625 (epoch 107)
Best instance 0.9625, class 0.9625 (epoch 107)
2026-06-24 16:50:08,276 - INFO - Epoch 117/200:
Epoch 117/200:
2026-06-24 16:50:11,736 - INFO - Train loss: 4.0805 (3.5s)
Train loss: 4.0805 (3.5s)
2026-06-24 16:50:12,001 - INFO - Test instance 0.9000, class 0.9000
Test instance 0.9000, class 0.9000
2026-06-24 16:50:12,002 - INFO - Best instance 0.9625, class 0.9625 (epoch 107)
Best instance 0.9625, class 0.9625 (epoch 107)
2026-06-24 16:50:12,021 - INFO - Epoch 118/200:
Epoch 118/200:
2026-06-24 16:50:14,728 - INFO - Train loss: 3.7120 (2.7s)
Train loss: 3.7120 (2.7s)
2026-06-24 16:50:14,989 - INFO - Test instance 0.9625, class 0.9625
Test instance 0.9625, class 0.9625
2026-06-24 16:50:14,989 - INFO - Best instance 0.9625, class 0.9625 (epoch 107)
Best instance 0.9625, class 0.9625 (epoch 107)
2026-06-24 16:50:15,006 - INFO - Epoch 119/200:
Epoch 119/200:
2026-06-24 16:50:17,751 - INFO - Train loss: 3.7662 (2.7s)
Train loss: 3.7662 (2.7s)
2026-06-24 16:50:18,014 - INFO - Test instance 0.9375, class 0.9375
Test instance 0.9375, class 0.9375
2026-06-24 16:50:18,015 - INFO - Best instance 0.9625, class 0.9625 (epoch 107)
Best instance 0.9625, class 0.9625 (epoch 107)
2026-06-24 16:50:18,033 - INFO - Epoch 120/200:
Epoch 120/200:
2026-06-24 16:50:20,800 - INFO - Train loss: 3.4507 (2.8s)
Train loss: 3.4507 (2.8s)
2026-06-24 16:50:21,060 - INFO - Test instance 0.9250, class 0.9250
Test instance 0.9250, class 0.9250
2026-06-24 16:50:21,060 - INFO - Best instance 0.9625, class 0.9625 (epoch 107)
Best instance 0.9625, class 0.9625 (epoch 107)
2026-06-24 16:50:21,079 - INFO - Epoch 121/200:
Epoch 121/200:
2026-06-24 16:50:23,807 - INFO - Train loss: 3.4972 (2.7s)
Train loss: 3.4972 (2.7s)
2026-06-24 16:50:24,072 - INFO - Test instance 0.9250, class 0.9250
Test instance 0.9250, class 0.9250
2026-06-24 16:50:24,072 - INFO - Best instance 0.9625, class 0.9625 (epoch 107)
Best instance 0.9625, class 0.9625 (epoch 107)
2026-06-24 16:50:24,090 - INFO - Epoch 122/200:
Epoch 122/200:
2026-06-24 16:50:26,842 - INFO - Train loss: 3.6983 (2.8s)
Train loss: 3.6983 (2.8s)
2026-06-24 16:50:27,104 - INFO - Test instance 0.9250, class 0.9250
Test instance 0.9250, class 0.9250
2026-06-24 16:50:27,104 - INFO - Best instance 0.9625, class 0.9625 (epoch 107)
Best instance 0.9625, class 0.9625 (epoch 107)
2026-06-24 16:50:27,122 - INFO - Epoch 123/200:
Epoch 123/200:
2026-06-24 16:50:29,865 - INFO - Train loss: 3.6948 (2.7s)
Train loss: 3.6948 (2.7s)
2026-06-24 16:50:30,139 - INFO - Test instance 0.9625, class 0.9625
Test instance 0.9625, class 0.9625
2026-06-24 16:50:30,140 - INFO - Best instance 0.9625, class 0.9625 (epoch 107)
Best instance 0.9625, class 0.9625 (epoch 107)
2026-06-24 16:50:30,157 - INFO - Epoch 124/200:
Epoch 124/200:
2026-06-24 16:50:32,891 - INFO - Train loss: 3.8941 (2.7s)
Train loss: 3.8941 (2.7s)
2026-06-24 16:50:33,155 - INFO - Test instance 0.9250, class 0.9250
Test instance 0.9250, class 0.9250
2026-06-24 16:50:33,156 - INFO - Best instance 0.9625, class 0.9625 (epoch 107)
Best instance 0.9625, class 0.9625 (epoch 107)
2026-06-24 16:50:33,175 - INFO - Epoch 125/200:
Epoch 125/200:
2026-06-24 16:50:35,943 - INFO - Train loss: 3.2738 (2.8s)
Train loss: 3.2738 (2.8s)
2026-06-24 16:50:36,208 - INFO - Test instance 0.9500, class 0.9500
Test instance 0.9500, class 0.9500
2026-06-24 16:50:36,208 - INFO - Best instance 0.9625, class 0.9625 (epoch 107)
Best instance 0.9625, class 0.9625 (epoch 107)
2026-06-24 16:50:36,226 - INFO - Epoch 126/200:
Epoch 126/200:
2026-06-24 16:50:38,976 - INFO - Train loss: 3.7190 (2.7s)
Train loss: 3.7190 (2.7s)
2026-06-24 16:50:39,235 - INFO - Test instance 0.9250, class 0.9250
Test instance 0.9250, class 0.9250
2026-06-24 16:50:39,235 - INFO - Best instance 0.9625, class 0.9625 (epoch 107)
Best instance 0.9625, class 0.9625 (epoch 107)
2026-06-24 16:50:39,254 - INFO - Epoch 127/200:
Epoch 127/200:
2026-06-24 16:50:41,990 - INFO - Train loss: 3.7157 (2.7s)
Train loss: 3.7157 (2.7s)
2026-06-24 16:50:42,252 - INFO - Test instance 0.9125, class 0.9125
Test instance 0.9125, class 0.9125
2026-06-24 16:50:42,253 - INFO - Best instance 0.9625, class 0.9625 (epoch 107)
Best instance 0.9625, class 0.9625 (epoch 107)
2026-06-24 16:50:42,270 - INFO - Epoch 128/200:
Epoch 128/200:
2026-06-24 16:50:45,008 - INFO - Train loss: 3.5269 (2.7s)
Train loss: 3.5269 (2.7s)
2026-06-24 16:50:45,267 - INFO - Test instance 0.9375, class 0.9375
Test instance 0.9375, class 0.9375
2026-06-24 16:50:45,267 - INFO - Best instance 0.9625, class 0.9625 (epoch 107)
Best instance 0.9625, class 0.9625 (epoch 107)
2026-06-24 16:50:45,287 - INFO - Epoch 129/200:
Epoch 129/200:
2026-06-24 16:50:48,030 - INFO - Train loss: 4.2925 (2.7s)
Train loss: 4.2925 (2.7s)
2026-06-24 16:50:48,378 - INFO - Test instance 0.9750, class 0.9750
Test instance 0.9750, class 0.9750
2026-06-24 16:50:48,398 - INFO - Best instance 0.9750, class 0.9750 (epoch 129)
Best instance 0.9750, class 0.9750 (epoch 129)
2026-06-24 16:50:48,417 - INFO - Epoch 130/200:
Epoch 130/200:
2026-06-24 16:50:51,511 - INFO - Train loss: 3.8907 (3.1s)
Train loss: 3.8907 (3.1s)
2026-06-24 16:50:51,840 - INFO - Test instance 0.9250, class 0.9250
Test instance 0.9250, class 0.9250
2026-06-24 16:50:51,841 - INFO - Best instance 0.9750, class 0.9750 (epoch 129)
Best instance 0.9750, class 0.9750 (epoch 129)
2026-06-24 16:50:51,862 - INFO - Epoch 131/200:
Epoch 131/200:
2026-06-24 16:50:54,564 - INFO - Train loss: 3.8508 (2.7s)
Train loss: 3.8508 (2.7s)
2026-06-24 16:50:54,827 - INFO - Test instance 0.9000, class 0.9000
Test instance 0.9000, class 0.9000
2026-06-24 16:50:54,828 - INFO - Best instance 0.9750, class 0.9750 (epoch 129)
Best instance 0.9750, class 0.9750 (epoch 129)
2026-06-24 16:50:54,846 - INFO - Epoch 132/200:
Epoch 132/200:
2026-06-24 16:50:57,580 - INFO - Train loss: 3.5578 (2.7s)
Train loss: 3.5578 (2.7s)
2026-06-24 16:50:57,846 - INFO - Test instance 0.9375, class 0.9375
Test instance 0.9375, class 0.9375
2026-06-24 16:50:57,847 - INFO - Best instance 0.9750, class 0.9750 (epoch 129)
Best instance 0.9750, class 0.9750 (epoch 129)
2026-06-24 16:50:57,873 - INFO - Epoch 133/200:
Epoch 133/200:
2026-06-24 16:51:00,626 - INFO - Train loss: 3.5733 (2.8s)
Train loss: 3.5733 (2.8s)
2026-06-24 16:51:00,895 - INFO - Test instance 0.9500, class 0.9500
Test instance 0.9500, class 0.9500
2026-06-24 16:51:00,895 - INFO - Best instance 0.9750, class 0.9750 (epoch 129)
Best instance 0.9750, class 0.9750 (epoch 129)
2026-06-24 16:51:00,914 - INFO - Epoch 134/200:
Epoch 134/200:
2026-06-24 16:51:03,694 - INFO - Train loss: 3.8975 (2.8s)
Train loss: 3.8975 (2.8s)
2026-06-24 16:51:03,966 - INFO - Test instance 0.9750, class 0.9750
Test instance 0.9750, class 0.9750
2026-06-24 16:51:03,966 - INFO - Best instance 0.9750, class 0.9750 (epoch 129)
Best instance 0.9750, class 0.9750 (epoch 129)
2026-06-24 16:51:03,985 - INFO - Epoch 135/200:
Epoch 135/200:
2026-06-24 16:51:06,697 - INFO - Train loss: 3.5601 (2.7s)
Train loss: 3.5601 (2.7s)
2026-06-24 16:51:06,960 - INFO - Test instance 0.9375, class 0.9375
Test instance 0.9375, class 0.9375
2026-06-24 16:51:06,960 - INFO - Best instance 0.9750, class 0.9750 (epoch 129)
Best instance 0.9750, class 0.9750 (epoch 129)
2026-06-24 16:51:06,977 - INFO - Epoch 136/200:
Epoch 136/200:
2026-06-24 16:51:09,743 - INFO - Train loss: 3.6283 (2.8s)
Train loss: 3.6283 (2.8s)
2026-06-24 16:51:10,010 - INFO - Test instance 0.9000, class 0.9000
Test instance 0.9000, class 0.9000
2026-06-24 16:51:10,010 - INFO - Best instance 0.9750, class 0.9750 (epoch 129)
Best instance 0.9750, class 0.9750 (epoch 129)
2026-06-24 16:51:10,030 - INFO - Epoch 137/200:
Epoch 137/200:
2026-06-24 16:51:12,765 - INFO - Train loss: 3.8089 (2.7s)
Train loss: 3.8089 (2.7s)
2026-06-24 16:51:13,103 - INFO - Test instance 0.9500, class 0.9500
Test instance 0.9500, class 0.9500
2026-06-24 16:51:13,103 - INFO - Best instance 0.9750, class 0.9750 (epoch 129)
Best instance 0.9750, class 0.9750 (epoch 129)
2026-06-24 16:51:13,125 - INFO - Epoch 138/200:
Epoch 138/200:
2026-06-24 16:51:16,532 - INFO - Train loss: 3.7807 (3.4s)
Train loss: 3.7807 (3.4s)
2026-06-24 16:51:16,864 - INFO - Test instance 0.9250, class 0.9250
Test instance 0.9250, class 0.9250
2026-06-24 16:51:16,864 - INFO - Best instance 0.9750, class 0.9750 (epoch 129)
Best instance 0.9750, class 0.9750 (epoch 129)
2026-06-24 16:51:16,886 - INFO - Epoch 139/200:
Epoch 139/200:
2026-06-24 16:51:19,609 - INFO - Train loss: 4.0405 (2.7s)
Train loss: 4.0405 (2.7s)
2026-06-24 16:51:19,873 - INFO - Test instance 0.9375, class 0.9375
Test instance 0.9375, class 0.9375
2026-06-24 16:51:19,874 - INFO - Best instance 0.9750, class 0.9750 (epoch 129)
Best instance 0.9750, class 0.9750 (epoch 129)
2026-06-24 16:51:19,892 - INFO - Epoch 140/200:
Epoch 140/200:
2026-06-24 16:51:22,632 - INFO - Train loss: 4.1923 (2.7s)
Train loss: 4.1923 (2.7s)
2026-06-24 16:51:22,892 - INFO - Test instance 0.9000, class 0.9000
Test instance 0.9000, class 0.9000
2026-06-24 16:51:22,893 - INFO - Best instance 0.9750, class 0.9750 (epoch 129)
Best instance 0.9750, class 0.9750 (epoch 129)
2026-06-24 16:51:22,911 - INFO - Epoch 141/200:
Epoch 141/200:
2026-06-24 16:51:25,622 - INFO - Train loss: 3.7807 (2.7s)
Train loss: 3.7807 (2.7s)
2026-06-24 16:51:25,885 - INFO - Test instance 0.9125, class 0.9125
Test instance 0.9125, class 0.9125
2026-06-24 16:51:25,885 - INFO - Best instance 0.9750, class 0.9750 (epoch 129)
Best instance 0.9750, class 0.9750 (epoch 129)
2026-06-24 16:51:25,903 - INFO - Epoch 142/200:
Epoch 142/200:
2026-06-24 16:51:28,673 - INFO - Train loss: 4.0178 (2.8s)
Train loss: 4.0178 (2.8s)
2026-06-24 16:51:28,926 - INFO - Test instance 0.9125, class 0.9125
Test instance 0.9125, class 0.9125
2026-06-24 16:51:28,927 - INFO - Best instance 0.9750, class 0.9750 (epoch 129)
Best instance 0.9750, class 0.9750 (epoch 129)
2026-06-24 16:51:28,945 - INFO - Epoch 143/200:
Epoch 143/200:
2026-06-24 16:51:31,654 - INFO - Train loss: 3.7955 (2.7s)
Train loss: 3.7955 (2.7s)
2026-06-24 16:51:31,907 - INFO - Test instance 0.9375, class 0.9375
Test instance 0.9375, class 0.9375
2026-06-24 16:51:31,907 - INFO - Best instance 0.9750, class 0.9750 (epoch 129)
Best instance 0.9750, class 0.9750 (epoch 129)
2026-06-24 16:51:31,925 - INFO - Epoch 144/200:
Epoch 144/200:
2026-06-24 16:51:34,626 - INFO - Train loss: 3.9885 (2.7s)
Train loss: 3.9885 (2.7s)
2026-06-24 16:51:34,877 - INFO - Test instance 0.9875, class 0.9875
Test instance 0.9875, class 0.9875
2026-06-24 16:51:34,895 - INFO - Best instance 0.9875, class 0.9875 (epoch 144)
Best instance 0.9875, class 0.9875 (epoch 144)
2026-06-24 16:51:34,911 - INFO - Epoch 145/200:
Epoch 145/200:
2026-06-24 16:51:37,563 - INFO - Train loss: 3.7652 (2.7s)
Train loss: 3.7652 (2.7s)
2026-06-24 16:51:37,906 - INFO - Test instance 0.9625, class 0.9625
Test instance 0.9625, class 0.9625
2026-06-24 16:51:37,906 - INFO - Best instance 0.9875, class 0.9875 (epoch 144)
Best instance 0.9875, class 0.9875 (epoch 144)
2026-06-24 16:51:37,927 - INFO - Epoch 146/200:
Epoch 146/200:
2026-06-24 16:51:40,653 - INFO - Train loss: 3.7406 (2.7s)
Train loss: 3.7406 (2.7s)
2026-06-24 16:51:40,922 - INFO - Test instance 0.9625, class 0.9625
Test instance 0.9625, class 0.9625
2026-06-24 16:51:40,922 - INFO - Best instance 0.9875, class 0.9875 (epoch 144)
Best instance 0.9875, class 0.9875 (epoch 144)
2026-06-24 16:51:40,941 - INFO - Epoch 147/200:
Epoch 147/200:
2026-06-24 16:51:43,676 - INFO - Train loss: 3.9284 (2.7s)
Train loss: 3.9284 (2.7s)
2026-06-24 16:51:43,939 - INFO - Test instance 0.9375, class 0.9375
Test instance 0.9375, class 0.9375
2026-06-24 16:51:43,939 - INFO - Best instance 0.9875, class 0.9875 (epoch 144)
Best instance 0.9875, class 0.9875 (epoch 144)
2026-06-24 16:51:43,957 - INFO - Epoch 148/200:
Epoch 148/200:
2026-06-24 16:51:47,372 - INFO - Train loss: 3.7674 (3.4s)
Train loss: 3.7674 (3.4s)
2026-06-24 16:51:47,643 - INFO - Test instance 0.9000, class 0.9000
Test instance 0.9000, class 0.9000
2026-06-24 16:51:47,643 - INFO - Best instance 0.9875, class 0.9875 (epoch 144)
Best instance 0.9875, class 0.9875 (epoch 144)
2026-06-24 16:51:47,662 - INFO - Epoch 149/200:
Epoch 149/200:
2026-06-24 16:51:51,095 - INFO - Train loss: 3.5228 (3.4s)
Train loss: 3.5228 (3.4s)
2026-06-24 16:51:51,368 - INFO - Test instance 0.9750, class 0.9750
Test instance 0.9750, class 0.9750
2026-06-24 16:51:51,368 - INFO - Best instance 0.9875, class 0.9875 (epoch 144)
Best instance 0.9875, class 0.9875 (epoch 144)
2026-06-24 16:51:51,387 - INFO - Epoch 150/200:
Epoch 150/200:
2026-06-24 16:51:54,101 - INFO - Train loss: 3.4711 (2.7s)
Train loss: 3.4711 (2.7s)
2026-06-24 16:51:54,360 - INFO - Test instance 0.9500, class 0.9500
Test instance 0.9500, class 0.9500
2026-06-24 16:51:54,360 - INFO - Best instance 0.9875, class 0.9875 (epoch 144)
Best instance 0.9875, class 0.9875 (epoch 144)
2026-06-24 16:51:54,379 - INFO - Epoch 151/200:
Epoch 151/200:
2026-06-24 16:51:57,097 - INFO - Train loss: 3.5470 (2.7s)
Train loss: 3.5470 (2.7s)
2026-06-24 16:51:57,352 - INFO - Test instance 0.9750, class 0.9750
Test instance 0.9750, class 0.9750
2026-06-24 16:51:57,352 - INFO - Best instance 0.9875, class 0.9875 (epoch 144)
Best instance 0.9875, class 0.9875 (epoch 144)
2026-06-24 16:51:57,371 - INFO - Epoch 152/200:
Epoch 152/200:
2026-06-24 16:52:00,078 - INFO - Train loss: 3.5249 (2.7s)
Train loss: 3.5249 (2.7s)
2026-06-24 16:52:00,348 - INFO - Test instance 0.9375, class 0.9375
Test instance 0.9375, class 0.9375
2026-06-24 16:52:00,349 - INFO - Best instance 0.9875, class 0.9875 (epoch 144)
Best instance 0.9875, class 0.9875 (epoch 144)
2026-06-24 16:52:00,368 - INFO - Epoch 153/200:
Epoch 153/200:
2026-06-24 16:52:03,148 - INFO - Train loss: 4.0683 (2.8s)
Train loss: 4.0683 (2.8s)
2026-06-24 16:52:03,415 - INFO - Test instance 0.9125, class 0.9125
Test instance 0.9125, class 0.9125
2026-06-24 16:52:03,415 - INFO - Best instance 0.9875, class 0.9875 (epoch 144)
Best instance 0.9875, class 0.9875 (epoch 144)
2026-06-24 16:52:03,433 - INFO - Epoch 154/200:
Epoch 154/200:
2026-06-24 16:52:06,164 - INFO - Train loss: 3.5394 (2.7s)
Train loss: 3.5394 (2.7s)
2026-06-24 16:52:06,418 - INFO - Test instance 0.9625, class 0.9625
Test instance 0.9625, class 0.9625
2026-06-24 16:52:06,418 - INFO - Best instance 0.9875, class 0.9875 (epoch 144)
Best instance 0.9875, class 0.9875 (epoch 144)
2026-06-24 16:52:06,436 - INFO - Epoch 155/200:
Epoch 155/200:
2026-06-24 16:52:09,145 - INFO - Train loss: 3.6689 (2.7s)
Train loss: 3.6689 (2.7s)
2026-06-24 16:52:09,402 - INFO - Test instance 0.9750, class 0.9750
Test instance 0.9750, class 0.9750
2026-06-24 16:52:09,403 - INFO - Best instance 0.9875, class 0.9875 (epoch 144)
Best instance 0.9875, class 0.9875 (epoch 144)
2026-06-24 16:52:09,420 - INFO - Epoch 156/200:
Epoch 156/200:
2026-06-24 16:52:12,144 - INFO - Train loss: 3.7705 (2.7s)
Train loss: 3.7705 (2.7s)
2026-06-24 16:52:12,406 - INFO - Test instance 0.9250, class 0.9250
Test instance 0.9250, class 0.9250
2026-06-24 16:52:12,406 - INFO - Best instance 0.9875, class 0.9875 (epoch 144)
Best instance 0.9875, class 0.9875 (epoch 144)
2026-06-24 16:52:12,424 - INFO - Epoch 157/200:
Epoch 157/200:
2026-06-24 16:52:15,146 - INFO - Train loss: 3.6946 (2.7s)
Train loss: 3.6946 (2.7s)
2026-06-24 16:52:15,413 - INFO - Test instance 0.9250, class 0.9250
Test instance 0.9250, class 0.9250
2026-06-24 16:52:15,413 - INFO - Best instance 0.9875, class 0.9875 (epoch 144)
Best instance 0.9875, class 0.9875 (epoch 144)
2026-06-24 16:52:15,431 - INFO - Epoch 158/200:
Epoch 158/200:
2026-06-24 16:52:18,143 - INFO - Train loss: 3.6489 (2.7s)
Train loss: 3.6489 (2.7s)
2026-06-24 16:52:18,397 - INFO - Test instance 0.9125, class 0.9125
Test instance 0.9125, class 0.9125
2026-06-24 16:52:18,397 - INFO - Best instance 0.9875, class 0.9875 (epoch 144)
Best instance 0.9875, class 0.9875 (epoch 144)
2026-06-24 16:52:18,424 - INFO - Epoch 159/200:
Epoch 159/200:
2026-06-24 16:52:21,135 - INFO - Train loss: 3.6844 (2.7s)
Train loss: 3.6844 (2.7s)
2026-06-24 16:52:21,480 - INFO - Test instance 0.9250, class 0.9250
Test instance 0.9250, class 0.9250
2026-06-24 16:52:21,480 - INFO - Best instance 0.9875, class 0.9875 (epoch 144)
Best instance 0.9875, class 0.9875 (epoch 144)
2026-06-24 16:52:21,527 - INFO - Epoch 160/200:
Epoch 160/200:
2026-06-24 16:52:24,990 - INFO - Train loss: 3.5015 (3.5s)
Train loss: 3.5015 (3.5s)
2026-06-24 16:52:25,253 - INFO - Test instance 0.9750, class 0.9750
Test instance 0.9750, class 0.9750
2026-06-24 16:52:25,253 - INFO - Best instance 0.9875, class 0.9875 (epoch 144)
Best instance 0.9875, class 0.9875 (epoch 144)
2026-06-24 16:52:25,272 - INFO - Epoch 161/200:
Epoch 161/200:
2026-06-24 16:52:28,004 - INFO - Train loss: 3.4738 (2.7s)
Train loss: 3.4738 (2.7s)
2026-06-24 16:52:28,258 - INFO - Test instance 0.9500, class 0.9500
Test instance 0.9500, class 0.9500
2026-06-24 16:52:28,259 - INFO - Best instance 0.9875, class 0.9875 (epoch 144)
Best instance 0.9875, class 0.9875 (epoch 144)
2026-06-24 16:52:28,277 - INFO - Epoch 162/200:
Epoch 162/200:
2026-06-24 16:52:30,993 - INFO - Train loss: 3.5502 (2.7s)
Train loss: 3.5502 (2.7s)
2026-06-24 16:52:31,261 - INFO - Test instance 0.9625, class 0.9625
Test instance 0.9625, class 0.9625
2026-06-24 16:52:31,262 - INFO - Best instance 0.9875, class 0.9875 (epoch 144)
Best instance 0.9875, class 0.9875 (epoch 144)
2026-06-24 16:52:31,280 - INFO - Epoch 163/200:
Epoch 163/200:
2026-06-24 16:52:34,768 - INFO - Train loss: 3.6154 (3.5s)
Train loss: 3.6154 (3.5s)
2026-06-24 16:52:35,032 - INFO - Test instance 0.9125, class 0.9125
Test instance 0.9125, class 0.9125
2026-06-24 16:52:35,032 - INFO - Best instance 0.9875, class 0.9875 (epoch 144)
Best instance 0.9875, class 0.9875 (epoch 144)
2026-06-24 16:52:35,050 - INFO - Epoch 164/200:
Epoch 164/200:
2026-06-24 16:52:37,776 - INFO - Train loss: 3.4935 (2.7s)
Train loss: 3.4935 (2.7s)
2026-06-24 16:52:38,036 - INFO - Test instance 0.9375, class 0.9375
Test instance 0.9375, class 0.9375
2026-06-24 16:52:38,036 - INFO - Best instance 0.9875, class 0.9875 (epoch 144)
Best instance 0.9875, class 0.9875 (epoch 144)
2026-06-24 16:52:38,054 - INFO - Epoch 165/200:
Epoch 165/200:
2026-06-24 16:52:40,798 - INFO - Train loss: 3.7456 (2.7s)
Train loss: 3.7456 (2.7s)
2026-06-24 16:52:41,061 - INFO - Test instance 0.9625, class 0.9625
Test instance 0.9625, class 0.9625
2026-06-24 16:52:41,061 - INFO - Best instance 0.9875, class 0.9875 (epoch 144)
Best instance 0.9875, class 0.9875 (epoch 144)
2026-06-24 16:52:41,079 - INFO - Epoch 166/200:
Epoch 166/200:
2026-06-24 16:52:43,802 - INFO - Train loss: 3.9412 (2.7s)
Train loss: 3.9412 (2.7s)
2026-06-24 16:52:44,061 - INFO - Test instance 0.9375, class 0.9375
Test instance 0.9375, class 0.9375
2026-06-24 16:52:44,061 - INFO - Best instance 0.9875, class 0.9875 (epoch 144)
Best instance 0.9875, class 0.9875 (epoch 144)
2026-06-24 16:52:44,080 - INFO - Epoch 167/200:
Epoch 167/200:
2026-06-24 16:52:46,814 - INFO - Train loss: 3.4464 (2.7s)
Train loss: 3.4464 (2.7s)
2026-06-24 16:52:47,072 - INFO - Test instance 0.8875, class 0.8875
Test instance 0.8875, class 0.8875
2026-06-24 16:52:47,072 - INFO - Best instance 0.9875, class 0.9875 (epoch 144)
Best instance 0.9875, class 0.9875 (epoch 144)
2026-06-24 16:52:47,090 - INFO - Epoch 168/200:
Epoch 168/200:
2026-06-24 16:52:49,846 - INFO - Train loss: 3.2762 (2.8s)
Train loss: 3.2762 (2.8s)
2026-06-24 16:52:50,107 - INFO - Test instance 0.9250, class 0.9250
Test instance 0.9250, class 0.9250
2026-06-24 16:52:50,107 - INFO - Best instance 0.9875, class 0.9875 (epoch 144)
Best instance 0.9875, class 0.9875 (epoch 144)
2026-06-24 16:52:50,125 - INFO - Epoch 169/200:
Epoch 169/200:
2026-06-24 16:52:53,540 - INFO - Train loss: 3.4124 (3.4s)
Train loss: 3.4124 (3.4s)
2026-06-24 16:52:53,808 - INFO - Test instance 0.9125, class 0.9125
Test instance 0.9125, class 0.9125
2026-06-24 16:52:53,808 - INFO - Best instance 0.9875, class 0.9875 (epoch 144)
Best instance 0.9875, class 0.9875 (epoch 144)
2026-06-24 16:52:53,826 - INFO - Epoch 170/200:
Epoch 170/200:
2026-06-24 16:52:56,561 - INFO - Train loss: 3.7189 (2.7s)
Train loss: 3.7189 (2.7s)
2026-06-24 16:52:56,826 - INFO - Test instance 0.9500, class 0.9500
Test instance 0.9500, class 0.9500
2026-06-24 16:52:56,827 - INFO - Best instance 0.9875, class 0.9875 (epoch 144)
Best instance 0.9875, class 0.9875 (epoch 144)
2026-06-24 16:52:56,856 - INFO - Epoch 171/200:
Epoch 171/200:
2026-06-24 16:52:59,589 - INFO - Train loss: 3.7315 (2.7s)
Train loss: 3.7315 (2.7s)
2026-06-24 16:52:59,922 - INFO - Test instance 0.9500, class 0.9500
Test instance 0.9500, class 0.9500
2026-06-24 16:52:59,922 - INFO - Best instance 0.9875, class 0.9875 (epoch 144)
Best instance 0.9875, class 0.9875 (epoch 144)
2026-06-24 16:52:59,942 - INFO - Epoch 172/200:
Epoch 172/200:
2026-06-24 16:53:02,697 - INFO - Train loss: 3.5806 (2.8s)
Train loss: 3.5806 (2.8s)
2026-06-24 16:53:02,956 - INFO - Test instance 0.9375, class 0.9375
Test instance 0.9375, class 0.9375
2026-06-24 16:53:02,956 - INFO - Best instance 0.9875, class 0.9875 (epoch 144)
Best instance 0.9875, class 0.9875 (epoch 144)
2026-06-24 16:53:02,976 - INFO - Epoch 173/200:
Epoch 173/200:
2026-06-24 16:53:05,735 - INFO - Train loss: 3.5991 (2.8s)
Train loss: 3.5991 (2.8s)
2026-06-24 16:53:05,997 - INFO - Test instance 0.9375, class 0.9375
Test instance 0.9375, class 0.9375
2026-06-24 16:53:05,998 - INFO - Best instance 0.9875, class 0.9875 (epoch 144)
Best instance 0.9875, class 0.9875 (epoch 144)
2026-06-24 16:53:06,015 - INFO - Epoch 174/200:
Epoch 174/200:
2026-06-24 16:53:08,771 - INFO - Train loss: 3.7472 (2.8s)
Train loss: 3.7472 (2.8s)
2026-06-24 16:53:09,034 - INFO - Test instance 0.9625, class 0.9625
Test instance 0.9625, class 0.9625
2026-06-24 16:53:09,034 - INFO - Best instance 0.9875, class 0.9875 (epoch 144)
Best instance 0.9875, class 0.9875 (epoch 144)
2026-06-24 16:53:09,051 - INFO - Epoch 175/200:
Epoch 175/200:
2026-06-24 16:53:11,784 - INFO - Train loss: 4.0805 (2.7s)
Train loss: 4.0805 (2.7s)
2026-06-24 16:53:12,044 - INFO - Test instance 0.9375, class 0.9375
Test instance 0.9375, class 0.9375
2026-06-24 16:53:12,044 - INFO - Best instance 0.9875, class 0.9875 (epoch 144)
Best instance 0.9875, class 0.9875 (epoch 144)
2026-06-24 16:53:12,061 - INFO - Epoch 176/200:
Epoch 176/200:
2026-06-24 16:53:14,783 - INFO - Train loss: 3.1977 (2.7s)
Train loss: 3.1977 (2.7s)
2026-06-24 16:53:15,038 - INFO - Test instance 0.9500, class 0.9500
Test instance 0.9500, class 0.9500
2026-06-24 16:53:15,038 - INFO - Best instance 0.9875, class 0.9875 (epoch 144)
Best instance 0.9875, class 0.9875 (epoch 144)
2026-06-24 16:53:15,055 - INFO - Epoch 177/200:
Epoch 177/200:
2026-06-24 16:53:18,501 - INFO - Train loss: 3.7123 (3.4s)
Train loss: 3.7123 (3.4s)
2026-06-24 16:53:18,771 - INFO - Test instance 0.9500, class 0.9500
Test instance 0.9500, class 0.9500
2026-06-24 16:53:18,771 - INFO - Best instance 0.9875, class 0.9875 (epoch 144)
Best instance 0.9875, class 0.9875 (epoch 144)
2026-06-24 16:53:18,788 - INFO - Epoch 178/200:
Epoch 178/200:
2026-06-24 16:53:21,499 - INFO - Train loss: 3.0929 (2.7s)
Train loss: 3.0929 (2.7s)
2026-06-24 16:53:21,769 - INFO - Test instance 0.9375, class 0.9375
Test instance 0.9375, class 0.9375
2026-06-24 16:53:21,770 - INFO - Best instance 0.9875, class 0.9875 (epoch 144)
Best instance 0.9875, class 0.9875 (epoch 144)
2026-06-24 16:53:21,787 - INFO - Epoch 179/200:
Epoch 179/200:
2026-06-24 16:53:24,489 - INFO - Train loss: 3.3268 (2.7s)
Train loss: 3.3268 (2.7s)
2026-06-24 16:53:24,744 - INFO - Test instance 0.9500, class 0.9500
Test instance 0.9500, class 0.9500
2026-06-24 16:53:24,744 - INFO - Best instance 0.9875, class 0.9875 (epoch 144)
Best instance 0.9875, class 0.9875 (epoch 144)
2026-06-24 16:53:24,762 - INFO - Epoch 180/200:
Epoch 180/200:
2026-06-24 16:53:27,480 - INFO - Train loss: 3.6351 (2.7s)
Train loss: 3.6351 (2.7s)
2026-06-24 16:53:27,738 - INFO - Test instance 0.9125, class 0.9125
Test instance 0.9125, class 0.9125
2026-06-24 16:53:27,739 - INFO - Best instance 0.9875, class 0.9875 (epoch 144)
Best instance 0.9875, class 0.9875 (epoch 144)
2026-06-24 16:53:27,757 - INFO - Epoch 181/200:
Epoch 181/200:
2026-06-24 16:53:31,192 - INFO - Train loss: 3.3569 (3.4s)
Train loss: 3.3569 (3.4s)
2026-06-24 16:53:31,521 - INFO - Test instance 0.9625, class 0.9625
Test instance 0.9625, class 0.9625
2026-06-24 16:53:31,522 - INFO - Best instance 0.9875, class 0.9875 (epoch 144)
Best instance 0.9875, class 0.9875 (epoch 144)
2026-06-24 16:53:31,544 - INFO - Epoch 182/200:
Epoch 182/200:
2026-06-24 16:53:35,005 - INFO - Train loss: 3.7242 (3.5s)
Train loss: 3.7242 (3.5s)
2026-06-24 16:53:35,332 - INFO - Test instance 0.9750, class 0.9750
Test instance 0.9750, class 0.9750
2026-06-24 16:53:35,332 - INFO - Best instance 0.9875, class 0.9875 (epoch 144)
Best instance 0.9875, class 0.9875 (epoch 144)
2026-06-24 16:53:35,351 - INFO - Epoch 183/200:
Epoch 183/200:
2026-06-24 16:53:38,064 - INFO - Train loss: 3.4035 (2.7s)
Train loss: 3.4035 (2.7s)
2026-06-24 16:53:38,320 - INFO - Test instance 0.9500, class 0.9500
Test instance 0.9500, class 0.9500
2026-06-24 16:53:38,320 - INFO - Best instance 0.9875, class 0.9875 (epoch 144)
Best instance 0.9875, class 0.9875 (epoch 144)
2026-06-24 16:53:38,338 - INFO - Epoch 184/200:
Epoch 184/200:
2026-06-24 16:53:41,051 - INFO - Train loss: 3.2611 (2.7s)
Train loss: 3.2611 (2.7s)
2026-06-24 16:53:41,312 - INFO - Test instance 0.9625, class 0.9625
Test instance 0.9625, class 0.9625
2026-06-24 16:53:41,313 - INFO - Best instance 0.9875, class 0.9875 (epoch 144)
Best instance 0.9875, class 0.9875 (epoch 144)
2026-06-24 16:53:41,331 - INFO - Epoch 185/200:
Epoch 185/200:
2026-06-24 16:53:44,075 - INFO - Train loss: 3.5146 (2.7s)
Train loss: 3.5146 (2.7s)
2026-06-24 16:53:44,337 - INFO - Test instance 0.9250, class 0.9250
Test instance 0.9250, class 0.9250
2026-06-24 16:53:44,337 - INFO - Best instance 0.9875, class 0.9875 (epoch 144)
Best instance 0.9875, class 0.9875 (epoch 144)
2026-06-24 16:53:44,357 - INFO - Epoch 186/200:
Epoch 186/200:
2026-06-24 16:53:47,060 - INFO - Train loss: 3.4551 (2.7s)
Train loss: 3.4551 (2.7s)
2026-06-24 16:53:47,329 - INFO - Test instance 0.9250, class 0.9250
Test instance 0.9250, class 0.9250
2026-06-24 16:53:47,329 - INFO - Best instance 0.9875, class 0.9875 (epoch 144)
Best instance 0.9875, class 0.9875 (epoch 144)
2026-06-24 16:53:47,346 - INFO - Epoch 187/200:
Epoch 187/200:
2026-06-24 16:53:50,070 - INFO - Train loss: 3.9718 (2.7s)
Train loss: 3.9718 (2.7s)
2026-06-24 16:53:50,329 - INFO - Test instance 0.9375, class 0.9375
Test instance 0.9375, class 0.9375
2026-06-24 16:53:50,330 - INFO - Best instance 0.9875, class 0.9875 (epoch 144)
Best instance 0.9875, class 0.9875 (epoch 144)
2026-06-24 16:53:50,347 - INFO - Epoch 188/200:
Epoch 188/200:
2026-06-24 16:53:53,046 - INFO - Train loss: 3.4379 (2.7s)
Train loss: 3.4379 (2.7s)
2026-06-24 16:53:53,310 - INFO - Test instance 0.9500, class 0.9500
Test instance 0.9500, class 0.9500
2026-06-24 16:53:53,310 - INFO - Best instance 0.9875, class 0.9875 (epoch 144)
Best instance 0.9875, class 0.9875 (epoch 144)
2026-06-24 16:53:53,328 - INFO - Epoch 189/200:
Epoch 189/200:
2026-06-24 16:53:56,773 - INFO - Train loss: 3.5511 (3.4s)
Train loss: 3.5511 (3.4s)
2026-06-24 16:53:57,024 - INFO - Test instance 0.9250, class 0.9250
Test instance 0.9250, class 0.9250
2026-06-24 16:53:57,024 - INFO - Best instance 0.9875, class 0.9875 (epoch 144)
Best instance 0.9875, class 0.9875 (epoch 144)
2026-06-24 16:53:57,041 - INFO - Epoch 190/200:
Epoch 190/200:
2026-06-24 16:53:59,754 - INFO - Train loss: 3.2899 (2.7s)
Train loss: 3.2899 (2.7s)
2026-06-24 16:54:00,023 - INFO - Test instance 0.9375, class 0.9375
Test instance 0.9375, class 0.9375
2026-06-24 16:54:00,024 - INFO - Best instance 0.9875, class 0.9875 (epoch 144)
Best instance 0.9875, class 0.9875 (epoch 144)
2026-06-24 16:54:00,041 - INFO - Epoch 191/200:
Epoch 191/200:
2026-06-24 16:54:02,812 - INFO - Train loss: 3.6036 (2.8s)
Train loss: 3.6036 (2.8s)
2026-06-24 16:54:03,077 - INFO - Test instance 0.9750, class 0.9750
Test instance 0.9750, class 0.9750
2026-06-24 16:54:03,077 - INFO - Best instance 0.9875, class 0.9875 (epoch 144)
Best instance 0.9875, class 0.9875 (epoch 144)
2026-06-24 16:54:03,094 - INFO - Epoch 192/200:
Epoch 192/200:
2026-06-24 16:54:05,828 - INFO - Train loss: 3.3958 (2.7s)
Train loss: 3.3958 (2.7s)
2026-06-24 16:54:06,101 - INFO - Test instance 0.9500, class 0.9500
Test instance 0.9500, class 0.9500
2026-06-24 16:54:06,102 - INFO - Best instance 0.9875, class 0.9875 (epoch 144)
Best instance 0.9875, class 0.9875 (epoch 144)
2026-06-24 16:54:06,120 - INFO - Epoch 193/200:
Epoch 193/200:
2026-06-24 16:54:08,809 - INFO - Train loss: 3.5268 (2.7s)
Train loss: 3.5268 (2.7s)
2026-06-24 16:54:09,072 - INFO - Test instance 0.9500, class 0.9500
Test instance 0.9500, class 0.9500
2026-06-24 16:54:09,072 - INFO - Best instance 0.9875, class 0.9875 (epoch 144)
Best instance 0.9875, class 0.9875 (epoch 144)
2026-06-24 16:54:09,089 - INFO - Epoch 194/200:
Epoch 194/200:
2026-06-24 16:54:11,843 - INFO - Train loss: 3.6596 (2.8s)
Train loss: 3.6596 (2.8s)
2026-06-24 16:54:12,107 - INFO - Test instance 0.9625, class 0.9625
Test instance 0.9625, class 0.9625
2026-06-24 16:54:12,107 - INFO - Best instance 0.9875, class 0.9875 (epoch 144)
Best instance 0.9875, class 0.9875 (epoch 144)
2026-06-24 16:54:12,126 - INFO - Epoch 195/200:
Epoch 195/200:
2026-06-24 16:54:15,600 - INFO - Train loss: 3.3789 (3.5s)
Train loss: 3.3789 (3.5s)
2026-06-24 16:54:15,927 - INFO - Test instance 0.9375, class 0.9375
Test instance 0.9375, class 0.9375
2026-06-24 16:54:15,927 - INFO - Best instance 0.9875, class 0.9875 (epoch 144)
Best instance 0.9875, class 0.9875 (epoch 144)
2026-06-24 16:54:15,947 - INFO - Epoch 196/200:
Epoch 196/200:
2026-06-24 16:54:18,659 - INFO - Train loss: 3.2713 (2.7s)
Train loss: 3.2713 (2.7s)
2026-06-24 16:54:18,920 - INFO - Test instance 0.9500, class 0.9500
Test instance 0.9500, class 0.9500
2026-06-24 16:54:18,920 - INFO - Best instance 0.9875, class 0.9875 (epoch 144)
Best instance 0.9875, class 0.9875 (epoch 144)
2026-06-24 16:54:18,937 - INFO - Epoch 197/200:
Epoch 197/200:
2026-06-24 16:54:21,679 - INFO - Train loss: 3.3796 (2.7s)
Train loss: 3.3796 (2.7s)
2026-06-24 16:54:21,940 - INFO - Test instance 0.9625, class 0.9625
Test instance 0.9625, class 0.9625
2026-06-24 16:54:21,940 - INFO - Best instance 0.9875, class 0.9875 (epoch 144)
Best instance 0.9875, class 0.9875 (epoch 144)
2026-06-24 16:54:21,958 - INFO - Epoch 198/200:
Epoch 198/200:
2026-06-24 16:54:24,702 - INFO - Train loss: 3.6100 (2.7s)
Train loss: 3.6100 (2.7s)
2026-06-24 16:54:24,974 - INFO - Test instance 0.9625, class 0.9625
Test instance 0.9625, class 0.9625
2026-06-24 16:54:24,975 - INFO - Best instance 0.9875, class 0.9875 (epoch 144)
Best instance 0.9875, class 0.9875 (epoch 144)
2026-06-24 16:54:24,992 - INFO - Epoch 199/200:
Epoch 199/200:
2026-06-24 16:54:27,711 - INFO - Train loss: 3.5316 (2.7s)
Train loss: 3.5316 (2.7s)
2026-06-24 16:54:27,983 - INFO - Test instance 0.9250, class 0.9250
Test instance 0.9250, class 0.9250
2026-06-24 16:54:27,983 - INFO - Best instance 0.9875, class 0.9875 (epoch 144)
Best instance 0.9875, class 0.9875 (epoch 144)
2026-06-24 16:54:28,000 - INFO - Epoch 200/200:
Epoch 200/200:
2026-06-24 16:54:30,711 - INFO - Train loss: 3.3463 (2.7s)
Train loss: 3.3463 (2.7s)
2026-06-24 16:54:30,980 - INFO - Test instance 0.9375, class 0.9375
Test instance 0.9375, class 0.9375
2026-06-24 16:54:30,980 - INFO - Best instance 0.9875, class 0.9875 (epoch 144)
Best instance 0.9875, class 0.9875 (epoch 144)
2026-06-24 16:54:52,346 - INFO - Student 1.42 MB, 63.76 ms
Student 1.42 MB, 63.76 ms
