[Wed Jun 24 16:37:08 EDT 2026] task 11 on GPU 0: python flkd/advanced_kd_train_classification.py --teacher_model pointnet2_cls_ssg --student_model small_pointnet2 --kd_strategy self --dataset craniosynostosis --seed 7 --batch_size 24 --epoch 200 --num_point 1024 --teacher_path "outputs/craniosynostosis/classification/pointnet2_cls_ssg_s7/checkpoints/best_model.pth" --log_dir kd_pointnet2_cls_ssg_self_small_pointnet2_s7  --data_root data --output_root outputs --num_workers -1 --max_runtime_hours 166.0
Loaded teacher from outputs/craniosynostosis/classification/pointnet2_cls_ssg_s7/checkpoints/best_model.pth
2026-06-24 16:41:01,064 - INFO - PARAMETER ...
2026-06-24 16:41:01,065 - INFO - {'use_cpu': False, 'no_amp': False, 'gpu': '0', 'num_workers': -1, 'batch_size': 24, 'teacher_model': 'pointnet2_cls_ssg', 'student_model': 'small_pointnet2', 'num_category': 4, 'dataset': 'craniosynostosis', 'data_root': 'data', 'output_root': 'outputs', 'train_split': 0.8, 'dataset_seed': 0, 'cache_dataset': True, 'min_class_samples': 1, 'epoch': 200, 'learning_rate': 0.001, 'num_point': 1024, 'optimizer': 'Adam', 'log_dir': 'kd_pointnet2_cls_ssg_self_small_pointnet2_s7', 'decay_rate': 0.0001, 'use_normals': False, 'process_data': False, 'use_uniform_sample': False, 'resume': True, 'kd_strategy': 'self', 'alpha': 0.5, 'temperature': 2.0, 'beta': 0.5, 'dkd_alpha': 1.0, 'dkd_beta': 8.0, 'crd_temperature': 0.07, 'teacher_path': 'outputs/craniosynostosis/classification/pointnet2_cls_ssg_s7/checkpoints/best_model.pth', 'teacher_paths': None, 'teacher_weights': None, 'use_hard_labels': 'on', 'unlabeled': False, 'temperature_sweep': None, 'seed': 7, 'max_runtime_hours': 166.0}
2026-06-24 16:41:01,067 - INFO - KD=self student=small_pointnet2 AMP=False use_hard=True unlabeled=False T=2.0
KD=self student=small_pointnet2 AMP=False use_hard=True unlabeled=False T=2.0
2026-06-24 16:41:01,076 - INFO - Epoch 1/200:
Epoch 1/200:
2026-06-24 16:41:06,480 - INFO - Train loss: 2.7156 (5.4s)
Train loss: 2.7156 (5.4s)
2026-06-24 16:41:07,141 - INFO - Test instance 0.2500, class 0.2500
Test instance 0.2500, class 0.2500
2026-06-24 16:41:07,166 - INFO - Best instance 0.2500, class 0.2500 (epoch 1)
Best instance 0.2500, class 0.2500 (epoch 1)
2026-06-24 16:41:07,185 - INFO - Epoch 2/200:
Epoch 2/200:
2026-06-24 16:41:09,941 - INFO - Train loss: 2.6729 (2.8s)
Train loss: 2.6729 (2.8s)
2026-06-24 16:41:10,218 - INFO - Test instance 0.2500, class 0.2500
Test instance 0.2500, class 0.2500
2026-06-24 16:41:10,219 - INFO - Best instance 0.2500, class 0.2500 (epoch 1)
Best instance 0.2500, class 0.2500 (epoch 1)
2026-06-24 16:41:10,238 - INFO - Epoch 3/200:
Epoch 3/200:
2026-06-24 16:41:12,950 - INFO - Train loss: 2.5551 (2.7s)
Train loss: 2.5551 (2.7s)
2026-06-24 16:41:13,211 - INFO - Test instance 0.2500, class 0.2500
Test instance 0.2500, class 0.2500
2026-06-24 16:41:13,212 - INFO - Best instance 0.2500, class 0.2500 (epoch 1)
Best instance 0.2500, class 0.2500 (epoch 1)
2026-06-24 16:41:13,231 - INFO - Epoch 4/200:
Epoch 4/200:
2026-06-24 16:41:15,956 - INFO - Train loss: 2.4704 (2.7s)
Train loss: 2.4704 (2.7s)
2026-06-24 16:41:16,229 - INFO - Test instance 0.2500, class 0.2500
Test instance 0.2500, class 0.2500
2026-06-24 16:41:16,230 - INFO - Best instance 0.2500, class 0.2500 (epoch 1)
Best instance 0.2500, class 0.2500 (epoch 1)
2026-06-24 16:41:16,248 - INFO - Epoch 5/200:
Epoch 5/200:
2026-06-24 16:41:18,976 - INFO - Train loss: 2.2856 (2.7s)
Train loss: 2.2856 (2.7s)
2026-06-24 16:41:19,243 - INFO - Test instance 0.2500, class 0.2500
Test instance 0.2500, class 0.2500
2026-06-24 16:41:19,244 - INFO - Best instance 0.2500, class 0.2500 (epoch 1)
Best instance 0.2500, class 0.2500 (epoch 1)
2026-06-24 16:41:19,262 - INFO - Epoch 6/200:
Epoch 6/200:
2026-06-24 16:41:21,989 - INFO - Train loss: 2.1115 (2.7s)
Train loss: 2.1115 (2.7s)
2026-06-24 16:41:22,245 - INFO - Test instance 0.2750, class 0.2750
Test instance 0.2750, class 0.2750
2026-06-24 16:41:22,263 - INFO - Best instance 0.2750, class 0.2750 (epoch 6)
Best instance 0.2750, class 0.2750 (epoch 6)
2026-06-24 16:41:22,282 - INFO - Epoch 7/200:
Epoch 7/200:
2026-06-24 16:41:24,974 - INFO - Train loss: 2.1408 (2.7s)
Train loss: 2.1408 (2.7s)
2026-06-24 16:41:25,239 - INFO - Test instance 0.3500, class 0.3500
Test instance 0.3500, class 0.3500
2026-06-24 16:41:25,256 - INFO - Best instance 0.3500, class 0.3500 (epoch 7)
Best instance 0.3500, class 0.3500 (epoch 7)
2026-06-24 16:41:25,273 - INFO - Epoch 8/200:
Epoch 8/200:
2026-06-24 16:41:28,019 - INFO - Train loss: 2.0739 (2.7s)
Train loss: 2.0739 (2.7s)
2026-06-24 16:41:28,291 - INFO - Test instance 0.2875, class 0.2875
Test instance 0.2875, class 0.2875
2026-06-24 16:41:28,291 - INFO - Best instance 0.3500, class 0.3500 (epoch 7)
Best instance 0.3500, class 0.3500 (epoch 7)
2026-06-24 16:41:28,309 - INFO - Epoch 9/200:
Epoch 9/200:
2026-06-24 16:41:31,006 - INFO - Train loss: 1.9449 (2.7s)
Train loss: 1.9449 (2.7s)
2026-06-24 16:41:31,272 - INFO - Test instance 0.4500, class 0.4500
Test instance 0.4500, class 0.4500
2026-06-24 16:41:31,291 - INFO - Best instance 0.4500, class 0.4500 (epoch 9)
Best instance 0.4500, class 0.4500 (epoch 9)
2026-06-24 16:41:31,309 - INFO - Epoch 10/200:
Epoch 10/200:
2026-06-24 16:41:34,029 - INFO - Train loss: 2.0032 (2.7s)
Train loss: 2.0032 (2.7s)
2026-06-24 16:41:34,301 - INFO - Test instance 0.5625, class 0.5625
Test instance 0.5625, class 0.5625
2026-06-24 16:41:34,319 - INFO - Best instance 0.5625, class 0.5625 (epoch 10)
Best instance 0.5625, class 0.5625 (epoch 10)
2026-06-24 16:41:34,338 - INFO - Epoch 11/200:
Epoch 11/200:
2026-06-24 16:41:37,065 - INFO - Train loss: 1.9696 (2.7s)
Train loss: 1.9696 (2.7s)
2026-06-24 16:41:37,329 - INFO - Test instance 0.5750, class 0.5750
Test instance 0.5750, class 0.5750
2026-06-24 16:41:37,346 - INFO - Best instance 0.5750, class 0.5750 (epoch 11)
Best instance 0.5750, class 0.5750 (epoch 11)
2026-06-24 16:41:37,364 - INFO - Epoch 12/200:
Epoch 12/200:
2026-06-24 16:41:40,091 - INFO - Train loss: 1.7825 (2.7s)
Train loss: 1.7825 (2.7s)
2026-06-24 16:41:40,348 - INFO - Test instance 0.6375, class 0.6375
Test instance 0.6375, class 0.6375
2026-06-24 16:41:40,366 - INFO - Best instance 0.6375, class 0.6375 (epoch 12)
Best instance 0.6375, class 0.6375 (epoch 12)
2026-06-24 16:41:40,382 - INFO - Epoch 13/200:
Epoch 13/200:
2026-06-24 16:41:43,117 - INFO - Train loss: 1.6224 (2.7s)
Train loss: 1.6224 (2.7s)
2026-06-24 16:41:43,380 - INFO - Test instance 0.6625, class 0.6625
Test instance 0.6625, class 0.6625
2026-06-24 16:41:43,397 - INFO - Best instance 0.6625, class 0.6625 (epoch 13)
Best instance 0.6625, class 0.6625 (epoch 13)
2026-06-24 16:41:43,415 - INFO - Epoch 14/200:
Epoch 14/200:
2026-06-24 16:41:46,129 - INFO - Train loss: 1.6066 (2.7s)
Train loss: 1.6066 (2.7s)
2026-06-24 16:41:46,390 - INFO - Test instance 0.3000, class 0.3000
Test instance 0.3000, class 0.3000
2026-06-24 16:41:46,391 - INFO - Best instance 0.6625, class 0.6625 (epoch 13)
Best instance 0.6625, class 0.6625 (epoch 13)
2026-06-24 16:41:46,410 - INFO - Epoch 15/200:
Epoch 15/200:
2026-06-24 16:41:49,146 - INFO - Train loss: 1.5448 (2.7s)
Train loss: 1.5448 (2.7s)
2026-06-24 16:41:49,410 - INFO - Test instance 0.6000, class 0.6000
Test instance 0.6000, class 0.6000
2026-06-24 16:41:49,410 - INFO - Best instance 0.6625, class 0.6625 (epoch 13)
Best instance 0.6625, class 0.6625 (epoch 13)
2026-06-24 16:41:49,429 - INFO - Epoch 16/200:
Epoch 16/200:
2026-06-24 16:41:52,125 - INFO - Train loss: 1.4231 (2.7s)
Train loss: 1.4231 (2.7s)
2026-06-24 16:41:52,392 - INFO - Test instance 0.4875, class 0.4875
Test instance 0.4875, class 0.4875
2026-06-24 16:41:52,392 - INFO - Best instance 0.6625, class 0.6625 (epoch 13)
Best instance 0.6625, class 0.6625 (epoch 13)
2026-06-24 16:41:52,411 - INFO - Epoch 17/200:
Epoch 17/200:
2026-06-24 16:41:55,137 - INFO - Train loss: 1.3912 (2.7s)
Train loss: 1.3912 (2.7s)
2026-06-24 16:41:55,413 - INFO - Test instance 0.6125, class 0.6125
Test instance 0.6125, class 0.6125
2026-06-24 16:41:55,413 - INFO - Best instance 0.6625, class 0.6625 (epoch 13)
Best instance 0.6625, class 0.6625 (epoch 13)
2026-06-24 16:41:55,432 - INFO - Epoch 18/200:
Epoch 18/200:
2026-06-24 16:41:58,139 - INFO - Train loss: 1.3664 (2.7s)
Train loss: 1.3664 (2.7s)
2026-06-24 16:41:58,401 - INFO - Test instance 0.8750, class 0.8750
Test instance 0.8750, class 0.8750
2026-06-24 16:41:58,419 - INFO - Best instance 0.8750, class 0.8750 (epoch 18)
Best instance 0.8750, class 0.8750 (epoch 18)
2026-06-24 16:41:58,437 - INFO - Epoch 19/200:
Epoch 19/200:
2026-06-24 16:42:01,160 - INFO - Train loss: 1.2243 (2.7s)
Train loss: 1.2243 (2.7s)
2026-06-24 16:42:01,426 - INFO - Test instance 0.4875, class 0.4875
Test instance 0.4875, class 0.4875
2026-06-24 16:42:01,427 - INFO - Best instance 0.8750, class 0.8750 (epoch 18)
Best instance 0.8750, class 0.8750 (epoch 18)
2026-06-24 16:42:01,445 - INFO - Epoch 20/200:
Epoch 20/200:
2026-06-24 16:42:04,224 - INFO - Train loss: 1.0196 (2.8s)
Train loss: 1.0196 (2.8s)
2026-06-24 16:42:04,483 - INFO - Test instance 0.4625, class 0.4625
Test instance 0.4625, class 0.4625
2026-06-24 16:42:04,484 - INFO - Best instance 0.8750, class 0.8750 (epoch 18)
Best instance 0.8750, class 0.8750 (epoch 18)
2026-06-24 16:42:04,502 - INFO - Epoch 21/200:
Epoch 21/200:
2026-06-24 16:42:07,199 - INFO - Train loss: 1.1481 (2.7s)
Train loss: 1.1481 (2.7s)
2026-06-24 16:42:07,468 - INFO - Test instance 0.6875, class 0.6875
Test instance 0.6875, class 0.6875
2026-06-24 16:42:07,468 - INFO - Best instance 0.8750, class 0.8750 (epoch 18)
Best instance 0.8750, class 0.8750 (epoch 18)
2026-06-24 16:42:07,487 - INFO - Epoch 22/200:
Epoch 22/200:
2026-06-24 16:42:10,223 - INFO - Train loss: 1.0472 (2.7s)
Train loss: 1.0472 (2.7s)
2026-06-24 16:42:10,493 - INFO - Test instance 0.7000, class 0.7000
Test instance 0.7000, class 0.7000
2026-06-24 16:42:10,494 - INFO - Best instance 0.8750, class 0.8750 (epoch 18)
Best instance 0.8750, class 0.8750 (epoch 18)
2026-06-24 16:42:10,512 - INFO - Epoch 23/200:
Epoch 23/200:
2026-06-24 16:42:13,231 - INFO - Train loss: 0.9393 (2.7s)
Train loss: 0.9393 (2.7s)
2026-06-24 16:42:13,494 - INFO - Test instance 0.7875, class 0.7875
Test instance 0.7875, class 0.7875
2026-06-24 16:42:13,494 - INFO - Best instance 0.8750, class 0.8750 (epoch 18)
Best instance 0.8750, class 0.8750 (epoch 18)
2026-06-24 16:42:13,513 - INFO - Epoch 24/200:
Epoch 24/200:
2026-06-24 16:42:16,250 - INFO - Train loss: 0.9240 (2.7s)
Train loss: 0.9240 (2.7s)
2026-06-24 16:42:16,516 - INFO - Test instance 0.7875, class 0.7875
Test instance 0.7875, class 0.7875
2026-06-24 16:42:16,517 - INFO - Best instance 0.8750, class 0.8750 (epoch 18)
Best instance 0.8750, class 0.8750 (epoch 18)
2026-06-24 16:42:16,535 - INFO - Epoch 25/200:
Epoch 25/200:
2026-06-24 16:42:19,264 - INFO - Train loss: 0.9687 (2.7s)
Train loss: 0.9687 (2.7s)
2026-06-24 16:42:19,524 - INFO - Test instance 0.7250, class 0.7250
Test instance 0.7250, class 0.7250
2026-06-24 16:42:19,524 - INFO - Best instance 0.8750, class 0.8750 (epoch 18)
Best instance 0.8750, class 0.8750 (epoch 18)
2026-06-24 16:42:19,542 - INFO - Epoch 26/200:
Epoch 26/200:
2026-06-24 16:42:22,281 - INFO - Train loss: 0.8879 (2.7s)
Train loss: 0.8879 (2.7s)
2026-06-24 16:42:22,545 - INFO - Test instance 0.8375, class 0.8375
Test instance 0.8375, class 0.8375
2026-06-24 16:42:22,545 - INFO - Best instance 0.8750, class 0.8750 (epoch 18)
Best instance 0.8750, class 0.8750 (epoch 18)
2026-06-24 16:42:22,563 - INFO - Epoch 27/200:
Epoch 27/200:
2026-06-24 16:42:25,294 - INFO - Train loss: 0.8755 (2.7s)
Train loss: 0.8755 (2.7s)
2026-06-24 16:42:25,565 - INFO - Test instance 0.6250, class 0.6250
Test instance 0.6250, class 0.6250
2026-06-24 16:42:25,565 - INFO - Best instance 0.8750, class 0.8750 (epoch 18)
Best instance 0.8750, class 0.8750 (epoch 18)
2026-06-24 16:42:25,584 - INFO - Epoch 28/200:
Epoch 28/200:
2026-06-24 16:42:28,271 - INFO - Train loss: 0.9409 (2.7s)
Train loss: 0.9409 (2.7s)
2026-06-24 16:42:28,540 - INFO - Test instance 0.9250, class 0.9250
Test instance 0.9250, class 0.9250
2026-06-24 16:42:28,558 - INFO - Best instance 0.9250, class 0.9250 (epoch 28)
Best instance 0.9250, class 0.9250 (epoch 28)
2026-06-24 16:42:28,576 - INFO - Epoch 29/200:
Epoch 29/200:
2026-06-24 16:42:31,284 - INFO - Train loss: 0.8805 (2.7s)
Train loss: 0.8805 (2.7s)
2026-06-24 16:42:31,551 - INFO - Test instance 0.8125, class 0.8125
Test instance 0.8125, class 0.8125
2026-06-24 16:42:31,552 - INFO - Best instance 0.9250, class 0.9250 (epoch 28)
Best instance 0.9250, class 0.9250 (epoch 28)
2026-06-24 16:42:31,573 - INFO - Epoch 30/200:
Epoch 30/200:
2026-06-24 16:42:34,313 - INFO - Train loss: 0.8303 (2.7s)
Train loss: 0.8303 (2.7s)
2026-06-24 16:42:34,575 - INFO - Test instance 0.6375, class 0.6375
Test instance 0.6375, class 0.6375
2026-06-24 16:42:34,576 - INFO - Best instance 0.9250, class 0.9250 (epoch 28)
Best instance 0.9250, class 0.9250 (epoch 28)
2026-06-24 16:42:34,595 - INFO - Epoch 31/200:
Epoch 31/200:
2026-06-24 16:42:37,309 - INFO - Train loss: 0.8891 (2.7s)
Train loss: 0.8891 (2.7s)
2026-06-24 16:42:37,564 - INFO - Test instance 0.6000, class 0.6000
Test instance 0.6000, class 0.6000
2026-06-24 16:42:37,564 - INFO - Best instance 0.9250, class 0.9250 (epoch 28)
Best instance 0.9250, class 0.9250 (epoch 28)
2026-06-24 16:42:37,582 - INFO - Epoch 32/200:
Epoch 32/200:
2026-06-24 16:42:40,320 - INFO - Train loss: 0.7295 (2.7s)
Train loss: 0.7295 (2.7s)
2026-06-24 16:42:40,577 - INFO - Test instance 0.9250, class 0.9250
Test instance 0.9250, class 0.9250
2026-06-24 16:42:40,577 - INFO - Best instance 0.9250, class 0.9250 (epoch 28)
Best instance 0.9250, class 0.9250 (epoch 28)
2026-06-24 16:42:40,595 - INFO - Epoch 33/200:
Epoch 33/200:
2026-06-24 16:42:43,319 - INFO - Train loss: 0.8078 (2.7s)
Train loss: 0.8078 (2.7s)
2026-06-24 16:42:43,579 - INFO - Test instance 0.9250, class 0.9250
Test instance 0.9250, class 0.9250
2026-06-24 16:42:43,580 - INFO - Best instance 0.9250, class 0.9250 (epoch 28)
Best instance 0.9250, class 0.9250 (epoch 28)
2026-06-24 16:42:43,598 - INFO - Epoch 34/200:
Epoch 34/200:
2026-06-24 16:42:46,300 - INFO - Train loss: 0.8085 (2.7s)
Train loss: 0.8085 (2.7s)
2026-06-24 16:42:46,569 - INFO - Test instance 0.6375, class 0.6375
Test instance 0.6375, class 0.6375
2026-06-24 16:42:46,569 - INFO - Best instance 0.9250, class 0.9250 (epoch 28)
Best instance 0.9250, class 0.9250 (epoch 28)
2026-06-24 16:42:46,588 - INFO - Epoch 35/200:
Epoch 35/200:
2026-06-24 16:42:49,288 - INFO - Train loss: 0.8226 (2.7s)
Train loss: 0.8226 (2.7s)
2026-06-24 16:42:49,542 - INFO - Test instance 0.7500, class 0.7500
Test instance 0.7500, class 0.7500
2026-06-24 16:42:49,543 - INFO - Best instance 0.9250, class 0.9250 (epoch 28)
Best instance 0.9250, class 0.9250 (epoch 28)
2026-06-24 16:42:49,562 - INFO - Epoch 36/200:
Epoch 36/200:
2026-06-24 16:42:52,271 - INFO - Train loss: 0.6704 (2.7s)
Train loss: 0.6704 (2.7s)
2026-06-24 16:42:52,531 - INFO - Test instance 0.8125, class 0.8125
Test instance 0.8125, class 0.8125
2026-06-24 16:42:52,531 - INFO - Best instance 0.9250, class 0.9250 (epoch 28)
Best instance 0.9250, class 0.9250 (epoch 28)
2026-06-24 16:42:52,550 - INFO - Epoch 37/200:
Epoch 37/200:
2026-06-24 16:42:55,290 - INFO - Train loss: 0.7358 (2.7s)
Train loss: 0.7358 (2.7s)
2026-06-24 16:42:55,552 - INFO - Test instance 0.6375, class 0.6375
Test instance 0.6375, class 0.6375
2026-06-24 16:42:55,552 - INFO - Best instance 0.9250, class 0.9250 (epoch 28)
Best instance 0.9250, class 0.9250 (epoch 28)
2026-06-24 16:42:55,571 - INFO - Epoch 38/200:
Epoch 38/200:
2026-06-24 16:42:58,299 - INFO - Train loss: 0.7300 (2.7s)
Train loss: 0.7300 (2.7s)
2026-06-24 16:42:58,569 - INFO - Test instance 0.8250, class 0.8250
Test instance 0.8250, class 0.8250
2026-06-24 16:42:58,570 - INFO - Best instance 0.9250, class 0.9250 (epoch 28)
Best instance 0.9250, class 0.9250 (epoch 28)
2026-06-24 16:42:58,625 - INFO - Epoch 39/200:
Epoch 39/200:
2026-06-24 16:43:01,381 - INFO - Train loss: 0.6675 (2.8s)
Train loss: 0.6675 (2.8s)
2026-06-24 16:43:01,642 - INFO - Test instance 0.8750, class 0.8750
Test instance 0.8750, class 0.8750
2026-06-24 16:43:01,642 - INFO - Best instance 0.9250, class 0.9250 (epoch 28)
Best instance 0.9250, class 0.9250 (epoch 28)
2026-06-24 16:43:01,661 - INFO - Epoch 40/200:
Epoch 40/200:
2026-06-24 16:43:04,462 - INFO - Train loss: 0.7053 (2.8s)
Train loss: 0.7053 (2.8s)
2026-06-24 16:43:04,725 - INFO - Test instance 0.7625, class 0.7625
Test instance 0.7625, class 0.7625
2026-06-24 16:43:04,725 - INFO - Best instance 0.9250, class 0.9250 (epoch 28)
Best instance 0.9250, class 0.9250 (epoch 28)
2026-06-24 16:43:04,743 - INFO - Epoch 41/200:
Epoch 41/200:
2026-06-24 16:43:07,477 - INFO - Train loss: 0.7087 (2.7s)
Train loss: 0.7087 (2.7s)
2026-06-24 16:43:07,742 - INFO - Test instance 0.9125, class 0.9125
Test instance 0.9125, class 0.9125
2026-06-24 16:43:07,742 - INFO - Best instance 0.9250, class 0.9250 (epoch 28)
Best instance 0.9250, class 0.9250 (epoch 28)
2026-06-24 16:43:07,760 - INFO - Epoch 42/200:
Epoch 42/200:
2026-06-24 16:43:10,509 - INFO - Train loss: 0.7701 (2.7s)
Train loss: 0.7701 (2.7s)
2026-06-24 16:43:10,765 - INFO - Test instance 0.8625, class 0.8625
Test instance 0.8625, class 0.8625
2026-06-24 16:43:10,766 - INFO - Best instance 0.9250, class 0.9250 (epoch 28)
Best instance 0.9250, class 0.9250 (epoch 28)
2026-06-24 16:43:10,784 - INFO - Epoch 43/200:
Epoch 43/200:
2026-06-24 16:43:13,516 - INFO - Train loss: 0.5896 (2.7s)
Train loss: 0.5896 (2.7s)
2026-06-24 16:43:13,779 - INFO - Test instance 0.8375, class 0.8375
Test instance 0.8375, class 0.8375
2026-06-24 16:43:13,780 - INFO - Best instance 0.9250, class 0.9250 (epoch 28)
Best instance 0.9250, class 0.9250 (epoch 28)
2026-06-24 16:43:13,797 - INFO - Epoch 44/200:
Epoch 44/200:
2026-06-24 16:43:16,517 - INFO - Train loss: 0.5425 (2.7s)
Train loss: 0.5425 (2.7s)
2026-06-24 16:43:16,784 - INFO - Test instance 0.8125, class 0.8125
Test instance 0.8125, class 0.8125
2026-06-24 16:43:16,784 - INFO - Best instance 0.9250, class 0.9250 (epoch 28)
Best instance 0.9250, class 0.9250 (epoch 28)
2026-06-24 16:43:16,803 - INFO - Epoch 45/200:
Epoch 45/200:
2026-06-24 16:43:19,517 - INFO - Train loss: 0.6019 (2.7s)
Train loss: 0.6019 (2.7s)
2026-06-24 16:43:19,779 - INFO - Test instance 0.7625, class 0.7625
Test instance 0.7625, class 0.7625
2026-06-24 16:43:19,779 - INFO - Best instance 0.9250, class 0.9250 (epoch 28)
Best instance 0.9250, class 0.9250 (epoch 28)
2026-06-24 16:43:19,799 - INFO - Epoch 46/200:
Epoch 46/200:
2026-06-24 16:43:22,537 - INFO - Train loss: 0.7748 (2.7s)
Train loss: 0.7748 (2.7s)
2026-06-24 16:43:22,792 - INFO - Test instance 0.8625, class 0.8625
Test instance 0.8625, class 0.8625
2026-06-24 16:43:22,792 - INFO - Best instance 0.9250, class 0.9250 (epoch 28)
Best instance 0.9250, class 0.9250 (epoch 28)
2026-06-24 16:43:22,812 - INFO - Epoch 47/200:
Epoch 47/200:
2026-06-24 16:43:25,562 - INFO - Train loss: 0.6562 (2.8s)
Train loss: 0.6562 (2.8s)
2026-06-24 16:43:25,822 - INFO - Test instance 0.9125, class 0.9125
Test instance 0.9125, class 0.9125
2026-06-24 16:43:25,823 - INFO - Best instance 0.9250, class 0.9250 (epoch 28)
Best instance 0.9250, class 0.9250 (epoch 28)
2026-06-24 16:43:25,840 - INFO - Epoch 48/200:
Epoch 48/200:
2026-06-24 16:43:28,574 - INFO - Train loss: 0.5389 (2.7s)
Train loss: 0.5389 (2.7s)
2026-06-24 16:43:28,835 - INFO - Test instance 0.8625, class 0.8625
Test instance 0.8625, class 0.8625
2026-06-24 16:43:28,836 - INFO - Best instance 0.9250, class 0.9250 (epoch 28)
Best instance 0.9250, class 0.9250 (epoch 28)
2026-06-24 16:43:28,854 - INFO - Epoch 49/200:
Epoch 49/200:
2026-06-24 16:43:31,557 - INFO - Train loss: 0.6416 (2.7s)
Train loss: 0.6416 (2.7s)
2026-06-24 16:43:31,815 - INFO - Test instance 0.8125, class 0.8125
Test instance 0.8125, class 0.8125
2026-06-24 16:43:31,815 - INFO - Best instance 0.9250, class 0.9250 (epoch 28)
Best instance 0.9250, class 0.9250 (epoch 28)
2026-06-24 16:43:31,833 - INFO - Epoch 50/200:
Epoch 50/200:
2026-06-24 16:43:34,564 - INFO - Train loss: 0.6350 (2.7s)
Train loss: 0.6350 (2.7s)
2026-06-24 16:43:34,822 - INFO - Test instance 0.8375, class 0.8375
Test instance 0.8375, class 0.8375
2026-06-24 16:43:34,822 - INFO - Best instance 0.9250, class 0.9250 (epoch 28)
Best instance 0.9250, class 0.9250 (epoch 28)
2026-06-24 16:43:34,841 - INFO - Epoch 51/200:
Epoch 51/200:
2026-06-24 16:43:37,587 - INFO - Train loss: 0.6726 (2.7s)
Train loss: 0.6726 (2.7s)
2026-06-24 16:43:37,859 - INFO - Test instance 0.8750, class 0.8750
Test instance 0.8750, class 0.8750
2026-06-24 16:43:37,859 - INFO - Best instance 0.9250, class 0.9250 (epoch 28)
Best instance 0.9250, class 0.9250 (epoch 28)
2026-06-24 16:43:37,877 - INFO - Epoch 52/200:
Epoch 52/200:
2026-06-24 16:43:40,597 - INFO - Train loss: 0.5451 (2.7s)
Train loss: 0.5451 (2.7s)
2026-06-24 16:43:40,861 - INFO - Test instance 0.8750, class 0.8750
Test instance 0.8750, class 0.8750
2026-06-24 16:43:40,861 - INFO - Best instance 0.9250, class 0.9250 (epoch 28)
Best instance 0.9250, class 0.9250 (epoch 28)
2026-06-24 16:43:40,879 - INFO - Epoch 53/200:
Epoch 53/200:
2026-06-24 16:43:43,600 - INFO - Train loss: 0.5702 (2.7s)
Train loss: 0.5702 (2.7s)
2026-06-24 16:43:43,873 - INFO - Test instance 0.7875, class 0.7875
Test instance 0.7875, class 0.7875
2026-06-24 16:43:43,873 - INFO - Best instance 0.9250, class 0.9250 (epoch 28)
Best instance 0.9250, class 0.9250 (epoch 28)
2026-06-24 16:43:43,893 - INFO - Epoch 54/200:
Epoch 54/200:
2026-06-24 16:43:46,608 - INFO - Train loss: 0.5148 (2.7s)
Train loss: 0.5148 (2.7s)
2026-06-24 16:43:46,871 - INFO - Test instance 0.9250, class 0.9250
Test instance 0.9250, class 0.9250
2026-06-24 16:43:46,871 - INFO - Best instance 0.9250, class 0.9250 (epoch 28)
Best instance 0.9250, class 0.9250 (epoch 28)
2026-06-24 16:43:46,890 - INFO - Epoch 55/200:
Epoch 55/200:
2026-06-24 16:43:49,603 - INFO - Train loss: 0.5495 (2.7s)
Train loss: 0.5495 (2.7s)
2026-06-24 16:43:49,863 - INFO - Test instance 0.9625, class 0.9625
Test instance 0.9625, class 0.9625
2026-06-24 16:43:49,881 - INFO - Best instance 0.9625, class 0.9625 (epoch 55)
Best instance 0.9625, class 0.9625 (epoch 55)
2026-06-24 16:43:49,932 - INFO - Epoch 56/200:
Epoch 56/200:
2026-06-24 16:43:52,645 - INFO - Train loss: 0.6014 (2.7s)
Train loss: 0.6014 (2.7s)
2026-06-24 16:43:52,912 - INFO - Test instance 0.9125, class 0.9125
Test instance 0.9125, class 0.9125
2026-06-24 16:43:52,912 - INFO - Best instance 0.9625, class 0.9625 (epoch 55)
Best instance 0.9625, class 0.9625 (epoch 55)
2026-06-24 16:43:52,931 - INFO - Epoch 57/200:
Epoch 57/200:
2026-06-24 16:43:55,627 - INFO - Train loss: 0.5977 (2.7s)
Train loss: 0.5977 (2.7s)
2026-06-24 16:43:55,899 - INFO - Test instance 0.9500, class 0.9500
Test instance 0.9500, class 0.9500
2026-06-24 16:43:55,900 - INFO - Best instance 0.9625, class 0.9625 (epoch 55)
Best instance 0.9625, class 0.9625 (epoch 55)
2026-06-24 16:43:55,918 - INFO - Epoch 58/200:
Epoch 58/200:
2026-06-24 16:43:58,669 - INFO - Train loss: 0.6691 (2.8s)
Train loss: 0.6691 (2.8s)
2026-06-24 16:43:58,934 - INFO - Test instance 0.9500, class 0.9500
Test instance 0.9500, class 0.9500
2026-06-24 16:43:58,934 - INFO - Best instance 0.9625, class 0.9625 (epoch 55)
Best instance 0.9625, class 0.9625 (epoch 55)
2026-06-24 16:43:58,953 - INFO - Epoch 59/200:
Epoch 59/200:
2026-06-24 16:44:01,726 - INFO - Train loss: 0.4710 (2.8s)
Train loss: 0.4710 (2.8s)
2026-06-24 16:44:02,024 - INFO - Test instance 0.9500, class 0.9500
Test instance 0.9500, class 0.9500
2026-06-24 16:44:02,024 - INFO - Best instance 0.9625, class 0.9625 (epoch 55)
Best instance 0.9625, class 0.9625 (epoch 55)
2026-06-24 16:44:02,045 - INFO - Epoch 60/200:
Epoch 60/200:
2026-06-24 16:44:04,795 - INFO - Train loss: 0.6714 (2.7s)
Train loss: 0.6714 (2.7s)
2026-06-24 16:44:05,057 - INFO - Test instance 0.7750, class 0.7750
Test instance 0.7750, class 0.7750
2026-06-24 16:44:05,058 - INFO - Best instance 0.9625, class 0.9625 (epoch 55)
Best instance 0.9625, class 0.9625 (epoch 55)
2026-06-24 16:44:05,077 - INFO - Epoch 61/200:
Epoch 61/200:
2026-06-24 16:44:07,766 - INFO - Train loss: 0.4784 (2.7s)
Train loss: 0.4784 (2.7s)
2026-06-24 16:44:08,027 - INFO - Test instance 0.9375, class 0.9375
Test instance 0.9375, class 0.9375
2026-06-24 16:44:08,027 - INFO - Best instance 0.9625, class 0.9625 (epoch 55)
Best instance 0.9625, class 0.9625 (epoch 55)
2026-06-24 16:44:08,044 - INFO - Epoch 62/200:
Epoch 62/200:
2026-06-24 16:44:10,767 - INFO - Train loss: 0.6070 (2.7s)
Train loss: 0.6070 (2.7s)
2026-06-24 16:44:11,023 - INFO - Test instance 0.9250, class 0.9250
Test instance 0.9250, class 0.9250
2026-06-24 16:44:11,023 - INFO - Best instance 0.9625, class 0.9625 (epoch 55)
Best instance 0.9625, class 0.9625 (epoch 55)
2026-06-24 16:44:11,041 - INFO - Epoch 63/200:
Epoch 63/200:
2026-06-24 16:44:13,753 - INFO - Train loss: 0.5728 (2.7s)
Train loss: 0.5728 (2.7s)
2026-06-24 16:44:14,012 - INFO - Test instance 0.9625, class 0.9625
Test instance 0.9625, class 0.9625
2026-06-24 16:44:14,012 - INFO - Best instance 0.9625, class 0.9625 (epoch 55)
Best instance 0.9625, class 0.9625 (epoch 55)
2026-06-24 16:44:14,031 - INFO - Epoch 64/200:
Epoch 64/200:
2026-06-24 16:44:16,722 - INFO - Train loss: 0.5048 (2.7s)
Train loss: 0.5048 (2.7s)
2026-06-24 16:44:16,980 - INFO - Test instance 0.8375, class 0.8375
Test instance 0.8375, class 0.8375
2026-06-24 16:44:16,980 - INFO - Best instance 0.9625, class 0.9625 (epoch 55)
Best instance 0.9625, class 0.9625 (epoch 55)
2026-06-24 16:44:16,999 - INFO - Epoch 65/200:
Epoch 65/200:
2026-06-24 16:44:19,707 - INFO - Train loss: 0.5364 (2.7s)
Train loss: 0.5364 (2.7s)
2026-06-24 16:44:19,982 - INFO - Test instance 0.9250, class 0.9250
Test instance 0.9250, class 0.9250
2026-06-24 16:44:19,983 - INFO - Best instance 0.9625, class 0.9625 (epoch 55)
Best instance 0.9625, class 0.9625 (epoch 55)
2026-06-24 16:44:20,001 - INFO - Epoch 66/200:
Epoch 66/200:
2026-06-24 16:44:22,714 - INFO - Train loss: 0.4758 (2.7s)
Train loss: 0.4758 (2.7s)
2026-06-24 16:44:22,972 - INFO - Test instance 0.8625, class 0.8625
Test instance 0.8625, class 0.8625
2026-06-24 16:44:22,972 - INFO - Best instance 0.9625, class 0.9625 (epoch 55)
Best instance 0.9625, class 0.9625 (epoch 55)
2026-06-24 16:44:22,989 - INFO - Epoch 67/200:
Epoch 67/200:
2026-06-24 16:44:25,713 - INFO - Train loss: 0.5994 (2.7s)
Train loss: 0.5994 (2.7s)
2026-06-24 16:44:25,976 - INFO - Test instance 0.9000, class 0.9000
Test instance 0.9000, class 0.9000
2026-06-24 16:44:25,977 - INFO - Best instance 0.9625, class 0.9625 (epoch 55)
Best instance 0.9625, class 0.9625 (epoch 55)
2026-06-24 16:44:25,995 - INFO - Epoch 68/200:
Epoch 68/200:
2026-06-24 16:44:28,705 - INFO - Train loss: 0.3996 (2.7s)
Train loss: 0.3996 (2.7s)
2026-06-24 16:44:28,969 - INFO - Test instance 0.8875, class 0.8875
Test instance 0.8875, class 0.8875
2026-06-24 16:44:28,969 - INFO - Best instance 0.9625, class 0.9625 (epoch 55)
Best instance 0.9625, class 0.9625 (epoch 55)
2026-06-24 16:44:28,987 - INFO - Epoch 69/200:
Epoch 69/200:
2026-06-24 16:44:31,697 - INFO - Train loss: 0.5138 (2.7s)
Train loss: 0.5138 (2.7s)
2026-06-24 16:44:31,962 - INFO - Test instance 0.9250, class 0.9250
Test instance 0.9250, class 0.9250
2026-06-24 16:44:31,962 - INFO - Best instance 0.9625, class 0.9625 (epoch 55)
Best instance 0.9625, class 0.9625 (epoch 55)
2026-06-24 16:44:31,980 - INFO - Epoch 70/200:
Epoch 70/200:
2026-06-24 16:44:34,713 - INFO - Train loss: 0.4926 (2.7s)
Train loss: 0.4926 (2.7s)
2026-06-24 16:44:34,971 - INFO - Test instance 0.9250, class 0.9250
Test instance 0.9250, class 0.9250
2026-06-24 16:44:34,972 - INFO - Best instance 0.9625, class 0.9625 (epoch 55)
Best instance 0.9625, class 0.9625 (epoch 55)
2026-06-24 16:44:34,989 - INFO - Epoch 71/200:
Epoch 71/200:
2026-06-24 16:44:37,648 - INFO - Train loss: 0.3922 (2.7s)
Train loss: 0.3922 (2.7s)
2026-06-24 16:44:37,902 - INFO - Test instance 0.9375, class 0.9375
Test instance 0.9375, class 0.9375
2026-06-24 16:44:37,902 - INFO - Best instance 0.9625, class 0.9625 (epoch 55)
Best instance 0.9625, class 0.9625 (epoch 55)
2026-06-24 16:44:37,921 - INFO - Epoch 72/200:
Epoch 72/200:
2026-06-24 16:44:40,641 - INFO - Train loss: 0.4293 (2.7s)
Train loss: 0.4293 (2.7s)
2026-06-24 16:44:40,904 - INFO - Test instance 0.9875, class 0.9875
Test instance 0.9875, class 0.9875
2026-06-24 16:44:40,923 - INFO - Best instance 0.9875, class 0.9875 (epoch 72)
Best instance 0.9875, class 0.9875 (epoch 72)
2026-06-24 16:44:40,942 - INFO - Epoch 73/200:
Epoch 73/200:
2026-06-24 16:44:43,657 - INFO - Train loss: 0.4685 (2.7s)
Train loss: 0.4685 (2.7s)
2026-06-24 16:44:43,923 - INFO - Test instance 0.9500, class 0.9500
Test instance 0.9500, class 0.9500
2026-06-24 16:44:43,924 - INFO - Best instance 0.9875, class 0.9875 (epoch 72)
Best instance 0.9875, class 0.9875 (epoch 72)
2026-06-24 16:44:43,942 - INFO - Epoch 74/200:
Epoch 74/200:
2026-06-24 16:44:46,636 - INFO - Train loss: 0.5647 (2.7s)
Train loss: 0.5647 (2.7s)
2026-06-24 16:44:46,904 - INFO - Test instance 0.9375, class 0.9375
Test instance 0.9375, class 0.9375
2026-06-24 16:44:46,904 - INFO - Best instance 0.9875, class 0.9875 (epoch 72)
Best instance 0.9875, class 0.9875 (epoch 72)
2026-06-24 16:44:46,923 - INFO - Epoch 75/200:
Epoch 75/200:
2026-06-24 16:44:49,650 - INFO - Train loss: 0.5142 (2.7s)
Train loss: 0.5142 (2.7s)
2026-06-24 16:44:49,907 - INFO - Test instance 0.9000, class 0.9000
Test instance 0.9000, class 0.9000
2026-06-24 16:44:49,908 - INFO - Best instance 0.9875, class 0.9875 (epoch 72)
Best instance 0.9875, class 0.9875 (epoch 72)
2026-06-24 16:44:49,926 - INFO - Epoch 76/200:
Epoch 76/200:
2026-06-24 16:44:52,671 - INFO - Train loss: 0.4128 (2.7s)
Train loss: 0.4128 (2.7s)
2026-06-24 16:44:52,934 - INFO - Test instance 0.8750, class 0.8750
Test instance 0.8750, class 0.8750
2026-06-24 16:44:52,934 - INFO - Best instance 0.9875, class 0.9875 (epoch 72)
Best instance 0.9875, class 0.9875 (epoch 72)
2026-06-24 16:44:52,953 - INFO - Epoch 77/200:
Epoch 77/200:
2026-06-24 16:44:55,676 - INFO - Train loss: 0.5928 (2.7s)
Train loss: 0.5928 (2.7s)
2026-06-24 16:44:55,938 - INFO - Test instance 0.9625, class 0.9625
Test instance 0.9625, class 0.9625
2026-06-24 16:44:55,939 - INFO - Best instance 0.9875, class 0.9875 (epoch 72)
Best instance 0.9875, class 0.9875 (epoch 72)
2026-06-24 16:44:55,958 - INFO - Epoch 78/200:
Epoch 78/200:
2026-06-24 16:44:58,675 - INFO - Train loss: 0.4652 (2.7s)
Train loss: 0.4652 (2.7s)
2026-06-24 16:44:58,945 - INFO - Test instance 0.9000, class 0.9000
Test instance 0.9000, class 0.9000
2026-06-24 16:44:58,945 - INFO - Best instance 0.9875, class 0.9875 (epoch 72)
Best instance 0.9875, class 0.9875 (epoch 72)
2026-06-24 16:44:58,965 - INFO - Epoch 79/200:
Epoch 79/200:
2026-06-24 16:45:01,657 - INFO - Train loss: 0.5498 (2.7s)
Train loss: 0.5498 (2.7s)
2026-06-24 16:45:01,952 - INFO - Test instance 0.9500, class 0.9500
Test instance 0.9500, class 0.9500
2026-06-24 16:45:01,953 - INFO - Best instance 0.9875, class 0.9875 (epoch 72)
Best instance 0.9875, class 0.9875 (epoch 72)
2026-06-24 16:45:01,972 - INFO - Epoch 80/200:
Epoch 80/200:
2026-06-24 16:45:04,715 - INFO - Train loss: 0.4405 (2.7s)
Train loss: 0.4405 (2.7s)
2026-06-24 16:45:04,982 - INFO - Test instance 0.9250, class 0.9250
Test instance 0.9250, class 0.9250
2026-06-24 16:45:04,983 - INFO - Best instance 0.9875, class 0.9875 (epoch 72)
Best instance 0.9875, class 0.9875 (epoch 72)
2026-06-24 16:45:05,001 - INFO - Epoch 81/200:
Epoch 81/200:
2026-06-24 16:45:07,714 - INFO - Train loss: 0.4490 (2.7s)
Train loss: 0.4490 (2.7s)
2026-06-24 16:45:07,981 - INFO - Test instance 0.9500, class 0.9500
Test instance 0.9500, class 0.9500
2026-06-24 16:45:07,981 - INFO - Best instance 0.9875, class 0.9875 (epoch 72)
Best instance 0.9875, class 0.9875 (epoch 72)
2026-06-24 16:45:08,001 - INFO - Epoch 82/200:
Epoch 82/200:
2026-06-24 16:45:10,724 - INFO - Train loss: 0.6785 (2.7s)
Train loss: 0.6785 (2.7s)
2026-06-24 16:45:10,994 - INFO - Test instance 0.9750, class 0.9750
Test instance 0.9750, class 0.9750
2026-06-24 16:45:10,995 - INFO - Best instance 0.9875, class 0.9875 (epoch 72)
Best instance 0.9875, class 0.9875 (epoch 72)
2026-06-24 16:45:11,014 - INFO - Epoch 83/200:
Epoch 83/200:
2026-06-24 16:45:13,755 - INFO - Train loss: 0.4703 (2.7s)
Train loss: 0.4703 (2.7s)
2026-06-24 16:45:14,020 - INFO - Test instance 0.9750, class 0.9750
Test instance 0.9750, class 0.9750
2026-06-24 16:45:14,020 - INFO - Best instance 0.9875, class 0.9875 (epoch 72)
Best instance 0.9875, class 0.9875 (epoch 72)
2026-06-24 16:45:14,039 - INFO - Epoch 84/200:
Epoch 84/200:
2026-06-24 16:45:16,759 - INFO - Train loss: 0.4532 (2.7s)
Train loss: 0.4532 (2.7s)
2026-06-24 16:45:17,022 - INFO - Test instance 0.9375, class 0.9375
Test instance 0.9375, class 0.9375
2026-06-24 16:45:17,022 - INFO - Best instance 0.9875, class 0.9875 (epoch 72)
Best instance 0.9875, class 0.9875 (epoch 72)
2026-06-24 16:45:17,040 - INFO - Epoch 85/200:
Epoch 85/200:
2026-06-24 16:45:19,763 - INFO - Train loss: 0.3923 (2.7s)
Train loss: 0.3923 (2.7s)
2026-06-24 16:45:20,025 - INFO - Test instance 0.9250, class 0.9250
Test instance 0.9250, class 0.9250
2026-06-24 16:45:20,026 - INFO - Best instance 0.9875, class 0.9875 (epoch 72)
Best instance 0.9875, class 0.9875 (epoch 72)
2026-06-24 16:45:20,044 - INFO - Epoch 86/200:
Epoch 86/200:
2026-06-24 16:45:22,749 - INFO - Train loss: 0.4295 (2.7s)
Train loss: 0.4295 (2.7s)
2026-06-24 16:45:23,015 - INFO - Test instance 0.9375, class 0.9375
Test instance 0.9375, class 0.9375
2026-06-24 16:45:23,015 - INFO - Best instance 0.9875, class 0.9875 (epoch 72)
Best instance 0.9875, class 0.9875 (epoch 72)
2026-06-24 16:45:23,033 - INFO - Epoch 87/200:
Epoch 87/200:
2026-06-24 16:45:25,739 - INFO - Train loss: 0.4230 (2.7s)
Train loss: 0.4230 (2.7s)
2026-06-24 16:45:26,001 - INFO - Test instance 0.9625, class 0.9625
Test instance 0.9625, class 0.9625
2026-06-24 16:45:26,002 - INFO - Best instance 0.9875, class 0.9875 (epoch 72)
Best instance 0.9875, class 0.9875 (epoch 72)
2026-06-24 16:45:26,020 - INFO - Epoch 88/200:
Epoch 88/200:
2026-06-24 16:45:28,749 - INFO - Train loss: 0.3496 (2.7s)
Train loss: 0.3496 (2.7s)
2026-06-24 16:45:29,017 - INFO - Test instance 1.0000, class 1.0000
Test instance 1.0000, class 1.0000
2026-06-24 16:45:29,035 - INFO - Best instance 1.0000, class 1.0000 (epoch 88)
Best instance 1.0000, class 1.0000 (epoch 88)
2026-06-24 16:45:29,053 - INFO - Epoch 89/200:
Epoch 89/200:
2026-06-24 16:45:31,772 - INFO - Train loss: 0.3455 (2.7s)
Train loss: 0.3455 (2.7s)
2026-06-24 16:45:32,043 - INFO - Test instance 0.9750, class 0.9750
Test instance 0.9750, class 0.9750
2026-06-24 16:45:32,044 - INFO - Best instance 1.0000, class 1.0000 (epoch 88)
Best instance 1.0000, class 1.0000 (epoch 88)
2026-06-24 16:45:32,064 - INFO - Epoch 90/200:
Epoch 90/200:
2026-06-24 16:45:34,808 - INFO - Train loss: 0.4211 (2.7s)
Train loss: 0.4211 (2.7s)
2026-06-24 16:45:35,076 - INFO - Test instance 0.9375, class 0.9375
Test instance 0.9375, class 0.9375
2026-06-24 16:45:35,076 - INFO - Best instance 1.0000, class 1.0000 (epoch 88)
Best instance 1.0000, class 1.0000 (epoch 88)
2026-06-24 16:45:35,094 - INFO - Epoch 91/200:
Epoch 91/200:
2026-06-24 16:45:37,831 - INFO - Train loss: 0.3283 (2.7s)
Train loss: 0.3283 (2.7s)
2026-06-24 16:45:38,093 - INFO - Test instance 1.0000, class 1.0000
Test instance 1.0000, class 1.0000
2026-06-24 16:45:38,094 - INFO - Best instance 1.0000, class 1.0000 (epoch 88)
Best instance 1.0000, class 1.0000 (epoch 88)
2026-06-24 16:45:38,111 - INFO - Epoch 92/200:
Epoch 92/200:
2026-06-24 16:45:40,838 - INFO - Train loss: 0.4576 (2.7s)
Train loss: 0.4576 (2.7s)
2026-06-24 16:45:41,100 - INFO - Test instance 0.9375, class 0.9375
Test instance 0.9375, class 0.9375
2026-06-24 16:45:41,101 - INFO - Best instance 1.0000, class 1.0000 (epoch 88)
Best instance 1.0000, class 1.0000 (epoch 88)
2026-06-24 16:45:41,118 - INFO - Epoch 93/200:
Epoch 93/200:
2026-06-24 16:45:43,810 - INFO - Train loss: 0.4062 (2.7s)
Train loss: 0.4062 (2.7s)
2026-06-24 16:45:44,085 - INFO - Test instance 0.9500, class 0.9500
Test instance 0.9500, class 0.9500
2026-06-24 16:45:44,086 - INFO - Best instance 1.0000, class 1.0000 (epoch 88)
Best instance 1.0000, class 1.0000 (epoch 88)
2026-06-24 16:45:44,104 - INFO - Epoch 94/200:
Epoch 94/200:
2026-06-24 16:45:46,815 - INFO - Train loss: 0.3578 (2.7s)
Train loss: 0.3578 (2.7s)
2026-06-24 16:45:47,074 - INFO - Test instance 0.9375, class 0.9375
Test instance 0.9375, class 0.9375
2026-06-24 16:45:47,074 - INFO - Best instance 1.0000, class 1.0000 (epoch 88)
Best instance 1.0000, class 1.0000 (epoch 88)
2026-06-24 16:45:47,094 - INFO - Epoch 95/200:
Epoch 95/200:
2026-06-24 16:45:49,811 - INFO - Train loss: 0.4750 (2.7s)
Train loss: 0.4750 (2.7s)
2026-06-24 16:45:50,087 - INFO - Test instance 0.9625, class 0.9625
Test instance 0.9625, class 0.9625
2026-06-24 16:45:50,087 - INFO - Best instance 1.0000, class 1.0000 (epoch 88)
Best instance 1.0000, class 1.0000 (epoch 88)
2026-06-24 16:45:50,107 - INFO - Epoch 96/200:
Epoch 96/200:
2026-06-24 16:45:52,818 - INFO - Train loss: 0.3729 (2.7s)
Train loss: 0.3729 (2.7s)
2026-06-24 16:45:53,079 - INFO - Test instance 0.9250, class 0.9250
Test instance 0.9250, class 0.9250
2026-06-24 16:45:53,080 - INFO - Best instance 1.0000, class 1.0000 (epoch 88)
Best instance 1.0000, class 1.0000 (epoch 88)
2026-06-24 16:45:53,099 - INFO - Epoch 97/200:
Epoch 97/200:
2026-06-24 16:45:55,802 - INFO - Train loss: 0.3987 (2.7s)
Train loss: 0.3987 (2.7s)
2026-06-24 16:45:56,060 - INFO - Test instance 0.9375, class 0.9375
Test instance 0.9375, class 0.9375
2026-06-24 16:45:56,060 - INFO - Best instance 1.0000, class 1.0000 (epoch 88)
Best instance 1.0000, class 1.0000 (epoch 88)
2026-06-24 16:45:56,079 - INFO - Epoch 98/200:
Epoch 98/200:
2026-06-24 16:45:58,800 - INFO - Train loss: 0.3906 (2.7s)
Train loss: 0.3906 (2.7s)
2026-06-24 16:45:59,069 - INFO - Test instance 0.9500, class 0.9500
Test instance 0.9500, class 0.9500
2026-06-24 16:45:59,069 - INFO - Best instance 1.0000, class 1.0000 (epoch 88)
Best instance 1.0000, class 1.0000 (epoch 88)
2026-06-24 16:45:59,089 - INFO - Epoch 99/200:
Epoch 99/200:
2026-06-24 16:46:01,814 - INFO - Train loss: 0.4143 (2.7s)
Train loss: 0.4143 (2.7s)
2026-06-24 16:46:02,092 - INFO - Test instance 0.9250, class 0.9250
Test instance 0.9250, class 0.9250
2026-06-24 16:46:02,093 - INFO - Best instance 1.0000, class 1.0000 (epoch 88)
Best instance 1.0000, class 1.0000 (epoch 88)
2026-06-24 16:46:02,113 - INFO - Epoch 100/200:
Epoch 100/200:
2026-06-24 16:46:04,825 - INFO - Train loss: 0.3836 (2.7s)
Train loss: 0.3836 (2.7s)
2026-06-24 16:46:05,077 - INFO - Test instance 0.9625, class 0.9625
Test instance 0.9625, class 0.9625
2026-06-24 16:46:05,077 - INFO - Best instance 1.0000, class 1.0000 (epoch 88)
Best instance 1.0000, class 1.0000 (epoch 88)
2026-06-24 16:46:05,096 - INFO - Epoch 101/200:
Epoch 101/200:
2026-06-24 16:46:07,802 - INFO - Train loss: 0.4717 (2.7s)
Train loss: 0.4717 (2.7s)
2026-06-24 16:46:08,064 - INFO - Test instance 0.9625, class 0.9625
Test instance 0.9625, class 0.9625
2026-06-24 16:46:08,064 - INFO - Best instance 1.0000, class 1.0000 (epoch 88)
Best instance 1.0000, class 1.0000 (epoch 88)
2026-06-24 16:46:08,082 - INFO - Epoch 102/200:
Epoch 102/200:
2026-06-24 16:46:10,805 - INFO - Train loss: 0.3698 (2.7s)
Train loss: 0.3698 (2.7s)
2026-06-24 16:46:11,061 - INFO - Test instance 0.9750, class 0.9750
Test instance 0.9750, class 0.9750
2026-06-24 16:46:11,062 - INFO - Best instance 1.0000, class 1.0000 (epoch 88)
Best instance 1.0000, class 1.0000 (epoch 88)
2026-06-24 16:46:11,079 - INFO - Epoch 103/200:
Epoch 103/200:
2026-06-24 16:46:13,798 - INFO - Train loss: 0.3103 (2.7s)
Train loss: 0.3103 (2.7s)
2026-06-24 16:46:14,063 - INFO - Test instance 0.9875, class 0.9875
Test instance 0.9875, class 0.9875
2026-06-24 16:46:14,063 - INFO - Best instance 1.0000, class 1.0000 (epoch 88)
Best instance 1.0000, class 1.0000 (epoch 88)
2026-06-24 16:46:14,082 - INFO - Epoch 104/200:
Epoch 104/200:
2026-06-24 16:46:16,772 - INFO - Train loss: 0.3916 (2.7s)
Train loss: 0.3916 (2.7s)
2026-06-24 16:46:17,034 - INFO - Test instance 0.9500, class 0.9500
Test instance 0.9500, class 0.9500
2026-06-24 16:46:17,034 - INFO - Best instance 1.0000, class 1.0000 (epoch 88)
Best instance 1.0000, class 1.0000 (epoch 88)
2026-06-24 16:46:17,052 - INFO - Epoch 105/200:
Epoch 105/200:
2026-06-24 16:46:19,757 - INFO - Train loss: 0.3231 (2.7s)
Train loss: 0.3231 (2.7s)
2026-06-24 16:46:20,023 - INFO - Test instance 0.9500, class 0.9500
Test instance 0.9500, class 0.9500
2026-06-24 16:46:20,023 - INFO - Best instance 1.0000, class 1.0000 (epoch 88)
Best instance 1.0000, class 1.0000 (epoch 88)
2026-06-24 16:46:20,042 - INFO - Epoch 106/200:
Epoch 106/200:
2026-06-24 16:46:22,766 - INFO - Train loss: 0.3964 (2.7s)
Train loss: 0.3964 (2.7s)
2026-06-24 16:46:23,033 - INFO - Test instance 0.9750, class 0.9750
Test instance 0.9750, class 0.9750
2026-06-24 16:46:23,033 - INFO - Best instance 1.0000, class 1.0000 (epoch 88)
Best instance 1.0000, class 1.0000 (epoch 88)
2026-06-24 16:46:23,052 - INFO - Epoch 107/200:
Epoch 107/200:
2026-06-24 16:46:25,742 - INFO - Train loss: 0.4216 (2.7s)
Train loss: 0.4216 (2.7s)
2026-06-24 16:46:25,994 - INFO - Test instance 0.9625, class 0.9625
Test instance 0.9625, class 0.9625
2026-06-24 16:46:25,994 - INFO - Best instance 1.0000, class 1.0000 (epoch 88)
Best instance 1.0000, class 1.0000 (epoch 88)
2026-06-24 16:46:26,012 - INFO - Epoch 108/200:
Epoch 108/200:
2026-06-24 16:46:28,732 - INFO - Train loss: 0.3891 (2.7s)
Train loss: 0.3891 (2.7s)
2026-06-24 16:46:28,997 - INFO - Test instance 0.9750, class 0.9750
Test instance 0.9750, class 0.9750
2026-06-24 16:46:28,997 - INFO - Best instance 1.0000, class 1.0000 (epoch 88)
Best instance 1.0000, class 1.0000 (epoch 88)
2026-06-24 16:46:29,016 - INFO - Epoch 109/200:
Epoch 109/200:
2026-06-24 16:46:31,754 - INFO - Train loss: 0.4706 (2.7s)
Train loss: 0.4706 (2.7s)
2026-06-24 16:46:32,025 - INFO - Test instance 0.9375, class 0.9375
Test instance 0.9375, class 0.9375
2026-06-24 16:46:32,025 - INFO - Best instance 1.0000, class 1.0000 (epoch 88)
Best instance 1.0000, class 1.0000 (epoch 88)
2026-06-24 16:46:32,060 - INFO - Epoch 110/200:
Epoch 110/200:
2026-06-24 16:46:34,799 - INFO - Train loss: 0.4397 (2.7s)
Train loss: 0.4397 (2.7s)
2026-06-24 16:46:35,063 - INFO - Test instance 0.9625, class 0.9625
Test instance 0.9625, class 0.9625
2026-06-24 16:46:35,063 - INFO - Best instance 1.0000, class 1.0000 (epoch 88)
Best instance 1.0000, class 1.0000 (epoch 88)
2026-06-24 16:46:35,082 - INFO - Epoch 111/200:
Epoch 111/200:
2026-06-24 16:46:37,787 - INFO - Train loss: 0.3910 (2.7s)
Train loss: 0.3910 (2.7s)
2026-06-24 16:46:38,060 - INFO - Test instance 0.9500, class 0.9500
Test instance 0.9500, class 0.9500
2026-06-24 16:46:38,060 - INFO - Best instance 1.0000, class 1.0000 (epoch 88)
Best instance 1.0000, class 1.0000 (epoch 88)
2026-06-24 16:46:38,080 - INFO - Epoch 112/200:
Epoch 112/200:
2026-06-24 16:46:40,812 - INFO - Train loss: 0.3096 (2.7s)
Train loss: 0.3096 (2.7s)
2026-06-24 16:46:41,082 - INFO - Test instance 0.9500, class 0.9500
Test instance 0.9500, class 0.9500
2026-06-24 16:46:41,082 - INFO - Best instance 1.0000, class 1.0000 (epoch 88)
Best instance 1.0000, class 1.0000 (epoch 88)
2026-06-24 16:46:41,101 - INFO - Epoch 113/200:
Epoch 113/200:
2026-06-24 16:46:43,837 - INFO - Train loss: 0.4316 (2.7s)
Train loss: 0.4316 (2.7s)
2026-06-24 16:46:44,099 - INFO - Test instance 0.9750, class 0.9750
Test instance 0.9750, class 0.9750
2026-06-24 16:46:44,100 - INFO - Best instance 1.0000, class 1.0000 (epoch 88)
Best instance 1.0000, class 1.0000 (epoch 88)
2026-06-24 16:46:44,118 - INFO - Epoch 114/200:
Epoch 114/200:
2026-06-24 16:46:46,840 - INFO - Train loss: 0.3802 (2.7s)
Train loss: 0.3802 (2.7s)
2026-06-24 16:46:47,097 - INFO - Test instance 0.9625, class 0.9625
Test instance 0.9625, class 0.9625
2026-06-24 16:46:47,097 - INFO - Best instance 1.0000, class 1.0000 (epoch 88)
Best instance 1.0000, class 1.0000 (epoch 88)
2026-06-24 16:46:47,117 - INFO - Epoch 115/200:
Epoch 115/200:
2026-06-24 16:46:49,830 - INFO - Train loss: 0.3998 (2.7s)
Train loss: 0.3998 (2.7s)
2026-06-24 16:46:50,102 - INFO - Test instance 0.9500, class 0.9500
Test instance 0.9500, class 0.9500
2026-06-24 16:46:50,102 - INFO - Best instance 1.0000, class 1.0000 (epoch 88)
Best instance 1.0000, class 1.0000 (epoch 88)
2026-06-24 16:46:50,121 - INFO - Epoch 116/200:
Epoch 116/200:
2026-06-24 16:46:52,844 - INFO - Train loss: 0.3413 (2.7s)
Train loss: 0.3413 (2.7s)
2026-06-24 16:46:53,117 - INFO - Test instance 0.9375, class 0.9375
Test instance 0.9375, class 0.9375
2026-06-24 16:46:53,119 - INFO - Best instance 1.0000, class 1.0000 (epoch 88)
Best instance 1.0000, class 1.0000 (epoch 88)
2026-06-24 16:46:53,138 - INFO - Epoch 117/200:
Epoch 117/200:
2026-06-24 16:46:55,869 - INFO - Train loss: 0.4353 (2.7s)
Train loss: 0.4353 (2.7s)
2026-06-24 16:46:56,134 - INFO - Test instance 1.0000, class 1.0000
Test instance 1.0000, class 1.0000
2026-06-24 16:46:56,134 - INFO - Best instance 1.0000, class 1.0000 (epoch 88)
Best instance 1.0000, class 1.0000 (epoch 88)
2026-06-24 16:46:56,153 - INFO - Epoch 118/200:
Epoch 118/200:
2026-06-24 16:46:58,856 - INFO - Train loss: 0.3223 (2.7s)
Train loss: 0.3223 (2.7s)
2026-06-24 16:46:59,122 - INFO - Test instance 0.9750, class 0.9750
Test instance 0.9750, class 0.9750
2026-06-24 16:46:59,122 - INFO - Best instance 1.0000, class 1.0000 (epoch 88)
Best instance 1.0000, class 1.0000 (epoch 88)
2026-06-24 16:46:59,140 - INFO - Epoch 119/200:
Epoch 119/200:
2026-06-24 16:47:01,880 - INFO - Train loss: 0.4108 (2.7s)
Train loss: 0.4108 (2.7s)
2026-06-24 16:47:02,155 - INFO - Test instance 0.9625, class 0.9625
Test instance 0.9625, class 0.9625
2026-06-24 16:47:02,156 - INFO - Best instance 1.0000, class 1.0000 (epoch 88)
Best instance 1.0000, class 1.0000 (epoch 88)
2026-06-24 16:47:02,176 - INFO - Epoch 120/200:
Epoch 120/200:
2026-06-24 16:47:04,947 - INFO - Train loss: 0.4356 (2.8s)
Train loss: 0.4356 (2.8s)
2026-06-24 16:47:05,218 - INFO - Test instance 0.9750, class 0.9750
Test instance 0.9750, class 0.9750
2026-06-24 16:47:05,218 - INFO - Best instance 1.0000, class 1.0000 (epoch 88)
Best instance 1.0000, class 1.0000 (epoch 88)
2026-06-24 16:47:05,237 - INFO - Epoch 121/200:
Epoch 121/200:
2026-06-24 16:47:07,974 - INFO - Train loss: 0.3210 (2.7s)
Train loss: 0.3210 (2.7s)
2026-06-24 16:47:08,249 - INFO - Test instance 0.9375, class 0.9375
Test instance 0.9375, class 0.9375
2026-06-24 16:47:08,250 - INFO - Best instance 1.0000, class 1.0000 (epoch 88)
Best instance 1.0000, class 1.0000 (epoch 88)
2026-06-24 16:47:08,269 - INFO - Epoch 122/200:
Epoch 122/200:
2026-06-24 16:47:10,979 - INFO - Train loss: 0.3025 (2.7s)
Train loss: 0.3025 (2.7s)
2026-06-24 16:47:11,240 - INFO - Test instance 0.9875, class 0.9875
Test instance 0.9875, class 0.9875
2026-06-24 16:47:11,240 - INFO - Best instance 1.0000, class 1.0000 (epoch 88)
Best instance 1.0000, class 1.0000 (epoch 88)
2026-06-24 16:47:11,261 - INFO - Epoch 123/200:
Epoch 123/200:
2026-06-24 16:47:13,973 - INFO - Train loss: 0.3463 (2.7s)
Train loss: 0.3463 (2.7s)
2026-06-24 16:47:14,239 - INFO - Test instance 0.9750, class 0.9750
Test instance 0.9750, class 0.9750
2026-06-24 16:47:14,240 - INFO - Best instance 1.0000, class 1.0000 (epoch 88)
Best instance 1.0000, class 1.0000 (epoch 88)
2026-06-24 16:47:14,257 - INFO - Epoch 124/200:
Epoch 124/200:
2026-06-24 16:47:16,991 - INFO - Train loss: 0.3002 (2.7s)
Train loss: 0.3002 (2.7s)
2026-06-24 16:47:17,263 - INFO - Test instance 1.0000, class 1.0000
Test instance 1.0000, class 1.0000
2026-06-24 16:47:17,263 - INFO - Best instance 1.0000, class 1.0000 (epoch 88)
Best instance 1.0000, class 1.0000 (epoch 88)
2026-06-24 16:47:17,281 - INFO - Epoch 125/200:
Epoch 125/200:
2026-06-24 16:47:20,012 - INFO - Train loss: 0.2914 (2.7s)
Train loss: 0.2914 (2.7s)
2026-06-24 16:47:20,279 - INFO - Test instance 0.9750, class 0.9750
Test instance 0.9750, class 0.9750
2026-06-24 16:47:20,279 - INFO - Best instance 1.0000, class 1.0000 (epoch 88)
Best instance 1.0000, class 1.0000 (epoch 88)
2026-06-24 16:47:20,299 - INFO - Epoch 126/200:
Epoch 126/200:
2026-06-24 16:47:23,025 - INFO - Train loss: 0.4239 (2.7s)
Train loss: 0.4239 (2.7s)
2026-06-24 16:47:23,292 - INFO - Test instance 0.9750, class 0.9750
Test instance 0.9750, class 0.9750
2026-06-24 16:47:23,293 - INFO - Best instance 1.0000, class 1.0000 (epoch 88)
Best instance 1.0000, class 1.0000 (epoch 88)
2026-06-24 16:47:23,311 - INFO - Epoch 127/200:
Epoch 127/200:
2026-06-24 16:47:26,033 - INFO - Train loss: 0.3413 (2.7s)
Train loss: 0.3413 (2.7s)
2026-06-24 16:47:26,295 - INFO - Test instance 0.9875, class 0.9875
Test instance 0.9875, class 0.9875
2026-06-24 16:47:26,296 - INFO - Best instance 1.0000, class 1.0000 (epoch 88)
Best instance 1.0000, class 1.0000 (epoch 88)
2026-06-24 16:47:26,314 - INFO - Epoch 128/200:
Epoch 128/200:
2026-06-24 16:47:29,021 - INFO - Train loss: 0.4191 (2.7s)
Train loss: 0.4191 (2.7s)
2026-06-24 16:47:29,285 - INFO - Test instance 0.9500, class 0.9500
Test instance 0.9500, class 0.9500
2026-06-24 16:47:29,286 - INFO - Best instance 1.0000, class 1.0000 (epoch 88)
Best instance 1.0000, class 1.0000 (epoch 88)
2026-06-24 16:47:29,304 - INFO - Epoch 129/200:
Epoch 129/200:
2026-06-24 16:47:31,958 - INFO - Train loss: 0.4114 (2.7s)
Train loss: 0.4114 (2.7s)
2026-06-24 16:47:32,225 - INFO - Test instance 0.9625, class 0.9625
Test instance 0.9625, class 0.9625
2026-06-24 16:47:32,225 - INFO - Best instance 1.0000, class 1.0000 (epoch 88)
Best instance 1.0000, class 1.0000 (epoch 88)
2026-06-24 16:47:32,244 - INFO - Epoch 130/200:
Epoch 130/200:
2026-06-24 16:47:34,965 - INFO - Train loss: 0.3592 (2.7s)
Train loss: 0.3592 (2.7s)
2026-06-24 16:47:35,225 - INFO - Test instance 0.9750, class 0.9750
Test instance 0.9750, class 0.9750
2026-06-24 16:47:35,225 - INFO - Best instance 1.0000, class 1.0000 (epoch 88)
Best instance 1.0000, class 1.0000 (epoch 88)
2026-06-24 16:47:35,244 - INFO - Epoch 131/200:
Epoch 131/200:
2026-06-24 16:47:37,961 - INFO - Train loss: 0.3461 (2.7s)
Train loss: 0.3461 (2.7s)
2026-06-24 16:47:38,224 - INFO - Test instance 0.9875, class 0.9875
Test instance 0.9875, class 0.9875
2026-06-24 16:47:38,224 - INFO - Best instance 1.0000, class 1.0000 (epoch 88)
Best instance 1.0000, class 1.0000 (epoch 88)
2026-06-24 16:47:38,243 - INFO - Epoch 132/200:
Epoch 132/200:
2026-06-24 16:47:40,942 - INFO - Train loss: 0.2871 (2.7s)
Train loss: 0.2871 (2.7s)
2026-06-24 16:47:41,203 - INFO - Test instance 0.9750, class 0.9750
Test instance 0.9750, class 0.9750
2026-06-24 16:47:41,204 - INFO - Best instance 1.0000, class 1.0000 (epoch 88)
Best instance 1.0000, class 1.0000 (epoch 88)
2026-06-24 16:47:41,221 - INFO - Epoch 133/200:
Epoch 133/200:
2026-06-24 16:47:43,927 - INFO - Train loss: 0.3246 (2.7s)
Train loss: 0.3246 (2.7s)
2026-06-24 16:47:44,195 - INFO - Test instance 0.9625, class 0.9625
Test instance 0.9625, class 0.9625
2026-06-24 16:47:44,195 - INFO - Best instance 1.0000, class 1.0000 (epoch 88)
Best instance 1.0000, class 1.0000 (epoch 88)
2026-06-24 16:47:44,214 - INFO - Epoch 134/200:
Epoch 134/200:
2026-06-24 16:47:46,926 - INFO - Train loss: 0.3761 (2.7s)
Train loss: 0.3761 (2.7s)
2026-06-24 16:47:47,185 - INFO - Test instance 0.9750, class 0.9750
Test instance 0.9750, class 0.9750
2026-06-24 16:47:47,186 - INFO - Best instance 1.0000, class 1.0000 (epoch 88)
Best instance 1.0000, class 1.0000 (epoch 88)
2026-06-24 16:47:47,205 - INFO - Epoch 135/200:
Epoch 135/200:
2026-06-24 16:47:49,929 - INFO - Train loss: 0.3973 (2.7s)
Train loss: 0.3973 (2.7s)
2026-06-24 16:47:50,192 - INFO - Test instance 0.9750, class 0.9750
Test instance 0.9750, class 0.9750
2026-06-24 16:47:50,192 - INFO - Best instance 1.0000, class 1.0000 (epoch 88)
Best instance 1.0000, class 1.0000 (epoch 88)
2026-06-24 16:47:50,211 - INFO - Epoch 136/200:
Epoch 136/200:
2026-06-24 16:47:52,905 - INFO - Train loss: 0.3313 (2.7s)
Train loss: 0.3313 (2.7s)
2026-06-24 16:47:53,164 - INFO - Test instance 0.9750, class 0.9750
Test instance 0.9750, class 0.9750
2026-06-24 16:47:53,165 - INFO - Best instance 1.0000, class 1.0000 (epoch 88)
Best instance 1.0000, class 1.0000 (epoch 88)
2026-06-24 16:47:53,183 - INFO - Epoch 137/200:
Epoch 137/200:
2026-06-24 16:47:55,884 - INFO - Train loss: 0.4782 (2.7s)
Train loss: 0.4782 (2.7s)
2026-06-24 16:47:56,140 - INFO - Test instance 0.9750, class 0.9750
Test instance 0.9750, class 0.9750
2026-06-24 16:47:56,140 - INFO - Best instance 1.0000, class 1.0000 (epoch 88)
Best instance 1.0000, class 1.0000 (epoch 88)
2026-06-24 16:47:56,160 - INFO - Epoch 138/200:
Epoch 138/200:
2026-06-24 16:47:58,863 - INFO - Train loss: 0.3261 (2.7s)
Train loss: 0.3261 (2.7s)
2026-06-24 16:47:59,129 - INFO - Test instance 1.0000, class 1.0000
Test instance 1.0000, class 1.0000
2026-06-24 16:47:59,129 - INFO - Best instance 1.0000, class 1.0000 (epoch 88)
Best instance 1.0000, class 1.0000 (epoch 88)
2026-06-24 16:47:59,148 - INFO - Epoch 139/200:
Epoch 139/200:
2026-06-24 16:48:01,896 - INFO - Train loss: 0.4107 (2.7s)
Train loss: 0.4107 (2.7s)
2026-06-24 16:48:02,172 - INFO - Test instance 0.9875, class 0.9875
Test instance 0.9875, class 0.9875
2026-06-24 16:48:02,173 - INFO - Best instance 1.0000, class 1.0000 (epoch 88)
Best instance 1.0000, class 1.0000 (epoch 88)
2026-06-24 16:48:02,194 - INFO - Epoch 140/200:
Epoch 140/200:
2026-06-24 16:48:04,942 - INFO - Train loss: 0.3862 (2.7s)
Train loss: 0.3862 (2.7s)
2026-06-24 16:48:05,200 - INFO - Test instance 0.9875, class 0.9875
Test instance 0.9875, class 0.9875
2026-06-24 16:48:05,201 - INFO - Best instance 1.0000, class 1.0000 (epoch 88)
Best instance 1.0000, class 1.0000 (epoch 88)
2026-06-24 16:48:05,221 - INFO - Epoch 141/200:
Epoch 141/200:
2026-06-24 16:48:07,921 - INFO - Train loss: 0.3715 (2.7s)
Train loss: 0.3715 (2.7s)
2026-06-24 16:48:08,187 - INFO - Test instance 0.9750, class 0.9750
Test instance 0.9750, class 0.9750
2026-06-24 16:48:08,187 - INFO - Best instance 1.0000, class 1.0000 (epoch 88)
Best instance 1.0000, class 1.0000 (epoch 88)
2026-06-24 16:48:08,206 - INFO - Epoch 142/200:
Epoch 142/200:
2026-06-24 16:48:10,914 - INFO - Train loss: 0.4283 (2.7s)
Train loss: 0.4283 (2.7s)
2026-06-24 16:48:11,176 - INFO - Test instance 1.0000, class 1.0000
Test instance 1.0000, class 1.0000
2026-06-24 16:48:11,177 - INFO - Best instance 1.0000, class 1.0000 (epoch 88)
Best instance 1.0000, class 1.0000 (epoch 88)
2026-06-24 16:48:11,195 - INFO - Epoch 143/200:
Epoch 143/200:
2026-06-24 16:48:13,866 - INFO - Train loss: 0.3087 (2.7s)
Train loss: 0.3087 (2.7s)
2026-06-24 16:48:14,123 - INFO - Test instance 0.9750, class 0.9750
Test instance 0.9750, class 0.9750
2026-06-24 16:48:14,123 - INFO - Best instance 1.0000, class 1.0000 (epoch 88)
Best instance 1.0000, class 1.0000 (epoch 88)
2026-06-24 16:48:14,142 - INFO - Epoch 144/200:
Epoch 144/200:
2026-06-24 16:48:16,831 - INFO - Train loss: 0.3558 (2.7s)
Train loss: 0.3558 (2.7s)
2026-06-24 16:48:17,099 - INFO - Test instance 0.9875, class 0.9875
Test instance 0.9875, class 0.9875
2026-06-24 16:48:17,100 - INFO - Best instance 1.0000, class 1.0000 (epoch 88)
Best instance 1.0000, class 1.0000 (epoch 88)
2026-06-24 16:48:17,118 - INFO - Epoch 145/200:
Epoch 145/200:
2026-06-24 16:48:19,868 - INFO - Train loss: 0.2976 (2.8s)
Train loss: 0.2976 (2.8s)
2026-06-24 16:48:20,139 - INFO - Test instance 0.9750, class 0.9750
Test instance 0.9750, class 0.9750
2026-06-24 16:48:20,139 - INFO - Best instance 1.0000, class 1.0000 (epoch 88)
Best instance 1.0000, class 1.0000 (epoch 88)
2026-06-24 16:48:20,157 - INFO - Epoch 146/200:
Epoch 146/200:
2026-06-24 16:48:22,876 - INFO - Train loss: 0.3035 (2.7s)
Train loss: 0.3035 (2.7s)
2026-06-24 16:48:23,139 - INFO - Test instance 0.9750, class 0.9750
Test instance 0.9750, class 0.9750
2026-06-24 16:48:23,139 - INFO - Best instance 1.0000, class 1.0000 (epoch 88)
Best instance 1.0000, class 1.0000 (epoch 88)
2026-06-24 16:48:23,158 - INFO - Epoch 147/200:
Epoch 147/200:
2026-06-24 16:48:25,880 - INFO - Train loss: 0.3642 (2.7s)
Train loss: 0.3642 (2.7s)
2026-06-24 16:48:26,144 - INFO - Test instance 0.9750, class 0.9750
Test instance 0.9750, class 0.9750
2026-06-24 16:48:26,144 - INFO - Best instance 1.0000, class 1.0000 (epoch 88)
Best instance 1.0000, class 1.0000 (epoch 88)
2026-06-24 16:48:26,163 - INFO - Epoch 148/200:
Epoch 148/200:
2026-06-24 16:48:28,862 - INFO - Train loss: 0.3941 (2.7s)
Train loss: 0.3941 (2.7s)
2026-06-24 16:48:29,133 - INFO - Test instance 0.9750, class 0.9750
Test instance 0.9750, class 0.9750
2026-06-24 16:48:29,133 - INFO - Best instance 1.0000, class 1.0000 (epoch 88)
Best instance 1.0000, class 1.0000 (epoch 88)
2026-06-24 16:48:29,150 - INFO - Epoch 149/200:
Epoch 149/200:
2026-06-24 16:48:31,873 - INFO - Train loss: 0.2945 (2.7s)
Train loss: 0.2945 (2.7s)
2026-06-24 16:48:32,132 - INFO - Test instance 0.9625, class 0.9625
Test instance 0.9625, class 0.9625
2026-06-24 16:48:32,133 - INFO - Best instance 1.0000, class 1.0000 (epoch 88)
Best instance 1.0000, class 1.0000 (epoch 88)
2026-06-24 16:48:32,150 - INFO - Epoch 150/200:
Epoch 150/200:
2026-06-24 16:48:34,897 - INFO - Train loss: 0.3387 (2.7s)
Train loss: 0.3387 (2.7s)
2026-06-24 16:48:35,159 - INFO - Test instance 0.9625, class 0.9625
Test instance 0.9625, class 0.9625
2026-06-24 16:48:35,159 - INFO - Best instance 1.0000, class 1.0000 (epoch 88)
Best instance 1.0000, class 1.0000 (epoch 88)
2026-06-24 16:48:35,177 - INFO - Epoch 151/200:
Epoch 151/200:
2026-06-24 16:48:37,874 - INFO - Train loss: 0.4251 (2.7s)
Train loss: 0.4251 (2.7s)
2026-06-24 16:48:38,153 - INFO - Test instance 0.9875, class 0.9875
Test instance 0.9875, class 0.9875
2026-06-24 16:48:38,153 - INFO - Best instance 1.0000, class 1.0000 (epoch 88)
Best instance 1.0000, class 1.0000 (epoch 88)
2026-06-24 16:48:38,171 - INFO - Epoch 152/200:
Epoch 152/200:
2026-06-24 16:48:40,908 - INFO - Train loss: 0.2656 (2.7s)
Train loss: 0.2656 (2.7s)
2026-06-24 16:48:41,171 - INFO - Test instance 0.9875, class 0.9875
Test instance 0.9875, class 0.9875
2026-06-24 16:48:41,171 - INFO - Best instance 1.0000, class 1.0000 (epoch 88)
Best instance 1.0000, class 1.0000 (epoch 88)
2026-06-24 16:48:41,188 - INFO - Epoch 153/200:
Epoch 153/200:
2026-06-24 16:48:43,931 - INFO - Train loss: 0.4023 (2.7s)
Train loss: 0.4023 (2.7s)
2026-06-24 16:48:44,192 - INFO - Test instance 0.9625, class 0.9625
Test instance 0.9625, class 0.9625
2026-06-24 16:48:44,192 - INFO - Best instance 1.0000, class 1.0000 (epoch 88)
Best instance 1.0000, class 1.0000 (epoch 88)
2026-06-24 16:48:44,209 - INFO - Epoch 154/200:
Epoch 154/200:
2026-06-24 16:48:46,918 - INFO - Train loss: 0.3008 (2.7s)
Train loss: 0.3008 (2.7s)
2026-06-24 16:48:47,187 - INFO - Test instance 0.9500, class 0.9500
Test instance 0.9500, class 0.9500
2026-06-24 16:48:47,187 - INFO - Best instance 1.0000, class 1.0000 (epoch 88)
Best instance 1.0000, class 1.0000 (epoch 88)
2026-06-24 16:48:47,205 - INFO - Epoch 155/200:
Epoch 155/200:
2026-06-24 16:48:49,915 - INFO - Train loss: 0.3210 (2.7s)
Train loss: 0.3210 (2.7s)
2026-06-24 16:48:50,189 - INFO - Test instance 0.9500, class 0.9500
Test instance 0.9500, class 0.9500
2026-06-24 16:48:50,189 - INFO - Best instance 1.0000, class 1.0000 (epoch 88)
Best instance 1.0000, class 1.0000 (epoch 88)
2026-06-24 16:48:50,206 - INFO - Epoch 156/200:
Epoch 156/200:
2026-06-24 16:48:52,927 - INFO - Train loss: 0.4024 (2.7s)
Train loss: 0.4024 (2.7s)
2026-06-24 16:48:53,183 - INFO - Test instance 0.9875, class 0.9875
Test instance 0.9875, class 0.9875
2026-06-24 16:48:53,184 - INFO - Best instance 1.0000, class 1.0000 (epoch 88)
Best instance 1.0000, class 1.0000 (epoch 88)
2026-06-24 16:48:53,201 - INFO - Epoch 157/200:
Epoch 157/200:
2026-06-24 16:48:55,932 - INFO - Train loss: 0.3341 (2.7s)
Train loss: 0.3341 (2.7s)
2026-06-24 16:48:56,202 - INFO - Test instance 0.9875, class 0.9875
Test instance 0.9875, class 0.9875
2026-06-24 16:48:56,202 - INFO - Best instance 1.0000, class 1.0000 (epoch 88)
Best instance 1.0000, class 1.0000 (epoch 88)
2026-06-24 16:48:56,221 - INFO - Epoch 158/200:
Epoch 158/200:
2026-06-24 16:48:58,909 - INFO - Train loss: 0.3391 (2.7s)
Train loss: 0.3391 (2.7s)
2026-06-24 16:48:59,164 - INFO - Test instance 0.9750, class 0.9750
Test instance 0.9750, class 0.9750
2026-06-24 16:48:59,164 - INFO - Best instance 1.0000, class 1.0000 (epoch 88)
Best instance 1.0000, class 1.0000 (epoch 88)
2026-06-24 16:48:59,181 - INFO - Epoch 159/200:
Epoch 159/200:
2026-06-24 16:49:01,936 - INFO - Train loss: 0.3667 (2.8s)
Train loss: 0.3667 (2.8s)
2026-06-24 16:49:02,214 - INFO - Test instance 0.9750, class 0.9750
Test instance 0.9750, class 0.9750
2026-06-24 16:49:02,215 - INFO - Best instance 1.0000, class 1.0000 (epoch 88)
Best instance 1.0000, class 1.0000 (epoch 88)
2026-06-24 16:49:02,234 - INFO - Epoch 160/200:
Epoch 160/200:
2026-06-24 16:49:05,003 - INFO - Train loss: 0.3580 (2.8s)
Train loss: 0.3580 (2.8s)
2026-06-24 16:49:05,262 - INFO - Test instance 0.9875, class 0.9875
Test instance 0.9875, class 0.9875
2026-06-24 16:49:05,262 - INFO - Best instance 1.0000, class 1.0000 (epoch 88)
Best instance 1.0000, class 1.0000 (epoch 88)
2026-06-24 16:49:05,280 - INFO - Epoch 161/200:
Epoch 161/200:
2026-06-24 16:49:08,001 - INFO - Train loss: 0.3059 (2.7s)
Train loss: 0.3059 (2.7s)
2026-06-24 16:49:08,273 - INFO - Test instance 0.9625, class 0.9625
Test instance 0.9625, class 0.9625
2026-06-24 16:49:08,273 - INFO - Best instance 1.0000, class 1.0000 (epoch 88)
Best instance 1.0000, class 1.0000 (epoch 88)
2026-06-24 16:49:08,290 - INFO - Epoch 162/200:
Epoch 162/200:
2026-06-24 16:49:11,021 - INFO - Train loss: 0.3900 (2.7s)
Train loss: 0.3900 (2.7s)
2026-06-24 16:49:11,283 - INFO - Test instance 0.9750, class 0.9750
Test instance 0.9750, class 0.9750
2026-06-24 16:49:11,284 - INFO - Best instance 1.0000, class 1.0000 (epoch 88)
Best instance 1.0000, class 1.0000 (epoch 88)
2026-06-24 16:49:11,303 - INFO - Epoch 163/200:
Epoch 163/200:
2026-06-24 16:49:13,998 - INFO - Train loss: 0.3731 (2.7s)
Train loss: 0.3731 (2.7s)
2026-06-24 16:49:14,259 - INFO - Test instance 0.9875, class 0.9875
Test instance 0.9875, class 0.9875
2026-06-24 16:49:14,260 - INFO - Best instance 1.0000, class 1.0000 (epoch 88)
Best instance 1.0000, class 1.0000 (epoch 88)
2026-06-24 16:49:14,277 - INFO - Epoch 164/200:
Epoch 164/200:
2026-06-24 16:49:16,987 - INFO - Train loss: 0.2858 (2.7s)
Train loss: 0.2858 (2.7s)
2026-06-24 16:49:17,250 - INFO - Test instance 0.9750, class 0.9750
Test instance 0.9750, class 0.9750
2026-06-24 16:49:17,251 - INFO - Best instance 1.0000, class 1.0000 (epoch 88)
Best instance 1.0000, class 1.0000 (epoch 88)
2026-06-24 16:49:17,268 - INFO - Epoch 165/200:
Epoch 165/200:
2026-06-24 16:49:19,977 - INFO - Train loss: 0.3635 (2.7s)
Train loss: 0.3635 (2.7s)
2026-06-24 16:49:20,247 - INFO - Test instance 0.9875, class 0.9875
Test instance 0.9875, class 0.9875
2026-06-24 16:49:20,247 - INFO - Best instance 1.0000, class 1.0000 (epoch 88)
Best instance 1.0000, class 1.0000 (epoch 88)
2026-06-24 16:49:20,264 - INFO - Epoch 166/200:
Epoch 166/200:
2026-06-24 16:49:22,963 - INFO - Train loss: 0.3562 (2.7s)
Train loss: 0.3562 (2.7s)
2026-06-24 16:49:23,224 - INFO - Test instance 0.9750, class 0.9750
Test instance 0.9750, class 0.9750
2026-06-24 16:49:23,224 - INFO - Best instance 1.0000, class 1.0000 (epoch 88)
Best instance 1.0000, class 1.0000 (epoch 88)
2026-06-24 16:49:23,242 - INFO - Epoch 167/200:
Epoch 167/200:
2026-06-24 16:49:25,956 - INFO - Train loss: 0.3124 (2.7s)
Train loss: 0.3124 (2.7s)
2026-06-24 16:49:26,214 - INFO - Test instance 0.9750, class 0.9750
Test instance 0.9750, class 0.9750
2026-06-24 16:49:26,215 - INFO - Best instance 1.0000, class 1.0000 (epoch 88)
Best instance 1.0000, class 1.0000 (epoch 88)
2026-06-24 16:49:26,232 - INFO - Epoch 168/200:
Epoch 168/200:
2026-06-24 16:49:28,963 - INFO - Train loss: 0.2761 (2.7s)
Train loss: 0.2761 (2.7s)
2026-06-24 16:49:29,225 - INFO - Test instance 0.9750, class 0.9750
Test instance 0.9750, class 0.9750
2026-06-24 16:49:29,225 - INFO - Best instance 1.0000, class 1.0000 (epoch 88)
Best instance 1.0000, class 1.0000 (epoch 88)
2026-06-24 16:49:29,243 - INFO - Epoch 169/200:
Epoch 169/200:
2026-06-24 16:49:31,960 - INFO - Train loss: 0.2873 (2.7s)
Train loss: 0.2873 (2.7s)
2026-06-24 16:49:32,222 - INFO - Test instance 0.9750, class 0.9750
Test instance 0.9750, class 0.9750
2026-06-24 16:49:32,223 - INFO - Best instance 1.0000, class 1.0000 (epoch 88)
Best instance 1.0000, class 1.0000 (epoch 88)
2026-06-24 16:49:32,240 - INFO - Epoch 170/200:
Epoch 170/200:
2026-06-24 16:49:35,003 - INFO - Train loss: 0.3328 (2.8s)
Train loss: 0.3328 (2.8s)
2026-06-24 16:49:35,266 - INFO - Test instance 1.0000, class 1.0000
Test instance 1.0000, class 1.0000
2026-06-24 16:49:35,267 - INFO - Best instance 1.0000, class 1.0000 (epoch 88)
Best instance 1.0000, class 1.0000 (epoch 88)
2026-06-24 16:49:35,284 - INFO - Epoch 171/200:
Epoch 171/200:
2026-06-24 16:49:37,997 - INFO - Train loss: 0.2784 (2.7s)
Train loss: 0.2784 (2.7s)
2026-06-24 16:49:38,272 - INFO - Test instance 0.9875, class 0.9875
Test instance 0.9875, class 0.9875
2026-06-24 16:49:38,272 - INFO - Best instance 1.0000, class 1.0000 (epoch 88)
Best instance 1.0000, class 1.0000 (epoch 88)
2026-06-24 16:49:38,290 - INFO - Epoch 172/200:
Epoch 172/200:
2026-06-24 16:49:41,033 - INFO - Train loss: 0.2870 (2.7s)
Train loss: 0.2870 (2.7s)
2026-06-24 16:49:41,294 - INFO - Test instance 0.9875, class 0.9875
Test instance 0.9875, class 0.9875
2026-06-24 16:49:41,294 - INFO - Best instance 1.0000, class 1.0000 (epoch 88)
Best instance 1.0000, class 1.0000 (epoch 88)
2026-06-24 16:49:41,312 - INFO - Epoch 173/200:
Epoch 173/200:
2026-06-24 16:49:43,964 - INFO - Train loss: 0.2883 (2.7s)
Train loss: 0.2883 (2.7s)
2026-06-24 16:49:44,216 - INFO - Test instance 0.9750, class 0.9750
Test instance 0.9750, class 0.9750
2026-06-24 16:49:44,216 - INFO - Best instance 1.0000, class 1.0000 (epoch 88)
Best instance 1.0000, class 1.0000 (epoch 88)
2026-06-24 16:49:44,233 - INFO - Epoch 174/200:
Epoch 174/200:
2026-06-24 16:49:46,964 - INFO - Train loss: 0.3717 (2.7s)
Train loss: 0.3717 (2.7s)
2026-06-24 16:49:47,224 - INFO - Test instance 0.9625, class 0.9625
Test instance 0.9625, class 0.9625
2026-06-24 16:49:47,224 - INFO - Best instance 1.0000, class 1.0000 (epoch 88)
Best instance 1.0000, class 1.0000 (epoch 88)
2026-06-24 16:49:47,241 - INFO - Epoch 175/200:
Epoch 175/200:
2026-06-24 16:49:49,963 - INFO - Train loss: 0.4588 (2.7s)
Train loss: 0.4588 (2.7s)
2026-06-24 16:49:50,236 - INFO - Test instance 0.9750, class 0.9750
Test instance 0.9750, class 0.9750
2026-06-24 16:49:50,237 - INFO - Best instance 1.0000, class 1.0000 (epoch 88)
Best instance 1.0000, class 1.0000 (epoch 88)
2026-06-24 16:49:50,255 - INFO - Epoch 176/200:
Epoch 176/200:
2026-06-24 16:49:52,952 - INFO - Train loss: 0.2986 (2.7s)
Train loss: 0.2986 (2.7s)
2026-06-24 16:49:53,223 - INFO - Test instance 0.9750, class 0.9750
Test instance 0.9750, class 0.9750
2026-06-24 16:49:53,223 - INFO - Best instance 1.0000, class 1.0000 (epoch 88)
Best instance 1.0000, class 1.0000 (epoch 88)
2026-06-24 16:49:53,241 - INFO - Epoch 177/200:
Epoch 177/200:
2026-06-24 16:49:55,948 - INFO - Train loss: 0.2796 (2.7s)
Train loss: 0.2796 (2.7s)
2026-06-24 16:49:56,210 - INFO - Test instance 0.9625, class 0.9625
Test instance 0.9625, class 0.9625
2026-06-24 16:49:56,210 - INFO - Best instance 1.0000, class 1.0000 (epoch 88)
Best instance 1.0000, class 1.0000 (epoch 88)
2026-06-24 16:49:56,227 - INFO - Epoch 178/200:
Epoch 178/200:
2026-06-24 16:49:58,939 - INFO - Train loss: 0.3123 (2.7s)
Train loss: 0.3123 (2.7s)
2026-06-24 16:49:59,211 - INFO - Test instance 0.9625, class 0.9625
Test instance 0.9625, class 0.9625
2026-06-24 16:49:59,212 - INFO - Best instance 1.0000, class 1.0000 (epoch 88)
Best instance 1.0000, class 1.0000 (epoch 88)
2026-06-24 16:49:59,229 - INFO - Epoch 179/200:
Epoch 179/200:
2026-06-24 16:50:01,979 - INFO - Train loss: 0.2578 (2.7s)
Train loss: 0.2578 (2.7s)
2026-06-24 16:50:02,251 - INFO - Test instance 0.9750, class 0.9750
Test instance 0.9750, class 0.9750
2026-06-24 16:50:02,252 - INFO - Best instance 1.0000, class 1.0000 (epoch 88)
Best instance 1.0000, class 1.0000 (epoch 88)
2026-06-24 16:50:02,271 - INFO - Epoch 180/200:
Epoch 180/200:
2026-06-24 16:50:04,986 - INFO - Train loss: 0.3160 (2.7s)
Train loss: 0.3160 (2.7s)
2026-06-24 16:50:05,244 - INFO - Test instance 0.9750, class 0.9750
Test instance 0.9750, class 0.9750
2026-06-24 16:50:05,244 - INFO - Best instance 1.0000, class 1.0000 (epoch 88)
Best instance 1.0000, class 1.0000 (epoch 88)
2026-06-24 16:50:05,264 - INFO - Epoch 181/200:
Epoch 181/200:
2026-06-24 16:50:07,971 - INFO - Train loss: 0.3108 (2.7s)
Train loss: 0.3108 (2.7s)
2026-06-24 16:50:08,245 - INFO - Test instance 0.9625, class 0.9625
Test instance 0.9625, class 0.9625
2026-06-24 16:50:08,246 - INFO - Best instance 1.0000, class 1.0000 (epoch 88)
Best instance 1.0000, class 1.0000 (epoch 88)
2026-06-24 16:50:08,265 - INFO - Epoch 182/200:
Epoch 182/200:
2026-06-24 16:50:11,008 - INFO - Train loss: 0.3868 (2.7s)
Train loss: 0.3868 (2.7s)
2026-06-24 16:50:11,274 - INFO - Test instance 0.9625, class 0.9625
Test instance 0.9625, class 0.9625
2026-06-24 16:50:11,275 - INFO - Best instance 1.0000, class 1.0000 (epoch 88)
Best instance 1.0000, class 1.0000 (epoch 88)
2026-06-24 16:50:11,292 - INFO - Epoch 183/200:
Epoch 183/200:
2026-06-24 16:50:14,009 - INFO - Train loss: 0.2797 (2.7s)
Train loss: 0.2797 (2.7s)
2026-06-24 16:50:14,270 - INFO - Test instance 1.0000, class 1.0000
Test instance 1.0000, class 1.0000
2026-06-24 16:50:14,270 - INFO - Best instance 1.0000, class 1.0000 (epoch 88)
Best instance 1.0000, class 1.0000 (epoch 88)
2026-06-24 16:50:14,288 - INFO - Epoch 184/200:
Epoch 184/200:
2026-06-24 16:50:17,018 - INFO - Train loss: 0.3279 (2.7s)
Train loss: 0.3279 (2.7s)
2026-06-24 16:50:17,290 - INFO - Test instance 0.9750, class 0.9750
Test instance 0.9750, class 0.9750
2026-06-24 16:50:17,290 - INFO - Best instance 1.0000, class 1.0000 (epoch 88)
Best instance 1.0000, class 1.0000 (epoch 88)
2026-06-24 16:50:17,308 - INFO - Epoch 185/200:
Epoch 185/200:
2026-06-24 16:50:20,060 - INFO - Train loss: 0.2702 (2.8s)
Train loss: 0.2702 (2.8s)
2026-06-24 16:50:20,325 - INFO - Test instance 0.9625, class 0.9625
Test instance 0.9625, class 0.9625
2026-06-24 16:50:20,325 - INFO - Best instance 1.0000, class 1.0000 (epoch 88)
Best instance 1.0000, class 1.0000 (epoch 88)
2026-06-24 16:50:20,344 - INFO - Epoch 186/200:
Epoch 186/200:
2026-06-24 16:50:23,068 - INFO - Train loss: 0.2520 (2.7s)
Train loss: 0.2520 (2.7s)
2026-06-24 16:50:23,332 - INFO - Test instance 0.9875, class 0.9875
Test instance 0.9875, class 0.9875
2026-06-24 16:50:23,333 - INFO - Best instance 1.0000, class 1.0000 (epoch 88)
Best instance 1.0000, class 1.0000 (epoch 88)
2026-06-24 16:50:23,351 - INFO - Epoch 187/200:
Epoch 187/200:
2026-06-24 16:50:26,089 - INFO - Train loss: 0.3763 (2.7s)
Train loss: 0.3763 (2.7s)
2026-06-24 16:50:26,349 - INFO - Test instance 0.9750, class 0.9750
Test instance 0.9750, class 0.9750
2026-06-24 16:50:26,349 - INFO - Best instance 1.0000, class 1.0000 (epoch 88)
Best instance 1.0000, class 1.0000 (epoch 88)
2026-06-24 16:50:26,366 - INFO - Epoch 188/200:
Epoch 188/200:
2026-06-24 16:50:29,129 - INFO - Train loss: 0.2684 (2.8s)
Train loss: 0.2684 (2.8s)
2026-06-24 16:50:29,400 - INFO - Test instance 0.9875, class 0.9875
Test instance 0.9875, class 0.9875
2026-06-24 16:50:29,400 - INFO - Best instance 1.0000, class 1.0000 (epoch 88)
Best instance 1.0000, class 1.0000 (epoch 88)
2026-06-24 16:50:29,418 - INFO - Epoch 189/200:
Epoch 189/200:
2026-06-24 16:50:32,118 - INFO - Train loss: 0.2804 (2.7s)
Train loss: 0.2804 (2.7s)
2026-06-24 16:50:32,389 - INFO - Test instance 0.9875, class 0.9875
Test instance 0.9875, class 0.9875
2026-06-24 16:50:32,390 - INFO - Best instance 1.0000, class 1.0000 (epoch 88)
Best instance 1.0000, class 1.0000 (epoch 88)
2026-06-24 16:50:32,408 - INFO - Epoch 190/200:
Epoch 190/200:
2026-06-24 16:50:35,152 - INFO - Train loss: 0.2590 (2.7s)
Train loss: 0.2590 (2.7s)
2026-06-24 16:50:35,421 - INFO - Test instance 0.9750, class 0.9750
Test instance 0.9750, class 0.9750
2026-06-24 16:50:35,422 - INFO - Best instance 1.0000, class 1.0000 (epoch 88)
Best instance 1.0000, class 1.0000 (epoch 88)
2026-06-24 16:50:35,441 - INFO - Epoch 191/200:
Epoch 191/200:
2026-06-24 16:50:38,170 - INFO - Train loss: 0.2799 (2.7s)
Train loss: 0.2799 (2.7s)
2026-06-24 16:50:38,433 - INFO - Test instance 0.9875, class 0.9875
Test instance 0.9875, class 0.9875
2026-06-24 16:50:38,433 - INFO - Best instance 1.0000, class 1.0000 (epoch 88)
Best instance 1.0000, class 1.0000 (epoch 88)
2026-06-24 16:50:38,452 - INFO - Epoch 192/200:
Epoch 192/200:
2026-06-24 16:50:41,189 - INFO - Train loss: 0.3152 (2.7s)
Train loss: 0.3152 (2.7s)
2026-06-24 16:50:41,449 - INFO - Test instance 0.9875, class 0.9875
Test instance 0.9875, class 0.9875
2026-06-24 16:50:41,449 - INFO - Best instance 1.0000, class 1.0000 (epoch 88)
Best instance 1.0000, class 1.0000 (epoch 88)
2026-06-24 16:50:41,468 - INFO - Epoch 193/200:
Epoch 193/200:
2026-06-24 16:50:44,212 - INFO - Train loss: 0.3559 (2.7s)
Train loss: 0.3559 (2.7s)
2026-06-24 16:50:44,479 - INFO - Test instance 0.9750, class 0.9750
Test instance 0.9750, class 0.9750
2026-06-24 16:50:44,480 - INFO - Best instance 1.0000, class 1.0000 (epoch 88)
Best instance 1.0000, class 1.0000 (epoch 88)
2026-06-24 16:50:44,499 - INFO - Epoch 194/200:
Epoch 194/200:
2026-06-24 16:50:47,221 - INFO - Train loss: 0.3439 (2.7s)
Train loss: 0.3439 (2.7s)
2026-06-24 16:50:47,479 - INFO - Test instance 0.9625, class 0.9625
Test instance 0.9625, class 0.9625
2026-06-24 16:50:47,479 - INFO - Best instance 1.0000, class 1.0000 (epoch 88)
Best instance 1.0000, class 1.0000 (epoch 88)
2026-06-24 16:50:47,497 - INFO - Epoch 195/200:
Epoch 195/200:
2026-06-24 16:50:50,224 - INFO - Train loss: 0.2716 (2.7s)
Train loss: 0.2716 (2.7s)
2026-06-24 16:50:50,486 - INFO - Test instance 0.9625, class 0.9625
Test instance 0.9625, class 0.9625
2026-06-24 16:50:50,487 - INFO - Best instance 1.0000, class 1.0000 (epoch 88)
Best instance 1.0000, class 1.0000 (epoch 88)
2026-06-24 16:50:50,505 - INFO - Epoch 196/200:
Epoch 196/200:
2026-06-24 16:50:53,217 - INFO - Train loss: 0.3167 (2.7s)
Train loss: 0.3167 (2.7s)
2026-06-24 16:50:53,490 - INFO - Test instance 0.9875, class 0.9875
Test instance 0.9875, class 0.9875
2026-06-24 16:50:53,491 - INFO - Best instance 1.0000, class 1.0000 (epoch 88)
Best instance 1.0000, class 1.0000 (epoch 88)
2026-06-24 16:50:53,509 - INFO - Epoch 197/200:
Epoch 197/200:
2026-06-24 16:50:56,217 - INFO - Train loss: 0.2491 (2.7s)
Train loss: 0.2491 (2.7s)
2026-06-24 16:50:56,478 - INFO - Test instance 0.9625, class 0.9625
Test instance 0.9625, class 0.9625
2026-06-24 16:50:56,479 - INFO - Best instance 1.0000, class 1.0000 (epoch 88)
Best instance 1.0000, class 1.0000 (epoch 88)
2026-06-24 16:50:56,497 - INFO - Epoch 198/200:
Epoch 198/200:
2026-06-24 16:50:59,229 - INFO - Train loss: 0.2912 (2.7s)
Train loss: 0.2912 (2.7s)
2026-06-24 16:50:59,496 - INFO - Test instance 1.0000, class 1.0000
Test instance 1.0000, class 1.0000
2026-06-24 16:50:59,496 - INFO - Best instance 1.0000, class 1.0000 (epoch 88)
Best instance 1.0000, class 1.0000 (epoch 88)
2026-06-24 16:50:59,515 - INFO - Epoch 199/200:
Epoch 199/200:
2026-06-24 16:51:02,309 - INFO - Train loss: 0.2665 (2.8s)
Train loss: 0.2665 (2.8s)
2026-06-24 16:51:02,573 - INFO - Test instance 0.9750, class 0.9750
Test instance 0.9750, class 0.9750
2026-06-24 16:51:02,573 - INFO - Best instance 1.0000, class 1.0000 (epoch 88)
Best instance 1.0000, class 1.0000 (epoch 88)
2026-06-24 16:51:02,591 - INFO - Epoch 200/200:
Epoch 200/200:
2026-06-24 16:51:05,329 - INFO - Train loss: 0.3413 (2.7s)
Train loss: 0.3413 (2.7s)
2026-06-24 16:51:05,589 - INFO - Test instance 0.9750, class 0.9750
Test instance 0.9750, class 0.9750
2026-06-24 16:51:05,589 - INFO - Best instance 1.0000, class 1.0000 (epoch 88)
Best instance 1.0000, class 1.0000 (epoch 88)
2026-06-24 16:51:27,060 - INFO - Student 1.42 MB, 63.82 ms
Student 1.42 MB, 63.82 ms
