[Wed Jun 24 16:45:39 EDT 2026] task 28 on GPU 0: python flkd/advanced_kd_train_classification.py --teacher_model pointnet2_cls_ssg --student_model small_pointnet2 --kd_strategy sp --dataset craniosynostosis --seed 42 --batch_size 24 --epoch 200 --num_point 1024 --teacher_path "outputs/craniosynostosis/classification/pointnet2_cls_ssg_s42/checkpoints/best_model.pth" --log_dir kd_pointnet2_cls_ssg_sp_small_pointnet2_s42 --beta 0.5 --data_root data --output_root outputs --num_workers -1 --max_runtime_hours 166.0
Loaded teacher from outputs/craniosynostosis/classification/pointnet2_cls_ssg_s42/checkpoints/best_model.pth
2026-06-24 16:49:38,383 - INFO - PARAMETER ...
2026-06-24 16:49:38,384 - INFO - {'use_cpu': False, 'no_amp': False, 'gpu': '0', 'num_workers': -1, 'batch_size': 24, 'teacher_model': 'pointnet2_cls_ssg', 'student_model': 'small_pointnet2', 'num_category': 4, 'dataset': 'craniosynostosis', 'data_root': 'data', 'output_root': 'outputs', 'train_split': 0.8, 'dataset_seed': 0, 'cache_dataset': True, 'min_class_samples': 1, 'epoch': 200, 'learning_rate': 0.001, 'num_point': 1024, 'optimizer': 'Adam', 'log_dir': 'kd_pointnet2_cls_ssg_sp_small_pointnet2_s42', 'decay_rate': 0.0001, 'use_normals': False, 'process_data': False, 'use_uniform_sample': False, 'resume': True, 'kd_strategy': 'sp', 'alpha': 0.5, 'temperature': 2.0, 'beta': 0.5, 'dkd_alpha': 1.0, 'dkd_beta': 8.0, 'crd_temperature': 0.07, 'teacher_path': 'outputs/craniosynostosis/classification/pointnet2_cls_ssg_s42/checkpoints/best_model.pth', 'teacher_paths': None, 'teacher_weights': None, 'use_hard_labels': 'on', 'unlabeled': False, 'temperature_sweep': None, 'seed': 42, 'max_runtime_hours': 166.0}
2026-06-24 16:49:38,386 - INFO - KD=sp student=small_pointnet2 AMP=False use_hard=True unlabeled=False T=2.0
KD=sp student=small_pointnet2 AMP=False use_hard=True unlabeled=False T=2.0
2026-06-24 16:49:41,011 - INFO - Epoch 1/200:
Epoch 1/200:
2026-06-24 16:49:44,105 - INFO - Train loss: 1.9059 (3.1s)
Train loss: 1.9059 (3.1s)
2026-06-24 16:49:44,823 - INFO - Test instance 0.2500, class 0.2500
Test instance 0.2500, class 0.2500
2026-06-24 16:49:44,848 - INFO - Best instance 0.2500, class 0.2500 (epoch 1)
Best instance 0.2500, class 0.2500 (epoch 1)
2026-06-24 16:49:44,868 - INFO - Epoch 2/200:
Epoch 2/200:
2026-06-24 16:49:47,613 - INFO - Train loss: 1.9287 (2.7s)
Train loss: 1.9287 (2.7s)
2026-06-24 16:49:47,881 - INFO - Test instance 0.2500, class 0.2500
Test instance 0.2500, class 0.2500
2026-06-24 16:49:47,881 - INFO - Best instance 0.2500, class 0.2500 (epoch 1)
Best instance 0.2500, class 0.2500 (epoch 1)
2026-06-24 16:49:47,900 - INFO - Epoch 3/200:
Epoch 3/200:
2026-06-24 16:49:50,662 - INFO - Train loss: 1.9107 (2.8s)
Train loss: 1.9107 (2.8s)
2026-06-24 16:49:50,923 - INFO - Test instance 0.2500, class 0.2500
Test instance 0.2500, class 0.2500
2026-06-24 16:49:50,923 - INFO - Best instance 0.2500, class 0.2500 (epoch 1)
Best instance 0.2500, class 0.2500 (epoch 1)
2026-06-24 16:49:50,941 - INFO - Epoch 4/200:
Epoch 4/200:
2026-06-24 16:49:53,675 - INFO - Train loss: 1.8003 (2.7s)
Train loss: 1.8003 (2.7s)
2026-06-24 16:49:53,927 - INFO - Test instance 0.3625, class 0.3625
Test instance 0.3625, class 0.3625
2026-06-24 16:49:53,944 - INFO - Best instance 0.3625, class 0.3625 (epoch 4)
Best instance 0.3625, class 0.3625 (epoch 4)
2026-06-24 16:49:53,960 - INFO - Epoch 5/200:
Epoch 5/200:
2026-06-24 16:49:56,669 - INFO - Train loss: 1.6930 (2.7s)
Train loss: 1.6930 (2.7s)
2026-06-24 16:49:56,924 - INFO - Test instance 0.4000, class 0.4000
Test instance 0.4000, class 0.4000
2026-06-24 16:49:56,942 - INFO - Best instance 0.4000, class 0.4000 (epoch 5)
Best instance 0.4000, class 0.4000 (epoch 5)
2026-06-24 16:49:56,959 - INFO - Epoch 6/200:
Epoch 6/200:
2026-06-24 16:49:59,707 - INFO - Train loss: 1.5643 (2.7s)
Train loss: 1.5643 (2.7s)
2026-06-24 16:49:59,968 - INFO - Test instance 0.4375, class 0.4375
Test instance 0.4375, class 0.4375
2026-06-24 16:49:59,986 - INFO - Best instance 0.4375, class 0.4375 (epoch 6)
Best instance 0.4375, class 0.4375 (epoch 6)
2026-06-24 16:50:00,005 - INFO - Epoch 7/200:
Epoch 7/200:
2026-06-24 16:50:02,806 - INFO - Train loss: 1.4900 (2.8s)
Train loss: 1.4900 (2.8s)
2026-06-24 16:50:03,067 - INFO - Test instance 0.3250, class 0.3250
Test instance 0.3250, class 0.3250
2026-06-24 16:50:03,068 - INFO - Best instance 0.4375, class 0.4375 (epoch 6)
Best instance 0.4375, class 0.4375 (epoch 6)
2026-06-24 16:50:03,085 - INFO - Epoch 8/200:
Epoch 8/200:
2026-06-24 16:50:05,837 - INFO - Train loss: 1.3786 (2.8s)
Train loss: 1.3786 (2.8s)
2026-06-24 16:50:06,101 - INFO - Test instance 0.4750, class 0.4750
Test instance 0.4750, class 0.4750
2026-06-24 16:50:06,118 - INFO - Best instance 0.4750, class 0.4750 (epoch 8)
Best instance 0.4750, class 0.4750 (epoch 8)
2026-06-24 16:50:06,137 - INFO - Epoch 9/200:
Epoch 9/200:
2026-06-24 16:50:08,903 - INFO - Train loss: 1.3824 (2.8s)
Train loss: 1.3824 (2.8s)
2026-06-24 16:50:09,183 - INFO - Test instance 0.4000, class 0.4000
Test instance 0.4000, class 0.4000
2026-06-24 16:50:09,183 - INFO - Best instance 0.4750, class 0.4750 (epoch 8)
Best instance 0.4750, class 0.4750 (epoch 8)
2026-06-24 16:50:09,201 - INFO - Epoch 10/200:
Epoch 10/200:
2026-06-24 16:50:11,956 - INFO - Train loss: 1.4195 (2.8s)
Train loss: 1.4195 (2.8s)
2026-06-24 16:50:12,214 - INFO - Test instance 0.4750, class 0.4750
Test instance 0.4750, class 0.4750
2026-06-24 16:50:12,214 - INFO - Best instance 0.4750, class 0.4750 (epoch 8)
Best instance 0.4750, class 0.4750 (epoch 8)
2026-06-24 16:50:12,232 - INFO - Epoch 11/200:
Epoch 11/200:
2026-06-24 16:50:15,002 - INFO - Train loss: 1.3264 (2.8s)
Train loss: 1.3264 (2.8s)
2026-06-24 16:50:15,275 - INFO - Test instance 0.5625, class 0.5625
Test instance 0.5625, class 0.5625
2026-06-24 16:50:15,293 - INFO - Best instance 0.5625, class 0.5625 (epoch 11)
Best instance 0.5625, class 0.5625 (epoch 11)
2026-06-24 16:50:15,320 - INFO - Epoch 12/200:
Epoch 12/200:
2026-06-24 16:50:18,086 - INFO - Train loss: 1.3175 (2.8s)
Train loss: 1.3175 (2.8s)
2026-06-24 16:50:18,345 - INFO - Test instance 0.5000, class 0.5000
Test instance 0.5000, class 0.5000
2026-06-24 16:50:18,345 - INFO - Best instance 0.5625, class 0.5625 (epoch 11)
Best instance 0.5625, class 0.5625 (epoch 11)
2026-06-24 16:50:18,363 - INFO - Epoch 13/200:
Epoch 13/200:
2026-06-24 16:50:21,111 - INFO - Train loss: 1.1733 (2.7s)
Train loss: 1.1733 (2.7s)
2026-06-24 16:50:21,368 - INFO - Test instance 0.5750, class 0.5750
Test instance 0.5750, class 0.5750
2026-06-24 16:50:21,385 - INFO - Best instance 0.5750, class 0.5750 (epoch 13)
Best instance 0.5750, class 0.5750 (epoch 13)
2026-06-24 16:50:21,402 - INFO - Epoch 14/200:
Epoch 14/200:
2026-06-24 16:50:24,167 - INFO - Train loss: 1.0537 (2.8s)
Train loss: 1.0537 (2.8s)
2026-06-24 16:50:24,420 - INFO - Test instance 0.5250, class 0.5250
Test instance 0.5250, class 0.5250
2026-06-24 16:50:24,421 - INFO - Best instance 0.5750, class 0.5750 (epoch 13)
Best instance 0.5750, class 0.5750 (epoch 13)
2026-06-24 16:50:24,439 - INFO - Epoch 15/200:
Epoch 15/200:
2026-06-24 16:50:27,213 - INFO - Train loss: 1.1239 (2.8s)
Train loss: 1.1239 (2.8s)
2026-06-24 16:50:27,479 - INFO - Test instance 0.6500, class 0.6500
Test instance 0.6500, class 0.6500
2026-06-24 16:50:27,506 - INFO - Best instance 0.6500, class 0.6500 (epoch 15)
Best instance 0.6500, class 0.6500 (epoch 15)
2026-06-24 16:50:27,529 - INFO - Epoch 16/200:
Epoch 16/200:
2026-06-24 16:50:30,311 - INFO - Train loss: 1.0093 (2.8s)
Train loss: 1.0093 (2.8s)
2026-06-24 16:50:30,573 - INFO - Test instance 0.5625, class 0.5625
Test instance 0.5625, class 0.5625
2026-06-24 16:50:30,573 - INFO - Best instance 0.6500, class 0.6500 (epoch 15)
Best instance 0.6500, class 0.6500 (epoch 15)
2026-06-24 16:50:30,592 - INFO - Epoch 17/200:
Epoch 17/200:
2026-06-24 16:50:34,086 - INFO - Train loss: 0.9962 (3.5s)
Train loss: 0.9962 (3.5s)
2026-06-24 16:50:34,421 - INFO - Test instance 0.7125, class 0.7125
Test instance 0.7125, class 0.7125
2026-06-24 16:50:34,441 - INFO - Best instance 0.7125, class 0.7125 (epoch 17)
Best instance 0.7125, class 0.7125 (epoch 17)
2026-06-24 16:50:34,461 - INFO - Epoch 18/200:
Epoch 18/200:
2026-06-24 16:50:37,196 - INFO - Train loss: 0.8853 (2.7s)
Train loss: 0.8853 (2.7s)
2026-06-24 16:50:37,462 - INFO - Test instance 0.6500, class 0.6500
Test instance 0.6500, class 0.6500
2026-06-24 16:50:37,462 - INFO - Best instance 0.7125, class 0.7125 (epoch 17)
Best instance 0.7125, class 0.7125 (epoch 17)
2026-06-24 16:50:37,480 - INFO - Epoch 19/200:
Epoch 19/200:
2026-06-24 16:50:40,252 - INFO - Train loss: 0.8698 (2.8s)
Train loss: 0.8698 (2.8s)
2026-06-24 16:50:40,512 - INFO - Test instance 0.7875, class 0.7875
Test instance 0.7875, class 0.7875
2026-06-24 16:50:40,529 - INFO - Best instance 0.7875, class 0.7875 (epoch 19)
Best instance 0.7875, class 0.7875 (epoch 19)
2026-06-24 16:50:40,546 - INFO - Epoch 20/200:
Epoch 20/200:
2026-06-24 16:50:43,981 - INFO - Train loss: 0.8566 (3.4s)
Train loss: 0.8566 (3.4s)
2026-06-24 16:50:44,314 - INFO - Test instance 0.4500, class 0.4500
Test instance 0.4500, class 0.4500
2026-06-24 16:50:44,314 - INFO - Best instance 0.7875, class 0.7875 (epoch 19)
Best instance 0.7875, class 0.7875 (epoch 19)
2026-06-24 16:50:44,335 - INFO - Epoch 21/200:
Epoch 21/200:
2026-06-24 16:50:47,824 - INFO - Train loss: 0.8243 (3.5s)
Train loss: 0.8243 (3.5s)
2026-06-24 16:50:48,159 - INFO - Test instance 0.4500, class 0.4500
Test instance 0.4500, class 0.4500
2026-06-24 16:50:48,159 - INFO - Best instance 0.7875, class 0.7875 (epoch 19)
Best instance 0.7875, class 0.7875 (epoch 19)
2026-06-24 16:50:48,181 - INFO - Epoch 22/200:
Epoch 22/200:
2026-06-24 16:50:51,702 - INFO - Train loss: 0.8691 (3.5s)
Train loss: 0.8691 (3.5s)
2026-06-24 16:50:51,977 - INFO - Test instance 0.7000, class 0.7000
Test instance 0.7000, class 0.7000
2026-06-24 16:50:51,978 - INFO - Best instance 0.7875, class 0.7875 (epoch 19)
Best instance 0.7875, class 0.7875 (epoch 19)
2026-06-24 16:50:51,996 - INFO - Epoch 23/200:
Epoch 23/200:
2026-06-24 16:50:54,731 - INFO - Train loss: 0.7439 (2.7s)
Train loss: 0.7439 (2.7s)
2026-06-24 16:50:54,992 - INFO - Test instance 0.6875, class 0.6875
Test instance 0.6875, class 0.6875
2026-06-24 16:50:54,992 - INFO - Best instance 0.7875, class 0.7875 (epoch 19)
Best instance 0.7875, class 0.7875 (epoch 19)
2026-06-24 16:50:55,011 - INFO - Epoch 24/200:
Epoch 24/200:
2026-06-24 16:50:57,732 - INFO - Train loss: 0.7102 (2.7s)
Train loss: 0.7102 (2.7s)
2026-06-24 16:50:57,987 - INFO - Test instance 0.8125, class 0.8125
Test instance 0.8125, class 0.8125
2026-06-24 16:50:58,006 - INFO - Best instance 0.8125, class 0.8125 (epoch 24)
Best instance 0.8125, class 0.8125 (epoch 24)
2026-06-24 16:50:58,024 - INFO - Epoch 25/200:
Epoch 25/200:
2026-06-24 16:51:00,771 - INFO - Train loss: 0.6635 (2.7s)
Train loss: 0.6635 (2.7s)
2026-06-24 16:51:01,030 - INFO - Test instance 0.8125, class 0.8125
Test instance 0.8125, class 0.8125
2026-06-24 16:51:01,031 - INFO - Best instance 0.8125, class 0.8125 (epoch 24)
Best instance 0.8125, class 0.8125 (epoch 24)
2026-06-24 16:51:01,049 - INFO - Epoch 26/200:
Epoch 26/200:
2026-06-24 16:51:03,852 - INFO - Train loss: 0.6401 (2.8s)
Train loss: 0.6401 (2.8s)
2026-06-24 16:51:04,181 - INFO - Test instance 0.7625, class 0.7625
Test instance 0.7625, class 0.7625
2026-06-24 16:51:04,181 - INFO - Best instance 0.8125, class 0.8125 (epoch 24)
Best instance 0.8125, class 0.8125 (epoch 24)
2026-06-24 16:51:04,207 - INFO - Epoch 27/200:
Epoch 27/200:
2026-06-24 16:51:06,941 - INFO - Train loss: 0.6846 (2.7s)
Train loss: 0.6846 (2.7s)
2026-06-24 16:51:07,216 - INFO - Test instance 0.8000, class 0.8000
Test instance 0.8000, class 0.8000
2026-06-24 16:51:07,216 - INFO - Best instance 0.8125, class 0.8125 (epoch 24)
Best instance 0.8125, class 0.8125 (epoch 24)
2026-06-24 16:51:07,235 - INFO - Epoch 28/200:
Epoch 28/200:
2026-06-24 16:51:10,017 - INFO - Train loss: 0.6962 (2.8s)
Train loss: 0.6962 (2.8s)
2026-06-24 16:51:10,272 - INFO - Test instance 0.7000, class 0.7000
Test instance 0.7000, class 0.7000
2026-06-24 16:51:10,272 - INFO - Best instance 0.8125, class 0.8125 (epoch 24)
Best instance 0.8125, class 0.8125 (epoch 24)
2026-06-24 16:51:10,291 - INFO - Epoch 29/200:
Epoch 29/200:
2026-06-24 16:51:13,048 - INFO - Train loss: 0.5409 (2.8s)
Train loss: 0.5409 (2.8s)
2026-06-24 16:51:13,310 - INFO - Test instance 0.8375, class 0.8375
Test instance 0.8375, class 0.8375
2026-06-24 16:51:13,329 - INFO - Best instance 0.8375, class 0.8375 (epoch 29)
Best instance 0.8375, class 0.8375 (epoch 29)
2026-06-24 16:51:13,347 - INFO - Epoch 30/200:
Epoch 30/200:
2026-06-24 16:51:16,132 - INFO - Train loss: 0.5736 (2.8s)
Train loss: 0.5736 (2.8s)
2026-06-24 16:51:16,389 - INFO - Test instance 0.9125, class 0.9125
Test instance 0.9125, class 0.9125
2026-06-24 16:51:16,409 - INFO - Best instance 0.9125, class 0.9125 (epoch 30)
Best instance 0.9125, class 0.9125 (epoch 30)
2026-06-24 16:51:16,427 - INFO - Epoch 31/200:
Epoch 31/200:
2026-06-24 16:51:19,185 - INFO - Train loss: 0.6208 (2.8s)
Train loss: 0.6208 (2.8s)
2026-06-24 16:51:19,447 - INFO - Test instance 0.7625, class 0.7625
Test instance 0.7625, class 0.7625
2026-06-24 16:51:19,447 - INFO - Best instance 0.9125, class 0.9125 (epoch 30)
Best instance 0.9125, class 0.9125 (epoch 30)
2026-06-24 16:51:19,465 - INFO - Epoch 32/200:
Epoch 32/200:
2026-06-24 16:51:22,233 - INFO - Train loss: 0.5991 (2.8s)
Train loss: 0.5991 (2.8s)
2026-06-24 16:51:22,499 - INFO - Test instance 0.7875, class 0.7875
Test instance 0.7875, class 0.7875
2026-06-24 16:51:22,500 - INFO - Best instance 0.9125, class 0.9125 (epoch 30)
Best instance 0.9125, class 0.9125 (epoch 30)
2026-06-24 16:51:22,518 - INFO - Epoch 33/200:
Epoch 33/200:
2026-06-24 16:51:25,261 - INFO - Train loss: 0.5773 (2.7s)
Train loss: 0.5773 (2.7s)
2026-06-24 16:51:25,518 - INFO - Test instance 0.8625, class 0.8625
Test instance 0.8625, class 0.8625
2026-06-24 16:51:25,518 - INFO - Best instance 0.9125, class 0.9125 (epoch 30)
Best instance 0.9125, class 0.9125 (epoch 30)
2026-06-24 16:51:25,535 - INFO - Epoch 34/200:
Epoch 34/200:
2026-06-24 16:51:28,298 - INFO - Train loss: 0.5734 (2.8s)
Train loss: 0.5734 (2.8s)
2026-06-24 16:51:28,556 - INFO - Test instance 0.7375, class 0.7375
Test instance 0.7375, class 0.7375
2026-06-24 16:51:28,556 - INFO - Best instance 0.9125, class 0.9125 (epoch 30)
Best instance 0.9125, class 0.9125 (epoch 30)
2026-06-24 16:51:28,575 - INFO - Epoch 35/200:
Epoch 35/200:
2026-06-24 16:51:31,345 - INFO - Train loss: 0.5123 (2.8s)
Train loss: 0.5123 (2.8s)
2026-06-24 16:51:31,613 - INFO - Test instance 0.7875, class 0.7875
Test instance 0.7875, class 0.7875
2026-06-24 16:51:31,613 - INFO - Best instance 0.9125, class 0.9125 (epoch 30)
Best instance 0.9125, class 0.9125 (epoch 30)
2026-06-24 16:51:31,632 - INFO - Epoch 36/200:
Epoch 36/200:
2026-06-24 16:51:34,399 - INFO - Train loss: 0.5076 (2.8s)
Train loss: 0.5076 (2.8s)
2026-06-24 16:51:34,666 - INFO - Test instance 0.8250, class 0.8250
Test instance 0.8250, class 0.8250
2026-06-24 16:51:34,666 - INFO - Best instance 0.9125, class 0.9125 (epoch 30)
Best instance 0.9125, class 0.9125 (epoch 30)
2026-06-24 16:51:34,685 - INFO - Epoch 37/200:
Epoch 37/200:
2026-06-24 16:51:38,149 - INFO - Train loss: 0.5170 (3.5s)
Train loss: 0.5170 (3.5s)
2026-06-24 16:51:38,486 - INFO - Test instance 0.6125, class 0.6125
Test instance 0.6125, class 0.6125
2026-06-24 16:51:38,487 - INFO - Best instance 0.9125, class 0.9125 (epoch 30)
Best instance 0.9125, class 0.9125 (epoch 30)
2026-06-24 16:51:38,507 - INFO - Epoch 38/200:
Epoch 38/200:
2026-06-24 16:51:41,253 - INFO - Train loss: 0.6306 (2.7s)
Train loss: 0.6306 (2.7s)
2026-06-24 16:51:41,522 - INFO - Test instance 0.5875, class 0.5875
Test instance 0.5875, class 0.5875
2026-06-24 16:51:41,522 - INFO - Best instance 0.9125, class 0.9125 (epoch 30)
Best instance 0.9125, class 0.9125 (epoch 30)
2026-06-24 16:51:41,540 - INFO - Epoch 39/200:
Epoch 39/200:
2026-06-24 16:51:44,971 - INFO - Train loss: 0.5799 (3.4s)
Train loss: 0.5799 (3.4s)
2026-06-24 16:51:45,296 - INFO - Test instance 0.8125, class 0.8125
Test instance 0.8125, class 0.8125
2026-06-24 16:51:45,296 - INFO - Best instance 0.9125, class 0.9125 (epoch 30)
Best instance 0.9125, class 0.9125 (epoch 30)
2026-06-24 16:51:45,315 - INFO - Epoch 40/200:
Epoch 40/200:
2026-06-24 16:51:48,768 - INFO - Train loss: 0.5110 (3.5s)
Train loss: 0.5110 (3.5s)
2026-06-24 16:51:49,105 - INFO - Test instance 0.8375, class 0.8375
Test instance 0.8375, class 0.8375
2026-06-24 16:51:49,106 - INFO - Best instance 0.9125, class 0.9125 (epoch 30)
Best instance 0.9125, class 0.9125 (epoch 30)
2026-06-24 16:51:49,127 - INFO - Epoch 41/200:
Epoch 41/200:
2026-06-24 16:51:51,896 - INFO - Train loss: 0.5042 (2.8s)
Train loss: 0.5042 (2.8s)
2026-06-24 16:51:52,160 - INFO - Test instance 0.8875, class 0.8875
Test instance 0.8875, class 0.8875
2026-06-24 16:51:52,160 - INFO - Best instance 0.9125, class 0.9125 (epoch 30)
Best instance 0.9125, class 0.9125 (epoch 30)
2026-06-24 16:51:52,178 - INFO - Epoch 42/200:
Epoch 42/200:
2026-06-24 16:51:54,910 - INFO - Train loss: 0.4979 (2.7s)
Train loss: 0.4979 (2.7s)
2026-06-24 16:51:55,172 - INFO - Test instance 0.8375, class 0.8375
Test instance 0.8375, class 0.8375
2026-06-24 16:51:55,172 - INFO - Best instance 0.9125, class 0.9125 (epoch 30)
Best instance 0.9125, class 0.9125 (epoch 30)
2026-06-24 16:51:55,191 - INFO - Epoch 43/200:
Epoch 43/200:
2026-06-24 16:51:57,907 - INFO - Train loss: 0.4683 (2.7s)
Train loss: 0.4683 (2.7s)
2026-06-24 16:51:58,165 - INFO - Test instance 0.8875, class 0.8875
Test instance 0.8875, class 0.8875
2026-06-24 16:51:58,166 - INFO - Best instance 0.9125, class 0.9125 (epoch 30)
Best instance 0.9125, class 0.9125 (epoch 30)
2026-06-24 16:51:58,184 - INFO - Epoch 44/200:
Epoch 44/200:
2026-06-24 16:52:01,687 - INFO - Train loss: 0.3895 (3.5s)
Train loss: 0.3895 (3.5s)
2026-06-24 16:52:02,027 - INFO - Test instance 0.8625, class 0.8625
Test instance 0.8625, class 0.8625
2026-06-24 16:52:02,027 - INFO - Best instance 0.9125, class 0.9125 (epoch 30)
Best instance 0.9125, class 0.9125 (epoch 30)
2026-06-24 16:52:02,050 - INFO - Epoch 45/200:
Epoch 45/200:
2026-06-24 16:52:04,846 - INFO - Train loss: 0.4977 (2.8s)
Train loss: 0.4977 (2.8s)
2026-06-24 16:52:05,103 - INFO - Test instance 0.8750, class 0.8750
Test instance 0.8750, class 0.8750
2026-06-24 16:52:05,103 - INFO - Best instance 0.9125, class 0.9125 (epoch 30)
Best instance 0.9125, class 0.9125 (epoch 30)
2026-06-24 16:52:05,121 - INFO - Epoch 46/200:
Epoch 46/200:
2026-06-24 16:52:08,587 - INFO - Train loss: 0.4485 (3.5s)
Train loss: 0.4485 (3.5s)
2026-06-24 16:52:08,853 - INFO - Test instance 0.7500, class 0.7500
Test instance 0.7500, class 0.7500
2026-06-24 16:52:08,853 - INFO - Best instance 0.9125, class 0.9125 (epoch 30)
Best instance 0.9125, class 0.9125 (epoch 30)
2026-06-24 16:52:08,870 - INFO - Epoch 47/200:
Epoch 47/200:
2026-06-24 16:52:12,372 - INFO - Train loss: 0.5275 (3.5s)
Train loss: 0.5275 (3.5s)
2026-06-24 16:52:12,707 - INFO - Test instance 0.8625, class 0.8625
Test instance 0.8625, class 0.8625
2026-06-24 16:52:12,708 - INFO - Best instance 0.9125, class 0.9125 (epoch 30)
Best instance 0.9125, class 0.9125 (epoch 30)
2026-06-24 16:52:12,728 - INFO - Epoch 48/200:
Epoch 48/200:
2026-06-24 16:52:15,481 - INFO - Train loss: 0.4474 (2.8s)
Train loss: 0.4474 (2.8s)
2026-06-24 16:52:15,821 - INFO - Test instance 0.8875, class 0.8875
Test instance 0.8875, class 0.8875
2026-06-24 16:52:15,821 - INFO - Best instance 0.9125, class 0.9125 (epoch 30)
Best instance 0.9125, class 0.9125 (epoch 30)
2026-06-24 16:52:15,841 - INFO - Epoch 49/200:
Epoch 49/200:
2026-06-24 16:52:18,589 - INFO - Train loss: 0.4610 (2.7s)
Train loss: 0.4610 (2.7s)
2026-06-24 16:52:18,860 - INFO - Test instance 0.9000, class 0.9000
Test instance 0.9000, class 0.9000
2026-06-24 16:52:18,861 - INFO - Best instance 0.9125, class 0.9125 (epoch 30)
Best instance 0.9125, class 0.9125 (epoch 30)
2026-06-24 16:52:18,878 - INFO - Epoch 50/200:
Epoch 50/200:
2026-06-24 16:52:21,650 - INFO - Train loss: 0.4332 (2.8s)
Train loss: 0.4332 (2.8s)
2026-06-24 16:52:21,909 - INFO - Test instance 0.9375, class 0.9375
Test instance 0.9375, class 0.9375
2026-06-24 16:52:21,935 - INFO - Best instance 0.9375, class 0.9375 (epoch 50)
Best instance 0.9375, class 0.9375 (epoch 50)
2026-06-24 16:52:21,957 - INFO - Epoch 51/200:
Epoch 51/200:
2026-06-24 16:52:24,745 - INFO - Train loss: 0.4055 (2.8s)
Train loss: 0.4055 (2.8s)
2026-06-24 16:52:25,013 - INFO - Test instance 0.7875, class 0.7875
Test instance 0.7875, class 0.7875
2026-06-24 16:52:25,013 - INFO - Best instance 0.9375, class 0.9375 (epoch 50)
Best instance 0.9375, class 0.9375 (epoch 50)
2026-06-24 16:52:25,031 - INFO - Epoch 52/200:
Epoch 52/200:
2026-06-24 16:52:28,485 - INFO - Train loss: 0.3960 (3.5s)
Train loss: 0.3960 (3.5s)
2026-06-24 16:52:28,746 - INFO - Test instance 0.9000, class 0.9000
Test instance 0.9000, class 0.9000
2026-06-24 16:52:28,746 - INFO - Best instance 0.9375, class 0.9375 (epoch 50)
Best instance 0.9375, class 0.9375 (epoch 50)
2026-06-24 16:52:28,798 - INFO - Epoch 53/200:
Epoch 53/200:
2026-06-24 16:52:31,532 - INFO - Train loss: 0.4058 (2.7s)
Train loss: 0.4058 (2.7s)
2026-06-24 16:52:31,801 - INFO - Test instance 0.9500, class 0.9500
Test instance 0.9500, class 0.9500
2026-06-24 16:52:31,818 - INFO - Best instance 0.9500, class 0.9500 (epoch 53)
Best instance 0.9500, class 0.9500 (epoch 53)
2026-06-24 16:52:31,835 - INFO - Epoch 54/200:
Epoch 54/200:
2026-06-24 16:52:34,569 - INFO - Train loss: 0.3889 (2.7s)
Train loss: 0.3889 (2.7s)
2026-06-24 16:52:34,825 - INFO - Test instance 0.8000, class 0.8000
Test instance 0.8000, class 0.8000
2026-06-24 16:52:34,826 - INFO - Best instance 0.9500, class 0.9500 (epoch 53)
Best instance 0.9500, class 0.9500 (epoch 53)
2026-06-24 16:52:34,843 - INFO - Epoch 55/200:
Epoch 55/200:
2026-06-24 16:52:37,559 - INFO - Train loss: 0.3995 (2.7s)
Train loss: 0.3995 (2.7s)
2026-06-24 16:52:37,825 - INFO - Test instance 0.7875, class 0.7875
Test instance 0.7875, class 0.7875
2026-06-24 16:52:37,825 - INFO - Best instance 0.9500, class 0.9500 (epoch 53)
Best instance 0.9500, class 0.9500 (epoch 53)
2026-06-24 16:52:37,843 - INFO - Epoch 56/200:
Epoch 56/200:
2026-06-24 16:52:40,599 - INFO - Train loss: 0.3838 (2.8s)
Train loss: 0.3838 (2.8s)
2026-06-24 16:52:40,855 - INFO - Test instance 0.8250, class 0.8250
Test instance 0.8250, class 0.8250
2026-06-24 16:52:40,856 - INFO - Best instance 0.9500, class 0.9500 (epoch 53)
Best instance 0.9500, class 0.9500 (epoch 53)
2026-06-24 16:52:40,873 - INFO - Epoch 57/200:
Epoch 57/200:
2026-06-24 16:52:44,338 - INFO - Train loss: 0.3973 (3.5s)
Train loss: 0.3973 (3.5s)
2026-06-24 16:52:44,603 - INFO - Test instance 0.8875, class 0.8875
Test instance 0.8875, class 0.8875
2026-06-24 16:52:44,604 - INFO - Best instance 0.9500, class 0.9500 (epoch 53)
Best instance 0.9500, class 0.9500 (epoch 53)
2026-06-24 16:52:44,622 - INFO - Epoch 58/200:
Epoch 58/200:
2026-06-24 16:52:48,080 - INFO - Train loss: 0.4192 (3.5s)
Train loss: 0.4192 (3.5s)
2026-06-24 16:52:48,341 - INFO - Test instance 0.9000, class 0.9000
Test instance 0.9000, class 0.9000
2026-06-24 16:52:48,341 - INFO - Best instance 0.9500, class 0.9500 (epoch 53)
Best instance 0.9500, class 0.9500 (epoch 53)
2026-06-24 16:52:48,359 - INFO - Epoch 59/200:
Epoch 59/200:
2026-06-24 16:52:51,078 - INFO - Train loss: 0.3778 (2.7s)
Train loss: 0.3778 (2.7s)
2026-06-24 16:52:51,332 - INFO - Test instance 0.8875, class 0.8875
Test instance 0.8875, class 0.8875
2026-06-24 16:52:51,332 - INFO - Best instance 0.9500, class 0.9500 (epoch 53)
Best instance 0.9500, class 0.9500 (epoch 53)
2026-06-24 16:52:51,350 - INFO - Epoch 60/200:
Epoch 60/200:
2026-06-24 16:52:54,797 - INFO - Train loss: 0.4028 (3.4s)
Train loss: 0.4028 (3.4s)
2026-06-24 16:52:55,062 - INFO - Test instance 0.9375, class 0.9375
Test instance 0.9375, class 0.9375
2026-06-24 16:52:55,062 - INFO - Best instance 0.9500, class 0.9500 (epoch 53)
Best instance 0.9500, class 0.9500 (epoch 53)
2026-06-24 16:52:55,080 - INFO - Epoch 61/200:
Epoch 61/200:
2026-06-24 16:52:57,835 - INFO - Train loss: 0.4130 (2.8s)
Train loss: 0.4130 (2.8s)
2026-06-24 16:52:58,176 - INFO - Test instance 0.8500, class 0.8500
Test instance 0.8500, class 0.8500
2026-06-24 16:52:58,176 - INFO - Best instance 0.9500, class 0.9500 (epoch 53)
Best instance 0.9500, class 0.9500 (epoch 53)
2026-06-24 16:52:58,197 - INFO - Epoch 62/200:
Epoch 62/200:
2026-06-24 16:53:00,927 - INFO - Train loss: 0.3793 (2.7s)
Train loss: 0.3793 (2.7s)
2026-06-24 16:53:01,190 - INFO - Test instance 0.9250, class 0.9250
Test instance 0.9250, class 0.9250
2026-06-24 16:53:01,190 - INFO - Best instance 0.9500, class 0.9500 (epoch 53)
Best instance 0.9500, class 0.9500 (epoch 53)
2026-06-24 16:53:01,208 - INFO - Epoch 63/200:
Epoch 63/200:
2026-06-24 16:53:03,992 - INFO - Train loss: 0.4487 (2.8s)
Train loss: 0.4487 (2.8s)
2026-06-24 16:53:04,251 - INFO - Test instance 0.9250, class 0.9250
Test instance 0.9250, class 0.9250
2026-06-24 16:53:04,252 - INFO - Best instance 0.9500, class 0.9500 (epoch 53)
Best instance 0.9500, class 0.9500 (epoch 53)
2026-06-24 16:53:04,270 - INFO - Epoch 64/200:
Epoch 64/200:
2026-06-24 16:53:06,989 - INFO - Train loss: 0.3692 (2.7s)
Train loss: 0.3692 (2.7s)
2026-06-24 16:53:07,254 - INFO - Test instance 0.9000, class 0.9000
Test instance 0.9000, class 0.9000
2026-06-24 16:53:07,254 - INFO - Best instance 0.9500, class 0.9500 (epoch 53)
Best instance 0.9500, class 0.9500 (epoch 53)
2026-06-24 16:53:07,273 - INFO - Epoch 65/200:
Epoch 65/200:
2026-06-24 16:53:10,000 - INFO - Train loss: 0.4204 (2.7s)
Train loss: 0.4204 (2.7s)
2026-06-24 16:53:10,259 - INFO - Test instance 0.9250, class 0.9250
Test instance 0.9250, class 0.9250
2026-06-24 16:53:10,259 - INFO - Best instance 0.9500, class 0.9500 (epoch 53)
Best instance 0.9500, class 0.9500 (epoch 53)
2026-06-24 16:53:10,277 - INFO - Epoch 66/200:
Epoch 66/200:
2026-06-24 16:53:12,945 - INFO - Train loss: 0.3246 (2.7s)
Train loss: 0.3246 (2.7s)
2026-06-24 16:53:13,283 - INFO - Test instance 0.9250, class 0.9250
Test instance 0.9250, class 0.9250
2026-06-24 16:53:13,283 - INFO - Best instance 0.9500, class 0.9500 (epoch 53)
Best instance 0.9500, class 0.9500 (epoch 53)
2026-06-24 16:53:13,302 - INFO - Epoch 67/200:
Epoch 67/200:
2026-06-24 16:53:16,737 - INFO - Train loss: 0.3167 (3.4s)
Train loss: 0.3167 (3.4s)
2026-06-24 16:53:17,069 - INFO - Test instance 0.9750, class 0.9750
Test instance 0.9750, class 0.9750
2026-06-24 16:53:17,088 - INFO - Best instance 0.9750, class 0.9750 (epoch 67)
Best instance 0.9750, class 0.9750 (epoch 67)
2026-06-24 16:53:17,108 - INFO - Epoch 68/200:
Epoch 68/200:
2026-06-24 16:53:20,577 - INFO - Train loss: 0.3507 (3.5s)
Train loss: 0.3507 (3.5s)
2026-06-24 16:53:20,909 - INFO - Test instance 0.8875, class 0.8875
Test instance 0.8875, class 0.8875
2026-06-24 16:53:20,909 - INFO - Best instance 0.9750, class 0.9750 (epoch 67)
Best instance 0.9750, class 0.9750 (epoch 67)
2026-06-24 16:53:20,929 - INFO - Epoch 69/200:
Epoch 69/200:
2026-06-24 16:53:23,661 - INFO - Train loss: 0.3889 (2.7s)
Train loss: 0.3889 (2.7s)
2026-06-24 16:53:23,941 - INFO - Test instance 0.9250, class 0.9250
Test instance 0.9250, class 0.9250
2026-06-24 16:53:23,941 - INFO - Best instance 0.9750, class 0.9750 (epoch 67)
Best instance 0.9750, class 0.9750 (epoch 67)
2026-06-24 16:53:23,961 - INFO - Epoch 70/200:
Epoch 70/200:
2026-06-24 16:53:26,694 - INFO - Train loss: 0.4440 (2.7s)
Train loss: 0.4440 (2.7s)
2026-06-24 16:53:26,949 - INFO - Test instance 0.9250, class 0.9250
Test instance 0.9250, class 0.9250
2026-06-24 16:53:26,949 - INFO - Best instance 0.9750, class 0.9750 (epoch 67)
Best instance 0.9750, class 0.9750 (epoch 67)
2026-06-24 16:53:26,966 - INFO - Epoch 71/200:
Epoch 71/200:
2026-06-24 16:53:29,682 - INFO - Train loss: 0.3273 (2.7s)
Train loss: 0.3273 (2.7s)
2026-06-24 16:53:30,020 - INFO - Test instance 0.9000, class 0.9000
Test instance 0.9000, class 0.9000
2026-06-24 16:53:30,021 - INFO - Best instance 0.9750, class 0.9750 (epoch 67)
Best instance 0.9750, class 0.9750 (epoch 67)
2026-06-24 16:53:30,041 - INFO - Epoch 72/200:
Epoch 72/200:
2026-06-24 16:53:32,773 - INFO - Train loss: 0.3075 (2.7s)
Train loss: 0.3075 (2.7s)
2026-06-24 16:53:33,037 - INFO - Test instance 0.8375, class 0.8375
Test instance 0.8375, class 0.8375
2026-06-24 16:53:33,038 - INFO - Best instance 0.9750, class 0.9750 (epoch 67)
Best instance 0.9750, class 0.9750 (epoch 67)
2026-06-24 16:53:33,068 - INFO - Epoch 73/200:
Epoch 73/200:
2026-06-24 16:53:35,763 - INFO - Train loss: 0.3003 (2.7s)
Train loss: 0.3003 (2.7s)
2026-06-24 16:53:36,036 - INFO - Test instance 0.9500, class 0.9500
Test instance 0.9500, class 0.9500
2026-06-24 16:53:36,037 - INFO - Best instance 0.9750, class 0.9750 (epoch 67)
Best instance 0.9750, class 0.9750 (epoch 67)
2026-06-24 16:53:36,054 - INFO - Epoch 74/200:
Epoch 74/200:
2026-06-24 16:53:38,789 - INFO - Train loss: 0.3742 (2.7s)
Train loss: 0.3742 (2.7s)
2026-06-24 16:53:39,058 - INFO - Test instance 0.9375, class 0.9375
Test instance 0.9375, class 0.9375
2026-06-24 16:53:39,058 - INFO - Best instance 0.9750, class 0.9750 (epoch 67)
Best instance 0.9750, class 0.9750 (epoch 67)
2026-06-24 16:53:39,077 - INFO - Epoch 75/200:
Epoch 75/200:
2026-06-24 16:53:41,809 - INFO - Train loss: 0.2700 (2.7s)
Train loss: 0.2700 (2.7s)
2026-06-24 16:53:42,081 - INFO - Test instance 0.8375, class 0.8375
Test instance 0.8375, class 0.8375
2026-06-24 16:53:42,081 - INFO - Best instance 0.9750, class 0.9750 (epoch 67)
Best instance 0.9750, class 0.9750 (epoch 67)
2026-06-24 16:53:42,099 - INFO - Epoch 76/200:
Epoch 76/200:
2026-06-24 16:53:44,843 - INFO - Train loss: 0.3124 (2.7s)
Train loss: 0.3124 (2.7s)
2026-06-24 16:53:45,108 - INFO - Test instance 0.9250, class 0.9250
Test instance 0.9250, class 0.9250
2026-06-24 16:53:45,109 - INFO - Best instance 0.9750, class 0.9750 (epoch 67)
Best instance 0.9750, class 0.9750 (epoch 67)
2026-06-24 16:53:45,126 - INFO - Epoch 77/200:
Epoch 77/200:
2026-06-24 16:53:47,843 - INFO - Train loss: 0.3288 (2.7s)
Train loss: 0.3288 (2.7s)
2026-06-24 16:53:48,104 - INFO - Test instance 0.9500, class 0.9500
Test instance 0.9500, class 0.9500
2026-06-24 16:53:48,104 - INFO - Best instance 0.9750, class 0.9750 (epoch 67)
Best instance 0.9750, class 0.9750 (epoch 67)
2026-06-24 16:53:48,122 - INFO - Epoch 78/200:
Epoch 78/200:
2026-06-24 16:53:50,849 - INFO - Train loss: 0.3221 (2.7s)
Train loss: 0.3221 (2.7s)
2026-06-24 16:53:51,103 - INFO - Test instance 0.9250, class 0.9250
Test instance 0.9250, class 0.9250
2026-06-24 16:53:51,104 - INFO - Best instance 0.9750, class 0.9750 (epoch 67)
Best instance 0.9750, class 0.9750 (epoch 67)
2026-06-24 16:53:51,121 - INFO - Epoch 79/200:
Epoch 79/200:
2026-06-24 16:53:53,862 - INFO - Train loss: 0.3153 (2.7s)
Train loss: 0.3153 (2.7s)
2026-06-24 16:53:54,123 - INFO - Test instance 0.8750, class 0.8750
Test instance 0.8750, class 0.8750
2026-06-24 16:53:54,123 - INFO - Best instance 0.9750, class 0.9750 (epoch 67)
Best instance 0.9750, class 0.9750 (epoch 67)
2026-06-24 16:53:54,140 - INFO - Epoch 80/200:
Epoch 80/200:
2026-06-24 16:53:56,840 - INFO - Train loss: 0.2856 (2.7s)
Train loss: 0.2856 (2.7s)
2026-06-24 16:53:57,095 - INFO - Test instance 0.8875, class 0.8875
Test instance 0.8875, class 0.8875
2026-06-24 16:53:57,096 - INFO - Best instance 0.9750, class 0.9750 (epoch 67)
Best instance 0.9750, class 0.9750 (epoch 67)
2026-06-24 16:53:57,114 - INFO - Epoch 81/200:
Epoch 81/200:
2026-06-24 16:53:59,899 - INFO - Train loss: 0.2907 (2.8s)
Train loss: 0.2907 (2.8s)
2026-06-24 16:54:00,161 - INFO - Test instance 0.9375, class 0.9375
Test instance 0.9375, class 0.9375
2026-06-24 16:54:00,162 - INFO - Best instance 0.9750, class 0.9750 (epoch 67)
Best instance 0.9750, class 0.9750 (epoch 67)
2026-06-24 16:54:00,179 - INFO - Epoch 82/200:
Epoch 82/200:
2026-06-24 16:54:02,987 - INFO - Train loss: 0.3190 (2.8s)
Train loss: 0.3190 (2.8s)
2026-06-24 16:54:03,253 - INFO - Test instance 0.9000, class 0.9000
Test instance 0.9000, class 0.9000
2026-06-24 16:54:03,253 - INFO - Best instance 0.9750, class 0.9750 (epoch 67)
Best instance 0.9750, class 0.9750 (epoch 67)
2026-06-24 16:54:03,270 - INFO - Epoch 83/200:
Epoch 83/200:
2026-06-24 16:54:06,025 - INFO - Train loss: 0.3047 (2.8s)
Train loss: 0.3047 (2.8s)
2026-06-24 16:54:06,291 - INFO - Test instance 0.9000, class 0.9000
Test instance 0.9000, class 0.9000
2026-06-24 16:54:06,292 - INFO - Best instance 0.9750, class 0.9750 (epoch 67)
Best instance 0.9750, class 0.9750 (epoch 67)
2026-06-24 16:54:06,310 - INFO - Epoch 84/200:
Epoch 84/200:
2026-06-24 16:54:09,061 - INFO - Train loss: 0.2319 (2.8s)
Train loss: 0.2319 (2.8s)
2026-06-24 16:54:09,330 - INFO - Test instance 0.9375, class 0.9375
Test instance 0.9375, class 0.9375
2026-06-24 16:54:09,330 - INFO - Best instance 0.9750, class 0.9750 (epoch 67)
Best instance 0.9750, class 0.9750 (epoch 67)
2026-06-24 16:54:09,347 - INFO - Epoch 85/200:
Epoch 85/200:
2026-06-24 16:54:12,103 - INFO - Train loss: 0.3122 (2.8s)
Train loss: 0.3122 (2.8s)
2026-06-24 16:54:12,373 - INFO - Test instance 0.9500, class 0.9500
Test instance 0.9500, class 0.9500
2026-06-24 16:54:12,374 - INFO - Best instance 0.9750, class 0.9750 (epoch 67)
Best instance 0.9750, class 0.9750 (epoch 67)
2026-06-24 16:54:12,394 - INFO - Epoch 86/200:
Epoch 86/200:
2026-06-24 16:54:15,108 - INFO - Train loss: 0.2940 (2.7s)
Train loss: 0.2940 (2.7s)
2026-06-24 16:54:15,370 - INFO - Test instance 0.9625, class 0.9625
Test instance 0.9625, class 0.9625
2026-06-24 16:54:15,370 - INFO - Best instance 0.9750, class 0.9750 (epoch 67)
Best instance 0.9750, class 0.9750 (epoch 67)
2026-06-24 16:54:15,388 - INFO - Epoch 87/200:
Epoch 87/200:
2026-06-24 16:54:18,115 - INFO - Train loss: 0.2889 (2.7s)
Train loss: 0.2889 (2.7s)
2026-06-24 16:54:18,376 - INFO - Test instance 0.9125, class 0.9125
Test instance 0.9125, class 0.9125
2026-06-24 16:54:18,376 - INFO - Best instance 0.9750, class 0.9750 (epoch 67)
Best instance 0.9750, class 0.9750 (epoch 67)
2026-06-24 16:54:18,393 - INFO - Epoch 88/200:
Epoch 88/200:
2026-06-24 16:54:21,131 - INFO - Train loss: 0.2413 (2.7s)
Train loss: 0.2413 (2.7s)
2026-06-24 16:54:21,397 - INFO - Test instance 0.9250, class 0.9250
Test instance 0.9250, class 0.9250
2026-06-24 16:54:21,397 - INFO - Best instance 0.9750, class 0.9750 (epoch 67)
Best instance 0.9750, class 0.9750 (epoch 67)
2026-06-24 16:54:21,415 - INFO - Epoch 89/200:
Epoch 89/200:
2026-06-24 16:54:24,159 - INFO - Train loss: 0.2979 (2.7s)
Train loss: 0.2979 (2.7s)
2026-06-24 16:54:24,427 - INFO - Test instance 0.8875, class 0.8875
Test instance 0.8875, class 0.8875
2026-06-24 16:54:24,427 - INFO - Best instance 0.9750, class 0.9750 (epoch 67)
Best instance 0.9750, class 0.9750 (epoch 67)
2026-06-24 16:54:24,444 - INFO - Epoch 90/200:
Epoch 90/200:
2026-06-24 16:54:27,184 - INFO - Train loss: 0.2828 (2.7s)
Train loss: 0.2828 (2.7s)
2026-06-24 16:54:27,444 - INFO - Test instance 0.9250, class 0.9250
Test instance 0.9250, class 0.9250
2026-06-24 16:54:27,445 - INFO - Best instance 0.9750, class 0.9750 (epoch 67)
Best instance 0.9750, class 0.9750 (epoch 67)
2026-06-24 16:54:27,463 - INFO - Epoch 91/200:
Epoch 91/200:
2026-06-24 16:54:30,235 - INFO - Train loss: 0.3776 (2.8s)
Train loss: 0.3776 (2.8s)
2026-06-24 16:54:30,507 - INFO - Test instance 0.9125, class 0.9125
Test instance 0.9125, class 0.9125
2026-06-24 16:54:30,508 - INFO - Best instance 0.9750, class 0.9750 (epoch 67)
Best instance 0.9750, class 0.9750 (epoch 67)
2026-06-24 16:54:30,525 - INFO - Epoch 92/200:
Epoch 92/200:
2026-06-24 16:54:33,292 - INFO - Train loss: 0.3515 (2.8s)
Train loss: 0.3515 (2.8s)
2026-06-24 16:54:33,644 - INFO - Test instance 0.9625, class 0.9625
Test instance 0.9625, class 0.9625
2026-06-24 16:54:33,644 - INFO - Best instance 0.9750, class 0.9750 (epoch 67)
Best instance 0.9750, class 0.9750 (epoch 67)
2026-06-24 16:54:33,671 - INFO - Epoch 93/200:
Epoch 93/200:
2026-06-24 16:54:36,418 - INFO - Train loss: 0.2715 (2.7s)
Train loss: 0.2715 (2.7s)
2026-06-24 16:54:36,685 - INFO - Test instance 0.9500, class 0.9500
Test instance 0.9500, class 0.9500
2026-06-24 16:54:36,685 - INFO - Best instance 0.9750, class 0.9750 (epoch 67)
Best instance 0.9750, class 0.9750 (epoch 67)
2026-06-24 16:54:36,702 - INFO - Epoch 94/200:
Epoch 94/200:
2026-06-24 16:54:39,445 - INFO - Train loss: 0.2589 (2.7s)
Train loss: 0.2589 (2.7s)
2026-06-24 16:54:39,697 - INFO - Test instance 0.9375, class 0.9375
Test instance 0.9375, class 0.9375
2026-06-24 16:54:39,697 - INFO - Best instance 0.9750, class 0.9750 (epoch 67)
Best instance 0.9750, class 0.9750 (epoch 67)
2026-06-24 16:54:39,716 - INFO - Epoch 95/200:
Epoch 95/200:
2026-06-24 16:54:43,182 - INFO - Train loss: 0.2779 (3.5s)
Train loss: 0.2779 (3.5s)
2026-06-24 16:54:43,515 - INFO - Test instance 0.9375, class 0.9375
Test instance 0.9375, class 0.9375
2026-06-24 16:54:43,515 - INFO - Best instance 0.9750, class 0.9750 (epoch 67)
Best instance 0.9750, class 0.9750 (epoch 67)
2026-06-24 16:54:43,536 - INFO - Epoch 96/200:
Epoch 96/200:
2026-06-24 16:54:46,279 - INFO - Train loss: 0.3439 (2.7s)
Train loss: 0.3439 (2.7s)
2026-06-24 16:54:46,620 - INFO - Test instance 0.9125, class 0.9125
Test instance 0.9125, class 0.9125
2026-06-24 16:54:46,620 - INFO - Best instance 0.9750, class 0.9750 (epoch 67)
Best instance 0.9750, class 0.9750 (epoch 67)
2026-06-24 16:54:46,640 - INFO - Epoch 97/200:
Epoch 97/200:
2026-06-24 16:54:49,374 - INFO - Train loss: 0.2711 (2.7s)
Train loss: 0.2711 (2.7s)
2026-06-24 16:54:49,632 - INFO - Test instance 0.9375, class 0.9375
Test instance 0.9375, class 0.9375
2026-06-24 16:54:49,633 - INFO - Best instance 0.9750, class 0.9750 (epoch 67)
Best instance 0.9750, class 0.9750 (epoch 67)
2026-06-24 16:54:49,650 - INFO - Epoch 98/200:
Epoch 98/200:
2026-06-24 16:54:52,391 - INFO - Train loss: 0.3137 (2.7s)
Train loss: 0.3137 (2.7s)
2026-06-24 16:54:52,651 - INFO - Test instance 0.9375, class 0.9375
Test instance 0.9375, class 0.9375
2026-06-24 16:54:52,651 - INFO - Best instance 0.9750, class 0.9750 (epoch 67)
Best instance 0.9750, class 0.9750 (epoch 67)
2026-06-24 16:54:52,670 - INFO - Epoch 99/200:
Epoch 99/200:
2026-06-24 16:54:55,400 - INFO - Train loss: 0.2754 (2.7s)
Train loss: 0.2754 (2.7s)
2026-06-24 16:54:55,660 - INFO - Test instance 0.9750, class 0.9750
Test instance 0.9750, class 0.9750
2026-06-24 16:54:55,660 - INFO - Best instance 0.9750, class 0.9750 (epoch 67)
Best instance 0.9750, class 0.9750 (epoch 67)
2026-06-24 16:54:55,679 - INFO - Epoch 100/200:
Epoch 100/200:
2026-06-24 16:54:58,422 - INFO - Train loss: 0.2395 (2.7s)
Train loss: 0.2395 (2.7s)
2026-06-24 16:54:58,690 - INFO - Test instance 0.9375, class 0.9375
Test instance 0.9375, class 0.9375
2026-06-24 16:54:58,690 - INFO - Best instance 0.9750, class 0.9750 (epoch 67)
Best instance 0.9750, class 0.9750 (epoch 67)
2026-06-24 16:54:58,710 - INFO - Epoch 101/200:
Epoch 101/200:
2026-06-24 16:55:01,470 - INFO - Train loss: 0.2865 (2.8s)
Train loss: 0.2865 (2.8s)
2026-06-24 16:55:01,741 - INFO - Test instance 0.9375, class 0.9375
Test instance 0.9375, class 0.9375
2026-06-24 16:55:01,741 - INFO - Best instance 0.9750, class 0.9750 (epoch 67)
Best instance 0.9750, class 0.9750 (epoch 67)
2026-06-24 16:55:01,760 - INFO - Epoch 102/200:
Epoch 102/200:
2026-06-24 16:55:04,527 - INFO - Train loss: 0.2533 (2.8s)
Train loss: 0.2533 (2.8s)
2026-06-24 16:55:04,794 - INFO - Test instance 0.9750, class 0.9750
Test instance 0.9750, class 0.9750
2026-06-24 16:55:04,797 - INFO - Best instance 0.9750, class 0.9750 (epoch 67)
Best instance 0.9750, class 0.9750 (epoch 67)
2026-06-24 16:55:04,815 - INFO - Epoch 103/200:
Epoch 103/200:
2026-06-24 16:55:07,562 - INFO - Train loss: 0.2345 (2.7s)
Train loss: 0.2345 (2.7s)
2026-06-24 16:55:07,843 - INFO - Test instance 0.9250, class 0.9250
Test instance 0.9250, class 0.9250
2026-06-24 16:55:07,843 - INFO - Best instance 0.9750, class 0.9750 (epoch 67)
Best instance 0.9750, class 0.9750 (epoch 67)
2026-06-24 16:55:07,863 - INFO - Epoch 104/200:
Epoch 104/200:
2026-06-24 16:55:10,620 - INFO - Train loss: 0.2790 (2.8s)
Train loss: 0.2790 (2.8s)
2026-06-24 16:55:10,881 - INFO - Test instance 0.9625, class 0.9625
Test instance 0.9625, class 0.9625
2026-06-24 16:55:10,881 - INFO - Best instance 0.9750, class 0.9750 (epoch 67)
Best instance 0.9750, class 0.9750 (epoch 67)
2026-06-24 16:55:10,899 - INFO - Epoch 105/200:
Epoch 105/200:
2026-06-24 16:55:13,624 - INFO - Train loss: 0.2251 (2.7s)
Train loss: 0.2251 (2.7s)
2026-06-24 16:55:13,887 - INFO - Test instance 0.9750, class 0.9750
Test instance 0.9750, class 0.9750
2026-06-24 16:55:13,888 - INFO - Best instance 0.9750, class 0.9750 (epoch 67)
Best instance 0.9750, class 0.9750 (epoch 67)
2026-06-24 16:55:13,906 - INFO - Epoch 106/200:
Epoch 106/200:
2026-06-24 16:55:16,644 - INFO - Train loss: 0.2424 (2.7s)
Train loss: 0.2424 (2.7s)
2026-06-24 16:55:16,909 - INFO - Test instance 0.9250, class 0.9250
Test instance 0.9250, class 0.9250
2026-06-24 16:55:16,909 - INFO - Best instance 0.9750, class 0.9750 (epoch 67)
Best instance 0.9750, class 0.9750 (epoch 67)
2026-06-24 16:55:16,926 - INFO - Epoch 107/200:
Epoch 107/200:
2026-06-24 16:55:19,680 - INFO - Train loss: 0.1897 (2.8s)
Train loss: 0.1897 (2.8s)
2026-06-24 16:55:19,948 - INFO - Test instance 0.9500, class 0.9500
Test instance 0.9500, class 0.9500
2026-06-24 16:55:19,949 - INFO - Best instance 0.9750, class 0.9750 (epoch 67)
Best instance 0.9750, class 0.9750 (epoch 67)
2026-06-24 16:55:19,967 - INFO - Epoch 108/200:
Epoch 108/200:
2026-06-24 16:55:22,676 - INFO - Train loss: 0.2460 (2.7s)
Train loss: 0.2460 (2.7s)
2026-06-24 16:55:23,017 - INFO - Test instance 0.9625, class 0.9625
Test instance 0.9625, class 0.9625
2026-06-24 16:55:23,017 - INFO - Best instance 0.9750, class 0.9750 (epoch 67)
Best instance 0.9750, class 0.9750 (epoch 67)
2026-06-24 16:55:23,039 - INFO - Epoch 109/200:
Epoch 109/200:
2026-06-24 16:55:26,489 - INFO - Train loss: 0.2135 (3.4s)
Train loss: 0.2135 (3.4s)
2026-06-24 16:55:26,759 - INFO - Test instance 0.9750, class 0.9750
Test instance 0.9750, class 0.9750
2026-06-24 16:55:26,759 - INFO - Best instance 0.9750, class 0.9750 (epoch 67)
Best instance 0.9750, class 0.9750 (epoch 67)
2026-06-24 16:55:26,777 - INFO - Epoch 110/200:
Epoch 110/200:
2026-06-24 16:55:29,512 - INFO - Train loss: 0.2498 (2.7s)
Train loss: 0.2498 (2.7s)
2026-06-24 16:55:29,777 - INFO - Test instance 0.9250, class 0.9250
Test instance 0.9250, class 0.9250
2026-06-24 16:55:29,777 - INFO - Best instance 0.9750, class 0.9750 (epoch 67)
Best instance 0.9750, class 0.9750 (epoch 67)
2026-06-24 16:55:29,795 - INFO - Epoch 111/200:
Epoch 111/200:
2026-06-24 16:55:32,532 - INFO - Train loss: 0.2962 (2.7s)
Train loss: 0.2962 (2.7s)
2026-06-24 16:55:32,796 - INFO - Test instance 0.9625, class 0.9625
Test instance 0.9625, class 0.9625
2026-06-24 16:55:32,796 - INFO - Best instance 0.9750, class 0.9750 (epoch 67)
Best instance 0.9750, class 0.9750 (epoch 67)
2026-06-24 16:55:32,813 - INFO - Epoch 112/200:
Epoch 112/200:
2026-06-24 16:55:35,561 - INFO - Train loss: 0.2405 (2.7s)
Train loss: 0.2405 (2.7s)
2026-06-24 16:55:35,817 - INFO - Test instance 0.9375, class 0.9375
Test instance 0.9375, class 0.9375
2026-06-24 16:55:35,820 - INFO - Best instance 0.9750, class 0.9750 (epoch 67)
Best instance 0.9750, class 0.9750 (epoch 67)
2026-06-24 16:55:35,837 - INFO - Epoch 113/200:
Epoch 113/200:
2026-06-24 16:55:38,589 - INFO - Train loss: 0.2908 (2.8s)
Train loss: 0.2908 (2.8s)
2026-06-24 16:55:38,933 - INFO - Test instance 0.9250, class 0.9250
Test instance 0.9250, class 0.9250
2026-06-24 16:55:38,934 - INFO - Best instance 0.9750, class 0.9750 (epoch 67)
Best instance 0.9750, class 0.9750 (epoch 67)
2026-06-24 16:55:38,954 - INFO - Epoch 114/200:
Epoch 114/200:
2026-06-24 16:55:42,391 - INFO - Train loss: 0.2685 (3.4s)
Train loss: 0.2685 (3.4s)
2026-06-24 16:55:42,656 - INFO - Test instance 0.9375, class 0.9375
Test instance 0.9375, class 0.9375
2026-06-24 16:55:42,657 - INFO - Best instance 0.9750, class 0.9750 (epoch 67)
Best instance 0.9750, class 0.9750 (epoch 67)
2026-06-24 16:55:42,674 - INFO - Epoch 115/200:
Epoch 115/200:
2026-06-24 16:55:46,151 - INFO - Train loss: 0.2606 (3.5s)
Train loss: 0.2606 (3.5s)
2026-06-24 16:55:46,425 - INFO - Test instance 0.9500, class 0.9500
Test instance 0.9500, class 0.9500
2026-06-24 16:55:46,425 - INFO - Best instance 0.9750, class 0.9750 (epoch 67)
Best instance 0.9750, class 0.9750 (epoch 67)
2026-06-24 16:55:46,443 - INFO - Epoch 116/200:
Epoch 116/200:
2026-06-24 16:55:49,223 - INFO - Train loss: 0.1952 (2.8s)
Train loss: 0.1952 (2.8s)
2026-06-24 16:55:49,484 - INFO - Test instance 0.9500, class 0.9500
Test instance 0.9500, class 0.9500
2026-06-24 16:55:49,485 - INFO - Best instance 0.9750, class 0.9750 (epoch 67)
Best instance 0.9750, class 0.9750 (epoch 67)
2026-06-24 16:55:49,503 - INFO - Epoch 117/200:
Epoch 117/200:
2026-06-24 16:55:52,273 - INFO - Train loss: 0.2649 (2.8s)
Train loss: 0.2649 (2.8s)
2026-06-24 16:55:52,536 - INFO - Test instance 0.9500, class 0.9500
Test instance 0.9500, class 0.9500
2026-06-24 16:55:52,536 - INFO - Best instance 0.9750, class 0.9750 (epoch 67)
Best instance 0.9750, class 0.9750 (epoch 67)
2026-06-24 16:55:52,555 - INFO - Epoch 118/200:
Epoch 118/200:
2026-06-24 16:55:55,302 - INFO - Train loss: 0.2805 (2.7s)
Train loss: 0.2805 (2.7s)
2026-06-24 16:55:55,563 - INFO - Test instance 0.9875, class 0.9875
Test instance 0.9875, class 0.9875
2026-06-24 16:55:55,581 - INFO - Best instance 0.9875, class 0.9875 (epoch 118)
Best instance 0.9875, class 0.9875 (epoch 118)
2026-06-24 16:55:55,598 - INFO - Epoch 119/200:
Epoch 119/200:
2026-06-24 16:55:58,336 - INFO - Train loss: 0.2615 (2.7s)
Train loss: 0.2615 (2.7s)
2026-06-24 16:55:58,605 - INFO - Test instance 0.9750, class 0.9750
Test instance 0.9750, class 0.9750
2026-06-24 16:55:58,606 - INFO - Best instance 0.9875, class 0.9875 (epoch 118)
Best instance 0.9875, class 0.9875 (epoch 118)
2026-06-24 16:55:58,624 - INFO - Epoch 120/200:
Epoch 120/200:
2026-06-24 16:56:01,412 - INFO - Train loss: 0.2671 (2.8s)
Train loss: 0.2671 (2.8s)
2026-06-24 16:56:01,677 - INFO - Test instance 0.9875, class 0.9875
Test instance 0.9875, class 0.9875
2026-06-24 16:56:01,677 - INFO - Best instance 0.9875, class 0.9875 (epoch 118)
Best instance 0.9875, class 0.9875 (epoch 118)
2026-06-24 16:56:01,696 - INFO - Epoch 121/200:
Epoch 121/200:
2026-06-24 16:56:05,025 - INFO - Train loss: 0.2927 (3.3s)
Train loss: 0.2927 (3.3s)
2026-06-24 16:56:05,297 - INFO - Test instance 0.9625, class 0.9625
Test instance 0.9625, class 0.9625
2026-06-24 16:56:05,297 - INFO - Best instance 0.9875, class 0.9875 (epoch 118)
Best instance 0.9875, class 0.9875 (epoch 118)
2026-06-24 16:56:05,316 - INFO - Epoch 122/200:
Epoch 122/200:
2026-06-24 16:56:08,062 - INFO - Train loss: 0.2470 (2.7s)
Train loss: 0.2470 (2.7s)
2026-06-24 16:56:08,324 - INFO - Test instance 0.9250, class 0.9250
Test instance 0.9250, class 0.9250
2026-06-24 16:56:08,324 - INFO - Best instance 0.9875, class 0.9875 (epoch 118)
Best instance 0.9875, class 0.9875 (epoch 118)
2026-06-24 16:56:08,342 - INFO - Epoch 123/200:
Epoch 123/200:
2026-06-24 16:56:11,066 - INFO - Train loss: 0.2568 (2.7s)
Train loss: 0.2568 (2.7s)
2026-06-24 16:56:11,327 - INFO - Test instance 0.9500, class 0.9500
Test instance 0.9500, class 0.9500
2026-06-24 16:56:11,327 - INFO - Best instance 0.9875, class 0.9875 (epoch 118)
Best instance 0.9875, class 0.9875 (epoch 118)
2026-06-24 16:56:11,344 - INFO - Epoch 124/200:
Epoch 124/200:
2026-06-24 16:56:14,804 - INFO - Train loss: 0.2651 (3.5s)
Train loss: 0.2651 (3.5s)
2026-06-24 16:56:15,069 - INFO - Test instance 0.9625, class 0.9625
Test instance 0.9625, class 0.9625
2026-06-24 16:56:15,069 - INFO - Best instance 0.9875, class 0.9875 (epoch 118)
Best instance 0.9875, class 0.9875 (epoch 118)
2026-06-24 16:56:15,089 - INFO - Epoch 125/200:
Epoch 125/200:
2026-06-24 16:56:17,809 - INFO - Train loss: 0.2599 (2.7s)
Train loss: 0.2599 (2.7s)
2026-06-24 16:56:18,069 - INFO - Test instance 0.9625, class 0.9625
Test instance 0.9625, class 0.9625
2026-06-24 16:56:18,069 - INFO - Best instance 0.9875, class 0.9875 (epoch 118)
Best instance 0.9875, class 0.9875 (epoch 118)
2026-06-24 16:56:18,088 - INFO - Epoch 126/200:
Epoch 126/200:
2026-06-24 16:56:20,817 - INFO - Train loss: 0.2593 (2.7s)
Train loss: 0.2593 (2.7s)
2026-06-24 16:56:21,082 - INFO - Test instance 0.9625, class 0.9625
Test instance 0.9625, class 0.9625
2026-06-24 16:56:21,082 - INFO - Best instance 0.9875, class 0.9875 (epoch 118)
Best instance 0.9875, class 0.9875 (epoch 118)
2026-06-24 16:56:21,101 - INFO - Epoch 127/200:
Epoch 127/200:
2026-06-24 16:56:23,802 - INFO - Train loss: 0.2338 (2.7s)
Train loss: 0.2338 (2.7s)
2026-06-24 16:56:24,061 - INFO - Test instance 0.9125, class 0.9125
Test instance 0.9125, class 0.9125
2026-06-24 16:56:24,061 - INFO - Best instance 0.9875, class 0.9875 (epoch 118)
Best instance 0.9875, class 0.9875 (epoch 118)
2026-06-24 16:56:24,080 - INFO - Epoch 128/200:
Epoch 128/200:
2026-06-24 16:56:26,758 - INFO - Train loss: 0.2695 (2.7s)
Train loss: 0.2695 (2.7s)
2026-06-24 16:56:27,021 - INFO - Test instance 0.9250, class 0.9250
Test instance 0.9250, class 0.9250
2026-06-24 16:56:27,022 - INFO - Best instance 0.9875, class 0.9875 (epoch 118)
Best instance 0.9875, class 0.9875 (epoch 118)
2026-06-24 16:56:27,040 - INFO - Epoch 129/200:
Epoch 129/200:
2026-06-24 16:56:29,761 - INFO - Train loss: 0.2403 (2.7s)
Train loss: 0.2403 (2.7s)
2026-06-24 16:56:30,031 - INFO - Test instance 0.9375, class 0.9375
Test instance 0.9375, class 0.9375
2026-06-24 16:56:30,031 - INFO - Best instance 0.9875, class 0.9875 (epoch 118)
Best instance 0.9875, class 0.9875 (epoch 118)
2026-06-24 16:56:30,048 - INFO - Epoch 130/200:
Epoch 130/200:
2026-06-24 16:56:32,764 - INFO - Train loss: 0.2087 (2.7s)
Train loss: 0.2087 (2.7s)
2026-06-24 16:56:33,040 - INFO - Test instance 0.9750, class 0.9750
Test instance 0.9750, class 0.9750
2026-06-24 16:56:33,041 - INFO - Best instance 0.9875, class 0.9875 (epoch 118)
Best instance 0.9875, class 0.9875 (epoch 118)
2026-06-24 16:56:33,061 - INFO - Epoch 131/200:
Epoch 131/200:
2026-06-24 16:56:35,804 - INFO - Train loss: 0.2524 (2.7s)
Train loss: 0.2524 (2.7s)
2026-06-24 16:56:36,146 - INFO - Test instance 1.0000, class 1.0000
Test instance 1.0000, class 1.0000
2026-06-24 16:56:36,170 - INFO - Best instance 1.0000, class 1.0000 (epoch 131)
Best instance 1.0000, class 1.0000 (epoch 131)
2026-06-24 16:56:36,188 - INFO - Epoch 132/200:
Epoch 132/200:
2026-06-24 16:56:38,912 - INFO - Train loss: 0.2233 (2.7s)
Train loss: 0.2233 (2.7s)
2026-06-24 16:56:39,263 - INFO - Test instance 0.9625, class 0.9625
Test instance 0.9625, class 0.9625
2026-06-24 16:56:39,263 - INFO - Best instance 1.0000, class 1.0000 (epoch 131)
Best instance 1.0000, class 1.0000 (epoch 131)
2026-06-24 16:56:39,282 - INFO - Epoch 133/200:
Epoch 133/200:
2026-06-24 16:56:42,020 - INFO - Train loss: 0.2177 (2.7s)
Train loss: 0.2177 (2.7s)
2026-06-24 16:56:42,283 - INFO - Test instance 0.9500, class 0.9500
Test instance 0.9500, class 0.9500
2026-06-24 16:56:42,284 - INFO - Best instance 1.0000, class 1.0000 (epoch 131)
Best instance 1.0000, class 1.0000 (epoch 131)
2026-06-24 16:56:42,301 - INFO - Epoch 134/200:
Epoch 134/200:
2026-06-24 16:56:45,011 - INFO - Train loss: 0.2356 (2.7s)
Train loss: 0.2356 (2.7s)
2026-06-24 16:56:45,279 - INFO - Test instance 0.9500, class 0.9500
Test instance 0.9500, class 0.9500
2026-06-24 16:56:45,279 - INFO - Best instance 1.0000, class 1.0000 (epoch 131)
Best instance 1.0000, class 1.0000 (epoch 131)
2026-06-24 16:56:45,297 - INFO - Epoch 135/200:
Epoch 135/200:
2026-06-24 16:56:47,972 - INFO - Train loss: 0.2480 (2.7s)
Train loss: 0.2480 (2.7s)
2026-06-24 16:56:48,231 - INFO - Test instance 0.9875, class 0.9875
Test instance 0.9875, class 0.9875
2026-06-24 16:56:48,232 - INFO - Best instance 1.0000, class 1.0000 (epoch 131)
Best instance 1.0000, class 1.0000 (epoch 131)
2026-06-24 16:56:48,250 - INFO - Epoch 136/200:
Epoch 136/200:
2026-06-24 16:56:50,963 - INFO - Train loss: 0.2284 (2.7s)
Train loss: 0.2284 (2.7s)
2026-06-24 16:56:51,230 - INFO - Test instance 0.9250, class 0.9250
Test instance 0.9250, class 0.9250
2026-06-24 16:56:51,230 - INFO - Best instance 1.0000, class 1.0000 (epoch 131)
Best instance 1.0000, class 1.0000 (epoch 131)
2026-06-24 16:56:51,248 - INFO - Epoch 137/200:
Epoch 137/200:
2026-06-24 16:56:53,962 - INFO - Train loss: 0.2793 (2.7s)
Train loss: 0.2793 (2.7s)
2026-06-24 16:56:54,225 - INFO - Test instance 0.9375, class 0.9375
Test instance 0.9375, class 0.9375
2026-06-24 16:56:54,225 - INFO - Best instance 1.0000, class 1.0000 (epoch 131)
Best instance 1.0000, class 1.0000 (epoch 131)
2026-06-24 16:56:54,243 - INFO - Epoch 138/200:
Epoch 138/200:
2026-06-24 16:56:56,985 - INFO - Train loss: 0.2646 (2.7s)
Train loss: 0.2646 (2.7s)
2026-06-24 16:56:57,251 - INFO - Test instance 0.9500, class 0.9500
Test instance 0.9500, class 0.9500
2026-06-24 16:56:57,252 - INFO - Best instance 1.0000, class 1.0000 (epoch 131)
Best instance 1.0000, class 1.0000 (epoch 131)
2026-06-24 16:56:57,269 - INFO - Epoch 139/200:
Epoch 139/200:
2026-06-24 16:57:00,012 - INFO - Train loss: 0.2494 (2.7s)
Train loss: 0.2494 (2.7s)
2026-06-24 16:57:00,274 - INFO - Test instance 0.9375, class 0.9375
Test instance 0.9375, class 0.9375
2026-06-24 16:57:00,274 - INFO - Best instance 1.0000, class 1.0000 (epoch 131)
Best instance 1.0000, class 1.0000 (epoch 131)
2026-06-24 16:57:00,291 - INFO - Epoch 140/200:
Epoch 140/200:
2026-06-24 16:57:03,064 - INFO - Train loss: 0.2329 (2.8s)
Train loss: 0.2329 (2.8s)
2026-06-24 16:57:03,325 - INFO - Test instance 0.9875, class 0.9875
Test instance 0.9875, class 0.9875
2026-06-24 16:57:03,326 - INFO - Best instance 1.0000, class 1.0000 (epoch 131)
Best instance 1.0000, class 1.0000 (epoch 131)
2026-06-24 16:57:03,343 - INFO - Epoch 141/200:
Epoch 141/200:
2026-06-24 16:57:06,081 - INFO - Train loss: 0.2612 (2.7s)
Train loss: 0.2612 (2.7s)
2026-06-24 16:57:06,357 - INFO - Test instance 0.9625, class 0.9625
Test instance 0.9625, class 0.9625
2026-06-24 16:57:06,357 - INFO - Best instance 1.0000, class 1.0000 (epoch 131)
Best instance 1.0000, class 1.0000 (epoch 131)
2026-06-24 16:57:06,376 - INFO - Epoch 142/200:
Epoch 142/200:
2026-06-24 16:57:09,125 - INFO - Train loss: 0.2331 (2.7s)
Train loss: 0.2331 (2.7s)
2026-06-24 16:57:09,390 - INFO - Test instance 0.9750, class 0.9750
Test instance 0.9750, class 0.9750
2026-06-24 16:57:09,391 - INFO - Best instance 1.0000, class 1.0000 (epoch 131)
Best instance 1.0000, class 1.0000 (epoch 131)
2026-06-24 16:57:09,408 - INFO - Epoch 143/200:
Epoch 143/200:
2026-06-24 16:57:12,103 - INFO - Train loss: 0.2365 (2.7s)
Train loss: 0.2365 (2.7s)
2026-06-24 16:57:12,364 - INFO - Test instance 0.9250, class 0.9250
Test instance 0.9250, class 0.9250
2026-06-24 16:57:12,364 - INFO - Best instance 1.0000, class 1.0000 (epoch 131)
Best instance 1.0000, class 1.0000 (epoch 131)
2026-06-24 16:57:12,382 - INFO - Epoch 144/200:
Epoch 144/200:
2026-06-24 16:57:15,130 - INFO - Train loss: 0.2433 (2.7s)
Train loss: 0.2433 (2.7s)
2026-06-24 16:57:15,399 - INFO - Test instance 0.9375, class 0.9375
Test instance 0.9375, class 0.9375
2026-06-24 16:57:15,400 - INFO - Best instance 1.0000, class 1.0000 (epoch 131)
Best instance 1.0000, class 1.0000 (epoch 131)
2026-06-24 16:57:15,418 - INFO - Epoch 145/200:
Epoch 145/200:
2026-06-24 16:57:18,884 - INFO - Train loss: 0.1968 (3.5s)
Train loss: 0.1968 (3.5s)
2026-06-24 16:57:19,216 - INFO - Test instance 0.9375, class 0.9375
Test instance 0.9375, class 0.9375
2026-06-24 16:57:19,216 - INFO - Best instance 1.0000, class 1.0000 (epoch 131)
Best instance 1.0000, class 1.0000 (epoch 131)
2026-06-24 16:57:19,236 - INFO - Epoch 146/200:
Epoch 146/200:
2026-06-24 16:57:21,963 - INFO - Train loss: 0.2740 (2.7s)
Train loss: 0.2740 (2.7s)
2026-06-24 16:57:22,224 - INFO - Test instance 0.9875, class 0.9875
Test instance 0.9875, class 0.9875
2026-06-24 16:57:22,224 - INFO - Best instance 1.0000, class 1.0000 (epoch 131)
Best instance 1.0000, class 1.0000 (epoch 131)
2026-06-24 16:57:22,242 - INFO - Epoch 147/200:
Epoch 147/200:
2026-06-24 16:57:25,696 - INFO - Train loss: 0.2449 (3.5s)
Train loss: 0.2449 (3.5s)
2026-06-24 16:57:26,024 - INFO - Test instance 0.9250, class 0.9250
Test instance 0.9250, class 0.9250
2026-06-24 16:57:26,024 - INFO - Best instance 1.0000, class 1.0000 (epoch 131)
Best instance 1.0000, class 1.0000 (epoch 131)
2026-06-24 16:57:26,044 - INFO - Epoch 148/200:
Epoch 148/200:
2026-06-24 16:57:28,800 - INFO - Train loss: 0.2175 (2.8s)
Train loss: 0.2175 (2.8s)
2026-06-24 16:57:29,066 - INFO - Test instance 0.9750, class 0.9750
Test instance 0.9750, class 0.9750
2026-06-24 16:57:29,067 - INFO - Best instance 1.0000, class 1.0000 (epoch 131)
Best instance 1.0000, class 1.0000 (epoch 131)
2026-06-24 16:57:29,085 - INFO - Epoch 149/200:
Epoch 149/200:
2026-06-24 16:57:31,835 - INFO - Train loss: 0.2445 (2.7s)
Train loss: 0.2445 (2.7s)
2026-06-24 16:57:32,102 - INFO - Test instance 0.9500, class 0.9500
Test instance 0.9500, class 0.9500
2026-06-24 16:57:32,102 - INFO - Best instance 1.0000, class 1.0000 (epoch 131)
Best instance 1.0000, class 1.0000 (epoch 131)
2026-06-24 16:57:32,121 - INFO - Epoch 150/200:
Epoch 150/200:
2026-06-24 16:57:34,856 - INFO - Train loss: 0.2528 (2.7s)
Train loss: 0.2528 (2.7s)
2026-06-24 16:57:35,120 - INFO - Test instance 0.9750, class 0.9750
Test instance 0.9750, class 0.9750
2026-06-24 16:57:35,121 - INFO - Best instance 1.0000, class 1.0000 (epoch 131)
Best instance 1.0000, class 1.0000 (epoch 131)
2026-06-24 16:57:35,140 - INFO - Epoch 151/200:
Epoch 151/200:
2026-06-24 16:57:37,893 - INFO - Train loss: 0.2092 (2.8s)
Train loss: 0.2092 (2.8s)
2026-06-24 16:57:38,157 - INFO - Test instance 0.9625, class 0.9625
Test instance 0.9625, class 0.9625
2026-06-24 16:57:38,158 - INFO - Best instance 1.0000, class 1.0000 (epoch 131)
Best instance 1.0000, class 1.0000 (epoch 131)
2026-06-24 16:57:38,176 - INFO - Epoch 152/200:
Epoch 152/200:
2026-06-24 16:57:40,948 - INFO - Train loss: 0.3043 (2.8s)
Train loss: 0.3043 (2.8s)
2026-06-24 16:57:41,215 - INFO - Test instance 0.9625, class 0.9625
Test instance 0.9625, class 0.9625
2026-06-24 16:57:41,215 - INFO - Best instance 1.0000, class 1.0000 (epoch 131)
Best instance 1.0000, class 1.0000 (epoch 131)
2026-06-24 16:57:41,234 - INFO - Epoch 153/200:
Epoch 153/200:
2026-06-24 16:57:44,010 - INFO - Train loss: 0.2187 (2.8s)
Train loss: 0.2187 (2.8s)
2026-06-24 16:57:44,265 - INFO - Test instance 0.9750, class 0.9750
Test instance 0.9750, class 0.9750
2026-06-24 16:57:44,266 - INFO - Best instance 1.0000, class 1.0000 (epoch 131)
Best instance 1.0000, class 1.0000 (epoch 131)
2026-06-24 16:57:44,285 - INFO - Epoch 154/200:
Epoch 154/200:
2026-06-24 16:57:47,776 - INFO - Train loss: 0.2199 (3.5s)
Train loss: 0.2199 (3.5s)
2026-06-24 16:57:48,042 - INFO - Test instance 0.9500, class 0.9500
Test instance 0.9500, class 0.9500
2026-06-24 16:57:48,042 - INFO - Best instance 1.0000, class 1.0000 (epoch 131)
Best instance 1.0000, class 1.0000 (epoch 131)
2026-06-24 16:57:48,060 - INFO - Epoch 155/200:
Epoch 155/200:
2026-06-24 16:57:51,542 - INFO - Train loss: 0.2349 (3.5s)
Train loss: 0.2349 (3.5s)
2026-06-24 16:57:51,801 - INFO - Test instance 0.9375, class 0.9375
Test instance 0.9375, class 0.9375
2026-06-24 16:57:51,802 - INFO - Best instance 1.0000, class 1.0000 (epoch 131)
Best instance 1.0000, class 1.0000 (epoch 131)
2026-06-24 16:57:51,818 - INFO - Epoch 156/200:
Epoch 156/200:
2026-06-24 16:57:54,505 - INFO - Train loss: 0.2343 (2.7s)
Train loss: 0.2343 (2.7s)
2026-06-24 16:57:54,761 - INFO - Test instance 0.9625, class 0.9625
Test instance 0.9625, class 0.9625
2026-06-24 16:57:54,762 - INFO - Best instance 1.0000, class 1.0000 (epoch 131)
Best instance 1.0000, class 1.0000 (epoch 131)
2026-06-24 16:57:54,779 - INFO - Epoch 157/200:
Epoch 157/200:
2026-06-24 16:57:57,521 - INFO - Train loss: 0.2640 (2.7s)
Train loss: 0.2640 (2.7s)
2026-06-24 16:57:57,779 - INFO - Test instance 0.9750, class 0.9750
Test instance 0.9750, class 0.9750
2026-06-24 16:57:57,779 - INFO - Best instance 1.0000, class 1.0000 (epoch 131)
Best instance 1.0000, class 1.0000 (epoch 131)
2026-06-24 16:57:57,797 - INFO - Epoch 158/200:
Epoch 158/200:
2026-06-24 16:58:00,557 - INFO - Train loss: 0.1952 (2.8s)
Train loss: 0.1952 (2.8s)
2026-06-24 16:58:00,899 - INFO - Test instance 0.9750, class 0.9750
Test instance 0.9750, class 0.9750
2026-06-24 16:58:00,900 - INFO - Best instance 1.0000, class 1.0000 (epoch 131)
Best instance 1.0000, class 1.0000 (epoch 131)
2026-06-24 16:58:00,920 - INFO - Epoch 159/200:
Epoch 159/200:
2026-06-24 16:58:03,740 - INFO - Train loss: 0.2703 (2.8s)
Train loss: 0.2703 (2.8s)
2026-06-24 16:58:04,006 - INFO - Test instance 0.9500, class 0.9500
Test instance 0.9500, class 0.9500
2026-06-24 16:58:04,006 - INFO - Best instance 1.0000, class 1.0000 (epoch 131)
Best instance 1.0000, class 1.0000 (epoch 131)
2026-06-24 16:58:04,032 - INFO - Epoch 160/200:
Epoch 160/200:
2026-06-24 16:58:06,775 - INFO - Train loss: 0.2352 (2.7s)
Train loss: 0.2352 (2.7s)
2026-06-24 16:58:07,033 - INFO - Test instance 0.9500, class 0.9500
Test instance 0.9500, class 0.9500
2026-06-24 16:58:07,033 - INFO - Best instance 1.0000, class 1.0000 (epoch 131)
Best instance 1.0000, class 1.0000 (epoch 131)
2026-06-24 16:58:07,051 - INFO - Epoch 161/200:
Epoch 161/200:
2026-06-24 16:58:09,823 - INFO - Train loss: 0.2223 (2.8s)
Train loss: 0.2223 (2.8s)
2026-06-24 16:58:10,087 - INFO - Test instance 0.9625, class 0.9625
Test instance 0.9625, class 0.9625
2026-06-24 16:58:10,087 - INFO - Best instance 1.0000, class 1.0000 (epoch 131)
Best instance 1.0000, class 1.0000 (epoch 131)
2026-06-24 16:58:10,105 - INFO - Epoch 162/200:
Epoch 162/200:
2026-06-24 16:58:12,856 - INFO - Train loss: 0.1996 (2.8s)
Train loss: 0.1996 (2.8s)
2026-06-24 16:58:13,194 - INFO - Test instance 0.9625, class 0.9625
Test instance 0.9625, class 0.9625
2026-06-24 16:58:13,195 - INFO - Best instance 1.0000, class 1.0000 (epoch 131)
Best instance 1.0000, class 1.0000 (epoch 131)
2026-06-24 16:58:13,214 - INFO - Epoch 163/200:
Epoch 163/200:
2026-06-24 16:58:16,618 - INFO - Train loss: 0.2242 (3.4s)
Train loss: 0.2242 (3.4s)
2026-06-24 16:58:16,948 - INFO - Test instance 0.9750, class 0.9750
Test instance 0.9750, class 0.9750
2026-06-24 16:58:16,949 - INFO - Best instance 1.0000, class 1.0000 (epoch 131)
Best instance 1.0000, class 1.0000 (epoch 131)
2026-06-24 16:58:16,969 - INFO - Epoch 164/200:
Epoch 164/200:
2026-06-24 16:58:19,703 - INFO - Train loss: 0.3037 (2.7s)
Train loss: 0.3037 (2.7s)
2026-06-24 16:58:20,046 - INFO - Test instance 0.9250, class 0.9250
Test instance 0.9250, class 0.9250
2026-06-24 16:58:20,046 - INFO - Best instance 1.0000, class 1.0000 (epoch 131)
Best instance 1.0000, class 1.0000 (epoch 131)
2026-06-24 16:58:20,067 - INFO - Epoch 165/200:
Epoch 165/200:
2026-06-24 16:58:22,795 - INFO - Train loss: 0.2082 (2.7s)
Train loss: 0.2082 (2.7s)
2026-06-24 16:58:23,055 - INFO - Test instance 0.9500, class 0.9500
Test instance 0.9500, class 0.9500
2026-06-24 16:58:23,055 - INFO - Best instance 1.0000, class 1.0000 (epoch 131)
Best instance 1.0000, class 1.0000 (epoch 131)
2026-06-24 16:58:23,074 - INFO - Epoch 166/200:
Epoch 166/200:
2026-06-24 16:58:25,803 - INFO - Train loss: 0.2743 (2.7s)
Train loss: 0.2743 (2.7s)
2026-06-24 16:58:26,067 - INFO - Test instance 0.9625, class 0.9625
Test instance 0.9625, class 0.9625
2026-06-24 16:58:26,067 - INFO - Best instance 1.0000, class 1.0000 (epoch 131)
Best instance 1.0000, class 1.0000 (epoch 131)
2026-06-24 16:58:26,085 - INFO - Epoch 167/200:
Epoch 167/200:
2026-06-24 16:58:28,811 - INFO - Train loss: 0.2371 (2.7s)
Train loss: 0.2371 (2.7s)
2026-06-24 16:58:29,075 - INFO - Test instance 0.9375, class 0.9375
Test instance 0.9375, class 0.9375
2026-06-24 16:58:29,075 - INFO - Best instance 1.0000, class 1.0000 (epoch 131)
Best instance 1.0000, class 1.0000 (epoch 131)
2026-06-24 16:58:29,095 - INFO - Epoch 168/200:
Epoch 168/200:
2026-06-24 16:58:31,814 - INFO - Train loss: 0.2464 (2.7s)
Train loss: 0.2464 (2.7s)
2026-06-24 16:58:32,073 - INFO - Test instance 0.9875, class 0.9875
Test instance 0.9875, class 0.9875
2026-06-24 16:58:32,073 - INFO - Best instance 1.0000, class 1.0000 (epoch 131)
Best instance 1.0000, class 1.0000 (epoch 131)
2026-06-24 16:58:32,091 - INFO - Epoch 169/200:
Epoch 169/200:
2026-06-24 16:58:34,830 - INFO - Train loss: 0.2560 (2.7s)
Train loss: 0.2560 (2.7s)
2026-06-24 16:58:35,085 - INFO - Test instance 0.9875, class 0.9875
Test instance 0.9875, class 0.9875
2026-06-24 16:58:35,085 - INFO - Best instance 1.0000, class 1.0000 (epoch 131)
Best instance 1.0000, class 1.0000 (epoch 131)
2026-06-24 16:58:35,104 - INFO - Epoch 170/200:
Epoch 170/200:
2026-06-24 16:58:37,805 - INFO - Train loss: 0.2479 (2.7s)
Train loss: 0.2479 (2.7s)
2026-06-24 16:58:38,082 - INFO - Test instance 0.9875, class 0.9875
Test instance 0.9875, class 0.9875
2026-06-24 16:58:38,083 - INFO - Best instance 1.0000, class 1.0000 (epoch 131)
Best instance 1.0000, class 1.0000 (epoch 131)
2026-06-24 16:58:38,112 - INFO - Epoch 171/200:
Epoch 171/200:
2026-06-24 16:58:40,831 - INFO - Train loss: 0.2292 (2.7s)
Train loss: 0.2292 (2.7s)
2026-06-24 16:58:41,094 - INFO - Test instance 0.9750, class 0.9750
Test instance 0.9750, class 0.9750
2026-06-24 16:58:41,095 - INFO - Best instance 1.0000, class 1.0000 (epoch 131)
Best instance 1.0000, class 1.0000 (epoch 131)
2026-06-24 16:58:41,113 - INFO - Epoch 172/200:
Epoch 172/200:
2026-06-24 16:58:43,854 - INFO - Train loss: 0.2118 (2.7s)
Train loss: 0.2118 (2.7s)
2026-06-24 16:58:44,121 - INFO - Test instance 0.9500, class 0.9500
Test instance 0.9500, class 0.9500
2026-06-24 16:58:44,121 - INFO - Best instance 1.0000, class 1.0000 (epoch 131)
Best instance 1.0000, class 1.0000 (epoch 131)
2026-06-24 16:58:44,139 - INFO - Epoch 173/200:
Epoch 173/200:
2026-06-24 16:58:46,870 - INFO - Train loss: 0.2253 (2.7s)
Train loss: 0.2253 (2.7s)
2026-06-24 16:58:47,131 - INFO - Test instance 0.9625, class 0.9625
Test instance 0.9625, class 0.9625
2026-06-24 16:58:47,131 - INFO - Best instance 1.0000, class 1.0000 (epoch 131)
Best instance 1.0000, class 1.0000 (epoch 131)
2026-06-24 16:58:47,150 - INFO - Epoch 174/200:
Epoch 174/200:
2026-06-24 16:58:49,874 - INFO - Train loss: 0.2285 (2.7s)
Train loss: 0.2285 (2.7s)
2026-06-24 16:58:50,139 - INFO - Test instance 0.9625, class 0.9625
Test instance 0.9625, class 0.9625
2026-06-24 16:58:50,139 - INFO - Best instance 1.0000, class 1.0000 (epoch 131)
Best instance 1.0000, class 1.0000 (epoch 131)
2026-06-24 16:58:50,158 - INFO - Epoch 175/200:
Epoch 175/200:
2026-06-24 16:58:52,893 - INFO - Train loss: 0.1974 (2.7s)
Train loss: 0.1974 (2.7s)
2026-06-24 16:58:53,146 - INFO - Test instance 0.9500, class 0.9500
Test instance 0.9500, class 0.9500
2026-06-24 16:58:53,147 - INFO - Best instance 1.0000, class 1.0000 (epoch 131)
Best instance 1.0000, class 1.0000 (epoch 131)
2026-06-24 16:58:53,165 - INFO - Epoch 176/200:
Epoch 176/200:
2026-06-24 16:58:55,902 - INFO - Train loss: 0.2468 (2.7s)
Train loss: 0.2468 (2.7s)
2026-06-24 16:58:56,163 - INFO - Test instance 0.9750, class 0.9750
Test instance 0.9750, class 0.9750
2026-06-24 16:58:56,164 - INFO - Best instance 1.0000, class 1.0000 (epoch 131)
Best instance 1.0000, class 1.0000 (epoch 131)
2026-06-24 16:58:56,182 - INFO - Epoch 177/200:
Epoch 177/200:
2026-06-24 16:58:58,865 - INFO - Train loss: 0.1980 (2.7s)
Train loss: 0.1980 (2.7s)
2026-06-24 16:58:59,118 - INFO - Test instance 0.9625, class 0.9625
Test instance 0.9625, class 0.9625
2026-06-24 16:58:59,118 - INFO - Best instance 1.0000, class 1.0000 (epoch 131)
Best instance 1.0000, class 1.0000 (epoch 131)
2026-06-24 16:58:59,136 - INFO - Epoch 178/200:
Epoch 178/200:
2026-06-24 16:59:01,864 - INFO - Train loss: 0.2165 (2.7s)
Train loss: 0.2165 (2.7s)
2026-06-24 16:59:02,250 - INFO - Test instance 0.9750, class 0.9750
Test instance 0.9750, class 0.9750
2026-06-24 16:59:02,251 - INFO - Best instance 1.0000, class 1.0000 (epoch 131)
Best instance 1.0000, class 1.0000 (epoch 131)
2026-06-24 16:59:02,273 - INFO - Epoch 179/200:
Epoch 179/200:
2026-06-24 16:59:05,026 - INFO - Train loss: 0.2360 (2.8s)
Train loss: 0.2360 (2.8s)
2026-06-24 16:59:05,286 - INFO - Test instance 0.9625, class 0.9625
Test instance 0.9625, class 0.9625
2026-06-24 16:59:05,287 - INFO - Best instance 1.0000, class 1.0000 (epoch 131)
Best instance 1.0000, class 1.0000 (epoch 131)
2026-06-24 16:59:05,305 - INFO - Epoch 180/200:
Epoch 180/200:
2026-06-24 16:59:08,180 - INFO - Train loss: 0.2564 (2.9s)
Train loss: 0.2564 (2.9s)
2026-06-24 16:59:08,515 - INFO - Test instance 0.9750, class 0.9750
Test instance 0.9750, class 0.9750
2026-06-24 16:59:08,515 - INFO - Best instance 1.0000, class 1.0000 (epoch 131)
Best instance 1.0000, class 1.0000 (epoch 131)
2026-06-24 16:59:08,536 - INFO - Epoch 181/200:
Epoch 181/200:
2026-06-24 16:59:11,282 - INFO - Train loss: 0.2299 (2.7s)
Train loss: 0.2299 (2.7s)
2026-06-24 16:59:11,539 - INFO - Test instance 0.9625, class 0.9625
Test instance 0.9625, class 0.9625
2026-06-24 16:59:11,541 - INFO - Best instance 1.0000, class 1.0000 (epoch 131)
Best instance 1.0000, class 1.0000 (epoch 131)
2026-06-24 16:59:11,558 - INFO - Epoch 182/200:
Epoch 182/200:
2026-06-24 16:59:15,045 - INFO - Train loss: 0.2390 (3.5s)
Train loss: 0.2390 (3.5s)
2026-06-24 16:59:15,314 - INFO - Test instance 1.0000, class 1.0000
Test instance 1.0000, class 1.0000
2026-06-24 16:59:15,314 - INFO - Best instance 1.0000, class 1.0000 (epoch 131)
Best instance 1.0000, class 1.0000 (epoch 131)
2026-06-24 16:59:15,332 - INFO - Epoch 183/200:
Epoch 183/200:
2026-06-24 16:59:18,082 - INFO - Train loss: 0.2324 (2.7s)
Train loss: 0.2324 (2.7s)
2026-06-24 16:59:18,347 - INFO - Test instance 0.9625, class 0.9625
Test instance 0.9625, class 0.9625
2026-06-24 16:59:18,347 - INFO - Best instance 1.0000, class 1.0000 (epoch 131)
Best instance 1.0000, class 1.0000 (epoch 131)
2026-06-24 16:59:18,365 - INFO - Epoch 184/200:
Epoch 184/200:
2026-06-24 16:59:21,111 - INFO - Train loss: 0.1997 (2.7s)
Train loss: 0.1997 (2.7s)
2026-06-24 16:59:21,381 - INFO - Test instance 0.9625, class 0.9625
Test instance 0.9625, class 0.9625
2026-06-24 16:59:21,381 - INFO - Best instance 1.0000, class 1.0000 (epoch 131)
Best instance 1.0000, class 1.0000 (epoch 131)
2026-06-24 16:59:21,401 - INFO - Epoch 185/200:
Epoch 185/200:
2026-06-24 16:59:24,894 - INFO - Train loss: 0.2353 (3.5s)
Train loss: 0.2353 (3.5s)
2026-06-24 16:59:25,160 - INFO - Test instance 0.9625, class 0.9625
Test instance 0.9625, class 0.9625
2026-06-24 16:59:25,160 - INFO - Best instance 1.0000, class 1.0000 (epoch 131)
Best instance 1.0000, class 1.0000 (epoch 131)
2026-06-24 16:59:25,177 - INFO - Epoch 186/200:
Epoch 186/200:
2026-06-24 16:59:27,953 - INFO - Train loss: 0.2222 (2.8s)
Train loss: 0.2222 (2.8s)
2026-06-24 16:59:28,220 - INFO - Test instance 0.9625, class 0.9625
Test instance 0.9625, class 0.9625
2026-06-24 16:59:28,220 - INFO - Best instance 1.0000, class 1.0000 (epoch 131)
Best instance 1.0000, class 1.0000 (epoch 131)
2026-06-24 16:59:28,238 - INFO - Epoch 187/200:
Epoch 187/200:
2026-06-24 16:59:30,981 - INFO - Train loss: 0.1740 (2.7s)
Train loss: 0.1740 (2.7s)
2026-06-24 16:59:31,247 - INFO - Test instance 0.9875, class 0.9875
Test instance 0.9875, class 0.9875
2026-06-24 16:59:31,247 - INFO - Best instance 1.0000, class 1.0000 (epoch 131)
Best instance 1.0000, class 1.0000 (epoch 131)
2026-06-24 16:59:31,264 - INFO - Epoch 188/200:
Epoch 188/200:
2026-06-24 16:59:34,056 - INFO - Train loss: 0.2063 (2.8s)
Train loss: 0.2063 (2.8s)
2026-06-24 16:59:34,322 - INFO - Test instance 0.9625, class 0.9625
Test instance 0.9625, class 0.9625
2026-06-24 16:59:34,323 - INFO - Best instance 1.0000, class 1.0000 (epoch 131)
Best instance 1.0000, class 1.0000 (epoch 131)
2026-06-24 16:59:34,341 - INFO - Epoch 189/200:
Epoch 189/200:
2026-06-24 16:59:37,118 - INFO - Train loss: 0.2288 (2.8s)
Train loss: 0.2288 (2.8s)
2026-06-24 16:59:37,381 - INFO - Test instance 0.9500, class 0.9500
Test instance 0.9500, class 0.9500
2026-06-24 16:59:37,382 - INFO - Best instance 1.0000, class 1.0000 (epoch 131)
Best instance 1.0000, class 1.0000 (epoch 131)
2026-06-24 16:59:37,401 - INFO - Epoch 190/200:
Epoch 190/200:
2026-06-24 16:59:40,227 - INFO - Train loss: 0.2418 (2.8s)
Train loss: 0.2418 (2.8s)
2026-06-24 16:59:40,495 - INFO - Test instance 0.9250, class 0.9250
Test instance 0.9250, class 0.9250
2026-06-24 16:59:40,495 - INFO - Best instance 1.0000, class 1.0000 (epoch 131)
Best instance 1.0000, class 1.0000 (epoch 131)
2026-06-24 16:59:40,513 - INFO - Epoch 191/200:
Epoch 191/200:
2026-06-24 16:59:43,270 - INFO - Train loss: 0.1763 (2.8s)
Train loss: 0.1763 (2.8s)
2026-06-24 16:59:43,537 - INFO - Test instance 0.9625, class 0.9625
Test instance 0.9625, class 0.9625
2026-06-24 16:59:43,538 - INFO - Best instance 1.0000, class 1.0000 (epoch 131)
Best instance 1.0000, class 1.0000 (epoch 131)
2026-06-24 16:59:43,555 - INFO - Epoch 192/200:
Epoch 192/200:
2026-06-24 16:59:46,328 - INFO - Train loss: 0.2083 (2.8s)
Train loss: 0.2083 (2.8s)
2026-06-24 16:59:46,595 - INFO - Test instance 0.9625, class 0.9625
Test instance 0.9625, class 0.9625
2026-06-24 16:59:46,596 - INFO - Best instance 1.0000, class 1.0000 (epoch 131)
Best instance 1.0000, class 1.0000 (epoch 131)
2026-06-24 16:59:46,613 - INFO - Epoch 193/200:
Epoch 193/200:
2026-06-24 16:59:49,382 - INFO - Train loss: 0.2135 (2.8s)
Train loss: 0.2135 (2.8s)
2026-06-24 16:59:49,645 - INFO - Test instance 0.9500, class 0.9500
Test instance 0.9500, class 0.9500
2026-06-24 16:59:49,646 - INFO - Best instance 1.0000, class 1.0000 (epoch 131)
Best instance 1.0000, class 1.0000 (epoch 131)
2026-06-24 16:59:49,664 - INFO - Epoch 194/200:
Epoch 194/200:
2026-06-24 16:59:52,475 - INFO - Train loss: 0.2209 (2.8s)
Train loss: 0.2209 (2.8s)
2026-06-24 16:59:52,731 - INFO - Test instance 0.9625, class 0.9625
Test instance 0.9625, class 0.9625
2026-06-24 16:59:52,731 - INFO - Best instance 1.0000, class 1.0000 (epoch 131)
Best instance 1.0000, class 1.0000 (epoch 131)
2026-06-24 16:59:52,750 - INFO - Epoch 195/200:
Epoch 195/200:
2026-06-24 16:59:55,519 - INFO - Train loss: 0.2140 (2.8s)
Train loss: 0.2140 (2.8s)
2026-06-24 16:59:55,773 - INFO - Test instance 0.9625, class 0.9625
Test instance 0.9625, class 0.9625
2026-06-24 16:59:55,774 - INFO - Best instance 1.0000, class 1.0000 (epoch 131)
Best instance 1.0000, class 1.0000 (epoch 131)
2026-06-24 16:59:55,792 - INFO - Epoch 196/200:
Epoch 196/200:
2026-06-24 16:59:58,559 - INFO - Train loss: 0.2066 (2.8s)
Train loss: 0.2066 (2.8s)
2026-06-24 16:59:58,902 - INFO - Test instance 0.9750, class 0.9750
Test instance 0.9750, class 0.9750
2026-06-24 16:59:58,903 - INFO - Best instance 1.0000, class 1.0000 (epoch 131)
Best instance 1.0000, class 1.0000 (epoch 131)
2026-06-24 16:59:58,923 - INFO - Epoch 197/200:
Epoch 197/200:
2026-06-24 17:00:02,492 - INFO - Train loss: 0.2075 (3.6s)
Train loss: 0.2075 (3.6s)
2026-06-24 17:00:02,851 - INFO - Test instance 0.9625, class 0.9625
Test instance 0.9625, class 0.9625
2026-06-24 17:00:02,851 - INFO - Best instance 1.0000, class 1.0000 (epoch 131)
Best instance 1.0000, class 1.0000 (epoch 131)
2026-06-24 17:00:02,873 - INFO - Epoch 198/200:
Epoch 198/200:
2026-06-24 17:00:05,563 - INFO - Train loss: 0.2180 (2.7s)
Train loss: 0.2180 (2.7s)
2026-06-24 17:00:05,815 - INFO - Test instance 0.9875, class 0.9875
Test instance 0.9875, class 0.9875
2026-06-24 17:00:05,817 - INFO - Best instance 1.0000, class 1.0000 (epoch 131)
Best instance 1.0000, class 1.0000 (epoch 131)
2026-06-24 17:00:05,837 - INFO - Epoch 199/200:
Epoch 199/200:
2026-06-24 17:00:08,540 - INFO - Train loss: 0.2510 (2.7s)
Train loss: 0.2510 (2.7s)
2026-06-24 17:00:08,796 - INFO - Test instance 0.9875, class 0.9875
Test instance 0.9875, class 0.9875
2026-06-24 17:00:08,796 - INFO - Best instance 1.0000, class 1.0000 (epoch 131)
Best instance 1.0000, class 1.0000 (epoch 131)
2026-06-24 17:00:08,816 - INFO - Epoch 200/200:
Epoch 200/200:
2026-06-24 17:00:11,560 - INFO - Train loss: 0.1670 (2.7s)
Train loss: 0.1670 (2.7s)
2026-06-24 17:00:11,825 - INFO - Test instance 0.9625, class 0.9625
Test instance 0.9625, class 0.9625
2026-06-24 17:00:11,826 - INFO - Best instance 1.0000, class 1.0000 (epoch 131)
Best instance 1.0000, class 1.0000 (epoch 131)
2026-06-24 17:00:36,950 - INFO - Student 1.42 MB, 63.15 ms
Student 1.42 MB, 63.15 ms
