[Wed Jun 24 16:46:09 EDT 2026] task 30 on GPU 0: python flkd/advanced_kd_train_classification.py --teacher_model pointnet2_cls_ssg --student_model small_pointnet2 --kd_strategy sp --dataset craniosynostosis --seed 123 --batch_size 24 --epoch 200 --num_point 1024 --teacher_path "outputs/craniosynostosis/classification/pointnet2_cls_ssg_s123/checkpoints/best_model.pth" --log_dir kd_pointnet2_cls_ssg_sp_small_pointnet2_s123 --beta 0.5 --data_root data --output_root outputs --num_workers -1 --max_runtime_hours 166.0
Loaded teacher from outputs/craniosynostosis/classification/pointnet2_cls_ssg_s123/checkpoints/best_model.pth
2026-06-24 16:49:59,126 - INFO - PARAMETER ...
2026-06-24 16:49:59,127 - INFO - {'use_cpu': False, 'no_amp': False, 'gpu': '0', 'num_workers': -1, 'batch_size': 24, 'teacher_model': 'pointnet2_cls_ssg', 'student_model': 'small_pointnet2', 'num_category': 4, 'dataset': 'craniosynostosis', 'data_root': 'data', 'output_root': 'outputs', 'train_split': 0.8, 'dataset_seed': 0, 'cache_dataset': True, 'min_class_samples': 1, 'epoch': 200, 'learning_rate': 0.001, 'num_point': 1024, 'optimizer': 'Adam', 'log_dir': 'kd_pointnet2_cls_ssg_sp_small_pointnet2_s123', 'decay_rate': 0.0001, 'use_normals': False, 'process_data': False, 'use_uniform_sample': False, 'resume': True, 'kd_strategy': 'sp', 'alpha': 0.5, 'temperature': 2.0, 'beta': 0.5, 'dkd_alpha': 1.0, 'dkd_beta': 8.0, 'crd_temperature': 0.07, 'teacher_path': 'outputs/craniosynostosis/classification/pointnet2_cls_ssg_s123/checkpoints/best_model.pth', 'teacher_paths': None, 'teacher_weights': None, 'use_hard_labels': 'on', 'unlabeled': False, 'temperature_sweep': None, 'seed': 123, 'max_runtime_hours': 166.0}
2026-06-24 16:49:59,129 - INFO - KD=sp student=small_pointnet2 AMP=False use_hard=True unlabeled=False T=2.0
KD=sp student=small_pointnet2 AMP=False use_hard=True unlabeled=False T=2.0
2026-06-24 16:50:01,609 - INFO - Epoch 1/200:
Epoch 1/200:
2026-06-24 16:50:04,721 - INFO - Train loss: 1.9776 (3.1s)
Train loss: 1.9776 (3.1s)
2026-06-24 16:50:05,373 - INFO - Test instance 0.2500, class 0.2500
Test instance 0.2500, class 0.2500
2026-06-24 16:50:05,394 - INFO - Best instance 0.2500, class 0.2500 (epoch 1)
Best instance 0.2500, class 0.2500 (epoch 1)
2026-06-24 16:50:05,411 - INFO - Epoch 2/200:
Epoch 2/200:
2026-06-24 16:50:08,154 - INFO - Train loss: 1.9133 (2.7s)
Train loss: 1.9133 (2.7s)
2026-06-24 16:50:08,431 - INFO - Test instance 0.2500, class 0.2500
Test instance 0.2500, class 0.2500
2026-06-24 16:50:08,431 - INFO - Best instance 0.2500, class 0.2500 (epoch 1)
Best instance 0.2500, class 0.2500 (epoch 1)
2026-06-24 16:50:08,449 - INFO - Epoch 3/200:
Epoch 3/200:
2026-06-24 16:50:11,220 - INFO - Train loss: 1.8745 (2.8s)
Train loss: 1.8745 (2.8s)
2026-06-24 16:50:11,489 - INFO - Test instance 0.2500, class 0.2500
Test instance 0.2500, class 0.2500
2026-06-24 16:50:11,490 - INFO - Best instance 0.2500, class 0.2500 (epoch 1)
Best instance 0.2500, class 0.2500 (epoch 1)
2026-06-24 16:50:11,508 - INFO - Epoch 4/200:
Epoch 4/200:
2026-06-24 16:50:14,197 - INFO - Train loss: 1.8056 (2.7s)
Train loss: 1.8056 (2.7s)
2026-06-24 16:50:14,457 - INFO - Test instance 0.3625, class 0.3625
Test instance 0.3625, class 0.3625
2026-06-24 16:50:14,476 - INFO - Best instance 0.3625, class 0.3625 (epoch 4)
Best instance 0.3625, class 0.3625 (epoch 4)
2026-06-24 16:50:14,495 - INFO - Epoch 5/200:
Epoch 5/200:
2026-06-24 16:50:17,215 - INFO - Train loss: 1.7331 (2.7s)
Train loss: 1.7331 (2.7s)
2026-06-24 16:50:17,480 - INFO - Test instance 0.4500, class 0.4500
Test instance 0.4500, class 0.4500
2026-06-24 16:50:17,498 - INFO - Best instance 0.4500, class 0.4500 (epoch 5)
Best instance 0.4500, class 0.4500 (epoch 5)
2026-06-24 16:50:17,516 - INFO - Epoch 6/200:
Epoch 6/200:
2026-06-24 16:50:20,226 - INFO - Train loss: 1.6061 (2.7s)
Train loss: 1.6061 (2.7s)
2026-06-24 16:50:20,478 - INFO - Test instance 0.4125, class 0.4125
Test instance 0.4125, class 0.4125
2026-06-24 16:50:20,478 - INFO - Best instance 0.4500, class 0.4500 (epoch 5)
Best instance 0.4500, class 0.4500 (epoch 5)
2026-06-24 16:50:20,496 - INFO - Epoch 7/200:
Epoch 7/200:
2026-06-24 16:50:23,212 - INFO - Train loss: 1.5465 (2.7s)
Train loss: 1.5465 (2.7s)
2026-06-24 16:50:23,483 - INFO - Test instance 0.3250, class 0.3250
Test instance 0.3250, class 0.3250
2026-06-24 16:50:23,484 - INFO - Best instance 0.4500, class 0.4500 (epoch 5)
Best instance 0.4500, class 0.4500 (epoch 5)
2026-06-24 16:50:23,501 - INFO - Epoch 8/200:
Epoch 8/200:
2026-06-24 16:50:26,237 - INFO - Train loss: 1.3891 (2.7s)
Train loss: 1.3891 (2.7s)
2026-06-24 16:50:26,506 - INFO - Test instance 0.4750, class 0.4750
Test instance 0.4750, class 0.4750
2026-06-24 16:50:26,524 - INFO - Best instance 0.4750, class 0.4750 (epoch 8)
Best instance 0.4750, class 0.4750 (epoch 8)
2026-06-24 16:50:26,542 - INFO - Epoch 9/200:
Epoch 9/200:
2026-06-24 16:50:29,269 - INFO - Train loss: 1.4558 (2.7s)
Train loss: 1.4558 (2.7s)
2026-06-24 16:50:29,541 - INFO - Test instance 0.3500, class 0.3500
Test instance 0.3500, class 0.3500
2026-06-24 16:50:29,542 - INFO - Best instance 0.4750, class 0.4750 (epoch 8)
Best instance 0.4750, class 0.4750 (epoch 8)
2026-06-24 16:50:29,560 - INFO - Epoch 10/200:
Epoch 10/200:
2026-06-24 16:50:32,305 - INFO - Train loss: 1.4166 (2.7s)
Train loss: 1.4166 (2.7s)
2026-06-24 16:50:32,564 - INFO - Test instance 0.5500, class 0.5500
Test instance 0.5500, class 0.5500
2026-06-24 16:50:32,582 - INFO - Best instance 0.5500, class 0.5500 (epoch 10)
Best instance 0.5500, class 0.5500 (epoch 10)
2026-06-24 16:50:32,611 - INFO - Epoch 11/200:
Epoch 11/200:
2026-06-24 16:50:35,357 - INFO - Train loss: 1.2474 (2.7s)
Train loss: 1.2474 (2.7s)
2026-06-24 16:50:35,623 - INFO - Test instance 0.5125, class 0.5125
Test instance 0.5125, class 0.5125
2026-06-24 16:50:35,623 - INFO - Best instance 0.5500, class 0.5500 (epoch 10)
Best instance 0.5500, class 0.5500 (epoch 10)
2026-06-24 16:50:35,643 - INFO - Epoch 12/200:
Epoch 12/200:
2026-06-24 16:50:38,391 - INFO - Train loss: 1.2188 (2.7s)
Train loss: 1.2188 (2.7s)
2026-06-24 16:50:38,654 - INFO - Test instance 0.4750, class 0.4750
Test instance 0.4750, class 0.4750
2026-06-24 16:50:38,654 - INFO - Best instance 0.5500, class 0.5500 (epoch 10)
Best instance 0.5500, class 0.5500 (epoch 10)
2026-06-24 16:50:38,672 - INFO - Epoch 13/200:
Epoch 13/200:
2026-06-24 16:50:41,379 - INFO - Train loss: 1.1452 (2.7s)
Train loss: 1.1452 (2.7s)
2026-06-24 16:50:41,644 - INFO - Test instance 0.3125, class 0.3125
Test instance 0.3125, class 0.3125
2026-06-24 16:50:41,645 - INFO - Best instance 0.5500, class 0.5500 (epoch 10)
Best instance 0.5500, class 0.5500 (epoch 10)
2026-06-24 16:50:41,663 - INFO - Epoch 14/200:
Epoch 14/200:
2026-06-24 16:50:44,423 - INFO - Train loss: 1.0218 (2.8s)
Train loss: 1.0218 (2.8s)
2026-06-24 16:50:44,680 - INFO - Test instance 0.6500, class 0.6500
Test instance 0.6500, class 0.6500
2026-06-24 16:50:44,699 - INFO - Best instance 0.6500, class 0.6500 (epoch 14)
Best instance 0.6500, class 0.6500 (epoch 14)
2026-06-24 16:50:44,719 - INFO - Epoch 15/200:
Epoch 15/200:
2026-06-24 16:50:47,448 - INFO - Train loss: 0.9978 (2.7s)
Train loss: 0.9978 (2.7s)
2026-06-24 16:50:47,704 - INFO - Test instance 0.6500, class 0.6500
Test instance 0.6500, class 0.6500
2026-06-24 16:50:47,705 - INFO - Best instance 0.6500, class 0.6500 (epoch 14)
Best instance 0.6500, class 0.6500 (epoch 14)
2026-06-24 16:50:47,723 - INFO - Epoch 16/200:
Epoch 16/200:
2026-06-24 16:50:50,446 - INFO - Train loss: 1.0164 (2.7s)
Train loss: 1.0164 (2.7s)
2026-06-24 16:50:50,713 - INFO - Test instance 0.7750, class 0.7750
Test instance 0.7750, class 0.7750
2026-06-24 16:50:50,732 - INFO - Best instance 0.7750, class 0.7750 (epoch 16)
Best instance 0.7750, class 0.7750 (epoch 16)
2026-06-24 16:50:50,749 - INFO - Epoch 17/200:
Epoch 17/200:
2026-06-24 16:50:53,480 - INFO - Train loss: 0.9791 (2.7s)
Train loss: 0.9791 (2.7s)
2026-06-24 16:50:53,738 - INFO - Test instance 0.6875, class 0.6875
Test instance 0.6875, class 0.6875
2026-06-24 16:50:53,738 - INFO - Best instance 0.7750, class 0.7750 (epoch 16)
Best instance 0.7750, class 0.7750 (epoch 16)
2026-06-24 16:50:53,757 - INFO - Epoch 18/200:
Epoch 18/200:
2026-06-24 16:50:56,494 - INFO - Train loss: 0.9640 (2.7s)
Train loss: 0.9640 (2.7s)
2026-06-24 16:50:56,753 - INFO - Test instance 0.8500, class 0.8500
Test instance 0.8500, class 0.8500
2026-06-24 16:50:56,772 - INFO - Best instance 0.8500, class 0.8500 (epoch 18)
Best instance 0.8500, class 0.8500 (epoch 18)
2026-06-24 16:50:56,790 - INFO - Epoch 19/200:
Epoch 19/200:
2026-06-24 16:50:59,510 - INFO - Train loss: 1.0010 (2.7s)
Train loss: 1.0010 (2.7s)
2026-06-24 16:50:59,774 - INFO - Test instance 0.6500, class 0.6500
Test instance 0.6500, class 0.6500
2026-06-24 16:50:59,775 - INFO - Best instance 0.8500, class 0.8500 (epoch 18)
Best instance 0.8500, class 0.8500 (epoch 18)
2026-06-24 16:50:59,793 - INFO - Epoch 20/200:
Epoch 20/200:
2026-06-24 16:51:02,564 - INFO - Train loss: 0.7877 (2.8s)
Train loss: 0.7877 (2.8s)
2026-06-24 16:51:02,817 - INFO - Test instance 0.2625, class 0.2625
Test instance 0.2625, class 0.2625
2026-06-24 16:51:02,817 - INFO - Best instance 0.8500, class 0.8500 (epoch 18)
Best instance 0.8500, class 0.8500 (epoch 18)
2026-06-24 16:51:02,835 - INFO - Epoch 21/200:
Epoch 21/200:
2026-06-24 16:51:05,519 - INFO - Train loss: 0.8356 (2.7s)
Train loss: 0.8356 (2.7s)
2026-06-24 16:51:05,777 - INFO - Test instance 0.6750, class 0.6750
Test instance 0.6750, class 0.6750
2026-06-24 16:51:05,777 - INFO - Best instance 0.8500, class 0.8500 (epoch 18)
Best instance 0.8500, class 0.8500 (epoch 18)
2026-06-24 16:51:05,795 - INFO - Epoch 22/200:
Epoch 22/200:
2026-06-24 16:51:08,520 - INFO - Train loss: 0.7259 (2.7s)
Train loss: 0.7259 (2.7s)
2026-06-24 16:51:08,782 - INFO - Test instance 0.8625, class 0.8625
Test instance 0.8625, class 0.8625
2026-06-24 16:51:08,802 - INFO - Best instance 0.8625, class 0.8625 (epoch 22)
Best instance 0.8625, class 0.8625 (epoch 22)
2026-06-24 16:51:08,819 - INFO - Epoch 23/200:
Epoch 23/200:
2026-06-24 16:51:11,583 - INFO - Train loss: 0.7186 (2.8s)
Train loss: 0.7186 (2.8s)
2026-06-24 16:51:11,844 - INFO - Test instance 0.9000, class 0.9000
Test instance 0.9000, class 0.9000
2026-06-24 16:51:11,862 - INFO - Best instance 0.9000, class 0.9000 (epoch 23)
Best instance 0.9000, class 0.9000 (epoch 23)
2026-06-24 16:51:11,880 - INFO - Epoch 24/200:
Epoch 24/200:
2026-06-24 16:51:14,595 - INFO - Train loss: 0.7636 (2.7s)
Train loss: 0.7636 (2.7s)
2026-06-24 16:51:14,865 - INFO - Test instance 0.7875, class 0.7875
Test instance 0.7875, class 0.7875
2026-06-24 16:51:14,865 - INFO - Best instance 0.9000, class 0.9000 (epoch 23)
Best instance 0.9000, class 0.9000 (epoch 23)
2026-06-24 16:51:14,884 - INFO - Epoch 25/200:
Epoch 25/200:
2026-06-24 16:51:17,606 - INFO - Train loss: 0.7700 (2.7s)
Train loss: 0.7700 (2.7s)
2026-06-24 16:51:17,862 - INFO - Test instance 0.7500, class 0.7500
Test instance 0.7500, class 0.7500
2026-06-24 16:51:17,862 - INFO - Best instance 0.9000, class 0.9000 (epoch 23)
Best instance 0.9000, class 0.9000 (epoch 23)
2026-06-24 16:51:17,889 - INFO - Epoch 26/200:
Epoch 26/200:
2026-06-24 16:51:20,609 - INFO - Train loss: 0.6704 (2.7s)
Train loss: 0.6704 (2.7s)
2026-06-24 16:51:20,869 - INFO - Test instance 0.7125, class 0.7125
Test instance 0.7125, class 0.7125
2026-06-24 16:51:20,870 - INFO - Best instance 0.9000, class 0.9000 (epoch 23)
Best instance 0.9000, class 0.9000 (epoch 23)
2026-06-24 16:51:20,888 - INFO - Epoch 27/200:
Epoch 27/200:
2026-06-24 16:51:23,612 - INFO - Train loss: 0.6280 (2.7s)
Train loss: 0.6280 (2.7s)
2026-06-24 16:51:23,865 - INFO - Test instance 0.7750, class 0.7750
Test instance 0.7750, class 0.7750
2026-06-24 16:51:23,865 - INFO - Best instance 0.9000, class 0.9000 (epoch 23)
Best instance 0.9000, class 0.9000 (epoch 23)
2026-06-24 16:51:23,884 - INFO - Epoch 28/200:
Epoch 28/200:
2026-06-24 16:51:26,576 - INFO - Train loss: 0.6186 (2.7s)
Train loss: 0.6186 (2.7s)
2026-06-24 16:51:26,835 - INFO - Test instance 0.8250, class 0.8250
Test instance 0.8250, class 0.8250
2026-06-24 16:51:26,836 - INFO - Best instance 0.9000, class 0.9000 (epoch 23)
Best instance 0.9000, class 0.9000 (epoch 23)
2026-06-24 16:51:26,855 - INFO - Epoch 29/200:
Epoch 29/200:
2026-06-24 16:51:29,576 - INFO - Train loss: 0.6548 (2.7s)
Train loss: 0.6548 (2.7s)
2026-06-24 16:51:29,843 - INFO - Test instance 0.8125, class 0.8125
Test instance 0.8125, class 0.8125
2026-06-24 16:51:29,844 - INFO - Best instance 0.9000, class 0.9000 (epoch 23)
Best instance 0.9000, class 0.9000 (epoch 23)
2026-06-24 16:51:29,863 - INFO - Epoch 30/200:
Epoch 30/200:
2026-06-24 16:51:32,611 - INFO - Train loss: 0.6237 (2.7s)
Train loss: 0.6237 (2.7s)
2026-06-24 16:51:32,873 - INFO - Test instance 0.8375, class 0.8375
Test instance 0.8375, class 0.8375
2026-06-24 16:51:32,874 - INFO - Best instance 0.9000, class 0.9000 (epoch 23)
Best instance 0.9000, class 0.9000 (epoch 23)
2026-06-24 16:51:32,893 - INFO - Epoch 31/200:
Epoch 31/200:
2026-06-24 16:51:35,626 - INFO - Train loss: 0.6100 (2.7s)
Train loss: 0.6100 (2.7s)
2026-06-24 16:51:35,889 - INFO - Test instance 0.8375, class 0.8375
Test instance 0.8375, class 0.8375
2026-06-24 16:51:35,889 - INFO - Best instance 0.9000, class 0.9000 (epoch 23)
Best instance 0.9000, class 0.9000 (epoch 23)
2026-06-24 16:51:35,908 - INFO - Epoch 32/200:
Epoch 32/200:
2026-06-24 16:51:38,627 - INFO - Train loss: 0.4833 (2.7s)
Train loss: 0.4833 (2.7s)
2026-06-24 16:51:38,900 - INFO - Test instance 0.7250, class 0.7250
Test instance 0.7250, class 0.7250
2026-06-24 16:51:38,900 - INFO - Best instance 0.9000, class 0.9000 (epoch 23)
Best instance 0.9000, class 0.9000 (epoch 23)
2026-06-24 16:51:38,919 - INFO - Epoch 33/200:
Epoch 33/200:
2026-06-24 16:51:41,660 - INFO - Train loss: 0.4969 (2.7s)
Train loss: 0.4969 (2.7s)
2026-06-24 16:51:41,927 - INFO - Test instance 0.6875, class 0.6875
Test instance 0.6875, class 0.6875
2026-06-24 16:51:41,927 - INFO - Best instance 0.9000, class 0.9000 (epoch 23)
Best instance 0.9000, class 0.9000 (epoch 23)
2026-06-24 16:51:41,946 - INFO - Epoch 34/200:
Epoch 34/200:
2026-06-24 16:51:44,669 - INFO - Train loss: 0.5326 (2.7s)
Train loss: 0.5326 (2.7s)
2026-06-24 16:51:44,934 - INFO - Test instance 0.9500, class 0.9500
Test instance 0.9500, class 0.9500
2026-06-24 16:51:44,952 - INFO - Best instance 0.9500, class 0.9500 (epoch 34)
Best instance 0.9500, class 0.9500 (epoch 34)
2026-06-24 16:51:44,969 - INFO - Epoch 35/200:
Epoch 35/200:
2026-06-24 16:51:47,651 - INFO - Train loss: 0.5051 (2.7s)
Train loss: 0.5051 (2.7s)
2026-06-24 16:51:47,922 - INFO - Test instance 0.8625, class 0.8625
Test instance 0.8625, class 0.8625
2026-06-24 16:51:47,922 - INFO - Best instance 0.9500, class 0.9500 (epoch 34)
Best instance 0.9500, class 0.9500 (epoch 34)
2026-06-24 16:51:47,940 - INFO - Epoch 36/200:
Epoch 36/200:
2026-06-24 16:51:50,662 - INFO - Train loss: 0.5096 (2.7s)
Train loss: 0.5096 (2.7s)
2026-06-24 16:51:50,926 - INFO - Test instance 0.6125, class 0.6125
Test instance 0.6125, class 0.6125
2026-06-24 16:51:50,927 - INFO - Best instance 0.9500, class 0.9500 (epoch 34)
Best instance 0.9500, class 0.9500 (epoch 34)
2026-06-24 16:51:50,947 - INFO - Epoch 37/200:
Epoch 37/200:
2026-06-24 16:51:53,678 - INFO - Train loss: 0.4614 (2.7s)
Train loss: 0.4614 (2.7s)
2026-06-24 16:51:53,947 - INFO - Test instance 0.5875, class 0.5875
Test instance 0.5875, class 0.5875
2026-06-24 16:51:53,948 - INFO - Best instance 0.9500, class 0.9500 (epoch 34)
Best instance 0.9500, class 0.9500 (epoch 34)
2026-06-24 16:51:53,966 - INFO - Epoch 38/200:
Epoch 38/200:
2026-06-24 16:51:56,727 - INFO - Train loss: 0.5918 (2.8s)
Train loss: 0.5918 (2.8s)
2026-06-24 16:51:56,984 - INFO - Test instance 0.8250, class 0.8250
Test instance 0.8250, class 0.8250
2026-06-24 16:51:56,984 - INFO - Best instance 0.9500, class 0.9500 (epoch 34)
Best instance 0.9500, class 0.9500 (epoch 34)
2026-06-24 16:51:57,002 - INFO - Epoch 39/200:
Epoch 39/200:
2026-06-24 16:51:59,721 - INFO - Train loss: 0.5181 (2.7s)
Train loss: 0.5181 (2.7s)
2026-06-24 16:51:59,984 - INFO - Test instance 0.8500, class 0.8500
Test instance 0.8500, class 0.8500
2026-06-24 16:51:59,985 - INFO - Best instance 0.9500, class 0.9500 (epoch 34)
Best instance 0.9500, class 0.9500 (epoch 34)
2026-06-24 16:52:00,003 - INFO - Epoch 40/200:
Epoch 40/200:
2026-06-24 16:52:02,795 - INFO - Train loss: 0.4598 (2.8s)
Train loss: 0.4598 (2.8s)
2026-06-24 16:52:03,057 - INFO - Test instance 0.6125, class 0.6125
Test instance 0.6125, class 0.6125
2026-06-24 16:52:03,058 - INFO - Best instance 0.9500, class 0.9500 (epoch 34)
Best instance 0.9500, class 0.9500 (epoch 34)
2026-06-24 16:52:03,076 - INFO - Epoch 41/200:
Epoch 41/200:
2026-06-24 16:52:05,806 - INFO - Train loss: 0.4992 (2.7s)
Train loss: 0.4992 (2.7s)
2026-06-24 16:52:06,073 - INFO - Test instance 0.9125, class 0.9125
Test instance 0.9125, class 0.9125
2026-06-24 16:52:06,073 - INFO - Best instance 0.9500, class 0.9500 (epoch 34)
Best instance 0.9500, class 0.9500 (epoch 34)
2026-06-24 16:52:06,092 - INFO - Epoch 42/200:
Epoch 42/200:
2026-06-24 16:52:08,799 - INFO - Train loss: 0.4902 (2.7s)
Train loss: 0.4902 (2.7s)
2026-06-24 16:52:09,074 - INFO - Test instance 0.9750, class 0.9750
Test instance 0.9750, class 0.9750
2026-06-24 16:52:09,093 - INFO - Best instance 0.9750, class 0.9750 (epoch 42)
Best instance 0.9750, class 0.9750 (epoch 42)
2026-06-24 16:52:09,111 - INFO - Epoch 43/200:
Epoch 43/200:
2026-06-24 16:52:11,859 - INFO - Train loss: 0.4266 (2.7s)
Train loss: 0.4266 (2.7s)
2026-06-24 16:52:12,118 - INFO - Test instance 0.8250, class 0.8250
Test instance 0.8250, class 0.8250
2026-06-24 16:52:12,118 - INFO - Best instance 0.9750, class 0.9750 (epoch 42)
Best instance 0.9750, class 0.9750 (epoch 42)
2026-06-24 16:52:12,136 - INFO - Epoch 44/200:
Epoch 44/200:
2026-06-24 16:52:14,863 - INFO - Train loss: 0.4856 (2.7s)
Train loss: 0.4856 (2.7s)
2026-06-24 16:52:15,123 - INFO - Test instance 0.8250, class 0.8250
Test instance 0.8250, class 0.8250
2026-06-24 16:52:15,123 - INFO - Best instance 0.9750, class 0.9750 (epoch 42)
Best instance 0.9750, class 0.9750 (epoch 42)
2026-06-24 16:52:15,142 - INFO - Epoch 45/200:
Epoch 45/200:
2026-06-24 16:52:17,890 - INFO - Train loss: 0.3940 (2.7s)
Train loss: 0.3940 (2.7s)
2026-06-24 16:52:18,149 - INFO - Test instance 0.9125, class 0.9125
Test instance 0.9125, class 0.9125
2026-06-24 16:52:18,149 - INFO - Best instance 0.9750, class 0.9750 (epoch 42)
Best instance 0.9750, class 0.9750 (epoch 42)
2026-06-24 16:52:18,168 - INFO - Epoch 46/200:
Epoch 46/200:
2026-06-24 16:52:20,913 - INFO - Train loss: 0.3574 (2.7s)
Train loss: 0.3574 (2.7s)
2026-06-24 16:52:21,187 - INFO - Test instance 0.8875, class 0.8875
Test instance 0.8875, class 0.8875
2026-06-24 16:52:21,187 - INFO - Best instance 0.9750, class 0.9750 (epoch 42)
Best instance 0.9750, class 0.9750 (epoch 42)
2026-06-24 16:52:21,206 - INFO - Epoch 47/200:
Epoch 47/200:
2026-06-24 16:52:23,932 - INFO - Train loss: 0.3949 (2.7s)
Train loss: 0.3949 (2.7s)
2026-06-24 16:52:24,198 - INFO - Test instance 0.9375, class 0.9375
Test instance 0.9375, class 0.9375
2026-06-24 16:52:24,198 - INFO - Best instance 0.9750, class 0.9750 (epoch 42)
Best instance 0.9750, class 0.9750 (epoch 42)
2026-06-24 16:52:24,216 - INFO - Epoch 48/200:
Epoch 48/200:
2026-06-24 16:52:26,946 - INFO - Train loss: 0.3596 (2.7s)
Train loss: 0.3596 (2.7s)
2026-06-24 16:52:27,221 - INFO - Test instance 0.8875, class 0.8875
Test instance 0.8875, class 0.8875
2026-06-24 16:52:27,221 - INFO - Best instance 0.9750, class 0.9750 (epoch 42)
Best instance 0.9750, class 0.9750 (epoch 42)
2026-06-24 16:52:27,240 - INFO - Epoch 49/200:
Epoch 49/200:
2026-06-24 16:52:29,932 - INFO - Train loss: 0.4393 (2.7s)
Train loss: 0.4393 (2.7s)
2026-06-24 16:52:30,196 - INFO - Test instance 0.9250, class 0.9250
Test instance 0.9250, class 0.9250
2026-06-24 16:52:30,196 - INFO - Best instance 0.9750, class 0.9750 (epoch 42)
Best instance 0.9750, class 0.9750 (epoch 42)
2026-06-24 16:52:30,214 - INFO - Epoch 50/200:
Epoch 50/200:
2026-06-24 16:52:32,945 - INFO - Train loss: 0.3647 (2.7s)
Train loss: 0.3647 (2.7s)
2026-06-24 16:52:33,211 - INFO - Test instance 0.9125, class 0.9125
Test instance 0.9125, class 0.9125
2026-06-24 16:52:33,212 - INFO - Best instance 0.9750, class 0.9750 (epoch 42)
Best instance 0.9750, class 0.9750 (epoch 42)
2026-06-24 16:52:33,231 - INFO - Epoch 51/200:
Epoch 51/200:
2026-06-24 16:52:35,984 - INFO - Train loss: 0.4684 (2.8s)
Train loss: 0.4684 (2.8s)
2026-06-24 16:52:36,240 - INFO - Test instance 0.8875, class 0.8875
Test instance 0.8875, class 0.8875
2026-06-24 16:52:36,240 - INFO - Best instance 0.9750, class 0.9750 (epoch 42)
Best instance 0.9750, class 0.9750 (epoch 42)
2026-06-24 16:52:36,259 - INFO - Epoch 52/200:
Epoch 52/200:
2026-06-24 16:52:39,020 - INFO - Train loss: 0.4386 (2.8s)
Train loss: 0.4386 (2.8s)
2026-06-24 16:52:39,286 - INFO - Test instance 0.8875, class 0.8875
Test instance 0.8875, class 0.8875
2026-06-24 16:52:39,287 - INFO - Best instance 0.9750, class 0.9750 (epoch 42)
Best instance 0.9750, class 0.9750 (epoch 42)
2026-06-24 16:52:39,305 - INFO - Epoch 53/200:
Epoch 53/200:
2026-06-24 16:52:42,070 - INFO - Train loss: 0.3889 (2.8s)
Train loss: 0.3889 (2.8s)
2026-06-24 16:52:42,323 - INFO - Test instance 0.7125, class 0.7125
Test instance 0.7125, class 0.7125
2026-06-24 16:52:42,323 - INFO - Best instance 0.9750, class 0.9750 (epoch 42)
Best instance 0.9750, class 0.9750 (epoch 42)
2026-06-24 16:52:42,342 - INFO - Epoch 54/200:
Epoch 54/200:
2026-06-24 16:52:45,085 - INFO - Train loss: 0.4477 (2.7s)
Train loss: 0.4477 (2.7s)
2026-06-24 16:52:45,349 - INFO - Test instance 0.5750, class 0.5750
Test instance 0.5750, class 0.5750
2026-06-24 16:52:45,349 - INFO - Best instance 0.9750, class 0.9750 (epoch 42)
Best instance 0.9750, class 0.9750 (epoch 42)
2026-06-24 16:52:45,400 - INFO - Epoch 55/200:
Epoch 55/200:
2026-06-24 16:52:48,134 - INFO - Train loss: 0.4565 (2.7s)
Train loss: 0.4565 (2.7s)
2026-06-24 16:52:48,397 - INFO - Test instance 0.9000, class 0.9000
Test instance 0.9000, class 0.9000
2026-06-24 16:52:48,398 - INFO - Best instance 0.9750, class 0.9750 (epoch 42)
Best instance 0.9750, class 0.9750 (epoch 42)
2026-06-24 16:52:48,417 - INFO - Epoch 56/200:
Epoch 56/200:
2026-06-24 16:52:51,106 - INFO - Train loss: 0.3750 (2.7s)
Train loss: 0.3750 (2.7s)
2026-06-24 16:52:51,363 - INFO - Test instance 0.7750, class 0.7750
Test instance 0.7750, class 0.7750
2026-06-24 16:52:51,363 - INFO - Best instance 0.9750, class 0.9750 (epoch 42)
Best instance 0.9750, class 0.9750 (epoch 42)
2026-06-24 16:52:51,382 - INFO - Epoch 57/200:
Epoch 57/200:
2026-06-24 16:52:54,109 - INFO - Train loss: 0.4794 (2.7s)
Train loss: 0.4794 (2.7s)
2026-06-24 16:52:54,372 - INFO - Test instance 0.9375, class 0.9375
Test instance 0.9375, class 0.9375
2026-06-24 16:52:54,373 - INFO - Best instance 0.9750, class 0.9750 (epoch 42)
Best instance 0.9750, class 0.9750 (epoch 42)
2026-06-24 16:52:54,392 - INFO - Epoch 58/200:
Epoch 58/200:
2026-06-24 16:52:57,116 - INFO - Train loss: 0.4272 (2.7s)
Train loss: 0.4272 (2.7s)
2026-06-24 16:52:57,386 - INFO - Test instance 0.9625, class 0.9625
Test instance 0.9625, class 0.9625
2026-06-24 16:52:57,386 - INFO - Best instance 0.9750, class 0.9750 (epoch 42)
Best instance 0.9750, class 0.9750 (epoch 42)
2026-06-24 16:52:57,404 - INFO - Epoch 59/200:
Epoch 59/200:
2026-06-24 16:53:00,144 - INFO - Train loss: 0.4320 (2.7s)
Train loss: 0.4320 (2.7s)
2026-06-24 16:53:00,404 - INFO - Test instance 0.9125, class 0.9125
Test instance 0.9125, class 0.9125
2026-06-24 16:53:00,405 - INFO - Best instance 0.9750, class 0.9750 (epoch 42)
Best instance 0.9750, class 0.9750 (epoch 42)
2026-06-24 16:53:00,424 - INFO - Epoch 60/200:
Epoch 60/200:
2026-06-24 16:53:03,207 - INFO - Train loss: 0.3229 (2.8s)
Train loss: 0.3229 (2.8s)
2026-06-24 16:53:03,473 - INFO - Test instance 0.9500, class 0.9500
Test instance 0.9500, class 0.9500
2026-06-24 16:53:03,473 - INFO - Best instance 0.9750, class 0.9750 (epoch 42)
Best instance 0.9750, class 0.9750 (epoch 42)
2026-06-24 16:53:03,493 - INFO - Epoch 61/200:
Epoch 61/200:
2026-06-24 16:53:06,227 - INFO - Train loss: 0.3638 (2.7s)
Train loss: 0.3638 (2.7s)
2026-06-24 16:53:06,504 - INFO - Test instance 0.9375, class 0.9375
Test instance 0.9375, class 0.9375
2026-06-24 16:53:06,504 - INFO - Best instance 0.9750, class 0.9750 (epoch 42)
Best instance 0.9750, class 0.9750 (epoch 42)
2026-06-24 16:53:06,523 - INFO - Epoch 62/200:
Epoch 62/200:
2026-06-24 16:53:09,243 - INFO - Train loss: 0.4084 (2.7s)
Train loss: 0.4084 (2.7s)
2026-06-24 16:53:09,506 - INFO - Test instance 0.8500, class 0.8500
Test instance 0.8500, class 0.8500
2026-06-24 16:53:09,506 - INFO - Best instance 0.9750, class 0.9750 (epoch 42)
Best instance 0.9750, class 0.9750 (epoch 42)
2026-06-24 16:53:09,525 - INFO - Epoch 63/200:
Epoch 63/200:
2026-06-24 16:53:12,235 - INFO - Train loss: 0.3488 (2.7s)
Train loss: 0.3488 (2.7s)
2026-06-24 16:53:12,492 - INFO - Test instance 0.9125, class 0.9125
Test instance 0.9125, class 0.9125
2026-06-24 16:53:12,492 - INFO - Best instance 0.9750, class 0.9750 (epoch 42)
Best instance 0.9750, class 0.9750 (epoch 42)
2026-06-24 16:53:12,511 - INFO - Epoch 64/200:
Epoch 64/200:
2026-06-24 16:53:15,199 - INFO - Train loss: 0.4313 (2.7s)
Train loss: 0.4313 (2.7s)
2026-06-24 16:53:15,464 - INFO - Test instance 0.8750, class 0.8750
Test instance 0.8750, class 0.8750
2026-06-24 16:53:15,464 - INFO - Best instance 0.9750, class 0.9750 (epoch 42)
Best instance 0.9750, class 0.9750 (epoch 42)
2026-06-24 16:53:15,484 - INFO - Epoch 65/200:
Epoch 65/200:
2026-06-24 16:53:18,220 - INFO - Train loss: 0.3566 (2.7s)
Train loss: 0.3566 (2.7s)
2026-06-24 16:53:18,478 - INFO - Test instance 0.9750, class 0.9750
Test instance 0.9750, class 0.9750
2026-06-24 16:53:18,478 - INFO - Best instance 0.9750, class 0.9750 (epoch 42)
Best instance 0.9750, class 0.9750 (epoch 42)
2026-06-24 16:53:18,497 - INFO - Epoch 66/200:
Epoch 66/200:
2026-06-24 16:53:21,210 - INFO - Train loss: 0.3166 (2.7s)
Train loss: 0.3166 (2.7s)
2026-06-24 16:53:21,477 - INFO - Test instance 0.8875, class 0.8875
Test instance 0.8875, class 0.8875
2026-06-24 16:53:21,477 - INFO - Best instance 0.9750, class 0.9750 (epoch 42)
Best instance 0.9750, class 0.9750 (epoch 42)
2026-06-24 16:53:21,496 - INFO - Epoch 67/200:
Epoch 67/200:
2026-06-24 16:53:24,204 - INFO - Train loss: 0.4098 (2.7s)
Train loss: 0.4098 (2.7s)
2026-06-24 16:53:24,461 - INFO - Test instance 0.8750, class 0.8750
Test instance 0.8750, class 0.8750
2026-06-24 16:53:24,461 - INFO - Best instance 0.9750, class 0.9750 (epoch 42)
Best instance 0.9750, class 0.9750 (epoch 42)
2026-06-24 16:53:24,480 - INFO - Epoch 68/200:
Epoch 68/200:
2026-06-24 16:53:27,175 - INFO - Train loss: 0.3792 (2.7s)
Train loss: 0.3792 (2.7s)
2026-06-24 16:53:27,438 - INFO - Test instance 0.8625, class 0.8625
Test instance 0.8625, class 0.8625
2026-06-24 16:53:27,438 - INFO - Best instance 0.9750, class 0.9750 (epoch 42)
Best instance 0.9750, class 0.9750 (epoch 42)
2026-06-24 16:53:27,457 - INFO - Epoch 69/200:
Epoch 69/200:
2026-06-24 16:53:30,163 - INFO - Train loss: 0.3090 (2.7s)
Train loss: 0.3090 (2.7s)
2026-06-24 16:53:30,419 - INFO - Test instance 0.8625, class 0.8625
Test instance 0.8625, class 0.8625
2026-06-24 16:53:30,419 - INFO - Best instance 0.9750, class 0.9750 (epoch 42)
Best instance 0.9750, class 0.9750 (epoch 42)
2026-06-24 16:53:30,438 - INFO - Epoch 70/200:
Epoch 70/200:
2026-06-24 16:53:33,158 - INFO - Train loss: 0.3224 (2.7s)
Train loss: 0.3224 (2.7s)
2026-06-24 16:53:33,416 - INFO - Test instance 0.8875, class 0.8875
Test instance 0.8875, class 0.8875
2026-06-24 16:53:33,417 - INFO - Best instance 0.9750, class 0.9750 (epoch 42)
Best instance 0.9750, class 0.9750 (epoch 42)
2026-06-24 16:53:33,435 - INFO - Epoch 71/200:
Epoch 71/200:
2026-06-24 16:53:36,146 - INFO - Train loss: 0.3337 (2.7s)
Train loss: 0.3337 (2.7s)
2026-06-24 16:53:36,414 - INFO - Test instance 0.9625, class 0.9625
Test instance 0.9625, class 0.9625
2026-06-24 16:53:36,414 - INFO - Best instance 0.9750, class 0.9750 (epoch 42)
Best instance 0.9750, class 0.9750 (epoch 42)
2026-06-24 16:53:36,432 - INFO - Epoch 72/200:
Epoch 72/200:
2026-06-24 16:53:39,183 - INFO - Train loss: 0.2572 (2.8s)
Train loss: 0.2572 (2.8s)
2026-06-24 16:53:39,437 - INFO - Test instance 0.9625, class 0.9625
Test instance 0.9625, class 0.9625
2026-06-24 16:53:39,437 - INFO - Best instance 0.9750, class 0.9750 (epoch 42)
Best instance 0.9750, class 0.9750 (epoch 42)
2026-06-24 16:53:39,470 - INFO - Epoch 73/200:
Epoch 73/200:
2026-06-24 16:53:42,234 - INFO - Train loss: 0.3408 (2.8s)
Train loss: 0.3408 (2.8s)
2026-06-24 16:53:42,496 - INFO - Test instance 0.9000, class 0.9000
Test instance 0.9000, class 0.9000
2026-06-24 16:53:42,497 - INFO - Best instance 0.9750, class 0.9750 (epoch 42)
Best instance 0.9750, class 0.9750 (epoch 42)
2026-06-24 16:53:42,515 - INFO - Epoch 74/200:
Epoch 74/200:
2026-06-24 16:53:45,247 - INFO - Train loss: 0.2877 (2.7s)
Train loss: 0.2877 (2.7s)
2026-06-24 16:53:45,508 - INFO - Test instance 0.9625, class 0.9625
Test instance 0.9625, class 0.9625
2026-06-24 16:53:45,508 - INFO - Best instance 0.9750, class 0.9750 (epoch 42)
Best instance 0.9750, class 0.9750 (epoch 42)
2026-06-24 16:53:45,527 - INFO - Epoch 75/200:
Epoch 75/200:
2026-06-24 16:53:48,260 - INFO - Train loss: 0.2696 (2.7s)
Train loss: 0.2696 (2.7s)
2026-06-24 16:53:48,518 - INFO - Test instance 0.8875, class 0.8875
Test instance 0.8875, class 0.8875
2026-06-24 16:53:48,519 - INFO - Best instance 0.9750, class 0.9750 (epoch 42)
Best instance 0.9750, class 0.9750 (epoch 42)
2026-06-24 16:53:48,538 - INFO - Epoch 76/200:
Epoch 76/200:
2026-06-24 16:53:51,271 - INFO - Train loss: 0.2902 (2.7s)
Train loss: 0.2902 (2.7s)
2026-06-24 16:53:51,533 - INFO - Test instance 0.9625, class 0.9625
Test instance 0.9625, class 0.9625
2026-06-24 16:53:51,534 - INFO - Best instance 0.9750, class 0.9750 (epoch 42)
Best instance 0.9750, class 0.9750 (epoch 42)
2026-06-24 16:53:51,553 - INFO - Epoch 77/200:
Epoch 77/200:
2026-06-24 16:53:54,296 - INFO - Train loss: 0.3337 (2.7s)
Train loss: 0.3337 (2.7s)
2026-06-24 16:53:54,556 - INFO - Test instance 0.9750, class 0.9750
Test instance 0.9750, class 0.9750
2026-06-24 16:53:54,557 - INFO - Best instance 0.9750, class 0.9750 (epoch 42)
Best instance 0.9750, class 0.9750 (epoch 42)
2026-06-24 16:53:54,577 - INFO - Epoch 78/200:
Epoch 78/200:
2026-06-24 16:53:57,237 - INFO - Train loss: 0.3154 (2.7s)
Train loss: 0.3154 (2.7s)
2026-06-24 16:53:57,495 - INFO - Test instance 0.9000, class 0.9000
Test instance 0.9000, class 0.9000
2026-06-24 16:53:57,496 - INFO - Best instance 0.9750, class 0.9750 (epoch 42)
Best instance 0.9750, class 0.9750 (epoch 42)
2026-06-24 16:53:57,515 - INFO - Epoch 79/200:
Epoch 79/200:
2026-06-24 16:54:00,257 - INFO - Train loss: 0.2938 (2.7s)
Train loss: 0.2938 (2.7s)
2026-06-24 16:54:00,515 - INFO - Test instance 0.9500, class 0.9500
Test instance 0.9500, class 0.9500
2026-06-24 16:54:00,515 - INFO - Best instance 0.9750, class 0.9750 (epoch 42)
Best instance 0.9750, class 0.9750 (epoch 42)
2026-06-24 16:54:00,534 - INFO - Epoch 80/200:
Epoch 80/200:
2026-06-24 16:54:03,328 - INFO - Train loss: 0.3237 (2.8s)
Train loss: 0.3237 (2.8s)
2026-06-24 16:54:03,605 - INFO - Test instance 0.9000, class 0.9000
Test instance 0.9000, class 0.9000
2026-06-24 16:54:03,605 - INFO - Best instance 0.9750, class 0.9750 (epoch 42)
Best instance 0.9750, class 0.9750 (epoch 42)
2026-06-24 16:54:03,624 - INFO - Epoch 81/200:
Epoch 81/200:
2026-06-24 16:54:06,361 - INFO - Train loss: 0.2976 (2.7s)
Train loss: 0.2976 (2.7s)
2026-06-24 16:54:06,623 - INFO - Test instance 0.9250, class 0.9250
Test instance 0.9250, class 0.9250
2026-06-24 16:54:06,623 - INFO - Best instance 0.9750, class 0.9750 (epoch 42)
Best instance 0.9750, class 0.9750 (epoch 42)
2026-06-24 16:54:06,642 - INFO - Epoch 82/200:
Epoch 82/200:
2026-06-24 16:54:09,392 - INFO - Train loss: 0.3129 (2.7s)
Train loss: 0.3129 (2.7s)
2026-06-24 16:54:09,654 - INFO - Test instance 0.9500, class 0.9500
Test instance 0.9500, class 0.9500
2026-06-24 16:54:09,655 - INFO - Best instance 0.9750, class 0.9750 (epoch 42)
Best instance 0.9750, class 0.9750 (epoch 42)
2026-06-24 16:54:09,675 - INFO - Epoch 83/200:
Epoch 83/200:
2026-06-24 16:54:12,424 - INFO - Train loss: 0.2725 (2.7s)
Train loss: 0.2725 (2.7s)
2026-06-24 16:54:12,681 - INFO - Test instance 0.9625, class 0.9625
Test instance 0.9625, class 0.9625
2026-06-24 16:54:12,682 - INFO - Best instance 0.9750, class 0.9750 (epoch 42)
Best instance 0.9750, class 0.9750 (epoch 42)
2026-06-24 16:54:12,701 - INFO - Epoch 84/200:
Epoch 84/200:
2026-06-24 16:54:15,417 - INFO - Train loss: 0.3418 (2.7s)
Train loss: 0.3418 (2.7s)
2026-06-24 16:54:15,673 - INFO - Test instance 0.9000, class 0.9000
Test instance 0.9000, class 0.9000
2026-06-24 16:54:15,673 - INFO - Best instance 0.9750, class 0.9750 (epoch 42)
Best instance 0.9750, class 0.9750 (epoch 42)
2026-06-24 16:54:15,691 - INFO - Epoch 85/200:
Epoch 85/200:
2026-06-24 16:54:18,415 - INFO - Train loss: 0.2625 (2.7s)
Train loss: 0.2625 (2.7s)
2026-06-24 16:54:18,674 - INFO - Test instance 0.9500, class 0.9500
Test instance 0.9500, class 0.9500
2026-06-24 16:54:18,674 - INFO - Best instance 0.9750, class 0.9750 (epoch 42)
Best instance 0.9750, class 0.9750 (epoch 42)
2026-06-24 16:54:18,692 - INFO - Epoch 86/200:
Epoch 86/200:
2026-06-24 16:54:21,403 - INFO - Train loss: 0.2644 (2.7s)
Train loss: 0.2644 (2.7s)
2026-06-24 16:54:21,668 - INFO - Test instance 0.9750, class 0.9750
Test instance 0.9750, class 0.9750
2026-06-24 16:54:21,669 - INFO - Best instance 0.9750, class 0.9750 (epoch 42)
Best instance 0.9750, class 0.9750 (epoch 42)
2026-06-24 16:54:21,687 - INFO - Epoch 87/200:
Epoch 87/200:
2026-06-24 16:54:24,448 - INFO - Train loss: 0.3646 (2.8s)
Train loss: 0.3646 (2.8s)
2026-06-24 16:54:24,708 - INFO - Test instance 0.9375, class 0.9375
Test instance 0.9375, class 0.9375
2026-06-24 16:54:24,708 - INFO - Best instance 0.9750, class 0.9750 (epoch 42)
Best instance 0.9750, class 0.9750 (epoch 42)
2026-06-24 16:54:24,726 - INFO - Epoch 88/200:
Epoch 88/200:
2026-06-24 16:54:27,454 - INFO - Train loss: 0.3025 (2.7s)
Train loss: 0.3025 (2.7s)
2026-06-24 16:54:27,714 - INFO - Test instance 0.9750, class 0.9750
Test instance 0.9750, class 0.9750
2026-06-24 16:54:27,715 - INFO - Best instance 0.9750, class 0.9750 (epoch 42)
Best instance 0.9750, class 0.9750 (epoch 42)
2026-06-24 16:54:27,733 - INFO - Epoch 89/200:
Epoch 89/200:
2026-06-24 16:54:30,455 - INFO - Train loss: 0.2890 (2.7s)
Train loss: 0.2890 (2.7s)
2026-06-24 16:54:30,722 - INFO - Test instance 0.9875, class 0.9875
Test instance 0.9875, class 0.9875
2026-06-24 16:54:30,740 - INFO - Best instance 0.9875, class 0.9875 (epoch 89)
Best instance 0.9875, class 0.9875 (epoch 89)
2026-06-24 16:54:30,758 - INFO - Epoch 90/200:
Epoch 90/200:
2026-06-24 16:54:33,494 - INFO - Train loss: 0.3224 (2.7s)
Train loss: 0.3224 (2.7s)
2026-06-24 16:54:33,764 - INFO - Test instance 0.9250, class 0.9250
Test instance 0.9250, class 0.9250
2026-06-24 16:54:33,764 - INFO - Best instance 0.9875, class 0.9875 (epoch 89)
Best instance 0.9875, class 0.9875 (epoch 89)
2026-06-24 16:54:33,783 - INFO - Epoch 91/200:
Epoch 91/200:
2026-06-24 16:54:36,525 - INFO - Train loss: 0.3297 (2.7s)
Train loss: 0.3297 (2.7s)
2026-06-24 16:54:36,794 - INFO - Test instance 0.9625, class 0.9625
Test instance 0.9625, class 0.9625
2026-06-24 16:54:36,794 - INFO - Best instance 0.9875, class 0.9875 (epoch 89)
Best instance 0.9875, class 0.9875 (epoch 89)
2026-06-24 16:54:36,813 - INFO - Epoch 92/200:
Epoch 92/200:
2026-06-24 16:54:39,553 - INFO - Train loss: 0.2829 (2.7s)
Train loss: 0.2829 (2.7s)
2026-06-24 16:54:39,813 - INFO - Test instance 0.9875, class 0.9875
Test instance 0.9875, class 0.9875
2026-06-24 16:54:39,813 - INFO - Best instance 0.9875, class 0.9875 (epoch 89)
Best instance 0.9875, class 0.9875 (epoch 89)
2026-06-24 16:54:39,831 - INFO - Epoch 93/200:
Epoch 93/200:
2026-06-24 16:54:42,543 - INFO - Train loss: 0.2976 (2.7s)
Train loss: 0.2976 (2.7s)
2026-06-24 16:54:42,810 - INFO - Test instance 0.9625, class 0.9625
Test instance 0.9625, class 0.9625
2026-06-24 16:54:42,810 - INFO - Best instance 0.9875, class 0.9875 (epoch 89)
Best instance 0.9875, class 0.9875 (epoch 89)
2026-06-24 16:54:42,828 - INFO - Epoch 94/200:
Epoch 94/200:
2026-06-24 16:54:45,567 - INFO - Train loss: 0.3085 (2.7s)
Train loss: 0.3085 (2.7s)
2026-06-24 16:54:45,830 - INFO - Test instance 0.9500, class 0.9500
Test instance 0.9500, class 0.9500
2026-06-24 16:54:45,830 - INFO - Best instance 0.9875, class 0.9875 (epoch 89)
Best instance 0.9875, class 0.9875 (epoch 89)
2026-06-24 16:54:45,851 - INFO - Epoch 95/200:
Epoch 95/200:
2026-06-24 16:54:48,583 - INFO - Train loss: 0.3127 (2.7s)
Train loss: 0.3127 (2.7s)
2026-06-24 16:54:48,838 - INFO - Test instance 0.9500, class 0.9500
Test instance 0.9500, class 0.9500
2026-06-24 16:54:48,838 - INFO - Best instance 0.9875, class 0.9875 (epoch 89)
Best instance 0.9875, class 0.9875 (epoch 89)
2026-06-24 16:54:48,856 - INFO - Epoch 96/200:
Epoch 96/200:
2026-06-24 16:54:51,591 - INFO - Train loss: 0.2351 (2.7s)
Train loss: 0.2351 (2.7s)
2026-06-24 16:54:51,854 - INFO - Test instance 0.9000, class 0.9000
Test instance 0.9000, class 0.9000
2026-06-24 16:54:51,855 - INFO - Best instance 0.9875, class 0.9875 (epoch 89)
Best instance 0.9875, class 0.9875 (epoch 89)
2026-06-24 16:54:51,873 - INFO - Epoch 97/200:
Epoch 97/200:
2026-06-24 16:54:54,591 - INFO - Train loss: 0.2838 (2.7s)
Train loss: 0.2838 (2.7s)
2026-06-24 16:54:54,842 - INFO - Test instance 0.9750, class 0.9750
Test instance 0.9750, class 0.9750
2026-06-24 16:54:54,843 - INFO - Best instance 0.9875, class 0.9875 (epoch 89)
Best instance 0.9875, class 0.9875 (epoch 89)
2026-06-24 16:54:54,861 - INFO - Epoch 98/200:
Epoch 98/200:
2026-06-24 16:54:57,607 - INFO - Train loss: 0.2672 (2.7s)
Train loss: 0.2672 (2.7s)
2026-06-24 16:54:57,877 - INFO - Test instance 0.9500, class 0.9500
Test instance 0.9500, class 0.9500
2026-06-24 16:54:57,878 - INFO - Best instance 0.9875, class 0.9875 (epoch 89)
Best instance 0.9875, class 0.9875 (epoch 89)
2026-06-24 16:54:57,895 - INFO - Epoch 99/200:
Epoch 99/200:
2026-06-24 16:55:00,592 - INFO - Train loss: 0.2809 (2.7s)
Train loss: 0.2809 (2.7s)
2026-06-24 16:55:00,856 - INFO - Test instance 0.9750, class 0.9750
Test instance 0.9750, class 0.9750
2026-06-24 16:55:00,857 - INFO - Best instance 0.9875, class 0.9875 (epoch 89)
Best instance 0.9875, class 0.9875 (epoch 89)
2026-06-24 16:55:00,874 - INFO - Epoch 100/200:
Epoch 100/200:
2026-06-24 16:55:03,646 - INFO - Train loss: 0.3083 (2.8s)
Train loss: 0.3083 (2.8s)
2026-06-24 16:55:03,907 - INFO - Test instance 0.9500, class 0.9500
Test instance 0.9500, class 0.9500
2026-06-24 16:55:03,908 - INFO - Best instance 0.9875, class 0.9875 (epoch 89)
Best instance 0.9875, class 0.9875 (epoch 89)
2026-06-24 16:55:03,925 - INFO - Epoch 101/200:
Epoch 101/200:
2026-06-24 16:55:06,635 - INFO - Train loss: 0.2392 (2.7s)
Train loss: 0.2392 (2.7s)
2026-06-24 16:55:06,894 - INFO - Test instance 0.9625, class 0.9625
Test instance 0.9625, class 0.9625
2026-06-24 16:55:06,894 - INFO - Best instance 0.9875, class 0.9875 (epoch 89)
Best instance 0.9875, class 0.9875 (epoch 89)
2026-06-24 16:55:06,911 - INFO - Epoch 102/200:
Epoch 102/200:
2026-06-24 16:55:09,648 - INFO - Train loss: 0.2578 (2.7s)
Train loss: 0.2578 (2.7s)
2026-06-24 16:55:09,908 - INFO - Test instance 0.9250, class 0.9250
Test instance 0.9250, class 0.9250
2026-06-24 16:55:09,908 - INFO - Best instance 0.9875, class 0.9875 (epoch 89)
Best instance 0.9875, class 0.9875 (epoch 89)
2026-06-24 16:55:09,926 - INFO - Epoch 103/200:
Epoch 103/200:
2026-06-24 16:55:12,656 - INFO - Train loss: 0.2595 (2.7s)
Train loss: 0.2595 (2.7s)
2026-06-24 16:55:12,919 - INFO - Test instance 0.9625, class 0.9625
Test instance 0.9625, class 0.9625
2026-06-24 16:55:12,919 - INFO - Best instance 0.9875, class 0.9875 (epoch 89)
Best instance 0.9875, class 0.9875 (epoch 89)
2026-06-24 16:55:12,936 - INFO - Epoch 104/200:
Epoch 104/200:
2026-06-24 16:55:15,666 - INFO - Train loss: 0.2587 (2.7s)
Train loss: 0.2587 (2.7s)
2026-06-24 16:55:15,934 - INFO - Test instance 1.0000, class 1.0000
Test instance 1.0000, class 1.0000
2026-06-24 16:55:15,952 - INFO - Best instance 1.0000, class 1.0000 (epoch 104)
Best instance 1.0000, class 1.0000 (epoch 104)
2026-06-24 16:55:15,969 - INFO - Epoch 105/200:
Epoch 105/200:
2026-06-24 16:55:18,724 - INFO - Train loss: 0.2084 (2.8s)
Train loss: 0.2084 (2.8s)
2026-06-24 16:55:18,996 - INFO - Test instance 0.9875, class 0.9875
Test instance 0.9875, class 0.9875
2026-06-24 16:55:18,997 - INFO - Best instance 1.0000, class 1.0000 (epoch 104)
Best instance 1.0000, class 1.0000 (epoch 104)
2026-06-24 16:55:19,014 - INFO - Epoch 106/200:
Epoch 106/200:
2026-06-24 16:55:21,729 - INFO - Train loss: 0.2958 (2.7s)
Train loss: 0.2958 (2.7s)
2026-06-24 16:55:21,990 - INFO - Test instance 0.9750, class 0.9750
Test instance 0.9750, class 0.9750
2026-06-24 16:55:21,990 - INFO - Best instance 1.0000, class 1.0000 (epoch 104)
Best instance 1.0000, class 1.0000 (epoch 104)
2026-06-24 16:55:22,008 - INFO - Epoch 107/200:
Epoch 107/200:
2026-06-24 16:55:24,718 - INFO - Train loss: 0.2761 (2.7s)
Train loss: 0.2761 (2.7s)
2026-06-24 16:55:24,981 - INFO - Test instance 0.9625, class 0.9625
Test instance 0.9625, class 0.9625
2026-06-24 16:55:24,981 - INFO - Best instance 1.0000, class 1.0000 (epoch 104)
Best instance 1.0000, class 1.0000 (epoch 104)
2026-06-24 16:55:24,998 - INFO - Epoch 108/200:
Epoch 108/200:
2026-06-24 16:55:27,742 - INFO - Train loss: 0.2456 (2.7s)
Train loss: 0.2456 (2.7s)
2026-06-24 16:55:28,001 - INFO - Test instance 0.9750, class 0.9750
Test instance 0.9750, class 0.9750
2026-06-24 16:55:28,002 - INFO - Best instance 1.0000, class 1.0000 (epoch 104)
Best instance 1.0000, class 1.0000 (epoch 104)
2026-06-24 16:55:28,021 - INFO - Epoch 109/200:
Epoch 109/200:
2026-06-24 16:55:30,752 - INFO - Train loss: 0.2357 (2.7s)
Train loss: 0.2357 (2.7s)
2026-06-24 16:55:31,010 - INFO - Test instance 0.9875, class 0.9875
Test instance 0.9875, class 0.9875
2026-06-24 16:55:31,023 - INFO - Best instance 1.0000, class 1.0000 (epoch 104)
Best instance 1.0000, class 1.0000 (epoch 104)
2026-06-24 16:55:31,042 - INFO - Epoch 110/200:
Epoch 110/200:
2026-06-24 16:55:33,821 - INFO - Train loss: 0.2136 (2.8s)
Train loss: 0.2136 (2.8s)
2026-06-24 16:55:34,085 - INFO - Test instance 0.9375, class 0.9375
Test instance 0.9375, class 0.9375
2026-06-24 16:55:34,086 - INFO - Best instance 1.0000, class 1.0000 (epoch 104)
Best instance 1.0000, class 1.0000 (epoch 104)
2026-06-24 16:55:34,104 - INFO - Epoch 111/200:
Epoch 111/200:
2026-06-24 16:55:36,852 - INFO - Train loss: 0.2274 (2.7s)
Train loss: 0.2274 (2.7s)
2026-06-24 16:55:37,116 - INFO - Test instance 0.9875, class 0.9875
Test instance 0.9875, class 0.9875
2026-06-24 16:55:37,117 - INFO - Best instance 1.0000, class 1.0000 (epoch 104)
Best instance 1.0000, class 1.0000 (epoch 104)
2026-06-24 16:55:37,136 - INFO - Epoch 112/200:
Epoch 112/200:
2026-06-24 16:55:39,904 - INFO - Train loss: 0.2298 (2.8s)
Train loss: 0.2298 (2.8s)
2026-06-24 16:55:40,169 - INFO - Test instance 0.9000, class 0.9000
Test instance 0.9000, class 0.9000
2026-06-24 16:55:40,170 - INFO - Best instance 1.0000, class 1.0000 (epoch 104)
Best instance 1.0000, class 1.0000 (epoch 104)
2026-06-24 16:55:40,188 - INFO - Epoch 113/200:
Epoch 113/200:
2026-06-24 16:55:42,913 - INFO - Train loss: 0.2205 (2.7s)
Train loss: 0.2205 (2.7s)
2026-06-24 16:55:43,174 - INFO - Test instance 0.9250, class 0.9250
Test instance 0.9250, class 0.9250
2026-06-24 16:55:43,175 - INFO - Best instance 1.0000, class 1.0000 (epoch 104)
Best instance 1.0000, class 1.0000 (epoch 104)
2026-06-24 16:55:43,193 - INFO - Epoch 114/200:
Epoch 114/200:
2026-06-24 16:55:45,908 - INFO - Train loss: 0.2073 (2.7s)
Train loss: 0.2073 (2.7s)
2026-06-24 16:55:46,169 - INFO - Test instance 0.9750, class 0.9750
Test instance 0.9750, class 0.9750
2026-06-24 16:55:46,169 - INFO - Best instance 1.0000, class 1.0000 (epoch 104)
Best instance 1.0000, class 1.0000 (epoch 104)
2026-06-24 16:55:46,186 - INFO - Epoch 115/200:
Epoch 115/200:
2026-06-24 16:55:48,930 - INFO - Train loss: 0.2206 (2.7s)
Train loss: 0.2206 (2.7s)
2026-06-24 16:55:49,190 - INFO - Test instance 0.9250, class 0.9250
Test instance 0.9250, class 0.9250
2026-06-24 16:55:49,190 - INFO - Best instance 1.0000, class 1.0000 (epoch 104)
Best instance 1.0000, class 1.0000 (epoch 104)
2026-06-24 16:55:49,209 - INFO - Epoch 116/200:
Epoch 116/200:
2026-06-24 16:55:51,952 - INFO - Train loss: 0.2739 (2.7s)
Train loss: 0.2739 (2.7s)
2026-06-24 16:55:52,215 - INFO - Test instance 0.9375, class 0.9375
Test instance 0.9375, class 0.9375
2026-06-24 16:55:52,216 - INFO - Best instance 1.0000, class 1.0000 (epoch 104)
Best instance 1.0000, class 1.0000 (epoch 104)
2026-06-24 16:55:52,233 - INFO - Epoch 117/200:
Epoch 117/200:
2026-06-24 16:55:54,963 - INFO - Train loss: 0.2449 (2.7s)
Train loss: 0.2449 (2.7s)
2026-06-24 16:55:55,230 - INFO - Test instance 0.9125, class 0.9125
Test instance 0.9125, class 0.9125
2026-06-24 16:55:55,231 - INFO - Best instance 1.0000, class 1.0000 (epoch 104)
Best instance 1.0000, class 1.0000 (epoch 104)
2026-06-24 16:55:55,249 - INFO - Epoch 118/200:
Epoch 118/200:
2026-06-24 16:55:57,983 - INFO - Train loss: 0.2672 (2.7s)
Train loss: 0.2672 (2.7s)
2026-06-24 16:55:58,260 - INFO - Test instance 0.9500, class 0.9500
Test instance 0.9500, class 0.9500
2026-06-24 16:55:58,264 - INFO - Best instance 1.0000, class 1.0000 (epoch 104)
Best instance 1.0000, class 1.0000 (epoch 104)
2026-06-24 16:55:58,281 - INFO - Epoch 119/200:
Epoch 119/200:
2026-06-24 16:56:01,038 - INFO - Train loss: 0.2306 (2.8s)
Train loss: 0.2306 (2.8s)
2026-06-24 16:56:01,335 - INFO - Test instance 0.9750, class 0.9750
Test instance 0.9750, class 0.9750
2026-06-24 16:56:01,335 - INFO - Best instance 1.0000, class 1.0000 (epoch 104)
Best instance 1.0000, class 1.0000 (epoch 104)
2026-06-24 16:56:01,356 - INFO - Epoch 120/200:
Epoch 120/200:
2026-06-24 16:56:04,121 - INFO - Train loss: 0.2801 (2.8s)
Train loss: 0.2801 (2.8s)
2026-06-24 16:56:04,385 - INFO - Test instance 0.9500, class 0.9500
Test instance 0.9500, class 0.9500
2026-06-24 16:56:04,386 - INFO - Best instance 1.0000, class 1.0000 (epoch 104)
Best instance 1.0000, class 1.0000 (epoch 104)
2026-06-24 16:56:04,403 - INFO - Epoch 121/200:
Epoch 121/200:
2026-06-24 16:56:07,132 - INFO - Train loss: 0.2364 (2.7s)
Train loss: 0.2364 (2.7s)
2026-06-24 16:56:07,394 - INFO - Test instance 0.9500, class 0.9500
Test instance 0.9500, class 0.9500
2026-06-24 16:56:07,394 - INFO - Best instance 1.0000, class 1.0000 (epoch 104)
Best instance 1.0000, class 1.0000 (epoch 104)
2026-06-24 16:56:07,411 - INFO - Epoch 122/200:
Epoch 122/200:
2026-06-24 16:56:10,164 - INFO - Train loss: 0.2196 (2.8s)
Train loss: 0.2196 (2.8s)
2026-06-24 16:56:10,439 - INFO - Test instance 0.9625, class 0.9625
Test instance 0.9625, class 0.9625
2026-06-24 16:56:10,439 - INFO - Best instance 1.0000, class 1.0000 (epoch 104)
Best instance 1.0000, class 1.0000 (epoch 104)
2026-06-24 16:56:10,456 - INFO - Epoch 123/200:
Epoch 123/200:
2026-06-24 16:56:13,207 - INFO - Train loss: 0.2267 (2.8s)
Train loss: 0.2267 (2.8s)
2026-06-24 16:56:13,475 - INFO - Test instance 0.9750, class 0.9750
Test instance 0.9750, class 0.9750
2026-06-24 16:56:13,475 - INFO - Best instance 1.0000, class 1.0000 (epoch 104)
Best instance 1.0000, class 1.0000 (epoch 104)
2026-06-24 16:56:13,493 - INFO - Epoch 124/200:
Epoch 124/200:
2026-06-24 16:56:16,229 - INFO - Train loss: 0.2395 (2.7s)
Train loss: 0.2395 (2.7s)
2026-06-24 16:56:16,490 - INFO - Test instance 0.9875, class 0.9875
Test instance 0.9875, class 0.9875
2026-06-24 16:56:16,491 - INFO - Best instance 1.0000, class 1.0000 (epoch 104)
Best instance 1.0000, class 1.0000 (epoch 104)
2026-06-24 16:56:16,508 - INFO - Epoch 125/200:
Epoch 125/200:
2026-06-24 16:56:19,267 - INFO - Train loss: 0.2394 (2.8s)
Train loss: 0.2394 (2.8s)
2026-06-24 16:56:19,524 - INFO - Test instance 0.9625, class 0.9625
Test instance 0.9625, class 0.9625
2026-06-24 16:56:19,524 - INFO - Best instance 1.0000, class 1.0000 (epoch 104)
Best instance 1.0000, class 1.0000 (epoch 104)
2026-06-24 16:56:19,542 - INFO - Epoch 126/200:
Epoch 126/200:
2026-06-24 16:56:22,289 - INFO - Train loss: 0.2327 (2.7s)
Train loss: 0.2327 (2.7s)
2026-06-24 16:56:22,545 - INFO - Test instance 0.9500, class 0.9500
Test instance 0.9500, class 0.9500
2026-06-24 16:56:22,545 - INFO - Best instance 1.0000, class 1.0000 (epoch 104)
Best instance 1.0000, class 1.0000 (epoch 104)
2026-06-24 16:56:22,562 - INFO - Epoch 127/200:
Epoch 127/200:
2026-06-24 16:56:25,276 - INFO - Train loss: 0.2767 (2.7s)
Train loss: 0.2767 (2.7s)
2026-06-24 16:56:25,534 - INFO - Test instance 0.9375, class 0.9375
Test instance 0.9375, class 0.9375
2026-06-24 16:56:25,535 - INFO - Best instance 1.0000, class 1.0000 (epoch 104)
Best instance 1.0000, class 1.0000 (epoch 104)
2026-06-24 16:56:25,552 - INFO - Epoch 128/200:
Epoch 128/200:
2026-06-24 16:56:28,294 - INFO - Train loss: 0.2295 (2.7s)
Train loss: 0.2295 (2.7s)
2026-06-24 16:56:28,553 - INFO - Test instance 0.9750, class 0.9750
Test instance 0.9750, class 0.9750
2026-06-24 16:56:28,554 - INFO - Best instance 1.0000, class 1.0000 (epoch 104)
Best instance 1.0000, class 1.0000 (epoch 104)
2026-06-24 16:56:28,571 - INFO - Epoch 129/200:
Epoch 129/200:
2026-06-24 16:56:31,285 - INFO - Train loss: 0.2404 (2.7s)
Train loss: 0.2404 (2.7s)
2026-06-24 16:56:31,552 - INFO - Test instance 0.9750, class 0.9750
Test instance 0.9750, class 0.9750
2026-06-24 16:56:31,552 - INFO - Best instance 1.0000, class 1.0000 (epoch 104)
Best instance 1.0000, class 1.0000 (epoch 104)
2026-06-24 16:56:31,570 - INFO - Epoch 130/200:
Epoch 130/200:
2026-06-24 16:56:34,302 - INFO - Train loss: 0.2190 (2.7s)
Train loss: 0.2190 (2.7s)
2026-06-24 16:56:34,561 - INFO - Test instance 0.9875, class 0.9875
Test instance 0.9875, class 0.9875
2026-06-24 16:56:34,562 - INFO - Best instance 1.0000, class 1.0000 (epoch 104)
Best instance 1.0000, class 1.0000 (epoch 104)
2026-06-24 16:56:34,580 - INFO - Epoch 131/200:
Epoch 131/200:
2026-06-24 16:56:37,313 - INFO - Train loss: 0.1830 (2.7s)
Train loss: 0.1830 (2.7s)
2026-06-24 16:56:37,581 - INFO - Test instance 0.9375, class 0.9375
Test instance 0.9375, class 0.9375
2026-06-24 16:56:37,581 - INFO - Best instance 1.0000, class 1.0000 (epoch 104)
Best instance 1.0000, class 1.0000 (epoch 104)
2026-06-24 16:56:37,598 - INFO - Epoch 132/200:
Epoch 132/200:
2026-06-24 16:56:40,324 - INFO - Train loss: 0.2593 (2.7s)
Train loss: 0.2593 (2.7s)
2026-06-24 16:56:40,585 - INFO - Test instance 0.9750, class 0.9750
Test instance 0.9750, class 0.9750
2026-06-24 16:56:40,585 - INFO - Best instance 1.0000, class 1.0000 (epoch 104)
Best instance 1.0000, class 1.0000 (epoch 104)
2026-06-24 16:56:40,603 - INFO - Epoch 133/200:
Epoch 133/200:
2026-06-24 16:56:43,342 - INFO - Train loss: 0.2868 (2.7s)
Train loss: 0.2868 (2.7s)
2026-06-24 16:56:43,602 - INFO - Test instance 0.9500, class 0.9500
Test instance 0.9500, class 0.9500
2026-06-24 16:56:43,602 - INFO - Best instance 1.0000, class 1.0000 (epoch 104)
Best instance 1.0000, class 1.0000 (epoch 104)
2026-06-24 16:56:43,620 - INFO - Epoch 134/200:
Epoch 134/200:
2026-06-24 16:56:46,369 - INFO - Train loss: 0.2248 (2.7s)
Train loss: 0.2248 (2.7s)
2026-06-24 16:56:46,642 - INFO - Test instance 0.9500, class 0.9500
Test instance 0.9500, class 0.9500
2026-06-24 16:56:46,643 - INFO - Best instance 1.0000, class 1.0000 (epoch 104)
Best instance 1.0000, class 1.0000 (epoch 104)
2026-06-24 16:56:46,660 - INFO - Epoch 135/200:
Epoch 135/200:
2026-06-24 16:56:49,414 - INFO - Train loss: 0.2164 (2.8s)
Train loss: 0.2164 (2.8s)
2026-06-24 16:56:49,681 - INFO - Test instance 0.9625, class 0.9625
Test instance 0.9625, class 0.9625
2026-06-24 16:56:49,681 - INFO - Best instance 1.0000, class 1.0000 (epoch 104)
Best instance 1.0000, class 1.0000 (epoch 104)
2026-06-24 16:56:49,699 - INFO - Epoch 136/200:
Epoch 136/200:
2026-06-24 16:56:52,415 - INFO - Train loss: 0.2527 (2.7s)
Train loss: 0.2527 (2.7s)
2026-06-24 16:56:52,686 - INFO - Test instance 0.9500, class 0.9500
Test instance 0.9500, class 0.9500
2026-06-24 16:56:52,686 - INFO - Best instance 1.0000, class 1.0000 (epoch 104)
Best instance 1.0000, class 1.0000 (epoch 104)
2026-06-24 16:56:52,705 - INFO - Epoch 137/200:
Epoch 137/200:
2026-06-24 16:56:55,455 - INFO - Train loss: 0.2153 (2.7s)
Train loss: 0.2153 (2.7s)
2026-06-24 16:56:55,729 - INFO - Test instance 0.9875, class 0.9875
Test instance 0.9875, class 0.9875
2026-06-24 16:56:55,729 - INFO - Best instance 1.0000, class 1.0000 (epoch 104)
Best instance 1.0000, class 1.0000 (epoch 104)
2026-06-24 16:56:55,749 - INFO - Epoch 138/200:
Epoch 138/200:
2026-06-24 16:56:58,490 - INFO - Train loss: 0.2188 (2.7s)
Train loss: 0.2188 (2.7s)
2026-06-24 16:56:58,753 - INFO - Test instance 0.9750, class 0.9750
Test instance 0.9750, class 0.9750
2026-06-24 16:56:58,753 - INFO - Best instance 1.0000, class 1.0000 (epoch 104)
Best instance 1.0000, class 1.0000 (epoch 104)
2026-06-24 16:56:58,771 - INFO - Epoch 139/200:
Epoch 139/200:
2026-06-24 16:57:01,565 - INFO - Train loss: 0.2083 (2.8s)
Train loss: 0.2083 (2.8s)
2026-06-24 16:57:01,846 - INFO - Test instance 0.9875, class 0.9875
Test instance 0.9875, class 0.9875
2026-06-24 16:57:01,847 - INFO - Best instance 1.0000, class 1.0000 (epoch 104)
Best instance 1.0000, class 1.0000 (epoch 104)
2026-06-24 16:57:01,867 - INFO - Epoch 140/200:
Epoch 140/200:
2026-06-24 16:57:04,617 - INFO - Train loss: 0.2269 (2.7s)
Train loss: 0.2269 (2.7s)
2026-06-24 16:57:04,879 - INFO - Test instance 0.9500, class 0.9500
Test instance 0.9500, class 0.9500
2026-06-24 16:57:04,879 - INFO - Best instance 1.0000, class 1.0000 (epoch 104)
Best instance 1.0000, class 1.0000 (epoch 104)
2026-06-24 16:57:04,897 - INFO - Epoch 141/200:
Epoch 141/200:
2026-06-24 16:57:07,611 - INFO - Train loss: 0.1929 (2.7s)
Train loss: 0.1929 (2.7s)
2026-06-24 16:57:07,878 - INFO - Test instance 1.0000, class 1.0000
Test instance 1.0000, class 1.0000
2026-06-24 16:57:07,878 - INFO - Best instance 1.0000, class 1.0000 (epoch 104)
Best instance 1.0000, class 1.0000 (epoch 104)
2026-06-24 16:57:07,896 - INFO - Epoch 142/200:
Epoch 142/200:
2026-06-24 16:57:10,656 - INFO - Train loss: 0.2260 (2.8s)
Train loss: 0.2260 (2.8s)
2026-06-24 16:57:10,920 - INFO - Test instance 0.9500, class 0.9500
Test instance 0.9500, class 0.9500
2026-06-24 16:57:10,920 - INFO - Best instance 1.0000, class 1.0000 (epoch 104)
Best instance 1.0000, class 1.0000 (epoch 104)
2026-06-24 16:57:10,940 - INFO - Epoch 143/200:
Epoch 143/200:
2026-06-24 16:57:13,684 - INFO - Train loss: 0.2218 (2.7s)
Train loss: 0.2218 (2.7s)
2026-06-24 16:57:13,948 - INFO - Test instance 0.9375, class 0.9375
Test instance 0.9375, class 0.9375
2026-06-24 16:57:13,948 - INFO - Best instance 1.0000, class 1.0000 (epoch 104)
Best instance 1.0000, class 1.0000 (epoch 104)
2026-06-24 16:57:13,967 - INFO - Epoch 144/200:
Epoch 144/200:
2026-06-24 16:57:16,733 - INFO - Train loss: 0.2479 (2.8s)
Train loss: 0.2479 (2.8s)
2026-06-24 16:57:17,000 - INFO - Test instance 0.9750, class 0.9750
Test instance 0.9750, class 0.9750
2026-06-24 16:57:17,001 - INFO - Best instance 1.0000, class 1.0000 (epoch 104)
Best instance 1.0000, class 1.0000 (epoch 104)
2026-06-24 16:57:17,020 - INFO - Epoch 145/200:
Epoch 145/200:
2026-06-24 16:57:19,765 - INFO - Train loss: 0.2827 (2.7s)
Train loss: 0.2827 (2.7s)
2026-06-24 16:57:20,034 - INFO - Test instance 0.9750, class 0.9750
Test instance 0.9750, class 0.9750
2026-06-24 16:57:20,034 - INFO - Best instance 1.0000, class 1.0000 (epoch 104)
Best instance 1.0000, class 1.0000 (epoch 104)
2026-06-24 16:57:20,053 - INFO - Epoch 146/200:
Epoch 146/200:
2026-06-24 16:57:22,809 - INFO - Train loss: 0.2127 (2.8s)
Train loss: 0.2127 (2.8s)
2026-06-24 16:57:23,077 - INFO - Test instance 0.9750, class 0.9750
Test instance 0.9750, class 0.9750
2026-06-24 16:57:23,077 - INFO - Best instance 1.0000, class 1.0000 (epoch 104)
Best instance 1.0000, class 1.0000 (epoch 104)
2026-06-24 16:57:23,097 - INFO - Epoch 147/200:
Epoch 147/200:
2026-06-24 16:57:25,854 - INFO - Train loss: 0.2289 (2.8s)
Train loss: 0.2289 (2.8s)
2026-06-24 16:57:26,117 - INFO - Test instance 0.9500, class 0.9500
Test instance 0.9500, class 0.9500
2026-06-24 16:57:26,117 - INFO - Best instance 1.0000, class 1.0000 (epoch 104)
Best instance 1.0000, class 1.0000 (epoch 104)
2026-06-24 16:57:26,135 - INFO - Epoch 148/200:
Epoch 148/200:
2026-06-24 16:57:28,908 - INFO - Train loss: 0.2752 (2.8s)
Train loss: 0.2752 (2.8s)
2026-06-24 16:57:29,186 - INFO - Test instance 0.9500, class 0.9500
Test instance 0.9500, class 0.9500
2026-06-24 16:57:29,186 - INFO - Best instance 1.0000, class 1.0000 (epoch 104)
Best instance 1.0000, class 1.0000 (epoch 104)
2026-06-24 16:57:29,204 - INFO - Epoch 149/200:
Epoch 149/200:
2026-06-24 16:57:32,032 - INFO - Train loss: 0.2730 (2.8s)
Train loss: 0.2730 (2.8s)
2026-06-24 16:57:32,297 - INFO - Test instance 0.9500, class 0.9500
Test instance 0.9500, class 0.9500
2026-06-24 16:57:32,297 - INFO - Best instance 1.0000, class 1.0000 (epoch 104)
Best instance 1.0000, class 1.0000 (epoch 104)
2026-06-24 16:57:32,315 - INFO - Epoch 150/200:
Epoch 150/200:
2026-06-24 16:57:35,107 - INFO - Train loss: 0.2764 (2.8s)
Train loss: 0.2764 (2.8s)
2026-06-24 16:57:35,380 - INFO - Test instance 0.9875, class 0.9875
Test instance 0.9875, class 0.9875
2026-06-24 16:57:35,381 - INFO - Best instance 1.0000, class 1.0000 (epoch 104)
Best instance 1.0000, class 1.0000 (epoch 104)
2026-06-24 16:57:35,399 - INFO - Epoch 151/200:
Epoch 151/200:
2026-06-24 16:57:38,217 - INFO - Train loss: 0.2216 (2.8s)
Train loss: 0.2216 (2.8s)
2026-06-24 16:57:38,504 - INFO - Test instance 0.9875, class 0.9875
Test instance 0.9875, class 0.9875
2026-06-24 16:57:38,504 - INFO - Best instance 1.0000, class 1.0000 (epoch 104)
Best instance 1.0000, class 1.0000 (epoch 104)
2026-06-24 16:57:38,522 - INFO - Epoch 152/200:
Epoch 152/200:
2026-06-24 16:57:41,382 - INFO - Train loss: 0.2416 (2.9s)
Train loss: 0.2416 (2.9s)
2026-06-24 16:57:41,656 - INFO - Test instance 0.9500, class 0.9500
Test instance 0.9500, class 0.9500
2026-06-24 16:57:41,657 - INFO - Best instance 1.0000, class 1.0000 (epoch 104)
Best instance 1.0000, class 1.0000 (epoch 104)
2026-06-24 16:57:41,674 - INFO - Epoch 153/200:
Epoch 153/200:
2026-06-24 16:57:44,498 - INFO - Train loss: 0.2250 (2.8s)
Train loss: 0.2250 (2.8s)
2026-06-24 16:57:44,772 - INFO - Test instance 0.9750, class 0.9750
Test instance 0.9750, class 0.9750
2026-06-24 16:57:44,772 - INFO - Best instance 1.0000, class 1.0000 (epoch 104)
Best instance 1.0000, class 1.0000 (epoch 104)
2026-06-24 16:57:44,791 - INFO - Epoch 154/200:
Epoch 154/200:
2026-06-24 16:57:47,642 - INFO - Train loss: 0.2053 (2.9s)
Train loss: 0.2053 (2.9s)
2026-06-24 16:57:47,927 - INFO - Test instance 0.9875, class 0.9875
Test instance 0.9875, class 0.9875
2026-06-24 16:57:47,927 - INFO - Best instance 1.0000, class 1.0000 (epoch 104)
Best instance 1.0000, class 1.0000 (epoch 104)
2026-06-24 16:57:47,945 - INFO - Epoch 155/200:
Epoch 155/200:
2026-06-24 16:57:50,708 - INFO - Train loss: 0.2690 (2.8s)
Train loss: 0.2690 (2.8s)
2026-06-24 16:57:50,975 - INFO - Test instance 0.9875, class 0.9875
Test instance 0.9875, class 0.9875
2026-06-24 16:57:50,975 - INFO - Best instance 1.0000, class 1.0000 (epoch 104)
Best instance 1.0000, class 1.0000 (epoch 104)
2026-06-24 16:57:50,993 - INFO - Epoch 156/200:
Epoch 156/200:
2026-06-24 16:57:53,737 - INFO - Train loss: 0.2244 (2.7s)
Train loss: 0.2244 (2.7s)
2026-06-24 16:57:54,001 - INFO - Test instance 0.9875, class 0.9875
Test instance 0.9875, class 0.9875
2026-06-24 16:57:54,001 - INFO - Best instance 1.0000, class 1.0000 (epoch 104)
Best instance 1.0000, class 1.0000 (epoch 104)
2026-06-24 16:57:54,020 - INFO - Epoch 157/200:
Epoch 157/200:
2026-06-24 16:57:56,730 - INFO - Train loss: 0.2084 (2.7s)
Train loss: 0.2084 (2.7s)
2026-06-24 16:57:56,994 - INFO - Test instance 0.9625, class 0.9625
Test instance 0.9625, class 0.9625
2026-06-24 16:57:56,994 - INFO - Best instance 1.0000, class 1.0000 (epoch 104)
Best instance 1.0000, class 1.0000 (epoch 104)
2026-06-24 16:57:57,014 - INFO - Epoch 158/200:
Epoch 158/200:
2026-06-24 16:57:59,727 - INFO - Train loss: 0.2458 (2.7s)
Train loss: 0.2458 (2.7s)
2026-06-24 16:57:59,992 - INFO - Test instance 0.9750, class 0.9750
Test instance 0.9750, class 0.9750
2026-06-24 16:57:59,992 - INFO - Best instance 1.0000, class 1.0000 (epoch 104)
Best instance 1.0000, class 1.0000 (epoch 104)
2026-06-24 16:58:00,010 - INFO - Epoch 159/200:
Epoch 159/200:
2026-06-24 16:58:02,827 - INFO - Train loss: 0.2271 (2.8s)
Train loss: 0.2271 (2.8s)
2026-06-24 16:58:03,098 - INFO - Test instance 0.9875, class 0.9875
Test instance 0.9875, class 0.9875
2026-06-24 16:58:03,098 - INFO - Best instance 1.0000, class 1.0000 (epoch 104)
Best instance 1.0000, class 1.0000 (epoch 104)
2026-06-24 16:58:03,135 - INFO - Epoch 160/200:
Epoch 160/200:
2026-06-24 16:58:05,872 - INFO - Train loss: 0.2058 (2.7s)
Train loss: 0.2058 (2.7s)
2026-06-24 16:58:06,135 - INFO - Test instance 0.9875, class 0.9875
Test instance 0.9875, class 0.9875
2026-06-24 16:58:06,136 - INFO - Best instance 1.0000, class 1.0000 (epoch 104)
Best instance 1.0000, class 1.0000 (epoch 104)
2026-06-24 16:58:06,154 - INFO - Epoch 161/200:
Epoch 161/200:
2026-06-24 16:58:08,904 - INFO - Train loss: 0.2536 (2.8s)
Train loss: 0.2536 (2.8s)
2026-06-24 16:58:09,184 - INFO - Test instance 0.9375, class 0.9375
Test instance 0.9375, class 0.9375
2026-06-24 16:58:09,184 - INFO - Best instance 1.0000, class 1.0000 (epoch 104)
Best instance 1.0000, class 1.0000 (epoch 104)
2026-06-24 16:58:09,202 - INFO - Epoch 162/200:
Epoch 162/200:
2026-06-24 16:58:11,934 - INFO - Train loss: 0.1737 (2.7s)
Train loss: 0.1737 (2.7s)
2026-06-24 16:58:12,200 - INFO - Test instance 0.9750, class 0.9750
Test instance 0.9750, class 0.9750
2026-06-24 16:58:12,201 - INFO - Best instance 1.0000, class 1.0000 (epoch 104)
Best instance 1.0000, class 1.0000 (epoch 104)
2026-06-24 16:58:12,219 - INFO - Epoch 163/200:
Epoch 163/200:
2026-06-24 16:58:14,937 - INFO - Train loss: 0.2788 (2.7s)
Train loss: 0.2788 (2.7s)
2026-06-24 16:58:15,202 - INFO - Test instance 0.9625, class 0.9625
Test instance 0.9625, class 0.9625
2026-06-24 16:58:15,203 - INFO - Best instance 1.0000, class 1.0000 (epoch 104)
Best instance 1.0000, class 1.0000 (epoch 104)
2026-06-24 16:58:15,220 - INFO - Epoch 164/200:
Epoch 164/200:
2026-06-24 16:58:17,980 - INFO - Train loss: 0.3043 (2.8s)
Train loss: 0.3043 (2.8s)
2026-06-24 16:58:18,239 - INFO - Test instance 0.9875, class 0.9875
Test instance 0.9875, class 0.9875
2026-06-24 16:58:18,240 - INFO - Best instance 1.0000, class 1.0000 (epoch 104)
Best instance 1.0000, class 1.0000 (epoch 104)
2026-06-24 16:58:18,257 - INFO - Epoch 165/200:
Epoch 165/200:
2026-06-24 16:58:20,957 - INFO - Train loss: 0.2299 (2.7s)
Train loss: 0.2299 (2.7s)
2026-06-24 16:58:21,223 - INFO - Test instance 0.9875, class 0.9875
Test instance 0.9875, class 0.9875
2026-06-24 16:58:21,223 - INFO - Best instance 1.0000, class 1.0000 (epoch 104)
Best instance 1.0000, class 1.0000 (epoch 104)
2026-06-24 16:58:21,241 - INFO - Epoch 166/200:
Epoch 166/200:
2026-06-24 16:58:23,998 - INFO - Train loss: 0.2031 (2.8s)
Train loss: 0.2031 (2.8s)
2026-06-24 16:58:24,265 - INFO - Test instance 0.9625, class 0.9625
Test instance 0.9625, class 0.9625
2026-06-24 16:58:24,265 - INFO - Best instance 1.0000, class 1.0000 (epoch 104)
Best instance 1.0000, class 1.0000 (epoch 104)
2026-06-24 16:58:24,284 - INFO - Epoch 167/200:
Epoch 167/200:
2026-06-24 16:58:27,022 - INFO - Train loss: 0.2496 (2.7s)
Train loss: 0.2496 (2.7s)
2026-06-24 16:58:27,287 - INFO - Test instance 0.9500, class 0.9500
Test instance 0.9500, class 0.9500
2026-06-24 16:58:27,287 - INFO - Best instance 1.0000, class 1.0000 (epoch 104)
Best instance 1.0000, class 1.0000 (epoch 104)
2026-06-24 16:58:27,304 - INFO - Epoch 168/200:
Epoch 168/200:
2026-06-24 16:58:29,998 - INFO - Train loss: 0.2249 (2.7s)
Train loss: 0.2249 (2.7s)
2026-06-24 16:58:30,269 - INFO - Test instance 0.9750, class 0.9750
Test instance 0.9750, class 0.9750
2026-06-24 16:58:30,270 - INFO - Best instance 1.0000, class 1.0000 (epoch 104)
Best instance 1.0000, class 1.0000 (epoch 104)
2026-06-24 16:58:30,287 - INFO - Epoch 169/200:
Epoch 169/200:
2026-06-24 16:58:33,014 - INFO - Train loss: 0.1917 (2.7s)
Train loss: 0.1917 (2.7s)
2026-06-24 16:58:33,277 - INFO - Test instance 0.9625, class 0.9625
Test instance 0.9625, class 0.9625
2026-06-24 16:58:33,278 - INFO - Best instance 1.0000, class 1.0000 (epoch 104)
Best instance 1.0000, class 1.0000 (epoch 104)
2026-06-24 16:58:33,296 - INFO - Epoch 170/200:
Epoch 170/200:
2026-06-24 16:58:36,036 - INFO - Train loss: 0.2699 (2.7s)
Train loss: 0.2699 (2.7s)
2026-06-24 16:58:36,298 - INFO - Test instance 0.9500, class 0.9500
Test instance 0.9500, class 0.9500
2026-06-24 16:58:36,300 - INFO - Best instance 1.0000, class 1.0000 (epoch 104)
Best instance 1.0000, class 1.0000 (epoch 104)
2026-06-24 16:58:36,317 - INFO - Epoch 171/200:
Epoch 171/200:
2026-06-24 16:58:39,032 - INFO - Train loss: 0.2429 (2.7s)
Train loss: 0.2429 (2.7s)
2026-06-24 16:58:39,304 - INFO - Test instance 0.9875, class 0.9875
Test instance 0.9875, class 0.9875
2026-06-24 16:58:39,304 - INFO - Best instance 1.0000, class 1.0000 (epoch 104)
Best instance 1.0000, class 1.0000 (epoch 104)
2026-06-24 16:58:39,322 - INFO - Epoch 172/200:
Epoch 172/200:
2026-06-24 16:58:42,019 - INFO - Train loss: 0.1966 (2.7s)
Train loss: 0.1966 (2.7s)
2026-06-24 16:58:42,284 - INFO - Test instance 0.9750, class 0.9750
Test instance 0.9750, class 0.9750
2026-06-24 16:58:42,284 - INFO - Best instance 1.0000, class 1.0000 (epoch 104)
Best instance 1.0000, class 1.0000 (epoch 104)
2026-06-24 16:58:42,302 - INFO - Epoch 173/200:
Epoch 173/200:
2026-06-24 16:58:45,002 - INFO - Train loss: 0.2781 (2.7s)
Train loss: 0.2781 (2.7s)
2026-06-24 16:58:45,271 - INFO - Test instance 0.9875, class 0.9875
Test instance 0.9875, class 0.9875
2026-06-24 16:58:45,271 - INFO - Best instance 1.0000, class 1.0000 (epoch 104)
Best instance 1.0000, class 1.0000 (epoch 104)
2026-06-24 16:58:45,290 - INFO - Epoch 174/200:
Epoch 174/200:
2026-06-24 16:58:48,015 - INFO - Train loss: 0.1678 (2.7s)
Train loss: 0.1678 (2.7s)
2026-06-24 16:58:48,291 - INFO - Test instance 1.0000, class 1.0000
Test instance 1.0000, class 1.0000
2026-06-24 16:58:48,291 - INFO - Best instance 1.0000, class 1.0000 (epoch 104)
Best instance 1.0000, class 1.0000 (epoch 104)
2026-06-24 16:58:48,309 - INFO - Epoch 175/200:
Epoch 175/200:
2026-06-24 16:58:51,031 - INFO - Train loss: 0.2187 (2.7s)
Train loss: 0.2187 (2.7s)
2026-06-24 16:58:51,294 - INFO - Test instance 0.9625, class 0.9625
Test instance 0.9625, class 0.9625
2026-06-24 16:58:51,295 - INFO - Best instance 1.0000, class 1.0000 (epoch 104)
Best instance 1.0000, class 1.0000 (epoch 104)
2026-06-24 16:58:51,312 - INFO - Epoch 176/200:
Epoch 176/200:
2026-06-24 16:58:53,995 - INFO - Train loss: 0.1920 (2.7s)
Train loss: 0.1920 (2.7s)
2026-06-24 16:58:54,254 - INFO - Test instance 0.9875, class 0.9875
Test instance 0.9875, class 0.9875
2026-06-24 16:58:54,254 - INFO - Best instance 1.0000, class 1.0000 (epoch 104)
Best instance 1.0000, class 1.0000 (epoch 104)
2026-06-24 16:58:54,272 - INFO - Epoch 177/200:
Epoch 177/200:
2026-06-24 16:58:57,024 - INFO - Train loss: 0.2415 (2.8s)
Train loss: 0.2415 (2.8s)
2026-06-24 16:58:57,285 - INFO - Test instance 0.9750, class 0.9750
Test instance 0.9750, class 0.9750
2026-06-24 16:58:57,285 - INFO - Best instance 1.0000, class 1.0000 (epoch 104)
Best instance 1.0000, class 1.0000 (epoch 104)
2026-06-24 16:58:57,303 - INFO - Epoch 178/200:
Epoch 178/200:
2026-06-24 16:59:00,041 - INFO - Train loss: 0.2569 (2.7s)
Train loss: 0.2569 (2.7s)
2026-06-24 16:59:00,292 - INFO - Test instance 0.9500, class 0.9500
Test instance 0.9500, class 0.9500
2026-06-24 16:59:00,293 - INFO - Best instance 1.0000, class 1.0000 (epoch 104)
Best instance 1.0000, class 1.0000 (epoch 104)
2026-06-24 16:59:00,310 - INFO - Epoch 179/200:
Epoch 179/200:
2026-06-24 16:59:03,077 - INFO - Train loss: 0.1794 (2.8s)
Train loss: 0.1794 (2.8s)
2026-06-24 16:59:03,340 - INFO - Test instance 0.9750, class 0.9750
Test instance 0.9750, class 0.9750
2026-06-24 16:59:03,340 - INFO - Best instance 1.0000, class 1.0000 (epoch 104)
Best instance 1.0000, class 1.0000 (epoch 104)
2026-06-24 16:59:03,359 - INFO - Epoch 180/200:
Epoch 180/200:
2026-06-24 16:59:06,087 - INFO - Train loss: 0.2135 (2.7s)
Train loss: 0.2135 (2.7s)
2026-06-24 16:59:06,358 - INFO - Test instance 0.9625, class 0.9625
Test instance 0.9625, class 0.9625
2026-06-24 16:59:06,359 - INFO - Best instance 1.0000, class 1.0000 (epoch 104)
Best instance 1.0000, class 1.0000 (epoch 104)
2026-06-24 16:59:06,377 - INFO - Epoch 181/200:
Epoch 181/200:
2026-06-24 16:59:09,090 - INFO - Train loss: 0.2890 (2.7s)
Train loss: 0.2890 (2.7s)
2026-06-24 16:59:09,363 - INFO - Test instance 0.9750, class 0.9750
Test instance 0.9750, class 0.9750
2026-06-24 16:59:09,364 - INFO - Best instance 1.0000, class 1.0000 (epoch 104)
Best instance 1.0000, class 1.0000 (epoch 104)
2026-06-24 16:59:09,382 - INFO - Epoch 182/200:
Epoch 182/200:
2026-06-24 16:59:12,140 - INFO - Train loss: 0.1692 (2.8s)
Train loss: 0.1692 (2.8s)
2026-06-24 16:59:12,398 - INFO - Test instance 0.9875, class 0.9875
Test instance 0.9875, class 0.9875
2026-06-24 16:59:12,398 - INFO - Best instance 1.0000, class 1.0000 (epoch 104)
Best instance 1.0000, class 1.0000 (epoch 104)
2026-06-24 16:59:12,417 - INFO - Epoch 183/200:
Epoch 183/200:
2026-06-24 16:59:15,167 - INFO - Train loss: 0.1975 (2.8s)
Train loss: 0.1975 (2.8s)
2026-06-24 16:59:15,425 - INFO - Test instance 0.9750, class 0.9750
Test instance 0.9750, class 0.9750
2026-06-24 16:59:15,425 - INFO - Best instance 1.0000, class 1.0000 (epoch 104)
Best instance 1.0000, class 1.0000 (epoch 104)
2026-06-24 16:59:15,443 - INFO - Epoch 184/200:
Epoch 184/200:
2026-06-24 16:59:18,208 - INFO - Train loss: 0.1811 (2.8s)
Train loss: 0.1811 (2.8s)
2026-06-24 16:59:18,471 - INFO - Test instance 0.9750, class 0.9750
Test instance 0.9750, class 0.9750
2026-06-24 16:59:18,471 - INFO - Best instance 1.0000, class 1.0000 (epoch 104)
Best instance 1.0000, class 1.0000 (epoch 104)
2026-06-24 16:59:18,488 - INFO - Epoch 185/200:
Epoch 185/200:
2026-06-24 16:59:21,240 - INFO - Train loss: 0.2032 (2.8s)
Train loss: 0.2032 (2.8s)
2026-06-24 16:59:21,503 - INFO - Test instance 1.0000, class 1.0000
Test instance 1.0000, class 1.0000
2026-06-24 16:59:21,503 - INFO - Best instance 1.0000, class 1.0000 (epoch 104)
Best instance 1.0000, class 1.0000 (epoch 104)
2026-06-24 16:59:21,522 - INFO - Epoch 186/200:
Epoch 186/200:
2026-06-24 16:59:24,234 - INFO - Train loss: 0.2361 (2.7s)
Train loss: 0.2361 (2.7s)
2026-06-24 16:59:24,502 - INFO - Test instance 0.9625, class 0.9625
Test instance 0.9625, class 0.9625
2026-06-24 16:59:24,502 - INFO - Best instance 1.0000, class 1.0000 (epoch 104)
Best instance 1.0000, class 1.0000 (epoch 104)
2026-06-24 16:59:24,523 - INFO - Epoch 187/200:
Epoch 187/200:
2026-06-24 16:59:27,254 - INFO - Train loss: 0.2111 (2.7s)
Train loss: 0.2111 (2.7s)
2026-06-24 16:59:27,515 - INFO - Test instance 0.9625, class 0.9625
Test instance 0.9625, class 0.9625
2026-06-24 16:59:27,516 - INFO - Best instance 1.0000, class 1.0000 (epoch 104)
Best instance 1.0000, class 1.0000 (epoch 104)
2026-06-24 16:59:27,534 - INFO - Epoch 188/200:
Epoch 188/200:
2026-06-24 16:59:30,277 - INFO - Train loss: 0.1830 (2.7s)
Train loss: 0.1830 (2.7s)
2026-06-24 16:59:30,536 - INFO - Test instance 0.9750, class 0.9750
Test instance 0.9750, class 0.9750
2026-06-24 16:59:30,537 - INFO - Best instance 1.0000, class 1.0000 (epoch 104)
Best instance 1.0000, class 1.0000 (epoch 104)
2026-06-24 16:59:30,554 - INFO - Epoch 189/200:
Epoch 189/200:
2026-06-24 16:59:33,319 - INFO - Train loss: 0.2372 (2.8s)
Train loss: 0.2372 (2.8s)
2026-06-24 16:59:33,585 - INFO - Test instance 0.9875, class 0.9875
Test instance 0.9875, class 0.9875
2026-06-24 16:59:33,585 - INFO - Best instance 1.0000, class 1.0000 (epoch 104)
Best instance 1.0000, class 1.0000 (epoch 104)
2026-06-24 16:59:33,604 - INFO - Epoch 190/200:
Epoch 190/200:
2026-06-24 16:59:36,332 - INFO - Train loss: 0.2053 (2.7s)
Train loss: 0.2053 (2.7s)
2026-06-24 16:59:36,600 - INFO - Test instance 1.0000, class 1.0000
Test instance 1.0000, class 1.0000
2026-06-24 16:59:36,600 - INFO - Best instance 1.0000, class 1.0000 (epoch 104)
Best instance 1.0000, class 1.0000 (epoch 104)
2026-06-24 16:59:36,618 - INFO - Epoch 191/200:
Epoch 191/200:
2026-06-24 16:59:39,367 - INFO - Train loss: 0.2079 (2.7s)
Train loss: 0.2079 (2.7s)
2026-06-24 16:59:39,635 - INFO - Test instance 0.9625, class 0.9625
Test instance 0.9625, class 0.9625
2026-06-24 16:59:39,635 - INFO - Best instance 1.0000, class 1.0000 (epoch 104)
Best instance 1.0000, class 1.0000 (epoch 104)
2026-06-24 16:59:39,652 - INFO - Epoch 192/200:
Epoch 192/200:
2026-06-24 16:59:42,397 - INFO - Train loss: 0.2272 (2.7s)
Train loss: 0.2272 (2.7s)
2026-06-24 16:59:42,659 - INFO - Test instance 0.9875, class 0.9875
Test instance 0.9875, class 0.9875
2026-06-24 16:59:42,660 - INFO - Best instance 1.0000, class 1.0000 (epoch 104)
Best instance 1.0000, class 1.0000 (epoch 104)
2026-06-24 16:59:42,677 - INFO - Epoch 193/200:
Epoch 193/200:
2026-06-24 16:59:45,396 - INFO - Train loss: 0.2502 (2.7s)
Train loss: 0.2502 (2.7s)
2026-06-24 16:59:45,652 - INFO - Test instance 0.9875, class 0.9875
Test instance 0.9875, class 0.9875
2026-06-24 16:59:45,652 - INFO - Best instance 1.0000, class 1.0000 (epoch 104)
Best instance 1.0000, class 1.0000 (epoch 104)
2026-06-24 16:59:45,669 - INFO - Epoch 194/200:
Epoch 194/200:
2026-06-24 16:59:48,418 - INFO - Train loss: 0.1867 (2.7s)
Train loss: 0.1867 (2.7s)
2026-06-24 16:59:48,676 - INFO - Test instance 0.9875, class 0.9875
Test instance 0.9875, class 0.9875
2026-06-24 16:59:48,676 - INFO - Best instance 1.0000, class 1.0000 (epoch 104)
Best instance 1.0000, class 1.0000 (epoch 104)
2026-06-24 16:59:48,694 - INFO - Epoch 195/200:
Epoch 195/200:
2026-06-24 16:59:51,445 - INFO - Train loss: 0.2138 (2.8s)
Train loss: 0.2138 (2.8s)
2026-06-24 16:59:51,711 - INFO - Test instance 0.9875, class 0.9875
Test instance 0.9875, class 0.9875
2026-06-24 16:59:51,712 - INFO - Best instance 1.0000, class 1.0000 (epoch 104)
Best instance 1.0000, class 1.0000 (epoch 104)
2026-06-24 16:59:51,729 - INFO - Epoch 196/200:
Epoch 196/200:
2026-06-24 16:59:54,488 - INFO - Train loss: 0.2183 (2.8s)
Train loss: 0.2183 (2.8s)
2026-06-24 16:59:54,758 - INFO - Test instance 0.9875, class 0.9875
Test instance 0.9875, class 0.9875
2026-06-24 16:59:54,758 - INFO - Best instance 1.0000, class 1.0000 (epoch 104)
Best instance 1.0000, class 1.0000 (epoch 104)
2026-06-24 16:59:54,777 - INFO - Epoch 197/200:
Epoch 197/200:
2026-06-24 16:59:57,510 - INFO - Train loss: 0.2308 (2.7s)
Train loss: 0.2308 (2.7s)
2026-06-24 16:59:57,765 - INFO - Test instance 0.9750, class 0.9750
Test instance 0.9750, class 0.9750
2026-06-24 16:59:57,765 - INFO - Best instance 1.0000, class 1.0000 (epoch 104)
Best instance 1.0000, class 1.0000 (epoch 104)
2026-06-24 16:59:57,782 - INFO - Epoch 198/200:
Epoch 198/200:
2026-06-24 17:00:00,474 - INFO - Train loss: 0.2328 (2.7s)
Train loss: 0.2328 (2.7s)
2026-06-24 17:00:00,737 - INFO - Test instance 0.9750, class 0.9750
Test instance 0.9750, class 0.9750
2026-06-24 17:00:00,737 - INFO - Best instance 1.0000, class 1.0000 (epoch 104)
Best instance 1.0000, class 1.0000 (epoch 104)
2026-06-24 17:00:00,755 - INFO - Epoch 199/200:
Epoch 199/200:
2026-06-24 17:00:03,531 - INFO - Train loss: 0.1942 (2.8s)
Train loss: 0.1942 (2.8s)
2026-06-24 17:00:03,786 - INFO - Test instance 0.9750, class 0.9750
Test instance 0.9750, class 0.9750
2026-06-24 17:00:03,787 - INFO - Best instance 1.0000, class 1.0000 (epoch 104)
Best instance 1.0000, class 1.0000 (epoch 104)
2026-06-24 17:00:03,806 - INFO - Epoch 200/200:
Epoch 200/200:
2026-06-24 17:00:06,503 - INFO - Train loss: 0.2071 (2.7s)
Train loss: 0.2071 (2.7s)
2026-06-24 17:00:06,767 - INFO - Test instance 0.9625, class 0.9625
Test instance 0.9625, class 0.9625
2026-06-24 17:00:06,767 - INFO - Best instance 1.0000, class 1.0000 (epoch 104)
Best instance 1.0000, class 1.0000 (epoch 104)
2026-06-24 17:00:28,064 - INFO - Student 1.42 MB, 62.74 ms
Student 1.42 MB, 62.74 ms
