[Wed Jun 24 19:20:02 EDT 2026] task 342 on GPU 0: python flkd/advanced_kd_train_classification.py --teacher_model pointnet2_cls_ssg --student_model small_pointnet2 --kd_strategy self --dataset craniosynostosis --seed 123 --batch_size 24 --epoch 200 --num_point 1024 --teacher_path "outputs/craniosynostosis/flkd/federated/classification/fl_pointnet2_cls_ssg_ditto_s123/checkpoints/best_model.pth" --log_dir kd_pointnet2_cls_ssg_ditto+self_small_pointnet2_s123  --data_root data --output_root outputs --num_workers -1 --max_runtime_hours 166.0
Loaded teacher from outputs/craniosynostosis/flkd/federated/classification/fl_pointnet2_cls_ssg_ditto_s123/checkpoints/best_model.pth
2026-06-24 19:23:56,004 - INFO - PARAMETER ...
2026-06-24 19:23:56,005 - INFO - {'use_cpu': False, 'no_amp': False, 'gpu': '0', 'num_workers': -1, 'batch_size': 24, 'teacher_model': 'pointnet2_cls_ssg', 'student_model': 'small_pointnet2', 'num_category': 4, 'dataset': 'craniosynostosis', 'data_root': 'data', 'output_root': 'outputs', 'train_split': 0.8, 'dataset_seed': 0, 'cache_dataset': True, 'min_class_samples': 1, 'epoch': 200, 'learning_rate': 0.001, 'num_point': 1024, 'optimizer': 'Adam', 'log_dir': 'kd_pointnet2_cls_ssg_ditto+self_small_pointnet2_s123', 'decay_rate': 0.0001, 'use_normals': False, 'process_data': False, 'use_uniform_sample': False, 'resume': True, 'kd_strategy': 'self', 'alpha': 0.5, 'temperature': 2.0, 'beta': 0.5, 'dkd_alpha': 1.0, 'dkd_beta': 8.0, 'crd_temperature': 0.07, 'teacher_path': 'outputs/craniosynostosis/flkd/federated/classification/fl_pointnet2_cls_ssg_ditto_s123/checkpoints/best_model.pth', 'teacher_paths': None, 'teacher_weights': None, 'use_hard_labels': 'on', 'unlabeled': False, 'temperature_sweep': None, 'seed': 123, 'max_runtime_hours': 166.0}
2026-06-24 19:23:56,008 - INFO - KD=self student=small_pointnet2 AMP=False use_hard=True unlabeled=False T=2.0
KD=self student=small_pointnet2 AMP=False use_hard=True unlabeled=False T=2.0
2026-06-24 19:23:56,022 - INFO - Epoch 1/200:
Epoch 1/200:
2026-06-24 19:24:01,204 - INFO - Train loss: 0.8444 (5.2s)
Train loss: 0.8444 (5.2s)
2026-06-24 19:24:01,804 - INFO - Test instance 0.2500, class 0.2500
Test instance 0.2500, class 0.2500
2026-06-24 19:24:01,827 - INFO - Best instance 0.2500, class 0.2500 (epoch 1)
Best instance 0.2500, class 0.2500 (epoch 1)
2026-06-24 19:24:01,845 - INFO - Epoch 2/200:
Epoch 2/200:
2026-06-24 19:24:04,403 - INFO - Train loss: 0.8057 (2.6s)
Train loss: 0.8057 (2.6s)
2026-06-24 19:24:04,653 - INFO - Test instance 0.2500, class 0.2500
Test instance 0.2500, class 0.2500
2026-06-24 19:24:04,653 - INFO - Best instance 0.2500, class 0.2500 (epoch 1)
Best instance 0.2500, class 0.2500 (epoch 1)
2026-06-24 19:24:04,671 - INFO - Epoch 3/200:
Epoch 3/200:
2026-06-24 19:24:07,164 - INFO - Train loss: 0.7845 (2.5s)
Train loss: 0.7845 (2.5s)
2026-06-24 19:24:07,401 - INFO - Test instance 0.2500, class 0.2500
Test instance 0.2500, class 0.2500
2026-06-24 19:24:07,401 - INFO - Best instance 0.2500, class 0.2500 (epoch 1)
Best instance 0.2500, class 0.2500 (epoch 1)
2026-06-24 19:24:07,419 - INFO - Epoch 4/200:
Epoch 4/200:
2026-06-24 19:24:09,949 - INFO - Train loss: 0.7522 (2.5s)
Train loss: 0.7522 (2.5s)
2026-06-24 19:24:10,196 - INFO - Test instance 0.2500, class 0.2500
Test instance 0.2500, class 0.2500
2026-06-24 19:24:10,196 - INFO - Best instance 0.2500, class 0.2500 (epoch 1)
Best instance 0.2500, class 0.2500 (epoch 1)
2026-06-24 19:24:10,213 - INFO - Epoch 5/200:
Epoch 5/200:
2026-06-24 19:24:12,740 - INFO - Train loss: 0.7370 (2.5s)
Train loss: 0.7370 (2.5s)
2026-06-24 19:24:12,981 - INFO - Test instance 0.3250, class 0.3250
Test instance 0.3250, class 0.3250
2026-06-24 19:24:12,997 - INFO - Best instance 0.3250, class 0.3250 (epoch 5)
Best instance 0.3250, class 0.3250 (epoch 5)
2026-06-24 19:24:13,013 - INFO - Epoch 6/200:
Epoch 6/200:
2026-06-24 19:24:15,529 - INFO - Train loss: 0.7445 (2.5s)
Train loss: 0.7445 (2.5s)
2026-06-24 19:24:15,774 - INFO - Test instance 0.5250, class 0.5250
Test instance 0.5250, class 0.5250
2026-06-24 19:24:15,790 - INFO - Best instance 0.5250, class 0.5250 (epoch 6)
Best instance 0.5250, class 0.5250 (epoch 6)
2026-06-24 19:24:15,806 - INFO - Epoch 7/200:
Epoch 7/200:
2026-06-24 19:24:18,323 - INFO - Train loss: 0.7015 (2.5s)
Train loss: 0.7015 (2.5s)
2026-06-24 19:24:18,569 - INFO - Test instance 0.4375, class 0.4375
Test instance 0.4375, class 0.4375
2026-06-24 19:24:18,569 - INFO - Best instance 0.5250, class 0.5250 (epoch 6)
Best instance 0.5250, class 0.5250 (epoch 6)
2026-06-24 19:24:18,586 - INFO - Epoch 8/200:
Epoch 8/200:
2026-06-24 19:24:21,105 - INFO - Train loss: 0.7086 (2.5s)
Train loss: 0.7086 (2.5s)
2026-06-24 19:24:21,344 - INFO - Test instance 0.4625, class 0.4625
Test instance 0.4625, class 0.4625
2026-06-24 19:24:21,345 - INFO - Best instance 0.5250, class 0.5250 (epoch 6)
Best instance 0.5250, class 0.5250 (epoch 6)
2026-06-24 19:24:21,361 - INFO - Epoch 9/200:
Epoch 9/200:
2026-06-24 19:24:23,873 - INFO - Train loss: 0.6945 (2.5s)
Train loss: 0.6945 (2.5s)
2026-06-24 19:24:24,127 - INFO - Test instance 0.4875, class 0.4875
Test instance 0.4875, class 0.4875
2026-06-24 19:24:24,127 - INFO - Best instance 0.5250, class 0.5250 (epoch 6)
Best instance 0.5250, class 0.5250 (epoch 6)
2026-06-24 19:24:24,143 - INFO - Epoch 10/200:
Epoch 10/200:
2026-06-24 19:24:26,664 - INFO - Train loss: 0.6660 (2.5s)
Train loss: 0.6660 (2.5s)
2026-06-24 19:24:26,906 - INFO - Test instance 0.3500, class 0.3500
Test instance 0.3500, class 0.3500
2026-06-24 19:24:26,906 - INFO - Best instance 0.5250, class 0.5250 (epoch 6)
Best instance 0.5250, class 0.5250 (epoch 6)
2026-06-24 19:24:26,923 - INFO - Epoch 11/200:
Epoch 11/200:
2026-06-24 19:24:29,439 - INFO - Train loss: 0.6485 (2.5s)
Train loss: 0.6485 (2.5s)
2026-06-24 19:24:29,679 - INFO - Test instance 0.5000, class 0.5000
Test instance 0.5000, class 0.5000
2026-06-24 19:24:29,679 - INFO - Best instance 0.5250, class 0.5250 (epoch 6)
Best instance 0.5250, class 0.5250 (epoch 6)
2026-06-24 19:24:29,696 - INFO - Epoch 12/200:
Epoch 12/200:
2026-06-24 19:24:32,204 - INFO - Train loss: 0.6215 (2.5s)
Train loss: 0.6215 (2.5s)
2026-06-24 19:24:32,458 - INFO - Test instance 0.4125, class 0.4125
Test instance 0.4125, class 0.4125
2026-06-24 19:24:32,459 - INFO - Best instance 0.5250, class 0.5250 (epoch 6)
Best instance 0.5250, class 0.5250 (epoch 6)
2026-06-24 19:24:32,475 - INFO - Epoch 13/200:
Epoch 13/200:
2026-06-24 19:24:34,975 - INFO - Train loss: 0.6234 (2.5s)
Train loss: 0.6234 (2.5s)
2026-06-24 19:24:35,221 - INFO - Test instance 0.6000, class 0.6000
Test instance 0.6000, class 0.6000
2026-06-24 19:24:35,238 - INFO - Best instance 0.6000, class 0.6000 (epoch 13)
Best instance 0.6000, class 0.6000 (epoch 13)
2026-06-24 19:24:35,254 - INFO - Epoch 14/200:
Epoch 14/200:
2026-06-24 19:24:37,757 - INFO - Train loss: 0.5947 (2.5s)
Train loss: 0.5947 (2.5s)
2026-06-24 19:24:37,998 - INFO - Test instance 0.4875, class 0.4875
Test instance 0.4875, class 0.4875
2026-06-24 19:24:37,999 - INFO - Best instance 0.6000, class 0.6000 (epoch 13)
Best instance 0.6000, class 0.6000 (epoch 13)
2026-06-24 19:24:38,015 - INFO - Epoch 15/200:
Epoch 15/200:
2026-06-24 19:24:40,520 - INFO - Train loss: 0.5896 (2.5s)
Train loss: 0.5896 (2.5s)
2026-06-24 19:24:40,765 - INFO - Test instance 0.4125, class 0.4125
Test instance 0.4125, class 0.4125
2026-06-24 19:24:40,765 - INFO - Best instance 0.6000, class 0.6000 (epoch 13)
Best instance 0.6000, class 0.6000 (epoch 13)
2026-06-24 19:24:40,781 - INFO - Epoch 16/200:
Epoch 16/200:
2026-06-24 19:24:43,284 - INFO - Train loss: 0.5742 (2.5s)
Train loss: 0.5742 (2.5s)
2026-06-24 19:24:43,533 - INFO - Test instance 0.4375, class 0.4375
Test instance 0.4375, class 0.4375
2026-06-24 19:24:43,533 - INFO - Best instance 0.6000, class 0.6000 (epoch 13)
Best instance 0.6000, class 0.6000 (epoch 13)
2026-06-24 19:24:43,550 - INFO - Epoch 17/200:
Epoch 17/200:
2026-06-24 19:24:46,045 - INFO - Train loss: 0.5858 (2.5s)
Train loss: 0.5858 (2.5s)
2026-06-24 19:24:46,293 - INFO - Test instance 0.5875, class 0.5875
Test instance 0.5875, class 0.5875
2026-06-24 19:24:46,293 - INFO - Best instance 0.6000, class 0.6000 (epoch 13)
Best instance 0.6000, class 0.6000 (epoch 13)
2026-06-24 19:24:46,309 - INFO - Epoch 18/200:
Epoch 18/200:
2026-06-24 19:24:48,814 - INFO - Train loss: 0.5675 (2.5s)
Train loss: 0.5675 (2.5s)
2026-06-24 19:24:49,056 - INFO - Test instance 0.6500, class 0.6500
Test instance 0.6500, class 0.6500
2026-06-24 19:24:49,072 - INFO - Best instance 0.6500, class 0.6500 (epoch 18)
Best instance 0.6500, class 0.6500 (epoch 18)
2026-06-24 19:24:49,089 - INFO - Epoch 19/200:
Epoch 19/200:
2026-06-24 19:24:51,597 - INFO - Train loss: 0.5385 (2.5s)
Train loss: 0.5385 (2.5s)
2026-06-24 19:24:51,838 - INFO - Test instance 0.7000, class 0.7000
Test instance 0.7000, class 0.7000
2026-06-24 19:24:51,854 - INFO - Best instance 0.7000, class 0.7000 (epoch 19)
Best instance 0.7000, class 0.7000 (epoch 19)
2026-06-24 19:24:51,870 - INFO - Epoch 20/200:
Epoch 20/200:
2026-06-24 19:24:54,368 - INFO - Train loss: 0.5338 (2.5s)
Train loss: 0.5338 (2.5s)
2026-06-24 19:24:54,607 - INFO - Test instance 0.6875, class 0.6875
Test instance 0.6875, class 0.6875
2026-06-24 19:24:54,607 - INFO - Best instance 0.7000, class 0.7000 (epoch 19)
Best instance 0.7000, class 0.7000 (epoch 19)
2026-06-24 19:24:54,624 - INFO - Epoch 21/200:
Epoch 21/200:
2026-06-24 19:24:57,107 - INFO - Train loss: 0.5399 (2.5s)
Train loss: 0.5399 (2.5s)
2026-06-24 19:24:57,350 - INFO - Test instance 0.7250, class 0.7250
Test instance 0.7250, class 0.7250
2026-06-24 19:24:57,366 - INFO - Best instance 0.7250, class 0.7250 (epoch 21)
Best instance 0.7250, class 0.7250 (epoch 21)
2026-06-24 19:24:57,382 - INFO - Epoch 22/200:
Epoch 22/200:
2026-06-24 19:24:59,899 - INFO - Train loss: 0.5271 (2.5s)
Train loss: 0.5271 (2.5s)
2026-06-24 19:25:00,144 - INFO - Test instance 0.6750, class 0.6750
Test instance 0.6750, class 0.6750
2026-06-24 19:25:00,145 - INFO - Best instance 0.7250, class 0.7250 (epoch 21)
Best instance 0.7250, class 0.7250 (epoch 21)
2026-06-24 19:25:00,161 - INFO - Epoch 23/200:
Epoch 23/200:
2026-06-24 19:25:02,715 - INFO - Train loss: 0.5384 (2.6s)
Train loss: 0.5384 (2.6s)
2026-06-24 19:25:02,970 - INFO - Test instance 0.6125, class 0.6125
Test instance 0.6125, class 0.6125
2026-06-24 19:25:02,970 - INFO - Best instance 0.7250, class 0.7250 (epoch 21)
Best instance 0.7250, class 0.7250 (epoch 21)
2026-06-24 19:25:02,987 - INFO - Epoch 24/200:
Epoch 24/200:
2026-06-24 19:25:05,480 - INFO - Train loss: 0.5037 (2.5s)
Train loss: 0.5037 (2.5s)
2026-06-24 19:25:05,727 - INFO - Test instance 0.7250, class 0.7250
Test instance 0.7250, class 0.7250
2026-06-24 19:25:05,727 - INFO - Best instance 0.7250, class 0.7250 (epoch 21)
Best instance 0.7250, class 0.7250 (epoch 21)
2026-06-24 19:25:05,744 - INFO - Epoch 25/200:
Epoch 25/200:
2026-06-24 19:25:08,245 - INFO - Train loss: 0.4968 (2.5s)
Train loss: 0.4968 (2.5s)
2026-06-24 19:25:08,486 - INFO - Test instance 0.7750, class 0.7750
Test instance 0.7750, class 0.7750
2026-06-24 19:25:08,502 - INFO - Best instance 0.7750, class 0.7750 (epoch 25)
Best instance 0.7750, class 0.7750 (epoch 25)
2026-06-24 19:25:08,518 - INFO - Epoch 26/200:
Epoch 26/200:
2026-06-24 19:25:11,007 - INFO - Train loss: 0.4983 (2.5s)
Train loss: 0.4983 (2.5s)
2026-06-24 19:25:11,249 - INFO - Test instance 0.6375, class 0.6375
Test instance 0.6375, class 0.6375
2026-06-24 19:25:11,249 - INFO - Best instance 0.7750, class 0.7750 (epoch 25)
Best instance 0.7750, class 0.7750 (epoch 25)
2026-06-24 19:25:11,265 - INFO - Epoch 27/200:
Epoch 27/200:
2026-06-24 19:25:13,763 - INFO - Train loss: 0.4957 (2.5s)
Train loss: 0.4957 (2.5s)
2026-06-24 19:25:14,009 - INFO - Test instance 0.8000, class 0.8000
Test instance 0.8000, class 0.8000
2026-06-24 19:25:14,025 - INFO - Best instance 0.8000, class 0.8000 (epoch 27)
Best instance 0.8000, class 0.8000 (epoch 27)
2026-06-24 19:25:14,041 - INFO - Epoch 28/200:
Epoch 28/200:
2026-06-24 19:25:16,546 - INFO - Train loss: 0.5060 (2.5s)
Train loss: 0.5060 (2.5s)
2026-06-24 19:25:16,781 - INFO - Test instance 0.6875, class 0.6875
Test instance 0.6875, class 0.6875
2026-06-24 19:25:16,781 - INFO - Best instance 0.8000, class 0.8000 (epoch 27)
Best instance 0.8000, class 0.8000 (epoch 27)
2026-06-24 19:25:16,798 - INFO - Epoch 29/200:
Epoch 29/200:
2026-06-24 19:25:19,322 - INFO - Train loss: 0.4859 (2.5s)
Train loss: 0.4859 (2.5s)
2026-06-24 19:25:19,563 - INFO - Test instance 0.8250, class 0.8250
Test instance 0.8250, class 0.8250
2026-06-24 19:25:19,580 - INFO - Best instance 0.8250, class 0.8250 (epoch 29)
Best instance 0.8250, class 0.8250 (epoch 29)
2026-06-24 19:25:19,596 - INFO - Epoch 30/200:
Epoch 30/200:
2026-06-24 19:25:22,124 - INFO - Train loss: 0.5073 (2.5s)
Train loss: 0.5073 (2.5s)
2026-06-24 19:25:22,373 - INFO - Test instance 0.8250, class 0.8250
Test instance 0.8250, class 0.8250
2026-06-24 19:25:22,373 - INFO - Best instance 0.8250, class 0.8250 (epoch 29)
Best instance 0.8250, class 0.8250 (epoch 29)
2026-06-24 19:25:22,389 - INFO - Epoch 31/200:
Epoch 31/200:
2026-06-24 19:25:24,897 - INFO - Train loss: 0.4980 (2.5s)
Train loss: 0.4980 (2.5s)
2026-06-24 19:25:25,140 - INFO - Test instance 0.7625, class 0.7625
Test instance 0.7625, class 0.7625
2026-06-24 19:25:25,140 - INFO - Best instance 0.8250, class 0.8250 (epoch 29)
Best instance 0.8250, class 0.8250 (epoch 29)
2026-06-24 19:25:25,156 - INFO - Epoch 32/200:
Epoch 32/200:
2026-06-24 19:25:27,677 - INFO - Train loss: 0.4687 (2.5s)
Train loss: 0.4687 (2.5s)
2026-06-24 19:25:27,918 - INFO - Test instance 0.7375, class 0.7375
Test instance 0.7375, class 0.7375
2026-06-24 19:25:27,919 - INFO - Best instance 0.8250, class 0.8250 (epoch 29)
Best instance 0.8250, class 0.8250 (epoch 29)
2026-06-24 19:25:27,935 - INFO - Epoch 33/200:
Epoch 33/200:
2026-06-24 19:25:30,477 - INFO - Train loss: 0.5091 (2.5s)
Train loss: 0.5091 (2.5s)
2026-06-24 19:25:30,725 - INFO - Test instance 0.8625, class 0.8625
Test instance 0.8625, class 0.8625
2026-06-24 19:25:30,741 - INFO - Best instance 0.8625, class 0.8625 (epoch 33)
Best instance 0.8625, class 0.8625 (epoch 33)
2026-06-24 19:25:30,757 - INFO - Epoch 34/200:
Epoch 34/200:
2026-06-24 19:25:33,278 - INFO - Train loss: 0.4704 (2.5s)
Train loss: 0.4704 (2.5s)
2026-06-24 19:25:33,526 - INFO - Test instance 0.7250, class 0.7250
Test instance 0.7250, class 0.7250
2026-06-24 19:25:33,526 - INFO - Best instance 0.8625, class 0.8625 (epoch 33)
Best instance 0.8625, class 0.8625 (epoch 33)
2026-06-24 19:25:33,543 - INFO - Epoch 35/200:
Epoch 35/200:
2026-06-24 19:25:36,046 - INFO - Train loss: 0.4679 (2.5s)
Train loss: 0.4679 (2.5s)
2026-06-24 19:25:36,293 - INFO - Test instance 0.8375, class 0.8375
Test instance 0.8375, class 0.8375
2026-06-24 19:25:36,293 - INFO - Best instance 0.8625, class 0.8625 (epoch 33)
Best instance 0.8625, class 0.8625 (epoch 33)
2026-06-24 19:25:36,310 - INFO - Epoch 36/200:
Epoch 36/200:
2026-06-24 19:25:38,816 - INFO - Train loss: 0.4801 (2.5s)
Train loss: 0.4801 (2.5s)
2026-06-24 19:25:39,056 - INFO - Test instance 0.7750, class 0.7750
Test instance 0.7750, class 0.7750
2026-06-24 19:25:39,056 - INFO - Best instance 0.8625, class 0.8625 (epoch 33)
Best instance 0.8625, class 0.8625 (epoch 33)
2026-06-24 19:25:39,072 - INFO - Epoch 37/200:
Epoch 37/200:
2026-06-24 19:25:41,578 - INFO - Train loss: 0.4720 (2.5s)
Train loss: 0.4720 (2.5s)
2026-06-24 19:25:41,831 - INFO - Test instance 0.7750, class 0.7750
Test instance 0.7750, class 0.7750
2026-06-24 19:25:41,831 - INFO - Best instance 0.8625, class 0.8625 (epoch 33)
Best instance 0.8625, class 0.8625 (epoch 33)
2026-06-24 19:25:41,847 - INFO - Epoch 38/200:
Epoch 38/200:
2026-06-24 19:25:44,369 - INFO - Train loss: 0.4624 (2.5s)
Train loss: 0.4624 (2.5s)
2026-06-24 19:25:44,611 - INFO - Test instance 0.7000, class 0.7000
Test instance 0.7000, class 0.7000
2026-06-24 19:25:44,611 - INFO - Best instance 0.8625, class 0.8625 (epoch 33)
Best instance 0.8625, class 0.8625 (epoch 33)
2026-06-24 19:25:44,628 - INFO - Epoch 39/200:
Epoch 39/200:
2026-06-24 19:25:47,120 - INFO - Train loss: 0.4582 (2.5s)
Train loss: 0.4582 (2.5s)
2026-06-24 19:25:47,359 - INFO - Test instance 0.7875, class 0.7875
Test instance 0.7875, class 0.7875
2026-06-24 19:25:47,359 - INFO - Best instance 0.8625, class 0.8625 (epoch 33)
Best instance 0.8625, class 0.8625 (epoch 33)
2026-06-24 19:25:47,375 - INFO - Epoch 40/200:
Epoch 40/200:
2026-06-24 19:25:49,857 - INFO - Train loss: 0.4694 (2.5s)
Train loss: 0.4694 (2.5s)
2026-06-24 19:25:50,095 - INFO - Test instance 0.7875, class 0.7875
Test instance 0.7875, class 0.7875
2026-06-24 19:25:50,095 - INFO - Best instance 0.8625, class 0.8625 (epoch 33)
Best instance 0.8625, class 0.8625 (epoch 33)
2026-06-24 19:25:50,112 - INFO - Epoch 41/200:
Epoch 41/200:
2026-06-24 19:25:52,612 - INFO - Train loss: 0.4715 (2.5s)
Train loss: 0.4715 (2.5s)
2026-06-24 19:25:52,862 - INFO - Test instance 0.8750, class 0.8750
Test instance 0.8750, class 0.8750
2026-06-24 19:25:52,878 - INFO - Best instance 0.8750, class 0.8750 (epoch 41)
Best instance 0.8750, class 0.8750 (epoch 41)
2026-06-24 19:25:52,895 - INFO - Epoch 42/200:
Epoch 42/200:
2026-06-24 19:25:55,402 - INFO - Train loss: 0.4535 (2.5s)
Train loss: 0.4535 (2.5s)
2026-06-24 19:25:55,646 - INFO - Test instance 0.8750, class 0.8750
Test instance 0.8750, class 0.8750
2026-06-24 19:25:55,646 - INFO - Best instance 0.8750, class 0.8750 (epoch 41)
Best instance 0.8750, class 0.8750 (epoch 41)
2026-06-24 19:25:55,662 - INFO - Epoch 43/200:
Epoch 43/200:
2026-06-24 19:25:58,172 - INFO - Train loss: 0.4460 (2.5s)
Train loss: 0.4460 (2.5s)
2026-06-24 19:25:58,413 - INFO - Test instance 0.8750, class 0.8750
Test instance 0.8750, class 0.8750
2026-06-24 19:25:58,413 - INFO - Best instance 0.8750, class 0.8750 (epoch 41)
Best instance 0.8750, class 0.8750 (epoch 41)
2026-06-24 19:25:58,429 - INFO - Epoch 44/200:
Epoch 44/200:
2026-06-24 19:26:00,935 - INFO - Train loss: 0.4469 (2.5s)
Train loss: 0.4469 (2.5s)
2026-06-24 19:26:01,186 - INFO - Test instance 0.8625, class 0.8625
Test instance 0.8625, class 0.8625
2026-06-24 19:26:01,186 - INFO - Best instance 0.8750, class 0.8750 (epoch 41)
Best instance 0.8750, class 0.8750 (epoch 41)
2026-06-24 19:26:01,202 - INFO - Epoch 45/200:
Epoch 45/200:
2026-06-24 19:26:03,756 - INFO - Train loss: 0.4423 (2.6s)
Train loss: 0.4423 (2.6s)
2026-06-24 19:26:03,998 - INFO - Test instance 0.7750, class 0.7750
Test instance 0.7750, class 0.7750
2026-06-24 19:26:03,998 - INFO - Best instance 0.8750, class 0.8750 (epoch 41)
Best instance 0.8750, class 0.8750 (epoch 41)
2026-06-24 19:26:04,015 - INFO - Epoch 46/200:
Epoch 46/200:
2026-06-24 19:26:06,517 - INFO - Train loss: 0.4681 (2.5s)
Train loss: 0.4681 (2.5s)
2026-06-24 19:26:06,758 - INFO - Test instance 0.8875, class 0.8875
Test instance 0.8875, class 0.8875
2026-06-24 19:26:06,773 - INFO - Best instance 0.8875, class 0.8875 (epoch 46)
Best instance 0.8875, class 0.8875 (epoch 46)
2026-06-24 19:26:06,790 - INFO - Epoch 47/200:
Epoch 47/200:
2026-06-24 19:26:09,296 - INFO - Train loss: 0.4523 (2.5s)
Train loss: 0.4523 (2.5s)
2026-06-24 19:26:09,539 - INFO - Test instance 0.8875, class 0.8875
Test instance 0.8875, class 0.8875
2026-06-24 19:26:09,539 - INFO - Best instance 0.8875, class 0.8875 (epoch 46)
Best instance 0.8875, class 0.8875 (epoch 46)
2026-06-24 19:26:09,555 - INFO - Epoch 48/200:
Epoch 48/200:
2026-06-24 19:26:12,067 - INFO - Train loss: 0.4505 (2.5s)
Train loss: 0.4505 (2.5s)
2026-06-24 19:26:12,318 - INFO - Test instance 0.8625, class 0.8625
Test instance 0.8625, class 0.8625
2026-06-24 19:26:12,318 - INFO - Best instance 0.8875, class 0.8875 (epoch 46)
Best instance 0.8875, class 0.8875 (epoch 46)
2026-06-24 19:26:12,334 - INFO - Epoch 49/200:
Epoch 49/200:
2026-06-24 19:26:14,836 - INFO - Train loss: 0.4559 (2.5s)
Train loss: 0.4559 (2.5s)
2026-06-24 19:26:15,079 - INFO - Test instance 0.8625, class 0.8625
Test instance 0.8625, class 0.8625
2026-06-24 19:26:15,079 - INFO - Best instance 0.8875, class 0.8875 (epoch 46)
Best instance 0.8875, class 0.8875 (epoch 46)
2026-06-24 19:26:15,095 - INFO - Epoch 50/200:
Epoch 50/200:
2026-06-24 19:26:17,616 - INFO - Train loss: 0.4500 (2.5s)
Train loss: 0.4500 (2.5s)
2026-06-24 19:26:17,861 - INFO - Test instance 0.8375, class 0.8375
Test instance 0.8375, class 0.8375
2026-06-24 19:26:17,861 - INFO - Best instance 0.8875, class 0.8875 (epoch 46)
Best instance 0.8875, class 0.8875 (epoch 46)
2026-06-24 19:26:17,878 - INFO - Epoch 51/200:
Epoch 51/200:
2026-06-24 19:26:20,407 - INFO - Train loss: 0.4396 (2.5s)
Train loss: 0.4396 (2.5s)
2026-06-24 19:26:20,655 - INFO - Test instance 0.8750, class 0.8750
Test instance 0.8750, class 0.8750
2026-06-24 19:26:20,655 - INFO - Best instance 0.8875, class 0.8875 (epoch 46)
Best instance 0.8875, class 0.8875 (epoch 46)
2026-06-24 19:26:20,672 - INFO - Epoch 52/200:
Epoch 52/200:
2026-06-24 19:26:23,167 - INFO - Train loss: 0.4384 (2.5s)
Train loss: 0.4384 (2.5s)
2026-06-24 19:26:23,424 - INFO - Test instance 0.8500, class 0.8500
Test instance 0.8500, class 0.8500
2026-06-24 19:26:23,425 - INFO - Best instance 0.8875, class 0.8875 (epoch 46)
Best instance 0.8875, class 0.8875 (epoch 46)
2026-06-24 19:26:23,441 - INFO - Epoch 53/200:
Epoch 53/200:
2026-06-24 19:26:25,953 - INFO - Train loss: 0.4338 (2.5s)
Train loss: 0.4338 (2.5s)
2026-06-24 19:26:26,209 - INFO - Test instance 0.8125, class 0.8125
Test instance 0.8125, class 0.8125
2026-06-24 19:26:26,210 - INFO - Best instance 0.8875, class 0.8875 (epoch 46)
Best instance 0.8875, class 0.8875 (epoch 46)
2026-06-24 19:26:26,226 - INFO - Epoch 54/200:
Epoch 54/200:
2026-06-24 19:26:28,745 - INFO - Train loss: 0.4513 (2.5s)
Train loss: 0.4513 (2.5s)
2026-06-24 19:26:28,988 - INFO - Test instance 0.6625, class 0.6625
Test instance 0.6625, class 0.6625
2026-06-24 19:26:28,988 - INFO - Best instance 0.8875, class 0.8875 (epoch 46)
Best instance 0.8875, class 0.8875 (epoch 46)
2026-06-24 19:26:29,005 - INFO - Epoch 55/200:
Epoch 55/200:
2026-06-24 19:26:31,524 - INFO - Train loss: 0.4670 (2.5s)
Train loss: 0.4670 (2.5s)
2026-06-24 19:26:31,774 - INFO - Test instance 0.8250, class 0.8250
Test instance 0.8250, class 0.8250
2026-06-24 19:26:31,774 - INFO - Best instance 0.8875, class 0.8875 (epoch 46)
Best instance 0.8875, class 0.8875 (epoch 46)
2026-06-24 19:26:31,821 - INFO - Epoch 56/200:
Epoch 56/200:
2026-06-24 19:26:34,338 - INFO - Train loss: 0.4330 (2.5s)
Train loss: 0.4330 (2.5s)
2026-06-24 19:26:34,582 - INFO - Test instance 0.9375, class 0.9375
Test instance 0.9375, class 0.9375
2026-06-24 19:26:34,597 - INFO - Best instance 0.9375, class 0.9375 (epoch 56)
Best instance 0.9375, class 0.9375 (epoch 56)
2026-06-24 19:26:34,613 - INFO - Epoch 57/200:
Epoch 57/200:
2026-06-24 19:26:37,137 - INFO - Train loss: 0.4427 (2.5s)
Train loss: 0.4427 (2.5s)
2026-06-24 19:26:37,381 - INFO - Test instance 0.8625, class 0.8625
Test instance 0.8625, class 0.8625
2026-06-24 19:26:37,382 - INFO - Best instance 0.9375, class 0.9375 (epoch 56)
Best instance 0.9375, class 0.9375 (epoch 56)
2026-06-24 19:26:37,398 - INFO - Epoch 58/200:
Epoch 58/200:
2026-06-24 19:26:39,918 - INFO - Train loss: 0.4402 (2.5s)
Train loss: 0.4402 (2.5s)
2026-06-24 19:26:40,167 - INFO - Test instance 0.7625, class 0.7625
Test instance 0.7625, class 0.7625
2026-06-24 19:26:40,168 - INFO - Best instance 0.9375, class 0.9375 (epoch 56)
Best instance 0.9375, class 0.9375 (epoch 56)
2026-06-24 19:26:40,184 - INFO - Epoch 59/200:
Epoch 59/200:
2026-06-24 19:26:42,673 - INFO - Train loss: 0.4510 (2.5s)
Train loss: 0.4510 (2.5s)
2026-06-24 19:26:42,923 - INFO - Test instance 0.9000, class 0.9000
Test instance 0.9000, class 0.9000
2026-06-24 19:26:42,924 - INFO - Best instance 0.9375, class 0.9375 (epoch 56)
Best instance 0.9375, class 0.9375 (epoch 56)
2026-06-24 19:26:42,940 - INFO - Epoch 60/200:
Epoch 60/200:
2026-06-24 19:26:45,442 - INFO - Train loss: 0.4313 (2.5s)
Train loss: 0.4313 (2.5s)
2026-06-24 19:26:45,681 - INFO - Test instance 0.8875, class 0.8875
Test instance 0.8875, class 0.8875
2026-06-24 19:26:45,682 - INFO - Best instance 0.9375, class 0.9375 (epoch 56)
Best instance 0.9375, class 0.9375 (epoch 56)
2026-06-24 19:26:45,698 - INFO - Epoch 61/200:
Epoch 61/200:
2026-06-24 19:26:48,239 - INFO - Train loss: 0.4614 (2.5s)
Train loss: 0.4614 (2.5s)
2026-06-24 19:26:48,482 - INFO - Test instance 0.8875, class 0.8875
Test instance 0.8875, class 0.8875
2026-06-24 19:26:48,483 - INFO - Best instance 0.9375, class 0.9375 (epoch 56)
Best instance 0.9375, class 0.9375 (epoch 56)
2026-06-24 19:26:48,499 - INFO - Epoch 62/200:
Epoch 62/200:
2026-06-24 19:26:51,008 - INFO - Train loss: 0.4340 (2.5s)
Train loss: 0.4340 (2.5s)
2026-06-24 19:26:51,256 - INFO - Test instance 0.9250, class 0.9250
Test instance 0.9250, class 0.9250
2026-06-24 19:26:51,257 - INFO - Best instance 0.9375, class 0.9375 (epoch 56)
Best instance 0.9375, class 0.9375 (epoch 56)
2026-06-24 19:26:51,273 - INFO - Epoch 63/200:
Epoch 63/200:
2026-06-24 19:26:53,768 - INFO - Train loss: 0.4348 (2.5s)
Train loss: 0.4348 (2.5s)
2026-06-24 19:26:54,006 - INFO - Test instance 0.8375, class 0.8375
Test instance 0.8375, class 0.8375
2026-06-24 19:26:54,007 - INFO - Best instance 0.9375, class 0.9375 (epoch 56)
Best instance 0.9375, class 0.9375 (epoch 56)
2026-06-24 19:26:54,023 - INFO - Epoch 64/200:
Epoch 64/200:
2026-06-24 19:26:56,539 - INFO - Train loss: 0.4286 (2.5s)
Train loss: 0.4286 (2.5s)
2026-06-24 19:26:56,785 - INFO - Test instance 0.8125, class 0.8125
Test instance 0.8125, class 0.8125
2026-06-24 19:26:56,786 - INFO - Best instance 0.9375, class 0.9375 (epoch 56)
Best instance 0.9375, class 0.9375 (epoch 56)
2026-06-24 19:26:56,803 - INFO - Epoch 65/200:
Epoch 65/200:
2026-06-24 19:26:59,320 - INFO - Train loss: 0.4588 (2.5s)
Train loss: 0.4588 (2.5s)
2026-06-24 19:26:59,573 - INFO - Test instance 0.9000, class 0.9000
Test instance 0.9000, class 0.9000
2026-06-24 19:26:59,574 - INFO - Best instance 0.9375, class 0.9375 (epoch 56)
Best instance 0.9375, class 0.9375 (epoch 56)
2026-06-24 19:26:59,590 - INFO - Epoch 66/200:
Epoch 66/200:
2026-06-24 19:27:02,128 - INFO - Train loss: 0.4263 (2.5s)
Train loss: 0.4263 (2.5s)
2026-06-24 19:27:02,375 - INFO - Test instance 0.8875, class 0.8875
Test instance 0.8875, class 0.8875
2026-06-24 19:27:02,375 - INFO - Best instance 0.9375, class 0.9375 (epoch 56)
Best instance 0.9375, class 0.9375 (epoch 56)
2026-06-24 19:27:02,396 - INFO - Epoch 67/200:
Epoch 67/200:
2026-06-24 19:27:04,925 - INFO - Train loss: 0.4383 (2.5s)
Train loss: 0.4383 (2.5s)
2026-06-24 19:27:05,165 - INFO - Test instance 0.9500, class 0.9500
Test instance 0.9500, class 0.9500
2026-06-24 19:27:05,181 - INFO - Best instance 0.9500, class 0.9500 (epoch 67)
Best instance 0.9500, class 0.9500 (epoch 67)
2026-06-24 19:27:05,197 - INFO - Epoch 68/200:
Epoch 68/200:
2026-06-24 19:27:07,716 - INFO - Train loss: 0.4342 (2.5s)
Train loss: 0.4342 (2.5s)
2026-06-24 19:27:07,962 - INFO - Test instance 0.8625, class 0.8625
Test instance 0.8625, class 0.8625
2026-06-24 19:27:07,962 - INFO - Best instance 0.9500, class 0.9500 (epoch 67)
Best instance 0.9500, class 0.9500 (epoch 67)
2026-06-24 19:27:07,979 - INFO - Epoch 69/200:
Epoch 69/200:
2026-06-24 19:27:10,491 - INFO - Train loss: 0.4256 (2.5s)
Train loss: 0.4256 (2.5s)
2026-06-24 19:27:10,732 - INFO - Test instance 0.8875, class 0.8875
Test instance 0.8875, class 0.8875
2026-06-24 19:27:10,732 - INFO - Best instance 0.9500, class 0.9500 (epoch 67)
Best instance 0.9500, class 0.9500 (epoch 67)
2026-06-24 19:27:10,749 - INFO - Epoch 70/200:
Epoch 70/200:
2026-06-24 19:27:13,270 - INFO - Train loss: 0.4330 (2.5s)
Train loss: 0.4330 (2.5s)
2026-06-24 19:27:13,515 - INFO - Test instance 0.8750, class 0.8750
Test instance 0.8750, class 0.8750
2026-06-24 19:27:13,515 - INFO - Best instance 0.9500, class 0.9500 (epoch 67)
Best instance 0.9500, class 0.9500 (epoch 67)
2026-06-24 19:27:13,531 - INFO - Epoch 71/200:
Epoch 71/200:
2026-06-24 19:27:16,036 - INFO - Train loss: 0.4322 (2.5s)
Train loss: 0.4322 (2.5s)
2026-06-24 19:27:16,281 - INFO - Test instance 0.8375, class 0.8375
Test instance 0.8375, class 0.8375
2026-06-24 19:27:16,281 - INFO - Best instance 0.9500, class 0.9500 (epoch 67)
Best instance 0.9500, class 0.9500 (epoch 67)
2026-06-24 19:27:16,297 - INFO - Epoch 72/200:
Epoch 72/200:
2026-06-24 19:27:18,815 - INFO - Train loss: 0.4316 (2.5s)
Train loss: 0.4316 (2.5s)
2026-06-24 19:27:19,056 - INFO - Test instance 0.9250, class 0.9250
Test instance 0.9250, class 0.9250
2026-06-24 19:27:19,056 - INFO - Best instance 0.9500, class 0.9500 (epoch 67)
Best instance 0.9500, class 0.9500 (epoch 67)
2026-06-24 19:27:19,073 - INFO - Epoch 73/200:
Epoch 73/200:
2026-06-24 19:27:21,601 - INFO - Train loss: 0.4227 (2.5s)
Train loss: 0.4227 (2.5s)
2026-06-24 19:27:21,849 - INFO - Test instance 0.8375, class 0.8375
Test instance 0.8375, class 0.8375
2026-06-24 19:27:21,850 - INFO - Best instance 0.9500, class 0.9500 (epoch 67)
Best instance 0.9500, class 0.9500 (epoch 67)
2026-06-24 19:27:21,866 - INFO - Epoch 74/200:
Epoch 74/200:
2026-06-24 19:27:24,381 - INFO - Train loss: 0.4385 (2.5s)
Train loss: 0.4385 (2.5s)
2026-06-24 19:27:24,628 - INFO - Test instance 0.9500, class 0.9500
Test instance 0.9500, class 0.9500
2026-06-24 19:27:24,628 - INFO - Best instance 0.9500, class 0.9500 (epoch 67)
Best instance 0.9500, class 0.9500 (epoch 67)
2026-06-24 19:27:24,644 - INFO - Epoch 75/200:
Epoch 75/200:
2026-06-24 19:27:27,156 - INFO - Train loss: 0.4164 (2.5s)
Train loss: 0.4164 (2.5s)
2026-06-24 19:27:27,398 - INFO - Test instance 0.9500, class 0.9500
Test instance 0.9500, class 0.9500
2026-06-24 19:27:27,398 - INFO - Best instance 0.9500, class 0.9500 (epoch 67)
Best instance 0.9500, class 0.9500 (epoch 67)
2026-06-24 19:27:27,414 - INFO - Epoch 76/200:
Epoch 76/200:
2026-06-24 19:27:29,930 - INFO - Train loss: 0.4283 (2.5s)
Train loss: 0.4283 (2.5s)
2026-06-24 19:27:30,180 - INFO - Test instance 0.8750, class 0.8750
Test instance 0.8750, class 0.8750
2026-06-24 19:27:30,180 - INFO - Best instance 0.9500, class 0.9500 (epoch 67)
Best instance 0.9500, class 0.9500 (epoch 67)
2026-06-24 19:27:30,197 - INFO - Epoch 77/200:
Epoch 77/200:
2026-06-24 19:27:32,718 - INFO - Train loss: 0.4355 (2.5s)
Train loss: 0.4355 (2.5s)
2026-06-24 19:27:32,962 - INFO - Test instance 0.9000, class 0.9000
Test instance 0.9000, class 0.9000
2026-06-24 19:27:32,963 - INFO - Best instance 0.9500, class 0.9500 (epoch 67)
Best instance 0.9500, class 0.9500 (epoch 67)
2026-06-24 19:27:32,979 - INFO - Epoch 78/200:
Epoch 78/200:
2026-06-24 19:27:35,499 - INFO - Train loss: 0.4218 (2.5s)
Train loss: 0.4218 (2.5s)
2026-06-24 19:27:35,746 - INFO - Test instance 0.8500, class 0.8500
Test instance 0.8500, class 0.8500
2026-06-24 19:27:35,746 - INFO - Best instance 0.9500, class 0.9500 (epoch 67)
Best instance 0.9500, class 0.9500 (epoch 67)
2026-06-24 19:27:35,762 - INFO - Epoch 79/200:
Epoch 79/200:
2026-06-24 19:27:38,286 - INFO - Train loss: 0.4518 (2.5s)
Train loss: 0.4518 (2.5s)
2026-06-24 19:27:38,530 - INFO - Test instance 0.9125, class 0.9125
Test instance 0.9125, class 0.9125
2026-06-24 19:27:38,530 - INFO - Best instance 0.9500, class 0.9500 (epoch 67)
Best instance 0.9500, class 0.9500 (epoch 67)
2026-06-24 19:27:38,547 - INFO - Epoch 80/200:
Epoch 80/200:
2026-06-24 19:27:41,053 - INFO - Train loss: 0.4405 (2.5s)
Train loss: 0.4405 (2.5s)
2026-06-24 19:27:41,296 - INFO - Test instance 0.8750, class 0.8750
Test instance 0.8750, class 0.8750
2026-06-24 19:27:41,296 - INFO - Best instance 0.9500, class 0.9500 (epoch 67)
Best instance 0.9500, class 0.9500 (epoch 67)
2026-06-24 19:27:41,313 - INFO - Epoch 81/200:
Epoch 81/200:
2026-06-24 19:27:43,840 - INFO - Train loss: 0.4447 (2.5s)
Train loss: 0.4447 (2.5s)
2026-06-24 19:27:44,096 - INFO - Test instance 0.8750, class 0.8750
Test instance 0.8750, class 0.8750
2026-06-24 19:27:44,096 - INFO - Best instance 0.9500, class 0.9500 (epoch 67)
Best instance 0.9500, class 0.9500 (epoch 67)
2026-06-24 19:27:44,112 - INFO - Epoch 82/200:
Epoch 82/200:
2026-06-24 19:27:46,666 - INFO - Train loss: 0.4323 (2.6s)
Train loss: 0.4323 (2.6s)
2026-06-24 19:27:46,910 - INFO - Test instance 0.9125, class 0.9125
Test instance 0.9125, class 0.9125
2026-06-24 19:27:46,911 - INFO - Best instance 0.9500, class 0.9500 (epoch 67)
Best instance 0.9500, class 0.9500 (epoch 67)
2026-06-24 19:27:46,927 - INFO - Epoch 83/200:
Epoch 83/200:
2026-06-24 19:27:49,443 - INFO - Train loss: 0.4247 (2.5s)
Train loss: 0.4247 (2.5s)
2026-06-24 19:27:49,693 - INFO - Test instance 0.8625, class 0.8625
Test instance 0.8625, class 0.8625
2026-06-24 19:27:49,695 - INFO - Best instance 0.9500, class 0.9500 (epoch 67)
Best instance 0.9500, class 0.9500 (epoch 67)
2026-06-24 19:27:49,711 - INFO - Epoch 84/200:
Epoch 84/200:
2026-06-24 19:27:52,231 - INFO - Train loss: 0.4267 (2.5s)
Train loss: 0.4267 (2.5s)
2026-06-24 19:27:52,468 - INFO - Test instance 0.9375, class 0.9375
Test instance 0.9375, class 0.9375
2026-06-24 19:27:52,468 - INFO - Best instance 0.9500, class 0.9500 (epoch 67)
Best instance 0.9500, class 0.9500 (epoch 67)
2026-06-24 19:27:52,485 - INFO - Epoch 85/200:
Epoch 85/200:
2026-06-24 19:27:54,996 - INFO - Train loss: 0.4178 (2.5s)
Train loss: 0.4178 (2.5s)
2026-06-24 19:27:55,238 - INFO - Test instance 0.9250, class 0.9250
Test instance 0.9250, class 0.9250
2026-06-24 19:27:55,238 - INFO - Best instance 0.9500, class 0.9500 (epoch 67)
Best instance 0.9500, class 0.9500 (epoch 67)
2026-06-24 19:27:55,255 - INFO - Epoch 86/200:
Epoch 86/200:
2026-06-24 19:27:57,757 - INFO - Train loss: 0.4157 (2.5s)
Train loss: 0.4157 (2.5s)
2026-06-24 19:27:57,996 - INFO - Test instance 0.9000, class 0.9000
Test instance 0.9000, class 0.9000
2026-06-24 19:27:57,996 - INFO - Best instance 0.9500, class 0.9500 (epoch 67)
Best instance 0.9500, class 0.9500 (epoch 67)
2026-06-24 19:27:58,012 - INFO - Epoch 87/200:
Epoch 87/200:
2026-06-24 19:28:00,515 - INFO - Train loss: 0.4187 (2.5s)
Train loss: 0.4187 (2.5s)
2026-06-24 19:28:00,759 - INFO - Test instance 0.9125, class 0.9125
Test instance 0.9125, class 0.9125
2026-06-24 19:28:00,759 - INFO - Best instance 0.9500, class 0.9500 (epoch 67)
Best instance 0.9500, class 0.9500 (epoch 67)
2026-06-24 19:28:00,776 - INFO - Epoch 88/200:
Epoch 88/200:
2026-06-24 19:28:03,334 - INFO - Train loss: 0.4283 (2.6s)
Train loss: 0.4283 (2.6s)
2026-06-24 19:28:03,575 - INFO - Test instance 0.8875, class 0.8875
Test instance 0.8875, class 0.8875
2026-06-24 19:28:03,575 - INFO - Best instance 0.9500, class 0.9500 (epoch 67)
Best instance 0.9500, class 0.9500 (epoch 67)
2026-06-24 19:28:03,591 - INFO - Epoch 89/200:
Epoch 89/200:
2026-06-24 19:28:06,103 - INFO - Train loss: 0.4307 (2.5s)
Train loss: 0.4307 (2.5s)
2026-06-24 19:28:06,345 - INFO - Test instance 0.9500, class 0.9500
Test instance 0.9500, class 0.9500
2026-06-24 19:28:06,348 - INFO - Best instance 0.9500, class 0.9500 (epoch 67)
Best instance 0.9500, class 0.9500 (epoch 67)
2026-06-24 19:28:06,364 - INFO - Epoch 90/200:
Epoch 90/200:
2026-06-24 19:28:08,877 - INFO - Train loss: 0.4205 (2.5s)
Train loss: 0.4205 (2.5s)
2026-06-24 19:28:09,128 - INFO - Test instance 0.9000, class 0.9000
Test instance 0.9000, class 0.9000
2026-06-24 19:28:09,128 - INFO - Best instance 0.9500, class 0.9500 (epoch 67)
Best instance 0.9500, class 0.9500 (epoch 67)
2026-06-24 19:28:09,145 - INFO - Epoch 91/200:
Epoch 91/200:
2026-06-24 19:28:11,638 - INFO - Train loss: 0.4361 (2.5s)
Train loss: 0.4361 (2.5s)
2026-06-24 19:28:11,876 - INFO - Test instance 0.9000, class 0.9000
Test instance 0.9000, class 0.9000
2026-06-24 19:28:11,876 - INFO - Best instance 0.9500, class 0.9500 (epoch 67)
Best instance 0.9500, class 0.9500 (epoch 67)
2026-06-24 19:28:11,892 - INFO - Epoch 92/200:
Epoch 92/200:
2026-06-24 19:28:14,407 - INFO - Train loss: 0.4220 (2.5s)
Train loss: 0.4220 (2.5s)
2026-06-24 19:28:14,644 - INFO - Test instance 0.9500, class 0.9500
Test instance 0.9500, class 0.9500
2026-06-24 19:28:14,644 - INFO - Best instance 0.9500, class 0.9500 (epoch 67)
Best instance 0.9500, class 0.9500 (epoch 67)
2026-06-24 19:28:14,661 - INFO - Epoch 93/200:
Epoch 93/200:
2026-06-24 19:28:17,178 - INFO - Train loss: 0.4340 (2.5s)
Train loss: 0.4340 (2.5s)
2026-06-24 19:28:17,421 - INFO - Test instance 0.9625, class 0.9625
Test instance 0.9625, class 0.9625
2026-06-24 19:28:17,437 - INFO - Best instance 0.9625, class 0.9625 (epoch 93)
Best instance 0.9625, class 0.9625 (epoch 93)
2026-06-24 19:28:17,453 - INFO - Epoch 94/200:
Epoch 94/200:
2026-06-24 19:28:19,958 - INFO - Train loss: 0.4051 (2.5s)
Train loss: 0.4051 (2.5s)
2026-06-24 19:28:20,200 - INFO - Test instance 0.9000, class 0.9000
Test instance 0.9000, class 0.9000
2026-06-24 19:28:20,200 - INFO - Best instance 0.9625, class 0.9625 (epoch 93)
Best instance 0.9625, class 0.9625 (epoch 93)
2026-06-24 19:28:20,217 - INFO - Epoch 95/200:
Epoch 95/200:
2026-06-24 19:28:22,745 - INFO - Train loss: 0.4273 (2.5s)
Train loss: 0.4273 (2.5s)
2026-06-24 19:28:22,985 - INFO - Test instance 0.9000, class 0.9000
Test instance 0.9000, class 0.9000
2026-06-24 19:28:22,986 - INFO - Best instance 0.9625, class 0.9625 (epoch 93)
Best instance 0.9625, class 0.9625 (epoch 93)
2026-06-24 19:28:23,002 - INFO - Epoch 96/200:
Epoch 96/200:
2026-06-24 19:28:25,512 - INFO - Train loss: 0.4212 (2.5s)
Train loss: 0.4212 (2.5s)
2026-06-24 19:28:25,753 - INFO - Test instance 0.9375, class 0.9375
Test instance 0.9375, class 0.9375
2026-06-24 19:28:25,753 - INFO - Best instance 0.9625, class 0.9625 (epoch 93)
Best instance 0.9625, class 0.9625 (epoch 93)
2026-06-24 19:28:25,770 - INFO - Epoch 97/200:
Epoch 97/200:
2026-06-24 19:28:28,304 - INFO - Train loss: 0.4321 (2.5s)
Train loss: 0.4321 (2.5s)
2026-06-24 19:28:28,551 - INFO - Test instance 0.9250, class 0.9250
Test instance 0.9250, class 0.9250
2026-06-24 19:28:28,552 - INFO - Best instance 0.9625, class 0.9625 (epoch 93)
Best instance 0.9625, class 0.9625 (epoch 93)
2026-06-24 19:28:28,569 - INFO - Epoch 98/200:
Epoch 98/200:
2026-06-24 19:28:31,076 - INFO - Train loss: 0.4122 (2.5s)
Train loss: 0.4122 (2.5s)
2026-06-24 19:28:31,319 - INFO - Test instance 0.9500, class 0.9500
Test instance 0.9500, class 0.9500
2026-06-24 19:28:31,319 - INFO - Best instance 0.9625, class 0.9625 (epoch 93)
Best instance 0.9625, class 0.9625 (epoch 93)
2026-06-24 19:28:31,336 - INFO - Epoch 99/200:
Epoch 99/200:
2026-06-24 19:28:33,854 - INFO - Train loss: 0.4309 (2.5s)
Train loss: 0.4309 (2.5s)
2026-06-24 19:28:34,098 - INFO - Test instance 0.8750, class 0.8750
Test instance 0.8750, class 0.8750
2026-06-24 19:28:34,098 - INFO - Best instance 0.9625, class 0.9625 (epoch 93)
Best instance 0.9625, class 0.9625 (epoch 93)
2026-06-24 19:28:34,115 - INFO - Epoch 100/200:
Epoch 100/200:
2026-06-24 19:28:36,632 - INFO - Train loss: 0.4100 (2.5s)
Train loss: 0.4100 (2.5s)
2026-06-24 19:28:36,871 - INFO - Test instance 0.9375, class 0.9375
Test instance 0.9375, class 0.9375
2026-06-24 19:28:36,872 - INFO - Best instance 0.9625, class 0.9625 (epoch 93)
Best instance 0.9625, class 0.9625 (epoch 93)
2026-06-24 19:28:36,888 - INFO - Epoch 101/200:
Epoch 101/200:
2026-06-24 19:28:39,391 - INFO - Train loss: 0.4066 (2.5s)
Train loss: 0.4066 (2.5s)
2026-06-24 19:28:39,631 - INFO - Test instance 0.9125, class 0.9125
Test instance 0.9125, class 0.9125
2026-06-24 19:28:39,632 - INFO - Best instance 0.9625, class 0.9625 (epoch 93)
Best instance 0.9625, class 0.9625 (epoch 93)
2026-06-24 19:28:39,649 - INFO - Epoch 102/200:
Epoch 102/200:
2026-06-24 19:28:42,168 - INFO - Train loss: 0.4091 (2.5s)
Train loss: 0.4091 (2.5s)
2026-06-24 19:28:42,407 - INFO - Test instance 0.9250, class 0.9250
Test instance 0.9250, class 0.9250
2026-06-24 19:28:42,407 - INFO - Best instance 0.9625, class 0.9625 (epoch 93)
Best instance 0.9625, class 0.9625 (epoch 93)
2026-06-24 19:28:42,423 - INFO - Epoch 103/200:
Epoch 103/200:
2026-06-24 19:28:44,945 - INFO - Train loss: 0.4135 (2.5s)
Train loss: 0.4135 (2.5s)
2026-06-24 19:28:45,192 - INFO - Test instance 1.0000, class 1.0000
Test instance 1.0000, class 1.0000
2026-06-24 19:28:45,209 - INFO - Best instance 1.0000, class 1.0000 (epoch 103)
Best instance 1.0000, class 1.0000 (epoch 103)
2026-06-24 19:28:45,226 - INFO - Epoch 104/200:
Epoch 104/200:
2026-06-24 19:28:47,756 - INFO - Train loss: 0.4015 (2.5s)
Train loss: 0.4015 (2.5s)
2026-06-24 19:28:48,001 - INFO - Test instance 0.9375, class 0.9375
Test instance 0.9375, class 0.9375
2026-06-24 19:28:48,002 - INFO - Best instance 1.0000, class 1.0000 (epoch 103)
Best instance 1.0000, class 1.0000 (epoch 103)
2026-06-24 19:28:48,018 - INFO - Epoch 105/200:
Epoch 105/200:
2026-06-24 19:28:50,519 - INFO - Train loss: 0.4007 (2.5s)
Train loss: 0.4007 (2.5s)
2026-06-24 19:28:50,756 - INFO - Test instance 0.9500, class 0.9500
Test instance 0.9500, class 0.9500
2026-06-24 19:28:50,757 - INFO - Best instance 1.0000, class 1.0000 (epoch 103)
Best instance 1.0000, class 1.0000 (epoch 103)
2026-06-24 19:28:50,773 - INFO - Epoch 106/200:
Epoch 106/200:
2026-06-24 19:28:53,291 - INFO - Train loss: 0.4350 (2.5s)
Train loss: 0.4350 (2.5s)
2026-06-24 19:28:53,545 - INFO - Test instance 0.9500, class 0.9500
Test instance 0.9500, class 0.9500
2026-06-24 19:28:53,545 - INFO - Best instance 1.0000, class 1.0000 (epoch 103)
Best instance 1.0000, class 1.0000 (epoch 103)
2026-06-24 19:28:53,562 - INFO - Epoch 107/200:
Epoch 107/200:
2026-06-24 19:28:56,069 - INFO - Train loss: 0.3977 (2.5s)
Train loss: 0.3977 (2.5s)
2026-06-24 19:28:56,315 - INFO - Test instance 0.9500, class 0.9500
Test instance 0.9500, class 0.9500
2026-06-24 19:28:56,315 - INFO - Best instance 1.0000, class 1.0000 (epoch 103)
Best instance 1.0000, class 1.0000 (epoch 103)
2026-06-24 19:28:56,331 - INFO - Epoch 108/200:
Epoch 108/200:
2026-06-24 19:28:58,875 - INFO - Train loss: 0.4045 (2.5s)
Train loss: 0.4045 (2.5s)
2026-06-24 19:28:59,119 - INFO - Test instance 0.9625, class 0.9625
Test instance 0.9625, class 0.9625
2026-06-24 19:28:59,120 - INFO - Best instance 1.0000, class 1.0000 (epoch 103)
Best instance 1.0000, class 1.0000 (epoch 103)
2026-06-24 19:28:59,136 - INFO - Epoch 109/200:
Epoch 109/200:
2026-06-24 19:29:01,643 - INFO - Train loss: 0.4011 (2.5s)
Train loss: 0.4011 (2.5s)
2026-06-24 19:29:01,897 - INFO - Test instance 0.9500, class 0.9500
Test instance 0.9500, class 0.9500
2026-06-24 19:29:01,897 - INFO - Best instance 1.0000, class 1.0000 (epoch 103)
Best instance 1.0000, class 1.0000 (epoch 103)
2026-06-24 19:29:01,914 - INFO - Epoch 110/200:
Epoch 110/200:
2026-06-24 19:29:04,476 - INFO - Train loss: 0.4200 (2.6s)
Train loss: 0.4200 (2.6s)
2026-06-24 19:29:04,721 - INFO - Test instance 0.9125, class 0.9125
Test instance 0.9125, class 0.9125
2026-06-24 19:29:04,721 - INFO - Best instance 1.0000, class 1.0000 (epoch 103)
Best instance 1.0000, class 1.0000 (epoch 103)
2026-06-24 19:29:04,738 - INFO - Epoch 111/200:
Epoch 111/200:
2026-06-24 19:29:07,256 - INFO - Train loss: 0.4134 (2.5s)
Train loss: 0.4134 (2.5s)
2026-06-24 19:29:07,494 - INFO - Test instance 0.9500, class 0.9500
Test instance 0.9500, class 0.9500
2026-06-24 19:29:07,495 - INFO - Best instance 1.0000, class 1.0000 (epoch 103)
Best instance 1.0000, class 1.0000 (epoch 103)
2026-06-24 19:29:07,511 - INFO - Epoch 112/200:
Epoch 112/200:
2026-06-24 19:29:10,020 - INFO - Train loss: 0.4166 (2.5s)
Train loss: 0.4166 (2.5s)
2026-06-24 19:29:10,262 - INFO - Test instance 0.9500, class 0.9500
Test instance 0.9500, class 0.9500
2026-06-24 19:29:10,262 - INFO - Best instance 1.0000, class 1.0000 (epoch 103)
Best instance 1.0000, class 1.0000 (epoch 103)
2026-06-24 19:29:10,278 - INFO - Epoch 113/200:
Epoch 113/200:
2026-06-24 19:29:12,799 - INFO - Train loss: 0.4019 (2.5s)
Train loss: 0.4019 (2.5s)
2026-06-24 19:29:13,051 - INFO - Test instance 0.8875, class 0.8875
Test instance 0.8875, class 0.8875
2026-06-24 19:29:13,051 - INFO - Best instance 1.0000, class 1.0000 (epoch 103)
Best instance 1.0000, class 1.0000 (epoch 103)
2026-06-24 19:29:13,067 - INFO - Epoch 114/200:
Epoch 114/200:
2026-06-24 19:29:15,591 - INFO - Train loss: 0.4138 (2.5s)
Train loss: 0.4138 (2.5s)
2026-06-24 19:29:15,839 - INFO - Test instance 0.9500, class 0.9500
Test instance 0.9500, class 0.9500
2026-06-24 19:29:15,840 - INFO - Best instance 1.0000, class 1.0000 (epoch 103)
Best instance 1.0000, class 1.0000 (epoch 103)
2026-06-24 19:29:15,856 - INFO - Epoch 115/200:
Epoch 115/200:
2026-06-24 19:29:18,360 - INFO - Train loss: 0.4196 (2.5s)
Train loss: 0.4196 (2.5s)
2026-06-24 19:29:18,606 - INFO - Test instance 0.9625, class 0.9625
Test instance 0.9625, class 0.9625
2026-06-24 19:29:18,606 - INFO - Best instance 1.0000, class 1.0000 (epoch 103)
Best instance 1.0000, class 1.0000 (epoch 103)
2026-06-24 19:29:18,622 - INFO - Epoch 116/200:
Epoch 116/200:
2026-06-24 19:29:21,132 - INFO - Train loss: 0.4070 (2.5s)
Train loss: 0.4070 (2.5s)
2026-06-24 19:29:21,380 - INFO - Test instance 0.9000, class 0.9000
Test instance 0.9000, class 0.9000
2026-06-24 19:29:21,380 - INFO - Best instance 1.0000, class 1.0000 (epoch 103)
Best instance 1.0000, class 1.0000 (epoch 103)
2026-06-24 19:29:21,397 - INFO - Epoch 117/200:
Epoch 117/200:
2026-06-24 19:29:23,907 - INFO - Train loss: 0.4188 (2.5s)
Train loss: 0.4188 (2.5s)
2026-06-24 19:29:24,150 - INFO - Test instance 0.8875, class 0.8875
Test instance 0.8875, class 0.8875
2026-06-24 19:29:24,150 - INFO - Best instance 1.0000, class 1.0000 (epoch 103)
Best instance 1.0000, class 1.0000 (epoch 103)
2026-06-24 19:29:24,167 - INFO - Epoch 118/200:
Epoch 118/200:
2026-06-24 19:29:26,712 - INFO - Train loss: 0.4134 (2.5s)
Train loss: 0.4134 (2.5s)
2026-06-24 19:29:26,958 - INFO - Test instance 0.9250, class 0.9250
Test instance 0.9250, class 0.9250
2026-06-24 19:29:26,958 - INFO - Best instance 1.0000, class 1.0000 (epoch 103)
Best instance 1.0000, class 1.0000 (epoch 103)
2026-06-24 19:29:26,975 - INFO - Epoch 119/200:
Epoch 119/200:
2026-06-24 19:29:29,485 - INFO - Train loss: 0.4083 (2.5s)
Train loss: 0.4083 (2.5s)
2026-06-24 19:29:29,729 - INFO - Test instance 0.9625, class 0.9625
Test instance 0.9625, class 0.9625
2026-06-24 19:29:29,729 - INFO - Best instance 1.0000, class 1.0000 (epoch 103)
Best instance 1.0000, class 1.0000 (epoch 103)
2026-06-24 19:29:29,745 - INFO - Epoch 120/200:
Epoch 120/200:
2026-06-24 19:29:32,258 - INFO - Train loss: 0.4191 (2.5s)
Train loss: 0.4191 (2.5s)
2026-06-24 19:29:32,495 - INFO - Test instance 0.9125, class 0.9125
Test instance 0.9125, class 0.9125
2026-06-24 19:29:32,495 - INFO - Best instance 1.0000, class 1.0000 (epoch 103)
Best instance 1.0000, class 1.0000 (epoch 103)
2026-06-24 19:29:32,511 - INFO - Epoch 121/200:
Epoch 121/200:
2026-06-24 19:29:35,022 - INFO - Train loss: 0.4217 (2.5s)
Train loss: 0.4217 (2.5s)
2026-06-24 19:29:35,264 - INFO - Test instance 0.9375, class 0.9375
Test instance 0.9375, class 0.9375
2026-06-24 19:29:35,264 - INFO - Best instance 1.0000, class 1.0000 (epoch 103)
Best instance 1.0000, class 1.0000 (epoch 103)
2026-06-24 19:29:35,280 - INFO - Epoch 122/200:
Epoch 122/200:
2026-06-24 19:29:37,808 - INFO - Train loss: 0.4059 (2.5s)
Train loss: 0.4059 (2.5s)
2026-06-24 19:29:38,059 - INFO - Test instance 0.9500, class 0.9500
Test instance 0.9500, class 0.9500
2026-06-24 19:29:38,059 - INFO - Best instance 1.0000, class 1.0000 (epoch 103)
Best instance 1.0000, class 1.0000 (epoch 103)
2026-06-24 19:29:38,076 - INFO - Epoch 123/200:
Epoch 123/200:
2026-06-24 19:29:40,593 - INFO - Train loss: 0.4050 (2.5s)
Train loss: 0.4050 (2.5s)
2026-06-24 19:29:40,832 - INFO - Test instance 0.9625, class 0.9625
Test instance 0.9625, class 0.9625
2026-06-24 19:29:40,833 - INFO - Best instance 1.0000, class 1.0000 (epoch 103)
Best instance 1.0000, class 1.0000 (epoch 103)
2026-06-24 19:29:40,850 - INFO - Epoch 124/200:
Epoch 124/200:
2026-06-24 19:29:43,352 - INFO - Train loss: 0.4140 (2.5s)
Train loss: 0.4140 (2.5s)
2026-06-24 19:29:43,594 - INFO - Test instance 0.9625, class 0.9625
Test instance 0.9625, class 0.9625
2026-06-24 19:29:43,594 - INFO - Best instance 1.0000, class 1.0000 (epoch 103)
Best instance 1.0000, class 1.0000 (epoch 103)
2026-06-24 19:29:43,610 - INFO - Epoch 125/200:
Epoch 125/200:
2026-06-24 19:29:46,138 - INFO - Train loss: 0.4086 (2.5s)
Train loss: 0.4086 (2.5s)
2026-06-24 19:29:46,383 - INFO - Test instance 0.9750, class 0.9750
Test instance 0.9750, class 0.9750
2026-06-24 19:29:46,383 - INFO - Best instance 1.0000, class 1.0000 (epoch 103)
Best instance 1.0000, class 1.0000 (epoch 103)
2026-06-24 19:29:46,400 - INFO - Epoch 126/200:
Epoch 126/200:
2026-06-24 19:29:48,928 - INFO - Train loss: 0.4152 (2.5s)
Train loss: 0.4152 (2.5s)
2026-06-24 19:29:49,173 - INFO - Test instance 0.9500, class 0.9500
Test instance 0.9500, class 0.9500
2026-06-24 19:29:49,174 - INFO - Best instance 1.0000, class 1.0000 (epoch 103)
Best instance 1.0000, class 1.0000 (epoch 103)
2026-06-24 19:29:49,190 - INFO - Epoch 127/200:
Epoch 127/200:
2026-06-24 19:29:51,725 - INFO - Train loss: 0.4010 (2.5s)
Train loss: 0.4010 (2.5s)
2026-06-24 19:29:51,968 - INFO - Test instance 0.9750, class 0.9750
Test instance 0.9750, class 0.9750
2026-06-24 19:29:51,969 - INFO - Best instance 1.0000, class 1.0000 (epoch 103)
Best instance 1.0000, class 1.0000 (epoch 103)
2026-06-24 19:29:51,985 - INFO - Epoch 128/200:
Epoch 128/200:
2026-06-24 19:29:54,517 - INFO - Train loss: 0.3981 (2.5s)
Train loss: 0.3981 (2.5s)
2026-06-24 19:29:54,771 - INFO - Test instance 0.9625, class 0.9625
Test instance 0.9625, class 0.9625
2026-06-24 19:29:54,772 - INFO - Best instance 1.0000, class 1.0000 (epoch 103)
Best instance 1.0000, class 1.0000 (epoch 103)
2026-06-24 19:29:54,788 - INFO - Epoch 129/200:
Epoch 129/200:
2026-06-24 19:29:57,315 - INFO - Train loss: 0.4253 (2.5s)
Train loss: 0.4253 (2.5s)
2026-06-24 19:29:57,561 - INFO - Test instance 0.9375, class 0.9375
Test instance 0.9375, class 0.9375
2026-06-24 19:29:57,561 - INFO - Best instance 1.0000, class 1.0000 (epoch 103)
Best instance 1.0000, class 1.0000 (epoch 103)
2026-06-24 19:29:57,577 - INFO - Epoch 130/200:
Epoch 130/200:
2026-06-24 19:30:00,089 - INFO - Train loss: 0.4064 (2.5s)
Train loss: 0.4064 (2.5s)
2026-06-24 19:30:00,328 - INFO - Test instance 0.9250, class 0.9250
Test instance 0.9250, class 0.9250
2026-06-24 19:30:00,328 - INFO - Best instance 1.0000, class 1.0000 (epoch 103)
Best instance 1.0000, class 1.0000 (epoch 103)
2026-06-24 19:30:00,345 - INFO - Epoch 131/200:
Epoch 131/200:
2026-06-24 19:30:02,905 - INFO - Train loss: 0.4062 (2.6s)
Train loss: 0.4062 (2.6s)
2026-06-24 19:30:03,154 - INFO - Test instance 0.9125, class 0.9125
Test instance 0.9125, class 0.9125
2026-06-24 19:30:03,154 - INFO - Best instance 1.0000, class 1.0000 (epoch 103)
Best instance 1.0000, class 1.0000 (epoch 103)
2026-06-24 19:30:03,171 - INFO - Epoch 132/200:
Epoch 132/200:
2026-06-24 19:30:05,680 - INFO - Train loss: 0.4010 (2.5s)
Train loss: 0.4010 (2.5s)
2026-06-24 19:30:05,923 - INFO - Test instance 0.9500, class 0.9500
Test instance 0.9500, class 0.9500
2026-06-24 19:30:05,924 - INFO - Best instance 1.0000, class 1.0000 (epoch 103)
Best instance 1.0000, class 1.0000 (epoch 103)
2026-06-24 19:30:05,940 - INFO - Epoch 133/200:
Epoch 133/200:
2026-06-24 19:30:08,454 - INFO - Train loss: 0.4122 (2.5s)
Train loss: 0.4122 (2.5s)
2026-06-24 19:30:08,698 - INFO - Test instance 0.9625, class 0.9625
Test instance 0.9625, class 0.9625
2026-06-24 19:30:08,699 - INFO - Best instance 1.0000, class 1.0000 (epoch 103)
Best instance 1.0000, class 1.0000 (epoch 103)
2026-06-24 19:30:08,716 - INFO - Epoch 134/200:
Epoch 134/200:
2026-06-24 19:30:11,239 - INFO - Train loss: 0.4076 (2.5s)
Train loss: 0.4076 (2.5s)
2026-06-24 19:30:11,488 - INFO - Test instance 0.9625, class 0.9625
Test instance 0.9625, class 0.9625
2026-06-24 19:30:11,488 - INFO - Best instance 1.0000, class 1.0000 (epoch 103)
Best instance 1.0000, class 1.0000 (epoch 103)
2026-06-24 19:30:11,505 - INFO - Epoch 135/200:
Epoch 135/200:
2026-06-24 19:30:14,029 - INFO - Train loss: 0.3967 (2.5s)
Train loss: 0.3967 (2.5s)
2026-06-24 19:30:14,278 - INFO - Test instance 0.9875, class 0.9875
Test instance 0.9875, class 0.9875
2026-06-24 19:30:14,278 - INFO - Best instance 1.0000, class 1.0000 (epoch 103)
Best instance 1.0000, class 1.0000 (epoch 103)
2026-06-24 19:30:14,295 - INFO - Epoch 136/200:
Epoch 136/200:
2026-06-24 19:30:16,818 - INFO - Train loss: 0.3974 (2.5s)
Train loss: 0.3974 (2.5s)
2026-06-24 19:30:17,062 - INFO - Test instance 0.9625, class 0.9625
Test instance 0.9625, class 0.9625
2026-06-24 19:30:17,062 - INFO - Best instance 1.0000, class 1.0000 (epoch 103)
Best instance 1.0000, class 1.0000 (epoch 103)
2026-06-24 19:30:17,079 - INFO - Epoch 137/200:
Epoch 137/200:
2026-06-24 19:30:19,590 - INFO - Train loss: 0.3990 (2.5s)
Train loss: 0.3990 (2.5s)
2026-06-24 19:30:19,836 - INFO - Test instance 0.9500, class 0.9500
Test instance 0.9500, class 0.9500
2026-06-24 19:30:19,837 - INFO - Best instance 1.0000, class 1.0000 (epoch 103)
Best instance 1.0000, class 1.0000 (epoch 103)
2026-06-24 19:30:19,853 - INFO - Epoch 138/200:
Epoch 138/200:
2026-06-24 19:30:22,363 - INFO - Train loss: 0.4067 (2.5s)
Train loss: 0.4067 (2.5s)
2026-06-24 19:30:22,614 - INFO - Test instance 0.9875, class 0.9875
Test instance 0.9875, class 0.9875
2026-06-24 19:30:22,615 - INFO - Best instance 1.0000, class 1.0000 (epoch 103)
Best instance 1.0000, class 1.0000 (epoch 103)
2026-06-24 19:30:22,631 - INFO - Epoch 139/200:
Epoch 139/200:
2026-06-24 19:30:25,153 - INFO - Train loss: 0.4019 (2.5s)
Train loss: 0.4019 (2.5s)
2026-06-24 19:30:25,399 - INFO - Test instance 0.9750, class 0.9750
Test instance 0.9750, class 0.9750
2026-06-24 19:30:25,399 - INFO - Best instance 1.0000, class 1.0000 (epoch 103)
Best instance 1.0000, class 1.0000 (epoch 103)
2026-06-24 19:30:25,415 - INFO - Epoch 140/200:
Epoch 140/200:
2026-06-24 19:30:27,926 - INFO - Train loss: 0.4169 (2.5s)
Train loss: 0.4169 (2.5s)
2026-06-24 19:30:28,168 - INFO - Test instance 0.9750, class 0.9750
Test instance 0.9750, class 0.9750
2026-06-24 19:30:28,168 - INFO - Best instance 1.0000, class 1.0000 (epoch 103)
Best instance 1.0000, class 1.0000 (epoch 103)
2026-06-24 19:30:28,184 - INFO - Epoch 141/200:
Epoch 141/200:
2026-06-24 19:30:30,717 - INFO - Train loss: 0.4134 (2.5s)
Train loss: 0.4134 (2.5s)
2026-06-24 19:30:30,959 - INFO - Test instance 0.9000, class 0.9000
Test instance 0.9000, class 0.9000
2026-06-24 19:30:30,963 - INFO - Best instance 1.0000, class 1.0000 (epoch 103)
Best instance 1.0000, class 1.0000 (epoch 103)
2026-06-24 19:30:30,984 - INFO - Epoch 142/200:
Epoch 142/200:
2026-06-24 19:30:33,517 - INFO - Train loss: 0.3988 (2.5s)
Train loss: 0.3988 (2.5s)
2026-06-24 19:30:33,760 - INFO - Test instance 0.9375, class 0.9375
Test instance 0.9375, class 0.9375
2026-06-24 19:30:33,761 - INFO - Best instance 1.0000, class 1.0000 (epoch 103)
Best instance 1.0000, class 1.0000 (epoch 103)
2026-06-24 19:30:33,777 - INFO - Epoch 143/200:
Epoch 143/200:
2026-06-24 19:30:36,298 - INFO - Train loss: 0.3912 (2.5s)
Train loss: 0.3912 (2.5s)
2026-06-24 19:30:36,542 - INFO - Test instance 0.9625, class 0.9625
Test instance 0.9625, class 0.9625
2026-06-24 19:30:36,542 - INFO - Best instance 1.0000, class 1.0000 (epoch 103)
Best instance 1.0000, class 1.0000 (epoch 103)
2026-06-24 19:30:36,558 - INFO - Epoch 144/200:
Epoch 144/200:
2026-06-24 19:30:39,071 - INFO - Train loss: 0.3886 (2.5s)
Train loss: 0.3886 (2.5s)
2026-06-24 19:30:39,314 - INFO - Test instance 0.9750, class 0.9750
Test instance 0.9750, class 0.9750
2026-06-24 19:30:39,314 - INFO - Best instance 1.0000, class 1.0000 (epoch 103)
Best instance 1.0000, class 1.0000 (epoch 103)
2026-06-24 19:30:39,330 - INFO - Epoch 145/200:
Epoch 145/200:
2026-06-24 19:30:41,845 - INFO - Train loss: 0.4065 (2.5s)
Train loss: 0.4065 (2.5s)
2026-06-24 19:30:42,096 - INFO - Test instance 0.9625, class 0.9625
Test instance 0.9625, class 0.9625
2026-06-24 19:30:42,097 - INFO - Best instance 1.0000, class 1.0000 (epoch 103)
Best instance 1.0000, class 1.0000 (epoch 103)
2026-06-24 19:30:42,113 - INFO - Epoch 146/200:
Epoch 146/200:
2026-06-24 19:30:44,638 - INFO - Train loss: 0.4139 (2.5s)
Train loss: 0.4139 (2.5s)
2026-06-24 19:30:44,882 - INFO - Test instance 0.9375, class 0.9375
Test instance 0.9375, class 0.9375
2026-06-24 19:30:44,883 - INFO - Best instance 1.0000, class 1.0000 (epoch 103)
Best instance 1.0000, class 1.0000 (epoch 103)
2026-06-24 19:30:44,899 - INFO - Epoch 147/200:
Epoch 147/200:
2026-06-24 19:30:47,428 - INFO - Train loss: 0.3981 (2.5s)
Train loss: 0.3981 (2.5s)
2026-06-24 19:30:47,671 - INFO - Test instance 0.9750, class 0.9750
Test instance 0.9750, class 0.9750
2026-06-24 19:30:47,672 - INFO - Best instance 1.0000, class 1.0000 (epoch 103)
Best instance 1.0000, class 1.0000 (epoch 103)
2026-06-24 19:30:47,688 - INFO - Epoch 148/200:
Epoch 148/200:
2026-06-24 19:30:50,207 - INFO - Train loss: 0.4040 (2.5s)
Train loss: 0.4040 (2.5s)
2026-06-24 19:30:50,447 - INFO - Test instance 0.9625, class 0.9625
Test instance 0.9625, class 0.9625
2026-06-24 19:30:50,447 - INFO - Best instance 1.0000, class 1.0000 (epoch 103)
Best instance 1.0000, class 1.0000 (epoch 103)
2026-06-24 19:30:50,463 - INFO - Epoch 149/200:
Epoch 149/200:
2026-06-24 19:30:52,991 - INFO - Train loss: 0.4015 (2.5s)
Train loss: 0.4015 (2.5s)
2026-06-24 19:30:53,232 - INFO - Test instance 0.9500, class 0.9500
Test instance 0.9500, class 0.9500
2026-06-24 19:30:53,233 - INFO - Best instance 1.0000, class 1.0000 (epoch 103)
Best instance 1.0000, class 1.0000 (epoch 103)
2026-06-24 19:30:53,250 - INFO - Epoch 150/200:
Epoch 150/200:
2026-06-24 19:30:55,754 - INFO - Train loss: 0.4073 (2.5s)
Train loss: 0.4073 (2.5s)
2026-06-24 19:30:55,998 - INFO - Test instance 1.0000, class 1.0000
Test instance 1.0000, class 1.0000
2026-06-24 19:30:55,999 - INFO - Best instance 1.0000, class 1.0000 (epoch 103)
Best instance 1.0000, class 1.0000 (epoch 103)
2026-06-24 19:30:56,015 - INFO - Epoch 151/200:
Epoch 151/200:
2026-06-24 19:30:58,528 - INFO - Train loss: 0.4122 (2.5s)
Train loss: 0.4122 (2.5s)
2026-06-24 19:30:58,770 - INFO - Test instance 0.9500, class 0.9500
Test instance 0.9500, class 0.9500
2026-06-24 19:30:58,770 - INFO - Best instance 1.0000, class 1.0000 (epoch 103)
Best instance 1.0000, class 1.0000 (epoch 103)
2026-06-24 19:30:58,787 - INFO - Epoch 152/200:
Epoch 152/200:
2026-06-24 19:31:01,319 - INFO - Train loss: 0.4015 (2.5s)
Train loss: 0.4015 (2.5s)
2026-06-24 19:31:01,562 - INFO - Test instance 0.9250, class 0.9250
Test instance 0.9250, class 0.9250
2026-06-24 19:31:01,562 - INFO - Best instance 1.0000, class 1.0000 (epoch 103)
Best instance 1.0000, class 1.0000 (epoch 103)
2026-06-24 19:31:01,579 - INFO - Epoch 153/200:
Epoch 153/200:
2026-06-24 19:31:04,142 - INFO - Train loss: 0.3975 (2.6s)
Train loss: 0.3975 (2.6s)
2026-06-24 19:31:04,381 - INFO - Test instance 0.9625, class 0.9625
Test instance 0.9625, class 0.9625
2026-06-24 19:31:04,381 - INFO - Best instance 1.0000, class 1.0000 (epoch 103)
Best instance 1.0000, class 1.0000 (epoch 103)
2026-06-24 19:31:04,397 - INFO - Epoch 154/200:
Epoch 154/200:
2026-06-24 19:31:06,918 - INFO - Train loss: 0.4086 (2.5s)
Train loss: 0.4086 (2.5s)
2026-06-24 19:31:07,164 - INFO - Test instance 0.9875, class 0.9875
Test instance 0.9875, class 0.9875
2026-06-24 19:31:07,165 - INFO - Best instance 1.0000, class 1.0000 (epoch 103)
Best instance 1.0000, class 1.0000 (epoch 103)
2026-06-24 19:31:07,181 - INFO - Epoch 155/200:
Epoch 155/200:
2026-06-24 19:31:09,708 - INFO - Train loss: 0.3948 (2.5s)
Train loss: 0.3948 (2.5s)
2026-06-24 19:31:09,952 - INFO - Test instance 0.9625, class 0.9625
Test instance 0.9625, class 0.9625
2026-06-24 19:31:09,952 - INFO - Best instance 1.0000, class 1.0000 (epoch 103)
Best instance 1.0000, class 1.0000 (epoch 103)
2026-06-24 19:31:09,969 - INFO - Epoch 156/200:
Epoch 156/200:
2026-06-24 19:31:12,495 - INFO - Train loss: 0.3999 (2.5s)
Train loss: 0.3999 (2.5s)
2026-06-24 19:31:12,736 - INFO - Test instance 0.9625, class 0.9625
Test instance 0.9625, class 0.9625
2026-06-24 19:31:12,736 - INFO - Best instance 1.0000, class 1.0000 (epoch 103)
Best instance 1.0000, class 1.0000 (epoch 103)
2026-06-24 19:31:12,753 - INFO - Epoch 157/200:
Epoch 157/200:
2026-06-24 19:31:15,265 - INFO - Train loss: 0.4048 (2.5s)
Train loss: 0.4048 (2.5s)
2026-06-24 19:31:15,519 - INFO - Test instance 0.9750, class 0.9750
Test instance 0.9750, class 0.9750
2026-06-24 19:31:15,519 - INFO - Best instance 1.0000, class 1.0000 (epoch 103)
Best instance 1.0000, class 1.0000 (epoch 103)
2026-06-24 19:31:15,538 - INFO - Epoch 158/200:
Epoch 158/200:
2026-06-24 19:31:18,064 - INFO - Train loss: 0.4047 (2.5s)
Train loss: 0.4047 (2.5s)
2026-06-24 19:31:18,305 - INFO - Test instance 0.9375, class 0.9375
Test instance 0.9375, class 0.9375
2026-06-24 19:31:18,306 - INFO - Best instance 1.0000, class 1.0000 (epoch 103)
Best instance 1.0000, class 1.0000 (epoch 103)
2026-06-24 19:31:18,324 - INFO - Epoch 159/200:
Epoch 159/200:
2026-06-24 19:31:20,859 - INFO - Train loss: 0.4045 (2.5s)
Train loss: 0.4045 (2.5s)
2026-06-24 19:31:21,112 - INFO - Test instance 0.9875, class 0.9875
Test instance 0.9875, class 0.9875
2026-06-24 19:31:21,113 - INFO - Best instance 1.0000, class 1.0000 (epoch 103)
Best instance 1.0000, class 1.0000 (epoch 103)
2026-06-24 19:31:21,129 - INFO - Epoch 160/200:
Epoch 160/200:
2026-06-24 19:31:23,661 - INFO - Train loss: 0.4186 (2.5s)
Train loss: 0.4186 (2.5s)
2026-06-24 19:31:23,907 - INFO - Test instance 0.9750, class 0.9750
Test instance 0.9750, class 0.9750
2026-06-24 19:31:23,908 - INFO - Best instance 1.0000, class 1.0000 (epoch 103)
Best instance 1.0000, class 1.0000 (epoch 103)
2026-06-24 19:31:23,924 - INFO - Epoch 161/200:
Epoch 161/200:
2026-06-24 19:31:26,441 - INFO - Train loss: 0.4083 (2.5s)
Train loss: 0.4083 (2.5s)
2026-06-24 19:31:26,686 - INFO - Test instance 0.9375, class 0.9375
Test instance 0.9375, class 0.9375
2026-06-24 19:31:26,686 - INFO - Best instance 1.0000, class 1.0000 (epoch 103)
Best instance 1.0000, class 1.0000 (epoch 103)
2026-06-24 19:31:26,703 - INFO - Epoch 162/200:
Epoch 162/200:
2026-06-24 19:31:29,230 - INFO - Train loss: 0.3943 (2.5s)
Train loss: 0.3943 (2.5s)
2026-06-24 19:31:29,472 - INFO - Test instance 0.9750, class 0.9750
Test instance 0.9750, class 0.9750
2026-06-24 19:31:29,473 - INFO - Best instance 1.0000, class 1.0000 (epoch 103)
Best instance 1.0000, class 1.0000 (epoch 103)
2026-06-24 19:31:29,489 - INFO - Epoch 163/200:
Epoch 163/200:
2026-06-24 19:31:32,016 - INFO - Train loss: 0.3987 (2.5s)
Train loss: 0.3987 (2.5s)
2026-06-24 19:31:32,269 - INFO - Test instance 0.9750, class 0.9750
Test instance 0.9750, class 0.9750
2026-06-24 19:31:32,269 - INFO - Best instance 1.0000, class 1.0000 (epoch 103)
Best instance 1.0000, class 1.0000 (epoch 103)
2026-06-24 19:31:32,286 - INFO - Epoch 164/200:
Epoch 164/200:
2026-06-24 19:31:34,807 - INFO - Train loss: 0.4038 (2.5s)
Train loss: 0.4038 (2.5s)
2026-06-24 19:31:35,058 - INFO - Test instance 0.9875, class 0.9875
Test instance 0.9875, class 0.9875
2026-06-24 19:31:35,058 - INFO - Best instance 1.0000, class 1.0000 (epoch 103)
Best instance 1.0000, class 1.0000 (epoch 103)
2026-06-24 19:31:35,075 - INFO - Epoch 165/200:
Epoch 165/200:
2026-06-24 19:31:37,605 - INFO - Train loss: 0.3974 (2.5s)
Train loss: 0.3974 (2.5s)
2026-06-24 19:31:37,855 - INFO - Test instance 0.9625, class 0.9625
Test instance 0.9625, class 0.9625
2026-06-24 19:31:37,855 - INFO - Best instance 1.0000, class 1.0000 (epoch 103)
Best instance 1.0000, class 1.0000 (epoch 103)
2026-06-24 19:31:37,872 - INFO - Epoch 166/200:
Epoch 166/200:
2026-06-24 19:31:40,405 - INFO - Train loss: 0.3878 (2.5s)
Train loss: 0.3878 (2.5s)
2026-06-24 19:31:40,645 - INFO - Test instance 0.9125, class 0.9125
Test instance 0.9125, class 0.9125
2026-06-24 19:31:40,645 - INFO - Best instance 1.0000, class 1.0000 (epoch 103)
Best instance 1.0000, class 1.0000 (epoch 103)
2026-06-24 19:31:40,662 - INFO - Epoch 167/200:
Epoch 167/200:
2026-06-24 19:31:43,182 - INFO - Train loss: 0.4108 (2.5s)
Train loss: 0.4108 (2.5s)
2026-06-24 19:31:43,427 - INFO - Test instance 0.9500, class 0.9500
Test instance 0.9500, class 0.9500
2026-06-24 19:31:43,427 - INFO - Best instance 1.0000, class 1.0000 (epoch 103)
Best instance 1.0000, class 1.0000 (epoch 103)
2026-06-24 19:31:43,444 - INFO - Epoch 168/200:
Epoch 168/200:
2026-06-24 19:31:45,959 - INFO - Train loss: 0.3972 (2.5s)
Train loss: 0.3972 (2.5s)
2026-06-24 19:31:46,203 - INFO - Test instance 0.9500, class 0.9500
Test instance 0.9500, class 0.9500
2026-06-24 19:31:46,203 - INFO - Best instance 1.0000, class 1.0000 (epoch 103)
Best instance 1.0000, class 1.0000 (epoch 103)
2026-06-24 19:31:46,220 - INFO - Epoch 169/200:
Epoch 169/200:
2026-06-24 19:31:48,725 - INFO - Train loss: 0.4041 (2.5s)
Train loss: 0.4041 (2.5s)
2026-06-24 19:31:48,971 - INFO - Test instance 0.9625, class 0.9625
Test instance 0.9625, class 0.9625
2026-06-24 19:31:48,972 - INFO - Best instance 1.0000, class 1.0000 (epoch 103)
Best instance 1.0000, class 1.0000 (epoch 103)
2026-06-24 19:31:48,988 - INFO - Epoch 170/200:
Epoch 170/200:
2026-06-24 19:31:51,494 - INFO - Train loss: 0.4112 (2.5s)
Train loss: 0.4112 (2.5s)
2026-06-24 19:31:51,734 - INFO - Test instance 0.9500, class 0.9500
Test instance 0.9500, class 0.9500
2026-06-24 19:31:51,735 - INFO - Best instance 1.0000, class 1.0000 (epoch 103)
Best instance 1.0000, class 1.0000 (epoch 103)
2026-06-24 19:31:51,751 - INFO - Epoch 171/200:
Epoch 171/200:
2026-06-24 19:31:54,263 - INFO - Train loss: 0.3908 (2.5s)
Train loss: 0.3908 (2.5s)
2026-06-24 19:31:54,507 - INFO - Test instance 0.9500, class 0.9500
Test instance 0.9500, class 0.9500
2026-06-24 19:31:54,507 - INFO - Best instance 1.0000, class 1.0000 (epoch 103)
Best instance 1.0000, class 1.0000 (epoch 103)
2026-06-24 19:31:54,524 - INFO - Epoch 172/200:
Epoch 172/200:
2026-06-24 19:31:57,046 - INFO - Train loss: 0.4166 (2.5s)
Train loss: 0.4166 (2.5s)
2026-06-24 19:31:57,291 - INFO - Test instance 0.9750, class 0.9750
Test instance 0.9750, class 0.9750
2026-06-24 19:31:57,291 - INFO - Best instance 1.0000, class 1.0000 (epoch 103)
Best instance 1.0000, class 1.0000 (epoch 103)
2026-06-24 19:31:57,308 - INFO - Epoch 173/200:
Epoch 173/200:
2026-06-24 19:31:59,811 - INFO - Train loss: 0.4148 (2.5s)
Train loss: 0.4148 (2.5s)
2026-06-24 19:32:00,051 - INFO - Test instance 0.9875, class 0.9875
Test instance 0.9875, class 0.9875
2026-06-24 19:32:00,051 - INFO - Best instance 1.0000, class 1.0000 (epoch 103)
Best instance 1.0000, class 1.0000 (epoch 103)
2026-06-24 19:32:00,067 - INFO - Epoch 174/200:
Epoch 174/200:
2026-06-24 19:32:02,634 - INFO - Train loss: 0.4109 (2.6s)
Train loss: 0.4109 (2.6s)
2026-06-24 19:32:02,881 - INFO - Test instance 0.9500, class 0.9500
Test instance 0.9500, class 0.9500
2026-06-24 19:32:02,882 - INFO - Best instance 1.0000, class 1.0000 (epoch 103)
Best instance 1.0000, class 1.0000 (epoch 103)
2026-06-24 19:32:02,898 - INFO - Epoch 175/200:
Epoch 175/200:
2026-06-24 19:32:05,415 - INFO - Train loss: 0.4059 (2.5s)
Train loss: 0.4059 (2.5s)
2026-06-24 19:32:05,653 - INFO - Test instance 0.9375, class 0.9375
Test instance 0.9375, class 0.9375
2026-06-24 19:32:05,654 - INFO - Best instance 1.0000, class 1.0000 (epoch 103)
Best instance 1.0000, class 1.0000 (epoch 103)
2026-06-24 19:32:05,670 - INFO - Epoch 176/200:
Epoch 176/200:
2026-06-24 19:32:08,162 - INFO - Train loss: 0.4058 (2.5s)
Train loss: 0.4058 (2.5s)
2026-06-24 19:32:08,410 - INFO - Test instance 0.9750, class 0.9750
Test instance 0.9750, class 0.9750
2026-06-24 19:32:08,410 - INFO - Best instance 1.0000, class 1.0000 (epoch 103)
Best instance 1.0000, class 1.0000 (epoch 103)
2026-06-24 19:32:08,427 - INFO - Epoch 177/200:
Epoch 177/200:
2026-06-24 19:32:10,948 - INFO - Train loss: 0.4027 (2.5s)
Train loss: 0.4027 (2.5s)
2026-06-24 19:32:11,195 - INFO - Test instance 0.9625, class 0.9625
Test instance 0.9625, class 0.9625
2026-06-24 19:32:11,196 - INFO - Best instance 1.0000, class 1.0000 (epoch 103)
Best instance 1.0000, class 1.0000 (epoch 103)
2026-06-24 19:32:11,212 - INFO - Epoch 178/200:
Epoch 178/200:
2026-06-24 19:32:13,726 - INFO - Train loss: 0.3964 (2.5s)
Train loss: 0.3964 (2.5s)
2026-06-24 19:32:13,972 - INFO - Test instance 0.9750, class 0.9750
Test instance 0.9750, class 0.9750
2026-06-24 19:32:13,972 - INFO - Best instance 1.0000, class 1.0000 (epoch 103)
Best instance 1.0000, class 1.0000 (epoch 103)
2026-06-24 19:32:13,988 - INFO - Epoch 179/200:
Epoch 179/200:
2026-06-24 19:32:16,511 - INFO - Train loss: 0.4048 (2.5s)
Train loss: 0.4048 (2.5s)
2026-06-24 19:32:16,760 - INFO - Test instance 0.9750, class 0.9750
Test instance 0.9750, class 0.9750
2026-06-24 19:32:16,760 - INFO - Best instance 1.0000, class 1.0000 (epoch 103)
Best instance 1.0000, class 1.0000 (epoch 103)
2026-06-24 19:32:16,777 - INFO - Epoch 180/200:
Epoch 180/200:
2026-06-24 19:32:19,281 - INFO - Train loss: 0.3825 (2.5s)
Train loss: 0.3825 (2.5s)
2026-06-24 19:32:19,520 - INFO - Test instance 0.9750, class 0.9750
Test instance 0.9750, class 0.9750
2026-06-24 19:32:19,521 - INFO - Best instance 1.0000, class 1.0000 (epoch 103)
Best instance 1.0000, class 1.0000 (epoch 103)
2026-06-24 19:32:19,537 - INFO - Epoch 181/200:
Epoch 181/200:
2026-06-24 19:32:22,063 - INFO - Train loss: 0.3907 (2.5s)
Train loss: 0.3907 (2.5s)
2026-06-24 19:32:22,308 - INFO - Test instance 0.9500, class 0.9500
Test instance 0.9500, class 0.9500
2026-06-24 19:32:22,308 - INFO - Best instance 1.0000, class 1.0000 (epoch 103)
Best instance 1.0000, class 1.0000 (epoch 103)
2026-06-24 19:32:22,325 - INFO - Epoch 182/200:
Epoch 182/200:
2026-06-24 19:32:24,853 - INFO - Train loss: 0.4059 (2.5s)
Train loss: 0.4059 (2.5s)
2026-06-24 19:32:25,104 - INFO - Test instance 0.9625, class 0.9625
Test instance 0.9625, class 0.9625
2026-06-24 19:32:25,104 - INFO - Best instance 1.0000, class 1.0000 (epoch 103)
Best instance 1.0000, class 1.0000 (epoch 103)
2026-06-24 19:32:25,121 - INFO - Epoch 183/200:
Epoch 183/200:
2026-06-24 19:32:27,618 - INFO - Train loss: 0.4050 (2.5s)
Train loss: 0.4050 (2.5s)
2026-06-24 19:32:27,858 - INFO - Test instance 0.9875, class 0.9875
Test instance 0.9875, class 0.9875
2026-06-24 19:32:27,858 - INFO - Best instance 1.0000, class 1.0000 (epoch 103)
Best instance 1.0000, class 1.0000 (epoch 103)
2026-06-24 19:32:27,875 - INFO - Epoch 184/200:
Epoch 184/200:
2026-06-24 19:32:30,389 - INFO - Train loss: 0.3867 (2.5s)
Train loss: 0.3867 (2.5s)
2026-06-24 19:32:30,626 - INFO - Test instance 0.9375, class 0.9375
Test instance 0.9375, class 0.9375
2026-06-24 19:32:30,627 - INFO - Best instance 1.0000, class 1.0000 (epoch 103)
Best instance 1.0000, class 1.0000 (epoch 103)
2026-06-24 19:32:30,643 - INFO - Epoch 185/200:
Epoch 185/200:
2026-06-24 19:32:33,138 - INFO - Train loss: 0.4124 (2.5s)
Train loss: 0.4124 (2.5s)
2026-06-24 19:32:33,381 - INFO - Test instance 0.9875, class 0.9875
Test instance 0.9875, class 0.9875
2026-06-24 19:32:33,381 - INFO - Best instance 1.0000, class 1.0000 (epoch 103)
Best instance 1.0000, class 1.0000 (epoch 103)
2026-06-24 19:32:33,397 - INFO - Epoch 186/200:
Epoch 186/200:
2026-06-24 19:32:35,924 - INFO - Train loss: 0.3957 (2.5s)
Train loss: 0.3957 (2.5s)
2026-06-24 19:32:36,173 - INFO - Test instance 0.9625, class 0.9625
Test instance 0.9625, class 0.9625
2026-06-24 19:32:36,173 - INFO - Best instance 1.0000, class 1.0000 (epoch 103)
Best instance 1.0000, class 1.0000 (epoch 103)
2026-06-24 19:32:36,190 - INFO - Epoch 187/200:
Epoch 187/200:
2026-06-24 19:32:38,731 - INFO - Train loss: 0.4065 (2.5s)
Train loss: 0.4065 (2.5s)
2026-06-24 19:32:38,976 - INFO - Test instance 0.9750, class 0.9750
Test instance 0.9750, class 0.9750
2026-06-24 19:32:38,976 - INFO - Best instance 1.0000, class 1.0000 (epoch 103)
Best instance 1.0000, class 1.0000 (epoch 103)
2026-06-24 19:32:38,993 - INFO - Epoch 188/200:
Epoch 188/200:
2026-06-24 19:32:41,496 - INFO - Train loss: 0.4063 (2.5s)
Train loss: 0.4063 (2.5s)
2026-06-24 19:32:41,747 - INFO - Test instance 0.9875, class 0.9875
Test instance 0.9875, class 0.9875
2026-06-24 19:32:41,747 - INFO - Best instance 1.0000, class 1.0000 (epoch 103)
Best instance 1.0000, class 1.0000 (epoch 103)
2026-06-24 19:32:41,764 - INFO - Epoch 189/200:
Epoch 189/200:
2026-06-24 19:32:44,290 - INFO - Train loss: 0.3966 (2.5s)
Train loss: 0.3966 (2.5s)
2026-06-24 19:32:44,536 - INFO - Test instance 0.9750, class 0.9750
Test instance 0.9750, class 0.9750
2026-06-24 19:32:44,536 - INFO - Best instance 1.0000, class 1.0000 (epoch 103)
Best instance 1.0000, class 1.0000 (epoch 103)
2026-06-24 19:32:44,553 - INFO - Epoch 190/200:
Epoch 190/200:
2026-06-24 19:32:47,082 - INFO - Train loss: 0.3843 (2.5s)
Train loss: 0.3843 (2.5s)
2026-06-24 19:32:47,329 - INFO - Test instance 0.9750, class 0.9750
Test instance 0.9750, class 0.9750
2026-06-24 19:32:47,329 - INFO - Best instance 1.0000, class 1.0000 (epoch 103)
Best instance 1.0000, class 1.0000 (epoch 103)
2026-06-24 19:32:47,355 - INFO - Epoch 191/200:
Epoch 191/200:
2026-06-24 19:32:49,882 - INFO - Train loss: 0.4125 (2.5s)
Train loss: 0.4125 (2.5s)
2026-06-24 19:32:50,127 - INFO - Test instance 0.9750, class 0.9750
Test instance 0.9750, class 0.9750
2026-06-24 19:32:50,127 - INFO - Best instance 1.0000, class 1.0000 (epoch 103)
Best instance 1.0000, class 1.0000 (epoch 103)
2026-06-24 19:32:50,144 - INFO - Epoch 192/200:
Epoch 192/200:
2026-06-24 19:32:52,661 - INFO - Train loss: 0.4054 (2.5s)
Train loss: 0.4054 (2.5s)
2026-06-24 19:32:52,909 - INFO - Test instance 0.9875, class 0.9875
Test instance 0.9875, class 0.9875
2026-06-24 19:32:52,910 - INFO - Best instance 1.0000, class 1.0000 (epoch 103)
Best instance 1.0000, class 1.0000 (epoch 103)
2026-06-24 19:32:52,926 - INFO - Epoch 193/200:
Epoch 193/200:
2026-06-24 19:32:55,431 - INFO - Train loss: 0.4061 (2.5s)
Train loss: 0.4061 (2.5s)
2026-06-24 19:32:55,682 - INFO - Test instance 0.9375, class 0.9375
Test instance 0.9375, class 0.9375
2026-06-24 19:32:55,682 - INFO - Best instance 1.0000, class 1.0000 (epoch 103)
Best instance 1.0000, class 1.0000 (epoch 103)
2026-06-24 19:32:55,699 - INFO - Epoch 194/200:
Epoch 194/200:
2026-06-24 19:32:58,215 - INFO - Train loss: 0.4157 (2.5s)
Train loss: 0.4157 (2.5s)
2026-06-24 19:32:58,457 - INFO - Test instance 0.9750, class 0.9750
Test instance 0.9750, class 0.9750
2026-06-24 19:32:58,457 - INFO - Best instance 1.0000, class 1.0000 (epoch 103)
Best instance 1.0000, class 1.0000 (epoch 103)
2026-06-24 19:32:58,473 - INFO - Epoch 195/200:
Epoch 195/200:
2026-06-24 19:33:00,971 - INFO - Train loss: 0.4039 (2.5s)
Train loss: 0.4039 (2.5s)
2026-06-24 19:33:01,214 - INFO - Test instance 0.9500, class 0.9500
Test instance 0.9500, class 0.9500
2026-06-24 19:33:01,214 - INFO - Best instance 1.0000, class 1.0000 (epoch 103)
Best instance 1.0000, class 1.0000 (epoch 103)
2026-06-24 19:33:01,230 - INFO - Epoch 196/200:
Epoch 196/200:
2026-06-24 19:33:03,802 - INFO - Train loss: 0.4130 (2.6s)
Train loss: 0.4130 (2.6s)
2026-06-24 19:33:04,052 - INFO - Test instance 0.9375, class 0.9375
Test instance 0.9375, class 0.9375
2026-06-24 19:33:04,052 - INFO - Best instance 1.0000, class 1.0000 (epoch 103)
Best instance 1.0000, class 1.0000 (epoch 103)
2026-06-24 19:33:04,069 - INFO - Epoch 197/200:
Epoch 197/200:
2026-06-24 19:33:06,574 - INFO - Train loss: 0.3993 (2.5s)
Train loss: 0.3993 (2.5s)
2026-06-24 19:33:06,826 - INFO - Test instance 0.9875, class 0.9875
Test instance 0.9875, class 0.9875
2026-06-24 19:33:06,826 - INFO - Best instance 1.0000, class 1.0000 (epoch 103)
Best instance 1.0000, class 1.0000 (epoch 103)
2026-06-24 19:33:06,843 - INFO - Epoch 198/200:
Epoch 198/200:
2026-06-24 19:33:09,359 - INFO - Train loss: 0.4036 (2.5s)
Train loss: 0.4036 (2.5s)
2026-06-24 19:33:09,611 - INFO - Test instance 0.9625, class 0.9625
Test instance 0.9625, class 0.9625
2026-06-24 19:33:09,612 - INFO - Best instance 1.0000, class 1.0000 (epoch 103)
Best instance 1.0000, class 1.0000 (epoch 103)
2026-06-24 19:33:09,628 - INFO - Epoch 199/200:
Epoch 199/200:
2026-06-24 19:33:12,156 - INFO - Train loss: 0.4271 (2.5s)
Train loss: 0.4271 (2.5s)
2026-06-24 19:33:12,405 - INFO - Test instance 0.9750, class 0.9750
Test instance 0.9750, class 0.9750
2026-06-24 19:33:12,405 - INFO - Best instance 1.0000, class 1.0000 (epoch 103)
Best instance 1.0000, class 1.0000 (epoch 103)
2026-06-24 19:33:12,422 - INFO - Epoch 200/200:
Epoch 200/200:
2026-06-24 19:33:14,938 - INFO - Train loss: 0.3929 (2.5s)
Train loss: 0.3929 (2.5s)
2026-06-24 19:33:15,200 - INFO - Test instance 0.9750, class 0.9750
Test instance 0.9750, class 0.9750
2026-06-24 19:33:15,201 - INFO - Best instance 1.0000, class 1.0000 (epoch 103)
Best instance 1.0000, class 1.0000 (epoch 103)
2026-06-24 19:33:35,178 - INFO - Student 1.42 MB, 57.97 ms
Student 1.42 MB, 57.97 ms
