[Wed Jun 24 19:07:00 EDT 2026] task 298 on GPU 0: python flkd/advanced_kd_train_classification.py --teacher_model pointnet2_cls_ssg --student_model small_pointnet2 --kd_strategy sp --dataset craniosynostosis --seed 42 --batch_size 24 --epoch 200 --num_point 1024 --teacher_path "outputs/craniosynostosis/flkd/federated/classification/fl_pointnet2_cls_ssg_fedbn_s42/checkpoints/best_model.pth" --log_dir kd_pointnet2_cls_ssg_fedbn+sp_small_pointnet2_s42 --beta 0.5 --data_root data --output_root outputs --num_workers -1 --max_runtime_hours 166.0
Loaded teacher from outputs/craniosynostosis/flkd/federated/classification/fl_pointnet2_cls_ssg_fedbn_s42/checkpoints/best_model.pth
2026-06-24 19:10:37,096 - INFO - PARAMETER ...
2026-06-24 19:10:37,096 - INFO - {'use_cpu': False, 'no_amp': False, 'gpu': '0', 'num_workers': -1, 'batch_size': 24, 'teacher_model': 'pointnet2_cls_ssg', 'student_model': 'small_pointnet2', 'num_category': 4, 'dataset': 'craniosynostosis', 'data_root': 'data', 'output_root': 'outputs', 'train_split': 0.8, 'dataset_seed': 0, 'cache_dataset': True, 'min_class_samples': 1, 'epoch': 200, 'learning_rate': 0.001, 'num_point': 1024, 'optimizer': 'Adam', 'log_dir': 'kd_pointnet2_cls_ssg_fedbn+sp_small_pointnet2_s42', 'decay_rate': 0.0001, 'use_normals': False, 'process_data': False, 'use_uniform_sample': False, 'resume': True, 'kd_strategy': 'sp', 'alpha': 0.5, 'temperature': 2.0, 'beta': 0.5, 'dkd_alpha': 1.0, 'dkd_beta': 8.0, 'crd_temperature': 0.07, 'teacher_path': 'outputs/craniosynostosis/flkd/federated/classification/fl_pointnet2_cls_ssg_fedbn_s42/checkpoints/best_model.pth', 'teacher_paths': None, 'teacher_weights': None, 'use_hard_labels': 'on', 'unlabeled': False, 'temperature_sweep': None, 'seed': 42, 'max_runtime_hours': 166.0}
2026-06-24 19:10:37,099 - INFO - KD=sp student=small_pointnet2 AMP=False use_hard=True unlabeled=False T=2.0
KD=sp student=small_pointnet2 AMP=False use_hard=True unlabeled=False T=2.0
2026-06-24 19:10:39,549 - INFO - Epoch 1/200:
Epoch 1/200:
2026-06-24 19:10:42,480 - INFO - Train loss: 0.1322 (2.9s)
Train loss: 0.1322 (2.9s)
2026-06-24 19:10:43,105 - INFO - Test instance 0.2500, class 0.2500
Test instance 0.2500, class 0.2500
2026-06-24 19:10:43,133 - INFO - Best instance 0.2500, class 0.2500 (epoch 1)
Best instance 0.2500, class 0.2500 (epoch 1)
2026-06-24 19:10:43,151 - INFO - Epoch 2/200:
Epoch 2/200:
2026-06-24 19:10:45,659 - INFO - Train loss: 0.1117 (2.5s)
Train loss: 0.1117 (2.5s)
2026-06-24 19:10:45,905 - INFO - Test instance 0.2500, class 0.2500
Test instance 0.2500, class 0.2500
2026-06-24 19:10:45,905 - INFO - Best instance 0.2500, class 0.2500 (epoch 1)
Best instance 0.2500, class 0.2500 (epoch 1)
2026-06-24 19:10:45,923 - INFO - Epoch 3/200:
Epoch 3/200:
2026-06-24 19:10:48,420 - INFO - Train loss: 0.1147 (2.5s)
Train loss: 0.1147 (2.5s)
2026-06-24 19:10:48,656 - INFO - Test instance 0.2500, class 0.2500
Test instance 0.2500, class 0.2500
2026-06-24 19:10:48,656 - INFO - Best instance 0.2500, class 0.2500 (epoch 1)
Best instance 0.2500, class 0.2500 (epoch 1)
2026-06-24 19:10:48,672 - INFO - Epoch 4/200:
Epoch 4/200:
2026-06-24 19:10:51,208 - INFO - Train loss: 0.0956 (2.5s)
Train loss: 0.0956 (2.5s)
2026-06-24 19:10:51,456 - INFO - Test instance 0.2500, class 0.2500
Test instance 0.2500, class 0.2500
2026-06-24 19:10:51,457 - INFO - Best instance 0.2500, class 0.2500 (epoch 1)
Best instance 0.2500, class 0.2500 (epoch 1)
2026-06-24 19:10:51,474 - INFO - Epoch 5/200:
Epoch 5/200:
2026-06-24 19:10:53,978 - INFO - Train loss: 0.0988 (2.5s)
Train loss: 0.0988 (2.5s)
2026-06-24 19:10:54,219 - INFO - Test instance 0.2500, class 0.2500
Test instance 0.2500, class 0.2500
2026-06-24 19:10:54,220 - INFO - Best instance 0.2500, class 0.2500 (epoch 1)
Best instance 0.2500, class 0.2500 (epoch 1)
2026-06-24 19:10:54,237 - INFO - Epoch 6/200:
Epoch 6/200:
2026-06-24 19:10:56,753 - INFO - Train loss: 0.0952 (2.5s)
Train loss: 0.0952 (2.5s)
2026-06-24 19:10:56,998 - INFO - Test instance 0.4125, class 0.4125
Test instance 0.4125, class 0.4125
2026-06-24 19:10:57,015 - INFO - Best instance 0.4125, class 0.4125 (epoch 6)
Best instance 0.4125, class 0.4125 (epoch 6)
2026-06-24 19:10:57,031 - INFO - Epoch 7/200:
Epoch 7/200:
2026-06-24 19:10:59,559 - INFO - Train loss: 0.0851 (2.5s)
Train loss: 0.0851 (2.5s)
2026-06-24 19:10:59,799 - INFO - Test instance 0.4125, class 0.4125
Test instance 0.4125, class 0.4125
2026-06-24 19:10:59,800 - INFO - Best instance 0.4125, class 0.4125 (epoch 6)
Best instance 0.4125, class 0.4125 (epoch 6)
2026-06-24 19:10:59,816 - INFO - Epoch 8/200:
Epoch 8/200:
2026-06-24 19:11:02,400 - INFO - Train loss: 0.0808 (2.6s)
Train loss: 0.0808 (2.6s)
2026-06-24 19:11:02,649 - INFO - Test instance 0.2500, class 0.2500
Test instance 0.2500, class 0.2500
2026-06-24 19:11:02,650 - INFO - Best instance 0.4125, class 0.4125 (epoch 6)
Best instance 0.4125, class 0.4125 (epoch 6)
2026-06-24 19:11:02,666 - INFO - Epoch 9/200:
Epoch 9/200:
2026-06-24 19:11:05,186 - INFO - Train loss: 0.0713 (2.5s)
Train loss: 0.0713 (2.5s)
2026-06-24 19:11:05,427 - INFO - Test instance 0.4125, class 0.4125
Test instance 0.4125, class 0.4125
2026-06-24 19:11:05,428 - INFO - Best instance 0.4125, class 0.4125 (epoch 6)
Best instance 0.4125, class 0.4125 (epoch 6)
2026-06-24 19:11:05,444 - INFO - Epoch 10/200:
Epoch 10/200:
2026-06-24 19:11:07,960 - INFO - Train loss: 0.0761 (2.5s)
Train loss: 0.0761 (2.5s)
2026-06-24 19:11:08,201 - INFO - Test instance 0.3125, class 0.3125
Test instance 0.3125, class 0.3125
2026-06-24 19:11:08,201 - INFO - Best instance 0.4125, class 0.4125 (epoch 6)
Best instance 0.4125, class 0.4125 (epoch 6)
2026-06-24 19:11:08,218 - INFO - Epoch 11/200:
Epoch 11/200:
2026-06-24 19:11:10,739 - INFO - Train loss: 0.0680 (2.5s)
Train loss: 0.0680 (2.5s)
2026-06-24 19:11:10,977 - INFO - Test instance 0.3625, class 0.3625
Test instance 0.3625, class 0.3625
2026-06-24 19:11:10,978 - INFO - Best instance 0.4125, class 0.4125 (epoch 6)
Best instance 0.4125, class 0.4125 (epoch 6)
2026-06-24 19:11:10,994 - INFO - Epoch 12/200:
Epoch 12/200:
2026-06-24 19:11:13,514 - INFO - Train loss: 0.0739 (2.5s)
Train loss: 0.0739 (2.5s)
2026-06-24 19:11:13,751 - INFO - Test instance 0.3000, class 0.3000
Test instance 0.3000, class 0.3000
2026-06-24 19:11:13,752 - INFO - Best instance 0.4125, class 0.4125 (epoch 6)
Best instance 0.4125, class 0.4125 (epoch 6)
2026-06-24 19:11:13,768 - INFO - Epoch 13/200:
Epoch 13/200:
2026-06-24 19:11:16,283 - INFO - Train loss: 0.0647 (2.5s)
Train loss: 0.0647 (2.5s)
2026-06-24 19:11:16,522 - INFO - Test instance 0.3125, class 0.3125
Test instance 0.3125, class 0.3125
2026-06-24 19:11:16,522 - INFO - Best instance 0.4125, class 0.4125 (epoch 6)
Best instance 0.4125, class 0.4125 (epoch 6)
2026-06-24 19:11:16,539 - INFO - Epoch 14/200:
Epoch 14/200:
2026-06-24 19:11:19,055 - INFO - Train loss: 0.0599 (2.5s)
Train loss: 0.0599 (2.5s)
2026-06-24 19:11:19,297 - INFO - Test instance 0.4875, class 0.4875
Test instance 0.4875, class 0.4875
2026-06-24 19:11:19,315 - INFO - Best instance 0.4875, class 0.4875 (epoch 14)
Best instance 0.4875, class 0.4875 (epoch 14)
2026-06-24 19:11:19,334 - INFO - Epoch 15/200:
Epoch 15/200:
2026-06-24 19:11:21,839 - INFO - Train loss: 0.0620 (2.5s)
Train loss: 0.0620 (2.5s)
2026-06-24 19:11:22,073 - INFO - Test instance 0.3125, class 0.3125
Test instance 0.3125, class 0.3125
2026-06-24 19:11:22,073 - INFO - Best instance 0.4875, class 0.4875 (epoch 14)
Best instance 0.4875, class 0.4875 (epoch 14)
2026-06-24 19:11:22,090 - INFO - Epoch 16/200:
Epoch 16/200:
2026-06-24 19:11:24,592 - INFO - Train loss: 0.0518 (2.5s)
Train loss: 0.0518 (2.5s)
2026-06-24 19:11:24,833 - INFO - Test instance 0.3750, class 0.3750
Test instance 0.3750, class 0.3750
2026-06-24 19:11:24,833 - INFO - Best instance 0.4875, class 0.4875 (epoch 14)
Best instance 0.4875, class 0.4875 (epoch 14)
2026-06-24 19:11:24,850 - INFO - Epoch 17/200:
Epoch 17/200:
2026-06-24 19:11:27,377 - INFO - Train loss: 0.0526 (2.5s)
Train loss: 0.0526 (2.5s)
2026-06-24 19:11:27,617 - INFO - Test instance 0.4750, class 0.4750
Test instance 0.4750, class 0.4750
2026-06-24 19:11:27,617 - INFO - Best instance 0.4875, class 0.4875 (epoch 14)
Best instance 0.4875, class 0.4875 (epoch 14)
2026-06-24 19:11:27,634 - INFO - Epoch 18/200:
Epoch 18/200:
2026-06-24 19:11:30,138 - INFO - Train loss: 0.0479 (2.5s)
Train loss: 0.0479 (2.5s)
2026-06-24 19:11:30,379 - INFO - Test instance 0.6375, class 0.6375
Test instance 0.6375, class 0.6375
2026-06-24 19:11:30,396 - INFO - Best instance 0.6375, class 0.6375 (epoch 18)
Best instance 0.6375, class 0.6375 (epoch 18)
2026-06-24 19:11:30,414 - INFO - Epoch 19/200:
Epoch 19/200:
2026-06-24 19:11:32,914 - INFO - Train loss: 0.0466 (2.5s)
Train loss: 0.0466 (2.5s)
2026-06-24 19:11:33,153 - INFO - Test instance 0.5500, class 0.5500
Test instance 0.5500, class 0.5500
2026-06-24 19:11:33,154 - INFO - Best instance 0.6375, class 0.6375 (epoch 18)
Best instance 0.6375, class 0.6375 (epoch 18)
2026-06-24 19:11:33,170 - INFO - Epoch 20/200:
Epoch 20/200:
2026-06-24 19:11:35,698 - INFO - Train loss: 0.0442 (2.5s)
Train loss: 0.0442 (2.5s)
2026-06-24 19:11:35,937 - INFO - Test instance 0.5625, class 0.5625
Test instance 0.5625, class 0.5625
2026-06-24 19:11:35,937 - INFO - Best instance 0.6375, class 0.6375 (epoch 18)
Best instance 0.6375, class 0.6375 (epoch 18)
2026-06-24 19:11:35,954 - INFO - Epoch 21/200:
Epoch 21/200:
2026-06-24 19:11:38,477 - INFO - Train loss: 0.0455 (2.5s)
Train loss: 0.0455 (2.5s)
2026-06-24 19:11:38,723 - INFO - Test instance 0.6000, class 0.6000
Test instance 0.6000, class 0.6000
2026-06-24 19:11:38,724 - INFO - Best instance 0.6375, class 0.6375 (epoch 18)
Best instance 0.6375, class 0.6375 (epoch 18)
2026-06-24 19:11:38,741 - INFO - Epoch 22/200:
Epoch 22/200:
2026-06-24 19:11:41,246 - INFO - Train loss: 0.0483 (2.5s)
Train loss: 0.0483 (2.5s)
2026-06-24 19:11:41,487 - INFO - Test instance 0.5750, class 0.5750
Test instance 0.5750, class 0.5750
2026-06-24 19:11:41,487 - INFO - Best instance 0.6375, class 0.6375 (epoch 18)
Best instance 0.6375, class 0.6375 (epoch 18)
2026-06-24 19:11:41,504 - INFO - Epoch 23/200:
Epoch 23/200:
2026-06-24 19:11:44,003 - INFO - Train loss: 0.0459 (2.5s)
Train loss: 0.0459 (2.5s)
2026-06-24 19:11:44,240 - INFO - Test instance 0.6875, class 0.6875
Test instance 0.6875, class 0.6875
2026-06-24 19:11:44,257 - INFO - Best instance 0.6875, class 0.6875 (epoch 23)
Best instance 0.6875, class 0.6875 (epoch 23)
2026-06-24 19:11:44,274 - INFO - Epoch 24/200:
Epoch 24/200:
2026-06-24 19:11:46,800 - INFO - Train loss: 0.0440 (2.5s)
Train loss: 0.0440 (2.5s)
2026-06-24 19:11:47,039 - INFO - Test instance 0.6125, class 0.6125
Test instance 0.6125, class 0.6125
2026-06-24 19:11:47,039 - INFO - Best instance 0.6875, class 0.6875 (epoch 23)
Best instance 0.6875, class 0.6875 (epoch 23)
2026-06-24 19:11:47,057 - INFO - Epoch 25/200:
Epoch 25/200:
2026-06-24 19:11:49,571 - INFO - Train loss: 0.0396 (2.5s)
Train loss: 0.0396 (2.5s)
2026-06-24 19:11:49,812 - INFO - Test instance 0.7000, class 0.7000
Test instance 0.7000, class 0.7000
2026-06-24 19:11:49,829 - INFO - Best instance 0.7000, class 0.7000 (epoch 25)
Best instance 0.7000, class 0.7000 (epoch 25)
2026-06-24 19:11:49,846 - INFO - Epoch 26/200:
Epoch 26/200:
2026-06-24 19:11:52,350 - INFO - Train loss: 0.0364 (2.5s)
Train loss: 0.0364 (2.5s)
2026-06-24 19:11:52,588 - INFO - Test instance 0.7250, class 0.7250
Test instance 0.7250, class 0.7250
2026-06-24 19:11:52,604 - INFO - Best instance 0.7250, class 0.7250 (epoch 26)
Best instance 0.7250, class 0.7250 (epoch 26)
2026-06-24 19:11:52,624 - INFO - Epoch 27/200:
Epoch 27/200:
2026-06-24 19:11:55,154 - INFO - Train loss: 0.0348 (2.5s)
Train loss: 0.0348 (2.5s)
2026-06-24 19:11:55,396 - INFO - Test instance 0.6750, class 0.6750
Test instance 0.6750, class 0.6750
2026-06-24 19:11:55,396 - INFO - Best instance 0.7250, class 0.7250 (epoch 26)
Best instance 0.7250, class 0.7250 (epoch 26)
2026-06-24 19:11:55,414 - INFO - Epoch 28/200:
Epoch 28/200:
2026-06-24 19:11:57,924 - INFO - Train loss: 0.0349 (2.5s)
Train loss: 0.0349 (2.5s)
2026-06-24 19:11:58,171 - INFO - Test instance 0.6750, class 0.6750
Test instance 0.6750, class 0.6750
2026-06-24 19:11:58,172 - INFO - Best instance 0.7250, class 0.7250 (epoch 26)
Best instance 0.7250, class 0.7250 (epoch 26)
2026-06-24 19:11:58,189 - INFO - Epoch 29/200:
Epoch 29/200:
2026-06-24 19:12:00,710 - INFO - Train loss: 0.0332 (2.5s)
Train loss: 0.0332 (2.5s)
2026-06-24 19:12:00,959 - INFO - Test instance 0.6375, class 0.6375
Test instance 0.6375, class 0.6375
2026-06-24 19:12:00,959 - INFO - Best instance 0.7250, class 0.7250 (epoch 26)
Best instance 0.7250, class 0.7250 (epoch 26)
2026-06-24 19:12:00,976 - INFO - Epoch 30/200:
Epoch 30/200:
2026-06-24 19:12:03,554 - INFO - Train loss: 0.0370 (2.6s)
Train loss: 0.0370 (2.6s)
2026-06-24 19:12:03,796 - INFO - Test instance 0.6875, class 0.6875
Test instance 0.6875, class 0.6875
2026-06-24 19:12:03,796 - INFO - Best instance 0.7250, class 0.7250 (epoch 26)
Best instance 0.7250, class 0.7250 (epoch 26)
2026-06-24 19:12:03,815 - INFO - Epoch 31/200:
Epoch 31/200:
2026-06-24 19:12:06,363 - INFO - Train loss: 0.0388 (2.5s)
Train loss: 0.0388 (2.5s)
2026-06-24 19:12:06,605 - INFO - Test instance 0.5750, class 0.5750
Test instance 0.5750, class 0.5750
2026-06-24 19:12:06,605 - INFO - Best instance 0.7250, class 0.7250 (epoch 26)
Best instance 0.7250, class 0.7250 (epoch 26)
2026-06-24 19:12:06,622 - INFO - Epoch 32/200:
Epoch 32/200:
2026-06-24 19:12:09,133 - INFO - Train loss: 0.0337 (2.5s)
Train loss: 0.0337 (2.5s)
2026-06-24 19:12:09,371 - INFO - Test instance 0.7250, class 0.7250
Test instance 0.7250, class 0.7250
2026-06-24 19:12:09,372 - INFO - Best instance 0.7250, class 0.7250 (epoch 26)
Best instance 0.7250, class 0.7250 (epoch 26)
2026-06-24 19:12:09,389 - INFO - Epoch 33/200:
Epoch 33/200:
2026-06-24 19:12:11,911 - INFO - Train loss: 0.0404 (2.5s)
Train loss: 0.0404 (2.5s)
2026-06-24 19:12:12,153 - INFO - Test instance 0.5625, class 0.5625
Test instance 0.5625, class 0.5625
2026-06-24 19:12:12,153 - INFO - Best instance 0.7250, class 0.7250 (epoch 26)
Best instance 0.7250, class 0.7250 (epoch 26)
2026-06-24 19:12:12,170 - INFO - Epoch 34/200:
Epoch 34/200:
2026-06-24 19:12:14,690 - INFO - Train loss: 0.0354 (2.5s)
Train loss: 0.0354 (2.5s)
2026-06-24 19:12:14,929 - INFO - Test instance 0.7000, class 0.7000
Test instance 0.7000, class 0.7000
2026-06-24 19:12:14,930 - INFO - Best instance 0.7250, class 0.7250 (epoch 26)
Best instance 0.7250, class 0.7250 (epoch 26)
2026-06-24 19:12:14,947 - INFO - Epoch 35/200:
Epoch 35/200:
2026-06-24 19:12:17,466 - INFO - Train loss: 0.0321 (2.5s)
Train loss: 0.0321 (2.5s)
2026-06-24 19:12:17,711 - INFO - Test instance 0.6000, class 0.6000
Test instance 0.6000, class 0.6000
2026-06-24 19:12:17,712 - INFO - Best instance 0.7250, class 0.7250 (epoch 26)
Best instance 0.7250, class 0.7250 (epoch 26)
2026-06-24 19:12:17,729 - INFO - Epoch 36/200:
Epoch 36/200:
2026-06-24 19:12:20,252 - INFO - Train loss: 0.0396 (2.5s)
Train loss: 0.0396 (2.5s)
2026-06-24 19:12:20,495 - INFO - Test instance 0.5625, class 0.5625
Test instance 0.5625, class 0.5625
2026-06-24 19:12:20,495 - INFO - Best instance 0.7250, class 0.7250 (epoch 26)
Best instance 0.7250, class 0.7250 (epoch 26)
2026-06-24 19:12:20,512 - INFO - Epoch 37/200:
Epoch 37/200:
2026-06-24 19:12:23,033 - INFO - Train loss: 0.0365 (2.5s)
Train loss: 0.0365 (2.5s)
2026-06-24 19:12:23,276 - INFO - Test instance 0.6875, class 0.6875
Test instance 0.6875, class 0.6875
2026-06-24 19:12:23,277 - INFO - Best instance 0.7250, class 0.7250 (epoch 26)
Best instance 0.7250, class 0.7250 (epoch 26)
2026-06-24 19:12:23,294 - INFO - Epoch 38/200:
Epoch 38/200:
2026-06-24 19:12:25,802 - INFO - Train loss: 0.0386 (2.5s)
Train loss: 0.0386 (2.5s)
2026-06-24 19:12:26,041 - INFO - Test instance 0.7125, class 0.7125
Test instance 0.7125, class 0.7125
2026-06-24 19:12:26,041 - INFO - Best instance 0.7250, class 0.7250 (epoch 26)
Best instance 0.7250, class 0.7250 (epoch 26)
2026-06-24 19:12:26,058 - INFO - Epoch 39/200:
Epoch 39/200:
2026-06-24 19:12:28,560 - INFO - Train loss: 0.0366 (2.5s)
Train loss: 0.0366 (2.5s)
2026-06-24 19:12:28,793 - INFO - Test instance 0.7000, class 0.7000
Test instance 0.7000, class 0.7000
2026-06-24 19:12:28,794 - INFO - Best instance 0.7250, class 0.7250 (epoch 26)
Best instance 0.7250, class 0.7250 (epoch 26)
2026-06-24 19:12:28,811 - INFO - Epoch 40/200:
Epoch 40/200:
2026-06-24 19:12:31,344 - INFO - Train loss: 0.0381 (2.5s)
Train loss: 0.0381 (2.5s)
2026-06-24 19:12:31,587 - INFO - Test instance 0.6500, class 0.6500
Test instance 0.6500, class 0.6500
2026-06-24 19:12:31,587 - INFO - Best instance 0.7250, class 0.7250 (epoch 26)
Best instance 0.7250, class 0.7250 (epoch 26)
2026-06-24 19:12:31,604 - INFO - Epoch 41/200:
Epoch 41/200:
2026-06-24 19:12:34,117 - INFO - Train loss: 0.0328 (2.5s)
Train loss: 0.0328 (2.5s)
2026-06-24 19:12:34,365 - INFO - Test instance 0.6500, class 0.6500
Test instance 0.6500, class 0.6500
2026-06-24 19:12:34,366 - INFO - Best instance 0.7250, class 0.7250 (epoch 26)
Best instance 0.7250, class 0.7250 (epoch 26)
2026-06-24 19:12:34,383 - INFO - Epoch 42/200:
Epoch 42/200:
2026-06-24 19:12:36,892 - INFO - Train loss: 0.0328 (2.5s)
Train loss: 0.0328 (2.5s)
2026-06-24 19:12:37,138 - INFO - Test instance 0.6750, class 0.6750
Test instance 0.6750, class 0.6750
2026-06-24 19:12:37,138 - INFO - Best instance 0.7250, class 0.7250 (epoch 26)
Best instance 0.7250, class 0.7250 (epoch 26)
2026-06-24 19:12:37,154 - INFO - Epoch 43/200:
Epoch 43/200:
2026-06-24 19:12:39,642 - INFO - Train loss: 0.0380 (2.5s)
Train loss: 0.0380 (2.5s)
2026-06-24 19:12:39,890 - INFO - Test instance 0.7125, class 0.7125
Test instance 0.7125, class 0.7125
2026-06-24 19:12:39,890 - INFO - Best instance 0.7250, class 0.7250 (epoch 26)
Best instance 0.7250, class 0.7250 (epoch 26)
2026-06-24 19:12:39,908 - INFO - Epoch 44/200:
Epoch 44/200:
2026-06-24 19:12:42,427 - INFO - Train loss: 0.0291 (2.5s)
Train loss: 0.0291 (2.5s)
2026-06-24 19:12:42,673 - INFO - Test instance 0.7250, class 0.7250
Test instance 0.7250, class 0.7250
2026-06-24 19:12:42,673 - INFO - Best instance 0.7250, class 0.7250 (epoch 26)
Best instance 0.7250, class 0.7250 (epoch 26)
2026-06-24 19:12:42,690 - INFO - Epoch 45/200:
Epoch 45/200:
2026-06-24 19:12:45,204 - INFO - Train loss: 0.0339 (2.5s)
Train loss: 0.0339 (2.5s)
2026-06-24 19:12:45,442 - INFO - Test instance 0.7375, class 0.7375
Test instance 0.7375, class 0.7375
2026-06-24 19:12:45,460 - INFO - Best instance 0.7375, class 0.7375 (epoch 45)
Best instance 0.7375, class 0.7375 (epoch 45)
2026-06-24 19:12:45,476 - INFO - Epoch 46/200:
Epoch 46/200:
2026-06-24 19:12:47,980 - INFO - Train loss: 0.0364 (2.5s)
Train loss: 0.0364 (2.5s)
2026-06-24 19:12:48,218 - INFO - Test instance 0.7000, class 0.7000
Test instance 0.7000, class 0.7000
2026-06-24 19:12:48,218 - INFO - Best instance 0.7375, class 0.7375 (epoch 45)
Best instance 0.7375, class 0.7375 (epoch 45)
2026-06-24 19:12:48,235 - INFO - Epoch 47/200:
Epoch 47/200:
2026-06-24 19:12:50,732 - INFO - Train loss: 0.0304 (2.5s)
Train loss: 0.0304 (2.5s)
2026-06-24 19:12:50,969 - INFO - Test instance 0.7000, class 0.7000
Test instance 0.7000, class 0.7000
2026-06-24 19:12:50,970 - INFO - Best instance 0.7375, class 0.7375 (epoch 45)
Best instance 0.7375, class 0.7375 (epoch 45)
2026-06-24 19:12:50,988 - INFO - Epoch 48/200:
Epoch 48/200:
2026-06-24 19:12:53,494 - INFO - Train loss: 0.0307 (2.5s)
Train loss: 0.0307 (2.5s)
2026-06-24 19:12:53,732 - INFO - Test instance 0.6875, class 0.6875
Test instance 0.6875, class 0.6875
2026-06-24 19:12:53,733 - INFO - Best instance 0.7375, class 0.7375 (epoch 45)
Best instance 0.7375, class 0.7375 (epoch 45)
2026-06-24 19:12:53,750 - INFO - Epoch 49/200:
Epoch 49/200:
2026-06-24 19:12:56,258 - INFO - Train loss: 0.0328 (2.5s)
Train loss: 0.0328 (2.5s)
2026-06-24 19:12:56,498 - INFO - Test instance 0.7000, class 0.7000
Test instance 0.7000, class 0.7000
2026-06-24 19:12:56,498 - INFO - Best instance 0.7375, class 0.7375 (epoch 45)
Best instance 0.7375, class 0.7375 (epoch 45)
2026-06-24 19:12:56,516 - INFO - Epoch 50/200:
Epoch 50/200:
2026-06-24 19:12:59,025 - INFO - Train loss: 0.0318 (2.5s)
Train loss: 0.0318 (2.5s)
2026-06-24 19:12:59,270 - INFO - Test instance 0.7000, class 0.7000
Test instance 0.7000, class 0.7000
2026-06-24 19:12:59,270 - INFO - Best instance 0.7375, class 0.7375 (epoch 45)
Best instance 0.7375, class 0.7375 (epoch 45)
2026-06-24 19:12:59,286 - INFO - Epoch 51/200:
Epoch 51/200:
2026-06-24 19:13:01,834 - INFO - Train loss: 0.0318 (2.5s)
Train loss: 0.0318 (2.5s)
2026-06-24 19:13:02,088 - INFO - Test instance 0.7500, class 0.7500
Test instance 0.7500, class 0.7500
2026-06-24 19:13:02,105 - INFO - Best instance 0.7500, class 0.7500 (epoch 51)
Best instance 0.7500, class 0.7500 (epoch 51)
2026-06-24 19:13:02,122 - INFO - Epoch 52/200:
Epoch 52/200:
2026-06-24 19:13:04,682 - INFO - Train loss: 0.0273 (2.6s)
Train loss: 0.0273 (2.6s)
2026-06-24 19:13:04,930 - INFO - Test instance 0.7500, class 0.7500
Test instance 0.7500, class 0.7500
2026-06-24 19:13:04,930 - INFO - Best instance 0.7500, class 0.7500 (epoch 51)
Best instance 0.7500, class 0.7500 (epoch 51)
2026-06-24 19:13:04,947 - INFO - Epoch 53/200:
Epoch 53/200:
2026-06-24 19:13:07,464 - INFO - Train loss: 0.0302 (2.5s)
Train loss: 0.0302 (2.5s)
2026-06-24 19:13:07,710 - INFO - Test instance 0.5250, class 0.5250
Test instance 0.5250, class 0.5250
2026-06-24 19:13:07,710 - INFO - Best instance 0.7500, class 0.7500 (epoch 51)
Best instance 0.7500, class 0.7500 (epoch 51)
2026-06-24 19:13:07,728 - INFO - Epoch 54/200:
Epoch 54/200:
2026-06-24 19:13:10,253 - INFO - Train loss: 0.0329 (2.5s)
Train loss: 0.0329 (2.5s)
2026-06-24 19:13:10,491 - INFO - Test instance 0.6875, class 0.6875
Test instance 0.6875, class 0.6875
2026-06-24 19:13:10,491 - INFO - Best instance 0.7500, class 0.7500 (epoch 51)
Best instance 0.7500, class 0.7500 (epoch 51)
2026-06-24 19:13:10,508 - INFO - Epoch 55/200:
Epoch 55/200:
2026-06-24 19:13:13,020 - INFO - Train loss: 0.0319 (2.5s)
Train loss: 0.0319 (2.5s)
2026-06-24 19:13:13,258 - INFO - Test instance 0.7375, class 0.7375
Test instance 0.7375, class 0.7375
2026-06-24 19:13:13,258 - INFO - Best instance 0.7500, class 0.7500 (epoch 51)
Best instance 0.7500, class 0.7500 (epoch 51)
2026-06-24 19:13:13,276 - INFO - Epoch 56/200:
Epoch 56/200:
2026-06-24 19:13:15,776 - INFO - Train loss: 0.0298 (2.5s)
Train loss: 0.0298 (2.5s)
2026-06-24 19:13:16,012 - INFO - Test instance 0.7000, class 0.7000
Test instance 0.7000, class 0.7000
2026-06-24 19:13:16,012 - INFO - Best instance 0.7500, class 0.7500 (epoch 51)
Best instance 0.7500, class 0.7500 (epoch 51)
2026-06-24 19:13:16,030 - INFO - Epoch 57/200:
Epoch 57/200:
2026-06-24 19:13:18,554 - INFO - Train loss: 0.0321 (2.5s)
Train loss: 0.0321 (2.5s)
2026-06-24 19:13:18,793 - INFO - Test instance 0.6500, class 0.6500
Test instance 0.6500, class 0.6500
2026-06-24 19:13:18,793 - INFO - Best instance 0.7500, class 0.7500 (epoch 51)
Best instance 0.7500, class 0.7500 (epoch 51)
2026-06-24 19:13:18,810 - INFO - Epoch 58/200:
Epoch 58/200:
2026-06-24 19:13:21,328 - INFO - Train loss: 0.0290 (2.5s)
Train loss: 0.0290 (2.5s)
2026-06-24 19:13:21,576 - INFO - Test instance 0.8000, class 0.8000
Test instance 0.8000, class 0.8000
2026-06-24 19:13:21,624 - INFO - Best instance 0.8000, class 0.8000 (epoch 58)
Best instance 0.8000, class 0.8000 (epoch 58)
2026-06-24 19:13:21,640 - INFO - Epoch 59/200:
Epoch 59/200:
2026-06-24 19:13:24,169 - INFO - Train loss: 0.0292 (2.5s)
Train loss: 0.0292 (2.5s)
2026-06-24 19:13:24,410 - INFO - Test instance 0.7375, class 0.7375
Test instance 0.7375, class 0.7375
2026-06-24 19:13:24,410 - INFO - Best instance 0.8000, class 0.8000 (epoch 58)
Best instance 0.8000, class 0.8000 (epoch 58)
2026-06-24 19:13:24,429 - INFO - Epoch 60/200:
Epoch 60/200:
2026-06-24 19:13:26,935 - INFO - Train loss: 0.0321 (2.5s)
Train loss: 0.0321 (2.5s)
2026-06-24 19:13:27,175 - INFO - Test instance 0.6000, class 0.6000
Test instance 0.6000, class 0.6000
2026-06-24 19:13:27,175 - INFO - Best instance 0.8000, class 0.8000 (epoch 58)
Best instance 0.8000, class 0.8000 (epoch 58)
2026-06-24 19:13:27,192 - INFO - Epoch 61/200:
Epoch 61/200:
2026-06-24 19:13:29,682 - INFO - Train loss: 0.0290 (2.5s)
Train loss: 0.0290 (2.5s)
2026-06-24 19:13:29,923 - INFO - Test instance 0.6875, class 0.6875
Test instance 0.6875, class 0.6875
2026-06-24 19:13:29,923 - INFO - Best instance 0.8000, class 0.8000 (epoch 58)
Best instance 0.8000, class 0.8000 (epoch 58)
2026-06-24 19:13:29,940 - INFO - Epoch 62/200:
Epoch 62/200:
2026-06-24 19:13:32,464 - INFO - Train loss: 0.0275 (2.5s)
Train loss: 0.0275 (2.5s)
2026-06-24 19:13:32,704 - INFO - Test instance 0.6875, class 0.6875
Test instance 0.6875, class 0.6875
2026-06-24 19:13:32,704 - INFO - Best instance 0.8000, class 0.8000 (epoch 58)
Best instance 0.8000, class 0.8000 (epoch 58)
2026-06-24 19:13:32,721 - INFO - Epoch 63/200:
Epoch 63/200:
2026-06-24 19:13:35,260 - INFO - Train loss: 0.0287 (2.5s)
Train loss: 0.0287 (2.5s)
2026-06-24 19:13:35,510 - INFO - Test instance 0.7500, class 0.7500
Test instance 0.7500, class 0.7500
2026-06-24 19:13:35,510 - INFO - Best instance 0.8000, class 0.8000 (epoch 58)
Best instance 0.8000, class 0.8000 (epoch 58)
2026-06-24 19:13:35,527 - INFO - Epoch 64/200:
Epoch 64/200:
2026-06-24 19:13:38,049 - INFO - Train loss: 0.0264 (2.5s)
Train loss: 0.0264 (2.5s)
2026-06-24 19:13:38,285 - INFO - Test instance 0.7375, class 0.7375
Test instance 0.7375, class 0.7375
2026-06-24 19:13:38,286 - INFO - Best instance 0.8000, class 0.8000 (epoch 58)
Best instance 0.8000, class 0.8000 (epoch 58)
2026-06-24 19:13:38,302 - INFO - Epoch 65/200:
Epoch 65/200:
2026-06-24 19:13:40,799 - INFO - Train loss: 0.0312 (2.5s)
Train loss: 0.0312 (2.5s)
2026-06-24 19:13:41,049 - INFO - Test instance 0.6625, class 0.6625
Test instance 0.6625, class 0.6625
2026-06-24 19:13:41,050 - INFO - Best instance 0.8000, class 0.8000 (epoch 58)
Best instance 0.8000, class 0.8000 (epoch 58)
2026-06-24 19:13:41,067 - INFO - Epoch 66/200:
Epoch 66/200:
2026-06-24 19:13:43,588 - INFO - Train loss: 0.0281 (2.5s)
Train loss: 0.0281 (2.5s)
2026-06-24 19:13:43,831 - INFO - Test instance 0.7125, class 0.7125
Test instance 0.7125, class 0.7125
2026-06-24 19:13:43,831 - INFO - Best instance 0.8000, class 0.8000 (epoch 58)
Best instance 0.8000, class 0.8000 (epoch 58)
2026-06-24 19:13:43,848 - INFO - Epoch 67/200:
Epoch 67/200:
2026-06-24 19:13:46,364 - INFO - Train loss: 0.0261 (2.5s)
Train loss: 0.0261 (2.5s)
2026-06-24 19:13:46,607 - INFO - Test instance 0.7250, class 0.7250
Test instance 0.7250, class 0.7250
2026-06-24 19:13:46,607 - INFO - Best instance 0.8000, class 0.8000 (epoch 58)
Best instance 0.8000, class 0.8000 (epoch 58)
2026-06-24 19:13:46,624 - INFO - Epoch 68/200:
Epoch 68/200:
2026-06-24 19:13:49,124 - INFO - Train loss: 0.0300 (2.5s)
Train loss: 0.0300 (2.5s)
2026-06-24 19:13:49,368 - INFO - Test instance 0.7375, class 0.7375
Test instance 0.7375, class 0.7375
2026-06-24 19:13:49,369 - INFO - Best instance 0.8000, class 0.8000 (epoch 58)
Best instance 0.8000, class 0.8000 (epoch 58)
2026-06-24 19:13:49,385 - INFO - Epoch 69/200:
Epoch 69/200:
2026-06-24 19:13:51,881 - INFO - Train loss: 0.0310 (2.5s)
Train loss: 0.0310 (2.5s)
2026-06-24 19:13:52,120 - INFO - Test instance 0.7125, class 0.7125
Test instance 0.7125, class 0.7125
2026-06-24 19:13:52,120 - INFO - Best instance 0.8000, class 0.8000 (epoch 58)
Best instance 0.8000, class 0.8000 (epoch 58)
2026-06-24 19:13:52,137 - INFO - Epoch 70/200:
Epoch 70/200:
2026-06-24 19:13:54,649 - INFO - Train loss: 0.0341 (2.5s)
Train loss: 0.0341 (2.5s)
2026-06-24 19:13:54,886 - INFO - Test instance 0.7125, class 0.7125
Test instance 0.7125, class 0.7125
2026-06-24 19:13:54,887 - INFO - Best instance 0.8000, class 0.8000 (epoch 58)
Best instance 0.8000, class 0.8000 (epoch 58)
2026-06-24 19:13:54,904 - INFO - Epoch 71/200:
Epoch 71/200:
2026-06-24 19:13:57,428 - INFO - Train loss: 0.0284 (2.5s)
Train loss: 0.0284 (2.5s)
2026-06-24 19:13:57,675 - INFO - Test instance 0.7125, class 0.7125
Test instance 0.7125, class 0.7125
2026-06-24 19:13:57,675 - INFO - Best instance 0.8000, class 0.8000 (epoch 58)
Best instance 0.8000, class 0.8000 (epoch 58)
2026-06-24 19:13:57,692 - INFO - Epoch 72/200:
Epoch 72/200:
2026-06-24 19:14:00,199 - INFO - Train loss: 0.0274 (2.5s)
Train loss: 0.0274 (2.5s)
2026-06-24 19:14:00,440 - INFO - Test instance 0.6875, class 0.6875
Test instance 0.6875, class 0.6875
2026-06-24 19:14:00,440 - INFO - Best instance 0.8000, class 0.8000 (epoch 58)
Best instance 0.8000, class 0.8000 (epoch 58)
2026-06-24 19:14:00,457 - INFO - Epoch 73/200:
Epoch 73/200:
2026-06-24 19:14:03,038 - INFO - Train loss: 0.0270 (2.6s)
Train loss: 0.0270 (2.6s)
2026-06-24 19:14:03,283 - INFO - Test instance 0.7375, class 0.7375
Test instance 0.7375, class 0.7375
2026-06-24 19:14:03,283 - INFO - Best instance 0.8000, class 0.8000 (epoch 58)
Best instance 0.8000, class 0.8000 (epoch 58)
2026-06-24 19:14:03,300 - INFO - Epoch 74/200:
Epoch 74/200:
2026-06-24 19:14:05,828 - INFO - Train loss: 0.0294 (2.5s)
Train loss: 0.0294 (2.5s)
2026-06-24 19:14:06,071 - INFO - Test instance 0.7000, class 0.7000
Test instance 0.7000, class 0.7000
2026-06-24 19:14:06,071 - INFO - Best instance 0.8000, class 0.8000 (epoch 58)
Best instance 0.8000, class 0.8000 (epoch 58)
2026-06-24 19:14:06,088 - INFO - Epoch 75/200:
Epoch 75/200:
2026-06-24 19:14:08,610 - INFO - Train loss: 0.0293 (2.5s)
Train loss: 0.0293 (2.5s)
2026-06-24 19:14:08,852 - INFO - Test instance 0.7625, class 0.7625
Test instance 0.7625, class 0.7625
2026-06-24 19:14:08,852 - INFO - Best instance 0.8000, class 0.8000 (epoch 58)
Best instance 0.8000, class 0.8000 (epoch 58)
2026-06-24 19:14:08,869 - INFO - Epoch 76/200:
Epoch 76/200:
2026-06-24 19:14:11,395 - INFO - Train loss: 0.0279 (2.5s)
Train loss: 0.0279 (2.5s)
2026-06-24 19:14:11,640 - INFO - Test instance 0.7250, class 0.7250
Test instance 0.7250, class 0.7250
2026-06-24 19:14:11,640 - INFO - Best instance 0.8000, class 0.8000 (epoch 58)
Best instance 0.8000, class 0.8000 (epoch 58)
2026-06-24 19:14:11,656 - INFO - Epoch 77/200:
Epoch 77/200:
2026-06-24 19:14:14,153 - INFO - Train loss: 0.0286 (2.5s)
Train loss: 0.0286 (2.5s)
2026-06-24 19:14:14,390 - INFO - Test instance 0.7125, class 0.7125
Test instance 0.7125, class 0.7125
2026-06-24 19:14:14,390 - INFO - Best instance 0.8000, class 0.8000 (epoch 58)
Best instance 0.8000, class 0.8000 (epoch 58)
2026-06-24 19:14:14,407 - INFO - Epoch 78/200:
Epoch 78/200:
2026-06-24 19:14:16,928 - INFO - Train loss: 0.0303 (2.5s)
Train loss: 0.0303 (2.5s)
2026-06-24 19:14:17,170 - INFO - Test instance 0.7000, class 0.7000
Test instance 0.7000, class 0.7000
2026-06-24 19:14:17,170 - INFO - Best instance 0.8000, class 0.8000 (epoch 58)
Best instance 0.8000, class 0.8000 (epoch 58)
2026-06-24 19:14:17,187 - INFO - Epoch 79/200:
Epoch 79/200:
2026-06-24 19:14:19,696 - INFO - Train loss: 0.0258 (2.5s)
Train loss: 0.0258 (2.5s)
2026-06-24 19:14:19,941 - INFO - Test instance 0.7625, class 0.7625
Test instance 0.7625, class 0.7625
2026-06-24 19:14:19,942 - INFO - Best instance 0.8000, class 0.8000 (epoch 58)
Best instance 0.8000, class 0.8000 (epoch 58)
2026-06-24 19:14:19,959 - INFO - Epoch 80/200:
Epoch 80/200:
2026-06-24 19:14:22,480 - INFO - Train loss: 0.0296 (2.5s)
Train loss: 0.0296 (2.5s)
2026-06-24 19:14:22,720 - INFO - Test instance 0.7250, class 0.7250
Test instance 0.7250, class 0.7250
2026-06-24 19:14:22,720 - INFO - Best instance 0.8000, class 0.8000 (epoch 58)
Best instance 0.8000, class 0.8000 (epoch 58)
2026-06-24 19:14:22,737 - INFO - Epoch 81/200:
Epoch 81/200:
2026-06-24 19:14:25,271 - INFO - Train loss: 0.0241 (2.5s)
Train loss: 0.0241 (2.5s)
2026-06-24 19:14:25,521 - INFO - Test instance 0.7750, class 0.7750
Test instance 0.7750, class 0.7750
2026-06-24 19:14:25,522 - INFO - Best instance 0.8000, class 0.8000 (epoch 58)
Best instance 0.8000, class 0.8000 (epoch 58)
2026-06-24 19:14:25,538 - INFO - Epoch 82/200:
Epoch 82/200:
2026-06-24 19:14:28,052 - INFO - Train loss: 0.0320 (2.5s)
Train loss: 0.0320 (2.5s)
2026-06-24 19:14:28,293 - INFO - Test instance 0.7500, class 0.7500
Test instance 0.7500, class 0.7500
2026-06-24 19:14:28,293 - INFO - Best instance 0.8000, class 0.8000 (epoch 58)
Best instance 0.8000, class 0.8000 (epoch 58)
2026-06-24 19:14:28,310 - INFO - Epoch 83/200:
Epoch 83/200:
2026-06-24 19:14:30,831 - INFO - Train loss: 0.0321 (2.5s)
Train loss: 0.0321 (2.5s)
2026-06-24 19:14:31,072 - INFO - Test instance 0.7500, class 0.7500
Test instance 0.7500, class 0.7500
2026-06-24 19:14:31,073 - INFO - Best instance 0.8000, class 0.8000 (epoch 58)
Best instance 0.8000, class 0.8000 (epoch 58)
2026-06-24 19:14:31,090 - INFO - Epoch 84/200:
Epoch 84/200:
2026-06-24 19:14:33,576 - INFO - Train loss: 0.0251 (2.5s)
Train loss: 0.0251 (2.5s)
2026-06-24 19:14:33,817 - INFO - Test instance 0.8125, class 0.8125
Test instance 0.8125, class 0.8125
2026-06-24 19:14:33,833 - INFO - Best instance 0.8125, class 0.8125 (epoch 84)
Best instance 0.8125, class 0.8125 (epoch 84)
2026-06-24 19:14:33,850 - INFO - Epoch 85/200:
Epoch 85/200:
2026-06-24 19:14:36,380 - INFO - Train loss: 0.0283 (2.5s)
Train loss: 0.0283 (2.5s)
2026-06-24 19:14:36,633 - INFO - Test instance 0.7875, class 0.7875
Test instance 0.7875, class 0.7875
2026-06-24 19:14:36,634 - INFO - Best instance 0.8125, class 0.8125 (epoch 84)
Best instance 0.8125, class 0.8125 (epoch 84)
2026-06-24 19:14:36,652 - INFO - Epoch 86/200:
Epoch 86/200:
2026-06-24 19:14:39,167 - INFO - Train loss: 0.0276 (2.5s)
Train loss: 0.0276 (2.5s)
2026-06-24 19:14:39,414 - INFO - Test instance 0.7125, class 0.7125
Test instance 0.7125, class 0.7125
2026-06-24 19:14:39,414 - INFO - Best instance 0.8125, class 0.8125 (epoch 84)
Best instance 0.8125, class 0.8125 (epoch 84)
2026-06-24 19:14:39,431 - INFO - Epoch 87/200:
Epoch 87/200:
2026-06-24 19:14:41,954 - INFO - Train loss: 0.0278 (2.5s)
Train loss: 0.0278 (2.5s)
2026-06-24 19:14:42,195 - INFO - Test instance 0.7250, class 0.7250
Test instance 0.7250, class 0.7250
2026-06-24 19:14:42,195 - INFO - Best instance 0.8125, class 0.8125 (epoch 84)
Best instance 0.8125, class 0.8125 (epoch 84)
2026-06-24 19:14:42,212 - INFO - Epoch 88/200:
Epoch 88/200:
2026-06-24 19:14:44,711 - INFO - Train loss: 0.0261 (2.5s)
Train loss: 0.0261 (2.5s)
2026-06-24 19:14:44,949 - INFO - Test instance 0.7625, class 0.7625
Test instance 0.7625, class 0.7625
2026-06-24 19:14:44,949 - INFO - Best instance 0.8125, class 0.8125 (epoch 84)
Best instance 0.8125, class 0.8125 (epoch 84)
2026-06-24 19:14:44,966 - INFO - Epoch 89/200:
Epoch 89/200:
2026-06-24 19:14:47,459 - INFO - Train loss: 0.0286 (2.5s)
Train loss: 0.0286 (2.5s)
2026-06-24 19:14:47,694 - INFO - Test instance 0.7125, class 0.7125
Test instance 0.7125, class 0.7125
2026-06-24 19:14:47,695 - INFO - Best instance 0.8125, class 0.8125 (epoch 84)
Best instance 0.8125, class 0.8125 (epoch 84)
2026-06-24 19:14:47,712 - INFO - Epoch 90/200:
Epoch 90/200:
2026-06-24 19:14:50,214 - INFO - Train loss: 0.0234 (2.5s)
Train loss: 0.0234 (2.5s)
2026-06-24 19:14:50,450 - INFO - Test instance 0.7250, class 0.7250
Test instance 0.7250, class 0.7250
2026-06-24 19:14:50,450 - INFO - Best instance 0.8125, class 0.8125 (epoch 84)
Best instance 0.8125, class 0.8125 (epoch 84)
2026-06-24 19:14:50,467 - INFO - Epoch 91/200:
Epoch 91/200:
2026-06-24 19:14:52,973 - INFO - Train loss: 0.0264 (2.5s)
Train loss: 0.0264 (2.5s)
2026-06-24 19:14:53,211 - INFO - Test instance 0.7250, class 0.7250
Test instance 0.7250, class 0.7250
2026-06-24 19:14:53,211 - INFO - Best instance 0.8125, class 0.8125 (epoch 84)
Best instance 0.8125, class 0.8125 (epoch 84)
2026-06-24 19:14:53,231 - INFO - Epoch 92/200:
Epoch 92/200:
2026-06-24 19:14:55,743 - INFO - Train loss: 0.0289 (2.5s)
Train loss: 0.0289 (2.5s)
2026-06-24 19:14:55,985 - INFO - Test instance 0.7125, class 0.7125
Test instance 0.7125, class 0.7125
2026-06-24 19:14:55,986 - INFO - Best instance 0.8125, class 0.8125 (epoch 84)
Best instance 0.8125, class 0.8125 (epoch 84)
2026-06-24 19:14:56,003 - INFO - Epoch 93/200:
Epoch 93/200:
2026-06-24 19:14:58,513 - INFO - Train loss: 0.0240 (2.5s)
Train loss: 0.0240 (2.5s)
2026-06-24 19:14:58,755 - INFO - Test instance 0.7125, class 0.7125
Test instance 0.7125, class 0.7125
2026-06-24 19:14:58,756 - INFO - Best instance 0.8125, class 0.8125 (epoch 84)
Best instance 0.8125, class 0.8125 (epoch 84)
2026-06-24 19:14:58,772 - INFO - Epoch 94/200:
Epoch 94/200:
2026-06-24 19:15:01,289 - INFO - Train loss: 0.0281 (2.5s)
Train loss: 0.0281 (2.5s)
2026-06-24 19:15:01,556 - INFO - Test instance 0.7750, class 0.7750
Test instance 0.7750, class 0.7750
2026-06-24 19:15:01,556 - INFO - Best instance 0.8125, class 0.8125 (epoch 84)
Best instance 0.8125, class 0.8125 (epoch 84)
2026-06-24 19:15:01,574 - INFO - Epoch 95/200:
Epoch 95/200:
2026-06-24 19:15:04,129 - INFO - Train loss: 0.0262 (2.6s)
Train loss: 0.0262 (2.6s)
2026-06-24 19:15:04,381 - INFO - Test instance 0.7250, class 0.7250
Test instance 0.7250, class 0.7250
2026-06-24 19:15:04,381 - INFO - Best instance 0.8125, class 0.8125 (epoch 84)
Best instance 0.8125, class 0.8125 (epoch 84)
2026-06-24 19:15:04,399 - INFO - Epoch 96/200:
Epoch 96/200:
2026-06-24 19:15:06,919 - INFO - Train loss: 0.0273 (2.5s)
Train loss: 0.0273 (2.5s)
2026-06-24 19:15:07,167 - INFO - Test instance 0.7250, class 0.7250
Test instance 0.7250, class 0.7250
2026-06-24 19:15:07,168 - INFO - Best instance 0.8125, class 0.8125 (epoch 84)
Best instance 0.8125, class 0.8125 (epoch 84)
2026-06-24 19:15:07,184 - INFO - Epoch 97/200:
Epoch 97/200:
2026-06-24 19:15:09,679 - INFO - Train loss: 0.0257 (2.5s)
Train loss: 0.0257 (2.5s)
2026-06-24 19:15:09,924 - INFO - Test instance 0.6750, class 0.6750
Test instance 0.6750, class 0.6750
2026-06-24 19:15:09,925 - INFO - Best instance 0.8125, class 0.8125 (epoch 84)
Best instance 0.8125, class 0.8125 (epoch 84)
2026-06-24 19:15:09,943 - INFO - Epoch 98/200:
Epoch 98/200:
2026-06-24 19:15:12,462 - INFO - Train loss: 0.0273 (2.5s)
Train loss: 0.0273 (2.5s)
2026-06-24 19:15:12,700 - INFO - Test instance 0.7875, class 0.7875
Test instance 0.7875, class 0.7875
2026-06-24 19:15:12,700 - INFO - Best instance 0.8125, class 0.8125 (epoch 84)
Best instance 0.8125, class 0.8125 (epoch 84)
2026-06-24 19:15:12,717 - INFO - Epoch 99/200:
Epoch 99/200:
2026-06-24 19:15:15,237 - INFO - Train loss: 0.0263 (2.5s)
Train loss: 0.0263 (2.5s)
2026-06-24 19:15:15,478 - INFO - Test instance 0.7625, class 0.7625
Test instance 0.7625, class 0.7625
2026-06-24 19:15:15,479 - INFO - Best instance 0.8125, class 0.8125 (epoch 84)
Best instance 0.8125, class 0.8125 (epoch 84)
2026-06-24 19:15:15,496 - INFO - Epoch 100/200:
Epoch 100/200:
2026-06-24 19:15:18,006 - INFO - Train loss: 0.0251 (2.5s)
Train loss: 0.0251 (2.5s)
2026-06-24 19:15:18,253 - INFO - Test instance 0.7250, class 0.7250
Test instance 0.7250, class 0.7250
2026-06-24 19:15:18,254 - INFO - Best instance 0.8125, class 0.8125 (epoch 84)
Best instance 0.8125, class 0.8125 (epoch 84)
2026-06-24 19:15:18,271 - INFO - Epoch 101/200:
Epoch 101/200:
2026-06-24 19:15:20,810 - INFO - Train loss: 0.0265 (2.5s)
Train loss: 0.0265 (2.5s)
2026-06-24 19:15:21,052 - INFO - Test instance 0.7375, class 0.7375
Test instance 0.7375, class 0.7375
2026-06-24 19:15:21,053 - INFO - Best instance 0.8125, class 0.8125 (epoch 84)
Best instance 0.8125, class 0.8125 (epoch 84)
2026-06-24 19:15:21,070 - INFO - Epoch 102/200:
Epoch 102/200:
2026-06-24 19:15:23,580 - INFO - Train loss: 0.0236 (2.5s)
Train loss: 0.0236 (2.5s)
2026-06-24 19:15:23,820 - INFO - Test instance 0.7625, class 0.7625
Test instance 0.7625, class 0.7625
2026-06-24 19:15:23,820 - INFO - Best instance 0.8125, class 0.8125 (epoch 84)
Best instance 0.8125, class 0.8125 (epoch 84)
2026-06-24 19:15:23,838 - INFO - Epoch 103/200:
Epoch 103/200:
2026-06-24 19:15:26,359 - INFO - Train loss: 0.0236 (2.5s)
Train loss: 0.0236 (2.5s)
2026-06-24 19:15:26,602 - INFO - Test instance 0.6750, class 0.6750
Test instance 0.6750, class 0.6750
2026-06-24 19:15:26,602 - INFO - Best instance 0.8125, class 0.8125 (epoch 84)
Best instance 0.8125, class 0.8125 (epoch 84)
2026-06-24 19:15:26,619 - INFO - Epoch 104/200:
Epoch 104/200:
2026-06-24 19:15:29,111 - INFO - Train loss: 0.0252 (2.5s)
Train loss: 0.0252 (2.5s)
2026-06-24 19:15:29,354 - INFO - Test instance 0.7375, class 0.7375
Test instance 0.7375, class 0.7375
2026-06-24 19:15:29,354 - INFO - Best instance 0.8125, class 0.8125 (epoch 84)
Best instance 0.8125, class 0.8125 (epoch 84)
2026-06-24 19:15:29,372 - INFO - Epoch 105/200:
Epoch 105/200:
2026-06-24 19:15:31,906 - INFO - Train loss: 0.0260 (2.5s)
Train loss: 0.0260 (2.5s)
2026-06-24 19:15:32,145 - INFO - Test instance 0.6875, class 0.6875
Test instance 0.6875, class 0.6875
2026-06-24 19:15:32,145 - INFO - Best instance 0.8125, class 0.8125 (epoch 84)
Best instance 0.8125, class 0.8125 (epoch 84)
2026-06-24 19:15:32,162 - INFO - Epoch 106/200:
Epoch 106/200:
2026-06-24 19:15:34,692 - INFO - Train loss: 0.0253 (2.5s)
Train loss: 0.0253 (2.5s)
2026-06-24 19:15:34,939 - INFO - Test instance 0.7750, class 0.7750
Test instance 0.7750, class 0.7750
2026-06-24 19:15:34,939 - INFO - Best instance 0.8125, class 0.8125 (epoch 84)
Best instance 0.8125, class 0.8125 (epoch 84)
2026-06-24 19:15:34,956 - INFO - Epoch 107/200:
Epoch 107/200:
2026-06-24 19:15:37,459 - INFO - Train loss: 0.0251 (2.5s)
Train loss: 0.0251 (2.5s)
2026-06-24 19:15:37,705 - INFO - Test instance 0.7375, class 0.7375
Test instance 0.7375, class 0.7375
2026-06-24 19:15:37,705 - INFO - Best instance 0.8125, class 0.8125 (epoch 84)
Best instance 0.8125, class 0.8125 (epoch 84)
2026-06-24 19:15:37,723 - INFO - Epoch 108/200:
Epoch 108/200:
2026-06-24 19:15:40,223 - INFO - Train loss: 0.0232 (2.5s)
Train loss: 0.0232 (2.5s)
2026-06-24 19:15:40,472 - INFO - Test instance 0.7500, class 0.7500
Test instance 0.7500, class 0.7500
2026-06-24 19:15:40,472 - INFO - Best instance 0.8125, class 0.8125 (epoch 84)
Best instance 0.8125, class 0.8125 (epoch 84)
2026-06-24 19:15:40,489 - INFO - Epoch 109/200:
Epoch 109/200:
2026-06-24 19:15:43,000 - INFO - Train loss: 0.0252 (2.5s)
Train loss: 0.0252 (2.5s)
2026-06-24 19:15:43,246 - INFO - Test instance 0.7875, class 0.7875
Test instance 0.7875, class 0.7875
2026-06-24 19:15:43,247 - INFO - Best instance 0.8125, class 0.8125 (epoch 84)
Best instance 0.8125, class 0.8125 (epoch 84)
2026-06-24 19:15:43,264 - INFO - Epoch 110/200:
Epoch 110/200:
2026-06-24 19:15:45,776 - INFO - Train loss: 0.0263 (2.5s)
Train loss: 0.0263 (2.5s)
2026-06-24 19:15:46,015 - INFO - Test instance 0.7375, class 0.7375
Test instance 0.7375, class 0.7375
2026-06-24 19:15:46,015 - INFO - Best instance 0.8125, class 0.8125 (epoch 84)
Best instance 0.8125, class 0.8125 (epoch 84)
2026-06-24 19:15:46,032 - INFO - Epoch 111/200:
Epoch 111/200:
2026-06-24 19:15:48,534 - INFO - Train loss: 0.0249 (2.5s)
Train loss: 0.0249 (2.5s)
2026-06-24 19:15:48,774 - INFO - Test instance 0.7625, class 0.7625
Test instance 0.7625, class 0.7625
2026-06-24 19:15:48,774 - INFO - Best instance 0.8125, class 0.8125 (epoch 84)
Best instance 0.8125, class 0.8125 (epoch 84)
2026-06-24 19:15:48,791 - INFO - Epoch 112/200:
Epoch 112/200:
2026-06-24 19:15:51,284 - INFO - Train loss: 0.0269 (2.5s)
Train loss: 0.0269 (2.5s)
2026-06-24 19:15:51,523 - INFO - Test instance 0.7500, class 0.7500
Test instance 0.7500, class 0.7500
2026-06-24 19:15:51,523 - INFO - Best instance 0.8125, class 0.8125 (epoch 84)
Best instance 0.8125, class 0.8125 (epoch 84)
2026-06-24 19:15:51,540 - INFO - Epoch 113/200:
Epoch 113/200:
2026-06-24 19:15:54,067 - INFO - Train loss: 0.0298 (2.5s)
Train loss: 0.0298 (2.5s)
2026-06-24 19:15:54,308 - INFO - Test instance 0.8000, class 0.8000
Test instance 0.8000, class 0.8000
2026-06-24 19:15:54,309 - INFO - Best instance 0.8125, class 0.8125 (epoch 84)
Best instance 0.8125, class 0.8125 (epoch 84)
2026-06-24 19:15:54,326 - INFO - Epoch 114/200:
Epoch 114/200:
2026-06-24 19:15:56,869 - INFO - Train loss: 0.0254 (2.5s)
Train loss: 0.0254 (2.5s)
2026-06-24 19:15:57,111 - INFO - Test instance 0.7875, class 0.7875
Test instance 0.7875, class 0.7875
2026-06-24 19:15:57,111 - INFO - Best instance 0.8125, class 0.8125 (epoch 84)
Best instance 0.8125, class 0.8125 (epoch 84)
2026-06-24 19:15:57,127 - INFO - Epoch 115/200:
Epoch 115/200:
2026-06-24 19:15:59,643 - INFO - Train loss: 0.0235 (2.5s)
Train loss: 0.0235 (2.5s)
2026-06-24 19:15:59,888 - INFO - Test instance 0.7500, class 0.7500
Test instance 0.7500, class 0.7500
2026-06-24 19:15:59,889 - INFO - Best instance 0.8125, class 0.8125 (epoch 84)
Best instance 0.8125, class 0.8125 (epoch 84)
2026-06-24 19:15:59,905 - INFO - Epoch 116/200:
Epoch 116/200:
2026-06-24 19:16:02,477 - INFO - Train loss: 0.0251 (2.6s)
Train loss: 0.0251 (2.6s)
2026-06-24 19:16:02,728 - INFO - Test instance 0.7250, class 0.7250
Test instance 0.7250, class 0.7250
2026-06-24 19:16:02,728 - INFO - Best instance 0.8125, class 0.8125 (epoch 84)
Best instance 0.8125, class 0.8125 (epoch 84)
2026-06-24 19:16:02,745 - INFO - Epoch 117/200:
Epoch 117/200:
2026-06-24 19:16:05,292 - INFO - Train loss: 0.0253 (2.5s)
Train loss: 0.0253 (2.5s)
2026-06-24 19:16:05,542 - INFO - Test instance 0.7625, class 0.7625
Test instance 0.7625, class 0.7625
2026-06-24 19:16:05,543 - INFO - Best instance 0.8125, class 0.8125 (epoch 84)
Best instance 0.8125, class 0.8125 (epoch 84)
2026-06-24 19:16:05,560 - INFO - Epoch 118/200:
Epoch 118/200:
2026-06-24 19:16:08,078 - INFO - Train loss: 0.0264 (2.5s)
Train loss: 0.0264 (2.5s)
2026-06-24 19:16:08,318 - INFO - Test instance 0.8000, class 0.8000
Test instance 0.8000, class 0.8000
2026-06-24 19:16:08,318 - INFO - Best instance 0.8125, class 0.8125 (epoch 84)
Best instance 0.8125, class 0.8125 (epoch 84)
2026-06-24 19:16:08,334 - INFO - Epoch 119/200:
Epoch 119/200:
2026-06-24 19:16:10,833 - INFO - Train loss: 0.0307 (2.5s)
Train loss: 0.0307 (2.5s)
2026-06-24 19:16:11,081 - INFO - Test instance 0.7375, class 0.7375
Test instance 0.7375, class 0.7375
2026-06-24 19:16:11,082 - INFO - Best instance 0.8125, class 0.8125 (epoch 84)
Best instance 0.8125, class 0.8125 (epoch 84)
2026-06-24 19:16:11,098 - INFO - Epoch 120/200:
Epoch 120/200:
2026-06-24 19:16:13,612 - INFO - Train loss: 0.0253 (2.5s)
Train loss: 0.0253 (2.5s)
2026-06-24 19:16:13,850 - INFO - Test instance 0.7375, class 0.7375
Test instance 0.7375, class 0.7375
2026-06-24 19:16:13,850 - INFO - Best instance 0.8125, class 0.8125 (epoch 84)
Best instance 0.8125, class 0.8125 (epoch 84)
2026-06-24 19:16:13,867 - INFO - Epoch 121/200:
Epoch 121/200:
2026-06-24 19:16:16,379 - INFO - Train loss: 0.0239 (2.5s)
Train loss: 0.0239 (2.5s)
2026-06-24 19:16:16,615 - INFO - Test instance 0.8000, class 0.8000
Test instance 0.8000, class 0.8000
2026-06-24 19:16:16,616 - INFO - Best instance 0.8125, class 0.8125 (epoch 84)
Best instance 0.8125, class 0.8125 (epoch 84)
2026-06-24 19:16:16,632 - INFO - Epoch 122/200:
Epoch 122/200:
2026-06-24 19:16:19,154 - INFO - Train loss: 0.0295 (2.5s)
Train loss: 0.0295 (2.5s)
2026-06-24 19:16:19,401 - INFO - Test instance 0.7000, class 0.7000
Test instance 0.7000, class 0.7000
2026-06-24 19:16:19,402 - INFO - Best instance 0.8125, class 0.8125 (epoch 84)
Best instance 0.8125, class 0.8125 (epoch 84)
2026-06-24 19:16:19,418 - INFO - Epoch 123/200:
Epoch 123/200:
2026-06-24 19:16:21,945 - INFO - Train loss: 0.0243 (2.5s)
Train loss: 0.0243 (2.5s)
2026-06-24 19:16:22,190 - INFO - Test instance 0.7750, class 0.7750
Test instance 0.7750, class 0.7750
2026-06-24 19:16:22,190 - INFO - Best instance 0.8125, class 0.8125 (epoch 84)
Best instance 0.8125, class 0.8125 (epoch 84)
2026-06-24 19:16:22,207 - INFO - Epoch 124/200:
Epoch 124/200:
2026-06-24 19:16:24,720 - INFO - Train loss: 0.0263 (2.5s)
Train loss: 0.0263 (2.5s)
2026-06-24 19:16:24,964 - INFO - Test instance 0.7500, class 0.7500
Test instance 0.7500, class 0.7500
2026-06-24 19:16:24,964 - INFO - Best instance 0.8125, class 0.8125 (epoch 84)
Best instance 0.8125, class 0.8125 (epoch 84)
2026-06-24 19:16:24,981 - INFO - Epoch 125/200:
Epoch 125/200:
2026-06-24 19:16:27,501 - INFO - Train loss: 0.0241 (2.5s)
Train loss: 0.0241 (2.5s)
2026-06-24 19:16:27,750 - INFO - Test instance 0.7500, class 0.7500
Test instance 0.7500, class 0.7500
2026-06-24 19:16:27,750 - INFO - Best instance 0.8125, class 0.8125 (epoch 84)
Best instance 0.8125, class 0.8125 (epoch 84)
2026-06-24 19:16:27,766 - INFO - Epoch 126/200:
Epoch 126/200:
2026-06-24 19:16:30,293 - INFO - Train loss: 0.0254 (2.5s)
Train loss: 0.0254 (2.5s)
2026-06-24 19:16:30,535 - INFO - Test instance 0.7000, class 0.7000
Test instance 0.7000, class 0.7000
2026-06-24 19:16:30,535 - INFO - Best instance 0.8125, class 0.8125 (epoch 84)
Best instance 0.8125, class 0.8125 (epoch 84)
2026-06-24 19:16:30,552 - INFO - Epoch 127/200:
Epoch 127/200:
2026-06-24 19:16:33,073 - INFO - Train loss: 0.0288 (2.5s)
Train loss: 0.0288 (2.5s)
2026-06-24 19:16:33,322 - INFO - Test instance 0.7625, class 0.7625
Test instance 0.7625, class 0.7625
2026-06-24 19:16:33,322 - INFO - Best instance 0.8125, class 0.8125 (epoch 84)
Best instance 0.8125, class 0.8125 (epoch 84)
2026-06-24 19:16:33,338 - INFO - Epoch 128/200:
Epoch 128/200:
2026-06-24 19:16:35,866 - INFO - Train loss: 0.0253 (2.5s)
Train loss: 0.0253 (2.5s)
2026-06-24 19:16:36,115 - INFO - Test instance 0.7500, class 0.7500
Test instance 0.7500, class 0.7500
2026-06-24 19:16:36,115 - INFO - Best instance 0.8125, class 0.8125 (epoch 84)
Best instance 0.8125, class 0.8125 (epoch 84)
2026-06-24 19:16:36,131 - INFO - Epoch 129/200:
Epoch 129/200:
2026-06-24 19:16:38,647 - INFO - Train loss: 0.0251 (2.5s)
Train loss: 0.0251 (2.5s)
2026-06-24 19:16:38,888 - INFO - Test instance 0.7000, class 0.7000
Test instance 0.7000, class 0.7000
2026-06-24 19:16:38,888 - INFO - Best instance 0.8125, class 0.8125 (epoch 84)
Best instance 0.8125, class 0.8125 (epoch 84)
2026-06-24 19:16:38,904 - INFO - Epoch 130/200:
Epoch 130/200:
2026-06-24 19:16:41,427 - INFO - Train loss: 0.0238 (2.5s)
Train loss: 0.0238 (2.5s)
2026-06-24 19:16:41,667 - INFO - Test instance 0.7250, class 0.7250
Test instance 0.7250, class 0.7250
2026-06-24 19:16:41,667 - INFO - Best instance 0.8125, class 0.8125 (epoch 84)
Best instance 0.8125, class 0.8125 (epoch 84)
2026-06-24 19:16:41,683 - INFO - Epoch 131/200:
Epoch 131/200:
2026-06-24 19:16:44,202 - INFO - Train loss: 0.0197 (2.5s)
Train loss: 0.0197 (2.5s)
2026-06-24 19:16:44,446 - INFO - Test instance 0.7500, class 0.7500
Test instance 0.7500, class 0.7500
2026-06-24 19:16:44,446 - INFO - Best instance 0.8125, class 0.8125 (epoch 84)
Best instance 0.8125, class 0.8125 (epoch 84)
2026-06-24 19:16:44,462 - INFO - Epoch 132/200:
Epoch 132/200:
2026-06-24 19:16:46,955 - INFO - Train loss: 0.0279 (2.5s)
Train loss: 0.0279 (2.5s)
2026-06-24 19:16:47,193 - INFO - Test instance 0.7875, class 0.7875
Test instance 0.7875, class 0.7875
2026-06-24 19:16:47,193 - INFO - Best instance 0.8125, class 0.8125 (epoch 84)
Best instance 0.8125, class 0.8125 (epoch 84)
2026-06-24 19:16:47,209 - INFO - Epoch 133/200:
Epoch 133/200:
2026-06-24 19:16:49,698 - INFO - Train loss: 0.0245 (2.5s)
Train loss: 0.0245 (2.5s)
2026-06-24 19:16:49,937 - INFO - Test instance 0.7875, class 0.7875
Test instance 0.7875, class 0.7875
2026-06-24 19:16:49,937 - INFO - Best instance 0.8125, class 0.8125 (epoch 84)
Best instance 0.8125, class 0.8125 (epoch 84)
2026-06-24 19:16:49,953 - INFO - Epoch 134/200:
Epoch 134/200:
2026-06-24 19:16:52,443 - INFO - Train loss: 0.0270 (2.5s)
Train loss: 0.0270 (2.5s)
2026-06-24 19:16:52,682 - INFO - Test instance 0.8000, class 0.8000
Test instance 0.8000, class 0.8000
2026-06-24 19:16:52,682 - INFO - Best instance 0.8125, class 0.8125 (epoch 84)
Best instance 0.8125, class 0.8125 (epoch 84)
2026-06-24 19:16:52,699 - INFO - Epoch 135/200:
Epoch 135/200:
2026-06-24 19:16:55,225 - INFO - Train loss: 0.0239 (2.5s)
Train loss: 0.0239 (2.5s)
2026-06-24 19:16:55,463 - INFO - Test instance 0.7875, class 0.7875
Test instance 0.7875, class 0.7875
2026-06-24 19:16:55,463 - INFO - Best instance 0.8125, class 0.8125 (epoch 84)
Best instance 0.8125, class 0.8125 (epoch 84)
2026-06-24 19:16:55,480 - INFO - Epoch 136/200:
Epoch 136/200:
2026-06-24 19:16:57,998 - INFO - Train loss: 0.0253 (2.5s)
Train loss: 0.0253 (2.5s)
2026-06-24 19:16:58,236 - INFO - Test instance 0.7750, class 0.7750
Test instance 0.7750, class 0.7750
2026-06-24 19:16:58,236 - INFO - Best instance 0.8125, class 0.8125 (epoch 84)
Best instance 0.8125, class 0.8125 (epoch 84)
2026-06-24 19:16:58,252 - INFO - Epoch 137/200:
Epoch 137/200:
2026-06-24 19:17:00,784 - INFO - Train loss: 0.0264 (2.5s)
Train loss: 0.0264 (2.5s)
2026-06-24 19:17:01,023 - INFO - Test instance 0.7750, class 0.7750
Test instance 0.7750, class 0.7750
2026-06-24 19:17:01,023 - INFO - Best instance 0.8125, class 0.8125 (epoch 84)
Best instance 0.8125, class 0.8125 (epoch 84)
2026-06-24 19:17:01,039 - INFO - Epoch 138/200:
Epoch 138/200:
2026-06-24 19:17:03,616 - INFO - Train loss: 0.0272 (2.6s)
Train loss: 0.0272 (2.6s)
2026-06-24 19:17:03,855 - INFO - Test instance 0.7750, class 0.7750
Test instance 0.7750, class 0.7750
2026-06-24 19:17:03,855 - INFO - Best instance 0.8125, class 0.8125 (epoch 84)
Best instance 0.8125, class 0.8125 (epoch 84)
2026-06-24 19:17:03,872 - INFO - Epoch 139/200:
Epoch 139/200:
2026-06-24 19:17:06,407 - INFO - Train loss: 0.0250 (2.5s)
Train loss: 0.0250 (2.5s)
2026-06-24 19:17:06,647 - INFO - Test instance 0.7750, class 0.7750
Test instance 0.7750, class 0.7750
2026-06-24 19:17:06,648 - INFO - Best instance 0.8125, class 0.8125 (epoch 84)
Best instance 0.8125, class 0.8125 (epoch 84)
2026-06-24 19:17:06,664 - INFO - Epoch 140/200:
Epoch 140/200:
2026-06-24 19:17:09,189 - INFO - Train loss: 0.0248 (2.5s)
Train loss: 0.0248 (2.5s)
2026-06-24 19:17:09,430 - INFO - Test instance 0.7875, class 0.7875
Test instance 0.7875, class 0.7875
2026-06-24 19:17:09,431 - INFO - Best instance 0.8125, class 0.8125 (epoch 84)
Best instance 0.8125, class 0.8125 (epoch 84)
2026-06-24 19:17:09,447 - INFO - Epoch 141/200:
Epoch 141/200:
2026-06-24 19:17:11,962 - INFO - Train loss: 0.0245 (2.5s)
Train loss: 0.0245 (2.5s)
2026-06-24 19:17:12,214 - INFO - Test instance 0.7750, class 0.7750
Test instance 0.7750, class 0.7750
2026-06-24 19:17:12,215 - INFO - Best instance 0.8125, class 0.8125 (epoch 84)
Best instance 0.8125, class 0.8125 (epoch 84)
2026-06-24 19:17:12,231 - INFO - Epoch 142/200:
Epoch 142/200:
2026-06-24 19:17:14,741 - INFO - Train loss: 0.0243 (2.5s)
Train loss: 0.0243 (2.5s)
2026-06-24 19:17:14,979 - INFO - Test instance 0.7375, class 0.7375
Test instance 0.7375, class 0.7375
2026-06-24 19:17:14,981 - INFO - Best instance 0.8125, class 0.8125 (epoch 84)
Best instance 0.8125, class 0.8125 (epoch 84)
2026-06-24 19:17:14,997 - INFO - Epoch 143/200:
Epoch 143/200:
2026-06-24 19:17:17,508 - INFO - Train loss: 0.0286 (2.5s)
Train loss: 0.0286 (2.5s)
2026-06-24 19:17:17,747 - INFO - Test instance 0.7250, class 0.7250
Test instance 0.7250, class 0.7250
2026-06-24 19:17:17,748 - INFO - Best instance 0.8125, class 0.8125 (epoch 84)
Best instance 0.8125, class 0.8125 (epoch 84)
2026-06-24 19:17:17,764 - INFO - Epoch 144/200:
Epoch 144/200:
2026-06-24 19:17:20,266 - INFO - Train loss: 0.0256 (2.5s)
Train loss: 0.0256 (2.5s)
2026-06-24 19:17:20,510 - INFO - Test instance 0.7625, class 0.7625
Test instance 0.7625, class 0.7625
2026-06-24 19:17:20,510 - INFO - Best instance 0.8125, class 0.8125 (epoch 84)
Best instance 0.8125, class 0.8125 (epoch 84)
2026-06-24 19:17:20,526 - INFO - Epoch 145/200:
Epoch 145/200:
2026-06-24 19:17:23,043 - INFO - Train loss: 0.0247 (2.5s)
Train loss: 0.0247 (2.5s)
2026-06-24 19:17:23,283 - INFO - Test instance 0.7750, class 0.7750
Test instance 0.7750, class 0.7750
2026-06-24 19:17:23,284 - INFO - Best instance 0.8125, class 0.8125 (epoch 84)
Best instance 0.8125, class 0.8125 (epoch 84)
2026-06-24 19:17:23,300 - INFO - Epoch 146/200:
Epoch 146/200:
2026-06-24 19:17:25,817 - INFO - Train loss: 0.0265 (2.5s)
Train loss: 0.0265 (2.5s)
2026-06-24 19:17:26,057 - INFO - Test instance 0.7875, class 0.7875
Test instance 0.7875, class 0.7875
2026-06-24 19:17:26,058 - INFO - Best instance 0.8125, class 0.8125 (epoch 84)
Best instance 0.8125, class 0.8125 (epoch 84)
2026-06-24 19:17:26,074 - INFO - Epoch 147/200:
Epoch 147/200:
2026-06-24 19:17:28,596 - INFO - Train loss: 0.0238 (2.5s)
Train loss: 0.0238 (2.5s)
2026-06-24 19:17:28,836 - INFO - Test instance 0.7500, class 0.7500
Test instance 0.7500, class 0.7500
2026-06-24 19:17:28,837 - INFO - Best instance 0.8125, class 0.8125 (epoch 84)
Best instance 0.8125, class 0.8125 (epoch 84)
2026-06-24 19:17:28,853 - INFO - Epoch 148/200:
Epoch 148/200:
2026-06-24 19:17:31,378 - INFO - Train loss: 0.0229 (2.5s)
Train loss: 0.0229 (2.5s)
2026-06-24 19:17:31,618 - INFO - Test instance 0.7375, class 0.7375
Test instance 0.7375, class 0.7375
2026-06-24 19:17:31,618 - INFO - Best instance 0.8125, class 0.8125 (epoch 84)
Best instance 0.8125, class 0.8125 (epoch 84)
2026-06-24 19:17:31,634 - INFO - Epoch 149/200:
Epoch 149/200:
2026-06-24 19:17:34,155 - INFO - Train loss: 0.0222 (2.5s)
Train loss: 0.0222 (2.5s)
2026-06-24 19:17:34,400 - INFO - Test instance 0.7250, class 0.7250
Test instance 0.7250, class 0.7250
2026-06-24 19:17:34,400 - INFO - Best instance 0.8125, class 0.8125 (epoch 84)
Best instance 0.8125, class 0.8125 (epoch 84)
2026-06-24 19:17:34,416 - INFO - Epoch 150/200:
Epoch 150/200:
2026-06-24 19:17:36,923 - INFO - Train loss: 0.0246 (2.5s)
Train loss: 0.0246 (2.5s)
2026-06-24 19:17:37,165 - INFO - Test instance 0.7500, class 0.7500
Test instance 0.7500, class 0.7500
2026-06-24 19:17:37,166 - INFO - Best instance 0.8125, class 0.8125 (epoch 84)
Best instance 0.8125, class 0.8125 (epoch 84)
2026-06-24 19:17:37,181 - INFO - Epoch 151/200:
Epoch 151/200:
2026-06-24 19:17:39,704 - INFO - Train loss: 0.0232 (2.5s)
Train loss: 0.0232 (2.5s)
2026-06-24 19:17:39,946 - INFO - Test instance 0.7500, class 0.7500
Test instance 0.7500, class 0.7500
2026-06-24 19:17:39,947 - INFO - Best instance 0.8125, class 0.8125 (epoch 84)
Best instance 0.8125, class 0.8125 (epoch 84)
2026-06-24 19:17:39,963 - INFO - Epoch 152/200:
Epoch 152/200:
2026-06-24 19:17:42,485 - INFO - Train loss: 0.0261 (2.5s)
Train loss: 0.0261 (2.5s)
2026-06-24 19:17:42,722 - INFO - Test instance 0.7750, class 0.7750
Test instance 0.7750, class 0.7750
2026-06-24 19:17:42,722 - INFO - Best instance 0.8125, class 0.8125 (epoch 84)
Best instance 0.8125, class 0.8125 (epoch 84)
2026-06-24 19:17:42,739 - INFO - Epoch 153/200:
Epoch 153/200:
2026-06-24 19:17:45,261 - INFO - Train loss: 0.0243 (2.5s)
Train loss: 0.0243 (2.5s)
2026-06-24 19:17:45,506 - INFO - Test instance 0.7500, class 0.7500
Test instance 0.7500, class 0.7500
2026-06-24 19:17:45,506 - INFO - Best instance 0.8125, class 0.8125 (epoch 84)
Best instance 0.8125, class 0.8125 (epoch 84)
2026-06-24 19:17:45,522 - INFO - Epoch 154/200:
Epoch 154/200:
2026-06-24 19:17:48,031 - INFO - Train loss: 0.0235 (2.5s)
Train loss: 0.0235 (2.5s)
2026-06-24 19:17:48,282 - INFO - Test instance 0.7750, class 0.7750
Test instance 0.7750, class 0.7750
2026-06-24 19:17:48,283 - INFO - Best instance 0.8125, class 0.8125 (epoch 84)
Best instance 0.8125, class 0.8125 (epoch 84)
2026-06-24 19:17:48,299 - INFO - Epoch 155/200:
Epoch 155/200:
2026-06-24 19:17:50,813 - INFO - Train loss: 0.0206 (2.5s)
Train loss: 0.0206 (2.5s)
2026-06-24 19:17:51,056 - INFO - Test instance 0.7625, class 0.7625
Test instance 0.7625, class 0.7625
2026-06-24 19:17:51,056 - INFO - Best instance 0.8125, class 0.8125 (epoch 84)
Best instance 0.8125, class 0.8125 (epoch 84)
2026-06-24 19:17:51,072 - INFO - Epoch 156/200:
Epoch 156/200:
2026-06-24 19:17:53,573 - INFO - Train loss: 0.0274 (2.5s)
Train loss: 0.0274 (2.5s)
2026-06-24 19:17:53,810 - INFO - Test instance 0.7125, class 0.7125
Test instance 0.7125, class 0.7125
2026-06-24 19:17:53,811 - INFO - Best instance 0.8125, class 0.8125 (epoch 84)
Best instance 0.8125, class 0.8125 (epoch 84)
2026-06-24 19:17:53,827 - INFO - Epoch 157/200:
Epoch 157/200:
2026-06-24 19:17:56,354 - INFO - Train loss: 0.0269 (2.5s)
Train loss: 0.0269 (2.5s)
2026-06-24 19:17:56,597 - INFO - Test instance 0.7375, class 0.7375
Test instance 0.7375, class 0.7375
2026-06-24 19:17:56,598 - INFO - Best instance 0.8125, class 0.8125 (epoch 84)
Best instance 0.8125, class 0.8125 (epoch 84)
2026-06-24 19:17:56,614 - INFO - Epoch 158/200:
Epoch 158/200:
2026-06-24 19:17:59,138 - INFO - Train loss: 0.0233 (2.5s)
Train loss: 0.0233 (2.5s)
2026-06-24 19:17:59,377 - INFO - Test instance 0.7375, class 0.7375
Test instance 0.7375, class 0.7375
2026-06-24 19:17:59,381 - INFO - Best instance 0.8125, class 0.8125 (epoch 84)
Best instance 0.8125, class 0.8125 (epoch 84)
2026-06-24 19:17:59,400 - INFO - Epoch 159/200:
Epoch 159/200:
2026-06-24 19:18:01,961 - INFO - Train loss: 0.0240 (2.6s)
Train loss: 0.0240 (2.6s)
2026-06-24 19:18:02,206 - INFO - Test instance 0.7625, class 0.7625
Test instance 0.7625, class 0.7625
2026-06-24 19:18:02,207 - INFO - Best instance 0.8125, class 0.8125 (epoch 84)
Best instance 0.8125, class 0.8125 (epoch 84)
2026-06-24 19:18:02,223 - INFO - Epoch 160/200:
Epoch 160/200:
2026-06-24 19:18:04,754 - INFO - Train loss: 0.0224 (2.5s)
Train loss: 0.0224 (2.5s)
2026-06-24 19:18:04,993 - INFO - Test instance 0.7500, class 0.7500
Test instance 0.7500, class 0.7500
2026-06-24 19:18:04,993 - INFO - Best instance 0.8125, class 0.8125 (epoch 84)
Best instance 0.8125, class 0.8125 (epoch 84)
2026-06-24 19:18:05,009 - INFO - Epoch 161/200:
Epoch 161/200:
2026-06-24 19:18:07,535 - INFO - Train loss: 0.0249 (2.5s)
Train loss: 0.0249 (2.5s)
2026-06-24 19:18:07,773 - INFO - Test instance 0.7500, class 0.7500
Test instance 0.7500, class 0.7500
2026-06-24 19:18:07,773 - INFO - Best instance 0.8125, class 0.8125 (epoch 84)
Best instance 0.8125, class 0.8125 (epoch 84)
2026-06-24 19:18:07,789 - INFO - Epoch 162/200:
Epoch 162/200:
2026-06-24 19:18:10,299 - INFO - Train loss: 0.0253 (2.5s)
Train loss: 0.0253 (2.5s)
2026-06-24 19:18:10,538 - INFO - Test instance 0.7625, class 0.7625
Test instance 0.7625, class 0.7625
2026-06-24 19:18:10,538 - INFO - Best instance 0.8125, class 0.8125 (epoch 84)
Best instance 0.8125, class 0.8125 (epoch 84)
2026-06-24 19:18:10,554 - INFO - Epoch 163/200:
Epoch 163/200:
2026-06-24 19:18:13,081 - INFO - Train loss: 0.0242 (2.5s)
Train loss: 0.0242 (2.5s)
2026-06-24 19:18:13,322 - INFO - Test instance 0.7500, class 0.7500
Test instance 0.7500, class 0.7500
2026-06-24 19:18:13,322 - INFO - Best instance 0.8125, class 0.8125 (epoch 84)
Best instance 0.8125, class 0.8125 (epoch 84)
2026-06-24 19:18:13,338 - INFO - Epoch 164/200:
Epoch 164/200:
2026-06-24 19:18:15,860 - INFO - Train loss: 0.0289 (2.5s)
Train loss: 0.0289 (2.5s)
2026-06-24 19:18:16,102 - INFO - Test instance 0.7000, class 0.7000
Test instance 0.7000, class 0.7000
2026-06-24 19:18:16,102 - INFO - Best instance 0.8125, class 0.8125 (epoch 84)
Best instance 0.8125, class 0.8125 (epoch 84)
2026-06-24 19:18:16,118 - INFO - Epoch 165/200:
Epoch 165/200:
2026-06-24 19:18:18,635 - INFO - Train loss: 0.0262 (2.5s)
Train loss: 0.0262 (2.5s)
2026-06-24 19:18:18,875 - INFO - Test instance 0.7500, class 0.7500
Test instance 0.7500, class 0.7500
2026-06-24 19:18:18,875 - INFO - Best instance 0.8125, class 0.8125 (epoch 84)
Best instance 0.8125, class 0.8125 (epoch 84)
2026-06-24 19:18:18,892 - INFO - Epoch 166/200:
Epoch 166/200:
2026-06-24 19:18:21,406 - INFO - Train loss: 0.0260 (2.5s)
Train loss: 0.0260 (2.5s)
2026-06-24 19:18:21,644 - INFO - Test instance 0.7625, class 0.7625
Test instance 0.7625, class 0.7625
2026-06-24 19:18:21,644 - INFO - Best instance 0.8125, class 0.8125 (epoch 84)
Best instance 0.8125, class 0.8125 (epoch 84)
2026-06-24 19:18:21,660 - INFO - Epoch 167/200:
Epoch 167/200:
2026-06-24 19:18:24,158 - INFO - Train loss: 0.0265 (2.5s)
Train loss: 0.0265 (2.5s)
2026-06-24 19:18:24,400 - INFO - Test instance 0.7500, class 0.7500
Test instance 0.7500, class 0.7500
2026-06-24 19:18:24,401 - INFO - Best instance 0.8125, class 0.8125 (epoch 84)
Best instance 0.8125, class 0.8125 (epoch 84)
2026-06-24 19:18:24,417 - INFO - Epoch 168/200:
Epoch 168/200:
2026-06-24 19:18:26,921 - INFO - Train loss: 0.0241 (2.5s)
Train loss: 0.0241 (2.5s)
2026-06-24 19:18:27,163 - INFO - Test instance 0.7375, class 0.7375
Test instance 0.7375, class 0.7375
2026-06-24 19:18:27,163 - INFO - Best instance 0.8125, class 0.8125 (epoch 84)
Best instance 0.8125, class 0.8125 (epoch 84)
2026-06-24 19:18:27,179 - INFO - Epoch 169/200:
Epoch 169/200:
2026-06-24 19:18:29,702 - INFO - Train loss: 0.0254 (2.5s)
Train loss: 0.0254 (2.5s)
2026-06-24 19:18:29,950 - INFO - Test instance 0.8125, class 0.8125
Test instance 0.8125, class 0.8125
2026-06-24 19:18:29,950 - INFO - Best instance 0.8125, class 0.8125 (epoch 84)
Best instance 0.8125, class 0.8125 (epoch 84)
2026-06-24 19:18:29,966 - INFO - Epoch 170/200:
Epoch 170/200:
2026-06-24 19:18:32,501 - INFO - Train loss: 0.0272 (2.5s)
Train loss: 0.0272 (2.5s)
2026-06-24 19:18:32,744 - INFO - Test instance 0.7500, class 0.7500
Test instance 0.7500, class 0.7500
2026-06-24 19:18:32,744 - INFO - Best instance 0.8125, class 0.8125 (epoch 84)
Best instance 0.8125, class 0.8125 (epoch 84)
2026-06-24 19:18:32,760 - INFO - Epoch 171/200:
Epoch 171/200:
2026-06-24 19:18:35,276 - INFO - Train loss: 0.0252 (2.5s)
Train loss: 0.0252 (2.5s)
2026-06-24 19:18:35,515 - INFO - Test instance 0.7500, class 0.7500
Test instance 0.7500, class 0.7500
2026-06-24 19:18:35,516 - INFO - Best instance 0.8125, class 0.8125 (epoch 84)
Best instance 0.8125, class 0.8125 (epoch 84)
2026-06-24 19:18:35,532 - INFO - Epoch 172/200:
Epoch 172/200:
2026-06-24 19:18:38,044 - INFO - Train loss: 0.0265 (2.5s)
Train loss: 0.0265 (2.5s)
2026-06-24 19:18:38,291 - INFO - Test instance 0.7500, class 0.7500
Test instance 0.7500, class 0.7500
2026-06-24 19:18:38,291 - INFO - Best instance 0.8125, class 0.8125 (epoch 84)
Best instance 0.8125, class 0.8125 (epoch 84)
2026-06-24 19:18:38,307 - INFO - Epoch 173/200:
Epoch 173/200:
2026-06-24 19:18:40,803 - INFO - Train loss: 0.0240 (2.5s)
Train loss: 0.0240 (2.5s)
2026-06-24 19:18:41,039 - INFO - Test instance 0.7500, class 0.7500
Test instance 0.7500, class 0.7500
2026-06-24 19:18:41,040 - INFO - Best instance 0.8125, class 0.8125 (epoch 84)
Best instance 0.8125, class 0.8125 (epoch 84)
2026-06-24 19:18:41,056 - INFO - Epoch 174/200:
Epoch 174/200:
2026-06-24 19:18:43,557 - INFO - Train loss: 0.0220 (2.5s)
Train loss: 0.0220 (2.5s)
2026-06-24 19:18:43,794 - INFO - Test instance 0.7750, class 0.7750
Test instance 0.7750, class 0.7750
2026-06-24 19:18:43,795 - INFO - Best instance 0.8125, class 0.8125 (epoch 84)
Best instance 0.8125, class 0.8125 (epoch 84)
2026-06-24 19:18:43,811 - INFO - Epoch 175/200:
Epoch 175/200:
2026-06-24 19:18:46,304 - INFO - Train loss: 0.0214 (2.5s)
Train loss: 0.0214 (2.5s)
2026-06-24 19:18:46,541 - INFO - Test instance 0.7375, class 0.7375
Test instance 0.7375, class 0.7375
2026-06-24 19:18:46,541 - INFO - Best instance 0.8125, class 0.8125 (epoch 84)
Best instance 0.8125, class 0.8125 (epoch 84)
2026-06-24 19:18:46,557 - INFO - Epoch 176/200:
Epoch 176/200:
2026-06-24 19:18:49,044 - INFO - Train loss: 0.0284 (2.5s)
Train loss: 0.0284 (2.5s)
2026-06-24 19:18:49,283 - INFO - Test instance 0.7750, class 0.7750
Test instance 0.7750, class 0.7750
2026-06-24 19:18:49,283 - INFO - Best instance 0.8125, class 0.8125 (epoch 84)
Best instance 0.8125, class 0.8125 (epoch 84)
2026-06-24 19:18:49,299 - INFO - Epoch 177/200:
Epoch 177/200:
2026-06-24 19:18:51,798 - INFO - Train loss: 0.0224 (2.5s)
Train loss: 0.0224 (2.5s)
2026-06-24 19:18:52,042 - INFO - Test instance 0.7875, class 0.7875
Test instance 0.7875, class 0.7875
2026-06-24 19:18:52,042 - INFO - Best instance 0.8125, class 0.8125 (epoch 84)
Best instance 0.8125, class 0.8125 (epoch 84)
2026-06-24 19:18:52,059 - INFO - Epoch 178/200:
Epoch 178/200:
2026-06-24 19:18:54,575 - INFO - Train loss: 0.0212 (2.5s)
Train loss: 0.0212 (2.5s)
2026-06-24 19:18:54,824 - INFO - Test instance 0.7875, class 0.7875
Test instance 0.7875, class 0.7875
2026-06-24 19:18:54,824 - INFO - Best instance 0.8125, class 0.8125 (epoch 84)
Best instance 0.8125, class 0.8125 (epoch 84)
2026-06-24 19:18:54,841 - INFO - Epoch 179/200:
Epoch 179/200:
2026-06-24 19:18:57,354 - INFO - Train loss: 0.0220 (2.5s)
Train loss: 0.0220 (2.5s)
2026-06-24 19:18:57,596 - INFO - Test instance 0.7875, class 0.7875
Test instance 0.7875, class 0.7875
2026-06-24 19:18:57,597 - INFO - Best instance 0.8125, class 0.8125 (epoch 84)
Best instance 0.8125, class 0.8125 (epoch 84)
2026-06-24 19:18:57,613 - INFO - Epoch 180/200:
Epoch 180/200:
2026-06-24 19:19:00,131 - INFO - Train loss: 0.0239 (2.5s)
Train loss: 0.0239 (2.5s)
2026-06-24 19:19:00,378 - INFO - Test instance 0.8000, class 0.8000
Test instance 0.8000, class 0.8000
2026-06-24 19:19:00,378 - INFO - Best instance 0.8125, class 0.8125 (epoch 84)
Best instance 0.8125, class 0.8125 (epoch 84)
2026-06-24 19:19:00,394 - INFO - Epoch 181/200:
Epoch 181/200:
2026-06-24 19:19:02,968 - INFO - Train loss: 0.0214 (2.6s)
Train loss: 0.0214 (2.6s)
2026-06-24 19:19:03,207 - INFO - Test instance 0.7500, class 0.7500
Test instance 0.7500, class 0.7500
2026-06-24 19:19:03,207 - INFO - Best instance 0.8125, class 0.8125 (epoch 84)
Best instance 0.8125, class 0.8125 (epoch 84)
2026-06-24 19:19:03,223 - INFO - Epoch 182/200:
Epoch 182/200:
2026-06-24 19:19:05,761 - INFO - Train loss: 0.0231 (2.5s)
Train loss: 0.0231 (2.5s)
2026-06-24 19:19:05,999 - INFO - Test instance 0.7625, class 0.7625
Test instance 0.7625, class 0.7625
2026-06-24 19:19:05,999 - INFO - Best instance 0.8125, class 0.8125 (epoch 84)
Best instance 0.8125, class 0.8125 (epoch 84)
2026-06-24 19:19:06,017 - INFO - Epoch 183/200:
Epoch 183/200:
2026-06-24 19:19:08,540 - INFO - Train loss: 0.0274 (2.5s)
Train loss: 0.0274 (2.5s)
2026-06-24 19:19:08,782 - INFO - Test instance 0.7625, class 0.7625
Test instance 0.7625, class 0.7625
2026-06-24 19:19:08,782 - INFO - Best instance 0.8125, class 0.8125 (epoch 84)
Best instance 0.8125, class 0.8125 (epoch 84)
2026-06-24 19:19:08,798 - INFO - Epoch 184/200:
Epoch 184/200:
2026-06-24 19:19:11,351 - INFO - Train loss: 0.0258 (2.6s)
Train loss: 0.0258 (2.6s)
2026-06-24 19:19:11,593 - INFO - Test instance 0.8000, class 0.8000
Test instance 0.8000, class 0.8000
2026-06-24 19:19:11,593 - INFO - Best instance 0.8125, class 0.8125 (epoch 84)
Best instance 0.8125, class 0.8125 (epoch 84)
2026-06-24 19:19:11,610 - INFO - Epoch 185/200:
Epoch 185/200:
2026-06-24 19:19:14,125 - INFO - Train loss: 0.0272 (2.5s)
Train loss: 0.0272 (2.5s)
2026-06-24 19:19:14,364 - INFO - Test instance 0.7625, class 0.7625
Test instance 0.7625, class 0.7625
2026-06-24 19:19:14,364 - INFO - Best instance 0.8125, class 0.8125 (epoch 84)
Best instance 0.8125, class 0.8125 (epoch 84)
2026-06-24 19:19:14,380 - INFO - Epoch 186/200:
Epoch 186/200:
2026-06-24 19:19:16,910 - INFO - Train loss: 0.0230 (2.5s)
Train loss: 0.0230 (2.5s)
2026-06-24 19:19:17,158 - INFO - Test instance 0.7625, class 0.7625
Test instance 0.7625, class 0.7625
2026-06-24 19:19:17,158 - INFO - Best instance 0.8125, class 0.8125 (epoch 84)
Best instance 0.8125, class 0.8125 (epoch 84)
2026-06-24 19:19:17,174 - INFO - Epoch 187/200:
Epoch 187/200:
2026-06-24 19:19:19,660 - INFO - Train loss: 0.0253 (2.5s)
Train loss: 0.0253 (2.5s)
2026-06-24 19:19:19,908 - INFO - Test instance 0.7625, class 0.7625
Test instance 0.7625, class 0.7625
2026-06-24 19:19:19,909 - INFO - Best instance 0.8125, class 0.8125 (epoch 84)
Best instance 0.8125, class 0.8125 (epoch 84)
2026-06-24 19:19:19,925 - INFO - Epoch 188/200:
Epoch 188/200:
2026-06-24 19:19:22,461 - INFO - Train loss: 0.0244 (2.5s)
Train loss: 0.0244 (2.5s)
2026-06-24 19:19:22,700 - INFO - Test instance 0.7625, class 0.7625
Test instance 0.7625, class 0.7625
2026-06-24 19:19:22,700 - INFO - Best instance 0.8125, class 0.8125 (epoch 84)
Best instance 0.8125, class 0.8125 (epoch 84)
2026-06-24 19:19:22,716 - INFO - Epoch 189/200:
Epoch 189/200:
2026-06-24 19:19:25,238 - INFO - Train loss: 0.0240 (2.5s)
Train loss: 0.0240 (2.5s)
2026-06-24 19:19:25,480 - INFO - Test instance 0.7750, class 0.7750
Test instance 0.7750, class 0.7750
2026-06-24 19:19:25,480 - INFO - Best instance 0.8125, class 0.8125 (epoch 84)
Best instance 0.8125, class 0.8125 (epoch 84)
2026-06-24 19:19:25,496 - INFO - Epoch 190/200:
Epoch 190/200:
2026-06-24 19:19:28,022 - INFO - Train loss: 0.0215 (2.5s)
Train loss: 0.0215 (2.5s)
2026-06-24 19:19:28,263 - INFO - Test instance 0.7250, class 0.7250
Test instance 0.7250, class 0.7250
2026-06-24 19:19:28,264 - INFO - Best instance 0.8125, class 0.8125 (epoch 84)
Best instance 0.8125, class 0.8125 (epoch 84)
2026-06-24 19:19:28,280 - INFO - Epoch 191/200:
Epoch 191/200:
2026-06-24 19:19:30,794 - INFO - Train loss: 0.0238 (2.5s)
Train loss: 0.0238 (2.5s)
2026-06-24 19:19:31,030 - INFO - Test instance 0.7875, class 0.7875
Test instance 0.7875, class 0.7875
2026-06-24 19:19:31,030 - INFO - Best instance 0.8125, class 0.8125 (epoch 84)
Best instance 0.8125, class 0.8125 (epoch 84)
2026-06-24 19:19:31,047 - INFO - Epoch 192/200:
Epoch 192/200:
2026-06-24 19:19:33,556 - INFO - Train loss: 0.0219 (2.5s)
Train loss: 0.0219 (2.5s)
2026-06-24 19:19:33,803 - INFO - Test instance 0.7625, class 0.7625
Test instance 0.7625, class 0.7625
2026-06-24 19:19:33,803 - INFO - Best instance 0.8125, class 0.8125 (epoch 84)
Best instance 0.8125, class 0.8125 (epoch 84)
2026-06-24 19:19:33,820 - INFO - Epoch 193/200:
Epoch 193/200:
2026-06-24 19:19:36,338 - INFO - Train loss: 0.0260 (2.5s)
Train loss: 0.0260 (2.5s)
2026-06-24 19:19:36,583 - INFO - Test instance 0.7500, class 0.7500
Test instance 0.7500, class 0.7500
2026-06-24 19:19:36,583 - INFO - Best instance 0.8125, class 0.8125 (epoch 84)
Best instance 0.8125, class 0.8125 (epoch 84)
2026-06-24 19:19:36,599 - INFO - Epoch 194/200:
Epoch 194/200:
2026-06-24 19:19:39,114 - INFO - Train loss: 0.0225 (2.5s)
Train loss: 0.0225 (2.5s)
2026-06-24 19:19:39,352 - INFO - Test instance 0.7750, class 0.7750
Test instance 0.7750, class 0.7750
2026-06-24 19:19:39,352 - INFO - Best instance 0.8125, class 0.8125 (epoch 84)
Best instance 0.8125, class 0.8125 (epoch 84)
2026-06-24 19:19:39,368 - INFO - Epoch 195/200:
Epoch 195/200:
2026-06-24 19:19:41,887 - INFO - Train loss: 0.0293 (2.5s)
Train loss: 0.0293 (2.5s)
2026-06-24 19:19:42,129 - INFO - Test instance 0.7375, class 0.7375
Test instance 0.7375, class 0.7375
2026-06-24 19:19:42,129 - INFO - Best instance 0.8125, class 0.8125 (epoch 84)
Best instance 0.8125, class 0.8125 (epoch 84)
2026-06-24 19:19:42,146 - INFO - Epoch 196/200:
Epoch 196/200:
2026-06-24 19:19:44,670 - INFO - Train loss: 0.0197 (2.5s)
Train loss: 0.0197 (2.5s)
2026-06-24 19:19:44,911 - INFO - Test instance 0.7750, class 0.7750
Test instance 0.7750, class 0.7750
2026-06-24 19:19:44,912 - INFO - Best instance 0.8125, class 0.8125 (epoch 84)
Best instance 0.8125, class 0.8125 (epoch 84)
2026-06-24 19:19:44,928 - INFO - Epoch 197/200:
Epoch 197/200:
2026-06-24 19:19:47,450 - INFO - Train loss: 0.0246 (2.5s)
Train loss: 0.0246 (2.5s)
2026-06-24 19:19:47,701 - INFO - Test instance 0.7625, class 0.7625
Test instance 0.7625, class 0.7625
2026-06-24 19:19:47,701 - INFO - Best instance 0.8125, class 0.8125 (epoch 84)
Best instance 0.8125, class 0.8125 (epoch 84)
2026-06-24 19:19:47,718 - INFO - Epoch 198/200:
Epoch 198/200:
2026-06-24 19:19:50,220 - INFO - Train loss: 0.0257 (2.5s)
Train loss: 0.0257 (2.5s)
2026-06-24 19:19:50,459 - INFO - Test instance 0.7625, class 0.7625
Test instance 0.7625, class 0.7625
2026-06-24 19:19:50,459 - INFO - Best instance 0.8125, class 0.8125 (epoch 84)
Best instance 0.8125, class 0.8125 (epoch 84)
2026-06-24 19:19:50,475 - INFO - Epoch 199/200:
Epoch 199/200:
2026-06-24 19:19:52,996 - INFO - Train loss: 0.0250 (2.5s)
Train loss: 0.0250 (2.5s)
2026-06-24 19:19:53,241 - INFO - Test instance 0.7625, class 0.7625
Test instance 0.7625, class 0.7625
2026-06-24 19:19:53,241 - INFO - Best instance 0.8125, class 0.8125 (epoch 84)
Best instance 0.8125, class 0.8125 (epoch 84)
2026-06-24 19:19:53,257 - INFO - Epoch 200/200:
Epoch 200/200:
2026-06-24 19:19:55,772 - INFO - Train loss: 0.0224 (2.5s)
Train loss: 0.0224 (2.5s)
2026-06-24 19:19:56,014 - INFO - Test instance 0.7625, class 0.7625
Test instance 0.7625, class 0.7625
2026-06-24 19:19:56,014 - INFO - Best instance 0.8125, class 0.8125 (epoch 84)
Best instance 0.8125, class 0.8125 (epoch 84)
2026-06-24 19:20:15,715 - INFO - Student 1.42 MB, 58.17 ms
Student 1.42 MB, 58.17 ms
