[Thu Jun 25 00:17:58 EDT 2026] task 15 on GPU 0: python flkd/advanced_kd_train_classification.py --teacher_model pointnet2_cls_ssg --student_model small_pointnet2 --kd_strategy logit_mse --dataset modelnet40 --seed 123 --batch_size 48 --epoch 200 --num_point 1024 --teacher_path "outputs/modelnet40/flkd/federated/classification/fl_pointnet2_cls_ssg_fedavg_s123/checkpoints/best_model.pth" --log_dir kd_pointnet2_cls_ssg_fedavg+logit_mse_small_pointnet2_s123  --data_root data --output_root outputs --num_workers -1 --max_runtime_hours 166.0
The size of train data is 9843
The size of test data is 2468
Loaded teacher from outputs/modelnet40/flkd/federated/classification/fl_pointnet2_cls_ssg_fedavg_s123/checkpoints/best_model.pth
2026-06-25 00:18:00,793 - INFO - PARAMETER ...
2026-06-25 00:18:00,794 - INFO - {'use_cpu': False, 'no_amp': False, 'gpu': '0', 'num_workers': -1, 'batch_size': 48, 'teacher_model': 'pointnet2_cls_ssg', 'student_model': 'small_pointnet2', 'num_category': 40, 'dataset': 'modelnet40', 'data_root': 'data', 'output_root': 'outputs', 'train_split': 0.8, 'dataset_seed': 0, 'cache_dataset': True, 'min_class_samples': 1, 'epoch': 200, 'learning_rate': 0.001, 'num_point': 1024, 'optimizer': 'Adam', 'log_dir': 'kd_pointnet2_cls_ssg_fedavg+logit_mse_small_pointnet2_s123', 'decay_rate': 0.0001, 'use_normals': False, 'process_data': False, 'use_uniform_sample': False, 'resume': True, 'kd_strategy': 'logit_mse', 'alpha': 0.5, 'temperature': 2.0, 'beta': 0.5, 'dkd_alpha': 1.0, 'dkd_beta': 8.0, 'crd_temperature': 0.07, 'teacher_path': 'outputs/modelnet40/flkd/federated/classification/fl_pointnet2_cls_ssg_fedavg_s123/checkpoints/best_model.pth', 'teacher_paths': None, 'teacher_weights': None, 'use_hard_labels': 'on', 'unlabeled': False, 'temperature_sweep': None, 'seed': 123, 'max_runtime_hours': 166.0}
2026-06-25 00:18:00,811 - INFO - KD=logit_mse student=small_pointnet2 AMP=False use_hard=True unlabeled=False T=2.0
KD=logit_mse student=small_pointnet2 AMP=False use_hard=True unlabeled=False T=2.0
2026-06-25 00:18:00,827 - INFO - Epoch 1/200:
Epoch 1/200:
2026-06-25 00:19:39,658 - INFO - Train loss: 1.5555 (98.8s)
Train loss: 1.5555 (98.8s)
2026-06-25 00:20:09,240 - INFO - Test instance 0.4797, class 0.3615
Test instance 0.4797, class 0.3615
2026-06-25 00:20:09,263 - INFO - Best instance 0.4797, class 0.3615 (epoch 1)
Best instance 0.4797, class 0.3615 (epoch 1)
2026-06-25 00:20:09,284 - INFO - Epoch 2/200:
Epoch 2/200:
2026-06-25 00:21:43,807 - INFO - Train loss: 1.2147 (94.5s)
Train loss: 1.2147 (94.5s)
2026-06-25 00:22:07,081 - INFO - Test instance 0.6605, class 0.4998
Test instance 0.6605, class 0.4998
2026-06-25 00:22:07,112 - INFO - Best instance 0.6605, class 0.4998 (epoch 2)
Best instance 0.6605, class 0.4998 (epoch 2)
2026-06-25 00:22:07,129 - INFO - Epoch 3/200:
Epoch 3/200:
2026-06-25 00:23:41,600 - INFO - Train loss: 1.1083 (94.5s)
Train loss: 1.1083 (94.5s)
2026-06-25 00:24:04,580 - INFO - Test instance 0.6977, class 0.5683
Test instance 0.6977, class 0.5683
2026-06-25 00:24:04,609 - INFO - Best instance 0.6977, class 0.5683 (epoch 3)
Best instance 0.6977, class 0.5683 (epoch 3)
2026-06-25 00:24:04,627 - INFO - Epoch 4/200:
Epoch 4/200:
2026-06-25 00:25:38,965 - INFO - Train loss: 1.0420 (94.3s)
Train loss: 1.0420 (94.3s)
2026-06-25 00:26:01,961 - INFO - Test instance 0.7735, class 0.6478
Test instance 0.7735, class 0.6478
2026-06-25 00:26:01,985 - INFO - Best instance 0.7735, class 0.6478 (epoch 4)
Best instance 0.7735, class 0.6478 (epoch 4)
2026-06-25 00:26:02,002 - INFO - Epoch 5/200:
Epoch 5/200:
2026-06-25 00:27:36,128 - INFO - Train loss: 0.9918 (94.1s)
Train loss: 0.9918 (94.1s)
2026-06-25 00:27:59,090 - INFO - Test instance 0.7812, class 0.6657
Test instance 0.7812, class 0.6657
2026-06-25 00:27:59,115 - INFO - Best instance 0.7812, class 0.6657 (epoch 5)
Best instance 0.7812, class 0.6657 (epoch 5)
2026-06-25 00:27:59,131 - INFO - Epoch 6/200:
Epoch 6/200:
2026-06-25 00:29:33,803 - INFO - Train loss: 0.9612 (94.7s)
Train loss: 0.9612 (94.7s)
2026-06-25 00:29:56,794 - INFO - Test instance 0.7962, class 0.6954
Test instance 0.7962, class 0.6954
2026-06-25 00:29:56,817 - INFO - Best instance 0.7962, class 0.6954 (epoch 6)
Best instance 0.7962, class 0.6954 (epoch 6)
2026-06-25 00:29:56,835 - INFO - Epoch 7/200:
Epoch 7/200:
2026-06-25 00:31:30,734 - INFO - Train loss: 0.9328 (93.9s)
Train loss: 0.9328 (93.9s)
2026-06-25 00:31:53,855 - INFO - Test instance 0.8233, class 0.7138
Test instance 0.8233, class 0.7138
2026-06-25 00:31:53,876 - INFO - Best instance 0.8233, class 0.7138 (epoch 7)
Best instance 0.8233, class 0.7138 (epoch 7)
2026-06-25 00:31:53,893 - INFO - Epoch 8/200:
Epoch 8/200:
2026-06-25 00:33:28,033 - INFO - Train loss: 0.9194 (94.1s)
Train loss: 0.9194 (94.1s)
2026-06-25 00:33:50,937 - INFO - Test instance 0.8266, class 0.7118
Test instance 0.8266, class 0.7118
2026-06-25 00:33:50,958 - INFO - Best instance 0.8266, class 0.7118 (epoch 8)
Best instance 0.8266, class 0.7118 (epoch 8)
2026-06-25 00:33:50,975 - INFO - Epoch 9/200:
Epoch 9/200:
2026-06-25 00:35:25,198 - INFO - Train loss: 0.8995 (94.2s)
Train loss: 0.8995 (94.2s)
2026-06-25 00:35:48,273 - INFO - Test instance 0.8323, class 0.7305
Test instance 0.8323, class 0.7305
2026-06-25 00:35:48,293 - INFO - Best instance 0.8323, class 0.7305 (epoch 9)
Best instance 0.8323, class 0.7305 (epoch 9)
2026-06-25 00:35:48,308 - INFO - Epoch 10/200:
Epoch 10/200:
2026-06-25 00:37:22,302 - INFO - Train loss: 0.8866 (94.0s)
Train loss: 0.8866 (94.0s)
2026-06-25 00:37:45,357 - INFO - Test instance 0.8416, class 0.7424
Test instance 0.8416, class 0.7424
2026-06-25 00:37:45,378 - INFO - Best instance 0.8416, class 0.7424 (epoch 10)
Best instance 0.8416, class 0.7424 (epoch 10)
2026-06-25 00:37:45,394 - INFO - Epoch 11/200:
Epoch 11/200:
2026-06-25 00:39:19,657 - INFO - Train loss: 0.8836 (94.3s)
Train loss: 0.8836 (94.3s)
2026-06-25 00:39:42,649 - INFO - Test instance 0.8452, class 0.7572
Test instance 0.8452, class 0.7572
2026-06-25 00:39:42,672 - INFO - Best instance 0.8452, class 0.7572 (epoch 11)
Best instance 0.8452, class 0.7572 (epoch 11)
2026-06-25 00:39:42,691 - INFO - Epoch 12/200:
Epoch 12/200:
2026-06-25 00:41:17,044 - INFO - Train loss: 0.8685 (94.4s)
Train loss: 0.8685 (94.4s)
2026-06-25 00:41:40,130 - INFO - Test instance 0.8582, class 0.7743
Test instance 0.8582, class 0.7743
2026-06-25 00:41:40,150 - INFO - Best instance 0.8582, class 0.7743 (epoch 12)
Best instance 0.8582, class 0.7743 (epoch 12)
2026-06-25 00:41:40,166 - INFO - Epoch 13/200:
Epoch 13/200:
2026-06-25 00:43:14,281 - INFO - Train loss: 0.8611 (94.1s)
Train loss: 0.8611 (94.1s)
2026-06-25 00:43:37,164 - INFO - Test instance 0.8639, class 0.7641
Test instance 0.8639, class 0.7641
2026-06-25 00:43:37,189 - INFO - Best instance 0.8639, class 0.7641 (epoch 13)
Best instance 0.8639, class 0.7641 (epoch 13)
2026-06-25 00:43:37,208 - INFO - Epoch 14/200:
Epoch 14/200:
2026-06-25 00:45:11,539 - INFO - Train loss: 0.8571 (94.3s)
Train loss: 0.8571 (94.3s)
2026-06-25 00:45:34,600 - INFO - Test instance 0.8472, class 0.7485
Test instance 0.8472, class 0.7485
2026-06-25 00:45:34,603 - INFO - Best instance 0.8639, class 0.7641 (epoch 13)
Best instance 0.8639, class 0.7641 (epoch 13)
2026-06-25 00:45:34,623 - INFO - Epoch 15/200:
Epoch 15/200:
2026-06-25 00:47:09,541 - INFO - Train loss: 0.8490 (94.9s)
Train loss: 0.8490 (94.9s)
2026-06-25 00:47:32,450 - INFO - Test instance 0.8659, class 0.7749
Test instance 0.8659, class 0.7749
2026-06-25 00:47:32,471 - INFO - Best instance 0.8659, class 0.7749 (epoch 15)
Best instance 0.8659, class 0.7749 (epoch 15)
2026-06-25 00:47:32,487 - INFO - Epoch 16/200:
Epoch 16/200:
2026-06-25 00:49:06,094 - INFO - Train loss: 0.8429 (93.6s)
Train loss: 0.8429 (93.6s)
2026-06-25 00:49:29,058 - INFO - Test instance 0.8720, class 0.7926
Test instance 0.8720, class 0.7926
2026-06-25 00:49:29,077 - INFO - Best instance 0.8720, class 0.7926 (epoch 16)
Best instance 0.8720, class 0.7926 (epoch 16)
2026-06-25 00:49:29,093 - INFO - Epoch 17/200:
Epoch 17/200:
2026-06-25 00:51:03,620 - INFO - Train loss: 0.8354 (94.5s)
Train loss: 0.8354 (94.5s)
2026-06-25 00:51:26,598 - INFO - Test instance 0.8821, class 0.8023
Test instance 0.8821, class 0.8023
2026-06-25 00:51:26,619 - INFO - Best instance 0.8821, class 0.8023 (epoch 17)
Best instance 0.8821, class 0.8023 (epoch 17)
2026-06-25 00:51:26,634 - INFO - Epoch 18/200:
Epoch 18/200:
2026-06-25 00:53:00,709 - INFO - Train loss: 0.8359 (94.1s)
Train loss: 0.8359 (94.1s)
2026-06-25 00:53:23,857 - INFO - Test instance 0.8549, class 0.7792
Test instance 0.8549, class 0.7792
2026-06-25 00:53:23,860 - INFO - Best instance 0.8821, class 0.8023 (epoch 17)
Best instance 0.8821, class 0.8023 (epoch 17)
2026-06-25 00:53:23,880 - INFO - Epoch 19/200:
Epoch 19/200:
2026-06-25 00:54:58,005 - INFO - Train loss: 0.8386 (94.1s)
Train loss: 0.8386 (94.1s)
2026-06-25 00:55:20,965 - INFO - Test instance 0.8703, class 0.7885
Test instance 0.8703, class 0.7885
2026-06-25 00:55:20,968 - INFO - Best instance 0.8821, class 0.8023 (epoch 17)
Best instance 0.8821, class 0.8023 (epoch 17)
2026-06-25 00:55:20,985 - INFO - Epoch 20/200:
Epoch 20/200:
2026-06-25 00:56:55,069 - INFO - Train loss: 0.8311 (94.1s)
Train loss: 0.8311 (94.1s)
2026-06-25 00:57:18,148 - INFO - Test instance 0.8720, class 0.8049
Test instance 0.8720, class 0.8049
2026-06-25 00:57:18,150 - INFO - Best instance 0.8821, class 0.8023 (epoch 17)
Best instance 0.8821, class 0.8023 (epoch 17)
2026-06-25 00:57:18,169 - INFO - Epoch 21/200:
Epoch 21/200:
2026-06-25 00:58:52,219 - INFO - Train loss: 0.8157 (94.0s)
Train loss: 0.8157 (94.0s)
2026-06-25 00:59:15,248 - INFO - Test instance 0.8894, class 0.8205
Test instance 0.8894, class 0.8205
2026-06-25 00:59:15,266 - INFO - Best instance 0.8894, class 0.8205 (epoch 21)
Best instance 0.8894, class 0.8205 (epoch 21)
2026-06-25 00:59:15,281 - INFO - Epoch 22/200:
Epoch 22/200:
2026-06-25 01:00:49,448 - INFO - Train loss: 0.8106 (94.2s)
Train loss: 0.8106 (94.2s)
2026-06-25 01:01:12,540 - INFO - Test instance 0.8853, class 0.8174
Test instance 0.8853, class 0.8174
2026-06-25 01:01:12,543 - INFO - Best instance 0.8894, class 0.8205 (epoch 21)
Best instance 0.8894, class 0.8205 (epoch 21)
2026-06-25 01:01:12,559 - INFO - Epoch 23/200:
Epoch 23/200:
2026-06-25 01:02:46,993 - INFO - Train loss: 0.8057 (94.4s)
Train loss: 0.8057 (94.4s)
2026-06-25 01:03:09,920 - INFO - Test instance 0.8845, class 0.8136
Test instance 0.8845, class 0.8136
2026-06-25 01:03:09,923 - INFO - Best instance 0.8894, class 0.8205 (epoch 21)
Best instance 0.8894, class 0.8205 (epoch 21)
2026-06-25 01:03:09,945 - INFO - Epoch 24/200:
Epoch 24/200:
2026-06-25 01:04:44,103 - INFO - Train loss: 0.8061 (94.2s)
Train loss: 0.8061 (94.2s)
2026-06-25 01:05:07,219 - INFO - Test instance 0.8878, class 0.8196
Test instance 0.8878, class 0.8196
2026-06-25 01:05:07,223 - INFO - Best instance 0.8894, class 0.8205 (epoch 21)
Best instance 0.8894, class 0.8205 (epoch 21)
2026-06-25 01:05:07,246 - INFO - Epoch 25/200:
Epoch 25/200:
2026-06-25 01:06:41,491 - INFO - Train loss: 0.8006 (94.2s)
Train loss: 0.8006 (94.2s)
2026-06-25 01:07:04,627 - INFO - Test instance 0.8959, class 0.8308
Test instance 0.8959, class 0.8308
2026-06-25 01:07:04,647 - INFO - Best instance 0.8959, class 0.8308 (epoch 25)
Best instance 0.8959, class 0.8308 (epoch 25)
2026-06-25 01:07:04,663 - INFO - Epoch 26/200:
Epoch 26/200:
2026-06-25 01:08:38,779 - INFO - Train loss: 0.7982 (94.1s)
Train loss: 0.7982 (94.1s)
2026-06-25 01:09:01,996 - INFO - Test instance 0.8947, class 0.8356
Test instance 0.8947, class 0.8356
2026-06-25 01:09:01,999 - INFO - Best instance 0.8959, class 0.8308 (epoch 25)
Best instance 0.8959, class 0.8308 (epoch 25)
2026-06-25 01:09:02,017 - INFO - Epoch 27/200:
Epoch 27/200:
2026-06-25 01:10:36,332 - INFO - Train loss: 0.7988 (94.3s)
Train loss: 0.7988 (94.3s)
2026-06-25 01:10:59,373 - INFO - Test instance 0.8955, class 0.8394
Test instance 0.8955, class 0.8394
2026-06-25 01:10:59,377 - INFO - Best instance 0.8959, class 0.8308 (epoch 25)
Best instance 0.8959, class 0.8308 (epoch 25)
2026-06-25 01:10:59,395 - INFO - Epoch 28/200:
Epoch 28/200:
2026-06-25 01:12:33,598 - INFO - Train loss: 0.7951 (94.2s)
Train loss: 0.7951 (94.2s)
2026-06-25 01:12:56,700 - INFO - Test instance 0.8955, class 0.8432
Test instance 0.8955, class 0.8432
2026-06-25 01:12:56,705 - INFO - Best instance 0.8959, class 0.8308 (epoch 25)
Best instance 0.8959, class 0.8308 (epoch 25)
2026-06-25 01:12:56,726 - INFO - Epoch 29/200:
Epoch 29/200:
2026-06-25 01:14:31,424 - INFO - Train loss: 0.7966 (94.7s)
Train loss: 0.7966 (94.7s)
2026-06-25 01:14:54,505 - INFO - Test instance 0.8930, class 0.8288
Test instance 0.8930, class 0.8288
2026-06-25 01:14:54,509 - INFO - Best instance 0.8959, class 0.8308 (epoch 25)
Best instance 0.8959, class 0.8308 (epoch 25)
2026-06-25 01:14:54,539 - INFO - Epoch 30/200:
Epoch 30/200:
2026-06-25 01:16:28,624 - INFO - Train loss: 0.7908 (94.1s)
Train loss: 0.7908 (94.1s)
2026-06-25 01:16:51,691 - INFO - Test instance 0.8894, class 0.8396
Test instance 0.8894, class 0.8396
2026-06-25 01:16:51,696 - INFO - Best instance 0.8959, class 0.8308 (epoch 25)
Best instance 0.8959, class 0.8308 (epoch 25)
2026-06-25 01:16:51,715 - INFO - Epoch 31/200:
Epoch 31/200:
2026-06-25 01:18:25,462 - INFO - Train loss: 0.7889 (93.7s)
Train loss: 0.7889 (93.7s)
2026-06-25 01:18:48,571 - INFO - Test instance 0.8983, class 0.8393
Test instance 0.8983, class 0.8393
2026-06-25 01:18:48,593 - INFO - Best instance 0.8983, class 0.8393 (epoch 31)
Best instance 0.8983, class 0.8393 (epoch 31)
2026-06-25 01:18:48,618 - INFO - Epoch 32/200:
Epoch 32/200:
2026-06-25 01:20:22,529 - INFO - Train loss: 0.7932 (93.9s)
Train loss: 0.7932 (93.9s)
2026-06-25 01:20:45,621 - INFO - Test instance 0.8983, class 0.8439
Test instance 0.8983, class 0.8439
2026-06-25 01:20:45,624 - INFO - Best instance 0.8983, class 0.8393 (epoch 31)
Best instance 0.8983, class 0.8393 (epoch 31)
2026-06-25 01:20:45,645 - INFO - Epoch 33/200:
Epoch 33/200:
2026-06-25 01:22:19,849 - INFO - Train loss: 0.7869 (94.2s)
Train loss: 0.7869 (94.2s)
2026-06-25 01:22:42,942 - INFO - Test instance 0.9019, class 0.8505
Test instance 0.9019, class 0.8505
2026-06-25 01:22:42,991 - INFO - Best instance 0.9019, class 0.8505 (epoch 33)
Best instance 0.9019, class 0.8505 (epoch 33)
2026-06-25 01:22:43,006 - INFO - Epoch 34/200:
Epoch 34/200:
2026-06-25 01:24:17,207 - INFO - Train loss: 0.7872 (94.2s)
Train loss: 0.7872 (94.2s)
2026-06-25 01:24:40,308 - INFO - Test instance 0.8914, class 0.8379
Test instance 0.8914, class 0.8379
2026-06-25 01:24:40,312 - INFO - Best instance 0.9019, class 0.8505 (epoch 33)
Best instance 0.9019, class 0.8505 (epoch 33)
2026-06-25 01:24:40,333 - INFO - Epoch 35/200:
Epoch 35/200:
2026-06-25 01:26:14,782 - INFO - Train loss: 0.7893 (94.4s)
Train loss: 0.7893 (94.4s)
2026-06-25 01:26:37,852 - INFO - Test instance 0.8995, class 0.8477
Test instance 0.8995, class 0.8477
2026-06-25 01:26:37,856 - INFO - Best instance 0.9019, class 0.8505 (epoch 33)
Best instance 0.9019, class 0.8505 (epoch 33)
2026-06-25 01:26:37,874 - INFO - Epoch 36/200:
Epoch 36/200:
2026-06-25 01:28:12,299 - INFO - Train loss: 0.7876 (94.4s)
Train loss: 0.7876 (94.4s)
2026-06-25 01:28:35,555 - INFO - Test instance 0.8967, class 0.8379
Test instance 0.8967, class 0.8379
2026-06-25 01:28:35,559 - INFO - Best instance 0.9019, class 0.8505 (epoch 33)
Best instance 0.9019, class 0.8505 (epoch 33)
2026-06-25 01:28:35,581 - INFO - Epoch 37/200:
Epoch 37/200:
2026-06-25 01:30:09,679 - INFO - Train loss: 0.7873 (94.1s)
Train loss: 0.7873 (94.1s)
2026-06-25 01:30:32,756 - INFO - Test instance 0.8967, class 0.8306
Test instance 0.8967, class 0.8306
2026-06-25 01:30:32,760 - INFO - Best instance 0.9019, class 0.8505 (epoch 33)
Best instance 0.9019, class 0.8505 (epoch 33)
2026-06-25 01:30:32,782 - INFO - Epoch 38/200:
Epoch 38/200:
2026-06-25 01:32:06,939 - INFO - Train loss: 0.7837 (94.2s)
Train loss: 0.7837 (94.2s)
2026-06-25 01:32:30,021 - INFO - Test instance 0.9032, class 0.8487
Test instance 0.9032, class 0.8487
2026-06-25 01:32:30,045 - INFO - Best instance 0.9032, class 0.8487 (epoch 38)
Best instance 0.9032, class 0.8487 (epoch 38)
2026-06-25 01:32:30,064 - INFO - Epoch 39/200:
Epoch 39/200:
2026-06-25 01:34:04,279 - INFO - Train loss: 0.7814 (94.2s)
Train loss: 0.7814 (94.2s)
2026-06-25 01:34:27,316 - INFO - Test instance 0.9024, class 0.8496
Test instance 0.9024, class 0.8496
2026-06-25 01:34:27,321 - INFO - Best instance 0.9032, class 0.8487 (epoch 38)
Best instance 0.9032, class 0.8487 (epoch 38)
2026-06-25 01:34:27,340 - INFO - Epoch 40/200:
Epoch 40/200:
2026-06-25 01:36:01,824 - INFO - Train loss: 0.7764 (94.5s)
Train loss: 0.7764 (94.5s)
2026-06-25 01:36:24,894 - INFO - Test instance 0.8934, class 0.8400
Test instance 0.8934, class 0.8400
2026-06-25 01:36:24,898 - INFO - Best instance 0.9032, class 0.8487 (epoch 38)
Best instance 0.9032, class 0.8487 (epoch 38)
2026-06-25 01:36:24,917 - INFO - Epoch 41/200:
Epoch 41/200:
2026-06-25 01:37:59,217 - INFO - Train loss: 0.7705 (94.3s)
Train loss: 0.7705 (94.3s)
2026-06-25 01:38:22,403 - INFO - Test instance 0.9064, class 0.8509
Test instance 0.9064, class 0.8509
2026-06-25 01:38:22,430 - INFO - Best instance 0.9064, class 0.8509 (epoch 41)
Best instance 0.9064, class 0.8509 (epoch 41)
2026-06-25 01:38:22,447 - INFO - Epoch 42/200:
Epoch 42/200:
2026-06-25 01:39:56,574 - INFO - Train loss: 0.7665 (94.1s)
Train loss: 0.7665 (94.1s)
2026-06-25 01:40:19,740 - INFO - Test instance 0.9092, class 0.8617
Test instance 0.9092, class 0.8617
2026-06-25 01:40:19,761 - INFO - Best instance 0.9092, class 0.8617 (epoch 42)
Best instance 0.9092, class 0.8617 (epoch 42)
2026-06-25 01:40:19,776 - INFO - Epoch 43/200:
Epoch 43/200:
2026-06-25 01:41:54,729 - INFO - Train loss: 0.7668 (95.0s)
Train loss: 0.7668 (95.0s)
2026-06-25 01:42:17,887 - INFO - Test instance 0.9052, class 0.8566
Test instance 0.9052, class 0.8566
2026-06-25 01:42:17,891 - INFO - Best instance 0.9092, class 0.8617 (epoch 42)
Best instance 0.9092, class 0.8617 (epoch 42)
2026-06-25 01:42:17,908 - INFO - Epoch 44/200:
Epoch 44/200:
2026-06-25 01:43:51,875 - INFO - Train loss: 0.7616 (94.0s)
Train loss: 0.7616 (94.0s)
2026-06-25 01:44:14,935 - INFO - Test instance 0.9019, class 0.8495
Test instance 0.9019, class 0.8495
2026-06-25 01:44:14,939 - INFO - Best instance 0.9092, class 0.8617 (epoch 42)
Best instance 0.9092, class 0.8617 (epoch 42)
2026-06-25 01:44:14,958 - INFO - Epoch 45/200:
Epoch 45/200:
2026-06-25 01:45:48,937 - INFO - Train loss: 0.7576 (94.0s)
Train loss: 0.7576 (94.0s)
2026-06-25 01:46:11,960 - INFO - Test instance 0.9024, class 0.8505
Test instance 0.9024, class 0.8505
2026-06-25 01:46:11,964 - INFO - Best instance 0.9092, class 0.8617 (epoch 42)
Best instance 0.9092, class 0.8617 (epoch 42)
2026-06-25 01:46:11,982 - INFO - Epoch 46/200:
Epoch 46/200:
2026-06-25 01:47:46,279 - INFO - Train loss: 0.7655 (94.3s)
Train loss: 0.7655 (94.3s)
2026-06-25 01:48:09,278 - INFO - Test instance 0.9060, class 0.8564
Test instance 0.9060, class 0.8564
2026-06-25 01:48:09,283 - INFO - Best instance 0.9092, class 0.8617 (epoch 42)
Best instance 0.9092, class 0.8617 (epoch 42)
2026-06-25 01:48:09,302 - INFO - Epoch 47/200:
Epoch 47/200:
2026-06-25 01:49:43,615 - INFO - Train loss: 0.7638 (94.3s)
Train loss: 0.7638 (94.3s)
2026-06-25 01:50:06,845 - INFO - Test instance 0.9064, class 0.8532
Test instance 0.9064, class 0.8532
2026-06-25 01:50:06,848 - INFO - Best instance 0.9092, class 0.8617 (epoch 42)
Best instance 0.9092, class 0.8617 (epoch 42)
2026-06-25 01:50:06,867 - INFO - Epoch 48/200:
Epoch 48/200:
2026-06-25 01:51:40,983 - INFO - Train loss: 0.7613 (94.1s)
Train loss: 0.7613 (94.1s)
2026-06-25 01:52:04,123 - INFO - Test instance 0.9048, class 0.8508
Test instance 0.9048, class 0.8508
2026-06-25 01:52:04,127 - INFO - Best instance 0.9092, class 0.8617 (epoch 42)
Best instance 0.9092, class 0.8617 (epoch 42)
2026-06-25 01:52:04,144 - INFO - Epoch 49/200:
Epoch 49/200:
2026-06-25 01:53:38,318 - INFO - Train loss: 0.7602 (94.2s)
Train loss: 0.7602 (94.2s)
2026-06-25 01:54:01,343 - INFO - Test instance 0.9064, class 0.8535
Test instance 0.9064, class 0.8535
2026-06-25 01:54:01,348 - INFO - Best instance 0.9092, class 0.8617 (epoch 42)
Best instance 0.9092, class 0.8617 (epoch 42)
2026-06-25 01:54:01,373 - INFO - Epoch 50/200:
Epoch 50/200:
2026-06-25 01:55:35,187 - INFO - Train loss: 0.7582 (93.8s)
Train loss: 0.7582 (93.8s)
2026-06-25 01:55:58,264 - INFO - Test instance 0.9044, class 0.8577
Test instance 0.9044, class 0.8577
2026-06-25 01:55:58,269 - INFO - Best instance 0.9092, class 0.8617 (epoch 42)
Best instance 0.9092, class 0.8617 (epoch 42)
2026-06-25 01:55:58,290 - INFO - Epoch 51/200:
Epoch 51/200:
2026-06-25 01:57:32,280 - INFO - Train loss: 0.7611 (94.0s)
Train loss: 0.7611 (94.0s)
2026-06-25 01:57:55,087 - INFO - Test instance 0.9052, class 0.8558
Test instance 0.9052, class 0.8558
2026-06-25 01:57:55,092 - INFO - Best instance 0.9092, class 0.8617 (epoch 42)
Best instance 0.9092, class 0.8617 (epoch 42)
2026-06-25 01:57:55,110 - INFO - Epoch 52/200:
Epoch 52/200:
2026-06-25 01:59:29,263 - INFO - Train loss: 0.7526 (94.2s)
Train loss: 0.7526 (94.2s)
2026-06-25 01:59:52,260 - INFO - Test instance 0.9133, class 0.8651
Test instance 0.9133, class 0.8651
2026-06-25 01:59:52,281 - INFO - Best instance 0.9133, class 0.8651 (epoch 52)
Best instance 0.9133, class 0.8651 (epoch 52)
2026-06-25 01:59:52,296 - INFO - Epoch 53/200:
Epoch 53/200:
2026-06-25 02:01:26,323 - INFO - Train loss: 0.7581 (94.0s)
Train loss: 0.7581 (94.0s)
2026-06-25 02:01:49,262 - INFO - Test instance 0.9028, class 0.8610
Test instance 0.9028, class 0.8610
2026-06-25 02:01:49,267 - INFO - Best instance 0.9133, class 0.8651 (epoch 52)
Best instance 0.9133, class 0.8651 (epoch 52)
2026-06-25 02:01:49,293 - INFO - Epoch 54/200:
Epoch 54/200:
2026-06-25 02:03:35,888 - INFO - Train loss: 0.7577 (106.6s)
Train loss: 0.7577 (106.6s)
2026-06-25 02:03:58,982 - INFO - Test instance 0.9056, class 0.8633
Test instance 0.9056, class 0.8633
2026-06-25 02:03:58,986 - INFO - Best instance 0.9133, class 0.8651 (epoch 52)
Best instance 0.9133, class 0.8651 (epoch 52)
2026-06-25 02:03:59,004 - INFO - Epoch 55/200:
Epoch 55/200:
2026-06-25 02:05:33,154 - INFO - Train loss: 0.7562 (94.1s)
Train loss: 0.7562 (94.1s)
2026-06-25 02:05:56,221 - INFO - Test instance 0.9072, class 0.8592
Test instance 0.9072, class 0.8592
2026-06-25 02:05:56,224 - INFO - Best instance 0.9133, class 0.8651 (epoch 52)
Best instance 0.9133, class 0.8651 (epoch 52)
2026-06-25 02:05:56,247 - INFO - Epoch 56/200:
Epoch 56/200:
2026-06-25 02:07:30,205 - INFO - Train loss: 0.7548 (94.0s)
Train loss: 0.7548 (94.0s)
2026-06-25 02:07:53,216 - INFO - Test instance 0.9064, class 0.8554
Test instance 0.9064, class 0.8554
2026-06-25 02:07:53,220 - INFO - Best instance 0.9133, class 0.8651 (epoch 52)
Best instance 0.9133, class 0.8651 (epoch 52)
2026-06-25 02:07:53,237 - INFO - Epoch 57/200:
Epoch 57/200:
2026-06-25 02:09:27,867 - INFO - Train loss: 0.7501 (94.6s)
Train loss: 0.7501 (94.6s)
2026-06-25 02:09:50,844 - INFO - Test instance 0.9052, class 0.8551
Test instance 0.9052, class 0.8551
2026-06-25 02:09:50,847 - INFO - Best instance 0.9133, class 0.8651 (epoch 52)
Best instance 0.9133, class 0.8651 (epoch 52)
2026-06-25 02:09:50,868 - INFO - Epoch 58/200:
Epoch 58/200:
2026-06-25 02:11:24,641 - INFO - Train loss: 0.7533 (93.8s)
Train loss: 0.7533 (93.8s)
2026-06-25 02:11:47,694 - INFO - Test instance 0.9092, class 0.8536
Test instance 0.9092, class 0.8536
2026-06-25 02:11:47,696 - INFO - Best instance 0.9133, class 0.8651 (epoch 52)
Best instance 0.9133, class 0.8651 (epoch 52)
2026-06-25 02:11:47,715 - INFO - Epoch 59/200:
Epoch 59/200:
2026-06-25 02:13:21,699 - INFO - Train loss: 0.7520 (94.0s)
Train loss: 0.7520 (94.0s)
2026-06-25 02:13:44,748 - INFO - Test instance 0.9084, class 0.8570
Test instance 0.9084, class 0.8570
2026-06-25 02:13:44,751 - INFO - Best instance 0.9133, class 0.8651 (epoch 52)
Best instance 0.9133, class 0.8651 (epoch 52)
2026-06-25 02:13:44,782 - INFO - Epoch 60/200:
Epoch 60/200:
2026-06-25 02:15:18,738 - INFO - Train loss: 0.7557 (94.0s)
Train loss: 0.7557 (94.0s)
2026-06-25 02:15:41,714 - INFO - Test instance 0.9084, class 0.8678
Test instance 0.9084, class 0.8678
2026-06-25 02:15:41,717 - INFO - Best instance 0.9133, class 0.8651 (epoch 52)
Best instance 0.9133, class 0.8651 (epoch 52)
2026-06-25 02:15:41,736 - INFO - Epoch 61/200:
Epoch 61/200:
2026-06-25 02:17:15,790 - INFO - Train loss: 0.7489 (94.1s)
Train loss: 0.7489 (94.1s)
2026-06-25 02:17:38,829 - INFO - Test instance 0.9100, class 0.8557
Test instance 0.9100, class 0.8557
2026-06-25 02:17:38,832 - INFO - Best instance 0.9133, class 0.8651 (epoch 52)
Best instance 0.9133, class 0.8651 (epoch 52)
2026-06-25 02:17:38,850 - INFO - Epoch 62/200:
Epoch 62/200:
2026-06-25 02:19:12,793 - INFO - Train loss: 0.7400 (93.9s)
Train loss: 0.7400 (93.9s)
2026-06-25 02:19:35,808 - INFO - Test instance 0.9198, class 0.8754
Test instance 0.9198, class 0.8754
2026-06-25 02:19:35,828 - INFO - Best instance 0.9198, class 0.8754 (epoch 62)
Best instance 0.9198, class 0.8754 (epoch 62)
2026-06-25 02:19:35,844 - INFO - Epoch 63/200:
Epoch 63/200:
2026-06-25 02:21:09,873 - INFO - Train loss: 0.7408 (94.0s)
Train loss: 0.7408 (94.0s)
2026-06-25 02:21:32,957 - INFO - Test instance 0.9088, class 0.8673
Test instance 0.9088, class 0.8673
2026-06-25 02:21:32,959 - INFO - Best instance 0.9198, class 0.8754 (epoch 62)
Best instance 0.9198, class 0.8754 (epoch 62)
2026-06-25 02:21:32,980 - INFO - Epoch 64/200:
Epoch 64/200:
2026-06-25 02:23:06,971 - INFO - Train loss: 0.7415 (94.0s)
Train loss: 0.7415 (94.0s)
2026-06-25 02:23:30,075 - INFO - Test instance 0.9080, class 0.8617
Test instance 0.9080, class 0.8617
2026-06-25 02:23:30,077 - INFO - Best instance 0.9198, class 0.8754 (epoch 62)
Best instance 0.9198, class 0.8754 (epoch 62)
2026-06-25 02:23:30,094 - INFO - Epoch 65/200:
Epoch 65/200:
2026-06-25 02:25:03,975 - INFO - Train loss: 0.7423 (93.9s)
Train loss: 0.7423 (93.9s)
2026-06-25 02:25:27,026 - INFO - Test instance 0.9133, class 0.8619
Test instance 0.9133, class 0.8619
2026-06-25 02:25:27,028 - INFO - Best instance 0.9198, class 0.8754 (epoch 62)
Best instance 0.9198, class 0.8754 (epoch 62)
2026-06-25 02:25:27,048 - INFO - Epoch 66/200:
Epoch 66/200:
2026-06-25 02:27:01,223 - INFO - Train loss: 0.7399 (94.2s)
Train loss: 0.7399 (94.2s)
2026-06-25 02:27:24,260 - INFO - Test instance 0.9092, class 0.8547
Test instance 0.9092, class 0.8547
2026-06-25 02:27:24,264 - INFO - Best instance 0.9198, class 0.8754 (epoch 62)
Best instance 0.9198, class 0.8754 (epoch 62)
2026-06-25 02:27:24,282 - INFO - Epoch 67/200:
Epoch 67/200:
2026-06-25 02:28:58,475 - INFO - Train loss: 0.7405 (94.2s)
Train loss: 0.7405 (94.2s)
2026-06-25 02:29:21,507 - INFO - Test instance 0.9121, class 0.8686
Test instance 0.9121, class 0.8686
2026-06-25 02:29:21,510 - INFO - Best instance 0.9198, class 0.8754 (epoch 62)
Best instance 0.9198, class 0.8754 (epoch 62)
2026-06-25 02:29:21,530 - INFO - Epoch 68/200:
Epoch 68/200:
2026-06-25 02:30:55,803 - INFO - Train loss: 0.7372 (94.3s)
Train loss: 0.7372 (94.3s)
2026-06-25 02:31:18,967 - INFO - Test instance 0.9072, class 0.8510
Test instance 0.9072, class 0.8510
2026-06-25 02:31:18,970 - INFO - Best instance 0.9198, class 0.8754 (epoch 62)
Best instance 0.9198, class 0.8754 (epoch 62)
2026-06-25 02:31:18,988 - INFO - Epoch 69/200:
Epoch 69/200:
2026-06-25 02:32:53,402 - INFO - Train loss: 0.7403 (94.4s)
Train loss: 0.7403 (94.4s)
2026-06-25 02:33:16,553 - INFO - Test instance 0.9121, class 0.8602
Test instance 0.9121, class 0.8602
2026-06-25 02:33:16,555 - INFO - Best instance 0.9198, class 0.8754 (epoch 62)
Best instance 0.9198, class 0.8754 (epoch 62)
2026-06-25 02:33:16,574 - INFO - Epoch 70/200:
Epoch 70/200:
2026-06-25 02:34:51,069 - INFO - Train loss: 0.7366 (94.5s)
Train loss: 0.7366 (94.5s)
2026-06-25 02:35:14,138 - INFO - Test instance 0.9060, class 0.8576
Test instance 0.9060, class 0.8576
2026-06-25 02:35:14,141 - INFO - Best instance 0.9198, class 0.8754 (epoch 62)
Best instance 0.9198, class 0.8754 (epoch 62)
2026-06-25 02:35:14,160 - INFO - Epoch 71/200:
Epoch 71/200:
2026-06-25 02:36:48,320 - INFO - Train loss: 0.7367 (94.2s)
Train loss: 0.7367 (94.2s)
2026-06-25 02:37:11,351 - INFO - Test instance 0.9117, class 0.8633
Test instance 0.9117, class 0.8633
2026-06-25 02:37:11,354 - INFO - Best instance 0.9198, class 0.8754 (epoch 62)
Best instance 0.9198, class 0.8754 (epoch 62)
2026-06-25 02:37:11,371 - INFO - Epoch 72/200:
Epoch 72/200:
2026-06-25 02:38:45,399 - INFO - Train loss: 0.7350 (94.0s)
Train loss: 0.7350 (94.0s)
2026-06-25 02:39:08,491 - INFO - Test instance 0.9121, class 0.8743
Test instance 0.9121, class 0.8743
2026-06-25 02:39:08,494 - INFO - Best instance 0.9198, class 0.8754 (epoch 62)
Best instance 0.9198, class 0.8754 (epoch 62)
2026-06-25 02:39:08,513 - INFO - Epoch 73/200:
Epoch 73/200:
2026-06-25 02:40:42,883 - INFO - Train loss: 0.7421 (94.4s)
Train loss: 0.7421 (94.4s)
2026-06-25 02:41:05,976 - INFO - Test instance 0.9096, class 0.8608
Test instance 0.9096, class 0.8608
2026-06-25 02:41:05,979 - INFO - Best instance 0.9198, class 0.8754 (epoch 62)
Best instance 0.9198, class 0.8754 (epoch 62)
2026-06-25 02:41:05,996 - INFO - Epoch 74/200:
Epoch 74/200:
2026-06-25 02:42:40,324 - INFO - Train loss: 0.7378 (94.3s)
Train loss: 0.7378 (94.3s)
2026-06-25 02:43:03,373 - INFO - Test instance 0.9064, class 0.8565
Test instance 0.9064, class 0.8565
2026-06-25 02:43:03,375 - INFO - Best instance 0.9198, class 0.8754 (epoch 62)
Best instance 0.9198, class 0.8754 (epoch 62)
2026-06-25 02:43:03,392 - INFO - Epoch 75/200:
Epoch 75/200:
2026-06-25 02:44:37,305 - INFO - Train loss: 0.7366 (93.9s)
Train loss: 0.7366 (93.9s)
2026-06-25 02:45:00,250 - INFO - Test instance 0.9137, class 0.8653
Test instance 0.9137, class 0.8653
2026-06-25 02:45:00,253 - INFO - Best instance 0.9198, class 0.8754 (epoch 62)
Best instance 0.9198, class 0.8754 (epoch 62)
2026-06-25 02:45:00,270 - INFO - Epoch 76/200:
Epoch 76/200:
2026-06-25 02:46:34,137 - INFO - Train loss: 0.7362 (93.9s)
Train loss: 0.7362 (93.9s)
2026-06-25 02:46:57,160 - INFO - Test instance 0.9141, class 0.8714
Test instance 0.9141, class 0.8714
2026-06-25 02:46:57,163 - INFO - Best instance 0.9198, class 0.8754 (epoch 62)
Best instance 0.9198, class 0.8754 (epoch 62)
2026-06-25 02:46:57,183 - INFO - Epoch 77/200:
Epoch 77/200:
2026-06-25 02:48:31,399 - INFO - Train loss: 0.7342 (94.2s)
Train loss: 0.7342 (94.2s)
2026-06-25 02:48:54,438 - INFO - Test instance 0.9149, class 0.8756
Test instance 0.9149, class 0.8756
2026-06-25 02:48:54,442 - INFO - Best instance 0.9198, class 0.8754 (epoch 62)
Best instance 0.9198, class 0.8754 (epoch 62)
2026-06-25 02:48:54,461 - INFO - Epoch 78/200:
Epoch 78/200:
2026-06-25 02:50:28,549 - INFO - Train loss: 0.7381 (94.1s)
Train loss: 0.7381 (94.1s)
2026-06-25 02:50:51,377 - INFO - Test instance 0.9129, class 0.8692
Test instance 0.9129, class 0.8692
2026-06-25 02:50:51,380 - INFO - Best instance 0.9198, class 0.8754 (epoch 62)
Best instance 0.9198, class 0.8754 (epoch 62)
2026-06-25 02:50:51,398 - INFO - Epoch 79/200:
Epoch 79/200:
2026-06-25 02:52:25,343 - INFO - Train loss: 0.7341 (93.9s)
Train loss: 0.7341 (93.9s)
2026-06-25 02:52:48,347 - INFO - Test instance 0.9064, class 0.8568
Test instance 0.9064, class 0.8568
2026-06-25 02:52:48,350 - INFO - Best instance 0.9198, class 0.8754 (epoch 62)
Best instance 0.9198, class 0.8754 (epoch 62)
2026-06-25 02:52:48,368 - INFO - Epoch 80/200:
Epoch 80/200:
2026-06-25 02:54:22,541 - INFO - Train loss: 0.7319 (94.2s)
Train loss: 0.7319 (94.2s)
2026-06-25 02:54:45,673 - INFO - Test instance 0.9129, class 0.8672
Test instance 0.9129, class 0.8672
2026-06-25 02:54:45,676 - INFO - Best instance 0.9198, class 0.8754 (epoch 62)
Best instance 0.9198, class 0.8754 (epoch 62)
2026-06-25 02:54:45,706 - INFO - Epoch 81/200:
Epoch 81/200:
2026-06-25 02:56:19,996 - INFO - Train loss: 0.7297 (94.3s)
Train loss: 0.7297 (94.3s)
2026-06-25 02:56:42,943 - INFO - Test instance 0.9161, class 0.8667
Test instance 0.9161, class 0.8667
2026-06-25 02:56:42,947 - INFO - Best instance 0.9198, class 0.8754 (epoch 62)
Best instance 0.9198, class 0.8754 (epoch 62)
2026-06-25 02:56:42,963 - INFO - Epoch 82/200:
Epoch 82/200:
2026-06-25 02:58:16,825 - INFO - Train loss: 0.7264 (93.9s)
Train loss: 0.7264 (93.9s)
2026-06-25 02:58:39,893 - INFO - Test instance 0.9109, class 0.8646
Test instance 0.9109, class 0.8646
2026-06-25 02:58:39,896 - INFO - Best instance 0.9198, class 0.8754 (epoch 62)
Best instance 0.9198, class 0.8754 (epoch 62)
2026-06-25 02:58:39,921 - INFO - Epoch 83/200:
Epoch 83/200:
2026-06-25 03:00:14,059 - INFO - Train loss: 0.7270 (94.1s)
Train loss: 0.7270 (94.1s)
2026-06-25 03:00:37,194 - INFO - Test instance 0.9161, class 0.8748
Test instance 0.9161, class 0.8748
2026-06-25 03:00:37,197 - INFO - Best instance 0.9198, class 0.8754 (epoch 62)
Best instance 0.9198, class 0.8754 (epoch 62)
2026-06-25 03:00:37,214 - INFO - Epoch 84/200:
Epoch 84/200:
2026-06-25 03:02:11,681 - INFO - Train loss: 0.7266 (94.5s)
Train loss: 0.7266 (94.5s)
2026-06-25 03:02:34,676 - INFO - Test instance 0.9088, class 0.8651
Test instance 0.9088, class 0.8651
2026-06-25 03:02:34,679 - INFO - Best instance 0.9198, class 0.8754 (epoch 62)
Best instance 0.9198, class 0.8754 (epoch 62)
2026-06-25 03:02:34,695 - INFO - Epoch 85/200:
Epoch 85/200:
2026-06-25 03:04:08,686 - INFO - Train loss: 0.7256 (94.0s)
Train loss: 0.7256 (94.0s)
2026-06-25 03:04:31,574 - INFO - Test instance 0.9129, class 0.8633
Test instance 0.9129, class 0.8633
2026-06-25 03:04:31,577 - INFO - Best instance 0.9198, class 0.8754 (epoch 62)
Best instance 0.9198, class 0.8754 (epoch 62)
2026-06-25 03:04:31,601 - INFO - Epoch 86/200:
Epoch 86/200:
2026-06-25 03:06:05,715 - INFO - Train loss: 0.7265 (94.1s)
Train loss: 0.7265 (94.1s)
2026-06-25 03:06:28,662 - INFO - Test instance 0.9141, class 0.8738
Test instance 0.9141, class 0.8738
2026-06-25 03:06:28,665 - INFO - Best instance 0.9198, class 0.8754 (epoch 62)
Best instance 0.9198, class 0.8754 (epoch 62)
2026-06-25 03:06:28,683 - INFO - Epoch 87/200:
Epoch 87/200:
2026-06-25 03:08:02,987 - INFO - Train loss: 0.7257 (94.3s)
Train loss: 0.7257 (94.3s)
2026-06-25 03:08:25,805 - INFO - Test instance 0.9141, class 0.8704
Test instance 0.9141, class 0.8704
2026-06-25 03:08:25,808 - INFO - Best instance 0.9198, class 0.8754 (epoch 62)
Best instance 0.9198, class 0.8754 (epoch 62)
2026-06-25 03:08:25,826 - INFO - Epoch 88/200:
Epoch 88/200:
2026-06-25 03:09:59,923 - INFO - Train loss: 0.7241 (94.1s)
Train loss: 0.7241 (94.1s)
2026-06-25 03:10:22,886 - INFO - Test instance 0.9121, class 0.8711
Test instance 0.9121, class 0.8711
2026-06-25 03:10:22,889 - INFO - Best instance 0.9198, class 0.8754 (epoch 62)
Best instance 0.9198, class 0.8754 (epoch 62)
2026-06-25 03:10:22,909 - INFO - Epoch 89/200:
Epoch 89/200:
2026-06-25 03:11:57,074 - INFO - Train loss: 0.7264 (94.2s)
Train loss: 0.7264 (94.2s)
2026-06-25 03:12:20,027 - INFO - Test instance 0.9125, class 0.8701
Test instance 0.9125, class 0.8701
2026-06-25 03:12:20,030 - INFO - Best instance 0.9198, class 0.8754 (epoch 62)
Best instance 0.9198, class 0.8754 (epoch 62)
2026-06-25 03:12:20,047 - INFO - Epoch 90/200:
Epoch 90/200:
2026-06-25 03:13:54,439 - INFO - Train loss: 0.7227 (94.4s)
Train loss: 0.7227 (94.4s)
2026-06-25 03:14:17,478 - INFO - Test instance 0.9084, class 0.8639
Test instance 0.9084, class 0.8639
2026-06-25 03:14:17,481 - INFO - Best instance 0.9198, class 0.8754 (epoch 62)
Best instance 0.9198, class 0.8754 (epoch 62)
2026-06-25 03:14:17,509 - INFO - Epoch 91/200:
Epoch 91/200:
2026-06-25 03:15:51,795 - INFO - Train loss: 0.7212 (94.3s)
Train loss: 0.7212 (94.3s)
2026-06-25 03:16:14,802 - INFO - Test instance 0.9145, class 0.8672
Test instance 0.9145, class 0.8672
2026-06-25 03:16:14,804 - INFO - Best instance 0.9198, class 0.8754 (epoch 62)
Best instance 0.9198, class 0.8754 (epoch 62)
2026-06-25 03:16:14,822 - INFO - Epoch 92/200:
Epoch 92/200:
2026-06-25 03:17:48,801 - INFO - Train loss: 0.7254 (94.0s)
Train loss: 0.7254 (94.0s)
2026-06-25 03:18:11,855 - INFO - Test instance 0.9182, class 0.8779
Test instance 0.9182, class 0.8779
2026-06-25 03:18:11,858 - INFO - Best instance 0.9198, class 0.8754 (epoch 62)
Best instance 0.9198, class 0.8754 (epoch 62)
2026-06-25 03:18:11,875 - INFO - Epoch 93/200:
Epoch 93/200:
2026-06-25 03:19:46,398 - INFO - Train loss: 0.7243 (94.5s)
Train loss: 0.7243 (94.5s)
2026-06-25 03:20:09,549 - INFO - Test instance 0.9190, class 0.8775
Test instance 0.9190, class 0.8775
2026-06-25 03:20:09,552 - INFO - Best instance 0.9198, class 0.8754 (epoch 62)
Best instance 0.9198, class 0.8754 (epoch 62)
2026-06-25 03:20:09,573 - INFO - Epoch 94/200:
Epoch 94/200:
2026-06-25 03:21:44,349 - INFO - Train loss: 0.7218 (94.8s)
Train loss: 0.7218 (94.8s)
2026-06-25 03:22:07,324 - INFO - Test instance 0.9145, class 0.8735
Test instance 0.9145, class 0.8735
2026-06-25 03:22:07,327 - INFO - Best instance 0.9198, class 0.8754 (epoch 62)
Best instance 0.9198, class 0.8754 (epoch 62)
2026-06-25 03:22:07,345 - INFO - Epoch 95/200:
Epoch 95/200:
2026-06-25 03:23:41,790 - INFO - Train loss: 0.7244 (94.4s)
Train loss: 0.7244 (94.4s)
2026-06-25 03:24:04,948 - INFO - Test instance 0.9182, class 0.8764
Test instance 0.9182, class 0.8764
2026-06-25 03:24:04,950 - INFO - Best instance 0.9198, class 0.8754 (epoch 62)
Best instance 0.9198, class 0.8754 (epoch 62)
2026-06-25 03:24:04,968 - INFO - Epoch 96/200:
Epoch 96/200:
2026-06-25 03:25:39,062 - INFO - Train loss: 0.7230 (94.1s)
Train loss: 0.7230 (94.1s)
2026-06-25 03:26:02,402 - INFO - Test instance 0.9222, class 0.8760
Test instance 0.9222, class 0.8760
2026-06-25 03:26:02,424 - INFO - Best instance 0.9222, class 0.8760 (epoch 96)
Best instance 0.9222, class 0.8760 (epoch 96)
2026-06-25 03:26:02,442 - INFO - Epoch 97/200:
Epoch 97/200:
2026-06-25 03:27:36,463 - INFO - Train loss: 0.7215 (94.0s)
Train loss: 0.7215 (94.0s)
2026-06-25 03:27:59,456 - INFO - Test instance 0.9182, class 0.8722
Test instance 0.9182, class 0.8722
2026-06-25 03:27:59,459 - INFO - Best instance 0.9222, class 0.8760 (epoch 96)
Best instance 0.9222, class 0.8760 (epoch 96)
2026-06-25 03:27:59,477 - INFO - Epoch 98/200:
Epoch 98/200:
2026-06-25 03:29:34,096 - INFO - Train loss: 0.7235 (94.6s)
Train loss: 0.7235 (94.6s)
2026-06-25 03:29:56,966 - INFO - Test instance 0.9173, class 0.8778
Test instance 0.9173, class 0.8778
2026-06-25 03:29:56,969 - INFO - Best instance 0.9222, class 0.8760 (epoch 96)
Best instance 0.9222, class 0.8760 (epoch 96)
2026-06-25 03:29:56,986 - INFO - Epoch 99/200:
Epoch 99/200:
2026-06-25 03:31:31,026 - INFO - Train loss: 0.7177 (94.0s)
Train loss: 0.7177 (94.0s)
2026-06-25 03:31:53,877 - INFO - Test instance 0.9153, class 0.8694
Test instance 0.9153, class 0.8694
2026-06-25 03:31:53,880 - INFO - Best instance 0.9222, class 0.8760 (epoch 96)
Best instance 0.9222, class 0.8760 (epoch 96)
2026-06-25 03:31:53,897 - INFO - Epoch 100/200:
Epoch 100/200:
2026-06-25 03:33:27,739 - INFO - Train loss: 0.7196 (93.8s)
Train loss: 0.7196 (93.8s)
2026-06-25 03:33:50,944 - INFO - Test instance 0.9141, class 0.8695
Test instance 0.9141, class 0.8695
2026-06-25 03:33:50,946 - INFO - Best instance 0.9222, class 0.8760 (epoch 96)
Best instance 0.9222, class 0.8760 (epoch 96)
2026-06-25 03:33:50,964 - INFO - Epoch 101/200:
Epoch 101/200:
2026-06-25 03:35:25,058 - INFO - Train loss: 0.7178 (94.1s)
Train loss: 0.7178 (94.1s)
2026-06-25 03:35:48,002 - INFO - Test instance 0.9186, class 0.8825
Test instance 0.9186, class 0.8825
2026-06-25 03:35:48,004 - INFO - Best instance 0.9222, class 0.8760 (epoch 96)
Best instance 0.9222, class 0.8760 (epoch 96)
2026-06-25 03:35:48,023 - INFO - Epoch 102/200:
Epoch 102/200:
2026-06-25 03:37:22,350 - INFO - Train loss: 0.7159 (94.3s)
Train loss: 0.7159 (94.3s)
2026-06-25 03:37:45,373 - INFO - Test instance 0.9165, class 0.8693
Test instance 0.9165, class 0.8693
2026-06-25 03:37:45,376 - INFO - Best instance 0.9222, class 0.8760 (epoch 96)
Best instance 0.9222, class 0.8760 (epoch 96)
2026-06-25 03:37:45,396 - INFO - Epoch 103/200:
Epoch 103/200:
2026-06-25 03:39:19,791 - INFO - Train loss: 0.7168 (94.4s)
Train loss: 0.7168 (94.4s)
2026-06-25 03:39:42,865 - INFO - Test instance 0.9194, class 0.8770
Test instance 0.9194, class 0.8770
2026-06-25 03:39:42,868 - INFO - Best instance 0.9222, class 0.8760 (epoch 96)
Best instance 0.9222, class 0.8760 (epoch 96)
2026-06-25 03:39:42,888 - INFO - Epoch 104/200:
Epoch 104/200:
2026-06-25 03:41:17,075 - INFO - Train loss: 0.7159 (94.2s)
Train loss: 0.7159 (94.2s)
2026-06-25 03:41:40,194 - INFO - Test instance 0.9177, class 0.8742
Test instance 0.9177, class 0.8742
2026-06-25 03:41:40,197 - INFO - Best instance 0.9222, class 0.8760 (epoch 96)
Best instance 0.9222, class 0.8760 (epoch 96)
2026-06-25 03:41:40,218 - INFO - Epoch 105/200:
Epoch 105/200:
2026-06-25 03:43:14,255 - INFO - Train loss: 0.7158 (94.0s)
Train loss: 0.7158 (94.0s)
2026-06-25 03:43:37,206 - INFO - Test instance 0.9145, class 0.8708
Test instance 0.9145, class 0.8708
2026-06-25 03:43:37,209 - INFO - Best instance 0.9222, class 0.8760 (epoch 96)
Best instance 0.9222, class 0.8760 (epoch 96)
2026-06-25 03:43:37,232 - INFO - Epoch 106/200:
Epoch 106/200:
2026-06-25 03:45:11,385 - INFO - Train loss: 0.7135 (94.2s)
Train loss: 0.7135 (94.2s)
2026-06-25 03:45:34,409 - INFO - Test instance 0.9169, class 0.8764
Test instance 0.9169, class 0.8764
2026-06-25 03:45:34,412 - INFO - Best instance 0.9222, class 0.8760 (epoch 96)
Best instance 0.9222, class 0.8760 (epoch 96)
2026-06-25 03:45:34,431 - INFO - Epoch 107/200:
Epoch 107/200:
2026-06-25 03:47:08,686 - INFO - Train loss: 0.7110 (94.3s)
Train loss: 0.7110 (94.3s)
2026-06-25 03:47:31,620 - INFO - Test instance 0.9206, class 0.8797
Test instance 0.9206, class 0.8797
2026-06-25 03:47:31,623 - INFO - Best instance 0.9222, class 0.8760 (epoch 96)
Best instance 0.9222, class 0.8760 (epoch 96)
2026-06-25 03:47:31,641 - INFO - Epoch 108/200:
Epoch 108/200:
2026-06-25 03:49:06,279 - INFO - Train loss: 0.7179 (94.6s)
Train loss: 0.7179 (94.6s)
2026-06-25 03:49:29,116 - INFO - Test instance 0.9214, class 0.8811
Test instance 0.9214, class 0.8811
2026-06-25 03:49:29,119 - INFO - Best instance 0.9222, class 0.8760 (epoch 96)
Best instance 0.9222, class 0.8760 (epoch 96)
2026-06-25 03:49:29,137 - INFO - Epoch 109/200:
Epoch 109/200:
2026-06-25 03:51:03,264 - INFO - Train loss: 0.7144 (94.1s)
Train loss: 0.7144 (94.1s)
2026-06-25 03:51:26,202 - INFO - Test instance 0.9190, class 0.8810
Test instance 0.9190, class 0.8810
2026-06-25 03:51:26,205 - INFO - Best instance 0.9222, class 0.8760 (epoch 96)
Best instance 0.9222, class 0.8760 (epoch 96)
2026-06-25 03:51:26,223 - INFO - Epoch 110/200:
Epoch 110/200:
2026-06-25 03:52:59,995 - INFO - Train loss: 0.7108 (93.8s)
Train loss: 0.7108 (93.8s)
2026-06-25 03:53:23,032 - INFO - Test instance 0.9182, class 0.8767
Test instance 0.9182, class 0.8767
2026-06-25 03:53:23,035 - INFO - Best instance 0.9222, class 0.8760 (epoch 96)
Best instance 0.9222, class 0.8760 (epoch 96)
2026-06-25 03:53:23,056 - INFO - Epoch 111/200:
Epoch 111/200:
2026-06-25 03:54:57,070 - INFO - Train loss: 0.7149 (94.0s)
Train loss: 0.7149 (94.0s)
2026-06-25 03:55:20,063 - INFO - Test instance 0.9218, class 0.8835
Test instance 0.9218, class 0.8835
2026-06-25 03:55:20,066 - INFO - Best instance 0.9222, class 0.8760 (epoch 96)
Best instance 0.9222, class 0.8760 (epoch 96)
2026-06-25 03:55:20,086 - INFO - Epoch 112/200:
Epoch 112/200:
2026-06-25 03:56:54,376 - INFO - Train loss: 0.7107 (94.3s)
Train loss: 0.7107 (94.3s)
2026-06-25 03:57:17,302 - INFO - Test instance 0.9234, class 0.8803
Test instance 0.9234, class 0.8803
2026-06-25 03:57:17,324 - INFO - Best instance 0.9234, class 0.8803 (epoch 112)
Best instance 0.9234, class 0.8803 (epoch 112)
2026-06-25 03:57:17,340 - INFO - Epoch 113/200:
Epoch 113/200:
2026-06-25 03:58:51,451 - INFO - Train loss: 0.7118 (94.1s)
Train loss: 0.7118 (94.1s)
2026-06-25 03:59:14,493 - INFO - Test instance 0.9222, class 0.8780
Test instance 0.9222, class 0.8780
2026-06-25 03:59:14,496 - INFO - Best instance 0.9234, class 0.8803 (epoch 112)
Best instance 0.9234, class 0.8803 (epoch 112)
2026-06-25 03:59:14,513 - INFO - Epoch 114/200:
Epoch 114/200:
2026-06-25 04:00:48,959 - INFO - Train loss: 0.7121 (94.4s)
Train loss: 0.7121 (94.4s)
2026-06-25 04:01:12,007 - INFO - Test instance 0.9218, class 0.8797
Test instance 0.9218, class 0.8797
2026-06-25 04:01:12,010 - INFO - Best instance 0.9234, class 0.8803 (epoch 112)
Best instance 0.9234, class 0.8803 (epoch 112)
2026-06-25 04:01:12,029 - INFO - Epoch 115/200:
Epoch 115/200:
2026-06-25 04:02:46,300 - INFO - Train loss: 0.7119 (94.3s)
Train loss: 0.7119 (94.3s)
2026-06-25 04:03:09,308 - INFO - Test instance 0.9173, class 0.8749
Test instance 0.9173, class 0.8749
2026-06-25 04:03:09,311 - INFO - Best instance 0.9234, class 0.8803 (epoch 112)
Best instance 0.9234, class 0.8803 (epoch 112)
2026-06-25 04:03:09,329 - INFO - Epoch 116/200:
Epoch 116/200:
2026-06-25 04:04:43,452 - INFO - Train loss: 0.7122 (94.1s)
Train loss: 0.7122 (94.1s)
2026-06-25 04:05:06,524 - INFO - Test instance 0.9165, class 0.8753
Test instance 0.9165, class 0.8753
2026-06-25 04:05:06,526 - INFO - Best instance 0.9234, class 0.8803 (epoch 112)
Best instance 0.9234, class 0.8803 (epoch 112)
2026-06-25 04:05:06,546 - INFO - Epoch 117/200:
Epoch 117/200:
2026-06-25 04:06:40,457 - INFO - Train loss: 0.7117 (93.9s)
Train loss: 0.7117 (93.9s)
2026-06-25 04:07:03,640 - INFO - Test instance 0.9177, class 0.8809
Test instance 0.9177, class 0.8809
2026-06-25 04:07:03,643 - INFO - Best instance 0.9234, class 0.8803 (epoch 112)
Best instance 0.9234, class 0.8803 (epoch 112)
2026-06-25 04:07:03,663 - INFO - Epoch 118/200:
Epoch 118/200:
2026-06-25 04:08:37,464 - INFO - Train loss: 0.7089 (93.8s)
Train loss: 0.7089 (93.8s)
2026-06-25 04:09:00,657 - INFO - Test instance 0.9202, class 0.8844
Test instance 0.9202, class 0.8844
2026-06-25 04:09:00,659 - INFO - Best instance 0.9234, class 0.8803 (epoch 112)
Best instance 0.9234, class 0.8803 (epoch 112)
2026-06-25 04:09:00,677 - INFO - Epoch 119/200:
Epoch 119/200:
2026-06-25 04:10:34,780 - INFO - Train loss: 0.7105 (94.1s)
Train loss: 0.7105 (94.1s)
2026-06-25 04:10:57,851 - INFO - Test instance 0.9198, class 0.8815
Test instance 0.9198, class 0.8815
2026-06-25 04:10:57,854 - INFO - Best instance 0.9234, class 0.8803 (epoch 112)
Best instance 0.9234, class 0.8803 (epoch 112)
2026-06-25 04:10:57,872 - INFO - Epoch 120/200:
Epoch 120/200:
2026-06-25 04:12:32,280 - INFO - Train loss: 0.7089 (94.4s)
Train loss: 0.7089 (94.4s)
2026-06-25 04:12:55,288 - INFO - Test instance 0.9198, class 0.8755
Test instance 0.9198, class 0.8755
2026-06-25 04:12:55,291 - INFO - Best instance 0.9234, class 0.8803 (epoch 112)
Best instance 0.9234, class 0.8803 (epoch 112)
2026-06-25 04:12:55,308 - INFO - Epoch 121/200:
Epoch 121/200:
2026-06-25 04:14:29,403 - INFO - Train loss: 0.7088 (94.1s)
Train loss: 0.7088 (94.1s)
2026-06-25 04:14:52,339 - INFO - Test instance 0.9169, class 0.8722
Test instance 0.9169, class 0.8722
2026-06-25 04:14:52,342 - INFO - Best instance 0.9234, class 0.8803 (epoch 112)
Best instance 0.9234, class 0.8803 (epoch 112)
2026-06-25 04:14:52,359 - INFO - Epoch 122/200:
Epoch 122/200:
2026-06-25 04:16:26,357 - INFO - Train loss: 0.7119 (94.0s)
Train loss: 0.7119 (94.0s)
2026-06-25 04:16:49,543 - INFO - Test instance 0.9214, class 0.8783
Test instance 0.9214, class 0.8783
2026-06-25 04:16:49,546 - INFO - Best instance 0.9234, class 0.8803 (epoch 112)
Best instance 0.9234, class 0.8803 (epoch 112)
2026-06-25 04:16:49,564 - INFO - Epoch 123/200:
Epoch 123/200:
2026-06-25 04:18:23,420 - INFO - Train loss: 0.7064 (93.9s)
Train loss: 0.7064 (93.9s)
2026-06-25 04:18:46,450 - INFO - Test instance 0.9161, class 0.8747
Test instance 0.9161, class 0.8747
2026-06-25 04:18:46,452 - INFO - Best instance 0.9234, class 0.8803 (epoch 112)
Best instance 0.9234, class 0.8803 (epoch 112)
2026-06-25 04:18:46,476 - INFO - Epoch 124/200:
Epoch 124/200:
2026-06-25 04:20:20,506 - INFO - Train loss: 0.7038 (94.0s)
Train loss: 0.7038 (94.0s)
2026-06-25 04:20:43,536 - INFO - Test instance 0.9186, class 0.8767
Test instance 0.9186, class 0.8767
2026-06-25 04:20:43,539 - INFO - Best instance 0.9234, class 0.8803 (epoch 112)
Best instance 0.9234, class 0.8803 (epoch 112)
2026-06-25 04:20:43,558 - INFO - Epoch 125/200:
Epoch 125/200:
2026-06-25 04:22:17,807 - INFO - Train loss: 0.7035 (94.2s)
Train loss: 0.7035 (94.2s)
2026-06-25 04:22:40,747 - INFO - Test instance 0.9173, class 0.8767
Test instance 0.9173, class 0.8767
2026-06-25 04:22:40,750 - INFO - Best instance 0.9234, class 0.8803 (epoch 112)
Best instance 0.9234, class 0.8803 (epoch 112)
2026-06-25 04:22:40,770 - INFO - Epoch 126/200:
Epoch 126/200:
2026-06-25 04:24:14,689 - INFO - Train loss: 0.7034 (93.9s)
Train loss: 0.7034 (93.9s)
2026-06-25 04:24:37,698 - INFO - Test instance 0.9214, class 0.8804
Test instance 0.9214, class 0.8804
2026-06-25 04:24:37,701 - INFO - Best instance 0.9234, class 0.8803 (epoch 112)
Best instance 0.9234, class 0.8803 (epoch 112)
2026-06-25 04:24:37,718 - INFO - Epoch 127/200:
Epoch 127/200:
2026-06-25 04:26:11,607 - INFO - Train loss: 0.7046 (93.9s)
Train loss: 0.7046 (93.9s)
2026-06-25 04:26:34,645 - INFO - Test instance 0.9234, class 0.8856
Test instance 0.9234, class 0.8856
2026-06-25 04:26:34,651 - INFO - Best instance 0.9234, class 0.8803 (epoch 112)
Best instance 0.9234, class 0.8803 (epoch 112)
2026-06-25 04:26:34,668 - INFO - Epoch 128/200:
Epoch 128/200:
2026-06-25 04:28:08,704 - INFO - Train loss: 0.7076 (94.0s)
Train loss: 0.7076 (94.0s)
2026-06-25 04:28:31,737 - INFO - Test instance 0.9173, class 0.8770
Test instance 0.9173, class 0.8770
2026-06-25 04:28:31,740 - INFO - Best instance 0.9234, class 0.8803 (epoch 112)
Best instance 0.9234, class 0.8803 (epoch 112)
2026-06-25 04:28:31,759 - INFO - Epoch 129/200:
Epoch 129/200:
2026-06-25 04:30:05,634 - INFO - Train loss: 0.7027 (93.9s)
Train loss: 0.7027 (93.9s)
2026-06-25 04:30:28,587 - INFO - Test instance 0.9234, class 0.8828
Test instance 0.9234, class 0.8828
2026-06-25 04:30:28,592 - INFO - Best instance 0.9234, class 0.8803 (epoch 112)
Best instance 0.9234, class 0.8803 (epoch 112)
2026-06-25 04:30:28,610 - INFO - Epoch 130/200:
Epoch 130/200:
2026-06-25 04:32:02,724 - INFO - Train loss: 0.7051 (94.1s)
Train loss: 0.7051 (94.1s)
2026-06-25 04:32:25,823 - INFO - Test instance 0.9214, class 0.8777
Test instance 0.9214, class 0.8777
2026-06-25 04:32:25,826 - INFO - Best instance 0.9234, class 0.8803 (epoch 112)
Best instance 0.9234, class 0.8803 (epoch 112)
2026-06-25 04:32:25,845 - INFO - Epoch 131/200:
Epoch 131/200:
2026-06-25 04:33:59,861 - INFO - Train loss: 0.7065 (94.0s)
Train loss: 0.7065 (94.0s)
2026-06-25 04:34:22,862 - INFO - Test instance 0.9186, class 0.8759
Test instance 0.9186, class 0.8759
2026-06-25 04:34:22,866 - INFO - Best instance 0.9234, class 0.8803 (epoch 112)
Best instance 0.9234, class 0.8803 (epoch 112)
2026-06-25 04:34:22,887 - INFO - Epoch 132/200:
Epoch 132/200:
2026-06-25 04:35:56,701 - INFO - Train loss: 0.7067 (93.8s)
Train loss: 0.7067 (93.8s)
2026-06-25 04:36:19,777 - INFO - Test instance 0.9153, class 0.8733
Test instance 0.9153, class 0.8733
2026-06-25 04:36:19,781 - INFO - Best instance 0.9234, class 0.8803 (epoch 112)
Best instance 0.9234, class 0.8803 (epoch 112)
2026-06-25 04:36:19,799 - INFO - Epoch 133/200:
Epoch 133/200:
2026-06-25 04:37:53,615 - INFO - Train loss: 0.7069 (93.8s)
Train loss: 0.7069 (93.8s)
2026-06-25 04:38:16,697 - INFO - Test instance 0.9190, class 0.8770
Test instance 0.9190, class 0.8770
2026-06-25 04:38:16,700 - INFO - Best instance 0.9234, class 0.8803 (epoch 112)
Best instance 0.9234, class 0.8803 (epoch 112)
2026-06-25 04:38:16,718 - INFO - Epoch 134/200:
Epoch 134/200:
2026-06-25 04:39:51,002 - INFO - Train loss: 0.7046 (94.3s)
Train loss: 0.7046 (94.3s)
2026-06-25 04:40:13,951 - INFO - Test instance 0.9182, class 0.8785
Test instance 0.9182, class 0.8785
2026-06-25 04:40:13,954 - INFO - Best instance 0.9234, class 0.8803 (epoch 112)
Best instance 0.9234, class 0.8803 (epoch 112)
2026-06-25 04:40:13,976 - INFO - Epoch 135/200:
Epoch 135/200:
2026-06-25 04:41:48,034 - INFO - Train loss: 0.7026 (94.1s)
Train loss: 0.7026 (94.1s)
2026-06-25 04:42:11,035 - INFO - Test instance 0.9182, class 0.8807
Test instance 0.9182, class 0.8807
2026-06-25 04:42:11,038 - INFO - Best instance 0.9234, class 0.8803 (epoch 112)
Best instance 0.9234, class 0.8803 (epoch 112)
2026-06-25 04:42:11,056 - INFO - Epoch 136/200:
Epoch 136/200:
2026-06-25 04:43:45,814 - INFO - Train loss: 0.7060 (94.8s)
Train loss: 0.7060 (94.8s)
2026-06-25 04:44:08,867 - INFO - Test instance 0.9230, class 0.8847
Test instance 0.9230, class 0.8847
2026-06-25 04:44:08,870 - INFO - Best instance 0.9234, class 0.8803 (epoch 112)
Best instance 0.9234, class 0.8803 (epoch 112)
2026-06-25 04:44:08,906 - INFO - Epoch 137/200:
Epoch 137/200:
2026-06-25 04:45:43,403 - INFO - Train loss: 0.7038 (94.5s)
Train loss: 0.7038 (94.5s)
2026-06-25 04:46:06,515 - INFO - Test instance 0.9177, class 0.8805
Test instance 0.9177, class 0.8805
2026-06-25 04:46:06,520 - INFO - Best instance 0.9234, class 0.8803 (epoch 112)
Best instance 0.9234, class 0.8803 (epoch 112)
2026-06-25 04:46:06,537 - INFO - Epoch 138/200:
Epoch 138/200:
2026-06-25 04:47:40,491 - INFO - Train loss: 0.7057 (94.0s)
Train loss: 0.7057 (94.0s)
2026-06-25 04:48:03,583 - INFO - Test instance 0.9206, class 0.8820
Test instance 0.9206, class 0.8820
2026-06-25 04:48:03,587 - INFO - Best instance 0.9234, class 0.8803 (epoch 112)
Best instance 0.9234, class 0.8803 (epoch 112)
2026-06-25 04:48:03,606 - INFO - Epoch 139/200:
Epoch 139/200:
2026-06-25 04:49:37,325 - INFO - Train loss: 0.7064 (93.7s)
Train loss: 0.7064 (93.7s)
2026-06-25 04:50:00,309 - INFO - Test instance 0.9186, class 0.8808
Test instance 0.9186, class 0.8808
2026-06-25 04:50:00,313 - INFO - Best instance 0.9234, class 0.8803 (epoch 112)
Best instance 0.9234, class 0.8803 (epoch 112)
2026-06-25 04:50:00,331 - INFO - Epoch 140/200:
Epoch 140/200:
2026-06-25 04:51:34,333 - INFO - Train loss: 0.7055 (94.0s)
Train loss: 0.7055 (94.0s)
2026-06-25 04:51:57,228 - INFO - Test instance 0.9206, class 0.8842
Test instance 0.9206, class 0.8842
2026-06-25 04:51:57,232 - INFO - Best instance 0.9234, class 0.8803 (epoch 112)
Best instance 0.9234, class 0.8803 (epoch 112)
2026-06-25 04:51:57,250 - INFO - Epoch 141/200:
Epoch 141/200:
2026-06-25 04:53:31,424 - INFO - Train loss: 0.7010 (94.2s)
Train loss: 0.7010 (94.2s)
2026-06-25 04:53:54,320 - INFO - Test instance 0.9234, class 0.8838
Test instance 0.9234, class 0.8838
2026-06-25 04:53:54,324 - INFO - Best instance 0.9234, class 0.8803 (epoch 112)
Best instance 0.9234, class 0.8803 (epoch 112)
2026-06-25 04:53:54,348 - INFO - Epoch 142/200:
Epoch 142/200:
2026-06-25 04:55:28,275 - INFO - Train loss: 0.7057 (93.9s)
Train loss: 0.7057 (93.9s)
2026-06-25 04:55:51,461 - INFO - Test instance 0.9226, class 0.8846
Test instance 0.9226, class 0.8846
2026-06-25 04:55:51,465 - INFO - Best instance 0.9234, class 0.8803 (epoch 112)
Best instance 0.9234, class 0.8803 (epoch 112)
2026-06-25 04:55:51,488 - INFO - Epoch 143/200:
Epoch 143/200:
2026-06-25 04:57:25,384 - INFO - Train loss: 0.6990 (93.9s)
Train loss: 0.6990 (93.9s)
2026-06-25 04:57:48,309 - INFO - Test instance 0.9206, class 0.8842
Test instance 0.9206, class 0.8842
2026-06-25 04:57:48,313 - INFO - Best instance 0.9234, class 0.8803 (epoch 112)
Best instance 0.9234, class 0.8803 (epoch 112)
2026-06-25 04:57:48,332 - INFO - Epoch 144/200:
Epoch 144/200:
2026-06-25 04:59:22,303 - INFO - Train loss: 0.7019 (94.0s)
Train loss: 0.7019 (94.0s)
2026-06-25 04:59:45,338 - INFO - Test instance 0.9230, class 0.8846
Test instance 0.9230, class 0.8846
2026-06-25 04:59:45,342 - INFO - Best instance 0.9234, class 0.8803 (epoch 112)
Best instance 0.9234, class 0.8803 (epoch 112)
2026-06-25 04:59:45,364 - INFO - Epoch 145/200:
Epoch 145/200:
2026-06-25 05:01:19,220 - INFO - Train loss: 0.7006 (93.9s)
Train loss: 0.7006 (93.9s)
2026-06-25 05:01:42,466 - INFO - Test instance 0.9230, class 0.8852
Test instance 0.9230, class 0.8852
2026-06-25 05:01:42,470 - INFO - Best instance 0.9234, class 0.8803 (epoch 112)
Best instance 0.9234, class 0.8803 (epoch 112)
2026-06-25 05:01:42,489 - INFO - Epoch 146/200:
Epoch 146/200:
2026-06-25 05:03:16,531 - INFO - Train loss: 0.7024 (94.0s)
Train loss: 0.7024 (94.0s)
2026-06-25 05:03:39,477 - INFO - Test instance 0.9271, class 0.8889
Test instance 0.9271, class 0.8889
2026-06-25 05:03:39,497 - INFO - Best instance 0.9271, class 0.8889 (epoch 146)
Best instance 0.9271, class 0.8889 (epoch 146)
2026-06-25 05:03:39,512 - INFO - Epoch 147/200:
Epoch 147/200:
2026-06-25 05:05:13,740 - INFO - Train loss: 0.7020 (94.2s)
Train loss: 0.7020 (94.2s)
2026-06-25 05:05:36,687 - INFO - Test instance 0.9214, class 0.8832
Test instance 0.9214, class 0.8832
2026-06-25 05:05:36,691 - INFO - Best instance 0.9271, class 0.8889 (epoch 146)
Best instance 0.9271, class 0.8889 (epoch 146)
2026-06-25 05:05:36,711 - INFO - Epoch 148/200:
Epoch 148/200:
2026-06-25 05:07:10,650 - INFO - Train loss: 0.7021 (93.9s)
Train loss: 0.7021 (93.9s)
2026-06-25 05:07:33,666 - INFO - Test instance 0.9141, class 0.8785
Test instance 0.9141, class 0.8785
2026-06-25 05:07:33,670 - INFO - Best instance 0.9271, class 0.8889 (epoch 146)
Best instance 0.9271, class 0.8889 (epoch 146)
2026-06-25 05:07:33,689 - INFO - Epoch 149/200:
Epoch 149/200:
2026-06-25 05:09:08,037 - INFO - Train loss: 0.6991 (94.3s)
Train loss: 0.6991 (94.3s)
2026-06-25 05:09:30,889 - INFO - Test instance 0.9238, class 0.8869
Test instance 0.9238, class 0.8869
2026-06-25 05:09:30,893 - INFO - Best instance 0.9271, class 0.8889 (epoch 146)
Best instance 0.9271, class 0.8889 (epoch 146)
2026-06-25 05:09:30,911 - INFO - Epoch 150/200:
Epoch 150/200:
2026-06-25 05:11:04,909 - INFO - Train loss: 0.7008 (94.0s)
Train loss: 0.7008 (94.0s)
2026-06-25 05:11:27,882 - INFO - Test instance 0.9202, class 0.8818
Test instance 0.9202, class 0.8818
2026-06-25 05:11:27,886 - INFO - Best instance 0.9271, class 0.8889 (epoch 146)
Best instance 0.9271, class 0.8889 (epoch 146)
2026-06-25 05:11:27,909 - INFO - Epoch 151/200:
Epoch 151/200:
2026-06-25 05:13:02,000 - INFO - Train loss: 0.7000 (94.1s)
Train loss: 0.7000 (94.1s)
2026-06-25 05:13:24,909 - INFO - Test instance 0.9206, class 0.8837
Test instance 0.9206, class 0.8837
2026-06-25 05:13:24,913 - INFO - Best instance 0.9271, class 0.8889 (epoch 146)
Best instance 0.9271, class 0.8889 (epoch 146)
2026-06-25 05:13:24,931 - INFO - Epoch 152/200:
Epoch 152/200:
2026-06-25 05:14:58,994 - INFO - Train loss: 0.6965 (94.1s)
Train loss: 0.6965 (94.1s)
2026-06-25 05:15:21,979 - INFO - Test instance 0.9214, class 0.8805
Test instance 0.9214, class 0.8805
2026-06-25 05:15:21,985 - INFO - Best instance 0.9271, class 0.8889 (epoch 146)
Best instance 0.9271, class 0.8889 (epoch 146)
2026-06-25 05:15:22,004 - INFO - Epoch 153/200:
Epoch 153/200:
2026-06-25 05:16:55,877 - INFO - Train loss: 0.6991 (93.9s)
Train loss: 0.6991 (93.9s)
2026-06-25 05:17:18,945 - INFO - Test instance 0.9254, class 0.8892
Test instance 0.9254, class 0.8892
2026-06-25 05:17:18,949 - INFO - Best instance 0.9271, class 0.8889 (epoch 146)
Best instance 0.9271, class 0.8889 (epoch 146)
2026-06-25 05:17:18,969 - INFO - Epoch 154/200:
Epoch 154/200:
2026-06-25 05:18:53,279 - INFO - Train loss: 0.6968 (94.3s)
Train loss: 0.6968 (94.3s)
2026-06-25 05:19:16,372 - INFO - Test instance 0.9214, class 0.8773
Test instance 0.9214, class 0.8773
2026-06-25 05:19:16,376 - INFO - Best instance 0.9271, class 0.8889 (epoch 146)
Best instance 0.9271, class 0.8889 (epoch 146)
2026-06-25 05:19:16,396 - INFO - Epoch 155/200:
Epoch 155/200:
2026-06-25 05:20:50,728 - INFO - Train loss: 0.6987 (94.3s)
Train loss: 0.6987 (94.3s)
2026-06-25 05:21:13,728 - INFO - Test instance 0.9186, class 0.8784
Test instance 0.9186, class 0.8784
2026-06-25 05:21:13,732 - INFO - Best instance 0.9271, class 0.8889 (epoch 146)
Best instance 0.9271, class 0.8889 (epoch 146)
2026-06-25 05:21:13,749 - INFO - Epoch 156/200:
Epoch 156/200:
2026-06-25 05:22:47,640 - INFO - Train loss: 0.6976 (93.9s)
Train loss: 0.6976 (93.9s)
2026-06-25 05:23:10,645 - INFO - Test instance 0.9194, class 0.8835
Test instance 0.9194, class 0.8835
2026-06-25 05:23:10,649 - INFO - Best instance 0.9271, class 0.8889 (epoch 146)
Best instance 0.9271, class 0.8889 (epoch 146)
2026-06-25 05:23:10,669 - INFO - Epoch 157/200:
Epoch 157/200:
2026-06-25 05:24:44,965 - INFO - Train loss: 0.6987 (94.3s)
Train loss: 0.6987 (94.3s)
2026-06-25 05:25:07,951 - INFO - Test instance 0.9214, class 0.8796
Test instance 0.9214, class 0.8796
2026-06-25 05:25:07,955 - INFO - Best instance 0.9271, class 0.8889 (epoch 146)
Best instance 0.9271, class 0.8889 (epoch 146)
2026-06-25 05:25:07,974 - INFO - Epoch 158/200:
Epoch 158/200:
2026-06-25 05:26:41,662 - INFO - Train loss: 0.6990 (93.7s)
Train loss: 0.6990 (93.7s)
2026-06-25 05:27:04,628 - INFO - Test instance 0.9242, class 0.8858
Test instance 0.9242, class 0.8858
2026-06-25 05:27:04,663 - INFO - Best instance 0.9271, class 0.8889 (epoch 146)
Best instance 0.9271, class 0.8889 (epoch 146)
2026-06-25 05:27:04,693 - INFO - Epoch 159/200:
Epoch 159/200:
2026-06-25 05:28:38,999 - INFO - Train loss: 0.6999 (94.3s)
Train loss: 0.6999 (94.3s)
2026-06-25 05:29:02,131 - INFO - Test instance 0.9210, class 0.8804
Test instance 0.9210, class 0.8804
2026-06-25 05:29:02,135 - INFO - Best instance 0.9271, class 0.8889 (epoch 146)
Best instance 0.9271, class 0.8889 (epoch 146)
2026-06-25 05:29:02,152 - INFO - Epoch 160/200:
Epoch 160/200:
2026-06-25 05:30:36,192 - INFO - Train loss: 0.6971 (94.0s)
Train loss: 0.6971 (94.0s)
2026-06-25 05:30:59,184 - INFO - Test instance 0.9206, class 0.8808
Test instance 0.9206, class 0.8808
2026-06-25 05:30:59,188 - INFO - Best instance 0.9271, class 0.8889 (epoch 146)
Best instance 0.9271, class 0.8889 (epoch 146)
2026-06-25 05:30:59,210 - INFO - Epoch 161/200:
Epoch 161/200:
2026-06-25 05:32:33,354 - INFO - Train loss: 0.6955 (94.1s)
Train loss: 0.6955 (94.1s)
2026-06-25 05:32:56,299 - INFO - Test instance 0.9238, class 0.8882
Test instance 0.9238, class 0.8882
2026-06-25 05:32:56,303 - INFO - Best instance 0.9271, class 0.8889 (epoch 146)
Best instance 0.9271, class 0.8889 (epoch 146)
2026-06-25 05:32:56,324 - INFO - Epoch 162/200:
Epoch 162/200:
2026-06-25 05:34:30,418 - INFO - Train loss: 0.6970 (94.1s)
Train loss: 0.6970 (94.1s)
2026-06-25 05:34:53,327 - INFO - Test instance 0.9218, class 0.8829
Test instance 0.9218, class 0.8829
2026-06-25 05:34:53,331 - INFO - Best instance 0.9271, class 0.8889 (epoch 146)
Best instance 0.9271, class 0.8889 (epoch 146)
2026-06-25 05:34:53,350 - INFO - Epoch 163/200:
Epoch 163/200:
2026-06-25 05:36:27,353 - INFO - Train loss: 0.6952 (94.0s)
Train loss: 0.6952 (94.0s)
2026-06-25 05:36:50,647 - INFO - Test instance 0.9194, class 0.8815
Test instance 0.9194, class 0.8815
2026-06-25 05:36:50,651 - INFO - Best instance 0.9271, class 0.8889 (epoch 146)
Best instance 0.9271, class 0.8889 (epoch 146)
2026-06-25 05:36:50,670 - INFO - Epoch 164/200:
Epoch 164/200:
2026-06-25 05:38:25,112 - INFO - Train loss: 0.6943 (94.4s)
Train loss: 0.6943 (94.4s)
2026-06-25 05:38:48,037 - INFO - Test instance 0.9214, class 0.8827
Test instance 0.9214, class 0.8827
2026-06-25 05:38:48,041 - INFO - Best instance 0.9271, class 0.8889 (epoch 146)
Best instance 0.9271, class 0.8889 (epoch 146)
2026-06-25 05:38:48,059 - INFO - Epoch 165/200:
Epoch 165/200:
2026-06-25 05:40:21,964 - INFO - Train loss: 0.6973 (93.9s)
Train loss: 0.6973 (93.9s)
2026-06-25 05:40:44,974 - INFO - Test instance 0.9173, class 0.8797
Test instance 0.9173, class 0.8797
2026-06-25 05:40:44,978 - INFO - Best instance 0.9271, class 0.8889 (epoch 146)
Best instance 0.9271, class 0.8889 (epoch 146)
2026-06-25 05:40:45,000 - INFO - Epoch 166/200:
Epoch 166/200:
2026-06-25 05:42:19,404 - INFO - Train loss: 0.6965 (94.4s)
Train loss: 0.6965 (94.4s)
2026-06-25 05:42:42,361 - INFO - Test instance 0.9210, class 0.8826
Test instance 0.9210, class 0.8826
2026-06-25 05:42:42,365 - INFO - Best instance 0.9271, class 0.8889 (epoch 146)
Best instance 0.9271, class 0.8889 (epoch 146)
2026-06-25 05:42:42,387 - INFO - Epoch 167/200:
Epoch 167/200:
2026-06-25 05:44:16,752 - INFO - Train loss: 0.6979 (94.4s)
Train loss: 0.6979 (94.4s)
2026-06-25 05:44:39,685 - INFO - Test instance 0.9238, class 0.8862
Test instance 0.9238, class 0.8862
2026-06-25 05:44:39,689 - INFO - Best instance 0.9271, class 0.8889 (epoch 146)
Best instance 0.9271, class 0.8889 (epoch 146)
2026-06-25 05:44:39,707 - INFO - Epoch 168/200:
Epoch 168/200:
2026-06-25 05:46:13,592 - INFO - Train loss: 0.6920 (93.9s)
Train loss: 0.6920 (93.9s)
2026-06-25 05:46:36,952 - INFO - Test instance 0.9222, class 0.8820
Test instance 0.9222, class 0.8820
2026-06-25 05:46:36,955 - INFO - Best instance 0.9271, class 0.8889 (epoch 146)
Best instance 0.9271, class 0.8889 (epoch 146)
2026-06-25 05:46:36,974 - INFO - Epoch 169/200:
Epoch 169/200:
2026-06-25 05:48:11,009 - INFO - Train loss: 0.6956 (94.0s)
Train loss: 0.6956 (94.0s)
2026-06-25 05:48:34,044 - INFO - Test instance 0.9198, class 0.8807
Test instance 0.9198, class 0.8807
2026-06-25 05:48:34,049 - INFO - Best instance 0.9271, class 0.8889 (epoch 146)
Best instance 0.9271, class 0.8889 (epoch 146)
2026-06-25 05:48:34,067 - INFO - Epoch 170/200:
Epoch 170/200:
2026-06-25 05:50:08,223 - INFO - Train loss: 0.6945 (94.2s)
Train loss: 0.6945 (94.2s)
2026-06-25 05:50:31,035 - INFO - Test instance 0.9218, class 0.8807
Test instance 0.9218, class 0.8807
2026-06-25 05:50:31,039 - INFO - Best instance 0.9271, class 0.8889 (epoch 146)
Best instance 0.9271, class 0.8889 (epoch 146)
2026-06-25 05:50:31,080 - INFO - Epoch 171/200:
Epoch 171/200:
2026-06-25 05:52:05,141 - INFO - Train loss: 0.6937 (94.1s)
Train loss: 0.6937 (94.1s)
2026-06-25 05:52:28,017 - INFO - Test instance 0.9186, class 0.8803
Test instance 0.9186, class 0.8803
2026-06-25 05:52:28,021 - INFO - Best instance 0.9271, class 0.8889 (epoch 146)
Best instance 0.9271, class 0.8889 (epoch 146)
2026-06-25 05:52:28,039 - INFO - Epoch 172/200:
Epoch 172/200:
2026-06-25 05:54:02,209 - INFO - Train loss: 0.6950 (94.2s)
Train loss: 0.6950 (94.2s)
2026-06-25 05:54:25,182 - INFO - Test instance 0.9226, class 0.8837
Test instance 0.9226, class 0.8837
2026-06-25 05:54:25,187 - INFO - Best instance 0.9271, class 0.8889 (epoch 146)
Best instance 0.9271, class 0.8889 (epoch 146)
2026-06-25 05:54:25,210 - INFO - Epoch 173/200:
Epoch 173/200:
2026-06-25 05:55:59,136 - INFO - Train loss: 0.6950 (93.9s)
Train loss: 0.6950 (93.9s)
2026-06-25 05:56:22,206 - INFO - Test instance 0.9190, class 0.8810
Test instance 0.9190, class 0.8810
2026-06-25 05:56:22,210 - INFO - Best instance 0.9271, class 0.8889 (epoch 146)
Best instance 0.9271, class 0.8889 (epoch 146)
2026-06-25 05:56:22,231 - INFO - Epoch 174/200:
Epoch 174/200:
2026-06-25 05:57:56,161 - INFO - Train loss: 0.6950 (93.9s)
Train loss: 0.6950 (93.9s)
2026-06-25 05:58:19,155 - INFO - Test instance 0.9222, class 0.8850
Test instance 0.9222, class 0.8850
2026-06-25 05:58:19,159 - INFO - Best instance 0.9271, class 0.8889 (epoch 146)
Best instance 0.9271, class 0.8889 (epoch 146)
2026-06-25 05:58:19,179 - INFO - Epoch 175/200:
Epoch 175/200:
2026-06-25 05:59:53,086 - INFO - Train loss: 0.6952 (93.9s)
Train loss: 0.6952 (93.9s)
2026-06-25 06:00:16,156 - INFO - Test instance 0.9182, class 0.8807
Test instance 0.9182, class 0.8807
2026-06-25 06:00:16,160 - INFO - Best instance 0.9271, class 0.8889 (epoch 146)
Best instance 0.9271, class 0.8889 (epoch 146)
2026-06-25 06:00:16,177 - INFO - Epoch 176/200:
Epoch 176/200:
2026-06-25 06:01:49,941 - INFO - Train loss: 0.6961 (93.8s)
Train loss: 0.6961 (93.8s)
2026-06-25 06:02:12,986 - INFO - Test instance 0.9226, class 0.8854
Test instance 0.9226, class 0.8854
2026-06-25 06:02:12,990 - INFO - Best instance 0.9271, class 0.8889 (epoch 146)
Best instance 0.9271, class 0.8889 (epoch 146)
2026-06-25 06:02:13,008 - INFO - Epoch 177/200:
Epoch 177/200:
2026-06-25 06:03:47,420 - INFO - Train loss: 0.6936 (94.4s)
Train loss: 0.6936 (94.4s)
2026-06-25 06:04:10,391 - INFO - Test instance 0.9226, class 0.8816
Test instance 0.9226, class 0.8816
2026-06-25 06:04:10,395 - INFO - Best instance 0.9271, class 0.8889 (epoch 146)
Best instance 0.9271, class 0.8889 (epoch 146)
2026-06-25 06:04:10,417 - INFO - Epoch 178/200:
Epoch 178/200:
2026-06-25 06:05:44,855 - INFO - Train loss: 0.6954 (94.4s)
Train loss: 0.6954 (94.4s)
2026-06-25 06:06:07,781 - INFO - Test instance 0.9246, class 0.8877
Test instance 0.9246, class 0.8877
2026-06-25 06:06:07,784 - INFO - Best instance 0.9271, class 0.8889 (epoch 146)
Best instance 0.9271, class 0.8889 (epoch 146)
2026-06-25 06:06:07,803 - INFO - Epoch 179/200:
Epoch 179/200:
2026-06-25 06:07:41,909 - INFO - Train loss: 0.6933 (94.1s)
Train loss: 0.6933 (94.1s)
2026-06-25 06:08:04,886 - INFO - Test instance 0.9194, class 0.8863
Test instance 0.9194, class 0.8863
2026-06-25 06:08:04,890 - INFO - Best instance 0.9271, class 0.8889 (epoch 146)
Best instance 0.9271, class 0.8889 (epoch 146)
2026-06-25 06:08:04,910 - INFO - Epoch 180/200:
Epoch 180/200:
2026-06-25 06:09:39,080 - INFO - Train loss: 0.6927 (94.2s)
Train loss: 0.6927 (94.2s)
2026-06-25 06:10:01,945 - INFO - Test instance 0.9194, class 0.8845
Test instance 0.9194, class 0.8845
2026-06-25 06:10:01,949 - INFO - Best instance 0.9271, class 0.8889 (epoch 146)
Best instance 0.9271, class 0.8889 (epoch 146)
2026-06-25 06:10:01,969 - INFO - Epoch 181/200:
Epoch 181/200:
2026-06-25 06:11:35,942 - INFO - Train loss: 0.6924 (94.0s)
Train loss: 0.6924 (94.0s)
2026-06-25 06:11:58,867 - INFO - Test instance 0.9226, class 0.8875
Test instance 0.9226, class 0.8875
2026-06-25 06:11:58,871 - INFO - Best instance 0.9271, class 0.8889 (epoch 146)
Best instance 0.9271, class 0.8889 (epoch 146)
2026-06-25 06:11:58,889 - INFO - Epoch 182/200:
Epoch 182/200:
2026-06-25 06:13:32,660 - INFO - Train loss: 0.6942 (93.8s)
Train loss: 0.6942 (93.8s)
2026-06-25 06:13:55,620 - INFO - Test instance 0.9214, class 0.8845
Test instance 0.9214, class 0.8845
2026-06-25 06:13:55,624 - INFO - Best instance 0.9271, class 0.8889 (epoch 146)
Best instance 0.9271, class 0.8889 (epoch 146)
2026-06-25 06:13:55,645 - INFO - Epoch 183/200:
Epoch 183/200:
2026-06-25 06:15:29,817 - INFO - Train loss: 0.6925 (94.2s)
Train loss: 0.6925 (94.2s)
2026-06-25 06:15:52,664 - INFO - Test instance 0.9263, class 0.8859
Test instance 0.9263, class 0.8859
2026-06-25 06:15:52,668 - INFO - Best instance 0.9271, class 0.8889 (epoch 146)
Best instance 0.9271, class 0.8889 (epoch 146)
2026-06-25 06:15:52,691 - INFO - Epoch 184/200:
Epoch 184/200:
2026-06-25 06:17:27,115 - INFO - Train loss: 0.6922 (94.4s)
Train loss: 0.6922 (94.4s)
2026-06-25 06:17:49,985 - INFO - Test instance 0.9230, class 0.8865
Test instance 0.9230, class 0.8865
2026-06-25 06:17:49,989 - INFO - Best instance 0.9271, class 0.8889 (epoch 146)
Best instance 0.9271, class 0.8889 (epoch 146)
2026-06-25 06:17:50,007 - INFO - Epoch 185/200:
Epoch 185/200:
2026-06-25 06:19:24,372 - INFO - Train loss: 0.6921 (94.4s)
Train loss: 0.6921 (94.4s)
2026-06-25 06:19:47,274 - INFO - Test instance 0.9210, class 0.8815
Test instance 0.9210, class 0.8815
2026-06-25 06:19:47,277 - INFO - Best instance 0.9271, class 0.8889 (epoch 146)
Best instance 0.9271, class 0.8889 (epoch 146)
2026-06-25 06:19:47,296 - INFO - Epoch 186/200:
Epoch 186/200:
2026-06-25 06:21:21,626 - INFO - Train loss: 0.6923 (94.3s)
Train loss: 0.6923 (94.3s)
2026-06-25 06:21:44,677 - INFO - Test instance 0.9263, class 0.8898
Test instance 0.9263, class 0.8898
2026-06-25 06:21:44,681 - INFO - Best instance 0.9271, class 0.8889 (epoch 146)
Best instance 0.9271, class 0.8889 (epoch 146)
2026-06-25 06:21:44,704 - INFO - Epoch 187/200:
Epoch 187/200:
2026-06-25 06:23:18,892 - INFO - Train loss: 0.6943 (94.2s)
Train loss: 0.6943 (94.2s)
2026-06-25 06:23:41,668 - INFO - Test instance 0.9230, class 0.8847
Test instance 0.9230, class 0.8847
2026-06-25 06:23:41,671 - INFO - Best instance 0.9271, class 0.8889 (epoch 146)
Best instance 0.9271, class 0.8889 (epoch 146)
2026-06-25 06:23:41,695 - INFO - Epoch 188/200:
Epoch 188/200:
2026-06-25 06:25:15,970 - INFO - Train loss: 0.6920 (94.3s)
Train loss: 0.6920 (94.3s)
2026-06-25 06:25:38,766 - INFO - Test instance 0.9238, class 0.8852
Test instance 0.9238, class 0.8852
2026-06-25 06:25:38,769 - INFO - Best instance 0.9271, class 0.8889 (epoch 146)
Best instance 0.9271, class 0.8889 (epoch 146)
2026-06-25 06:25:38,807 - INFO - Epoch 189/200:
Epoch 189/200:
2026-06-25 06:27:12,829 - INFO - Train loss: 0.6909 (94.0s)
Train loss: 0.6909 (94.0s)
2026-06-25 06:27:35,704 - INFO - Test instance 0.9263, class 0.8907
Test instance 0.9263, class 0.8907
2026-06-25 06:27:35,707 - INFO - Best instance 0.9271, class 0.8889 (epoch 146)
Best instance 0.9271, class 0.8889 (epoch 146)
2026-06-25 06:27:35,724 - INFO - Epoch 190/200:
Epoch 190/200:
2026-06-25 06:29:09,940 - INFO - Train loss: 0.6889 (94.2s)
Train loss: 0.6889 (94.2s)
2026-06-25 06:29:32,710 - INFO - Test instance 0.9214, class 0.8827
Test instance 0.9214, class 0.8827
2026-06-25 06:29:32,714 - INFO - Best instance 0.9271, class 0.8889 (epoch 146)
Best instance 0.9271, class 0.8889 (epoch 146)
2026-06-25 06:29:32,733 - INFO - Epoch 191/200:
Epoch 191/200:
2026-06-25 06:31:06,937 - INFO - Train loss: 0.6938 (94.2s)
Train loss: 0.6938 (94.2s)
2026-06-25 06:31:29,744 - INFO - Test instance 0.9242, class 0.8867
Test instance 0.9242, class 0.8867
2026-06-25 06:31:29,748 - INFO - Best instance 0.9271, class 0.8889 (epoch 146)
Best instance 0.9271, class 0.8889 (epoch 146)
2026-06-25 06:31:29,769 - INFO - Epoch 192/200:
Epoch 192/200:
2026-06-25 06:33:04,074 - INFO - Train loss: 0.6917 (94.3s)
Train loss: 0.6917 (94.3s)
2026-06-25 06:33:26,789 - INFO - Test instance 0.9267, class 0.8871
Test instance 0.9267, class 0.8871
2026-06-25 06:33:26,793 - INFO - Best instance 0.9271, class 0.8889 (epoch 146)
Best instance 0.9271, class 0.8889 (epoch 146)
2026-06-25 06:33:26,810 - INFO - Epoch 193/200:
Epoch 193/200:
2026-06-25 06:35:01,117 - INFO - Train loss: 0.6902 (94.3s)
Train loss: 0.6902 (94.3s)
2026-06-25 06:35:23,931 - INFO - Test instance 0.9230, class 0.8789
Test instance 0.9230, class 0.8789
2026-06-25 06:35:23,935 - INFO - Best instance 0.9271, class 0.8889 (epoch 146)
Best instance 0.9271, class 0.8889 (epoch 146)
2026-06-25 06:35:23,953 - INFO - Epoch 194/200:
Epoch 194/200:
2026-06-25 06:36:58,065 - INFO - Train loss: 0.6907 (94.1s)
Train loss: 0.6907 (94.1s)
2026-06-25 06:37:20,759 - INFO - Test instance 0.9230, class 0.8857
Test instance 0.9230, class 0.8857
2026-06-25 06:37:20,763 - INFO - Best instance 0.9271, class 0.8889 (epoch 146)
Best instance 0.9271, class 0.8889 (epoch 146)
2026-06-25 06:37:20,782 - INFO - Epoch 195/200:
Epoch 195/200:
2026-06-25 06:38:55,069 - INFO - Train loss: 0.6879 (94.3s)
Train loss: 0.6879 (94.3s)
2026-06-25 06:39:17,942 - INFO - Test instance 0.9234, class 0.8860
Test instance 0.9234, class 0.8860
2026-06-25 06:39:17,947 - INFO - Best instance 0.9271, class 0.8889 (epoch 146)
Best instance 0.9271, class 0.8889 (epoch 146)
2026-06-25 06:39:17,969 - INFO - Epoch 196/200:
Epoch 196/200:
2026-06-25 06:40:52,068 - INFO - Train loss: 0.6934 (94.1s)
Train loss: 0.6934 (94.1s)
2026-06-25 06:41:14,928 - INFO - Test instance 0.9202, class 0.8847
Test instance 0.9202, class 0.8847
2026-06-25 06:41:14,932 - INFO - Best instance 0.9271, class 0.8889 (epoch 146)
Best instance 0.9271, class 0.8889 (epoch 146)
2026-06-25 06:41:14,950 - INFO - Epoch 197/200:
Epoch 197/200:
2026-06-25 06:42:48,988 - INFO - Train loss: 0.6937 (94.0s)
Train loss: 0.6937 (94.0s)
2026-06-25 06:43:11,853 - INFO - Test instance 0.9250, class 0.8847
Test instance 0.9250, class 0.8847
2026-06-25 06:43:11,857 - INFO - Best instance 0.9271, class 0.8889 (epoch 146)
Best instance 0.9271, class 0.8889 (epoch 146)
2026-06-25 06:43:11,876 - INFO - Epoch 198/200:
Epoch 198/200:
2026-06-25 06:44:45,835 - INFO - Train loss: 0.6904 (94.0s)
Train loss: 0.6904 (94.0s)
2026-06-25 06:45:08,617 - INFO - Test instance 0.9210, class 0.8815
Test instance 0.9210, class 0.8815
2026-06-25 06:45:08,622 - INFO - Best instance 0.9271, class 0.8889 (epoch 146)
Best instance 0.9271, class 0.8889 (epoch 146)
2026-06-25 06:45:08,640 - INFO - Epoch 199/200:
Epoch 199/200:
2026-06-25 06:46:42,915 - INFO - Train loss: 0.6908 (94.3s)
Train loss: 0.6908 (94.3s)
2026-06-25 06:47:05,890 - INFO - Test instance 0.9177, class 0.8824
Test instance 0.9177, class 0.8824
2026-06-25 06:47:05,894 - INFO - Best instance 0.9271, class 0.8889 (epoch 146)
Best instance 0.9271, class 0.8889 (epoch 146)
2026-06-25 06:47:05,911 - INFO - Epoch 200/200:
Epoch 200/200:
2026-06-25 06:48:40,234 - INFO - Train loss: 0.6914 (94.3s)
Train loss: 0.6914 (94.3s)
2026-06-25 06:49:03,024 - INFO - Test instance 0.9198, class 0.8817
Test instance 0.9198, class 0.8817
2026-06-25 06:49:03,027 - INFO - Best instance 0.9271, class 0.8889 (epoch 146)
Best instance 0.9271, class 0.8889 (epoch 146)
2026-06-25 06:49:43,540 - INFO - Student 1.44 MB, 118.00 ms
Student 1.44 MB, 118.00 ms
