[Wed Jun 24 18:27:54 EDT 2026] task 207 on GPU 0: python flkd/advanced_kd_train_classification.py --teacher_model pointnet2_cls_ssg --student_model small_pointnet2 --kd_strategy rkd --dataset craniosynostosis --seed 123 --batch_size 24 --epoch 200 --num_point 1024 --teacher_path "outputs/craniosynostosis/flkd/federated/classification/fl_pointnet2_cls_ssg_fedyogi_s123/checkpoints/best_model.pth" --log_dir kd_pointnet2_cls_ssg_fedyogi+rkd_small_pointnet2_s123 --beta 0.5 --data_root data --output_root outputs --num_workers -1 --max_runtime_hours 166.0
Loaded teacher from outputs/craniosynostosis/flkd/federated/classification/fl_pointnet2_cls_ssg_fedyogi_s123/checkpoints/best_model.pth
2026-06-24 18:31:33,742 - INFO - PARAMETER ...
2026-06-24 18:31:33,743 - INFO - {'use_cpu': False, 'no_amp': False, 'gpu': '0', 'num_workers': -1, 'batch_size': 24, 'teacher_model': 'pointnet2_cls_ssg', 'student_model': 'small_pointnet2', 'num_category': 4, 'dataset': 'craniosynostosis', 'data_root': 'data', 'output_root': 'outputs', 'train_split': 0.8, 'dataset_seed': 0, 'cache_dataset': True, 'min_class_samples': 1, 'epoch': 200, 'learning_rate': 0.001, 'num_point': 1024, 'optimizer': 'Adam', 'log_dir': 'kd_pointnet2_cls_ssg_fedyogi+rkd_small_pointnet2_s123', 'decay_rate': 0.0001, 'use_normals': False, 'process_data': False, 'use_uniform_sample': False, 'resume': True, 'kd_strategy': 'rkd', 'alpha': 0.5, 'temperature': 2.0, 'beta': 0.5, 'dkd_alpha': 1.0, 'dkd_beta': 8.0, 'crd_temperature': 0.07, 'teacher_path': 'outputs/craniosynostosis/flkd/federated/classification/fl_pointnet2_cls_ssg_fedyogi_s123/checkpoints/best_model.pth', 'teacher_paths': None, 'teacher_weights': None, 'use_hard_labels': 'on', 'unlabeled': False, 'temperature_sweep': None, 'seed': 123, 'max_runtime_hours': 166.0}
2026-06-24 18:31:33,746 - INFO - KD=rkd student=small_pointnet2 AMP=False use_hard=True unlabeled=False T=2.0
KD=rkd student=small_pointnet2 AMP=False use_hard=True unlabeled=False T=2.0
2026-06-24 18:31:36,121 - INFO - Epoch 1/200:
Epoch 1/200:
2026-06-24 18:31:39,150 - INFO - Train loss: 0.1194 (3.0s)
Train loss: 0.1194 (3.0s)
2026-06-24 18:31:39,751 - INFO - Test instance 0.2500, class 0.2500
Test instance 0.2500, class 0.2500
2026-06-24 18:31:39,781 - INFO - Best instance 0.2500, class 0.2500 (epoch 1)
Best instance 0.2500, class 0.2500 (epoch 1)
2026-06-24 18:31:39,798 - INFO - Epoch 2/200:
Epoch 2/200:
2026-06-24 18:31:42,419 - INFO - Train loss: 0.0901 (2.6s)
Train loss: 0.0901 (2.6s)
2026-06-24 18:31:42,675 - INFO - Test instance 0.2500, class 0.2500
Test instance 0.2500, class 0.2500
2026-06-24 18:31:42,676 - INFO - Best instance 0.2500, class 0.2500 (epoch 1)
Best instance 0.2500, class 0.2500 (epoch 1)
2026-06-24 18:31:42,693 - INFO - Epoch 3/200:
Epoch 3/200:
2026-06-24 18:31:45,301 - INFO - Train loss: 0.0798 (2.6s)
Train loss: 0.0798 (2.6s)
2026-06-24 18:31:45,545 - INFO - Test instance 0.2500, class 0.2500
Test instance 0.2500, class 0.2500
2026-06-24 18:31:45,545 - INFO - Best instance 0.2500, class 0.2500 (epoch 1)
Best instance 0.2500, class 0.2500 (epoch 1)
2026-06-24 18:31:45,562 - INFO - Epoch 4/200:
Epoch 4/200:
2026-06-24 18:31:48,176 - INFO - Train loss: 0.0645 (2.6s)
Train loss: 0.0645 (2.6s)
2026-06-24 18:31:48,419 - INFO - Test instance 0.2125, class 0.2125
Test instance 0.2125, class 0.2125
2026-06-24 18:31:48,419 - INFO - Best instance 0.2500, class 0.2500 (epoch 1)
Best instance 0.2500, class 0.2500 (epoch 1)
2026-06-24 18:31:48,436 - INFO - Epoch 5/200:
Epoch 5/200:
2026-06-24 18:31:51,079 - INFO - Train loss: 0.0590 (2.6s)
Train loss: 0.0590 (2.6s)
2026-06-24 18:31:51,319 - INFO - Test instance 0.2625, class 0.2625
Test instance 0.2625, class 0.2625
2026-06-24 18:31:51,336 - INFO - Best instance 0.2625, class 0.2625 (epoch 5)
Best instance 0.2625, class 0.2625 (epoch 5)
2026-06-24 18:31:51,352 - INFO - Epoch 6/200:
Epoch 6/200:
2026-06-24 18:31:53,941 - INFO - Train loss: 0.0475 (2.6s)
Train loss: 0.0475 (2.6s)
2026-06-24 18:31:54,189 - INFO - Test instance 0.3250, class 0.3250
Test instance 0.3250, class 0.3250
2026-06-24 18:31:54,205 - INFO - Best instance 0.3250, class 0.3250 (epoch 6)
Best instance 0.3250, class 0.3250 (epoch 6)
2026-06-24 18:31:54,222 - INFO - Epoch 7/200:
Epoch 7/200:
2026-06-24 18:31:56,849 - INFO - Train loss: 0.0494 (2.6s)
Train loss: 0.0494 (2.6s)
2026-06-24 18:31:57,099 - INFO - Test instance 0.2500, class 0.2500
Test instance 0.2500, class 0.2500
2026-06-24 18:31:57,099 - INFO - Best instance 0.3250, class 0.3250 (epoch 6)
Best instance 0.3250, class 0.3250 (epoch 6)
2026-06-24 18:31:57,116 - INFO - Epoch 8/200:
Epoch 8/200:
2026-06-24 18:31:59,690 - INFO - Train loss: 0.0495 (2.6s)
Train loss: 0.0495 (2.6s)
2026-06-24 18:31:59,934 - INFO - Test instance 0.2750, class 0.2750
Test instance 0.2750, class 0.2750
2026-06-24 18:31:59,934 - INFO - Best instance 0.3250, class 0.3250 (epoch 6)
Best instance 0.3250, class 0.3250 (epoch 6)
2026-06-24 18:31:59,950 - INFO - Epoch 9/200:
Epoch 9/200:
2026-06-24 18:32:02,556 - INFO - Train loss: 0.0462 (2.6s)
Train loss: 0.0462 (2.6s)
2026-06-24 18:32:02,796 - INFO - Test instance 0.2500, class 0.2500
Test instance 0.2500, class 0.2500
2026-06-24 18:32:02,797 - INFO - Best instance 0.3250, class 0.3250 (epoch 6)
Best instance 0.3250, class 0.3250 (epoch 6)
2026-06-24 18:32:02,813 - INFO - Epoch 10/200:
Epoch 10/200:
2026-06-24 18:32:05,417 - INFO - Train loss: 0.0399 (2.6s)
Train loss: 0.0399 (2.6s)
2026-06-24 18:32:05,663 - INFO - Test instance 0.2375, class 0.2375
Test instance 0.2375, class 0.2375
2026-06-24 18:32:05,663 - INFO - Best instance 0.3250, class 0.3250 (epoch 6)
Best instance 0.3250, class 0.3250 (epoch 6)
2026-06-24 18:32:05,680 - INFO - Epoch 11/200:
Epoch 11/200:
2026-06-24 18:32:08,266 - INFO - Train loss: 0.0380 (2.6s)
Train loss: 0.0380 (2.6s)
2026-06-24 18:32:08,520 - INFO - Test instance 0.2000, class 0.2000
Test instance 0.2000, class 0.2000
2026-06-24 18:32:08,520 - INFO - Best instance 0.3250, class 0.3250 (epoch 6)
Best instance 0.3250, class 0.3250 (epoch 6)
2026-06-24 18:32:08,537 - INFO - Epoch 12/200:
Epoch 12/200:
2026-06-24 18:32:11,140 - INFO - Train loss: 0.0386 (2.6s)
Train loss: 0.0386 (2.6s)
2026-06-24 18:32:11,385 - INFO - Test instance 0.2500, class 0.2500
Test instance 0.2500, class 0.2500
2026-06-24 18:32:11,385 - INFO - Best instance 0.3250, class 0.3250 (epoch 6)
Best instance 0.3250, class 0.3250 (epoch 6)
2026-06-24 18:32:11,402 - INFO - Epoch 13/200:
Epoch 13/200:
2026-06-24 18:32:13,997 - INFO - Train loss: 0.0380 (2.6s)
Train loss: 0.0380 (2.6s)
2026-06-24 18:32:14,244 - INFO - Test instance 0.2500, class 0.2500
Test instance 0.2500, class 0.2500
2026-06-24 18:32:14,244 - INFO - Best instance 0.3250, class 0.3250 (epoch 6)
Best instance 0.3250, class 0.3250 (epoch 6)
2026-06-24 18:32:14,261 - INFO - Epoch 14/200:
Epoch 14/200:
2026-06-24 18:32:16,861 - INFO - Train loss: 0.0361 (2.6s)
Train loss: 0.0361 (2.6s)
2026-06-24 18:32:17,106 - INFO - Test instance 0.2500, class 0.2500
Test instance 0.2500, class 0.2500
2026-06-24 18:32:17,107 - INFO - Best instance 0.3250, class 0.3250 (epoch 6)
Best instance 0.3250, class 0.3250 (epoch 6)
2026-06-24 18:32:17,124 - INFO - Epoch 15/200:
Epoch 15/200:
2026-06-24 18:32:19,724 - INFO - Train loss: 0.0305 (2.6s)
Train loss: 0.0305 (2.6s)
2026-06-24 18:32:19,965 - INFO - Test instance 0.2500, class 0.2500
Test instance 0.2500, class 0.2500
2026-06-24 18:32:19,966 - INFO - Best instance 0.3250, class 0.3250 (epoch 6)
Best instance 0.3250, class 0.3250 (epoch 6)
2026-06-24 18:32:19,982 - INFO - Epoch 16/200:
Epoch 16/200:
2026-06-24 18:32:22,584 - INFO - Train loss: 0.0361 (2.6s)
Train loss: 0.0361 (2.6s)
2026-06-24 18:32:22,830 - INFO - Test instance 0.2500, class 0.2500
Test instance 0.2500, class 0.2500
2026-06-24 18:32:22,831 - INFO - Best instance 0.3250, class 0.3250 (epoch 6)
Best instance 0.3250, class 0.3250 (epoch 6)
2026-06-24 18:32:22,847 - INFO - Epoch 17/200:
Epoch 17/200:
2026-06-24 18:32:25,431 - INFO - Train loss: 0.0302 (2.6s)
Train loss: 0.0302 (2.6s)
2026-06-24 18:32:25,672 - INFO - Test instance 0.2500, class 0.2500
Test instance 0.2500, class 0.2500
2026-06-24 18:32:25,672 - INFO - Best instance 0.3250, class 0.3250 (epoch 6)
Best instance 0.3250, class 0.3250 (epoch 6)
2026-06-24 18:32:25,689 - INFO - Epoch 18/200:
Epoch 18/200:
2026-06-24 18:32:28,316 - INFO - Train loss: 0.0288 (2.6s)
Train loss: 0.0288 (2.6s)
2026-06-24 18:32:28,565 - INFO - Test instance 0.2500, class 0.2500
Test instance 0.2500, class 0.2500
2026-06-24 18:32:28,565 - INFO - Best instance 0.3250, class 0.3250 (epoch 6)
Best instance 0.3250, class 0.3250 (epoch 6)
2026-06-24 18:32:28,583 - INFO - Epoch 19/200:
Epoch 19/200:
2026-06-24 18:32:31,187 - INFO - Train loss: 0.0339 (2.6s)
Train loss: 0.0339 (2.6s)
2026-06-24 18:32:31,437 - INFO - Test instance 0.2500, class 0.2500
Test instance 0.2500, class 0.2500
2026-06-24 18:32:31,437 - INFO - Best instance 0.3250, class 0.3250 (epoch 6)
Best instance 0.3250, class 0.3250 (epoch 6)
2026-06-24 18:32:31,454 - INFO - Epoch 20/200:
Epoch 20/200:
2026-06-24 18:32:34,025 - INFO - Train loss: 0.0329 (2.6s)
Train loss: 0.0329 (2.6s)
2026-06-24 18:32:34,277 - INFO - Test instance 0.2500, class 0.2500
Test instance 0.2500, class 0.2500
2026-06-24 18:32:34,277 - INFO - Best instance 0.3250, class 0.3250 (epoch 6)
Best instance 0.3250, class 0.3250 (epoch 6)
2026-06-24 18:32:34,294 - INFO - Epoch 21/200:
Epoch 21/200:
2026-06-24 18:32:36,875 - INFO - Train loss: 0.0283 (2.6s)
Train loss: 0.0283 (2.6s)
2026-06-24 18:32:37,128 - INFO - Test instance 0.2500, class 0.2500
Test instance 0.2500, class 0.2500
2026-06-24 18:32:37,129 - INFO - Best instance 0.3250, class 0.3250 (epoch 6)
Best instance 0.3250, class 0.3250 (epoch 6)
2026-06-24 18:32:37,145 - INFO - Epoch 22/200:
Epoch 22/200:
2026-06-24 18:32:39,750 - INFO - Train loss: 0.0324 (2.6s)
Train loss: 0.0324 (2.6s)
2026-06-24 18:32:39,999 - INFO - Test instance 0.2500, class 0.2500
Test instance 0.2500, class 0.2500
2026-06-24 18:32:40,000 - INFO - Best instance 0.3250, class 0.3250 (epoch 6)
Best instance 0.3250, class 0.3250 (epoch 6)
2026-06-24 18:32:40,017 - INFO - Epoch 23/200:
Epoch 23/200:
2026-06-24 18:32:42,611 - INFO - Train loss: 0.0326 (2.6s)
Train loss: 0.0326 (2.6s)
2026-06-24 18:32:42,850 - INFO - Test instance 0.2500, class 0.2500
Test instance 0.2500, class 0.2500
2026-06-24 18:32:42,850 - INFO - Best instance 0.3250, class 0.3250 (epoch 6)
Best instance 0.3250, class 0.3250 (epoch 6)
2026-06-24 18:32:42,867 - INFO - Epoch 24/200:
Epoch 24/200:
2026-06-24 18:32:45,485 - INFO - Train loss: 0.0301 (2.6s)
Train loss: 0.0301 (2.6s)
2026-06-24 18:32:45,735 - INFO - Test instance 0.2500, class 0.2500
Test instance 0.2500, class 0.2500
2026-06-24 18:32:45,735 - INFO - Best instance 0.3250, class 0.3250 (epoch 6)
Best instance 0.3250, class 0.3250 (epoch 6)
2026-06-24 18:32:45,752 - INFO - Epoch 25/200:
Epoch 25/200:
2026-06-24 18:32:48,345 - INFO - Train loss: 0.0320 (2.6s)
Train loss: 0.0320 (2.6s)
2026-06-24 18:32:48,587 - INFO - Test instance 0.2500, class 0.2500
Test instance 0.2500, class 0.2500
2026-06-24 18:32:48,588 - INFO - Best instance 0.3250, class 0.3250 (epoch 6)
Best instance 0.3250, class 0.3250 (epoch 6)
2026-06-24 18:32:48,604 - INFO - Epoch 26/200:
Epoch 26/200:
2026-06-24 18:32:51,223 - INFO - Train loss: 0.0288 (2.6s)
Train loss: 0.0288 (2.6s)
2026-06-24 18:32:51,481 - INFO - Test instance 0.2500, class 0.2500
Test instance 0.2500, class 0.2500
2026-06-24 18:32:51,481 - INFO - Best instance 0.3250, class 0.3250 (epoch 6)
Best instance 0.3250, class 0.3250 (epoch 6)
2026-06-24 18:32:51,498 - INFO - Epoch 27/200:
Epoch 27/200:
2026-06-24 18:32:54,098 - INFO - Train loss: 0.0285 (2.6s)
Train loss: 0.0285 (2.6s)
2026-06-24 18:32:54,346 - INFO - Test instance 0.2500, class 0.2500
Test instance 0.2500, class 0.2500
2026-06-24 18:32:54,346 - INFO - Best instance 0.3250, class 0.3250 (epoch 6)
Best instance 0.3250, class 0.3250 (epoch 6)
2026-06-24 18:32:54,362 - INFO - Epoch 28/200:
Epoch 28/200:
2026-06-24 18:32:56,971 - INFO - Train loss: 0.0325 (2.6s)
Train loss: 0.0325 (2.6s)
2026-06-24 18:32:57,215 - INFO - Test instance 0.2500, class 0.2500
Test instance 0.2500, class 0.2500
2026-06-24 18:32:57,215 - INFO - Best instance 0.3250, class 0.3250 (epoch 6)
Best instance 0.3250, class 0.3250 (epoch 6)
2026-06-24 18:32:57,232 - INFO - Epoch 29/200:
Epoch 29/200:
2026-06-24 18:32:59,798 - INFO - Train loss: 0.0296 (2.6s)
Train loss: 0.0296 (2.6s)
2026-06-24 18:33:00,047 - INFO - Test instance 0.2500, class 0.2500
Test instance 0.2500, class 0.2500
2026-06-24 18:33:00,047 - INFO - Best instance 0.3250, class 0.3250 (epoch 6)
Best instance 0.3250, class 0.3250 (epoch 6)
2026-06-24 18:33:00,064 - INFO - Epoch 30/200:
Epoch 30/200:
2026-06-24 18:33:02,711 - INFO - Train loss: 0.0275 (2.6s)
Train loss: 0.0275 (2.6s)
2026-06-24 18:33:02,967 - INFO - Test instance 0.2500, class 0.2500
Test instance 0.2500, class 0.2500
2026-06-24 18:33:02,967 - INFO - Best instance 0.3250, class 0.3250 (epoch 6)
Best instance 0.3250, class 0.3250 (epoch 6)
2026-06-24 18:33:02,983 - INFO - Epoch 31/200:
Epoch 31/200:
2026-06-24 18:33:05,609 - INFO - Train loss: 0.0327 (2.6s)
Train loss: 0.0327 (2.6s)
2026-06-24 18:33:05,855 - INFO - Test instance 0.2500, class 0.2500
Test instance 0.2500, class 0.2500
2026-06-24 18:33:05,855 - INFO - Best instance 0.3250, class 0.3250 (epoch 6)
Best instance 0.3250, class 0.3250 (epoch 6)
2026-06-24 18:33:05,871 - INFO - Epoch 32/200:
Epoch 32/200:
2026-06-24 18:33:08,454 - INFO - Train loss: 0.0347 (2.6s)
Train loss: 0.0347 (2.6s)
2026-06-24 18:33:08,696 - INFO - Test instance 0.2500, class 0.2500
Test instance 0.2500, class 0.2500
2026-06-24 18:33:08,697 - INFO - Best instance 0.3250, class 0.3250 (epoch 6)
Best instance 0.3250, class 0.3250 (epoch 6)
2026-06-24 18:33:08,714 - INFO - Epoch 33/200:
Epoch 33/200:
2026-06-24 18:33:11,312 - INFO - Train loss: 0.0283 (2.6s)
Train loss: 0.0283 (2.6s)
2026-06-24 18:33:11,559 - INFO - Test instance 0.2500, class 0.2500
Test instance 0.2500, class 0.2500
2026-06-24 18:33:11,559 - INFO - Best instance 0.3250, class 0.3250 (epoch 6)
Best instance 0.3250, class 0.3250 (epoch 6)
2026-06-24 18:33:11,576 - INFO - Epoch 34/200:
Epoch 34/200:
2026-06-24 18:33:14,152 - INFO - Train loss: 0.0288 (2.6s)
Train loss: 0.0288 (2.6s)
2026-06-24 18:33:14,397 - INFO - Test instance 0.2500, class 0.2500
Test instance 0.2500, class 0.2500
2026-06-24 18:33:14,397 - INFO - Best instance 0.3250, class 0.3250 (epoch 6)
Best instance 0.3250, class 0.3250 (epoch 6)
2026-06-24 18:33:14,414 - INFO - Epoch 35/200:
Epoch 35/200:
2026-06-24 18:33:17,023 - INFO - Train loss: 0.0262 (2.6s)
Train loss: 0.0262 (2.6s)
2026-06-24 18:33:17,274 - INFO - Test instance 0.2500, class 0.2500
Test instance 0.2500, class 0.2500
2026-06-24 18:33:17,274 - INFO - Best instance 0.3250, class 0.3250 (epoch 6)
Best instance 0.3250, class 0.3250 (epoch 6)
2026-06-24 18:33:17,291 - INFO - Epoch 36/200:
Epoch 36/200:
2026-06-24 18:33:19,885 - INFO - Train loss: 0.0285 (2.6s)
Train loss: 0.0285 (2.6s)
2026-06-24 18:33:20,137 - INFO - Test instance 0.2500, class 0.2500
Test instance 0.2500, class 0.2500
2026-06-24 18:33:20,137 - INFO - Best instance 0.3250, class 0.3250 (epoch 6)
Best instance 0.3250, class 0.3250 (epoch 6)
2026-06-24 18:33:20,154 - INFO - Epoch 37/200:
Epoch 37/200:
2026-06-24 18:33:22,771 - INFO - Train loss: 0.0295 (2.6s)
Train loss: 0.0295 (2.6s)
2026-06-24 18:33:23,017 - INFO - Test instance 0.2500, class 0.2500
Test instance 0.2500, class 0.2500
2026-06-24 18:33:23,018 - INFO - Best instance 0.3250, class 0.3250 (epoch 6)
Best instance 0.3250, class 0.3250 (epoch 6)
2026-06-24 18:33:23,034 - INFO - Epoch 38/200:
Epoch 38/200:
2026-06-24 18:33:25,648 - INFO - Train loss: 0.0252 (2.6s)
Train loss: 0.0252 (2.6s)
2026-06-24 18:33:25,899 - INFO - Test instance 0.2500, class 0.2500
Test instance 0.2500, class 0.2500
2026-06-24 18:33:25,899 - INFO - Best instance 0.3250, class 0.3250 (epoch 6)
Best instance 0.3250, class 0.3250 (epoch 6)
2026-06-24 18:33:25,916 - INFO - Epoch 39/200:
Epoch 39/200:
2026-06-24 18:33:28,537 - INFO - Train loss: 0.0282 (2.6s)
Train loss: 0.0282 (2.6s)
2026-06-24 18:33:28,784 - INFO - Test instance 0.2500, class 0.2500
Test instance 0.2500, class 0.2500
2026-06-24 18:33:28,785 - INFO - Best instance 0.3250, class 0.3250 (epoch 6)
Best instance 0.3250, class 0.3250 (epoch 6)
2026-06-24 18:33:28,801 - INFO - Epoch 40/200:
Epoch 40/200:
2026-06-24 18:33:31,385 - INFO - Train loss: 0.0295 (2.6s)
Train loss: 0.0295 (2.6s)
2026-06-24 18:33:31,628 - INFO - Test instance 0.2500, class 0.2500
Test instance 0.2500, class 0.2500
2026-06-24 18:33:31,628 - INFO - Best instance 0.3250, class 0.3250 (epoch 6)
Best instance 0.3250, class 0.3250 (epoch 6)
2026-06-24 18:33:31,644 - INFO - Epoch 41/200:
Epoch 41/200:
2026-06-24 18:33:34,240 - INFO - Train loss: 0.0231 (2.6s)
Train loss: 0.0231 (2.6s)
2026-06-24 18:33:34,486 - INFO - Test instance 0.2500, class 0.2500
Test instance 0.2500, class 0.2500
2026-06-24 18:33:34,486 - INFO - Best instance 0.3250, class 0.3250 (epoch 6)
Best instance 0.3250, class 0.3250 (epoch 6)
2026-06-24 18:33:34,503 - INFO - Epoch 42/200:
Epoch 42/200:
2026-06-24 18:33:37,111 - INFO - Train loss: 0.0245 (2.6s)
Train loss: 0.0245 (2.6s)
2026-06-24 18:33:37,359 - INFO - Test instance 0.2500, class 0.2500
Test instance 0.2500, class 0.2500
2026-06-24 18:33:37,359 - INFO - Best instance 0.3250, class 0.3250 (epoch 6)
Best instance 0.3250, class 0.3250 (epoch 6)
2026-06-24 18:33:37,377 - INFO - Epoch 43/200:
Epoch 43/200:
2026-06-24 18:33:40,027 - INFO - Train loss: 0.0270 (2.7s)
Train loss: 0.0270 (2.7s)
2026-06-24 18:33:40,281 - INFO - Test instance 0.2500, class 0.2500
Test instance 0.2500, class 0.2500
2026-06-24 18:33:40,281 - INFO - Best instance 0.3250, class 0.3250 (epoch 6)
Best instance 0.3250, class 0.3250 (epoch 6)
2026-06-24 18:33:40,298 - INFO - Epoch 44/200:
Epoch 44/200:
2026-06-24 18:33:42,898 - INFO - Train loss: 0.0283 (2.6s)
Train loss: 0.0283 (2.6s)
2026-06-24 18:33:43,144 - INFO - Test instance 0.2500, class 0.2500
Test instance 0.2500, class 0.2500
2026-06-24 18:33:43,144 - INFO - Best instance 0.3250, class 0.3250 (epoch 6)
Best instance 0.3250, class 0.3250 (epoch 6)
2026-06-24 18:33:43,162 - INFO - Epoch 45/200:
Epoch 45/200:
2026-06-24 18:33:45,749 - INFO - Train loss: 0.0278 (2.6s)
Train loss: 0.0278 (2.6s)
2026-06-24 18:33:45,990 - INFO - Test instance 0.2500, class 0.2500
Test instance 0.2500, class 0.2500
2026-06-24 18:33:45,991 - INFO - Best instance 0.3250, class 0.3250 (epoch 6)
Best instance 0.3250, class 0.3250 (epoch 6)
2026-06-24 18:33:46,007 - INFO - Epoch 46/200:
Epoch 46/200:
2026-06-24 18:33:48,616 - INFO - Train loss: 0.0288 (2.6s)
Train loss: 0.0288 (2.6s)
2026-06-24 18:33:48,857 - INFO - Test instance 0.2500, class 0.2500
Test instance 0.2500, class 0.2500
2026-06-24 18:33:48,858 - INFO - Best instance 0.3250, class 0.3250 (epoch 6)
Best instance 0.3250, class 0.3250 (epoch 6)
2026-06-24 18:33:48,874 - INFO - Epoch 47/200:
Epoch 47/200:
2026-06-24 18:33:51,461 - INFO - Train loss: 0.0288 (2.6s)
Train loss: 0.0288 (2.6s)
2026-06-24 18:33:51,718 - INFO - Test instance 0.2500, class 0.2500
Test instance 0.2500, class 0.2500
2026-06-24 18:33:51,718 - INFO - Best instance 0.3250, class 0.3250 (epoch 6)
Best instance 0.3250, class 0.3250 (epoch 6)
2026-06-24 18:33:51,735 - INFO - Epoch 48/200:
Epoch 48/200:
2026-06-24 18:33:54,338 - INFO - Train loss: 0.0247 (2.6s)
Train loss: 0.0247 (2.6s)
2026-06-24 18:33:54,591 - INFO - Test instance 0.2500, class 0.2500
Test instance 0.2500, class 0.2500
2026-06-24 18:33:54,591 - INFO - Best instance 0.3250, class 0.3250 (epoch 6)
Best instance 0.3250, class 0.3250 (epoch 6)
2026-06-24 18:33:54,608 - INFO - Epoch 49/200:
Epoch 49/200:
2026-06-24 18:33:57,219 - INFO - Train loss: 0.0301 (2.6s)
Train loss: 0.0301 (2.6s)
2026-06-24 18:33:57,468 - INFO - Test instance 0.2500, class 0.2500
Test instance 0.2500, class 0.2500
2026-06-24 18:33:57,468 - INFO - Best instance 0.3250, class 0.3250 (epoch 6)
Best instance 0.3250, class 0.3250 (epoch 6)
2026-06-24 18:33:57,485 - INFO - Epoch 50/200:
Epoch 50/200:
2026-06-24 18:34:00,096 - INFO - Train loss: 0.0242 (2.6s)
Train loss: 0.0242 (2.6s)
2026-06-24 18:34:00,348 - INFO - Test instance 0.2500, class 0.2500
Test instance 0.2500, class 0.2500
2026-06-24 18:34:00,349 - INFO - Best instance 0.3250, class 0.3250 (epoch 6)
Best instance 0.3250, class 0.3250 (epoch 6)
2026-06-24 18:34:00,366 - INFO - Epoch 51/200:
Epoch 51/200:
2026-06-24 18:34:03,015 - INFO - Train loss: 0.0248 (2.6s)
Train loss: 0.0248 (2.6s)
2026-06-24 18:34:03,260 - INFO - Test instance 0.2500, class 0.2500
Test instance 0.2500, class 0.2500
2026-06-24 18:34:03,260 - INFO - Best instance 0.3250, class 0.3250 (epoch 6)
Best instance 0.3250, class 0.3250 (epoch 6)
2026-06-24 18:34:03,278 - INFO - Epoch 52/200:
Epoch 52/200:
2026-06-24 18:34:05,882 - INFO - Train loss: 0.0248 (2.6s)
Train loss: 0.0248 (2.6s)
2026-06-24 18:34:06,139 - INFO - Test instance 0.2500, class 0.2500
Test instance 0.2500, class 0.2500
2026-06-24 18:34:06,139 - INFO - Best instance 0.3250, class 0.3250 (epoch 6)
Best instance 0.3250, class 0.3250 (epoch 6)
2026-06-24 18:34:06,156 - INFO - Epoch 53/200:
Epoch 53/200:
2026-06-24 18:34:08,756 - INFO - Train loss: 0.0296 (2.6s)
Train loss: 0.0296 (2.6s)
2026-06-24 18:34:09,004 - INFO - Test instance 0.2500, class 0.2500
Test instance 0.2500, class 0.2500
2026-06-24 18:34:09,004 - INFO - Best instance 0.3250, class 0.3250 (epoch 6)
Best instance 0.3250, class 0.3250 (epoch 6)
2026-06-24 18:34:09,021 - INFO - Epoch 54/200:
Epoch 54/200:
2026-06-24 18:34:11,614 - INFO - Train loss: 0.0237 (2.6s)
Train loss: 0.0237 (2.6s)
2026-06-24 18:34:11,854 - INFO - Test instance 0.2500, class 0.2500
Test instance 0.2500, class 0.2500
2026-06-24 18:34:11,854 - INFO - Best instance 0.3250, class 0.3250 (epoch 6)
Best instance 0.3250, class 0.3250 (epoch 6)
2026-06-24 18:34:11,871 - INFO - Epoch 55/200:
Epoch 55/200:
2026-06-24 18:34:14,468 - INFO - Train loss: 0.0227 (2.6s)
Train loss: 0.0227 (2.6s)
2026-06-24 18:34:14,721 - INFO - Test instance 0.2500, class 0.2500
Test instance 0.2500, class 0.2500
2026-06-24 18:34:14,721 - INFO - Best instance 0.3250, class 0.3250 (epoch 6)
Best instance 0.3250, class 0.3250 (epoch 6)
2026-06-24 18:34:14,737 - INFO - Epoch 56/200:
Epoch 56/200:
2026-06-24 18:34:17,368 - INFO - Train loss: 0.0245 (2.6s)
Train loss: 0.0245 (2.6s)
2026-06-24 18:34:17,625 - INFO - Test instance 0.2500, class 0.2500
Test instance 0.2500, class 0.2500
2026-06-24 18:34:17,625 - INFO - Best instance 0.3250, class 0.3250 (epoch 6)
Best instance 0.3250, class 0.3250 (epoch 6)
2026-06-24 18:34:17,642 - INFO - Epoch 57/200:
Epoch 57/200:
2026-06-24 18:34:20,235 - INFO - Train loss: 0.0232 (2.6s)
Train loss: 0.0232 (2.6s)
2026-06-24 18:34:20,490 - INFO - Test instance 0.2500, class 0.2500
Test instance 0.2500, class 0.2500
2026-06-24 18:34:20,490 - INFO - Best instance 0.3250, class 0.3250 (epoch 6)
Best instance 0.3250, class 0.3250 (epoch 6)
2026-06-24 18:34:20,507 - INFO - Epoch 58/200:
Epoch 58/200:
2026-06-24 18:34:23,125 - INFO - Train loss: 0.0243 (2.6s)
Train loss: 0.0243 (2.6s)
2026-06-24 18:34:23,376 - INFO - Test instance 0.2500, class 0.2500
Test instance 0.2500, class 0.2500
2026-06-24 18:34:23,376 - INFO - Best instance 0.3250, class 0.3250 (epoch 6)
Best instance 0.3250, class 0.3250 (epoch 6)
2026-06-24 18:34:23,394 - INFO - Epoch 59/200:
Epoch 59/200:
2026-06-24 18:34:26,004 - INFO - Train loss: 0.0275 (2.6s)
Train loss: 0.0275 (2.6s)
2026-06-24 18:34:26,256 - INFO - Test instance 0.2500, class 0.2500
Test instance 0.2500, class 0.2500
2026-06-24 18:34:26,257 - INFO - Best instance 0.3250, class 0.3250 (epoch 6)
Best instance 0.3250, class 0.3250 (epoch 6)
2026-06-24 18:34:26,273 - INFO - Epoch 60/200:
Epoch 60/200:
2026-06-24 18:34:28,888 - INFO - Train loss: 0.0247 (2.6s)
Train loss: 0.0247 (2.6s)
2026-06-24 18:34:29,139 - INFO - Test instance 0.2500, class 0.2500
Test instance 0.2500, class 0.2500
2026-06-24 18:34:29,140 - INFO - Best instance 0.3250, class 0.3250 (epoch 6)
Best instance 0.3250, class 0.3250 (epoch 6)
2026-06-24 18:34:29,157 - INFO - Epoch 61/200:
Epoch 61/200:
2026-06-24 18:34:31,767 - INFO - Train loss: 0.0229 (2.6s)
Train loss: 0.0229 (2.6s)
2026-06-24 18:34:32,007 - INFO - Test instance 0.2500, class 0.2500
Test instance 0.2500, class 0.2500
2026-06-24 18:34:32,007 - INFO - Best instance 0.3250, class 0.3250 (epoch 6)
Best instance 0.3250, class 0.3250 (epoch 6)
2026-06-24 18:34:32,025 - INFO - Epoch 62/200:
Epoch 62/200:
2026-06-24 18:34:34,649 - INFO - Train loss: 0.0247 (2.6s)
Train loss: 0.0247 (2.6s)
2026-06-24 18:34:34,889 - INFO - Test instance 0.2500, class 0.2500
Test instance 0.2500, class 0.2500
2026-06-24 18:34:34,890 - INFO - Best instance 0.3250, class 0.3250 (epoch 6)
Best instance 0.3250, class 0.3250 (epoch 6)
2026-06-24 18:34:34,906 - INFO - Epoch 63/200:
Epoch 63/200:
2026-06-24 18:34:37,518 - INFO - Train loss: 0.0255 (2.6s)
Train loss: 0.0255 (2.6s)
2026-06-24 18:34:37,762 - INFO - Test instance 0.2500, class 0.2500
Test instance 0.2500, class 0.2500
2026-06-24 18:34:37,762 - INFO - Best instance 0.3250, class 0.3250 (epoch 6)
Best instance 0.3250, class 0.3250 (epoch 6)
2026-06-24 18:34:37,778 - INFO - Epoch 64/200:
Epoch 64/200:
2026-06-24 18:34:40,402 - INFO - Train loss: 0.0267 (2.6s)
Train loss: 0.0267 (2.6s)
2026-06-24 18:34:40,646 - INFO - Test instance 0.2500, class 0.2500
Test instance 0.2500, class 0.2500
2026-06-24 18:34:40,646 - INFO - Best instance 0.3250, class 0.3250 (epoch 6)
Best instance 0.3250, class 0.3250 (epoch 6)
2026-06-24 18:34:40,693 - INFO - Epoch 65/200:
Epoch 65/200:
2026-06-24 18:34:43,311 - INFO - Train loss: 0.0240 (2.6s)
Train loss: 0.0240 (2.6s)
2026-06-24 18:34:43,563 - INFO - Test instance 0.2500, class 0.2500
Test instance 0.2500, class 0.2500
2026-06-24 18:34:43,564 - INFO - Best instance 0.3250, class 0.3250 (epoch 6)
Best instance 0.3250, class 0.3250 (epoch 6)
2026-06-24 18:34:43,580 - INFO - Epoch 66/200:
Epoch 66/200:
2026-06-24 18:34:46,179 - INFO - Train loss: 0.0234 (2.6s)
Train loss: 0.0234 (2.6s)
2026-06-24 18:34:46,422 - INFO - Test instance 0.2500, class 0.2500
Test instance 0.2500, class 0.2500
2026-06-24 18:34:46,422 - INFO - Best instance 0.3250, class 0.3250 (epoch 6)
Best instance 0.3250, class 0.3250 (epoch 6)
2026-06-24 18:34:46,438 - INFO - Epoch 67/200:
Epoch 67/200:
2026-06-24 18:34:49,022 - INFO - Train loss: 0.0254 (2.6s)
Train loss: 0.0254 (2.6s)
2026-06-24 18:34:49,263 - INFO - Test instance 0.2500, class 0.2500
Test instance 0.2500, class 0.2500
2026-06-24 18:34:49,264 - INFO - Best instance 0.3250, class 0.3250 (epoch 6)
Best instance 0.3250, class 0.3250 (epoch 6)
2026-06-24 18:34:49,281 - INFO - Epoch 68/200:
Epoch 68/200:
2026-06-24 18:34:51,887 - INFO - Train loss: 0.0213 (2.6s)
Train loss: 0.0213 (2.6s)
2026-06-24 18:34:52,132 - INFO - Test instance 0.2500, class 0.2500
Test instance 0.2500, class 0.2500
2026-06-24 18:34:52,132 - INFO - Best instance 0.3250, class 0.3250 (epoch 6)
Best instance 0.3250, class 0.3250 (epoch 6)
2026-06-24 18:34:52,149 - INFO - Epoch 69/200:
Epoch 69/200:
2026-06-24 18:34:54,770 - INFO - Train loss: 0.0226 (2.6s)
Train loss: 0.0226 (2.6s)
2026-06-24 18:34:55,027 - INFO - Test instance 0.2500, class 0.2500
Test instance 0.2500, class 0.2500
2026-06-24 18:34:55,027 - INFO - Best instance 0.3250, class 0.3250 (epoch 6)
Best instance 0.3250, class 0.3250 (epoch 6)
2026-06-24 18:34:55,044 - INFO - Epoch 70/200:
Epoch 70/200:
2026-06-24 18:34:57,651 - INFO - Train loss: 0.0246 (2.6s)
Train loss: 0.0246 (2.6s)
2026-06-24 18:34:57,898 - INFO - Test instance 0.2500, class 0.2500
Test instance 0.2500, class 0.2500
2026-06-24 18:34:57,899 - INFO - Best instance 0.3250, class 0.3250 (epoch 6)
Best instance 0.3250, class 0.3250 (epoch 6)
2026-06-24 18:34:57,915 - INFO - Epoch 71/200:
Epoch 71/200:
2026-06-24 18:35:00,532 - INFO - Train loss: 0.0226 (2.6s)
Train loss: 0.0226 (2.6s)
2026-06-24 18:35:00,777 - INFO - Test instance 0.2500, class 0.2500
Test instance 0.2500, class 0.2500
2026-06-24 18:35:00,777 - INFO - Best instance 0.3250, class 0.3250 (epoch 6)
Best instance 0.3250, class 0.3250 (epoch 6)
2026-06-24 18:35:00,794 - INFO - Epoch 72/200:
Epoch 72/200:
2026-06-24 18:35:03,400 - INFO - Train loss: 0.0257 (2.6s)
Train loss: 0.0257 (2.6s)
2026-06-24 18:35:03,655 - INFO - Test instance 0.2500, class 0.2500
Test instance 0.2500, class 0.2500
2026-06-24 18:35:03,655 - INFO - Best instance 0.3250, class 0.3250 (epoch 6)
Best instance 0.3250, class 0.3250 (epoch 6)
2026-06-24 18:35:03,672 - INFO - Epoch 73/200:
Epoch 73/200:
2026-06-24 18:35:06,298 - INFO - Train loss: 0.0247 (2.6s)
Train loss: 0.0247 (2.6s)
2026-06-24 18:35:06,538 - INFO - Test instance 0.2500, class 0.2500
Test instance 0.2500, class 0.2500
2026-06-24 18:35:06,538 - INFO - Best instance 0.3250, class 0.3250 (epoch 6)
Best instance 0.3250, class 0.3250 (epoch 6)
2026-06-24 18:35:06,555 - INFO - Epoch 74/200:
Epoch 74/200:
2026-06-24 18:35:09,154 - INFO - Train loss: 0.0242 (2.6s)
Train loss: 0.0242 (2.6s)
2026-06-24 18:35:09,393 - INFO - Test instance 0.2500, class 0.2500
Test instance 0.2500, class 0.2500
2026-06-24 18:35:09,393 - INFO - Best instance 0.3250, class 0.3250 (epoch 6)
Best instance 0.3250, class 0.3250 (epoch 6)
2026-06-24 18:35:09,410 - INFO - Epoch 75/200:
Epoch 75/200:
2026-06-24 18:35:12,039 - INFO - Train loss: 0.0241 (2.6s)
Train loss: 0.0241 (2.6s)
2026-06-24 18:35:12,294 - INFO - Test instance 0.2500, class 0.2500
Test instance 0.2500, class 0.2500
2026-06-24 18:35:12,295 - INFO - Best instance 0.3250, class 0.3250 (epoch 6)
Best instance 0.3250, class 0.3250 (epoch 6)
2026-06-24 18:35:12,312 - INFO - Epoch 76/200:
Epoch 76/200:
2026-06-24 18:35:14,925 - INFO - Train loss: 0.0249 (2.6s)
Train loss: 0.0249 (2.6s)
2026-06-24 18:35:15,174 - INFO - Test instance 0.2500, class 0.2500
Test instance 0.2500, class 0.2500
2026-06-24 18:35:15,174 - INFO - Best instance 0.3250, class 0.3250 (epoch 6)
Best instance 0.3250, class 0.3250 (epoch 6)
2026-06-24 18:35:15,191 - INFO - Epoch 77/200:
Epoch 77/200:
2026-06-24 18:35:17,800 - INFO - Train loss: 0.0222 (2.6s)
Train loss: 0.0222 (2.6s)
2026-06-24 18:35:18,044 - INFO - Test instance 0.2500, class 0.2500
Test instance 0.2500, class 0.2500
2026-06-24 18:35:18,045 - INFO - Best instance 0.3250, class 0.3250 (epoch 6)
Best instance 0.3250, class 0.3250 (epoch 6)
2026-06-24 18:35:18,061 - INFO - Epoch 78/200:
Epoch 78/200:
2026-06-24 18:35:20,681 - INFO - Train loss: 0.0238 (2.6s)
Train loss: 0.0238 (2.6s)
2026-06-24 18:35:20,933 - INFO - Test instance 0.2500, class 0.2500
Test instance 0.2500, class 0.2500
2026-06-24 18:35:20,933 - INFO - Best instance 0.3250, class 0.3250 (epoch 6)
Best instance 0.3250, class 0.3250 (epoch 6)
2026-06-24 18:35:20,950 - INFO - Epoch 79/200:
Epoch 79/200:
2026-06-24 18:35:23,575 - INFO - Train loss: 0.0218 (2.6s)
Train loss: 0.0218 (2.6s)
2026-06-24 18:35:23,831 - INFO - Test instance 0.2500, class 0.2500
Test instance 0.2500, class 0.2500
2026-06-24 18:35:23,831 - INFO - Best instance 0.3250, class 0.3250 (epoch 6)
Best instance 0.3250, class 0.3250 (epoch 6)
2026-06-24 18:35:23,848 - INFO - Epoch 80/200:
Epoch 80/200:
2026-06-24 18:35:26,457 - INFO - Train loss: 0.0237 (2.6s)
Train loss: 0.0237 (2.6s)
2026-06-24 18:35:26,711 - INFO - Test instance 0.2500, class 0.2500
Test instance 0.2500, class 0.2500
2026-06-24 18:35:26,711 - INFO - Best instance 0.3250, class 0.3250 (epoch 6)
Best instance 0.3250, class 0.3250 (epoch 6)
2026-06-24 18:35:26,729 - INFO - Epoch 81/200:
Epoch 81/200:
2026-06-24 18:35:29,325 - INFO - Train loss: 0.0238 (2.6s)
Train loss: 0.0238 (2.6s)
2026-06-24 18:35:29,574 - INFO - Test instance 0.2500, class 0.2500
Test instance 0.2500, class 0.2500
2026-06-24 18:35:29,575 - INFO - Best instance 0.3250, class 0.3250 (epoch 6)
Best instance 0.3250, class 0.3250 (epoch 6)
2026-06-24 18:35:29,591 - INFO - Epoch 82/200:
Epoch 82/200:
2026-06-24 18:35:32,184 - INFO - Train loss: 0.0223 (2.6s)
Train loss: 0.0223 (2.6s)
2026-06-24 18:35:32,427 - INFO - Test instance 0.2500, class 0.2500
Test instance 0.2500, class 0.2500
2026-06-24 18:35:32,427 - INFO - Best instance 0.3250, class 0.3250 (epoch 6)
Best instance 0.3250, class 0.3250 (epoch 6)
2026-06-24 18:35:32,445 - INFO - Epoch 83/200:
Epoch 83/200:
2026-06-24 18:35:35,133 - INFO - Train loss: 0.0219 (2.7s)
Train loss: 0.0219 (2.7s)
2026-06-24 18:35:35,383 - INFO - Test instance 0.2500, class 0.2500
Test instance 0.2500, class 0.2500
2026-06-24 18:35:35,384 - INFO - Best instance 0.3250, class 0.3250 (epoch 6)
Best instance 0.3250, class 0.3250 (epoch 6)
2026-06-24 18:35:35,401 - INFO - Epoch 84/200:
Epoch 84/200:
2026-06-24 18:35:38,096 - INFO - Train loss: 0.0225 (2.7s)
Train loss: 0.0225 (2.7s)
2026-06-24 18:35:38,356 - INFO - Test instance 0.2500, class 0.2500
Test instance 0.2500, class 0.2500
2026-06-24 18:35:38,356 - INFO - Best instance 0.3250, class 0.3250 (epoch 6)
Best instance 0.3250, class 0.3250 (epoch 6)
2026-06-24 18:35:38,374 - INFO - Epoch 85/200:
Epoch 85/200:
2026-06-24 18:35:41,099 - INFO - Train loss: 0.0217 (2.7s)
Train loss: 0.0217 (2.7s)
2026-06-24 18:35:41,352 - INFO - Test instance 0.2500, class 0.2500
Test instance 0.2500, class 0.2500
2026-06-24 18:35:41,352 - INFO - Best instance 0.3250, class 0.3250 (epoch 6)
Best instance 0.3250, class 0.3250 (epoch 6)
2026-06-24 18:35:41,369 - INFO - Epoch 86/200:
Epoch 86/200:
2026-06-24 18:35:44,122 - INFO - Train loss: 0.0207 (2.8s)
Train loss: 0.0207 (2.8s)
2026-06-24 18:35:44,392 - INFO - Test instance 0.2500, class 0.2500
Test instance 0.2500, class 0.2500
2026-06-24 18:35:44,393 - INFO - Best instance 0.3250, class 0.3250 (epoch 6)
Best instance 0.3250, class 0.3250 (epoch 6)
2026-06-24 18:35:44,411 - INFO - Epoch 87/200:
Epoch 87/200:
2026-06-24 18:35:47,126 - INFO - Train loss: 0.0243 (2.7s)
Train loss: 0.0243 (2.7s)
2026-06-24 18:35:47,390 - INFO - Test instance 0.2500, class 0.2500
Test instance 0.2500, class 0.2500
2026-06-24 18:35:47,390 - INFO - Best instance 0.3250, class 0.3250 (epoch 6)
Best instance 0.3250, class 0.3250 (epoch 6)
2026-06-24 18:35:47,408 - INFO - Epoch 88/200:
Epoch 88/200:
2026-06-24 18:35:50,155 - INFO - Train loss: 0.0197 (2.7s)
Train loss: 0.0197 (2.7s)
2026-06-24 18:35:50,414 - INFO - Test instance 0.2500, class 0.2500
Test instance 0.2500, class 0.2500
2026-06-24 18:35:50,414 - INFO - Best instance 0.3250, class 0.3250 (epoch 6)
Best instance 0.3250, class 0.3250 (epoch 6)
2026-06-24 18:35:50,431 - INFO - Epoch 89/200:
Epoch 89/200:
2026-06-24 18:35:53,173 - INFO - Train loss: 0.0232 (2.7s)
Train loss: 0.0232 (2.7s)
2026-06-24 18:35:53,430 - INFO - Test instance 0.2500, class 0.2500
Test instance 0.2500, class 0.2500
2026-06-24 18:35:53,430 - INFO - Best instance 0.3250, class 0.3250 (epoch 6)
Best instance 0.3250, class 0.3250 (epoch 6)
2026-06-24 18:35:53,447 - INFO - Epoch 90/200:
Epoch 90/200:
2026-06-24 18:35:56,200 - INFO - Train loss: 0.0194 (2.8s)
Train loss: 0.0194 (2.8s)
2026-06-24 18:35:56,458 - INFO - Test instance 0.2500, class 0.2500
Test instance 0.2500, class 0.2500
2026-06-24 18:35:56,459 - INFO - Best instance 0.3250, class 0.3250 (epoch 6)
Best instance 0.3250, class 0.3250 (epoch 6)
2026-06-24 18:35:56,476 - INFO - Epoch 91/200:
Epoch 91/200:
2026-06-24 18:35:59,153 - INFO - Train loss: 0.0227 (2.7s)
Train loss: 0.0227 (2.7s)
2026-06-24 18:35:59,400 - INFO - Test instance 0.2500, class 0.2500
Test instance 0.2500, class 0.2500
2026-06-24 18:35:59,401 - INFO - Best instance 0.3250, class 0.3250 (epoch 6)
Best instance 0.3250, class 0.3250 (epoch 6)
2026-06-24 18:35:59,418 - INFO - Epoch 92/200:
Epoch 92/200:
2026-06-24 18:36:02,070 - INFO - Train loss: 0.0219 (2.7s)
Train loss: 0.0219 (2.7s)
2026-06-24 18:36:02,327 - INFO - Test instance 0.2500, class 0.2500
Test instance 0.2500, class 0.2500
2026-06-24 18:36:02,328 - INFO - Best instance 0.3250, class 0.3250 (epoch 6)
Best instance 0.3250, class 0.3250 (epoch 6)
2026-06-24 18:36:02,345 - INFO - Epoch 93/200:
Epoch 93/200:
2026-06-24 18:36:04,934 - INFO - Train loss: 0.0210 (2.6s)
Train loss: 0.0210 (2.6s)
2026-06-24 18:36:05,181 - INFO - Test instance 0.2500, class 0.2500
Test instance 0.2500, class 0.2500
2026-06-24 18:36:05,181 - INFO - Best instance 0.3250, class 0.3250 (epoch 6)
Best instance 0.3250, class 0.3250 (epoch 6)
2026-06-24 18:36:05,198 - INFO - Epoch 94/200:
Epoch 94/200:
2026-06-24 18:36:07,810 - INFO - Train loss: 0.0196 (2.6s)
Train loss: 0.0196 (2.6s)
2026-06-24 18:36:08,062 - INFO - Test instance 0.2500, class 0.2500
Test instance 0.2500, class 0.2500
2026-06-24 18:36:08,062 - INFO - Best instance 0.3250, class 0.3250 (epoch 6)
Best instance 0.3250, class 0.3250 (epoch 6)
2026-06-24 18:36:08,079 - INFO - Epoch 95/200:
Epoch 95/200:
2026-06-24 18:36:10,651 - INFO - Train loss: 0.0208 (2.6s)
Train loss: 0.0208 (2.6s)
2026-06-24 18:36:10,892 - INFO - Test instance 0.2500, class 0.2500
Test instance 0.2500, class 0.2500
2026-06-24 18:36:10,892 - INFO - Best instance 0.3250, class 0.3250 (epoch 6)
Best instance 0.3250, class 0.3250 (epoch 6)
2026-06-24 18:36:10,908 - INFO - Epoch 96/200:
Epoch 96/200:
2026-06-24 18:36:13,544 - INFO - Train loss: 0.0213 (2.6s)
Train loss: 0.0213 (2.6s)
2026-06-24 18:36:13,793 - INFO - Test instance 0.2500, class 0.2500
Test instance 0.2500, class 0.2500
2026-06-24 18:36:13,793 - INFO - Best instance 0.3250, class 0.3250 (epoch 6)
Best instance 0.3250, class 0.3250 (epoch 6)
2026-06-24 18:36:13,810 - INFO - Epoch 97/200:
Epoch 97/200:
2026-06-24 18:36:16,415 - INFO - Train loss: 0.0210 (2.6s)
Train loss: 0.0210 (2.6s)
2026-06-24 18:36:16,656 - INFO - Test instance 0.2500, class 0.2500
Test instance 0.2500, class 0.2500
2026-06-24 18:36:16,657 - INFO - Best instance 0.3250, class 0.3250 (epoch 6)
Best instance 0.3250, class 0.3250 (epoch 6)
2026-06-24 18:36:16,673 - INFO - Epoch 98/200:
Epoch 98/200:
2026-06-24 18:36:19,278 - INFO - Train loss: 0.0202 (2.6s)
Train loss: 0.0202 (2.6s)
2026-06-24 18:36:19,527 - INFO - Test instance 0.2500, class 0.2500
Test instance 0.2500, class 0.2500
2026-06-24 18:36:19,527 - INFO - Best instance 0.3250, class 0.3250 (epoch 6)
Best instance 0.3250, class 0.3250 (epoch 6)
2026-06-24 18:36:19,544 - INFO - Epoch 99/200:
Epoch 99/200:
2026-06-24 18:36:22,123 - INFO - Train loss: 0.0214 (2.6s)
Train loss: 0.0214 (2.6s)
2026-06-24 18:36:22,360 - INFO - Test instance 0.2500, class 0.2500
Test instance 0.2500, class 0.2500
2026-06-24 18:36:22,360 - INFO - Best instance 0.3250, class 0.3250 (epoch 6)
Best instance 0.3250, class 0.3250 (epoch 6)
2026-06-24 18:36:22,377 - INFO - Epoch 100/200:
Epoch 100/200:
2026-06-24 18:36:24,991 - INFO - Train loss: 0.0206 (2.6s)
Train loss: 0.0206 (2.6s)
2026-06-24 18:36:25,243 - INFO - Test instance 0.2500, class 0.2500
Test instance 0.2500, class 0.2500
2026-06-24 18:36:25,243 - INFO - Best instance 0.3250, class 0.3250 (epoch 6)
Best instance 0.3250, class 0.3250 (epoch 6)
2026-06-24 18:36:25,260 - INFO - Epoch 101/200:
Epoch 101/200:
2026-06-24 18:36:27,879 - INFO - Train loss: 0.0191 (2.6s)
Train loss: 0.0191 (2.6s)
2026-06-24 18:36:28,127 - INFO - Test instance 0.2500, class 0.2500
Test instance 0.2500, class 0.2500
2026-06-24 18:36:28,127 - INFO - Best instance 0.3250, class 0.3250 (epoch 6)
Best instance 0.3250, class 0.3250 (epoch 6)
2026-06-24 18:36:28,143 - INFO - Epoch 102/200:
Epoch 102/200:
2026-06-24 18:36:30,738 - INFO - Train loss: 0.0182 (2.6s)
Train loss: 0.0182 (2.6s)
2026-06-24 18:36:30,975 - INFO - Test instance 0.2500, class 0.2500
Test instance 0.2500, class 0.2500
2026-06-24 18:36:30,975 - INFO - Best instance 0.3250, class 0.3250 (epoch 6)
Best instance 0.3250, class 0.3250 (epoch 6)
2026-06-24 18:36:30,991 - INFO - Epoch 103/200:
Epoch 103/200:
2026-06-24 18:36:33,571 - INFO - Train loss: 0.0203 (2.6s)
Train loss: 0.0203 (2.6s)
2026-06-24 18:36:33,821 - INFO - Test instance 0.2500, class 0.2500
Test instance 0.2500, class 0.2500
2026-06-24 18:36:33,821 - INFO - Best instance 0.3250, class 0.3250 (epoch 6)
Best instance 0.3250, class 0.3250 (epoch 6)
2026-06-24 18:36:33,837 - INFO - Epoch 104/200:
Epoch 104/200:
2026-06-24 18:36:36,430 - INFO - Train loss: 0.0211 (2.6s)
Train loss: 0.0211 (2.6s)
2026-06-24 18:36:36,677 - INFO - Test instance 0.2500, class 0.2500
Test instance 0.2500, class 0.2500
2026-06-24 18:36:36,677 - INFO - Best instance 0.3250, class 0.3250 (epoch 6)
Best instance 0.3250, class 0.3250 (epoch 6)
2026-06-24 18:36:36,694 - INFO - Epoch 105/200:
Epoch 105/200:
2026-06-24 18:36:39,304 - INFO - Train loss: 0.0165 (2.6s)
Train loss: 0.0165 (2.6s)
2026-06-24 18:36:39,553 - INFO - Test instance 0.2500, class 0.2500
Test instance 0.2500, class 0.2500
2026-06-24 18:36:39,553 - INFO - Best instance 0.3250, class 0.3250 (epoch 6)
Best instance 0.3250, class 0.3250 (epoch 6)
2026-06-24 18:36:39,570 - INFO - Epoch 106/200:
Epoch 106/200:
2026-06-24 18:36:42,162 - INFO - Train loss: 0.0195 (2.6s)
Train loss: 0.0195 (2.6s)
2026-06-24 18:36:42,404 - INFO - Test instance 0.2500, class 0.2500
Test instance 0.2500, class 0.2500
2026-06-24 18:36:42,405 - INFO - Best instance 0.3250, class 0.3250 (epoch 6)
Best instance 0.3250, class 0.3250 (epoch 6)
2026-06-24 18:36:42,421 - INFO - Epoch 107/200:
Epoch 107/200:
2026-06-24 18:36:45,019 - INFO - Train loss: 0.0189 (2.6s)
Train loss: 0.0189 (2.6s)
2026-06-24 18:36:45,262 - INFO - Test instance 0.2500, class 0.2500
Test instance 0.2500, class 0.2500
2026-06-24 18:36:45,262 - INFO - Best instance 0.3250, class 0.3250 (epoch 6)
Best instance 0.3250, class 0.3250 (epoch 6)
2026-06-24 18:36:45,278 - INFO - Epoch 108/200:
Epoch 108/200:
2026-06-24 18:36:47,899 - INFO - Train loss: 0.0181 (2.6s)
Train loss: 0.0181 (2.6s)
2026-06-24 18:36:48,147 - INFO - Test instance 0.2500, class 0.2500
Test instance 0.2500, class 0.2500
2026-06-24 18:36:48,148 - INFO - Best instance 0.3250, class 0.3250 (epoch 6)
Best instance 0.3250, class 0.3250 (epoch 6)
2026-06-24 18:36:48,164 - INFO - Epoch 109/200:
Epoch 109/200:
2026-06-24 18:36:50,767 - INFO - Train loss: 0.0194 (2.6s)
Train loss: 0.0194 (2.6s)
2026-06-24 18:36:51,019 - INFO - Test instance 0.2500, class 0.2500
Test instance 0.2500, class 0.2500
2026-06-24 18:36:51,019 - INFO - Best instance 0.3250, class 0.3250 (epoch 6)
Best instance 0.3250, class 0.3250 (epoch 6)
2026-06-24 18:36:51,036 - INFO - Epoch 110/200:
Epoch 110/200:
2026-06-24 18:36:53,656 - INFO - Train loss: 0.0194 (2.6s)
Train loss: 0.0194 (2.6s)
2026-06-24 18:36:53,907 - INFO - Test instance 0.2500, class 0.2500
Test instance 0.2500, class 0.2500
2026-06-24 18:36:53,907 - INFO - Best instance 0.3250, class 0.3250 (epoch 6)
Best instance 0.3250, class 0.3250 (epoch 6)
2026-06-24 18:36:53,923 - INFO - Epoch 111/200:
Epoch 111/200:
2026-06-24 18:36:56,548 - INFO - Train loss: 0.0203 (2.6s)
Train loss: 0.0203 (2.6s)
2026-06-24 18:36:56,794 - INFO - Test instance 0.2500, class 0.2500
Test instance 0.2500, class 0.2500
2026-06-24 18:36:56,795 - INFO - Best instance 0.3250, class 0.3250 (epoch 6)
Best instance 0.3250, class 0.3250 (epoch 6)
2026-06-24 18:36:56,811 - INFO - Epoch 112/200:
Epoch 112/200:
2026-06-24 18:36:59,439 - INFO - Train loss: 0.0178 (2.6s)
Train loss: 0.0178 (2.6s)
2026-06-24 18:36:59,688 - INFO - Test instance 0.2500, class 0.2500
Test instance 0.2500, class 0.2500
2026-06-24 18:36:59,688 - INFO - Best instance 0.3250, class 0.3250 (epoch 6)
Best instance 0.3250, class 0.3250 (epoch 6)
2026-06-24 18:36:59,705 - INFO - Epoch 113/200:
Epoch 113/200:
2026-06-24 18:37:02,332 - INFO - Train loss: 0.0192 (2.6s)
Train loss: 0.0192 (2.6s)
2026-06-24 18:37:02,575 - INFO - Test instance 0.2500, class 0.2500
Test instance 0.2500, class 0.2500
2026-06-24 18:37:02,575 - INFO - Best instance 0.3250, class 0.3250 (epoch 6)
Best instance 0.3250, class 0.3250 (epoch 6)
2026-06-24 18:37:02,592 - INFO - Epoch 114/200:
Epoch 114/200:
2026-06-24 18:37:05,202 - INFO - Train loss: 0.0180 (2.6s)
Train loss: 0.0180 (2.6s)
2026-06-24 18:37:05,449 - INFO - Test instance 0.2500, class 0.2500
Test instance 0.2500, class 0.2500
2026-06-24 18:37:05,449 - INFO - Best instance 0.3250, class 0.3250 (epoch 6)
Best instance 0.3250, class 0.3250 (epoch 6)
2026-06-24 18:37:05,465 - INFO - Epoch 115/200:
Epoch 115/200:
2026-06-24 18:37:08,070 - INFO - Train loss: 0.0186 (2.6s)
Train loss: 0.0186 (2.6s)
2026-06-24 18:37:08,316 - INFO - Test instance 0.2500, class 0.2500
Test instance 0.2500, class 0.2500
2026-06-24 18:37:08,316 - INFO - Best instance 0.3250, class 0.3250 (epoch 6)
Best instance 0.3250, class 0.3250 (epoch 6)
2026-06-24 18:37:08,333 - INFO - Epoch 116/200:
Epoch 116/200:
2026-06-24 18:37:10,951 - INFO - Train loss: 0.0197 (2.6s)
Train loss: 0.0197 (2.6s)
2026-06-24 18:37:11,203 - INFO - Test instance 0.2500, class 0.2500
Test instance 0.2500, class 0.2500
2026-06-24 18:37:11,203 - INFO - Best instance 0.3250, class 0.3250 (epoch 6)
Best instance 0.3250, class 0.3250 (epoch 6)
2026-06-24 18:37:11,219 - INFO - Epoch 117/200:
Epoch 117/200:
2026-06-24 18:37:13,804 - INFO - Train loss: 0.0195 (2.6s)
Train loss: 0.0195 (2.6s)
2026-06-24 18:37:14,058 - INFO - Test instance 0.2500, class 0.2500
Test instance 0.2500, class 0.2500
2026-06-24 18:37:14,058 - INFO - Best instance 0.3250, class 0.3250 (epoch 6)
Best instance 0.3250, class 0.3250 (epoch 6)
2026-06-24 18:37:14,074 - INFO - Epoch 118/200:
Epoch 118/200:
2026-06-24 18:37:16,700 - INFO - Train loss: 0.0167 (2.6s)
Train loss: 0.0167 (2.6s)
2026-06-24 18:37:16,952 - INFO - Test instance 0.2500, class 0.2500
Test instance 0.2500, class 0.2500
2026-06-24 18:37:16,952 - INFO - Best instance 0.3250, class 0.3250 (epoch 6)
Best instance 0.3250, class 0.3250 (epoch 6)
2026-06-24 18:37:16,968 - INFO - Epoch 119/200:
Epoch 119/200:
2026-06-24 18:37:19,539 - INFO - Train loss: 0.0177 (2.6s)
Train loss: 0.0177 (2.6s)
2026-06-24 18:37:19,783 - INFO - Test instance 0.2500, class 0.2500
Test instance 0.2500, class 0.2500
2026-06-24 18:37:19,783 - INFO - Best instance 0.3250, class 0.3250 (epoch 6)
Best instance 0.3250, class 0.3250 (epoch 6)
2026-06-24 18:37:19,799 - INFO - Epoch 120/200:
Epoch 120/200:
2026-06-24 18:37:22,408 - INFO - Train loss: 0.0179 (2.6s)
Train loss: 0.0179 (2.6s)
2026-06-24 18:37:22,657 - INFO - Test instance 0.2500, class 0.2500
Test instance 0.2500, class 0.2500
2026-06-24 18:37:22,658 - INFO - Best instance 0.3250, class 0.3250 (epoch 6)
Best instance 0.3250, class 0.3250 (epoch 6)
2026-06-24 18:37:22,674 - INFO - Epoch 121/200:
Epoch 121/200:
2026-06-24 18:37:25,298 - INFO - Train loss: 0.0200 (2.6s)
Train loss: 0.0200 (2.6s)
2026-06-24 18:37:25,551 - INFO - Test instance 0.2500, class 0.2500
Test instance 0.2500, class 0.2500
2026-06-24 18:37:25,552 - INFO - Best instance 0.3250, class 0.3250 (epoch 6)
Best instance 0.3250, class 0.3250 (epoch 6)
2026-06-24 18:37:25,569 - INFO - Epoch 122/200:
Epoch 122/200:
2026-06-24 18:37:28,147 - INFO - Train loss: 0.0215 (2.6s)
Train loss: 0.0215 (2.6s)
2026-06-24 18:37:28,393 - INFO - Test instance 0.2500, class 0.2500
Test instance 0.2500, class 0.2500
2026-06-24 18:37:28,393 - INFO - Best instance 0.3250, class 0.3250 (epoch 6)
Best instance 0.3250, class 0.3250 (epoch 6)
2026-06-24 18:37:28,409 - INFO - Epoch 123/200:
Epoch 123/200:
2026-06-24 18:37:31,034 - INFO - Train loss: 0.0154 (2.6s)
Train loss: 0.0154 (2.6s)
2026-06-24 18:37:31,275 - INFO - Test instance 0.2500, class 0.2500
Test instance 0.2500, class 0.2500
2026-06-24 18:37:31,275 - INFO - Best instance 0.3250, class 0.3250 (epoch 6)
Best instance 0.3250, class 0.3250 (epoch 6)
2026-06-24 18:37:31,292 - INFO - Epoch 124/200:
Epoch 124/200:
2026-06-24 18:37:33,930 - INFO - Train loss: 0.0186 (2.6s)
Train loss: 0.0186 (2.6s)
2026-06-24 18:37:34,175 - INFO - Test instance 0.2500, class 0.2500
Test instance 0.2500, class 0.2500
2026-06-24 18:37:34,175 - INFO - Best instance 0.3250, class 0.3250 (epoch 6)
Best instance 0.3250, class 0.3250 (epoch 6)
2026-06-24 18:37:34,192 - INFO - Epoch 125/200:
Epoch 125/200:
2026-06-24 18:37:36,768 - INFO - Train loss: 0.0164 (2.6s)
Train loss: 0.0164 (2.6s)
2026-06-24 18:37:37,009 - INFO - Test instance 0.2500, class 0.2500
Test instance 0.2500, class 0.2500
2026-06-24 18:37:37,009 - INFO - Best instance 0.3250, class 0.3250 (epoch 6)
Best instance 0.3250, class 0.3250 (epoch 6)
2026-06-24 18:37:37,025 - INFO - Epoch 126/200:
Epoch 126/200:
2026-06-24 18:37:39,643 - INFO - Train loss: 0.0186 (2.6s)
Train loss: 0.0186 (2.6s)
2026-06-24 18:37:39,889 - INFO - Test instance 0.2500, class 0.2500
Test instance 0.2500, class 0.2500
2026-06-24 18:37:39,889 - INFO - Best instance 0.3250, class 0.3250 (epoch 6)
Best instance 0.3250, class 0.3250 (epoch 6)
2026-06-24 18:37:39,905 - INFO - Epoch 127/200:
Epoch 127/200:
2026-06-24 18:37:42,497 - INFO - Train loss: 0.0189 (2.6s)
Train loss: 0.0189 (2.6s)
2026-06-24 18:37:42,738 - INFO - Test instance 0.2500, class 0.2500
Test instance 0.2500, class 0.2500
2026-06-24 18:37:42,738 - INFO - Best instance 0.3250, class 0.3250 (epoch 6)
Best instance 0.3250, class 0.3250 (epoch 6)
2026-06-24 18:37:42,755 - INFO - Epoch 128/200:
Epoch 128/200:
2026-06-24 18:37:45,348 - INFO - Train loss: 0.0176 (2.6s)
Train loss: 0.0176 (2.6s)
2026-06-24 18:37:45,594 - INFO - Test instance 0.2500, class 0.2500
Test instance 0.2500, class 0.2500
2026-06-24 18:37:45,595 - INFO - Best instance 0.3250, class 0.3250 (epoch 6)
Best instance 0.3250, class 0.3250 (epoch 6)
2026-06-24 18:37:45,612 - INFO - Epoch 129/200:
Epoch 129/200:
2026-06-24 18:37:48,213 - INFO - Train loss: 0.0171 (2.6s)
Train loss: 0.0171 (2.6s)
2026-06-24 18:37:48,465 - INFO - Test instance 0.2500, class 0.2500
Test instance 0.2500, class 0.2500
2026-06-24 18:37:48,466 - INFO - Best instance 0.3250, class 0.3250 (epoch 6)
Best instance 0.3250, class 0.3250 (epoch 6)
2026-06-24 18:37:48,482 - INFO - Epoch 130/200:
Epoch 130/200:
2026-06-24 18:37:51,087 - INFO - Train loss: 0.0157 (2.6s)
Train loss: 0.0157 (2.6s)
2026-06-24 18:37:51,335 - INFO - Test instance 0.2500, class 0.2500
Test instance 0.2500, class 0.2500
2026-06-24 18:37:51,336 - INFO - Best instance 0.3250, class 0.3250 (epoch 6)
Best instance 0.3250, class 0.3250 (epoch 6)
2026-06-24 18:37:51,352 - INFO - Epoch 131/200:
Epoch 131/200:
2026-06-24 18:37:53,955 - INFO - Train loss: 0.0171 (2.6s)
Train loss: 0.0171 (2.6s)
2026-06-24 18:37:54,202 - INFO - Test instance 0.2500, class 0.2500
Test instance 0.2500, class 0.2500
2026-06-24 18:37:54,202 - INFO - Best instance 0.3250, class 0.3250 (epoch 6)
Best instance 0.3250, class 0.3250 (epoch 6)
2026-06-24 18:37:54,219 - INFO - Epoch 132/200:
Epoch 132/200:
2026-06-24 18:37:56,833 - INFO - Train loss: 0.0168 (2.6s)
Train loss: 0.0168 (2.6s)
2026-06-24 18:37:57,082 - INFO - Test instance 0.2500, class 0.2500
Test instance 0.2500, class 0.2500
2026-06-24 18:37:57,082 - INFO - Best instance 0.3250, class 0.3250 (epoch 6)
Best instance 0.3250, class 0.3250 (epoch 6)
2026-06-24 18:37:57,099 - INFO - Epoch 133/200:
Epoch 133/200:
2026-06-24 18:37:59,725 - INFO - Train loss: 0.0164 (2.6s)
Train loss: 0.0164 (2.6s)
2026-06-24 18:37:59,969 - INFO - Test instance 0.2500, class 0.2500
Test instance 0.2500, class 0.2500
2026-06-24 18:37:59,969 - INFO - Best instance 0.3250, class 0.3250 (epoch 6)
Best instance 0.3250, class 0.3250 (epoch 6)
2026-06-24 18:37:59,986 - INFO - Epoch 134/200:
Epoch 134/200:
2026-06-24 18:38:02,627 - INFO - Train loss: 0.0158 (2.6s)
Train loss: 0.0158 (2.6s)
2026-06-24 18:38:02,875 - INFO - Test instance 0.2500, class 0.2500
Test instance 0.2500, class 0.2500
2026-06-24 18:38:02,875 - INFO - Best instance 0.3250, class 0.3250 (epoch 6)
Best instance 0.3250, class 0.3250 (epoch 6)
2026-06-24 18:38:02,891 - INFO - Epoch 135/200:
Epoch 135/200:
2026-06-24 18:38:05,511 - INFO - Train loss: 0.0163 (2.6s)
Train loss: 0.0163 (2.6s)
2026-06-24 18:38:05,766 - INFO - Test instance 0.2500, class 0.2500
Test instance 0.2500, class 0.2500
2026-06-24 18:38:05,767 - INFO - Best instance 0.3250, class 0.3250 (epoch 6)
Best instance 0.3250, class 0.3250 (epoch 6)
2026-06-24 18:38:05,785 - INFO - Epoch 136/200:
Epoch 136/200:
2026-06-24 18:38:08,395 - INFO - Train loss: 0.0154 (2.6s)
Train loss: 0.0154 (2.6s)
2026-06-24 18:38:08,644 - INFO - Test instance 0.2500, class 0.2500
Test instance 0.2500, class 0.2500
2026-06-24 18:38:08,644 - INFO - Best instance 0.3250, class 0.3250 (epoch 6)
Best instance 0.3250, class 0.3250 (epoch 6)
2026-06-24 18:38:08,662 - INFO - Epoch 137/200:
Epoch 137/200:
2026-06-24 18:38:11,278 - INFO - Train loss: 0.0163 (2.6s)
Train loss: 0.0163 (2.6s)
2026-06-24 18:38:11,518 - INFO - Test instance 0.2500, class 0.2500
Test instance 0.2500, class 0.2500
2026-06-24 18:38:11,519 - INFO - Best instance 0.3250, class 0.3250 (epoch 6)
Best instance 0.3250, class 0.3250 (epoch 6)
2026-06-24 18:38:11,536 - INFO - Epoch 138/200:
Epoch 138/200:
2026-06-24 18:38:14,149 - INFO - Train loss: 0.0175 (2.6s)
Train loss: 0.0175 (2.6s)
2026-06-24 18:38:14,397 - INFO - Test instance 0.2500, class 0.2500
Test instance 0.2500, class 0.2500
2026-06-24 18:38:14,398 - INFO - Best instance 0.3250, class 0.3250 (epoch 6)
Best instance 0.3250, class 0.3250 (epoch 6)
2026-06-24 18:38:14,414 - INFO - Epoch 139/200:
Epoch 139/200:
2026-06-24 18:38:17,013 - INFO - Train loss: 0.0160 (2.6s)
Train loss: 0.0160 (2.6s)
2026-06-24 18:38:17,263 - INFO - Test instance 0.2500, class 0.2500
Test instance 0.2500, class 0.2500
2026-06-24 18:38:17,264 - INFO - Best instance 0.3250, class 0.3250 (epoch 6)
Best instance 0.3250, class 0.3250 (epoch 6)
2026-06-24 18:38:17,280 - INFO - Epoch 140/200:
Epoch 140/200:
2026-06-24 18:38:19,880 - INFO - Train loss: 0.0147 (2.6s)
Train loss: 0.0147 (2.6s)
2026-06-24 18:38:20,125 - INFO - Test instance 0.2500, class 0.2500
Test instance 0.2500, class 0.2500
2026-06-24 18:38:20,125 - INFO - Best instance 0.3250, class 0.3250 (epoch 6)
Best instance 0.3250, class 0.3250 (epoch 6)
2026-06-24 18:38:20,142 - INFO - Epoch 141/200:
Epoch 141/200:
2026-06-24 18:38:22,747 - INFO - Train loss: 0.0159 (2.6s)
Train loss: 0.0159 (2.6s)
2026-06-24 18:38:22,993 - INFO - Test instance 0.2500, class 0.2500
Test instance 0.2500, class 0.2500
2026-06-24 18:38:22,993 - INFO - Best instance 0.3250, class 0.3250 (epoch 6)
Best instance 0.3250, class 0.3250 (epoch 6)
2026-06-24 18:38:23,009 - INFO - Epoch 142/200:
Epoch 142/200:
2026-06-24 18:38:25,618 - INFO - Train loss: 0.0158 (2.6s)
Train loss: 0.0158 (2.6s)
2026-06-24 18:38:25,866 - INFO - Test instance 0.2500, class 0.2500
Test instance 0.2500, class 0.2500
2026-06-24 18:38:25,867 - INFO - Best instance 0.3250, class 0.3250 (epoch 6)
Best instance 0.3250, class 0.3250 (epoch 6)
2026-06-24 18:38:25,883 - INFO - Epoch 143/200:
Epoch 143/200:
2026-06-24 18:38:28,483 - INFO - Train loss: 0.0146 (2.6s)
Train loss: 0.0146 (2.6s)
2026-06-24 18:38:28,731 - INFO - Test instance 0.2500, class 0.2500
Test instance 0.2500, class 0.2500
2026-06-24 18:38:28,732 - INFO - Best instance 0.3250, class 0.3250 (epoch 6)
Best instance 0.3250, class 0.3250 (epoch 6)
2026-06-24 18:38:28,748 - INFO - Epoch 144/200:
Epoch 144/200:
2026-06-24 18:38:31,375 - INFO - Train loss: 0.0154 (2.6s)
Train loss: 0.0154 (2.6s)
2026-06-24 18:38:31,624 - INFO - Test instance 0.2500, class 0.2500
Test instance 0.2500, class 0.2500
2026-06-24 18:38:31,624 - INFO - Best instance 0.3250, class 0.3250 (epoch 6)
Best instance 0.3250, class 0.3250 (epoch 6)
2026-06-24 18:38:31,640 - INFO - Epoch 145/200:
Epoch 145/200:
2026-06-24 18:38:34,248 - INFO - Train loss: 0.0162 (2.6s)
Train loss: 0.0162 (2.6s)
2026-06-24 18:38:34,495 - INFO - Test instance 0.2500, class 0.2500
Test instance 0.2500, class 0.2500
2026-06-24 18:38:34,495 - INFO - Best instance 0.3250, class 0.3250 (epoch 6)
Best instance 0.3250, class 0.3250 (epoch 6)
2026-06-24 18:38:34,511 - INFO - Epoch 146/200:
Epoch 146/200:
2026-06-24 18:38:37,111 - INFO - Train loss: 0.0148 (2.6s)
Train loss: 0.0148 (2.6s)
2026-06-24 18:38:37,358 - INFO - Test instance 0.2500, class 0.2500
Test instance 0.2500, class 0.2500
2026-06-24 18:38:37,358 - INFO - Best instance 0.3250, class 0.3250 (epoch 6)
Best instance 0.3250, class 0.3250 (epoch 6)
2026-06-24 18:38:37,375 - INFO - Epoch 147/200:
Epoch 147/200:
2026-06-24 18:38:39,961 - INFO - Train loss: 0.0151 (2.6s)
Train loss: 0.0151 (2.6s)
2026-06-24 18:38:40,218 - INFO - Test instance 0.2500, class 0.2500
Test instance 0.2500, class 0.2500
2026-06-24 18:38:40,218 - INFO - Best instance 0.3250, class 0.3250 (epoch 6)
Best instance 0.3250, class 0.3250 (epoch 6)
2026-06-24 18:38:40,235 - INFO - Epoch 148/200:
Epoch 148/200:
2026-06-24 18:38:42,842 - INFO - Train loss: 0.0132 (2.6s)
Train loss: 0.0132 (2.6s)
2026-06-24 18:38:43,090 - INFO - Test instance 0.2500, class 0.2500
Test instance 0.2500, class 0.2500
2026-06-24 18:38:43,091 - INFO - Best instance 0.3250, class 0.3250 (epoch 6)
Best instance 0.3250, class 0.3250 (epoch 6)
2026-06-24 18:38:43,107 - INFO - Epoch 149/200:
Epoch 149/200:
2026-06-24 18:38:45,705 - INFO - Train loss: 0.0152 (2.6s)
Train loss: 0.0152 (2.6s)
2026-06-24 18:38:45,946 - INFO - Test instance 0.2500, class 0.2500
Test instance 0.2500, class 0.2500
2026-06-24 18:38:45,946 - INFO - Best instance 0.3250, class 0.3250 (epoch 6)
Best instance 0.3250, class 0.3250 (epoch 6)
2026-06-24 18:38:45,964 - INFO - Epoch 150/200:
Epoch 150/200:
2026-06-24 18:38:48,568 - INFO - Train loss: 0.0154 (2.6s)
Train loss: 0.0154 (2.6s)
2026-06-24 18:38:48,815 - INFO - Test instance 0.2500, class 0.2500
Test instance 0.2500, class 0.2500
2026-06-24 18:38:48,816 - INFO - Best instance 0.3250, class 0.3250 (epoch 6)
Best instance 0.3250, class 0.3250 (epoch 6)
2026-06-24 18:38:48,832 - INFO - Epoch 151/200:
Epoch 151/200:
2026-06-24 18:38:51,431 - INFO - Train loss: 0.0151 (2.6s)
Train loss: 0.0151 (2.6s)
2026-06-24 18:38:51,678 - INFO - Test instance 0.2500, class 0.2500
Test instance 0.2500, class 0.2500
2026-06-24 18:38:51,678 - INFO - Best instance 0.3250, class 0.3250 (epoch 6)
Best instance 0.3250, class 0.3250 (epoch 6)
2026-06-24 18:38:51,694 - INFO - Epoch 152/200:
Epoch 152/200:
2026-06-24 18:38:54,305 - INFO - Train loss: 0.0140 (2.6s)
Train loss: 0.0140 (2.6s)
2026-06-24 18:38:54,548 - INFO - Test instance 0.2500, class 0.2500
Test instance 0.2500, class 0.2500
2026-06-24 18:38:54,548 - INFO - Best instance 0.3250, class 0.3250 (epoch 6)
Best instance 0.3250, class 0.3250 (epoch 6)
2026-06-24 18:38:54,565 - INFO - Epoch 153/200:
Epoch 153/200:
2026-06-24 18:38:57,185 - INFO - Train loss: 0.0151 (2.6s)
Train loss: 0.0151 (2.6s)
2026-06-24 18:38:57,427 - INFO - Test instance 0.2500, class 0.2500
Test instance 0.2500, class 0.2500
2026-06-24 18:38:57,428 - INFO - Best instance 0.3250, class 0.3250 (epoch 6)
Best instance 0.3250, class 0.3250 (epoch 6)
2026-06-24 18:38:57,444 - INFO - Epoch 154/200:
Epoch 154/200:
2026-06-24 18:39:00,067 - INFO - Train loss: 0.0145 (2.6s)
Train loss: 0.0145 (2.6s)
2026-06-24 18:39:00,318 - INFO - Test instance 0.2500, class 0.2500
Test instance 0.2500, class 0.2500
2026-06-24 18:39:00,318 - INFO - Best instance 0.3250, class 0.3250 (epoch 6)
Best instance 0.3250, class 0.3250 (epoch 6)
2026-06-24 18:39:00,335 - INFO - Epoch 155/200:
Epoch 155/200:
2026-06-24 18:39:03,006 - INFO - Train loss: 0.0144 (2.7s)
Train loss: 0.0144 (2.7s)
2026-06-24 18:39:03,251 - INFO - Test instance 0.2500, class 0.2500
Test instance 0.2500, class 0.2500
2026-06-24 18:39:03,251 - INFO - Best instance 0.3250, class 0.3250 (epoch 6)
Best instance 0.3250, class 0.3250 (epoch 6)
2026-06-24 18:39:03,268 - INFO - Epoch 156/200:
Epoch 156/200:
2026-06-24 18:39:05,849 - INFO - Train loss: 0.0149 (2.6s)
Train loss: 0.0149 (2.6s)
2026-06-24 18:39:06,101 - INFO - Test instance 0.2500, class 0.2500
Test instance 0.2500, class 0.2500
2026-06-24 18:39:06,101 - INFO - Best instance 0.3250, class 0.3250 (epoch 6)
Best instance 0.3250, class 0.3250 (epoch 6)
2026-06-24 18:39:06,118 - INFO - Epoch 157/200:
Epoch 157/200:
2026-06-24 18:39:08,704 - INFO - Train loss: 0.0144 (2.6s)
Train loss: 0.0144 (2.6s)
2026-06-24 18:39:08,947 - INFO - Test instance 0.2500, class 0.2500
Test instance 0.2500, class 0.2500
2026-06-24 18:39:08,947 - INFO - Best instance 0.3250, class 0.3250 (epoch 6)
Best instance 0.3250, class 0.3250 (epoch 6)
2026-06-24 18:39:08,963 - INFO - Epoch 158/200:
Epoch 158/200:
2026-06-24 18:39:11,563 - INFO - Train loss: 0.0139 (2.6s)
Train loss: 0.0139 (2.6s)
2026-06-24 18:39:11,818 - INFO - Test instance 0.2500, class 0.2500
Test instance 0.2500, class 0.2500
2026-06-24 18:39:11,818 - INFO - Best instance 0.3250, class 0.3250 (epoch 6)
Best instance 0.3250, class 0.3250 (epoch 6)
2026-06-24 18:39:11,834 - INFO - Epoch 159/200:
Epoch 159/200:
2026-06-24 18:39:14,444 - INFO - Train loss: 0.0138 (2.6s)
Train loss: 0.0138 (2.6s)
2026-06-24 18:39:14,688 - INFO - Test instance 0.2500, class 0.2500
Test instance 0.2500, class 0.2500
2026-06-24 18:39:14,688 - INFO - Best instance 0.3250, class 0.3250 (epoch 6)
Best instance 0.3250, class 0.3250 (epoch 6)
2026-06-24 18:39:14,705 - INFO - Epoch 160/200:
Epoch 160/200:
2026-06-24 18:39:17,320 - INFO - Train loss: 0.0147 (2.6s)
Train loss: 0.0147 (2.6s)
2026-06-24 18:39:17,572 - INFO - Test instance 0.2500, class 0.2500
Test instance 0.2500, class 0.2500
2026-06-24 18:39:17,572 - INFO - Best instance 0.3250, class 0.3250 (epoch 6)
Best instance 0.3250, class 0.3250 (epoch 6)
2026-06-24 18:39:17,590 - INFO - Epoch 161/200:
Epoch 161/200:
2026-06-24 18:39:20,205 - INFO - Train loss: 0.0123 (2.6s)
Train loss: 0.0123 (2.6s)
2026-06-24 18:39:20,450 - INFO - Test instance 0.2500, class 0.2500
Test instance 0.2500, class 0.2500
2026-06-24 18:39:20,450 - INFO - Best instance 0.3250, class 0.3250 (epoch 6)
Best instance 0.3250, class 0.3250 (epoch 6)
2026-06-24 18:39:20,467 - INFO - Epoch 162/200:
Epoch 162/200:
2026-06-24 18:39:23,078 - INFO - Train loss: 0.0121 (2.6s)
Train loss: 0.0121 (2.6s)
2026-06-24 18:39:23,324 - INFO - Test instance 0.2500, class 0.2500
Test instance 0.2500, class 0.2500
2026-06-24 18:39:23,325 - INFO - Best instance 0.3250, class 0.3250 (epoch 6)
Best instance 0.3250, class 0.3250 (epoch 6)
2026-06-24 18:39:23,342 - INFO - Epoch 163/200:
Epoch 163/200:
2026-06-24 18:39:25,962 - INFO - Train loss: 0.0124 (2.6s)
Train loss: 0.0124 (2.6s)
2026-06-24 18:39:26,213 - INFO - Test instance 0.2500, class 0.2500
Test instance 0.2500, class 0.2500
2026-06-24 18:39:26,213 - INFO - Best instance 0.3250, class 0.3250 (epoch 6)
Best instance 0.3250, class 0.3250 (epoch 6)
2026-06-24 18:39:26,229 - INFO - Epoch 164/200:
Epoch 164/200:
2026-06-24 18:39:28,819 - INFO - Train loss: 0.0128 (2.6s)
Train loss: 0.0128 (2.6s)
2026-06-24 18:39:29,065 - INFO - Test instance 0.2500, class 0.2500
Test instance 0.2500, class 0.2500
2026-06-24 18:39:29,065 - INFO - Best instance 0.3250, class 0.3250 (epoch 6)
Best instance 0.3250, class 0.3250 (epoch 6)
2026-06-24 18:39:29,082 - INFO - Epoch 165/200:
Epoch 165/200:
2026-06-24 18:39:31,708 - INFO - Train loss: 0.0126 (2.6s)
Train loss: 0.0126 (2.6s)
2026-06-24 18:39:31,963 - INFO - Test instance 0.2500, class 0.2500
Test instance 0.2500, class 0.2500
2026-06-24 18:39:31,964 - INFO - Best instance 0.3250, class 0.3250 (epoch 6)
Best instance 0.3250, class 0.3250 (epoch 6)
2026-06-24 18:39:31,980 - INFO - Epoch 166/200:
Epoch 166/200:
2026-06-24 18:39:34,580 - INFO - Train loss: 0.0135 (2.6s)
Train loss: 0.0135 (2.6s)
2026-06-24 18:39:34,828 - INFO - Test instance 0.2500, class 0.2500
Test instance 0.2500, class 0.2500
2026-06-24 18:39:34,828 - INFO - Best instance 0.3250, class 0.3250 (epoch 6)
Best instance 0.3250, class 0.3250 (epoch 6)
2026-06-24 18:39:34,845 - INFO - Epoch 167/200:
Epoch 167/200:
2026-06-24 18:39:37,413 - INFO - Train loss: 0.0124 (2.6s)
Train loss: 0.0124 (2.6s)
2026-06-24 18:39:37,665 - INFO - Test instance 0.2500, class 0.2500
Test instance 0.2500, class 0.2500
2026-06-24 18:39:37,665 - INFO - Best instance 0.3250, class 0.3250 (epoch 6)
Best instance 0.3250, class 0.3250 (epoch 6)
2026-06-24 18:39:37,682 - INFO - Epoch 168/200:
Epoch 168/200:
2026-06-24 18:39:40,304 - INFO - Train loss: 0.0129 (2.6s)
Train loss: 0.0129 (2.6s)
2026-06-24 18:39:40,552 - INFO - Test instance 0.2500, class 0.2500
Test instance 0.2500, class 0.2500
2026-06-24 18:39:40,552 - INFO - Best instance 0.3250, class 0.3250 (epoch 6)
Best instance 0.3250, class 0.3250 (epoch 6)
2026-06-24 18:39:40,569 - INFO - Epoch 169/200:
Epoch 169/200:
2026-06-24 18:39:43,168 - INFO - Train loss: 0.0129 (2.6s)
Train loss: 0.0129 (2.6s)
2026-06-24 18:39:43,407 - INFO - Test instance 0.2500, class 0.2500
Test instance 0.2500, class 0.2500
2026-06-24 18:39:43,407 - INFO - Best instance 0.3250, class 0.3250 (epoch 6)
Best instance 0.3250, class 0.3250 (epoch 6)
2026-06-24 18:39:43,424 - INFO - Epoch 170/200:
Epoch 170/200:
2026-06-24 18:39:46,021 - INFO - Train loss: 0.0124 (2.6s)
Train loss: 0.0124 (2.6s)
2026-06-24 18:39:46,265 - INFO - Test instance 0.2500, class 0.2500
Test instance 0.2500, class 0.2500
2026-06-24 18:39:46,265 - INFO - Best instance 0.3250, class 0.3250 (epoch 6)
Best instance 0.3250, class 0.3250 (epoch 6)
2026-06-24 18:39:46,282 - INFO - Epoch 171/200:
Epoch 171/200:
2026-06-24 18:39:48,911 - INFO - Train loss: 0.0123 (2.6s)
Train loss: 0.0123 (2.6s)
2026-06-24 18:39:49,161 - INFO - Test instance 0.2500, class 0.2500
Test instance 0.2500, class 0.2500
2026-06-24 18:39:49,162 - INFO - Best instance 0.3250, class 0.3250 (epoch 6)
Best instance 0.3250, class 0.3250 (epoch 6)
2026-06-24 18:39:49,178 - INFO - Epoch 172/200:
Epoch 172/200:
2026-06-24 18:39:51,789 - INFO - Train loss: 0.0124 (2.6s)
Train loss: 0.0124 (2.6s)
2026-06-24 18:39:52,038 - INFO - Test instance 0.2500, class 0.2500
Test instance 0.2500, class 0.2500
2026-06-24 18:39:52,038 - INFO - Best instance 0.3250, class 0.3250 (epoch 6)
Best instance 0.3250, class 0.3250 (epoch 6)
2026-06-24 18:39:52,063 - INFO - Epoch 173/200:
Epoch 173/200:
2026-06-24 18:39:54,668 - INFO - Train loss: 0.0130 (2.6s)
Train loss: 0.0130 (2.6s)
2026-06-24 18:39:54,913 - INFO - Test instance 0.2500, class 0.2500
Test instance 0.2500, class 0.2500
2026-06-24 18:39:54,913 - INFO - Best instance 0.3250, class 0.3250 (epoch 6)
Best instance 0.3250, class 0.3250 (epoch 6)
2026-06-24 18:39:54,930 - INFO - Epoch 174/200:
Epoch 174/200:
2026-06-24 18:39:57,521 - INFO - Train loss: 0.0125 (2.6s)
Train loss: 0.0125 (2.6s)
2026-06-24 18:39:57,764 - INFO - Test instance 0.2500, class 0.2500
Test instance 0.2500, class 0.2500
2026-06-24 18:39:57,765 - INFO - Best instance 0.3250, class 0.3250 (epoch 6)
Best instance 0.3250, class 0.3250 (epoch 6)
2026-06-24 18:39:57,781 - INFO - Epoch 175/200:
Epoch 175/200:
2026-06-24 18:40:00,394 - INFO - Train loss: 0.0121 (2.6s)
Train loss: 0.0121 (2.6s)
2026-06-24 18:40:00,635 - INFO - Test instance 0.2500, class 0.2500
Test instance 0.2500, class 0.2500
2026-06-24 18:40:00,635 - INFO - Best instance 0.3250, class 0.3250 (epoch 6)
Best instance 0.3250, class 0.3250 (epoch 6)
2026-06-24 18:40:00,652 - INFO - Epoch 176/200:
Epoch 176/200:
2026-06-24 18:40:03,306 - INFO - Train loss: 0.0120 (2.7s)
Train loss: 0.0120 (2.7s)
2026-06-24 18:40:03,562 - INFO - Test instance 0.2500, class 0.2500
Test instance 0.2500, class 0.2500
2026-06-24 18:40:03,562 - INFO - Best instance 0.3250, class 0.3250 (epoch 6)
Best instance 0.3250, class 0.3250 (epoch 6)
2026-06-24 18:40:03,578 - INFO - Epoch 177/200:
Epoch 177/200:
2026-06-24 18:40:06,214 - INFO - Train loss: 0.0122 (2.6s)
Train loss: 0.0122 (2.6s)
2026-06-24 18:40:06,465 - INFO - Test instance 0.2500, class 0.2500
Test instance 0.2500, class 0.2500
2026-06-24 18:40:06,466 - INFO - Best instance 0.3250, class 0.3250 (epoch 6)
Best instance 0.3250, class 0.3250 (epoch 6)
2026-06-24 18:40:06,482 - INFO - Epoch 178/200:
Epoch 178/200:
2026-06-24 18:40:09,126 - INFO - Train loss: 0.0116 (2.6s)
Train loss: 0.0116 (2.6s)
2026-06-24 18:40:09,380 - INFO - Test instance 0.2500, class 0.2500
Test instance 0.2500, class 0.2500
2026-06-24 18:40:09,380 - INFO - Best instance 0.3250, class 0.3250 (epoch 6)
Best instance 0.3250, class 0.3250 (epoch 6)
2026-06-24 18:40:09,397 - INFO - Epoch 179/200:
Epoch 179/200:
2026-06-24 18:40:11,994 - INFO - Train loss: 0.0114 (2.6s)
Train loss: 0.0114 (2.6s)
2026-06-24 18:40:12,241 - INFO - Test instance 0.2500, class 0.2500
Test instance 0.2500, class 0.2500
2026-06-24 18:40:12,242 - INFO - Best instance 0.3250, class 0.3250 (epoch 6)
Best instance 0.3250, class 0.3250 (epoch 6)
2026-06-24 18:40:12,259 - INFO - Epoch 180/200:
Epoch 180/200:
2026-06-24 18:40:14,871 - INFO - Train loss: 0.0117 (2.6s)
Train loss: 0.0117 (2.6s)
2026-06-24 18:40:15,123 - INFO - Test instance 0.2500, class 0.2500
Test instance 0.2500, class 0.2500
2026-06-24 18:40:15,123 - INFO - Best instance 0.3250, class 0.3250 (epoch 6)
Best instance 0.3250, class 0.3250 (epoch 6)
2026-06-24 18:40:15,140 - INFO - Epoch 181/200:
Epoch 181/200:
2026-06-24 18:40:17,746 - INFO - Train loss: 0.0120 (2.6s)
Train loss: 0.0120 (2.6s)
2026-06-24 18:40:17,988 - INFO - Test instance 0.2500, class 0.2500
Test instance 0.2500, class 0.2500
2026-06-24 18:40:17,988 - INFO - Best instance 0.3250, class 0.3250 (epoch 6)
Best instance 0.3250, class 0.3250 (epoch 6)
2026-06-24 18:40:18,004 - INFO - Epoch 182/200:
Epoch 182/200:
2026-06-24 18:40:20,631 - INFO - Train loss: 0.0123 (2.6s)
Train loss: 0.0123 (2.6s)
2026-06-24 18:40:20,883 - INFO - Test instance 0.2500, class 0.2500
Test instance 0.2500, class 0.2500
2026-06-24 18:40:20,883 - INFO - Best instance 0.3250, class 0.3250 (epoch 6)
Best instance 0.3250, class 0.3250 (epoch 6)
2026-06-24 18:40:20,900 - INFO - Epoch 183/200:
Epoch 183/200:
2026-06-24 18:40:23,508 - INFO - Train loss: 0.0122 (2.6s)
Train loss: 0.0122 (2.6s)
2026-06-24 18:40:23,769 - INFO - Test instance 0.2500, class 0.2500
Test instance 0.2500, class 0.2500
2026-06-24 18:40:23,770 - INFO - Best instance 0.3250, class 0.3250 (epoch 6)
Best instance 0.3250, class 0.3250 (epoch 6)
2026-06-24 18:40:23,788 - INFO - Epoch 184/200:
Epoch 184/200:
2026-06-24 18:40:26,379 - INFO - Train loss: 0.0115 (2.6s)
Train loss: 0.0115 (2.6s)
2026-06-24 18:40:26,623 - INFO - Test instance 0.2500, class 0.2500
Test instance 0.2500, class 0.2500
2026-06-24 18:40:26,623 - INFO - Best instance 0.3250, class 0.3250 (epoch 6)
Best instance 0.3250, class 0.3250 (epoch 6)
2026-06-24 18:40:26,639 - INFO - Epoch 185/200:
Epoch 185/200:
2026-06-24 18:40:29,249 - INFO - Train loss: 0.0107 (2.6s)
Train loss: 0.0107 (2.6s)
2026-06-24 18:40:29,491 - INFO - Test instance 0.2500, class 0.2500
Test instance 0.2500, class 0.2500
2026-06-24 18:40:29,492 - INFO - Best instance 0.3250, class 0.3250 (epoch 6)
Best instance 0.3250, class 0.3250 (epoch 6)
2026-06-24 18:40:29,508 - INFO - Epoch 186/200:
Epoch 186/200:
2026-06-24 18:40:32,098 - INFO - Train loss: 0.0111 (2.6s)
Train loss: 0.0111 (2.6s)
2026-06-24 18:40:32,338 - INFO - Test instance 0.2500, class 0.2500
Test instance 0.2500, class 0.2500
2026-06-24 18:40:32,338 - INFO - Best instance 0.3250, class 0.3250 (epoch 6)
Best instance 0.3250, class 0.3250 (epoch 6)
2026-06-24 18:40:32,354 - INFO - Epoch 187/200:
Epoch 187/200:
2026-06-24 18:40:34,936 - INFO - Train loss: 0.0115 (2.6s)
Train loss: 0.0115 (2.6s)
2026-06-24 18:40:35,177 - INFO - Test instance 0.2500, class 0.2500
Test instance 0.2500, class 0.2500
2026-06-24 18:40:35,178 - INFO - Best instance 0.3250, class 0.3250 (epoch 6)
Best instance 0.3250, class 0.3250 (epoch 6)
2026-06-24 18:40:35,194 - INFO - Epoch 188/200:
Epoch 188/200:
2026-06-24 18:40:37,789 - INFO - Train loss: 0.0121 (2.6s)
Train loss: 0.0121 (2.6s)
2026-06-24 18:40:38,030 - INFO - Test instance 0.2500, class 0.2500
Test instance 0.2500, class 0.2500
2026-06-24 18:40:38,030 - INFO - Best instance 0.3250, class 0.3250 (epoch 6)
Best instance 0.3250, class 0.3250 (epoch 6)
2026-06-24 18:40:38,049 - INFO - Epoch 189/200:
Epoch 189/200:
2026-06-24 18:40:40,657 - INFO - Train loss: 0.0116 (2.6s)
Train loss: 0.0116 (2.6s)
2026-06-24 18:40:40,897 - INFO - Test instance 0.2500, class 0.2500
Test instance 0.2500, class 0.2500
2026-06-24 18:40:40,897 - INFO - Best instance 0.3250, class 0.3250 (epoch 6)
Best instance 0.3250, class 0.3250 (epoch 6)
2026-06-24 18:40:40,914 - INFO - Epoch 190/200:
Epoch 190/200:
2026-06-24 18:40:43,541 - INFO - Train loss: 0.0125 (2.6s)
Train loss: 0.0125 (2.6s)
2026-06-24 18:40:43,782 - INFO - Test instance 0.2500, class 0.2500
Test instance 0.2500, class 0.2500
2026-06-24 18:40:43,782 - INFO - Best instance 0.3250, class 0.3250 (epoch 6)
Best instance 0.3250, class 0.3250 (epoch 6)
2026-06-24 18:40:43,798 - INFO - Epoch 191/200:
Epoch 191/200:
2026-06-24 18:40:46,379 - INFO - Train loss: 0.0105 (2.6s)
Train loss: 0.0105 (2.6s)
2026-06-24 18:40:46,625 - INFO - Test instance 0.2500, class 0.2500
Test instance 0.2500, class 0.2500
2026-06-24 18:40:46,625 - INFO - Best instance 0.3250, class 0.3250 (epoch 6)
Best instance 0.3250, class 0.3250 (epoch 6)
2026-06-24 18:40:46,642 - INFO - Epoch 192/200:
Epoch 192/200:
2026-06-24 18:40:49,229 - INFO - Train loss: 0.0103 (2.6s)
Train loss: 0.0103 (2.6s)
2026-06-24 18:40:49,474 - INFO - Test instance 0.2500, class 0.2500
Test instance 0.2500, class 0.2500
2026-06-24 18:40:49,474 - INFO - Best instance 0.3250, class 0.3250 (epoch 6)
Best instance 0.3250, class 0.3250 (epoch 6)
2026-06-24 18:40:49,491 - INFO - Epoch 193/200:
Epoch 193/200:
2026-06-24 18:40:52,076 - INFO - Train loss: 0.0115 (2.6s)
Train loss: 0.0115 (2.6s)
2026-06-24 18:40:52,320 - INFO - Test instance 0.2500, class 0.2500
Test instance 0.2500, class 0.2500
2026-06-24 18:40:52,321 - INFO - Best instance 0.3250, class 0.3250 (epoch 6)
Best instance 0.3250, class 0.3250 (epoch 6)
2026-06-24 18:40:52,337 - INFO - Epoch 194/200:
Epoch 194/200:
2026-06-24 18:40:54,947 - INFO - Train loss: 0.0112 (2.6s)
Train loss: 0.0112 (2.6s)
2026-06-24 18:40:55,202 - INFO - Test instance 0.2500, class 0.2500
Test instance 0.2500, class 0.2500
2026-06-24 18:40:55,203 - INFO - Best instance 0.3250, class 0.3250 (epoch 6)
Best instance 0.3250, class 0.3250 (epoch 6)
2026-06-24 18:40:55,219 - INFO - Epoch 195/200:
Epoch 195/200:
2026-06-24 18:40:57,823 - INFO - Train loss: 0.0102 (2.6s)
Train loss: 0.0102 (2.6s)
2026-06-24 18:40:58,073 - INFO - Test instance 0.2500, class 0.2500
Test instance 0.2500, class 0.2500
2026-06-24 18:40:58,073 - INFO - Best instance 0.3250, class 0.3250 (epoch 6)
Best instance 0.3250, class 0.3250 (epoch 6)
2026-06-24 18:40:58,091 - INFO - Epoch 196/200:
Epoch 196/200:
2026-06-24 18:41:00,692 - INFO - Train loss: 0.0107 (2.6s)
Train loss: 0.0107 (2.6s)
2026-06-24 18:41:00,948 - INFO - Test instance 0.2500, class 0.2500
Test instance 0.2500, class 0.2500
2026-06-24 18:41:00,948 - INFO - Best instance 0.3250, class 0.3250 (epoch 6)
Best instance 0.3250, class 0.3250 (epoch 6)
2026-06-24 18:41:00,965 - INFO - Epoch 197/200:
Epoch 197/200:
2026-06-24 18:41:03,625 - INFO - Train loss: 0.0108 (2.7s)
Train loss: 0.0108 (2.7s)
2026-06-24 18:41:03,875 - INFO - Test instance 0.2500, class 0.2500
Test instance 0.2500, class 0.2500
2026-06-24 18:41:03,875 - INFO - Best instance 0.3250, class 0.3250 (epoch 6)
Best instance 0.3250, class 0.3250 (epoch 6)
2026-06-24 18:41:03,891 - INFO - Epoch 198/200:
Epoch 198/200:
2026-06-24 18:41:06,503 - INFO - Train loss: 0.0098 (2.6s)
Train loss: 0.0098 (2.6s)
2026-06-24 18:41:06,744 - INFO - Test instance 0.2500, class 0.2500
Test instance 0.2500, class 0.2500
2026-06-24 18:41:06,744 - INFO - Best instance 0.3250, class 0.3250 (epoch 6)
Best instance 0.3250, class 0.3250 (epoch 6)
2026-06-24 18:41:06,761 - INFO - Epoch 199/200:
Epoch 199/200:
2026-06-24 18:41:09,366 - INFO - Train loss: 0.0090 (2.6s)
Train loss: 0.0090 (2.6s)
2026-06-24 18:41:09,614 - INFO - Test instance 0.2500, class 0.2500
Test instance 0.2500, class 0.2500
2026-06-24 18:41:09,614 - INFO - Best instance 0.3250, class 0.3250 (epoch 6)
Best instance 0.3250, class 0.3250 (epoch 6)
2026-06-24 18:41:09,630 - INFO - Epoch 200/200:
Epoch 200/200:
2026-06-24 18:41:12,260 - INFO - Train loss: 0.0100 (2.6s)
Train loss: 0.0100 (2.6s)
2026-06-24 18:41:12,508 - INFO - Test instance 0.2500, class 0.2500
Test instance 0.2500, class 0.2500
2026-06-24 18:41:12,509 - INFO - Best instance 0.3250, class 0.3250 (epoch 6)
Best instance 0.3250, class 0.3250 (epoch 6)
2026-06-24 18:41:32,641 - INFO - Student 1.42 MB, 59.17 ms
Student 1.42 MB, 59.17 ms
