[Wed Jun 24 18:48:27 EDT 2026] task 254 on GPU 0: python flkd/advanced_kd_train_classification.py --teacher_model pointnet2_cls_ssg --student_model small_pointnet2 --kd_strategy logit_mse --dataset craniosynostosis --seed 7 --batch_size 24 --epoch 200 --num_point 1024 --teacher_path "outputs/craniosynostosis/flkd/federated/classification/fl_pointnet2_cls_ssg_fedmedian_s7/checkpoints/best_model.pth" --log_dir kd_pointnet2_cls_ssg_fedmedian+logit_mse_small_pointnet2_s7  --data_root data --output_root outputs --num_workers -1 --max_runtime_hours 166.0
Loaded teacher from outputs/craniosynostosis/flkd/federated/classification/fl_pointnet2_cls_ssg_fedmedian_s7/checkpoints/best_model.pth
2026-06-24 18:52:44,346 - INFO - PARAMETER ...
2026-06-24 18:52:44,346 - INFO - {'use_cpu': False, 'no_amp': False, 'gpu': '0', 'num_workers': -1, 'batch_size': 24, 'teacher_model': 'pointnet2_cls_ssg', 'student_model': 'small_pointnet2', 'num_category': 4, 'dataset': 'craniosynostosis', 'data_root': 'data', 'output_root': 'outputs', 'train_split': 0.8, 'dataset_seed': 0, 'cache_dataset': True, 'min_class_samples': 1, 'epoch': 200, 'learning_rate': 0.001, 'num_point': 1024, 'optimizer': 'Adam', 'log_dir': 'kd_pointnet2_cls_ssg_fedmedian+logit_mse_small_pointnet2_s7', 'decay_rate': 0.0001, 'use_normals': False, 'process_data': False, 'use_uniform_sample': False, 'resume': True, 'kd_strategy': 'logit_mse', 'alpha': 0.5, 'temperature': 2.0, 'beta': 0.5, 'dkd_alpha': 1.0, 'dkd_beta': 8.0, 'crd_temperature': 0.07, 'teacher_path': 'outputs/craniosynostosis/flkd/federated/classification/fl_pointnet2_cls_ssg_fedmedian_s7/checkpoints/best_model.pth', 'teacher_paths': None, 'teacher_weights': None, 'use_hard_labels': 'on', 'unlabeled': False, 'temperature_sweep': None, 'seed': 7, 'max_runtime_hours': 166.0}
2026-06-24 18:52:44,347 - INFO - KD=logit_mse student=small_pointnet2 AMP=False use_hard=True unlabeled=False T=2.0
KD=logit_mse student=small_pointnet2 AMP=False use_hard=True unlabeled=False T=2.0
2026-06-24 18:52:44,354 - INFO - Epoch 1/200:
Epoch 1/200:
2026-06-24 18:52:50,038 - INFO - Train loss: 0.9429 (5.7s)
Train loss: 0.9429 (5.7s)
2026-06-24 18:52:50,754 - INFO - Test instance 0.2500, class 0.2500
Test instance 0.2500, class 0.2500
2026-06-24 18:52:50,775 - INFO - Best instance 0.2500, class 0.2500 (epoch 1)
Best instance 0.2500, class 0.2500 (epoch 1)
2026-06-24 18:52:50,791 - INFO - Epoch 2/200:
Epoch 2/200:
2026-06-24 18:52:53,525 - INFO - Train loss: 0.9387 (2.7s)
Train loss: 0.9387 (2.7s)
2026-06-24 18:52:53,794 - INFO - Test instance 0.2500, class 0.2500
Test instance 0.2500, class 0.2500
2026-06-24 18:52:53,794 - INFO - Best instance 0.2500, class 0.2500 (epoch 1)
Best instance 0.2500, class 0.2500 (epoch 1)
2026-06-24 18:52:53,812 - INFO - Epoch 3/200:
Epoch 3/200:
2026-06-24 18:52:56,508 - INFO - Train loss: 0.9031 (2.7s)
Train loss: 0.9031 (2.7s)
2026-06-24 18:52:56,765 - INFO - Test instance 0.2500, class 0.2500
Test instance 0.2500, class 0.2500
2026-06-24 18:52:56,765 - INFO - Best instance 0.2500, class 0.2500 (epoch 1)
Best instance 0.2500, class 0.2500 (epoch 1)
2026-06-24 18:52:56,782 - INFO - Epoch 4/200:
Epoch 4/200:
2026-06-24 18:52:59,524 - INFO - Train loss: 0.8782 (2.7s)
Train loss: 0.8782 (2.7s)
2026-06-24 18:52:59,794 - INFO - Test instance 0.2500, class 0.2500
Test instance 0.2500, class 0.2500
2026-06-24 18:52:59,794 - INFO - Best instance 0.2500, class 0.2500 (epoch 1)
Best instance 0.2500, class 0.2500 (epoch 1)
2026-06-24 18:52:59,812 - INFO - Epoch 5/200:
Epoch 5/200:
2026-06-24 18:53:02,546 - INFO - Train loss: 0.8508 (2.7s)
Train loss: 0.8508 (2.7s)
2026-06-24 18:53:02,824 - INFO - Test instance 0.2750, class 0.2750
Test instance 0.2750, class 0.2750
2026-06-24 18:53:02,841 - INFO - Best instance 0.2750, class 0.2750 (epoch 5)
Best instance 0.2750, class 0.2750 (epoch 5)
2026-06-24 18:53:02,857 - INFO - Epoch 6/200:
Epoch 6/200:
2026-06-24 18:53:05,585 - INFO - Train loss: 0.7972 (2.7s)
Train loss: 0.7972 (2.7s)
2026-06-24 18:53:05,851 - INFO - Test instance 0.2500, class 0.2500
Test instance 0.2500, class 0.2500
2026-06-24 18:53:05,852 - INFO - Best instance 0.2750, class 0.2750 (epoch 5)
Best instance 0.2750, class 0.2750 (epoch 5)
2026-06-24 18:53:05,869 - INFO - Epoch 7/200:
Epoch 7/200:
2026-06-24 18:53:08,585 - INFO - Train loss: 0.7921 (2.7s)
Train loss: 0.7921 (2.7s)
2026-06-24 18:53:08,853 - INFO - Test instance 0.2750, class 0.2750
Test instance 0.2750, class 0.2750
2026-06-24 18:53:08,853 - INFO - Best instance 0.2750, class 0.2750 (epoch 5)
Best instance 0.2750, class 0.2750 (epoch 5)
2026-06-24 18:53:08,871 - INFO - Epoch 8/200:
Epoch 8/200:
2026-06-24 18:53:11,586 - INFO - Train loss: 0.7361 (2.7s)
Train loss: 0.7361 (2.7s)
2026-06-24 18:53:11,847 - INFO - Test instance 0.2500, class 0.2500
Test instance 0.2500, class 0.2500
2026-06-24 18:53:11,847 - INFO - Best instance 0.2750, class 0.2750 (epoch 5)
Best instance 0.2750, class 0.2750 (epoch 5)
2026-06-24 18:53:11,865 - INFO - Epoch 9/200:
Epoch 9/200:
2026-06-24 18:53:14,598 - INFO - Train loss: 0.7299 (2.7s)
Train loss: 0.7299 (2.7s)
2026-06-24 18:53:14,861 - INFO - Test instance 0.3500, class 0.3500
Test instance 0.3500, class 0.3500
2026-06-24 18:53:14,878 - INFO - Best instance 0.3500, class 0.3500 (epoch 9)
Best instance 0.3500, class 0.3500 (epoch 9)
2026-06-24 18:53:14,896 - INFO - Epoch 10/200:
Epoch 10/200:
2026-06-24 18:53:17,615 - INFO - Train loss: 0.7060 (2.7s)
Train loss: 0.7060 (2.7s)
2026-06-24 18:53:17,873 - INFO - Test instance 0.5375, class 0.5375
Test instance 0.5375, class 0.5375
2026-06-24 18:53:17,892 - INFO - Best instance 0.5375, class 0.5375 (epoch 10)
Best instance 0.5375, class 0.5375 (epoch 10)
2026-06-24 18:53:17,909 - INFO - Epoch 11/200:
Epoch 11/200:
2026-06-24 18:53:20,639 - INFO - Train loss: 0.6927 (2.7s)
Train loss: 0.6927 (2.7s)
2026-06-24 18:53:20,901 - INFO - Test instance 0.3750, class 0.3750
Test instance 0.3750, class 0.3750
2026-06-24 18:53:20,901 - INFO - Best instance 0.5375, class 0.5375 (epoch 10)
Best instance 0.5375, class 0.5375 (epoch 10)
2026-06-24 18:53:20,918 - INFO - Epoch 12/200:
Epoch 12/200:
2026-06-24 18:53:23,628 - INFO - Train loss: 0.6819 (2.7s)
Train loss: 0.6819 (2.7s)
2026-06-24 18:53:23,897 - INFO - Test instance 0.6750, class 0.6750
Test instance 0.6750, class 0.6750
2026-06-24 18:53:23,914 - INFO - Best instance 0.6750, class 0.6750 (epoch 12)
Best instance 0.6750, class 0.6750 (epoch 12)
2026-06-24 18:53:23,931 - INFO - Epoch 13/200:
Epoch 13/200:
2026-06-24 18:53:26,646 - INFO - Train loss: 0.6753 (2.7s)
Train loss: 0.6753 (2.7s)
2026-06-24 18:53:26,915 - INFO - Test instance 0.3375, class 0.3375
Test instance 0.3375, class 0.3375
2026-06-24 18:53:26,915 - INFO - Best instance 0.6750, class 0.6750 (epoch 12)
Best instance 0.6750, class 0.6750 (epoch 12)
2026-06-24 18:53:26,933 - INFO - Epoch 14/200:
Epoch 14/200:
2026-06-24 18:53:29,685 - INFO - Train loss: 0.6614 (2.8s)
Train loss: 0.6614 (2.8s)
2026-06-24 18:53:29,959 - INFO - Test instance 0.7625, class 0.7625
Test instance 0.7625, class 0.7625
2026-06-24 18:53:29,979 - INFO - Best instance 0.7625, class 0.7625 (epoch 14)
Best instance 0.7625, class 0.7625 (epoch 14)
2026-06-24 18:53:29,997 - INFO - Epoch 15/200:
Epoch 15/200:
2026-06-24 18:53:32,707 - INFO - Train loss: 0.6515 (2.7s)
Train loss: 0.6515 (2.7s)
2026-06-24 18:53:32,971 - INFO - Test instance 0.6000, class 0.6000
Test instance 0.6000, class 0.6000
2026-06-24 18:53:32,971 - INFO - Best instance 0.7625, class 0.7625 (epoch 14)
Best instance 0.7625, class 0.7625 (epoch 14)
2026-06-24 18:53:32,988 - INFO - Epoch 16/200:
Epoch 16/200:
2026-06-24 18:53:35,735 - INFO - Train loss: 0.6388 (2.7s)
Train loss: 0.6388 (2.7s)
2026-06-24 18:53:35,997 - INFO - Test instance 0.6250, class 0.6250
Test instance 0.6250, class 0.6250
2026-06-24 18:53:35,997 - INFO - Best instance 0.7625, class 0.7625 (epoch 14)
Best instance 0.7625, class 0.7625 (epoch 14)
2026-06-24 18:53:36,016 - INFO - Epoch 17/200:
Epoch 17/200:
2026-06-24 18:53:38,737 - INFO - Train loss: 0.6331 (2.7s)
Train loss: 0.6331 (2.7s)
2026-06-24 18:53:39,000 - INFO - Test instance 0.3750, class 0.3750
Test instance 0.3750, class 0.3750
2026-06-24 18:53:39,000 - INFO - Best instance 0.7625, class 0.7625 (epoch 14)
Best instance 0.7625, class 0.7625 (epoch 14)
2026-06-24 18:53:39,019 - INFO - Epoch 18/200:
Epoch 18/200:
2026-06-24 18:53:41,743 - INFO - Train loss: 0.6557 (2.7s)
Train loss: 0.6557 (2.7s)
2026-06-24 18:53:42,007 - INFO - Test instance 0.5125, class 0.5125
Test instance 0.5125, class 0.5125
2026-06-24 18:53:42,007 - INFO - Best instance 0.7625, class 0.7625 (epoch 14)
Best instance 0.7625, class 0.7625 (epoch 14)
2026-06-24 18:53:42,027 - INFO - Epoch 19/200:
Epoch 19/200:
2026-06-24 18:53:44,730 - INFO - Train loss: 0.6364 (2.7s)
Train loss: 0.6364 (2.7s)
2026-06-24 18:53:44,992 - INFO - Test instance 0.6000, class 0.6000
Test instance 0.6000, class 0.6000
2026-06-24 18:53:44,992 - INFO - Best instance 0.7625, class 0.7625 (epoch 14)
Best instance 0.7625, class 0.7625 (epoch 14)
2026-06-24 18:53:45,010 - INFO - Epoch 20/200:
Epoch 20/200:
2026-06-24 18:53:47,719 - INFO - Train loss: 0.6037 (2.7s)
Train loss: 0.6037 (2.7s)
2026-06-24 18:53:47,983 - INFO - Test instance 0.5250, class 0.5250
Test instance 0.5250, class 0.5250
2026-06-24 18:53:47,984 - INFO - Best instance 0.7625, class 0.7625 (epoch 14)
Best instance 0.7625, class 0.7625 (epoch 14)
2026-06-24 18:53:48,003 - INFO - Epoch 21/200:
Epoch 21/200:
2026-06-24 18:53:50,730 - INFO - Train loss: 0.6204 (2.7s)
Train loss: 0.6204 (2.7s)
2026-06-24 18:53:50,990 - INFO - Test instance 0.5250, class 0.5250
Test instance 0.5250, class 0.5250
2026-06-24 18:53:50,990 - INFO - Best instance 0.7625, class 0.7625 (epoch 14)
Best instance 0.7625, class 0.7625 (epoch 14)
2026-06-24 18:53:51,007 - INFO - Epoch 22/200:
Epoch 22/200:
2026-06-24 18:53:53,729 - INFO - Train loss: 0.5980 (2.7s)
Train loss: 0.5980 (2.7s)
2026-06-24 18:53:53,994 - INFO - Test instance 0.4750, class 0.4750
Test instance 0.4750, class 0.4750
2026-06-24 18:53:53,994 - INFO - Best instance 0.7625, class 0.7625 (epoch 14)
Best instance 0.7625, class 0.7625 (epoch 14)
2026-06-24 18:53:54,013 - INFO - Epoch 23/200:
Epoch 23/200:
2026-06-24 18:53:56,734 - INFO - Train loss: 0.5797 (2.7s)
Train loss: 0.5797 (2.7s)
2026-06-24 18:53:56,996 - INFO - Test instance 0.6625, class 0.6625
Test instance 0.6625, class 0.6625
2026-06-24 18:53:56,997 - INFO - Best instance 0.7625, class 0.7625 (epoch 14)
Best instance 0.7625, class 0.7625 (epoch 14)
2026-06-24 18:53:57,015 - INFO - Epoch 24/200:
Epoch 24/200:
2026-06-24 18:53:59,751 - INFO - Train loss: 0.5906 (2.7s)
Train loss: 0.5906 (2.7s)
2026-06-24 18:54:00,018 - INFO - Test instance 0.8500, class 0.8500
Test instance 0.8500, class 0.8500
2026-06-24 18:54:00,035 - INFO - Best instance 0.8500, class 0.8500 (epoch 24)
Best instance 0.8500, class 0.8500 (epoch 24)
2026-06-24 18:54:00,052 - INFO - Epoch 25/200:
Epoch 25/200:
2026-06-24 18:54:02,824 - INFO - Train loss: 0.5831 (2.8s)
Train loss: 0.5831 (2.8s)
2026-06-24 18:54:03,089 - INFO - Test instance 0.7000, class 0.7000
Test instance 0.7000, class 0.7000
2026-06-24 18:54:03,090 - INFO - Best instance 0.8500, class 0.8500 (epoch 24)
Best instance 0.8500, class 0.8500 (epoch 24)
2026-06-24 18:54:03,109 - INFO - Epoch 26/200:
Epoch 26/200:
2026-06-24 18:54:05,801 - INFO - Train loss: 0.5683 (2.7s)
Train loss: 0.5683 (2.7s)
2026-06-24 18:54:06,058 - INFO - Test instance 0.7125, class 0.7125
Test instance 0.7125, class 0.7125
2026-06-24 18:54:06,058 - INFO - Best instance 0.8500, class 0.8500 (epoch 24)
Best instance 0.8500, class 0.8500 (epoch 24)
2026-06-24 18:54:06,077 - INFO - Epoch 27/200:
Epoch 27/200:
2026-06-24 18:54:08,776 - INFO - Train loss: 0.5728 (2.7s)
Train loss: 0.5728 (2.7s)
2026-06-24 18:54:09,042 - INFO - Test instance 0.5750, class 0.5750
Test instance 0.5750, class 0.5750
2026-06-24 18:54:09,042 - INFO - Best instance 0.8500, class 0.8500 (epoch 24)
Best instance 0.8500, class 0.8500 (epoch 24)
2026-06-24 18:54:09,059 - INFO - Epoch 28/200:
Epoch 28/200:
2026-06-24 18:54:11,779 - INFO - Train loss: 0.5935 (2.7s)
Train loss: 0.5935 (2.7s)
2026-06-24 18:54:12,049 - INFO - Test instance 0.7250, class 0.7250
Test instance 0.7250, class 0.7250
2026-06-24 18:54:12,049 - INFO - Best instance 0.8500, class 0.8500 (epoch 24)
Best instance 0.8500, class 0.8500 (epoch 24)
2026-06-24 18:54:12,068 - INFO - Epoch 29/200:
Epoch 29/200:
2026-06-24 18:54:14,770 - INFO - Train loss: 0.5764 (2.7s)
Train loss: 0.5764 (2.7s)
2026-06-24 18:54:15,030 - INFO - Test instance 0.8000, class 0.8000
Test instance 0.8000, class 0.8000
2026-06-24 18:54:15,031 - INFO - Best instance 0.8500, class 0.8500 (epoch 24)
Best instance 0.8500, class 0.8500 (epoch 24)
2026-06-24 18:54:15,049 - INFO - Epoch 30/200:
Epoch 30/200:
2026-06-24 18:54:17,774 - INFO - Train loss: 0.5854 (2.7s)
Train loss: 0.5854 (2.7s)
2026-06-24 18:54:18,040 - INFO - Test instance 0.7625, class 0.7625
Test instance 0.7625, class 0.7625
2026-06-24 18:54:18,040 - INFO - Best instance 0.8500, class 0.8500 (epoch 24)
Best instance 0.8500, class 0.8500 (epoch 24)
2026-06-24 18:54:18,057 - INFO - Epoch 31/200:
Epoch 31/200:
2026-06-24 18:54:20,790 - INFO - Train loss: 0.5769 (2.7s)
Train loss: 0.5769 (2.7s)
2026-06-24 18:54:21,057 - INFO - Test instance 0.7625, class 0.7625
Test instance 0.7625, class 0.7625
2026-06-24 18:54:21,057 - INFO - Best instance 0.8500, class 0.8500 (epoch 24)
Best instance 0.8500, class 0.8500 (epoch 24)
2026-06-24 18:54:21,074 - INFO - Epoch 32/200:
Epoch 32/200:
2026-06-24 18:54:23,796 - INFO - Train loss: 0.5571 (2.7s)
Train loss: 0.5571 (2.7s)
2026-06-24 18:54:24,055 - INFO - Test instance 0.8375, class 0.8375
Test instance 0.8375, class 0.8375
2026-06-24 18:54:24,055 - INFO - Best instance 0.8500, class 0.8500 (epoch 24)
Best instance 0.8500, class 0.8500 (epoch 24)
2026-06-24 18:54:24,072 - INFO - Epoch 33/200:
Epoch 33/200:
2026-06-24 18:54:26,787 - INFO - Train loss: 0.5636 (2.7s)
Train loss: 0.5636 (2.7s)
2026-06-24 18:54:27,062 - INFO - Test instance 0.9000, class 0.9000
Test instance 0.9000, class 0.9000
2026-06-24 18:54:27,079 - INFO - Best instance 0.9000, class 0.9000 (epoch 33)
Best instance 0.9000, class 0.9000 (epoch 33)
2026-06-24 18:54:27,097 - INFO - Epoch 34/200:
Epoch 34/200:
2026-06-24 18:54:29,831 - INFO - Train loss: 0.5709 (2.7s)
Train loss: 0.5709 (2.7s)
2026-06-24 18:54:30,091 - INFO - Test instance 0.7000, class 0.7000
Test instance 0.7000, class 0.7000
2026-06-24 18:54:30,091 - INFO - Best instance 0.9000, class 0.9000 (epoch 33)
Best instance 0.9000, class 0.9000 (epoch 33)
2026-06-24 18:54:30,108 - INFO - Epoch 35/200:
Epoch 35/200:
2026-06-24 18:54:32,822 - INFO - Train loss: 0.5568 (2.7s)
Train loss: 0.5568 (2.7s)
2026-06-24 18:54:33,087 - INFO - Test instance 0.7875, class 0.7875
Test instance 0.7875, class 0.7875
2026-06-24 18:54:33,088 - INFO - Best instance 0.9000, class 0.9000 (epoch 33)
Best instance 0.9000, class 0.9000 (epoch 33)
2026-06-24 18:54:33,105 - INFO - Epoch 36/200:
Epoch 36/200:
2026-06-24 18:54:35,851 - INFO - Train loss: 0.5567 (2.7s)
Train loss: 0.5567 (2.7s)
2026-06-24 18:54:36,107 - INFO - Test instance 0.6125, class 0.6125
Test instance 0.6125, class 0.6125
2026-06-24 18:54:36,108 - INFO - Best instance 0.9000, class 0.9000 (epoch 33)
Best instance 0.9000, class 0.9000 (epoch 33)
2026-06-24 18:54:36,125 - INFO - Epoch 37/200:
Epoch 37/200:
2026-06-24 18:54:38,843 - INFO - Train loss: 0.5443 (2.7s)
Train loss: 0.5443 (2.7s)
2026-06-24 18:54:39,109 - INFO - Test instance 0.8500, class 0.8500
Test instance 0.8500, class 0.8500
2026-06-24 18:54:39,110 - INFO - Best instance 0.9000, class 0.9000 (epoch 33)
Best instance 0.9000, class 0.9000 (epoch 33)
2026-06-24 18:54:39,128 - INFO - Epoch 38/200:
Epoch 38/200:
2026-06-24 18:54:41,859 - INFO - Train loss: 0.5499 (2.7s)
Train loss: 0.5499 (2.7s)
2026-06-24 18:54:42,121 - INFO - Test instance 0.8250, class 0.8250
Test instance 0.8250, class 0.8250
2026-06-24 18:54:42,121 - INFO - Best instance 0.9000, class 0.9000 (epoch 33)
Best instance 0.9000, class 0.9000 (epoch 33)
2026-06-24 18:54:42,140 - INFO - Epoch 39/200:
Epoch 39/200:
2026-06-24 18:54:44,867 - INFO - Train loss: 0.5556 (2.7s)
Train loss: 0.5556 (2.7s)
2026-06-24 18:54:45,125 - INFO - Test instance 0.8125, class 0.8125
Test instance 0.8125, class 0.8125
2026-06-24 18:54:45,126 - INFO - Best instance 0.9000, class 0.9000 (epoch 33)
Best instance 0.9000, class 0.9000 (epoch 33)
2026-06-24 18:54:45,143 - INFO - Epoch 40/200:
Epoch 40/200:
2026-06-24 18:54:47,844 - INFO - Train loss: 0.5619 (2.7s)
Train loss: 0.5619 (2.7s)
2026-06-24 18:54:48,114 - INFO - Test instance 0.7000, class 0.7000
Test instance 0.7000, class 0.7000
2026-06-24 18:54:48,115 - INFO - Best instance 0.9000, class 0.9000 (epoch 33)
Best instance 0.9000, class 0.9000 (epoch 33)
2026-06-24 18:54:48,132 - INFO - Epoch 41/200:
Epoch 41/200:
2026-06-24 18:54:50,851 - INFO - Train loss: 0.5399 (2.7s)
Train loss: 0.5399 (2.7s)
2026-06-24 18:54:51,122 - INFO - Test instance 0.8875, class 0.8875
Test instance 0.8875, class 0.8875
2026-06-24 18:54:51,123 - INFO - Best instance 0.9000, class 0.9000 (epoch 33)
Best instance 0.9000, class 0.9000 (epoch 33)
2026-06-24 18:54:51,140 - INFO - Epoch 42/200:
Epoch 42/200:
2026-06-24 18:54:53,855 - INFO - Train loss: 0.5480 (2.7s)
Train loss: 0.5480 (2.7s)
2026-06-24 18:54:54,127 - INFO - Test instance 0.7750, class 0.7750
Test instance 0.7750, class 0.7750
2026-06-24 18:54:54,127 - INFO - Best instance 0.9000, class 0.9000 (epoch 33)
Best instance 0.9000, class 0.9000 (epoch 33)
2026-06-24 18:54:54,148 - INFO - Epoch 43/200:
Epoch 43/200:
2026-06-24 18:54:56,890 - INFO - Train loss: 0.5516 (2.7s)
Train loss: 0.5516 (2.7s)
2026-06-24 18:54:57,159 - INFO - Test instance 0.8750, class 0.8750
Test instance 0.8750, class 0.8750
2026-06-24 18:54:57,160 - INFO - Best instance 0.9000, class 0.9000 (epoch 33)
Best instance 0.9000, class 0.9000 (epoch 33)
2026-06-24 18:54:57,177 - INFO - Epoch 44/200:
Epoch 44/200:
2026-06-24 18:54:59,896 - INFO - Train loss: 0.5338 (2.7s)
Train loss: 0.5338 (2.7s)
2026-06-24 18:55:00,164 - INFO - Test instance 0.7625, class 0.7625
Test instance 0.7625, class 0.7625
2026-06-24 18:55:00,165 - INFO - Best instance 0.9000, class 0.9000 (epoch 33)
Best instance 0.9000, class 0.9000 (epoch 33)
2026-06-24 18:55:00,183 - INFO - Epoch 45/200:
Epoch 45/200:
2026-06-24 18:55:02,955 - INFO - Train loss: 0.5332 (2.8s)
Train loss: 0.5332 (2.8s)
2026-06-24 18:55:03,220 - INFO - Test instance 0.7500, class 0.7500
Test instance 0.7500, class 0.7500
2026-06-24 18:55:03,220 - INFO - Best instance 0.9000, class 0.9000 (epoch 33)
Best instance 0.9000, class 0.9000 (epoch 33)
2026-06-24 18:55:03,238 - INFO - Epoch 46/200:
Epoch 46/200:
2026-06-24 18:55:05,956 - INFO - Train loss: 0.5315 (2.7s)
Train loss: 0.5315 (2.7s)
2026-06-24 18:55:06,228 - INFO - Test instance 0.8125, class 0.8125
Test instance 0.8125, class 0.8125
2026-06-24 18:55:06,228 - INFO - Best instance 0.9000, class 0.9000 (epoch 33)
Best instance 0.9000, class 0.9000 (epoch 33)
2026-06-24 18:55:06,245 - INFO - Epoch 47/200:
Epoch 47/200:
2026-06-24 18:55:08,963 - INFO - Train loss: 0.5271 (2.7s)
Train loss: 0.5271 (2.7s)
2026-06-24 18:55:09,229 - INFO - Test instance 0.8375, class 0.8375
Test instance 0.8375, class 0.8375
2026-06-24 18:55:09,230 - INFO - Best instance 0.9000, class 0.9000 (epoch 33)
Best instance 0.9000, class 0.9000 (epoch 33)
2026-06-24 18:55:09,248 - INFO - Epoch 48/200:
Epoch 48/200:
2026-06-24 18:55:11,976 - INFO - Train loss: 0.5301 (2.7s)
Train loss: 0.5301 (2.7s)
2026-06-24 18:55:12,249 - INFO - Test instance 0.7750, class 0.7750
Test instance 0.7750, class 0.7750
2026-06-24 18:55:12,250 - INFO - Best instance 0.9000, class 0.9000 (epoch 33)
Best instance 0.9000, class 0.9000 (epoch 33)
2026-06-24 18:55:12,267 - INFO - Epoch 49/200:
Epoch 49/200:
2026-06-24 18:55:14,987 - INFO - Train loss: 0.5308 (2.7s)
Train loss: 0.5308 (2.7s)
2026-06-24 18:55:15,249 - INFO - Test instance 0.8125, class 0.8125
Test instance 0.8125, class 0.8125
2026-06-24 18:55:15,249 - INFO - Best instance 0.9000, class 0.9000 (epoch 33)
Best instance 0.9000, class 0.9000 (epoch 33)
2026-06-24 18:55:15,267 - INFO - Epoch 50/200:
Epoch 50/200:
2026-06-24 18:55:17,984 - INFO - Train loss: 0.5380 (2.7s)
Train loss: 0.5380 (2.7s)
2026-06-24 18:55:18,241 - INFO - Test instance 0.9000, class 0.9000
Test instance 0.9000, class 0.9000
2026-06-24 18:55:18,242 - INFO - Best instance 0.9000, class 0.9000 (epoch 33)
Best instance 0.9000, class 0.9000 (epoch 33)
2026-06-24 18:55:18,259 - INFO - Epoch 51/200:
Epoch 51/200:
2026-06-24 18:55:20,965 - INFO - Train loss: 0.5408 (2.7s)
Train loss: 0.5408 (2.7s)
2026-06-24 18:55:21,223 - INFO - Test instance 0.8250, class 0.8250
Test instance 0.8250, class 0.8250
2026-06-24 18:55:21,223 - INFO - Best instance 0.9000, class 0.9000 (epoch 33)
Best instance 0.9000, class 0.9000 (epoch 33)
2026-06-24 18:55:21,241 - INFO - Epoch 52/200:
Epoch 52/200:
2026-06-24 18:55:23,966 - INFO - Train loss: 0.5401 (2.7s)
Train loss: 0.5401 (2.7s)
2026-06-24 18:55:24,237 - INFO - Test instance 0.7250, class 0.7250
Test instance 0.7250, class 0.7250
2026-06-24 18:55:24,238 - INFO - Best instance 0.9000, class 0.9000 (epoch 33)
Best instance 0.9000, class 0.9000 (epoch 33)
2026-06-24 18:55:24,256 - INFO - Epoch 53/200:
Epoch 53/200:
2026-06-24 18:55:26,981 - INFO - Train loss: 0.5405 (2.7s)
Train loss: 0.5405 (2.7s)
2026-06-24 18:55:27,246 - INFO - Test instance 0.8250, class 0.8250
Test instance 0.8250, class 0.8250
2026-06-24 18:55:27,246 - INFO - Best instance 0.9000, class 0.9000 (epoch 33)
Best instance 0.9000, class 0.9000 (epoch 33)
2026-06-24 18:55:27,264 - INFO - Epoch 54/200:
Epoch 54/200:
2026-06-24 18:55:30,004 - INFO - Train loss: 0.5258 (2.7s)
Train loss: 0.5258 (2.7s)
2026-06-24 18:55:30,274 - INFO - Test instance 0.8875, class 0.8875
Test instance 0.8875, class 0.8875
2026-06-24 18:55:30,274 - INFO - Best instance 0.9000, class 0.9000 (epoch 33)
Best instance 0.9000, class 0.9000 (epoch 33)
2026-06-24 18:55:30,291 - INFO - Epoch 55/200:
Epoch 55/200:
2026-06-24 18:55:32,967 - INFO - Train loss: 0.5236 (2.7s)
Train loss: 0.5236 (2.7s)
2026-06-24 18:55:33,226 - INFO - Test instance 0.7625, class 0.7625
Test instance 0.7625, class 0.7625
2026-06-24 18:55:33,226 - INFO - Best instance 0.9000, class 0.9000 (epoch 33)
Best instance 0.9000, class 0.9000 (epoch 33)
2026-06-24 18:55:33,244 - INFO - Epoch 56/200:
Epoch 56/200:
2026-06-24 18:55:35,970 - INFO - Train loss: 0.5297 (2.7s)
Train loss: 0.5297 (2.7s)
2026-06-24 18:55:36,227 - INFO - Test instance 0.8125, class 0.8125
Test instance 0.8125, class 0.8125
2026-06-24 18:55:36,228 - INFO - Best instance 0.9000, class 0.9000 (epoch 33)
Best instance 0.9000, class 0.9000 (epoch 33)
2026-06-24 18:55:36,245 - INFO - Epoch 57/200:
Epoch 57/200:
2026-06-24 18:55:38,974 - INFO - Train loss: 0.5266 (2.7s)
Train loss: 0.5266 (2.7s)
2026-06-24 18:55:39,237 - INFO - Test instance 0.8500, class 0.8500
Test instance 0.8500, class 0.8500
2026-06-24 18:55:39,237 - INFO - Best instance 0.9000, class 0.9000 (epoch 33)
Best instance 0.9000, class 0.9000 (epoch 33)
2026-06-24 18:55:39,255 - INFO - Epoch 58/200:
Epoch 58/200:
2026-06-24 18:55:41,972 - INFO - Train loss: 0.5530 (2.7s)
Train loss: 0.5530 (2.7s)
2026-06-24 18:55:42,235 - INFO - Test instance 0.8000, class 0.8000
Test instance 0.8000, class 0.8000
2026-06-24 18:55:42,235 - INFO - Best instance 0.9000, class 0.9000 (epoch 33)
Best instance 0.9000, class 0.9000 (epoch 33)
2026-06-24 18:55:42,253 - INFO - Epoch 59/200:
Epoch 59/200:
2026-06-24 18:55:44,958 - INFO - Train loss: 0.5223 (2.7s)
Train loss: 0.5223 (2.7s)
2026-06-24 18:55:45,216 - INFO - Test instance 0.9250, class 0.9250
Test instance 0.9250, class 0.9250
2026-06-24 18:55:45,234 - INFO - Best instance 0.9250, class 0.9250 (epoch 59)
Best instance 0.9250, class 0.9250 (epoch 59)
2026-06-24 18:55:45,282 - INFO - Epoch 60/200:
Epoch 60/200:
2026-06-24 18:55:47,990 - INFO - Train loss: 0.5398 (2.7s)
Train loss: 0.5398 (2.7s)
2026-06-24 18:55:48,257 - INFO - Test instance 0.8000, class 0.8000
Test instance 0.8000, class 0.8000
2026-06-24 18:55:48,257 - INFO - Best instance 0.9250, class 0.9250 (epoch 59)
Best instance 0.9250, class 0.9250 (epoch 59)
2026-06-24 18:55:48,276 - INFO - Epoch 61/200:
Epoch 61/200:
2026-06-24 18:55:50,996 - INFO - Train loss: 0.5133 (2.7s)
Train loss: 0.5133 (2.7s)
2026-06-24 18:55:51,262 - INFO - Test instance 0.9250, class 0.9250
Test instance 0.9250, class 0.9250
2026-06-24 18:55:51,262 - INFO - Best instance 0.9250, class 0.9250 (epoch 59)
Best instance 0.9250, class 0.9250 (epoch 59)
2026-06-24 18:55:51,280 - INFO - Epoch 62/200:
Epoch 62/200:
2026-06-24 18:55:53,964 - INFO - Train loss: 0.5158 (2.7s)
Train loss: 0.5158 (2.7s)
2026-06-24 18:55:54,224 - INFO - Test instance 0.9250, class 0.9250
Test instance 0.9250, class 0.9250
2026-06-24 18:55:54,225 - INFO - Best instance 0.9250, class 0.9250 (epoch 59)
Best instance 0.9250, class 0.9250 (epoch 59)
2026-06-24 18:55:54,243 - INFO - Epoch 63/200:
Epoch 63/200:
2026-06-24 18:55:56,986 - INFO - Train loss: 0.5271 (2.7s)
Train loss: 0.5271 (2.7s)
2026-06-24 18:55:57,260 - INFO - Test instance 0.9125, class 0.9125
Test instance 0.9125, class 0.9125
2026-06-24 18:55:57,260 - INFO - Best instance 0.9250, class 0.9250 (epoch 59)
Best instance 0.9250, class 0.9250 (epoch 59)
2026-06-24 18:55:57,279 - INFO - Epoch 64/200:
Epoch 64/200:
2026-06-24 18:56:00,000 - INFO - Train loss: 0.5279 (2.7s)
Train loss: 0.5279 (2.7s)
2026-06-24 18:56:00,259 - INFO - Test instance 0.8750, class 0.8750
Test instance 0.8750, class 0.8750
2026-06-24 18:56:00,259 - INFO - Best instance 0.9250, class 0.9250 (epoch 59)
Best instance 0.9250, class 0.9250 (epoch 59)
2026-06-24 18:56:00,276 - INFO - Epoch 65/200:
Epoch 65/200:
2026-06-24 18:56:03,042 - INFO - Train loss: 0.5043 (2.8s)
Train loss: 0.5043 (2.8s)
2026-06-24 18:56:03,299 - INFO - Test instance 0.9125, class 0.9125
Test instance 0.9125, class 0.9125
2026-06-24 18:56:03,299 - INFO - Best instance 0.9250, class 0.9250 (epoch 59)
Best instance 0.9250, class 0.9250 (epoch 59)
2026-06-24 18:56:03,316 - INFO - Epoch 66/200:
Epoch 66/200:
2026-06-24 18:56:06,050 - INFO - Train loss: 0.5095 (2.7s)
Train loss: 0.5095 (2.7s)
2026-06-24 18:56:06,315 - INFO - Test instance 0.8750, class 0.8750
Test instance 0.8750, class 0.8750
2026-06-24 18:56:06,315 - INFO - Best instance 0.9250, class 0.9250 (epoch 59)
Best instance 0.9250, class 0.9250 (epoch 59)
2026-06-24 18:56:06,333 - INFO - Epoch 67/200:
Epoch 67/200:
2026-06-24 18:56:09,035 - INFO - Train loss: 0.5259 (2.7s)
Train loss: 0.5259 (2.7s)
2026-06-24 18:56:09,307 - INFO - Test instance 0.9000, class 0.9000
Test instance 0.9000, class 0.9000
2026-06-24 18:56:09,307 - INFO - Best instance 0.9250, class 0.9250 (epoch 59)
Best instance 0.9250, class 0.9250 (epoch 59)
2026-06-24 18:56:09,325 - INFO - Epoch 68/200:
Epoch 68/200:
2026-06-24 18:56:12,038 - INFO - Train loss: 0.5152 (2.7s)
Train loss: 0.5152 (2.7s)
2026-06-24 18:56:12,302 - INFO - Test instance 0.8750, class 0.8750
Test instance 0.8750, class 0.8750
2026-06-24 18:56:12,302 - INFO - Best instance 0.9250, class 0.9250 (epoch 59)
Best instance 0.9250, class 0.9250 (epoch 59)
2026-06-24 18:56:12,320 - INFO - Epoch 69/200:
Epoch 69/200:
2026-06-24 18:56:15,016 - INFO - Train loss: 0.5174 (2.7s)
Train loss: 0.5174 (2.7s)
2026-06-24 18:56:15,274 - INFO - Test instance 0.9125, class 0.9125
Test instance 0.9125, class 0.9125
2026-06-24 18:56:15,274 - INFO - Best instance 0.9250, class 0.9250 (epoch 59)
Best instance 0.9250, class 0.9250 (epoch 59)
2026-06-24 18:56:15,292 - INFO - Epoch 70/200:
Epoch 70/200:
2026-06-24 18:56:18,012 - INFO - Train loss: 0.5120 (2.7s)
Train loss: 0.5120 (2.7s)
2026-06-24 18:56:18,272 - INFO - Test instance 0.8625, class 0.8625
Test instance 0.8625, class 0.8625
2026-06-24 18:56:18,272 - INFO - Best instance 0.9250, class 0.9250 (epoch 59)
Best instance 0.9250, class 0.9250 (epoch 59)
2026-06-24 18:56:18,292 - INFO - Epoch 71/200:
Epoch 71/200:
2026-06-24 18:56:21,021 - INFO - Train loss: 0.5118 (2.7s)
Train loss: 0.5118 (2.7s)
2026-06-24 18:56:21,280 - INFO - Test instance 0.9125, class 0.9125
Test instance 0.9125, class 0.9125
2026-06-24 18:56:21,280 - INFO - Best instance 0.9250, class 0.9250 (epoch 59)
Best instance 0.9250, class 0.9250 (epoch 59)
2026-06-24 18:56:21,297 - INFO - Epoch 72/200:
Epoch 72/200:
2026-06-24 18:56:24,017 - INFO - Train loss: 0.5061 (2.7s)
Train loss: 0.5061 (2.7s)
2026-06-24 18:56:24,281 - INFO - Test instance 0.9000, class 0.9000
Test instance 0.9000, class 0.9000
2026-06-24 18:56:24,282 - INFO - Best instance 0.9250, class 0.9250 (epoch 59)
Best instance 0.9250, class 0.9250 (epoch 59)
2026-06-24 18:56:24,301 - INFO - Epoch 73/200:
Epoch 73/200:
2026-06-24 18:56:27,022 - INFO - Train loss: 0.5234 (2.7s)
Train loss: 0.5234 (2.7s)
2026-06-24 18:56:27,278 - INFO - Test instance 0.8125, class 0.8125
Test instance 0.8125, class 0.8125
2026-06-24 18:56:27,279 - INFO - Best instance 0.9250, class 0.9250 (epoch 59)
Best instance 0.9250, class 0.9250 (epoch 59)
2026-06-24 18:56:27,297 - INFO - Epoch 74/200:
Epoch 74/200:
2026-06-24 18:56:30,021 - INFO - Train loss: 0.5245 (2.7s)
Train loss: 0.5245 (2.7s)
2026-06-24 18:56:30,284 - INFO - Test instance 0.8500, class 0.8500
Test instance 0.8500, class 0.8500
2026-06-24 18:56:30,284 - INFO - Best instance 0.9250, class 0.9250 (epoch 59)
Best instance 0.9250, class 0.9250 (epoch 59)
2026-06-24 18:56:30,302 - INFO - Epoch 75/200:
Epoch 75/200:
2026-06-24 18:56:33,029 - INFO - Train loss: 0.5259 (2.7s)
Train loss: 0.5259 (2.7s)
2026-06-24 18:56:33,293 - INFO - Test instance 0.8875, class 0.8875
Test instance 0.8875, class 0.8875
2026-06-24 18:56:33,293 - INFO - Best instance 0.9250, class 0.9250 (epoch 59)
Best instance 0.9250, class 0.9250 (epoch 59)
2026-06-24 18:56:33,312 - INFO - Epoch 76/200:
Epoch 76/200:
2026-06-24 18:56:36,014 - INFO - Train loss: 0.5099 (2.7s)
Train loss: 0.5099 (2.7s)
2026-06-24 18:56:36,288 - INFO - Test instance 0.8375, class 0.8375
Test instance 0.8375, class 0.8375
2026-06-24 18:56:36,288 - INFO - Best instance 0.9250, class 0.9250 (epoch 59)
Best instance 0.9250, class 0.9250 (epoch 59)
2026-06-24 18:56:36,306 - INFO - Epoch 77/200:
Epoch 77/200:
2026-06-24 18:56:39,042 - INFO - Train loss: 0.5190 (2.7s)
Train loss: 0.5190 (2.7s)
2026-06-24 18:56:39,325 - INFO - Test instance 0.9000, class 0.9000
Test instance 0.9000, class 0.9000
2026-06-24 18:56:39,325 - INFO - Best instance 0.9250, class 0.9250 (epoch 59)
Best instance 0.9250, class 0.9250 (epoch 59)
2026-06-24 18:56:39,344 - INFO - Epoch 78/200:
Epoch 78/200:
2026-06-24 18:56:42,061 - INFO - Train loss: 0.5010 (2.7s)
Train loss: 0.5010 (2.7s)
2026-06-24 18:56:42,328 - INFO - Test instance 0.9125, class 0.9125
Test instance 0.9125, class 0.9125
2026-06-24 18:56:42,328 - INFO - Best instance 0.9250, class 0.9250 (epoch 59)
Best instance 0.9250, class 0.9250 (epoch 59)
2026-06-24 18:56:42,348 - INFO - Epoch 79/200:
Epoch 79/200:
2026-06-24 18:56:45,076 - INFO - Train loss: 0.5086 (2.7s)
Train loss: 0.5086 (2.7s)
2026-06-24 18:56:45,335 - INFO - Test instance 0.8625, class 0.8625
Test instance 0.8625, class 0.8625
2026-06-24 18:56:45,336 - INFO - Best instance 0.9250, class 0.9250 (epoch 59)
Best instance 0.9250, class 0.9250 (epoch 59)
2026-06-24 18:56:45,355 - INFO - Epoch 80/200:
Epoch 80/200:
2026-06-24 18:56:48,070 - INFO - Train loss: 0.5061 (2.7s)
Train loss: 0.5061 (2.7s)
2026-06-24 18:56:48,338 - INFO - Test instance 0.8750, class 0.8750
Test instance 0.8750, class 0.8750
2026-06-24 18:56:48,339 - INFO - Best instance 0.9250, class 0.9250 (epoch 59)
Best instance 0.9250, class 0.9250 (epoch 59)
2026-06-24 18:56:48,357 - INFO - Epoch 81/200:
Epoch 81/200:
2026-06-24 18:56:51,076 - INFO - Train loss: 0.5133 (2.7s)
Train loss: 0.5133 (2.7s)
2026-06-24 18:56:51,340 - INFO - Test instance 0.9000, class 0.9000
Test instance 0.9000, class 0.9000
2026-06-24 18:56:51,341 - INFO - Best instance 0.9250, class 0.9250 (epoch 59)
Best instance 0.9250, class 0.9250 (epoch 59)
2026-06-24 18:56:51,359 - INFO - Epoch 82/200:
Epoch 82/200:
2026-06-24 18:56:54,093 - INFO - Train loss: 0.5389 (2.7s)
Train loss: 0.5389 (2.7s)
2026-06-24 18:56:54,354 - INFO - Test instance 0.9250, class 0.9250
Test instance 0.9250, class 0.9250
2026-06-24 18:56:54,355 - INFO - Best instance 0.9250, class 0.9250 (epoch 59)
Best instance 0.9250, class 0.9250 (epoch 59)
2026-06-24 18:56:54,374 - INFO - Epoch 83/200:
Epoch 83/200:
2026-06-24 18:56:57,081 - INFO - Train loss: 0.5117 (2.7s)
Train loss: 0.5117 (2.7s)
2026-06-24 18:56:57,350 - INFO - Test instance 0.9375, class 0.9375
Test instance 0.9375, class 0.9375
2026-06-24 18:56:57,368 - INFO - Best instance 0.9375, class 0.9375 (epoch 83)
Best instance 0.9375, class 0.9375 (epoch 83)
2026-06-24 18:56:57,386 - INFO - Epoch 84/200:
Epoch 84/200:
2026-06-24 18:57:00,115 - INFO - Train loss: 0.5243 (2.7s)
Train loss: 0.5243 (2.7s)
2026-06-24 18:57:00,382 - INFO - Test instance 0.9000, class 0.9000
Test instance 0.9000, class 0.9000
2026-06-24 18:57:00,383 - INFO - Best instance 0.9375, class 0.9375 (epoch 83)
Best instance 0.9375, class 0.9375 (epoch 83)
2026-06-24 18:57:00,403 - INFO - Epoch 85/200:
Epoch 85/200:
2026-06-24 18:57:03,184 - INFO - Train loss: 0.4841 (2.8s)
Train loss: 0.4841 (2.8s)
2026-06-24 18:57:03,443 - INFO - Test instance 0.8625, class 0.8625
Test instance 0.8625, class 0.8625
2026-06-24 18:57:03,443 - INFO - Best instance 0.9375, class 0.9375 (epoch 83)
Best instance 0.9375, class 0.9375 (epoch 83)
2026-06-24 18:57:03,461 - INFO - Epoch 86/200:
Epoch 86/200:
2026-06-24 18:57:06,192 - INFO - Train loss: 0.5080 (2.7s)
Train loss: 0.5080 (2.7s)
2026-06-24 18:57:06,455 - INFO - Test instance 0.9125, class 0.9125
Test instance 0.9125, class 0.9125
2026-06-24 18:57:06,455 - INFO - Best instance 0.9375, class 0.9375 (epoch 83)
Best instance 0.9375, class 0.9375 (epoch 83)
2026-06-24 18:57:06,473 - INFO - Epoch 87/200:
Epoch 87/200:
2026-06-24 18:57:09,186 - INFO - Train loss: 0.4993 (2.7s)
Train loss: 0.4993 (2.7s)
2026-06-24 18:57:09,447 - INFO - Test instance 0.9250, class 0.9250
Test instance 0.9250, class 0.9250
2026-06-24 18:57:09,447 - INFO - Best instance 0.9375, class 0.9375 (epoch 83)
Best instance 0.9375, class 0.9375 (epoch 83)
2026-06-24 18:57:09,465 - INFO - Epoch 88/200:
Epoch 88/200:
2026-06-24 18:57:12,185 - INFO - Train loss: 0.4885 (2.7s)
Train loss: 0.4885 (2.7s)
2026-06-24 18:57:12,454 - INFO - Test instance 0.8375, class 0.8375
Test instance 0.8375, class 0.8375
2026-06-24 18:57:12,454 - INFO - Best instance 0.9375, class 0.9375 (epoch 83)
Best instance 0.9375, class 0.9375 (epoch 83)
2026-06-24 18:57:12,472 - INFO - Epoch 89/200:
Epoch 89/200:
2026-06-24 18:57:15,188 - INFO - Train loss: 0.4949 (2.7s)
Train loss: 0.4949 (2.7s)
2026-06-24 18:57:15,451 - INFO - Test instance 0.9500, class 0.9500
Test instance 0.9500, class 0.9500
2026-06-24 18:57:15,469 - INFO - Best instance 0.9500, class 0.9500 (epoch 89)
Best instance 0.9500, class 0.9500 (epoch 89)
2026-06-24 18:57:15,487 - INFO - Epoch 90/200:
Epoch 90/200:
2026-06-24 18:57:18,163 - INFO - Train loss: 0.5009 (2.7s)
Train loss: 0.5009 (2.7s)
2026-06-24 18:57:18,420 - INFO - Test instance 0.9125, class 0.9125
Test instance 0.9125, class 0.9125
2026-06-24 18:57:18,421 - INFO - Best instance 0.9500, class 0.9500 (epoch 89)
Best instance 0.9500, class 0.9500 (epoch 89)
2026-06-24 18:57:18,440 - INFO - Epoch 91/200:
Epoch 91/200:
2026-06-24 18:57:21,138 - INFO - Train loss: 0.5064 (2.7s)
Train loss: 0.5064 (2.7s)
2026-06-24 18:57:21,400 - INFO - Test instance 0.9500, class 0.9500
Test instance 0.9500, class 0.9500
2026-06-24 18:57:21,400 - INFO - Best instance 0.9500, class 0.9500 (epoch 89)
Best instance 0.9500, class 0.9500 (epoch 89)
2026-06-24 18:57:21,418 - INFO - Epoch 92/200:
Epoch 92/200:
2026-06-24 18:57:24,172 - INFO - Train loss: 0.5099 (2.8s)
Train loss: 0.5099 (2.8s)
2026-06-24 18:57:24,457 - INFO - Test instance 0.8625, class 0.8625
Test instance 0.8625, class 0.8625
2026-06-24 18:57:24,457 - INFO - Best instance 0.9500, class 0.9500 (epoch 89)
Best instance 0.9500, class 0.9500 (epoch 89)
2026-06-24 18:57:24,475 - INFO - Epoch 93/200:
Epoch 93/200:
2026-06-24 18:57:27,203 - INFO - Train loss: 0.5172 (2.7s)
Train loss: 0.5172 (2.7s)
2026-06-24 18:57:27,465 - INFO - Test instance 0.9375, class 0.9375
Test instance 0.9375, class 0.9375
2026-06-24 18:57:27,465 - INFO - Best instance 0.9500, class 0.9500 (epoch 89)
Best instance 0.9500, class 0.9500 (epoch 89)
2026-06-24 18:57:27,484 - INFO - Epoch 94/200:
Epoch 94/200:
2026-06-24 18:57:30,223 - INFO - Train loss: 0.4970 (2.7s)
Train loss: 0.4970 (2.7s)
2026-06-24 18:57:30,481 - INFO - Test instance 0.9125, class 0.9125
Test instance 0.9125, class 0.9125
2026-06-24 18:57:30,481 - INFO - Best instance 0.9500, class 0.9500 (epoch 89)
Best instance 0.9500, class 0.9500 (epoch 89)
2026-06-24 18:57:30,499 - INFO - Epoch 95/200:
Epoch 95/200:
2026-06-24 18:57:33,201 - INFO - Train loss: 0.5232 (2.7s)
Train loss: 0.5232 (2.7s)
2026-06-24 18:57:33,466 - INFO - Test instance 0.9375, class 0.9375
Test instance 0.9375, class 0.9375
2026-06-24 18:57:33,466 - INFO - Best instance 0.9500, class 0.9500 (epoch 89)
Best instance 0.9500, class 0.9500 (epoch 89)
2026-06-24 18:57:33,483 - INFO - Epoch 96/200:
Epoch 96/200:
2026-06-24 18:57:36,206 - INFO - Train loss: 0.5095 (2.7s)
Train loss: 0.5095 (2.7s)
2026-06-24 18:57:36,477 - INFO - Test instance 0.8625, class 0.8625
Test instance 0.8625, class 0.8625
2026-06-24 18:57:36,477 - INFO - Best instance 0.9500, class 0.9500 (epoch 89)
Best instance 0.9500, class 0.9500 (epoch 89)
2026-06-24 18:57:36,495 - INFO - Epoch 97/200:
Epoch 97/200:
2026-06-24 18:57:39,181 - INFO - Train loss: 0.5088 (2.7s)
Train loss: 0.5088 (2.7s)
2026-06-24 18:57:39,452 - INFO - Test instance 0.8875, class 0.8875
Test instance 0.8875, class 0.8875
2026-06-24 18:57:39,452 - INFO - Best instance 0.9500, class 0.9500 (epoch 89)
Best instance 0.9500, class 0.9500 (epoch 89)
2026-06-24 18:57:39,476 - INFO - Epoch 98/200:
Epoch 98/200:
2026-06-24 18:57:42,181 - INFO - Train loss: 0.5055 (2.7s)
Train loss: 0.5055 (2.7s)
2026-06-24 18:57:42,451 - INFO - Test instance 0.8375, class 0.8375
Test instance 0.8375, class 0.8375
2026-06-24 18:57:42,452 - INFO - Best instance 0.9500, class 0.9500 (epoch 89)
Best instance 0.9500, class 0.9500 (epoch 89)
2026-06-24 18:57:42,471 - INFO - Epoch 99/200:
Epoch 99/200:
2026-06-24 18:57:45,191 - INFO - Train loss: 0.5064 (2.7s)
Train loss: 0.5064 (2.7s)
2026-06-24 18:57:45,456 - INFO - Test instance 0.9125, class 0.9125
Test instance 0.9125, class 0.9125
2026-06-24 18:57:45,456 - INFO - Best instance 0.9500, class 0.9500 (epoch 89)
Best instance 0.9500, class 0.9500 (epoch 89)
2026-06-24 18:57:45,483 - INFO - Epoch 100/200:
Epoch 100/200:
2026-06-24 18:57:48,192 - INFO - Train loss: 0.5069 (2.7s)
Train loss: 0.5069 (2.7s)
2026-06-24 18:57:48,451 - INFO - Test instance 0.9375, class 0.9375
Test instance 0.9375, class 0.9375
2026-06-24 18:57:48,451 - INFO - Best instance 0.9500, class 0.9500 (epoch 89)
Best instance 0.9500, class 0.9500 (epoch 89)
2026-06-24 18:57:48,469 - INFO - Epoch 101/200:
Epoch 101/200:
2026-06-24 18:57:51,170 - INFO - Train loss: 0.5042 (2.7s)
Train loss: 0.5042 (2.7s)
2026-06-24 18:57:51,430 - INFO - Test instance 0.9125, class 0.9125
Test instance 0.9125, class 0.9125
2026-06-24 18:57:51,430 - INFO - Best instance 0.9500, class 0.9500 (epoch 89)
Best instance 0.9500, class 0.9500 (epoch 89)
2026-06-24 18:57:51,447 - INFO - Epoch 102/200:
Epoch 102/200:
2026-06-24 18:57:54,168 - INFO - Train loss: 0.5064 (2.7s)
Train loss: 0.5064 (2.7s)
2026-06-24 18:57:54,443 - INFO - Test instance 0.9125, class 0.9125
Test instance 0.9125, class 0.9125
2026-06-24 18:57:54,443 - INFO - Best instance 0.9500, class 0.9500 (epoch 89)
Best instance 0.9500, class 0.9500 (epoch 89)
2026-06-24 18:57:54,461 - INFO - Epoch 103/200:
Epoch 103/200:
2026-06-24 18:57:57,181 - INFO - Train loss: 0.4949 (2.7s)
Train loss: 0.4949 (2.7s)
2026-06-24 18:57:57,452 - INFO - Test instance 0.9375, class 0.9375
Test instance 0.9375, class 0.9375
2026-06-24 18:57:57,453 - INFO - Best instance 0.9500, class 0.9500 (epoch 89)
Best instance 0.9500, class 0.9500 (epoch 89)
2026-06-24 18:57:57,470 - INFO - Epoch 104/200:
Epoch 104/200:
2026-06-24 18:58:00,163 - INFO - Train loss: 0.5066 (2.7s)
Train loss: 0.5066 (2.7s)
2026-06-24 18:58:00,423 - INFO - Test instance 0.9000, class 0.9000
Test instance 0.9000, class 0.9000
2026-06-24 18:58:00,424 - INFO - Best instance 0.9500, class 0.9500 (epoch 89)
Best instance 0.9500, class 0.9500 (epoch 89)
2026-06-24 18:58:00,442 - INFO - Epoch 105/200:
Epoch 105/200:
2026-06-24 18:58:03,192 - INFO - Train loss: 0.4993 (2.7s)
Train loss: 0.4993 (2.7s)
2026-06-24 18:58:03,464 - INFO - Test instance 0.8500, class 0.8500
Test instance 0.8500, class 0.8500
2026-06-24 18:58:03,464 - INFO - Best instance 0.9500, class 0.9500 (epoch 89)
Best instance 0.9500, class 0.9500 (epoch 89)
2026-06-24 18:58:03,481 - INFO - Epoch 106/200:
Epoch 106/200:
2026-06-24 18:58:06,195 - INFO - Train loss: 0.5028 (2.7s)
Train loss: 0.5028 (2.7s)
2026-06-24 18:58:06,452 - INFO - Test instance 0.8875, class 0.8875
Test instance 0.8875, class 0.8875
2026-06-24 18:58:06,452 - INFO - Best instance 0.9500, class 0.9500 (epoch 89)
Best instance 0.9500, class 0.9500 (epoch 89)
2026-06-24 18:58:06,469 - INFO - Epoch 107/200:
Epoch 107/200:
2026-06-24 18:58:09,188 - INFO - Train loss: 0.5167 (2.7s)
Train loss: 0.5167 (2.7s)
2026-06-24 18:58:09,456 - INFO - Test instance 0.9125, class 0.9125
Test instance 0.9125, class 0.9125
2026-06-24 18:58:09,456 - INFO - Best instance 0.9500, class 0.9500 (epoch 89)
Best instance 0.9500, class 0.9500 (epoch 89)
2026-06-24 18:58:09,476 - INFO - Epoch 108/200:
Epoch 108/200:
2026-06-24 18:58:12,213 - INFO - Train loss: 0.4999 (2.7s)
Train loss: 0.4999 (2.7s)
2026-06-24 18:58:12,473 - INFO - Test instance 0.9250, class 0.9250
Test instance 0.9250, class 0.9250
2026-06-24 18:58:12,473 - INFO - Best instance 0.9500, class 0.9500 (epoch 89)
Best instance 0.9500, class 0.9500 (epoch 89)
2026-06-24 18:58:12,492 - INFO - Epoch 109/200:
Epoch 109/200:
2026-06-24 18:58:15,212 - INFO - Train loss: 0.5196 (2.7s)
Train loss: 0.5196 (2.7s)
2026-06-24 18:58:15,483 - INFO - Test instance 0.9500, class 0.9500
Test instance 0.9500, class 0.9500
2026-06-24 18:58:15,484 - INFO - Best instance 0.9500, class 0.9500 (epoch 89)
Best instance 0.9500, class 0.9500 (epoch 89)
2026-06-24 18:58:15,502 - INFO - Epoch 110/200:
Epoch 110/200:
2026-06-24 18:58:18,222 - INFO - Train loss: 0.5014 (2.7s)
Train loss: 0.5014 (2.7s)
2026-06-24 18:58:18,485 - INFO - Test instance 0.9000, class 0.9000
Test instance 0.9000, class 0.9000
2026-06-24 18:58:18,485 - INFO - Best instance 0.9500, class 0.9500 (epoch 89)
Best instance 0.9500, class 0.9500 (epoch 89)
2026-06-24 18:58:18,503 - INFO - Epoch 111/200:
Epoch 111/200:
2026-06-24 18:58:21,227 - INFO - Train loss: 0.5102 (2.7s)
Train loss: 0.5102 (2.7s)
2026-06-24 18:58:21,488 - INFO - Test instance 0.9500, class 0.9500
Test instance 0.9500, class 0.9500
2026-06-24 18:58:21,488 - INFO - Best instance 0.9500, class 0.9500 (epoch 89)
Best instance 0.9500, class 0.9500 (epoch 89)
2026-06-24 18:58:21,508 - INFO - Epoch 112/200:
Epoch 112/200:
2026-06-24 18:58:24,192 - INFO - Train loss: 0.4897 (2.7s)
Train loss: 0.4897 (2.7s)
2026-06-24 18:58:24,457 - INFO - Test instance 0.9250, class 0.9250
Test instance 0.9250, class 0.9250
2026-06-24 18:58:24,457 - INFO - Best instance 0.9500, class 0.9500 (epoch 89)
Best instance 0.9500, class 0.9500 (epoch 89)
2026-06-24 18:58:24,475 - INFO - Epoch 113/200:
Epoch 113/200:
2026-06-24 18:58:27,185 - INFO - Train loss: 0.5111 (2.7s)
Train loss: 0.5111 (2.7s)
2026-06-24 18:58:27,447 - INFO - Test instance 0.9000, class 0.9000
Test instance 0.9000, class 0.9000
2026-06-24 18:58:27,448 - INFO - Best instance 0.9500, class 0.9500 (epoch 89)
Best instance 0.9500, class 0.9500 (epoch 89)
2026-06-24 18:58:27,465 - INFO - Epoch 114/200:
Epoch 114/200:
2026-06-24 18:58:30,185 - INFO - Train loss: 0.4983 (2.7s)
Train loss: 0.4983 (2.7s)
2026-06-24 18:58:30,466 - INFO - Test instance 0.9500, class 0.9500
Test instance 0.9500, class 0.9500
2026-06-24 18:58:30,467 - INFO - Best instance 0.9500, class 0.9500 (epoch 89)
Best instance 0.9500, class 0.9500 (epoch 89)
2026-06-24 18:58:30,488 - INFO - Epoch 115/200:
Epoch 115/200:
2026-06-24 18:58:33,199 - INFO - Train loss: 0.5051 (2.7s)
Train loss: 0.5051 (2.7s)
2026-06-24 18:58:33,460 - INFO - Test instance 0.9500, class 0.9500
Test instance 0.9500, class 0.9500
2026-06-24 18:58:33,460 - INFO - Best instance 0.9500, class 0.9500 (epoch 89)
Best instance 0.9500, class 0.9500 (epoch 89)
2026-06-24 18:58:33,478 - INFO - Epoch 116/200:
Epoch 116/200:
2026-06-24 18:58:36,195 - INFO - Train loss: 0.4927 (2.7s)
Train loss: 0.4927 (2.7s)
2026-06-24 18:58:36,466 - INFO - Test instance 0.9125, class 0.9125
Test instance 0.9125, class 0.9125
2026-06-24 18:58:36,466 - INFO - Best instance 0.9500, class 0.9500 (epoch 89)
Best instance 0.9500, class 0.9500 (epoch 89)
2026-06-24 18:58:36,485 - INFO - Epoch 117/200:
Epoch 117/200:
2026-06-24 18:58:39,202 - INFO - Train loss: 0.5132 (2.7s)
Train loss: 0.5132 (2.7s)
2026-06-24 18:58:39,463 - INFO - Test instance 0.9375, class 0.9375
Test instance 0.9375, class 0.9375
2026-06-24 18:58:39,463 - INFO - Best instance 0.9500, class 0.9500 (epoch 89)
Best instance 0.9500, class 0.9500 (epoch 89)
2026-06-24 18:58:39,481 - INFO - Epoch 118/200:
Epoch 118/200:
2026-06-24 18:58:42,211 - INFO - Train loss: 0.5010 (2.7s)
Train loss: 0.5010 (2.7s)
2026-06-24 18:58:42,477 - INFO - Test instance 0.9500, class 0.9500
Test instance 0.9500, class 0.9500
2026-06-24 18:58:42,477 - INFO - Best instance 0.9500, class 0.9500 (epoch 89)
Best instance 0.9500, class 0.9500 (epoch 89)
2026-06-24 18:58:42,494 - INFO - Epoch 119/200:
Epoch 119/200:
2026-06-24 18:58:45,192 - INFO - Train loss: 0.4999 (2.7s)
Train loss: 0.4999 (2.7s)
2026-06-24 18:58:45,465 - INFO - Test instance 0.9125, class 0.9125
Test instance 0.9125, class 0.9125
2026-06-24 18:58:45,465 - INFO - Best instance 0.9500, class 0.9500 (epoch 89)
Best instance 0.9500, class 0.9500 (epoch 89)
2026-06-24 18:58:45,482 - INFO - Epoch 120/200:
Epoch 120/200:
2026-06-24 18:58:48,204 - INFO - Train loss: 0.5015 (2.7s)
Train loss: 0.5015 (2.7s)
2026-06-24 18:58:48,479 - INFO - Test instance 0.9000, class 0.9000
Test instance 0.9000, class 0.9000
2026-06-24 18:58:48,479 - INFO - Best instance 0.9500, class 0.9500 (epoch 89)
Best instance 0.9500, class 0.9500 (epoch 89)
2026-06-24 18:58:48,497 - INFO - Epoch 121/200:
Epoch 121/200:
2026-06-24 18:58:51,221 - INFO - Train loss: 0.4968 (2.7s)
Train loss: 0.4968 (2.7s)
2026-06-24 18:58:51,496 - INFO - Test instance 0.9250, class 0.9250
Test instance 0.9250, class 0.9250
2026-06-24 18:58:51,496 - INFO - Best instance 0.9500, class 0.9500 (epoch 89)
Best instance 0.9500, class 0.9500 (epoch 89)
2026-06-24 18:58:51,513 - INFO - Epoch 122/200:
Epoch 122/200:
2026-06-24 18:58:54,257 - INFO - Train loss: 0.4970 (2.7s)
Train loss: 0.4970 (2.7s)
2026-06-24 18:58:54,519 - INFO - Test instance 0.9625, class 0.9625
Test instance 0.9625, class 0.9625
2026-06-24 18:58:54,536 - INFO - Best instance 0.9625, class 0.9625 (epoch 122)
Best instance 0.9625, class 0.9625 (epoch 122)
2026-06-24 18:58:54,552 - INFO - Epoch 123/200:
Epoch 123/200:
2026-06-24 18:58:57,276 - INFO - Train loss: 0.4812 (2.7s)
Train loss: 0.4812 (2.7s)
2026-06-24 18:58:57,538 - INFO - Test instance 0.9375, class 0.9375
Test instance 0.9375, class 0.9375
2026-06-24 18:58:57,539 - INFO - Best instance 0.9625, class 0.9625 (epoch 122)
Best instance 0.9625, class 0.9625 (epoch 122)
2026-06-24 18:58:57,556 - INFO - Epoch 124/200:
Epoch 124/200:
2026-06-24 18:59:00,283 - INFO - Train loss: 0.4893 (2.7s)
Train loss: 0.4893 (2.7s)
2026-06-24 18:59:00,548 - INFO - Test instance 0.9625, class 0.9625
Test instance 0.9625, class 0.9625
2026-06-24 18:59:00,549 - INFO - Best instance 0.9625, class 0.9625 (epoch 122)
Best instance 0.9625, class 0.9625 (epoch 122)
2026-06-24 18:59:00,566 - INFO - Epoch 125/200:
Epoch 125/200:
2026-06-24 18:59:03,314 - INFO - Train loss: 0.4890 (2.7s)
Train loss: 0.4890 (2.7s)
2026-06-24 18:59:03,570 - INFO - Test instance 0.9125, class 0.9125
Test instance 0.9125, class 0.9125
2026-06-24 18:59:03,570 - INFO - Best instance 0.9625, class 0.9625 (epoch 122)
Best instance 0.9625, class 0.9625 (epoch 122)
2026-06-24 18:59:03,587 - INFO - Epoch 126/200:
Epoch 126/200:
2026-06-24 18:59:06,296 - INFO - Train loss: 0.5204 (2.7s)
Train loss: 0.5204 (2.7s)
2026-06-24 18:59:06,557 - INFO - Test instance 0.9250, class 0.9250
Test instance 0.9250, class 0.9250
2026-06-24 18:59:06,557 - INFO - Best instance 0.9625, class 0.9625 (epoch 122)
Best instance 0.9625, class 0.9625 (epoch 122)
2026-06-24 18:59:06,574 - INFO - Epoch 127/200:
Epoch 127/200:
2026-06-24 18:59:09,294 - INFO - Train loss: 0.4996 (2.7s)
Train loss: 0.4996 (2.7s)
2026-06-24 18:59:09,567 - INFO - Test instance 0.9625, class 0.9625
Test instance 0.9625, class 0.9625
2026-06-24 18:59:09,567 - INFO - Best instance 0.9625, class 0.9625 (epoch 122)
Best instance 0.9625, class 0.9625 (epoch 122)
2026-06-24 18:59:09,584 - INFO - Epoch 128/200:
Epoch 128/200:
2026-06-24 18:59:12,301 - INFO - Train loss: 0.4875 (2.7s)
Train loss: 0.4875 (2.7s)
2026-06-24 18:59:12,561 - INFO - Test instance 0.9250, class 0.9250
Test instance 0.9250, class 0.9250
2026-06-24 18:59:12,561 - INFO - Best instance 0.9625, class 0.9625 (epoch 122)
Best instance 0.9625, class 0.9625 (epoch 122)
2026-06-24 18:59:12,579 - INFO - Epoch 129/200:
Epoch 129/200:
2026-06-24 18:59:15,299 - INFO - Train loss: 0.5000 (2.7s)
Train loss: 0.5000 (2.7s)
2026-06-24 18:59:15,566 - INFO - Test instance 0.9250, class 0.9250
Test instance 0.9250, class 0.9250
2026-06-24 18:59:15,566 - INFO - Best instance 0.9625, class 0.9625 (epoch 122)
Best instance 0.9625, class 0.9625 (epoch 122)
2026-06-24 18:59:15,584 - INFO - Epoch 130/200:
Epoch 130/200:
2026-06-24 18:59:18,304 - INFO - Train loss: 0.5052 (2.7s)
Train loss: 0.5052 (2.7s)
2026-06-24 18:59:18,567 - INFO - Test instance 0.9500, class 0.9500
Test instance 0.9500, class 0.9500
2026-06-24 18:59:18,568 - INFO - Best instance 0.9625, class 0.9625 (epoch 122)
Best instance 0.9625, class 0.9625 (epoch 122)
2026-06-24 18:59:18,586 - INFO - Epoch 131/200:
Epoch 131/200:
2026-06-24 18:59:21,301 - INFO - Train loss: 0.4964 (2.7s)
Train loss: 0.4964 (2.7s)
2026-06-24 18:59:21,559 - INFO - Test instance 0.9375, class 0.9375
Test instance 0.9375, class 0.9375
2026-06-24 18:59:21,560 - INFO - Best instance 0.9625, class 0.9625 (epoch 122)
Best instance 0.9625, class 0.9625 (epoch 122)
2026-06-24 18:59:21,577 - INFO - Epoch 132/200:
Epoch 132/200:
2026-06-24 18:59:24,274 - INFO - Train loss: 0.4859 (2.7s)
Train loss: 0.4859 (2.7s)
2026-06-24 18:59:24,534 - INFO - Test instance 0.8750, class 0.8750
Test instance 0.8750, class 0.8750
2026-06-24 18:59:24,535 - INFO - Best instance 0.9625, class 0.9625 (epoch 122)
Best instance 0.9625, class 0.9625 (epoch 122)
2026-06-24 18:59:24,552 - INFO - Epoch 133/200:
Epoch 133/200:
2026-06-24 18:59:27,257 - INFO - Train loss: 0.4993 (2.7s)
Train loss: 0.4993 (2.7s)
2026-06-24 18:59:27,536 - INFO - Test instance 0.9250, class 0.9250
Test instance 0.9250, class 0.9250
2026-06-24 18:59:27,536 - INFO - Best instance 0.9625, class 0.9625 (epoch 122)
Best instance 0.9625, class 0.9625 (epoch 122)
2026-06-24 18:59:27,554 - INFO - Epoch 134/200:
Epoch 134/200:
2026-06-24 18:59:30,277 - INFO - Train loss: 0.4888 (2.7s)
Train loss: 0.4888 (2.7s)
2026-06-24 18:59:30,536 - INFO - Test instance 0.9125, class 0.9125
Test instance 0.9125, class 0.9125
2026-06-24 18:59:30,537 - INFO - Best instance 0.9625, class 0.9625 (epoch 122)
Best instance 0.9625, class 0.9625 (epoch 122)
2026-06-24 18:59:30,554 - INFO - Epoch 135/200:
Epoch 135/200:
2026-06-24 18:59:33,261 - INFO - Train loss: 0.4920 (2.7s)
Train loss: 0.4920 (2.7s)
2026-06-24 18:59:33,524 - INFO - Test instance 0.9750, class 0.9750
Test instance 0.9750, class 0.9750
2026-06-24 18:59:33,541 - INFO - Best instance 0.9750, class 0.9750 (epoch 135)
Best instance 0.9750, class 0.9750 (epoch 135)
2026-06-24 18:59:33,559 - INFO - Epoch 136/200:
Epoch 136/200:
2026-06-24 18:59:36,289 - INFO - Train loss: 0.4840 (2.7s)
Train loss: 0.4840 (2.7s)
2026-06-24 18:59:36,551 - INFO - Test instance 0.9500, class 0.9500
Test instance 0.9500, class 0.9500
2026-06-24 18:59:36,552 - INFO - Best instance 0.9750, class 0.9750 (epoch 135)
Best instance 0.9750, class 0.9750 (epoch 135)
2026-06-24 18:59:36,570 - INFO - Epoch 137/200:
Epoch 137/200:
2026-06-24 18:59:39,302 - INFO - Train loss: 0.4961 (2.7s)
Train loss: 0.4961 (2.7s)
2026-06-24 18:59:39,563 - INFO - Test instance 0.8875, class 0.8875
Test instance 0.8875, class 0.8875
2026-06-24 18:59:39,564 - INFO - Best instance 0.9750, class 0.9750 (epoch 135)
Best instance 0.9750, class 0.9750 (epoch 135)
2026-06-24 18:59:39,583 - INFO - Epoch 138/200:
Epoch 138/200:
2026-06-24 18:59:42,278 - INFO - Train loss: 0.5021 (2.7s)
Train loss: 0.5021 (2.7s)
2026-06-24 18:59:42,541 - INFO - Test instance 0.9125, class 0.9125
Test instance 0.9125, class 0.9125
2026-06-24 18:59:42,542 - INFO - Best instance 0.9750, class 0.9750 (epoch 135)
Best instance 0.9750, class 0.9750 (epoch 135)
2026-06-24 18:59:42,561 - INFO - Epoch 139/200:
Epoch 139/200:
2026-06-24 18:59:45,294 - INFO - Train loss: 0.5024 (2.7s)
Train loss: 0.5024 (2.7s)
2026-06-24 18:59:45,571 - INFO - Test instance 0.9375, class 0.9375
Test instance 0.9375, class 0.9375
2026-06-24 18:59:45,572 - INFO - Best instance 0.9750, class 0.9750 (epoch 135)
Best instance 0.9750, class 0.9750 (epoch 135)
2026-06-24 18:59:45,591 - INFO - Epoch 140/200:
Epoch 140/200:
2026-06-24 18:59:48,293 - INFO - Train loss: 0.5011 (2.7s)
Train loss: 0.5011 (2.7s)
2026-06-24 18:59:48,557 - INFO - Test instance 0.9625, class 0.9625
Test instance 0.9625, class 0.9625
2026-06-24 18:59:48,557 - INFO - Best instance 0.9750, class 0.9750 (epoch 135)
Best instance 0.9750, class 0.9750 (epoch 135)
2026-06-24 18:59:48,575 - INFO - Epoch 141/200:
Epoch 141/200:
2026-06-24 18:59:51,299 - INFO - Train loss: 0.5016 (2.7s)
Train loss: 0.5016 (2.7s)
2026-06-24 18:59:51,568 - INFO - Test instance 0.9125, class 0.9125
Test instance 0.9125, class 0.9125
2026-06-24 18:59:51,569 - INFO - Best instance 0.9750, class 0.9750 (epoch 135)
Best instance 0.9750, class 0.9750 (epoch 135)
2026-06-24 18:59:51,588 - INFO - Epoch 142/200:
Epoch 142/200:
2026-06-24 18:59:54,320 - INFO - Train loss: 0.5001 (2.7s)
Train loss: 0.5001 (2.7s)
2026-06-24 18:59:54,586 - INFO - Test instance 0.8625, class 0.8625
Test instance 0.8625, class 0.8625
2026-06-24 18:59:54,587 - INFO - Best instance 0.9750, class 0.9750 (epoch 135)
Best instance 0.9750, class 0.9750 (epoch 135)
2026-06-24 18:59:54,605 - INFO - Epoch 143/200:
Epoch 143/200:
2026-06-24 18:59:57,333 - INFO - Train loss: 0.5038 (2.7s)
Train loss: 0.5038 (2.7s)
2026-06-24 18:59:57,593 - INFO - Test instance 0.9250, class 0.9250
Test instance 0.9250, class 0.9250
2026-06-24 18:59:57,594 - INFO - Best instance 0.9750, class 0.9750 (epoch 135)
Best instance 0.9750, class 0.9750 (epoch 135)
2026-06-24 18:59:57,611 - INFO - Epoch 144/200:
Epoch 144/200:
2026-06-24 19:00:00,324 - INFO - Train loss: 0.4927 (2.7s)
Train loss: 0.4927 (2.7s)
2026-06-24 19:00:00,595 - INFO - Test instance 0.9375, class 0.9375
Test instance 0.9375, class 0.9375
2026-06-24 19:00:00,595 - INFO - Best instance 0.9750, class 0.9750 (epoch 135)
Best instance 0.9750, class 0.9750 (epoch 135)
2026-06-24 19:00:00,613 - INFO - Epoch 145/200:
Epoch 145/200:
2026-06-24 19:00:03,388 - INFO - Train loss: 0.4946 (2.8s)
Train loss: 0.4946 (2.8s)
2026-06-24 19:00:03,659 - INFO - Test instance 0.9750, class 0.9750
Test instance 0.9750, class 0.9750
2026-06-24 19:00:03,660 - INFO - Best instance 0.9750, class 0.9750 (epoch 135)
Best instance 0.9750, class 0.9750 (epoch 135)
2026-06-24 19:00:03,677 - INFO - Epoch 146/200:
Epoch 146/200:
2026-06-24 19:00:06,385 - INFO - Train loss: 0.5027 (2.7s)
Train loss: 0.5027 (2.7s)
2026-06-24 19:00:06,648 - INFO - Test instance 0.9750, class 0.9750
Test instance 0.9750, class 0.9750
2026-06-24 19:00:06,649 - INFO - Best instance 0.9750, class 0.9750 (epoch 135)
Best instance 0.9750, class 0.9750 (epoch 135)
2026-06-24 19:00:06,666 - INFO - Epoch 147/200:
Epoch 147/200:
2026-06-24 19:00:09,369 - INFO - Train loss: 0.5030 (2.7s)
Train loss: 0.5030 (2.7s)
2026-06-24 19:00:09,638 - INFO - Test instance 0.9500, class 0.9500
Test instance 0.9500, class 0.9500
2026-06-24 19:00:09,639 - INFO - Best instance 0.9750, class 0.9750 (epoch 135)
Best instance 0.9750, class 0.9750 (epoch 135)
2026-06-24 19:00:09,656 - INFO - Epoch 148/200:
Epoch 148/200:
2026-06-24 19:00:12,386 - INFO - Train loss: 0.5121 (2.7s)
Train loss: 0.5121 (2.7s)
2026-06-24 19:00:12,654 - INFO - Test instance 0.9250, class 0.9250
Test instance 0.9250, class 0.9250
2026-06-24 19:00:12,654 - INFO - Best instance 0.9750, class 0.9750 (epoch 135)
Best instance 0.9750, class 0.9750 (epoch 135)
2026-06-24 19:00:12,672 - INFO - Epoch 149/200:
Epoch 149/200:
2026-06-24 19:00:15,391 - INFO - Train loss: 0.4806 (2.7s)
Train loss: 0.4806 (2.7s)
2026-06-24 19:00:15,656 - INFO - Test instance 0.9375, class 0.9375
Test instance 0.9375, class 0.9375
2026-06-24 19:00:15,656 - INFO - Best instance 0.9750, class 0.9750 (epoch 135)
Best instance 0.9750, class 0.9750 (epoch 135)
2026-06-24 19:00:15,673 - INFO - Epoch 150/200:
Epoch 150/200:
2026-06-24 19:00:18,379 - INFO - Train loss: 0.4947 (2.7s)
Train loss: 0.4947 (2.7s)
2026-06-24 19:00:18,645 - INFO - Test instance 0.9375, class 0.9375
Test instance 0.9375, class 0.9375
2026-06-24 19:00:18,645 - INFO - Best instance 0.9750, class 0.9750 (epoch 135)
Best instance 0.9750, class 0.9750 (epoch 135)
2026-06-24 19:00:18,663 - INFO - Epoch 151/200:
Epoch 151/200:
2026-06-24 19:00:21,401 - INFO - Train loss: 0.5067 (2.7s)
Train loss: 0.5067 (2.7s)
2026-06-24 19:00:21,667 - INFO - Test instance 0.9750, class 0.9750
Test instance 0.9750, class 0.9750
2026-06-24 19:00:21,667 - INFO - Best instance 0.9750, class 0.9750 (epoch 135)
Best instance 0.9750, class 0.9750 (epoch 135)
2026-06-24 19:00:21,684 - INFO - Epoch 152/200:
Epoch 152/200:
2026-06-24 19:00:24,380 - INFO - Train loss: 0.4844 (2.7s)
Train loss: 0.4844 (2.7s)
2026-06-24 19:00:24,649 - INFO - Test instance 0.9375, class 0.9375
Test instance 0.9375, class 0.9375
2026-06-24 19:00:24,649 - INFO - Best instance 0.9750, class 0.9750 (epoch 135)
Best instance 0.9750, class 0.9750 (epoch 135)
2026-06-24 19:00:24,666 - INFO - Epoch 153/200:
Epoch 153/200:
2026-06-24 19:00:27,364 - INFO - Train loss: 0.5084 (2.7s)
Train loss: 0.5084 (2.7s)
2026-06-24 19:00:27,632 - INFO - Test instance 0.9375, class 0.9375
Test instance 0.9375, class 0.9375
2026-06-24 19:00:27,632 - INFO - Best instance 0.9750, class 0.9750 (epoch 135)
Best instance 0.9750, class 0.9750 (epoch 135)
2026-06-24 19:00:27,650 - INFO - Epoch 154/200:
Epoch 154/200:
2026-06-24 19:00:30,359 - INFO - Train loss: 0.4712 (2.7s)
Train loss: 0.4712 (2.7s)
2026-06-24 19:00:30,615 - INFO - Test instance 0.9500, class 0.9500
Test instance 0.9500, class 0.9500
2026-06-24 19:00:30,615 - INFO - Best instance 0.9750, class 0.9750 (epoch 135)
Best instance 0.9750, class 0.9750 (epoch 135)
2026-06-24 19:00:30,633 - INFO - Epoch 155/200:
Epoch 155/200:
2026-06-24 19:00:33,355 - INFO - Train loss: 0.4876 (2.7s)
Train loss: 0.4876 (2.7s)
2026-06-24 19:00:33,628 - INFO - Test instance 0.9125, class 0.9125
Test instance 0.9125, class 0.9125
2026-06-24 19:00:33,628 - INFO - Best instance 0.9750, class 0.9750 (epoch 135)
Best instance 0.9750, class 0.9750 (epoch 135)
2026-06-24 19:00:33,646 - INFO - Epoch 156/200:
Epoch 156/200:
2026-06-24 19:00:36,365 - INFO - Train loss: 0.5060 (2.7s)
Train loss: 0.5060 (2.7s)
2026-06-24 19:00:36,631 - INFO - Test instance 0.9250, class 0.9250
Test instance 0.9250, class 0.9250
2026-06-24 19:00:36,632 - INFO - Best instance 0.9750, class 0.9750 (epoch 135)
Best instance 0.9750, class 0.9750 (epoch 135)
2026-06-24 19:00:36,650 - INFO - Epoch 157/200:
Epoch 157/200:
2026-06-24 19:00:39,390 - INFO - Train loss: 0.5053 (2.7s)
Train loss: 0.5053 (2.7s)
2026-06-24 19:00:39,659 - INFO - Test instance 0.9375, class 0.9375
Test instance 0.9375, class 0.9375
2026-06-24 19:00:39,659 - INFO - Best instance 0.9750, class 0.9750 (epoch 135)
Best instance 0.9750, class 0.9750 (epoch 135)
2026-06-24 19:00:39,678 - INFO - Epoch 158/200:
Epoch 158/200:
2026-06-24 19:00:42,401 - INFO - Train loss: 0.4917 (2.7s)
Train loss: 0.4917 (2.7s)
2026-06-24 19:00:42,669 - INFO - Test instance 0.9125, class 0.9125
Test instance 0.9125, class 0.9125
2026-06-24 19:00:42,670 - INFO - Best instance 0.9750, class 0.9750 (epoch 135)
Best instance 0.9750, class 0.9750 (epoch 135)
2026-06-24 19:00:42,687 - INFO - Epoch 159/200:
Epoch 159/200:
2026-06-24 19:00:45,403 - INFO - Train loss: 0.4943 (2.7s)
Train loss: 0.4943 (2.7s)
2026-06-24 19:00:45,669 - INFO - Test instance 0.9375, class 0.9375
Test instance 0.9375, class 0.9375
2026-06-24 19:00:45,669 - INFO - Best instance 0.9750, class 0.9750 (epoch 135)
Best instance 0.9750, class 0.9750 (epoch 135)
2026-06-24 19:00:45,687 - INFO - Epoch 160/200:
Epoch 160/200:
2026-06-24 19:00:48,414 - INFO - Train loss: 0.4931 (2.7s)
Train loss: 0.4931 (2.7s)
2026-06-24 19:00:48,682 - INFO - Test instance 0.9375, class 0.9375
Test instance 0.9375, class 0.9375
2026-06-24 19:00:48,682 - INFO - Best instance 0.9750, class 0.9750 (epoch 135)
Best instance 0.9750, class 0.9750 (epoch 135)
2026-06-24 19:00:48,699 - INFO - Epoch 161/200:
Epoch 161/200:
2026-06-24 19:00:51,418 - INFO - Train loss: 0.4904 (2.7s)
Train loss: 0.4904 (2.7s)
2026-06-24 19:00:51,676 - INFO - Test instance 0.9250, class 0.9250
Test instance 0.9250, class 0.9250
2026-06-24 19:00:51,676 - INFO - Best instance 0.9750, class 0.9750 (epoch 135)
Best instance 0.9750, class 0.9750 (epoch 135)
2026-06-24 19:00:51,693 - INFO - Epoch 162/200:
Epoch 162/200:
2026-06-24 19:00:54,415 - INFO - Train loss: 0.4904 (2.7s)
Train loss: 0.4904 (2.7s)
2026-06-24 19:00:54,684 - INFO - Test instance 0.9750, class 0.9750
Test instance 0.9750, class 0.9750
2026-06-24 19:00:54,684 - INFO - Best instance 0.9750, class 0.9750 (epoch 135)
Best instance 0.9750, class 0.9750 (epoch 135)
2026-06-24 19:00:54,702 - INFO - Epoch 163/200:
Epoch 163/200:
2026-06-24 19:00:57,381 - INFO - Train loss: 0.4952 (2.7s)
Train loss: 0.4952 (2.7s)
2026-06-24 19:00:57,650 - INFO - Test instance 0.9250, class 0.9250
Test instance 0.9250, class 0.9250
2026-06-24 19:00:57,650 - INFO - Best instance 0.9750, class 0.9750 (epoch 135)
Best instance 0.9750, class 0.9750 (epoch 135)
2026-06-24 19:00:57,669 - INFO - Epoch 164/200:
Epoch 164/200:
2026-06-24 19:01:00,377 - INFO - Train loss: 0.4841 (2.7s)
Train loss: 0.4841 (2.7s)
2026-06-24 19:01:00,635 - INFO - Test instance 0.9375, class 0.9375
Test instance 0.9375, class 0.9375
2026-06-24 19:01:00,636 - INFO - Best instance 0.9750, class 0.9750 (epoch 135)
Best instance 0.9750, class 0.9750 (epoch 135)
2026-06-24 19:01:00,654 - INFO - Epoch 165/200:
Epoch 165/200:
2026-06-24 19:01:03,408 - INFO - Train loss: 0.4904 (2.8s)
Train loss: 0.4904 (2.8s)
2026-06-24 19:01:03,673 - INFO - Test instance 0.9500, class 0.9500
Test instance 0.9500, class 0.9500
2026-06-24 19:01:03,674 - INFO - Best instance 0.9750, class 0.9750 (epoch 135)
Best instance 0.9750, class 0.9750 (epoch 135)
2026-06-24 19:01:03,694 - INFO - Epoch 166/200:
Epoch 166/200:
2026-06-24 19:01:06,385 - INFO - Train loss: 0.4942 (2.7s)
Train loss: 0.4942 (2.7s)
2026-06-24 19:01:06,647 - INFO - Test instance 0.9500, class 0.9500
Test instance 0.9500, class 0.9500
2026-06-24 19:01:06,647 - INFO - Best instance 0.9750, class 0.9750 (epoch 135)
Best instance 0.9750, class 0.9750 (epoch 135)
2026-06-24 19:01:06,665 - INFO - Epoch 167/200:
Epoch 167/200:
2026-06-24 19:01:09,388 - INFO - Train loss: 0.4753 (2.7s)
Train loss: 0.4753 (2.7s)
2026-06-24 19:01:09,655 - INFO - Test instance 0.9500, class 0.9500
Test instance 0.9500, class 0.9500
2026-06-24 19:01:09,655 - INFO - Best instance 0.9750, class 0.9750 (epoch 135)
Best instance 0.9750, class 0.9750 (epoch 135)
2026-06-24 19:01:09,675 - INFO - Epoch 168/200:
Epoch 168/200:
2026-06-24 19:01:12,407 - INFO - Train loss: 0.4861 (2.7s)
Train loss: 0.4861 (2.7s)
2026-06-24 19:01:12,672 - INFO - Test instance 0.9500, class 0.9500
Test instance 0.9500, class 0.9500
2026-06-24 19:01:12,672 - INFO - Best instance 0.9750, class 0.9750 (epoch 135)
Best instance 0.9750, class 0.9750 (epoch 135)
2026-06-24 19:01:12,690 - INFO - Epoch 169/200:
Epoch 169/200:
2026-06-24 19:01:15,412 - INFO - Train loss: 0.4797 (2.7s)
Train loss: 0.4797 (2.7s)
2026-06-24 19:01:15,669 - INFO - Test instance 0.9750, class 0.9750
Test instance 0.9750, class 0.9750
2026-06-24 19:01:15,670 - INFO - Best instance 0.9750, class 0.9750 (epoch 135)
Best instance 0.9750, class 0.9750 (epoch 135)
2026-06-24 19:01:15,688 - INFO - Epoch 170/200:
Epoch 170/200:
2026-06-24 19:01:18,361 - INFO - Train loss: 0.5004 (2.7s)
Train loss: 0.5004 (2.7s)
2026-06-24 19:01:18,631 - INFO - Test instance 1.0000, class 1.0000
Test instance 1.0000, class 1.0000
2026-06-24 19:01:18,649 - INFO - Best instance 1.0000, class 1.0000 (epoch 170)
Best instance 1.0000, class 1.0000 (epoch 170)
2026-06-24 19:01:18,666 - INFO - Epoch 171/200:
Epoch 171/200:
2026-06-24 19:01:21,379 - INFO - Train loss: 0.4760 (2.7s)
Train loss: 0.4760 (2.7s)
2026-06-24 19:01:21,653 - INFO - Test instance 0.9250, class 0.9250
Test instance 0.9250, class 0.9250
2026-06-24 19:01:21,653 - INFO - Best instance 1.0000, class 1.0000 (epoch 170)
Best instance 1.0000, class 1.0000 (epoch 170)
2026-06-24 19:01:21,671 - INFO - Epoch 172/200:
Epoch 172/200:
2026-06-24 19:01:24,367 - INFO - Train loss: 0.4793 (2.7s)
Train loss: 0.4793 (2.7s)
2026-06-24 19:01:24,632 - INFO - Test instance 0.9250, class 0.9250
Test instance 0.9250, class 0.9250
2026-06-24 19:01:24,633 - INFO - Best instance 1.0000, class 1.0000 (epoch 170)
Best instance 1.0000, class 1.0000 (epoch 170)
2026-06-24 19:01:24,651 - INFO - Epoch 173/200:
Epoch 173/200:
2026-06-24 19:01:27,394 - INFO - Train loss: 0.4823 (2.7s)
Train loss: 0.4823 (2.7s)
2026-06-24 19:01:27,651 - INFO - Test instance 0.9000, class 0.9000
Test instance 0.9000, class 0.9000
2026-06-24 19:01:27,652 - INFO - Best instance 1.0000, class 1.0000 (epoch 170)
Best instance 1.0000, class 1.0000 (epoch 170)
2026-06-24 19:01:27,669 - INFO - Epoch 174/200:
Epoch 174/200:
2026-06-24 19:01:30,385 - INFO - Train loss: 0.4970 (2.7s)
Train loss: 0.4970 (2.7s)
2026-06-24 19:01:30,648 - INFO - Test instance 0.9750, class 0.9750
Test instance 0.9750, class 0.9750
2026-06-24 19:01:30,648 - INFO - Best instance 1.0000, class 1.0000 (epoch 170)
Best instance 1.0000, class 1.0000 (epoch 170)
2026-06-24 19:01:30,667 - INFO - Epoch 175/200:
Epoch 175/200:
2026-06-24 19:01:33,382 - INFO - Train loss: 0.5131 (2.7s)
Train loss: 0.5131 (2.7s)
2026-06-24 19:01:33,651 - INFO - Test instance 0.9625, class 0.9625
Test instance 0.9625, class 0.9625
2026-06-24 19:01:33,652 - INFO - Best instance 1.0000, class 1.0000 (epoch 170)
Best instance 1.0000, class 1.0000 (epoch 170)
2026-06-24 19:01:33,671 - INFO - Epoch 176/200:
Epoch 176/200:
2026-06-24 19:01:36,387 - INFO - Train loss: 0.4824 (2.7s)
Train loss: 0.4824 (2.7s)
2026-06-24 19:01:36,646 - INFO - Test instance 0.9250, class 0.9250
Test instance 0.9250, class 0.9250
2026-06-24 19:01:36,646 - INFO - Best instance 1.0000, class 1.0000 (epoch 170)
Best instance 1.0000, class 1.0000 (epoch 170)
2026-06-24 19:01:36,666 - INFO - Epoch 177/200:
Epoch 177/200:
2026-06-24 19:01:39,358 - INFO - Train loss: 0.4860 (2.7s)
Train loss: 0.4860 (2.7s)
2026-06-24 19:01:39,618 - INFO - Test instance 0.9250, class 0.9250
Test instance 0.9250, class 0.9250
2026-06-24 19:01:39,619 - INFO - Best instance 1.0000, class 1.0000 (epoch 170)
Best instance 1.0000, class 1.0000 (epoch 170)
2026-06-24 19:01:39,637 - INFO - Epoch 178/200:
Epoch 178/200:
2026-06-24 19:01:42,370 - INFO - Train loss: 0.4908 (2.7s)
Train loss: 0.4908 (2.7s)
2026-06-24 19:01:42,635 - INFO - Test instance 0.9250, class 0.9250
Test instance 0.9250, class 0.9250
2026-06-24 19:01:42,635 - INFO - Best instance 1.0000, class 1.0000 (epoch 170)
Best instance 1.0000, class 1.0000 (epoch 170)
2026-06-24 19:01:42,654 - INFO - Epoch 179/200:
Epoch 179/200:
2026-06-24 19:01:45,361 - INFO - Train loss: 0.4793 (2.7s)
Train loss: 0.4793 (2.7s)
2026-06-24 19:01:45,619 - INFO - Test instance 0.9375, class 0.9375
Test instance 0.9375, class 0.9375
2026-06-24 19:01:45,620 - INFO - Best instance 1.0000, class 1.0000 (epoch 170)
Best instance 1.0000, class 1.0000 (epoch 170)
2026-06-24 19:01:45,638 - INFO - Epoch 180/200:
Epoch 180/200:
2026-06-24 19:01:48,373 - INFO - Train loss: 0.4943 (2.7s)
Train loss: 0.4943 (2.7s)
2026-06-24 19:01:48,634 - INFO - Test instance 0.9000, class 0.9000
Test instance 0.9000, class 0.9000
2026-06-24 19:01:48,634 - INFO - Best instance 1.0000, class 1.0000 (epoch 170)
Best instance 1.0000, class 1.0000 (epoch 170)
2026-06-24 19:01:48,653 - INFO - Epoch 181/200:
Epoch 181/200:
2026-06-24 19:01:51,369 - INFO - Train loss: 0.4824 (2.7s)
Train loss: 0.4824 (2.7s)
2026-06-24 19:01:51,641 - INFO - Test instance 0.9125, class 0.9125
Test instance 0.9125, class 0.9125
2026-06-24 19:01:51,642 - INFO - Best instance 1.0000, class 1.0000 (epoch 170)
Best instance 1.0000, class 1.0000 (epoch 170)
2026-06-24 19:01:51,660 - INFO - Epoch 182/200:
Epoch 182/200:
2026-06-24 19:01:54,373 - INFO - Train loss: 0.5058 (2.7s)
Train loss: 0.5058 (2.7s)
2026-06-24 19:01:54,643 - INFO - Test instance 0.9250, class 0.9250
Test instance 0.9250, class 0.9250
2026-06-24 19:01:54,644 - INFO - Best instance 1.0000, class 1.0000 (epoch 170)
Best instance 1.0000, class 1.0000 (epoch 170)
2026-06-24 19:01:54,663 - INFO - Epoch 183/200:
Epoch 183/200:
2026-06-24 19:01:57,386 - INFO - Train loss: 0.4779 (2.7s)
Train loss: 0.4779 (2.7s)
2026-06-24 19:01:57,648 - INFO - Test instance 0.8875, class 0.8875
Test instance 0.8875, class 0.8875
2026-06-24 19:01:57,648 - INFO - Best instance 1.0000, class 1.0000 (epoch 170)
Best instance 1.0000, class 1.0000 (epoch 170)
2026-06-24 19:01:57,668 - INFO - Epoch 184/200:
Epoch 184/200:
2026-06-24 19:02:00,360 - INFO - Train loss: 0.4837 (2.7s)
Train loss: 0.4837 (2.7s)
2026-06-24 19:02:00,620 - INFO - Test instance 0.9375, class 0.9375
Test instance 0.9375, class 0.9375
2026-06-24 19:02:00,620 - INFO - Best instance 1.0000, class 1.0000 (epoch 170)
Best instance 1.0000, class 1.0000 (epoch 170)
2026-06-24 19:02:00,638 - INFO - Epoch 185/200:
Epoch 185/200:
2026-06-24 19:02:03,408 - INFO - Train loss: 0.4815 (2.8s)
Train loss: 0.4815 (2.8s)
2026-06-24 19:02:03,678 - INFO - Test instance 0.9500, class 0.9500
Test instance 0.9500, class 0.9500
2026-06-24 19:02:03,678 - INFO - Best instance 1.0000, class 1.0000 (epoch 170)
Best instance 1.0000, class 1.0000 (epoch 170)
2026-06-24 19:02:03,696 - INFO - Epoch 186/200:
Epoch 186/200:
2026-06-24 19:02:06,403 - INFO - Train loss: 0.4860 (2.7s)
Train loss: 0.4860 (2.7s)
2026-06-24 19:02:06,667 - INFO - Test instance 0.9125, class 0.9125
Test instance 0.9125, class 0.9125
2026-06-24 19:02:06,667 - INFO - Best instance 1.0000, class 1.0000 (epoch 170)
Best instance 1.0000, class 1.0000 (epoch 170)
2026-06-24 19:02:06,686 - INFO - Epoch 187/200:
Epoch 187/200:
2026-06-24 19:02:09,415 - INFO - Train loss: 0.4971 (2.7s)
Train loss: 0.4971 (2.7s)
2026-06-24 19:02:09,678 - INFO - Test instance 0.9250, class 0.9250
Test instance 0.9250, class 0.9250
2026-06-24 19:02:09,678 - INFO - Best instance 1.0000, class 1.0000 (epoch 170)
Best instance 1.0000, class 1.0000 (epoch 170)
2026-06-24 19:02:09,696 - INFO - Epoch 188/200:
Epoch 188/200:
2026-06-24 19:02:12,426 - INFO - Train loss: 0.4844 (2.7s)
Train loss: 0.4844 (2.7s)
2026-06-24 19:02:12,692 - INFO - Test instance 0.9375, class 0.9375
Test instance 0.9375, class 0.9375
2026-06-24 19:02:12,692 - INFO - Best instance 1.0000, class 1.0000 (epoch 170)
Best instance 1.0000, class 1.0000 (epoch 170)
2026-06-24 19:02:12,710 - INFO - Epoch 189/200:
Epoch 189/200:
2026-06-24 19:02:15,427 - INFO - Train loss: 0.4781 (2.7s)
Train loss: 0.4781 (2.7s)
2026-06-24 19:02:15,690 - INFO - Test instance 0.9375, class 0.9375
Test instance 0.9375, class 0.9375
2026-06-24 19:02:15,691 - INFO - Best instance 1.0000, class 1.0000 (epoch 170)
Best instance 1.0000, class 1.0000 (epoch 170)
2026-06-24 19:02:15,710 - INFO - Epoch 190/200:
Epoch 190/200:
2026-06-24 19:02:18,418 - INFO - Train loss: 0.4802 (2.7s)
Train loss: 0.4802 (2.7s)
2026-06-24 19:02:18,684 - INFO - Test instance 0.9250, class 0.9250
Test instance 0.9250, class 0.9250
2026-06-24 19:02:18,684 - INFO - Best instance 1.0000, class 1.0000 (epoch 170)
Best instance 1.0000, class 1.0000 (epoch 170)
2026-06-24 19:02:18,710 - INFO - Epoch 191/200:
Epoch 191/200:
2026-06-24 19:02:21,401 - INFO - Train loss: 0.4827 (2.7s)
Train loss: 0.4827 (2.7s)
2026-06-24 19:02:21,667 - INFO - Test instance 0.9375, class 0.9375
Test instance 0.9375, class 0.9375
2026-06-24 19:02:21,667 - INFO - Best instance 1.0000, class 1.0000 (epoch 170)
Best instance 1.0000, class 1.0000 (epoch 170)
2026-06-24 19:02:21,686 - INFO - Epoch 192/200:
Epoch 192/200:
2026-06-24 19:02:24,392 - INFO - Train loss: 0.5042 (2.7s)
Train loss: 0.5042 (2.7s)
2026-06-24 19:02:24,658 - INFO - Test instance 0.9625, class 0.9625
Test instance 0.9625, class 0.9625
2026-06-24 19:02:24,658 - INFO - Best instance 1.0000, class 1.0000 (epoch 170)
Best instance 1.0000, class 1.0000 (epoch 170)
2026-06-24 19:02:24,677 - INFO - Epoch 193/200:
Epoch 193/200:
2026-06-24 19:02:27,399 - INFO - Train loss: 0.4814 (2.7s)
Train loss: 0.4814 (2.7s)
2026-06-24 19:02:27,665 - INFO - Test instance 0.9750, class 0.9750
Test instance 0.9750, class 0.9750
2026-06-24 19:02:27,666 - INFO - Best instance 1.0000, class 1.0000 (epoch 170)
Best instance 1.0000, class 1.0000 (epoch 170)
2026-06-24 19:02:27,684 - INFO - Epoch 194/200:
Epoch 194/200:
2026-06-24 19:02:30,399 - INFO - Train loss: 0.4878 (2.7s)
Train loss: 0.4878 (2.7s)
2026-06-24 19:02:30,661 - INFO - Test instance 0.9000, class 0.9000
Test instance 0.9000, class 0.9000
2026-06-24 19:02:30,661 - INFO - Best instance 1.0000, class 1.0000 (epoch 170)
Best instance 1.0000, class 1.0000 (epoch 170)
2026-06-24 19:02:30,679 - INFO - Epoch 195/200:
Epoch 195/200:
2026-06-24 19:02:33,404 - INFO - Train loss: 0.4757 (2.7s)
Train loss: 0.4757 (2.7s)
2026-06-24 19:02:33,683 - INFO - Test instance 0.9375, class 0.9375
Test instance 0.9375, class 0.9375
2026-06-24 19:02:33,683 - INFO - Best instance 1.0000, class 1.0000 (epoch 170)
Best instance 1.0000, class 1.0000 (epoch 170)
2026-06-24 19:02:33,702 - INFO - Epoch 196/200:
Epoch 196/200:
2026-06-24 19:02:36,427 - INFO - Train loss: 0.4907 (2.7s)
Train loss: 0.4907 (2.7s)
2026-06-24 19:02:36,694 - INFO - Test instance 0.9125, class 0.9125
Test instance 0.9125, class 0.9125
2026-06-24 19:02:36,694 - INFO - Best instance 1.0000, class 1.0000 (epoch 170)
Best instance 1.0000, class 1.0000 (epoch 170)
2026-06-24 19:02:36,712 - INFO - Epoch 197/200:
Epoch 197/200:
2026-06-24 19:02:39,431 - INFO - Train loss: 0.4797 (2.7s)
Train loss: 0.4797 (2.7s)
2026-06-24 19:02:39,693 - INFO - Test instance 0.9250, class 0.9250
Test instance 0.9250, class 0.9250
2026-06-24 19:02:39,694 - INFO - Best instance 1.0000, class 1.0000 (epoch 170)
Best instance 1.0000, class 1.0000 (epoch 170)
2026-06-24 19:02:39,712 - INFO - Epoch 198/200:
Epoch 198/200:
2026-06-24 19:02:42,416 - INFO - Train loss: 0.4829 (2.7s)
Train loss: 0.4829 (2.7s)
2026-06-24 19:02:42,677 - INFO - Test instance 0.9125, class 0.9125
Test instance 0.9125, class 0.9125
2026-06-24 19:02:42,677 - INFO - Best instance 1.0000, class 1.0000 (epoch 170)
Best instance 1.0000, class 1.0000 (epoch 170)
2026-06-24 19:02:42,696 - INFO - Epoch 199/200:
Epoch 199/200:
2026-06-24 19:02:45,415 - INFO - Train loss: 0.4780 (2.7s)
Train loss: 0.4780 (2.7s)
2026-06-24 19:02:45,685 - INFO - Test instance 0.9250, class 0.9250
Test instance 0.9250, class 0.9250
2026-06-24 19:02:45,685 - INFO - Best instance 1.0000, class 1.0000 (epoch 170)
Best instance 1.0000, class 1.0000 (epoch 170)
2026-06-24 19:02:45,703 - INFO - Epoch 200/200:
Epoch 200/200:
2026-06-24 19:02:48,443 - INFO - Train loss: 0.4772 (2.7s)
Train loss: 0.4772 (2.7s)
2026-06-24 19:02:48,703 - INFO - Test instance 0.9500, class 0.9500
Test instance 0.9500, class 0.9500
2026-06-24 19:02:48,704 - INFO - Best instance 1.0000, class 1.0000 (epoch 170)
Best instance 1.0000, class 1.0000 (epoch 170)
2026-06-24 19:03:10,127 - INFO - Student 1.42 MB, 63.52 ms
Student 1.42 MB, 63.52 ms
