[Wed Jun 24 18:07:51 EDT 2026] task 171 on GPU 0: python flkd/advanced_kd_train_classification.py --teacher_model pointnet2_cls_ssg --student_model small_pointnet2 --kd_strategy crd --dataset craniosynostosis --seed 123 --batch_size 24 --epoch 200 --num_point 1024 --teacher_path "outputs/craniosynostosis/flkd/federated/classification/fl_pointnet2_cls_ssg_fedadam_s123/checkpoints/best_model.pth" --log_dir kd_pointnet2_cls_ssg_fedadam+crd_small_pointnet2_s123  --data_root data --output_root outputs --num_workers -1 --max_runtime_hours 166.0
Loaded teacher from outputs/craniosynostosis/flkd/federated/classification/fl_pointnet2_cls_ssg_fedadam_s123/checkpoints/best_model.pth
2026-06-24 18:11:45,867 - INFO - PARAMETER ...
2026-06-24 18:11:45,867 - INFO - {'use_cpu': False, 'no_amp': False, 'gpu': '0', 'num_workers': -1, 'batch_size': 24, 'teacher_model': 'pointnet2_cls_ssg', 'student_model': 'small_pointnet2', 'num_category': 4, 'dataset': 'craniosynostosis', 'data_root': 'data', 'output_root': 'outputs', 'train_split': 0.8, 'dataset_seed': 0, 'cache_dataset': True, 'min_class_samples': 1, 'epoch': 200, 'learning_rate': 0.001, 'num_point': 1024, 'optimizer': 'Adam', 'log_dir': 'kd_pointnet2_cls_ssg_fedadam+crd_small_pointnet2_s123', 'decay_rate': 0.0001, 'use_normals': False, 'process_data': False, 'use_uniform_sample': False, 'resume': True, 'kd_strategy': 'crd', 'alpha': 0.5, 'temperature': 2.0, 'beta': 0.5, 'dkd_alpha': 1.0, 'dkd_beta': 8.0, 'crd_temperature': 0.07, 'teacher_path': 'outputs/craniosynostosis/flkd/federated/classification/fl_pointnet2_cls_ssg_fedadam_s123/checkpoints/best_model.pth', 'teacher_paths': None, 'teacher_weights': None, 'use_hard_labels': 'on', 'unlabeled': False, 'temperature_sweep': None, 'seed': 123, 'max_runtime_hours': 166.0}
2026-06-24 18:11:45,868 - INFO - KD=crd student=small_pointnet2 AMP=False use_hard=True unlabeled=False T=2.0
KD=crd student=small_pointnet2 AMP=False use_hard=True unlabeled=False T=2.0
2026-06-24 18:11:48,455 - INFO - Added 196864 KD-adapter params to optimiser.
Added 196864 KD-adapter params to optimiser.
2026-06-24 18:11:48,456 - INFO - Epoch 1/200:
Epoch 1/200:
2026-06-24 18:11:52,251 - INFO - Train loss: 2.2643 (3.8s)
Train loss: 2.2643 (3.8s)
2026-06-24 18:11:52,891 - INFO - Test instance 0.2500, class 0.2500
Test instance 0.2500, class 0.2500
2026-06-24 18:11:52,917 - INFO - Best instance 0.2500, class 0.2500 (epoch 1)
Best instance 0.2500, class 0.2500 (epoch 1)
2026-06-24 18:11:52,938 - INFO - Epoch 2/200:
Epoch 2/200:
2026-06-24 18:11:56,423 - INFO - Train loss: 2.1535 (3.5s)
Train loss: 2.1535 (3.5s)
2026-06-24 18:11:56,689 - INFO - Test instance 0.2500, class 0.2500
Test instance 0.2500, class 0.2500
2026-06-24 18:11:56,689 - INFO - Best instance 0.2500, class 0.2500 (epoch 1)
Best instance 0.2500, class 0.2500 (epoch 1)
2026-06-24 18:11:56,712 - INFO - Epoch 3/200:
Epoch 3/200:
2026-06-24 18:11:59,430 - INFO - Train loss: 2.1000 (2.7s)
Train loss: 2.1000 (2.7s)
2026-06-24 18:11:59,697 - INFO - Test instance 0.2500, class 0.2500
Test instance 0.2500, class 0.2500
2026-06-24 18:11:59,697 - INFO - Best instance 0.2500, class 0.2500 (epoch 1)
Best instance 0.2500, class 0.2500 (epoch 1)
2026-06-24 18:11:59,721 - INFO - Epoch 4/200:
Epoch 4/200:
2026-06-24 18:12:02,531 - INFO - Train loss: 2.0794 (2.8s)
Train loss: 2.0794 (2.8s)
2026-06-24 18:12:02,795 - INFO - Test instance 0.2875, class 0.2875
Test instance 0.2875, class 0.2875
2026-06-24 18:12:02,815 - INFO - Best instance 0.2875, class 0.2875 (epoch 4)
Best instance 0.2875, class 0.2875 (epoch 4)
2026-06-24 18:12:02,848 - INFO - Epoch 5/200:
Epoch 5/200:
2026-06-24 18:12:05,626 - INFO - Train loss: 2.0463 (2.8s)
Train loss: 2.0463 (2.8s)
2026-06-24 18:12:05,884 - INFO - Test instance 0.5250, class 0.5250
Test instance 0.5250, class 0.5250
2026-06-24 18:12:05,904 - INFO - Best instance 0.5250, class 0.5250 (epoch 5)
Best instance 0.5250, class 0.5250 (epoch 5)
2026-06-24 18:12:05,924 - INFO - Epoch 6/200:
Epoch 6/200:
2026-06-24 18:12:08,690 - INFO - Train loss: 2.0826 (2.8s)
Train loss: 2.0826 (2.8s)
2026-06-24 18:12:08,962 - INFO - Test instance 0.4125, class 0.4125
Test instance 0.4125, class 0.4125
2026-06-24 18:12:08,963 - INFO - Best instance 0.5250, class 0.5250 (epoch 5)
Best instance 0.5250, class 0.5250 (epoch 5)
2026-06-24 18:12:08,985 - INFO - Epoch 7/200:
Epoch 7/200:
2026-06-24 18:12:11,767 - INFO - Train loss: 2.0897 (2.8s)
Train loss: 2.0897 (2.8s)
2026-06-24 18:12:12,034 - INFO - Test instance 0.5250, class 0.5250
Test instance 0.5250, class 0.5250
2026-06-24 18:12:12,035 - INFO - Best instance 0.5250, class 0.5250 (epoch 5)
Best instance 0.5250, class 0.5250 (epoch 5)
2026-06-24 18:12:12,056 - INFO - Epoch 8/200:
Epoch 8/200:
2026-06-24 18:12:15,523 - INFO - Train loss: 2.0610 (3.5s)
Train loss: 2.0610 (3.5s)
2026-06-24 18:12:15,801 - INFO - Test instance 0.5000, class 0.5000
Test instance 0.5000, class 0.5000
2026-06-24 18:12:15,802 - INFO - Best instance 0.5250, class 0.5250 (epoch 5)
Best instance 0.5250, class 0.5250 (epoch 5)
2026-06-24 18:12:15,823 - INFO - Epoch 9/200:
Epoch 9/200:
2026-06-24 18:12:19,269 - INFO - Train loss: 1.9695 (3.4s)
Train loss: 1.9695 (3.4s)
2026-06-24 18:12:19,529 - INFO - Test instance 0.5750, class 0.5750
Test instance 0.5750, class 0.5750
2026-06-24 18:12:19,548 - INFO - Best instance 0.5750, class 0.5750 (epoch 9)
Best instance 0.5750, class 0.5750 (epoch 9)
2026-06-24 18:12:19,567 - INFO - Epoch 10/200:
Epoch 10/200:
2026-06-24 18:12:22,294 - INFO - Train loss: 2.1260 (2.7s)
Train loss: 2.1260 (2.7s)
2026-06-24 18:12:22,551 - INFO - Test instance 0.6250, class 0.6250
Test instance 0.6250, class 0.6250
2026-06-24 18:12:22,572 - INFO - Best instance 0.6250, class 0.6250 (epoch 10)
Best instance 0.6250, class 0.6250 (epoch 10)
2026-06-24 18:12:22,602 - INFO - Epoch 11/200:
Epoch 11/200:
2026-06-24 18:12:25,347 - INFO - Train loss: 2.1359 (2.7s)
Train loss: 2.1359 (2.7s)
2026-06-24 18:12:25,602 - INFO - Test instance 0.5875, class 0.5875
Test instance 0.5875, class 0.5875
2026-06-24 18:12:25,603 - INFO - Best instance 0.6250, class 0.6250 (epoch 10)
Best instance 0.6250, class 0.6250 (epoch 10)
2026-06-24 18:12:25,624 - INFO - Epoch 12/200:
Epoch 12/200:
2026-06-24 18:12:28,389 - INFO - Train loss: 2.0885 (2.8s)
Train loss: 2.0885 (2.8s)
2026-06-24 18:12:28,726 - INFO - Test instance 0.4625, class 0.4625
Test instance 0.4625, class 0.4625
2026-06-24 18:12:28,726 - INFO - Best instance 0.6250, class 0.6250 (epoch 10)
Best instance 0.6250, class 0.6250 (epoch 10)
2026-06-24 18:12:28,751 - INFO - Epoch 13/200:
Epoch 13/200:
2026-06-24 18:12:31,528 - INFO - Train loss: 2.0861 (2.8s)
Train loss: 2.0861 (2.8s)
2026-06-24 18:12:31,792 - INFO - Test instance 0.5500, class 0.5500
Test instance 0.5500, class 0.5500
2026-06-24 18:12:31,792 - INFO - Best instance 0.6250, class 0.6250 (epoch 10)
Best instance 0.6250, class 0.6250 (epoch 10)
2026-06-24 18:12:31,815 - INFO - Epoch 14/200:
Epoch 14/200:
2026-06-24 18:12:35,271 - INFO - Train loss: 2.0797 (3.5s)
Train loss: 2.0797 (3.5s)
2026-06-24 18:12:35,540 - INFO - Test instance 0.4250, class 0.4250
Test instance 0.4250, class 0.4250
2026-06-24 18:12:35,541 - INFO - Best instance 0.6250, class 0.6250 (epoch 10)
Best instance 0.6250, class 0.6250 (epoch 10)
2026-06-24 18:12:35,562 - INFO - Epoch 15/200:
Epoch 15/200:
2026-06-24 18:12:38,290 - INFO - Train loss: 2.0198 (2.7s)
Train loss: 2.0198 (2.7s)
2026-06-24 18:12:38,622 - INFO - Test instance 0.4750, class 0.4750
Test instance 0.4750, class 0.4750
2026-06-24 18:12:38,623 - INFO - Best instance 0.6250, class 0.6250 (epoch 10)
Best instance 0.6250, class 0.6250 (epoch 10)
2026-06-24 18:12:38,646 - INFO - Epoch 16/200:
Epoch 16/200:
2026-06-24 18:12:41,396 - INFO - Train loss: 2.0689 (2.7s)
Train loss: 2.0689 (2.7s)
2026-06-24 18:12:41,660 - INFO - Test instance 0.6500, class 0.6500
Test instance 0.6500, class 0.6500
2026-06-24 18:12:41,680 - INFO - Best instance 0.6500, class 0.6500 (epoch 16)
Best instance 0.6500, class 0.6500 (epoch 16)
2026-06-24 18:12:41,700 - INFO - Epoch 17/200:
Epoch 17/200:
2026-06-24 18:12:44,419 - INFO - Train loss: 1.9662 (2.7s)
Train loss: 1.9662 (2.7s)
2026-06-24 18:12:44,683 - INFO - Test instance 0.5625, class 0.5625
Test instance 0.5625, class 0.5625
2026-06-24 18:12:44,683 - INFO - Best instance 0.6500, class 0.6500 (epoch 16)
Best instance 0.6500, class 0.6500 (epoch 16)
2026-06-24 18:12:44,705 - INFO - Epoch 18/200:
Epoch 18/200:
2026-06-24 18:12:47,460 - INFO - Train loss: 1.9162 (2.8s)
Train loss: 1.9162 (2.8s)
2026-06-24 18:12:47,720 - INFO - Test instance 0.6375, class 0.6375
Test instance 0.6375, class 0.6375
2026-06-24 18:12:47,721 - INFO - Best instance 0.6500, class 0.6500 (epoch 16)
Best instance 0.6500, class 0.6500 (epoch 16)
2026-06-24 18:12:47,743 - INFO - Epoch 19/200:
Epoch 19/200:
2026-06-24 18:12:50,496 - INFO - Train loss: 1.9279 (2.8s)
Train loss: 1.9279 (2.8s)
2026-06-24 18:12:50,754 - INFO - Test instance 0.7375, class 0.7375
Test instance 0.7375, class 0.7375
2026-06-24 18:12:50,773 - INFO - Best instance 0.7375, class 0.7375 (epoch 19)
Best instance 0.7375, class 0.7375 (epoch 19)
2026-06-24 18:12:50,793 - INFO - Epoch 20/200:
Epoch 20/200:
2026-06-24 18:12:53,531 - INFO - Train loss: 1.9189 (2.7s)
Train loss: 1.9189 (2.7s)
2026-06-24 18:12:53,792 - INFO - Test instance 0.6000, class 0.6000
Test instance 0.6000, class 0.6000
2026-06-24 18:12:53,793 - INFO - Best instance 0.7375, class 0.7375 (epoch 19)
Best instance 0.7375, class 0.7375 (epoch 19)
2026-06-24 18:12:53,815 - INFO - Epoch 21/200:
Epoch 21/200:
2026-06-24 18:12:56,573 - INFO - Train loss: 1.8614 (2.8s)
Train loss: 1.8614 (2.8s)
2026-06-24 18:12:56,912 - INFO - Test instance 0.7875, class 0.7875
Test instance 0.7875, class 0.7875
2026-06-24 18:12:56,933 - INFO - Best instance 0.7875, class 0.7875 (epoch 21)
Best instance 0.7875, class 0.7875 (epoch 21)
2026-06-24 18:12:56,956 - INFO - Epoch 22/200:
Epoch 22/200:
2026-06-24 18:12:59,702 - INFO - Train loss: 1.8509 (2.7s)
Train loss: 1.8509 (2.7s)
2026-06-24 18:12:59,969 - INFO - Test instance 0.7875, class 0.7875
Test instance 0.7875, class 0.7875
2026-06-24 18:12:59,969 - INFO - Best instance 0.7875, class 0.7875 (epoch 21)
Best instance 0.7875, class 0.7875 (epoch 21)
2026-06-24 18:12:59,991 - INFO - Epoch 23/200:
Epoch 23/200:
2026-06-24 18:13:02,776 - INFO - Train loss: 1.7517 (2.8s)
Train loss: 1.7517 (2.8s)
2026-06-24 18:13:03,033 - INFO - Test instance 0.8625, class 0.8625
Test instance 0.8625, class 0.8625
2026-06-24 18:13:03,052 - INFO - Best instance 0.8625, class 0.8625 (epoch 23)
Best instance 0.8625, class 0.8625 (epoch 23)
2026-06-24 18:13:03,071 - INFO - Epoch 24/200:
Epoch 24/200:
2026-06-24 18:13:05,794 - INFO - Train loss: 1.7632 (2.7s)
Train loss: 1.7632 (2.7s)
2026-06-24 18:13:06,062 - INFO - Test instance 0.5875, class 0.5875
Test instance 0.5875, class 0.5875
2026-06-24 18:13:06,063 - INFO - Best instance 0.8625, class 0.8625 (epoch 23)
Best instance 0.8625, class 0.8625 (epoch 23)
2026-06-24 18:13:06,084 - INFO - Epoch 25/200:
Epoch 25/200:
2026-06-24 18:13:08,829 - INFO - Train loss: 1.6699 (2.7s)
Train loss: 1.6699 (2.7s)
2026-06-24 18:13:09,085 - INFO - Test instance 0.6250, class 0.6250
Test instance 0.6250, class 0.6250
2026-06-24 18:13:09,085 - INFO - Best instance 0.8625, class 0.8625 (epoch 23)
Best instance 0.8625, class 0.8625 (epoch 23)
2026-06-24 18:13:09,105 - INFO - Epoch 26/200:
Epoch 26/200:
2026-06-24 18:13:11,846 - INFO - Train loss: 1.7070 (2.7s)
Train loss: 1.7070 (2.7s)
2026-06-24 18:13:12,111 - INFO - Test instance 0.6875, class 0.6875
Test instance 0.6875, class 0.6875
2026-06-24 18:13:12,112 - INFO - Best instance 0.8625, class 0.8625 (epoch 23)
Best instance 0.8625, class 0.8625 (epoch 23)
2026-06-24 18:13:12,133 - INFO - Epoch 27/200:
Epoch 27/200:
2026-06-24 18:13:14,895 - INFO - Train loss: 1.6353 (2.8s)
Train loss: 1.6353 (2.8s)
2026-06-24 18:13:15,159 - INFO - Test instance 0.7375, class 0.7375
Test instance 0.7375, class 0.7375
2026-06-24 18:13:15,159 - INFO - Best instance 0.8625, class 0.8625 (epoch 23)
Best instance 0.8625, class 0.8625 (epoch 23)
2026-06-24 18:13:15,180 - INFO - Epoch 28/200:
Epoch 28/200:
2026-06-24 18:13:17,970 - INFO - Train loss: 1.6880 (2.8s)
Train loss: 1.6880 (2.8s)
2026-06-24 18:13:18,241 - INFO - Test instance 0.7375, class 0.7375
Test instance 0.7375, class 0.7375
2026-06-24 18:13:18,241 - INFO - Best instance 0.8625, class 0.8625 (epoch 23)
Best instance 0.8625, class 0.8625 (epoch 23)
2026-06-24 18:13:18,261 - INFO - Epoch 29/200:
Epoch 29/200:
2026-06-24 18:13:21,048 - INFO - Train loss: 1.7999 (2.8s)
Train loss: 1.7999 (2.8s)
2026-06-24 18:13:21,307 - INFO - Test instance 0.5500, class 0.5500
Test instance 0.5500, class 0.5500
2026-06-24 18:13:21,307 - INFO - Best instance 0.8625, class 0.8625 (epoch 23)
Best instance 0.8625, class 0.8625 (epoch 23)
2026-06-24 18:13:21,328 - INFO - Epoch 30/200:
Epoch 30/200:
2026-06-24 18:13:24,082 - INFO - Train loss: 1.8215 (2.8s)
Train loss: 1.8215 (2.8s)
2026-06-24 18:13:24,334 - INFO - Test instance 0.5375, class 0.5375
Test instance 0.5375, class 0.5375
2026-06-24 18:13:24,335 - INFO - Best instance 0.8625, class 0.8625 (epoch 23)
Best instance 0.8625, class 0.8625 (epoch 23)
2026-06-24 18:13:24,355 - INFO - Epoch 31/200:
Epoch 31/200:
2026-06-24 18:13:27,105 - INFO - Train loss: 1.7885 (2.7s)
Train loss: 1.7885 (2.7s)
2026-06-24 18:13:27,364 - INFO - Test instance 0.7625, class 0.7625
Test instance 0.7625, class 0.7625
2026-06-24 18:13:27,364 - INFO - Best instance 0.8625, class 0.8625 (epoch 23)
Best instance 0.8625, class 0.8625 (epoch 23)
2026-06-24 18:13:27,386 - INFO - Epoch 32/200:
Epoch 32/200:
2026-06-24 18:13:30,153 - INFO - Train loss: 1.7333 (2.8s)
Train loss: 1.7333 (2.8s)
2026-06-24 18:13:30,419 - INFO - Test instance 0.8250, class 0.8250
Test instance 0.8250, class 0.8250
2026-06-24 18:13:30,419 - INFO - Best instance 0.8625, class 0.8625 (epoch 23)
Best instance 0.8625, class 0.8625 (epoch 23)
2026-06-24 18:13:30,441 - INFO - Epoch 33/200:
Epoch 33/200:
2026-06-24 18:13:33,185 - INFO - Train loss: 1.6651 (2.7s)
Train loss: 1.6651 (2.7s)
2026-06-24 18:13:33,540 - INFO - Test instance 0.7750, class 0.7750
Test instance 0.7750, class 0.7750
2026-06-24 18:13:33,540 - INFO - Best instance 0.8625, class 0.8625 (epoch 23)
Best instance 0.8625, class 0.8625 (epoch 23)
2026-06-24 18:13:33,563 - INFO - Epoch 34/200:
Epoch 34/200:
2026-06-24 18:13:37,026 - INFO - Train loss: 1.6138 (3.5s)
Train loss: 1.6138 (3.5s)
2026-06-24 18:13:37,360 - INFO - Test instance 0.5375, class 0.5375
Test instance 0.5375, class 0.5375
2026-06-24 18:13:37,361 - INFO - Best instance 0.8625, class 0.8625 (epoch 23)
Best instance 0.8625, class 0.8625 (epoch 23)
2026-06-24 18:13:37,386 - INFO - Epoch 35/200:
Epoch 35/200:
2026-06-24 18:13:40,875 - INFO - Train loss: 1.6588 (3.5s)
Train loss: 1.6588 (3.5s)
2026-06-24 18:13:41,143 - INFO - Test instance 0.8125, class 0.8125
Test instance 0.8125, class 0.8125
2026-06-24 18:13:41,143 - INFO - Best instance 0.8625, class 0.8625 (epoch 23)
Best instance 0.8625, class 0.8625 (epoch 23)
2026-06-24 18:13:41,164 - INFO - Epoch 36/200:
Epoch 36/200:
2026-06-24 18:13:43,919 - INFO - Train loss: 1.6753 (2.8s)
Train loss: 1.6753 (2.8s)
2026-06-24 18:13:44,175 - INFO - Test instance 0.8625, class 0.8625
Test instance 0.8625, class 0.8625
2026-06-24 18:13:44,175 - INFO - Best instance 0.8625, class 0.8625 (epoch 23)
Best instance 0.8625, class 0.8625 (epoch 23)
2026-06-24 18:13:44,196 - INFO - Epoch 37/200:
Epoch 37/200:
2026-06-24 18:13:46,922 - INFO - Train loss: 1.6334 (2.7s)
Train loss: 1.6334 (2.7s)
2026-06-24 18:13:47,249 - INFO - Test instance 0.8750, class 0.8750
Test instance 0.8750, class 0.8750
2026-06-24 18:13:47,271 - INFO - Best instance 0.8750, class 0.8750 (epoch 37)
Best instance 0.8750, class 0.8750 (epoch 37)
2026-06-24 18:13:47,293 - INFO - Epoch 38/200:
Epoch 38/200:
2026-06-24 18:13:50,039 - INFO - Train loss: 1.6064 (2.7s)
Train loss: 1.6064 (2.7s)
2026-06-24 18:13:50,296 - INFO - Test instance 0.8125, class 0.8125
Test instance 0.8125, class 0.8125
2026-06-24 18:13:50,296 - INFO - Best instance 0.8750, class 0.8750 (epoch 37)
Best instance 0.8750, class 0.8750 (epoch 37)
2026-06-24 18:13:50,317 - INFO - Epoch 39/200:
Epoch 39/200:
2026-06-24 18:13:53,057 - INFO - Train loss: 1.6006 (2.7s)
Train loss: 1.6006 (2.7s)
2026-06-24 18:13:53,320 - INFO - Test instance 0.7000, class 0.7000
Test instance 0.7000, class 0.7000
2026-06-24 18:13:53,320 - INFO - Best instance 0.8750, class 0.8750 (epoch 37)
Best instance 0.8750, class 0.8750 (epoch 37)
2026-06-24 18:13:53,342 - INFO - Epoch 40/200:
Epoch 40/200:
2026-06-24 18:13:56,804 - INFO - Train loss: 1.6690 (3.5s)
Train loss: 1.6690 (3.5s)
2026-06-24 18:13:57,067 - INFO - Test instance 0.8750, class 0.8750
Test instance 0.8750, class 0.8750
2026-06-24 18:13:57,067 - INFO - Best instance 0.8750, class 0.8750 (epoch 37)
Best instance 0.8750, class 0.8750 (epoch 37)
2026-06-24 18:13:57,088 - INFO - Epoch 41/200:
Epoch 41/200:
2026-06-24 18:13:59,848 - INFO - Train loss: 1.5722 (2.8s)
Train loss: 1.5722 (2.8s)
2026-06-24 18:14:00,115 - INFO - Test instance 0.8625, class 0.8625
Test instance 0.8625, class 0.8625
2026-06-24 18:14:00,116 - INFO - Best instance 0.8750, class 0.8750 (epoch 37)
Best instance 0.8750, class 0.8750 (epoch 37)
2026-06-24 18:14:00,137 - INFO - Epoch 42/200:
Epoch 42/200:
2026-06-24 18:14:02,935 - INFO - Train loss: 1.5564 (2.8s)
Train loss: 1.5564 (2.8s)
2026-06-24 18:14:03,275 - INFO - Test instance 0.8500, class 0.8500
Test instance 0.8500, class 0.8500
2026-06-24 18:14:03,275 - INFO - Best instance 0.8750, class 0.8750 (epoch 37)
Best instance 0.8750, class 0.8750 (epoch 37)
2026-06-24 18:14:03,299 - INFO - Epoch 43/200:
Epoch 43/200:
2026-06-24 18:14:06,051 - INFO - Train loss: 1.5164 (2.8s)
Train loss: 1.5164 (2.8s)
2026-06-24 18:14:06,332 - INFO - Test instance 0.7625, class 0.7625
Test instance 0.7625, class 0.7625
2026-06-24 18:14:06,332 - INFO - Best instance 0.8750, class 0.8750 (epoch 37)
Best instance 0.8750, class 0.8750 (epoch 37)
2026-06-24 18:14:06,353 - INFO - Epoch 44/200:
Epoch 44/200:
2026-06-24 18:14:09,059 - INFO - Train loss: 1.5065 (2.7s)
Train loss: 1.5065 (2.7s)
2026-06-24 18:14:09,315 - INFO - Test instance 0.8875, class 0.8875
Test instance 0.8875, class 0.8875
2026-06-24 18:14:09,334 - INFO - Best instance 0.8875, class 0.8875 (epoch 44)
Best instance 0.8875, class 0.8875 (epoch 44)
2026-06-24 18:14:09,356 - INFO - Epoch 45/200:
Epoch 45/200:
2026-06-24 18:14:12,108 - INFO - Train loss: 1.5158 (2.8s)
Train loss: 1.5158 (2.8s)
2026-06-24 18:14:12,366 - INFO - Test instance 0.8250, class 0.8250
Test instance 0.8250, class 0.8250
2026-06-24 18:14:12,366 - INFO - Best instance 0.8875, class 0.8875 (epoch 44)
Best instance 0.8875, class 0.8875 (epoch 44)
2026-06-24 18:14:12,387 - INFO - Epoch 46/200:
Epoch 46/200:
2026-06-24 18:14:15,112 - INFO - Train loss: 1.5355 (2.7s)
Train loss: 1.5355 (2.7s)
2026-06-24 18:14:15,445 - INFO - Test instance 0.8875, class 0.8875
Test instance 0.8875, class 0.8875
2026-06-24 18:14:15,446 - INFO - Best instance 0.8875, class 0.8875 (epoch 44)
Best instance 0.8875, class 0.8875 (epoch 44)
2026-06-24 18:14:15,469 - INFO - Epoch 47/200:
Epoch 47/200:
2026-06-24 18:14:18,213 - INFO - Train loss: 1.5320 (2.7s)
Train loss: 1.5320 (2.7s)
2026-06-24 18:14:18,469 - INFO - Test instance 0.8750, class 0.8750
Test instance 0.8750, class 0.8750
2026-06-24 18:14:18,470 - INFO - Best instance 0.8875, class 0.8875 (epoch 44)
Best instance 0.8875, class 0.8875 (epoch 44)
2026-06-24 18:14:18,490 - INFO - Epoch 48/200:
Epoch 48/200:
2026-06-24 18:14:21,235 - INFO - Train loss: 1.4583 (2.7s)
Train loss: 1.4583 (2.7s)
2026-06-24 18:14:21,499 - INFO - Test instance 0.9250, class 0.9250
Test instance 0.9250, class 0.9250
2026-06-24 18:14:21,522 - INFO - Best instance 0.9250, class 0.9250 (epoch 48)
Best instance 0.9250, class 0.9250 (epoch 48)
2026-06-24 18:14:21,543 - INFO - Epoch 49/200:
Epoch 49/200:
2026-06-24 18:14:24,261 - INFO - Train loss: 1.4842 (2.7s)
Train loss: 1.4842 (2.7s)
2026-06-24 18:14:24,517 - INFO - Test instance 0.9125, class 0.9125
Test instance 0.9125, class 0.9125
2026-06-24 18:14:24,517 - INFO - Best instance 0.9250, class 0.9250 (epoch 48)
Best instance 0.9250, class 0.9250 (epoch 48)
2026-06-24 18:14:24,538 - INFO - Epoch 50/200:
Epoch 50/200:
2026-06-24 18:14:27,282 - INFO - Train loss: 1.4816 (2.7s)
Train loss: 1.4816 (2.7s)
2026-06-24 18:14:27,543 - INFO - Test instance 0.7625, class 0.7625
Test instance 0.7625, class 0.7625
2026-06-24 18:14:27,543 - INFO - Best instance 0.9250, class 0.9250 (epoch 48)
Best instance 0.9250, class 0.9250 (epoch 48)
2026-06-24 18:14:27,564 - INFO - Epoch 51/200:
Epoch 51/200:
2026-06-24 18:14:30,291 - INFO - Train loss: 1.6344 (2.7s)
Train loss: 1.6344 (2.7s)
2026-06-24 18:14:30,547 - INFO - Test instance 0.7625, class 0.7625
Test instance 0.7625, class 0.7625
2026-06-24 18:14:30,547 - INFO - Best instance 0.9250, class 0.9250 (epoch 48)
Best instance 0.9250, class 0.9250 (epoch 48)
2026-06-24 18:14:30,568 - INFO - Epoch 52/200:
Epoch 52/200:
2026-06-24 18:14:33,264 - INFO - Train loss: 1.5440 (2.7s)
Train loss: 1.5440 (2.7s)
2026-06-24 18:14:33,604 - INFO - Test instance 0.7750, class 0.7750
Test instance 0.7750, class 0.7750
2026-06-24 18:14:33,604 - INFO - Best instance 0.9250, class 0.9250 (epoch 48)
Best instance 0.9250, class 0.9250 (epoch 48)
2026-06-24 18:14:33,627 - INFO - Epoch 53/200:
Epoch 53/200:
2026-06-24 18:14:36,355 - INFO - Train loss: 1.4700 (2.7s)
Train loss: 1.4700 (2.7s)
2026-06-24 18:14:36,616 - INFO - Test instance 0.8375, class 0.8375
Test instance 0.8375, class 0.8375
2026-06-24 18:14:36,617 - INFO - Best instance 0.9250, class 0.9250 (epoch 48)
Best instance 0.9250, class 0.9250 (epoch 48)
2026-06-24 18:14:36,638 - INFO - Epoch 54/200:
Epoch 54/200:
2026-06-24 18:14:39,372 - INFO - Train loss: 1.7033 (2.7s)
Train loss: 1.7033 (2.7s)
2026-06-24 18:14:39,635 - INFO - Test instance 0.8000, class 0.8000
Test instance 0.8000, class 0.8000
2026-06-24 18:14:39,635 - INFO - Best instance 0.9250, class 0.9250 (epoch 48)
Best instance 0.9250, class 0.9250 (epoch 48)
2026-06-24 18:14:39,657 - INFO - Epoch 55/200:
Epoch 55/200:
2026-06-24 18:14:42,418 - INFO - Train loss: 1.7573 (2.8s)
Train loss: 1.7573 (2.8s)
2026-06-24 18:14:42,676 - INFO - Test instance 0.8500, class 0.8500
Test instance 0.8500, class 0.8500
2026-06-24 18:14:42,677 - INFO - Best instance 0.9250, class 0.9250 (epoch 48)
Best instance 0.9250, class 0.9250 (epoch 48)
2026-06-24 18:14:42,729 - INFO - Epoch 56/200:
Epoch 56/200:
2026-06-24 18:14:45,481 - INFO - Train loss: 1.7066 (2.8s)
Train loss: 1.7066 (2.8s)
2026-06-24 18:14:45,747 - INFO - Test instance 0.8250, class 0.8250
Test instance 0.8250, class 0.8250
2026-06-24 18:14:45,747 - INFO - Best instance 0.9250, class 0.9250 (epoch 48)
Best instance 0.9250, class 0.9250 (epoch 48)
2026-06-24 18:14:45,767 - INFO - Epoch 57/200:
Epoch 57/200:
2026-06-24 18:14:48,515 - INFO - Train loss: 1.6915 (2.7s)
Train loss: 1.6915 (2.7s)
2026-06-24 18:14:48,776 - INFO - Test instance 0.8750, class 0.8750
Test instance 0.8750, class 0.8750
2026-06-24 18:14:48,777 - INFO - Best instance 0.9250, class 0.9250 (epoch 48)
Best instance 0.9250, class 0.9250 (epoch 48)
2026-06-24 18:14:48,797 - INFO - Epoch 58/200:
Epoch 58/200:
2026-06-24 18:14:51,553 - INFO - Train loss: 1.7114 (2.8s)
Train loss: 1.7114 (2.8s)
2026-06-24 18:14:51,814 - INFO - Test instance 0.8625, class 0.8625
Test instance 0.8625, class 0.8625
2026-06-24 18:14:51,814 - INFO - Best instance 0.9250, class 0.9250 (epoch 48)
Best instance 0.9250, class 0.9250 (epoch 48)
2026-06-24 18:14:51,835 - INFO - Epoch 59/200:
Epoch 59/200:
2026-06-24 18:14:54,556 - INFO - Train loss: 1.6433 (2.7s)
Train loss: 1.6433 (2.7s)
2026-06-24 18:14:54,819 - INFO - Test instance 0.8500, class 0.8500
Test instance 0.8500, class 0.8500
2026-06-24 18:14:54,819 - INFO - Best instance 0.9250, class 0.9250 (epoch 48)
Best instance 0.9250, class 0.9250 (epoch 48)
2026-06-24 18:14:54,840 - INFO - Epoch 60/200:
Epoch 60/200:
2026-06-24 18:14:57,543 - INFO - Train loss: 1.6501 (2.7s)
Train loss: 1.6501 (2.7s)
2026-06-24 18:14:57,810 - INFO - Test instance 0.9000, class 0.9000
Test instance 0.9000, class 0.9000
2026-06-24 18:14:57,811 - INFO - Best instance 0.9250, class 0.9250 (epoch 48)
Best instance 0.9250, class 0.9250 (epoch 48)
2026-06-24 18:14:57,832 - INFO - Epoch 61/200:
Epoch 61/200:
2026-06-24 18:15:00,586 - INFO - Train loss: 1.6744 (2.8s)
Train loss: 1.6744 (2.8s)
2026-06-24 18:15:00,855 - INFO - Test instance 0.8875, class 0.8875
Test instance 0.8875, class 0.8875
2026-06-24 18:15:00,855 - INFO - Best instance 0.9250, class 0.9250 (epoch 48)
Best instance 0.9250, class 0.9250 (epoch 48)
2026-06-24 18:15:00,877 - INFO - Epoch 62/200:
Epoch 62/200:
2026-06-24 18:15:03,678 - INFO - Train loss: 1.6450 (2.8s)
Train loss: 1.6450 (2.8s)
2026-06-24 18:15:03,938 - INFO - Test instance 0.9250, class 0.9250
Test instance 0.9250, class 0.9250
2026-06-24 18:15:03,939 - INFO - Best instance 0.9250, class 0.9250 (epoch 48)
Best instance 0.9250, class 0.9250 (epoch 48)
2026-06-24 18:15:03,959 - INFO - Epoch 63/200:
Epoch 63/200:
2026-06-24 18:15:06,708 - INFO - Train loss: 1.6312 (2.7s)
Train loss: 1.6312 (2.7s)
2026-06-24 18:15:07,054 - INFO - Test instance 0.8750, class 0.8750
Test instance 0.8750, class 0.8750
2026-06-24 18:15:07,054 - INFO - Best instance 0.9250, class 0.9250 (epoch 48)
Best instance 0.9250, class 0.9250 (epoch 48)
2026-06-24 18:15:07,079 - INFO - Epoch 64/200:
Epoch 64/200:
2026-06-24 18:15:09,845 - INFO - Train loss: 1.6572 (2.8s)
Train loss: 1.6572 (2.8s)
2026-06-24 18:15:10,109 - INFO - Test instance 0.8500, class 0.8500
Test instance 0.8500, class 0.8500
2026-06-24 18:15:10,110 - INFO - Best instance 0.9250, class 0.9250 (epoch 48)
Best instance 0.9250, class 0.9250 (epoch 48)
2026-06-24 18:15:10,130 - INFO - Epoch 65/200:
Epoch 65/200:
2026-06-24 18:15:12,882 - INFO - Train loss: 1.6326 (2.8s)
Train loss: 1.6326 (2.8s)
2026-06-24 18:15:13,146 - INFO - Test instance 0.8125, class 0.8125
Test instance 0.8125, class 0.8125
2026-06-24 18:15:13,147 - INFO - Best instance 0.9250, class 0.9250 (epoch 48)
Best instance 0.9250, class 0.9250 (epoch 48)
2026-06-24 18:15:13,168 - INFO - Epoch 66/200:
Epoch 66/200:
2026-06-24 18:15:15,917 - INFO - Train loss: 1.6275 (2.7s)
Train loss: 1.6275 (2.7s)
2026-06-24 18:15:16,180 - INFO - Test instance 0.9250, class 0.9250
Test instance 0.9250, class 0.9250
2026-06-24 18:15:16,180 - INFO - Best instance 0.9250, class 0.9250 (epoch 48)
Best instance 0.9250, class 0.9250 (epoch 48)
2026-06-24 18:15:16,201 - INFO - Epoch 67/200:
Epoch 67/200:
2026-06-24 18:15:18,978 - INFO - Train loss: 1.5764 (2.8s)
Train loss: 1.5764 (2.8s)
2026-06-24 18:15:19,313 - INFO - Test instance 0.8750, class 0.8750
Test instance 0.8750, class 0.8750
2026-06-24 18:15:19,313 - INFO - Best instance 0.9250, class 0.9250 (epoch 48)
Best instance 0.9250, class 0.9250 (epoch 48)
2026-06-24 18:15:19,337 - INFO - Epoch 68/200:
Epoch 68/200:
2026-06-24 18:15:22,110 - INFO - Train loss: 1.5712 (2.8s)
Train loss: 1.5712 (2.8s)
2026-06-24 18:15:22,380 - INFO - Test instance 0.9375, class 0.9375
Test instance 0.9375, class 0.9375
2026-06-24 18:15:22,400 - INFO - Best instance 0.9375, class 0.9375 (epoch 68)
Best instance 0.9375, class 0.9375 (epoch 68)
2026-06-24 18:15:22,422 - INFO - Epoch 69/200:
Epoch 69/200:
2026-06-24 18:15:25,882 - INFO - Train loss: 1.5386 (3.5s)
Train loss: 1.5386 (3.5s)
2026-06-24 18:15:26,214 - INFO - Test instance 0.8375, class 0.8375
Test instance 0.8375, class 0.8375
2026-06-24 18:15:26,215 - INFO - Best instance 0.9375, class 0.9375 (epoch 68)
Best instance 0.9375, class 0.9375 (epoch 68)
2026-06-24 18:15:26,239 - INFO - Epoch 70/200:
Epoch 70/200:
2026-06-24 18:15:28,992 - INFO - Train loss: 1.5533 (2.8s)
Train loss: 1.5533 (2.8s)
2026-06-24 18:15:29,259 - INFO - Test instance 0.9000, class 0.9000
Test instance 0.9000, class 0.9000
2026-06-24 18:15:29,260 - INFO - Best instance 0.9375, class 0.9375 (epoch 68)
Best instance 0.9375, class 0.9375 (epoch 68)
2026-06-24 18:15:29,283 - INFO - Epoch 71/200:
Epoch 71/200:
2026-06-24 18:15:32,040 - INFO - Train loss: 1.5027 (2.8s)
Train loss: 1.5027 (2.8s)
2026-06-24 18:15:32,303 - INFO - Test instance 0.8375, class 0.8375
Test instance 0.8375, class 0.8375
2026-06-24 18:15:32,303 - INFO - Best instance 0.9375, class 0.9375 (epoch 68)
Best instance 0.9375, class 0.9375 (epoch 68)
2026-06-24 18:15:32,325 - INFO - Epoch 72/200:
Epoch 72/200:
2026-06-24 18:15:35,079 - INFO - Train loss: 1.5142 (2.8s)
Train loss: 1.5142 (2.8s)
2026-06-24 18:15:35,342 - INFO - Test instance 0.8750, class 0.8750
Test instance 0.8750, class 0.8750
2026-06-24 18:15:35,343 - INFO - Best instance 0.9375, class 0.9375 (epoch 68)
Best instance 0.9375, class 0.9375 (epoch 68)
2026-06-24 18:15:35,365 - INFO - Epoch 73/200:
Epoch 73/200:
2026-06-24 18:15:38,811 - INFO - Train loss: 1.3976 (3.4s)
Train loss: 1.3976 (3.4s)
2026-06-24 18:15:39,072 - INFO - Test instance 0.8750, class 0.8750
Test instance 0.8750, class 0.8750
2026-06-24 18:15:39,072 - INFO - Best instance 0.9375, class 0.9375 (epoch 68)
Best instance 0.9375, class 0.9375 (epoch 68)
2026-06-24 18:15:39,095 - INFO - Epoch 74/200:
Epoch 74/200:
2026-06-24 18:15:41,841 - INFO - Train loss: 1.6580 (2.7s)
Train loss: 1.6580 (2.7s)
2026-06-24 18:15:42,110 - INFO - Test instance 0.8625, class 0.8625
Test instance 0.8625, class 0.8625
2026-06-24 18:15:42,110 - INFO - Best instance 0.9375, class 0.9375 (epoch 68)
Best instance 0.9375, class 0.9375 (epoch 68)
2026-06-24 18:15:42,133 - INFO - Epoch 75/200:
Epoch 75/200:
2026-06-24 18:15:44,878 - INFO - Train loss: 1.6716 (2.7s)
Train loss: 1.6716 (2.7s)
2026-06-24 18:15:45,140 - INFO - Test instance 0.9500, class 0.9500
Test instance 0.9500, class 0.9500
2026-06-24 18:15:45,163 - INFO - Best instance 0.9500, class 0.9500 (epoch 75)
Best instance 0.9500, class 0.9500 (epoch 75)
2026-06-24 18:15:45,185 - INFO - Epoch 76/200:
Epoch 76/200:
2026-06-24 18:15:47,916 - INFO - Train loss: 1.6763 (2.7s)
Train loss: 1.6763 (2.7s)
2026-06-24 18:15:48,191 - INFO - Test instance 0.9375, class 0.9375
Test instance 0.9375, class 0.9375
2026-06-24 18:15:48,191 - INFO - Best instance 0.9500, class 0.9500 (epoch 75)
Best instance 0.9500, class 0.9500 (epoch 75)
2026-06-24 18:15:48,213 - INFO - Epoch 77/200:
Epoch 77/200:
2026-06-24 18:15:50,961 - INFO - Train loss: 1.6342 (2.7s)
Train loss: 1.6342 (2.7s)
2026-06-24 18:15:51,221 - INFO - Test instance 0.9500, class 0.9500
Test instance 0.9500, class 0.9500
2026-06-24 18:15:51,221 - INFO - Best instance 0.9500, class 0.9500 (epoch 75)
Best instance 0.9500, class 0.9500 (epoch 75)
2026-06-24 18:15:51,244 - INFO - Epoch 78/200:
Epoch 78/200:
2026-06-24 18:15:53,985 - INFO - Train loss: 1.6314 (2.7s)
Train loss: 1.6314 (2.7s)
2026-06-24 18:15:54,246 - INFO - Test instance 0.9625, class 0.9625
Test instance 0.9625, class 0.9625
2026-06-24 18:15:54,267 - INFO - Best instance 0.9625, class 0.9625 (epoch 78)
Best instance 0.9625, class 0.9625 (epoch 78)
2026-06-24 18:15:54,289 - INFO - Epoch 79/200:
Epoch 79/200:
2026-06-24 18:15:57,034 - INFO - Train loss: 1.6656 (2.7s)
Train loss: 1.6656 (2.7s)
2026-06-24 18:15:57,299 - INFO - Test instance 0.8500, class 0.8500
Test instance 0.8500, class 0.8500
2026-06-24 18:15:57,299 - INFO - Best instance 0.9625, class 0.9625 (epoch 78)
Best instance 0.9625, class 0.9625 (epoch 78)
2026-06-24 18:15:57,321 - INFO - Epoch 80/200:
Epoch 80/200:
2026-06-24 18:16:00,070 - INFO - Train loss: 1.6512 (2.7s)
Train loss: 1.6512 (2.7s)
2026-06-24 18:16:00,333 - INFO - Test instance 0.9000, class 0.9000
Test instance 0.9000, class 0.9000
2026-06-24 18:16:00,334 - INFO - Best instance 0.9625, class 0.9625 (epoch 78)
Best instance 0.9625, class 0.9625 (epoch 78)
2026-06-24 18:16:00,356 - INFO - Epoch 81/200:
Epoch 81/200:
2026-06-24 18:16:03,142 - INFO - Train loss: 1.6193 (2.8s)
Train loss: 1.6193 (2.8s)
2026-06-24 18:16:03,410 - INFO - Test instance 0.9125, class 0.9125
Test instance 0.9125, class 0.9125
2026-06-24 18:16:03,410 - INFO - Best instance 0.9625, class 0.9625 (epoch 78)
Best instance 0.9625, class 0.9625 (epoch 78)
2026-06-24 18:16:03,432 - INFO - Epoch 82/200:
Epoch 82/200:
2026-06-24 18:16:06,887 - INFO - Train loss: 1.5896 (3.5s)
Train loss: 1.5896 (3.5s)
2026-06-24 18:16:07,153 - INFO - Test instance 0.9500, class 0.9500
Test instance 0.9500, class 0.9500
2026-06-24 18:16:07,153 - INFO - Best instance 0.9625, class 0.9625 (epoch 78)
Best instance 0.9625, class 0.9625 (epoch 78)
2026-06-24 18:16:07,175 - INFO - Epoch 83/200:
Epoch 83/200:
2026-06-24 18:16:09,925 - INFO - Train loss: 1.5756 (2.7s)
Train loss: 1.5756 (2.7s)
2026-06-24 18:16:10,186 - INFO - Test instance 0.9125, class 0.9125
Test instance 0.9125, class 0.9125
2026-06-24 18:16:10,187 - INFO - Best instance 0.9625, class 0.9625 (epoch 78)
Best instance 0.9625, class 0.9625 (epoch 78)
2026-06-24 18:16:10,208 - INFO - Epoch 84/200:
Epoch 84/200:
2026-06-24 18:16:12,927 - INFO - Train loss: 1.6139 (2.7s)
Train loss: 1.6139 (2.7s)
2026-06-24 18:16:13,196 - INFO - Test instance 0.9625, class 0.9625
Test instance 0.9625, class 0.9625
2026-06-24 18:16:13,197 - INFO - Best instance 0.9625, class 0.9625 (epoch 78)
Best instance 0.9625, class 0.9625 (epoch 78)
2026-06-24 18:16:13,220 - INFO - Epoch 85/200:
Epoch 85/200:
2026-06-24 18:16:15,948 - INFO - Train loss: 1.5647 (2.7s)
Train loss: 1.5647 (2.7s)
2026-06-24 18:16:16,214 - INFO - Test instance 0.8875, class 0.8875
Test instance 0.8875, class 0.8875
2026-06-24 18:16:16,214 - INFO - Best instance 0.9625, class 0.9625 (epoch 78)
Best instance 0.9625, class 0.9625 (epoch 78)
2026-06-24 18:16:16,235 - INFO - Epoch 86/200:
Epoch 86/200:
2026-06-24 18:16:18,995 - INFO - Train loss: 1.5481 (2.8s)
Train loss: 1.5481 (2.8s)
2026-06-24 18:16:19,252 - INFO - Test instance 0.9500, class 0.9500
Test instance 0.9500, class 0.9500
2026-06-24 18:16:19,253 - INFO - Best instance 0.9625, class 0.9625 (epoch 78)
Best instance 0.9625, class 0.9625 (epoch 78)
2026-06-24 18:16:19,274 - INFO - Epoch 87/200:
Epoch 87/200:
2026-06-24 18:16:22,035 - INFO - Train loss: 1.6325 (2.8s)
Train loss: 1.6325 (2.8s)
2026-06-24 18:16:22,303 - INFO - Test instance 0.9250, class 0.9250
Test instance 0.9250, class 0.9250
2026-06-24 18:16:22,304 - INFO - Best instance 0.9625, class 0.9625 (epoch 78)
Best instance 0.9625, class 0.9625 (epoch 78)
2026-06-24 18:16:22,325 - INFO - Epoch 88/200:
Epoch 88/200:
2026-06-24 18:16:25,026 - INFO - Train loss: 1.4731 (2.7s)
Train loss: 1.4731 (2.7s)
2026-06-24 18:16:25,285 - INFO - Test instance 0.9250, class 0.9250
Test instance 0.9250, class 0.9250
2026-06-24 18:16:25,285 - INFO - Best instance 0.9625, class 0.9625 (epoch 78)
Best instance 0.9625, class 0.9625 (epoch 78)
2026-06-24 18:16:25,307 - INFO - Epoch 89/200:
Epoch 89/200:
2026-06-24 18:16:28,047 - INFO - Train loss: 1.4968 (2.7s)
Train loss: 1.4968 (2.7s)
2026-06-24 18:16:28,303 - INFO - Test instance 0.9500, class 0.9500
Test instance 0.9500, class 0.9500
2026-06-24 18:16:28,304 - INFO - Best instance 0.9625, class 0.9625 (epoch 78)
Best instance 0.9625, class 0.9625 (epoch 78)
2026-06-24 18:16:28,325 - INFO - Epoch 90/200:
Epoch 90/200:
2026-06-24 18:16:31,070 - INFO - Train loss: 1.4617 (2.7s)
Train loss: 1.4617 (2.7s)
2026-06-24 18:16:31,331 - INFO - Test instance 0.9375, class 0.9375
Test instance 0.9375, class 0.9375
2026-06-24 18:16:31,332 - INFO - Best instance 0.9625, class 0.9625 (epoch 78)
Best instance 0.9625, class 0.9625 (epoch 78)
2026-06-24 18:16:31,353 - INFO - Epoch 91/200:
Epoch 91/200:
2026-06-24 18:16:34,798 - INFO - Train loss: 1.4880 (3.4s)
Train loss: 1.4880 (3.4s)
2026-06-24 18:16:35,127 - INFO - Test instance 0.9125, class 0.9125
Test instance 0.9125, class 0.9125
2026-06-24 18:16:35,128 - INFO - Best instance 0.9625, class 0.9625 (epoch 78)
Best instance 0.9625, class 0.9625 (epoch 78)
2026-06-24 18:16:35,153 - INFO - Epoch 92/200:
Epoch 92/200:
2026-06-24 18:16:37,902 - INFO - Train loss: 1.4646 (2.7s)
Train loss: 1.4646 (2.7s)
2026-06-24 18:16:38,176 - INFO - Test instance 0.9000, class 0.9000
Test instance 0.9000, class 0.9000
2026-06-24 18:16:38,176 - INFO - Best instance 0.9625, class 0.9625 (epoch 78)
Best instance 0.9625, class 0.9625 (epoch 78)
2026-06-24 18:16:38,198 - INFO - Epoch 93/200:
Epoch 93/200:
2026-06-24 18:16:40,934 - INFO - Train loss: 1.3519 (2.7s)
Train loss: 1.3519 (2.7s)
2026-06-24 18:16:41,200 - INFO - Test instance 0.8250, class 0.8250
Test instance 0.8250, class 0.8250
2026-06-24 18:16:41,200 - INFO - Best instance 0.9625, class 0.9625 (epoch 78)
Best instance 0.9625, class 0.9625 (epoch 78)
2026-06-24 18:16:41,222 - INFO - Epoch 94/200:
Epoch 94/200:
2026-06-24 18:16:44,701 - INFO - Train loss: 1.3560 (3.5s)
Train loss: 1.3560 (3.5s)
2026-06-24 18:16:45,027 - INFO - Test instance 0.9125, class 0.9125
Test instance 0.9125, class 0.9125
2026-06-24 18:16:45,027 - INFO - Best instance 0.9625, class 0.9625 (epoch 78)
Best instance 0.9625, class 0.9625 (epoch 78)
2026-06-24 18:16:45,051 - INFO - Epoch 95/200:
Epoch 95/200:
2026-06-24 18:16:47,794 - INFO - Train loss: 1.4118 (2.7s)
Train loss: 1.4118 (2.7s)
2026-06-24 18:16:48,055 - INFO - Test instance 0.9000, class 0.9000
Test instance 0.9000, class 0.9000
2026-06-24 18:16:48,055 - INFO - Best instance 0.9625, class 0.9625 (epoch 78)
Best instance 0.9625, class 0.9625 (epoch 78)
2026-06-24 18:16:48,076 - INFO - Epoch 96/200:
Epoch 96/200:
2026-06-24 18:16:51,534 - INFO - Train loss: 1.2707 (3.5s)
Train loss: 1.2707 (3.5s)
2026-06-24 18:16:51,806 - INFO - Test instance 0.8750, class 0.8750
Test instance 0.8750, class 0.8750
2026-06-24 18:16:51,806 - INFO - Best instance 0.9625, class 0.9625 (epoch 78)
Best instance 0.9625, class 0.9625 (epoch 78)
2026-06-24 18:16:51,827 - INFO - Epoch 97/200:
Epoch 97/200:
2026-06-24 18:16:54,576 - INFO - Train loss: 1.3606 (2.7s)
Train loss: 1.3606 (2.7s)
2026-06-24 18:16:54,839 - INFO - Test instance 0.9250, class 0.9250
Test instance 0.9250, class 0.9250
2026-06-24 18:16:54,839 - INFO - Best instance 0.9625, class 0.9625 (epoch 78)
Best instance 0.9625, class 0.9625 (epoch 78)
2026-06-24 18:16:54,860 - INFO - Epoch 98/200:
Epoch 98/200:
2026-06-24 18:16:57,603 - INFO - Train loss: 1.3080 (2.7s)
Train loss: 1.3080 (2.7s)
2026-06-24 18:16:57,872 - INFO - Test instance 0.9000, class 0.9000
Test instance 0.9000, class 0.9000
2026-06-24 18:16:57,872 - INFO - Best instance 0.9625, class 0.9625 (epoch 78)
Best instance 0.9625, class 0.9625 (epoch 78)
2026-06-24 18:16:57,894 - INFO - Epoch 99/200:
Epoch 99/200:
2026-06-24 18:17:00,638 - INFO - Train loss: 1.3513 (2.7s)
Train loss: 1.3513 (2.7s)
2026-06-24 18:17:00,897 - INFO - Test instance 0.8875, class 0.8875
Test instance 0.8875, class 0.8875
2026-06-24 18:17:00,898 - INFO - Best instance 0.9625, class 0.9625 (epoch 78)
Best instance 0.9625, class 0.9625 (epoch 78)
2026-06-24 18:17:00,919 - INFO - Epoch 100/200:
Epoch 100/200:
2026-06-24 18:17:03,714 - INFO - Train loss: 1.4105 (2.8s)
Train loss: 1.4105 (2.8s)
2026-06-24 18:17:03,967 - INFO - Test instance 0.9125, class 0.9125
Test instance 0.9125, class 0.9125
2026-06-24 18:17:03,968 - INFO - Best instance 0.9625, class 0.9625 (epoch 78)
Best instance 0.9625, class 0.9625 (epoch 78)
2026-06-24 18:17:03,989 - INFO - Epoch 101/200:
Epoch 101/200:
2026-06-24 18:17:06,710 - INFO - Train loss: 1.3659 (2.7s)
Train loss: 1.3659 (2.7s)
2026-06-24 18:17:07,044 - INFO - Test instance 0.9000, class 0.9000
Test instance 0.9000, class 0.9000
2026-06-24 18:17:07,044 - INFO - Best instance 0.9625, class 0.9625 (epoch 78)
Best instance 0.9625, class 0.9625 (epoch 78)
2026-06-24 18:17:07,067 - INFO - Epoch 102/200:
Epoch 102/200:
2026-06-24 18:17:09,784 - INFO - Train loss: 1.2778 (2.7s)
Train loss: 1.2778 (2.7s)
2026-06-24 18:17:10,056 - INFO - Test instance 0.9125, class 0.9125
Test instance 0.9125, class 0.9125
2026-06-24 18:17:10,056 - INFO - Best instance 0.9625, class 0.9625 (epoch 78)
Best instance 0.9625, class 0.9625 (epoch 78)
2026-06-24 18:17:10,077 - INFO - Epoch 103/200:
Epoch 103/200:
2026-06-24 18:17:12,800 - INFO - Train loss: 1.2904 (2.7s)
Train loss: 1.2904 (2.7s)
2026-06-24 18:17:13,065 - INFO - Test instance 0.9375, class 0.9375
Test instance 0.9375, class 0.9375
2026-06-24 18:17:13,066 - INFO - Best instance 0.9625, class 0.9625 (epoch 78)
Best instance 0.9625, class 0.9625 (epoch 78)
2026-06-24 18:17:13,087 - INFO - Epoch 104/200:
Epoch 104/200:
2026-06-24 18:17:15,831 - INFO - Train loss: 1.2925 (2.7s)
Train loss: 1.2925 (2.7s)
2026-06-24 18:17:16,176 - INFO - Test instance 0.9500, class 0.9500
Test instance 0.9500, class 0.9500
2026-06-24 18:17:16,177 - INFO - Best instance 0.9625, class 0.9625 (epoch 78)
Best instance 0.9625, class 0.9625 (epoch 78)
2026-06-24 18:17:16,200 - INFO - Epoch 105/200:
Epoch 105/200:
2026-06-24 18:17:18,968 - INFO - Train loss: 1.2543 (2.8s)
Train loss: 1.2543 (2.8s)
2026-06-24 18:17:19,241 - INFO - Test instance 0.9625, class 0.9625
Test instance 0.9625, class 0.9625
2026-06-24 18:17:19,241 - INFO - Best instance 0.9625, class 0.9625 (epoch 78)
Best instance 0.9625, class 0.9625 (epoch 78)
2026-06-24 18:17:19,262 - INFO - Epoch 106/200:
Epoch 106/200:
2026-06-24 18:17:22,750 - INFO - Train loss: 1.4035 (3.5s)
Train loss: 1.4035 (3.5s)
2026-06-24 18:17:23,017 - INFO - Test instance 0.9250, class 0.9250
Test instance 0.9250, class 0.9250
2026-06-24 18:17:23,017 - INFO - Best instance 0.9625, class 0.9625 (epoch 78)
Best instance 0.9625, class 0.9625 (epoch 78)
2026-06-24 18:17:23,041 - INFO - Epoch 107/200:
Epoch 107/200:
2026-06-24 18:17:25,813 - INFO - Train loss: 1.4002 (2.8s)
Train loss: 1.4002 (2.8s)
2026-06-24 18:17:26,160 - INFO - Test instance 0.8875, class 0.8875
Test instance 0.8875, class 0.8875
2026-06-24 18:17:26,161 - INFO - Best instance 0.9625, class 0.9625 (epoch 78)
Best instance 0.9625, class 0.9625 (epoch 78)
2026-06-24 18:17:26,187 - INFO - Epoch 108/200:
Epoch 108/200:
2026-06-24 18:17:28,922 - INFO - Train loss: 1.3880 (2.7s)
Train loss: 1.3880 (2.7s)
2026-06-24 18:17:29,182 - INFO - Test instance 0.9125, class 0.9125
Test instance 0.9125, class 0.9125
2026-06-24 18:17:29,183 - INFO - Best instance 0.9625, class 0.9625 (epoch 78)
Best instance 0.9625, class 0.9625 (epoch 78)
2026-06-24 18:17:29,204 - INFO - Epoch 109/200:
Epoch 109/200:
2026-06-24 18:17:31,965 - INFO - Train loss: 1.3176 (2.8s)
Train loss: 1.3176 (2.8s)
2026-06-24 18:17:32,226 - INFO - Test instance 0.9125, class 0.9125
Test instance 0.9125, class 0.9125
2026-06-24 18:17:32,226 - INFO - Best instance 0.9625, class 0.9625 (epoch 78)
Best instance 0.9625, class 0.9625 (epoch 78)
2026-06-24 18:17:32,248 - INFO - Epoch 110/200:
Epoch 110/200:
2026-06-24 18:17:34,985 - INFO - Train loss: 1.2747 (2.7s)
Train loss: 1.2747 (2.7s)
2026-06-24 18:17:35,246 - INFO - Test instance 0.8750, class 0.8750
Test instance 0.8750, class 0.8750
2026-06-24 18:17:35,246 - INFO - Best instance 0.9625, class 0.9625 (epoch 78)
Best instance 0.9625, class 0.9625 (epoch 78)
2026-06-24 18:17:35,268 - INFO - Epoch 111/200:
Epoch 111/200:
2026-06-24 18:17:38,010 - INFO - Train loss: 1.1751 (2.7s)
Train loss: 1.1751 (2.7s)
2026-06-24 18:17:38,277 - INFO - Test instance 0.9500, class 0.9500
Test instance 0.9500, class 0.9500
2026-06-24 18:17:38,277 - INFO - Best instance 0.9625, class 0.9625 (epoch 78)
Best instance 0.9625, class 0.9625 (epoch 78)
2026-06-24 18:17:38,299 - INFO - Epoch 112/200:
Epoch 112/200:
2026-06-24 18:17:41,079 - INFO - Train loss: 1.2175 (2.8s)
Train loss: 1.2175 (2.8s)
2026-06-24 18:17:41,339 - INFO - Test instance 0.9000, class 0.9000
Test instance 0.9000, class 0.9000
2026-06-24 18:17:41,340 - INFO - Best instance 0.9625, class 0.9625 (epoch 78)
Best instance 0.9625, class 0.9625 (epoch 78)
2026-06-24 18:17:41,362 - INFO - Epoch 113/200:
Epoch 113/200:
2026-06-24 18:17:44,109 - INFO - Train loss: 1.2440 (2.7s)
Train loss: 1.2440 (2.7s)
2026-06-24 18:17:44,455 - INFO - Test instance 0.9500, class 0.9500
Test instance 0.9500, class 0.9500
2026-06-24 18:17:44,456 - INFO - Best instance 0.9625, class 0.9625 (epoch 78)
Best instance 0.9625, class 0.9625 (epoch 78)
2026-06-24 18:17:44,479 - INFO - Epoch 114/200:
Epoch 114/200:
2026-06-24 18:17:47,243 - INFO - Train loss: 1.3185 (2.8s)
Train loss: 1.3185 (2.8s)
2026-06-24 18:17:47,506 - INFO - Test instance 0.9375, class 0.9375
Test instance 0.9375, class 0.9375
2026-06-24 18:17:47,506 - INFO - Best instance 0.9625, class 0.9625 (epoch 78)
Best instance 0.9625, class 0.9625 (epoch 78)
2026-06-24 18:17:47,528 - INFO - Epoch 115/200:
Epoch 115/200:
2026-06-24 18:17:50,279 - INFO - Train loss: 1.1881 (2.8s)
Train loss: 1.1881 (2.8s)
2026-06-24 18:17:50,536 - INFO - Test instance 0.9500, class 0.9500
Test instance 0.9500, class 0.9500
2026-06-24 18:17:50,536 - INFO - Best instance 0.9625, class 0.9625 (epoch 78)
Best instance 0.9625, class 0.9625 (epoch 78)
2026-06-24 18:17:50,558 - INFO - Epoch 116/200:
Epoch 116/200:
2026-06-24 18:17:53,287 - INFO - Train loss: 1.2214 (2.7s)
Train loss: 1.2214 (2.7s)
2026-06-24 18:17:53,553 - INFO - Test instance 0.9000, class 0.9000
Test instance 0.9000, class 0.9000
2026-06-24 18:17:53,553 - INFO - Best instance 0.9625, class 0.9625 (epoch 78)
Best instance 0.9625, class 0.9625 (epoch 78)
2026-06-24 18:17:53,574 - INFO - Epoch 117/200:
Epoch 117/200:
2026-06-24 18:17:56,322 - INFO - Train loss: 1.2916 (2.7s)
Train loss: 1.2916 (2.7s)
2026-06-24 18:17:56,583 - INFO - Test instance 0.9125, class 0.9125
Test instance 0.9125, class 0.9125
2026-06-24 18:17:56,583 - INFO - Best instance 0.9625, class 0.9625 (epoch 78)
Best instance 0.9625, class 0.9625 (epoch 78)
2026-06-24 18:17:56,605 - INFO - Epoch 118/200:
Epoch 118/200:
2026-06-24 18:17:59,357 - INFO - Train loss: 1.0719 (2.8s)
Train loss: 1.0719 (2.8s)
2026-06-24 18:17:59,613 - INFO - Test instance 0.9375, class 0.9375
Test instance 0.9375, class 0.9375
2026-06-24 18:17:59,613 - INFO - Best instance 0.9625, class 0.9625 (epoch 78)
Best instance 0.9625, class 0.9625 (epoch 78)
2026-06-24 18:17:59,635 - INFO - Epoch 119/200:
Epoch 119/200:
2026-06-24 18:18:03,148 - INFO - Train loss: 1.2056 (3.5s)
Train loss: 1.2056 (3.5s)
2026-06-24 18:18:03,491 - INFO - Test instance 0.9125, class 0.9125
Test instance 0.9125, class 0.9125
2026-06-24 18:18:03,492 - INFO - Best instance 0.9625, class 0.9625 (epoch 78)
Best instance 0.9625, class 0.9625 (epoch 78)
2026-06-24 18:18:03,519 - INFO - Epoch 120/200:
Epoch 120/200:
2026-06-24 18:18:06,257 - INFO - Train loss: 1.2011 (2.7s)
Train loss: 1.2011 (2.7s)
2026-06-24 18:18:06,511 - INFO - Test instance 0.9625, class 0.9625
Test instance 0.9625, class 0.9625
2026-06-24 18:18:06,512 - INFO - Best instance 0.9625, class 0.9625 (epoch 78)
Best instance 0.9625, class 0.9625 (epoch 78)
2026-06-24 18:18:06,533 - INFO - Epoch 121/200:
Epoch 121/200:
2026-06-24 18:18:09,268 - INFO - Train loss: 1.2721 (2.7s)
Train loss: 1.2721 (2.7s)
2026-06-24 18:18:09,532 - INFO - Test instance 0.9250, class 0.9250
Test instance 0.9250, class 0.9250
2026-06-24 18:18:09,532 - INFO - Best instance 0.9625, class 0.9625 (epoch 78)
Best instance 0.9625, class 0.9625 (epoch 78)
2026-06-24 18:18:09,554 - INFO - Epoch 122/200:
Epoch 122/200:
2026-06-24 18:18:13,007 - INFO - Train loss: 1.2195 (3.5s)
Train loss: 1.2195 (3.5s)
2026-06-24 18:18:13,266 - INFO - Test instance 0.9500, class 0.9500
Test instance 0.9500, class 0.9500
2026-06-24 18:18:13,266 - INFO - Best instance 0.9625, class 0.9625 (epoch 78)
Best instance 0.9625, class 0.9625 (epoch 78)
2026-06-24 18:18:13,288 - INFO - Epoch 123/200:
Epoch 123/200:
2026-06-24 18:18:16,019 - INFO - Train loss: 1.1371 (2.7s)
Train loss: 1.1371 (2.7s)
2026-06-24 18:18:16,281 - INFO - Test instance 0.9375, class 0.9375
Test instance 0.9375, class 0.9375
2026-06-24 18:18:16,281 - INFO - Best instance 0.9625, class 0.9625 (epoch 78)
Best instance 0.9625, class 0.9625 (epoch 78)
2026-06-24 18:18:16,302 - INFO - Epoch 124/200:
Epoch 124/200:
2026-06-24 18:18:19,028 - INFO - Train loss: 1.1557 (2.7s)
Train loss: 1.1557 (2.7s)
2026-06-24 18:18:19,285 - INFO - Test instance 0.9375, class 0.9375
Test instance 0.9375, class 0.9375
2026-06-24 18:18:19,285 - INFO - Best instance 0.9625, class 0.9625 (epoch 78)
Best instance 0.9625, class 0.9625 (epoch 78)
2026-06-24 18:18:19,307 - INFO - Epoch 125/200:
Epoch 125/200:
2026-06-24 18:18:22,754 - INFO - Train loss: 1.0764 (3.4s)
Train loss: 1.0764 (3.4s)
2026-06-24 18:18:23,082 - INFO - Test instance 0.9500, class 0.9500
Test instance 0.9500, class 0.9500
2026-06-24 18:18:23,083 - INFO - Best instance 0.9625, class 0.9625 (epoch 78)
Best instance 0.9625, class 0.9625 (epoch 78)
2026-06-24 18:18:23,110 - INFO - Epoch 126/200:
Epoch 126/200:
2026-06-24 18:18:26,552 - INFO - Train loss: 1.0920 (3.4s)
Train loss: 1.0920 (3.4s)
2026-06-24 18:18:26,817 - INFO - Test instance 0.9125, class 0.9125
Test instance 0.9125, class 0.9125
2026-06-24 18:18:26,818 - INFO - Best instance 0.9625, class 0.9625 (epoch 78)
Best instance 0.9625, class 0.9625 (epoch 78)
2026-06-24 18:18:26,842 - INFO - Epoch 127/200:
Epoch 127/200:
2026-06-24 18:18:29,586 - INFO - Train loss: 1.1225 (2.7s)
Train loss: 1.1225 (2.7s)
2026-06-24 18:18:29,847 - INFO - Test instance 0.9375, class 0.9375
Test instance 0.9375, class 0.9375
2026-06-24 18:18:29,848 - INFO - Best instance 0.9625, class 0.9625 (epoch 78)
Best instance 0.9625, class 0.9625 (epoch 78)
2026-06-24 18:18:29,869 - INFO - Epoch 128/200:
Epoch 128/200:
2026-06-24 18:18:33,308 - INFO - Train loss: 1.0995 (3.4s)
Train loss: 1.0995 (3.4s)
2026-06-24 18:18:33,641 - INFO - Test instance 0.9375, class 0.9375
Test instance 0.9375, class 0.9375
2026-06-24 18:18:33,641 - INFO - Best instance 0.9625, class 0.9625 (epoch 78)
Best instance 0.9625, class 0.9625 (epoch 78)
2026-06-24 18:18:33,665 - INFO - Epoch 129/200:
Epoch 129/200:
2026-06-24 18:18:36,383 - INFO - Train loss: 1.0680 (2.7s)
Train loss: 1.0680 (2.7s)
2026-06-24 18:18:36,643 - INFO - Test instance 0.9250, class 0.9250
Test instance 0.9250, class 0.9250
2026-06-24 18:18:36,643 - INFO - Best instance 0.9625, class 0.9625 (epoch 78)
Best instance 0.9625, class 0.9625 (epoch 78)
2026-06-24 18:18:36,666 - INFO - Epoch 130/200:
Epoch 130/200:
2026-06-24 18:18:39,391 - INFO - Train loss: 1.1328 (2.7s)
Train loss: 1.1328 (2.7s)
2026-06-24 18:18:39,653 - INFO - Test instance 0.9375, class 0.9375
Test instance 0.9375, class 0.9375
2026-06-24 18:18:39,653 - INFO - Best instance 0.9625, class 0.9625 (epoch 78)
Best instance 0.9625, class 0.9625 (epoch 78)
2026-06-24 18:18:39,676 - INFO - Epoch 131/200:
Epoch 131/200:
2026-06-24 18:18:42,405 - INFO - Train loss: 1.1894 (2.7s)
Train loss: 1.1894 (2.7s)
2026-06-24 18:18:42,665 - INFO - Test instance 0.9375, class 0.9375
Test instance 0.9375, class 0.9375
2026-06-24 18:18:42,666 - INFO - Best instance 0.9625, class 0.9625 (epoch 78)
Best instance 0.9625, class 0.9625 (epoch 78)
2026-06-24 18:18:42,687 - INFO - Epoch 132/200:
Epoch 132/200:
2026-06-24 18:18:45,409 - INFO - Train loss: 1.1391 (2.7s)
Train loss: 1.1391 (2.7s)
2026-06-24 18:18:45,671 - INFO - Test instance 0.9750, class 0.9750
Test instance 0.9750, class 0.9750
2026-06-24 18:18:45,692 - INFO - Best instance 0.9750, class 0.9750 (epoch 132)
Best instance 0.9750, class 0.9750 (epoch 132)
2026-06-24 18:18:45,712 - INFO - Epoch 133/200:
Epoch 133/200:
2026-06-24 18:18:48,445 - INFO - Train loss: 1.1058 (2.7s)
Train loss: 1.1058 (2.7s)
2026-06-24 18:18:48,781 - INFO - Test instance 0.9500, class 0.9500
Test instance 0.9500, class 0.9500
2026-06-24 18:18:48,781 - INFO - Best instance 0.9750, class 0.9750 (epoch 132)
Best instance 0.9750, class 0.9750 (epoch 132)
2026-06-24 18:18:48,805 - INFO - Epoch 134/200:
Epoch 134/200:
2026-06-24 18:18:51,562 - INFO - Train loss: 1.1039 (2.8s)
Train loss: 1.1039 (2.8s)
2026-06-24 18:18:51,823 - INFO - Test instance 0.9500, class 0.9500
Test instance 0.9500, class 0.9500
2026-06-24 18:18:51,823 - INFO - Best instance 0.9750, class 0.9750 (epoch 132)
Best instance 0.9750, class 0.9750 (epoch 132)
2026-06-24 18:18:51,845 - INFO - Epoch 135/200:
Epoch 135/200:
2026-06-24 18:18:54,588 - INFO - Train loss: 1.1923 (2.7s)
Train loss: 1.1923 (2.7s)
2026-06-24 18:18:54,848 - INFO - Test instance 0.9125, class 0.9125
Test instance 0.9125, class 0.9125
2026-06-24 18:18:54,848 - INFO - Best instance 0.9750, class 0.9750 (epoch 132)
Best instance 0.9750, class 0.9750 (epoch 132)
2026-06-24 18:18:54,871 - INFO - Epoch 136/200:
Epoch 136/200:
2026-06-24 18:18:58,281 - INFO - Train loss: 1.0905 (3.4s)
Train loss: 1.0905 (3.4s)
2026-06-24 18:18:58,550 - INFO - Test instance 0.9375, class 0.9375
Test instance 0.9375, class 0.9375
2026-06-24 18:18:58,550 - INFO - Best instance 0.9750, class 0.9750 (epoch 132)
Best instance 0.9750, class 0.9750 (epoch 132)
2026-06-24 18:18:58,574 - INFO - Epoch 137/200:
Epoch 137/200:
2026-06-24 18:19:01,344 - INFO - Train loss: 1.0878 (2.8s)
Train loss: 1.0878 (2.8s)
2026-06-24 18:19:01,617 - INFO - Test instance 0.9500, class 0.9500
Test instance 0.9500, class 0.9500
2026-06-24 18:19:01,617 - INFO - Best instance 0.9750, class 0.9750 (epoch 132)
Best instance 0.9750, class 0.9750 (epoch 132)
2026-06-24 18:19:01,639 - INFO - Epoch 138/200:
Epoch 138/200:
2026-06-24 18:19:05,134 - INFO - Train loss: 1.1155 (3.5s)
Train loss: 1.1155 (3.5s)
2026-06-24 18:19:05,403 - INFO - Test instance 0.9375, class 0.9375
Test instance 0.9375, class 0.9375
2026-06-24 18:19:05,403 - INFO - Best instance 0.9750, class 0.9750 (epoch 132)
Best instance 0.9750, class 0.9750 (epoch 132)
2026-06-24 18:19:05,425 - INFO - Epoch 139/200:
Epoch 139/200:
2026-06-24 18:19:08,168 - INFO - Train loss: 1.1542 (2.7s)
Train loss: 1.1542 (2.7s)
2026-06-24 18:19:08,425 - INFO - Test instance 0.9375, class 0.9375
Test instance 0.9375, class 0.9375
2026-06-24 18:19:08,425 - INFO - Best instance 0.9750, class 0.9750 (epoch 132)
Best instance 0.9750, class 0.9750 (epoch 132)
2026-06-24 18:19:08,446 - INFO - Epoch 140/200:
Epoch 140/200:
2026-06-24 18:19:11,263 - INFO - Train loss: 1.0485 (2.8s)
Train loss: 1.0485 (2.8s)
2026-06-24 18:19:11,529 - INFO - Test instance 0.9625, class 0.9625
Test instance 0.9625, class 0.9625
2026-06-24 18:19:11,530 - INFO - Best instance 0.9750, class 0.9750 (epoch 132)
Best instance 0.9750, class 0.9750 (epoch 132)
2026-06-24 18:19:11,551 - INFO - Epoch 141/200:
Epoch 141/200:
2026-06-24 18:19:15,040 - INFO - Train loss: 1.0587 (3.5s)
Train loss: 1.0587 (3.5s)
2026-06-24 18:19:15,383 - INFO - Test instance 0.9250, class 0.9250
Test instance 0.9250, class 0.9250
2026-06-24 18:19:15,384 - INFO - Best instance 0.9750, class 0.9750 (epoch 132)
Best instance 0.9750, class 0.9750 (epoch 132)
2026-06-24 18:19:15,408 - INFO - Epoch 142/200:
Epoch 142/200:
2026-06-24 18:19:18,844 - INFO - Train loss: 1.0784 (3.4s)
Train loss: 1.0784 (3.4s)
2026-06-24 18:19:19,108 - INFO - Test instance 0.9500, class 0.9500
Test instance 0.9500, class 0.9500
2026-06-24 18:19:19,109 - INFO - Best instance 0.9750, class 0.9750 (epoch 132)
Best instance 0.9750, class 0.9750 (epoch 132)
2026-06-24 18:19:19,131 - INFO - Epoch 143/200:
Epoch 143/200:
2026-06-24 18:19:21,872 - INFO - Train loss: 1.0584 (2.7s)
Train loss: 1.0584 (2.7s)
2026-06-24 18:19:22,130 - INFO - Test instance 0.9500, class 0.9500
Test instance 0.9500, class 0.9500
2026-06-24 18:19:22,130 - INFO - Best instance 0.9750, class 0.9750 (epoch 132)
Best instance 0.9750, class 0.9750 (epoch 132)
2026-06-24 18:19:22,152 - INFO - Epoch 144/200:
Epoch 144/200:
2026-06-24 18:19:24,898 - INFO - Train loss: 1.0100 (2.7s)
Train loss: 1.0100 (2.7s)
2026-06-24 18:19:25,160 - INFO - Test instance 0.9625, class 0.9625
Test instance 0.9625, class 0.9625
2026-06-24 18:19:25,161 - INFO - Best instance 0.9750, class 0.9750 (epoch 132)
Best instance 0.9750, class 0.9750 (epoch 132)
2026-06-24 18:19:25,182 - INFO - Epoch 145/200:
Epoch 145/200:
2026-06-24 18:19:27,935 - INFO - Train loss: 1.0267 (2.8s)
Train loss: 1.0267 (2.8s)
2026-06-24 18:19:28,282 - INFO - Test instance 0.9625, class 0.9625
Test instance 0.9625, class 0.9625
2026-06-24 18:19:28,282 - INFO - Best instance 0.9750, class 0.9750 (epoch 132)
Best instance 0.9750, class 0.9750 (epoch 132)
2026-06-24 18:19:28,306 - INFO - Epoch 146/200:
Epoch 146/200:
2026-06-24 18:19:31,069 - INFO - Train loss: 1.0332 (2.8s)
Train loss: 1.0332 (2.8s)
2026-06-24 18:19:31,329 - INFO - Test instance 0.9625, class 0.9625
Test instance 0.9625, class 0.9625
2026-06-24 18:19:31,329 - INFO - Best instance 0.9750, class 0.9750 (epoch 132)
Best instance 0.9750, class 0.9750 (epoch 132)
2026-06-24 18:19:31,351 - INFO - Epoch 147/200:
Epoch 147/200:
2026-06-24 18:19:34,102 - INFO - Train loss: 1.0072 (2.8s)
Train loss: 1.0072 (2.8s)
2026-06-24 18:19:34,371 - INFO - Test instance 0.9500, class 0.9500
Test instance 0.9500, class 0.9500
2026-06-24 18:19:34,372 - INFO - Best instance 0.9750, class 0.9750 (epoch 132)
Best instance 0.9750, class 0.9750 (epoch 132)
2026-06-24 18:19:34,393 - INFO - Epoch 148/200:
Epoch 148/200:
2026-06-24 18:19:37,151 - INFO - Train loss: 1.1368 (2.8s)
Train loss: 1.1368 (2.8s)
2026-06-24 18:19:37,408 - INFO - Test instance 0.9375, class 0.9375
Test instance 0.9375, class 0.9375
2026-06-24 18:19:37,409 - INFO - Best instance 0.9750, class 0.9750 (epoch 132)
Best instance 0.9750, class 0.9750 (epoch 132)
2026-06-24 18:19:37,430 - INFO - Epoch 149/200:
Epoch 149/200:
2026-06-24 18:19:40,137 - INFO - Train loss: 1.0863 (2.7s)
Train loss: 1.0863 (2.7s)
2026-06-24 18:19:40,469 - INFO - Test instance 0.9375, class 0.9375
Test instance 0.9375, class 0.9375
2026-06-24 18:19:40,470 - INFO - Best instance 0.9750, class 0.9750 (epoch 132)
Best instance 0.9750, class 0.9750 (epoch 132)
2026-06-24 18:19:40,495 - INFO - Epoch 150/200:
Epoch 150/200:
2026-06-24 18:19:43,221 - INFO - Train loss: 1.0244 (2.7s)
Train loss: 1.0244 (2.7s)
2026-06-24 18:19:43,479 - INFO - Test instance 0.9875, class 0.9875
Test instance 0.9875, class 0.9875
2026-06-24 18:19:43,500 - INFO - Best instance 0.9875, class 0.9875 (epoch 150)
Best instance 0.9875, class 0.9875 (epoch 150)
2026-06-24 18:19:43,522 - INFO - Epoch 151/200:
Epoch 151/200:
2026-06-24 18:19:46,605 - INFO - Train loss: 1.1019 (3.1s)
Train loss: 1.1019 (3.1s)
2026-06-24 18:19:46,946 - INFO - Test instance 0.9875, class 0.9875
Test instance 0.9875, class 0.9875
2026-06-24 18:19:46,946 - INFO - Best instance 0.9875, class 0.9875 (epoch 150)
Best instance 0.9875, class 0.9875 (epoch 150)
2026-06-24 18:19:46,969 - INFO - Epoch 152/200:
Epoch 152/200:
2026-06-24 18:19:49,759 - INFO - Train loss: 1.0552 (2.8s)
Train loss: 1.0552 (2.8s)
2026-06-24 18:19:50,021 - INFO - Test instance 0.9500, class 0.9500
Test instance 0.9500, class 0.9500
2026-06-24 18:19:50,022 - INFO - Best instance 0.9875, class 0.9875 (epoch 150)
Best instance 0.9875, class 0.9875 (epoch 150)
2026-06-24 18:19:50,043 - INFO - Epoch 153/200:
Epoch 153/200:
2026-06-24 18:19:52,777 - INFO - Train loss: 1.0265 (2.7s)
Train loss: 1.0265 (2.7s)
2026-06-24 18:19:53,047 - INFO - Test instance 0.9625, class 0.9625
Test instance 0.9625, class 0.9625
2026-06-24 18:19:53,047 - INFO - Best instance 0.9875, class 0.9875 (epoch 150)
Best instance 0.9875, class 0.9875 (epoch 150)
2026-06-24 18:19:53,068 - INFO - Epoch 154/200:
Epoch 154/200:
2026-06-24 18:19:55,808 - INFO - Train loss: 1.0906 (2.7s)
Train loss: 1.0906 (2.7s)
2026-06-24 18:19:56,066 - INFO - Test instance 0.9750, class 0.9750
Test instance 0.9750, class 0.9750
2026-06-24 18:19:56,066 - INFO - Best instance 0.9875, class 0.9875 (epoch 150)
Best instance 0.9875, class 0.9875 (epoch 150)
2026-06-24 18:19:56,087 - INFO - Epoch 155/200:
Epoch 155/200:
2026-06-24 18:19:58,862 - INFO - Train loss: 1.1305 (2.8s)
Train loss: 1.1305 (2.8s)
2026-06-24 18:19:59,124 - INFO - Test instance 0.9250, class 0.9250
Test instance 0.9250, class 0.9250
2026-06-24 18:19:59,124 - INFO - Best instance 0.9875, class 0.9875 (epoch 150)
Best instance 0.9875, class 0.9875 (epoch 150)
2026-06-24 18:19:59,146 - INFO - Epoch 156/200:
Epoch 156/200:
2026-06-24 18:20:01,920 - INFO - Train loss: 1.0279 (2.8s)
Train loss: 1.0279 (2.8s)
2026-06-24 18:20:02,195 - INFO - Test instance 0.9250, class 0.9250
Test instance 0.9250, class 0.9250
2026-06-24 18:20:02,195 - INFO - Best instance 0.9875, class 0.9875 (epoch 150)
Best instance 0.9875, class 0.9875 (epoch 150)
2026-06-24 18:20:02,216 - INFO - Epoch 157/200:
Epoch 157/200:
2026-06-24 18:20:04,938 - INFO - Train loss: 0.9806 (2.7s)
Train loss: 0.9806 (2.7s)
2026-06-24 18:20:05,196 - INFO - Test instance 0.9875, class 0.9875
Test instance 0.9875, class 0.9875
2026-06-24 18:20:05,196 - INFO - Best instance 0.9875, class 0.9875 (epoch 150)
Best instance 0.9875, class 0.9875 (epoch 150)
2026-06-24 18:20:05,217 - INFO - Epoch 158/200:
Epoch 158/200:
2026-06-24 18:20:07,954 - INFO - Train loss: 1.0261 (2.7s)
Train loss: 1.0261 (2.7s)
2026-06-24 18:20:08,214 - INFO - Test instance 0.9750, class 0.9750
Test instance 0.9750, class 0.9750
2026-06-24 18:20:08,214 - INFO - Best instance 0.9875, class 0.9875 (epoch 150)
Best instance 0.9875, class 0.9875 (epoch 150)
2026-06-24 18:20:08,235 - INFO - Epoch 159/200:
Epoch 159/200:
2026-06-24 18:20:11,715 - INFO - Train loss: 1.0477 (3.5s)
Train loss: 1.0477 (3.5s)
2026-06-24 18:20:11,977 - INFO - Test instance 0.9375, class 0.9375
Test instance 0.9375, class 0.9375
2026-06-24 18:20:11,977 - INFO - Best instance 0.9875, class 0.9875 (epoch 150)
Best instance 0.9875, class 0.9875 (epoch 150)
2026-06-24 18:20:11,998 - INFO - Epoch 160/200:
Epoch 160/200:
2026-06-24 18:20:14,750 - INFO - Train loss: 1.1807 (2.8s)
Train loss: 1.1807 (2.8s)
2026-06-24 18:20:15,016 - INFO - Test instance 0.9500, class 0.9500
Test instance 0.9500, class 0.9500
2026-06-24 18:20:15,016 - INFO - Best instance 0.9875, class 0.9875 (epoch 150)
Best instance 0.9875, class 0.9875 (epoch 150)
2026-06-24 18:20:15,037 - INFO - Epoch 161/200:
Epoch 161/200:
2026-06-24 18:20:17,792 - INFO - Train loss: 1.1418 (2.8s)
Train loss: 1.1418 (2.8s)
2026-06-24 18:20:18,057 - INFO - Test instance 0.9750, class 0.9750
Test instance 0.9750, class 0.9750
2026-06-24 18:20:18,057 - INFO - Best instance 0.9875, class 0.9875 (epoch 150)
Best instance 0.9875, class 0.9875 (epoch 150)
2026-06-24 18:20:18,078 - INFO - Epoch 162/200:
Epoch 162/200:
2026-06-24 18:20:20,835 - INFO - Train loss: 1.0690 (2.8s)
Train loss: 1.0690 (2.8s)
2026-06-24 18:20:21,107 - INFO - Test instance 0.9625, class 0.9625
Test instance 0.9625, class 0.9625
2026-06-24 18:20:21,108 - INFO - Best instance 0.9875, class 0.9875 (epoch 150)
Best instance 0.9875, class 0.9875 (epoch 150)
2026-06-24 18:20:21,129 - INFO - Epoch 163/200:
Epoch 163/200:
2026-06-24 18:20:23,854 - INFO - Train loss: 1.0661 (2.7s)
Train loss: 1.0661 (2.7s)
2026-06-24 18:20:24,112 - INFO - Test instance 0.9250, class 0.9250
Test instance 0.9250, class 0.9250
2026-06-24 18:20:24,112 - INFO - Best instance 0.9875, class 0.9875 (epoch 150)
Best instance 0.9875, class 0.9875 (epoch 150)
2026-06-24 18:20:24,133 - INFO - Epoch 164/200:
Epoch 164/200:
2026-06-24 18:20:26,876 - INFO - Train loss: 1.0090 (2.7s)
Train loss: 1.0090 (2.7s)
2026-06-24 18:20:27,145 - INFO - Test instance 0.9625, class 0.9625
Test instance 0.9625, class 0.9625
2026-06-24 18:20:27,145 - INFO - Best instance 0.9875, class 0.9875 (epoch 150)
Best instance 0.9875, class 0.9875 (epoch 150)
2026-06-24 18:20:27,166 - INFO - Epoch 165/200:
Epoch 165/200:
2026-06-24 18:20:29,909 - INFO - Train loss: 0.9757 (2.7s)
Train loss: 0.9757 (2.7s)
2026-06-24 18:20:30,172 - INFO - Test instance 0.9500, class 0.9500
Test instance 0.9500, class 0.9500
2026-06-24 18:20:30,173 - INFO - Best instance 0.9875, class 0.9875 (epoch 150)
Best instance 0.9875, class 0.9875 (epoch 150)
2026-06-24 18:20:30,194 - INFO - Epoch 166/200:
Epoch 166/200:
2026-06-24 18:20:32,922 - INFO - Train loss: 1.0719 (2.7s)
Train loss: 1.0719 (2.7s)
2026-06-24 18:20:33,183 - INFO - Test instance 0.9375, class 0.9375
Test instance 0.9375, class 0.9375
2026-06-24 18:20:33,183 - INFO - Best instance 0.9875, class 0.9875 (epoch 150)
Best instance 0.9875, class 0.9875 (epoch 150)
2026-06-24 18:20:33,205 - INFO - Epoch 167/200:
Epoch 167/200:
2026-06-24 18:20:35,966 - INFO - Train loss: 0.9855 (2.8s)
Train loss: 0.9855 (2.8s)
2026-06-24 18:20:36,222 - INFO - Test instance 0.9750, class 0.9750
Test instance 0.9750, class 0.9750
2026-06-24 18:20:36,222 - INFO - Best instance 0.9875, class 0.9875 (epoch 150)
Best instance 0.9875, class 0.9875 (epoch 150)
2026-06-24 18:20:36,243 - INFO - Epoch 168/200:
Epoch 168/200:
2026-06-24 18:20:38,996 - INFO - Train loss: 0.9554 (2.8s)
Train loss: 0.9554 (2.8s)
2026-06-24 18:20:39,267 - INFO - Test instance 0.9250, class 0.9250
Test instance 0.9250, class 0.9250
2026-06-24 18:20:39,267 - INFO - Best instance 0.9875, class 0.9875 (epoch 150)
Best instance 0.9875, class 0.9875 (epoch 150)
2026-06-24 18:20:39,290 - INFO - Epoch 169/200:
Epoch 169/200:
2026-06-24 18:20:42,040 - INFO - Train loss: 1.0265 (2.7s)
Train loss: 1.0265 (2.7s)
2026-06-24 18:20:42,304 - INFO - Test instance 0.9375, class 0.9375
Test instance 0.9375, class 0.9375
2026-06-24 18:20:42,305 - INFO - Best instance 0.9875, class 0.9875 (epoch 150)
Best instance 0.9875, class 0.9875 (epoch 150)
2026-06-24 18:20:42,328 - INFO - Epoch 170/200:
Epoch 170/200:
2026-06-24 18:20:45,025 - INFO - Train loss: 1.0306 (2.7s)
Train loss: 1.0306 (2.7s)
2026-06-24 18:20:45,363 - INFO - Test instance 0.9750, class 0.9750
Test instance 0.9750, class 0.9750
2026-06-24 18:20:45,363 - INFO - Best instance 0.9875, class 0.9875 (epoch 150)
Best instance 0.9875, class 0.9875 (epoch 150)
2026-06-24 18:20:45,387 - INFO - Epoch 171/200:
Epoch 171/200:
2026-06-24 18:20:48,126 - INFO - Train loss: 1.0403 (2.7s)
Train loss: 1.0403 (2.7s)
2026-06-24 18:20:48,464 - INFO - Test instance 0.9625, class 0.9625
Test instance 0.9625, class 0.9625
2026-06-24 18:20:48,465 - INFO - Best instance 0.9875, class 0.9875 (epoch 150)
Best instance 0.9875, class 0.9875 (epoch 150)
2026-06-24 18:20:48,490 - INFO - Epoch 172/200:
Epoch 172/200:
2026-06-24 18:20:51,969 - INFO - Train loss: 1.0874 (3.5s)
Train loss: 1.0874 (3.5s)
2026-06-24 18:20:52,237 - INFO - Test instance 0.9250, class 0.9250
Test instance 0.9250, class 0.9250
2026-06-24 18:20:52,238 - INFO - Best instance 0.9875, class 0.9875 (epoch 150)
Best instance 0.9875, class 0.9875 (epoch 150)
2026-06-24 18:20:52,259 - INFO - Epoch 173/200:
Epoch 173/200:
2026-06-24 18:20:55,002 - INFO - Train loss: 1.0778 (2.7s)
Train loss: 1.0778 (2.7s)
2026-06-24 18:20:55,260 - INFO - Test instance 0.9625, class 0.9625
Test instance 0.9625, class 0.9625
2026-06-24 18:20:55,260 - INFO - Best instance 0.9875, class 0.9875 (epoch 150)
Best instance 0.9875, class 0.9875 (epoch 150)
2026-06-24 18:20:55,281 - INFO - Epoch 174/200:
Epoch 174/200:
2026-06-24 18:20:58,026 - INFO - Train loss: 0.9866 (2.7s)
Train loss: 0.9866 (2.7s)
2026-06-24 18:20:58,285 - INFO - Test instance 0.9750, class 0.9750
Test instance 0.9750, class 0.9750
2026-06-24 18:20:58,285 - INFO - Best instance 0.9875, class 0.9875 (epoch 150)
Best instance 0.9875, class 0.9875 (epoch 150)
2026-06-24 18:20:58,306 - INFO - Epoch 175/200:
Epoch 175/200:
2026-06-24 18:21:01,057 - INFO - Train loss: 1.0546 (2.8s)
Train loss: 1.0546 (2.8s)
2026-06-24 18:21:01,351 - INFO - Test instance 0.9750, class 0.9750
Test instance 0.9750, class 0.9750
2026-06-24 18:21:01,351 - INFO - Best instance 0.9875, class 0.9875 (epoch 150)
Best instance 0.9875, class 0.9875 (epoch 150)
2026-06-24 18:21:01,373 - INFO - Epoch 176/200:
Epoch 176/200:
2026-06-24 18:21:04,159 - INFO - Train loss: 0.9588 (2.8s)
Train loss: 0.9588 (2.8s)
2026-06-24 18:21:04,423 - INFO - Test instance 0.9625, class 0.9625
Test instance 0.9625, class 0.9625
2026-06-24 18:21:04,424 - INFO - Best instance 0.9875, class 0.9875 (epoch 150)
Best instance 0.9875, class 0.9875 (epoch 150)
2026-06-24 18:21:04,445 - INFO - Epoch 177/200:
Epoch 177/200:
2026-06-24 18:21:07,170 - INFO - Train loss: 0.9818 (2.7s)
Train loss: 0.9818 (2.7s)
2026-06-24 18:21:07,434 - INFO - Test instance 0.9875, class 0.9875
Test instance 0.9875, class 0.9875
2026-06-24 18:21:07,435 - INFO - Best instance 0.9875, class 0.9875 (epoch 150)
Best instance 0.9875, class 0.9875 (epoch 150)
2026-06-24 18:21:07,456 - INFO - Epoch 178/200:
Epoch 178/200:
2026-06-24 18:21:10,201 - INFO - Train loss: 1.0718 (2.7s)
Train loss: 1.0718 (2.7s)
2026-06-24 18:21:10,452 - INFO - Test instance 0.9875, class 0.9875
Test instance 0.9875, class 0.9875
2026-06-24 18:21:10,453 - INFO - Best instance 0.9875, class 0.9875 (epoch 150)
Best instance 0.9875, class 0.9875 (epoch 150)
2026-06-24 18:21:10,473 - INFO - Epoch 179/200:
Epoch 179/200:
2026-06-24 18:21:13,221 - INFO - Train loss: 1.0071 (2.7s)
Train loss: 1.0071 (2.7s)
2026-06-24 18:21:13,485 - INFO - Test instance 0.9750, class 0.9750
Test instance 0.9750, class 0.9750
2026-06-24 18:21:13,485 - INFO - Best instance 0.9875, class 0.9875 (epoch 150)
Best instance 0.9875, class 0.9875 (epoch 150)
2026-06-24 18:21:13,506 - INFO - Epoch 180/200:
Epoch 180/200:
2026-06-24 18:21:16,972 - INFO - Train loss: 1.0709 (3.5s)
Train loss: 1.0709 (3.5s)
2026-06-24 18:21:17,235 - INFO - Test instance 0.9750, class 0.9750
Test instance 0.9750, class 0.9750
2026-06-24 18:21:17,236 - INFO - Best instance 0.9875, class 0.9875 (epoch 150)
Best instance 0.9875, class 0.9875 (epoch 150)
2026-06-24 18:21:17,257 - INFO - Epoch 181/200:
Epoch 181/200:
2026-06-24 18:21:20,002 - INFO - Train loss: 1.0264 (2.7s)
Train loss: 1.0264 (2.7s)
2026-06-24 18:21:20,269 - INFO - Test instance 0.9625, class 0.9625
Test instance 0.9625, class 0.9625
2026-06-24 18:21:20,269 - INFO - Best instance 0.9875, class 0.9875 (epoch 150)
Best instance 0.9875, class 0.9875 (epoch 150)
2026-06-24 18:21:20,290 - INFO - Epoch 182/200:
Epoch 182/200:
2026-06-24 18:21:23,042 - INFO - Train loss: 0.9771 (2.8s)
Train loss: 0.9771 (2.8s)
2026-06-24 18:21:23,304 - INFO - Test instance 0.9500, class 0.9500
Test instance 0.9500, class 0.9500
2026-06-24 18:21:23,304 - INFO - Best instance 0.9875, class 0.9875 (epoch 150)
Best instance 0.9875, class 0.9875 (epoch 150)
2026-06-24 18:21:23,325 - INFO - Epoch 183/200:
Epoch 183/200:
2026-06-24 18:21:26,074 - INFO - Train loss: 0.9787 (2.7s)
Train loss: 0.9787 (2.7s)
2026-06-24 18:21:26,333 - INFO - Test instance 1.0000, class 1.0000
Test instance 1.0000, class 1.0000
2026-06-24 18:21:26,352 - INFO - Best instance 1.0000, class 1.0000 (epoch 183)
Best instance 1.0000, class 1.0000 (epoch 183)
2026-06-24 18:21:26,372 - INFO - Epoch 184/200:
Epoch 184/200:
2026-06-24 18:21:29,839 - INFO - Train loss: 1.0609 (3.5s)
Train loss: 1.0609 (3.5s)
2026-06-24 18:21:30,117 - INFO - Test instance 0.9500, class 0.9500
Test instance 0.9500, class 0.9500
2026-06-24 18:21:30,117 - INFO - Best instance 1.0000, class 1.0000 (epoch 183)
Best instance 1.0000, class 1.0000 (epoch 183)
2026-06-24 18:21:30,139 - INFO - Epoch 185/200:
Epoch 185/200:
2026-06-24 18:21:32,875 - INFO - Train loss: 0.9915 (2.7s)
Train loss: 0.9915 (2.7s)
2026-06-24 18:21:33,135 - INFO - Test instance 0.9500, class 0.9500
Test instance 0.9500, class 0.9500
2026-06-24 18:21:33,136 - INFO - Best instance 1.0000, class 1.0000 (epoch 183)
Best instance 1.0000, class 1.0000 (epoch 183)
2026-06-24 18:21:33,157 - INFO - Epoch 186/200:
Epoch 186/200:
2026-06-24 18:21:35,897 - INFO - Train loss: 0.9819 (2.7s)
Train loss: 0.9819 (2.7s)
2026-06-24 18:21:36,165 - INFO - Test instance 0.9625, class 0.9625
Test instance 0.9625, class 0.9625
2026-06-24 18:21:36,166 - INFO - Best instance 1.0000, class 1.0000 (epoch 183)
Best instance 1.0000, class 1.0000 (epoch 183)
2026-06-24 18:21:36,188 - INFO - Epoch 187/200:
Epoch 187/200:
2026-06-24 18:21:38,937 - INFO - Train loss: 0.9523 (2.7s)
Train loss: 0.9523 (2.7s)
2026-06-24 18:21:39,196 - INFO - Test instance 0.9750, class 0.9750
Test instance 0.9750, class 0.9750
2026-06-24 18:21:39,196 - INFO - Best instance 1.0000, class 1.0000 (epoch 183)
Best instance 1.0000, class 1.0000 (epoch 183)
2026-06-24 18:21:39,217 - INFO - Epoch 188/200:
Epoch 188/200:
2026-06-24 18:21:42,690 - INFO - Train loss: 1.0504 (3.5s)
Train loss: 1.0504 (3.5s)
2026-06-24 18:21:42,968 - INFO - Test instance 0.9625, class 0.9625
Test instance 0.9625, class 0.9625
2026-06-24 18:21:42,969 - INFO - Best instance 1.0000, class 1.0000 (epoch 183)
Best instance 1.0000, class 1.0000 (epoch 183)
2026-06-24 18:21:42,990 - INFO - Epoch 189/200:
Epoch 189/200:
2026-06-24 18:21:45,733 - INFO - Train loss: 0.9562 (2.7s)
Train loss: 0.9562 (2.7s)
2026-06-24 18:21:45,998 - INFO - Test instance 0.9500, class 0.9500
Test instance 0.9500, class 0.9500
2026-06-24 18:21:45,999 - INFO - Best instance 1.0000, class 1.0000 (epoch 183)
Best instance 1.0000, class 1.0000 (epoch 183)
2026-06-24 18:21:46,021 - INFO - Epoch 190/200:
Epoch 190/200:
2026-06-24 18:21:49,488 - INFO - Train loss: 1.0095 (3.5s)
Train loss: 1.0095 (3.5s)
2026-06-24 18:21:49,755 - INFO - Test instance 0.9625, class 0.9625
Test instance 0.9625, class 0.9625
2026-06-24 18:21:49,756 - INFO - Best instance 1.0000, class 1.0000 (epoch 183)
Best instance 1.0000, class 1.0000 (epoch 183)
2026-06-24 18:21:49,779 - INFO - Epoch 191/200:
Epoch 191/200:
2026-06-24 18:21:52,523 - INFO - Train loss: 0.9754 (2.7s)
Train loss: 0.9754 (2.7s)
2026-06-24 18:21:52,864 - INFO - Test instance 0.9750, class 0.9750
Test instance 0.9750, class 0.9750
2026-06-24 18:21:52,864 - INFO - Best instance 1.0000, class 1.0000 (epoch 183)
Best instance 1.0000, class 1.0000 (epoch 183)
2026-06-24 18:21:52,887 - INFO - Epoch 192/200:
Epoch 192/200:
2026-06-24 18:21:55,641 - INFO - Train loss: 0.9587 (2.8s)
Train loss: 0.9587 (2.8s)
2026-06-24 18:21:55,904 - INFO - Test instance 1.0000, class 1.0000
Test instance 1.0000, class 1.0000
2026-06-24 18:21:55,904 - INFO - Best instance 1.0000, class 1.0000 (epoch 183)
Best instance 1.0000, class 1.0000 (epoch 183)
2026-06-24 18:21:55,927 - INFO - Epoch 193/200:
Epoch 193/200:
2026-06-24 18:21:58,670 - INFO - Train loss: 1.0333 (2.7s)
Train loss: 1.0333 (2.7s)
2026-06-24 18:21:58,939 - INFO - Test instance 0.9750, class 0.9750
Test instance 0.9750, class 0.9750
2026-06-24 18:21:58,940 - INFO - Best instance 1.0000, class 1.0000 (epoch 183)
Best instance 1.0000, class 1.0000 (epoch 183)
2026-06-24 18:21:58,962 - INFO - Epoch 194/200:
Epoch 194/200:
2026-06-24 18:22:01,702 - INFO - Train loss: 1.0030 (2.7s)
Train loss: 1.0030 (2.7s)
2026-06-24 18:22:02,052 - INFO - Test instance 0.9875, class 0.9875
Test instance 0.9875, class 0.9875
2026-06-24 18:22:02,053 - INFO - Best instance 1.0000, class 1.0000 (epoch 183)
Best instance 1.0000, class 1.0000 (epoch 183)
2026-06-24 18:22:02,079 - INFO - Epoch 195/200:
Epoch 195/200:
2026-06-24 18:22:04,893 - INFO - Train loss: 0.9793 (2.8s)
Train loss: 0.9793 (2.8s)
2026-06-24 18:22:05,152 - INFO - Test instance 0.9500, class 0.9500
Test instance 0.9500, class 0.9500
2026-06-24 18:22:05,153 - INFO - Best instance 1.0000, class 1.0000 (epoch 183)
Best instance 1.0000, class 1.0000 (epoch 183)
2026-06-24 18:22:05,175 - INFO - Epoch 196/200:
Epoch 196/200:
2026-06-24 18:22:07,919 - INFO - Train loss: 1.0227 (2.7s)
Train loss: 1.0227 (2.7s)
2026-06-24 18:22:08,255 - INFO - Test instance 0.9875, class 0.9875
Test instance 0.9875, class 0.9875
2026-06-24 18:22:08,256 - INFO - Best instance 1.0000, class 1.0000 (epoch 183)
Best instance 1.0000, class 1.0000 (epoch 183)
2026-06-24 18:22:08,283 - INFO - Epoch 197/200:
Epoch 197/200:
2026-06-24 18:22:11,022 - INFO - Train loss: 0.9533 (2.7s)
Train loss: 0.9533 (2.7s)
2026-06-24 18:22:11,281 - INFO - Test instance 0.9625, class 0.9625
Test instance 0.9625, class 0.9625
2026-06-24 18:22:11,281 - INFO - Best instance 1.0000, class 1.0000 (epoch 183)
Best instance 1.0000, class 1.0000 (epoch 183)
2026-06-24 18:22:11,302 - INFO - Epoch 198/200:
Epoch 198/200:
2026-06-24 18:22:14,013 - INFO - Train loss: 1.0021 (2.7s)
Train loss: 1.0021 (2.7s)
2026-06-24 18:22:14,271 - INFO - Test instance 0.9875, class 0.9875
Test instance 0.9875, class 0.9875
2026-06-24 18:22:14,272 - INFO - Best instance 1.0000, class 1.0000 (epoch 183)
Best instance 1.0000, class 1.0000 (epoch 183)
2026-06-24 18:22:14,293 - INFO - Epoch 199/200:
Epoch 199/200:
2026-06-24 18:22:17,013 - INFO - Train loss: 1.0148 (2.7s)
Train loss: 1.0148 (2.7s)
2026-06-24 18:22:17,273 - INFO - Test instance 0.9625, class 0.9625
Test instance 0.9625, class 0.9625
2026-06-24 18:22:17,273 - INFO - Best instance 1.0000, class 1.0000 (epoch 183)
Best instance 1.0000, class 1.0000 (epoch 183)
2026-06-24 18:22:17,295 - INFO - Epoch 200/200:
Epoch 200/200:
2026-06-24 18:22:20,047 - INFO - Train loss: 0.9796 (2.8s)
Train loss: 0.9796 (2.8s)
2026-06-24 18:22:20,385 - INFO - Test instance 0.9625, class 0.9625
Test instance 0.9625, class 0.9625
2026-06-24 18:22:20,385 - INFO - Best instance 1.0000, class 1.0000 (epoch 183)
Best instance 1.0000, class 1.0000 (epoch 183)
2026-06-24 18:22:41,653 - INFO - Student 1.42 MB, 62.84 ms
Student 1.42 MB, 62.84 ms
