[Wed Jun 24 16:49:39 EDT 2026] task 4 on GPU 0: python flkd/advanced_kd_train_classification.py --teacher_model pointnet2_cls_ssg --student_model small_pointnet2 --kd_strategy feature --dataset craniosynostosis --seed 42 --batch_size 24 --epoch 200 --num_point 1024 --teacher_path "outputs/craniosynostosis/flkd/federated/classification/fl_pointnet2_cls_ssg_fedavg_s42/checkpoints/best_model.pth" --log_dir kd_pointnet2_cls_ssg_fedavg+feature_small_pointnet2_s42 --beta 0.5 --data_root data --output_root outputs --num_workers -1 --max_runtime_hours 166.0
Loaded teacher from outputs/craniosynostosis/flkd/federated/classification/fl_pointnet2_cls_ssg_fedavg_s42/checkpoints/best_model.pth
2026-06-24 16:53:41,683 - INFO - PARAMETER ...
2026-06-24 16:53:41,683 - INFO - {'use_cpu': False, 'no_amp': False, 'gpu': '0', 'num_workers': -1, 'batch_size': 24, 'teacher_model': 'pointnet2_cls_ssg', 'student_model': 'small_pointnet2', 'num_category': 4, 'dataset': 'craniosynostosis', 'data_root': 'data', 'output_root': 'outputs', 'train_split': 0.8, 'dataset_seed': 0, 'cache_dataset': True, 'min_class_samples': 1, 'epoch': 200, 'learning_rate': 0.001, 'num_point': 1024, 'optimizer': 'Adam', 'log_dir': 'kd_pointnet2_cls_ssg_fedavg+feature_small_pointnet2_s42', 'decay_rate': 0.0001, 'use_normals': False, 'process_data': False, 'use_uniform_sample': False, 'resume': True, 'kd_strategy': 'feature', 'alpha': 0.5, 'temperature': 2.0, 'beta': 0.5, 'dkd_alpha': 1.0, 'dkd_beta': 8.0, 'crd_temperature': 0.07, 'teacher_path': 'outputs/craniosynostosis/flkd/federated/classification/fl_pointnet2_cls_ssg_fedavg_s42/checkpoints/best_model.pth', 'teacher_paths': None, 'teacher_weights': None, 'use_hard_labels': 'on', 'unlabeled': False, 'temperature_sweep': None, 'seed': 42, 'max_runtime_hours': 166.0}
2026-06-24 16:53:41,684 - INFO - KD=feature student=small_pointnet2 AMP=False use_hard=True unlabeled=False T=2.0
KD=feature student=small_pointnet2 AMP=False use_hard=True unlabeled=False T=2.0
2026-06-24 16:53:44,172 - INFO - Added 525312 KD-adapter params to optimiser.
Added 525312 KD-adapter params to optimiser.
2026-06-24 16:53:44,173 - INFO - Epoch 1/200:
Epoch 1/200:
2026-06-24 16:53:47,138 - INFO - Train loss: 0.1004 (3.0s)
Train loss: 0.1004 (3.0s)
2026-06-24 16:53:47,773 - INFO - Test instance 0.2500, class 0.2500
Test instance 0.2500, class 0.2500
2026-06-24 16:53:47,799 - INFO - Best instance 0.2500, class 0.2500 (epoch 1)
Best instance 0.2500, class 0.2500 (epoch 1)
2026-06-24 16:53:47,824 - INFO - Epoch 2/200:
Epoch 2/200:
2026-06-24 16:53:50,459 - INFO - Train loss: 0.0710 (2.6s)
Train loss: 0.0710 (2.6s)
2026-06-24 16:53:50,716 - INFO - Test instance 0.2500, class 0.2500
Test instance 0.2500, class 0.2500
2026-06-24 16:53:50,716 - INFO - Best instance 0.2500, class 0.2500 (epoch 1)
Best instance 0.2500, class 0.2500 (epoch 1)
2026-06-24 16:53:50,741 - INFO - Epoch 3/200:
Epoch 3/200:
2026-06-24 16:53:53,376 - INFO - Train loss: 0.0644 (2.6s)
Train loss: 0.0644 (2.6s)
2026-06-24 16:53:53,625 - INFO - Test instance 0.2500, class 0.2500
Test instance 0.2500, class 0.2500
2026-06-24 16:53:53,625 - INFO - Best instance 0.2500, class 0.2500 (epoch 1)
Best instance 0.2500, class 0.2500 (epoch 1)
2026-06-24 16:53:53,650 - INFO - Epoch 4/200:
Epoch 4/200:
2026-06-24 16:53:56,292 - INFO - Train loss: 0.0658 (2.6s)
Train loss: 0.0658 (2.6s)
2026-06-24 16:53:56,561 - INFO - Test instance 0.2500, class 0.2500
Test instance 0.2500, class 0.2500
2026-06-24 16:53:56,561 - INFO - Best instance 0.2500, class 0.2500 (epoch 1)
Best instance 0.2500, class 0.2500 (epoch 1)
2026-06-24 16:53:56,594 - INFO - Epoch 5/200:
Epoch 5/200:
2026-06-24 16:53:59,165 - INFO - Train loss: 0.0512 (2.6s)
Train loss: 0.0512 (2.6s)
2026-06-24 16:53:59,420 - INFO - Test instance 0.2625, class 0.2625
Test instance 0.2625, class 0.2625
2026-06-24 16:53:59,443 - INFO - Best instance 0.2625, class 0.2625 (epoch 5)
Best instance 0.2625, class 0.2625 (epoch 5)
2026-06-24 16:53:59,466 - INFO - Epoch 6/200:
Epoch 6/200:
2026-06-24 16:54:02,115 - INFO - Train loss: 0.0529 (2.6s)
Train loss: 0.0529 (2.6s)
2026-06-24 16:54:02,373 - INFO - Test instance 0.2875, class 0.2875
Test instance 0.2875, class 0.2875
2026-06-24 16:54:02,396 - INFO - Best instance 0.2875, class 0.2875 (epoch 6)
Best instance 0.2875, class 0.2875 (epoch 6)
2026-06-24 16:54:02,420 - INFO - Epoch 7/200:
Epoch 7/200:
2026-06-24 16:54:05,047 - INFO - Train loss: 0.0429 (2.6s)
Train loss: 0.0429 (2.6s)
2026-06-24 16:54:05,310 - INFO - Test instance 0.3000, class 0.3000
Test instance 0.3000, class 0.3000
2026-06-24 16:54:05,339 - INFO - Best instance 0.3000, class 0.3000 (epoch 7)
Best instance 0.3000, class 0.3000 (epoch 7)
2026-06-24 16:54:05,365 - INFO - Epoch 8/200:
Epoch 8/200:
2026-06-24 16:54:07,977 - INFO - Train loss: 0.0460 (2.6s)
Train loss: 0.0460 (2.6s)
2026-06-24 16:54:08,225 - INFO - Test instance 0.4000, class 0.4000
Test instance 0.4000, class 0.4000
2026-06-24 16:54:08,248 - INFO - Best instance 0.4000, class 0.4000 (epoch 8)
Best instance 0.4000, class 0.4000 (epoch 8)
2026-06-24 16:54:08,272 - INFO - Epoch 9/200:
Epoch 9/200:
2026-06-24 16:54:10,903 - INFO - Train loss: 0.0400 (2.6s)
Train loss: 0.0400 (2.6s)
2026-06-24 16:54:11,157 - INFO - Test instance 0.4000, class 0.4000
Test instance 0.4000, class 0.4000
2026-06-24 16:54:11,157 - INFO - Best instance 0.4000, class 0.4000 (epoch 8)
Best instance 0.4000, class 0.4000 (epoch 8)
2026-06-24 16:54:11,181 - INFO - Epoch 10/200:
Epoch 10/200:
2026-06-24 16:54:13,779 - INFO - Train loss: 0.0323 (2.6s)
Train loss: 0.0323 (2.6s)
2026-06-24 16:54:14,038 - INFO - Test instance 0.5500, class 0.5500
Test instance 0.5500, class 0.5500
2026-06-24 16:54:14,061 - INFO - Best instance 0.5500, class 0.5500 (epoch 10)
Best instance 0.5500, class 0.5500 (epoch 10)
2026-06-24 16:54:14,086 - INFO - Epoch 11/200:
Epoch 11/200:
2026-06-24 16:54:16,693 - INFO - Train loss: 0.0405 (2.6s)
Train loss: 0.0405 (2.6s)
2026-06-24 16:54:16,940 - INFO - Test instance 0.3875, class 0.3875
Test instance 0.3875, class 0.3875
2026-06-24 16:54:16,941 - INFO - Best instance 0.5500, class 0.5500 (epoch 10)
Best instance 0.5500, class 0.5500 (epoch 10)
2026-06-24 16:54:16,966 - INFO - Epoch 12/200:
Epoch 12/200:
2026-06-24 16:54:19,590 - INFO - Train loss: 0.0387 (2.6s)
Train loss: 0.0387 (2.6s)
2026-06-24 16:54:19,841 - INFO - Test instance 0.4625, class 0.4625
Test instance 0.4625, class 0.4625
2026-06-24 16:54:19,842 - INFO - Best instance 0.5500, class 0.5500 (epoch 10)
Best instance 0.5500, class 0.5500 (epoch 10)
2026-06-24 16:54:19,867 - INFO - Epoch 13/200:
Epoch 13/200:
2026-06-24 16:54:22,508 - INFO - Train loss: 0.0300 (2.6s)
Train loss: 0.0300 (2.6s)
2026-06-24 16:54:22,762 - INFO - Test instance 0.6250, class 0.6250
Test instance 0.6250, class 0.6250
2026-06-24 16:54:22,784 - INFO - Best instance 0.6250, class 0.6250 (epoch 13)
Best instance 0.6250, class 0.6250 (epoch 13)
2026-06-24 16:54:22,808 - INFO - Epoch 14/200:
Epoch 14/200:
2026-06-24 16:54:25,450 - INFO - Train loss: 0.0298 (2.6s)
Train loss: 0.0298 (2.6s)
2026-06-24 16:54:25,696 - INFO - Test instance 0.5375, class 0.5375
Test instance 0.5375, class 0.5375
2026-06-24 16:54:25,697 - INFO - Best instance 0.6250, class 0.6250 (epoch 13)
Best instance 0.6250, class 0.6250 (epoch 13)
2026-06-24 16:54:25,721 - INFO - Epoch 15/200:
Epoch 15/200:
2026-06-24 16:54:28,344 - INFO - Train loss: 0.0296 (2.6s)
Train loss: 0.0296 (2.6s)
2026-06-24 16:54:28,599 - INFO - Test instance 0.5250, class 0.5250
Test instance 0.5250, class 0.5250
2026-06-24 16:54:28,600 - INFO - Best instance 0.6250, class 0.6250 (epoch 13)
Best instance 0.6250, class 0.6250 (epoch 13)
2026-06-24 16:54:28,624 - INFO - Epoch 16/200:
Epoch 16/200:
2026-06-24 16:54:31,243 - INFO - Train loss: 0.0309 (2.6s)
Train loss: 0.0309 (2.6s)
2026-06-24 16:54:31,490 - INFO - Test instance 0.6000, class 0.6000
Test instance 0.6000, class 0.6000
2026-06-24 16:54:31,490 - INFO - Best instance 0.6250, class 0.6250 (epoch 13)
Best instance 0.6250, class 0.6250 (epoch 13)
2026-06-24 16:54:31,515 - INFO - Epoch 17/200:
Epoch 17/200:
2026-06-24 16:54:34,154 - INFO - Train loss: 0.0282 (2.6s)
Train loss: 0.0282 (2.6s)
2026-06-24 16:54:34,406 - INFO - Test instance 0.4375, class 0.4375
Test instance 0.4375, class 0.4375
2026-06-24 16:54:34,406 - INFO - Best instance 0.6250, class 0.6250 (epoch 13)
Best instance 0.6250, class 0.6250 (epoch 13)
2026-06-24 16:54:34,431 - INFO - Epoch 18/200:
Epoch 18/200:
2026-06-24 16:54:37,044 - INFO - Train loss: 0.0274 (2.6s)
Train loss: 0.0274 (2.6s)
2026-06-24 16:54:37,294 - INFO - Test instance 0.5250, class 0.5250
Test instance 0.5250, class 0.5250
2026-06-24 16:54:37,294 - INFO - Best instance 0.6250, class 0.6250 (epoch 13)
Best instance 0.6250, class 0.6250 (epoch 13)
2026-06-24 16:54:37,319 - INFO - Epoch 19/200:
Epoch 19/200:
2026-06-24 16:54:39,937 - INFO - Train loss: 0.0306 (2.6s)
Train loss: 0.0306 (2.6s)
2026-06-24 16:54:40,191 - INFO - Test instance 0.6625, class 0.6625
Test instance 0.6625, class 0.6625
2026-06-24 16:54:40,213 - INFO - Best instance 0.6625, class 0.6625 (epoch 19)
Best instance 0.6625, class 0.6625 (epoch 19)
2026-06-24 16:54:40,248 - INFO - Epoch 20/200:
Epoch 20/200:
2026-06-24 16:54:42,885 - INFO - Train loss: 0.0255 (2.6s)
Train loss: 0.0255 (2.6s)
2026-06-24 16:54:43,135 - INFO - Test instance 0.3625, class 0.3625
Test instance 0.3625, class 0.3625
2026-06-24 16:54:43,136 - INFO - Best instance 0.6625, class 0.6625 (epoch 19)
Best instance 0.6625, class 0.6625 (epoch 19)
2026-06-24 16:54:43,161 - INFO - Epoch 21/200:
Epoch 21/200:
2026-06-24 16:54:45,768 - INFO - Train loss: 0.0240 (2.6s)
Train loss: 0.0240 (2.6s)
2026-06-24 16:54:46,028 - INFO - Test instance 0.6625, class 0.6625
Test instance 0.6625, class 0.6625
2026-06-24 16:54:46,028 - INFO - Best instance 0.6625, class 0.6625 (epoch 19)
Best instance 0.6625, class 0.6625 (epoch 19)
2026-06-24 16:54:46,053 - INFO - Epoch 22/200:
Epoch 22/200:
2026-06-24 16:54:48,686 - INFO - Train loss: 0.0264 (2.6s)
Train loss: 0.0264 (2.6s)
2026-06-24 16:54:48,935 - INFO - Test instance 0.7250, class 0.7250
Test instance 0.7250, class 0.7250
2026-06-24 16:54:48,958 - INFO - Best instance 0.7250, class 0.7250 (epoch 22)
Best instance 0.7250, class 0.7250 (epoch 22)
2026-06-24 16:54:48,981 - INFO - Epoch 23/200:
Epoch 23/200:
2026-06-24 16:54:51,626 - INFO - Train loss: 0.0230 (2.6s)
Train loss: 0.0230 (2.6s)
2026-06-24 16:54:51,874 - INFO - Test instance 0.6125, class 0.6125
Test instance 0.6125, class 0.6125
2026-06-24 16:54:51,874 - INFO - Best instance 0.7250, class 0.7250 (epoch 22)
Best instance 0.7250, class 0.7250 (epoch 22)
2026-06-24 16:54:51,907 - INFO - Epoch 24/200:
Epoch 24/200:
2026-06-24 16:54:54,542 - INFO - Train loss: 0.0235 (2.6s)
Train loss: 0.0235 (2.6s)
2026-06-24 16:54:54,793 - INFO - Test instance 0.6250, class 0.6250
Test instance 0.6250, class 0.6250
2026-06-24 16:54:54,793 - INFO - Best instance 0.7250, class 0.7250 (epoch 22)
Best instance 0.7250, class 0.7250 (epoch 22)
2026-06-24 16:54:54,818 - INFO - Epoch 25/200:
Epoch 25/200:
2026-06-24 16:54:57,438 - INFO - Train loss: 0.0218 (2.6s)
Train loss: 0.0218 (2.6s)
2026-06-24 16:54:57,686 - INFO - Test instance 0.6750, class 0.6750
Test instance 0.6750, class 0.6750
2026-06-24 16:54:57,686 - INFO - Best instance 0.7250, class 0.7250 (epoch 22)
Best instance 0.7250, class 0.7250 (epoch 22)
2026-06-24 16:54:57,711 - INFO - Epoch 26/200:
Epoch 26/200:
2026-06-24 16:55:00,347 - INFO - Train loss: 0.0248 (2.6s)
Train loss: 0.0248 (2.6s)
2026-06-24 16:55:00,598 - INFO - Test instance 0.5375, class 0.5375
Test instance 0.5375, class 0.5375
2026-06-24 16:55:00,598 - INFO - Best instance 0.7250, class 0.7250 (epoch 22)
Best instance 0.7250, class 0.7250 (epoch 22)
2026-06-24 16:55:00,624 - INFO - Epoch 27/200:
Epoch 27/200:
2026-06-24 16:55:03,317 - INFO - Train loss: 0.0242 (2.7s)
Train loss: 0.0242 (2.7s)
2026-06-24 16:55:03,570 - INFO - Test instance 0.6875, class 0.6875
Test instance 0.6875, class 0.6875
2026-06-24 16:55:03,570 - INFO - Best instance 0.7250, class 0.7250 (epoch 22)
Best instance 0.7250, class 0.7250 (epoch 22)
2026-06-24 16:55:03,595 - INFO - Epoch 28/200:
Epoch 28/200:
2026-06-24 16:55:06,216 - INFO - Train loss: 0.0197 (2.6s)
Train loss: 0.0197 (2.6s)
2026-06-24 16:55:06,472 - INFO - Test instance 0.6875, class 0.6875
Test instance 0.6875, class 0.6875
2026-06-24 16:55:06,472 - INFO - Best instance 0.7250, class 0.7250 (epoch 22)
Best instance 0.7250, class 0.7250 (epoch 22)
2026-06-24 16:55:06,498 - INFO - Epoch 29/200:
Epoch 29/200:
2026-06-24 16:55:09,119 - INFO - Train loss: 0.0208 (2.6s)
Train loss: 0.0208 (2.6s)
2026-06-24 16:55:09,378 - INFO - Test instance 0.6125, class 0.6125
Test instance 0.6125, class 0.6125
2026-06-24 16:55:09,378 - INFO - Best instance 0.7250, class 0.7250 (epoch 22)
Best instance 0.7250, class 0.7250 (epoch 22)
2026-06-24 16:55:09,405 - INFO - Epoch 30/200:
Epoch 30/200:
2026-06-24 16:55:12,039 - INFO - Train loss: 0.0214 (2.6s)
Train loss: 0.0214 (2.6s)
2026-06-24 16:55:12,289 - INFO - Test instance 0.6875, class 0.6875
Test instance 0.6875, class 0.6875
2026-06-24 16:55:12,289 - INFO - Best instance 0.7250, class 0.7250 (epoch 22)
Best instance 0.7250, class 0.7250 (epoch 22)
2026-06-24 16:55:12,315 - INFO - Epoch 31/200:
Epoch 31/200:
2026-06-24 16:55:14,975 - INFO - Train loss: 0.0228 (2.7s)
Train loss: 0.0228 (2.7s)
2026-06-24 16:55:15,229 - INFO - Test instance 0.7500, class 0.7500
Test instance 0.7500, class 0.7500
2026-06-24 16:55:15,252 - INFO - Best instance 0.7500, class 0.7500 (epoch 31)
Best instance 0.7500, class 0.7500 (epoch 31)
2026-06-24 16:55:15,278 - INFO - Epoch 32/200:
Epoch 32/200:
2026-06-24 16:55:17,894 - INFO - Train loss: 0.0206 (2.6s)
Train loss: 0.0206 (2.6s)
2026-06-24 16:55:18,148 - INFO - Test instance 0.5125, class 0.5125
Test instance 0.5125, class 0.5125
2026-06-24 16:55:18,148 - INFO - Best instance 0.7500, class 0.7500 (epoch 31)
Best instance 0.7500, class 0.7500 (epoch 31)
2026-06-24 16:55:18,173 - INFO - Epoch 33/200:
Epoch 33/200:
2026-06-24 16:55:20,786 - INFO - Train loss: 0.0203 (2.6s)
Train loss: 0.0203 (2.6s)
2026-06-24 16:55:21,037 - INFO - Test instance 0.7375, class 0.7375
Test instance 0.7375, class 0.7375
2026-06-24 16:55:21,037 - INFO - Best instance 0.7500, class 0.7500 (epoch 31)
Best instance 0.7500, class 0.7500 (epoch 31)
2026-06-24 16:55:21,063 - INFO - Epoch 34/200:
Epoch 34/200:
2026-06-24 16:55:23,679 - INFO - Train loss: 0.0170 (2.6s)
Train loss: 0.0170 (2.6s)
2026-06-24 16:55:23,934 - INFO - Test instance 0.7125, class 0.7125
Test instance 0.7125, class 0.7125
2026-06-24 16:55:23,934 - INFO - Best instance 0.7500, class 0.7500 (epoch 31)
Best instance 0.7500, class 0.7500 (epoch 31)
2026-06-24 16:55:23,961 - INFO - Epoch 35/200:
Epoch 35/200:
2026-06-24 16:55:26,575 - INFO - Train loss: 0.0197 (2.6s)
Train loss: 0.0197 (2.6s)
2026-06-24 16:55:26,820 - INFO - Test instance 0.7125, class 0.7125
Test instance 0.7125, class 0.7125
2026-06-24 16:55:26,821 - INFO - Best instance 0.7500, class 0.7500 (epoch 31)
Best instance 0.7500, class 0.7500 (epoch 31)
2026-06-24 16:55:26,845 - INFO - Epoch 36/200:
Epoch 36/200:
2026-06-24 16:55:29,459 - INFO - Train loss: 0.0199 (2.6s)
Train loss: 0.0199 (2.6s)
2026-06-24 16:55:29,702 - INFO - Test instance 0.6750, class 0.6750
Test instance 0.6750, class 0.6750
2026-06-24 16:55:29,703 - INFO - Best instance 0.7500, class 0.7500 (epoch 31)
Best instance 0.7500, class 0.7500 (epoch 31)
2026-06-24 16:55:29,728 - INFO - Epoch 37/200:
Epoch 37/200:
2026-06-24 16:55:32,356 - INFO - Train loss: 0.0210 (2.6s)
Train loss: 0.0210 (2.6s)
2026-06-24 16:55:32,602 - INFO - Test instance 0.7500, class 0.7500
Test instance 0.7500, class 0.7500
2026-06-24 16:55:32,602 - INFO - Best instance 0.7500, class 0.7500 (epoch 31)
Best instance 0.7500, class 0.7500 (epoch 31)
2026-06-24 16:55:32,628 - INFO - Epoch 38/200:
Epoch 38/200:
2026-06-24 16:55:35,248 - INFO - Train loss: 0.0195 (2.6s)
Train loss: 0.0195 (2.6s)
2026-06-24 16:55:35,520 - INFO - Test instance 0.6750, class 0.6750
Test instance 0.6750, class 0.6750
2026-06-24 16:55:35,521 - INFO - Best instance 0.7500, class 0.7500 (epoch 31)
Best instance 0.7500, class 0.7500 (epoch 31)
2026-06-24 16:55:35,547 - INFO - Epoch 39/200:
Epoch 39/200:
2026-06-24 16:55:38,177 - INFO - Train loss: 0.0189 (2.6s)
Train loss: 0.0189 (2.6s)
2026-06-24 16:55:38,431 - INFO - Test instance 0.7375, class 0.7375
Test instance 0.7375, class 0.7375
2026-06-24 16:55:38,432 - INFO - Best instance 0.7500, class 0.7500 (epoch 31)
Best instance 0.7500, class 0.7500 (epoch 31)
2026-06-24 16:55:38,457 - INFO - Epoch 40/200:
Epoch 40/200:
2026-06-24 16:55:41,061 - INFO - Train loss: 0.0204 (2.6s)
Train loss: 0.0204 (2.6s)
2026-06-24 16:55:41,312 - INFO - Test instance 0.6750, class 0.6750
Test instance 0.6750, class 0.6750
2026-06-24 16:55:41,313 - INFO - Best instance 0.7500, class 0.7500 (epoch 31)
Best instance 0.7500, class 0.7500 (epoch 31)
2026-06-24 16:55:41,338 - INFO - Epoch 41/200:
Epoch 41/200:
2026-06-24 16:55:43,959 - INFO - Train loss: 0.0161 (2.6s)
Train loss: 0.0161 (2.6s)
2026-06-24 16:55:44,203 - INFO - Test instance 0.7000, class 0.7000
Test instance 0.7000, class 0.7000
2026-06-24 16:55:44,204 - INFO - Best instance 0.7500, class 0.7500 (epoch 31)
Best instance 0.7500, class 0.7500 (epoch 31)
2026-06-24 16:55:44,229 - INFO - Epoch 42/200:
Epoch 42/200:
2026-06-24 16:55:46,848 - INFO - Train loss: 0.0172 (2.6s)
Train loss: 0.0172 (2.6s)
2026-06-24 16:55:47,098 - INFO - Test instance 0.7250, class 0.7250
Test instance 0.7250, class 0.7250
2026-06-24 16:55:47,098 - INFO - Best instance 0.7500, class 0.7500 (epoch 31)
Best instance 0.7500, class 0.7500 (epoch 31)
2026-06-24 16:55:47,123 - INFO - Epoch 43/200:
Epoch 43/200:
2026-06-24 16:55:49,754 - INFO - Train loss: 0.0187 (2.6s)
Train loss: 0.0187 (2.6s)
2026-06-24 16:55:50,011 - INFO - Test instance 0.7375, class 0.7375
Test instance 0.7375, class 0.7375
2026-06-24 16:55:50,012 - INFO - Best instance 0.7500, class 0.7500 (epoch 31)
Best instance 0.7500, class 0.7500 (epoch 31)
2026-06-24 16:55:50,037 - INFO - Epoch 44/200:
Epoch 44/200:
2026-06-24 16:55:52,663 - INFO - Train loss: 0.0183 (2.6s)
Train loss: 0.0183 (2.6s)
2026-06-24 16:55:52,913 - INFO - Test instance 0.6875, class 0.6875
Test instance 0.6875, class 0.6875
2026-06-24 16:55:52,913 - INFO - Best instance 0.7500, class 0.7500 (epoch 31)
Best instance 0.7500, class 0.7500 (epoch 31)
2026-06-24 16:55:52,937 - INFO - Epoch 45/200:
Epoch 45/200:
2026-06-24 16:55:55,556 - INFO - Train loss: 0.0196 (2.6s)
Train loss: 0.0196 (2.6s)
2026-06-24 16:55:55,801 - INFO - Test instance 0.7750, class 0.7750
Test instance 0.7750, class 0.7750
2026-06-24 16:55:55,823 - INFO - Best instance 0.7750, class 0.7750 (epoch 45)
Best instance 0.7750, class 0.7750 (epoch 45)
2026-06-24 16:55:55,845 - INFO - Epoch 46/200:
Epoch 46/200:
2026-06-24 16:55:58,471 - INFO - Train loss: 0.0176 (2.6s)
Train loss: 0.0176 (2.6s)
2026-06-24 16:55:58,718 - INFO - Test instance 0.8000, class 0.8000
Test instance 0.8000, class 0.8000
2026-06-24 16:55:58,740 - INFO - Best instance 0.8000, class 0.8000 (epoch 46)
Best instance 0.8000, class 0.8000 (epoch 46)
2026-06-24 16:55:58,764 - INFO - Epoch 47/200:
Epoch 47/200:
2026-06-24 16:56:01,388 - INFO - Train loss: 0.0181 (2.6s)
Train loss: 0.0181 (2.6s)
2026-06-24 16:56:01,666 - INFO - Test instance 0.7250, class 0.7250
Test instance 0.7250, class 0.7250
2026-06-24 16:56:01,666 - INFO - Best instance 0.8000, class 0.8000 (epoch 46)
Best instance 0.8000, class 0.8000 (epoch 46)
2026-06-24 16:56:01,691 - INFO - Epoch 48/200:
Epoch 48/200:
2026-06-24 16:56:04,346 - INFO - Train loss: 0.0207 (2.7s)
Train loss: 0.0207 (2.7s)
2026-06-24 16:56:04,595 - INFO - Test instance 0.7375, class 0.7375
Test instance 0.7375, class 0.7375
2026-06-24 16:56:04,596 - INFO - Best instance 0.8000, class 0.8000 (epoch 46)
Best instance 0.8000, class 0.8000 (epoch 46)
2026-06-24 16:56:04,621 - INFO - Epoch 49/200:
Epoch 49/200:
2026-06-24 16:56:07,250 - INFO - Train loss: 0.0194 (2.6s)
Train loss: 0.0194 (2.6s)
2026-06-24 16:56:07,508 - INFO - Test instance 0.7625, class 0.7625
Test instance 0.7625, class 0.7625
2026-06-24 16:56:07,508 - INFO - Best instance 0.8000, class 0.8000 (epoch 46)
Best instance 0.8000, class 0.8000 (epoch 46)
2026-06-24 16:56:07,533 - INFO - Epoch 50/200:
Epoch 50/200:
2026-06-24 16:56:10,153 - INFO - Train loss: 0.0189 (2.6s)
Train loss: 0.0189 (2.6s)
2026-06-24 16:56:10,398 - INFO - Test instance 0.7125, class 0.7125
Test instance 0.7125, class 0.7125
2026-06-24 16:56:10,398 - INFO - Best instance 0.8000, class 0.8000 (epoch 46)
Best instance 0.8000, class 0.8000 (epoch 46)
2026-06-24 16:56:10,423 - INFO - Epoch 51/200:
Epoch 51/200:
2026-06-24 16:56:13,039 - INFO - Train loss: 0.0185 (2.6s)
Train loss: 0.0185 (2.6s)
2026-06-24 16:56:13,285 - INFO - Test instance 0.7875, class 0.7875
Test instance 0.7875, class 0.7875
2026-06-24 16:56:13,286 - INFO - Best instance 0.8000, class 0.8000 (epoch 46)
Best instance 0.8000, class 0.8000 (epoch 46)
2026-06-24 16:56:13,310 - INFO - Epoch 52/200:
Epoch 52/200:
2026-06-24 16:56:15,954 - INFO - Train loss: 0.0167 (2.6s)
Train loss: 0.0167 (2.6s)
2026-06-24 16:56:16,207 - INFO - Test instance 0.7000, class 0.7000
Test instance 0.7000, class 0.7000
2026-06-24 16:56:16,208 - INFO - Best instance 0.8000, class 0.8000 (epoch 46)
Best instance 0.8000, class 0.8000 (epoch 46)
2026-06-24 16:56:16,232 - INFO - Epoch 53/200:
Epoch 53/200:
2026-06-24 16:56:18,847 - INFO - Train loss: 0.0202 (2.6s)
Train loss: 0.0202 (2.6s)
2026-06-24 16:56:19,094 - INFO - Test instance 0.7000, class 0.7000
Test instance 0.7000, class 0.7000
2026-06-24 16:56:19,094 - INFO - Best instance 0.8000, class 0.8000 (epoch 46)
Best instance 0.8000, class 0.8000 (epoch 46)
2026-06-24 16:56:19,119 - INFO - Epoch 54/200:
Epoch 54/200:
2026-06-24 16:56:21,736 - INFO - Train loss: 0.0174 (2.6s)
Train loss: 0.0174 (2.6s)
2026-06-24 16:56:21,984 - INFO - Test instance 0.7000, class 0.7000
Test instance 0.7000, class 0.7000
2026-06-24 16:56:21,984 - INFO - Best instance 0.8000, class 0.8000 (epoch 46)
Best instance 0.8000, class 0.8000 (epoch 46)
2026-06-24 16:56:22,009 - INFO - Epoch 55/200:
Epoch 55/200:
2026-06-24 16:56:24,641 - INFO - Train loss: 0.0162 (2.6s)
Train loss: 0.0162 (2.6s)
2026-06-24 16:56:24,894 - INFO - Test instance 0.7000, class 0.7000
Test instance 0.7000, class 0.7000
2026-06-24 16:56:24,895 - INFO - Best instance 0.8000, class 0.8000 (epoch 46)
Best instance 0.8000, class 0.8000 (epoch 46)
2026-06-24 16:56:24,953 - INFO - Epoch 56/200:
Epoch 56/200:
2026-06-24 16:56:27,581 - INFO - Train loss: 0.0187 (2.6s)
Train loss: 0.0187 (2.6s)
2026-06-24 16:56:27,829 - INFO - Test instance 0.7375, class 0.7375
Test instance 0.7375, class 0.7375
2026-06-24 16:56:27,829 - INFO - Best instance 0.8000, class 0.8000 (epoch 46)
Best instance 0.8000, class 0.8000 (epoch 46)
2026-06-24 16:56:27,855 - INFO - Epoch 57/200:
Epoch 57/200:
2026-06-24 16:56:30,487 - INFO - Train loss: 0.0165 (2.6s)
Train loss: 0.0165 (2.6s)
2026-06-24 16:56:30,737 - INFO - Test instance 0.7250, class 0.7250
Test instance 0.7250, class 0.7250
2026-06-24 16:56:30,738 - INFO - Best instance 0.8000, class 0.8000 (epoch 46)
Best instance 0.8000, class 0.8000 (epoch 46)
2026-06-24 16:56:30,763 - INFO - Epoch 58/200:
Epoch 58/200:
2026-06-24 16:56:33,373 - INFO - Train loss: 0.0171 (2.6s)
Train loss: 0.0171 (2.6s)
2026-06-24 16:56:33,626 - INFO - Test instance 0.7375, class 0.7375
Test instance 0.7375, class 0.7375
2026-06-24 16:56:33,626 - INFO - Best instance 0.8000, class 0.8000 (epoch 46)
Best instance 0.8000, class 0.8000 (epoch 46)
2026-06-24 16:56:33,654 - INFO - Epoch 59/200:
Epoch 59/200:
2026-06-24 16:56:36,242 - INFO - Train loss: 0.0192 (2.6s)
Train loss: 0.0192 (2.6s)
2026-06-24 16:56:36,500 - INFO - Test instance 0.7500, class 0.7500
Test instance 0.7500, class 0.7500
2026-06-24 16:56:36,500 - INFO - Best instance 0.8000, class 0.8000 (epoch 46)
Best instance 0.8000, class 0.8000 (epoch 46)
2026-06-24 16:56:36,526 - INFO - Epoch 60/200:
Epoch 60/200:
2026-06-24 16:56:39,154 - INFO - Train loss: 0.0177 (2.6s)
Train loss: 0.0177 (2.6s)
2026-06-24 16:56:39,406 - INFO - Test instance 0.7500, class 0.7500
Test instance 0.7500, class 0.7500
2026-06-24 16:56:39,406 - INFO - Best instance 0.8000, class 0.8000 (epoch 46)
Best instance 0.8000, class 0.8000 (epoch 46)
2026-06-24 16:56:39,432 - INFO - Epoch 61/200:
Epoch 61/200:
2026-06-24 16:56:42,067 - INFO - Train loss: 0.0159 (2.6s)
Train loss: 0.0159 (2.6s)
2026-06-24 16:56:42,312 - INFO - Test instance 0.7375, class 0.7375
Test instance 0.7375, class 0.7375
2026-06-24 16:56:42,313 - INFO - Best instance 0.8000, class 0.8000 (epoch 46)
Best instance 0.8000, class 0.8000 (epoch 46)
2026-06-24 16:56:42,338 - INFO - Epoch 62/200:
Epoch 62/200:
2026-06-24 16:56:44,955 - INFO - Train loss: 0.0158 (2.6s)
Train loss: 0.0158 (2.6s)
2026-06-24 16:56:45,208 - INFO - Test instance 0.7500, class 0.7500
Test instance 0.7500, class 0.7500
2026-06-24 16:56:45,209 - INFO - Best instance 0.8000, class 0.8000 (epoch 46)
Best instance 0.8000, class 0.8000 (epoch 46)
2026-06-24 16:56:45,234 - INFO - Epoch 63/200:
Epoch 63/200:
2026-06-24 16:56:47,836 - INFO - Train loss: 0.0193 (2.6s)
Train loss: 0.0193 (2.6s)
2026-06-24 16:56:48,093 - INFO - Test instance 0.7250, class 0.7250
Test instance 0.7250, class 0.7250
2026-06-24 16:56:48,093 - INFO - Best instance 0.8000, class 0.8000 (epoch 46)
Best instance 0.8000, class 0.8000 (epoch 46)
2026-06-24 16:56:48,118 - INFO - Epoch 64/200:
Epoch 64/200:
2026-06-24 16:56:50,758 - INFO - Train loss: 0.0185 (2.6s)
Train loss: 0.0185 (2.6s)
2026-06-24 16:56:51,009 - INFO - Test instance 0.7375, class 0.7375
Test instance 0.7375, class 0.7375
2026-06-24 16:56:51,009 - INFO - Best instance 0.8000, class 0.8000 (epoch 46)
Best instance 0.8000, class 0.8000 (epoch 46)
2026-06-24 16:56:51,035 - INFO - Epoch 65/200:
Epoch 65/200:
2026-06-24 16:56:53,671 - INFO - Train loss: 0.0184 (2.6s)
Train loss: 0.0184 (2.6s)
2026-06-24 16:56:53,927 - INFO - Test instance 0.8000, class 0.8000
Test instance 0.8000, class 0.8000
2026-06-24 16:56:53,927 - INFO - Best instance 0.8000, class 0.8000 (epoch 46)
Best instance 0.8000, class 0.8000 (epoch 46)
2026-06-24 16:56:53,952 - INFO - Epoch 66/200:
Epoch 66/200:
2026-06-24 16:56:56,614 - INFO - Train loss: 0.0159 (2.7s)
Train loss: 0.0159 (2.7s)
2026-06-24 16:56:56,869 - INFO - Test instance 0.7000, class 0.7000
Test instance 0.7000, class 0.7000
2026-06-24 16:56:56,870 - INFO - Best instance 0.8000, class 0.8000 (epoch 46)
Best instance 0.8000, class 0.8000 (epoch 46)
2026-06-24 16:56:56,895 - INFO - Epoch 67/200:
Epoch 67/200:
2026-06-24 16:56:59,537 - INFO - Train loss: 0.0169 (2.6s)
Train loss: 0.0169 (2.6s)
2026-06-24 16:56:59,787 - INFO - Test instance 0.8500, class 0.8500
Test instance 0.8500, class 0.8500
2026-06-24 16:56:59,809 - INFO - Best instance 0.8500, class 0.8500 (epoch 67)
Best instance 0.8500, class 0.8500 (epoch 67)
2026-06-24 16:56:59,834 - INFO - Epoch 68/200:
Epoch 68/200:
2026-06-24 16:57:02,525 - INFO - Train loss: 0.0161 (2.7s)
Train loss: 0.0161 (2.7s)
2026-06-24 16:57:02,769 - INFO - Test instance 0.7375, class 0.7375
Test instance 0.7375, class 0.7375
2026-06-24 16:57:02,769 - INFO - Best instance 0.8500, class 0.8500 (epoch 67)
Best instance 0.8500, class 0.8500 (epoch 67)
2026-06-24 16:57:02,795 - INFO - Epoch 69/200:
Epoch 69/200:
2026-06-24 16:57:05,408 - INFO - Train loss: 0.0175 (2.6s)
Train loss: 0.0175 (2.6s)
2026-06-24 16:57:05,659 - INFO - Test instance 0.7375, class 0.7375
Test instance 0.7375, class 0.7375
2026-06-24 16:57:05,660 - INFO - Best instance 0.8500, class 0.8500 (epoch 67)
Best instance 0.8500, class 0.8500 (epoch 67)
2026-06-24 16:57:05,685 - INFO - Epoch 70/200:
Epoch 70/200:
2026-06-24 16:57:08,299 - INFO - Train loss: 0.0176 (2.6s)
Train loss: 0.0176 (2.6s)
2026-06-24 16:57:08,551 - INFO - Test instance 0.7250, class 0.7250
Test instance 0.7250, class 0.7250
2026-06-24 16:57:08,552 - INFO - Best instance 0.8500, class 0.8500 (epoch 67)
Best instance 0.8500, class 0.8500 (epoch 67)
2026-06-24 16:57:08,576 - INFO - Epoch 71/200:
Epoch 71/200:
2026-06-24 16:57:11,178 - INFO - Train loss: 0.0166 (2.6s)
Train loss: 0.0166 (2.6s)
2026-06-24 16:57:11,429 - INFO - Test instance 0.7500, class 0.7500
Test instance 0.7500, class 0.7500
2026-06-24 16:57:11,430 - INFO - Best instance 0.8500, class 0.8500 (epoch 67)
Best instance 0.8500, class 0.8500 (epoch 67)
2026-06-24 16:57:11,455 - INFO - Epoch 72/200:
Epoch 72/200:
2026-06-24 16:57:14,072 - INFO - Train loss: 0.0170 (2.6s)
Train loss: 0.0170 (2.6s)
2026-06-24 16:57:14,330 - INFO - Test instance 0.7875, class 0.7875
Test instance 0.7875, class 0.7875
2026-06-24 16:57:14,331 - INFO - Best instance 0.8500, class 0.8500 (epoch 67)
Best instance 0.8500, class 0.8500 (epoch 67)
2026-06-24 16:57:14,356 - INFO - Epoch 73/200:
Epoch 73/200:
2026-06-24 16:57:16,981 - INFO - Train loss: 0.0158 (2.6s)
Train loss: 0.0158 (2.6s)
2026-06-24 16:57:17,239 - INFO - Test instance 0.6750, class 0.6750
Test instance 0.6750, class 0.6750
2026-06-24 16:57:17,239 - INFO - Best instance 0.8500, class 0.8500 (epoch 67)
Best instance 0.8500, class 0.8500 (epoch 67)
2026-06-24 16:57:17,264 - INFO - Epoch 74/200:
Epoch 74/200:
2026-06-24 16:57:19,929 - INFO - Train loss: 0.0167 (2.7s)
Train loss: 0.0167 (2.7s)
2026-06-24 16:57:20,176 - INFO - Test instance 0.7500, class 0.7500
Test instance 0.7500, class 0.7500
2026-06-24 16:57:20,176 - INFO - Best instance 0.8500, class 0.8500 (epoch 67)
Best instance 0.8500, class 0.8500 (epoch 67)
2026-06-24 16:57:20,201 - INFO - Epoch 75/200:
Epoch 75/200:
2026-06-24 16:57:22,842 - INFO - Train loss: 0.0165 (2.6s)
Train loss: 0.0165 (2.6s)
2026-06-24 16:57:23,091 - INFO - Test instance 0.8250, class 0.8250
Test instance 0.8250, class 0.8250
2026-06-24 16:57:23,091 - INFO - Best instance 0.8500, class 0.8500 (epoch 67)
Best instance 0.8500, class 0.8500 (epoch 67)
2026-06-24 16:57:23,116 - INFO - Epoch 76/200:
Epoch 76/200:
2026-06-24 16:57:25,754 - INFO - Train loss: 0.0161 (2.6s)
Train loss: 0.0161 (2.6s)
2026-06-24 16:57:26,003 - INFO - Test instance 0.7500, class 0.7500
Test instance 0.7500, class 0.7500
2026-06-24 16:57:26,004 - INFO - Best instance 0.8500, class 0.8500 (epoch 67)
Best instance 0.8500, class 0.8500 (epoch 67)
2026-06-24 16:57:26,030 - INFO - Epoch 77/200:
Epoch 77/200:
2026-06-24 16:57:28,659 - INFO - Train loss: 0.0177 (2.6s)
Train loss: 0.0177 (2.6s)
2026-06-24 16:57:28,913 - INFO - Test instance 0.8000, class 0.8000
Test instance 0.8000, class 0.8000
2026-06-24 16:57:28,913 - INFO - Best instance 0.8500, class 0.8500 (epoch 67)
Best instance 0.8500, class 0.8500 (epoch 67)
2026-06-24 16:57:28,939 - INFO - Epoch 78/200:
Epoch 78/200:
2026-06-24 16:57:31,554 - INFO - Train loss: 0.0159 (2.6s)
Train loss: 0.0159 (2.6s)
2026-06-24 16:57:31,801 - INFO - Test instance 0.7250, class 0.7250
Test instance 0.7250, class 0.7250
2026-06-24 16:57:31,801 - INFO - Best instance 0.8500, class 0.8500 (epoch 67)
Best instance 0.8500, class 0.8500 (epoch 67)
2026-06-24 16:57:31,827 - INFO - Epoch 79/200:
Epoch 79/200:
2026-06-24 16:57:34,452 - INFO - Train loss: 0.0147 (2.6s)
Train loss: 0.0147 (2.6s)
2026-06-24 16:57:34,696 - INFO - Test instance 0.7500, class 0.7500
Test instance 0.7500, class 0.7500
2026-06-24 16:57:34,696 - INFO - Best instance 0.8500, class 0.8500 (epoch 67)
Best instance 0.8500, class 0.8500 (epoch 67)
2026-06-24 16:57:34,729 - INFO - Epoch 80/200:
Epoch 80/200:
2026-06-24 16:57:37,331 - INFO - Train loss: 0.0147 (2.6s)
Train loss: 0.0147 (2.6s)
2026-06-24 16:57:37,593 - INFO - Test instance 0.7250, class 0.7250
Test instance 0.7250, class 0.7250
2026-06-24 16:57:37,594 - INFO - Best instance 0.8500, class 0.8500 (epoch 67)
Best instance 0.8500, class 0.8500 (epoch 67)
2026-06-24 16:57:37,620 - INFO - Epoch 81/200:
Epoch 81/200:
2026-06-24 16:57:40,268 - INFO - Train loss: 0.0157 (2.6s)
Train loss: 0.0157 (2.6s)
2026-06-24 16:57:40,519 - INFO - Test instance 0.7375, class 0.7375
Test instance 0.7375, class 0.7375
2026-06-24 16:57:40,519 - INFO - Best instance 0.8500, class 0.8500 (epoch 67)
Best instance 0.8500, class 0.8500 (epoch 67)
2026-06-24 16:57:40,544 - INFO - Epoch 82/200:
Epoch 82/200:
2026-06-24 16:57:43,185 - INFO - Train loss: 0.0155 (2.6s)
Train loss: 0.0155 (2.6s)
2026-06-24 16:57:43,435 - INFO - Test instance 0.7250, class 0.7250
Test instance 0.7250, class 0.7250
2026-06-24 16:57:43,435 - INFO - Best instance 0.8500, class 0.8500 (epoch 67)
Best instance 0.8500, class 0.8500 (epoch 67)
2026-06-24 16:57:43,460 - INFO - Epoch 83/200:
Epoch 83/200:
2026-06-24 16:57:46,079 - INFO - Train loss: 0.0172 (2.6s)
Train loss: 0.0172 (2.6s)
2026-06-24 16:57:46,330 - INFO - Test instance 0.6750, class 0.6750
Test instance 0.6750, class 0.6750
2026-06-24 16:57:46,330 - INFO - Best instance 0.8500, class 0.8500 (epoch 67)
Best instance 0.8500, class 0.8500 (epoch 67)
2026-06-24 16:57:46,356 - INFO - Epoch 84/200:
Epoch 84/200:
2026-06-24 16:57:48,977 - INFO - Train loss: 0.0142 (2.6s)
Train loss: 0.0142 (2.6s)
2026-06-24 16:57:49,228 - INFO - Test instance 0.7625, class 0.7625
Test instance 0.7625, class 0.7625
2026-06-24 16:57:49,228 - INFO - Best instance 0.8500, class 0.8500 (epoch 67)
Best instance 0.8500, class 0.8500 (epoch 67)
2026-06-24 16:57:49,254 - INFO - Epoch 85/200:
Epoch 85/200:
2026-06-24 16:57:51,878 - INFO - Train loss: 0.0148 (2.6s)
Train loss: 0.0148 (2.6s)
2026-06-24 16:57:52,134 - INFO - Test instance 0.6750, class 0.6750
Test instance 0.6750, class 0.6750
2026-06-24 16:57:52,134 - INFO - Best instance 0.8500, class 0.8500 (epoch 67)
Best instance 0.8500, class 0.8500 (epoch 67)
2026-06-24 16:57:52,159 - INFO - Epoch 86/200:
Epoch 86/200:
2026-06-24 16:57:54,747 - INFO - Train loss: 0.0160 (2.6s)
Train loss: 0.0160 (2.6s)
2026-06-24 16:57:54,998 - INFO - Test instance 0.7500, class 0.7500
Test instance 0.7500, class 0.7500
2026-06-24 16:57:54,998 - INFO - Best instance 0.8500, class 0.8500 (epoch 67)
Best instance 0.8500, class 0.8500 (epoch 67)
2026-06-24 16:57:55,023 - INFO - Epoch 87/200:
Epoch 87/200:
2026-06-24 16:57:57,644 - INFO - Train loss: 0.0164 (2.6s)
Train loss: 0.0164 (2.6s)
2026-06-24 16:57:57,906 - INFO - Test instance 0.7750, class 0.7750
Test instance 0.7750, class 0.7750
2026-06-24 16:57:57,907 - INFO - Best instance 0.8500, class 0.8500 (epoch 67)
Best instance 0.8500, class 0.8500 (epoch 67)
2026-06-24 16:57:57,932 - INFO - Epoch 88/200:
Epoch 88/200:
2026-06-24 16:58:00,569 - INFO - Train loss: 0.0148 (2.6s)
Train loss: 0.0148 (2.6s)
2026-06-24 16:58:00,817 - INFO - Test instance 0.8375, class 0.8375
Test instance 0.8375, class 0.8375
2026-06-24 16:58:00,817 - INFO - Best instance 0.8500, class 0.8500 (epoch 67)
Best instance 0.8500, class 0.8500 (epoch 67)
2026-06-24 16:58:00,842 - INFO - Epoch 89/200:
Epoch 89/200:
2026-06-24 16:58:03,540 - INFO - Train loss: 0.0170 (2.7s)
Train loss: 0.0170 (2.7s)
2026-06-24 16:58:03,795 - INFO - Test instance 0.7750, class 0.7750
Test instance 0.7750, class 0.7750
2026-06-24 16:58:03,795 - INFO - Best instance 0.8500, class 0.8500 (epoch 67)
Best instance 0.8500, class 0.8500 (epoch 67)
2026-06-24 16:58:03,821 - INFO - Epoch 90/200:
Epoch 90/200:
2026-06-24 16:58:06,467 - INFO - Train loss: 0.0147 (2.6s)
Train loss: 0.0147 (2.6s)
2026-06-24 16:58:06,719 - INFO - Test instance 0.7500, class 0.7500
Test instance 0.7500, class 0.7500
2026-06-24 16:58:06,719 - INFO - Best instance 0.8500, class 0.8500 (epoch 67)
Best instance 0.8500, class 0.8500 (epoch 67)
2026-06-24 16:58:06,743 - INFO - Epoch 91/200:
Epoch 91/200:
2026-06-24 16:58:09,387 - INFO - Train loss: 0.0153 (2.6s)
Train loss: 0.0153 (2.6s)
2026-06-24 16:58:09,643 - INFO - Test instance 0.7750, class 0.7750
Test instance 0.7750, class 0.7750
2026-06-24 16:58:09,643 - INFO - Best instance 0.8500, class 0.8500 (epoch 67)
Best instance 0.8500, class 0.8500 (epoch 67)
2026-06-24 16:58:09,669 - INFO - Epoch 92/200:
Epoch 92/200:
2026-06-24 16:58:12,288 - INFO - Train loss: 0.0129 (2.6s)
Train loss: 0.0129 (2.6s)
2026-06-24 16:58:12,543 - INFO - Test instance 0.7875, class 0.7875
Test instance 0.7875, class 0.7875
2026-06-24 16:58:12,544 - INFO - Best instance 0.8500, class 0.8500 (epoch 67)
Best instance 0.8500, class 0.8500 (epoch 67)
2026-06-24 16:58:12,569 - INFO - Epoch 93/200:
Epoch 93/200:
2026-06-24 16:58:15,155 - INFO - Train loss: 0.0141 (2.6s)
Train loss: 0.0141 (2.6s)
2026-06-24 16:58:15,399 - INFO - Test instance 0.7875, class 0.7875
Test instance 0.7875, class 0.7875
2026-06-24 16:58:15,399 - INFO - Best instance 0.8500, class 0.8500 (epoch 67)
Best instance 0.8500, class 0.8500 (epoch 67)
2026-06-24 16:58:15,424 - INFO - Epoch 94/200:
Epoch 94/200:
2026-06-24 16:58:18,072 - INFO - Train loss: 0.0152 (2.6s)
Train loss: 0.0152 (2.6s)
2026-06-24 16:58:18,323 - INFO - Test instance 0.7625, class 0.7625
Test instance 0.7625, class 0.7625
2026-06-24 16:58:18,324 - INFO - Best instance 0.8500, class 0.8500 (epoch 67)
Best instance 0.8500, class 0.8500 (epoch 67)
2026-06-24 16:58:18,349 - INFO - Epoch 95/200:
Epoch 95/200:
2026-06-24 16:58:21,007 - INFO - Train loss: 0.0164 (2.7s)
Train loss: 0.0164 (2.7s)
2026-06-24 16:58:21,259 - INFO - Test instance 0.7500, class 0.7500
Test instance 0.7500, class 0.7500
2026-06-24 16:58:21,259 - INFO - Best instance 0.8500, class 0.8500 (epoch 67)
Best instance 0.8500, class 0.8500 (epoch 67)
2026-06-24 16:58:21,285 - INFO - Epoch 96/200:
Epoch 96/200:
2026-06-24 16:58:23,938 - INFO - Train loss: 0.0153 (2.7s)
Train loss: 0.0153 (2.7s)
2026-06-24 16:58:24,196 - INFO - Test instance 0.7125, class 0.7125
Test instance 0.7125, class 0.7125
2026-06-24 16:58:24,196 - INFO - Best instance 0.8500, class 0.8500 (epoch 67)
Best instance 0.8500, class 0.8500 (epoch 67)
2026-06-24 16:58:24,229 - INFO - Epoch 97/200:
Epoch 97/200:
2026-06-24 16:58:26,852 - INFO - Train loss: 0.0138 (2.6s)
Train loss: 0.0138 (2.6s)
2026-06-24 16:58:27,105 - INFO - Test instance 0.7375, class 0.7375
Test instance 0.7375, class 0.7375
2026-06-24 16:58:27,105 - INFO - Best instance 0.8500, class 0.8500 (epoch 67)
Best instance 0.8500, class 0.8500 (epoch 67)
2026-06-24 16:58:27,129 - INFO - Epoch 98/200:
Epoch 98/200:
2026-06-24 16:58:29,753 - INFO - Train loss: 0.0156 (2.6s)
Train loss: 0.0156 (2.6s)
2026-06-24 16:58:30,014 - INFO - Test instance 0.7375, class 0.7375
Test instance 0.7375, class 0.7375
2026-06-24 16:58:30,014 - INFO - Best instance 0.8500, class 0.8500 (epoch 67)
Best instance 0.8500, class 0.8500 (epoch 67)
2026-06-24 16:58:30,039 - INFO - Epoch 99/200:
Epoch 99/200:
2026-06-24 16:58:32,688 - INFO - Train loss: 0.0152 (2.6s)
Train loss: 0.0152 (2.6s)
2026-06-24 16:58:32,942 - INFO - Test instance 0.7500, class 0.7500
Test instance 0.7500, class 0.7500
2026-06-24 16:58:32,942 - INFO - Best instance 0.8500, class 0.8500 (epoch 67)
Best instance 0.8500, class 0.8500 (epoch 67)
2026-06-24 16:58:32,967 - INFO - Epoch 100/200:
Epoch 100/200:
2026-06-24 16:58:35,616 - INFO - Train loss: 0.0155 (2.6s)
Train loss: 0.0155 (2.6s)
2026-06-24 16:58:35,879 - INFO - Test instance 0.7250, class 0.7250
Test instance 0.7250, class 0.7250
2026-06-24 16:58:35,879 - INFO - Best instance 0.8500, class 0.8500 (epoch 67)
Best instance 0.8500, class 0.8500 (epoch 67)
2026-06-24 16:58:35,904 - INFO - Epoch 101/200:
Epoch 101/200:
2026-06-24 16:58:38,545 - INFO - Train loss: 0.0157 (2.6s)
Train loss: 0.0157 (2.6s)
2026-06-24 16:58:38,800 - INFO - Test instance 0.8000, class 0.8000
Test instance 0.8000, class 0.8000
2026-06-24 16:58:38,800 - INFO - Best instance 0.8500, class 0.8500 (epoch 67)
Best instance 0.8500, class 0.8500 (epoch 67)
2026-06-24 16:58:38,826 - INFO - Epoch 102/200:
Epoch 102/200:
2026-06-24 16:58:41,469 - INFO - Train loss: 0.0137 (2.6s)
Train loss: 0.0137 (2.6s)
2026-06-24 16:58:41,732 - INFO - Test instance 0.7750, class 0.7750
Test instance 0.7750, class 0.7750
2026-06-24 16:58:41,732 - INFO - Best instance 0.8500, class 0.8500 (epoch 67)
Best instance 0.8500, class 0.8500 (epoch 67)
2026-06-24 16:58:41,757 - INFO - Epoch 103/200:
Epoch 103/200:
2026-06-24 16:58:44,381 - INFO - Train loss: 0.0151 (2.6s)
Train loss: 0.0151 (2.6s)
2026-06-24 16:58:44,645 - INFO - Test instance 0.8000, class 0.8000
Test instance 0.8000, class 0.8000
2026-06-24 16:58:44,645 - INFO - Best instance 0.8500, class 0.8500 (epoch 67)
Best instance 0.8500, class 0.8500 (epoch 67)
2026-06-24 16:58:44,671 - INFO - Epoch 104/200:
Epoch 104/200:
2026-06-24 16:58:47,308 - INFO - Train loss: 0.0120 (2.6s)
Train loss: 0.0120 (2.6s)
2026-06-24 16:58:47,563 - INFO - Test instance 0.7375, class 0.7375
Test instance 0.7375, class 0.7375
2026-06-24 16:58:47,563 - INFO - Best instance 0.8500, class 0.8500 (epoch 67)
Best instance 0.8500, class 0.8500 (epoch 67)
2026-06-24 16:58:47,589 - INFO - Epoch 105/200:
Epoch 105/200:
2026-06-24 16:58:50,222 - INFO - Train loss: 0.0146 (2.6s)
Train loss: 0.0146 (2.6s)
2026-06-24 16:58:50,478 - INFO - Test instance 0.7500, class 0.7500
Test instance 0.7500, class 0.7500
2026-06-24 16:58:50,478 - INFO - Best instance 0.8500, class 0.8500 (epoch 67)
Best instance 0.8500, class 0.8500 (epoch 67)
2026-06-24 16:58:50,503 - INFO - Epoch 106/200:
Epoch 106/200:
2026-06-24 16:58:53,145 - INFO - Train loss: 0.0125 (2.6s)
Train loss: 0.0125 (2.6s)
2026-06-24 16:58:53,404 - INFO - Test instance 0.8375, class 0.8375
Test instance 0.8375, class 0.8375
2026-06-24 16:58:53,405 - INFO - Best instance 0.8500, class 0.8500 (epoch 67)
Best instance 0.8500, class 0.8500 (epoch 67)
2026-06-24 16:58:53,430 - INFO - Epoch 107/200:
Epoch 107/200:
2026-06-24 16:58:56,046 - INFO - Train loss: 0.0129 (2.6s)
Train loss: 0.0129 (2.6s)
2026-06-24 16:58:56,315 - INFO - Test instance 0.7625, class 0.7625
Test instance 0.7625, class 0.7625
2026-06-24 16:58:56,315 - INFO - Best instance 0.8500, class 0.8500 (epoch 67)
Best instance 0.8500, class 0.8500 (epoch 67)
2026-06-24 16:58:56,342 - INFO - Epoch 108/200:
Epoch 108/200:
2026-06-24 16:58:58,987 - INFO - Train loss: 0.0151 (2.6s)
Train loss: 0.0151 (2.6s)
2026-06-24 16:58:59,247 - INFO - Test instance 0.7875, class 0.7875
Test instance 0.7875, class 0.7875
2026-06-24 16:58:59,247 - INFO - Best instance 0.8500, class 0.8500 (epoch 67)
Best instance 0.8500, class 0.8500 (epoch 67)
2026-06-24 16:58:59,281 - INFO - Epoch 109/200:
Epoch 109/200:
2026-06-24 16:59:01,946 - INFO - Train loss: 0.0142 (2.7s)
Train loss: 0.0142 (2.7s)
2026-06-24 16:59:02,216 - INFO - Test instance 0.8000, class 0.8000
Test instance 0.8000, class 0.8000
2026-06-24 16:59:02,216 - INFO - Best instance 0.8500, class 0.8500 (epoch 67)
Best instance 0.8500, class 0.8500 (epoch 67)
2026-06-24 16:59:02,250 - INFO - Epoch 110/200:
Epoch 110/200:
2026-06-24 16:59:04,880 - INFO - Train loss: 0.0125 (2.6s)
Train loss: 0.0125 (2.6s)
2026-06-24 16:59:05,145 - INFO - Test instance 0.7625, class 0.7625
Test instance 0.7625, class 0.7625
2026-06-24 16:59:05,146 - INFO - Best instance 0.8500, class 0.8500 (epoch 67)
Best instance 0.8500, class 0.8500 (epoch 67)
2026-06-24 16:59:05,171 - INFO - Epoch 111/200:
Epoch 111/200:
2026-06-24 16:59:07,759 - INFO - Train loss: 0.0144 (2.6s)
Train loss: 0.0144 (2.6s)
2026-06-24 16:59:08,010 - INFO - Test instance 0.7625, class 0.7625
Test instance 0.7625, class 0.7625
2026-06-24 16:59:08,010 - INFO - Best instance 0.8500, class 0.8500 (epoch 67)
Best instance 0.8500, class 0.8500 (epoch 67)
2026-06-24 16:59:08,035 - INFO - Epoch 112/200:
Epoch 112/200:
2026-06-24 16:59:10,642 - INFO - Train loss: 0.0130 (2.6s)
Train loss: 0.0130 (2.6s)
2026-06-24 16:59:10,899 - INFO - Test instance 0.8250, class 0.8250
Test instance 0.8250, class 0.8250
2026-06-24 16:59:10,899 - INFO - Best instance 0.8500, class 0.8500 (epoch 67)
Best instance 0.8500, class 0.8500 (epoch 67)
2026-06-24 16:59:10,924 - INFO - Epoch 113/200:
Epoch 113/200:
2026-06-24 16:59:13,557 - INFO - Train loss: 0.0140 (2.6s)
Train loss: 0.0140 (2.6s)
2026-06-24 16:59:13,811 - INFO - Test instance 0.7250, class 0.7250
Test instance 0.7250, class 0.7250
2026-06-24 16:59:13,811 - INFO - Best instance 0.8500, class 0.8500 (epoch 67)
Best instance 0.8500, class 0.8500 (epoch 67)
2026-06-24 16:59:13,837 - INFO - Epoch 114/200:
Epoch 114/200:
2026-06-24 16:59:16,453 - INFO - Train loss: 0.0136 (2.6s)
Train loss: 0.0136 (2.6s)
2026-06-24 16:59:16,709 - INFO - Test instance 0.7625, class 0.7625
Test instance 0.7625, class 0.7625
2026-06-24 16:59:16,709 - INFO - Best instance 0.8500, class 0.8500 (epoch 67)
Best instance 0.8500, class 0.8500 (epoch 67)
2026-06-24 16:59:16,735 - INFO - Epoch 115/200:
Epoch 115/200:
2026-06-24 16:59:19,362 - INFO - Train loss: 0.0139 (2.6s)
Train loss: 0.0139 (2.6s)
2026-06-24 16:59:19,625 - INFO - Test instance 0.7625, class 0.7625
Test instance 0.7625, class 0.7625
2026-06-24 16:59:19,625 - INFO - Best instance 0.8500, class 0.8500 (epoch 67)
Best instance 0.8500, class 0.8500 (epoch 67)
2026-06-24 16:59:19,649 - INFO - Epoch 116/200:
Epoch 116/200:
2026-06-24 16:59:22,279 - INFO - Train loss: 0.0166 (2.6s)
Train loss: 0.0166 (2.6s)
2026-06-24 16:59:22,537 - INFO - Test instance 0.7375, class 0.7375
Test instance 0.7375, class 0.7375
2026-06-24 16:59:22,537 - INFO - Best instance 0.8500, class 0.8500 (epoch 67)
Best instance 0.8500, class 0.8500 (epoch 67)
2026-06-24 16:59:22,562 - INFO - Epoch 117/200:
Epoch 117/200:
2026-06-24 16:59:25,159 - INFO - Train loss: 0.0157 (2.6s)
Train loss: 0.0157 (2.6s)
2026-06-24 16:59:25,424 - INFO - Test instance 0.7875, class 0.7875
Test instance 0.7875, class 0.7875
2026-06-24 16:59:25,424 - INFO - Best instance 0.8500, class 0.8500 (epoch 67)
Best instance 0.8500, class 0.8500 (epoch 67)
2026-06-24 16:59:25,449 - INFO - Epoch 118/200:
Epoch 118/200:
2026-06-24 16:59:28,062 - INFO - Train loss: 0.0170 (2.6s)
Train loss: 0.0170 (2.6s)
2026-06-24 16:59:28,312 - INFO - Test instance 0.8000, class 0.8000
Test instance 0.8000, class 0.8000
2026-06-24 16:59:28,312 - INFO - Best instance 0.8500, class 0.8500 (epoch 67)
Best instance 0.8500, class 0.8500 (epoch 67)
2026-06-24 16:59:28,338 - INFO - Epoch 119/200:
Epoch 119/200:
2026-06-24 16:59:30,952 - INFO - Train loss: 0.0143 (2.6s)
Train loss: 0.0143 (2.6s)
2026-06-24 16:59:31,214 - INFO - Test instance 0.7000, class 0.7000
Test instance 0.7000, class 0.7000
2026-06-24 16:59:31,215 - INFO - Best instance 0.8500, class 0.8500 (epoch 67)
Best instance 0.8500, class 0.8500 (epoch 67)
2026-06-24 16:59:31,242 - INFO - Epoch 120/200:
Epoch 120/200:
2026-06-24 16:59:33,875 - INFO - Train loss: 0.0127 (2.6s)
Train loss: 0.0127 (2.6s)
2026-06-24 16:59:34,129 - INFO - Test instance 0.7500, class 0.7500
Test instance 0.7500, class 0.7500
2026-06-24 16:59:34,129 - INFO - Best instance 0.8500, class 0.8500 (epoch 67)
Best instance 0.8500, class 0.8500 (epoch 67)
2026-06-24 16:59:34,163 - INFO - Epoch 121/200:
Epoch 121/200:
2026-06-24 16:59:36,787 - INFO - Train loss: 0.0162 (2.6s)
Train loss: 0.0162 (2.6s)
2026-06-24 16:59:37,032 - INFO - Test instance 0.7500, class 0.7500
Test instance 0.7500, class 0.7500
2026-06-24 16:59:37,033 - INFO - Best instance 0.8500, class 0.8500 (epoch 67)
Best instance 0.8500, class 0.8500 (epoch 67)
2026-06-24 16:59:37,058 - INFO - Epoch 122/200:
Epoch 122/200:
2026-06-24 16:59:39,692 - INFO - Train loss: 0.0158 (2.6s)
Train loss: 0.0158 (2.6s)
2026-06-24 16:59:39,953 - INFO - Test instance 0.7500, class 0.7500
Test instance 0.7500, class 0.7500
2026-06-24 16:59:39,954 - INFO - Best instance 0.8500, class 0.8500 (epoch 67)
Best instance 0.8500, class 0.8500 (epoch 67)
2026-06-24 16:59:39,979 - INFO - Epoch 123/200:
Epoch 123/200:
2026-06-24 16:59:42,585 - INFO - Train loss: 0.0130 (2.6s)
Train loss: 0.0130 (2.6s)
2026-06-24 16:59:42,839 - INFO - Test instance 0.8000, class 0.8000
Test instance 0.8000, class 0.8000
2026-06-24 16:59:42,839 - INFO - Best instance 0.8500, class 0.8500 (epoch 67)
Best instance 0.8500, class 0.8500 (epoch 67)
2026-06-24 16:59:42,864 - INFO - Epoch 124/200:
Epoch 124/200:
2026-06-24 16:59:45,489 - INFO - Train loss: 0.0141 (2.6s)
Train loss: 0.0141 (2.6s)
2026-06-24 16:59:45,741 - INFO - Test instance 0.7750, class 0.7750
Test instance 0.7750, class 0.7750
2026-06-24 16:59:45,741 - INFO - Best instance 0.8500, class 0.8500 (epoch 67)
Best instance 0.8500, class 0.8500 (epoch 67)
2026-06-24 16:59:45,766 - INFO - Epoch 125/200:
Epoch 125/200:
2026-06-24 16:59:48,384 - INFO - Train loss: 0.0148 (2.6s)
Train loss: 0.0148 (2.6s)
2026-06-24 16:59:48,639 - INFO - Test instance 0.7875, class 0.7875
Test instance 0.7875, class 0.7875
2026-06-24 16:59:48,639 - INFO - Best instance 0.8500, class 0.8500 (epoch 67)
Best instance 0.8500, class 0.8500 (epoch 67)
2026-06-24 16:59:48,664 - INFO - Epoch 126/200:
Epoch 126/200:
2026-06-24 16:59:51,289 - INFO - Train loss: 0.0149 (2.6s)
Train loss: 0.0149 (2.6s)
2026-06-24 16:59:51,539 - INFO - Test instance 0.7750, class 0.7750
Test instance 0.7750, class 0.7750
2026-06-24 16:59:51,539 - INFO - Best instance 0.8500, class 0.8500 (epoch 67)
Best instance 0.8500, class 0.8500 (epoch 67)
2026-06-24 16:59:51,563 - INFO - Epoch 127/200:
Epoch 127/200:
2026-06-24 16:59:54,191 - INFO - Train loss: 0.0138 (2.6s)
Train loss: 0.0138 (2.6s)
2026-06-24 16:59:54,443 - INFO - Test instance 0.7500, class 0.7500
Test instance 0.7500, class 0.7500
2026-06-24 16:59:54,443 - INFO - Best instance 0.8500, class 0.8500 (epoch 67)
Best instance 0.8500, class 0.8500 (epoch 67)
2026-06-24 16:59:54,468 - INFO - Epoch 128/200:
Epoch 128/200:
2026-06-24 16:59:57,101 - INFO - Train loss: 0.0141 (2.6s)
Train loss: 0.0141 (2.6s)
2026-06-24 16:59:57,360 - INFO - Test instance 0.7375, class 0.7375
Test instance 0.7375, class 0.7375
2026-06-24 16:59:57,360 - INFO - Best instance 0.8500, class 0.8500 (epoch 67)
Best instance 0.8500, class 0.8500 (epoch 67)
2026-06-24 16:59:57,385 - INFO - Epoch 129/200:
Epoch 129/200:
2026-06-24 17:00:00,000 - INFO - Train loss: 0.0133 (2.6s)
Train loss: 0.0133 (2.6s)
2026-06-24 17:00:00,259 - INFO - Test instance 0.7000, class 0.7000
Test instance 0.7000, class 0.7000
2026-06-24 17:00:00,259 - INFO - Best instance 0.8500, class 0.8500 (epoch 67)
Best instance 0.8500, class 0.8500 (epoch 67)
2026-06-24 17:00:00,284 - INFO - Epoch 130/200:
Epoch 130/200:
2026-06-24 17:00:02,949 - INFO - Train loss: 0.0144 (2.7s)
Train loss: 0.0144 (2.7s)
2026-06-24 17:00:03,216 - INFO - Test instance 0.8250, class 0.8250
Test instance 0.8250, class 0.8250
2026-06-24 17:00:03,217 - INFO - Best instance 0.8500, class 0.8500 (epoch 67)
Best instance 0.8500, class 0.8500 (epoch 67)
2026-06-24 17:00:03,242 - INFO - Epoch 131/200:
Epoch 131/200:
2026-06-24 17:00:05,835 - INFO - Train loss: 0.0145 (2.6s)
Train loss: 0.0145 (2.6s)
2026-06-24 17:00:06,093 - INFO - Test instance 0.7500, class 0.7500
Test instance 0.7500, class 0.7500
2026-06-24 17:00:06,094 - INFO - Best instance 0.8500, class 0.8500 (epoch 67)
Best instance 0.8500, class 0.8500 (epoch 67)
2026-06-24 17:00:06,119 - INFO - Epoch 132/200:
Epoch 132/200:
2026-06-24 17:00:08,755 - INFO - Train loss: 0.0134 (2.6s)
Train loss: 0.0134 (2.6s)
2026-06-24 17:00:09,004 - INFO - Test instance 0.7875, class 0.7875
Test instance 0.7875, class 0.7875
2026-06-24 17:00:09,004 - INFO - Best instance 0.8500, class 0.8500 (epoch 67)
Best instance 0.8500, class 0.8500 (epoch 67)
2026-06-24 17:00:09,030 - INFO - Epoch 133/200:
Epoch 133/200:
2026-06-24 17:00:11,680 - INFO - Train loss: 0.0153 (2.7s)
Train loss: 0.0153 (2.7s)
2026-06-24 17:00:11,931 - INFO - Test instance 0.7625, class 0.7625
Test instance 0.7625, class 0.7625
2026-06-24 17:00:11,932 - INFO - Best instance 0.8500, class 0.8500 (epoch 67)
Best instance 0.8500, class 0.8500 (epoch 67)
2026-06-24 17:00:11,957 - INFO - Epoch 134/200:
Epoch 134/200:
2026-06-24 17:00:14,547 - INFO - Train loss: 0.0157 (2.6s)
Train loss: 0.0157 (2.6s)
2026-06-24 17:00:14,802 - INFO - Test instance 0.7500, class 0.7500
Test instance 0.7500, class 0.7500
2026-06-24 17:00:14,802 - INFO - Best instance 0.8500, class 0.8500 (epoch 67)
Best instance 0.8500, class 0.8500 (epoch 67)
2026-06-24 17:00:14,827 - INFO - Epoch 135/200:
Epoch 135/200:
2026-06-24 17:00:17,446 - INFO - Train loss: 0.0130 (2.6s)
Train loss: 0.0130 (2.6s)
2026-06-24 17:00:17,701 - INFO - Test instance 0.7750, class 0.7750
Test instance 0.7750, class 0.7750
2026-06-24 17:00:17,701 - INFO - Best instance 0.8500, class 0.8500 (epoch 67)
Best instance 0.8500, class 0.8500 (epoch 67)
2026-06-24 17:00:17,726 - INFO - Epoch 136/200:
Epoch 136/200:
2026-06-24 17:00:20,349 - INFO - Train loss: 0.0144 (2.6s)
Train loss: 0.0144 (2.6s)
2026-06-24 17:00:20,609 - INFO - Test instance 0.7125, class 0.7125
Test instance 0.7125, class 0.7125
2026-06-24 17:00:20,609 - INFO - Best instance 0.8500, class 0.8500 (epoch 67)
Best instance 0.8500, class 0.8500 (epoch 67)
2026-06-24 17:00:20,634 - INFO - Epoch 137/200:
Epoch 137/200:
2026-06-24 17:00:23,261 - INFO - Train loss: 0.0138 (2.6s)
Train loss: 0.0138 (2.6s)
2026-06-24 17:00:23,513 - INFO - Test instance 0.7500, class 0.7500
Test instance 0.7500, class 0.7500
2026-06-24 17:00:23,513 - INFO - Best instance 0.8500, class 0.8500 (epoch 67)
Best instance 0.8500, class 0.8500 (epoch 67)
2026-06-24 17:00:23,538 - INFO - Epoch 138/200:
Epoch 138/200:
2026-06-24 17:00:26,166 - INFO - Train loss: 0.0126 (2.6s)
Train loss: 0.0126 (2.6s)
2026-06-24 17:00:26,425 - INFO - Test instance 0.7750, class 0.7750
Test instance 0.7750, class 0.7750
2026-06-24 17:00:26,425 - INFO - Best instance 0.8500, class 0.8500 (epoch 67)
Best instance 0.8500, class 0.8500 (epoch 67)
2026-06-24 17:00:26,451 - INFO - Epoch 139/200:
Epoch 139/200:
2026-06-24 17:00:29,073 - INFO - Train loss: 0.0164 (2.6s)
Train loss: 0.0164 (2.6s)
2026-06-24 17:00:29,325 - INFO - Test instance 0.7750, class 0.7750
Test instance 0.7750, class 0.7750
2026-06-24 17:00:29,325 - INFO - Best instance 0.8500, class 0.8500 (epoch 67)
Best instance 0.8500, class 0.8500 (epoch 67)
2026-06-24 17:00:29,350 - INFO - Epoch 140/200:
Epoch 140/200:
2026-06-24 17:00:31,968 - INFO - Train loss: 0.0155 (2.6s)
Train loss: 0.0155 (2.6s)
2026-06-24 17:00:32,230 - INFO - Test instance 0.7500, class 0.7500
Test instance 0.7500, class 0.7500
2026-06-24 17:00:32,230 - INFO - Best instance 0.8500, class 0.8500 (epoch 67)
Best instance 0.8500, class 0.8500 (epoch 67)
2026-06-24 17:00:32,255 - INFO - Epoch 141/200:
Epoch 141/200:
2026-06-24 17:00:34,882 - INFO - Train loss: 0.0123 (2.6s)
Train loss: 0.0123 (2.6s)
2026-06-24 17:00:35,136 - INFO - Test instance 0.7500, class 0.7500
Test instance 0.7500, class 0.7500
2026-06-24 17:00:35,137 - INFO - Best instance 0.8500, class 0.8500 (epoch 67)
Best instance 0.8500, class 0.8500 (epoch 67)
2026-06-24 17:00:35,163 - INFO - Epoch 142/200:
Epoch 142/200:
2026-06-24 17:00:37,811 - INFO - Train loss: 0.0144 (2.6s)
Train loss: 0.0144 (2.6s)
2026-06-24 17:00:38,064 - INFO - Test instance 0.7375, class 0.7375
Test instance 0.7375, class 0.7375
2026-06-24 17:00:38,064 - INFO - Best instance 0.8500, class 0.8500 (epoch 67)
Best instance 0.8500, class 0.8500 (epoch 67)
2026-06-24 17:00:38,092 - INFO - Epoch 143/200:
Epoch 143/200:
2026-06-24 17:00:40,695 - INFO - Train loss: 0.0147 (2.6s)
Train loss: 0.0147 (2.6s)
2026-06-24 17:00:40,944 - INFO - Test instance 0.7750, class 0.7750
Test instance 0.7750, class 0.7750
2026-06-24 17:00:40,945 - INFO - Best instance 0.8500, class 0.8500 (epoch 67)
Best instance 0.8500, class 0.8500 (epoch 67)
2026-06-24 17:00:40,970 - INFO - Epoch 144/200:
Epoch 144/200:
2026-06-24 17:00:43,615 - INFO - Train loss: 0.0124 (2.6s)
Train loss: 0.0124 (2.6s)
2026-06-24 17:00:43,865 - INFO - Test instance 0.7875, class 0.7875
Test instance 0.7875, class 0.7875
2026-06-24 17:00:43,865 - INFO - Best instance 0.8500, class 0.8500 (epoch 67)
Best instance 0.8500, class 0.8500 (epoch 67)
2026-06-24 17:00:43,892 - INFO - Epoch 145/200:
Epoch 145/200:
2026-06-24 17:00:46,515 - INFO - Train loss: 0.0137 (2.6s)
Train loss: 0.0137 (2.6s)
2026-06-24 17:00:46,770 - INFO - Test instance 0.7750, class 0.7750
Test instance 0.7750, class 0.7750
2026-06-24 17:00:46,771 - INFO - Best instance 0.8500, class 0.8500 (epoch 67)
Best instance 0.8500, class 0.8500 (epoch 67)
2026-06-24 17:00:46,795 - INFO - Epoch 146/200:
Epoch 146/200:
2026-06-24 17:00:49,421 - INFO - Train loss: 0.0155 (2.6s)
Train loss: 0.0155 (2.6s)
2026-06-24 17:00:49,670 - INFO - Test instance 0.7625, class 0.7625
Test instance 0.7625, class 0.7625
2026-06-24 17:00:49,670 - INFO - Best instance 0.8500, class 0.8500 (epoch 67)
Best instance 0.8500, class 0.8500 (epoch 67)
2026-06-24 17:00:49,696 - INFO - Epoch 147/200:
Epoch 147/200:
2026-06-24 17:00:52,315 - INFO - Train loss: 0.0155 (2.6s)
Train loss: 0.0155 (2.6s)
2026-06-24 17:00:52,566 - INFO - Test instance 0.7500, class 0.7500
Test instance 0.7500, class 0.7500
2026-06-24 17:00:52,566 - INFO - Best instance 0.8500, class 0.8500 (epoch 67)
Best instance 0.8500, class 0.8500 (epoch 67)
2026-06-24 17:00:52,591 - INFO - Epoch 148/200:
Epoch 148/200:
2026-06-24 17:00:55,231 - INFO - Train loss: 0.0139 (2.6s)
Train loss: 0.0139 (2.6s)
2026-06-24 17:00:55,478 - INFO - Test instance 0.7750, class 0.7750
Test instance 0.7750, class 0.7750
2026-06-24 17:00:55,479 - INFO - Best instance 0.8500, class 0.8500 (epoch 67)
Best instance 0.8500, class 0.8500 (epoch 67)
2026-06-24 17:00:55,504 - INFO - Epoch 149/200:
Epoch 149/200:
2026-06-24 17:00:58,128 - INFO - Train loss: 0.0131 (2.6s)
Train loss: 0.0131 (2.6s)
2026-06-24 17:00:58,378 - INFO - Test instance 0.7500, class 0.7500
Test instance 0.7500, class 0.7500
2026-06-24 17:00:58,378 - INFO - Best instance 0.8500, class 0.8500 (epoch 67)
Best instance 0.8500, class 0.8500 (epoch 67)
2026-06-24 17:00:58,403 - INFO - Epoch 150/200:
Epoch 150/200:
2026-06-24 17:01:01,037 - INFO - Train loss: 0.0145 (2.6s)
Train loss: 0.0145 (2.6s)
2026-06-24 17:01:01,296 - INFO - Test instance 0.7000, class 0.7000
Test instance 0.7000, class 0.7000
2026-06-24 17:01:01,297 - INFO - Best instance 0.8500, class 0.8500 (epoch 67)
Best instance 0.8500, class 0.8500 (epoch 67)
2026-06-24 17:01:01,324 - INFO - Epoch 151/200:
Epoch 151/200:
2026-06-24 17:01:04,023 - INFO - Train loss: 0.0167 (2.7s)
Train loss: 0.0167 (2.7s)
2026-06-24 17:01:04,284 - INFO - Test instance 0.7875, class 0.7875
Test instance 0.7875, class 0.7875
2026-06-24 17:01:04,284 - INFO - Best instance 0.8500, class 0.8500 (epoch 67)
Best instance 0.8500, class 0.8500 (epoch 67)
2026-06-24 17:01:04,309 - INFO - Epoch 152/200:
Epoch 152/200:
2026-06-24 17:01:06,941 - INFO - Train loss: 0.0161 (2.6s)
Train loss: 0.0161 (2.6s)
2026-06-24 17:01:07,186 - INFO - Test instance 0.7625, class 0.7625
Test instance 0.7625, class 0.7625
2026-06-24 17:01:07,187 - INFO - Best instance 0.8500, class 0.8500 (epoch 67)
Best instance 0.8500, class 0.8500 (epoch 67)
2026-06-24 17:01:07,211 - INFO - Epoch 153/200:
Epoch 153/200:
2026-06-24 17:01:09,845 - INFO - Train loss: 0.0136 (2.6s)
Train loss: 0.0136 (2.6s)
2026-06-24 17:01:10,095 - INFO - Test instance 0.7375, class 0.7375
Test instance 0.7375, class 0.7375
2026-06-24 17:01:10,095 - INFO - Best instance 0.8500, class 0.8500 (epoch 67)
Best instance 0.8500, class 0.8500 (epoch 67)
2026-06-24 17:01:10,120 - INFO - Epoch 154/200:
Epoch 154/200:
2026-06-24 17:01:12,736 - INFO - Train loss: 0.0132 (2.6s)
Train loss: 0.0132 (2.6s)
2026-06-24 17:01:12,988 - INFO - Test instance 0.7625, class 0.7625
Test instance 0.7625, class 0.7625
2026-06-24 17:01:12,989 - INFO - Best instance 0.8500, class 0.8500 (epoch 67)
Best instance 0.8500, class 0.8500 (epoch 67)
2026-06-24 17:01:13,014 - INFO - Epoch 155/200:
Epoch 155/200:
2026-06-24 17:01:15,661 - INFO - Train loss: 0.0127 (2.6s)
Train loss: 0.0127 (2.6s)
2026-06-24 17:01:15,908 - INFO - Test instance 0.7375, class 0.7375
Test instance 0.7375, class 0.7375
2026-06-24 17:01:15,909 - INFO - Best instance 0.8500, class 0.8500 (epoch 67)
Best instance 0.8500, class 0.8500 (epoch 67)
2026-06-24 17:01:15,933 - INFO - Epoch 156/200:
Epoch 156/200:
2026-06-24 17:01:18,582 - INFO - Train loss: 0.0158 (2.6s)
Train loss: 0.0158 (2.6s)
2026-06-24 17:01:18,835 - INFO - Test instance 0.7500, class 0.7500
Test instance 0.7500, class 0.7500
2026-06-24 17:01:18,835 - INFO - Best instance 0.8500, class 0.8500 (epoch 67)
Best instance 0.8500, class 0.8500 (epoch 67)
2026-06-24 17:01:18,859 - INFO - Epoch 157/200:
Epoch 157/200:
2026-06-24 17:01:21,470 - INFO - Train loss: 0.0136 (2.6s)
Train loss: 0.0136 (2.6s)
2026-06-24 17:01:21,720 - INFO - Test instance 0.7625, class 0.7625
Test instance 0.7625, class 0.7625
2026-06-24 17:01:21,721 - INFO - Best instance 0.8500, class 0.8500 (epoch 67)
Best instance 0.8500, class 0.8500 (epoch 67)
2026-06-24 17:01:21,747 - INFO - Epoch 158/200:
Epoch 158/200:
2026-06-24 17:01:24,400 - INFO - Train loss: 0.0140 (2.7s)
Train loss: 0.0140 (2.7s)
2026-06-24 17:01:24,648 - INFO - Test instance 0.8000, class 0.8000
Test instance 0.8000, class 0.8000
2026-06-24 17:01:24,649 - INFO - Best instance 0.8500, class 0.8500 (epoch 67)
Best instance 0.8500, class 0.8500 (epoch 67)
2026-06-24 17:01:24,673 - INFO - Epoch 159/200:
Epoch 159/200:
2026-06-24 17:01:27,306 - INFO - Train loss: 0.0141 (2.6s)
Train loss: 0.0141 (2.6s)
2026-06-24 17:01:27,553 - INFO - Test instance 0.7750, class 0.7750
Test instance 0.7750, class 0.7750
2026-06-24 17:01:27,553 - INFO - Best instance 0.8500, class 0.8500 (epoch 67)
Best instance 0.8500, class 0.8500 (epoch 67)
2026-06-24 17:01:27,578 - INFO - Epoch 160/200:
Epoch 160/200:
2026-06-24 17:01:30,244 - INFO - Train loss: 0.0116 (2.7s)
Train loss: 0.0116 (2.7s)
2026-06-24 17:01:30,497 - INFO - Test instance 0.8000, class 0.8000
Test instance 0.8000, class 0.8000
2026-06-24 17:01:30,498 - INFO - Best instance 0.8500, class 0.8500 (epoch 67)
Best instance 0.8500, class 0.8500 (epoch 67)
2026-06-24 17:01:30,522 - INFO - Epoch 161/200:
Epoch 161/200:
2026-06-24 17:01:33,158 - INFO - Train loss: 0.0133 (2.6s)
Train loss: 0.0133 (2.6s)
2026-06-24 17:01:33,414 - INFO - Test instance 0.7625, class 0.7625
Test instance 0.7625, class 0.7625
2026-06-24 17:01:33,414 - INFO - Best instance 0.8500, class 0.8500 (epoch 67)
Best instance 0.8500, class 0.8500 (epoch 67)
2026-06-24 17:01:33,439 - INFO - Epoch 162/200:
Epoch 162/200:
2026-06-24 17:01:36,099 - INFO - Train loss: 0.0141 (2.7s)
Train loss: 0.0141 (2.7s)
2026-06-24 17:01:36,356 - INFO - Test instance 0.7750, class 0.7750
Test instance 0.7750, class 0.7750
2026-06-24 17:01:36,356 - INFO - Best instance 0.8500, class 0.8500 (epoch 67)
Best instance 0.8500, class 0.8500 (epoch 67)
2026-06-24 17:01:36,381 - INFO - Epoch 163/200:
Epoch 163/200:
2026-06-24 17:01:39,025 - INFO - Train loss: 0.0120 (2.6s)
Train loss: 0.0120 (2.6s)
2026-06-24 17:01:39,271 - INFO - Test instance 0.7875, class 0.7875
Test instance 0.7875, class 0.7875
2026-06-24 17:01:39,272 - INFO - Best instance 0.8500, class 0.8500 (epoch 67)
Best instance 0.8500, class 0.8500 (epoch 67)
2026-06-24 17:01:39,296 - INFO - Epoch 164/200:
Epoch 164/200:
2026-06-24 17:01:41,942 - INFO - Train loss: 0.0138 (2.6s)
Train loss: 0.0138 (2.6s)
2026-06-24 17:01:42,191 - INFO - Test instance 0.7875, class 0.7875
Test instance 0.7875, class 0.7875
2026-06-24 17:01:42,192 - INFO - Best instance 0.8500, class 0.8500 (epoch 67)
Best instance 0.8500, class 0.8500 (epoch 67)
2026-06-24 17:01:42,216 - INFO - Epoch 165/200:
Epoch 165/200:
2026-06-24 17:01:44,844 - INFO - Train loss: 0.0138 (2.6s)
Train loss: 0.0138 (2.6s)
2026-06-24 17:01:45,097 - INFO - Test instance 0.7625, class 0.7625
Test instance 0.7625, class 0.7625
2026-06-24 17:01:45,097 - INFO - Best instance 0.8500, class 0.8500 (epoch 67)
Best instance 0.8500, class 0.8500 (epoch 67)
2026-06-24 17:01:45,122 - INFO - Epoch 166/200:
Epoch 166/200:
2026-06-24 17:01:47,769 - INFO - Train loss: 0.0146 (2.6s)
Train loss: 0.0146 (2.6s)
2026-06-24 17:01:48,019 - INFO - Test instance 0.7750, class 0.7750
Test instance 0.7750, class 0.7750
2026-06-24 17:01:48,019 - INFO - Best instance 0.8500, class 0.8500 (epoch 67)
Best instance 0.8500, class 0.8500 (epoch 67)
2026-06-24 17:01:48,045 - INFO - Epoch 167/200:
Epoch 167/200:
2026-06-24 17:01:50,684 - INFO - Train loss: 0.0160 (2.6s)
Train loss: 0.0160 (2.6s)
2026-06-24 17:01:50,942 - INFO - Test instance 0.7750, class 0.7750
Test instance 0.7750, class 0.7750
2026-06-24 17:01:50,942 - INFO - Best instance 0.8500, class 0.8500 (epoch 67)
Best instance 0.8500, class 0.8500 (epoch 67)
2026-06-24 17:01:50,967 - INFO - Epoch 168/200:
Epoch 168/200:
2026-06-24 17:01:53,588 - INFO - Train loss: 0.0128 (2.6s)
Train loss: 0.0128 (2.6s)
2026-06-24 17:01:53,834 - INFO - Test instance 0.7875, class 0.7875
Test instance 0.7875, class 0.7875
2026-06-24 17:01:53,834 - INFO - Best instance 0.8500, class 0.8500 (epoch 67)
Best instance 0.8500, class 0.8500 (epoch 67)
2026-06-24 17:01:53,859 - INFO - Epoch 169/200:
Epoch 169/200:
2026-06-24 17:01:56,493 - INFO - Train loss: 0.0126 (2.6s)
Train loss: 0.0126 (2.6s)
2026-06-24 17:01:56,739 - INFO - Test instance 0.7750, class 0.7750
Test instance 0.7750, class 0.7750
2026-06-24 17:01:56,739 - INFO - Best instance 0.8500, class 0.8500 (epoch 67)
Best instance 0.8500, class 0.8500 (epoch 67)
2026-06-24 17:01:56,763 - INFO - Epoch 170/200:
Epoch 170/200:
2026-06-24 17:01:59,413 - INFO - Train loss: 0.0123 (2.6s)
Train loss: 0.0123 (2.6s)
2026-06-24 17:01:59,665 - INFO - Test instance 0.8000, class 0.8000
Test instance 0.8000, class 0.8000
2026-06-24 17:01:59,666 - INFO - Best instance 0.8500, class 0.8500 (epoch 67)
Best instance 0.8500, class 0.8500 (epoch 67)
2026-06-24 17:01:59,690 - INFO - Epoch 171/200:
Epoch 171/200:
2026-06-24 17:02:02,362 - INFO - Train loss: 0.0133 (2.7s)
Train loss: 0.0133 (2.7s)
2026-06-24 17:02:02,616 - INFO - Test instance 0.7750, class 0.7750
Test instance 0.7750, class 0.7750
2026-06-24 17:02:02,616 - INFO - Best instance 0.8500, class 0.8500 (epoch 67)
Best instance 0.8500, class 0.8500 (epoch 67)
2026-06-24 17:02:02,643 - INFO - Epoch 172/200:
Epoch 172/200:
2026-06-24 17:02:05,294 - INFO - Train loss: 0.0133 (2.7s)
Train loss: 0.0133 (2.7s)
2026-06-24 17:02:05,538 - INFO - Test instance 0.7625, class 0.7625
Test instance 0.7625, class 0.7625
2026-06-24 17:02:05,539 - INFO - Best instance 0.8500, class 0.8500 (epoch 67)
Best instance 0.8500, class 0.8500 (epoch 67)
2026-06-24 17:02:05,564 - INFO - Epoch 173/200:
Epoch 173/200:
2026-06-24 17:02:08,208 - INFO - Train loss: 0.0152 (2.6s)
Train loss: 0.0152 (2.6s)
2026-06-24 17:02:08,454 - INFO - Test instance 0.7500, class 0.7500
Test instance 0.7500, class 0.7500
2026-06-24 17:02:08,454 - INFO - Best instance 0.8500, class 0.8500 (epoch 67)
Best instance 0.8500, class 0.8500 (epoch 67)
2026-06-24 17:02:08,479 - INFO - Epoch 174/200:
Epoch 174/200:
2026-06-24 17:02:11,130 - INFO - Train loss: 0.0130 (2.7s)
Train loss: 0.0130 (2.7s)
2026-06-24 17:02:11,381 - INFO - Test instance 0.7375, class 0.7375
Test instance 0.7375, class 0.7375
2026-06-24 17:02:11,381 - INFO - Best instance 0.8500, class 0.8500 (epoch 67)
Best instance 0.8500, class 0.8500 (epoch 67)
2026-06-24 17:02:11,406 - INFO - Epoch 175/200:
Epoch 175/200:
2026-06-24 17:02:14,011 - INFO - Train loss: 0.0131 (2.6s)
Train loss: 0.0131 (2.6s)
2026-06-24 17:02:14,253 - INFO - Test instance 0.7750, class 0.7750
Test instance 0.7750, class 0.7750
2026-06-24 17:02:14,253 - INFO - Best instance 0.8500, class 0.8500 (epoch 67)
Best instance 0.8500, class 0.8500 (epoch 67)
2026-06-24 17:02:14,278 - INFO - Epoch 176/200:
Epoch 176/200:
2026-06-24 17:02:16,909 - INFO - Train loss: 0.0127 (2.6s)
Train loss: 0.0127 (2.6s)
2026-06-24 17:02:17,163 - INFO - Test instance 0.7750, class 0.7750
Test instance 0.7750, class 0.7750
2026-06-24 17:02:17,163 - INFO - Best instance 0.8500, class 0.8500 (epoch 67)
Best instance 0.8500, class 0.8500 (epoch 67)
2026-06-24 17:02:17,189 - INFO - Epoch 177/200:
Epoch 177/200:
2026-06-24 17:02:19,794 - INFO - Train loss: 0.0170 (2.6s)
Train loss: 0.0170 (2.6s)
2026-06-24 17:02:20,047 - INFO - Test instance 0.7750, class 0.7750
Test instance 0.7750, class 0.7750
2026-06-24 17:02:20,047 - INFO - Best instance 0.8500, class 0.8500 (epoch 67)
Best instance 0.8500, class 0.8500 (epoch 67)
2026-06-24 17:02:20,072 - INFO - Epoch 178/200:
Epoch 178/200:
2026-06-24 17:02:22,724 - INFO - Train loss: 0.0144 (2.7s)
Train loss: 0.0144 (2.7s)
2026-06-24 17:02:22,981 - INFO - Test instance 0.7625, class 0.7625
Test instance 0.7625, class 0.7625
2026-06-24 17:02:22,981 - INFO - Best instance 0.8500, class 0.8500 (epoch 67)
Best instance 0.8500, class 0.8500 (epoch 67)
2026-06-24 17:02:23,007 - INFO - Epoch 179/200:
Epoch 179/200:
2026-06-24 17:02:25,596 - INFO - Train loss: 0.0141 (2.6s)
Train loss: 0.0141 (2.6s)
2026-06-24 17:02:25,844 - INFO - Test instance 0.7625, class 0.7625
Test instance 0.7625, class 0.7625
2026-06-24 17:02:25,845 - INFO - Best instance 0.8500, class 0.8500 (epoch 67)
Best instance 0.8500, class 0.8500 (epoch 67)
2026-06-24 17:02:25,870 - INFO - Epoch 180/200:
Epoch 180/200:
2026-06-24 17:02:28,498 - INFO - Train loss: 0.0116 (2.6s)
Train loss: 0.0116 (2.6s)
2026-06-24 17:02:28,752 - INFO - Test instance 0.7625, class 0.7625
Test instance 0.7625, class 0.7625
2026-06-24 17:02:28,753 - INFO - Best instance 0.8500, class 0.8500 (epoch 67)
Best instance 0.8500, class 0.8500 (epoch 67)
2026-06-24 17:02:28,778 - INFO - Epoch 181/200:
Epoch 181/200:
2026-06-24 17:02:31,427 - INFO - Train loss: 0.0133 (2.6s)
Train loss: 0.0133 (2.6s)
2026-06-24 17:02:31,676 - INFO - Test instance 0.8000, class 0.8000
Test instance 0.8000, class 0.8000
2026-06-24 17:02:31,677 - INFO - Best instance 0.8500, class 0.8500 (epoch 67)
Best instance 0.8500, class 0.8500 (epoch 67)
2026-06-24 17:02:31,703 - INFO - Epoch 182/200:
Epoch 182/200:
2026-06-24 17:02:34,358 - INFO - Train loss: 0.0147 (2.7s)
Train loss: 0.0147 (2.7s)
2026-06-24 17:02:34,608 - INFO - Test instance 0.7750, class 0.7750
Test instance 0.7750, class 0.7750
2026-06-24 17:02:34,609 - INFO - Best instance 0.8500, class 0.8500 (epoch 67)
Best instance 0.8500, class 0.8500 (epoch 67)
2026-06-24 17:02:34,634 - INFO - Epoch 183/200:
Epoch 183/200:
2026-06-24 17:02:37,318 - INFO - Train loss: 0.0142 (2.7s)
Train loss: 0.0142 (2.7s)
2026-06-24 17:02:37,569 - INFO - Test instance 0.7375, class 0.7375
Test instance 0.7375, class 0.7375
2026-06-24 17:02:37,569 - INFO - Best instance 0.8500, class 0.8500 (epoch 67)
Best instance 0.8500, class 0.8500 (epoch 67)
2026-06-24 17:02:37,595 - INFO - Epoch 184/200:
Epoch 184/200:
2026-06-24 17:02:40,267 - INFO - Train loss: 0.0123 (2.7s)
Train loss: 0.0123 (2.7s)
2026-06-24 17:02:40,520 - INFO - Test instance 0.7750, class 0.7750
Test instance 0.7750, class 0.7750
2026-06-24 17:02:40,520 - INFO - Best instance 0.8500, class 0.8500 (epoch 67)
Best instance 0.8500, class 0.8500 (epoch 67)
2026-06-24 17:02:40,547 - INFO - Epoch 185/200:
Epoch 185/200:
2026-06-24 17:02:43,203 - INFO - Train loss: 0.0119 (2.7s)
Train loss: 0.0119 (2.7s)
2026-06-24 17:02:43,465 - INFO - Test instance 0.8000, class 0.8000
Test instance 0.8000, class 0.8000
2026-06-24 17:02:43,465 - INFO - Best instance 0.8500, class 0.8500 (epoch 67)
Best instance 0.8500, class 0.8500 (epoch 67)
2026-06-24 17:02:43,490 - INFO - Epoch 186/200:
Epoch 186/200:
2026-06-24 17:02:46,141 - INFO - Train loss: 0.0144 (2.7s)
Train loss: 0.0144 (2.7s)
2026-06-24 17:02:46,392 - INFO - Test instance 0.8250, class 0.8250
Test instance 0.8250, class 0.8250
2026-06-24 17:02:46,392 - INFO - Best instance 0.8500, class 0.8500 (epoch 67)
Best instance 0.8500, class 0.8500 (epoch 67)
2026-06-24 17:02:46,418 - INFO - Epoch 187/200:
Epoch 187/200:
2026-06-24 17:02:49,098 - INFO - Train loss: 0.0161 (2.7s)
Train loss: 0.0161 (2.7s)
2026-06-24 17:02:49,358 - INFO - Test instance 0.7625, class 0.7625
Test instance 0.7625, class 0.7625
2026-06-24 17:02:49,359 - INFO - Best instance 0.8500, class 0.8500 (epoch 67)
Best instance 0.8500, class 0.8500 (epoch 67)
2026-06-24 17:02:49,383 - INFO - Epoch 188/200:
Epoch 188/200:
2026-06-24 17:02:52,064 - INFO - Train loss: 0.0135 (2.7s)
Train loss: 0.0135 (2.7s)
2026-06-24 17:02:52,326 - INFO - Test instance 0.7625, class 0.7625
Test instance 0.7625, class 0.7625
2026-06-24 17:02:52,326 - INFO - Best instance 0.8500, class 0.8500 (epoch 67)
Best instance 0.8500, class 0.8500 (epoch 67)
2026-06-24 17:02:52,350 - INFO - Epoch 189/200:
Epoch 189/200:
2026-06-24 17:02:55,032 - INFO - Train loss: 0.0121 (2.7s)
Train loss: 0.0121 (2.7s)
2026-06-24 17:02:55,291 - INFO - Test instance 0.7625, class 0.7625
Test instance 0.7625, class 0.7625
2026-06-24 17:02:55,291 - INFO - Best instance 0.8500, class 0.8500 (epoch 67)
Best instance 0.8500, class 0.8500 (epoch 67)
2026-06-24 17:02:55,316 - INFO - Epoch 190/200:
Epoch 190/200:
2026-06-24 17:02:57,965 - INFO - Train loss: 0.0159 (2.6s)
Train loss: 0.0159 (2.6s)
2026-06-24 17:02:58,220 - INFO - Test instance 0.7875, class 0.7875
Test instance 0.7875, class 0.7875
2026-06-24 17:02:58,221 - INFO - Best instance 0.8500, class 0.8500 (epoch 67)
Best instance 0.8500, class 0.8500 (epoch 67)
2026-06-24 17:02:58,245 - INFO - Epoch 191/200:
Epoch 191/200:
2026-06-24 17:03:00,900 - INFO - Train loss: 0.0142 (2.7s)
Train loss: 0.0142 (2.7s)
2026-06-24 17:03:01,154 - INFO - Test instance 0.7750, class 0.7750
Test instance 0.7750, class 0.7750
2026-06-24 17:03:01,154 - INFO - Best instance 0.8500, class 0.8500 (epoch 67)
Best instance 0.8500, class 0.8500 (epoch 67)
2026-06-24 17:03:01,181 - INFO - Epoch 192/200:
Epoch 192/200:
2026-06-24 17:03:03,871 - INFO - Train loss: 0.0144 (2.7s)
Train loss: 0.0144 (2.7s)
2026-06-24 17:03:04,122 - INFO - Test instance 0.7750, class 0.7750
Test instance 0.7750, class 0.7750
2026-06-24 17:03:04,123 - INFO - Best instance 0.8500, class 0.8500 (epoch 67)
Best instance 0.8500, class 0.8500 (epoch 67)
2026-06-24 17:03:04,148 - INFO - Epoch 193/200:
Epoch 193/200:
2026-06-24 17:03:06,799 - INFO - Train loss: 0.0141 (2.7s)
Train loss: 0.0141 (2.7s)
2026-06-24 17:03:07,053 - INFO - Test instance 0.8125, class 0.8125
Test instance 0.8125, class 0.8125
2026-06-24 17:03:07,053 - INFO - Best instance 0.8500, class 0.8500 (epoch 67)
Best instance 0.8500, class 0.8500 (epoch 67)
2026-06-24 17:03:07,081 - INFO - Epoch 194/200:
Epoch 194/200:
2026-06-24 17:03:09,710 - INFO - Train loss: 0.0130 (2.6s)
Train loss: 0.0130 (2.6s)
2026-06-24 17:03:09,975 - INFO - Test instance 0.8000, class 0.8000
Test instance 0.8000, class 0.8000
2026-06-24 17:03:09,975 - INFO - Best instance 0.8500, class 0.8500 (epoch 67)
Best instance 0.8500, class 0.8500 (epoch 67)
2026-06-24 17:03:10,000 - INFO - Epoch 195/200:
Epoch 195/200:
2026-06-24 17:03:12,641 - INFO - Train loss: 0.0149 (2.6s)
Train loss: 0.0149 (2.6s)
2026-06-24 17:03:12,897 - INFO - Test instance 0.7375, class 0.7375
Test instance 0.7375, class 0.7375
2026-06-24 17:03:12,897 - INFO - Best instance 0.8500, class 0.8500 (epoch 67)
Best instance 0.8500, class 0.8500 (epoch 67)
2026-06-24 17:03:12,921 - INFO - Epoch 196/200:
Epoch 196/200:
2026-06-24 17:03:15,555 - INFO - Train loss: 0.0149 (2.6s)
Train loss: 0.0149 (2.6s)
2026-06-24 17:03:15,816 - INFO - Test instance 0.8125, class 0.8125
Test instance 0.8125, class 0.8125
2026-06-24 17:03:15,816 - INFO - Best instance 0.8500, class 0.8500 (epoch 67)
Best instance 0.8500, class 0.8500 (epoch 67)
2026-06-24 17:03:15,841 - INFO - Epoch 197/200:
Epoch 197/200:
2026-06-24 17:03:18,492 - INFO - Train loss: 0.0147 (2.7s)
Train loss: 0.0147 (2.7s)
2026-06-24 17:03:18,741 - INFO - Test instance 0.7625, class 0.7625
Test instance 0.7625, class 0.7625
2026-06-24 17:03:18,742 - INFO - Best instance 0.8500, class 0.8500 (epoch 67)
Best instance 0.8500, class 0.8500 (epoch 67)
2026-06-24 17:03:18,773 - INFO - Epoch 198/200:
Epoch 198/200:
2026-06-24 17:03:21,393 - INFO - Train loss: 0.0130 (2.6s)
Train loss: 0.0130 (2.6s)
2026-06-24 17:03:21,638 - INFO - Test instance 0.7750, class 0.7750
Test instance 0.7750, class 0.7750
2026-06-24 17:03:21,638 - INFO - Best instance 0.8500, class 0.8500 (epoch 67)
Best instance 0.8500, class 0.8500 (epoch 67)
2026-06-24 17:03:21,664 - INFO - Epoch 199/200:
Epoch 199/200:
2026-06-24 17:03:24,280 - INFO - Train loss: 0.0148 (2.6s)
Train loss: 0.0148 (2.6s)
2026-06-24 17:03:24,523 - INFO - Test instance 0.7625, class 0.7625
Test instance 0.7625, class 0.7625
2026-06-24 17:03:24,523 - INFO - Best instance 0.8500, class 0.8500 (epoch 67)
Best instance 0.8500, class 0.8500 (epoch 67)
2026-06-24 17:03:24,551 - INFO - Epoch 200/200:
Epoch 200/200:
2026-06-24 17:03:27,202 - INFO - Train loss: 0.0148 (2.7s)
Train loss: 0.0148 (2.7s)
2026-06-24 17:03:27,456 - INFO - Test instance 0.8250, class 0.8250
Test instance 0.8250, class 0.8250
2026-06-24 17:03:27,456 - INFO - Best instance 0.8500, class 0.8500 (epoch 67)
Best instance 0.8500, class 0.8500 (epoch 67)
2026-06-24 17:03:48,038 - INFO - Student 1.42 MB, 60.55 ms
Student 1.42 MB, 60.55 ms
