[Wed Jun 24 17:20:13 EDT 2026] task 67 on GPU 0: python flkd/advanced_kd_train_classification.py --teacher_model pointnet2_cls_ssg --student_model small_pointnet2 --kd_strategy attention --dataset craniosynostosis --seed 42 --batch_size 24 --epoch 200 --num_point 1024 --teacher_path "outputs/craniosynostosis/flkd/federated/classification/fl_pointnet2_cls_ssg_scaffold_s42/checkpoints/best_model.pth" --log_dir kd_pointnet2_cls_ssg_scaffold+attention_small_pointnet2_s42 --beta 0.5 --data_root data --output_root outputs --num_workers -1 --max_runtime_hours 166.0
Loaded teacher from outputs/craniosynostosis/flkd/federated/classification/fl_pointnet2_cls_ssg_scaffold_s42/checkpoints/best_model.pth
2026-06-24 17:23:56,460 - INFO - PARAMETER ...
2026-06-24 17:23:56,460 - INFO - {'use_cpu': False, 'no_amp': False, 'gpu': '0', 'num_workers': -1, 'batch_size': 24, 'teacher_model': 'pointnet2_cls_ssg', 'student_model': 'small_pointnet2', 'num_category': 4, 'dataset': 'craniosynostosis', 'data_root': 'data', 'output_root': 'outputs', 'train_split': 0.8, 'dataset_seed': 0, 'cache_dataset': True, 'min_class_samples': 1, 'epoch': 200, 'learning_rate': 0.001, 'num_point': 1024, 'optimizer': 'Adam', 'log_dir': 'kd_pointnet2_cls_ssg_scaffold+attention_small_pointnet2_s42', 'decay_rate': 0.0001, 'use_normals': False, 'process_data': False, 'use_uniform_sample': False, 'resume': True, 'kd_strategy': 'attention', 'alpha': 0.5, 'temperature': 2.0, 'beta': 0.5, 'dkd_alpha': 1.0, 'dkd_beta': 8.0, 'crd_temperature': 0.07, 'teacher_path': 'outputs/craniosynostosis/flkd/federated/classification/fl_pointnet2_cls_ssg_scaffold_s42/checkpoints/best_model.pth', 'teacher_paths': None, 'teacher_weights': None, 'use_hard_labels': 'on', 'unlabeled': False, 'temperature_sweep': None, 'seed': 42, 'max_runtime_hours': 166.0}
2026-06-24 17:23:56,462 - INFO - KD=attention student=small_pointnet2 AMP=False use_hard=True unlabeled=False T=2.0
KD=attention student=small_pointnet2 AMP=False use_hard=True unlabeled=False T=2.0
2026-06-24 17:23:58,881 - INFO - Added 525312 KD-adapter params to optimiser.
Added 525312 KD-adapter params to optimiser.
2026-06-24 17:23:58,881 - INFO - Epoch 1/200:
Epoch 1/200:
2026-06-24 17:24:01,851 - INFO - Train loss: 0.0529 (3.0s)
Train loss: 0.0529 (3.0s)
2026-06-24 17:24:02,508 - INFO - Test instance 0.2500, class 0.2500
Test instance 0.2500, class 0.2500
2026-06-24 17:24:02,536 - INFO - Best instance 0.2500, class 0.2500 (epoch 1)
Best instance 0.2500, class 0.2500 (epoch 1)
2026-06-24 17:24:02,559 - INFO - Epoch 2/200:
Epoch 2/200:
2026-06-24 17:24:05,263 - INFO - Train loss: 0.0314 (2.7s)
Train loss: 0.0314 (2.7s)
2026-06-24 17:24:05,523 - INFO - Test instance 0.2500, class 0.2500
Test instance 0.2500, class 0.2500
2026-06-24 17:24:05,523 - INFO - Best instance 0.2500, class 0.2500 (epoch 1)
Best instance 0.2500, class 0.2500 (epoch 1)
2026-06-24 17:24:05,548 - INFO - Epoch 3/200:
Epoch 3/200:
2026-06-24 17:24:08,228 - INFO - Train loss: 0.0279 (2.7s)
Train loss: 0.0279 (2.7s)
2026-06-24 17:24:08,493 - INFO - Test instance 0.2500, class 0.2500
Test instance 0.2500, class 0.2500
2026-06-24 17:24:08,493 - INFO - Best instance 0.2500, class 0.2500 (epoch 1)
Best instance 0.2500, class 0.2500 (epoch 1)
2026-06-24 17:24:08,518 - INFO - Epoch 4/200:
Epoch 4/200:
2026-06-24 17:24:11,207 - INFO - Train loss: 0.0238 (2.7s)
Train loss: 0.0238 (2.7s)
2026-06-24 17:24:11,467 - INFO - Test instance 0.2500, class 0.2500
Test instance 0.2500, class 0.2500
2026-06-24 17:24:11,467 - INFO - Best instance 0.2500, class 0.2500 (epoch 1)
Best instance 0.2500, class 0.2500 (epoch 1)
2026-06-24 17:24:11,492 - INFO - Epoch 5/200:
Epoch 5/200:
2026-06-24 17:24:14,196 - INFO - Train loss: 0.0221 (2.7s)
Train loss: 0.0221 (2.7s)
2026-06-24 17:24:14,458 - INFO - Test instance 0.2125, class 0.2125
Test instance 0.2125, class 0.2125
2026-06-24 17:24:14,458 - INFO - Best instance 0.2500, class 0.2500 (epoch 1)
Best instance 0.2500, class 0.2500 (epoch 1)
2026-06-24 17:24:14,489 - INFO - Epoch 6/200:
Epoch 6/200:
2026-06-24 17:24:17,225 - INFO - Train loss: 0.0179 (2.7s)
Train loss: 0.0179 (2.7s)
2026-06-24 17:24:17,478 - INFO - Test instance 0.3125, class 0.3125
Test instance 0.3125, class 0.3125
2026-06-24 17:24:17,500 - INFO - Best instance 0.3125, class 0.3125 (epoch 6)
Best instance 0.3125, class 0.3125 (epoch 6)
2026-06-24 17:24:17,524 - INFO - Epoch 7/200:
Epoch 7/200:
2026-06-24 17:24:20,213 - INFO - Train loss: 0.0173 (2.7s)
Train loss: 0.0173 (2.7s)
2026-06-24 17:24:20,481 - INFO - Test instance 0.2125, class 0.2125
Test instance 0.2125, class 0.2125
2026-06-24 17:24:20,481 - INFO - Best instance 0.3125, class 0.3125 (epoch 6)
Best instance 0.3125, class 0.3125 (epoch 6)
2026-06-24 17:24:20,506 - INFO - Epoch 8/200:
Epoch 8/200:
2026-06-24 17:24:23,186 - INFO - Train loss: 0.0158 (2.7s)
Train loss: 0.0158 (2.7s)
2026-06-24 17:24:23,435 - INFO - Test instance 0.2625, class 0.2625
Test instance 0.2625, class 0.2625
2026-06-24 17:24:23,436 - INFO - Best instance 0.3125, class 0.3125 (epoch 6)
Best instance 0.3125, class 0.3125 (epoch 6)
2026-06-24 17:24:23,460 - INFO - Epoch 9/200:
Epoch 9/200:
2026-06-24 17:24:26,145 - INFO - Train loss: 0.0144 (2.7s)
Train loss: 0.0144 (2.7s)
2026-06-24 17:24:26,403 - INFO - Test instance 0.2250, class 0.2250
Test instance 0.2250, class 0.2250
2026-06-24 17:24:26,403 - INFO - Best instance 0.3125, class 0.3125 (epoch 6)
Best instance 0.3125, class 0.3125 (epoch 6)
2026-06-24 17:24:26,427 - INFO - Epoch 10/200:
Epoch 10/200:
2026-06-24 17:24:29,117 - INFO - Train loss: 0.0127 (2.7s)
Train loss: 0.0127 (2.7s)
2026-06-24 17:24:29,372 - INFO - Test instance 0.2375, class 0.2375
Test instance 0.2375, class 0.2375
2026-06-24 17:24:29,373 - INFO - Best instance 0.3125, class 0.3125 (epoch 6)
Best instance 0.3125, class 0.3125 (epoch 6)
2026-06-24 17:24:29,398 - INFO - Epoch 11/200:
Epoch 11/200:
2026-06-24 17:24:32,075 - INFO - Train loss: 0.0137 (2.7s)
Train loss: 0.0137 (2.7s)
2026-06-24 17:24:32,337 - INFO - Test instance 0.2250, class 0.2250
Test instance 0.2250, class 0.2250
2026-06-24 17:24:32,338 - INFO - Best instance 0.3125, class 0.3125 (epoch 6)
Best instance 0.3125, class 0.3125 (epoch 6)
2026-06-24 17:24:32,363 - INFO - Epoch 12/200:
Epoch 12/200:
2026-06-24 17:24:35,053 - INFO - Train loss: 0.0128 (2.7s)
Train loss: 0.0128 (2.7s)
2026-06-24 17:24:35,307 - INFO - Test instance 0.2750, class 0.2750
Test instance 0.2750, class 0.2750
2026-06-24 17:24:35,307 - INFO - Best instance 0.3125, class 0.3125 (epoch 6)
Best instance 0.3125, class 0.3125 (epoch 6)
2026-06-24 17:24:35,332 - INFO - Epoch 13/200:
Epoch 13/200:
2026-06-24 17:24:38,012 - INFO - Train loss: 0.0120 (2.7s)
Train loss: 0.0120 (2.7s)
2026-06-24 17:24:38,273 - INFO - Test instance 0.2375, class 0.2375
Test instance 0.2375, class 0.2375
2026-06-24 17:24:38,273 - INFO - Best instance 0.3125, class 0.3125 (epoch 6)
Best instance 0.3125, class 0.3125 (epoch 6)
2026-06-24 17:24:38,299 - INFO - Epoch 14/200:
Epoch 14/200:
2026-06-24 17:24:40,967 - INFO - Train loss: 0.0115 (2.7s)
Train loss: 0.0115 (2.7s)
2026-06-24 17:24:41,229 - INFO - Test instance 0.2875, class 0.2875
Test instance 0.2875, class 0.2875
2026-06-24 17:24:41,230 - INFO - Best instance 0.3125, class 0.3125 (epoch 6)
Best instance 0.3125, class 0.3125 (epoch 6)
2026-06-24 17:24:41,255 - INFO - Epoch 15/200:
Epoch 15/200:
2026-06-24 17:24:43,944 - INFO - Train loss: 0.0100 (2.7s)
Train loss: 0.0100 (2.7s)
2026-06-24 17:24:44,203 - INFO - Test instance 0.2500, class 0.2500
Test instance 0.2500, class 0.2500
2026-06-24 17:24:44,204 - INFO - Best instance 0.3125, class 0.3125 (epoch 6)
Best instance 0.3125, class 0.3125 (epoch 6)
2026-06-24 17:24:44,228 - INFO - Epoch 16/200:
Epoch 16/200:
2026-06-24 17:24:46,907 - INFO - Train loss: 0.0098 (2.7s)
Train loss: 0.0098 (2.7s)
2026-06-24 17:24:47,163 - INFO - Test instance 0.2500, class 0.2500
Test instance 0.2500, class 0.2500
2026-06-24 17:24:47,164 - INFO - Best instance 0.3125, class 0.3125 (epoch 6)
Best instance 0.3125, class 0.3125 (epoch 6)
2026-06-24 17:24:47,189 - INFO - Epoch 17/200:
Epoch 17/200:
2026-06-24 17:24:49,881 - INFO - Train loss: 0.0098 (2.7s)
Train loss: 0.0098 (2.7s)
2026-06-24 17:24:50,139 - INFO - Test instance 0.2500, class 0.2500
Test instance 0.2500, class 0.2500
2026-06-24 17:24:50,139 - INFO - Best instance 0.3125, class 0.3125 (epoch 6)
Best instance 0.3125, class 0.3125 (epoch 6)
2026-06-24 17:24:50,165 - INFO - Epoch 18/200:
Epoch 18/200:
2026-06-24 17:24:52,841 - INFO - Train loss: 0.0103 (2.7s)
Train loss: 0.0103 (2.7s)
2026-06-24 17:24:53,104 - INFO - Test instance 0.2500, class 0.2500
Test instance 0.2500, class 0.2500
2026-06-24 17:24:53,104 - INFO - Best instance 0.3125, class 0.3125 (epoch 6)
Best instance 0.3125, class 0.3125 (epoch 6)
2026-06-24 17:24:53,130 - INFO - Epoch 19/200:
Epoch 19/200:
2026-06-24 17:24:55,803 - INFO - Train loss: 0.0100 (2.7s)
Train loss: 0.0100 (2.7s)
2026-06-24 17:24:56,059 - INFO - Test instance 0.2250, class 0.2250
Test instance 0.2250, class 0.2250
2026-06-24 17:24:56,059 - INFO - Best instance 0.3125, class 0.3125 (epoch 6)
Best instance 0.3125, class 0.3125 (epoch 6)
2026-06-24 17:24:56,084 - INFO - Epoch 20/200:
Epoch 20/200:
2026-06-24 17:24:58,776 - INFO - Train loss: 0.0099 (2.7s)
Train loss: 0.0099 (2.7s)
2026-06-24 17:24:59,040 - INFO - Test instance 0.2125, class 0.2125
Test instance 0.2125, class 0.2125
2026-06-24 17:24:59,040 - INFO - Best instance 0.3125, class 0.3125 (epoch 6)
Best instance 0.3125, class 0.3125 (epoch 6)
2026-06-24 17:24:59,065 - INFO - Epoch 21/200:
Epoch 21/200:
2026-06-24 17:25:01,764 - INFO - Train loss: 0.0089 (2.7s)
Train loss: 0.0089 (2.7s)
2026-06-24 17:25:02,035 - INFO - Test instance 0.2250, class 0.2250
Test instance 0.2250, class 0.2250
2026-06-24 17:25:02,035 - INFO - Best instance 0.3125, class 0.3125 (epoch 6)
Best instance 0.3125, class 0.3125 (epoch 6)
2026-06-24 17:25:02,060 - INFO - Epoch 22/200:
Epoch 22/200:
2026-06-24 17:25:04,757 - INFO - Train loss: 0.0092 (2.7s)
Train loss: 0.0092 (2.7s)
2026-06-24 17:25:05,013 - INFO - Test instance 0.2250, class 0.2250
Test instance 0.2250, class 0.2250
2026-06-24 17:25:05,013 - INFO - Best instance 0.3125, class 0.3125 (epoch 6)
Best instance 0.3125, class 0.3125 (epoch 6)
2026-06-24 17:25:05,038 - INFO - Epoch 23/200:
Epoch 23/200:
2026-06-24 17:25:07,707 - INFO - Train loss: 0.0093 (2.7s)
Train loss: 0.0093 (2.7s)
2026-06-24 17:25:07,965 - INFO - Test instance 0.2625, class 0.2625
Test instance 0.2625, class 0.2625
2026-06-24 17:25:07,965 - INFO - Best instance 0.3125, class 0.3125 (epoch 6)
Best instance 0.3125, class 0.3125 (epoch 6)
2026-06-24 17:25:07,991 - INFO - Epoch 24/200:
Epoch 24/200:
2026-06-24 17:25:10,668 - INFO - Train loss: 0.0089 (2.7s)
Train loss: 0.0089 (2.7s)
2026-06-24 17:25:10,927 - INFO - Test instance 0.2500, class 0.2500
Test instance 0.2500, class 0.2500
2026-06-24 17:25:10,927 - INFO - Best instance 0.3125, class 0.3125 (epoch 6)
Best instance 0.3125, class 0.3125 (epoch 6)
2026-06-24 17:25:10,952 - INFO - Epoch 25/200:
Epoch 25/200:
2026-06-24 17:25:13,642 - INFO - Train loss: 0.0099 (2.7s)
Train loss: 0.0099 (2.7s)
2026-06-24 17:25:13,898 - INFO - Test instance 0.2500, class 0.2500
Test instance 0.2500, class 0.2500
2026-06-24 17:25:13,899 - INFO - Best instance 0.3125, class 0.3125 (epoch 6)
Best instance 0.3125, class 0.3125 (epoch 6)
2026-06-24 17:25:13,924 - INFO - Epoch 26/200:
Epoch 26/200:
2026-06-24 17:25:16,581 - INFO - Train loss: 0.0094 (2.7s)
Train loss: 0.0094 (2.7s)
2026-06-24 17:25:16,835 - INFO - Test instance 0.2875, class 0.2875
Test instance 0.2875, class 0.2875
2026-06-24 17:25:16,836 - INFO - Best instance 0.3125, class 0.3125 (epoch 6)
Best instance 0.3125, class 0.3125 (epoch 6)
2026-06-24 17:25:16,860 - INFO - Epoch 27/200:
Epoch 27/200:
2026-06-24 17:25:19,552 - INFO - Train loss: 0.0088 (2.7s)
Train loss: 0.0088 (2.7s)
2026-06-24 17:25:19,809 - INFO - Test instance 0.3250, class 0.3250
Test instance 0.3250, class 0.3250
2026-06-24 17:25:19,832 - INFO - Best instance 0.3250, class 0.3250 (epoch 27)
Best instance 0.3250, class 0.3250 (epoch 27)
2026-06-24 17:25:19,856 - INFO - Epoch 28/200:
Epoch 28/200:
2026-06-24 17:25:22,553 - INFO - Train loss: 0.0096 (2.7s)
Train loss: 0.0096 (2.7s)
2026-06-24 17:25:22,812 - INFO - Test instance 0.2500, class 0.2500
Test instance 0.2500, class 0.2500
2026-06-24 17:25:22,813 - INFO - Best instance 0.3250, class 0.3250 (epoch 27)
Best instance 0.3250, class 0.3250 (epoch 27)
2026-06-24 17:25:22,837 - INFO - Epoch 29/200:
Epoch 29/200:
2026-06-24 17:25:25,525 - INFO - Train loss: 0.0090 (2.7s)
Train loss: 0.0090 (2.7s)
2026-06-24 17:25:25,787 - INFO - Test instance 0.2500, class 0.2500
Test instance 0.2500, class 0.2500
2026-06-24 17:25:25,787 - INFO - Best instance 0.3250, class 0.3250 (epoch 27)
Best instance 0.3250, class 0.3250 (epoch 27)
2026-06-24 17:25:25,812 - INFO - Epoch 30/200:
Epoch 30/200:
2026-06-24 17:25:28,521 - INFO - Train loss: 0.0083 (2.7s)
Train loss: 0.0083 (2.7s)
2026-06-24 17:25:28,788 - INFO - Test instance 0.2500, class 0.2500
Test instance 0.2500, class 0.2500
2026-06-24 17:25:28,788 - INFO - Best instance 0.3250, class 0.3250 (epoch 27)
Best instance 0.3250, class 0.3250 (epoch 27)
2026-06-24 17:25:28,813 - INFO - Epoch 31/200:
Epoch 31/200:
2026-06-24 17:25:31,522 - INFO - Train loss: 0.0089 (2.7s)
Train loss: 0.0089 (2.7s)
2026-06-24 17:25:31,776 - INFO - Test instance 0.2500, class 0.2500
Test instance 0.2500, class 0.2500
2026-06-24 17:25:31,777 - INFO - Best instance 0.3250, class 0.3250 (epoch 27)
Best instance 0.3250, class 0.3250 (epoch 27)
2026-06-24 17:25:31,802 - INFO - Epoch 32/200:
Epoch 32/200:
2026-06-24 17:25:34,520 - INFO - Train loss: 0.0087 (2.7s)
Train loss: 0.0087 (2.7s)
2026-06-24 17:25:34,779 - INFO - Test instance 0.2500, class 0.2500
Test instance 0.2500, class 0.2500
2026-06-24 17:25:34,779 - INFO - Best instance 0.3250, class 0.3250 (epoch 27)
Best instance 0.3250, class 0.3250 (epoch 27)
2026-06-24 17:25:34,804 - INFO - Epoch 33/200:
Epoch 33/200:
2026-06-24 17:25:37,525 - INFO - Train loss: 0.0084 (2.7s)
Train loss: 0.0084 (2.7s)
2026-06-24 17:25:37,787 - INFO - Test instance 0.2500, class 0.2500
Test instance 0.2500, class 0.2500
2026-06-24 17:25:37,787 - INFO - Best instance 0.3250, class 0.3250 (epoch 27)
Best instance 0.3250, class 0.3250 (epoch 27)
2026-06-24 17:25:37,811 - INFO - Epoch 34/200:
Epoch 34/200:
2026-06-24 17:25:40,527 - INFO - Train loss: 0.0090 (2.7s)
Train loss: 0.0090 (2.7s)
2026-06-24 17:25:40,791 - INFO - Test instance 0.2500, class 0.2500
Test instance 0.2500, class 0.2500
2026-06-24 17:25:40,791 - INFO - Best instance 0.3250, class 0.3250 (epoch 27)
Best instance 0.3250, class 0.3250 (epoch 27)
2026-06-24 17:25:40,816 - INFO - Epoch 35/200:
Epoch 35/200:
2026-06-24 17:25:43,524 - INFO - Train loss: 0.0092 (2.7s)
Train loss: 0.0092 (2.7s)
2026-06-24 17:25:43,777 - INFO - Test instance 0.2500, class 0.2500
Test instance 0.2500, class 0.2500
2026-06-24 17:25:43,777 - INFO - Best instance 0.3250, class 0.3250 (epoch 27)
Best instance 0.3250, class 0.3250 (epoch 27)
2026-06-24 17:25:43,802 - INFO - Epoch 36/200:
Epoch 36/200:
2026-06-24 17:25:46,489 - INFO - Train loss: 0.0086 (2.7s)
Train loss: 0.0086 (2.7s)
2026-06-24 17:25:46,742 - INFO - Test instance 0.2500, class 0.2500
Test instance 0.2500, class 0.2500
2026-06-24 17:25:46,743 - INFO - Best instance 0.3250, class 0.3250 (epoch 27)
Best instance 0.3250, class 0.3250 (epoch 27)
2026-06-24 17:25:46,768 - INFO - Epoch 37/200:
Epoch 37/200:
2026-06-24 17:25:49,501 - INFO - Train loss: 0.0085 (2.7s)
Train loss: 0.0085 (2.7s)
2026-06-24 17:25:49,769 - INFO - Test instance 0.2500, class 0.2500
Test instance 0.2500, class 0.2500
2026-06-24 17:25:49,770 - INFO - Best instance 0.3250, class 0.3250 (epoch 27)
Best instance 0.3250, class 0.3250 (epoch 27)
2026-06-24 17:25:49,794 - INFO - Epoch 38/200:
Epoch 38/200:
2026-06-24 17:25:52,490 - INFO - Train loss: 0.0082 (2.7s)
Train loss: 0.0082 (2.7s)
2026-06-24 17:25:52,748 - INFO - Test instance 0.2500, class 0.2500
Test instance 0.2500, class 0.2500
2026-06-24 17:25:52,748 - INFO - Best instance 0.3250, class 0.3250 (epoch 27)
Best instance 0.3250, class 0.3250 (epoch 27)
2026-06-24 17:25:52,773 - INFO - Epoch 39/200:
Epoch 39/200:
2026-06-24 17:25:55,461 - INFO - Train loss: 0.0089 (2.7s)
Train loss: 0.0089 (2.7s)
2026-06-24 17:25:55,727 - INFO - Test instance 0.2500, class 0.2500
Test instance 0.2500, class 0.2500
2026-06-24 17:25:55,727 - INFO - Best instance 0.3250, class 0.3250 (epoch 27)
Best instance 0.3250, class 0.3250 (epoch 27)
2026-06-24 17:25:55,752 - INFO - Epoch 40/200:
Epoch 40/200:
2026-06-24 17:25:58,438 - INFO - Train loss: 0.0095 (2.7s)
Train loss: 0.0095 (2.7s)
2026-06-24 17:25:58,693 - INFO - Test instance 0.2500, class 0.2500
Test instance 0.2500, class 0.2500
2026-06-24 17:25:58,694 - INFO - Best instance 0.3250, class 0.3250 (epoch 27)
Best instance 0.3250, class 0.3250 (epoch 27)
2026-06-24 17:25:58,719 - INFO - Epoch 41/200:
Epoch 41/200:
2026-06-24 17:26:01,401 - INFO - Train loss: 0.0073 (2.7s)
Train loss: 0.0073 (2.7s)
2026-06-24 17:26:01,688 - INFO - Test instance 0.2500, class 0.2500
Test instance 0.2500, class 0.2500
2026-06-24 17:26:01,688 - INFO - Best instance 0.3250, class 0.3250 (epoch 27)
Best instance 0.3250, class 0.3250 (epoch 27)
2026-06-24 17:26:01,713 - INFO - Epoch 42/200:
Epoch 42/200:
2026-06-24 17:26:04,430 - INFO - Train loss: 0.0080 (2.7s)
Train loss: 0.0080 (2.7s)
2026-06-24 17:26:04,688 - INFO - Test instance 0.2500, class 0.2500
Test instance 0.2500, class 0.2500
2026-06-24 17:26:04,688 - INFO - Best instance 0.3250, class 0.3250 (epoch 27)
Best instance 0.3250, class 0.3250 (epoch 27)
2026-06-24 17:26:04,713 - INFO - Epoch 43/200:
Epoch 43/200:
2026-06-24 17:26:07,393 - INFO - Train loss: 0.0087 (2.7s)
Train loss: 0.0087 (2.7s)
2026-06-24 17:26:07,649 - INFO - Test instance 0.2500, class 0.2500
Test instance 0.2500, class 0.2500
2026-06-24 17:26:07,649 - INFO - Best instance 0.3250, class 0.3250 (epoch 27)
Best instance 0.3250, class 0.3250 (epoch 27)
2026-06-24 17:26:07,674 - INFO - Epoch 44/200:
Epoch 44/200:
2026-06-24 17:26:10,369 - INFO - Train loss: 0.0079 (2.7s)
Train loss: 0.0079 (2.7s)
2026-06-24 17:26:10,627 - INFO - Test instance 0.2500, class 0.2500
Test instance 0.2500, class 0.2500
2026-06-24 17:26:10,628 - INFO - Best instance 0.3250, class 0.3250 (epoch 27)
Best instance 0.3250, class 0.3250 (epoch 27)
2026-06-24 17:26:10,653 - INFO - Epoch 45/200:
Epoch 45/200:
2026-06-24 17:26:13,336 - INFO - Train loss: 0.0087 (2.7s)
Train loss: 0.0087 (2.7s)
2026-06-24 17:26:13,599 - INFO - Test instance 0.2500, class 0.2500
Test instance 0.2500, class 0.2500
2026-06-24 17:26:13,600 - INFO - Best instance 0.3250, class 0.3250 (epoch 27)
Best instance 0.3250, class 0.3250 (epoch 27)
2026-06-24 17:26:13,625 - INFO - Epoch 46/200:
Epoch 46/200:
2026-06-24 17:26:16,345 - INFO - Train loss: 0.0087 (2.7s)
Train loss: 0.0087 (2.7s)
2026-06-24 17:26:16,604 - INFO - Test instance 0.2500, class 0.2500
Test instance 0.2500, class 0.2500
2026-06-24 17:26:16,604 - INFO - Best instance 0.3250, class 0.3250 (epoch 27)
Best instance 0.3250, class 0.3250 (epoch 27)
2026-06-24 17:26:16,629 - INFO - Epoch 47/200:
Epoch 47/200:
2026-06-24 17:26:19,343 - INFO - Train loss: 0.0081 (2.7s)
Train loss: 0.0081 (2.7s)
2026-06-24 17:26:19,603 - INFO - Test instance 0.2500, class 0.2500
Test instance 0.2500, class 0.2500
2026-06-24 17:26:19,604 - INFO - Best instance 0.3250, class 0.3250 (epoch 27)
Best instance 0.3250, class 0.3250 (epoch 27)
2026-06-24 17:26:19,629 - INFO - Epoch 48/200:
Epoch 48/200:
2026-06-24 17:26:22,348 - INFO - Train loss: 0.0088 (2.7s)
Train loss: 0.0088 (2.7s)
2026-06-24 17:26:22,603 - INFO - Test instance 0.2750, class 0.2750
Test instance 0.2750, class 0.2750
2026-06-24 17:26:22,603 - INFO - Best instance 0.3250, class 0.3250 (epoch 27)
Best instance 0.3250, class 0.3250 (epoch 27)
2026-06-24 17:26:22,628 - INFO - Epoch 49/200:
Epoch 49/200:
2026-06-24 17:26:25,308 - INFO - Train loss: 0.0095 (2.7s)
Train loss: 0.0095 (2.7s)
2026-06-24 17:26:25,562 - INFO - Test instance 0.2500, class 0.2500
Test instance 0.2500, class 0.2500
2026-06-24 17:26:25,562 - INFO - Best instance 0.3250, class 0.3250 (epoch 27)
Best instance 0.3250, class 0.3250 (epoch 27)
2026-06-24 17:26:25,587 - INFO - Epoch 50/200:
Epoch 50/200:
2026-06-24 17:26:28,267 - INFO - Train loss: 0.0081 (2.7s)
Train loss: 0.0081 (2.7s)
2026-06-24 17:26:28,526 - INFO - Test instance 0.2375, class 0.2375
Test instance 0.2375, class 0.2375
2026-06-24 17:26:28,526 - INFO - Best instance 0.3250, class 0.3250 (epoch 27)
Best instance 0.3250, class 0.3250 (epoch 27)
2026-06-24 17:26:28,552 - INFO - Epoch 51/200:
Epoch 51/200:
2026-06-24 17:26:31,256 - INFO - Train loss: 0.0087 (2.7s)
Train loss: 0.0087 (2.7s)
2026-06-24 17:26:31,514 - INFO - Test instance 0.2500, class 0.2500
Test instance 0.2500, class 0.2500
2026-06-24 17:26:31,514 - INFO - Best instance 0.3250, class 0.3250 (epoch 27)
Best instance 0.3250, class 0.3250 (epoch 27)
2026-06-24 17:26:31,539 - INFO - Epoch 52/200:
Epoch 52/200:
2026-06-24 17:26:34,251 - INFO - Train loss: 0.0087 (2.7s)
Train loss: 0.0087 (2.7s)
2026-06-24 17:26:34,507 - INFO - Test instance 0.2500, class 0.2500
Test instance 0.2500, class 0.2500
2026-06-24 17:26:34,508 - INFO - Best instance 0.3250, class 0.3250 (epoch 27)
Best instance 0.3250, class 0.3250 (epoch 27)
2026-06-24 17:26:34,533 - INFO - Epoch 53/200:
Epoch 53/200:
2026-06-24 17:26:37,242 - INFO - Train loss: 0.0087 (2.7s)
Train loss: 0.0087 (2.7s)
2026-06-24 17:26:37,508 - INFO - Test instance 0.2875, class 0.2875
Test instance 0.2875, class 0.2875
2026-06-24 17:26:37,508 - INFO - Best instance 0.3250, class 0.3250 (epoch 27)
Best instance 0.3250, class 0.3250 (epoch 27)
2026-06-24 17:26:37,533 - INFO - Epoch 54/200:
Epoch 54/200:
2026-06-24 17:26:40,234 - INFO - Train loss: 0.0080 (2.7s)
Train loss: 0.0080 (2.7s)
2026-06-24 17:26:40,489 - INFO - Test instance 0.2250, class 0.2250
Test instance 0.2250, class 0.2250
2026-06-24 17:26:40,489 - INFO - Best instance 0.3250, class 0.3250 (epoch 27)
Best instance 0.3250, class 0.3250 (epoch 27)
2026-06-24 17:26:40,514 - INFO - Epoch 55/200:
Epoch 55/200:
2026-06-24 17:26:43,213 - INFO - Train loss: 0.0089 (2.7s)
Train loss: 0.0089 (2.7s)
2026-06-24 17:26:43,475 - INFO - Test instance 0.2500, class 0.2500
Test instance 0.2500, class 0.2500
2026-06-24 17:26:43,475 - INFO - Best instance 0.3250, class 0.3250 (epoch 27)
Best instance 0.3250, class 0.3250 (epoch 27)
2026-06-24 17:26:43,501 - INFO - Epoch 56/200:
Epoch 56/200:
2026-06-24 17:26:46,204 - INFO - Train loss: 0.0087 (2.7s)
Train loss: 0.0087 (2.7s)
2026-06-24 17:26:46,459 - INFO - Test instance 0.2500, class 0.2500
Test instance 0.2500, class 0.2500
2026-06-24 17:26:46,460 - INFO - Best instance 0.3250, class 0.3250 (epoch 27)
Best instance 0.3250, class 0.3250 (epoch 27)
2026-06-24 17:26:46,484 - INFO - Epoch 57/200:
Epoch 57/200:
2026-06-24 17:26:49,205 - INFO - Train loss: 0.0082 (2.7s)
Train loss: 0.0082 (2.7s)
2026-06-24 17:26:49,464 - INFO - Test instance 0.2500, class 0.2500
Test instance 0.2500, class 0.2500
2026-06-24 17:26:49,465 - INFO - Best instance 0.3250, class 0.3250 (epoch 27)
Best instance 0.3250, class 0.3250 (epoch 27)
2026-06-24 17:26:49,492 - INFO - Epoch 58/200:
Epoch 58/200:
2026-06-24 17:26:52,203 - INFO - Train loss: 0.0082 (2.7s)
Train loss: 0.0082 (2.7s)
2026-06-24 17:26:52,466 - INFO - Test instance 0.2500, class 0.2500
Test instance 0.2500, class 0.2500
2026-06-24 17:26:52,466 - INFO - Best instance 0.3250, class 0.3250 (epoch 27)
Best instance 0.3250, class 0.3250 (epoch 27)
2026-06-24 17:26:52,491 - INFO - Epoch 59/200:
Epoch 59/200:
2026-06-24 17:26:55,175 - INFO - Train loss: 0.0079 (2.7s)
Train loss: 0.0079 (2.7s)
2026-06-24 17:26:55,440 - INFO - Test instance 0.2500, class 0.2500
Test instance 0.2500, class 0.2500
2026-06-24 17:26:55,441 - INFO - Best instance 0.3250, class 0.3250 (epoch 27)
Best instance 0.3250, class 0.3250 (epoch 27)
2026-06-24 17:26:55,466 - INFO - Epoch 60/200:
Epoch 60/200:
2026-06-24 17:26:58,194 - INFO - Train loss: 0.0085 (2.7s)
Train loss: 0.0085 (2.7s)
2026-06-24 17:26:58,458 - INFO - Test instance 0.2500, class 0.2500
Test instance 0.2500, class 0.2500
2026-06-24 17:26:58,458 - INFO - Best instance 0.3250, class 0.3250 (epoch 27)
Best instance 0.3250, class 0.3250 (epoch 27)
2026-06-24 17:26:58,484 - INFO - Epoch 61/200:
Epoch 61/200:
2026-06-24 17:27:01,204 - INFO - Train loss: 0.0084 (2.7s)
Train loss: 0.0084 (2.7s)
2026-06-24 17:27:01,480 - INFO - Test instance 0.2375, class 0.2375
Test instance 0.2375, class 0.2375
2026-06-24 17:27:01,481 - INFO - Best instance 0.3250, class 0.3250 (epoch 27)
Best instance 0.3250, class 0.3250 (epoch 27)
2026-06-24 17:27:01,507 - INFO - Epoch 62/200:
Epoch 62/200:
2026-06-24 17:27:04,240 - INFO - Train loss: 0.0086 (2.7s)
Train loss: 0.0086 (2.7s)
2026-06-24 17:27:04,496 - INFO - Test instance 0.2375, class 0.2375
Test instance 0.2375, class 0.2375
2026-06-24 17:27:04,496 - INFO - Best instance 0.3250, class 0.3250 (epoch 27)
Best instance 0.3250, class 0.3250 (epoch 27)
2026-06-24 17:27:04,522 - INFO - Epoch 63/200:
Epoch 63/200:
2026-06-24 17:27:07,262 - INFO - Train loss: 0.0089 (2.7s)
Train loss: 0.0089 (2.7s)
2026-06-24 17:27:07,523 - INFO - Test instance 0.3000, class 0.3000
Test instance 0.3000, class 0.3000
2026-06-24 17:27:07,524 - INFO - Best instance 0.3250, class 0.3250 (epoch 27)
Best instance 0.3250, class 0.3250 (epoch 27)
2026-06-24 17:27:07,548 - INFO - Epoch 64/200:
Epoch 64/200:
2026-06-24 17:27:10,243 - INFO - Train loss: 0.0084 (2.7s)
Train loss: 0.0084 (2.7s)
2026-06-24 17:27:10,500 - INFO - Test instance 0.2375, class 0.2375
Test instance 0.2375, class 0.2375
2026-06-24 17:27:10,500 - INFO - Best instance 0.3250, class 0.3250 (epoch 27)
Best instance 0.3250, class 0.3250 (epoch 27)
2026-06-24 17:27:10,557 - INFO - Epoch 65/200:
Epoch 65/200:
2026-06-24 17:27:13,283 - INFO - Train loss: 0.0082 (2.7s)
Train loss: 0.0082 (2.7s)
2026-06-24 17:27:13,552 - INFO - Test instance 0.2250, class 0.2250
Test instance 0.2250, class 0.2250
2026-06-24 17:27:13,552 - INFO - Best instance 0.3250, class 0.3250 (epoch 27)
Best instance 0.3250, class 0.3250 (epoch 27)
2026-06-24 17:27:13,576 - INFO - Epoch 66/200:
Epoch 66/200:
2026-06-24 17:27:16,271 - INFO - Train loss: 0.0086 (2.7s)
Train loss: 0.0086 (2.7s)
2026-06-24 17:27:16,532 - INFO - Test instance 0.2375, class 0.2375
Test instance 0.2375, class 0.2375
2026-06-24 17:27:16,533 - INFO - Best instance 0.3250, class 0.3250 (epoch 27)
Best instance 0.3250, class 0.3250 (epoch 27)
2026-06-24 17:27:16,556 - INFO - Epoch 67/200:
Epoch 67/200:
2026-06-24 17:27:19,226 - INFO - Train loss: 0.0085 (2.7s)
Train loss: 0.0085 (2.7s)
2026-06-24 17:27:19,481 - INFO - Test instance 0.2500, class 0.2500
Test instance 0.2500, class 0.2500
2026-06-24 17:27:19,481 - INFO - Best instance 0.3250, class 0.3250 (epoch 27)
Best instance 0.3250, class 0.3250 (epoch 27)
2026-06-24 17:27:19,505 - INFO - Epoch 68/200:
Epoch 68/200:
2026-06-24 17:27:22,191 - INFO - Train loss: 0.0075 (2.7s)
Train loss: 0.0075 (2.7s)
2026-06-24 17:27:22,442 - INFO - Test instance 0.2500, class 0.2500
Test instance 0.2500, class 0.2500
2026-06-24 17:27:22,443 - INFO - Best instance 0.3250, class 0.3250 (epoch 27)
Best instance 0.3250, class 0.3250 (epoch 27)
2026-06-24 17:27:22,467 - INFO - Epoch 69/200:
Epoch 69/200:
2026-06-24 17:27:25,170 - INFO - Train loss: 0.0080 (2.7s)
Train loss: 0.0080 (2.7s)
2026-06-24 17:27:25,431 - INFO - Test instance 0.2625, class 0.2625
Test instance 0.2625, class 0.2625
2026-06-24 17:27:25,432 - INFO - Best instance 0.3250, class 0.3250 (epoch 27)
Best instance 0.3250, class 0.3250 (epoch 27)
2026-06-24 17:27:25,456 - INFO - Epoch 70/200:
Epoch 70/200:
2026-06-24 17:27:28,167 - INFO - Train loss: 0.0087 (2.7s)
Train loss: 0.0087 (2.7s)
2026-06-24 17:27:28,421 - INFO - Test instance 0.2500, class 0.2500
Test instance 0.2500, class 0.2500
2026-06-24 17:27:28,422 - INFO - Best instance 0.3250, class 0.3250 (epoch 27)
Best instance 0.3250, class 0.3250 (epoch 27)
2026-06-24 17:27:28,446 - INFO - Epoch 71/200:
Epoch 71/200:
2026-06-24 17:27:31,129 - INFO - Train loss: 0.0090 (2.7s)
Train loss: 0.0090 (2.7s)
2026-06-24 17:27:31,390 - INFO - Test instance 0.2500, class 0.2500
Test instance 0.2500, class 0.2500
2026-06-24 17:27:31,390 - INFO - Best instance 0.3250, class 0.3250 (epoch 27)
Best instance 0.3250, class 0.3250 (epoch 27)
2026-06-24 17:27:31,415 - INFO - Epoch 72/200:
Epoch 72/200:
2026-06-24 17:27:34,158 - INFO - Train loss: 0.0082 (2.7s)
Train loss: 0.0082 (2.7s)
2026-06-24 17:27:34,416 - INFO - Test instance 0.2625, class 0.2625
Test instance 0.2625, class 0.2625
2026-06-24 17:27:34,416 - INFO - Best instance 0.3250, class 0.3250 (epoch 27)
Best instance 0.3250, class 0.3250 (epoch 27)
2026-06-24 17:27:34,441 - INFO - Epoch 73/200:
Epoch 73/200:
2026-06-24 17:27:37,123 - INFO - Train loss: 0.0083 (2.7s)
Train loss: 0.0083 (2.7s)
2026-06-24 17:27:37,382 - INFO - Test instance 0.2375, class 0.2375
Test instance 0.2375, class 0.2375
2026-06-24 17:27:37,382 - INFO - Best instance 0.3250, class 0.3250 (epoch 27)
Best instance 0.3250, class 0.3250 (epoch 27)
2026-06-24 17:27:37,407 - INFO - Epoch 74/200:
Epoch 74/200:
2026-06-24 17:27:40,126 - INFO - Train loss: 0.0091 (2.7s)
Train loss: 0.0091 (2.7s)
2026-06-24 17:27:40,386 - INFO - Test instance 0.2500, class 0.2500
Test instance 0.2500, class 0.2500
2026-06-24 17:27:40,387 - INFO - Best instance 0.3250, class 0.3250 (epoch 27)
Best instance 0.3250, class 0.3250 (epoch 27)
2026-06-24 17:27:40,412 - INFO - Epoch 75/200:
Epoch 75/200:
2026-06-24 17:27:43,121 - INFO - Train loss: 0.0084 (2.7s)
Train loss: 0.0084 (2.7s)
2026-06-24 17:27:43,380 - INFO - Test instance 0.2500, class 0.2500
Test instance 0.2500, class 0.2500
2026-06-24 17:27:43,380 - INFO - Best instance 0.3250, class 0.3250 (epoch 27)
Best instance 0.3250, class 0.3250 (epoch 27)
2026-06-24 17:27:43,404 - INFO - Epoch 76/200:
Epoch 76/200:
2026-06-24 17:27:46,135 - INFO - Train loss: 0.0087 (2.7s)
Train loss: 0.0087 (2.7s)
2026-06-24 17:27:46,392 - INFO - Test instance 0.2750, class 0.2750
Test instance 0.2750, class 0.2750
2026-06-24 17:27:46,393 - INFO - Best instance 0.3250, class 0.3250 (epoch 27)
Best instance 0.3250, class 0.3250 (epoch 27)
2026-06-24 17:27:46,418 - INFO - Epoch 77/200:
Epoch 77/200:
2026-06-24 17:27:49,110 - INFO - Train loss: 0.0084 (2.7s)
Train loss: 0.0084 (2.7s)
2026-06-24 17:27:49,369 - INFO - Test instance 0.2500, class 0.2500
Test instance 0.2500, class 0.2500
2026-06-24 17:27:49,369 - INFO - Best instance 0.3250, class 0.3250 (epoch 27)
Best instance 0.3250, class 0.3250 (epoch 27)
2026-06-24 17:27:49,394 - INFO - Epoch 78/200:
Epoch 78/200:
2026-06-24 17:27:52,092 - INFO - Train loss: 0.0077 (2.7s)
Train loss: 0.0077 (2.7s)
2026-06-24 17:27:52,344 - INFO - Test instance 0.2500, class 0.2500
Test instance 0.2500, class 0.2500
2026-06-24 17:27:52,344 - INFO - Best instance 0.3250, class 0.3250 (epoch 27)
Best instance 0.3250, class 0.3250 (epoch 27)
2026-06-24 17:27:52,369 - INFO - Epoch 79/200:
Epoch 79/200:
2026-06-24 17:27:55,093 - INFO - Train loss: 0.0086 (2.7s)
Train loss: 0.0086 (2.7s)
2026-06-24 17:27:55,350 - INFO - Test instance 0.2500, class 0.2500
Test instance 0.2500, class 0.2500
2026-06-24 17:27:55,350 - INFO - Best instance 0.3250, class 0.3250 (epoch 27)
Best instance 0.3250, class 0.3250 (epoch 27)
2026-06-24 17:27:55,374 - INFO - Epoch 80/200:
Epoch 80/200:
2026-06-24 17:27:58,061 - INFO - Train loss: 0.0077 (2.7s)
Train loss: 0.0077 (2.7s)
2026-06-24 17:27:58,316 - INFO - Test instance 0.2750, class 0.2750
Test instance 0.2750, class 0.2750
2026-06-24 17:27:58,316 - INFO - Best instance 0.3250, class 0.3250 (epoch 27)
Best instance 0.3250, class 0.3250 (epoch 27)
2026-06-24 17:27:58,342 - INFO - Epoch 81/200:
Epoch 81/200:
2026-06-24 17:28:01,046 - INFO - Train loss: 0.0083 (2.7s)
Train loss: 0.0083 (2.7s)
2026-06-24 17:28:01,305 - INFO - Test instance 0.2625, class 0.2625
Test instance 0.2625, class 0.2625
2026-06-24 17:28:01,305 - INFO - Best instance 0.3250, class 0.3250 (epoch 27)
Best instance 0.3250, class 0.3250 (epoch 27)
2026-06-24 17:28:01,332 - INFO - Epoch 82/200:
Epoch 82/200:
2026-06-24 17:28:04,078 - INFO - Train loss: 0.0085 (2.7s)
Train loss: 0.0085 (2.7s)
2026-06-24 17:28:04,336 - INFO - Test instance 0.2500, class 0.2500
Test instance 0.2500, class 0.2500
2026-06-24 17:28:04,336 - INFO - Best instance 0.3250, class 0.3250 (epoch 27)
Best instance 0.3250, class 0.3250 (epoch 27)
2026-06-24 17:28:04,362 - INFO - Epoch 83/200:
Epoch 83/200:
2026-06-24 17:28:07,042 - INFO - Train loss: 0.0086 (2.7s)
Train loss: 0.0086 (2.7s)
2026-06-24 17:28:07,300 - INFO - Test instance 0.2375, class 0.2375
Test instance 0.2375, class 0.2375
2026-06-24 17:28:07,301 - INFO - Best instance 0.3250, class 0.3250 (epoch 27)
Best instance 0.3250, class 0.3250 (epoch 27)
2026-06-24 17:28:07,325 - INFO - Epoch 84/200:
Epoch 84/200:
2026-06-24 17:28:10,019 - INFO - Train loss: 0.0081 (2.7s)
Train loss: 0.0081 (2.7s)
2026-06-24 17:28:10,283 - INFO - Test instance 0.2500, class 0.2500
Test instance 0.2500, class 0.2500
2026-06-24 17:28:10,284 - INFO - Best instance 0.3250, class 0.3250 (epoch 27)
Best instance 0.3250, class 0.3250 (epoch 27)
2026-06-24 17:28:10,309 - INFO - Epoch 85/200:
Epoch 85/200:
2026-06-24 17:28:13,035 - INFO - Train loss: 0.0081 (2.7s)
Train loss: 0.0081 (2.7s)
2026-06-24 17:28:13,293 - INFO - Test instance 0.2500, class 0.2500
Test instance 0.2500, class 0.2500
2026-06-24 17:28:13,293 - INFO - Best instance 0.3250, class 0.3250 (epoch 27)
Best instance 0.3250, class 0.3250 (epoch 27)
2026-06-24 17:28:13,318 - INFO - Epoch 86/200:
Epoch 86/200:
2026-06-24 17:28:16,020 - INFO - Train loss: 0.0078 (2.7s)
Train loss: 0.0078 (2.7s)
2026-06-24 17:28:16,284 - INFO - Test instance 0.2625, class 0.2625
Test instance 0.2625, class 0.2625
2026-06-24 17:28:16,284 - INFO - Best instance 0.3250, class 0.3250 (epoch 27)
Best instance 0.3250, class 0.3250 (epoch 27)
2026-06-24 17:28:16,310 - INFO - Epoch 87/200:
Epoch 87/200:
2026-06-24 17:28:18,988 - INFO - Train loss: 0.0080 (2.7s)
Train loss: 0.0080 (2.7s)
2026-06-24 17:28:19,243 - INFO - Test instance 0.2000, class 0.2000
Test instance 0.2000, class 0.2000
2026-06-24 17:28:19,243 - INFO - Best instance 0.3250, class 0.3250 (epoch 27)
Best instance 0.3250, class 0.3250 (epoch 27)
2026-06-24 17:28:19,269 - INFO - Epoch 88/200:
Epoch 88/200:
2026-06-24 17:28:21,966 - INFO - Train loss: 0.0082 (2.7s)
Train loss: 0.0082 (2.7s)
2026-06-24 17:28:22,221 - INFO - Test instance 0.2625, class 0.2625
Test instance 0.2625, class 0.2625
2026-06-24 17:28:22,221 - INFO - Best instance 0.3250, class 0.3250 (epoch 27)
Best instance 0.3250, class 0.3250 (epoch 27)
2026-06-24 17:28:22,247 - INFO - Epoch 89/200:
Epoch 89/200:
2026-06-24 17:28:24,934 - INFO - Train loss: 0.0083 (2.7s)
Train loss: 0.0083 (2.7s)
2026-06-24 17:28:25,193 - INFO - Test instance 0.2625, class 0.2625
Test instance 0.2625, class 0.2625
2026-06-24 17:28:25,194 - INFO - Best instance 0.3250, class 0.3250 (epoch 27)
Best instance 0.3250, class 0.3250 (epoch 27)
2026-06-24 17:28:25,219 - INFO - Epoch 90/200:
Epoch 90/200:
2026-06-24 17:28:27,909 - INFO - Train loss: 0.0078 (2.7s)
Train loss: 0.0078 (2.7s)
2026-06-24 17:28:28,167 - INFO - Test instance 0.2500, class 0.2500
Test instance 0.2500, class 0.2500
2026-06-24 17:28:28,167 - INFO - Best instance 0.3250, class 0.3250 (epoch 27)
Best instance 0.3250, class 0.3250 (epoch 27)
2026-06-24 17:28:28,200 - INFO - Epoch 91/200:
Epoch 91/200:
2026-06-24 17:28:30,905 - INFO - Train loss: 0.0080 (2.7s)
Train loss: 0.0080 (2.7s)
2026-06-24 17:28:31,161 - INFO - Test instance 0.2500, class 0.2500
Test instance 0.2500, class 0.2500
2026-06-24 17:28:31,162 - INFO - Best instance 0.3250, class 0.3250 (epoch 27)
Best instance 0.3250, class 0.3250 (epoch 27)
2026-06-24 17:28:31,187 - INFO - Epoch 92/200:
Epoch 92/200:
2026-06-24 17:28:33,890 - INFO - Train loss: 0.0081 (2.7s)
Train loss: 0.0081 (2.7s)
2026-06-24 17:28:34,147 - INFO - Test instance 0.2750, class 0.2750
Test instance 0.2750, class 0.2750
2026-06-24 17:28:34,147 - INFO - Best instance 0.3250, class 0.3250 (epoch 27)
Best instance 0.3250, class 0.3250 (epoch 27)
2026-06-24 17:28:34,172 - INFO - Epoch 93/200:
Epoch 93/200:
2026-06-24 17:28:36,875 - INFO - Train loss: 0.0086 (2.7s)
Train loss: 0.0086 (2.7s)
2026-06-24 17:28:37,134 - INFO - Test instance 0.2750, class 0.2750
Test instance 0.2750, class 0.2750
2026-06-24 17:28:37,134 - INFO - Best instance 0.3250, class 0.3250 (epoch 27)
Best instance 0.3250, class 0.3250 (epoch 27)
2026-06-24 17:28:37,159 - INFO - Epoch 94/200:
Epoch 94/200:
2026-06-24 17:28:39,856 - INFO - Train loss: 0.0084 (2.7s)
Train loss: 0.0084 (2.7s)
2026-06-24 17:28:40,116 - INFO - Test instance 0.2500, class 0.2500
Test instance 0.2500, class 0.2500
2026-06-24 17:28:40,117 - INFO - Best instance 0.3250, class 0.3250 (epoch 27)
Best instance 0.3250, class 0.3250 (epoch 27)
2026-06-24 17:28:40,142 - INFO - Epoch 95/200:
Epoch 95/200:
2026-06-24 17:28:42,840 - INFO - Train loss: 0.0082 (2.7s)
Train loss: 0.0082 (2.7s)
2026-06-24 17:28:43,111 - INFO - Test instance 0.2500, class 0.2500
Test instance 0.2500, class 0.2500
2026-06-24 17:28:43,111 - INFO - Best instance 0.3250, class 0.3250 (epoch 27)
Best instance 0.3250, class 0.3250 (epoch 27)
2026-06-24 17:28:43,136 - INFO - Epoch 96/200:
Epoch 96/200:
2026-06-24 17:28:45,832 - INFO - Train loss: 0.0087 (2.7s)
Train loss: 0.0087 (2.7s)
2026-06-24 17:28:46,087 - INFO - Test instance 0.2750, class 0.2750
Test instance 0.2750, class 0.2750
2026-06-24 17:28:46,088 - INFO - Best instance 0.3250, class 0.3250 (epoch 27)
Best instance 0.3250, class 0.3250 (epoch 27)
2026-06-24 17:28:46,112 - INFO - Epoch 97/200:
Epoch 97/200:
2026-06-24 17:28:48,810 - INFO - Train loss: 0.0092 (2.7s)
Train loss: 0.0092 (2.7s)
2026-06-24 17:28:49,071 - INFO - Test instance 0.2500, class 0.2500
Test instance 0.2500, class 0.2500
2026-06-24 17:28:49,071 - INFO - Best instance 0.3250, class 0.3250 (epoch 27)
Best instance 0.3250, class 0.3250 (epoch 27)
2026-06-24 17:28:49,094 - INFO - Epoch 98/200:
Epoch 98/200:
2026-06-24 17:28:51,787 - INFO - Train loss: 0.0089 (2.7s)
Train loss: 0.0089 (2.7s)
2026-06-24 17:28:52,050 - INFO - Test instance 0.2500, class 0.2500
Test instance 0.2500, class 0.2500
2026-06-24 17:28:52,051 - INFO - Best instance 0.3250, class 0.3250 (epoch 27)
Best instance 0.3250, class 0.3250 (epoch 27)
2026-06-24 17:28:52,075 - INFO - Epoch 99/200:
Epoch 99/200:
2026-06-24 17:28:54,766 - INFO - Train loss: 0.0084 (2.7s)
Train loss: 0.0084 (2.7s)
2026-06-24 17:28:55,019 - INFO - Test instance 0.2500, class 0.2500
Test instance 0.2500, class 0.2500
2026-06-24 17:28:55,020 - INFO - Best instance 0.3250, class 0.3250 (epoch 27)
Best instance 0.3250, class 0.3250 (epoch 27)
2026-06-24 17:28:55,043 - INFO - Epoch 100/200:
Epoch 100/200:
2026-06-24 17:28:57,739 - INFO - Train loss: 0.0085 (2.7s)
Train loss: 0.0085 (2.7s)
2026-06-24 17:28:57,999 - INFO - Test instance 0.2625, class 0.2625
Test instance 0.2625, class 0.2625
2026-06-24 17:28:58,000 - INFO - Best instance 0.3250, class 0.3250 (epoch 27)
Best instance 0.3250, class 0.3250 (epoch 27)
2026-06-24 17:28:58,024 - INFO - Epoch 101/200:
Epoch 101/200:
2026-06-24 17:29:00,730 - INFO - Train loss: 0.0089 (2.7s)
Train loss: 0.0089 (2.7s)
2026-06-24 17:29:00,985 - INFO - Test instance 0.2500, class 0.2500
Test instance 0.2500, class 0.2500
2026-06-24 17:29:00,986 - INFO - Best instance 0.3250, class 0.3250 (epoch 27)
Best instance 0.3250, class 0.3250 (epoch 27)
2026-06-24 17:29:01,010 - INFO - Epoch 102/200:
Epoch 102/200:
2026-06-24 17:29:03,776 - INFO - Train loss: 0.0085 (2.8s)
Train loss: 0.0085 (2.8s)
2026-06-24 17:29:04,038 - INFO - Test instance 0.2875, class 0.2875
Test instance 0.2875, class 0.2875
2026-06-24 17:29:04,038 - INFO - Best instance 0.3250, class 0.3250 (epoch 27)
Best instance 0.3250, class 0.3250 (epoch 27)
2026-06-24 17:29:04,063 - INFO - Epoch 103/200:
Epoch 103/200:
2026-06-24 17:29:06,777 - INFO - Train loss: 0.0080 (2.7s)
Train loss: 0.0080 (2.7s)
2026-06-24 17:29:07,037 - INFO - Test instance 0.3125, class 0.3125
Test instance 0.3125, class 0.3125
2026-06-24 17:29:07,037 - INFO - Best instance 0.3250, class 0.3250 (epoch 27)
Best instance 0.3250, class 0.3250 (epoch 27)
2026-06-24 17:29:07,062 - INFO - Epoch 104/200:
Epoch 104/200:
2026-06-24 17:29:09,763 - INFO - Train loss: 0.0085 (2.7s)
Train loss: 0.0085 (2.7s)
2026-06-24 17:29:10,024 - INFO - Test instance 0.2625, class 0.2625
Test instance 0.2625, class 0.2625
2026-06-24 17:29:10,025 - INFO - Best instance 0.3250, class 0.3250 (epoch 27)
Best instance 0.3250, class 0.3250 (epoch 27)
2026-06-24 17:29:10,049 - INFO - Epoch 105/200:
Epoch 105/200:
2026-06-24 17:29:12,761 - INFO - Train loss: 0.0079 (2.7s)
Train loss: 0.0079 (2.7s)
2026-06-24 17:29:13,028 - INFO - Test instance 0.2500, class 0.2500
Test instance 0.2500, class 0.2500
2026-06-24 17:29:13,029 - INFO - Best instance 0.3250, class 0.3250 (epoch 27)
Best instance 0.3250, class 0.3250 (epoch 27)
2026-06-24 17:29:13,053 - INFO - Epoch 106/200:
Epoch 106/200:
2026-06-24 17:29:15,744 - INFO - Train loss: 0.0080 (2.7s)
Train loss: 0.0080 (2.7s)
2026-06-24 17:29:15,997 - INFO - Test instance 0.2375, class 0.2375
Test instance 0.2375, class 0.2375
2026-06-24 17:29:15,997 - INFO - Best instance 0.3250, class 0.3250 (epoch 27)
Best instance 0.3250, class 0.3250 (epoch 27)
2026-06-24 17:29:16,022 - INFO - Epoch 107/200:
Epoch 107/200:
2026-06-24 17:29:18,698 - INFO - Train loss: 0.0083 (2.7s)
Train loss: 0.0083 (2.7s)
2026-06-24 17:29:18,955 - INFO - Test instance 0.2625, class 0.2625
Test instance 0.2625, class 0.2625
2026-06-24 17:29:18,956 - INFO - Best instance 0.3250, class 0.3250 (epoch 27)
Best instance 0.3250, class 0.3250 (epoch 27)
2026-06-24 17:29:18,981 - INFO - Epoch 108/200:
Epoch 108/200:
2026-06-24 17:29:21,702 - INFO - Train loss: 0.0083 (2.7s)
Train loss: 0.0083 (2.7s)
2026-06-24 17:29:21,958 - INFO - Test instance 0.2500, class 0.2500
Test instance 0.2500, class 0.2500
2026-06-24 17:29:21,958 - INFO - Best instance 0.3250, class 0.3250 (epoch 27)
Best instance 0.3250, class 0.3250 (epoch 27)
2026-06-24 17:29:21,983 - INFO - Epoch 109/200:
Epoch 109/200:
2026-06-24 17:29:24,662 - INFO - Train loss: 0.0079 (2.7s)
Train loss: 0.0079 (2.7s)
2026-06-24 17:29:24,919 - INFO - Test instance 0.2375, class 0.2375
Test instance 0.2375, class 0.2375
2026-06-24 17:29:24,919 - INFO - Best instance 0.3250, class 0.3250 (epoch 27)
Best instance 0.3250, class 0.3250 (epoch 27)
2026-06-24 17:29:24,944 - INFO - Epoch 110/200:
Epoch 110/200:
2026-06-24 17:29:27,625 - INFO - Train loss: 0.0077 (2.7s)
Train loss: 0.0077 (2.7s)
2026-06-24 17:29:27,885 - INFO - Test instance 0.2500, class 0.2500
Test instance 0.2500, class 0.2500
2026-06-24 17:29:27,886 - INFO - Best instance 0.3250, class 0.3250 (epoch 27)
Best instance 0.3250, class 0.3250 (epoch 27)
2026-06-24 17:29:27,910 - INFO - Epoch 111/200:
Epoch 111/200:
2026-06-24 17:29:30,585 - INFO - Train loss: 0.0082 (2.7s)
Train loss: 0.0082 (2.7s)
2026-06-24 17:29:30,843 - INFO - Test instance 0.2750, class 0.2750
Test instance 0.2750, class 0.2750
2026-06-24 17:29:30,843 - INFO - Best instance 0.3250, class 0.3250 (epoch 27)
Best instance 0.3250, class 0.3250 (epoch 27)
2026-06-24 17:29:30,868 - INFO - Epoch 112/200:
Epoch 112/200:
2026-06-24 17:29:33,575 - INFO - Train loss: 0.0087 (2.7s)
Train loss: 0.0087 (2.7s)
2026-06-24 17:29:33,846 - INFO - Test instance 0.2750, class 0.2750
Test instance 0.2750, class 0.2750
2026-06-24 17:29:33,846 - INFO - Best instance 0.3250, class 0.3250 (epoch 27)
Best instance 0.3250, class 0.3250 (epoch 27)
2026-06-24 17:29:33,870 - INFO - Epoch 113/200:
Epoch 113/200:
2026-06-24 17:29:36,562 - INFO - Train loss: 0.0078 (2.7s)
Train loss: 0.0078 (2.7s)
2026-06-24 17:29:36,813 - INFO - Test instance 0.2375, class 0.2375
Test instance 0.2375, class 0.2375
2026-06-24 17:29:36,813 - INFO - Best instance 0.3250, class 0.3250 (epoch 27)
Best instance 0.3250, class 0.3250 (epoch 27)
2026-06-24 17:29:36,837 - INFO - Epoch 114/200:
Epoch 114/200:
2026-06-24 17:29:39,532 - INFO - Train loss: 0.0084 (2.7s)
Train loss: 0.0084 (2.7s)
2026-06-24 17:29:39,792 - INFO - Test instance 0.2625, class 0.2625
Test instance 0.2625, class 0.2625
2026-06-24 17:29:39,793 - INFO - Best instance 0.3250, class 0.3250 (epoch 27)
Best instance 0.3250, class 0.3250 (epoch 27)
2026-06-24 17:29:39,817 - INFO - Epoch 115/200:
Epoch 115/200:
2026-06-24 17:29:42,519 - INFO - Train loss: 0.0083 (2.7s)
Train loss: 0.0083 (2.7s)
2026-06-24 17:29:42,773 - INFO - Test instance 0.2625, class 0.2625
Test instance 0.2625, class 0.2625
2026-06-24 17:29:42,773 - INFO - Best instance 0.3250, class 0.3250 (epoch 27)
Best instance 0.3250, class 0.3250 (epoch 27)
2026-06-24 17:29:42,798 - INFO - Epoch 116/200:
Epoch 116/200:
2026-06-24 17:29:45,508 - INFO - Train loss: 0.0082 (2.7s)
Train loss: 0.0082 (2.7s)
2026-06-24 17:29:45,773 - INFO - Test instance 0.2500, class 0.2500
Test instance 0.2500, class 0.2500
2026-06-24 17:29:45,773 - INFO - Best instance 0.3250, class 0.3250 (epoch 27)
Best instance 0.3250, class 0.3250 (epoch 27)
2026-06-24 17:29:45,798 - INFO - Epoch 117/200:
Epoch 117/200:
2026-06-24 17:29:48,505 - INFO - Train loss: 0.0085 (2.7s)
Train loss: 0.0085 (2.7s)
2026-06-24 17:29:48,761 - INFO - Test instance 0.2500, class 0.2500
Test instance 0.2500, class 0.2500
2026-06-24 17:29:48,762 - INFO - Best instance 0.3250, class 0.3250 (epoch 27)
Best instance 0.3250, class 0.3250 (epoch 27)
2026-06-24 17:29:48,786 - INFO - Epoch 118/200:
Epoch 118/200:
2026-06-24 17:29:51,496 - INFO - Train loss: 0.0081 (2.7s)
Train loss: 0.0081 (2.7s)
2026-06-24 17:29:51,753 - INFO - Test instance 0.2500, class 0.2500
Test instance 0.2500, class 0.2500
2026-06-24 17:29:51,754 - INFO - Best instance 0.3250, class 0.3250 (epoch 27)
Best instance 0.3250, class 0.3250 (epoch 27)
2026-06-24 17:29:51,779 - INFO - Epoch 119/200:
Epoch 119/200:
2026-06-24 17:29:54,472 - INFO - Train loss: 0.0086 (2.7s)
Train loss: 0.0086 (2.7s)
2026-06-24 17:29:54,735 - INFO - Test instance 0.2500, class 0.2500
Test instance 0.2500, class 0.2500
2026-06-24 17:29:54,735 - INFO - Best instance 0.3250, class 0.3250 (epoch 27)
Best instance 0.3250, class 0.3250 (epoch 27)
2026-06-24 17:29:54,760 - INFO - Epoch 120/200:
Epoch 120/200:
2026-06-24 17:29:57,471 - INFO - Train loss: 0.0083 (2.7s)
Train loss: 0.0083 (2.7s)
2026-06-24 17:29:57,727 - INFO - Test instance 0.2500, class 0.2500
Test instance 0.2500, class 0.2500
2026-06-24 17:29:57,727 - INFO - Best instance 0.3250, class 0.3250 (epoch 27)
Best instance 0.3250, class 0.3250 (epoch 27)
2026-06-24 17:29:57,752 - INFO - Epoch 121/200:
Epoch 121/200:
2026-06-24 17:30:00,442 - INFO - Train loss: 0.0082 (2.7s)
Train loss: 0.0082 (2.7s)
2026-06-24 17:30:00,700 - INFO - Test instance 0.2500, class 0.2500
Test instance 0.2500, class 0.2500
2026-06-24 17:30:00,701 - INFO - Best instance 0.3250, class 0.3250 (epoch 27)
Best instance 0.3250, class 0.3250 (epoch 27)
2026-06-24 17:30:00,726 - INFO - Epoch 122/200:
Epoch 122/200:
2026-06-24 17:30:03,483 - INFO - Train loss: 0.0090 (2.8s)
Train loss: 0.0090 (2.8s)
2026-06-24 17:30:03,739 - INFO - Test instance 0.2500, class 0.2500
Test instance 0.2500, class 0.2500
2026-06-24 17:30:03,739 - INFO - Best instance 0.3250, class 0.3250 (epoch 27)
Best instance 0.3250, class 0.3250 (epoch 27)
2026-06-24 17:30:03,764 - INFO - Epoch 123/200:
Epoch 123/200:
2026-06-24 17:30:06,456 - INFO - Train loss: 0.0087 (2.7s)
Train loss: 0.0087 (2.7s)
2026-06-24 17:30:06,711 - INFO - Test instance 0.2000, class 0.2000
Test instance 0.2000, class 0.2000
2026-06-24 17:30:06,711 - INFO - Best instance 0.3250, class 0.3250 (epoch 27)
Best instance 0.3250, class 0.3250 (epoch 27)
2026-06-24 17:30:06,735 - INFO - Epoch 124/200:
Epoch 124/200:
2026-06-24 17:30:09,420 - INFO - Train loss: 0.0082 (2.7s)
Train loss: 0.0082 (2.7s)
2026-06-24 17:30:09,671 - INFO - Test instance 0.2875, class 0.2875
Test instance 0.2875, class 0.2875
2026-06-24 17:30:09,672 - INFO - Best instance 0.3250, class 0.3250 (epoch 27)
Best instance 0.3250, class 0.3250 (epoch 27)
2026-06-24 17:30:09,696 - INFO - Epoch 125/200:
Epoch 125/200:
2026-06-24 17:30:12,390 - INFO - Train loss: 0.0081 (2.7s)
Train loss: 0.0081 (2.7s)
2026-06-24 17:30:12,649 - INFO - Test instance 0.2625, class 0.2625
Test instance 0.2625, class 0.2625
2026-06-24 17:30:12,650 - INFO - Best instance 0.3250, class 0.3250 (epoch 27)
Best instance 0.3250, class 0.3250 (epoch 27)
2026-06-24 17:30:12,674 - INFO - Epoch 126/200:
Epoch 126/200:
2026-06-24 17:30:15,382 - INFO - Train loss: 0.0083 (2.7s)
Train loss: 0.0083 (2.7s)
2026-06-24 17:30:15,638 - INFO - Test instance 0.2500, class 0.2500
Test instance 0.2500, class 0.2500
2026-06-24 17:30:15,638 - INFO - Best instance 0.3250, class 0.3250 (epoch 27)
Best instance 0.3250, class 0.3250 (epoch 27)
2026-06-24 17:30:15,662 - INFO - Epoch 127/200:
Epoch 127/200:
2026-06-24 17:30:18,354 - INFO - Train loss: 0.0077 (2.7s)
Train loss: 0.0077 (2.7s)
2026-06-24 17:30:18,616 - INFO - Test instance 0.2375, class 0.2375
Test instance 0.2375, class 0.2375
2026-06-24 17:30:18,617 - INFO - Best instance 0.3250, class 0.3250 (epoch 27)
Best instance 0.3250, class 0.3250 (epoch 27)
2026-06-24 17:30:18,641 - INFO - Epoch 128/200:
Epoch 128/200:
2026-06-24 17:30:21,344 - INFO - Train loss: 0.0080 (2.7s)
Train loss: 0.0080 (2.7s)
2026-06-24 17:30:21,599 - INFO - Test instance 0.2625, class 0.2625
Test instance 0.2625, class 0.2625
2026-06-24 17:30:21,599 - INFO - Best instance 0.3250, class 0.3250 (epoch 27)
Best instance 0.3250, class 0.3250 (epoch 27)
2026-06-24 17:30:21,623 - INFO - Epoch 129/200:
Epoch 129/200:
2026-06-24 17:30:24,335 - INFO - Train loss: 0.0076 (2.7s)
Train loss: 0.0076 (2.7s)
2026-06-24 17:30:24,594 - INFO - Test instance 0.2625, class 0.2625
Test instance 0.2625, class 0.2625
2026-06-24 17:30:24,594 - INFO - Best instance 0.3250, class 0.3250 (epoch 27)
Best instance 0.3250, class 0.3250 (epoch 27)
2026-06-24 17:30:24,617 - INFO - Epoch 130/200:
Epoch 130/200:
2026-06-24 17:30:27,294 - INFO - Train loss: 0.0076 (2.7s)
Train loss: 0.0076 (2.7s)
2026-06-24 17:30:27,551 - INFO - Test instance 0.2625, class 0.2625
Test instance 0.2625, class 0.2625
2026-06-24 17:30:27,552 - INFO - Best instance 0.3250, class 0.3250 (epoch 27)
Best instance 0.3250, class 0.3250 (epoch 27)
2026-06-24 17:30:27,576 - INFO - Epoch 131/200:
Epoch 131/200:
2026-06-24 17:30:30,241 - INFO - Train loss: 0.0078 (2.7s)
Train loss: 0.0078 (2.7s)
2026-06-24 17:30:30,494 - INFO - Test instance 0.2625, class 0.2625
Test instance 0.2625, class 0.2625
2026-06-24 17:30:30,494 - INFO - Best instance 0.3250, class 0.3250 (epoch 27)
Best instance 0.3250, class 0.3250 (epoch 27)
2026-06-24 17:30:30,519 - INFO - Epoch 132/200:
Epoch 132/200:
2026-06-24 17:30:33,237 - INFO - Train loss: 0.0076 (2.7s)
Train loss: 0.0076 (2.7s)
2026-06-24 17:30:33,497 - INFO - Test instance 0.2375, class 0.2375
Test instance 0.2375, class 0.2375
2026-06-24 17:30:33,497 - INFO - Best instance 0.3250, class 0.3250 (epoch 27)
Best instance 0.3250, class 0.3250 (epoch 27)
2026-06-24 17:30:33,521 - INFO - Epoch 133/200:
Epoch 133/200:
2026-06-24 17:30:36,220 - INFO - Train loss: 0.0078 (2.7s)
Train loss: 0.0078 (2.7s)
2026-06-24 17:30:36,478 - INFO - Test instance 0.2375, class 0.2375
Test instance 0.2375, class 0.2375
2026-06-24 17:30:36,478 - INFO - Best instance 0.3250, class 0.3250 (epoch 27)
Best instance 0.3250, class 0.3250 (epoch 27)
2026-06-24 17:30:36,503 - INFO - Epoch 134/200:
Epoch 134/200:
2026-06-24 17:30:39,173 - INFO - Train loss: 0.0088 (2.7s)
Train loss: 0.0088 (2.7s)
2026-06-24 17:30:39,433 - INFO - Test instance 0.2625, class 0.2625
Test instance 0.2625, class 0.2625
2026-06-24 17:30:39,434 - INFO - Best instance 0.3250, class 0.3250 (epoch 27)
Best instance 0.3250, class 0.3250 (epoch 27)
2026-06-24 17:30:39,457 - INFO - Epoch 135/200:
Epoch 135/200:
2026-06-24 17:30:42,138 - INFO - Train loss: 0.0085 (2.7s)
Train loss: 0.0085 (2.7s)
2026-06-24 17:30:42,396 - INFO - Test instance 0.2625, class 0.2625
Test instance 0.2625, class 0.2625
2026-06-24 17:30:42,396 - INFO - Best instance 0.3250, class 0.3250 (epoch 27)
Best instance 0.3250, class 0.3250 (epoch 27)
2026-06-24 17:30:42,419 - INFO - Epoch 136/200:
Epoch 136/200:
2026-06-24 17:30:45,134 - INFO - Train loss: 0.0087 (2.7s)
Train loss: 0.0087 (2.7s)
2026-06-24 17:30:45,389 - INFO - Test instance 0.2625, class 0.2625
Test instance 0.2625, class 0.2625
2026-06-24 17:30:45,389 - INFO - Best instance 0.3250, class 0.3250 (epoch 27)
Best instance 0.3250, class 0.3250 (epoch 27)
2026-06-24 17:30:45,414 - INFO - Epoch 137/200:
Epoch 137/200:
2026-06-24 17:30:48,111 - INFO - Train loss: 0.0079 (2.7s)
Train loss: 0.0079 (2.7s)
2026-06-24 17:30:48,373 - INFO - Test instance 0.2500, class 0.2500
Test instance 0.2500, class 0.2500
2026-06-24 17:30:48,373 - INFO - Best instance 0.3250, class 0.3250 (epoch 27)
Best instance 0.3250, class 0.3250 (epoch 27)
2026-06-24 17:30:48,397 - INFO - Epoch 138/200:
Epoch 138/200:
2026-06-24 17:30:51,078 - INFO - Train loss: 0.0074 (2.7s)
Train loss: 0.0074 (2.7s)
2026-06-24 17:30:51,349 - INFO - Test instance 0.2875, class 0.2875
Test instance 0.2875, class 0.2875
2026-06-24 17:30:51,349 - INFO - Best instance 0.3250, class 0.3250 (epoch 27)
Best instance 0.3250, class 0.3250 (epoch 27)
2026-06-24 17:30:51,373 - INFO - Epoch 139/200:
Epoch 139/200:
2026-06-24 17:30:54,072 - INFO - Train loss: 0.0082 (2.7s)
Train loss: 0.0082 (2.7s)
2026-06-24 17:30:54,327 - INFO - Test instance 0.2625, class 0.2625
Test instance 0.2625, class 0.2625
2026-06-24 17:30:54,327 - INFO - Best instance 0.3250, class 0.3250 (epoch 27)
Best instance 0.3250, class 0.3250 (epoch 27)
2026-06-24 17:30:54,351 - INFO - Epoch 140/200:
Epoch 140/200:
2026-06-24 17:30:57,046 - INFO - Train loss: 0.0082 (2.7s)
Train loss: 0.0082 (2.7s)
2026-06-24 17:30:57,298 - INFO - Test instance 0.2625, class 0.2625
Test instance 0.2625, class 0.2625
2026-06-24 17:30:57,298 - INFO - Best instance 0.3250, class 0.3250 (epoch 27)
Best instance 0.3250, class 0.3250 (epoch 27)
2026-06-24 17:30:57,322 - INFO - Epoch 141/200:
Epoch 141/200:
2026-06-24 17:31:00,019 - INFO - Train loss: 0.0084 (2.7s)
Train loss: 0.0084 (2.7s)
2026-06-24 17:31:00,277 - INFO - Test instance 0.2125, class 0.2125
Test instance 0.2125, class 0.2125
2026-06-24 17:31:00,277 - INFO - Best instance 0.3250, class 0.3250 (epoch 27)
Best instance 0.3250, class 0.3250 (epoch 27)
2026-06-24 17:31:00,301 - INFO - Epoch 142/200:
Epoch 142/200:
2026-06-24 17:31:03,028 - INFO - Train loss: 0.0077 (2.7s)
Train loss: 0.0077 (2.7s)
2026-06-24 17:31:03,300 - INFO - Test instance 0.2625, class 0.2625
Test instance 0.2625, class 0.2625
2026-06-24 17:31:03,301 - INFO - Best instance 0.3250, class 0.3250 (epoch 27)
Best instance 0.3250, class 0.3250 (epoch 27)
2026-06-24 17:31:03,325 - INFO - Epoch 143/200:
Epoch 143/200:
2026-06-24 17:31:06,027 - INFO - Train loss: 0.0081 (2.7s)
Train loss: 0.0081 (2.7s)
2026-06-24 17:31:06,285 - INFO - Test instance 0.2875, class 0.2875
Test instance 0.2875, class 0.2875
2026-06-24 17:31:06,285 - INFO - Best instance 0.3250, class 0.3250 (epoch 27)
Best instance 0.3250, class 0.3250 (epoch 27)
2026-06-24 17:31:06,310 - INFO - Epoch 144/200:
Epoch 144/200:
2026-06-24 17:31:08,984 - INFO - Train loss: 0.0081 (2.7s)
Train loss: 0.0081 (2.7s)
2026-06-24 17:31:09,240 - INFO - Test instance 0.3000, class 0.3000
Test instance 0.3000, class 0.3000
2026-06-24 17:31:09,240 - INFO - Best instance 0.3250, class 0.3250 (epoch 27)
Best instance 0.3250, class 0.3250 (epoch 27)
2026-06-24 17:31:09,264 - INFO - Epoch 145/200:
Epoch 145/200:
2026-06-24 17:31:11,950 - INFO - Train loss: 0.0078 (2.7s)
Train loss: 0.0078 (2.7s)
2026-06-24 17:31:12,201 - INFO - Test instance 0.2500, class 0.2500
Test instance 0.2500, class 0.2500
2026-06-24 17:31:12,202 - INFO - Best instance 0.3250, class 0.3250 (epoch 27)
Best instance 0.3250, class 0.3250 (epoch 27)
2026-06-24 17:31:12,227 - INFO - Epoch 146/200:
Epoch 146/200:
2026-06-24 17:31:14,951 - INFO - Train loss: 0.0079 (2.7s)
Train loss: 0.0079 (2.7s)
2026-06-24 17:31:15,211 - INFO - Test instance 0.2500, class 0.2500
Test instance 0.2500, class 0.2500
2026-06-24 17:31:15,211 - INFO - Best instance 0.3250, class 0.3250 (epoch 27)
Best instance 0.3250, class 0.3250 (epoch 27)
2026-06-24 17:31:15,235 - INFO - Epoch 147/200:
Epoch 147/200:
2026-06-24 17:31:17,923 - INFO - Train loss: 0.0084 (2.7s)
Train loss: 0.0084 (2.7s)
2026-06-24 17:31:18,193 - INFO - Test instance 0.2500, class 0.2500
Test instance 0.2500, class 0.2500
2026-06-24 17:31:18,194 - INFO - Best instance 0.3250, class 0.3250 (epoch 27)
Best instance 0.3250, class 0.3250 (epoch 27)
2026-06-24 17:31:18,218 - INFO - Epoch 148/200:
Epoch 148/200:
2026-06-24 17:31:20,881 - INFO - Train loss: 0.0087 (2.7s)
Train loss: 0.0087 (2.7s)
2026-06-24 17:31:21,148 - INFO - Test instance 0.2625, class 0.2625
Test instance 0.2625, class 0.2625
2026-06-24 17:31:21,149 - INFO - Best instance 0.3250, class 0.3250 (epoch 27)
Best instance 0.3250, class 0.3250 (epoch 27)
2026-06-24 17:31:21,173 - INFO - Epoch 149/200:
Epoch 149/200:
2026-06-24 17:31:23,837 - INFO - Train loss: 0.0077 (2.7s)
Train loss: 0.0077 (2.7s)
2026-06-24 17:31:24,103 - INFO - Test instance 0.2625, class 0.2625
Test instance 0.2625, class 0.2625
2026-06-24 17:31:24,103 - INFO - Best instance 0.3250, class 0.3250 (epoch 27)
Best instance 0.3250, class 0.3250 (epoch 27)
2026-06-24 17:31:24,127 - INFO - Epoch 150/200:
Epoch 150/200:
2026-06-24 17:31:26,813 - INFO - Train loss: 0.0075 (2.7s)
Train loss: 0.0075 (2.7s)
2026-06-24 17:31:27,071 - INFO - Test instance 0.2500, class 0.2500
Test instance 0.2500, class 0.2500
2026-06-24 17:31:27,071 - INFO - Best instance 0.3250, class 0.3250 (epoch 27)
Best instance 0.3250, class 0.3250 (epoch 27)
2026-06-24 17:31:27,096 - INFO - Epoch 151/200:
Epoch 151/200:
2026-06-24 17:31:29,768 - INFO - Train loss: 0.0083 (2.7s)
Train loss: 0.0083 (2.7s)
2026-06-24 17:31:30,026 - INFO - Test instance 0.2500, class 0.2500
Test instance 0.2500, class 0.2500
2026-06-24 17:31:30,027 - INFO - Best instance 0.3250, class 0.3250 (epoch 27)
Best instance 0.3250, class 0.3250 (epoch 27)
2026-06-24 17:31:30,051 - INFO - Epoch 152/200:
Epoch 152/200:
2026-06-24 17:31:32,734 - INFO - Train loss: 0.0082 (2.7s)
Train loss: 0.0082 (2.7s)
2026-06-24 17:31:32,986 - INFO - Test instance 0.2500, class 0.2500
Test instance 0.2500, class 0.2500
2026-06-24 17:31:32,986 - INFO - Best instance 0.3250, class 0.3250 (epoch 27)
Best instance 0.3250, class 0.3250 (epoch 27)
2026-06-24 17:31:33,011 - INFO - Epoch 153/200:
Epoch 153/200:
2026-06-24 17:31:35,733 - INFO - Train loss: 0.0084 (2.7s)
Train loss: 0.0084 (2.7s)
2026-06-24 17:31:35,987 - INFO - Test instance 0.2750, class 0.2750
Test instance 0.2750, class 0.2750
2026-06-24 17:31:35,987 - INFO - Best instance 0.3250, class 0.3250 (epoch 27)
Best instance 0.3250, class 0.3250 (epoch 27)
2026-06-24 17:31:36,012 - INFO - Epoch 154/200:
Epoch 154/200:
2026-06-24 17:31:38,698 - INFO - Train loss: 0.0083 (2.7s)
Train loss: 0.0083 (2.7s)
2026-06-24 17:31:38,951 - INFO - Test instance 0.2625, class 0.2625
Test instance 0.2625, class 0.2625
2026-06-24 17:31:38,951 - INFO - Best instance 0.3250, class 0.3250 (epoch 27)
Best instance 0.3250, class 0.3250 (epoch 27)
2026-06-24 17:31:38,975 - INFO - Epoch 155/200:
Epoch 155/200:
2026-06-24 17:31:41,678 - INFO - Train loss: 0.0083 (2.7s)
Train loss: 0.0083 (2.7s)
2026-06-24 17:31:41,942 - INFO - Test instance 0.2625, class 0.2625
Test instance 0.2625, class 0.2625
2026-06-24 17:31:41,942 - INFO - Best instance 0.3250, class 0.3250 (epoch 27)
Best instance 0.3250, class 0.3250 (epoch 27)
2026-06-24 17:31:41,966 - INFO - Epoch 156/200:
Epoch 156/200:
2026-06-24 17:31:44,673 - INFO - Train loss: 0.0080 (2.7s)
Train loss: 0.0080 (2.7s)
2026-06-24 17:31:44,937 - INFO - Test instance 0.2500, class 0.2500
Test instance 0.2500, class 0.2500
2026-06-24 17:31:44,937 - INFO - Best instance 0.3250, class 0.3250 (epoch 27)
Best instance 0.3250, class 0.3250 (epoch 27)
2026-06-24 17:31:44,961 - INFO - Epoch 157/200:
Epoch 157/200:
2026-06-24 17:31:47,653 - INFO - Train loss: 0.0080 (2.7s)
Train loss: 0.0080 (2.7s)
2026-06-24 17:31:47,915 - INFO - Test instance 0.2500, class 0.2500
Test instance 0.2500, class 0.2500
2026-06-24 17:31:47,915 - INFO - Best instance 0.3250, class 0.3250 (epoch 27)
Best instance 0.3250, class 0.3250 (epoch 27)
2026-06-24 17:31:47,940 - INFO - Epoch 158/200:
Epoch 158/200:
2026-06-24 17:31:50,668 - INFO - Train loss: 0.0083 (2.7s)
Train loss: 0.0083 (2.7s)
2026-06-24 17:31:50,927 - INFO - Test instance 0.2500, class 0.2500
Test instance 0.2500, class 0.2500
2026-06-24 17:31:50,928 - INFO - Best instance 0.3250, class 0.3250 (epoch 27)
Best instance 0.3250, class 0.3250 (epoch 27)
2026-06-24 17:31:50,952 - INFO - Epoch 159/200:
Epoch 159/200:
2026-06-24 17:31:53,697 - INFO - Train loss: 0.0082 (2.7s)
Train loss: 0.0082 (2.7s)
2026-06-24 17:31:53,956 - INFO - Test instance 0.2500, class 0.2500
Test instance 0.2500, class 0.2500
2026-06-24 17:31:53,956 - INFO - Best instance 0.3250, class 0.3250 (epoch 27)
Best instance 0.3250, class 0.3250 (epoch 27)
2026-06-24 17:31:53,981 - INFO - Epoch 160/200:
Epoch 160/200:
2026-06-24 17:31:56,722 - INFO - Train loss: 0.0084 (2.7s)
Train loss: 0.0084 (2.7s)
2026-06-24 17:31:56,970 - INFO - Test instance 0.2500, class 0.2500
Test instance 0.2500, class 0.2500
2026-06-24 17:31:56,970 - INFO - Best instance 0.3250, class 0.3250 (epoch 27)
Best instance 0.3250, class 0.3250 (epoch 27)
2026-06-24 17:31:56,994 - INFO - Epoch 161/200:
Epoch 161/200:
2026-06-24 17:31:59,700 - INFO - Train loss: 0.0081 (2.7s)
Train loss: 0.0081 (2.7s)
2026-06-24 17:31:59,958 - INFO - Test instance 0.2500, class 0.2500
Test instance 0.2500, class 0.2500
2026-06-24 17:31:59,958 - INFO - Best instance 0.3250, class 0.3250 (epoch 27)
Best instance 0.3250, class 0.3250 (epoch 27)
2026-06-24 17:31:59,982 - INFO - Epoch 162/200:
Epoch 162/200:
2026-06-24 17:32:02,738 - INFO - Train loss: 0.0080 (2.8s)
Train loss: 0.0080 (2.8s)
2026-06-24 17:32:02,994 - INFO - Test instance 0.2500, class 0.2500
Test instance 0.2500, class 0.2500
2026-06-24 17:32:02,994 - INFO - Best instance 0.3250, class 0.3250 (epoch 27)
Best instance 0.3250, class 0.3250 (epoch 27)
2026-06-24 17:32:03,019 - INFO - Epoch 163/200:
Epoch 163/200:
2026-06-24 17:32:05,742 - INFO - Train loss: 0.0090 (2.7s)
Train loss: 0.0090 (2.7s)
2026-06-24 17:32:06,005 - INFO - Test instance 0.2500, class 0.2500
Test instance 0.2500, class 0.2500
2026-06-24 17:32:06,005 - INFO - Best instance 0.3250, class 0.3250 (epoch 27)
Best instance 0.3250, class 0.3250 (epoch 27)
2026-06-24 17:32:06,030 - INFO - Epoch 164/200:
Epoch 164/200:
2026-06-24 17:32:08,729 - INFO - Train loss: 0.0078 (2.7s)
Train loss: 0.0078 (2.7s)
2026-06-24 17:32:08,986 - INFO - Test instance 0.2625, class 0.2625
Test instance 0.2625, class 0.2625
2026-06-24 17:32:08,986 - INFO - Best instance 0.3250, class 0.3250 (epoch 27)
Best instance 0.3250, class 0.3250 (epoch 27)
2026-06-24 17:32:09,011 - INFO - Epoch 165/200:
Epoch 165/200:
2026-06-24 17:32:11,701 - INFO - Train loss: 0.0089 (2.7s)
Train loss: 0.0089 (2.7s)
2026-06-24 17:32:11,962 - INFO - Test instance 0.2375, class 0.2375
Test instance 0.2375, class 0.2375
2026-06-24 17:32:11,963 - INFO - Best instance 0.3250, class 0.3250 (epoch 27)
Best instance 0.3250, class 0.3250 (epoch 27)
2026-06-24 17:32:11,987 - INFO - Epoch 166/200:
Epoch 166/200:
2026-06-24 17:32:14,687 - INFO - Train loss: 0.0078 (2.7s)
Train loss: 0.0078 (2.7s)
2026-06-24 17:32:14,948 - INFO - Test instance 0.2625, class 0.2625
Test instance 0.2625, class 0.2625
2026-06-24 17:32:14,948 - INFO - Best instance 0.3250, class 0.3250 (epoch 27)
Best instance 0.3250, class 0.3250 (epoch 27)
2026-06-24 17:32:14,973 - INFO - Epoch 167/200:
Epoch 167/200:
2026-06-24 17:32:17,664 - INFO - Train loss: 0.0079 (2.7s)
Train loss: 0.0079 (2.7s)
2026-06-24 17:32:17,919 - INFO - Test instance 0.2500, class 0.2500
Test instance 0.2500, class 0.2500
2026-06-24 17:32:17,920 - INFO - Best instance 0.3250, class 0.3250 (epoch 27)
Best instance 0.3250, class 0.3250 (epoch 27)
2026-06-24 17:32:17,943 - INFO - Epoch 168/200:
Epoch 168/200:
2026-06-24 17:32:20,652 - INFO - Train loss: 0.0085 (2.7s)
Train loss: 0.0085 (2.7s)
2026-06-24 17:32:20,907 - INFO - Test instance 0.2375, class 0.2375
Test instance 0.2375, class 0.2375
2026-06-24 17:32:20,907 - INFO - Best instance 0.3250, class 0.3250 (epoch 27)
Best instance 0.3250, class 0.3250 (epoch 27)
2026-06-24 17:32:20,932 - INFO - Epoch 169/200:
Epoch 169/200:
2026-06-24 17:32:23,615 - INFO - Train loss: 0.0082 (2.7s)
Train loss: 0.0082 (2.7s)
2026-06-24 17:32:23,871 - INFO - Test instance 0.2500, class 0.2500
Test instance 0.2500, class 0.2500
2026-06-24 17:32:23,871 - INFO - Best instance 0.3250, class 0.3250 (epoch 27)
Best instance 0.3250, class 0.3250 (epoch 27)
2026-06-24 17:32:23,895 - INFO - Epoch 170/200:
Epoch 170/200:
2026-06-24 17:32:26,572 - INFO - Train loss: 0.0083 (2.7s)
Train loss: 0.0083 (2.7s)
2026-06-24 17:32:26,828 - INFO - Test instance 0.2625, class 0.2625
Test instance 0.2625, class 0.2625
2026-06-24 17:32:26,829 - INFO - Best instance 0.3250, class 0.3250 (epoch 27)
Best instance 0.3250, class 0.3250 (epoch 27)
2026-06-24 17:32:26,858 - INFO - Epoch 171/200:
Epoch 171/200:
2026-06-24 17:32:29,546 - INFO - Train loss: 0.0079 (2.7s)
Train loss: 0.0079 (2.7s)
2026-06-24 17:32:29,809 - INFO - Test instance 0.2750, class 0.2750
Test instance 0.2750, class 0.2750
2026-06-24 17:32:29,809 - INFO - Best instance 0.3250, class 0.3250 (epoch 27)
Best instance 0.3250, class 0.3250 (epoch 27)
2026-06-24 17:32:29,834 - INFO - Epoch 172/200:
Epoch 172/200:
2026-06-24 17:32:32,519 - INFO - Train loss: 0.0083 (2.7s)
Train loss: 0.0083 (2.7s)
2026-06-24 17:32:32,772 - INFO - Test instance 0.2750, class 0.2750
Test instance 0.2750, class 0.2750
2026-06-24 17:32:32,773 - INFO - Best instance 0.3250, class 0.3250 (epoch 27)
Best instance 0.3250, class 0.3250 (epoch 27)
2026-06-24 17:32:32,797 - INFO - Epoch 173/200:
Epoch 173/200:
2026-06-24 17:32:35,507 - INFO - Train loss: 0.0080 (2.7s)
Train loss: 0.0080 (2.7s)
2026-06-24 17:32:35,769 - INFO - Test instance 0.2750, class 0.2750
Test instance 0.2750, class 0.2750
2026-06-24 17:32:35,769 - INFO - Best instance 0.3250, class 0.3250 (epoch 27)
Best instance 0.3250, class 0.3250 (epoch 27)
2026-06-24 17:32:35,794 - INFO - Epoch 174/200:
Epoch 174/200:
2026-06-24 17:32:38,491 - INFO - Train loss: 0.0080 (2.7s)
Train loss: 0.0080 (2.7s)
2026-06-24 17:32:38,751 - INFO - Test instance 0.2500, class 0.2500
Test instance 0.2500, class 0.2500
2026-06-24 17:32:38,751 - INFO - Best instance 0.3250, class 0.3250 (epoch 27)
Best instance 0.3250, class 0.3250 (epoch 27)
2026-06-24 17:32:38,775 - INFO - Epoch 175/200:
Epoch 175/200:
2026-06-24 17:32:41,454 - INFO - Train loss: 0.0076 (2.7s)
Train loss: 0.0076 (2.7s)
2026-06-24 17:32:41,708 - INFO - Test instance 0.2500, class 0.2500
Test instance 0.2500, class 0.2500
2026-06-24 17:32:41,708 - INFO - Best instance 0.3250, class 0.3250 (epoch 27)
Best instance 0.3250, class 0.3250 (epoch 27)
2026-06-24 17:32:41,732 - INFO - Epoch 176/200:
Epoch 176/200:
2026-06-24 17:32:44,412 - INFO - Train loss: 0.0088 (2.7s)
Train loss: 0.0088 (2.7s)
2026-06-24 17:32:44,665 - INFO - Test instance 0.2500, class 0.2500
Test instance 0.2500, class 0.2500
2026-06-24 17:32:44,665 - INFO - Best instance 0.3250, class 0.3250 (epoch 27)
Best instance 0.3250, class 0.3250 (epoch 27)
2026-06-24 17:32:44,701 - INFO - Epoch 177/200:
Epoch 177/200:
2026-06-24 17:32:47,399 - INFO - Train loss: 0.0087 (2.7s)
Train loss: 0.0087 (2.7s)
2026-06-24 17:32:47,656 - INFO - Test instance 0.2500, class 0.2500
Test instance 0.2500, class 0.2500
2026-06-24 17:32:47,657 - INFO - Best instance 0.3250, class 0.3250 (epoch 27)
Best instance 0.3250, class 0.3250 (epoch 27)
2026-06-24 17:32:47,681 - INFO - Epoch 178/200:
Epoch 178/200:
2026-06-24 17:32:50,372 - INFO - Train loss: 0.0077 (2.7s)
Train loss: 0.0077 (2.7s)
2026-06-24 17:32:50,636 - INFO - Test instance 0.2500, class 0.2500
Test instance 0.2500, class 0.2500
2026-06-24 17:32:50,636 - INFO - Best instance 0.3250, class 0.3250 (epoch 27)
Best instance 0.3250, class 0.3250 (epoch 27)
2026-06-24 17:32:50,660 - INFO - Epoch 179/200:
Epoch 179/200:
2026-06-24 17:32:53,352 - INFO - Train loss: 0.0088 (2.7s)
Train loss: 0.0088 (2.7s)
2026-06-24 17:32:53,610 - INFO - Test instance 0.2500, class 0.2500
Test instance 0.2500, class 0.2500
2026-06-24 17:32:53,610 - INFO - Best instance 0.3250, class 0.3250 (epoch 27)
Best instance 0.3250, class 0.3250 (epoch 27)
2026-06-24 17:32:53,634 - INFO - Epoch 180/200:
Epoch 180/200:
2026-06-24 17:32:56,304 - INFO - Train loss: 0.0088 (2.7s)
Train loss: 0.0088 (2.7s)
2026-06-24 17:32:56,563 - INFO - Test instance 0.2500, class 0.2500
Test instance 0.2500, class 0.2500
2026-06-24 17:32:56,564 - INFO - Best instance 0.3250, class 0.3250 (epoch 27)
Best instance 0.3250, class 0.3250 (epoch 27)
2026-06-24 17:32:56,587 - INFO - Epoch 181/200:
Epoch 181/200:
2026-06-24 17:32:59,299 - INFO - Train loss: 0.0077 (2.7s)
Train loss: 0.0077 (2.7s)
2026-06-24 17:32:59,560 - INFO - Test instance 0.2500, class 0.2500
Test instance 0.2500, class 0.2500
2026-06-24 17:32:59,560 - INFO - Best instance 0.3250, class 0.3250 (epoch 27)
Best instance 0.3250, class 0.3250 (epoch 27)
2026-06-24 17:32:59,584 - INFO - Epoch 182/200:
Epoch 182/200:
2026-06-24 17:33:02,342 - INFO - Train loss: 0.0086 (2.8s)
Train loss: 0.0086 (2.8s)
2026-06-24 17:33:02,607 - INFO - Test instance 0.2500, class 0.2500
Test instance 0.2500, class 0.2500
2026-06-24 17:33:02,607 - INFO - Best instance 0.3250, class 0.3250 (epoch 27)
Best instance 0.3250, class 0.3250 (epoch 27)
2026-06-24 17:33:02,632 - INFO - Epoch 183/200:
Epoch 183/200:
2026-06-24 17:33:05,331 - INFO - Train loss: 0.0085 (2.7s)
Train loss: 0.0085 (2.7s)
2026-06-24 17:33:05,589 - INFO - Test instance 0.2500, class 0.2500
Test instance 0.2500, class 0.2500
2026-06-24 17:33:05,590 - INFO - Best instance 0.3250, class 0.3250 (epoch 27)
Best instance 0.3250, class 0.3250 (epoch 27)
2026-06-24 17:33:05,614 - INFO - Epoch 184/200:
Epoch 184/200:
2026-06-24 17:33:08,305 - INFO - Train loss: 0.0083 (2.7s)
Train loss: 0.0083 (2.7s)
2026-06-24 17:33:08,571 - INFO - Test instance 0.2500, class 0.2500
Test instance 0.2500, class 0.2500
2026-06-24 17:33:08,571 - INFO - Best instance 0.3250, class 0.3250 (epoch 27)
Best instance 0.3250, class 0.3250 (epoch 27)
2026-06-24 17:33:08,594 - INFO - Epoch 185/200:
Epoch 185/200:
2026-06-24 17:33:11,299 - INFO - Train loss: 0.0087 (2.7s)
Train loss: 0.0087 (2.7s)
2026-06-24 17:33:11,557 - INFO - Test instance 0.2500, class 0.2500
Test instance 0.2500, class 0.2500
2026-06-24 17:33:11,557 - INFO - Best instance 0.3250, class 0.3250 (epoch 27)
Best instance 0.3250, class 0.3250 (epoch 27)
2026-06-24 17:33:11,580 - INFO - Epoch 186/200:
Epoch 186/200:
2026-06-24 17:33:14,276 - INFO - Train loss: 0.0088 (2.7s)
Train loss: 0.0088 (2.7s)
2026-06-24 17:33:14,534 - INFO - Test instance 0.2500, class 0.2500
Test instance 0.2500, class 0.2500
2026-06-24 17:33:14,535 - INFO - Best instance 0.3250, class 0.3250 (epoch 27)
Best instance 0.3250, class 0.3250 (epoch 27)
2026-06-24 17:33:14,558 - INFO - Epoch 187/200:
Epoch 187/200:
2026-06-24 17:33:17,243 - INFO - Train loss: 0.0075 (2.7s)
Train loss: 0.0075 (2.7s)
2026-06-24 17:33:17,499 - INFO - Test instance 0.2500, class 0.2500
Test instance 0.2500, class 0.2500
2026-06-24 17:33:17,500 - INFO - Best instance 0.3250, class 0.3250 (epoch 27)
Best instance 0.3250, class 0.3250 (epoch 27)
2026-06-24 17:33:17,524 - INFO - Epoch 188/200:
Epoch 188/200:
2026-06-24 17:33:20,220 - INFO - Train loss: 0.0081 (2.7s)
Train loss: 0.0081 (2.7s)
2026-06-24 17:33:20,478 - INFO - Test instance 0.2500, class 0.2500
Test instance 0.2500, class 0.2500
2026-06-24 17:33:20,478 - INFO - Best instance 0.3250, class 0.3250 (epoch 27)
Best instance 0.3250, class 0.3250 (epoch 27)
2026-06-24 17:33:20,501 - INFO - Epoch 189/200:
Epoch 189/200:
2026-06-24 17:33:23,196 - INFO - Train loss: 0.0082 (2.7s)
Train loss: 0.0082 (2.7s)
2026-06-24 17:33:23,456 - INFO - Test instance 0.2375, class 0.2375
Test instance 0.2375, class 0.2375
2026-06-24 17:33:23,457 - INFO - Best instance 0.3250, class 0.3250 (epoch 27)
Best instance 0.3250, class 0.3250 (epoch 27)
2026-06-24 17:33:23,481 - INFO - Epoch 190/200:
Epoch 190/200:
2026-06-24 17:33:26,170 - INFO - Train loss: 0.0074 (2.7s)
Train loss: 0.0074 (2.7s)
2026-06-24 17:33:26,424 - INFO - Test instance 0.2500, class 0.2500
Test instance 0.2500, class 0.2500
2026-06-24 17:33:26,424 - INFO - Best instance 0.3250, class 0.3250 (epoch 27)
Best instance 0.3250, class 0.3250 (epoch 27)
2026-06-24 17:33:26,448 - INFO - Epoch 191/200:
Epoch 191/200:
2026-06-24 17:33:29,159 - INFO - Train loss: 0.0089 (2.7s)
Train loss: 0.0089 (2.7s)
2026-06-24 17:33:29,414 - INFO - Test instance 0.2375, class 0.2375
Test instance 0.2375, class 0.2375
2026-06-24 17:33:29,415 - INFO - Best instance 0.3250, class 0.3250 (epoch 27)
Best instance 0.3250, class 0.3250 (epoch 27)
2026-06-24 17:33:29,438 - INFO - Epoch 192/200:
Epoch 192/200:
2026-06-24 17:33:32,128 - INFO - Train loss: 0.0077 (2.7s)
Train loss: 0.0077 (2.7s)
2026-06-24 17:33:32,381 - INFO - Test instance 0.2500, class 0.2500
Test instance 0.2500, class 0.2500
2026-06-24 17:33:32,382 - INFO - Best instance 0.3250, class 0.3250 (epoch 27)
Best instance 0.3250, class 0.3250 (epoch 27)
2026-06-24 17:33:32,406 - INFO - Epoch 193/200:
Epoch 193/200:
2026-06-24 17:33:35,102 - INFO - Train loss: 0.0082 (2.7s)
Train loss: 0.0082 (2.7s)
2026-06-24 17:33:35,355 - INFO - Test instance 0.2500, class 0.2500
Test instance 0.2500, class 0.2500
2026-06-24 17:33:35,356 - INFO - Best instance 0.3250, class 0.3250 (epoch 27)
Best instance 0.3250, class 0.3250 (epoch 27)
2026-06-24 17:33:35,379 - INFO - Epoch 194/200:
Epoch 194/200:
2026-06-24 17:33:38,052 - INFO - Train loss: 0.0083 (2.7s)
Train loss: 0.0083 (2.7s)
2026-06-24 17:33:38,308 - INFO - Test instance 0.2375, class 0.2375
Test instance 0.2375, class 0.2375
2026-06-24 17:33:38,309 - INFO - Best instance 0.3250, class 0.3250 (epoch 27)
Best instance 0.3250, class 0.3250 (epoch 27)
2026-06-24 17:33:38,332 - INFO - Epoch 195/200:
Epoch 195/200:
2026-06-24 17:33:41,022 - INFO - Train loss: 0.0086 (2.7s)
Train loss: 0.0086 (2.7s)
2026-06-24 17:33:41,284 - INFO - Test instance 0.2500, class 0.2500
Test instance 0.2500, class 0.2500
2026-06-24 17:33:41,284 - INFO - Best instance 0.3250, class 0.3250 (epoch 27)
Best instance 0.3250, class 0.3250 (epoch 27)
2026-06-24 17:33:41,308 - INFO - Epoch 196/200:
Epoch 196/200:
2026-06-24 17:33:43,982 - INFO - Train loss: 0.0080 (2.7s)
Train loss: 0.0080 (2.7s)
2026-06-24 17:33:44,249 - INFO - Test instance 0.2500, class 0.2500
Test instance 0.2500, class 0.2500
2026-06-24 17:33:44,249 - INFO - Best instance 0.3250, class 0.3250 (epoch 27)
Best instance 0.3250, class 0.3250 (epoch 27)
2026-06-24 17:33:44,273 - INFO - Epoch 197/200:
Epoch 197/200:
2026-06-24 17:33:46,973 - INFO - Train loss: 0.0086 (2.7s)
Train loss: 0.0086 (2.7s)
2026-06-24 17:33:47,231 - INFO - Test instance 0.2500, class 0.2500
Test instance 0.2500, class 0.2500
2026-06-24 17:33:47,231 - INFO - Best instance 0.3250, class 0.3250 (epoch 27)
Best instance 0.3250, class 0.3250 (epoch 27)
2026-06-24 17:33:47,254 - INFO - Epoch 198/200:
Epoch 198/200:
2026-06-24 17:33:49,949 - INFO - Train loss: 0.0071 (2.7s)
Train loss: 0.0071 (2.7s)
2026-06-24 17:33:50,211 - INFO - Test instance 0.2500, class 0.2500
Test instance 0.2500, class 0.2500
2026-06-24 17:33:50,211 - INFO - Best instance 0.3250, class 0.3250 (epoch 27)
Best instance 0.3250, class 0.3250 (epoch 27)
2026-06-24 17:33:50,235 - INFO - Epoch 199/200:
Epoch 199/200:
2026-06-24 17:33:52,922 - INFO - Train loss: 0.0082 (2.7s)
Train loss: 0.0082 (2.7s)
2026-06-24 17:33:53,183 - INFO - Test instance 0.2500, class 0.2500
Test instance 0.2500, class 0.2500
2026-06-24 17:33:53,184 - INFO - Best instance 0.3250, class 0.3250 (epoch 27)
Best instance 0.3250, class 0.3250 (epoch 27)
2026-06-24 17:33:53,208 - INFO - Epoch 200/200:
Epoch 200/200:
2026-06-24 17:33:55,897 - INFO - Train loss: 0.0078 (2.7s)
Train loss: 0.0078 (2.7s)
2026-06-24 17:33:56,155 - INFO - Test instance 0.2625, class 0.2625
Test instance 0.2625, class 0.2625
2026-06-24 17:33:56,156 - INFO - Best instance 0.3250, class 0.3250 (epoch 27)
Best instance 0.3250, class 0.3250 (epoch 27)
2026-06-24 17:34:17,151 - INFO - Student 1.42 MB, 61.98 ms
Student 1.42 MB, 61.98 ms
