[Wed Jun 24 17:23:13 EDT 2026] task 82 on GPU 0: python flkd/advanced_kd_train_classification.py --teacher_model pointnet2_cls_ssg --student_model small_pointnet2 --kd_strategy dkd --dataset craniosynostosis --seed 42 --batch_size 24 --epoch 200 --num_point 1024 --teacher_path "outputs/craniosynostosis/flkd/federated/classification/fl_pointnet2_cls_ssg_scaffold_s42/checkpoints/best_model.pth" --log_dir kd_pointnet2_cls_ssg_scaffold+dkd_small_pointnet2_s42  --data_root data --output_root outputs --num_workers -1 --max_runtime_hours 166.0
Loaded teacher from outputs/craniosynostosis/flkd/federated/classification/fl_pointnet2_cls_ssg_scaffold_s42/checkpoints/best_model.pth
2026-06-24 17:27:05,124 - INFO - PARAMETER ...
2026-06-24 17:27:05,125 - INFO - {'use_cpu': False, 'no_amp': False, 'gpu': '0', 'num_workers': -1, 'batch_size': 24, 'teacher_model': 'pointnet2_cls_ssg', 'student_model': 'small_pointnet2', 'num_category': 4, 'dataset': 'craniosynostosis', 'data_root': 'data', 'output_root': 'outputs', 'train_split': 0.8, 'dataset_seed': 0, 'cache_dataset': True, 'min_class_samples': 1, 'epoch': 200, 'learning_rate': 0.001, 'num_point': 1024, 'optimizer': 'Adam', 'log_dir': 'kd_pointnet2_cls_ssg_scaffold+dkd_small_pointnet2_s42', 'decay_rate': 0.0001, 'use_normals': False, 'process_data': False, 'use_uniform_sample': False, 'resume': True, 'kd_strategy': 'dkd', 'alpha': 0.5, 'temperature': 2.0, 'beta': 0.5, 'dkd_alpha': 1.0, 'dkd_beta': 8.0, 'crd_temperature': 0.07, 'teacher_path': 'outputs/craniosynostosis/flkd/federated/classification/fl_pointnet2_cls_ssg_scaffold_s42/checkpoints/best_model.pth', 'teacher_paths': None, 'teacher_weights': None, 'use_hard_labels': 'on', 'unlabeled': False, 'temperature_sweep': None, 'seed': 42, 'max_runtime_hours': 166.0}
2026-06-24 17:27:05,126 - INFO - KD=dkd student=small_pointnet2 AMP=False use_hard=True unlabeled=False T=2.0
KD=dkd student=small_pointnet2 AMP=False use_hard=True unlabeled=False T=2.0
2026-06-24 17:27:05,133 - INFO - Epoch 1/200:
Epoch 1/200:
2026-06-24 17:27:11,059 - INFO - Train loss: 2.2226 (5.9s)
Train loss: 2.2226 (5.9s)
2026-06-24 17:27:11,688 - INFO - Test instance 0.2500, class 0.2500
Test instance 0.2500, class 0.2500
2026-06-24 17:27:11,711 - INFO - Best instance 0.2500, class 0.2500 (epoch 1)
Best instance 0.2500, class 0.2500 (epoch 1)
2026-06-24 17:27:11,728 - INFO - Epoch 2/200:
Epoch 2/200:
2026-06-24 17:27:14,427 - INFO - Train loss: 2.0021 (2.7s)
Train loss: 2.0021 (2.7s)
2026-06-24 17:27:14,759 - INFO - Test instance 0.2500, class 0.2500
Test instance 0.2500, class 0.2500
2026-06-24 17:27:14,760 - INFO - Best instance 0.2500, class 0.2500 (epoch 1)
Best instance 0.2500, class 0.2500 (epoch 1)
2026-06-24 17:27:14,780 - INFO - Epoch 3/200:
Epoch 3/200:
2026-06-24 17:27:17,445 - INFO - Train loss: 1.8812 (2.7s)
Train loss: 1.8812 (2.7s)
2026-06-24 17:27:17,775 - INFO - Test instance 0.2500, class 0.2500
Test instance 0.2500, class 0.2500
2026-06-24 17:27:17,776 - INFO - Best instance 0.2500, class 0.2500 (epoch 1)
Best instance 0.2500, class 0.2500 (epoch 1)
2026-06-24 17:27:17,795 - INFO - Epoch 4/200:
Epoch 4/200:
2026-06-24 17:27:20,449 - INFO - Train loss: 1.8143 (2.7s)
Train loss: 1.8143 (2.7s)
2026-06-24 17:27:20,776 - INFO - Test instance 0.2500, class 0.2500
Test instance 0.2500, class 0.2500
2026-06-24 17:27:20,777 - INFO - Best instance 0.2500, class 0.2500 (epoch 1)
Best instance 0.2500, class 0.2500 (epoch 1)
2026-06-24 17:27:20,796 - INFO - Epoch 5/200:
Epoch 5/200:
2026-06-24 17:27:23,463 - INFO - Train loss: 1.7661 (2.7s)
Train loss: 1.7661 (2.7s)
2026-06-24 17:27:23,727 - INFO - Test instance 0.2375, class 0.2375
Test instance 0.2375, class 0.2375
2026-06-24 17:27:23,727 - INFO - Best instance 0.2500, class 0.2500 (epoch 1)
Best instance 0.2500, class 0.2500 (epoch 1)
2026-06-24 17:27:23,744 - INFO - Epoch 6/200:
Epoch 6/200:
2026-06-24 17:27:26,452 - INFO - Train loss: 1.7462 (2.7s)
Train loss: 1.7462 (2.7s)
2026-06-24 17:27:26,706 - INFO - Test instance 0.3000, class 0.3000
Test instance 0.3000, class 0.3000
2026-06-24 17:27:26,724 - INFO - Best instance 0.3000, class 0.3000 (epoch 6)
Best instance 0.3000, class 0.3000 (epoch 6)
2026-06-24 17:27:26,740 - INFO - Epoch 7/200:
Epoch 7/200:
2026-06-24 17:27:29,434 - INFO - Train loss: 1.6800 (2.7s)
Train loss: 1.6800 (2.7s)
2026-06-24 17:27:29,688 - INFO - Test instance 0.2875, class 0.2875
Test instance 0.2875, class 0.2875
2026-06-24 17:27:29,689 - INFO - Best instance 0.3000, class 0.3000 (epoch 6)
Best instance 0.3000, class 0.3000 (epoch 6)
2026-06-24 17:27:29,707 - INFO - Epoch 8/200:
Epoch 8/200:
2026-06-24 17:27:32,414 - INFO - Train loss: 1.6458 (2.7s)
Train loss: 1.6458 (2.7s)
2026-06-24 17:27:32,683 - INFO - Test instance 0.2750, class 0.2750
Test instance 0.2750, class 0.2750
2026-06-24 17:27:32,684 - INFO - Best instance 0.3000, class 0.3000 (epoch 6)
Best instance 0.3000, class 0.3000 (epoch 6)
2026-06-24 17:27:32,701 - INFO - Epoch 9/200:
Epoch 9/200:
2026-06-24 17:27:35,389 - INFO - Train loss: 1.6449 (2.7s)
Train loss: 1.6449 (2.7s)
2026-06-24 17:27:35,643 - INFO - Test instance 0.3500, class 0.3500
Test instance 0.3500, class 0.3500
2026-06-24 17:27:35,661 - INFO - Best instance 0.3500, class 0.3500 (epoch 9)
Best instance 0.3500, class 0.3500 (epoch 9)
2026-06-24 17:27:35,680 - INFO - Epoch 10/200:
Epoch 10/200:
2026-06-24 17:27:38,368 - INFO - Train loss: 1.6028 (2.7s)
Train loss: 1.6028 (2.7s)
2026-06-24 17:27:38,629 - INFO - Test instance 0.3750, class 0.3750
Test instance 0.3750, class 0.3750
2026-06-24 17:27:38,647 - INFO - Best instance 0.3750, class 0.3750 (epoch 10)
Best instance 0.3750, class 0.3750 (epoch 10)
2026-06-24 17:27:38,665 - INFO - Epoch 11/200:
Epoch 11/200:
2026-06-24 17:27:41,369 - INFO - Train loss: 1.6081 (2.7s)
Train loss: 1.6081 (2.7s)
2026-06-24 17:27:41,623 - INFO - Test instance 0.4250, class 0.4250
Test instance 0.4250, class 0.4250
2026-06-24 17:27:41,641 - INFO - Best instance 0.4250, class 0.4250 (epoch 11)
Best instance 0.4250, class 0.4250 (epoch 11)
2026-06-24 17:27:41,660 - INFO - Epoch 12/200:
Epoch 12/200:
2026-06-24 17:27:44,398 - INFO - Train loss: 1.5778 (2.7s)
Train loss: 1.5778 (2.7s)
2026-06-24 17:27:44,660 - INFO - Test instance 0.4250, class 0.4250
Test instance 0.4250, class 0.4250
2026-06-24 17:27:44,661 - INFO - Best instance 0.4250, class 0.4250 (epoch 11)
Best instance 0.4250, class 0.4250 (epoch 11)
2026-06-24 17:27:44,679 - INFO - Epoch 13/200:
Epoch 13/200:
2026-06-24 17:27:47,388 - INFO - Train loss: 1.5694 (2.7s)
Train loss: 1.5694 (2.7s)
2026-06-24 17:27:47,645 - INFO - Test instance 0.3875, class 0.3875
Test instance 0.3875, class 0.3875
2026-06-24 17:27:47,645 - INFO - Best instance 0.4250, class 0.4250 (epoch 11)
Best instance 0.4250, class 0.4250 (epoch 11)
2026-06-24 17:27:47,666 - INFO - Epoch 14/200:
Epoch 14/200:
2026-06-24 17:27:51,027 - INFO - Train loss: 1.5655 (3.4s)
Train loss: 1.5655 (3.4s)
2026-06-24 17:27:51,350 - INFO - Test instance 0.4500, class 0.4500
Test instance 0.4500, class 0.4500
2026-06-24 17:27:51,370 - INFO - Best instance 0.4500, class 0.4500 (epoch 14)
Best instance 0.4500, class 0.4500 (epoch 14)
2026-06-24 17:27:51,390 - INFO - Epoch 15/200:
Epoch 15/200:
2026-06-24 17:27:54,077 - INFO - Train loss: 1.5558 (2.7s)
Train loss: 1.5558 (2.7s)
2026-06-24 17:27:54,335 - INFO - Test instance 0.4875, class 0.4875
Test instance 0.4875, class 0.4875
2026-06-24 17:27:54,353 - INFO - Best instance 0.4875, class 0.4875 (epoch 15)
Best instance 0.4875, class 0.4875 (epoch 15)
2026-06-24 17:27:54,371 - INFO - Epoch 16/200:
Epoch 16/200:
2026-06-24 17:27:57,077 - INFO - Train loss: 1.5561 (2.7s)
Train loss: 1.5561 (2.7s)
2026-06-24 17:27:57,332 - INFO - Test instance 0.3375, class 0.3375
Test instance 0.3375, class 0.3375
2026-06-24 17:27:57,332 - INFO - Best instance 0.4875, class 0.4875 (epoch 15)
Best instance 0.4875, class 0.4875 (epoch 15)
2026-06-24 17:27:57,350 - INFO - Epoch 17/200:
Epoch 17/200:
2026-06-24 17:28:00,050 - INFO - Train loss: 1.5319 (2.7s)
Train loss: 1.5319 (2.7s)
2026-06-24 17:28:00,374 - INFO - Test instance 0.3750, class 0.3750
Test instance 0.3750, class 0.3750
2026-06-24 17:28:00,374 - INFO - Best instance 0.4875, class 0.4875 (epoch 15)
Best instance 0.4875, class 0.4875 (epoch 15)
2026-06-24 17:28:00,395 - INFO - Epoch 18/200:
Epoch 18/200:
2026-06-24 17:28:03,845 - INFO - Train loss: 1.5395 (3.5s)
Train loss: 1.5395 (3.5s)
2026-06-24 17:28:04,105 - INFO - Test instance 0.3500, class 0.3500
Test instance 0.3500, class 0.3500
2026-06-24 17:28:04,105 - INFO - Best instance 0.4875, class 0.4875 (epoch 15)
Best instance 0.4875, class 0.4875 (epoch 15)
2026-06-24 17:28:04,124 - INFO - Epoch 19/200:
Epoch 19/200:
2026-06-24 17:28:06,767 - INFO - Train loss: 1.5186 (2.6s)
Train loss: 1.5186 (2.6s)
2026-06-24 17:28:07,029 - INFO - Test instance 0.4625, class 0.4625
Test instance 0.4625, class 0.4625
2026-06-24 17:28:07,030 - INFO - Best instance 0.4875, class 0.4875 (epoch 15)
Best instance 0.4875, class 0.4875 (epoch 15)
2026-06-24 17:28:07,048 - INFO - Epoch 20/200:
Epoch 20/200:
2026-06-24 17:28:09,713 - INFO - Train loss: 1.4952 (2.7s)
Train loss: 1.4952 (2.7s)
2026-06-24 17:28:09,968 - INFO - Test instance 0.4750, class 0.4750
Test instance 0.4750, class 0.4750
2026-06-24 17:28:09,969 - INFO - Best instance 0.4875, class 0.4875 (epoch 15)
Best instance 0.4875, class 0.4875 (epoch 15)
2026-06-24 17:28:09,987 - INFO - Epoch 21/200:
Epoch 21/200:
2026-06-24 17:28:12,658 - INFO - Train loss: 1.5117 (2.7s)
Train loss: 1.5117 (2.7s)
2026-06-24 17:28:12,926 - INFO - Test instance 0.4625, class 0.4625
Test instance 0.4625, class 0.4625
2026-06-24 17:28:12,926 - INFO - Best instance 0.4875, class 0.4875 (epoch 15)
Best instance 0.4875, class 0.4875 (epoch 15)
2026-06-24 17:28:12,945 - INFO - Epoch 22/200:
Epoch 22/200:
2026-06-24 17:28:15,611 - INFO - Train loss: 1.5121 (2.7s)
Train loss: 1.5121 (2.7s)
2026-06-24 17:28:15,866 - INFO - Test instance 0.4750, class 0.4750
Test instance 0.4750, class 0.4750
2026-06-24 17:28:15,867 - INFO - Best instance 0.4875, class 0.4875 (epoch 15)
Best instance 0.4875, class 0.4875 (epoch 15)
2026-06-24 17:28:15,885 - INFO - Epoch 23/200:
Epoch 23/200:
2026-06-24 17:28:18,535 - INFO - Train loss: 1.4933 (2.6s)
Train loss: 1.4933 (2.6s)
2026-06-24 17:28:18,789 - INFO - Test instance 0.4875, class 0.4875
Test instance 0.4875, class 0.4875
2026-06-24 17:28:18,789 - INFO - Best instance 0.4875, class 0.4875 (epoch 15)
Best instance 0.4875, class 0.4875 (epoch 15)
2026-06-24 17:28:18,808 - INFO - Epoch 24/200:
Epoch 24/200:
2026-06-24 17:28:21,463 - INFO - Train loss: 1.4881 (2.7s)
Train loss: 1.4881 (2.7s)
2026-06-24 17:28:21,723 - INFO - Test instance 0.4625, class 0.4625
Test instance 0.4625, class 0.4625
2026-06-24 17:28:21,723 - INFO - Best instance 0.4875, class 0.4875 (epoch 15)
Best instance 0.4875, class 0.4875 (epoch 15)
2026-06-24 17:28:21,742 - INFO - Epoch 25/200:
Epoch 25/200:
2026-06-24 17:28:24,389 - INFO - Train loss: 1.4841 (2.6s)
Train loss: 1.4841 (2.6s)
2026-06-24 17:28:24,640 - INFO - Test instance 0.5000, class 0.5000
Test instance 0.5000, class 0.5000
2026-06-24 17:28:24,657 - INFO - Best instance 0.5000, class 0.5000 (epoch 25)
Best instance 0.5000, class 0.5000 (epoch 25)
2026-06-24 17:28:24,674 - INFO - Epoch 26/200:
Epoch 26/200:
2026-06-24 17:28:27,339 - INFO - Train loss: 1.4980 (2.7s)
Train loss: 1.4980 (2.7s)
2026-06-24 17:28:27,588 - INFO - Test instance 0.4875, class 0.4875
Test instance 0.4875, class 0.4875
2026-06-24 17:28:27,588 - INFO - Best instance 0.5000, class 0.5000 (epoch 25)
Best instance 0.5000, class 0.5000 (epoch 25)
2026-06-24 17:28:27,606 - INFO - Epoch 27/200:
Epoch 27/200:
2026-06-24 17:28:30,283 - INFO - Train loss: 1.4748 (2.7s)
Train loss: 1.4748 (2.7s)
2026-06-24 17:28:30,534 - INFO - Test instance 0.4625, class 0.4625
Test instance 0.4625, class 0.4625
2026-06-24 17:28:30,534 - INFO - Best instance 0.5000, class 0.5000 (epoch 25)
Best instance 0.5000, class 0.5000 (epoch 25)
2026-06-24 17:28:30,554 - INFO - Epoch 28/200:
Epoch 28/200:
2026-06-24 17:28:33,222 - INFO - Train loss: 1.4766 (2.7s)
Train loss: 1.4766 (2.7s)
2026-06-24 17:28:33,477 - INFO - Test instance 0.4875, class 0.4875
Test instance 0.4875, class 0.4875
2026-06-24 17:28:33,477 - INFO - Best instance 0.5000, class 0.5000 (epoch 25)
Best instance 0.5000, class 0.5000 (epoch 25)
2026-06-24 17:28:33,496 - INFO - Epoch 29/200:
Epoch 29/200:
2026-06-24 17:28:36,202 - INFO - Train loss: 1.4609 (2.7s)
Train loss: 1.4609 (2.7s)
2026-06-24 17:28:36,459 - INFO - Test instance 0.4750, class 0.4750
Test instance 0.4750, class 0.4750
2026-06-24 17:28:36,460 - INFO - Best instance 0.5000, class 0.5000 (epoch 25)
Best instance 0.5000, class 0.5000 (epoch 25)
2026-06-24 17:28:36,479 - INFO - Epoch 30/200:
Epoch 30/200:
2026-06-24 17:28:39,157 - INFO - Train loss: 1.4549 (2.7s)
Train loss: 1.4549 (2.7s)
2026-06-24 17:28:39,407 - INFO - Test instance 0.4750, class 0.4750
Test instance 0.4750, class 0.4750
2026-06-24 17:28:39,407 - INFO - Best instance 0.5000, class 0.5000 (epoch 25)
Best instance 0.5000, class 0.5000 (epoch 25)
2026-06-24 17:28:39,427 - INFO - Epoch 31/200:
Epoch 31/200:
2026-06-24 17:28:42,792 - INFO - Train loss: 1.4564 (3.4s)
Train loss: 1.4564 (3.4s)
2026-06-24 17:28:43,135 - INFO - Test instance 0.4750, class 0.4750
Test instance 0.4750, class 0.4750
2026-06-24 17:28:43,135 - INFO - Best instance 0.5000, class 0.5000 (epoch 25)
Best instance 0.5000, class 0.5000 (epoch 25)
2026-06-24 17:28:43,157 - INFO - Epoch 32/200:
Epoch 32/200:
2026-06-24 17:28:46,525 - INFO - Train loss: 1.4539 (3.4s)
Train loss: 1.4539 (3.4s)
2026-06-24 17:28:46,779 - INFO - Test instance 0.5625, class 0.5625
Test instance 0.5625, class 0.5625
2026-06-24 17:28:46,796 - INFO - Best instance 0.5625, class 0.5625 (epoch 32)
Best instance 0.5625, class 0.5625 (epoch 32)
2026-06-24 17:28:46,812 - INFO - Epoch 33/200:
Epoch 33/200:
2026-06-24 17:28:49,508 - INFO - Train loss: 1.4287 (2.7s)
Train loss: 1.4287 (2.7s)
2026-06-24 17:28:49,762 - INFO - Test instance 0.5125, class 0.5125
Test instance 0.5125, class 0.5125
2026-06-24 17:28:49,762 - INFO - Best instance 0.5625, class 0.5625 (epoch 32)
Best instance 0.5625, class 0.5625 (epoch 32)
2026-06-24 17:28:49,779 - INFO - Epoch 34/200:
Epoch 34/200:
2026-06-24 17:28:52,465 - INFO - Train loss: 1.4289 (2.7s)
Train loss: 1.4289 (2.7s)
2026-06-24 17:28:52,721 - INFO - Test instance 0.6125, class 0.6125
Test instance 0.6125, class 0.6125
2026-06-24 17:28:52,739 - INFO - Best instance 0.6125, class 0.6125 (epoch 34)
Best instance 0.6125, class 0.6125 (epoch 34)
2026-06-24 17:28:52,756 - INFO - Epoch 35/200:
Epoch 35/200:
2026-06-24 17:28:56,108 - INFO - Train loss: 1.4341 (3.4s)
Train loss: 1.4341 (3.4s)
2026-06-24 17:28:56,436 - INFO - Test instance 0.5125, class 0.5125
Test instance 0.5125, class 0.5125
2026-06-24 17:28:56,437 - INFO - Best instance 0.6125, class 0.6125 (epoch 34)
Best instance 0.6125, class 0.6125 (epoch 34)
2026-06-24 17:28:56,456 - INFO - Epoch 36/200:
Epoch 36/200:
2026-06-24 17:28:59,183 - INFO - Train loss: 1.4265 (2.7s)
Train loss: 1.4265 (2.7s)
2026-06-24 17:28:59,436 - INFO - Test instance 0.5875, class 0.5875
Test instance 0.5875, class 0.5875
2026-06-24 17:28:59,436 - INFO - Best instance 0.6125, class 0.6125 (epoch 34)
Best instance 0.6125, class 0.6125 (epoch 34)
2026-06-24 17:28:59,454 - INFO - Epoch 37/200:
Epoch 37/200:
2026-06-24 17:29:02,216 - INFO - Train loss: 1.4222 (2.8s)
Train loss: 1.4222 (2.8s)
2026-06-24 17:29:02,478 - INFO - Test instance 0.5125, class 0.5125
Test instance 0.5125, class 0.5125
2026-06-24 17:29:02,478 - INFO - Best instance 0.6125, class 0.6125 (epoch 34)
Best instance 0.6125, class 0.6125 (epoch 34)
2026-06-24 17:29:02,497 - INFO - Epoch 38/200:
Epoch 38/200:
2026-06-24 17:29:05,196 - INFO - Train loss: 1.4120 (2.7s)
Train loss: 1.4120 (2.7s)
2026-06-24 17:29:05,451 - INFO - Test instance 0.4375, class 0.4375
Test instance 0.4375, class 0.4375
2026-06-24 17:29:05,451 - INFO - Best instance 0.6125, class 0.6125 (epoch 34)
Best instance 0.6125, class 0.6125 (epoch 34)
2026-06-24 17:29:05,469 - INFO - Epoch 39/200:
Epoch 39/200:
2026-06-24 17:29:08,151 - INFO - Train loss: 1.4227 (2.7s)
Train loss: 1.4227 (2.7s)
2026-06-24 17:29:08,412 - INFO - Test instance 0.5875, class 0.5875
Test instance 0.5875, class 0.5875
2026-06-24 17:29:08,412 - INFO - Best instance 0.6125, class 0.6125 (epoch 34)
Best instance 0.6125, class 0.6125 (epoch 34)
2026-06-24 17:29:08,432 - INFO - Epoch 40/200:
Epoch 40/200:
2026-06-24 17:29:11,091 - INFO - Train loss: 1.3952 (2.7s)
Train loss: 1.3952 (2.7s)
2026-06-24 17:29:11,343 - INFO - Test instance 0.6125, class 0.6125
Test instance 0.6125, class 0.6125
2026-06-24 17:29:11,343 - INFO - Best instance 0.6125, class 0.6125 (epoch 34)
Best instance 0.6125, class 0.6125 (epoch 34)
2026-06-24 17:29:11,361 - INFO - Epoch 41/200:
Epoch 41/200:
2026-06-24 17:29:14,035 - INFO - Train loss: 1.4181 (2.7s)
Train loss: 1.4181 (2.7s)
2026-06-24 17:29:14,361 - INFO - Test instance 0.5750, class 0.5750
Test instance 0.5750, class 0.5750
2026-06-24 17:29:14,361 - INFO - Best instance 0.6125, class 0.6125 (epoch 34)
Best instance 0.6125, class 0.6125 (epoch 34)
2026-06-24 17:29:14,382 - INFO - Epoch 42/200:
Epoch 42/200:
2026-06-24 17:29:17,103 - INFO - Train loss: 1.3948 (2.7s)
Train loss: 1.3948 (2.7s)
2026-06-24 17:29:17,365 - INFO - Test instance 0.6000, class 0.6000
Test instance 0.6000, class 0.6000
2026-06-24 17:29:17,366 - INFO - Best instance 0.6125, class 0.6125 (epoch 34)
Best instance 0.6125, class 0.6125 (epoch 34)
2026-06-24 17:29:17,384 - INFO - Epoch 43/200:
Epoch 43/200:
2026-06-24 17:29:20,030 - INFO - Train loss: 1.3871 (2.6s)
Train loss: 1.3871 (2.6s)
2026-06-24 17:29:20,287 - INFO - Test instance 0.6500, class 0.6500
Test instance 0.6500, class 0.6500
2026-06-24 17:29:20,304 - INFO - Best instance 0.6500, class 0.6500 (epoch 43)
Best instance 0.6500, class 0.6500 (epoch 43)
2026-06-24 17:29:20,322 - INFO - Epoch 44/200:
Epoch 44/200:
2026-06-24 17:29:22,987 - INFO - Train loss: 1.3617 (2.7s)
Train loss: 1.3617 (2.7s)
2026-06-24 17:29:23,236 - INFO - Test instance 0.6875, class 0.6875
Test instance 0.6875, class 0.6875
2026-06-24 17:29:23,253 - INFO - Best instance 0.6875, class 0.6875 (epoch 44)
Best instance 0.6875, class 0.6875 (epoch 44)
2026-06-24 17:29:23,270 - INFO - Epoch 45/200:
Epoch 45/200:
2026-06-24 17:29:25,953 - INFO - Train loss: 1.3715 (2.7s)
Train loss: 1.3715 (2.7s)
2026-06-24 17:29:26,205 - INFO - Test instance 0.6750, class 0.6750
Test instance 0.6750, class 0.6750
2026-06-24 17:29:26,205 - INFO - Best instance 0.6875, class 0.6875 (epoch 44)
Best instance 0.6875, class 0.6875 (epoch 44)
2026-06-24 17:29:26,223 - INFO - Epoch 46/200:
Epoch 46/200:
2026-06-24 17:29:28,902 - INFO - Train loss: 1.3775 (2.7s)
Train loss: 1.3775 (2.7s)
2026-06-24 17:29:29,164 - INFO - Test instance 0.6875, class 0.6875
Test instance 0.6875, class 0.6875
2026-06-24 17:29:29,165 - INFO - Best instance 0.6875, class 0.6875 (epoch 44)
Best instance 0.6875, class 0.6875 (epoch 44)
2026-06-24 17:29:29,182 - INFO - Epoch 47/200:
Epoch 47/200:
2026-06-24 17:29:31,873 - INFO - Train loss: 1.3716 (2.7s)
Train loss: 1.3716 (2.7s)
2026-06-24 17:29:32,138 - INFO - Test instance 0.6875, class 0.6875
Test instance 0.6875, class 0.6875
2026-06-24 17:29:32,138 - INFO - Best instance 0.6875, class 0.6875 (epoch 44)
Best instance 0.6875, class 0.6875 (epoch 44)
2026-06-24 17:29:32,156 - INFO - Epoch 48/200:
Epoch 48/200:
2026-06-24 17:29:34,863 - INFO - Train loss: 1.3758 (2.7s)
Train loss: 1.3758 (2.7s)
2026-06-24 17:29:35,119 - INFO - Test instance 0.7125, class 0.7125
Test instance 0.7125, class 0.7125
2026-06-24 17:29:35,137 - INFO - Best instance 0.7125, class 0.7125 (epoch 48)
Best instance 0.7125, class 0.7125 (epoch 48)
2026-06-24 17:29:35,155 - INFO - Epoch 49/200:
Epoch 49/200:
2026-06-24 17:29:38,520 - INFO - Train loss: 1.3465 (3.4s)
Train loss: 1.3465 (3.4s)
2026-06-24 17:29:38,857 - INFO - Test instance 0.7125, class 0.7125
Test instance 0.7125, class 0.7125
2026-06-24 17:29:38,857 - INFO - Best instance 0.7125, class 0.7125 (epoch 48)
Best instance 0.7125, class 0.7125 (epoch 48)
2026-06-24 17:29:38,877 - INFO - Epoch 50/200:
Epoch 50/200:
2026-06-24 17:29:41,550 - INFO - Train loss: 1.3912 (2.7s)
Train loss: 1.3912 (2.7s)
2026-06-24 17:29:41,808 - INFO - Test instance 0.6875, class 0.6875
Test instance 0.6875, class 0.6875
2026-06-24 17:29:41,808 - INFO - Best instance 0.7125, class 0.7125 (epoch 48)
Best instance 0.7125, class 0.7125 (epoch 48)
2026-06-24 17:29:41,826 - INFO - Epoch 51/200:
Epoch 51/200:
2026-06-24 17:29:44,520 - INFO - Train loss: 1.3656 (2.7s)
Train loss: 1.3656 (2.7s)
2026-06-24 17:29:44,781 - INFO - Test instance 0.5750, class 0.5750
Test instance 0.5750, class 0.5750
2026-06-24 17:29:44,782 - INFO - Best instance 0.7125, class 0.7125 (epoch 48)
Best instance 0.7125, class 0.7125 (epoch 48)
2026-06-24 17:29:44,800 - INFO - Epoch 52/200:
Epoch 52/200:
2026-06-24 17:29:47,455 - INFO - Train loss: 1.3839 (2.7s)
Train loss: 1.3839 (2.7s)
2026-06-24 17:29:47,707 - INFO - Test instance 0.7125, class 0.7125
Test instance 0.7125, class 0.7125
2026-06-24 17:29:47,708 - INFO - Best instance 0.7125, class 0.7125 (epoch 48)
Best instance 0.7125, class 0.7125 (epoch 48)
2026-06-24 17:29:47,725 - INFO - Epoch 53/200:
Epoch 53/200:
2026-06-24 17:29:50,417 - INFO - Train loss: 1.3726 (2.7s)
Train loss: 1.3726 (2.7s)
2026-06-24 17:29:50,675 - INFO - Test instance 0.6000, class 0.6000
Test instance 0.6000, class 0.6000
2026-06-24 17:29:50,676 - INFO - Best instance 0.7125, class 0.7125 (epoch 48)
Best instance 0.7125, class 0.7125 (epoch 48)
2026-06-24 17:29:50,694 - INFO - Epoch 54/200:
Epoch 54/200:
2026-06-24 17:29:53,373 - INFO - Train loss: 1.3810 (2.7s)
Train loss: 1.3810 (2.7s)
2026-06-24 17:29:53,633 - INFO - Test instance 0.7875, class 0.7875
Test instance 0.7875, class 0.7875
2026-06-24 17:29:53,651 - INFO - Best instance 0.7875, class 0.7875 (epoch 54)
Best instance 0.7875, class 0.7875 (epoch 54)
2026-06-24 17:29:53,701 - INFO - Epoch 55/200:
Epoch 55/200:
2026-06-24 17:29:57,061 - INFO - Train loss: 1.3372 (3.4s)
Train loss: 1.3372 (3.4s)
2026-06-24 17:29:57,321 - INFO - Test instance 0.7875, class 0.7875
Test instance 0.7875, class 0.7875
2026-06-24 17:29:57,321 - INFO - Best instance 0.7875, class 0.7875 (epoch 54)
Best instance 0.7875, class 0.7875 (epoch 54)
2026-06-24 17:29:57,340 - INFO - Epoch 56/200:
Epoch 56/200:
2026-06-24 17:30:00,000 - INFO - Train loss: 1.3483 (2.7s)
Train loss: 1.3483 (2.7s)
2026-06-24 17:30:00,253 - INFO - Test instance 0.7500, class 0.7500
Test instance 0.7500, class 0.7500
2026-06-24 17:30:00,253 - INFO - Best instance 0.7875, class 0.7875 (epoch 54)
Best instance 0.7875, class 0.7875 (epoch 54)
2026-06-24 17:30:00,270 - INFO - Epoch 57/200:
Epoch 57/200:
2026-06-24 17:30:03,548 - INFO - Train loss: 1.3744 (3.3s)
Train loss: 1.3744 (3.3s)
2026-06-24 17:30:03,807 - INFO - Test instance 0.6750, class 0.6750
Test instance 0.6750, class 0.6750
2026-06-24 17:30:03,807 - INFO - Best instance 0.7875, class 0.7875 (epoch 54)
Best instance 0.7875, class 0.7875 (epoch 54)
2026-06-24 17:30:03,825 - INFO - Epoch 58/200:
Epoch 58/200:
2026-06-24 17:30:06,479 - INFO - Train loss: 1.3539 (2.7s)
Train loss: 1.3539 (2.7s)
2026-06-24 17:30:06,817 - INFO - Test instance 0.7125, class 0.7125
Test instance 0.7125, class 0.7125
2026-06-24 17:30:06,817 - INFO - Best instance 0.7875, class 0.7875 (epoch 54)
Best instance 0.7875, class 0.7875 (epoch 54)
2026-06-24 17:30:06,837 - INFO - Epoch 59/200:
Epoch 59/200:
2026-06-24 17:30:10,182 - INFO - Train loss: 1.3226 (3.3s)
Train loss: 1.3226 (3.3s)
2026-06-24 17:30:10,505 - INFO - Test instance 0.6000, class 0.6000
Test instance 0.6000, class 0.6000
2026-06-24 17:30:10,506 - INFO - Best instance 0.7875, class 0.7875 (epoch 54)
Best instance 0.7875, class 0.7875 (epoch 54)
2026-06-24 17:30:10,527 - INFO - Epoch 60/200:
Epoch 60/200:
2026-06-24 17:30:13,203 - INFO - Train loss: 1.3311 (2.7s)
Train loss: 1.3311 (2.7s)
2026-06-24 17:30:13,457 - INFO - Test instance 0.7750, class 0.7750
Test instance 0.7750, class 0.7750
2026-06-24 17:30:13,458 - INFO - Best instance 0.7875, class 0.7875 (epoch 54)
Best instance 0.7875, class 0.7875 (epoch 54)
2026-06-24 17:30:13,475 - INFO - Epoch 61/200:
Epoch 61/200:
2026-06-24 17:30:16,160 - INFO - Train loss: 1.2979 (2.7s)
Train loss: 1.2979 (2.7s)
2026-06-24 17:30:16,422 - INFO - Test instance 0.7250, class 0.7250
Test instance 0.7250, class 0.7250
2026-06-24 17:30:16,422 - INFO - Best instance 0.7875, class 0.7875 (epoch 54)
Best instance 0.7875, class 0.7875 (epoch 54)
2026-06-24 17:30:16,439 - INFO - Epoch 62/200:
Epoch 62/200:
2026-06-24 17:30:19,108 - INFO - Train loss: 1.2900 (2.7s)
Train loss: 1.2900 (2.7s)
2026-06-24 17:30:19,445 - INFO - Test instance 0.8000, class 0.8000
Test instance 0.8000, class 0.8000
2026-06-24 17:30:19,464 - INFO - Best instance 0.8000, class 0.8000 (epoch 62)
Best instance 0.8000, class 0.8000 (epoch 62)
2026-06-24 17:30:19,483 - INFO - Epoch 63/200:
Epoch 63/200:
2026-06-24 17:30:22,174 - INFO - Train loss: 1.3056 (2.7s)
Train loss: 1.3056 (2.7s)
2026-06-24 17:30:22,431 - INFO - Test instance 0.8250, class 0.8250
Test instance 0.8250, class 0.8250
2026-06-24 17:30:22,447 - INFO - Best instance 0.8250, class 0.8250 (epoch 63)
Best instance 0.8250, class 0.8250 (epoch 63)
2026-06-24 17:30:22,464 - INFO - Epoch 64/200:
Epoch 64/200:
2026-06-24 17:30:25,827 - INFO - Train loss: 1.2872 (3.4s)
Train loss: 1.2872 (3.4s)
2026-06-24 17:30:26,152 - INFO - Test instance 0.8375, class 0.8375
Test instance 0.8375, class 0.8375
2026-06-24 17:30:26,171 - INFO - Best instance 0.8375, class 0.8375 (epoch 64)
Best instance 0.8375, class 0.8375 (epoch 64)
2026-06-24 17:30:26,191 - INFO - Epoch 65/200:
Epoch 65/200:
2026-06-24 17:30:29,537 - INFO - Train loss: 1.2935 (3.3s)
Train loss: 1.2935 (3.3s)
2026-06-24 17:30:29,795 - INFO - Test instance 0.8375, class 0.8375
Test instance 0.8375, class 0.8375
2026-06-24 17:30:29,795 - INFO - Best instance 0.8375, class 0.8375 (epoch 64)
Best instance 0.8375, class 0.8375 (epoch 64)
2026-06-24 17:30:29,813 - INFO - Epoch 66/200:
Epoch 66/200:
2026-06-24 17:30:32,466 - INFO - Train loss: 1.3094 (2.7s)
Train loss: 1.3094 (2.7s)
2026-06-24 17:30:32,732 - INFO - Test instance 0.5625, class 0.5625
Test instance 0.5625, class 0.5625
2026-06-24 17:30:32,732 - INFO - Best instance 0.8375, class 0.8375 (epoch 64)
Best instance 0.8375, class 0.8375 (epoch 64)
2026-06-24 17:30:32,750 - INFO - Epoch 67/200:
Epoch 67/200:
2026-06-24 17:30:35,807 - INFO - Train loss: 1.3547 (3.1s)
Train loss: 1.3547 (3.1s)
2026-06-24 17:30:36,072 - INFO - Test instance 0.7375, class 0.7375
Test instance 0.7375, class 0.7375
2026-06-24 17:30:36,072 - INFO - Best instance 0.8375, class 0.8375 (epoch 64)
Best instance 0.8375, class 0.8375 (epoch 64)
2026-06-24 17:30:36,090 - INFO - Epoch 68/200:
Epoch 68/200:
2026-06-24 17:30:38,758 - INFO - Train loss: 1.3001 (2.7s)
Train loss: 1.3001 (2.7s)
2026-06-24 17:30:39,017 - INFO - Test instance 0.8250, class 0.8250
Test instance 0.8250, class 0.8250
2026-06-24 17:30:39,017 - INFO - Best instance 0.8375, class 0.8375 (epoch 64)
Best instance 0.8375, class 0.8375 (epoch 64)
2026-06-24 17:30:39,036 - INFO - Epoch 69/200:
Epoch 69/200:
2026-06-24 17:30:41,693 - INFO - Train loss: 1.3031 (2.7s)
Train loss: 1.3031 (2.7s)
2026-06-24 17:30:41,953 - INFO - Test instance 0.7375, class 0.7375
Test instance 0.7375, class 0.7375
2026-06-24 17:30:41,954 - INFO - Best instance 0.8375, class 0.8375 (epoch 64)
Best instance 0.8375, class 0.8375 (epoch 64)
2026-06-24 17:30:41,972 - INFO - Epoch 70/200:
Epoch 70/200:
2026-06-24 17:30:44,636 - INFO - Train loss: 1.3395 (2.7s)
Train loss: 1.3395 (2.7s)
2026-06-24 17:30:44,888 - INFO - Test instance 0.7625, class 0.7625
Test instance 0.7625, class 0.7625
2026-06-24 17:30:44,889 - INFO - Best instance 0.8375, class 0.8375 (epoch 64)
Best instance 0.8375, class 0.8375 (epoch 64)
2026-06-24 17:30:44,907 - INFO - Epoch 71/200:
Epoch 71/200:
2026-06-24 17:30:47,564 - INFO - Train loss: 1.2877 (2.7s)
Train loss: 1.2877 (2.7s)
2026-06-24 17:30:47,816 - INFO - Test instance 0.8500, class 0.8500
Test instance 0.8500, class 0.8500
2026-06-24 17:30:47,833 - INFO - Best instance 0.8500, class 0.8500 (epoch 71)
Best instance 0.8500, class 0.8500 (epoch 71)
2026-06-24 17:30:47,851 - INFO - Epoch 72/200:
Epoch 72/200:
2026-06-24 17:30:50,523 - INFO - Train loss: 1.3212 (2.7s)
Train loss: 1.3212 (2.7s)
2026-06-24 17:30:50,779 - INFO - Test instance 0.6875, class 0.6875
Test instance 0.6875, class 0.6875
2026-06-24 17:30:50,779 - INFO - Best instance 0.8500, class 0.8500 (epoch 71)
Best instance 0.8500, class 0.8500 (epoch 71)
2026-06-24 17:30:50,796 - INFO - Epoch 73/200:
Epoch 73/200:
2026-06-24 17:30:53,458 - INFO - Train loss: 1.2951 (2.7s)
Train loss: 1.2951 (2.7s)
2026-06-24 17:30:53,718 - INFO - Test instance 0.6625, class 0.6625
Test instance 0.6625, class 0.6625
2026-06-24 17:30:53,718 - INFO - Best instance 0.8500, class 0.8500 (epoch 71)
Best instance 0.8500, class 0.8500 (epoch 71)
2026-06-24 17:30:53,736 - INFO - Epoch 74/200:
Epoch 74/200:
2026-06-24 17:30:56,380 - INFO - Train loss: 1.3352 (2.6s)
Train loss: 1.3352 (2.6s)
2026-06-24 17:30:56,711 - INFO - Test instance 0.7250, class 0.7250
Test instance 0.7250, class 0.7250
2026-06-24 17:30:56,712 - INFO - Best instance 0.8500, class 0.8500 (epoch 71)
Best instance 0.8500, class 0.8500 (epoch 71)
2026-06-24 17:30:56,732 - INFO - Epoch 75/200:
Epoch 75/200:
2026-06-24 17:30:59,395 - INFO - Train loss: 1.3244 (2.7s)
Train loss: 1.3244 (2.7s)
2026-06-24 17:30:59,656 - INFO - Test instance 0.7875, class 0.7875
Test instance 0.7875, class 0.7875
2026-06-24 17:30:59,657 - INFO - Best instance 0.8500, class 0.8500 (epoch 71)
Best instance 0.8500, class 0.8500 (epoch 71)
2026-06-24 17:30:59,674 - INFO - Epoch 76/200:
Epoch 76/200:
2026-06-24 17:31:02,390 - INFO - Train loss: 1.2707 (2.7s)
Train loss: 1.2707 (2.7s)
2026-06-24 17:31:02,647 - INFO - Test instance 0.6250, class 0.6250
Test instance 0.6250, class 0.6250
2026-06-24 17:31:02,647 - INFO - Best instance 0.8500, class 0.8500 (epoch 71)
Best instance 0.8500, class 0.8500 (epoch 71)
2026-06-24 17:31:02,664 - INFO - Epoch 77/200:
Epoch 77/200:
2026-06-24 17:31:05,326 - INFO - Train loss: 1.2686 (2.7s)
Train loss: 1.2686 (2.7s)
2026-06-24 17:31:05,584 - INFO - Test instance 0.7750, class 0.7750
Test instance 0.7750, class 0.7750
2026-06-24 17:31:05,584 - INFO - Best instance 0.8500, class 0.8500 (epoch 71)
Best instance 0.8500, class 0.8500 (epoch 71)
2026-06-24 17:31:05,602 - INFO - Epoch 78/200:
Epoch 78/200:
2026-06-24 17:31:08,267 - INFO - Train loss: 1.2526 (2.7s)
Train loss: 1.2526 (2.7s)
2026-06-24 17:31:08,598 - INFO - Test instance 0.7125, class 0.7125
Test instance 0.7125, class 0.7125
2026-06-24 17:31:08,598 - INFO - Best instance 0.8500, class 0.8500 (epoch 71)
Best instance 0.8500, class 0.8500 (epoch 71)
2026-06-24 17:31:08,617 - INFO - Epoch 79/200:
Epoch 79/200:
2026-06-24 17:31:11,269 - INFO - Train loss: 1.2828 (2.7s)
Train loss: 1.2828 (2.7s)
2026-06-24 17:31:11,523 - INFO - Test instance 0.7750, class 0.7750
Test instance 0.7750, class 0.7750
2026-06-24 17:31:11,523 - INFO - Best instance 0.8500, class 0.8500 (epoch 71)
Best instance 0.8500, class 0.8500 (epoch 71)
2026-06-24 17:31:11,541 - INFO - Epoch 80/200:
Epoch 80/200:
2026-06-24 17:31:14,703 - INFO - Train loss: 1.2977 (3.2s)
Train loss: 1.2977 (3.2s)
2026-06-24 17:31:15,027 - INFO - Test instance 0.8125, class 0.8125
Test instance 0.8125, class 0.8125
2026-06-24 17:31:15,027 - INFO - Best instance 0.8500, class 0.8500 (epoch 71)
Best instance 0.8500, class 0.8500 (epoch 71)
2026-06-24 17:31:15,046 - INFO - Epoch 81/200:
Epoch 81/200:
2026-06-24 17:31:17,708 - INFO - Train loss: 1.2408 (2.7s)
Train loss: 1.2408 (2.7s)
2026-06-24 17:31:17,972 - INFO - Test instance 0.8625, class 0.8625
Test instance 0.8625, class 0.8625
2026-06-24 17:31:17,990 - INFO - Best instance 0.8625, class 0.8625 (epoch 81)
Best instance 0.8625, class 0.8625 (epoch 81)
2026-06-24 17:31:18,006 - INFO - Epoch 82/200:
Epoch 82/200:
2026-06-24 17:31:20,660 - INFO - Train loss: 1.2556 (2.7s)
Train loss: 1.2556 (2.7s)
2026-06-24 17:31:20,917 - INFO - Test instance 0.8875, class 0.8875
Test instance 0.8875, class 0.8875
2026-06-24 17:31:20,934 - INFO - Best instance 0.8875, class 0.8875 (epoch 82)
Best instance 0.8875, class 0.8875 (epoch 82)
2026-06-24 17:31:20,950 - INFO - Epoch 83/200:
Epoch 83/200:
2026-06-24 17:31:23,599 - INFO - Train loss: 1.2753 (2.6s)
Train loss: 1.2753 (2.6s)
2026-06-24 17:31:23,861 - INFO - Test instance 0.8625, class 0.8625
Test instance 0.8625, class 0.8625
2026-06-24 17:31:23,862 - INFO - Best instance 0.8875, class 0.8875 (epoch 82)
Best instance 0.8875, class 0.8875 (epoch 82)
2026-06-24 17:31:23,879 - INFO - Epoch 84/200:
Epoch 84/200:
2026-06-24 17:31:26,528 - INFO - Train loss: 1.2761 (2.6s)
Train loss: 1.2761 (2.6s)
2026-06-24 17:31:26,789 - INFO - Test instance 0.7875, class 0.7875
Test instance 0.7875, class 0.7875
2026-06-24 17:31:26,789 - INFO - Best instance 0.8875, class 0.8875 (epoch 82)
Best instance 0.8875, class 0.8875 (epoch 82)
2026-06-24 17:31:26,806 - INFO - Epoch 85/200:
Epoch 85/200:
2026-06-24 17:31:29,458 - INFO - Train loss: 1.2557 (2.7s)
Train loss: 1.2557 (2.7s)
2026-06-24 17:31:29,708 - INFO - Test instance 0.9000, class 0.9000
Test instance 0.9000, class 0.9000
2026-06-24 17:31:29,724 - INFO - Best instance 0.9000, class 0.9000 (epoch 85)
Best instance 0.9000, class 0.9000 (epoch 85)
2026-06-24 17:31:29,741 - INFO - Epoch 86/200:
Epoch 86/200:
2026-06-24 17:31:32,379 - INFO - Train loss: 1.2653 (2.6s)
Train loss: 1.2653 (2.6s)
2026-06-24 17:31:32,640 - INFO - Test instance 0.8000, class 0.8000
Test instance 0.8000, class 0.8000
2026-06-24 17:31:32,641 - INFO - Best instance 0.9000, class 0.9000 (epoch 85)
Best instance 0.9000, class 0.9000 (epoch 85)
2026-06-24 17:31:32,659 - INFO - Epoch 87/200:
Epoch 87/200:
2026-06-24 17:31:35,343 - INFO - Train loss: 1.2560 (2.7s)
Train loss: 1.2560 (2.7s)
2026-06-24 17:31:35,600 - INFO - Test instance 0.8250, class 0.8250
Test instance 0.8250, class 0.8250
2026-06-24 17:31:35,601 - INFO - Best instance 0.9000, class 0.9000 (epoch 85)
Best instance 0.9000, class 0.9000 (epoch 85)
2026-06-24 17:31:35,618 - INFO - Epoch 88/200:
Epoch 88/200:
2026-06-24 17:31:38,980 - INFO - Train loss: 1.2355 (3.4s)
Train loss: 1.2355 (3.4s)
2026-06-24 17:31:39,237 - INFO - Test instance 0.8250, class 0.8250
Test instance 0.8250, class 0.8250
2026-06-24 17:31:39,237 - INFO - Best instance 0.9000, class 0.9000 (epoch 85)
Best instance 0.9000, class 0.9000 (epoch 85)
2026-06-24 17:31:39,255 - INFO - Epoch 89/200:
Epoch 89/200:
2026-06-24 17:31:41,900 - INFO - Train loss: 1.2480 (2.6s)
Train loss: 1.2480 (2.6s)
2026-06-24 17:31:42,160 - INFO - Test instance 0.8125, class 0.8125
Test instance 0.8125, class 0.8125
2026-06-24 17:31:42,160 - INFO - Best instance 0.9000, class 0.9000 (epoch 85)
Best instance 0.9000, class 0.9000 (epoch 85)
2026-06-24 17:31:42,178 - INFO - Epoch 90/200:
Epoch 90/200:
2026-06-24 17:31:44,833 - INFO - Train loss: 1.2689 (2.7s)
Train loss: 1.2689 (2.7s)
2026-06-24 17:31:45,098 - INFO - Test instance 0.7625, class 0.7625
Test instance 0.7625, class 0.7625
2026-06-24 17:31:45,099 - INFO - Best instance 0.9000, class 0.9000 (epoch 85)
Best instance 0.9000, class 0.9000 (epoch 85)
2026-06-24 17:31:45,117 - INFO - Epoch 91/200:
Epoch 91/200:
2026-06-24 17:31:48,474 - INFO - Train loss: 1.2588 (3.4s)
Train loss: 1.2588 (3.4s)
2026-06-24 17:31:48,732 - INFO - Test instance 0.7000, class 0.7000
Test instance 0.7000, class 0.7000
2026-06-24 17:31:48,732 - INFO - Best instance 0.9000, class 0.9000 (epoch 85)
Best instance 0.9000, class 0.9000 (epoch 85)
2026-06-24 17:31:48,750 - INFO - Epoch 92/200:
Epoch 92/200:
2026-06-24 17:31:51,450 - INFO - Train loss: 1.2126 (2.7s)
Train loss: 1.2126 (2.7s)
2026-06-24 17:31:51,709 - INFO - Test instance 0.8000, class 0.8000
Test instance 0.8000, class 0.8000
2026-06-24 17:31:51,709 - INFO - Best instance 0.9000, class 0.9000 (epoch 85)
Best instance 0.9000, class 0.9000 (epoch 85)
2026-06-24 17:31:51,727 - INFO - Epoch 93/200:
Epoch 93/200:
2026-06-24 17:31:54,424 - INFO - Train loss: 1.2423 (2.7s)
Train loss: 1.2423 (2.7s)
2026-06-24 17:31:54,688 - INFO - Test instance 0.8625, class 0.8625
Test instance 0.8625, class 0.8625
2026-06-24 17:31:54,688 - INFO - Best instance 0.9000, class 0.9000 (epoch 85)
Best instance 0.9000, class 0.9000 (epoch 85)
2026-06-24 17:31:54,706 - INFO - Epoch 94/200:
Epoch 94/200:
2026-06-24 17:31:57,367 - INFO - Train loss: 1.2826 (2.7s)
Train loss: 1.2826 (2.7s)
2026-06-24 17:31:57,624 - INFO - Test instance 0.8125, class 0.8125
Test instance 0.8125, class 0.8125
2026-06-24 17:31:57,624 - INFO - Best instance 0.9000, class 0.9000 (epoch 85)
Best instance 0.9000, class 0.9000 (epoch 85)
2026-06-24 17:31:57,643 - INFO - Epoch 95/200:
Epoch 95/200:
2026-06-24 17:32:00,293 - INFO - Train loss: 1.2401 (2.7s)
Train loss: 1.2401 (2.7s)
2026-06-24 17:32:00,556 - INFO - Test instance 0.8250, class 0.8250
Test instance 0.8250, class 0.8250
2026-06-24 17:32:00,556 - INFO - Best instance 0.9000, class 0.9000 (epoch 85)
Best instance 0.9000, class 0.9000 (epoch 85)
2026-06-24 17:32:00,574 - INFO - Epoch 96/200:
Epoch 96/200:
2026-06-24 17:32:03,309 - INFO - Train loss: 1.2639 (2.7s)
Train loss: 1.2639 (2.7s)
2026-06-24 17:32:03,580 - INFO - Test instance 0.8250, class 0.8250
Test instance 0.8250, class 0.8250
2026-06-24 17:32:03,581 - INFO - Best instance 0.9000, class 0.9000 (epoch 85)
Best instance 0.9000, class 0.9000 (epoch 85)
2026-06-24 17:32:03,599 - INFO - Epoch 97/200:
Epoch 97/200:
2026-06-24 17:32:06,294 - INFO - Train loss: 1.2625 (2.7s)
Train loss: 1.2625 (2.7s)
2026-06-24 17:32:06,557 - INFO - Test instance 0.8500, class 0.8500
Test instance 0.8500, class 0.8500
2026-06-24 17:32:06,558 - INFO - Best instance 0.9000, class 0.9000 (epoch 85)
Best instance 0.9000, class 0.9000 (epoch 85)
2026-06-24 17:32:06,575 - INFO - Epoch 98/200:
Epoch 98/200:
2026-06-24 17:32:09,231 - INFO - Train loss: 1.2440 (2.7s)
Train loss: 1.2440 (2.7s)
2026-06-24 17:32:09,486 - INFO - Test instance 0.8500, class 0.8500
Test instance 0.8500, class 0.8500
2026-06-24 17:32:09,486 - INFO - Best instance 0.9000, class 0.9000 (epoch 85)
Best instance 0.9000, class 0.9000 (epoch 85)
2026-06-24 17:32:09,504 - INFO - Epoch 99/200:
Epoch 99/200:
2026-06-24 17:32:12,864 - INFO - Train loss: 1.2422 (3.4s)
Train loss: 1.2422 (3.4s)
2026-06-24 17:32:13,129 - INFO - Test instance 0.8500, class 0.8500
Test instance 0.8500, class 0.8500
2026-06-24 17:32:13,129 - INFO - Best instance 0.9000, class 0.9000 (epoch 85)
Best instance 0.9000, class 0.9000 (epoch 85)
2026-06-24 17:32:13,147 - INFO - Epoch 100/200:
Epoch 100/200:
2026-06-24 17:32:15,809 - INFO - Train loss: 1.2384 (2.7s)
Train loss: 1.2384 (2.7s)
2026-06-24 17:32:16,135 - INFO - Test instance 0.7375, class 0.7375
Test instance 0.7375, class 0.7375
2026-06-24 17:32:16,136 - INFO - Best instance 0.9000, class 0.9000 (epoch 85)
Best instance 0.9000, class 0.9000 (epoch 85)
2026-06-24 17:32:16,154 - INFO - Epoch 101/200:
Epoch 101/200:
2026-06-24 17:32:18,820 - INFO - Train loss: 1.2156 (2.7s)
Train loss: 1.2156 (2.7s)
2026-06-24 17:32:19,148 - INFO - Test instance 0.8625, class 0.8625
Test instance 0.8625, class 0.8625
2026-06-24 17:32:19,148 - INFO - Best instance 0.9000, class 0.9000 (epoch 85)
Best instance 0.9000, class 0.9000 (epoch 85)
2026-06-24 17:32:19,168 - INFO - Epoch 102/200:
Epoch 102/200:
2026-06-24 17:32:21,840 - INFO - Train loss: 1.2191 (2.7s)
Train loss: 1.2191 (2.7s)
2026-06-24 17:32:22,171 - INFO - Test instance 0.8750, class 0.8750
Test instance 0.8750, class 0.8750
2026-06-24 17:32:22,171 - INFO - Best instance 0.9000, class 0.9000 (epoch 85)
Best instance 0.9000, class 0.9000 (epoch 85)
2026-06-24 17:32:22,191 - INFO - Epoch 103/200:
Epoch 103/200:
2026-06-24 17:32:24,847 - INFO - Train loss: 1.2046 (2.7s)
Train loss: 1.2046 (2.7s)
2026-06-24 17:32:25,101 - INFO - Test instance 0.9375, class 0.9375
Test instance 0.9375, class 0.9375
2026-06-24 17:32:25,119 - INFO - Best instance 0.9375, class 0.9375 (epoch 103)
Best instance 0.9375, class 0.9375 (epoch 103)
2026-06-24 17:32:25,136 - INFO - Epoch 104/200:
Epoch 104/200:
2026-06-24 17:32:27,800 - INFO - Train loss: 1.1914 (2.7s)
Train loss: 1.1914 (2.7s)
2026-06-24 17:32:28,055 - INFO - Test instance 0.9000, class 0.9000
Test instance 0.9000, class 0.9000
2026-06-24 17:32:28,056 - INFO - Best instance 0.9375, class 0.9375 (epoch 103)
Best instance 0.9375, class 0.9375 (epoch 103)
2026-06-24 17:32:28,073 - INFO - Epoch 105/200:
Epoch 105/200:
2026-06-24 17:32:30,713 - INFO - Train loss: 1.1976 (2.6s)
Train loss: 1.1976 (2.6s)
2026-06-24 17:32:31,048 - INFO - Test instance 0.8750, class 0.8750
Test instance 0.8750, class 0.8750
2026-06-24 17:32:31,049 - INFO - Best instance 0.9375, class 0.9375 (epoch 103)
Best instance 0.9375, class 0.9375 (epoch 103)
2026-06-24 17:32:31,069 - INFO - Epoch 106/200:
Epoch 106/200:
2026-06-24 17:32:34,429 - INFO - Train loss: 1.2442 (3.4s)
Train loss: 1.2442 (3.4s)
2026-06-24 17:32:34,691 - INFO - Test instance 0.9125, class 0.9125
Test instance 0.9125, class 0.9125
2026-06-24 17:32:34,691 - INFO - Best instance 0.9375, class 0.9375 (epoch 103)
Best instance 0.9375, class 0.9375 (epoch 103)
2026-06-24 17:32:34,709 - INFO - Epoch 107/200:
Epoch 107/200:
2026-06-24 17:32:37,374 - INFO - Train loss: 1.1913 (2.7s)
Train loss: 1.1913 (2.7s)
2026-06-24 17:32:37,625 - INFO - Test instance 0.9000, class 0.9000
Test instance 0.9000, class 0.9000
2026-06-24 17:32:37,625 - INFO - Best instance 0.9375, class 0.9375 (epoch 103)
Best instance 0.9375, class 0.9375 (epoch 103)
2026-06-24 17:32:37,643 - INFO - Epoch 108/200:
Epoch 108/200:
2026-06-24 17:32:40,283 - INFO - Train loss: 1.2006 (2.6s)
Train loss: 1.2006 (2.6s)
2026-06-24 17:32:40,546 - INFO - Test instance 0.8875, class 0.8875
Test instance 0.8875, class 0.8875
2026-06-24 17:32:40,547 - INFO - Best instance 0.9375, class 0.9375 (epoch 103)
Best instance 0.9375, class 0.9375 (epoch 103)
2026-06-24 17:32:40,564 - INFO - Epoch 109/200:
Epoch 109/200:
2026-06-24 17:32:43,219 - INFO - Train loss: 1.2360 (2.7s)
Train loss: 1.2360 (2.7s)
2026-06-24 17:32:43,475 - INFO - Test instance 0.8125, class 0.8125
Test instance 0.8125, class 0.8125
2026-06-24 17:32:43,475 - INFO - Best instance 0.9375, class 0.9375 (epoch 103)
Best instance 0.9375, class 0.9375 (epoch 103)
2026-06-24 17:32:43,493 - INFO - Epoch 110/200:
Epoch 110/200:
2026-06-24 17:32:46,151 - INFO - Train loss: 1.2401 (2.7s)
Train loss: 1.2401 (2.7s)
2026-06-24 17:32:46,406 - INFO - Test instance 0.8250, class 0.8250
Test instance 0.8250, class 0.8250
2026-06-24 17:32:46,406 - INFO - Best instance 0.9375, class 0.9375 (epoch 103)
Best instance 0.9375, class 0.9375 (epoch 103)
2026-06-24 17:32:46,424 - INFO - Epoch 111/200:
Epoch 111/200:
2026-06-24 17:32:49,093 - INFO - Train loss: 1.1898 (2.7s)
Train loss: 1.1898 (2.7s)
2026-06-24 17:32:49,346 - INFO - Test instance 0.8625, class 0.8625
Test instance 0.8625, class 0.8625
2026-06-24 17:32:49,347 - INFO - Best instance 0.9375, class 0.9375 (epoch 103)
Best instance 0.9375, class 0.9375 (epoch 103)
2026-06-24 17:32:49,364 - INFO - Epoch 112/200:
Epoch 112/200:
2026-06-24 17:32:52,706 - INFO - Train loss: 1.2399 (3.3s)
Train loss: 1.2399 (3.3s)
2026-06-24 17:32:53,043 - INFO - Test instance 0.8250, class 0.8250
Test instance 0.8250, class 0.8250
2026-06-24 17:32:53,044 - INFO - Best instance 0.9375, class 0.9375 (epoch 103)
Best instance 0.9375, class 0.9375 (epoch 103)
2026-06-24 17:32:53,064 - INFO - Epoch 113/200:
Epoch 113/200:
2026-06-24 17:32:56,420 - INFO - Train loss: 1.2338 (3.4s)
Train loss: 1.2338 (3.4s)
2026-06-24 17:32:56,688 - INFO - Test instance 0.9000, class 0.9000
Test instance 0.9000, class 0.9000
2026-06-24 17:32:56,689 - INFO - Best instance 0.9375, class 0.9375 (epoch 103)
Best instance 0.9375, class 0.9375 (epoch 103)
2026-06-24 17:32:56,706 - INFO - Epoch 114/200:
Epoch 114/200:
2026-06-24 17:32:59,363 - INFO - Train loss: 1.2193 (2.7s)
Train loss: 1.2193 (2.7s)
2026-06-24 17:32:59,631 - INFO - Test instance 0.8500, class 0.8500
Test instance 0.8500, class 0.8500
2026-06-24 17:32:59,632 - INFO - Best instance 0.9375, class 0.9375 (epoch 103)
Best instance 0.9375, class 0.9375 (epoch 103)
2026-06-24 17:32:59,649 - INFO - Epoch 115/200:
Epoch 115/200:
2026-06-24 17:33:02,338 - INFO - Train loss: 1.2396 (2.7s)
Train loss: 1.2396 (2.7s)
2026-06-24 17:33:02,593 - INFO - Test instance 0.8750, class 0.8750
Test instance 0.8750, class 0.8750
2026-06-24 17:33:02,593 - INFO - Best instance 0.9375, class 0.9375 (epoch 103)
Best instance 0.9375, class 0.9375 (epoch 103)
2026-06-24 17:33:02,611 - INFO - Epoch 116/200:
Epoch 116/200:
2026-06-24 17:33:05,278 - INFO - Train loss: 1.1598 (2.7s)
Train loss: 1.1598 (2.7s)
2026-06-24 17:33:05,535 - INFO - Test instance 0.9125, class 0.9125
Test instance 0.9125, class 0.9125
2026-06-24 17:33:05,535 - INFO - Best instance 0.9375, class 0.9375 (epoch 103)
Best instance 0.9375, class 0.9375 (epoch 103)
2026-06-24 17:33:05,553 - INFO - Epoch 117/200:
Epoch 117/200:
2026-06-24 17:33:08,910 - INFO - Train loss: 1.1770 (3.4s)
Train loss: 1.1770 (3.4s)
2026-06-24 17:33:09,235 - INFO - Test instance 0.8500, class 0.8500
Test instance 0.8500, class 0.8500
2026-06-24 17:33:09,237 - INFO - Best instance 0.9375, class 0.9375 (epoch 103)
Best instance 0.9375, class 0.9375 (epoch 103)
2026-06-24 17:33:09,256 - INFO - Epoch 118/200:
Epoch 118/200:
2026-06-24 17:33:12,611 - INFO - Train loss: 1.2468 (3.4s)
Train loss: 1.2468 (3.4s)
2026-06-24 17:33:12,940 - INFO - Test instance 0.8375, class 0.8375
Test instance 0.8375, class 0.8375
2026-06-24 17:33:12,940 - INFO - Best instance 0.9375, class 0.9375 (epoch 103)
Best instance 0.9375, class 0.9375 (epoch 103)
2026-06-24 17:33:12,960 - INFO - Epoch 119/200:
Epoch 119/200:
2026-06-24 17:33:15,622 - INFO - Train loss: 1.1892 (2.7s)
Train loss: 1.1892 (2.7s)
2026-06-24 17:33:15,874 - INFO - Test instance 0.8750, class 0.8750
Test instance 0.8750, class 0.8750
2026-06-24 17:33:15,875 - INFO - Best instance 0.9375, class 0.9375 (epoch 103)
Best instance 0.9375, class 0.9375 (epoch 103)
2026-06-24 17:33:15,892 - INFO - Epoch 120/200:
Epoch 120/200:
2026-06-24 17:33:18,556 - INFO - Train loss: 1.2137 (2.7s)
Train loss: 1.2137 (2.7s)
2026-06-24 17:33:18,817 - INFO - Test instance 0.8875, class 0.8875
Test instance 0.8875, class 0.8875
2026-06-24 17:33:18,818 - INFO - Best instance 0.9375, class 0.9375 (epoch 103)
Best instance 0.9375, class 0.9375 (epoch 103)
2026-06-24 17:33:18,834 - INFO - Epoch 121/200:
Epoch 121/200:
2026-06-24 17:33:21,495 - INFO - Train loss: 1.2063 (2.7s)
Train loss: 1.2063 (2.7s)
2026-06-24 17:33:21,754 - INFO - Test instance 0.9000, class 0.9000
Test instance 0.9000, class 0.9000
2026-06-24 17:33:21,754 - INFO - Best instance 0.9375, class 0.9375 (epoch 103)
Best instance 0.9375, class 0.9375 (epoch 103)
2026-06-24 17:33:21,772 - INFO - Epoch 122/200:
Epoch 122/200:
2026-06-24 17:33:24,422 - INFO - Train loss: 1.2505 (2.7s)
Train loss: 1.2505 (2.7s)
2026-06-24 17:33:24,684 - INFO - Test instance 0.8250, class 0.8250
Test instance 0.8250, class 0.8250
2026-06-24 17:33:24,685 - INFO - Best instance 0.9375, class 0.9375 (epoch 103)
Best instance 0.9375, class 0.9375 (epoch 103)
2026-06-24 17:33:24,702 - INFO - Epoch 123/200:
Epoch 123/200:
2026-06-24 17:33:27,357 - INFO - Train loss: 1.1760 (2.7s)
Train loss: 1.1760 (2.7s)
2026-06-24 17:33:27,610 - INFO - Test instance 0.9375, class 0.9375
Test instance 0.9375, class 0.9375
2026-06-24 17:33:27,611 - INFO - Best instance 0.9375, class 0.9375 (epoch 103)
Best instance 0.9375, class 0.9375 (epoch 103)
2026-06-24 17:33:27,628 - INFO - Epoch 124/200:
Epoch 124/200:
2026-06-24 17:33:30,289 - INFO - Train loss: 1.2043 (2.7s)
Train loss: 1.2043 (2.7s)
2026-06-24 17:33:30,546 - INFO - Test instance 0.8875, class 0.8875
Test instance 0.8875, class 0.8875
2026-06-24 17:33:30,546 - INFO - Best instance 0.9375, class 0.9375 (epoch 103)
Best instance 0.9375, class 0.9375 (epoch 103)
2026-06-24 17:33:30,563 - INFO - Epoch 125/200:
Epoch 125/200:
2026-06-24 17:33:33,921 - INFO - Train loss: 1.1999 (3.4s)
Train loss: 1.1999 (3.4s)
2026-06-24 17:33:34,184 - INFO - Test instance 0.9250, class 0.9250
Test instance 0.9250, class 0.9250
2026-06-24 17:33:34,184 - INFO - Best instance 0.9375, class 0.9375 (epoch 103)
Best instance 0.9375, class 0.9375 (epoch 103)
2026-06-24 17:33:34,201 - INFO - Epoch 126/200:
Epoch 126/200:
2026-06-24 17:33:37,535 - INFO - Train loss: 1.2116 (3.3s)
Train loss: 1.2116 (3.3s)
2026-06-24 17:33:37,862 - INFO - Test instance 0.8875, class 0.8875
Test instance 0.8875, class 0.8875
2026-06-24 17:33:37,862 - INFO - Best instance 0.9375, class 0.9375 (epoch 103)
Best instance 0.9375, class 0.9375 (epoch 103)
2026-06-24 17:33:37,881 - INFO - Epoch 127/200:
Epoch 127/200:
2026-06-24 17:33:40,545 - INFO - Train loss: 1.1868 (2.7s)
Train loss: 1.1868 (2.7s)
2026-06-24 17:33:40,806 - INFO - Test instance 0.8625, class 0.8625
Test instance 0.8625, class 0.8625
2026-06-24 17:33:40,806 - INFO - Best instance 0.9375, class 0.9375 (epoch 103)
Best instance 0.9375, class 0.9375 (epoch 103)
2026-06-24 17:33:40,823 - INFO - Epoch 128/200:
Epoch 128/200:
2026-06-24 17:33:44,170 - INFO - Train loss: 1.1663 (3.3s)
Train loss: 1.1663 (3.3s)
2026-06-24 17:33:44,436 - INFO - Test instance 0.8750, class 0.8750
Test instance 0.8750, class 0.8750
2026-06-24 17:33:44,436 - INFO - Best instance 0.9375, class 0.9375 (epoch 103)
Best instance 0.9375, class 0.9375 (epoch 103)
2026-06-24 17:33:44,453 - INFO - Epoch 129/200:
Epoch 129/200:
2026-06-24 17:33:47,120 - INFO - Train loss: 1.2128 (2.7s)
Train loss: 1.2128 (2.7s)
2026-06-24 17:33:47,378 - INFO - Test instance 0.8500, class 0.8500
Test instance 0.8500, class 0.8500
2026-06-24 17:33:47,378 - INFO - Best instance 0.9375, class 0.9375 (epoch 103)
Best instance 0.9375, class 0.9375 (epoch 103)
2026-06-24 17:33:47,395 - INFO - Epoch 130/200:
Epoch 130/200:
2026-06-24 17:33:50,048 - INFO - Train loss: 1.2122 (2.7s)
Train loss: 1.2122 (2.7s)
2026-06-24 17:33:50,307 - INFO - Test instance 0.9500, class 0.9500
Test instance 0.9500, class 0.9500
2026-06-24 17:33:50,323 - INFO - Best instance 0.9500, class 0.9500 (epoch 130)
Best instance 0.9500, class 0.9500 (epoch 130)
2026-06-24 17:33:50,340 - INFO - Epoch 131/200:
Epoch 131/200:
2026-06-24 17:33:52,985 - INFO - Train loss: 1.2240 (2.6s)
Train loss: 1.2240 (2.6s)
2026-06-24 17:33:53,243 - INFO - Test instance 0.9125, class 0.9125
Test instance 0.9125, class 0.9125
2026-06-24 17:33:53,243 - INFO - Best instance 0.9500, class 0.9500 (epoch 130)
Best instance 0.9500, class 0.9500 (epoch 130)
2026-06-24 17:33:53,261 - INFO - Epoch 132/200:
Epoch 132/200:
2026-06-24 17:33:55,911 - INFO - Train loss: 1.1807 (2.6s)
Train loss: 1.1807 (2.6s)
2026-06-24 17:33:56,164 - INFO - Test instance 0.9000, class 0.9000
Test instance 0.9000, class 0.9000
2026-06-24 17:33:56,164 - INFO - Best instance 0.9500, class 0.9500 (epoch 130)
Best instance 0.9500, class 0.9500 (epoch 130)
2026-06-24 17:33:56,182 - INFO - Epoch 133/200:
Epoch 133/200:
2026-06-24 17:33:59,516 - INFO - Train loss: 1.1989 (3.3s)
Train loss: 1.1989 (3.3s)
2026-06-24 17:33:59,836 - INFO - Test instance 0.9000, class 0.9000
Test instance 0.9000, class 0.9000
2026-06-24 17:33:59,836 - INFO - Best instance 0.9500, class 0.9500 (epoch 130)
Best instance 0.9500, class 0.9500 (epoch 130)
2026-06-24 17:33:59,856 - INFO - Epoch 134/200:
Epoch 134/200:
2026-06-24 17:34:02,541 - INFO - Train loss: 1.2032 (2.7s)
Train loss: 1.2032 (2.7s)
2026-06-24 17:34:02,798 - INFO - Test instance 0.8125, class 0.8125
Test instance 0.8125, class 0.8125
2026-06-24 17:34:02,799 - INFO - Best instance 0.9500, class 0.9500 (epoch 130)
Best instance 0.9500, class 0.9500 (epoch 130)
2026-06-24 17:34:02,816 - INFO - Epoch 135/200:
Epoch 135/200:
2026-06-24 17:34:05,478 - INFO - Train loss: 1.2018 (2.7s)
Train loss: 1.2018 (2.7s)
2026-06-24 17:34:05,739 - INFO - Test instance 0.8750, class 0.8750
Test instance 0.8750, class 0.8750
2026-06-24 17:34:05,739 - INFO - Best instance 0.9500, class 0.9500 (epoch 130)
Best instance 0.9500, class 0.9500 (epoch 130)
2026-06-24 17:34:05,756 - INFO - Epoch 136/200:
Epoch 136/200:
2026-06-24 17:34:08,413 - INFO - Train loss: 1.1771 (2.7s)
Train loss: 1.1771 (2.7s)
2026-06-24 17:34:08,673 - INFO - Test instance 0.8875, class 0.8875
Test instance 0.8875, class 0.8875
2026-06-24 17:34:08,673 - INFO - Best instance 0.9500, class 0.9500 (epoch 130)
Best instance 0.9500, class 0.9500 (epoch 130)
2026-06-24 17:34:08,690 - INFO - Epoch 137/200:
Epoch 137/200:
2026-06-24 17:34:11,335 - INFO - Train loss: 1.2068 (2.6s)
Train loss: 1.2068 (2.6s)
2026-06-24 17:34:11,598 - INFO - Test instance 0.9500, class 0.9500
Test instance 0.9500, class 0.9500
2026-06-24 17:34:11,598 - INFO - Best instance 0.9500, class 0.9500 (epoch 130)
Best instance 0.9500, class 0.9500 (epoch 130)
2026-06-24 17:34:11,615 - INFO - Epoch 138/200:
Epoch 138/200:
2026-06-24 17:34:14,274 - INFO - Train loss: 1.2134 (2.7s)
Train loss: 1.2134 (2.7s)
2026-06-24 17:34:14,529 - INFO - Test instance 0.8750, class 0.8750
Test instance 0.8750, class 0.8750
2026-06-24 17:34:14,529 - INFO - Best instance 0.9500, class 0.9500 (epoch 130)
Best instance 0.9500, class 0.9500 (epoch 130)
2026-06-24 17:34:14,546 - INFO - Epoch 139/200:
Epoch 139/200:
2026-06-24 17:34:17,268 - INFO - Train loss: 1.1836 (2.7s)
Train loss: 1.1836 (2.7s)
2026-06-24 17:34:17,538 - INFO - Test instance 0.8500, class 0.8500
Test instance 0.8500, class 0.8500
2026-06-24 17:34:17,538 - INFO - Best instance 0.9500, class 0.9500 (epoch 130)
Best instance 0.9500, class 0.9500 (epoch 130)
2026-06-24 17:34:17,556 - INFO - Epoch 140/200:
Epoch 140/200:
2026-06-24 17:34:20,335 - INFO - Train loss: 1.1986 (2.8s)
Train loss: 1.1986 (2.8s)
2026-06-24 17:34:20,610 - INFO - Test instance 0.8750, class 0.8750
Test instance 0.8750, class 0.8750
2026-06-24 17:34:20,611 - INFO - Best instance 0.9500, class 0.9500 (epoch 130)
Best instance 0.9500, class 0.9500 (epoch 130)
2026-06-24 17:34:20,636 - INFO - Epoch 141/200:
Epoch 141/200:
2026-06-24 17:34:23,384 - INFO - Train loss: 1.1922 (2.7s)
Train loss: 1.1922 (2.7s)
2026-06-24 17:34:23,643 - INFO - Test instance 0.9250, class 0.9250
Test instance 0.9250, class 0.9250
2026-06-24 17:34:23,644 - INFO - Best instance 0.9500, class 0.9500 (epoch 130)
Best instance 0.9500, class 0.9500 (epoch 130)
2026-06-24 17:34:23,660 - INFO - Epoch 142/200:
Epoch 142/200:
2026-06-24 17:34:26,303 - INFO - Train loss: 1.2173 (2.6s)
Train loss: 1.2173 (2.6s)
2026-06-24 17:34:26,562 - INFO - Test instance 0.8750, class 0.8750
Test instance 0.8750, class 0.8750
2026-06-24 17:34:26,563 - INFO - Best instance 0.9500, class 0.9500 (epoch 130)
Best instance 0.9500, class 0.9500 (epoch 130)
2026-06-24 17:34:26,580 - INFO - Epoch 143/200:
Epoch 143/200:
2026-06-24 17:34:29,289 - INFO - Train loss: 1.1817 (2.7s)
Train loss: 1.1817 (2.7s)
2026-06-24 17:34:29,564 - INFO - Test instance 0.9250, class 0.9250
Test instance 0.9250, class 0.9250
2026-06-24 17:34:29,565 - INFO - Best instance 0.9500, class 0.9500 (epoch 130)
Best instance 0.9500, class 0.9500 (epoch 130)
2026-06-24 17:34:29,582 - INFO - Epoch 144/200:
Epoch 144/200:
2026-06-24 17:34:32,368 - INFO - Train loss: 1.1454 (2.8s)
Train loss: 1.1454 (2.8s)
2026-06-24 17:34:32,637 - INFO - Test instance 0.9000, class 0.9000
Test instance 0.9000, class 0.9000
2026-06-24 17:34:32,637 - INFO - Best instance 0.9500, class 0.9500 (epoch 130)
Best instance 0.9500, class 0.9500 (epoch 130)
2026-06-24 17:34:32,655 - INFO - Epoch 145/200:
Epoch 145/200:
2026-06-24 17:34:35,363 - INFO - Train loss: 1.2129 (2.7s)
Train loss: 1.2129 (2.7s)
2026-06-24 17:34:35,630 - INFO - Test instance 0.9000, class 0.9000
Test instance 0.9000, class 0.9000
2026-06-24 17:34:35,630 - INFO - Best instance 0.9500, class 0.9500 (epoch 130)
Best instance 0.9500, class 0.9500 (epoch 130)
2026-06-24 17:34:35,647 - INFO - Epoch 146/200:
Epoch 146/200:
2026-06-24 17:34:38,315 - INFO - Train loss: 1.1994 (2.7s)
Train loss: 1.1994 (2.7s)
2026-06-24 17:34:38,566 - INFO - Test instance 0.8625, class 0.8625
Test instance 0.8625, class 0.8625
2026-06-24 17:34:38,567 - INFO - Best instance 0.9500, class 0.9500 (epoch 130)
Best instance 0.9500, class 0.9500 (epoch 130)
2026-06-24 17:34:38,583 - INFO - Epoch 147/200:
Epoch 147/200:
2026-06-24 17:34:41,257 - INFO - Train loss: 1.1726 (2.7s)
Train loss: 1.1726 (2.7s)
2026-06-24 17:34:41,504 - INFO - Test instance 0.9125, class 0.9125
Test instance 0.9125, class 0.9125
2026-06-24 17:34:41,504 - INFO - Best instance 0.9500, class 0.9500 (epoch 130)
Best instance 0.9500, class 0.9500 (epoch 130)
2026-06-24 17:34:41,528 - INFO - Epoch 148/200:
Epoch 148/200:
2026-06-24 17:34:44,183 - INFO - Train loss: 1.1558 (2.7s)
Train loss: 1.1558 (2.7s)
2026-06-24 17:34:44,436 - INFO - Test instance 0.8875, class 0.8875
Test instance 0.8875, class 0.8875
2026-06-24 17:34:44,436 - INFO - Best instance 0.9500, class 0.9500 (epoch 130)
Best instance 0.9500, class 0.9500 (epoch 130)
2026-06-24 17:34:44,453 - INFO - Epoch 149/200:
Epoch 149/200:
2026-06-24 17:34:47,212 - INFO - Train loss: 1.1539 (2.8s)
Train loss: 1.1539 (2.8s)
2026-06-24 17:34:47,475 - INFO - Test instance 0.9125, class 0.9125
Test instance 0.9125, class 0.9125
2026-06-24 17:34:47,475 - INFO - Best instance 0.9500, class 0.9500 (epoch 130)
Best instance 0.9500, class 0.9500 (epoch 130)
2026-06-24 17:34:47,494 - INFO - Epoch 150/200:
Epoch 150/200:
2026-06-24 17:34:50,195 - INFO - Train loss: 1.1541 (2.7s)
Train loss: 1.1541 (2.7s)
2026-06-24 17:34:50,453 - INFO - Test instance 0.8750, class 0.8750
Test instance 0.8750, class 0.8750
2026-06-24 17:34:50,454 - INFO - Best instance 0.9500, class 0.9500 (epoch 130)
Best instance 0.9500, class 0.9500 (epoch 130)
2026-06-24 17:34:50,471 - INFO - Epoch 151/200:
Epoch 151/200:
2026-06-24 17:34:53,775 - INFO - Train loss: 1.1455 (3.3s)
Train loss: 1.1455 (3.3s)
2026-06-24 17:34:54,102 - INFO - Test instance 0.9250, class 0.9250
Test instance 0.9250, class 0.9250
2026-06-24 17:34:54,102 - INFO - Best instance 0.9500, class 0.9500 (epoch 130)
Best instance 0.9500, class 0.9500 (epoch 130)
2026-06-24 17:34:54,122 - INFO - Epoch 152/200:
Epoch 152/200:
2026-06-24 17:34:56,843 - INFO - Train loss: 1.1709 (2.7s)
Train loss: 1.1709 (2.7s)
2026-06-24 17:34:57,112 - INFO - Test instance 0.9000, class 0.9000
Test instance 0.9000, class 0.9000
2026-06-24 17:34:57,112 - INFO - Best instance 0.9500, class 0.9500 (epoch 130)
Best instance 0.9500, class 0.9500 (epoch 130)
2026-06-24 17:34:57,131 - INFO - Epoch 153/200:
Epoch 153/200:
2026-06-24 17:34:59,882 - INFO - Train loss: 1.2051 (2.8s)
Train loss: 1.2051 (2.8s)
2026-06-24 17:35:00,138 - INFO - Test instance 0.8875, class 0.8875
Test instance 0.8875, class 0.8875
2026-06-24 17:35:00,138 - INFO - Best instance 0.9500, class 0.9500 (epoch 130)
Best instance 0.9500, class 0.9500 (epoch 130)
2026-06-24 17:35:00,156 - INFO - Epoch 154/200:
Epoch 154/200:
2026-06-24 17:35:02,970 - INFO - Train loss: 1.1996 (2.8s)
Train loss: 1.1996 (2.8s)
2026-06-24 17:35:03,237 - INFO - Test instance 0.8875, class 0.8875
Test instance 0.8875, class 0.8875
2026-06-24 17:35:03,237 - INFO - Best instance 0.9500, class 0.9500 (epoch 130)
Best instance 0.9500, class 0.9500 (epoch 130)
2026-06-24 17:35:03,256 - INFO - Epoch 155/200:
Epoch 155/200:
2026-06-24 17:35:06,040 - INFO - Train loss: 1.1937 (2.8s)
Train loss: 1.1937 (2.8s)
2026-06-24 17:35:06,299 - INFO - Test instance 0.9125, class 0.9125
Test instance 0.9125, class 0.9125
2026-06-24 17:35:06,300 - INFO - Best instance 0.9500, class 0.9500 (epoch 130)
Best instance 0.9500, class 0.9500 (epoch 130)
2026-06-24 17:35:06,317 - INFO - Epoch 156/200:
Epoch 156/200:
2026-06-24 17:35:09,772 - INFO - Train loss: 1.1616 (3.5s)
Train loss: 1.1616 (3.5s)
2026-06-24 17:35:10,036 - INFO - Test instance 0.8875, class 0.8875
Test instance 0.8875, class 0.8875
2026-06-24 17:35:10,036 - INFO - Best instance 0.9500, class 0.9500 (epoch 130)
Best instance 0.9500, class 0.9500 (epoch 130)
2026-06-24 17:35:10,055 - INFO - Epoch 157/200:
Epoch 157/200:
2026-06-24 17:35:13,516 - INFO - Train loss: 1.1584 (3.5s)
Train loss: 1.1584 (3.5s)
2026-06-24 17:35:13,854 - INFO - Test instance 0.9125, class 0.9125
Test instance 0.9125, class 0.9125
2026-06-24 17:35:13,854 - INFO - Best instance 0.9500, class 0.9500 (epoch 130)
Best instance 0.9500, class 0.9500 (epoch 130)
2026-06-24 17:35:13,875 - INFO - Epoch 158/200:
Epoch 158/200:
2026-06-24 17:35:17,345 - INFO - Train loss: 1.1612 (3.5s)
Train loss: 1.1612 (3.5s)
2026-06-24 17:35:17,617 - INFO - Test instance 0.9125, class 0.9125
Test instance 0.9125, class 0.9125
2026-06-24 17:35:17,618 - INFO - Best instance 0.9500, class 0.9500 (epoch 130)
Best instance 0.9500, class 0.9500 (epoch 130)
2026-06-24 17:35:17,636 - INFO - Epoch 159/200:
Epoch 159/200:
2026-06-24 17:35:20,386 - INFO - Train loss: 1.1555 (2.8s)
Train loss: 1.1555 (2.8s)
2026-06-24 17:35:20,649 - INFO - Test instance 0.9000, class 0.9000
Test instance 0.9000, class 0.9000
2026-06-24 17:35:20,649 - INFO - Best instance 0.9500, class 0.9500 (epoch 130)
Best instance 0.9500, class 0.9500 (epoch 130)
2026-06-24 17:35:20,666 - INFO - Epoch 160/200:
Epoch 160/200:
2026-06-24 17:35:23,406 - INFO - Train loss: 1.1298 (2.7s)
Train loss: 1.1298 (2.7s)
2026-06-24 17:35:23,676 - INFO - Test instance 0.9125, class 0.9125
Test instance 0.9125, class 0.9125
2026-06-24 17:35:23,676 - INFO - Best instance 0.9500, class 0.9500 (epoch 130)
Best instance 0.9500, class 0.9500 (epoch 130)
2026-06-24 17:35:23,693 - INFO - Epoch 161/200:
Epoch 161/200:
2026-06-24 17:35:26,439 - INFO - Train loss: 1.1080 (2.7s)
Train loss: 1.1080 (2.7s)
2026-06-24 17:35:26,704 - INFO - Test instance 0.9125, class 0.9125
Test instance 0.9125, class 0.9125
2026-06-24 17:35:26,704 - INFO - Best instance 0.9500, class 0.9500 (epoch 130)
Best instance 0.9500, class 0.9500 (epoch 130)
2026-06-24 17:35:26,721 - INFO - Epoch 162/200:
Epoch 162/200:
2026-06-24 17:35:29,474 - INFO - Train loss: 1.1409 (2.8s)
Train loss: 1.1409 (2.8s)
2026-06-24 17:35:29,746 - INFO - Test instance 0.9250, class 0.9250
Test instance 0.9250, class 0.9250
2026-06-24 17:35:29,747 - INFO - Best instance 0.9500, class 0.9500 (epoch 130)
Best instance 0.9500, class 0.9500 (epoch 130)
2026-06-24 17:35:29,771 - INFO - Epoch 163/200:
Epoch 163/200:
2026-06-24 17:35:32,515 - INFO - Train loss: 1.1464 (2.7s)
Train loss: 1.1464 (2.7s)
2026-06-24 17:35:32,775 - INFO - Test instance 0.9250, class 0.9250
Test instance 0.9250, class 0.9250
2026-06-24 17:35:32,775 - INFO - Best instance 0.9500, class 0.9500 (epoch 130)
Best instance 0.9500, class 0.9500 (epoch 130)
2026-06-24 17:35:32,793 - INFO - Epoch 164/200:
Epoch 164/200:
2026-06-24 17:35:35,591 - INFO - Train loss: 1.2095 (2.8s)
Train loss: 1.2095 (2.8s)
2026-06-24 17:35:35,855 - INFO - Test instance 0.9375, class 0.9375
Test instance 0.9375, class 0.9375
2026-06-24 17:35:35,855 - INFO - Best instance 0.9500, class 0.9500 (epoch 130)
Best instance 0.9500, class 0.9500 (epoch 130)
2026-06-24 17:35:35,873 - INFO - Epoch 165/200:
Epoch 165/200:
2026-06-24 17:35:38,614 - INFO - Train loss: 1.1888 (2.7s)
Train loss: 1.1888 (2.7s)
2026-06-24 17:35:38,875 - INFO - Test instance 0.9125, class 0.9125
Test instance 0.9125, class 0.9125
2026-06-24 17:35:38,876 - INFO - Best instance 0.9500, class 0.9500 (epoch 130)
Best instance 0.9500, class 0.9500 (epoch 130)
2026-06-24 17:35:38,893 - INFO - Epoch 166/200:
Epoch 166/200:
2026-06-24 17:35:42,367 - INFO - Train loss: 1.1425 (3.5s)
Train loss: 1.1425 (3.5s)
2026-06-24 17:35:42,702 - INFO - Test instance 0.9125, class 0.9125
Test instance 0.9125, class 0.9125
2026-06-24 17:35:42,703 - INFO - Best instance 0.9500, class 0.9500 (epoch 130)
Best instance 0.9500, class 0.9500 (epoch 130)
2026-06-24 17:35:42,721 - INFO - Epoch 167/200:
Epoch 167/200:
2026-06-24 17:35:45,469 - INFO - Train loss: 1.1551 (2.7s)
Train loss: 1.1551 (2.7s)
2026-06-24 17:35:45,738 - INFO - Test instance 0.8750, class 0.8750
Test instance 0.8750, class 0.8750
2026-06-24 17:35:45,738 - INFO - Best instance 0.9500, class 0.9500 (epoch 130)
Best instance 0.9500, class 0.9500 (epoch 130)
2026-06-24 17:35:45,757 - INFO - Epoch 168/200:
Epoch 168/200:
2026-06-24 17:35:49,238 - INFO - Train loss: 1.1650 (3.5s)
Train loss: 1.1650 (3.5s)
2026-06-24 17:35:49,504 - INFO - Test instance 0.9625, class 0.9625
Test instance 0.9625, class 0.9625
2026-06-24 17:35:49,521 - INFO - Best instance 0.9625, class 0.9625 (epoch 168)
Best instance 0.9625, class 0.9625 (epoch 168)
2026-06-24 17:35:49,538 - INFO - Epoch 169/200:
Epoch 169/200:
2026-06-24 17:35:52,971 - INFO - Train loss: 1.1699 (3.4s)
Train loss: 1.1699 (3.4s)
2026-06-24 17:35:53,238 - INFO - Test instance 0.9375, class 0.9375
Test instance 0.9375, class 0.9375
2026-06-24 17:35:53,239 - INFO - Best instance 0.9625, class 0.9625 (epoch 168)
Best instance 0.9625, class 0.9625 (epoch 168)
2026-06-24 17:35:53,256 - INFO - Epoch 170/200:
Epoch 170/200:
2026-06-24 17:35:56,008 - INFO - Train loss: 1.1947 (2.8s)
Train loss: 1.1947 (2.8s)
2026-06-24 17:35:56,273 - INFO - Test instance 0.9250, class 0.9250
Test instance 0.9250, class 0.9250
2026-06-24 17:35:56,273 - INFO - Best instance 0.9625, class 0.9625 (epoch 168)
Best instance 0.9625, class 0.9625 (epoch 168)
2026-06-24 17:35:56,291 - INFO - Epoch 171/200:
Epoch 171/200:
2026-06-24 17:35:59,056 - INFO - Train loss: 1.1413 (2.8s)
Train loss: 1.1413 (2.8s)
2026-06-24 17:35:59,328 - INFO - Test instance 0.9625, class 0.9625
Test instance 0.9625, class 0.9625
2026-06-24 17:35:59,328 - INFO - Best instance 0.9625, class 0.9625 (epoch 168)
Best instance 0.9625, class 0.9625 (epoch 168)
2026-06-24 17:35:59,346 - INFO - Epoch 172/200:
Epoch 172/200:
2026-06-24 17:36:02,106 - INFO - Train loss: 1.1649 (2.8s)
Train loss: 1.1649 (2.8s)
2026-06-24 17:36:02,385 - INFO - Test instance 0.9750, class 0.9750
Test instance 0.9750, class 0.9750
2026-06-24 17:36:02,403 - INFO - Best instance 0.9750, class 0.9750 (epoch 172)
Best instance 0.9750, class 0.9750 (epoch 172)
2026-06-24 17:36:02,420 - INFO - Epoch 173/200:
Epoch 173/200:
2026-06-24 17:36:05,681 - INFO - Train loss: 1.1528 (3.3s)
Train loss: 1.1528 (3.3s)
2026-06-24 17:36:06,016 - INFO - Test instance 0.9500, class 0.9500
Test instance 0.9500, class 0.9500
2026-06-24 17:36:06,016 - INFO - Best instance 0.9750, class 0.9750 (epoch 172)
Best instance 0.9750, class 0.9750 (epoch 172)
2026-06-24 17:36:06,037 - INFO - Epoch 174/200:
Epoch 174/200:
2026-06-24 17:36:09,523 - INFO - Train loss: 1.1619 (3.5s)
Train loss: 1.1619 (3.5s)
2026-06-24 17:36:09,861 - INFO - Test instance 0.9250, class 0.9250
Test instance 0.9250, class 0.9250
2026-06-24 17:36:09,861 - INFO - Best instance 0.9750, class 0.9750 (epoch 172)
Best instance 0.9750, class 0.9750 (epoch 172)
2026-06-24 17:36:09,882 - INFO - Epoch 175/200:
Epoch 175/200:
2026-06-24 17:36:12,632 - INFO - Train loss: 1.1505 (2.8s)
Train loss: 1.1505 (2.8s)
2026-06-24 17:36:12,895 - INFO - Test instance 0.9500, class 0.9500
Test instance 0.9500, class 0.9500
2026-06-24 17:36:12,895 - INFO - Best instance 0.9750, class 0.9750 (epoch 172)
Best instance 0.9750, class 0.9750 (epoch 172)
2026-06-24 17:36:12,913 - INFO - Epoch 176/200:
Epoch 176/200:
2026-06-24 17:36:15,655 - INFO - Train loss: 1.1596 (2.7s)
Train loss: 1.1596 (2.7s)
2026-06-24 17:36:15,921 - INFO - Test instance 0.9000, class 0.9000
Test instance 0.9000, class 0.9000
2026-06-24 17:36:15,921 - INFO - Best instance 0.9750, class 0.9750 (epoch 172)
Best instance 0.9750, class 0.9750 (epoch 172)
2026-06-24 17:36:15,939 - INFO - Epoch 177/200:
Epoch 177/200:
2026-06-24 17:36:18,664 - INFO - Train loss: 1.1896 (2.7s)
Train loss: 1.1896 (2.7s)
2026-06-24 17:36:18,933 - INFO - Test instance 0.9500, class 0.9500
Test instance 0.9500, class 0.9500
2026-06-24 17:36:18,933 - INFO - Best instance 0.9750, class 0.9750 (epoch 172)
Best instance 0.9750, class 0.9750 (epoch 172)
2026-06-24 17:36:18,951 - INFO - Epoch 178/200:
Epoch 178/200:
2026-06-24 17:36:21,702 - INFO - Train loss: 1.1803 (2.8s)
Train loss: 1.1803 (2.8s)
2026-06-24 17:36:21,966 - INFO - Test instance 0.9125, class 0.9125
Test instance 0.9125, class 0.9125
2026-06-24 17:36:21,966 - INFO - Best instance 0.9750, class 0.9750 (epoch 172)
Best instance 0.9750, class 0.9750 (epoch 172)
2026-06-24 17:36:21,983 - INFO - Epoch 179/200:
Epoch 179/200:
2026-06-24 17:36:24,727 - INFO - Train loss: 1.1081 (2.7s)
Train loss: 1.1081 (2.7s)
2026-06-24 17:36:24,994 - INFO - Test instance 0.8875, class 0.8875
Test instance 0.8875, class 0.8875
2026-06-24 17:36:24,994 - INFO - Best instance 0.9750, class 0.9750 (epoch 172)
Best instance 0.9750, class 0.9750 (epoch 172)
2026-06-24 17:36:25,013 - INFO - Epoch 180/200:
Epoch 180/200:
2026-06-24 17:36:27,730 - INFO - Train loss: 1.1656 (2.7s)
Train loss: 1.1656 (2.7s)
2026-06-24 17:36:27,988 - INFO - Test instance 0.8750, class 0.8750
Test instance 0.8750, class 0.8750
2026-06-24 17:36:27,989 - INFO - Best instance 0.9750, class 0.9750 (epoch 172)
Best instance 0.9750, class 0.9750 (epoch 172)
2026-06-24 17:36:28,006 - INFO - Epoch 181/200:
Epoch 181/200:
2026-06-24 17:36:30,716 - INFO - Train loss: 1.1576 (2.7s)
Train loss: 1.1576 (2.7s)
2026-06-24 17:36:31,052 - INFO - Test instance 0.9250, class 0.9250
Test instance 0.9250, class 0.9250
2026-06-24 17:36:31,052 - INFO - Best instance 0.9750, class 0.9750 (epoch 172)
Best instance 0.9750, class 0.9750 (epoch 172)
2026-06-24 17:36:31,073 - INFO - Epoch 182/200:
Epoch 182/200:
2026-06-24 17:36:33,805 - INFO - Train loss: 1.1554 (2.7s)
Train loss: 1.1554 (2.7s)
2026-06-24 17:36:34,079 - INFO - Test instance 0.9375, class 0.9375
Test instance 0.9375, class 0.9375
2026-06-24 17:36:34,080 - INFO - Best instance 0.9750, class 0.9750 (epoch 172)
Best instance 0.9750, class 0.9750 (epoch 172)
2026-06-24 17:36:34,097 - INFO - Epoch 183/200:
Epoch 183/200:
2026-06-24 17:36:36,885 - INFO - Train loss: 1.1514 (2.8s)
Train loss: 1.1514 (2.8s)
2026-06-24 17:36:37,148 - INFO - Test instance 0.9500, class 0.9500
Test instance 0.9500, class 0.9500
2026-06-24 17:36:37,149 - INFO - Best instance 0.9750, class 0.9750 (epoch 172)
Best instance 0.9750, class 0.9750 (epoch 172)
2026-06-24 17:36:37,166 - INFO - Epoch 184/200:
Epoch 184/200:
2026-06-24 17:36:39,867 - INFO - Train loss: 1.1541 (2.7s)
Train loss: 1.1541 (2.7s)
2026-06-24 17:36:40,121 - INFO - Test instance 0.9250, class 0.9250
Test instance 0.9250, class 0.9250
2026-06-24 17:36:40,121 - INFO - Best instance 0.9750, class 0.9750 (epoch 172)
Best instance 0.9750, class 0.9750 (epoch 172)
2026-06-24 17:36:40,140 - INFO - Epoch 185/200:
Epoch 185/200:
2026-06-24 17:36:42,816 - INFO - Train loss: 1.1522 (2.7s)
Train loss: 1.1522 (2.7s)
2026-06-24 17:36:43,067 - INFO - Test instance 0.9375, class 0.9375
Test instance 0.9375, class 0.9375
2026-06-24 17:36:43,067 - INFO - Best instance 0.9750, class 0.9750 (epoch 172)
Best instance 0.9750, class 0.9750 (epoch 172)
2026-06-24 17:36:43,087 - INFO - Epoch 186/200:
Epoch 186/200:
2026-06-24 17:36:45,793 - INFO - Train loss: 1.1671 (2.7s)
Train loss: 1.1671 (2.7s)
2026-06-24 17:36:46,051 - INFO - Test instance 0.9250, class 0.9250
Test instance 0.9250, class 0.9250
2026-06-24 17:36:46,051 - INFO - Best instance 0.9750, class 0.9750 (epoch 172)
Best instance 0.9750, class 0.9750 (epoch 172)
2026-06-24 17:36:46,069 - INFO - Epoch 187/200:
Epoch 187/200:
2026-06-24 17:36:48,755 - INFO - Train loss: 1.1452 (2.7s)
Train loss: 1.1452 (2.7s)
2026-06-24 17:36:49,012 - INFO - Test instance 0.9500, class 0.9500
Test instance 0.9500, class 0.9500
2026-06-24 17:36:49,013 - INFO - Best instance 0.9750, class 0.9750 (epoch 172)
Best instance 0.9750, class 0.9750 (epoch 172)
2026-06-24 17:36:49,031 - INFO - Epoch 188/200:
Epoch 188/200:
2026-06-24 17:36:51,748 - INFO - Train loss: 1.1438 (2.7s)
Train loss: 1.1438 (2.7s)
2026-06-24 17:36:52,005 - INFO - Test instance 0.9000, class 0.9000
Test instance 0.9000, class 0.9000
2026-06-24 17:36:52,005 - INFO - Best instance 0.9750, class 0.9750 (epoch 172)
Best instance 0.9750, class 0.9750 (epoch 172)
2026-06-24 17:36:52,023 - INFO - Epoch 189/200:
Epoch 189/200:
2026-06-24 17:36:54,708 - INFO - Train loss: 1.1572 (2.7s)
Train loss: 1.1572 (2.7s)
2026-06-24 17:36:54,965 - INFO - Test instance 0.9250, class 0.9250
Test instance 0.9250, class 0.9250
2026-06-24 17:36:54,965 - INFO - Best instance 0.9750, class 0.9750 (epoch 172)
Best instance 0.9750, class 0.9750 (epoch 172)
2026-06-24 17:36:54,983 - INFO - Epoch 190/200:
Epoch 190/200:
2026-06-24 17:36:58,334 - INFO - Train loss: 1.1677 (3.4s)
Train loss: 1.1677 (3.4s)
2026-06-24 17:36:58,594 - INFO - Test instance 0.9375, class 0.9375
Test instance 0.9375, class 0.9375
2026-06-24 17:36:58,595 - INFO - Best instance 0.9750, class 0.9750 (epoch 172)
Best instance 0.9750, class 0.9750 (epoch 172)
2026-06-24 17:36:58,613 - INFO - Epoch 191/200:
Epoch 191/200:
2026-06-24 17:37:01,264 - INFO - Train loss: 1.1418 (2.7s)
Train loss: 1.1418 (2.7s)
2026-06-24 17:37:01,524 - INFO - Test instance 0.9000, class 0.9000
Test instance 0.9000, class 0.9000
2026-06-24 17:37:01,524 - INFO - Best instance 0.9750, class 0.9750 (epoch 172)
Best instance 0.9750, class 0.9750 (epoch 172)
2026-06-24 17:37:01,541 - INFO - Epoch 192/200:
Epoch 192/200:
2026-06-24 17:37:04,262 - INFO - Train loss: 1.1339 (2.7s)
Train loss: 1.1339 (2.7s)
2026-06-24 17:37:04,523 - INFO - Test instance 0.9125, class 0.9125
Test instance 0.9125, class 0.9125
2026-06-24 17:37:04,523 - INFO - Best instance 0.9750, class 0.9750 (epoch 172)
Best instance 0.9750, class 0.9750 (epoch 172)
2026-06-24 17:37:04,540 - INFO - Epoch 193/200:
Epoch 193/200:
2026-06-24 17:37:07,187 - INFO - Train loss: 1.1356 (2.6s)
Train loss: 1.1356 (2.6s)
2026-06-24 17:37:07,443 - INFO - Test instance 0.9500, class 0.9500
Test instance 0.9500, class 0.9500
2026-06-24 17:37:07,443 - INFO - Best instance 0.9750, class 0.9750 (epoch 172)
Best instance 0.9750, class 0.9750 (epoch 172)
2026-06-24 17:37:07,461 - INFO - Epoch 194/200:
Epoch 194/200:
2026-06-24 17:37:10,121 - INFO - Train loss: 1.1623 (2.7s)
Train loss: 1.1623 (2.7s)
2026-06-24 17:37:10,406 - INFO - Test instance 0.9625, class 0.9625
Test instance 0.9625, class 0.9625
2026-06-24 17:37:10,406 - INFO - Best instance 0.9750, class 0.9750 (epoch 172)
Best instance 0.9750, class 0.9750 (epoch 172)
2026-06-24 17:37:10,425 - INFO - Epoch 195/200:
Epoch 195/200:
2026-06-24 17:37:13,074 - INFO - Train loss: 1.1864 (2.6s)
Train loss: 1.1864 (2.6s)
2026-06-24 17:37:13,335 - INFO - Test instance 0.9250, class 0.9250
Test instance 0.9250, class 0.9250
2026-06-24 17:37:13,335 - INFO - Best instance 0.9750, class 0.9750 (epoch 172)
Best instance 0.9750, class 0.9750 (epoch 172)
2026-06-24 17:37:13,354 - INFO - Epoch 196/200:
Epoch 196/200:
2026-06-24 17:37:16,022 - INFO - Train loss: 1.1633 (2.7s)
Train loss: 1.1633 (2.7s)
2026-06-24 17:37:16,275 - INFO - Test instance 0.9125, class 0.9125
Test instance 0.9125, class 0.9125
2026-06-24 17:37:16,276 - INFO - Best instance 0.9750, class 0.9750 (epoch 172)
Best instance 0.9750, class 0.9750 (epoch 172)
2026-06-24 17:37:16,295 - INFO - Epoch 197/200:
Epoch 197/200:
2026-06-24 17:37:18,962 - INFO - Train loss: 1.1885 (2.7s)
Train loss: 1.1885 (2.7s)
2026-06-24 17:37:19,219 - INFO - Test instance 0.9375, class 0.9375
Test instance 0.9375, class 0.9375
2026-06-24 17:37:19,220 - INFO - Best instance 0.9750, class 0.9750 (epoch 172)
Best instance 0.9750, class 0.9750 (epoch 172)
2026-06-24 17:37:19,238 - INFO - Epoch 198/200:
Epoch 198/200:
2026-06-24 17:37:21,897 - INFO - Train loss: 1.1673 (2.7s)
Train loss: 1.1673 (2.7s)
2026-06-24 17:37:22,152 - INFO - Test instance 0.9375, class 0.9375
Test instance 0.9375, class 0.9375
2026-06-24 17:37:22,152 - INFO - Best instance 0.9750, class 0.9750 (epoch 172)
Best instance 0.9750, class 0.9750 (epoch 172)
2026-06-24 17:37:22,171 - INFO - Epoch 199/200:
Epoch 199/200:
2026-06-24 17:37:24,864 - INFO - Train loss: 1.1453 (2.7s)
Train loss: 1.1453 (2.7s)
2026-06-24 17:37:25,193 - INFO - Test instance 0.9125, class 0.9125
Test instance 0.9125, class 0.9125
2026-06-24 17:37:25,194 - INFO - Best instance 0.9750, class 0.9750 (epoch 172)
Best instance 0.9750, class 0.9750 (epoch 172)
2026-06-24 17:37:25,215 - INFO - Epoch 200/200:
Epoch 200/200:
2026-06-24 17:37:27,880 - INFO - Train loss: 1.1523 (2.7s)
Train loss: 1.1523 (2.7s)
2026-06-24 17:37:28,136 - INFO - Test instance 0.8875, class 0.8875
Test instance 0.8875, class 0.8875
2026-06-24 17:37:28,136 - INFO - Best instance 0.9750, class 0.9750 (epoch 172)
Best instance 0.9750, class 0.9750 (epoch 172)
2026-06-24 17:37:54,585 - INFO - Student 1.42 MB, 78.64 ms
Student 1.42 MB, 78.64 ms
