[Wed Jun 24 18:23:23 EDT 2026] task 204 on GPU 0: python flkd/advanced_kd_train_classification.py --teacher_model pointnet2_cls_ssg --student_model small_pointnet2 --kd_strategy dkd --dataset craniosynostosis --seed 123 --batch_size 24 --epoch 200 --num_point 1024 --teacher_path "outputs/craniosynostosis/flkd/federated/classification/fl_pointnet2_cls_ssg_fedyogi_s123/checkpoints/best_model.pth" --log_dir kd_pointnet2_cls_ssg_fedyogi+dkd_small_pointnet2_s123  --data_root data --output_root outputs --num_workers -1 --max_runtime_hours 166.0
Loaded teacher from outputs/craniosynostosis/flkd/federated/classification/fl_pointnet2_cls_ssg_fedyogi_s123/checkpoints/best_model.pth
2026-06-24 18:27:24,289 - INFO - PARAMETER ...
2026-06-24 18:27:24,290 - INFO - {'use_cpu': False, 'no_amp': False, 'gpu': '0', 'num_workers': -1, 'batch_size': 24, 'teacher_model': 'pointnet2_cls_ssg', 'student_model': 'small_pointnet2', 'num_category': 4, 'dataset': 'craniosynostosis', 'data_root': 'data', 'output_root': 'outputs', 'train_split': 0.8, 'dataset_seed': 0, 'cache_dataset': True, 'min_class_samples': 1, 'epoch': 200, 'learning_rate': 0.001, 'num_point': 1024, 'optimizer': 'Adam', 'log_dir': 'kd_pointnet2_cls_ssg_fedyogi+dkd_small_pointnet2_s123', 'decay_rate': 0.0001, 'use_normals': False, 'process_data': False, 'use_uniform_sample': False, 'resume': True, 'kd_strategy': 'dkd', 'alpha': 0.5, 'temperature': 2.0, 'beta': 0.5, 'dkd_alpha': 1.0, 'dkd_beta': 8.0, 'crd_temperature': 0.07, 'teacher_path': 'outputs/craniosynostosis/flkd/federated/classification/fl_pointnet2_cls_ssg_fedyogi_s123/checkpoints/best_model.pth', 'teacher_paths': None, 'teacher_weights': None, 'use_hard_labels': 'on', 'unlabeled': False, 'temperature_sweep': None, 'seed': 123, 'max_runtime_hours': 166.0}
2026-06-24 18:27:24,291 - INFO - KD=dkd student=small_pointnet2 AMP=False use_hard=True unlabeled=False T=2.0
KD=dkd student=small_pointnet2 AMP=False use_hard=True unlabeled=False T=2.0
2026-06-24 18:27:24,298 - INFO - Epoch 1/200:
Epoch 1/200:
2026-06-24 18:27:29,624 - INFO - Train loss: 2.1811 (5.3s)
Train loss: 2.1811 (5.3s)
2026-06-24 18:27:30,270 - INFO - Test instance 0.2500, class 0.2500
Test instance 0.2500, class 0.2500
2026-06-24 18:27:30,291 - INFO - Best instance 0.2500, class 0.2500 (epoch 1)
Best instance 0.2500, class 0.2500 (epoch 1)
2026-06-24 18:27:30,308 - INFO - Epoch 2/200:
Epoch 2/200:
2026-06-24 18:27:33,081 - INFO - Train loss: 1.9096 (2.8s)
Train loss: 1.9096 (2.8s)
2026-06-24 18:27:33,428 - INFO - Test instance 0.2500, class 0.2500
Test instance 0.2500, class 0.2500
2026-06-24 18:27:33,428 - INFO - Best instance 0.2500, class 0.2500 (epoch 1)
Best instance 0.2500, class 0.2500 (epoch 1)
2026-06-24 18:27:33,448 - INFO - Epoch 3/200:
Epoch 3/200:
2026-06-24 18:27:36,242 - INFO - Train loss: 1.8158 (2.8s)
Train loss: 1.8158 (2.8s)
2026-06-24 18:27:36,507 - INFO - Test instance 0.2500, class 0.2500
Test instance 0.2500, class 0.2500
2026-06-24 18:27:36,507 - INFO - Best instance 0.2500, class 0.2500 (epoch 1)
Best instance 0.2500, class 0.2500 (epoch 1)
2026-06-24 18:27:36,526 - INFO - Epoch 4/200:
Epoch 4/200:
2026-06-24 18:27:39,326 - INFO - Train loss: 1.6837 (2.8s)
Train loss: 1.6837 (2.8s)
2026-06-24 18:27:39,595 - INFO - Test instance 0.2500, class 0.2500
Test instance 0.2500, class 0.2500
2026-06-24 18:27:39,595 - INFO - Best instance 0.2500, class 0.2500 (epoch 1)
Best instance 0.2500, class 0.2500 (epoch 1)
2026-06-24 18:27:39,613 - INFO - Epoch 5/200:
Epoch 5/200:
2026-06-24 18:27:42,419 - INFO - Train loss: 1.6500 (2.8s)
Train loss: 1.6500 (2.8s)
2026-06-24 18:27:42,692 - INFO - Test instance 0.2500, class 0.2500
Test instance 0.2500, class 0.2500
2026-06-24 18:27:42,692 - INFO - Best instance 0.2500, class 0.2500 (epoch 1)
Best instance 0.2500, class 0.2500 (epoch 1)
2026-06-24 18:27:42,710 - INFO - Epoch 6/200:
Epoch 6/200:
2026-06-24 18:27:45,515 - INFO - Train loss: 1.5961 (2.8s)
Train loss: 1.5961 (2.8s)
2026-06-24 18:27:45,782 - INFO - Test instance 0.4375, class 0.4375
Test instance 0.4375, class 0.4375
2026-06-24 18:27:45,801 - INFO - Best instance 0.4375, class 0.4375 (epoch 6)
Best instance 0.4375, class 0.4375 (epoch 6)
2026-06-24 18:27:45,820 - INFO - Epoch 7/200:
Epoch 7/200:
2026-06-24 18:27:49,302 - INFO - Train loss: 1.5546 (3.5s)
Train loss: 1.5546 (3.5s)
2026-06-24 18:27:49,568 - INFO - Test instance 0.2125, class 0.2125
Test instance 0.2125, class 0.2125
2026-06-24 18:27:49,569 - INFO - Best instance 0.4375, class 0.4375 (epoch 6)
Best instance 0.4375, class 0.4375 (epoch 6)
2026-06-24 18:27:49,587 - INFO - Epoch 8/200:
Epoch 8/200:
2026-06-24 18:27:52,301 - INFO - Train loss: 1.5196 (2.7s)
Train loss: 1.5196 (2.7s)
2026-06-24 18:27:52,651 - INFO - Test instance 0.2875, class 0.2875
Test instance 0.2875, class 0.2875
2026-06-24 18:27:52,652 - INFO - Best instance 0.4375, class 0.4375 (epoch 6)
Best instance 0.4375, class 0.4375 (epoch 6)
2026-06-24 18:27:52,672 - INFO - Epoch 9/200:
Epoch 9/200:
2026-06-24 18:27:55,442 - INFO - Train loss: 1.5309 (2.8s)
Train loss: 1.5309 (2.8s)
2026-06-24 18:27:55,702 - INFO - Test instance 0.2625, class 0.2625
Test instance 0.2625, class 0.2625
2026-06-24 18:27:55,703 - INFO - Best instance 0.4375, class 0.4375 (epoch 6)
Best instance 0.4375, class 0.4375 (epoch 6)
2026-06-24 18:27:55,720 - INFO - Epoch 10/200:
Epoch 10/200:
2026-06-24 18:27:58,482 - INFO - Train loss: 1.5043 (2.8s)
Train loss: 1.5043 (2.8s)
2026-06-24 18:27:58,756 - INFO - Test instance 0.2875, class 0.2875
Test instance 0.2875, class 0.2875
2026-06-24 18:27:58,757 - INFO - Best instance 0.4375, class 0.4375 (epoch 6)
Best instance 0.4375, class 0.4375 (epoch 6)
2026-06-24 18:27:58,774 - INFO - Epoch 11/200:
Epoch 11/200:
2026-06-24 18:28:01,570 - INFO - Train loss: 1.4891 (2.8s)
Train loss: 1.4891 (2.8s)
2026-06-24 18:28:01,857 - INFO - Test instance 0.4625, class 0.4625
Test instance 0.4625, class 0.4625
2026-06-24 18:28:01,876 - INFO - Best instance 0.4625, class 0.4625 (epoch 11)
Best instance 0.4625, class 0.4625 (epoch 11)
2026-06-24 18:28:01,895 - INFO - Epoch 12/200:
Epoch 12/200:
2026-06-24 18:28:04,754 - INFO - Train loss: 1.4754 (2.9s)
Train loss: 1.4754 (2.9s)
2026-06-24 18:28:05,025 - INFO - Test instance 0.3625, class 0.3625
Test instance 0.3625, class 0.3625
2026-06-24 18:28:05,026 - INFO - Best instance 0.4625, class 0.4625 (epoch 11)
Best instance 0.4625, class 0.4625 (epoch 11)
2026-06-24 18:28:05,043 - INFO - Epoch 13/200:
Epoch 13/200:
2026-06-24 18:28:07,845 - INFO - Train loss: 1.4490 (2.8s)
Train loss: 1.4490 (2.8s)
2026-06-24 18:28:08,110 - INFO - Test instance 0.4625, class 0.4625
Test instance 0.4625, class 0.4625
2026-06-24 18:28:08,110 - INFO - Best instance 0.4625, class 0.4625 (epoch 11)
Best instance 0.4625, class 0.4625 (epoch 11)
2026-06-24 18:28:08,128 - INFO - Epoch 14/200:
Epoch 14/200:
2026-06-24 18:28:10,889 - INFO - Train loss: 1.4400 (2.8s)
Train loss: 1.4400 (2.8s)
2026-06-24 18:28:11,213 - INFO - Test instance 0.5375, class 0.5375
Test instance 0.5375, class 0.5375
2026-06-24 18:28:11,232 - INFO - Best instance 0.5375, class 0.5375 (epoch 14)
Best instance 0.5375, class 0.5375 (epoch 14)
2026-06-24 18:28:11,252 - INFO - Epoch 15/200:
Epoch 15/200:
2026-06-24 18:28:13,953 - INFO - Train loss: 1.4276 (2.7s)
Train loss: 1.4276 (2.7s)
2026-06-24 18:28:14,216 - INFO - Test instance 0.4250, class 0.4250
Test instance 0.4250, class 0.4250
2026-06-24 18:28:14,217 - INFO - Best instance 0.5375, class 0.5375 (epoch 14)
Best instance 0.5375, class 0.5375 (epoch 14)
2026-06-24 18:28:14,235 - INFO - Epoch 16/200:
Epoch 16/200:
2026-06-24 18:28:17,011 - INFO - Train loss: 1.4217 (2.8s)
Train loss: 1.4217 (2.8s)
2026-06-24 18:28:17,278 - INFO - Test instance 0.4750, class 0.4750
Test instance 0.4750, class 0.4750
2026-06-24 18:28:17,278 - INFO - Best instance 0.5375, class 0.5375 (epoch 14)
Best instance 0.5375, class 0.5375 (epoch 14)
2026-06-24 18:28:17,296 - INFO - Epoch 17/200:
Epoch 17/200:
2026-06-24 18:28:20,059 - INFO - Train loss: 1.4106 (2.8s)
Train loss: 1.4106 (2.8s)
2026-06-24 18:28:20,321 - INFO - Test instance 0.4000, class 0.4000
Test instance 0.4000, class 0.4000
2026-06-24 18:28:20,321 - INFO - Best instance 0.5375, class 0.5375 (epoch 14)
Best instance 0.5375, class 0.5375 (epoch 14)
2026-06-24 18:28:20,339 - INFO - Epoch 18/200:
Epoch 18/200:
2026-06-24 18:28:23,122 - INFO - Train loss: 1.4021 (2.8s)
Train loss: 1.4021 (2.8s)
2026-06-24 18:28:23,462 - INFO - Test instance 0.4125, class 0.4125
Test instance 0.4125, class 0.4125
2026-06-24 18:28:23,462 - INFO - Best instance 0.5375, class 0.5375 (epoch 14)
Best instance 0.5375, class 0.5375 (epoch 14)
2026-06-24 18:28:23,483 - INFO - Epoch 19/200:
Epoch 19/200:
2026-06-24 18:28:26,257 - INFO - Train loss: 1.3902 (2.8s)
Train loss: 1.3902 (2.8s)
2026-06-24 18:28:26,527 - INFO - Test instance 0.4750, class 0.4750
Test instance 0.4750, class 0.4750
2026-06-24 18:28:26,527 - INFO - Best instance 0.5375, class 0.5375 (epoch 14)
Best instance 0.5375, class 0.5375 (epoch 14)
2026-06-24 18:28:26,546 - INFO - Epoch 20/200:
Epoch 20/200:
2026-06-24 18:28:29,317 - INFO - Train loss: 1.4013 (2.8s)
Train loss: 1.4013 (2.8s)
2026-06-24 18:28:29,579 - INFO - Test instance 0.4625, class 0.4625
Test instance 0.4625, class 0.4625
2026-06-24 18:28:29,579 - INFO - Best instance 0.5375, class 0.5375 (epoch 14)
Best instance 0.5375, class 0.5375 (epoch 14)
2026-06-24 18:28:29,597 - INFO - Epoch 21/200:
Epoch 21/200:
2026-06-24 18:28:32,368 - INFO - Train loss: 1.3922 (2.8s)
Train loss: 1.3922 (2.8s)
2026-06-24 18:28:32,633 - INFO - Test instance 0.5125, class 0.5125
Test instance 0.5125, class 0.5125
2026-06-24 18:28:32,634 - INFO - Best instance 0.5375, class 0.5375 (epoch 14)
Best instance 0.5375, class 0.5375 (epoch 14)
2026-06-24 18:28:32,652 - INFO - Epoch 22/200:
Epoch 22/200:
2026-06-24 18:28:35,439 - INFO - Train loss: 1.3795 (2.8s)
Train loss: 1.3795 (2.8s)
2026-06-24 18:28:35,698 - INFO - Test instance 0.3875, class 0.3875
Test instance 0.3875, class 0.3875
2026-06-24 18:28:35,698 - INFO - Best instance 0.5375, class 0.5375 (epoch 14)
Best instance 0.5375, class 0.5375 (epoch 14)
2026-06-24 18:28:35,716 - INFO - Epoch 23/200:
Epoch 23/200:
2026-06-24 18:28:38,505 - INFO - Train loss: 1.3755 (2.8s)
Train loss: 1.3755 (2.8s)
2026-06-24 18:28:38,765 - INFO - Test instance 0.4750, class 0.4750
Test instance 0.4750, class 0.4750
2026-06-24 18:28:38,765 - INFO - Best instance 0.5375, class 0.5375 (epoch 14)
Best instance 0.5375, class 0.5375 (epoch 14)
2026-06-24 18:28:38,783 - INFO - Epoch 24/200:
Epoch 24/200:
2026-06-24 18:28:41,567 - INFO - Train loss: 1.3643 (2.8s)
Train loss: 1.3643 (2.8s)
2026-06-24 18:28:41,840 - INFO - Test instance 0.5250, class 0.5250
Test instance 0.5250, class 0.5250
2026-06-24 18:28:41,840 - INFO - Best instance 0.5375, class 0.5375 (epoch 14)
Best instance 0.5375, class 0.5375 (epoch 14)
2026-06-24 18:28:41,858 - INFO - Epoch 25/200:
Epoch 25/200:
2026-06-24 18:28:44,647 - INFO - Train loss: 1.3548 (2.8s)
Train loss: 1.3548 (2.8s)
2026-06-24 18:28:44,910 - INFO - Test instance 0.4375, class 0.4375
Test instance 0.4375, class 0.4375
2026-06-24 18:28:44,911 - INFO - Best instance 0.5375, class 0.5375 (epoch 14)
Best instance 0.5375, class 0.5375 (epoch 14)
2026-06-24 18:28:44,928 - INFO - Epoch 26/200:
Epoch 26/200:
2026-06-24 18:28:47,701 - INFO - Train loss: 1.3326 (2.8s)
Train loss: 1.3326 (2.8s)
2026-06-24 18:28:47,971 - INFO - Test instance 0.5125, class 0.5125
Test instance 0.5125, class 0.5125
2026-06-24 18:28:47,971 - INFO - Best instance 0.5375, class 0.5375 (epoch 14)
Best instance 0.5375, class 0.5375 (epoch 14)
2026-06-24 18:28:47,989 - INFO - Epoch 27/200:
Epoch 27/200:
2026-06-24 18:28:50,788 - INFO - Train loss: 1.3271 (2.8s)
Train loss: 1.3271 (2.8s)
2026-06-24 18:28:51,059 - INFO - Test instance 0.5750, class 0.5750
Test instance 0.5750, class 0.5750
2026-06-24 18:28:51,076 - INFO - Best instance 0.5750, class 0.5750 (epoch 27)
Best instance 0.5750, class 0.5750 (epoch 27)
2026-06-24 18:28:51,094 - INFO - Epoch 28/200:
Epoch 28/200:
2026-06-24 18:28:53,890 - INFO - Train loss: 1.3424 (2.8s)
Train loss: 1.3424 (2.8s)
2026-06-24 18:28:54,160 - INFO - Test instance 0.5375, class 0.5375
Test instance 0.5375, class 0.5375
2026-06-24 18:28:54,160 - INFO - Best instance 0.5750, class 0.5750 (epoch 27)
Best instance 0.5750, class 0.5750 (epoch 27)
2026-06-24 18:28:54,179 - INFO - Epoch 29/200:
Epoch 29/200:
2026-06-24 18:28:56,983 - INFO - Train loss: 1.3327 (2.8s)
Train loss: 1.3327 (2.8s)
2026-06-24 18:28:57,244 - INFO - Test instance 0.6000, class 0.6000
Test instance 0.6000, class 0.6000
2026-06-24 18:28:57,262 - INFO - Best instance 0.6000, class 0.6000 (epoch 29)
Best instance 0.6000, class 0.6000 (epoch 29)
2026-06-24 18:28:57,278 - INFO - Epoch 30/200:
Epoch 30/200:
2026-06-24 18:29:00,038 - INFO - Train loss: 1.3347 (2.8s)
Train loss: 1.3347 (2.8s)
2026-06-24 18:29:00,376 - INFO - Test instance 0.5875, class 0.5875
Test instance 0.5875, class 0.5875
2026-06-24 18:29:00,377 - INFO - Best instance 0.6000, class 0.6000 (epoch 29)
Best instance 0.6000, class 0.6000 (epoch 29)
2026-06-24 18:29:00,396 - INFO - Epoch 31/200:
Epoch 31/200:
2026-06-24 18:29:03,198 - INFO - Train loss: 1.3506 (2.8s)
Train loss: 1.3506 (2.8s)
2026-06-24 18:29:03,477 - INFO - Test instance 0.6500, class 0.6500
Test instance 0.6500, class 0.6500
2026-06-24 18:29:03,497 - INFO - Best instance 0.6500, class 0.6500 (epoch 31)
Best instance 0.6500, class 0.6500 (epoch 31)
2026-06-24 18:29:03,515 - INFO - Epoch 32/200:
Epoch 32/200:
2026-06-24 18:29:06,315 - INFO - Train loss: 1.3195 (2.8s)
Train loss: 1.3195 (2.8s)
2026-06-24 18:29:06,588 - INFO - Test instance 0.5625, class 0.5625
Test instance 0.5625, class 0.5625
2026-06-24 18:29:06,589 - INFO - Best instance 0.6500, class 0.6500 (epoch 31)
Best instance 0.6500, class 0.6500 (epoch 31)
2026-06-24 18:29:06,608 - INFO - Epoch 33/200:
Epoch 33/200:
2026-06-24 18:29:09,366 - INFO - Train loss: 1.3399 (2.8s)
Train loss: 1.3399 (2.8s)
2026-06-24 18:29:09,631 - INFO - Test instance 0.5750, class 0.5750
Test instance 0.5750, class 0.5750
2026-06-24 18:29:09,632 - INFO - Best instance 0.6500, class 0.6500 (epoch 31)
Best instance 0.6500, class 0.6500 (epoch 31)
2026-06-24 18:29:09,649 - INFO - Epoch 34/200:
Epoch 34/200:
2026-06-24 18:29:13,140 - INFO - Train loss: 1.3109 (3.5s)
Train loss: 1.3109 (3.5s)
2026-06-24 18:29:13,408 - INFO - Test instance 0.7125, class 0.7125
Test instance 0.7125, class 0.7125
2026-06-24 18:29:13,425 - INFO - Best instance 0.7125, class 0.7125 (epoch 34)
Best instance 0.7125, class 0.7125 (epoch 34)
2026-06-24 18:29:13,442 - INFO - Epoch 35/200:
Epoch 35/200:
2026-06-24 18:29:16,196 - INFO - Train loss: 1.3043 (2.8s)
Train loss: 1.3043 (2.8s)
2026-06-24 18:29:16,463 - INFO - Test instance 0.6500, class 0.6500
Test instance 0.6500, class 0.6500
2026-06-24 18:29:16,464 - INFO - Best instance 0.7125, class 0.7125 (epoch 34)
Best instance 0.7125, class 0.7125 (epoch 34)
2026-06-24 18:29:16,481 - INFO - Epoch 36/200:
Epoch 36/200:
2026-06-24 18:29:19,977 - INFO - Train loss: 1.3081 (3.5s)
Train loss: 1.3081 (3.5s)
2026-06-24 18:29:20,313 - INFO - Test instance 0.6125, class 0.6125
Test instance 0.6125, class 0.6125
2026-06-24 18:29:20,313 - INFO - Best instance 0.7125, class 0.7125 (epoch 34)
Best instance 0.7125, class 0.7125 (epoch 34)
2026-06-24 18:29:20,333 - INFO - Epoch 37/200:
Epoch 37/200:
2026-06-24 18:29:23,825 - INFO - Train loss: 1.3032 (3.5s)
Train loss: 1.3032 (3.5s)
2026-06-24 18:29:24,167 - INFO - Test instance 0.5750, class 0.5750
Test instance 0.5750, class 0.5750
2026-06-24 18:29:24,168 - INFO - Best instance 0.7125, class 0.7125 (epoch 34)
Best instance 0.7125, class 0.7125 (epoch 34)
2026-06-24 18:29:24,188 - INFO - Epoch 38/200:
Epoch 38/200:
2026-06-24 18:29:26,971 - INFO - Train loss: 1.2905 (2.8s)
Train loss: 1.2905 (2.8s)
2026-06-24 18:29:27,240 - INFO - Test instance 0.6250, class 0.6250
Test instance 0.6250, class 0.6250
2026-06-24 18:29:27,240 - INFO - Best instance 0.7125, class 0.7125 (epoch 34)
Best instance 0.7125, class 0.7125 (epoch 34)
2026-06-24 18:29:27,258 - INFO - Epoch 39/200:
Epoch 39/200:
2026-06-24 18:29:30,317 - INFO - Train loss: 1.2737 (3.1s)
Train loss: 1.2737 (3.1s)
2026-06-24 18:29:30,590 - INFO - Test instance 0.6125, class 0.6125
Test instance 0.6125, class 0.6125
2026-06-24 18:29:30,591 - INFO - Best instance 0.7125, class 0.7125 (epoch 34)
Best instance 0.7125, class 0.7125 (epoch 34)
2026-06-24 18:29:30,608 - INFO - Epoch 40/200:
Epoch 40/200:
2026-06-24 18:29:33,384 - INFO - Train loss: 1.3063 (2.8s)
Train loss: 1.3063 (2.8s)
2026-06-24 18:29:33,656 - INFO - Test instance 0.6375, class 0.6375
Test instance 0.6375, class 0.6375
2026-06-24 18:29:33,656 - INFO - Best instance 0.7125, class 0.7125 (epoch 34)
Best instance 0.7125, class 0.7125 (epoch 34)
2026-06-24 18:29:33,674 - INFO - Epoch 41/200:
Epoch 41/200:
2026-06-24 18:29:36,421 - INFO - Train loss: 1.2768 (2.7s)
Train loss: 1.2768 (2.7s)
2026-06-24 18:29:36,685 - INFO - Test instance 0.7000, class 0.7000
Test instance 0.7000, class 0.7000
2026-06-24 18:29:36,685 - INFO - Best instance 0.7125, class 0.7125 (epoch 34)
Best instance 0.7125, class 0.7125 (epoch 34)
2026-06-24 18:29:36,703 - INFO - Epoch 42/200:
Epoch 42/200:
2026-06-24 18:29:39,478 - INFO - Train loss: 1.2723 (2.8s)
Train loss: 1.2723 (2.8s)
2026-06-24 18:29:39,754 - INFO - Test instance 0.7250, class 0.7250
Test instance 0.7250, class 0.7250
2026-06-24 18:29:39,771 - INFO - Best instance 0.7250, class 0.7250 (epoch 42)
Best instance 0.7250, class 0.7250 (epoch 42)
2026-06-24 18:29:39,788 - INFO - Epoch 43/200:
Epoch 43/200:
2026-06-24 18:29:43,258 - INFO - Train loss: 1.2762 (3.5s)
Train loss: 1.2762 (3.5s)
2026-06-24 18:29:43,597 - INFO - Test instance 0.7500, class 0.7500
Test instance 0.7500, class 0.7500
2026-06-24 18:29:43,618 - INFO - Best instance 0.7500, class 0.7500 (epoch 43)
Best instance 0.7500, class 0.7500 (epoch 43)
2026-06-24 18:29:43,638 - INFO - Epoch 44/200:
Epoch 44/200:
2026-06-24 18:29:47,120 - INFO - Train loss: 1.2655 (3.5s)
Train loss: 1.2655 (3.5s)
2026-06-24 18:29:47,389 - INFO - Test instance 0.8625, class 0.8625
Test instance 0.8625, class 0.8625
2026-06-24 18:29:47,407 - INFO - Best instance 0.8625, class 0.8625 (epoch 44)
Best instance 0.8625, class 0.8625 (epoch 44)
2026-06-24 18:29:47,426 - INFO - Epoch 45/200:
Epoch 45/200:
2026-06-24 18:29:50,196 - INFO - Train loss: 1.2832 (2.8s)
Train loss: 1.2832 (2.8s)
2026-06-24 18:29:50,530 - INFO - Test instance 0.7000, class 0.7000
Test instance 0.7000, class 0.7000
2026-06-24 18:29:50,531 - INFO - Best instance 0.8625, class 0.8625 (epoch 44)
Best instance 0.8625, class 0.8625 (epoch 44)
2026-06-24 18:29:50,551 - INFO - Epoch 46/200:
Epoch 46/200:
2026-06-24 18:29:53,326 - INFO - Train loss: 1.2813 (2.8s)
Train loss: 1.2813 (2.8s)
2026-06-24 18:29:53,674 - INFO - Test instance 0.7250, class 0.7250
Test instance 0.7250, class 0.7250
2026-06-24 18:29:53,674 - INFO - Best instance 0.8625, class 0.8625 (epoch 44)
Best instance 0.8625, class 0.8625 (epoch 44)
2026-06-24 18:29:53,694 - INFO - Epoch 47/200:
Epoch 47/200:
2026-06-24 18:29:57,172 - INFO - Train loss: 1.2523 (3.5s)
Train loss: 1.2523 (3.5s)
2026-06-24 18:29:57,445 - INFO - Test instance 0.7625, class 0.7625
Test instance 0.7625, class 0.7625
2026-06-24 18:29:57,446 - INFO - Best instance 0.8625, class 0.8625 (epoch 44)
Best instance 0.8625, class 0.8625 (epoch 44)
2026-06-24 18:29:57,465 - INFO - Epoch 48/200:
Epoch 48/200:
2026-06-24 18:30:00,221 - INFO - Train loss: 1.2469 (2.8s)
Train loss: 1.2469 (2.8s)
2026-06-24 18:30:00,563 - INFO - Test instance 0.6750, class 0.6750
Test instance 0.6750, class 0.6750
2026-06-24 18:30:00,563 - INFO - Best instance 0.8625, class 0.8625 (epoch 44)
Best instance 0.8625, class 0.8625 (epoch 44)
2026-06-24 18:30:00,586 - INFO - Epoch 49/200:
Epoch 49/200:
2026-06-24 18:30:03,407 - INFO - Train loss: 1.2530 (2.8s)
Train loss: 1.2530 (2.8s)
2026-06-24 18:30:03,667 - INFO - Test instance 0.7375, class 0.7375
Test instance 0.7375, class 0.7375
2026-06-24 18:30:03,667 - INFO - Best instance 0.8625, class 0.8625 (epoch 44)
Best instance 0.8625, class 0.8625 (epoch 44)
2026-06-24 18:30:03,685 - INFO - Epoch 50/200:
Epoch 50/200:
2026-06-24 18:30:06,479 - INFO - Train loss: 1.2337 (2.8s)
Train loss: 1.2337 (2.8s)
2026-06-24 18:30:06,817 - INFO - Test instance 0.8000, class 0.8000
Test instance 0.8000, class 0.8000
2026-06-24 18:30:06,818 - INFO - Best instance 0.8625, class 0.8625 (epoch 44)
Best instance 0.8625, class 0.8625 (epoch 44)
2026-06-24 18:30:06,839 - INFO - Epoch 51/200:
Epoch 51/200:
2026-06-24 18:30:09,622 - INFO - Train loss: 1.2292 (2.8s)
Train loss: 1.2292 (2.8s)
2026-06-24 18:30:09,879 - INFO - Test instance 0.8250, class 0.8250
Test instance 0.8250, class 0.8250
2026-06-24 18:30:09,879 - INFO - Best instance 0.8625, class 0.8625 (epoch 44)
Best instance 0.8625, class 0.8625 (epoch 44)
2026-06-24 18:30:09,898 - INFO - Epoch 52/200:
Epoch 52/200:
2026-06-24 18:30:12,713 - INFO - Train loss: 1.2165 (2.8s)
Train loss: 1.2165 (2.8s)
2026-06-24 18:30:12,973 - INFO - Test instance 0.8375, class 0.8375
Test instance 0.8375, class 0.8375
2026-06-24 18:30:12,973 - INFO - Best instance 0.8625, class 0.8625 (epoch 44)
Best instance 0.8625, class 0.8625 (epoch 44)
2026-06-24 18:30:12,999 - INFO - Epoch 53/200:
Epoch 53/200:
2026-06-24 18:30:15,802 - INFO - Train loss: 1.2056 (2.8s)
Train loss: 1.2056 (2.8s)
2026-06-24 18:30:16,066 - INFO - Test instance 0.7375, class 0.7375
Test instance 0.7375, class 0.7375
2026-06-24 18:30:16,067 - INFO - Best instance 0.8625, class 0.8625 (epoch 44)
Best instance 0.8625, class 0.8625 (epoch 44)
2026-06-24 18:30:16,086 - INFO - Epoch 54/200:
Epoch 54/200:
2026-06-24 18:30:18,876 - INFO - Train loss: 1.2080 (2.8s)
Train loss: 1.2080 (2.8s)
2026-06-24 18:30:19,141 - INFO - Test instance 0.7875, class 0.7875
Test instance 0.7875, class 0.7875
2026-06-24 18:30:19,142 - INFO - Best instance 0.8625, class 0.8625 (epoch 44)
Best instance 0.8625, class 0.8625 (epoch 44)
2026-06-24 18:30:19,164 - INFO - Epoch 55/200:
Epoch 55/200:
2026-06-24 18:30:21,970 - INFO - Train loss: 1.1973 (2.8s)
Train loss: 1.1973 (2.8s)
2026-06-24 18:30:22,235 - INFO - Test instance 0.8125, class 0.8125
Test instance 0.8125, class 0.8125
2026-06-24 18:30:22,236 - INFO - Best instance 0.8625, class 0.8625 (epoch 44)
Best instance 0.8625, class 0.8625 (epoch 44)
2026-06-24 18:30:22,255 - INFO - Epoch 56/200:
Epoch 56/200:
2026-06-24 18:30:25,022 - INFO - Train loss: 1.1893 (2.8s)
Train loss: 1.1893 (2.8s)
2026-06-24 18:30:25,283 - INFO - Test instance 0.7375, class 0.7375
Test instance 0.7375, class 0.7375
2026-06-24 18:30:25,283 - INFO - Best instance 0.8625, class 0.8625 (epoch 44)
Best instance 0.8625, class 0.8625 (epoch 44)
2026-06-24 18:30:25,302 - INFO - Epoch 57/200:
Epoch 57/200:
2026-06-24 18:30:28,090 - INFO - Train loss: 1.1882 (2.8s)
Train loss: 1.1882 (2.8s)
2026-06-24 18:30:28,368 - INFO - Test instance 0.6500, class 0.6500
Test instance 0.6500, class 0.6500
2026-06-24 18:30:28,369 - INFO - Best instance 0.8625, class 0.8625 (epoch 44)
Best instance 0.8625, class 0.8625 (epoch 44)
2026-06-24 18:30:28,421 - INFO - Epoch 58/200:
Epoch 58/200:
2026-06-24 18:30:31,240 - INFO - Train loss: 1.2218 (2.8s)
Train loss: 1.2218 (2.8s)
2026-06-24 18:30:31,507 - INFO - Test instance 0.8250, class 0.8250
Test instance 0.8250, class 0.8250
2026-06-24 18:30:31,507 - INFO - Best instance 0.8625, class 0.8625 (epoch 44)
Best instance 0.8625, class 0.8625 (epoch 44)
2026-06-24 18:30:31,527 - INFO - Epoch 59/200:
Epoch 59/200:
2026-06-24 18:30:35,012 - INFO - Train loss: 1.2160 (3.5s)
Train loss: 1.2160 (3.5s)
2026-06-24 18:30:35,277 - INFO - Test instance 0.7250, class 0.7250
Test instance 0.7250, class 0.7250
2026-06-24 18:30:35,277 - INFO - Best instance 0.8625, class 0.8625 (epoch 44)
Best instance 0.8625, class 0.8625 (epoch 44)
2026-06-24 18:30:35,296 - INFO - Epoch 60/200:
Epoch 60/200:
2026-06-24 18:30:38,048 - INFO - Train loss: 1.1896 (2.8s)
Train loss: 1.1896 (2.8s)
2026-06-24 18:30:38,313 - INFO - Test instance 0.8000, class 0.8000
Test instance 0.8000, class 0.8000
2026-06-24 18:30:38,314 - INFO - Best instance 0.8625, class 0.8625 (epoch 44)
Best instance 0.8625, class 0.8625 (epoch 44)
2026-06-24 18:30:38,332 - INFO - Epoch 61/200:
Epoch 61/200:
2026-06-24 18:30:41,104 - INFO - Train loss: 1.2095 (2.8s)
Train loss: 1.2095 (2.8s)
2026-06-24 18:30:41,372 - INFO - Test instance 0.8500, class 0.8500
Test instance 0.8500, class 0.8500
2026-06-24 18:30:41,373 - INFO - Best instance 0.8625, class 0.8625 (epoch 44)
Best instance 0.8625, class 0.8625 (epoch 44)
2026-06-24 18:30:41,393 - INFO - Epoch 62/200:
Epoch 62/200:
2026-06-24 18:30:44,157 - INFO - Train loss: 1.1750 (2.8s)
Train loss: 1.1750 (2.8s)
2026-06-24 18:30:44,416 - INFO - Test instance 0.7000, class 0.7000
Test instance 0.7000, class 0.7000
2026-06-24 18:30:44,417 - INFO - Best instance 0.8625, class 0.8625 (epoch 44)
Best instance 0.8625, class 0.8625 (epoch 44)
2026-06-24 18:30:44,435 - INFO - Epoch 63/200:
Epoch 63/200:
2026-06-24 18:30:47,126 - INFO - Train loss: 1.1731 (2.7s)
Train loss: 1.1731 (2.7s)
2026-06-24 18:30:47,392 - INFO - Test instance 0.8625, class 0.8625
Test instance 0.8625, class 0.8625
2026-06-24 18:30:47,392 - INFO - Best instance 0.8625, class 0.8625 (epoch 44)
Best instance 0.8625, class 0.8625 (epoch 44)
2026-06-24 18:30:47,411 - INFO - Epoch 64/200:
Epoch 64/200:
2026-06-24 18:30:50,891 - INFO - Train loss: 1.1674 (3.5s)
Train loss: 1.1674 (3.5s)
2026-06-24 18:30:51,161 - INFO - Test instance 0.8375, class 0.8375
Test instance 0.8375, class 0.8375
2026-06-24 18:30:51,162 - INFO - Best instance 0.8625, class 0.8625 (epoch 44)
Best instance 0.8625, class 0.8625 (epoch 44)
2026-06-24 18:30:51,181 - INFO - Epoch 65/200:
Epoch 65/200:
2026-06-24 18:30:53,942 - INFO - Train loss: 1.1929 (2.8s)
Train loss: 1.1929 (2.8s)
2026-06-24 18:30:54,296 - INFO - Test instance 0.7875, class 0.7875
Test instance 0.7875, class 0.7875
2026-06-24 18:30:54,297 - INFO - Best instance 0.8625, class 0.8625 (epoch 44)
Best instance 0.8625, class 0.8625 (epoch 44)
2026-06-24 18:30:54,317 - INFO - Epoch 66/200:
Epoch 66/200:
2026-06-24 18:30:57,808 - INFO - Train loss: 1.1774 (3.5s)
Train loss: 1.1774 (3.5s)
2026-06-24 18:30:58,147 - INFO - Test instance 0.8250, class 0.8250
Test instance 0.8250, class 0.8250
2026-06-24 18:30:58,147 - INFO - Best instance 0.8625, class 0.8625 (epoch 44)
Best instance 0.8625, class 0.8625 (epoch 44)
2026-06-24 18:30:58,168 - INFO - Epoch 67/200:
Epoch 67/200:
2026-06-24 18:31:00,927 - INFO - Train loss: 1.1960 (2.8s)
Train loss: 1.1960 (2.8s)
2026-06-24 18:31:01,202 - INFO - Test instance 0.8125, class 0.8125
Test instance 0.8125, class 0.8125
2026-06-24 18:31:01,202 - INFO - Best instance 0.8625, class 0.8625 (epoch 44)
Best instance 0.8625, class 0.8625 (epoch 44)
2026-06-24 18:31:01,222 - INFO - Epoch 68/200:
Epoch 68/200:
2026-06-24 18:31:04,784 - INFO - Train loss: 1.1314 (3.6s)
Train loss: 1.1314 (3.6s)
2026-06-24 18:31:05,050 - INFO - Test instance 0.8375, class 0.8375
Test instance 0.8375, class 0.8375
2026-06-24 18:31:05,051 - INFO - Best instance 0.8625, class 0.8625 (epoch 44)
Best instance 0.8625, class 0.8625 (epoch 44)
2026-06-24 18:31:05,070 - INFO - Epoch 69/200:
Epoch 69/200:
2026-06-24 18:31:08,545 - INFO - Train loss: 1.1744 (3.5s)
Train loss: 1.1744 (3.5s)
2026-06-24 18:31:08,811 - INFO - Test instance 0.8625, class 0.8625
Test instance 0.8625, class 0.8625
2026-06-24 18:31:08,811 - INFO - Best instance 0.8625, class 0.8625 (epoch 44)
Best instance 0.8625, class 0.8625 (epoch 44)
2026-06-24 18:31:08,830 - INFO - Epoch 70/200:
Epoch 70/200:
2026-06-24 18:31:12,320 - INFO - Train loss: 1.1574 (3.5s)
Train loss: 1.1574 (3.5s)
2026-06-24 18:31:12,593 - INFO - Test instance 0.8250, class 0.8250
Test instance 0.8250, class 0.8250
2026-06-24 18:31:12,593 - INFO - Best instance 0.8625, class 0.8625 (epoch 44)
Best instance 0.8625, class 0.8625 (epoch 44)
2026-06-24 18:31:12,612 - INFO - Epoch 71/200:
Epoch 71/200:
2026-06-24 18:31:15,399 - INFO - Train loss: 1.1353 (2.8s)
Train loss: 1.1353 (2.8s)
2026-06-24 18:31:15,671 - INFO - Test instance 0.7875, class 0.7875
Test instance 0.7875, class 0.7875
2026-06-24 18:31:15,671 - INFO - Best instance 0.8625, class 0.8625 (epoch 44)
Best instance 0.8625, class 0.8625 (epoch 44)
2026-06-24 18:31:15,690 - INFO - Epoch 72/200:
Epoch 72/200:
2026-06-24 18:31:18,451 - INFO - Train loss: 1.1693 (2.8s)
Train loss: 1.1693 (2.8s)
2026-06-24 18:31:18,719 - INFO - Test instance 0.8875, class 0.8875
Test instance 0.8875, class 0.8875
2026-06-24 18:31:18,737 - INFO - Best instance 0.8875, class 0.8875 (epoch 72)
Best instance 0.8875, class 0.8875 (epoch 72)
2026-06-24 18:31:18,764 - INFO - Epoch 73/200:
Epoch 73/200:
2026-06-24 18:31:21,508 - INFO - Train loss: 1.1457 (2.7s)
Train loss: 1.1457 (2.7s)
2026-06-24 18:31:21,776 - INFO - Test instance 0.8375, class 0.8375
Test instance 0.8375, class 0.8375
2026-06-24 18:31:21,776 - INFO - Best instance 0.8875, class 0.8875 (epoch 72)
Best instance 0.8875, class 0.8875 (epoch 72)
2026-06-24 18:31:21,795 - INFO - Epoch 74/200:
Epoch 74/200:
2026-06-24 18:31:24,562 - INFO - Train loss: 1.1898 (2.8s)
Train loss: 1.1898 (2.8s)
2026-06-24 18:31:24,912 - INFO - Test instance 0.8250, class 0.8250
Test instance 0.8250, class 0.8250
2026-06-24 18:31:24,913 - INFO - Best instance 0.8875, class 0.8875 (epoch 72)
Best instance 0.8875, class 0.8875 (epoch 72)
2026-06-24 18:31:24,933 - INFO - Epoch 75/200:
Epoch 75/200:
2026-06-24 18:31:27,680 - INFO - Train loss: 1.1468 (2.7s)
Train loss: 1.1468 (2.7s)
2026-06-24 18:31:27,947 - INFO - Test instance 0.8625, class 0.8625
Test instance 0.8625, class 0.8625
2026-06-24 18:31:27,947 - INFO - Best instance 0.8875, class 0.8875 (epoch 72)
Best instance 0.8875, class 0.8875 (epoch 72)
2026-06-24 18:31:27,965 - INFO - Epoch 76/200:
Epoch 76/200:
2026-06-24 18:31:30,711 - INFO - Train loss: 1.1087 (2.7s)
Train loss: 1.1087 (2.7s)
2026-06-24 18:31:31,044 - INFO - Test instance 0.8625, class 0.8625
Test instance 0.8625, class 0.8625
2026-06-24 18:31:31,045 - INFO - Best instance 0.8875, class 0.8875 (epoch 72)
Best instance 0.8875, class 0.8875 (epoch 72)
2026-06-24 18:31:31,075 - INFO - Epoch 77/200:
Epoch 77/200:
2026-06-24 18:31:33,873 - INFO - Train loss: 1.1455 (2.8s)
Train loss: 1.1455 (2.8s)
2026-06-24 18:31:34,149 - INFO - Test instance 0.8125, class 0.8125
Test instance 0.8125, class 0.8125
2026-06-24 18:31:34,149 - INFO - Best instance 0.8875, class 0.8875 (epoch 72)
Best instance 0.8875, class 0.8875 (epoch 72)
2026-06-24 18:31:34,168 - INFO - Epoch 78/200:
Epoch 78/200:
2026-06-24 18:31:36,953 - INFO - Train loss: 1.1896 (2.8s)
Train loss: 1.1896 (2.8s)
2026-06-24 18:31:37,222 - INFO - Test instance 0.8125, class 0.8125
Test instance 0.8125, class 0.8125
2026-06-24 18:31:37,223 - INFO - Best instance 0.8875, class 0.8875 (epoch 72)
Best instance 0.8875, class 0.8875 (epoch 72)
2026-06-24 18:31:37,242 - INFO - Epoch 79/200:
Epoch 79/200:
2026-06-24 18:31:40,019 - INFO - Train loss: 1.2069 (2.8s)
Train loss: 1.2069 (2.8s)
2026-06-24 18:31:40,288 - INFO - Test instance 0.8875, class 0.8875
Test instance 0.8875, class 0.8875
2026-06-24 18:31:40,288 - INFO - Best instance 0.8875, class 0.8875 (epoch 72)
Best instance 0.8875, class 0.8875 (epoch 72)
2026-06-24 18:31:40,307 - INFO - Epoch 80/200:
Epoch 80/200:
2026-06-24 18:31:43,070 - INFO - Train loss: 1.1794 (2.8s)
Train loss: 1.1794 (2.8s)
2026-06-24 18:31:43,337 - INFO - Test instance 0.8750, class 0.8750
Test instance 0.8750, class 0.8750
2026-06-24 18:31:43,337 - INFO - Best instance 0.8875, class 0.8875 (epoch 72)
Best instance 0.8875, class 0.8875 (epoch 72)
2026-06-24 18:31:43,355 - INFO - Epoch 81/200:
Epoch 81/200:
2026-06-24 18:31:46,148 - INFO - Train loss: 1.1405 (2.8s)
Train loss: 1.1405 (2.8s)
2026-06-24 18:31:46,489 - INFO - Test instance 0.8000, class 0.8000
Test instance 0.8000, class 0.8000
2026-06-24 18:31:46,490 - INFO - Best instance 0.8875, class 0.8875 (epoch 72)
Best instance 0.8875, class 0.8875 (epoch 72)
2026-06-24 18:31:46,511 - INFO - Epoch 82/200:
Epoch 82/200:
2026-06-24 18:31:49,283 - INFO - Train loss: 1.1392 (2.8s)
Train loss: 1.1392 (2.8s)
2026-06-24 18:31:49,550 - INFO - Test instance 0.8625, class 0.8625
Test instance 0.8625, class 0.8625
2026-06-24 18:31:49,551 - INFO - Best instance 0.8875, class 0.8875 (epoch 72)
Best instance 0.8875, class 0.8875 (epoch 72)
2026-06-24 18:31:49,570 - INFO - Epoch 83/200:
Epoch 83/200:
2026-06-24 18:31:52,329 - INFO - Train loss: 1.1374 (2.8s)
Train loss: 1.1374 (2.8s)
2026-06-24 18:31:52,681 - INFO - Test instance 0.8750, class 0.8750
Test instance 0.8750, class 0.8750
2026-06-24 18:31:52,681 - INFO - Best instance 0.8875, class 0.8875 (epoch 72)
Best instance 0.8875, class 0.8875 (epoch 72)
2026-06-24 18:31:52,705 - INFO - Epoch 84/200:
Epoch 84/200:
2026-06-24 18:31:55,517 - INFO - Train loss: 1.1203 (2.8s)
Train loss: 1.1203 (2.8s)
2026-06-24 18:31:55,787 - INFO - Test instance 0.9250, class 0.9250
Test instance 0.9250, class 0.9250
2026-06-24 18:31:55,805 - INFO - Best instance 0.9250, class 0.9250 (epoch 84)
Best instance 0.9250, class 0.9250 (epoch 84)
2026-06-24 18:31:55,824 - INFO - Epoch 85/200:
Epoch 85/200:
2026-06-24 18:31:58,618 - INFO - Train loss: 1.1157 (2.8s)
Train loss: 1.1157 (2.8s)
2026-06-24 18:31:58,887 - INFO - Test instance 0.9000, class 0.9000
Test instance 0.9000, class 0.9000
2026-06-24 18:31:58,888 - INFO - Best instance 0.9250, class 0.9250 (epoch 84)
Best instance 0.9250, class 0.9250 (epoch 84)
2026-06-24 18:31:58,913 - INFO - Epoch 86/200:
Epoch 86/200:
2026-06-24 18:32:01,717 - INFO - Train loss: 1.1301 (2.8s)
Train loss: 1.1301 (2.8s)
2026-06-24 18:32:01,992 - INFO - Test instance 0.8500, class 0.8500
Test instance 0.8500, class 0.8500
2026-06-24 18:32:01,993 - INFO - Best instance 0.9250, class 0.9250 (epoch 84)
Best instance 0.9250, class 0.9250 (epoch 84)
2026-06-24 18:32:02,012 - INFO - Epoch 87/200:
Epoch 87/200:
2026-06-24 18:32:04,818 - INFO - Train loss: 1.1177 (2.8s)
Train loss: 1.1177 (2.8s)
2026-06-24 18:32:05,084 - INFO - Test instance 0.8750, class 0.8750
Test instance 0.8750, class 0.8750
2026-06-24 18:32:05,084 - INFO - Best instance 0.9250, class 0.9250 (epoch 84)
Best instance 0.9250, class 0.9250 (epoch 84)
2026-06-24 18:32:05,102 - INFO - Epoch 88/200:
Epoch 88/200:
2026-06-24 18:32:07,885 - INFO - Train loss: 1.1327 (2.8s)
Train loss: 1.1327 (2.8s)
2026-06-24 18:32:08,153 - INFO - Test instance 0.9250, class 0.9250
Test instance 0.9250, class 0.9250
2026-06-24 18:32:08,153 - INFO - Best instance 0.9250, class 0.9250 (epoch 84)
Best instance 0.9250, class 0.9250 (epoch 84)
2026-06-24 18:32:08,171 - INFO - Epoch 89/200:
Epoch 89/200:
2026-06-24 18:32:10,934 - INFO - Train loss: 1.1244 (2.8s)
Train loss: 1.1244 (2.8s)
2026-06-24 18:32:11,199 - INFO - Test instance 0.9125, class 0.9125
Test instance 0.9125, class 0.9125
2026-06-24 18:32:11,199 - INFO - Best instance 0.9250, class 0.9250 (epoch 84)
Best instance 0.9250, class 0.9250 (epoch 84)
2026-06-24 18:32:11,217 - INFO - Epoch 90/200:
Epoch 90/200:
2026-06-24 18:32:13,966 - INFO - Train loss: 1.0889 (2.7s)
Train loss: 1.0889 (2.7s)
2026-06-24 18:32:14,231 - INFO - Test instance 0.9125, class 0.9125
Test instance 0.9125, class 0.9125
2026-06-24 18:32:14,232 - INFO - Best instance 0.9250, class 0.9250 (epoch 84)
Best instance 0.9250, class 0.9250 (epoch 84)
2026-06-24 18:32:14,250 - INFO - Epoch 91/200:
Epoch 91/200:
2026-06-24 18:32:17,013 - INFO - Train loss: 1.1180 (2.8s)
Train loss: 1.1180 (2.8s)
2026-06-24 18:32:17,276 - INFO - Test instance 0.8125, class 0.8125
Test instance 0.8125, class 0.8125
2026-06-24 18:32:17,276 - INFO - Best instance 0.9250, class 0.9250 (epoch 84)
Best instance 0.9250, class 0.9250 (epoch 84)
2026-06-24 18:32:17,294 - INFO - Epoch 92/200:
Epoch 92/200:
2026-06-24 18:32:20,096 - INFO - Train loss: 1.1228 (2.8s)
Train loss: 1.1228 (2.8s)
2026-06-24 18:32:20,358 - INFO - Test instance 0.8875, class 0.8875
Test instance 0.8875, class 0.8875
2026-06-24 18:32:20,359 - INFO - Best instance 0.9250, class 0.9250 (epoch 84)
Best instance 0.9250, class 0.9250 (epoch 84)
2026-06-24 18:32:20,378 - INFO - Epoch 93/200:
Epoch 93/200:
2026-06-24 18:32:23,182 - INFO - Train loss: 1.1269 (2.8s)
Train loss: 1.1269 (2.8s)
2026-06-24 18:32:23,449 - INFO - Test instance 0.9375, class 0.9375
Test instance 0.9375, class 0.9375
2026-06-24 18:32:23,467 - INFO - Best instance 0.9375, class 0.9375 (epoch 93)
Best instance 0.9375, class 0.9375 (epoch 93)
2026-06-24 18:32:23,484 - INFO - Epoch 94/200:
Epoch 94/200:
2026-06-24 18:32:26,297 - INFO - Train loss: 1.1040 (2.8s)
Train loss: 1.1040 (2.8s)
2026-06-24 18:32:26,557 - INFO - Test instance 0.9000, class 0.9000
Test instance 0.9000, class 0.9000
2026-06-24 18:32:26,558 - INFO - Best instance 0.9375, class 0.9375 (epoch 93)
Best instance 0.9375, class 0.9375 (epoch 93)
2026-06-24 18:32:26,576 - INFO - Epoch 95/200:
Epoch 95/200:
2026-06-24 18:32:29,363 - INFO - Train loss: 1.1006 (2.8s)
Train loss: 1.1006 (2.8s)
2026-06-24 18:32:29,625 - INFO - Test instance 0.8625, class 0.8625
Test instance 0.8625, class 0.8625
2026-06-24 18:32:29,626 - INFO - Best instance 0.9375, class 0.9375 (epoch 93)
Best instance 0.9375, class 0.9375 (epoch 93)
2026-06-24 18:32:29,644 - INFO - Epoch 96/200:
Epoch 96/200:
2026-06-24 18:32:32,375 - INFO - Train loss: 1.1102 (2.7s)
Train loss: 1.1102 (2.7s)
2026-06-24 18:32:32,635 - INFO - Test instance 0.9500, class 0.9500
Test instance 0.9500, class 0.9500
2026-06-24 18:32:32,653 - INFO - Best instance 0.9500, class 0.9500 (epoch 96)
Best instance 0.9500, class 0.9500 (epoch 96)
2026-06-24 18:32:32,672 - INFO - Epoch 97/200:
Epoch 97/200:
2026-06-24 18:32:35,433 - INFO - Train loss: 1.1130 (2.8s)
Train loss: 1.1130 (2.8s)
2026-06-24 18:32:35,696 - INFO - Test instance 0.8625, class 0.8625
Test instance 0.8625, class 0.8625
2026-06-24 18:32:35,696 - INFO - Best instance 0.9500, class 0.9500 (epoch 96)
Best instance 0.9500, class 0.9500 (epoch 96)
2026-06-24 18:32:35,714 - INFO - Epoch 98/200:
Epoch 98/200:
2026-06-24 18:32:38,453 - INFO - Train loss: 1.1116 (2.7s)
Train loss: 1.1116 (2.7s)
2026-06-24 18:32:38,722 - INFO - Test instance 0.8000, class 0.8000
Test instance 0.8000, class 0.8000
2026-06-24 18:32:38,723 - INFO - Best instance 0.9500, class 0.9500 (epoch 96)
Best instance 0.9500, class 0.9500 (epoch 96)
2026-06-24 18:32:38,741 - INFO - Epoch 99/200:
Epoch 99/200:
2026-06-24 18:32:41,513 - INFO - Train loss: 1.0912 (2.8s)
Train loss: 1.0912 (2.8s)
2026-06-24 18:32:41,784 - INFO - Test instance 0.9000, class 0.9000
Test instance 0.9000, class 0.9000
2026-06-24 18:32:41,784 - INFO - Best instance 0.9500, class 0.9500 (epoch 96)
Best instance 0.9500, class 0.9500 (epoch 96)
2026-06-24 18:32:41,801 - INFO - Epoch 100/200:
Epoch 100/200:
2026-06-24 18:32:44,569 - INFO - Train loss: 1.1045 (2.8s)
Train loss: 1.1045 (2.8s)
2026-06-24 18:32:44,840 - INFO - Test instance 0.9250, class 0.9250
Test instance 0.9250, class 0.9250
2026-06-24 18:32:44,840 - INFO - Best instance 0.9500, class 0.9500 (epoch 96)
Best instance 0.9500, class 0.9500 (epoch 96)
2026-06-24 18:32:44,858 - INFO - Epoch 101/200:
Epoch 101/200:
2026-06-24 18:32:47,637 - INFO - Train loss: 1.0787 (2.8s)
Train loss: 1.0787 (2.8s)
2026-06-24 18:32:47,905 - INFO - Test instance 0.9125, class 0.9125
Test instance 0.9125, class 0.9125
2026-06-24 18:32:47,906 - INFO - Best instance 0.9500, class 0.9500 (epoch 96)
Best instance 0.9500, class 0.9500 (epoch 96)
2026-06-24 18:32:47,923 - INFO - Epoch 102/200:
Epoch 102/200:
2026-06-24 18:32:50,717 - INFO - Train loss: 1.0569 (2.8s)
Train loss: 1.0569 (2.8s)
2026-06-24 18:32:50,987 - INFO - Test instance 0.9125, class 0.9125
Test instance 0.9125, class 0.9125
2026-06-24 18:32:50,987 - INFO - Best instance 0.9500, class 0.9500 (epoch 96)
Best instance 0.9500, class 0.9500 (epoch 96)
2026-06-24 18:32:51,007 - INFO - Epoch 103/200:
Epoch 103/200:
2026-06-24 18:32:53,747 - INFO - Train loss: 1.0859 (2.7s)
Train loss: 1.0859 (2.7s)
2026-06-24 18:32:54,016 - INFO - Test instance 0.8875, class 0.8875
Test instance 0.8875, class 0.8875
2026-06-24 18:32:54,016 - INFO - Best instance 0.9500, class 0.9500 (epoch 96)
Best instance 0.9500, class 0.9500 (epoch 96)
2026-06-24 18:32:54,034 - INFO - Epoch 104/200:
Epoch 104/200:
2026-06-24 18:32:56,798 - INFO - Train loss: 1.0810 (2.8s)
Train loss: 1.0810 (2.8s)
2026-06-24 18:32:57,064 - INFO - Test instance 0.9000, class 0.9000
Test instance 0.9000, class 0.9000
2026-06-24 18:32:57,065 - INFO - Best instance 0.9500, class 0.9500 (epoch 96)
Best instance 0.9500, class 0.9500 (epoch 96)
2026-06-24 18:32:57,082 - INFO - Epoch 105/200:
Epoch 105/200:
2026-06-24 18:33:00,593 - INFO - Train loss: 1.0553 (3.5s)
Train loss: 1.0553 (3.5s)
2026-06-24 18:33:00,865 - INFO - Test instance 0.9375, class 0.9375
Test instance 0.9375, class 0.9375
2026-06-24 18:33:00,865 - INFO - Best instance 0.9500, class 0.9500 (epoch 96)
Best instance 0.9500, class 0.9500 (epoch 96)
2026-06-24 18:33:00,883 - INFO - Epoch 106/200:
Epoch 106/200:
2026-06-24 18:33:03,708 - INFO - Train loss: 1.1265 (2.8s)
Train loss: 1.1265 (2.8s)
2026-06-24 18:33:04,053 - INFO - Test instance 0.9375, class 0.9375
Test instance 0.9375, class 0.9375
2026-06-24 18:33:04,054 - INFO - Best instance 0.9500, class 0.9500 (epoch 96)
Best instance 0.9500, class 0.9500 (epoch 96)
2026-06-24 18:33:04,079 - INFO - Epoch 107/200:
Epoch 107/200:
2026-06-24 18:33:06,861 - INFO - Train loss: 1.0778 (2.8s)
Train loss: 1.0778 (2.8s)
2026-06-24 18:33:07,122 - INFO - Test instance 0.8750, class 0.8750
Test instance 0.8750, class 0.8750
2026-06-24 18:33:07,123 - INFO - Best instance 0.9500, class 0.9500 (epoch 96)
Best instance 0.9500, class 0.9500 (epoch 96)
2026-06-24 18:33:07,141 - INFO - Epoch 108/200:
Epoch 108/200:
2026-06-24 18:33:10,629 - INFO - Train loss: 1.0697 (3.5s)
Train loss: 1.0697 (3.5s)
2026-06-24 18:33:10,961 - INFO - Test instance 0.9250, class 0.9250
Test instance 0.9250, class 0.9250
2026-06-24 18:33:10,962 - INFO - Best instance 0.9500, class 0.9500 (epoch 96)
Best instance 0.9500, class 0.9500 (epoch 96)
2026-06-24 18:33:10,988 - INFO - Epoch 109/200:
Epoch 109/200:
2026-06-24 18:33:14,453 - INFO - Train loss: 1.0782 (3.5s)
Train loss: 1.0782 (3.5s)
2026-06-24 18:33:14,719 - INFO - Test instance 0.9500, class 0.9500
Test instance 0.9500, class 0.9500
2026-06-24 18:33:14,720 - INFO - Best instance 0.9500, class 0.9500 (epoch 96)
Best instance 0.9500, class 0.9500 (epoch 96)
2026-06-24 18:33:14,739 - INFO - Epoch 110/200:
Epoch 110/200:
2026-06-24 18:33:17,498 - INFO - Train loss: 1.0713 (2.8s)
Train loss: 1.0713 (2.8s)
2026-06-24 18:33:17,761 - INFO - Test instance 0.9125, class 0.9125
Test instance 0.9125, class 0.9125
2026-06-24 18:33:17,761 - INFO - Best instance 0.9500, class 0.9500 (epoch 96)
Best instance 0.9500, class 0.9500 (epoch 96)
2026-06-24 18:33:17,780 - INFO - Epoch 111/200:
Epoch 111/200:
2026-06-24 18:33:21,279 - INFO - Train loss: 1.0358 (3.5s)
Train loss: 1.0358 (3.5s)
2026-06-24 18:33:21,615 - INFO - Test instance 0.9250, class 0.9250
Test instance 0.9250, class 0.9250
2026-06-24 18:33:21,615 - INFO - Best instance 0.9500, class 0.9500 (epoch 96)
Best instance 0.9500, class 0.9500 (epoch 96)
2026-06-24 18:33:21,634 - INFO - Epoch 112/200:
Epoch 112/200:
2026-06-24 18:33:24,385 - INFO - Train loss: 1.0824 (2.8s)
Train loss: 1.0824 (2.8s)
2026-06-24 18:33:24,659 - INFO - Test instance 0.8875, class 0.8875
Test instance 0.8875, class 0.8875
2026-06-24 18:33:24,660 - INFO - Best instance 0.9500, class 0.9500 (epoch 96)
Best instance 0.9500, class 0.9500 (epoch 96)
2026-06-24 18:33:24,679 - INFO - Epoch 113/200:
Epoch 113/200:
2026-06-24 18:33:27,452 - INFO - Train loss: 1.0475 (2.8s)
Train loss: 1.0475 (2.8s)
2026-06-24 18:33:27,722 - INFO - Test instance 0.9250, class 0.9250
Test instance 0.9250, class 0.9250
2026-06-24 18:33:27,722 - INFO - Best instance 0.9500, class 0.9500 (epoch 96)
Best instance 0.9500, class 0.9500 (epoch 96)
2026-06-24 18:33:27,740 - INFO - Epoch 114/200:
Epoch 114/200:
2026-06-24 18:33:30,518 - INFO - Train loss: 1.0690 (2.8s)
Train loss: 1.0690 (2.8s)
2026-06-24 18:33:30,781 - INFO - Test instance 0.9125, class 0.9125
Test instance 0.9125, class 0.9125
2026-06-24 18:33:30,782 - INFO - Best instance 0.9500, class 0.9500 (epoch 96)
Best instance 0.9500, class 0.9500 (epoch 96)
2026-06-24 18:33:30,800 - INFO - Epoch 115/200:
Epoch 115/200:
2026-06-24 18:33:33,565 - INFO - Train loss: 1.0730 (2.8s)
Train loss: 1.0730 (2.8s)
2026-06-24 18:33:33,827 - INFO - Test instance 0.9750, class 0.9750
Test instance 0.9750, class 0.9750
2026-06-24 18:33:33,845 - INFO - Best instance 0.9750, class 0.9750 (epoch 115)
Best instance 0.9750, class 0.9750 (epoch 115)
2026-06-24 18:33:33,864 - INFO - Epoch 116/200:
Epoch 116/200:
2026-06-24 18:33:36,606 - INFO - Train loss: 1.0551 (2.7s)
Train loss: 1.0551 (2.7s)
2026-06-24 18:33:36,873 - INFO - Test instance 0.9250, class 0.9250
Test instance 0.9250, class 0.9250
2026-06-24 18:33:36,874 - INFO - Best instance 0.9750, class 0.9750 (epoch 115)
Best instance 0.9750, class 0.9750 (epoch 115)
2026-06-24 18:33:36,891 - INFO - Epoch 117/200:
Epoch 117/200:
2026-06-24 18:33:39,652 - INFO - Train loss: 1.0920 (2.8s)
Train loss: 1.0920 (2.8s)
2026-06-24 18:33:39,918 - INFO - Test instance 0.8375, class 0.8375
Test instance 0.8375, class 0.8375
2026-06-24 18:33:39,923 - INFO - Best instance 0.9750, class 0.9750 (epoch 115)
Best instance 0.9750, class 0.9750 (epoch 115)
2026-06-24 18:33:39,940 - INFO - Epoch 118/200:
Epoch 118/200:
2026-06-24 18:33:42,708 - INFO - Train loss: 1.0441 (2.8s)
Train loss: 1.0441 (2.8s)
2026-06-24 18:33:42,980 - INFO - Test instance 0.9125, class 0.9125
Test instance 0.9125, class 0.9125
2026-06-24 18:33:42,980 - INFO - Best instance 0.9750, class 0.9750 (epoch 115)
Best instance 0.9750, class 0.9750 (epoch 115)
2026-06-24 18:33:42,997 - INFO - Epoch 119/200:
Epoch 119/200:
2026-06-24 18:33:45,752 - INFO - Train loss: 1.0841 (2.8s)
Train loss: 1.0841 (2.8s)
2026-06-24 18:33:46,091 - INFO - Test instance 0.9375, class 0.9375
Test instance 0.9375, class 0.9375
2026-06-24 18:33:46,091 - INFO - Best instance 0.9750, class 0.9750 (epoch 115)
Best instance 0.9750, class 0.9750 (epoch 115)
2026-06-24 18:33:46,111 - INFO - Epoch 120/200:
Epoch 120/200:
2026-06-24 18:33:48,876 - INFO - Train loss: 1.0636 (2.8s)
Train loss: 1.0636 (2.8s)
2026-06-24 18:33:49,144 - INFO - Test instance 0.9125, class 0.9125
Test instance 0.9125, class 0.9125
2026-06-24 18:33:49,145 - INFO - Best instance 0.9750, class 0.9750 (epoch 115)
Best instance 0.9750, class 0.9750 (epoch 115)
2026-06-24 18:33:49,162 - INFO - Epoch 121/200:
Epoch 121/200:
2026-06-24 18:33:51,935 - INFO - Train loss: 1.0708 (2.8s)
Train loss: 1.0708 (2.8s)
2026-06-24 18:33:52,210 - INFO - Test instance 0.9125, class 0.9125
Test instance 0.9125, class 0.9125
2026-06-24 18:33:52,210 - INFO - Best instance 0.9750, class 0.9750 (epoch 115)
Best instance 0.9750, class 0.9750 (epoch 115)
2026-06-24 18:33:52,230 - INFO - Epoch 122/200:
Epoch 122/200:
2026-06-24 18:33:55,016 - INFO - Train loss: 1.0437 (2.8s)
Train loss: 1.0437 (2.8s)
2026-06-24 18:33:55,279 - INFO - Test instance 0.9375, class 0.9375
Test instance 0.9375, class 0.9375
2026-06-24 18:33:55,279 - INFO - Best instance 0.9750, class 0.9750 (epoch 115)
Best instance 0.9750, class 0.9750 (epoch 115)
2026-06-24 18:33:55,297 - INFO - Epoch 123/200:
Epoch 123/200:
2026-06-24 18:33:58,025 - INFO - Train loss: 1.0456 (2.7s)
Train loss: 1.0456 (2.7s)
2026-06-24 18:33:58,288 - INFO - Test instance 0.9250, class 0.9250
Test instance 0.9250, class 0.9250
2026-06-24 18:33:58,289 - INFO - Best instance 0.9750, class 0.9750 (epoch 115)
Best instance 0.9750, class 0.9750 (epoch 115)
2026-06-24 18:33:58,307 - INFO - Epoch 124/200:
Epoch 124/200:
2026-06-24 18:34:01,055 - INFO - Train loss: 1.0338 (2.7s)
Train loss: 1.0338 (2.7s)
2026-06-24 18:34:01,338 - INFO - Test instance 0.8875, class 0.8875
Test instance 0.8875, class 0.8875
2026-06-24 18:34:01,338 - INFO - Best instance 0.9750, class 0.9750 (epoch 115)
Best instance 0.9750, class 0.9750 (epoch 115)
2026-06-24 18:34:01,360 - INFO - Epoch 125/200:
Epoch 125/200:
2026-06-24 18:34:04,171 - INFO - Train loss: 1.0178 (2.8s)
Train loss: 1.0178 (2.8s)
2026-06-24 18:34:04,446 - INFO - Test instance 0.9375, class 0.9375
Test instance 0.9375, class 0.9375
2026-06-24 18:34:04,447 - INFO - Best instance 0.9750, class 0.9750 (epoch 115)
Best instance 0.9750, class 0.9750 (epoch 115)
2026-06-24 18:34:04,466 - INFO - Epoch 126/200:
Epoch 126/200:
2026-06-24 18:34:07,264 - INFO - Train loss: 1.0712 (2.8s)
Train loss: 1.0712 (2.8s)
2026-06-24 18:34:07,528 - INFO - Test instance 0.9000, class 0.9000
Test instance 0.9000, class 0.9000
2026-06-24 18:34:07,528 - INFO - Best instance 0.9750, class 0.9750 (epoch 115)
Best instance 0.9750, class 0.9750 (epoch 115)
2026-06-24 18:34:07,547 - INFO - Epoch 127/200:
Epoch 127/200:
2026-06-24 18:34:11,077 - INFO - Train loss: 1.0500 (3.5s)
Train loss: 1.0500 (3.5s)
2026-06-24 18:34:11,344 - INFO - Test instance 0.9000, class 0.9000
Test instance 0.9000, class 0.9000
2026-06-24 18:34:11,345 - INFO - Best instance 0.9750, class 0.9750 (epoch 115)
Best instance 0.9750, class 0.9750 (epoch 115)
2026-06-24 18:34:11,363 - INFO - Epoch 128/200:
Epoch 128/200:
2026-06-24 18:34:14,154 - INFO - Train loss: 1.0388 (2.8s)
Train loss: 1.0388 (2.8s)
2026-06-24 18:34:14,413 - INFO - Test instance 0.9875, class 0.9875
Test instance 0.9875, class 0.9875
2026-06-24 18:34:14,431 - INFO - Best instance 0.9875, class 0.9875 (epoch 128)
Best instance 0.9875, class 0.9875 (epoch 128)
2026-06-24 18:34:14,448 - INFO - Epoch 129/200:
Epoch 129/200:
2026-06-24 18:34:17,206 - INFO - Train loss: 1.0955 (2.8s)
Train loss: 1.0955 (2.8s)
2026-06-24 18:34:17,547 - INFO - Test instance 0.9375, class 0.9375
Test instance 0.9375, class 0.9375
2026-06-24 18:34:17,547 - INFO - Best instance 0.9875, class 0.9875 (epoch 128)
Best instance 0.9875, class 0.9875 (epoch 128)
2026-06-24 18:34:17,568 - INFO - Epoch 130/200:
Epoch 130/200:
2026-06-24 18:34:20,311 - INFO - Train loss: 1.0598 (2.7s)
Train loss: 1.0598 (2.7s)
2026-06-24 18:34:20,573 - INFO - Test instance 0.9125, class 0.9125
Test instance 0.9125, class 0.9125
2026-06-24 18:34:20,574 - INFO - Best instance 0.9875, class 0.9875 (epoch 128)
Best instance 0.9875, class 0.9875 (epoch 128)
2026-06-24 18:34:20,591 - INFO - Epoch 131/200:
Epoch 131/200:
2026-06-24 18:34:24,109 - INFO - Train loss: 1.0427 (3.5s)
Train loss: 1.0427 (3.5s)
2026-06-24 18:34:24,391 - INFO - Test instance 0.9250, class 0.9250
Test instance 0.9250, class 0.9250
2026-06-24 18:34:24,391 - INFO - Best instance 0.9875, class 0.9875 (epoch 128)
Best instance 0.9875, class 0.9875 (epoch 128)
2026-06-24 18:34:24,410 - INFO - Epoch 132/200:
Epoch 132/200:
2026-06-24 18:34:27,910 - INFO - Train loss: 1.0518 (3.5s)
Train loss: 1.0518 (3.5s)
2026-06-24 18:34:28,251 - INFO - Test instance 0.9375, class 0.9375
Test instance 0.9375, class 0.9375
2026-06-24 18:34:28,252 - INFO - Best instance 0.9875, class 0.9875 (epoch 128)
Best instance 0.9875, class 0.9875 (epoch 128)
2026-06-24 18:34:28,273 - INFO - Epoch 133/200:
Epoch 133/200:
2026-06-24 18:34:31,048 - INFO - Train loss: 1.0521 (2.8s)
Train loss: 1.0521 (2.8s)
2026-06-24 18:34:31,306 - INFO - Test instance 0.9625, class 0.9625
Test instance 0.9625, class 0.9625
2026-06-24 18:34:31,306 - INFO - Best instance 0.9875, class 0.9875 (epoch 128)
Best instance 0.9875, class 0.9875 (epoch 128)
2026-06-24 18:34:31,324 - INFO - Epoch 134/200:
Epoch 134/200:
2026-06-24 18:34:34,116 - INFO - Train loss: 1.0497 (2.8s)
Train loss: 1.0497 (2.8s)
2026-06-24 18:34:34,383 - INFO - Test instance 0.9625, class 0.9625
Test instance 0.9625, class 0.9625
2026-06-24 18:34:34,384 - INFO - Best instance 0.9875, class 0.9875 (epoch 128)
Best instance 0.9875, class 0.9875 (epoch 128)
2026-06-24 18:34:34,402 - INFO - Epoch 135/200:
Epoch 135/200:
2026-06-24 18:34:37,173 - INFO - Train loss: 1.0327 (2.8s)
Train loss: 1.0327 (2.8s)
2026-06-24 18:34:37,436 - INFO - Test instance 0.9500, class 0.9500
Test instance 0.9500, class 0.9500
2026-06-24 18:34:37,437 - INFO - Best instance 0.9875, class 0.9875 (epoch 128)
Best instance 0.9875, class 0.9875 (epoch 128)
2026-06-24 18:34:37,455 - INFO - Epoch 136/200:
Epoch 136/200:
2026-06-24 18:34:40,897 - INFO - Train loss: 1.0505 (3.4s)
Train loss: 1.0505 (3.4s)
2026-06-24 18:34:41,168 - INFO - Test instance 0.8875, class 0.8875
Test instance 0.8875, class 0.8875
2026-06-24 18:34:41,168 - INFO - Best instance 0.9875, class 0.9875 (epoch 128)
Best instance 0.9875, class 0.9875 (epoch 128)
2026-06-24 18:34:41,186 - INFO - Epoch 137/200:
Epoch 137/200:
2026-06-24 18:34:43,948 - INFO - Train loss: 1.0371 (2.8s)
Train loss: 1.0371 (2.8s)
2026-06-24 18:34:44,294 - INFO - Test instance 0.8875, class 0.8875
Test instance 0.8875, class 0.8875
2026-06-24 18:34:44,295 - INFO - Best instance 0.9875, class 0.9875 (epoch 128)
Best instance 0.9875, class 0.9875 (epoch 128)
2026-06-24 18:34:44,316 - INFO - Epoch 138/200:
Epoch 138/200:
2026-06-24 18:34:47,785 - INFO - Train loss: 1.0299 (3.5s)
Train loss: 1.0299 (3.5s)
2026-06-24 18:34:48,055 - INFO - Test instance 0.9125, class 0.9125
Test instance 0.9125, class 0.9125
2026-06-24 18:34:48,055 - INFO - Best instance 0.9875, class 0.9875 (epoch 128)
Best instance 0.9875, class 0.9875 (epoch 128)
2026-06-24 18:34:48,074 - INFO - Epoch 139/200:
Epoch 139/200:
2026-06-24 18:34:50,843 - INFO - Train loss: 1.0207 (2.8s)
Train loss: 1.0207 (2.8s)
2026-06-24 18:34:51,109 - INFO - Test instance 0.9375, class 0.9375
Test instance 0.9375, class 0.9375
2026-06-24 18:34:51,110 - INFO - Best instance 0.9875, class 0.9875 (epoch 128)
Best instance 0.9875, class 0.9875 (epoch 128)
2026-06-24 18:34:51,127 - INFO - Epoch 140/200:
Epoch 140/200:
2026-06-24 18:34:53,878 - INFO - Train loss: 1.0648 (2.8s)
Train loss: 1.0648 (2.8s)
2026-06-24 18:34:54,153 - INFO - Test instance 0.9500, class 0.9500
Test instance 0.9500, class 0.9500
2026-06-24 18:34:54,153 - INFO - Best instance 0.9875, class 0.9875 (epoch 128)
Best instance 0.9875, class 0.9875 (epoch 128)
2026-06-24 18:34:54,170 - INFO - Epoch 141/200:
Epoch 141/200:
2026-06-24 18:34:57,655 - INFO - Train loss: 1.0416 (3.5s)
Train loss: 1.0416 (3.5s)
2026-06-24 18:34:57,938 - INFO - Test instance 0.9375, class 0.9375
Test instance 0.9375, class 0.9375
2026-06-24 18:34:57,938 - INFO - Best instance 0.9875, class 0.9875 (epoch 128)
Best instance 0.9875, class 0.9875 (epoch 128)
2026-06-24 18:34:57,958 - INFO - Epoch 142/200:
Epoch 142/200:
2026-06-24 18:35:01,431 - INFO - Train loss: 1.0252 (3.5s)
Train loss: 1.0252 (3.5s)
2026-06-24 18:35:01,709 - INFO - Test instance 0.9500, class 0.9500
Test instance 0.9500, class 0.9500
2026-06-24 18:35:01,709 - INFO - Best instance 0.9875, class 0.9875 (epoch 128)
Best instance 0.9875, class 0.9875 (epoch 128)
2026-06-24 18:35:01,728 - INFO - Epoch 143/200:
Epoch 143/200:
2026-06-24 18:35:04,505 - INFO - Train loss: 1.0138 (2.8s)
Train loss: 1.0138 (2.8s)
2026-06-24 18:35:04,771 - INFO - Test instance 0.9500, class 0.9500
Test instance 0.9500, class 0.9500
2026-06-24 18:35:04,772 - INFO - Best instance 0.9875, class 0.9875 (epoch 128)
Best instance 0.9875, class 0.9875 (epoch 128)
2026-06-24 18:35:04,789 - INFO - Epoch 144/200:
Epoch 144/200:
2026-06-24 18:35:08,273 - INFO - Train loss: 1.0211 (3.5s)
Train loss: 1.0211 (3.5s)
2026-06-24 18:35:08,538 - INFO - Test instance 0.9625, class 0.9625
Test instance 0.9625, class 0.9625
2026-06-24 18:35:08,538 - INFO - Best instance 0.9875, class 0.9875 (epoch 128)
Best instance 0.9875, class 0.9875 (epoch 128)
2026-06-24 18:35:08,556 - INFO - Epoch 145/200:
Epoch 145/200:
2026-06-24 18:35:11,358 - INFO - Train loss: 1.0311 (2.8s)
Train loss: 1.0311 (2.8s)
2026-06-24 18:35:11,702 - INFO - Test instance 0.9625, class 0.9625
Test instance 0.9625, class 0.9625
2026-06-24 18:35:11,703 - INFO - Best instance 0.9875, class 0.9875 (epoch 128)
Best instance 0.9875, class 0.9875 (epoch 128)
2026-06-24 18:35:11,723 - INFO - Epoch 146/200:
Epoch 146/200:
2026-06-24 18:35:14,497 - INFO - Train loss: 1.0417 (2.8s)
Train loss: 1.0417 (2.8s)
2026-06-24 18:35:14,846 - INFO - Test instance 0.9250, class 0.9250
Test instance 0.9250, class 0.9250
2026-06-24 18:35:14,846 - INFO - Best instance 0.9875, class 0.9875 (epoch 128)
Best instance 0.9875, class 0.9875 (epoch 128)
2026-06-24 18:35:14,865 - INFO - Epoch 147/200:
Epoch 147/200:
2026-06-24 18:35:17,638 - INFO - Train loss: 1.0448 (2.8s)
Train loss: 1.0448 (2.8s)
2026-06-24 18:35:17,905 - INFO - Test instance 0.9625, class 0.9625
Test instance 0.9625, class 0.9625
2026-06-24 18:35:17,905 - INFO - Best instance 0.9875, class 0.9875 (epoch 128)
Best instance 0.9875, class 0.9875 (epoch 128)
2026-06-24 18:35:17,923 - INFO - Epoch 148/200:
Epoch 148/200:
2026-06-24 18:35:20,678 - INFO - Train loss: 1.0429 (2.8s)
Train loss: 1.0429 (2.8s)
2026-06-24 18:35:20,950 - INFO - Test instance 0.9250, class 0.9250
Test instance 0.9250, class 0.9250
2026-06-24 18:35:20,950 - INFO - Best instance 0.9875, class 0.9875 (epoch 128)
Best instance 0.9875, class 0.9875 (epoch 128)
2026-06-24 18:35:20,968 - INFO - Epoch 149/200:
Epoch 149/200:
2026-06-24 18:35:23,715 - INFO - Train loss: 1.0520 (2.7s)
Train loss: 1.0520 (2.7s)
2026-06-24 18:35:23,985 - INFO - Test instance 0.9500, class 0.9500
Test instance 0.9500, class 0.9500
2026-06-24 18:35:23,986 - INFO - Best instance 0.9875, class 0.9875 (epoch 128)
Best instance 0.9875, class 0.9875 (epoch 128)
2026-06-24 18:35:24,003 - INFO - Epoch 150/200:
Epoch 150/200:
2026-06-24 18:35:26,752 - INFO - Train loss: 1.0251 (2.7s)
Train loss: 1.0251 (2.7s)
2026-06-24 18:35:27,095 - INFO - Test instance 0.9625, class 0.9625
Test instance 0.9625, class 0.9625
2026-06-24 18:35:27,096 - INFO - Best instance 0.9875, class 0.9875 (epoch 128)
Best instance 0.9875, class 0.9875 (epoch 128)
2026-06-24 18:35:27,116 - INFO - Epoch 151/200:
Epoch 151/200:
2026-06-24 18:35:30,597 - INFO - Train loss: 1.0319 (3.5s)
Train loss: 1.0319 (3.5s)
2026-06-24 18:35:30,940 - INFO - Test instance 0.9625, class 0.9625
Test instance 0.9625, class 0.9625
2026-06-24 18:35:30,941 - INFO - Best instance 0.9875, class 0.9875 (epoch 128)
Best instance 0.9875, class 0.9875 (epoch 128)
2026-06-24 18:35:30,961 - INFO - Epoch 152/200:
Epoch 152/200:
2026-06-24 18:35:33,748 - INFO - Train loss: 1.0114 (2.8s)
Train loss: 1.0114 (2.8s)
2026-06-24 18:35:34,014 - INFO - Test instance 0.9500, class 0.9500
Test instance 0.9500, class 0.9500
2026-06-24 18:35:34,014 - INFO - Best instance 0.9875, class 0.9875 (epoch 128)
Best instance 0.9875, class 0.9875 (epoch 128)
2026-06-24 18:35:34,032 - INFO - Epoch 153/200:
Epoch 153/200:
2026-06-24 18:35:36,799 - INFO - Train loss: 1.0168 (2.8s)
Train loss: 1.0168 (2.8s)
2026-06-24 18:35:37,070 - INFO - Test instance 0.9500, class 0.9500
Test instance 0.9500, class 0.9500
2026-06-24 18:35:37,070 - INFO - Best instance 0.9875, class 0.9875 (epoch 128)
Best instance 0.9875, class 0.9875 (epoch 128)
2026-06-24 18:35:37,088 - INFO - Epoch 154/200:
Epoch 154/200:
2026-06-24 18:35:39,848 - INFO - Train loss: 1.0342 (2.8s)
Train loss: 1.0342 (2.8s)
2026-06-24 18:35:40,189 - INFO - Test instance 0.9750, class 0.9750
Test instance 0.9750, class 0.9750
2026-06-24 18:35:40,189 - INFO - Best instance 0.9875, class 0.9875 (epoch 128)
Best instance 0.9875, class 0.9875 (epoch 128)
2026-06-24 18:35:40,209 - INFO - Epoch 155/200:
Epoch 155/200:
2026-06-24 18:35:42,959 - INFO - Train loss: 1.0005 (2.8s)
Train loss: 1.0005 (2.8s)
2026-06-24 18:35:43,218 - INFO - Test instance 0.9750, class 0.9750
Test instance 0.9750, class 0.9750
2026-06-24 18:35:43,222 - INFO - Best instance 0.9875, class 0.9875 (epoch 128)
Best instance 0.9875, class 0.9875 (epoch 128)
2026-06-24 18:35:43,239 - INFO - Epoch 156/200:
Epoch 156/200:
2026-06-24 18:35:46,748 - INFO - Train loss: 0.9976 (3.5s)
Train loss: 0.9976 (3.5s)
2026-06-24 18:35:47,086 - INFO - Test instance 0.9250, class 0.9250
Test instance 0.9250, class 0.9250
2026-06-24 18:35:47,087 - INFO - Best instance 0.9875, class 0.9875 (epoch 128)
Best instance 0.9875, class 0.9875 (epoch 128)
2026-06-24 18:35:47,107 - INFO - Epoch 157/200:
Epoch 157/200:
2026-06-24 18:35:49,969 - INFO - Train loss: 1.0188 (2.9s)
Train loss: 1.0188 (2.9s)
2026-06-24 18:35:50,245 - INFO - Test instance 0.9500, class 0.9500
Test instance 0.9500, class 0.9500
2026-06-24 18:35:50,245 - INFO - Best instance 0.9875, class 0.9875 (epoch 128)
Best instance 0.9875, class 0.9875 (epoch 128)
2026-06-24 18:35:50,265 - INFO - Epoch 158/200:
Epoch 158/200:
2026-06-24 18:35:53,148 - INFO - Train loss: 1.0176 (2.9s)
Train loss: 1.0176 (2.9s)
2026-06-24 18:35:53,431 - INFO - Test instance 0.9375, class 0.9375
Test instance 0.9375, class 0.9375
2026-06-24 18:35:53,431 - INFO - Best instance 0.9875, class 0.9875 (epoch 128)
Best instance 0.9875, class 0.9875 (epoch 128)
2026-06-24 18:35:53,450 - INFO - Epoch 159/200:
Epoch 159/200:
2026-06-24 18:35:56,333 - INFO - Train loss: 1.0410 (2.9s)
Train loss: 1.0410 (2.9s)
2026-06-24 18:35:56,616 - INFO - Test instance 0.9625, class 0.9625
Test instance 0.9625, class 0.9625
2026-06-24 18:35:56,617 - INFO - Best instance 0.9875, class 0.9875 (epoch 128)
Best instance 0.9875, class 0.9875 (epoch 128)
2026-06-24 18:35:56,635 - INFO - Epoch 160/200:
Epoch 160/200:
2026-06-24 18:35:59,505 - INFO - Train loss: 1.0447 (2.9s)
Train loss: 1.0447 (2.9s)
2026-06-24 18:35:59,786 - INFO - Test instance 1.0000, class 1.0000
Test instance 1.0000, class 1.0000
2026-06-24 18:35:59,804 - INFO - Best instance 1.0000, class 1.0000 (epoch 160)
Best instance 1.0000, class 1.0000 (epoch 160)
2026-06-24 18:35:59,823 - INFO - Epoch 161/200:
Epoch 161/200:
2026-06-24 18:36:02,725 - INFO - Train loss: 1.0275 (2.9s)
Train loss: 1.0275 (2.9s)
2026-06-24 18:36:02,989 - INFO - Test instance 0.9500, class 0.9500
Test instance 0.9500, class 0.9500
2026-06-24 18:36:02,989 - INFO - Best instance 1.0000, class 1.0000 (epoch 160)
Best instance 1.0000, class 1.0000 (epoch 160)
2026-06-24 18:36:03,007 - INFO - Epoch 162/200:
Epoch 162/200:
2026-06-24 18:36:06,554 - INFO - Train loss: 1.0263 (3.5s)
Train loss: 1.0263 (3.5s)
2026-06-24 18:36:06,834 - INFO - Test instance 0.9375, class 0.9375
Test instance 0.9375, class 0.9375
2026-06-24 18:36:06,835 - INFO - Best instance 1.0000, class 1.0000 (epoch 160)
Best instance 1.0000, class 1.0000 (epoch 160)
2026-06-24 18:36:06,855 - INFO - Epoch 163/200:
Epoch 163/200:
2026-06-24 18:36:09,678 - INFO - Train loss: 1.0329 (2.8s)
Train loss: 1.0329 (2.8s)
2026-06-24 18:36:09,956 - INFO - Test instance 0.9000, class 0.9000
Test instance 0.9000, class 0.9000
2026-06-24 18:36:09,956 - INFO - Best instance 1.0000, class 1.0000 (epoch 160)
Best instance 1.0000, class 1.0000 (epoch 160)
2026-06-24 18:36:09,975 - INFO - Epoch 164/200:
Epoch 164/200:
2026-06-24 18:36:12,798 - INFO - Train loss: 1.0102 (2.8s)
Train loss: 1.0102 (2.8s)
2026-06-24 18:36:13,068 - INFO - Test instance 0.9500, class 0.9500
Test instance 0.9500, class 0.9500
2026-06-24 18:36:13,069 - INFO - Best instance 1.0000, class 1.0000 (epoch 160)
Best instance 1.0000, class 1.0000 (epoch 160)
2026-06-24 18:36:13,089 - INFO - Epoch 165/200:
Epoch 165/200:
2026-06-24 18:36:16,608 - INFO - Train loss: 1.0082 (3.5s)
Train loss: 1.0082 (3.5s)
2026-06-24 18:36:16,882 - INFO - Test instance 0.9750, class 0.9750
Test instance 0.9750, class 0.9750
2026-06-24 18:36:16,882 - INFO - Best instance 1.0000, class 1.0000 (epoch 160)
Best instance 1.0000, class 1.0000 (epoch 160)
2026-06-24 18:36:16,901 - INFO - Epoch 166/200:
Epoch 166/200:
2026-06-24 18:36:19,680 - INFO - Train loss: 0.9739 (2.8s)
Train loss: 0.9739 (2.8s)
2026-06-24 18:36:19,952 - INFO - Test instance 0.9375, class 0.9375
Test instance 0.9375, class 0.9375
2026-06-24 18:36:19,952 - INFO - Best instance 1.0000, class 1.0000 (epoch 160)
Best instance 1.0000, class 1.0000 (epoch 160)
2026-06-24 18:36:19,970 - INFO - Epoch 167/200:
Epoch 167/200:
2026-06-24 18:36:23,484 - INFO - Train loss: 1.0304 (3.5s)
Train loss: 1.0304 (3.5s)
2026-06-24 18:36:23,826 - INFO - Test instance 0.9625, class 0.9625
Test instance 0.9625, class 0.9625
2026-06-24 18:36:23,826 - INFO - Best instance 1.0000, class 1.0000 (epoch 160)
Best instance 1.0000, class 1.0000 (epoch 160)
2026-06-24 18:36:23,848 - INFO - Epoch 168/200:
Epoch 168/200:
2026-06-24 18:36:26,607 - INFO - Train loss: 1.0232 (2.8s)
Train loss: 1.0232 (2.8s)
2026-06-24 18:36:26,937 - INFO - Test instance 0.9000, class 0.9000
Test instance 0.9000, class 0.9000
2026-06-24 18:36:26,937 - INFO - Best instance 1.0000, class 1.0000 (epoch 160)
Best instance 1.0000, class 1.0000 (epoch 160)
2026-06-24 18:36:26,958 - INFO - Epoch 169/200:
Epoch 169/200:
2026-06-24 18:36:30,460 - INFO - Train loss: 1.0081 (3.5s)
Train loss: 1.0081 (3.5s)
2026-06-24 18:36:30,733 - INFO - Test instance 0.9750, class 0.9750
Test instance 0.9750, class 0.9750
2026-06-24 18:36:30,733 - INFO - Best instance 1.0000, class 1.0000 (epoch 160)
Best instance 1.0000, class 1.0000 (epoch 160)
2026-06-24 18:36:30,752 - INFO - Epoch 170/200:
Epoch 170/200:
2026-06-24 18:36:33,526 - INFO - Train loss: 1.0481 (2.8s)
Train loss: 1.0481 (2.8s)
2026-06-24 18:36:33,786 - INFO - Test instance 0.9250, class 0.9250
Test instance 0.9250, class 0.9250
2026-06-24 18:36:33,787 - INFO - Best instance 1.0000, class 1.0000 (epoch 160)
Best instance 1.0000, class 1.0000 (epoch 160)
2026-06-24 18:36:33,806 - INFO - Epoch 171/200:
Epoch 171/200:
2026-06-24 18:36:36,589 - INFO - Train loss: 1.0072 (2.8s)
Train loss: 1.0072 (2.8s)
2026-06-24 18:36:36,854 - INFO - Test instance 0.9625, class 0.9625
Test instance 0.9625, class 0.9625
2026-06-24 18:36:36,854 - INFO - Best instance 1.0000, class 1.0000 (epoch 160)
Best instance 1.0000, class 1.0000 (epoch 160)
2026-06-24 18:36:36,872 - INFO - Epoch 172/200:
Epoch 172/200:
2026-06-24 18:36:39,647 - INFO - Train loss: 1.0457 (2.8s)
Train loss: 1.0457 (2.8s)
2026-06-24 18:36:39,908 - INFO - Test instance 0.9625, class 0.9625
Test instance 0.9625, class 0.9625
2026-06-24 18:36:39,908 - INFO - Best instance 1.0000, class 1.0000 (epoch 160)
Best instance 1.0000, class 1.0000 (epoch 160)
2026-06-24 18:36:39,926 - INFO - Epoch 173/200:
Epoch 173/200:
2026-06-24 18:36:42,712 - INFO - Train loss: 1.0460 (2.8s)
Train loss: 1.0460 (2.8s)
2026-06-24 18:36:42,983 - INFO - Test instance 1.0000, class 1.0000
Test instance 1.0000, class 1.0000
2026-06-24 18:36:42,983 - INFO - Best instance 1.0000, class 1.0000 (epoch 160)
Best instance 1.0000, class 1.0000 (epoch 160)
2026-06-24 18:36:43,003 - INFO - Epoch 174/200:
Epoch 174/200:
2026-06-24 18:36:45,771 - INFO - Train loss: 1.0148 (2.8s)
Train loss: 1.0148 (2.8s)
2026-06-24 18:36:46,034 - INFO - Test instance 0.9500, class 0.9500
Test instance 0.9500, class 0.9500
2026-06-24 18:36:46,035 - INFO - Best instance 1.0000, class 1.0000 (epoch 160)
Best instance 1.0000, class 1.0000 (epoch 160)
2026-06-24 18:36:46,053 - INFO - Epoch 175/200:
Epoch 175/200:
2026-06-24 18:36:48,806 - INFO - Train loss: 1.0445 (2.8s)
Train loss: 1.0445 (2.8s)
2026-06-24 18:36:49,073 - INFO - Test instance 0.9500, class 0.9500
Test instance 0.9500, class 0.9500
2026-06-24 18:36:49,074 - INFO - Best instance 1.0000, class 1.0000 (epoch 160)
Best instance 1.0000, class 1.0000 (epoch 160)
2026-06-24 18:36:49,092 - INFO - Epoch 176/200:
Epoch 176/200:
2026-06-24 18:36:51,886 - INFO - Train loss: 1.0401 (2.8s)
Train loss: 1.0401 (2.8s)
2026-06-24 18:36:52,146 - INFO - Test instance 0.9500, class 0.9500
Test instance 0.9500, class 0.9500
2026-06-24 18:36:52,146 - INFO - Best instance 1.0000, class 1.0000 (epoch 160)
Best instance 1.0000, class 1.0000 (epoch 160)
2026-06-24 18:36:52,164 - INFO - Epoch 177/200:
Epoch 177/200:
2026-06-24 18:36:54,936 - INFO - Train loss: 1.0071 (2.8s)
Train loss: 1.0071 (2.8s)
2026-06-24 18:36:55,203 - INFO - Test instance 0.9500, class 0.9500
Test instance 0.9500, class 0.9500
2026-06-24 18:36:55,203 - INFO - Best instance 1.0000, class 1.0000 (epoch 160)
Best instance 1.0000, class 1.0000 (epoch 160)
2026-06-24 18:36:55,221 - INFO - Epoch 178/200:
Epoch 178/200:
2026-06-24 18:36:58,716 - INFO - Train loss: 0.9936 (3.5s)
Train loss: 0.9936 (3.5s)
2026-06-24 18:36:59,055 - INFO - Test instance 0.9500, class 0.9500
Test instance 0.9500, class 0.9500
2026-06-24 18:36:59,055 - INFO - Best instance 1.0000, class 1.0000 (epoch 160)
Best instance 1.0000, class 1.0000 (epoch 160)
2026-06-24 18:36:59,075 - INFO - Epoch 179/200:
Epoch 179/200:
2026-06-24 18:37:01,882 - INFO - Train loss: 1.0286 (2.8s)
Train loss: 1.0286 (2.8s)
2026-06-24 18:37:02,162 - INFO - Test instance 0.9500, class 0.9500
Test instance 0.9500, class 0.9500
2026-06-24 18:37:02,162 - INFO - Best instance 1.0000, class 1.0000 (epoch 160)
Best instance 1.0000, class 1.0000 (epoch 160)
2026-06-24 18:37:02,182 - INFO - Epoch 180/200:
Epoch 180/200:
2026-06-24 18:37:04,957 - INFO - Train loss: 1.0000 (2.8s)
Train loss: 1.0000 (2.8s)
2026-06-24 18:37:05,221 - INFO - Test instance 0.9625, class 0.9625
Test instance 0.9625, class 0.9625
2026-06-24 18:37:05,222 - INFO - Best instance 1.0000, class 1.0000 (epoch 160)
Best instance 1.0000, class 1.0000 (epoch 160)
2026-06-24 18:37:05,240 - INFO - Epoch 181/200:
Epoch 181/200:
2026-06-24 18:37:07,967 - INFO - Train loss: 0.9824 (2.7s)
Train loss: 0.9824 (2.7s)
2026-06-24 18:37:08,226 - INFO - Test instance 0.9875, class 0.9875
Test instance 0.9875, class 0.9875
2026-06-24 18:37:08,226 - INFO - Best instance 1.0000, class 1.0000 (epoch 160)
Best instance 1.0000, class 1.0000 (epoch 160)
2026-06-24 18:37:08,245 - INFO - Epoch 182/200:
Epoch 182/200:
2026-06-24 18:37:10,989 - INFO - Train loss: 1.0359 (2.7s)
Train loss: 1.0359 (2.7s)
2026-06-24 18:37:11,252 - INFO - Test instance 0.9125, class 0.9125
Test instance 0.9125, class 0.9125
2026-06-24 18:37:11,253 - INFO - Best instance 1.0000, class 1.0000 (epoch 160)
Best instance 1.0000, class 1.0000 (epoch 160)
2026-06-24 18:37:11,271 - INFO - Epoch 183/200:
Epoch 183/200:
2026-06-24 18:37:14,005 - INFO - Train loss: 1.0300 (2.7s)
Train loss: 1.0300 (2.7s)
2026-06-24 18:37:14,268 - INFO - Test instance 0.9500, class 0.9500
Test instance 0.9500, class 0.9500
2026-06-24 18:37:14,269 - INFO - Best instance 1.0000, class 1.0000 (epoch 160)
Best instance 1.0000, class 1.0000 (epoch 160)
2026-06-24 18:37:14,287 - INFO - Epoch 184/200:
Epoch 184/200:
2026-06-24 18:37:17,045 - INFO - Train loss: 0.9794 (2.8s)
Train loss: 0.9794 (2.8s)
2026-06-24 18:37:17,302 - INFO - Test instance 0.9625, class 0.9625
Test instance 0.9625, class 0.9625
2026-06-24 18:37:17,303 - INFO - Best instance 1.0000, class 1.0000 (epoch 160)
Best instance 1.0000, class 1.0000 (epoch 160)
2026-06-24 18:37:17,320 - INFO - Epoch 185/200:
Epoch 185/200:
2026-06-24 18:37:20,062 - INFO - Train loss: 1.0296 (2.7s)
Train loss: 1.0296 (2.7s)
2026-06-24 18:37:20,335 - INFO - Test instance 0.9250, class 0.9250
Test instance 0.9250, class 0.9250
2026-06-24 18:37:20,336 - INFO - Best instance 1.0000, class 1.0000 (epoch 160)
Best instance 1.0000, class 1.0000 (epoch 160)
2026-06-24 18:37:20,356 - INFO - Epoch 186/200:
Epoch 186/200:
2026-06-24 18:37:23,473 - INFO - Train loss: 1.0276 (3.1s)
Train loss: 1.0276 (3.1s)
2026-06-24 18:37:23,738 - INFO - Test instance 0.9875, class 0.9875
Test instance 0.9875, class 0.9875
2026-06-24 18:37:23,738 - INFO - Best instance 1.0000, class 1.0000 (epoch 160)
Best instance 1.0000, class 1.0000 (epoch 160)
2026-06-24 18:37:23,756 - INFO - Epoch 187/200:
Epoch 187/200:
2026-06-24 18:37:26,519 - INFO - Train loss: 1.0681 (2.8s)
Train loss: 1.0681 (2.8s)
2026-06-24 18:37:26,779 - INFO - Test instance 0.9750, class 0.9750
Test instance 0.9750, class 0.9750
2026-06-24 18:37:26,780 - INFO - Best instance 1.0000, class 1.0000 (epoch 160)
Best instance 1.0000, class 1.0000 (epoch 160)
2026-06-24 18:37:26,797 - INFO - Epoch 188/200:
Epoch 188/200:
2026-06-24 18:37:29,543 - INFO - Train loss: 1.0206 (2.7s)
Train loss: 1.0206 (2.7s)
2026-06-24 18:37:29,808 - INFO - Test instance 0.9500, class 0.9500
Test instance 0.9500, class 0.9500
2026-06-24 18:37:29,808 - INFO - Best instance 1.0000, class 1.0000 (epoch 160)
Best instance 1.0000, class 1.0000 (epoch 160)
2026-06-24 18:37:29,826 - INFO - Epoch 189/200:
Epoch 189/200:
2026-06-24 18:37:33,316 - INFO - Train loss: 1.0027 (3.5s)
Train loss: 1.0027 (3.5s)
2026-06-24 18:37:33,601 - INFO - Test instance 0.9625, class 0.9625
Test instance 0.9625, class 0.9625
2026-06-24 18:37:33,601 - INFO - Best instance 1.0000, class 1.0000 (epoch 160)
Best instance 1.0000, class 1.0000 (epoch 160)
2026-06-24 18:37:33,619 - INFO - Epoch 190/200:
Epoch 190/200:
2026-06-24 18:37:36,386 - INFO - Train loss: 0.9901 (2.8s)
Train loss: 0.9901 (2.8s)
2026-06-24 18:37:36,650 - INFO - Test instance 0.9625, class 0.9625
Test instance 0.9625, class 0.9625
2026-06-24 18:37:36,651 - INFO - Best instance 1.0000, class 1.0000 (epoch 160)
Best instance 1.0000, class 1.0000 (epoch 160)
2026-06-24 18:37:36,669 - INFO - Epoch 191/200:
Epoch 191/200:
2026-06-24 18:37:39,428 - INFO - Train loss: 1.0292 (2.8s)
Train loss: 1.0292 (2.8s)
2026-06-24 18:37:39,694 - INFO - Test instance 0.9750, class 0.9750
Test instance 0.9750, class 0.9750
2026-06-24 18:37:39,695 - INFO - Best instance 1.0000, class 1.0000 (epoch 160)
Best instance 1.0000, class 1.0000 (epoch 160)
2026-06-24 18:37:39,712 - INFO - Epoch 192/200:
Epoch 192/200:
2026-06-24 18:37:42,455 - INFO - Train loss: 1.0354 (2.7s)
Train loss: 1.0354 (2.7s)
2026-06-24 18:37:42,718 - INFO - Test instance 0.9250, class 0.9250
Test instance 0.9250, class 0.9250
2026-06-24 18:37:42,718 - INFO - Best instance 1.0000, class 1.0000 (epoch 160)
Best instance 1.0000, class 1.0000 (epoch 160)
2026-06-24 18:37:42,736 - INFO - Epoch 193/200:
Epoch 193/200:
2026-06-24 18:37:45,493 - INFO - Train loss: 1.0395 (2.8s)
Train loss: 1.0395 (2.8s)
2026-06-24 18:37:45,763 - INFO - Test instance 0.9875, class 0.9875
Test instance 0.9875, class 0.9875
2026-06-24 18:37:45,763 - INFO - Best instance 1.0000, class 1.0000 (epoch 160)
Best instance 1.0000, class 1.0000 (epoch 160)
2026-06-24 18:37:45,784 - INFO - Epoch 194/200:
Epoch 194/200:
2026-06-24 18:37:48,621 - INFO - Train loss: 1.0344 (2.8s)
Train loss: 1.0344 (2.8s)
2026-06-24 18:37:48,884 - INFO - Test instance 0.9500, class 0.9500
Test instance 0.9500, class 0.9500
2026-06-24 18:37:48,884 - INFO - Best instance 1.0000, class 1.0000 (epoch 160)
Best instance 1.0000, class 1.0000 (epoch 160)
2026-06-24 18:37:48,902 - INFO - Epoch 195/200:
Epoch 195/200:
2026-06-24 18:37:51,684 - INFO - Train loss: 1.0292 (2.8s)
Train loss: 1.0292 (2.8s)
2026-06-24 18:37:51,961 - INFO - Test instance 0.9625, class 0.9625
Test instance 0.9625, class 0.9625
2026-06-24 18:37:51,961 - INFO - Best instance 1.0000, class 1.0000 (epoch 160)
Best instance 1.0000, class 1.0000 (epoch 160)
2026-06-24 18:37:51,981 - INFO - Epoch 196/200:
Epoch 196/200:
2026-06-24 18:37:54,764 - INFO - Train loss: 1.0486 (2.8s)
Train loss: 1.0486 (2.8s)
2026-06-24 18:37:55,024 - INFO - Test instance 0.9375, class 0.9375
Test instance 0.9375, class 0.9375
2026-06-24 18:37:55,024 - INFO - Best instance 1.0000, class 1.0000 (epoch 160)
Best instance 1.0000, class 1.0000 (epoch 160)
2026-06-24 18:37:55,044 - INFO - Epoch 197/200:
Epoch 197/200:
2026-06-24 18:37:58,532 - INFO - Train loss: 1.0192 (3.5s)
Train loss: 1.0192 (3.5s)
2026-06-24 18:37:58,876 - INFO - Test instance 0.9750, class 0.9750
Test instance 0.9750, class 0.9750
2026-06-24 18:37:58,876 - INFO - Best instance 1.0000, class 1.0000 (epoch 160)
Best instance 1.0000, class 1.0000 (epoch 160)
2026-06-24 18:37:58,896 - INFO - Epoch 198/200:
Epoch 198/200:
2026-06-24 18:38:01,679 - INFO - Train loss: 1.0206 (2.8s)
Train loss: 1.0206 (2.8s)
2026-06-24 18:38:01,960 - INFO - Test instance 0.9500, class 0.9500
Test instance 0.9500, class 0.9500
2026-06-24 18:38:01,961 - INFO - Best instance 1.0000, class 1.0000 (epoch 160)
Best instance 1.0000, class 1.0000 (epoch 160)
2026-06-24 18:38:01,980 - INFO - Epoch 199/200:
Epoch 199/200:
2026-06-24 18:38:04,758 - INFO - Train loss: 1.0482 (2.8s)
Train loss: 1.0482 (2.8s)
2026-06-24 18:38:05,018 - INFO - Test instance 0.9500, class 0.9500
Test instance 0.9500, class 0.9500
2026-06-24 18:38:05,018 - INFO - Best instance 1.0000, class 1.0000 (epoch 160)
Best instance 1.0000, class 1.0000 (epoch 160)
2026-06-24 18:38:05,038 - INFO - Epoch 200/200:
Epoch 200/200:
2026-06-24 18:38:08,548 - INFO - Train loss: 0.9946 (3.5s)
Train loss: 0.9946 (3.5s)
2026-06-24 18:38:08,819 - INFO - Test instance 0.9375, class 0.9375
Test instance 0.9375, class 0.9375
2026-06-24 18:38:08,820 - INFO - Best instance 1.0000, class 1.0000 (epoch 160)
Best instance 1.0000, class 1.0000 (epoch 160)
2026-06-24 18:38:30,357 - INFO - Student 1.42 MB, 63.69 ms
Student 1.42 MB, 63.69 ms
