[Wed Jun 24 17:15:12 EDT 2026] task 57 on GPU 0: python flkd/advanced_kd_train_classification.py --teacher_model pointnet2_cls_ssg --student_model small_pointnet2 --kd_strategy rkd --dataset craniosynostosis --seed 123 --batch_size 24 --epoch 200 --num_point 1024 --teacher_path "outputs/craniosynostosis/flkd/federated/classification/fl_pointnet2_cls_ssg_fedprox_s123/checkpoints/best_model.pth" --log_dir kd_pointnet2_cls_ssg_fedprox+rkd_small_pointnet2_s123 --beta 0.5 --data_root data --output_root outputs --num_workers -1 --max_runtime_hours 166.0
Loaded teacher from outputs/craniosynostosis/flkd/federated/classification/fl_pointnet2_cls_ssg_fedprox_s123/checkpoints/best_model.pth
2026-06-24 17:19:08,795 - INFO - PARAMETER ...
2026-06-24 17:19:08,796 - INFO - {'use_cpu': False, 'no_amp': False, 'gpu': '0', 'num_workers': -1, 'batch_size': 24, 'teacher_model': 'pointnet2_cls_ssg', 'student_model': 'small_pointnet2', 'num_category': 4, 'dataset': 'craniosynostosis', 'data_root': 'data', 'output_root': 'outputs', 'train_split': 0.8, 'dataset_seed': 0, 'cache_dataset': True, 'min_class_samples': 1, 'epoch': 200, 'learning_rate': 0.001, 'num_point': 1024, 'optimizer': 'Adam', 'log_dir': 'kd_pointnet2_cls_ssg_fedprox+rkd_small_pointnet2_s123', 'decay_rate': 0.0001, 'use_normals': False, 'process_data': False, 'use_uniform_sample': False, 'resume': True, 'kd_strategy': 'rkd', 'alpha': 0.5, 'temperature': 2.0, 'beta': 0.5, 'dkd_alpha': 1.0, 'dkd_beta': 8.0, 'crd_temperature': 0.07, 'teacher_path': 'outputs/craniosynostosis/flkd/federated/classification/fl_pointnet2_cls_ssg_fedprox_s123/checkpoints/best_model.pth', 'teacher_paths': None, 'teacher_weights': None, 'use_hard_labels': 'on', 'unlabeled': False, 'temperature_sweep': None, 'seed': 123, 'max_runtime_hours': 166.0}
2026-06-24 17:19:08,797 - INFO - KD=rkd student=small_pointnet2 AMP=False use_hard=True unlabeled=False T=2.0
KD=rkd student=small_pointnet2 AMP=False use_hard=True unlabeled=False T=2.0
2026-06-24 17:19:11,257 - INFO - Epoch 1/200:
Epoch 1/200:
2026-06-24 17:19:15,076 - INFO - Train loss: 0.0756 (3.8s)
Train loss: 0.0756 (3.8s)
2026-06-24 17:19:15,733 - INFO - Test instance 0.2500, class 0.2500
Test instance 0.2500, class 0.2500
2026-06-24 17:19:15,754 - INFO - Best instance 0.2500, class 0.2500 (epoch 1)
Best instance 0.2500, class 0.2500 (epoch 1)
2026-06-24 17:19:15,773 - INFO - Epoch 2/200:
Epoch 2/200:
2026-06-24 17:19:18,580 - INFO - Train loss: 0.0668 (2.8s)
Train loss: 0.0668 (2.8s)
2026-06-24 17:19:18,841 - INFO - Test instance 0.2500, class 0.2500
Test instance 0.2500, class 0.2500
2026-06-24 17:19:18,842 - INFO - Best instance 0.2500, class 0.2500 (epoch 1)
Best instance 0.2500, class 0.2500 (epoch 1)
2026-06-24 17:19:18,862 - INFO - Epoch 3/200:
Epoch 3/200:
2026-06-24 17:19:21,650 - INFO - Train loss: 0.0556 (2.8s)
Train loss: 0.0556 (2.8s)
2026-06-24 17:19:21,914 - INFO - Test instance 0.2500, class 0.2500
Test instance 0.2500, class 0.2500
2026-06-24 17:19:21,914 - INFO - Best instance 0.2500, class 0.2500 (epoch 1)
Best instance 0.2500, class 0.2500 (epoch 1)
2026-06-24 17:19:21,933 - INFO - Epoch 4/200:
Epoch 4/200:
2026-06-24 17:19:24,744 - INFO - Train loss: 0.0511 (2.8s)
Train loss: 0.0511 (2.8s)
2026-06-24 17:19:25,003 - INFO - Test instance 0.2500, class 0.2500
Test instance 0.2500, class 0.2500
2026-06-24 17:19:25,003 - INFO - Best instance 0.2500, class 0.2500 (epoch 1)
Best instance 0.2500, class 0.2500 (epoch 1)
2026-06-24 17:19:25,022 - INFO - Epoch 5/200:
Epoch 5/200:
2026-06-24 17:19:27,807 - INFO - Train loss: 0.0450 (2.8s)
Train loss: 0.0450 (2.8s)
2026-06-24 17:19:28,073 - INFO - Test instance 0.2625, class 0.2625
Test instance 0.2625, class 0.2625
2026-06-24 17:19:28,092 - INFO - Best instance 0.2625, class 0.2625 (epoch 5)
Best instance 0.2625, class 0.2625 (epoch 5)
2026-06-24 17:19:28,111 - INFO - Epoch 6/200:
Epoch 6/200:
2026-06-24 17:19:30,922 - INFO - Train loss: 0.0448 (2.8s)
Train loss: 0.0448 (2.8s)
2026-06-24 17:19:31,189 - INFO - Test instance 0.2875, class 0.2875
Test instance 0.2875, class 0.2875
2026-06-24 17:19:31,206 - INFO - Best instance 0.2875, class 0.2875 (epoch 6)
Best instance 0.2875, class 0.2875 (epoch 6)
2026-06-24 17:19:31,223 - INFO - Epoch 7/200:
Epoch 7/200:
2026-06-24 17:19:34,036 - INFO - Train loss: 0.0376 (2.8s)
Train loss: 0.0376 (2.8s)
2026-06-24 17:19:34,298 - INFO - Test instance 0.2875, class 0.2875
Test instance 0.2875, class 0.2875
2026-06-24 17:19:34,298 - INFO - Best instance 0.2875, class 0.2875 (epoch 6)
Best instance 0.2875, class 0.2875 (epoch 6)
2026-06-24 17:19:34,316 - INFO - Epoch 8/200:
Epoch 8/200:
2026-06-24 17:19:37,119 - INFO - Train loss: 0.0323 (2.8s)
Train loss: 0.0323 (2.8s)
2026-06-24 17:19:37,387 - INFO - Test instance 0.3375, class 0.3375
Test instance 0.3375, class 0.3375
2026-06-24 17:19:37,406 - INFO - Best instance 0.3375, class 0.3375 (epoch 8)
Best instance 0.3375, class 0.3375 (epoch 8)
2026-06-24 17:19:37,424 - INFO - Epoch 9/200:
Epoch 9/200:
2026-06-24 17:19:40,182 - INFO - Train loss: 0.0369 (2.8s)
Train loss: 0.0369 (2.8s)
2026-06-24 17:19:40,445 - INFO - Test instance 0.3625, class 0.3625
Test instance 0.3625, class 0.3625
2026-06-24 17:19:40,463 - INFO - Best instance 0.3625, class 0.3625 (epoch 9)
Best instance 0.3625, class 0.3625 (epoch 9)
2026-06-24 17:19:40,481 - INFO - Epoch 10/200:
Epoch 10/200:
2026-06-24 17:19:43,273 - INFO - Train loss: 0.0358 (2.8s)
Train loss: 0.0358 (2.8s)
2026-06-24 17:19:43,543 - INFO - Test instance 0.3625, class 0.3625
Test instance 0.3625, class 0.3625
2026-06-24 17:19:43,543 - INFO - Best instance 0.3625, class 0.3625 (epoch 9)
Best instance 0.3625, class 0.3625 (epoch 9)
2026-06-24 17:19:43,561 - INFO - Epoch 11/200:
Epoch 11/200:
2026-06-24 17:19:46,400 - INFO - Train loss: 0.0299 (2.8s)
Train loss: 0.0299 (2.8s)
2026-06-24 17:19:46,673 - INFO - Test instance 0.2750, class 0.2750
Test instance 0.2750, class 0.2750
2026-06-24 17:19:46,673 - INFO - Best instance 0.3625, class 0.3625 (epoch 9)
Best instance 0.3625, class 0.3625 (epoch 9)
2026-06-24 17:19:46,693 - INFO - Epoch 12/200:
Epoch 12/200:
2026-06-24 17:19:49,473 - INFO - Train loss: 0.0285 (2.8s)
Train loss: 0.0285 (2.8s)
2026-06-24 17:19:49,739 - INFO - Test instance 0.3625, class 0.3625
Test instance 0.3625, class 0.3625
2026-06-24 17:19:49,739 - INFO - Best instance 0.3625, class 0.3625 (epoch 9)
Best instance 0.3625, class 0.3625 (epoch 9)
2026-06-24 17:19:49,763 - INFO - Epoch 13/200:
Epoch 13/200:
2026-06-24 17:19:52,564 - INFO - Train loss: 0.0266 (2.8s)
Train loss: 0.0266 (2.8s)
2026-06-24 17:19:52,826 - INFO - Test instance 0.3625, class 0.3625
Test instance 0.3625, class 0.3625
2026-06-24 17:19:52,826 - INFO - Best instance 0.3625, class 0.3625 (epoch 9)
Best instance 0.3625, class 0.3625 (epoch 9)
2026-06-24 17:19:52,850 - INFO - Epoch 14/200:
Epoch 14/200:
2026-06-24 17:19:55,642 - INFO - Train loss: 0.0239 (2.8s)
Train loss: 0.0239 (2.8s)
2026-06-24 17:19:55,900 - INFO - Test instance 0.4125, class 0.4125
Test instance 0.4125, class 0.4125
2026-06-24 17:19:55,918 - INFO - Best instance 0.4125, class 0.4125 (epoch 14)
Best instance 0.4125, class 0.4125 (epoch 14)
2026-06-24 17:19:55,937 - INFO - Epoch 15/200:
Epoch 15/200:
2026-06-24 17:19:58,727 - INFO - Train loss: 0.0227 (2.8s)
Train loss: 0.0227 (2.8s)
2026-06-24 17:19:58,982 - INFO - Test instance 0.5250, class 0.5250
Test instance 0.5250, class 0.5250
2026-06-24 17:19:58,999 - INFO - Best instance 0.5250, class 0.5250 (epoch 15)
Best instance 0.5250, class 0.5250 (epoch 15)
2026-06-24 17:19:59,017 - INFO - Epoch 16/200:
Epoch 16/200:
2026-06-24 17:20:01,807 - INFO - Train loss: 0.0214 (2.8s)
Train loss: 0.0214 (2.8s)
2026-06-24 17:20:02,081 - INFO - Test instance 0.5625, class 0.5625
Test instance 0.5625, class 0.5625
2026-06-24 17:20:02,099 - INFO - Best instance 0.5625, class 0.5625 (epoch 16)
Best instance 0.5625, class 0.5625 (epoch 16)
2026-06-24 17:20:02,117 - INFO - Epoch 17/200:
Epoch 17/200:
2026-06-24 17:20:05,644 - INFO - Train loss: 0.0219 (3.5s)
Train loss: 0.0219 (3.5s)
2026-06-24 17:20:05,902 - INFO - Test instance 0.5750, class 0.5750
Test instance 0.5750, class 0.5750
2026-06-24 17:20:05,920 - INFO - Best instance 0.5750, class 0.5750 (epoch 17)
Best instance 0.5750, class 0.5750 (epoch 17)
2026-06-24 17:20:05,936 - INFO - Epoch 18/200:
Epoch 18/200:
2026-06-24 17:20:08,699 - INFO - Train loss: 0.0209 (2.8s)
Train loss: 0.0209 (2.8s)
2026-06-24 17:20:08,966 - INFO - Test instance 0.5500, class 0.5500
Test instance 0.5500, class 0.5500
2026-06-24 17:20:08,966 - INFO - Best instance 0.5750, class 0.5750 (epoch 17)
Best instance 0.5750, class 0.5750 (epoch 17)
2026-06-24 17:20:08,984 - INFO - Epoch 19/200:
Epoch 19/200:
2026-06-24 17:20:11,757 - INFO - Train loss: 0.0229 (2.8s)
Train loss: 0.0229 (2.8s)
2026-06-24 17:20:12,016 - INFO - Test instance 0.5250, class 0.5250
Test instance 0.5250, class 0.5250
2026-06-24 17:20:12,017 - INFO - Best instance 0.5750, class 0.5750 (epoch 17)
Best instance 0.5750, class 0.5750 (epoch 17)
2026-06-24 17:20:12,034 - INFO - Epoch 20/200:
Epoch 20/200:
2026-06-24 17:20:14,783 - INFO - Train loss: 0.0197 (2.7s)
Train loss: 0.0197 (2.7s)
2026-06-24 17:20:15,123 - INFO - Test instance 0.5125, class 0.5125
Test instance 0.5125, class 0.5125
2026-06-24 17:20:15,123 - INFO - Best instance 0.5750, class 0.5750 (epoch 17)
Best instance 0.5750, class 0.5750 (epoch 17)
2026-06-24 17:20:15,143 - INFO - Epoch 21/200:
Epoch 21/200:
2026-06-24 17:20:17,964 - INFO - Train loss: 0.0185 (2.8s)
Train loss: 0.0185 (2.8s)
2026-06-24 17:20:18,227 - INFO - Test instance 0.5875, class 0.5875
Test instance 0.5875, class 0.5875
2026-06-24 17:20:18,244 - INFO - Best instance 0.5875, class 0.5875 (epoch 21)
Best instance 0.5875, class 0.5875 (epoch 21)
2026-06-24 17:20:18,262 - INFO - Epoch 22/200:
Epoch 22/200:
2026-06-24 17:20:21,078 - INFO - Train loss: 0.0169 (2.8s)
Train loss: 0.0169 (2.8s)
2026-06-24 17:20:21,346 - INFO - Test instance 0.5750, class 0.5750
Test instance 0.5750, class 0.5750
2026-06-24 17:20:21,347 - INFO - Best instance 0.5875, class 0.5875 (epoch 21)
Best instance 0.5875, class 0.5875 (epoch 21)
2026-06-24 17:20:21,367 - INFO - Epoch 23/200:
Epoch 23/200:
2026-06-24 17:20:24,173 - INFO - Train loss: 0.0191 (2.8s)
Train loss: 0.0191 (2.8s)
2026-06-24 17:20:24,441 - INFO - Test instance 0.5875, class 0.5875
Test instance 0.5875, class 0.5875
2026-06-24 17:20:24,442 - INFO - Best instance 0.5875, class 0.5875 (epoch 21)
Best instance 0.5875, class 0.5875 (epoch 21)
2026-06-24 17:20:24,459 - INFO - Epoch 24/200:
Epoch 24/200:
2026-06-24 17:20:27,285 - INFO - Train loss: 0.0174 (2.8s)
Train loss: 0.0174 (2.8s)
2026-06-24 17:20:27,551 - INFO - Test instance 0.6625, class 0.6625
Test instance 0.6625, class 0.6625
2026-06-24 17:20:27,568 - INFO - Best instance 0.6625, class 0.6625 (epoch 24)
Best instance 0.6625, class 0.6625 (epoch 24)
2026-06-24 17:20:27,586 - INFO - Epoch 25/200:
Epoch 25/200:
2026-06-24 17:20:30,362 - INFO - Train loss: 0.0193 (2.8s)
Train loss: 0.0193 (2.8s)
2026-06-24 17:20:30,624 - INFO - Test instance 0.5375, class 0.5375
Test instance 0.5375, class 0.5375
2026-06-24 17:20:30,625 - INFO - Best instance 0.6625, class 0.6625 (epoch 24)
Best instance 0.6625, class 0.6625 (epoch 24)
2026-06-24 17:20:30,642 - INFO - Epoch 26/200:
Epoch 26/200:
2026-06-24 17:20:33,412 - INFO - Train loss: 0.0190 (2.8s)
Train loss: 0.0190 (2.8s)
2026-06-24 17:20:33,675 - INFO - Test instance 0.6500, class 0.6500
Test instance 0.6500, class 0.6500
2026-06-24 17:20:33,676 - INFO - Best instance 0.6625, class 0.6625 (epoch 24)
Best instance 0.6625, class 0.6625 (epoch 24)
2026-06-24 17:20:33,695 - INFO - Epoch 27/200:
Epoch 27/200:
2026-06-24 17:20:36,449 - INFO - Train loss: 0.0181 (2.8s)
Train loss: 0.0181 (2.8s)
2026-06-24 17:20:36,779 - INFO - Test instance 0.6625, class 0.6625
Test instance 0.6625, class 0.6625
2026-06-24 17:20:36,780 - INFO - Best instance 0.6625, class 0.6625 (epoch 24)
Best instance 0.6625, class 0.6625 (epoch 24)
2026-06-24 17:20:36,802 - INFO - Epoch 28/200:
Epoch 28/200:
2026-06-24 17:20:40,258 - INFO - Train loss: 0.0182 (3.5s)
Train loss: 0.0182 (3.5s)
2026-06-24 17:20:40,526 - INFO - Test instance 0.4625, class 0.4625
Test instance 0.4625, class 0.4625
2026-06-24 17:20:40,526 - INFO - Best instance 0.6625, class 0.6625 (epoch 24)
Best instance 0.6625, class 0.6625 (epoch 24)
2026-06-24 17:20:40,544 - INFO - Epoch 29/200:
Epoch 29/200:
2026-06-24 17:20:43,296 - INFO - Train loss: 0.0156 (2.8s)
Train loss: 0.0156 (2.8s)
2026-06-24 17:20:43,557 - INFO - Test instance 0.6125, class 0.6125
Test instance 0.6125, class 0.6125
2026-06-24 17:20:43,558 - INFO - Best instance 0.6625, class 0.6625 (epoch 24)
Best instance 0.6625, class 0.6625 (epoch 24)
2026-06-24 17:20:43,575 - INFO - Epoch 30/200:
Epoch 30/200:
2026-06-24 17:20:46,384 - INFO - Train loss: 0.0160 (2.8s)
Train loss: 0.0160 (2.8s)
2026-06-24 17:20:46,650 - INFO - Test instance 0.6000, class 0.6000
Test instance 0.6000, class 0.6000
2026-06-24 17:20:46,650 - INFO - Best instance 0.6625, class 0.6625 (epoch 24)
Best instance 0.6625, class 0.6625 (epoch 24)
2026-06-24 17:20:46,667 - INFO - Epoch 31/200:
Epoch 31/200:
2026-06-24 17:20:49,446 - INFO - Train loss: 0.0158 (2.8s)
Train loss: 0.0158 (2.8s)
2026-06-24 17:20:49,785 - INFO - Test instance 0.5250, class 0.5250
Test instance 0.5250, class 0.5250
2026-06-24 17:20:49,786 - INFO - Best instance 0.6625, class 0.6625 (epoch 24)
Best instance 0.6625, class 0.6625 (epoch 24)
2026-06-24 17:20:49,806 - INFO - Epoch 32/200:
Epoch 32/200:
2026-06-24 17:20:52,586 - INFO - Train loss: 0.0167 (2.8s)
Train loss: 0.0167 (2.8s)
2026-06-24 17:20:52,846 - INFO - Test instance 0.6500, class 0.6500
Test instance 0.6500, class 0.6500
2026-06-24 17:20:52,847 - INFO - Best instance 0.6625, class 0.6625 (epoch 24)
Best instance 0.6625, class 0.6625 (epoch 24)
2026-06-24 17:20:52,864 - INFO - Epoch 33/200:
Epoch 33/200:
2026-06-24 17:20:55,636 - INFO - Train loss: 0.0158 (2.8s)
Train loss: 0.0158 (2.8s)
2026-06-24 17:20:55,894 - INFO - Test instance 0.7000, class 0.7000
Test instance 0.7000, class 0.7000
2026-06-24 17:20:55,911 - INFO - Best instance 0.7000, class 0.7000 (epoch 33)
Best instance 0.7000, class 0.7000 (epoch 33)
2026-06-24 17:20:55,927 - INFO - Epoch 34/200:
Epoch 34/200:
2026-06-24 17:20:59,436 - INFO - Train loss: 0.0161 (3.5s)
Train loss: 0.0161 (3.5s)
2026-06-24 17:20:59,770 - INFO - Test instance 0.4625, class 0.4625
Test instance 0.4625, class 0.4625
2026-06-24 17:20:59,770 - INFO - Best instance 0.7000, class 0.7000 (epoch 33)
Best instance 0.7000, class 0.7000 (epoch 33)
2026-06-24 17:20:59,794 - INFO - Epoch 35/200:
Epoch 35/200:
2026-06-24 17:21:02,607 - INFO - Train loss: 0.0171 (2.8s)
Train loss: 0.0171 (2.8s)
2026-06-24 17:21:02,864 - INFO - Test instance 0.5500, class 0.5500
Test instance 0.5500, class 0.5500
2026-06-24 17:21:02,864 - INFO - Best instance 0.7000, class 0.7000 (epoch 33)
Best instance 0.7000, class 0.7000 (epoch 33)
2026-06-24 17:21:02,881 - INFO - Epoch 36/200:
Epoch 36/200:
2026-06-24 17:21:05,670 - INFO - Train loss: 0.0163 (2.8s)
Train loss: 0.0163 (2.8s)
2026-06-24 17:21:05,939 - INFO - Test instance 0.5750, class 0.5750
Test instance 0.5750, class 0.5750
2026-06-24 17:21:05,940 - INFO - Best instance 0.7000, class 0.7000 (epoch 33)
Best instance 0.7000, class 0.7000 (epoch 33)
2026-06-24 17:21:05,958 - INFO - Epoch 37/200:
Epoch 37/200:
2026-06-24 17:21:08,728 - INFO - Train loss: 0.0148 (2.8s)
Train loss: 0.0148 (2.8s)
2026-06-24 17:21:08,992 - INFO - Test instance 0.4125, class 0.4125
Test instance 0.4125, class 0.4125
2026-06-24 17:21:08,992 - INFO - Best instance 0.7000, class 0.7000 (epoch 33)
Best instance 0.7000, class 0.7000 (epoch 33)
2026-06-24 17:21:09,011 - INFO - Epoch 38/200:
Epoch 38/200:
2026-06-24 17:21:11,786 - INFO - Train loss: 0.0152 (2.8s)
Train loss: 0.0152 (2.8s)
2026-06-24 17:21:12,052 - INFO - Test instance 0.5375, class 0.5375
Test instance 0.5375, class 0.5375
2026-06-24 17:21:12,053 - INFO - Best instance 0.7000, class 0.7000 (epoch 33)
Best instance 0.7000, class 0.7000 (epoch 33)
2026-06-24 17:21:12,070 - INFO - Epoch 39/200:
Epoch 39/200:
2026-06-24 17:21:14,868 - INFO - Train loss: 0.0152 (2.8s)
Train loss: 0.0152 (2.8s)
2026-06-24 17:21:15,135 - INFO - Test instance 0.5375, class 0.5375
Test instance 0.5375, class 0.5375
2026-06-24 17:21:15,135 - INFO - Best instance 0.7000, class 0.7000 (epoch 33)
Best instance 0.7000, class 0.7000 (epoch 33)
2026-06-24 17:21:15,152 - INFO - Epoch 40/200:
Epoch 40/200:
2026-06-24 17:21:17,921 - INFO - Train loss: 0.0155 (2.8s)
Train loss: 0.0155 (2.8s)
2026-06-24 17:21:18,260 - INFO - Test instance 0.6000, class 0.6000
Test instance 0.6000, class 0.6000
2026-06-24 17:21:18,260 - INFO - Best instance 0.7000, class 0.7000 (epoch 33)
Best instance 0.7000, class 0.7000 (epoch 33)
2026-06-24 17:21:18,280 - INFO - Epoch 41/200:
Epoch 41/200:
2026-06-24 17:21:21,061 - INFO - Train loss: 0.0147 (2.8s)
Train loss: 0.0147 (2.8s)
2026-06-24 17:21:21,320 - INFO - Test instance 0.7000, class 0.7000
Test instance 0.7000, class 0.7000
2026-06-24 17:21:21,320 - INFO - Best instance 0.7000, class 0.7000 (epoch 33)
Best instance 0.7000, class 0.7000 (epoch 33)
2026-06-24 17:21:21,337 - INFO - Epoch 42/200:
Epoch 42/200:
2026-06-24 17:21:24,091 - INFO - Train loss: 0.0150 (2.8s)
Train loss: 0.0150 (2.8s)
2026-06-24 17:21:24,437 - INFO - Test instance 0.6500, class 0.6500
Test instance 0.6500, class 0.6500
2026-06-24 17:21:24,437 - INFO - Best instance 0.7000, class 0.7000 (epoch 33)
Best instance 0.7000, class 0.7000 (epoch 33)
2026-06-24 17:21:24,459 - INFO - Epoch 43/200:
Epoch 43/200:
2026-06-24 17:21:27,235 - INFO - Train loss: 0.0144 (2.8s)
Train loss: 0.0144 (2.8s)
2026-06-24 17:21:27,493 - INFO - Test instance 0.5875, class 0.5875
Test instance 0.5875, class 0.5875
2026-06-24 17:21:27,494 - INFO - Best instance 0.7000, class 0.7000 (epoch 33)
Best instance 0.7000, class 0.7000 (epoch 33)
2026-06-24 17:21:27,511 - INFO - Epoch 44/200:
Epoch 44/200:
2026-06-24 17:21:30,263 - INFO - Train loss: 0.0142 (2.8s)
Train loss: 0.0142 (2.8s)
2026-06-24 17:21:30,528 - INFO - Test instance 0.5875, class 0.5875
Test instance 0.5875, class 0.5875
2026-06-24 17:21:30,528 - INFO - Best instance 0.7000, class 0.7000 (epoch 33)
Best instance 0.7000, class 0.7000 (epoch 33)
2026-06-24 17:21:30,546 - INFO - Epoch 45/200:
Epoch 45/200:
2026-06-24 17:21:33,309 - INFO - Train loss: 0.0151 (2.8s)
Train loss: 0.0151 (2.8s)
2026-06-24 17:21:33,581 - INFO - Test instance 0.5375, class 0.5375
Test instance 0.5375, class 0.5375
2026-06-24 17:21:33,581 - INFO - Best instance 0.7000, class 0.7000 (epoch 33)
Best instance 0.7000, class 0.7000 (epoch 33)
2026-06-24 17:21:33,600 - INFO - Epoch 46/200:
Epoch 46/200:
2026-06-24 17:21:36,367 - INFO - Train loss: 0.0144 (2.8s)
Train loss: 0.0144 (2.8s)
2026-06-24 17:21:36,630 - INFO - Test instance 0.7375, class 0.7375
Test instance 0.7375, class 0.7375
2026-06-24 17:21:36,647 - INFO - Best instance 0.7375, class 0.7375 (epoch 46)
Best instance 0.7375, class 0.7375 (epoch 46)
2026-06-24 17:21:36,664 - INFO - Epoch 47/200:
Epoch 47/200:
2026-06-24 17:21:40,147 - INFO - Train loss: 0.0142 (3.5s)
Train loss: 0.0142 (3.5s)
2026-06-24 17:21:40,476 - INFO - Test instance 0.5125, class 0.5125
Test instance 0.5125, class 0.5125
2026-06-24 17:21:40,476 - INFO - Best instance 0.7375, class 0.7375 (epoch 46)
Best instance 0.7375, class 0.7375 (epoch 46)
2026-06-24 17:21:40,496 - INFO - Epoch 48/200:
Epoch 48/200:
2026-06-24 17:21:43,281 - INFO - Train loss: 0.0137 (2.8s)
Train loss: 0.0137 (2.8s)
2026-06-24 17:21:43,542 - INFO - Test instance 0.5000, class 0.5000
Test instance 0.5000, class 0.5000
2026-06-24 17:21:43,542 - INFO - Best instance 0.7375, class 0.7375 (epoch 46)
Best instance 0.7375, class 0.7375 (epoch 46)
2026-06-24 17:21:43,560 - INFO - Epoch 49/200:
Epoch 49/200:
2026-06-24 17:21:46,357 - INFO - Train loss: 0.0149 (2.8s)
Train loss: 0.0149 (2.8s)
2026-06-24 17:21:46,614 - INFO - Test instance 0.5875, class 0.5875
Test instance 0.5875, class 0.5875
2026-06-24 17:21:46,615 - INFO - Best instance 0.7375, class 0.7375 (epoch 46)
Best instance 0.7375, class 0.7375 (epoch 46)
2026-06-24 17:21:46,632 - INFO - Epoch 50/200:
Epoch 50/200:
2026-06-24 17:21:49,395 - INFO - Train loss: 0.0144 (2.8s)
Train loss: 0.0144 (2.8s)
2026-06-24 17:21:49,656 - INFO - Test instance 0.6000, class 0.6000
Test instance 0.6000, class 0.6000
2026-06-24 17:21:49,657 - INFO - Best instance 0.7375, class 0.7375 (epoch 46)
Best instance 0.7375, class 0.7375 (epoch 46)
2026-06-24 17:21:49,674 - INFO - Epoch 51/200:
Epoch 51/200:
2026-06-24 17:21:52,441 - INFO - Train loss: 0.0156 (2.8s)
Train loss: 0.0156 (2.8s)
2026-06-24 17:21:52,710 - INFO - Test instance 0.6250, class 0.6250
Test instance 0.6250, class 0.6250
2026-06-24 17:21:52,710 - INFO - Best instance 0.7375, class 0.7375 (epoch 46)
Best instance 0.7375, class 0.7375 (epoch 46)
2026-06-24 17:21:52,727 - INFO - Epoch 52/200:
Epoch 52/200:
2026-06-24 17:21:56,226 - INFO - Train loss: 0.0137 (3.5s)
Train loss: 0.0137 (3.5s)
2026-06-24 17:21:56,492 - INFO - Test instance 0.5125, class 0.5125
Test instance 0.5125, class 0.5125
2026-06-24 17:21:56,492 - INFO - Best instance 0.7375, class 0.7375 (epoch 46)
Best instance 0.7375, class 0.7375 (epoch 46)
2026-06-24 17:21:56,511 - INFO - Epoch 53/200:
Epoch 53/200:
2026-06-24 17:21:59,281 - INFO - Train loss: 0.0140 (2.8s)
Train loss: 0.0140 (2.8s)
2026-06-24 17:21:59,549 - INFO - Test instance 0.6500, class 0.6500
Test instance 0.6500, class 0.6500
2026-06-24 17:21:59,549 - INFO - Best instance 0.7375, class 0.7375 (epoch 46)
Best instance 0.7375, class 0.7375 (epoch 46)
2026-06-24 17:21:59,566 - INFO - Epoch 54/200:
Epoch 54/200:
2026-06-24 17:22:02,405 - INFO - Train loss: 0.0135 (2.8s)
Train loss: 0.0135 (2.8s)
2026-06-24 17:22:02,675 - INFO - Test instance 0.6875, class 0.6875
Test instance 0.6875, class 0.6875
2026-06-24 17:22:02,676 - INFO - Best instance 0.7375, class 0.7375 (epoch 46)
Best instance 0.7375, class 0.7375 (epoch 46)
2026-06-24 17:22:02,726 - INFO - Epoch 55/200:
Epoch 55/200:
2026-06-24 17:22:05,574 - INFO - Train loss: 0.0139 (2.8s)
Train loss: 0.0139 (2.8s)
2026-06-24 17:22:05,849 - INFO - Test instance 0.6000, class 0.6000
Test instance 0.6000, class 0.6000
2026-06-24 17:22:05,849 - INFO - Best instance 0.7375, class 0.7375 (epoch 46)
Best instance 0.7375, class 0.7375 (epoch 46)
2026-06-24 17:22:05,868 - INFO - Epoch 56/200:
Epoch 56/200:
2026-06-24 17:22:08,649 - INFO - Train loss: 0.0140 (2.8s)
Train loss: 0.0140 (2.8s)
2026-06-24 17:22:08,913 - INFO - Test instance 0.6750, class 0.6750
Test instance 0.6750, class 0.6750
2026-06-24 17:22:08,913 - INFO - Best instance 0.7375, class 0.7375 (epoch 46)
Best instance 0.7375, class 0.7375 (epoch 46)
2026-06-24 17:22:08,932 - INFO - Epoch 57/200:
Epoch 57/200:
2026-06-24 17:22:11,700 - INFO - Train loss: 0.0139 (2.8s)
Train loss: 0.0139 (2.8s)
2026-06-24 17:22:12,044 - INFO - Test instance 0.5875, class 0.5875
Test instance 0.5875, class 0.5875
2026-06-24 17:22:12,044 - INFO - Best instance 0.7375, class 0.7375 (epoch 46)
Best instance 0.7375, class 0.7375 (epoch 46)
2026-06-24 17:22:12,065 - INFO - Epoch 58/200:
Epoch 58/200:
2026-06-24 17:22:14,849 - INFO - Train loss: 0.0150 (2.8s)
Train loss: 0.0150 (2.8s)
2026-06-24 17:22:15,112 - INFO - Test instance 0.7000, class 0.7000
Test instance 0.7000, class 0.7000
2026-06-24 17:22:15,112 - INFO - Best instance 0.7375, class 0.7375 (epoch 46)
Best instance 0.7375, class 0.7375 (epoch 46)
2026-06-24 17:22:15,131 - INFO - Epoch 59/200:
Epoch 59/200:
2026-06-24 17:22:18,639 - INFO - Train loss: 0.0133 (3.5s)
Train loss: 0.0133 (3.5s)
2026-06-24 17:22:18,898 - INFO - Test instance 0.7000, class 0.7000
Test instance 0.7000, class 0.7000
2026-06-24 17:22:18,898 - INFO - Best instance 0.7375, class 0.7375 (epoch 46)
Best instance 0.7375, class 0.7375 (epoch 46)
2026-06-24 17:22:18,915 - INFO - Epoch 60/200:
Epoch 60/200:
2026-06-24 17:22:21,692 - INFO - Train loss: 0.0132 (2.8s)
Train loss: 0.0132 (2.8s)
2026-06-24 17:22:21,952 - INFO - Test instance 0.6000, class 0.6000
Test instance 0.6000, class 0.6000
2026-06-24 17:22:21,952 - INFO - Best instance 0.7375, class 0.7375 (epoch 46)
Best instance 0.7375, class 0.7375 (epoch 46)
2026-06-24 17:22:21,969 - INFO - Epoch 61/200:
Epoch 61/200:
2026-06-24 17:22:24,757 - INFO - Train loss: 0.0142 (2.8s)
Train loss: 0.0142 (2.8s)
2026-06-24 17:22:25,017 - INFO - Test instance 0.6125, class 0.6125
Test instance 0.6125, class 0.6125
2026-06-24 17:22:25,018 - INFO - Best instance 0.7375, class 0.7375 (epoch 46)
Best instance 0.7375, class 0.7375 (epoch 46)
2026-06-24 17:22:25,036 - INFO - Epoch 62/200:
Epoch 62/200:
2026-06-24 17:22:27,800 - INFO - Train loss: 0.0152 (2.8s)
Train loss: 0.0152 (2.8s)
2026-06-24 17:22:28,062 - INFO - Test instance 0.6625, class 0.6625
Test instance 0.6625, class 0.6625
2026-06-24 17:22:28,062 - INFO - Best instance 0.7375, class 0.7375 (epoch 46)
Best instance 0.7375, class 0.7375 (epoch 46)
2026-06-24 17:22:28,080 - INFO - Epoch 63/200:
Epoch 63/200:
2026-06-24 17:22:30,811 - INFO - Train loss: 0.0132 (2.7s)
Train loss: 0.0132 (2.7s)
2026-06-24 17:22:31,069 - INFO - Test instance 0.5250, class 0.5250
Test instance 0.5250, class 0.5250
2026-06-24 17:22:31,069 - INFO - Best instance 0.7375, class 0.7375 (epoch 46)
Best instance 0.7375, class 0.7375 (epoch 46)
2026-06-24 17:22:31,087 - INFO - Epoch 64/200:
Epoch 64/200:
2026-06-24 17:22:33,846 - INFO - Train loss: 0.0140 (2.8s)
Train loss: 0.0140 (2.8s)
2026-06-24 17:22:34,114 - INFO - Test instance 0.6750, class 0.6750
Test instance 0.6750, class 0.6750
2026-06-24 17:22:34,114 - INFO - Best instance 0.7375, class 0.7375 (epoch 46)
Best instance 0.7375, class 0.7375 (epoch 46)
2026-06-24 17:22:34,131 - INFO - Epoch 65/200:
Epoch 65/200:
2026-06-24 17:22:36,917 - INFO - Train loss: 0.0138 (2.8s)
Train loss: 0.0138 (2.8s)
2026-06-24 17:22:37,180 - INFO - Test instance 0.5625, class 0.5625
Test instance 0.5625, class 0.5625
2026-06-24 17:22:37,180 - INFO - Best instance 0.7375, class 0.7375 (epoch 46)
Best instance 0.7375, class 0.7375 (epoch 46)
2026-06-24 17:22:37,198 - INFO - Epoch 66/200:
Epoch 66/200:
2026-06-24 17:22:39,977 - INFO - Train loss: 0.0140 (2.8s)
Train loss: 0.0140 (2.8s)
2026-06-24 17:22:40,236 - INFO - Test instance 0.5875, class 0.5875
Test instance 0.5875, class 0.5875
2026-06-24 17:22:40,237 - INFO - Best instance 0.7375, class 0.7375 (epoch 46)
Best instance 0.7375, class 0.7375 (epoch 46)
2026-06-24 17:22:40,254 - INFO - Epoch 67/200:
Epoch 67/200:
2026-06-24 17:22:43,018 - INFO - Train loss: 0.0142 (2.8s)
Train loss: 0.0142 (2.8s)
2026-06-24 17:22:43,280 - INFO - Test instance 0.6375, class 0.6375
Test instance 0.6375, class 0.6375
2026-06-24 17:22:43,280 - INFO - Best instance 0.7375, class 0.7375 (epoch 46)
Best instance 0.7375, class 0.7375 (epoch 46)
2026-06-24 17:22:43,298 - INFO - Epoch 68/200:
Epoch 68/200:
2026-06-24 17:22:46,067 - INFO - Train loss: 0.0138 (2.8s)
Train loss: 0.0138 (2.8s)
2026-06-24 17:22:46,333 - INFO - Test instance 0.6625, class 0.6625
Test instance 0.6625, class 0.6625
2026-06-24 17:22:46,334 - INFO - Best instance 0.7375, class 0.7375 (epoch 46)
Best instance 0.7375, class 0.7375 (epoch 46)
2026-06-24 17:22:46,351 - INFO - Epoch 69/200:
Epoch 69/200:
2026-06-24 17:22:49,146 - INFO - Train loss: 0.0138 (2.8s)
Train loss: 0.0138 (2.8s)
2026-06-24 17:22:49,410 - INFO - Test instance 0.7000, class 0.7000
Test instance 0.7000, class 0.7000
2026-06-24 17:22:49,411 - INFO - Best instance 0.7375, class 0.7375 (epoch 46)
Best instance 0.7375, class 0.7375 (epoch 46)
2026-06-24 17:22:49,428 - INFO - Epoch 70/200:
Epoch 70/200:
2026-06-24 17:22:52,195 - INFO - Train loss: 0.0151 (2.8s)
Train loss: 0.0151 (2.8s)
2026-06-24 17:22:52,531 - INFO - Test instance 0.5000, class 0.5000
Test instance 0.5000, class 0.5000
2026-06-24 17:22:52,531 - INFO - Best instance 0.7375, class 0.7375 (epoch 46)
Best instance 0.7375, class 0.7375 (epoch 46)
2026-06-24 17:22:52,551 - INFO - Epoch 71/200:
Epoch 71/200:
2026-06-24 17:22:55,335 - INFO - Train loss: 0.0130 (2.8s)
Train loss: 0.0130 (2.8s)
2026-06-24 17:22:55,602 - INFO - Test instance 0.5125, class 0.5125
Test instance 0.5125, class 0.5125
2026-06-24 17:22:55,602 - INFO - Best instance 0.7375, class 0.7375 (epoch 46)
Best instance 0.7375, class 0.7375 (epoch 46)
2026-06-24 17:22:55,619 - INFO - Epoch 72/200:
Epoch 72/200:
2026-06-24 17:22:58,413 - INFO - Train loss: 0.0128 (2.8s)
Train loss: 0.0128 (2.8s)
2026-06-24 17:22:58,679 - INFO - Test instance 0.6625, class 0.6625
Test instance 0.6625, class 0.6625
2026-06-24 17:22:58,680 - INFO - Best instance 0.7375, class 0.7375 (epoch 46)
Best instance 0.7375, class 0.7375 (epoch 46)
2026-06-24 17:22:58,697 - INFO - Epoch 73/200:
Epoch 73/200:
2026-06-24 17:23:01,491 - INFO - Train loss: 0.0140 (2.8s)
Train loss: 0.0140 (2.8s)
2026-06-24 17:23:01,780 - INFO - Test instance 0.6625, class 0.6625
Test instance 0.6625, class 0.6625
2026-06-24 17:23:01,781 - INFO - Best instance 0.7375, class 0.7375 (epoch 46)
Best instance 0.7375, class 0.7375 (epoch 46)
2026-06-24 17:23:01,801 - INFO - Epoch 74/200:
Epoch 74/200:
2026-06-24 17:23:04,620 - INFO - Train loss: 0.0127 (2.8s)
Train loss: 0.0127 (2.8s)
2026-06-24 17:23:04,878 - INFO - Test instance 0.5125, class 0.5125
Test instance 0.5125, class 0.5125
2026-06-24 17:23:04,878 - INFO - Best instance 0.7375, class 0.7375 (epoch 46)
Best instance 0.7375, class 0.7375 (epoch 46)
2026-06-24 17:23:04,896 - INFO - Epoch 75/200:
Epoch 75/200:
2026-06-24 17:23:07,686 - INFO - Train loss: 0.0142 (2.8s)
Train loss: 0.0142 (2.8s)
2026-06-24 17:23:07,943 - INFO - Test instance 0.5375, class 0.5375
Test instance 0.5375, class 0.5375
2026-06-24 17:23:07,943 - INFO - Best instance 0.7375, class 0.7375 (epoch 46)
Best instance 0.7375, class 0.7375 (epoch 46)
2026-06-24 17:23:07,960 - INFO - Epoch 76/200:
Epoch 76/200:
2026-06-24 17:23:10,743 - INFO - Train loss: 0.0143 (2.8s)
Train loss: 0.0143 (2.8s)
2026-06-24 17:23:11,007 - INFO - Test instance 0.5875, class 0.5875
Test instance 0.5875, class 0.5875
2026-06-24 17:23:11,007 - INFO - Best instance 0.7375, class 0.7375 (epoch 46)
Best instance 0.7375, class 0.7375 (epoch 46)
2026-06-24 17:23:11,025 - INFO - Epoch 77/200:
Epoch 77/200:
2026-06-24 17:23:13,832 - INFO - Train loss: 0.0155 (2.8s)
Train loss: 0.0155 (2.8s)
2026-06-24 17:23:14,095 - INFO - Test instance 0.5625, class 0.5625
Test instance 0.5625, class 0.5625
2026-06-24 17:23:14,096 - INFO - Best instance 0.7375, class 0.7375 (epoch 46)
Best instance 0.7375, class 0.7375 (epoch 46)
2026-06-24 17:23:14,113 - INFO - Epoch 78/200:
Epoch 78/200:
2026-06-24 17:23:16,910 - INFO - Train loss: 0.0119 (2.8s)
Train loss: 0.0119 (2.8s)
2026-06-24 17:23:17,182 - INFO - Test instance 0.5125, class 0.5125
Test instance 0.5125, class 0.5125
2026-06-24 17:23:17,182 - INFO - Best instance 0.7375, class 0.7375 (epoch 46)
Best instance 0.7375, class 0.7375 (epoch 46)
2026-06-24 17:23:17,200 - INFO - Epoch 79/200:
Epoch 79/200:
2026-06-24 17:23:19,983 - INFO - Train loss: 0.0129 (2.8s)
Train loss: 0.0129 (2.8s)
2026-06-24 17:23:20,253 - INFO - Test instance 0.6000, class 0.6000
Test instance 0.6000, class 0.6000
2026-06-24 17:23:20,254 - INFO - Best instance 0.7375, class 0.7375 (epoch 46)
Best instance 0.7375, class 0.7375 (epoch 46)
2026-06-24 17:23:20,271 - INFO - Epoch 80/200:
Epoch 80/200:
2026-06-24 17:23:23,059 - INFO - Train loss: 0.0134 (2.8s)
Train loss: 0.0134 (2.8s)
2026-06-24 17:23:23,320 - INFO - Test instance 0.5750, class 0.5750
Test instance 0.5750, class 0.5750
2026-06-24 17:23:23,321 - INFO - Best instance 0.7375, class 0.7375 (epoch 46)
Best instance 0.7375, class 0.7375 (epoch 46)
2026-06-24 17:23:23,338 - INFO - Epoch 81/200:
Epoch 81/200:
2026-06-24 17:23:26,120 - INFO - Train loss: 0.0122 (2.8s)
Train loss: 0.0122 (2.8s)
2026-06-24 17:23:26,384 - INFO - Test instance 0.5625, class 0.5625
Test instance 0.5625, class 0.5625
2026-06-24 17:23:26,384 - INFO - Best instance 0.7375, class 0.7375 (epoch 46)
Best instance 0.7375, class 0.7375 (epoch 46)
2026-06-24 17:23:26,401 - INFO - Epoch 82/200:
Epoch 82/200:
2026-06-24 17:23:29,163 - INFO - Train loss: 0.0126 (2.8s)
Train loss: 0.0126 (2.8s)
2026-06-24 17:23:29,424 - INFO - Test instance 0.6875, class 0.6875
Test instance 0.6875, class 0.6875
2026-06-24 17:23:29,424 - INFO - Best instance 0.7375, class 0.7375 (epoch 46)
Best instance 0.7375, class 0.7375 (epoch 46)
2026-06-24 17:23:29,441 - INFO - Epoch 83/200:
Epoch 83/200:
2026-06-24 17:23:32,222 - INFO - Train loss: 0.0132 (2.8s)
Train loss: 0.0132 (2.8s)
2026-06-24 17:23:32,485 - INFO - Test instance 0.6500, class 0.6500
Test instance 0.6500, class 0.6500
2026-06-24 17:23:32,486 - INFO - Best instance 0.7375, class 0.7375 (epoch 46)
Best instance 0.7375, class 0.7375 (epoch 46)
2026-06-24 17:23:32,503 - INFO - Epoch 84/200:
Epoch 84/200:
2026-06-24 17:23:35,556 - INFO - Train loss: 0.0141 (3.1s)
Train loss: 0.0141 (3.1s)
2026-06-24 17:23:35,828 - INFO - Test instance 0.5250, class 0.5250
Test instance 0.5250, class 0.5250
2026-06-24 17:23:35,828 - INFO - Best instance 0.7375, class 0.7375 (epoch 46)
Best instance 0.7375, class 0.7375 (epoch 46)
2026-06-24 17:23:35,845 - INFO - Epoch 85/200:
Epoch 85/200:
2026-06-24 17:23:38,650 - INFO - Train loss: 0.0129 (2.8s)
Train loss: 0.0129 (2.8s)
2026-06-24 17:23:38,911 - INFO - Test instance 0.5875, class 0.5875
Test instance 0.5875, class 0.5875
2026-06-24 17:23:38,911 - INFO - Best instance 0.7375, class 0.7375 (epoch 46)
Best instance 0.7375, class 0.7375 (epoch 46)
2026-06-24 17:23:38,930 - INFO - Epoch 86/200:
Epoch 86/200:
2026-06-24 17:23:41,753 - INFO - Train loss: 0.0132 (2.8s)
Train loss: 0.0132 (2.8s)
2026-06-24 17:23:42,014 - INFO - Test instance 0.5500, class 0.5500
Test instance 0.5500, class 0.5500
2026-06-24 17:23:42,014 - INFO - Best instance 0.7375, class 0.7375 (epoch 46)
Best instance 0.7375, class 0.7375 (epoch 46)
2026-06-24 17:23:42,033 - INFO - Epoch 87/200:
Epoch 87/200:
2026-06-24 17:23:44,844 - INFO - Train loss: 0.0126 (2.8s)
Train loss: 0.0126 (2.8s)
2026-06-24 17:23:45,113 - INFO - Test instance 0.5750, class 0.5750
Test instance 0.5750, class 0.5750
2026-06-24 17:23:45,113 - INFO - Best instance 0.7375, class 0.7375 (epoch 46)
Best instance 0.7375, class 0.7375 (epoch 46)
2026-06-24 17:23:45,130 - INFO - Epoch 88/200:
Epoch 88/200:
2026-06-24 17:23:47,922 - INFO - Train loss: 0.0129 (2.8s)
Train loss: 0.0129 (2.8s)
2026-06-24 17:23:48,187 - INFO - Test instance 0.7125, class 0.7125
Test instance 0.7125, class 0.7125
2026-06-24 17:23:48,187 - INFO - Best instance 0.7375, class 0.7375 (epoch 46)
Best instance 0.7375, class 0.7375 (epoch 46)
2026-06-24 17:23:48,204 - INFO - Epoch 89/200:
Epoch 89/200:
2026-06-24 17:23:50,991 - INFO - Train loss: 0.0132 (2.8s)
Train loss: 0.0132 (2.8s)
2026-06-24 17:23:51,255 - INFO - Test instance 0.6625, class 0.6625
Test instance 0.6625, class 0.6625
2026-06-24 17:23:51,256 - INFO - Best instance 0.7375, class 0.7375 (epoch 46)
Best instance 0.7375, class 0.7375 (epoch 46)
2026-06-24 17:23:51,273 - INFO - Epoch 90/200:
Epoch 90/200:
2026-06-24 17:23:54,047 - INFO - Train loss: 0.0128 (2.8s)
Train loss: 0.0128 (2.8s)
2026-06-24 17:23:54,310 - INFO - Test instance 0.5500, class 0.5500
Test instance 0.5500, class 0.5500
2026-06-24 17:23:54,310 - INFO - Best instance 0.7375, class 0.7375 (epoch 46)
Best instance 0.7375, class 0.7375 (epoch 46)
2026-06-24 17:23:54,328 - INFO - Epoch 91/200:
Epoch 91/200:
2026-06-24 17:23:57,118 - INFO - Train loss: 0.0125 (2.8s)
Train loss: 0.0125 (2.8s)
2026-06-24 17:23:57,379 - INFO - Test instance 0.5375, class 0.5375
Test instance 0.5375, class 0.5375
2026-06-24 17:23:57,379 - INFO - Best instance 0.7375, class 0.7375 (epoch 46)
Best instance 0.7375, class 0.7375 (epoch 46)
2026-06-24 17:23:57,396 - INFO - Epoch 92/200:
Epoch 92/200:
2026-06-24 17:24:00,150 - INFO - Train loss: 0.0121 (2.8s)
Train loss: 0.0121 (2.8s)
2026-06-24 17:24:00,410 - INFO - Test instance 0.5875, class 0.5875
Test instance 0.5875, class 0.5875
2026-06-24 17:24:00,411 - INFO - Best instance 0.7375, class 0.7375 (epoch 46)
Best instance 0.7375, class 0.7375 (epoch 46)
2026-06-24 17:24:00,428 - INFO - Epoch 93/200:
Epoch 93/200:
2026-06-24 17:24:03,280 - INFO - Train loss: 0.0135 (2.9s)
Train loss: 0.0135 (2.9s)
2026-06-24 17:24:03,543 - INFO - Test instance 0.6500, class 0.6500
Test instance 0.6500, class 0.6500
2026-06-24 17:24:03,543 - INFO - Best instance 0.7375, class 0.7375 (epoch 46)
Best instance 0.7375, class 0.7375 (epoch 46)
2026-06-24 17:24:03,562 - INFO - Epoch 94/200:
Epoch 94/200:
2026-06-24 17:24:06,370 - INFO - Train loss: 0.0141 (2.8s)
Train loss: 0.0141 (2.8s)
2026-06-24 17:24:06,631 - INFO - Test instance 0.5250, class 0.5250
Test instance 0.5250, class 0.5250
2026-06-24 17:24:06,632 - INFO - Best instance 0.7375, class 0.7375 (epoch 46)
Best instance 0.7375, class 0.7375 (epoch 46)
2026-06-24 17:24:06,649 - INFO - Epoch 95/200:
Epoch 95/200:
2026-06-24 17:24:09,433 - INFO - Train loss: 0.0127 (2.8s)
Train loss: 0.0127 (2.8s)
2026-06-24 17:24:09,689 - INFO - Test instance 0.5500, class 0.5500
Test instance 0.5500, class 0.5500
2026-06-24 17:24:09,689 - INFO - Best instance 0.7375, class 0.7375 (epoch 46)
Best instance 0.7375, class 0.7375 (epoch 46)
2026-06-24 17:24:09,707 - INFO - Epoch 96/200:
Epoch 96/200:
2026-06-24 17:24:12,514 - INFO - Train loss: 0.0126 (2.8s)
Train loss: 0.0126 (2.8s)
2026-06-24 17:24:12,781 - INFO - Test instance 0.6375, class 0.6375
Test instance 0.6375, class 0.6375
2026-06-24 17:24:12,781 - INFO - Best instance 0.7375, class 0.7375 (epoch 46)
Best instance 0.7375, class 0.7375 (epoch 46)
2026-06-24 17:24:12,798 - INFO - Epoch 97/200:
Epoch 97/200:
2026-06-24 17:24:16,247 - INFO - Train loss: 0.0126 (3.4s)
Train loss: 0.0126 (3.4s)
2026-06-24 17:24:16,511 - INFO - Test instance 0.6625, class 0.6625
Test instance 0.6625, class 0.6625
2026-06-24 17:24:16,511 - INFO - Best instance 0.7375, class 0.7375 (epoch 46)
Best instance 0.7375, class 0.7375 (epoch 46)
2026-06-24 17:24:16,529 - INFO - Epoch 98/200:
Epoch 98/200:
2026-06-24 17:24:20,032 - INFO - Train loss: 0.0130 (3.5s)
Train loss: 0.0130 (3.5s)
2026-06-24 17:24:20,300 - INFO - Test instance 0.7000, class 0.7000
Test instance 0.7000, class 0.7000
2026-06-24 17:24:20,300 - INFO - Best instance 0.7375, class 0.7375 (epoch 46)
Best instance 0.7375, class 0.7375 (epoch 46)
2026-06-24 17:24:20,317 - INFO - Epoch 99/200:
Epoch 99/200:
2026-06-24 17:24:23,118 - INFO - Train loss: 0.0134 (2.8s)
Train loss: 0.0134 (2.8s)
2026-06-24 17:24:23,392 - INFO - Test instance 0.6500, class 0.6500
Test instance 0.6500, class 0.6500
2026-06-24 17:24:23,393 - INFO - Best instance 0.7375, class 0.7375 (epoch 46)
Best instance 0.7375, class 0.7375 (epoch 46)
2026-06-24 17:24:23,411 - INFO - Epoch 100/200:
Epoch 100/200:
2026-06-24 17:24:26,266 - INFO - Train loss: 0.0146 (2.9s)
Train loss: 0.0146 (2.9s)
2026-06-24 17:24:26,525 - INFO - Test instance 0.6375, class 0.6375
Test instance 0.6375, class 0.6375
2026-06-24 17:24:26,526 - INFO - Best instance 0.7375, class 0.7375 (epoch 46)
Best instance 0.7375, class 0.7375 (epoch 46)
2026-06-24 17:24:26,546 - INFO - Epoch 101/200:
Epoch 101/200:
2026-06-24 17:24:29,326 - INFO - Train loss: 0.0135 (2.8s)
Train loss: 0.0135 (2.8s)
2026-06-24 17:24:29,592 - INFO - Test instance 0.5875, class 0.5875
Test instance 0.5875, class 0.5875
2026-06-24 17:24:29,592 - INFO - Best instance 0.7375, class 0.7375 (epoch 46)
Best instance 0.7375, class 0.7375 (epoch 46)
2026-06-24 17:24:29,610 - INFO - Epoch 102/200:
Epoch 102/200:
2026-06-24 17:24:32,386 - INFO - Train loss: 0.0130 (2.8s)
Train loss: 0.0130 (2.8s)
2026-06-24 17:24:32,735 - INFO - Test instance 0.6750, class 0.6750
Test instance 0.6750, class 0.6750
2026-06-24 17:24:32,735 - INFO - Best instance 0.7375, class 0.7375 (epoch 46)
Best instance 0.7375, class 0.7375 (epoch 46)
2026-06-24 17:24:32,758 - INFO - Epoch 103/200:
Epoch 103/200:
2026-06-24 17:24:35,543 - INFO - Train loss: 0.0123 (2.8s)
Train loss: 0.0123 (2.8s)
2026-06-24 17:24:35,814 - INFO - Test instance 0.6625, class 0.6625
Test instance 0.6625, class 0.6625
2026-06-24 17:24:35,814 - INFO - Best instance 0.7375, class 0.7375 (epoch 46)
Best instance 0.7375, class 0.7375 (epoch 46)
2026-06-24 17:24:35,831 - INFO - Epoch 104/200:
Epoch 104/200:
2026-06-24 17:24:38,638 - INFO - Train loss: 0.0125 (2.8s)
Train loss: 0.0125 (2.8s)
2026-06-24 17:24:38,902 - INFO - Test instance 0.6750, class 0.6750
Test instance 0.6750, class 0.6750
2026-06-24 17:24:38,902 - INFO - Best instance 0.7375, class 0.7375 (epoch 46)
Best instance 0.7375, class 0.7375 (epoch 46)
2026-06-24 17:24:38,921 - INFO - Epoch 105/200:
Epoch 105/200:
2026-06-24 17:24:42,423 - INFO - Train loss: 0.0118 (3.5s)
Train loss: 0.0118 (3.5s)
2026-06-24 17:24:42,682 - INFO - Test instance 0.6250, class 0.6250
Test instance 0.6250, class 0.6250
2026-06-24 17:24:42,682 - INFO - Best instance 0.7375, class 0.7375 (epoch 46)
Best instance 0.7375, class 0.7375 (epoch 46)
2026-06-24 17:24:42,699 - INFO - Epoch 106/200:
Epoch 106/200:
2026-06-24 17:24:45,492 - INFO - Train loss: 0.0132 (2.8s)
Train loss: 0.0132 (2.8s)
2026-06-24 17:24:45,759 - INFO - Test instance 0.5750, class 0.5750
Test instance 0.5750, class 0.5750
2026-06-24 17:24:45,759 - INFO - Best instance 0.7375, class 0.7375 (epoch 46)
Best instance 0.7375, class 0.7375 (epoch 46)
2026-06-24 17:24:45,776 - INFO - Epoch 107/200:
Epoch 107/200:
2026-06-24 17:24:48,558 - INFO - Train loss: 0.0122 (2.8s)
Train loss: 0.0122 (2.8s)
2026-06-24 17:24:48,812 - INFO - Test instance 0.6250, class 0.6250
Test instance 0.6250, class 0.6250
2026-06-24 17:24:48,813 - INFO - Best instance 0.7375, class 0.7375 (epoch 46)
Best instance 0.7375, class 0.7375 (epoch 46)
2026-06-24 17:24:48,830 - INFO - Epoch 108/200:
Epoch 108/200:
2026-06-24 17:24:51,615 - INFO - Train loss: 0.0136 (2.8s)
Train loss: 0.0136 (2.8s)
2026-06-24 17:24:51,878 - INFO - Test instance 0.6375, class 0.6375
Test instance 0.6375, class 0.6375
2026-06-24 17:24:51,878 - INFO - Best instance 0.7375, class 0.7375 (epoch 46)
Best instance 0.7375, class 0.7375 (epoch 46)
2026-06-24 17:24:51,896 - INFO - Epoch 109/200:
Epoch 109/200:
2026-06-24 17:24:54,732 - INFO - Train loss: 0.0135 (2.8s)
Train loss: 0.0135 (2.8s)
2026-06-24 17:24:54,985 - INFO - Test instance 0.6375, class 0.6375
Test instance 0.6375, class 0.6375
2026-06-24 17:24:54,986 - INFO - Best instance 0.7375, class 0.7375 (epoch 46)
Best instance 0.7375, class 0.7375 (epoch 46)
2026-06-24 17:24:55,005 - INFO - Epoch 110/200:
Epoch 110/200:
2026-06-24 17:24:58,495 - INFO - Train loss: 0.0127 (3.5s)
Train loss: 0.0127 (3.5s)
2026-06-24 17:24:58,763 - INFO - Test instance 0.5500, class 0.5500
Test instance 0.5500, class 0.5500
2026-06-24 17:24:58,763 - INFO - Best instance 0.7375, class 0.7375 (epoch 46)
Best instance 0.7375, class 0.7375 (epoch 46)
2026-06-24 17:24:58,782 - INFO - Epoch 111/200:
Epoch 111/200:
2026-06-24 17:25:01,544 - INFO - Train loss: 0.0110 (2.8s)
Train loss: 0.0110 (2.8s)
2026-06-24 17:25:01,825 - INFO - Test instance 0.6375, class 0.6375
Test instance 0.6375, class 0.6375
2026-06-24 17:25:01,826 - INFO - Best instance 0.7375, class 0.7375 (epoch 46)
Best instance 0.7375, class 0.7375 (epoch 46)
2026-06-24 17:25:01,845 - INFO - Epoch 112/200:
Epoch 112/200:
2026-06-24 17:25:04,653 - INFO - Train loss: 0.0133 (2.8s)
Train loss: 0.0133 (2.8s)
2026-06-24 17:25:04,910 - INFO - Test instance 0.6125, class 0.6125
Test instance 0.6125, class 0.6125
2026-06-24 17:25:04,911 - INFO - Best instance 0.7375, class 0.7375 (epoch 46)
Best instance 0.7375, class 0.7375 (epoch 46)
2026-06-24 17:25:04,930 - INFO - Epoch 113/200:
Epoch 113/200:
2026-06-24 17:25:07,729 - INFO - Train loss: 0.0125 (2.8s)
Train loss: 0.0125 (2.8s)
2026-06-24 17:25:07,984 - INFO - Test instance 0.6250, class 0.6250
Test instance 0.6250, class 0.6250
2026-06-24 17:25:07,984 - INFO - Best instance 0.7375, class 0.7375 (epoch 46)
Best instance 0.7375, class 0.7375 (epoch 46)
2026-06-24 17:25:08,003 - INFO - Epoch 114/200:
Epoch 114/200:
2026-06-24 17:25:10,798 - INFO - Train loss: 0.0122 (2.8s)
Train loss: 0.0122 (2.8s)
2026-06-24 17:25:11,063 - INFO - Test instance 0.6000, class 0.6000
Test instance 0.6000, class 0.6000
2026-06-24 17:25:11,064 - INFO - Best instance 0.7375, class 0.7375 (epoch 46)
Best instance 0.7375, class 0.7375 (epoch 46)
2026-06-24 17:25:11,082 - INFO - Epoch 115/200:
Epoch 115/200:
2026-06-24 17:25:13,868 - INFO - Train loss: 0.0123 (2.8s)
Train loss: 0.0123 (2.8s)
2026-06-24 17:25:14,131 - INFO - Test instance 0.6250, class 0.6250
Test instance 0.6250, class 0.6250
2026-06-24 17:25:14,131 - INFO - Best instance 0.7375, class 0.7375 (epoch 46)
Best instance 0.7375, class 0.7375 (epoch 46)
2026-06-24 17:25:14,150 - INFO - Epoch 116/200:
Epoch 116/200:
2026-06-24 17:25:16,942 - INFO - Train loss: 0.0119 (2.8s)
Train loss: 0.0119 (2.8s)
2026-06-24 17:25:17,215 - INFO - Test instance 0.6375, class 0.6375
Test instance 0.6375, class 0.6375
2026-06-24 17:25:17,215 - INFO - Best instance 0.7375, class 0.7375 (epoch 46)
Best instance 0.7375, class 0.7375 (epoch 46)
2026-06-24 17:25:17,237 - INFO - Epoch 117/200:
Epoch 117/200:
2026-06-24 17:25:19,995 - INFO - Train loss: 0.0119 (2.8s)
Train loss: 0.0119 (2.8s)
2026-06-24 17:25:20,254 - INFO - Test instance 0.6250, class 0.6250
Test instance 0.6250, class 0.6250
2026-06-24 17:25:20,255 - INFO - Best instance 0.7375, class 0.7375 (epoch 46)
Best instance 0.7375, class 0.7375 (epoch 46)
2026-06-24 17:25:20,272 - INFO - Epoch 118/200:
Epoch 118/200:
2026-06-24 17:25:23,008 - INFO - Train loss: 0.0124 (2.7s)
Train loss: 0.0124 (2.7s)
2026-06-24 17:25:23,275 - INFO - Test instance 0.7000, class 0.7000
Test instance 0.7000, class 0.7000
2026-06-24 17:25:23,276 - INFO - Best instance 0.7375, class 0.7375 (epoch 46)
Best instance 0.7375, class 0.7375 (epoch 46)
2026-06-24 17:25:23,294 - INFO - Epoch 119/200:
Epoch 119/200:
2026-06-24 17:25:26,097 - INFO - Train loss: 0.0123 (2.8s)
Train loss: 0.0123 (2.8s)
2026-06-24 17:25:26,368 - INFO - Test instance 0.5750, class 0.5750
Test instance 0.5750, class 0.5750
2026-06-24 17:25:26,369 - INFO - Best instance 0.7375, class 0.7375 (epoch 46)
Best instance 0.7375, class 0.7375 (epoch 46)
2026-06-24 17:25:26,387 - INFO - Epoch 120/200:
Epoch 120/200:
2026-06-24 17:25:29,188 - INFO - Train loss: 0.0132 (2.8s)
Train loss: 0.0132 (2.8s)
2026-06-24 17:25:29,455 - INFO - Test instance 0.6000, class 0.6000
Test instance 0.6000, class 0.6000
2026-06-24 17:25:29,456 - INFO - Best instance 0.7375, class 0.7375 (epoch 46)
Best instance 0.7375, class 0.7375 (epoch 46)
2026-06-24 17:25:29,481 - INFO - Epoch 121/200:
Epoch 121/200:
2026-06-24 17:25:32,269 - INFO - Train loss: 0.0116 (2.8s)
Train loss: 0.0116 (2.8s)
2026-06-24 17:25:32,534 - INFO - Test instance 0.5500, class 0.5500
Test instance 0.5500, class 0.5500
2026-06-24 17:25:32,534 - INFO - Best instance 0.7375, class 0.7375 (epoch 46)
Best instance 0.7375, class 0.7375 (epoch 46)
2026-06-24 17:25:32,551 - INFO - Epoch 122/200:
Epoch 122/200:
2026-06-24 17:25:36,062 - INFO - Train loss: 0.0122 (3.5s)
Train loss: 0.0122 (3.5s)
2026-06-24 17:25:36,333 - INFO - Test instance 0.5625, class 0.5625
Test instance 0.5625, class 0.5625
2026-06-24 17:25:36,334 - INFO - Best instance 0.7375, class 0.7375 (epoch 46)
Best instance 0.7375, class 0.7375 (epoch 46)
2026-06-24 17:25:36,353 - INFO - Epoch 123/200:
Epoch 123/200:
2026-06-24 17:25:39,143 - INFO - Train loss: 0.0111 (2.8s)
Train loss: 0.0111 (2.8s)
2026-06-24 17:25:39,406 - INFO - Test instance 0.6375, class 0.6375
Test instance 0.6375, class 0.6375
2026-06-24 17:25:39,406 - INFO - Best instance 0.7375, class 0.7375 (epoch 46)
Best instance 0.7375, class 0.7375 (epoch 46)
2026-06-24 17:25:39,425 - INFO - Epoch 124/200:
Epoch 124/200:
2026-06-24 17:25:42,163 - INFO - Train loss: 0.0109 (2.7s)
Train loss: 0.0109 (2.7s)
2026-06-24 17:25:42,432 - INFO - Test instance 0.6250, class 0.6250
Test instance 0.6250, class 0.6250
2026-06-24 17:25:42,433 - INFO - Best instance 0.7375, class 0.7375 (epoch 46)
Best instance 0.7375, class 0.7375 (epoch 46)
2026-06-24 17:25:42,452 - INFO - Epoch 125/200:
Epoch 125/200:
2026-06-24 17:25:45,232 - INFO - Train loss: 0.0120 (2.8s)
Train loss: 0.0120 (2.8s)
2026-06-24 17:25:45,507 - INFO - Test instance 0.6125, class 0.6125
Test instance 0.6125, class 0.6125
2026-06-24 17:25:45,507 - INFO - Best instance 0.7375, class 0.7375 (epoch 46)
Best instance 0.7375, class 0.7375 (epoch 46)
2026-06-24 17:25:45,525 - INFO - Epoch 126/200:
Epoch 126/200:
2026-06-24 17:25:48,315 - INFO - Train loss: 0.0134 (2.8s)
Train loss: 0.0134 (2.8s)
2026-06-24 17:25:48,588 - INFO - Test instance 0.5625, class 0.5625
Test instance 0.5625, class 0.5625
2026-06-24 17:25:48,588 - INFO - Best instance 0.7375, class 0.7375 (epoch 46)
Best instance 0.7375, class 0.7375 (epoch 46)
2026-06-24 17:25:48,607 - INFO - Epoch 127/200:
Epoch 127/200:
2026-06-24 17:25:51,377 - INFO - Train loss: 0.0134 (2.8s)
Train loss: 0.0134 (2.8s)
2026-06-24 17:25:51,634 - INFO - Test instance 0.5625, class 0.5625
Test instance 0.5625, class 0.5625
2026-06-24 17:25:51,634 - INFO - Best instance 0.7375, class 0.7375 (epoch 46)
Best instance 0.7375, class 0.7375 (epoch 46)
2026-06-24 17:25:51,652 - INFO - Epoch 128/200:
Epoch 128/200:
2026-06-24 17:25:54,463 - INFO - Train loss: 0.0114 (2.8s)
Train loss: 0.0114 (2.8s)
2026-06-24 17:25:54,716 - INFO - Test instance 0.6250, class 0.6250
Test instance 0.6250, class 0.6250
2026-06-24 17:25:54,716 - INFO - Best instance 0.7375, class 0.7375 (epoch 46)
Best instance 0.7375, class 0.7375 (epoch 46)
2026-06-24 17:25:54,735 - INFO - Epoch 129/200:
Epoch 129/200:
2026-06-24 17:25:57,500 - INFO - Train loss: 0.0105 (2.8s)
Train loss: 0.0105 (2.8s)
2026-06-24 17:25:57,766 - INFO - Test instance 0.6000, class 0.6000
Test instance 0.6000, class 0.6000
2026-06-24 17:25:57,767 - INFO - Best instance 0.7375, class 0.7375 (epoch 46)
Best instance 0.7375, class 0.7375 (epoch 46)
2026-06-24 17:25:57,785 - INFO - Epoch 130/200:
Epoch 130/200:
2026-06-24 17:26:00,586 - INFO - Train loss: 0.0121 (2.8s)
Train loss: 0.0121 (2.8s)
2026-06-24 17:26:00,855 - INFO - Test instance 0.6375, class 0.6375
Test instance 0.6375, class 0.6375
2026-06-24 17:26:00,855 - INFO - Best instance 0.7375, class 0.7375 (epoch 46)
Best instance 0.7375, class 0.7375 (epoch 46)
2026-06-24 17:26:00,874 - INFO - Epoch 131/200:
Epoch 131/200:
2026-06-24 17:26:03,736 - INFO - Train loss: 0.0117 (2.9s)
Train loss: 0.0117 (2.9s)
2026-06-24 17:26:03,999 - INFO - Test instance 0.5875, class 0.5875
Test instance 0.5875, class 0.5875
2026-06-24 17:26:03,999 - INFO - Best instance 0.7375, class 0.7375 (epoch 46)
Best instance 0.7375, class 0.7375 (epoch 46)
2026-06-24 17:26:04,019 - INFO - Epoch 132/200:
Epoch 132/200:
2026-06-24 17:26:06,832 - INFO - Train loss: 0.0131 (2.8s)
Train loss: 0.0131 (2.8s)
2026-06-24 17:26:07,090 - INFO - Test instance 0.6125, class 0.6125
Test instance 0.6125, class 0.6125
2026-06-24 17:26:07,090 - INFO - Best instance 0.7375, class 0.7375 (epoch 46)
Best instance 0.7375, class 0.7375 (epoch 46)
2026-06-24 17:26:07,110 - INFO - Epoch 133/200:
Epoch 133/200:
2026-06-24 17:26:10,622 - INFO - Train loss: 0.0133 (3.5s)
Train loss: 0.0133 (3.5s)
2026-06-24 17:26:10,896 - INFO - Test instance 0.6250, class 0.6250
Test instance 0.6250, class 0.6250
2026-06-24 17:26:10,897 - INFO - Best instance 0.7375, class 0.7375 (epoch 46)
Best instance 0.7375, class 0.7375 (epoch 46)
2026-06-24 17:26:10,924 - INFO - Epoch 134/200:
Epoch 134/200:
2026-06-24 17:26:13,717 - INFO - Train loss: 0.0118 (2.8s)
Train loss: 0.0118 (2.8s)
2026-06-24 17:26:13,991 - INFO - Test instance 0.5750, class 0.5750
Test instance 0.5750, class 0.5750
2026-06-24 17:26:13,992 - INFO - Best instance 0.7375, class 0.7375 (epoch 46)
Best instance 0.7375, class 0.7375 (epoch 46)
2026-06-24 17:26:14,010 - INFO - Epoch 135/200:
Epoch 135/200:
2026-06-24 17:26:16,804 - INFO - Train loss: 0.0109 (2.8s)
Train loss: 0.0109 (2.8s)
2026-06-24 17:26:17,061 - INFO - Test instance 0.6375, class 0.6375
Test instance 0.6375, class 0.6375
2026-06-24 17:26:17,062 - INFO - Best instance 0.7375, class 0.7375 (epoch 46)
Best instance 0.7375, class 0.7375 (epoch 46)
2026-06-24 17:26:17,080 - INFO - Epoch 136/200:
Epoch 136/200:
2026-06-24 17:26:19,903 - INFO - Train loss: 0.0129 (2.8s)
Train loss: 0.0129 (2.8s)
2026-06-24 17:26:20,173 - INFO - Test instance 0.6875, class 0.6875
Test instance 0.6875, class 0.6875
2026-06-24 17:26:20,173 - INFO - Best instance 0.7375, class 0.7375 (epoch 46)
Best instance 0.7375, class 0.7375 (epoch 46)
2026-06-24 17:26:20,194 - INFO - Epoch 137/200:
Epoch 137/200:
2026-06-24 17:26:23,003 - INFO - Train loss: 0.0124 (2.8s)
Train loss: 0.0124 (2.8s)
2026-06-24 17:26:23,261 - INFO - Test instance 0.6625, class 0.6625
Test instance 0.6625, class 0.6625
2026-06-24 17:26:23,261 - INFO - Best instance 0.7375, class 0.7375 (epoch 46)
Best instance 0.7375, class 0.7375 (epoch 46)
2026-06-24 17:26:23,280 - INFO - Epoch 138/200:
Epoch 138/200:
2026-06-24 17:26:26,092 - INFO - Train loss: 0.0118 (2.8s)
Train loss: 0.0118 (2.8s)
2026-06-24 17:26:26,350 - INFO - Test instance 0.6625, class 0.6625
Test instance 0.6625, class 0.6625
2026-06-24 17:26:26,350 - INFO - Best instance 0.7375, class 0.7375 (epoch 46)
Best instance 0.7375, class 0.7375 (epoch 46)
2026-06-24 17:26:26,368 - INFO - Epoch 139/200:
Epoch 139/200:
2026-06-24 17:26:29,877 - INFO - Train loss: 0.0118 (3.5s)
Train loss: 0.0118 (3.5s)
2026-06-24 17:26:30,142 - INFO - Test instance 0.6250, class 0.6250
Test instance 0.6250, class 0.6250
2026-06-24 17:26:30,142 - INFO - Best instance 0.7375, class 0.7375 (epoch 46)
Best instance 0.7375, class 0.7375 (epoch 46)
2026-06-24 17:26:30,161 - INFO - Epoch 140/200:
Epoch 140/200:
2026-06-24 17:26:32,953 - INFO - Train loss: 0.0119 (2.8s)
Train loss: 0.0119 (2.8s)
2026-06-24 17:26:33,222 - INFO - Test instance 0.6250, class 0.6250
Test instance 0.6250, class 0.6250
2026-06-24 17:26:33,223 - INFO - Best instance 0.7375, class 0.7375 (epoch 46)
Best instance 0.7375, class 0.7375 (epoch 46)
2026-06-24 17:26:33,240 - INFO - Epoch 141/200:
Epoch 141/200:
2026-06-24 17:26:36,063 - INFO - Train loss: 0.0119 (2.8s)
Train loss: 0.0119 (2.8s)
2026-06-24 17:26:36,328 - INFO - Test instance 0.6125, class 0.6125
Test instance 0.6125, class 0.6125
2026-06-24 17:26:36,328 - INFO - Best instance 0.7375, class 0.7375 (epoch 46)
Best instance 0.7375, class 0.7375 (epoch 46)
2026-06-24 17:26:36,347 - INFO - Epoch 142/200:
Epoch 142/200:
2026-06-24 17:26:39,192 - INFO - Train loss: 0.0124 (2.8s)
Train loss: 0.0124 (2.8s)
2026-06-24 17:26:39,469 - INFO - Test instance 0.6375, class 0.6375
Test instance 0.6375, class 0.6375
2026-06-24 17:26:39,469 - INFO - Best instance 0.7375, class 0.7375 (epoch 46)
Best instance 0.7375, class 0.7375 (epoch 46)
2026-06-24 17:26:39,488 - INFO - Epoch 143/200:
Epoch 143/200:
2026-06-24 17:26:42,373 - INFO - Train loss: 0.0115 (2.9s)
Train loss: 0.0115 (2.9s)
2026-06-24 17:26:42,641 - INFO - Test instance 0.6250, class 0.6250
Test instance 0.6250, class 0.6250
2026-06-24 17:26:42,642 - INFO - Best instance 0.7375, class 0.7375 (epoch 46)
Best instance 0.7375, class 0.7375 (epoch 46)
2026-06-24 17:26:42,659 - INFO - Epoch 144/200:
Epoch 144/200:
2026-06-24 17:26:45,573 - INFO - Train loss: 0.0122 (2.9s)
Train loss: 0.0122 (2.9s)
2026-06-24 17:26:45,847 - INFO - Test instance 0.6375, class 0.6375
Test instance 0.6375, class 0.6375
2026-06-24 17:26:45,847 - INFO - Best instance 0.7375, class 0.7375 (epoch 46)
Best instance 0.7375, class 0.7375 (epoch 46)
2026-06-24 17:26:45,867 - INFO - Epoch 145/200:
Epoch 145/200:
2026-06-24 17:26:48,832 - INFO - Train loss: 0.0135 (3.0s)
Train loss: 0.0135 (3.0s)
2026-06-24 17:26:49,108 - INFO - Test instance 0.6000, class 0.6000
Test instance 0.6000, class 0.6000
2026-06-24 17:26:49,108 - INFO - Best instance 0.7375, class 0.7375 (epoch 46)
Best instance 0.7375, class 0.7375 (epoch 46)
2026-06-24 17:26:49,128 - INFO - Epoch 146/200:
Epoch 146/200:
2026-06-24 17:26:51,999 - INFO - Train loss: 0.0127 (2.9s)
Train loss: 0.0127 (2.9s)
2026-06-24 17:26:52,264 - INFO - Test instance 0.6000, class 0.6000
Test instance 0.6000, class 0.6000
2026-06-24 17:26:52,265 - INFO - Best instance 0.7375, class 0.7375 (epoch 46)
Best instance 0.7375, class 0.7375 (epoch 46)
2026-06-24 17:26:52,285 - INFO - Epoch 147/200:
Epoch 147/200:
2026-06-24 17:26:55,172 - INFO - Train loss: 0.0134 (2.9s)
Train loss: 0.0134 (2.9s)
2026-06-24 17:26:55,446 - INFO - Test instance 0.5875, class 0.5875
Test instance 0.5875, class 0.5875
2026-06-24 17:26:55,446 - INFO - Best instance 0.7375, class 0.7375 (epoch 46)
Best instance 0.7375, class 0.7375 (epoch 46)
2026-06-24 17:26:55,467 - INFO - Epoch 148/200:
Epoch 148/200:
2026-06-24 17:26:58,335 - INFO - Train loss: 0.0116 (2.9s)
Train loss: 0.0116 (2.9s)
2026-06-24 17:26:58,616 - INFO - Test instance 0.5875, class 0.5875
Test instance 0.5875, class 0.5875
2026-06-24 17:26:58,617 - INFO - Best instance 0.7375, class 0.7375 (epoch 46)
Best instance 0.7375, class 0.7375 (epoch 46)
2026-06-24 17:26:58,636 - INFO - Epoch 149/200:
Epoch 149/200:
2026-06-24 17:27:01,499 - INFO - Train loss: 0.0127 (2.9s)
Train loss: 0.0127 (2.9s)
2026-06-24 17:27:01,790 - INFO - Test instance 0.6250, class 0.6250
Test instance 0.6250, class 0.6250
2026-06-24 17:27:01,790 - INFO - Best instance 0.7375, class 0.7375 (epoch 46)
Best instance 0.7375, class 0.7375 (epoch 46)
2026-06-24 17:27:01,809 - INFO - Epoch 150/200:
Epoch 150/200:
2026-06-24 17:27:04,651 - INFO - Train loss: 0.0125 (2.8s)
Train loss: 0.0125 (2.8s)
2026-06-24 17:27:04,920 - INFO - Test instance 0.6000, class 0.6000
Test instance 0.6000, class 0.6000
2026-06-24 17:27:04,920 - INFO - Best instance 0.7375, class 0.7375 (epoch 46)
Best instance 0.7375, class 0.7375 (epoch 46)
2026-06-24 17:27:04,939 - INFO - Epoch 151/200:
Epoch 151/200:
2026-06-24 17:27:07,765 - INFO - Train loss: 0.0127 (2.8s)
Train loss: 0.0127 (2.8s)
2026-06-24 17:27:08,032 - INFO - Test instance 0.6375, class 0.6375
Test instance 0.6375, class 0.6375
2026-06-24 17:27:08,033 - INFO - Best instance 0.7375, class 0.7375 (epoch 46)
Best instance 0.7375, class 0.7375 (epoch 46)
2026-06-24 17:27:08,051 - INFO - Epoch 152/200:
Epoch 152/200:
2026-06-24 17:27:10,862 - INFO - Train loss: 0.0116 (2.8s)
Train loss: 0.0116 (2.8s)
2026-06-24 17:27:11,132 - INFO - Test instance 0.5750, class 0.5750
Test instance 0.5750, class 0.5750
2026-06-24 17:27:11,132 - INFO - Best instance 0.7375, class 0.7375 (epoch 46)
Best instance 0.7375, class 0.7375 (epoch 46)
2026-06-24 17:27:11,151 - INFO - Epoch 153/200:
Epoch 153/200:
2026-06-24 17:27:13,993 - INFO - Train loss: 0.0118 (2.8s)
Train loss: 0.0118 (2.8s)
2026-06-24 17:27:14,252 - INFO - Test instance 0.5250, class 0.5250
Test instance 0.5250, class 0.5250
2026-06-24 17:27:14,252 - INFO - Best instance 0.7375, class 0.7375 (epoch 46)
Best instance 0.7375, class 0.7375 (epoch 46)
2026-06-24 17:27:14,272 - INFO - Epoch 154/200:
Epoch 154/200:
2026-06-24 17:27:17,097 - INFO - Train loss: 0.0132 (2.8s)
Train loss: 0.0132 (2.8s)
2026-06-24 17:27:17,357 - INFO - Test instance 0.6250, class 0.6250
Test instance 0.6250, class 0.6250
2026-06-24 17:27:17,357 - INFO - Best instance 0.7375, class 0.7375 (epoch 46)
Best instance 0.7375, class 0.7375 (epoch 46)
2026-06-24 17:27:17,376 - INFO - Epoch 155/200:
Epoch 155/200:
2026-06-24 17:27:20,169 - INFO - Train loss: 0.0123 (2.8s)
Train loss: 0.0123 (2.8s)
2026-06-24 17:27:20,432 - INFO - Test instance 0.5750, class 0.5750
Test instance 0.5750, class 0.5750
2026-06-24 17:27:20,432 - INFO - Best instance 0.7375, class 0.7375 (epoch 46)
Best instance 0.7375, class 0.7375 (epoch 46)
2026-06-24 17:27:20,450 - INFO - Epoch 156/200:
Epoch 156/200:
2026-06-24 17:27:23,193 - INFO - Train loss: 0.0123 (2.7s)
Train loss: 0.0123 (2.7s)
2026-06-24 17:27:23,466 - INFO - Test instance 0.5875, class 0.5875
Test instance 0.5875, class 0.5875
2026-06-24 17:27:23,467 - INFO - Best instance 0.7375, class 0.7375 (epoch 46)
Best instance 0.7375, class 0.7375 (epoch 46)
2026-06-24 17:27:23,487 - INFO - Epoch 157/200:
Epoch 157/200:
2026-06-24 17:27:26,269 - INFO - Train loss: 0.0121 (2.8s)
Train loss: 0.0121 (2.8s)
2026-06-24 17:27:26,526 - INFO - Test instance 0.6125, class 0.6125
Test instance 0.6125, class 0.6125
2026-06-24 17:27:26,526 - INFO - Best instance 0.7375, class 0.7375 (epoch 46)
Best instance 0.7375, class 0.7375 (epoch 46)
2026-06-24 17:27:26,544 - INFO - Epoch 158/200:
Epoch 158/200:
2026-06-24 17:27:29,329 - INFO - Train loss: 0.0139 (2.8s)
Train loss: 0.0139 (2.8s)
2026-06-24 17:27:29,590 - INFO - Test instance 0.6250, class 0.6250
Test instance 0.6250, class 0.6250
2026-06-24 17:27:29,591 - INFO - Best instance 0.7375, class 0.7375 (epoch 46)
Best instance 0.7375, class 0.7375 (epoch 46)
2026-06-24 17:27:29,610 - INFO - Epoch 159/200:
Epoch 159/200:
2026-06-24 17:27:32,384 - INFO - Train loss: 0.0114 (2.8s)
Train loss: 0.0114 (2.8s)
2026-06-24 17:27:32,649 - INFO - Test instance 0.7250, class 0.7250
Test instance 0.7250, class 0.7250
2026-06-24 17:27:32,649 - INFO - Best instance 0.7375, class 0.7375 (epoch 46)
Best instance 0.7375, class 0.7375 (epoch 46)
2026-06-24 17:27:32,668 - INFO - Epoch 160/200:
Epoch 160/200:
2026-06-24 17:27:35,467 - INFO - Train loss: 0.0109 (2.8s)
Train loss: 0.0109 (2.8s)
2026-06-24 17:27:35,739 - INFO - Test instance 0.6750, class 0.6750
Test instance 0.6750, class 0.6750
2026-06-24 17:27:35,739 - INFO - Best instance 0.7375, class 0.7375 (epoch 46)
Best instance 0.7375, class 0.7375 (epoch 46)
2026-06-24 17:27:35,759 - INFO - Epoch 161/200:
Epoch 161/200:
2026-06-24 17:27:38,573 - INFO - Train loss: 0.0121 (2.8s)
Train loss: 0.0121 (2.8s)
2026-06-24 17:27:38,849 - INFO - Test instance 0.6500, class 0.6500
Test instance 0.6500, class 0.6500
2026-06-24 17:27:38,849 - INFO - Best instance 0.7375, class 0.7375 (epoch 46)
Best instance 0.7375, class 0.7375 (epoch 46)
2026-06-24 17:27:38,868 - INFO - Epoch 162/200:
Epoch 162/200:
2026-06-24 17:27:41,674 - INFO - Train loss: 0.0121 (2.8s)
Train loss: 0.0121 (2.8s)
2026-06-24 17:27:41,932 - INFO - Test instance 0.6625, class 0.6625
Test instance 0.6625, class 0.6625
2026-06-24 17:27:41,932 - INFO - Best instance 0.7375, class 0.7375 (epoch 46)
Best instance 0.7375, class 0.7375 (epoch 46)
2026-06-24 17:27:41,950 - INFO - Epoch 163/200:
Epoch 163/200:
2026-06-24 17:27:44,756 - INFO - Train loss: 0.0124 (2.8s)
Train loss: 0.0124 (2.8s)
2026-06-24 17:27:45,017 - INFO - Test instance 0.6500, class 0.6500
Test instance 0.6500, class 0.6500
2026-06-24 17:27:45,018 - INFO - Best instance 0.7375, class 0.7375 (epoch 46)
Best instance 0.7375, class 0.7375 (epoch 46)
2026-06-24 17:27:45,041 - INFO - Epoch 164/200:
Epoch 164/200:
2026-06-24 17:27:47,865 - INFO - Train loss: 0.0135 (2.8s)
Train loss: 0.0135 (2.8s)
2026-06-24 17:27:48,139 - INFO - Test instance 0.6250, class 0.6250
Test instance 0.6250, class 0.6250
2026-06-24 17:27:48,139 - INFO - Best instance 0.7375, class 0.7375 (epoch 46)
Best instance 0.7375, class 0.7375 (epoch 46)
2026-06-24 17:27:48,158 - INFO - Epoch 165/200:
Epoch 165/200:
2026-06-24 17:27:51,647 - INFO - Train loss: 0.0129 (3.5s)
Train loss: 0.0129 (3.5s)
2026-06-24 17:27:51,978 - INFO - Test instance 0.6375, class 0.6375
Test instance 0.6375, class 0.6375
2026-06-24 17:27:51,978 - INFO - Best instance 0.7375, class 0.7375 (epoch 46)
Best instance 0.7375, class 0.7375 (epoch 46)
2026-06-24 17:27:51,998 - INFO - Epoch 166/200:
Epoch 166/200:
2026-06-24 17:27:54,793 - INFO - Train loss: 0.0111 (2.8s)
Train loss: 0.0111 (2.8s)
2026-06-24 17:27:55,131 - INFO - Test instance 0.6750, class 0.6750
Test instance 0.6750, class 0.6750
2026-06-24 17:27:55,132 - INFO - Best instance 0.7375, class 0.7375 (epoch 46)
Best instance 0.7375, class 0.7375 (epoch 46)
2026-06-24 17:27:55,152 - INFO - Epoch 167/200:
Epoch 167/200:
2026-06-24 17:27:58,653 - INFO - Train loss: 0.0117 (3.5s)
Train loss: 0.0117 (3.5s)
2026-06-24 17:27:58,926 - INFO - Test instance 0.6250, class 0.6250
Test instance 0.6250, class 0.6250
2026-06-24 17:27:58,927 - INFO - Best instance 0.7375, class 0.7375 (epoch 46)
Best instance 0.7375, class 0.7375 (epoch 46)
2026-06-24 17:27:58,945 - INFO - Epoch 168/200:
Epoch 168/200:
2026-06-24 17:28:01,753 - INFO - Train loss: 0.0130 (2.8s)
Train loss: 0.0130 (2.8s)
2026-06-24 17:28:02,030 - INFO - Test instance 0.5875, class 0.5875
Test instance 0.5875, class 0.5875
2026-06-24 17:28:02,031 - INFO - Best instance 0.7375, class 0.7375 (epoch 46)
Best instance 0.7375, class 0.7375 (epoch 46)
2026-06-24 17:28:02,051 - INFO - Epoch 169/200:
Epoch 169/200:
2026-06-24 17:28:04,832 - INFO - Train loss: 0.0127 (2.8s)
Train loss: 0.0127 (2.8s)
2026-06-24 17:28:05,097 - INFO - Test instance 0.6500, class 0.6500
Test instance 0.6500, class 0.6500
2026-06-24 17:28:05,097 - INFO - Best instance 0.7375, class 0.7375 (epoch 46)
Best instance 0.7375, class 0.7375 (epoch 46)
2026-06-24 17:28:05,117 - INFO - Epoch 170/200:
Epoch 170/200:
2026-06-24 17:28:07,916 - INFO - Train loss: 0.0107 (2.8s)
Train loss: 0.0107 (2.8s)
2026-06-24 17:28:08,192 - INFO - Test instance 0.6750, class 0.6750
Test instance 0.6750, class 0.6750
2026-06-24 17:28:08,193 - INFO - Best instance 0.7375, class 0.7375 (epoch 46)
Best instance 0.7375, class 0.7375 (epoch 46)
2026-06-24 17:28:08,212 - INFO - Epoch 171/200:
Epoch 171/200:
2026-06-24 17:28:11,018 - INFO - Train loss: 0.0119 (2.8s)
Train loss: 0.0119 (2.8s)
2026-06-24 17:28:11,276 - INFO - Test instance 0.6250, class 0.6250
Test instance 0.6250, class 0.6250
2026-06-24 17:28:11,277 - INFO - Best instance 0.7375, class 0.7375 (epoch 46)
Best instance 0.7375, class 0.7375 (epoch 46)
2026-06-24 17:28:11,295 - INFO - Epoch 172/200:
Epoch 172/200:
2026-06-24 17:28:14,119 - INFO - Train loss: 0.0121 (2.8s)
Train loss: 0.0121 (2.8s)
2026-06-24 17:28:14,392 - INFO - Test instance 0.6125, class 0.6125
Test instance 0.6125, class 0.6125
2026-06-24 17:28:14,392 - INFO - Best instance 0.7375, class 0.7375 (epoch 46)
Best instance 0.7375, class 0.7375 (epoch 46)
2026-06-24 17:28:14,410 - INFO - Epoch 173/200:
Epoch 173/200:
2026-06-24 17:28:17,227 - INFO - Train loss: 0.0125 (2.8s)
Train loss: 0.0125 (2.8s)
2026-06-24 17:28:17,496 - INFO - Test instance 0.6125, class 0.6125
Test instance 0.6125, class 0.6125
2026-06-24 17:28:17,496 - INFO - Best instance 0.7375, class 0.7375 (epoch 46)
Best instance 0.7375, class 0.7375 (epoch 46)
2026-06-24 17:28:17,513 - INFO - Epoch 174/200:
Epoch 174/200:
2026-06-24 17:28:20,334 - INFO - Train loss: 0.0106 (2.8s)
Train loss: 0.0106 (2.8s)
2026-06-24 17:28:20,597 - INFO - Test instance 0.6500, class 0.6500
Test instance 0.6500, class 0.6500
2026-06-24 17:28:20,597 - INFO - Best instance 0.7375, class 0.7375 (epoch 46)
Best instance 0.7375, class 0.7375 (epoch 46)
2026-06-24 17:28:20,615 - INFO - Epoch 175/200:
Epoch 175/200:
2026-06-24 17:28:23,428 - INFO - Train loss: 0.0121 (2.8s)
Train loss: 0.0121 (2.8s)
2026-06-24 17:28:23,679 - INFO - Test instance 0.6625, class 0.6625
Test instance 0.6625, class 0.6625
2026-06-24 17:28:23,679 - INFO - Best instance 0.7375, class 0.7375 (epoch 46)
Best instance 0.7375, class 0.7375 (epoch 46)
2026-06-24 17:28:23,697 - INFO - Epoch 176/200:
Epoch 176/200:
2026-06-24 17:28:27,190 - INFO - Train loss: 0.0127 (3.5s)
Train loss: 0.0127 (3.5s)
2026-06-24 17:28:27,525 - INFO - Test instance 0.6250, class 0.6250
Test instance 0.6250, class 0.6250
2026-06-24 17:28:27,525 - INFO - Best instance 0.7375, class 0.7375 (epoch 46)
Best instance 0.7375, class 0.7375 (epoch 46)
2026-06-24 17:28:27,551 - INFO - Epoch 177/200:
Epoch 177/200:
2026-06-24 17:28:30,336 - INFO - Train loss: 0.0124 (2.8s)
Train loss: 0.0124 (2.8s)
2026-06-24 17:28:30,607 - INFO - Test instance 0.7375, class 0.7375
Test instance 0.7375, class 0.7375
2026-06-24 17:28:30,608 - INFO - Best instance 0.7375, class 0.7375 (epoch 46)
Best instance 0.7375, class 0.7375 (epoch 46)
2026-06-24 17:28:30,625 - INFO - Epoch 178/200:
Epoch 178/200:
2026-06-24 17:28:33,404 - INFO - Train loss: 0.0123 (2.8s)
Train loss: 0.0123 (2.8s)
2026-06-24 17:28:33,670 - INFO - Test instance 0.5875, class 0.5875
Test instance 0.5875, class 0.5875
2026-06-24 17:28:33,671 - INFO - Best instance 0.7375, class 0.7375 (epoch 46)
Best instance 0.7375, class 0.7375 (epoch 46)
2026-06-24 17:28:33,688 - INFO - Epoch 179/200:
Epoch 179/200:
2026-06-24 17:28:36,493 - INFO - Train loss: 0.0114 (2.8s)
Train loss: 0.0114 (2.8s)
2026-06-24 17:28:36,770 - INFO - Test instance 0.6375, class 0.6375
Test instance 0.6375, class 0.6375
2026-06-24 17:28:36,770 - INFO - Best instance 0.7375, class 0.7375 (epoch 46)
Best instance 0.7375, class 0.7375 (epoch 46)
2026-06-24 17:28:36,787 - INFO - Epoch 180/200:
Epoch 180/200:
2026-06-24 17:28:39,588 - INFO - Train loss: 0.0123 (2.8s)
Train loss: 0.0123 (2.8s)
2026-06-24 17:28:39,853 - INFO - Test instance 0.6750, class 0.6750
Test instance 0.6750, class 0.6750
2026-06-24 17:28:39,853 - INFO - Best instance 0.7375, class 0.7375 (epoch 46)
Best instance 0.7375, class 0.7375 (epoch 46)
2026-06-24 17:28:39,871 - INFO - Epoch 181/200:
Epoch 181/200:
2026-06-24 17:28:42,685 - INFO - Train loss: 0.0119 (2.8s)
Train loss: 0.0119 (2.8s)
2026-06-24 17:28:42,954 - INFO - Test instance 0.6375, class 0.6375
Test instance 0.6375, class 0.6375
2026-06-24 17:28:42,954 - INFO - Best instance 0.7375, class 0.7375 (epoch 46)
Best instance 0.7375, class 0.7375 (epoch 46)
2026-06-24 17:28:42,974 - INFO - Epoch 182/200:
Epoch 182/200:
2026-06-24 17:28:45,758 - INFO - Train loss: 0.0109 (2.8s)
Train loss: 0.0109 (2.8s)
2026-06-24 17:28:46,030 - INFO - Test instance 0.6250, class 0.6250
Test instance 0.6250, class 0.6250
2026-06-24 17:28:46,030 - INFO - Best instance 0.7375, class 0.7375 (epoch 46)
Best instance 0.7375, class 0.7375 (epoch 46)
2026-06-24 17:28:46,048 - INFO - Epoch 183/200:
Epoch 183/200:
2026-06-24 17:28:49,058 - INFO - Train loss: 0.0133 (3.0s)
Train loss: 0.0133 (3.0s)
2026-06-24 17:28:49,320 - INFO - Test instance 0.5750, class 0.5750
Test instance 0.5750, class 0.5750
2026-06-24 17:28:49,320 - INFO - Best instance 0.7375, class 0.7375 (epoch 46)
Best instance 0.7375, class 0.7375 (epoch 46)
2026-06-24 17:28:49,338 - INFO - Epoch 184/200:
Epoch 184/200:
2026-06-24 17:28:52,112 - INFO - Train loss: 0.0114 (2.8s)
Train loss: 0.0114 (2.8s)
2026-06-24 17:28:52,373 - INFO - Test instance 0.5875, class 0.5875
Test instance 0.5875, class 0.5875
2026-06-24 17:28:52,373 - INFO - Best instance 0.7375, class 0.7375 (epoch 46)
Best instance 0.7375, class 0.7375 (epoch 46)
2026-06-24 17:28:52,391 - INFO - Epoch 185/200:
Epoch 185/200:
2026-06-24 17:28:55,196 - INFO - Train loss: 0.0124 (2.8s)
Train loss: 0.0124 (2.8s)
2026-06-24 17:28:55,459 - INFO - Test instance 0.6125, class 0.6125
Test instance 0.6125, class 0.6125
2026-06-24 17:28:55,459 - INFO - Best instance 0.7375, class 0.7375 (epoch 46)
Best instance 0.7375, class 0.7375 (epoch 46)
2026-06-24 17:28:55,478 - INFO - Epoch 186/200:
Epoch 186/200:
2026-06-24 17:28:58,293 - INFO - Train loss: 0.0117 (2.8s)
Train loss: 0.0117 (2.8s)
2026-06-24 17:28:58,560 - INFO - Test instance 0.6000, class 0.6000
Test instance 0.6000, class 0.6000
2026-06-24 17:28:58,560 - INFO - Best instance 0.7375, class 0.7375 (epoch 46)
Best instance 0.7375, class 0.7375 (epoch 46)
2026-06-24 17:28:58,578 - INFO - Epoch 187/200:
Epoch 187/200:
2026-06-24 17:29:01,399 - INFO - Train loss: 0.0117 (2.8s)
Train loss: 0.0117 (2.8s)
2026-06-24 17:29:01,679 - INFO - Test instance 0.6125, class 0.6125
Test instance 0.6125, class 0.6125
2026-06-24 17:29:01,679 - INFO - Best instance 0.7375, class 0.7375 (epoch 46)
Best instance 0.7375, class 0.7375 (epoch 46)
2026-06-24 17:29:01,697 - INFO - Epoch 188/200:
Epoch 188/200:
2026-06-24 17:29:04,507 - INFO - Train loss: 0.0116 (2.8s)
Train loss: 0.0116 (2.8s)
2026-06-24 17:29:04,772 - INFO - Test instance 0.6250, class 0.6250
Test instance 0.6250, class 0.6250
2026-06-24 17:29:04,773 - INFO - Best instance 0.7375, class 0.7375 (epoch 46)
Best instance 0.7375, class 0.7375 (epoch 46)
2026-06-24 17:29:04,792 - INFO - Epoch 189/200:
Epoch 189/200:
2026-06-24 17:29:07,603 - INFO - Train loss: 0.0128 (2.8s)
Train loss: 0.0128 (2.8s)
2026-06-24 17:29:07,875 - INFO - Test instance 0.6000, class 0.6000
Test instance 0.6000, class 0.6000
2026-06-24 17:29:07,876 - INFO - Best instance 0.7375, class 0.7375 (epoch 46)
Best instance 0.7375, class 0.7375 (epoch 46)
2026-06-24 17:29:07,905 - INFO - Epoch 190/200:
Epoch 190/200:
2026-06-24 17:29:10,757 - INFO - Train loss: 0.0103 (2.9s)
Train loss: 0.0103 (2.9s)
2026-06-24 17:29:11,027 - INFO - Test instance 0.5750, class 0.5750
Test instance 0.5750, class 0.5750
2026-06-24 17:29:11,027 - INFO - Best instance 0.7375, class 0.7375 (epoch 46)
Best instance 0.7375, class 0.7375 (epoch 46)
2026-06-24 17:29:11,046 - INFO - Epoch 191/200:
Epoch 191/200:
2026-06-24 17:29:13,867 - INFO - Train loss: 0.0125 (2.8s)
Train loss: 0.0125 (2.8s)
2026-06-24 17:29:14,131 - INFO - Test instance 0.6250, class 0.6250
Test instance 0.6250, class 0.6250
2026-06-24 17:29:14,132 - INFO - Best instance 0.7375, class 0.7375 (epoch 46)
Best instance 0.7375, class 0.7375 (epoch 46)
2026-06-24 17:29:14,150 - INFO - Epoch 192/200:
Epoch 192/200:
2026-06-24 17:29:16,981 - INFO - Train loss: 0.0119 (2.8s)
Train loss: 0.0119 (2.8s)
2026-06-24 17:29:17,243 - INFO - Test instance 0.5625, class 0.5625
Test instance 0.5625, class 0.5625
2026-06-24 17:29:17,243 - INFO - Best instance 0.7375, class 0.7375 (epoch 46)
Best instance 0.7375, class 0.7375 (epoch 46)
2026-06-24 17:29:17,260 - INFO - Epoch 193/200:
Epoch 193/200:
2026-06-24 17:29:20,763 - INFO - Train loss: 0.0124 (3.5s)
Train loss: 0.0124 (3.5s)
2026-06-24 17:29:21,033 - INFO - Test instance 0.6125, class 0.6125
Test instance 0.6125, class 0.6125
2026-06-24 17:29:21,033 - INFO - Best instance 0.7375, class 0.7375 (epoch 46)
Best instance 0.7375, class 0.7375 (epoch 46)
2026-06-24 17:29:21,050 - INFO - Epoch 194/200:
Epoch 194/200:
2026-06-24 17:29:23,845 - INFO - Train loss: 0.0119 (2.8s)
Train loss: 0.0119 (2.8s)
2026-06-24 17:29:24,102 - INFO - Test instance 0.6250, class 0.6250
Test instance 0.6250, class 0.6250
2026-06-24 17:29:24,102 - INFO - Best instance 0.7375, class 0.7375 (epoch 46)
Best instance 0.7375, class 0.7375 (epoch 46)
2026-06-24 17:29:24,120 - INFO - Epoch 195/200:
Epoch 195/200:
2026-06-24 17:29:26,876 - INFO - Train loss: 0.0126 (2.8s)
Train loss: 0.0126 (2.8s)
2026-06-24 17:29:27,128 - INFO - Test instance 0.6250, class 0.6250
Test instance 0.6250, class 0.6250
2026-06-24 17:29:27,129 - INFO - Best instance 0.7375, class 0.7375 (epoch 46)
Best instance 0.7375, class 0.7375 (epoch 46)
2026-06-24 17:29:27,146 - INFO - Epoch 196/200:
Epoch 196/200:
2026-06-24 17:29:29,922 - INFO - Train loss: 0.0124 (2.8s)
Train loss: 0.0124 (2.8s)
2026-06-24 17:29:30,196 - INFO - Test instance 0.6375, class 0.6375
Test instance 0.6375, class 0.6375
2026-06-24 17:29:30,196 - INFO - Best instance 0.7375, class 0.7375 (epoch 46)
Best instance 0.7375, class 0.7375 (epoch 46)
2026-06-24 17:29:30,214 - INFO - Epoch 197/200:
Epoch 197/200:
2026-06-24 17:29:33,014 - INFO - Train loss: 0.0107 (2.8s)
Train loss: 0.0107 (2.8s)
2026-06-24 17:29:33,280 - INFO - Test instance 0.6125, class 0.6125
Test instance 0.6125, class 0.6125
2026-06-24 17:29:33,281 - INFO - Best instance 0.7375, class 0.7375 (epoch 46)
Best instance 0.7375, class 0.7375 (epoch 46)
2026-06-24 17:29:33,298 - INFO - Epoch 198/200:
Epoch 198/200:
2026-06-24 17:29:36,115 - INFO - Train loss: 0.0129 (2.8s)
Train loss: 0.0129 (2.8s)
2026-06-24 17:29:36,382 - INFO - Test instance 0.6250, class 0.6250
Test instance 0.6250, class 0.6250
2026-06-24 17:29:36,382 - INFO - Best instance 0.7375, class 0.7375 (epoch 46)
Best instance 0.7375, class 0.7375 (epoch 46)
2026-06-24 17:29:36,409 - INFO - Epoch 199/200:
Epoch 199/200:
2026-06-24 17:29:39,895 - INFO - Train loss: 0.0130 (3.5s)
Train loss: 0.0130 (3.5s)
2026-06-24 17:29:40,169 - INFO - Test instance 0.5375, class 0.5375
Test instance 0.5375, class 0.5375
2026-06-24 17:29:40,170 - INFO - Best instance 0.7375, class 0.7375 (epoch 46)
Best instance 0.7375, class 0.7375 (epoch 46)
2026-06-24 17:29:40,188 - INFO - Epoch 200/200:
Epoch 200/200:
2026-06-24 17:29:43,000 - INFO - Train loss: 0.0117 (2.8s)
Train loss: 0.0117 (2.8s)
2026-06-24 17:29:43,266 - INFO - Test instance 0.6250, class 0.6250
Test instance 0.6250, class 0.6250
2026-06-24 17:29:43,266 - INFO - Best instance 0.7375, class 0.7375 (epoch 46)
Best instance 0.7375, class 0.7375 (epoch 46)
2026-06-24 17:30:04,652 - INFO - Student 1.42 MB, 63.14 ms
Student 1.42 MB, 63.14 ms
