[Wed Jun 24 17:31:45 EDT 2026] task 90 on GPU 0: python flkd/advanced_kd_train_classification.py --teacher_model pointnet2_cls_ssg --student_model small_pointnet2 --kd_strategy sp --dataset craniosynostosis --seed 123 --batch_size 24 --epoch 200 --num_point 1024 --teacher_path "outputs/craniosynostosis/flkd/federated/classification/fl_pointnet2_cls_ssg_scaffold_s123/checkpoints/best_model.pth" --log_dir kd_pointnet2_cls_ssg_scaffold+sp_small_pointnet2_s123 --beta 0.5 --data_root data --output_root outputs --num_workers -1 --max_runtime_hours 166.0
Loaded teacher from outputs/craniosynostosis/flkd/federated/classification/fl_pointnet2_cls_ssg_scaffold_s123/checkpoints/best_model.pth
2026-06-24 17:35:27,788 - INFO - PARAMETER ...
2026-06-24 17:35:27,789 - INFO - {'use_cpu': False, 'no_amp': False, 'gpu': '0', 'num_workers': -1, 'batch_size': 24, 'teacher_model': 'pointnet2_cls_ssg', 'student_model': 'small_pointnet2', 'num_category': 4, 'dataset': 'craniosynostosis', 'data_root': 'data', 'output_root': 'outputs', 'train_split': 0.8, 'dataset_seed': 0, 'cache_dataset': True, 'min_class_samples': 1, 'epoch': 200, 'learning_rate': 0.001, 'num_point': 1024, 'optimizer': 'Adam', 'log_dir': 'kd_pointnet2_cls_ssg_scaffold+sp_small_pointnet2_s123', 'decay_rate': 0.0001, 'use_normals': False, 'process_data': False, 'use_uniform_sample': False, 'resume': True, 'kd_strategy': 'sp', 'alpha': 0.5, 'temperature': 2.0, 'beta': 0.5, 'dkd_alpha': 1.0, 'dkd_beta': 8.0, 'crd_temperature': 0.07, 'teacher_path': 'outputs/craniosynostosis/flkd/federated/classification/fl_pointnet2_cls_ssg_scaffold_s123/checkpoints/best_model.pth', 'teacher_paths': None, 'teacher_weights': None, 'use_hard_labels': 'on', 'unlabeled': False, 'temperature_sweep': None, 'seed': 123, 'max_runtime_hours': 166.0}
2026-06-24 17:35:27,791 - INFO - KD=sp student=small_pointnet2 AMP=False use_hard=True unlabeled=False T=2.0
KD=sp student=small_pointnet2 AMP=False use_hard=True unlabeled=False T=2.0
2026-06-24 17:35:30,315 - INFO - Epoch 1/200:
Epoch 1/200:
2026-06-24 17:35:33,321 - INFO - Train loss: 0.0513 (3.0s)
Train loss: 0.0513 (3.0s)
2026-06-24 17:35:33,932 - INFO - Test instance 0.2500, class 0.2500
Test instance 0.2500, class 0.2500
2026-06-24 17:35:33,961 - INFO - Best instance 0.2500, class 0.2500 (epoch 1)
Best instance 0.2500, class 0.2500 (epoch 1)
2026-06-24 17:35:33,979 - INFO - Epoch 2/200:
Epoch 2/200:
2026-06-24 17:35:36,574 - INFO - Train loss: 0.0383 (2.6s)
Train loss: 0.0383 (2.6s)
2026-06-24 17:35:36,822 - INFO - Test instance 0.2500, class 0.2500
Test instance 0.2500, class 0.2500
2026-06-24 17:35:36,822 - INFO - Best instance 0.2500, class 0.2500 (epoch 1)
Best instance 0.2500, class 0.2500 (epoch 1)
2026-06-24 17:35:36,841 - INFO - Epoch 3/200:
Epoch 3/200:
2026-06-24 17:35:39,443 - INFO - Train loss: 0.0281 (2.6s)
Train loss: 0.0281 (2.6s)
2026-06-24 17:35:39,694 - INFO - Test instance 0.2625, class 0.2625
Test instance 0.2625, class 0.2625
2026-06-24 17:35:39,710 - INFO - Best instance 0.2625, class 0.2625 (epoch 3)
Best instance 0.2625, class 0.2625 (epoch 3)
2026-06-24 17:35:39,726 - INFO - Epoch 4/200:
Epoch 4/200:
2026-06-24 17:35:42,313 - INFO - Train loss: 0.0265 (2.6s)
Train loss: 0.0265 (2.6s)
2026-06-24 17:35:42,556 - INFO - Test instance 0.2625, class 0.2625
Test instance 0.2625, class 0.2625
2026-06-24 17:35:42,556 - INFO - Best instance 0.2625, class 0.2625 (epoch 3)
Best instance 0.2625, class 0.2625 (epoch 3)
2026-06-24 17:35:42,572 - INFO - Epoch 5/200:
Epoch 5/200:
2026-06-24 17:35:45,161 - INFO - Train loss: 0.0233 (2.6s)
Train loss: 0.0233 (2.6s)
2026-06-24 17:35:45,403 - INFO - Test instance 0.2500, class 0.2500
Test instance 0.2500, class 0.2500
2026-06-24 17:35:45,404 - INFO - Best instance 0.2625, class 0.2625 (epoch 3)
Best instance 0.2625, class 0.2625 (epoch 3)
2026-06-24 17:35:45,420 - INFO - Epoch 6/200:
Epoch 6/200:
2026-06-24 17:35:48,012 - INFO - Train loss: 0.0184 (2.6s)
Train loss: 0.0184 (2.6s)
2026-06-24 17:35:48,276 - INFO - Test instance 0.2375, class 0.2375
Test instance 0.2375, class 0.2375
2026-06-24 17:35:48,277 - INFO - Best instance 0.2625, class 0.2625 (epoch 3)
Best instance 0.2625, class 0.2625 (epoch 3)
2026-06-24 17:35:48,293 - INFO - Epoch 7/200:
Epoch 7/200:
2026-06-24 17:35:50,915 - INFO - Train loss: 0.0169 (2.6s)
Train loss: 0.0169 (2.6s)
2026-06-24 17:35:51,165 - INFO - Test instance 0.1500, class 0.1500
Test instance 0.1500, class 0.1500
2026-06-24 17:35:51,166 - INFO - Best instance 0.2625, class 0.2625 (epoch 3)
Best instance 0.2625, class 0.2625 (epoch 3)
2026-06-24 17:35:51,182 - INFO - Epoch 8/200:
Epoch 8/200:
2026-06-24 17:35:53,772 - INFO - Train loss: 0.0164 (2.6s)
Train loss: 0.0164 (2.6s)
2026-06-24 17:35:54,020 - INFO - Test instance 0.2500, class 0.2500
Test instance 0.2500, class 0.2500
2026-06-24 17:35:54,020 - INFO - Best instance 0.2625, class 0.2625 (epoch 3)
Best instance 0.2625, class 0.2625 (epoch 3)
2026-06-24 17:35:54,037 - INFO - Epoch 9/200:
Epoch 9/200:
2026-06-24 17:35:56,613 - INFO - Train loss: 0.0125 (2.6s)
Train loss: 0.0125 (2.6s)
2026-06-24 17:35:56,860 - INFO - Test instance 0.2500, class 0.2500
Test instance 0.2500, class 0.2500
2026-06-24 17:35:56,860 - INFO - Best instance 0.2625, class 0.2625 (epoch 3)
Best instance 0.2625, class 0.2625 (epoch 3)
2026-06-24 17:35:56,877 - INFO - Epoch 10/200:
Epoch 10/200:
2026-06-24 17:35:59,469 - INFO - Train loss: 0.0127 (2.6s)
Train loss: 0.0127 (2.6s)
2026-06-24 17:35:59,720 - INFO - Test instance 0.2375, class 0.2375
Test instance 0.2375, class 0.2375
2026-06-24 17:35:59,720 - INFO - Best instance 0.2625, class 0.2625 (epoch 3)
Best instance 0.2625, class 0.2625 (epoch 3)
2026-06-24 17:35:59,736 - INFO - Epoch 11/200:
Epoch 11/200:
2026-06-24 17:36:02,338 - INFO - Train loss: 0.0128 (2.6s)
Train loss: 0.0128 (2.6s)
2026-06-24 17:36:02,582 - INFO - Test instance 0.2500, class 0.2500
Test instance 0.2500, class 0.2500
2026-06-24 17:36:02,582 - INFO - Best instance 0.2625, class 0.2625 (epoch 3)
Best instance 0.2625, class 0.2625 (epoch 3)
2026-06-24 17:36:02,601 - INFO - Epoch 12/200:
Epoch 12/200:
2026-06-24 17:36:05,186 - INFO - Train loss: 0.0115 (2.6s)
Train loss: 0.0115 (2.6s)
2026-06-24 17:36:05,431 - INFO - Test instance 0.2500, class 0.2500
Test instance 0.2500, class 0.2500
2026-06-24 17:36:05,432 - INFO - Best instance 0.2625, class 0.2625 (epoch 3)
Best instance 0.2625, class 0.2625 (epoch 3)
2026-06-24 17:36:05,448 - INFO - Epoch 13/200:
Epoch 13/200:
2026-06-24 17:36:08,041 - INFO - Train loss: 0.0119 (2.6s)
Train loss: 0.0119 (2.6s)
2026-06-24 17:36:08,285 - INFO - Test instance 0.2500, class 0.2500
Test instance 0.2500, class 0.2500
2026-06-24 17:36:08,286 - INFO - Best instance 0.2625, class 0.2625 (epoch 3)
Best instance 0.2625, class 0.2625 (epoch 3)
2026-06-24 17:36:08,302 - INFO - Epoch 14/200:
Epoch 14/200:
2026-06-24 17:36:10,885 - INFO - Train loss: 0.0102 (2.6s)
Train loss: 0.0102 (2.6s)
2026-06-24 17:36:11,137 - INFO - Test instance 0.2500, class 0.2500
Test instance 0.2500, class 0.2500
2026-06-24 17:36:11,138 - INFO - Best instance 0.2625, class 0.2625 (epoch 3)
Best instance 0.2625, class 0.2625 (epoch 3)
2026-06-24 17:36:11,154 - INFO - Epoch 15/200:
Epoch 15/200:
2026-06-24 17:36:13,746 - INFO - Train loss: 0.0095 (2.6s)
Train loss: 0.0095 (2.6s)
2026-06-24 17:36:14,003 - INFO - Test instance 0.2500, class 0.2500
Test instance 0.2500, class 0.2500
2026-06-24 17:36:14,003 - INFO - Best instance 0.2625, class 0.2625 (epoch 3)
Best instance 0.2625, class 0.2625 (epoch 3)
2026-06-24 17:36:14,020 - INFO - Epoch 16/200:
Epoch 16/200:
2026-06-24 17:36:16,594 - INFO - Train loss: 0.0101 (2.6s)
Train loss: 0.0101 (2.6s)
2026-06-24 17:36:16,840 - INFO - Test instance 0.2500, class 0.2500
Test instance 0.2500, class 0.2500
2026-06-24 17:36:16,840 - INFO - Best instance 0.2625, class 0.2625 (epoch 3)
Best instance 0.2625, class 0.2625 (epoch 3)
2026-06-24 17:36:16,857 - INFO - Epoch 17/200:
Epoch 17/200:
2026-06-24 17:36:19,420 - INFO - Train loss: 0.0094 (2.6s)
Train loss: 0.0094 (2.6s)
2026-06-24 17:36:19,665 - INFO - Test instance 0.2500, class 0.2500
Test instance 0.2500, class 0.2500
2026-06-24 17:36:19,665 - INFO - Best instance 0.2625, class 0.2625 (epoch 3)
Best instance 0.2625, class 0.2625 (epoch 3)
2026-06-24 17:36:19,682 - INFO - Epoch 18/200:
Epoch 18/200:
2026-06-24 17:36:22,275 - INFO - Train loss: 0.0092 (2.6s)
Train loss: 0.0092 (2.6s)
2026-06-24 17:36:22,518 - INFO - Test instance 0.2500, class 0.2500
Test instance 0.2500, class 0.2500
2026-06-24 17:36:22,519 - INFO - Best instance 0.2625, class 0.2625 (epoch 3)
Best instance 0.2625, class 0.2625 (epoch 3)
2026-06-24 17:36:22,536 - INFO - Epoch 19/200:
Epoch 19/200:
2026-06-24 17:36:25,106 - INFO - Train loss: 0.0090 (2.6s)
Train loss: 0.0090 (2.6s)
2026-06-24 17:36:25,354 - INFO - Test instance 0.2500, class 0.2500
Test instance 0.2500, class 0.2500
2026-06-24 17:36:25,354 - INFO - Best instance 0.2625, class 0.2625 (epoch 3)
Best instance 0.2625, class 0.2625 (epoch 3)
2026-06-24 17:36:25,371 - INFO - Epoch 20/200:
Epoch 20/200:
2026-06-24 17:36:27,956 - INFO - Train loss: 0.0079 (2.6s)
Train loss: 0.0079 (2.6s)
2026-06-24 17:36:28,209 - INFO - Test instance 0.2625, class 0.2625
Test instance 0.2625, class 0.2625
2026-06-24 17:36:28,209 - INFO - Best instance 0.2625, class 0.2625 (epoch 3)
Best instance 0.2625, class 0.2625 (epoch 3)
2026-06-24 17:36:28,226 - INFO - Epoch 21/200:
Epoch 21/200:
2026-06-24 17:36:30,783 - INFO - Train loss: 0.0091 (2.6s)
Train loss: 0.0091 (2.6s)
2026-06-24 17:36:31,041 - INFO - Test instance 0.2500, class 0.2500
Test instance 0.2500, class 0.2500
2026-06-24 17:36:31,041 - INFO - Best instance 0.2625, class 0.2625 (epoch 3)
Best instance 0.2625, class 0.2625 (epoch 3)
2026-06-24 17:36:31,057 - INFO - Epoch 22/200:
Epoch 22/200:
2026-06-24 17:36:33,652 - INFO - Train loss: 0.0085 (2.6s)
Train loss: 0.0085 (2.6s)
2026-06-24 17:36:33,902 - INFO - Test instance 0.2500, class 0.2500
Test instance 0.2500, class 0.2500
2026-06-24 17:36:33,903 - INFO - Best instance 0.2625, class 0.2625 (epoch 3)
Best instance 0.2625, class 0.2625 (epoch 3)
2026-06-24 17:36:33,919 - INFO - Epoch 23/200:
Epoch 23/200:
2026-06-24 17:36:36,498 - INFO - Train loss: 0.0087 (2.6s)
Train loss: 0.0087 (2.6s)
2026-06-24 17:36:36,754 - INFO - Test instance 0.2500, class 0.2500
Test instance 0.2500, class 0.2500
2026-06-24 17:36:36,754 - INFO - Best instance 0.2625, class 0.2625 (epoch 3)
Best instance 0.2625, class 0.2625 (epoch 3)
2026-06-24 17:36:36,771 - INFO - Epoch 24/200:
Epoch 24/200:
2026-06-24 17:36:39,359 - INFO - Train loss: 0.0080 (2.6s)
Train loss: 0.0080 (2.6s)
2026-06-24 17:36:39,607 - INFO - Test instance 0.2500, class 0.2500
Test instance 0.2500, class 0.2500
2026-06-24 17:36:39,607 - INFO - Best instance 0.2625, class 0.2625 (epoch 3)
Best instance 0.2625, class 0.2625 (epoch 3)
2026-06-24 17:36:39,624 - INFO - Epoch 25/200:
Epoch 25/200:
2026-06-24 17:36:42,243 - INFO - Train loss: 0.0081 (2.6s)
Train loss: 0.0081 (2.6s)
2026-06-24 17:36:42,501 - INFO - Test instance 0.2500, class 0.2500
Test instance 0.2500, class 0.2500
2026-06-24 17:36:42,502 - INFO - Best instance 0.2625, class 0.2625 (epoch 3)
Best instance 0.2625, class 0.2625 (epoch 3)
2026-06-24 17:36:42,518 - INFO - Epoch 26/200:
Epoch 26/200:
2026-06-24 17:36:45,113 - INFO - Train loss: 0.0084 (2.6s)
Train loss: 0.0084 (2.6s)
2026-06-24 17:36:45,361 - INFO - Test instance 0.2500, class 0.2500
Test instance 0.2500, class 0.2500
2026-06-24 17:36:45,361 - INFO - Best instance 0.2625, class 0.2625 (epoch 3)
Best instance 0.2625, class 0.2625 (epoch 3)
2026-06-24 17:36:45,378 - INFO - Epoch 27/200:
Epoch 27/200:
2026-06-24 17:36:47,973 - INFO - Train loss: 0.0075 (2.6s)
Train loss: 0.0075 (2.6s)
2026-06-24 17:36:48,220 - INFO - Test instance 0.2500, class 0.2500
Test instance 0.2500, class 0.2500
2026-06-24 17:36:48,221 - INFO - Best instance 0.2625, class 0.2625 (epoch 3)
Best instance 0.2625, class 0.2625 (epoch 3)
2026-06-24 17:36:48,237 - INFO - Epoch 28/200:
Epoch 28/200:
2026-06-24 17:36:50,835 - INFO - Train loss: 0.0079 (2.6s)
Train loss: 0.0079 (2.6s)
2026-06-24 17:36:51,083 - INFO - Test instance 0.2500, class 0.2500
Test instance 0.2500, class 0.2500
2026-06-24 17:36:51,083 - INFO - Best instance 0.2625, class 0.2625 (epoch 3)
Best instance 0.2625, class 0.2625 (epoch 3)
2026-06-24 17:36:51,100 - INFO - Epoch 29/200:
Epoch 29/200:
2026-06-24 17:36:53,694 - INFO - Train loss: 0.0079 (2.6s)
Train loss: 0.0079 (2.6s)
2026-06-24 17:36:53,939 - INFO - Test instance 0.2500, class 0.2500
Test instance 0.2500, class 0.2500
2026-06-24 17:36:53,940 - INFO - Best instance 0.2625, class 0.2625 (epoch 3)
Best instance 0.2625, class 0.2625 (epoch 3)
2026-06-24 17:36:53,956 - INFO - Epoch 30/200:
Epoch 30/200:
2026-06-24 17:36:56,541 - INFO - Train loss: 0.0072 (2.6s)
Train loss: 0.0072 (2.6s)
2026-06-24 17:36:56,790 - INFO - Test instance 0.2500, class 0.2500
Test instance 0.2500, class 0.2500
2026-06-24 17:36:56,790 - INFO - Best instance 0.2625, class 0.2625 (epoch 3)
Best instance 0.2625, class 0.2625 (epoch 3)
2026-06-24 17:36:56,807 - INFO - Epoch 31/200:
Epoch 31/200:
2026-06-24 17:36:59,381 - INFO - Train loss: 0.0076 (2.6s)
Train loss: 0.0076 (2.6s)
2026-06-24 17:36:59,633 - INFO - Test instance 0.3125, class 0.3125
Test instance 0.3125, class 0.3125
2026-06-24 17:36:59,649 - INFO - Best instance 0.3125, class 0.3125 (epoch 31)
Best instance 0.3125, class 0.3125 (epoch 31)
2026-06-24 17:36:59,666 - INFO - Epoch 32/200:
Epoch 32/200:
2026-06-24 17:37:02,289 - INFO - Train loss: 0.0086 (2.6s)
Train loss: 0.0086 (2.6s)
2026-06-24 17:37:02,535 - INFO - Test instance 0.2500, class 0.2500
Test instance 0.2500, class 0.2500
2026-06-24 17:37:02,535 - INFO - Best instance 0.3125, class 0.3125 (epoch 31)
Best instance 0.3125, class 0.3125 (epoch 31)
2026-06-24 17:37:02,552 - INFO - Epoch 33/200:
Epoch 33/200:
2026-06-24 17:37:05,144 - INFO - Train loss: 0.0074 (2.6s)
Train loss: 0.0074 (2.6s)
2026-06-24 17:37:05,396 - INFO - Test instance 0.2500, class 0.2500
Test instance 0.2500, class 0.2500
2026-06-24 17:37:05,397 - INFO - Best instance 0.3125, class 0.3125 (epoch 31)
Best instance 0.3125, class 0.3125 (epoch 31)
2026-06-24 17:37:05,413 - INFO - Epoch 34/200:
Epoch 34/200:
2026-06-24 17:37:08,020 - INFO - Train loss: 0.0077 (2.6s)
Train loss: 0.0077 (2.6s)
2026-06-24 17:37:08,264 - INFO - Test instance 0.2125, class 0.2125
Test instance 0.2125, class 0.2125
2026-06-24 17:37:08,264 - INFO - Best instance 0.3125, class 0.3125 (epoch 31)
Best instance 0.3125, class 0.3125 (epoch 31)
2026-06-24 17:37:08,280 - INFO - Epoch 35/200:
Epoch 35/200:
2026-06-24 17:37:10,865 - INFO - Train loss: 0.0075 (2.6s)
Train loss: 0.0075 (2.6s)
2026-06-24 17:37:11,112 - INFO - Test instance 0.2375, class 0.2375
Test instance 0.2375, class 0.2375
2026-06-24 17:37:11,112 - INFO - Best instance 0.3125, class 0.3125 (epoch 31)
Best instance 0.3125, class 0.3125 (epoch 31)
2026-06-24 17:37:11,129 - INFO - Epoch 36/200:
Epoch 36/200:
2026-06-24 17:37:13,685 - INFO - Train loss: 0.0079 (2.6s)
Train loss: 0.0079 (2.6s)
2026-06-24 17:37:13,928 - INFO - Test instance 0.2500, class 0.2500
Test instance 0.2500, class 0.2500
2026-06-24 17:37:13,928 - INFO - Best instance 0.3125, class 0.3125 (epoch 31)
Best instance 0.3125, class 0.3125 (epoch 31)
2026-06-24 17:37:13,945 - INFO - Epoch 37/200:
Epoch 37/200:
2026-06-24 17:37:16,498 - INFO - Train loss: 0.0078 (2.6s)
Train loss: 0.0078 (2.6s)
2026-06-24 17:37:16,737 - INFO - Test instance 0.2625, class 0.2625
Test instance 0.2625, class 0.2625
2026-06-24 17:37:16,737 - INFO - Best instance 0.3125, class 0.3125 (epoch 31)
Best instance 0.3125, class 0.3125 (epoch 31)
2026-06-24 17:37:16,756 - INFO - Epoch 38/200:
Epoch 38/200:
2026-06-24 17:37:19,359 - INFO - Train loss: 0.0078 (2.6s)
Train loss: 0.0078 (2.6s)
2026-06-24 17:37:19,609 - INFO - Test instance 0.2625, class 0.2625
Test instance 0.2625, class 0.2625
2026-06-24 17:37:19,609 - INFO - Best instance 0.3125, class 0.3125 (epoch 31)
Best instance 0.3125, class 0.3125 (epoch 31)
2026-06-24 17:37:19,626 - INFO - Epoch 39/200:
Epoch 39/200:
2026-06-24 17:37:22,217 - INFO - Train loss: 0.0078 (2.6s)
Train loss: 0.0078 (2.6s)
2026-06-24 17:37:22,475 - INFO - Test instance 0.2500, class 0.2500
Test instance 0.2500, class 0.2500
2026-06-24 17:37:22,475 - INFO - Best instance 0.3125, class 0.3125 (epoch 31)
Best instance 0.3125, class 0.3125 (epoch 31)
2026-06-24 17:37:22,492 - INFO - Epoch 40/200:
Epoch 40/200:
2026-06-24 17:37:25,048 - INFO - Train loss: 0.0084 (2.6s)
Train loss: 0.0084 (2.6s)
2026-06-24 17:37:25,298 - INFO - Test instance 0.2500, class 0.2500
Test instance 0.2500, class 0.2500
2026-06-24 17:37:25,298 - INFO - Best instance 0.3125, class 0.3125 (epoch 31)
Best instance 0.3125, class 0.3125 (epoch 31)
2026-06-24 17:37:25,314 - INFO - Epoch 41/200:
Epoch 41/200:
2026-06-24 17:37:27,889 - INFO - Train loss: 0.0077 (2.6s)
Train loss: 0.0077 (2.6s)
2026-06-24 17:37:28,131 - INFO - Test instance 0.2375, class 0.2375
Test instance 0.2375, class 0.2375
2026-06-24 17:37:28,132 - INFO - Best instance 0.3125, class 0.3125 (epoch 31)
Best instance 0.3125, class 0.3125 (epoch 31)
2026-06-24 17:37:28,149 - INFO - Epoch 42/200:
Epoch 42/200:
2026-06-24 17:37:30,720 - INFO - Train loss: 0.0074 (2.6s)
Train loss: 0.0074 (2.6s)
2026-06-24 17:37:30,965 - INFO - Test instance 0.2750, class 0.2750
Test instance 0.2750, class 0.2750
2026-06-24 17:37:30,966 - INFO - Best instance 0.3125, class 0.3125 (epoch 31)
Best instance 0.3125, class 0.3125 (epoch 31)
2026-06-24 17:37:30,982 - INFO - Epoch 43/200:
Epoch 43/200:
2026-06-24 17:37:33,573 - INFO - Train loss: 0.0075 (2.6s)
Train loss: 0.0075 (2.6s)
2026-06-24 17:37:33,819 - INFO - Test instance 0.2500, class 0.2500
Test instance 0.2500, class 0.2500
2026-06-24 17:37:33,819 - INFO - Best instance 0.3125, class 0.3125 (epoch 31)
Best instance 0.3125, class 0.3125 (epoch 31)
2026-06-24 17:37:33,836 - INFO - Epoch 44/200:
Epoch 44/200:
2026-06-24 17:37:36,423 - INFO - Train loss: 0.0077 (2.6s)
Train loss: 0.0077 (2.6s)
2026-06-24 17:37:36,673 - INFO - Test instance 0.2500, class 0.2500
Test instance 0.2500, class 0.2500
2026-06-24 17:37:36,674 - INFO - Best instance 0.3125, class 0.3125 (epoch 31)
Best instance 0.3125, class 0.3125 (epoch 31)
2026-06-24 17:37:36,690 - INFO - Epoch 45/200:
Epoch 45/200:
2026-06-24 17:37:39,282 - INFO - Train loss: 0.0076 (2.6s)
Train loss: 0.0076 (2.6s)
2026-06-24 17:37:39,526 - INFO - Test instance 0.2500, class 0.2500
Test instance 0.2500, class 0.2500
2026-06-24 17:37:39,527 - INFO - Best instance 0.3125, class 0.3125 (epoch 31)
Best instance 0.3125, class 0.3125 (epoch 31)
2026-06-24 17:37:39,544 - INFO - Epoch 46/200:
Epoch 46/200:
2026-06-24 17:37:42,140 - INFO - Train loss: 0.0080 (2.6s)
Train loss: 0.0080 (2.6s)
2026-06-24 17:37:42,389 - INFO - Test instance 0.2500, class 0.2500
Test instance 0.2500, class 0.2500
2026-06-24 17:37:42,389 - INFO - Best instance 0.3125, class 0.3125 (epoch 31)
Best instance 0.3125, class 0.3125 (epoch 31)
2026-06-24 17:37:42,406 - INFO - Epoch 47/200:
Epoch 47/200:
2026-06-24 17:37:44,960 - INFO - Train loss: 0.0081 (2.6s)
Train loss: 0.0081 (2.6s)
2026-06-24 17:37:45,213 - INFO - Test instance 0.2500, class 0.2500
Test instance 0.2500, class 0.2500
2026-06-24 17:37:45,214 - INFO - Best instance 0.3125, class 0.3125 (epoch 31)
Best instance 0.3125, class 0.3125 (epoch 31)
2026-06-24 17:37:45,230 - INFO - Epoch 48/200:
Epoch 48/200:
2026-06-24 17:37:47,809 - INFO - Train loss: 0.0080 (2.6s)
Train loss: 0.0080 (2.6s)
2026-06-24 17:37:48,053 - INFO - Test instance 0.2500, class 0.2500
Test instance 0.2500, class 0.2500
2026-06-24 17:37:48,054 - INFO - Best instance 0.3125, class 0.3125 (epoch 31)
Best instance 0.3125, class 0.3125 (epoch 31)
2026-06-24 17:37:48,070 - INFO - Epoch 49/200:
Epoch 49/200:
2026-06-24 17:37:50,633 - INFO - Train loss: 0.0073 (2.6s)
Train loss: 0.0073 (2.6s)
2026-06-24 17:37:50,886 - INFO - Test instance 0.2500, class 0.2500
Test instance 0.2500, class 0.2500
2026-06-24 17:37:50,886 - INFO - Best instance 0.3125, class 0.3125 (epoch 31)
Best instance 0.3125, class 0.3125 (epoch 31)
2026-06-24 17:37:50,903 - INFO - Epoch 50/200:
Epoch 50/200:
2026-06-24 17:37:53,447 - INFO - Train loss: 0.0077 (2.5s)
Train loss: 0.0077 (2.5s)
2026-06-24 17:37:53,703 - INFO - Test instance 0.2500, class 0.2500
Test instance 0.2500, class 0.2500
2026-06-24 17:37:53,703 - INFO - Best instance 0.3125, class 0.3125 (epoch 31)
Best instance 0.3125, class 0.3125 (epoch 31)
2026-06-24 17:37:53,720 - INFO - Epoch 51/200:
Epoch 51/200:
2026-06-24 17:37:56,297 - INFO - Train loss: 0.0081 (2.6s)
Train loss: 0.0081 (2.6s)
2026-06-24 17:37:56,550 - INFO - Test instance 0.2500, class 0.2500
Test instance 0.2500, class 0.2500
2026-06-24 17:37:56,551 - INFO - Best instance 0.3125, class 0.3125 (epoch 31)
Best instance 0.3125, class 0.3125 (epoch 31)
2026-06-24 17:37:56,567 - INFO - Epoch 52/200:
Epoch 52/200:
2026-06-24 17:37:59,137 - INFO - Train loss: 0.0071 (2.6s)
Train loss: 0.0071 (2.6s)
2026-06-24 17:37:59,378 - INFO - Test instance 0.2500, class 0.2500
Test instance 0.2500, class 0.2500
2026-06-24 17:37:59,379 - INFO - Best instance 0.3125, class 0.3125 (epoch 31)
Best instance 0.3125, class 0.3125 (epoch 31)
2026-06-24 17:37:59,396 - INFO - Epoch 53/200:
Epoch 53/200:
2026-06-24 17:38:01,988 - INFO - Train loss: 0.0077 (2.6s)
Train loss: 0.0077 (2.6s)
2026-06-24 17:38:02,234 - INFO - Test instance 0.2500, class 0.2500
Test instance 0.2500, class 0.2500
2026-06-24 17:38:02,235 - INFO - Best instance 0.3125, class 0.3125 (epoch 31)
Best instance 0.3125, class 0.3125 (epoch 31)
2026-06-24 17:38:02,251 - INFO - Epoch 54/200:
Epoch 54/200:
2026-06-24 17:38:04,815 - INFO - Train loss: 0.0078 (2.6s)
Train loss: 0.0078 (2.6s)
2026-06-24 17:38:05,068 - INFO - Test instance 0.2875, class 0.2875
Test instance 0.2875, class 0.2875
2026-06-24 17:38:05,068 - INFO - Best instance 0.3125, class 0.3125 (epoch 31)
Best instance 0.3125, class 0.3125 (epoch 31)
2026-06-24 17:38:05,084 - INFO - Epoch 55/200:
Epoch 55/200:
2026-06-24 17:38:07,643 - INFO - Train loss: 0.0072 (2.6s)
Train loss: 0.0072 (2.6s)
2026-06-24 17:38:07,893 - INFO - Test instance 0.2625, class 0.2625
Test instance 0.2625, class 0.2625
2026-06-24 17:38:07,894 - INFO - Best instance 0.3125, class 0.3125 (epoch 31)
Best instance 0.3125, class 0.3125 (epoch 31)
2026-06-24 17:38:07,910 - INFO - Epoch 56/200:
Epoch 56/200:
2026-06-24 17:38:10,474 - INFO - Train loss: 0.0079 (2.6s)
Train loss: 0.0079 (2.6s)
2026-06-24 17:38:10,717 - INFO - Test instance 0.2500, class 0.2500
Test instance 0.2500, class 0.2500
2026-06-24 17:38:10,717 - INFO - Best instance 0.3125, class 0.3125 (epoch 31)
Best instance 0.3125, class 0.3125 (epoch 31)
2026-06-24 17:38:10,733 - INFO - Epoch 57/200:
Epoch 57/200:
2026-06-24 17:38:13,296 - INFO - Train loss: 0.0074 (2.6s)
Train loss: 0.0074 (2.6s)
2026-06-24 17:38:13,534 - INFO - Test instance 0.3000, class 0.3000
Test instance 0.3000, class 0.3000
2026-06-24 17:38:13,535 - INFO - Best instance 0.3125, class 0.3125 (epoch 31)
Best instance 0.3125, class 0.3125 (epoch 31)
2026-06-24 17:38:13,551 - INFO - Epoch 58/200:
Epoch 58/200:
2026-06-24 17:38:16,129 - INFO - Train loss: 0.0079 (2.6s)
Train loss: 0.0079 (2.6s)
2026-06-24 17:38:16,376 - INFO - Test instance 0.2625, class 0.2625
Test instance 0.2625, class 0.2625
2026-06-24 17:38:16,376 - INFO - Best instance 0.3125, class 0.3125 (epoch 31)
Best instance 0.3125, class 0.3125 (epoch 31)
2026-06-24 17:38:16,394 - INFO - Epoch 59/200:
Epoch 59/200:
2026-06-24 17:38:18,972 - INFO - Train loss: 0.0073 (2.6s)
Train loss: 0.0073 (2.6s)
2026-06-24 17:38:19,219 - INFO - Test instance 0.2625, class 0.2625
Test instance 0.2625, class 0.2625
2026-06-24 17:38:19,219 - INFO - Best instance 0.3125, class 0.3125 (epoch 31)
Best instance 0.3125, class 0.3125 (epoch 31)
2026-06-24 17:38:19,236 - INFO - Epoch 60/200:
Epoch 60/200:
2026-06-24 17:38:21,803 - INFO - Train loss: 0.0082 (2.6s)
Train loss: 0.0082 (2.6s)
2026-06-24 17:38:22,055 - INFO - Test instance 0.2375, class 0.2375
Test instance 0.2375, class 0.2375
2026-06-24 17:38:22,055 - INFO - Best instance 0.3125, class 0.3125 (epoch 31)
Best instance 0.3125, class 0.3125 (epoch 31)
2026-06-24 17:38:22,072 - INFO - Epoch 61/200:
Epoch 61/200:
2026-06-24 17:38:24,636 - INFO - Train loss: 0.0075 (2.6s)
Train loss: 0.0075 (2.6s)
2026-06-24 17:38:24,886 - INFO - Test instance 0.2500, class 0.2500
Test instance 0.2500, class 0.2500
2026-06-24 17:38:24,886 - INFO - Best instance 0.3125, class 0.3125 (epoch 31)
Best instance 0.3125, class 0.3125 (epoch 31)
2026-06-24 17:38:24,902 - INFO - Epoch 62/200:
Epoch 62/200:
2026-06-24 17:38:27,496 - INFO - Train loss: 0.0073 (2.6s)
Train loss: 0.0073 (2.6s)
2026-06-24 17:38:27,750 - INFO - Test instance 0.2500, class 0.2500
Test instance 0.2500, class 0.2500
2026-06-24 17:38:27,750 - INFO - Best instance 0.3125, class 0.3125 (epoch 31)
Best instance 0.3125, class 0.3125 (epoch 31)
2026-06-24 17:38:27,767 - INFO - Epoch 63/200:
Epoch 63/200:
2026-06-24 17:38:30,351 - INFO - Train loss: 0.0074 (2.6s)
Train loss: 0.0074 (2.6s)
2026-06-24 17:38:30,600 - INFO - Test instance 0.2375, class 0.2375
Test instance 0.2375, class 0.2375
2026-06-24 17:38:30,601 - INFO - Best instance 0.3125, class 0.3125 (epoch 31)
Best instance 0.3125, class 0.3125 (epoch 31)
2026-06-24 17:38:30,617 - INFO - Epoch 64/200:
Epoch 64/200:
2026-06-24 17:38:33,190 - INFO - Train loss: 0.0077 (2.6s)
Train loss: 0.0077 (2.6s)
2026-06-24 17:38:33,434 - INFO - Test instance 0.2500, class 0.2500
Test instance 0.2500, class 0.2500
2026-06-24 17:38:33,434 - INFO - Best instance 0.3125, class 0.3125 (epoch 31)
Best instance 0.3125, class 0.3125 (epoch 31)
2026-06-24 17:38:33,480 - INFO - Epoch 65/200:
Epoch 65/200:
2026-06-24 17:38:36,035 - INFO - Train loss: 0.0069 (2.6s)
Train loss: 0.0069 (2.6s)
2026-06-24 17:38:36,287 - INFO - Test instance 0.2500, class 0.2500
Test instance 0.2500, class 0.2500
2026-06-24 17:38:36,287 - INFO - Best instance 0.3125, class 0.3125 (epoch 31)
Best instance 0.3125, class 0.3125 (epoch 31)
2026-06-24 17:38:36,303 - INFO - Epoch 66/200:
Epoch 66/200:
2026-06-24 17:38:38,888 - INFO - Train loss: 0.0072 (2.6s)
Train loss: 0.0072 (2.6s)
2026-06-24 17:38:39,139 - INFO - Test instance 0.2500, class 0.2500
Test instance 0.2500, class 0.2500
2026-06-24 17:38:39,139 - INFO - Best instance 0.3125, class 0.3125 (epoch 31)
Best instance 0.3125, class 0.3125 (epoch 31)
2026-06-24 17:38:39,156 - INFO - Epoch 67/200:
Epoch 67/200:
2026-06-24 17:38:41,740 - INFO - Train loss: 0.0078 (2.6s)
Train loss: 0.0078 (2.6s)
2026-06-24 17:38:41,984 - INFO - Test instance 0.2500, class 0.2500
Test instance 0.2500, class 0.2500
2026-06-24 17:38:41,984 - INFO - Best instance 0.3125, class 0.3125 (epoch 31)
Best instance 0.3125, class 0.3125 (epoch 31)
2026-06-24 17:38:42,000 - INFO - Epoch 68/200:
Epoch 68/200:
2026-06-24 17:38:44,601 - INFO - Train loss: 0.0070 (2.6s)
Train loss: 0.0070 (2.6s)
2026-06-24 17:38:44,849 - INFO - Test instance 0.2500, class 0.2500
Test instance 0.2500, class 0.2500
2026-06-24 17:38:44,849 - INFO - Best instance 0.3125, class 0.3125 (epoch 31)
Best instance 0.3125, class 0.3125 (epoch 31)
2026-06-24 17:38:44,865 - INFO - Epoch 69/200:
Epoch 69/200:
2026-06-24 17:38:47,435 - INFO - Train loss: 0.0071 (2.6s)
Train loss: 0.0071 (2.6s)
2026-06-24 17:38:47,677 - INFO - Test instance 0.2500, class 0.2500
Test instance 0.2500, class 0.2500
2026-06-24 17:38:47,677 - INFO - Best instance 0.3125, class 0.3125 (epoch 31)
Best instance 0.3125, class 0.3125 (epoch 31)
2026-06-24 17:38:47,694 - INFO - Epoch 70/200:
Epoch 70/200:
2026-06-24 17:38:50,264 - INFO - Train loss: 0.0069 (2.6s)
Train loss: 0.0069 (2.6s)
2026-06-24 17:38:50,515 - INFO - Test instance 0.2500, class 0.2500
Test instance 0.2500, class 0.2500
2026-06-24 17:38:50,515 - INFO - Best instance 0.3125, class 0.3125 (epoch 31)
Best instance 0.3125, class 0.3125 (epoch 31)
2026-06-24 17:38:50,531 - INFO - Epoch 71/200:
Epoch 71/200:
2026-06-24 17:38:53,089 - INFO - Train loss: 0.0075 (2.6s)
Train loss: 0.0075 (2.6s)
2026-06-24 17:38:53,331 - INFO - Test instance 0.2500, class 0.2500
Test instance 0.2500, class 0.2500
2026-06-24 17:38:53,331 - INFO - Best instance 0.3125, class 0.3125 (epoch 31)
Best instance 0.3125, class 0.3125 (epoch 31)
2026-06-24 17:38:53,348 - INFO - Epoch 72/200:
Epoch 72/200:
2026-06-24 17:38:55,932 - INFO - Train loss: 0.0075 (2.6s)
Train loss: 0.0075 (2.6s)
2026-06-24 17:38:56,184 - INFO - Test instance 0.3000, class 0.3000
Test instance 0.3000, class 0.3000
2026-06-24 17:38:56,184 - INFO - Best instance 0.3125, class 0.3125 (epoch 31)
Best instance 0.3125, class 0.3125 (epoch 31)
2026-06-24 17:38:56,200 - INFO - Epoch 73/200:
Epoch 73/200:
2026-06-24 17:38:58,786 - INFO - Train loss: 0.0079 (2.6s)
Train loss: 0.0079 (2.6s)
2026-06-24 17:38:59,041 - INFO - Test instance 0.2625, class 0.2625
Test instance 0.2625, class 0.2625
2026-06-24 17:38:59,041 - INFO - Best instance 0.3125, class 0.3125 (epoch 31)
Best instance 0.3125, class 0.3125 (epoch 31)
2026-06-24 17:38:59,058 - INFO - Epoch 74/200:
Epoch 74/200:
2026-06-24 17:39:01,660 - INFO - Train loss: 0.0075 (2.6s)
Train loss: 0.0075 (2.6s)
2026-06-24 17:39:01,911 - INFO - Test instance 0.2375, class 0.2375
Test instance 0.2375, class 0.2375
2026-06-24 17:39:01,911 - INFO - Best instance 0.3125, class 0.3125 (epoch 31)
Best instance 0.3125, class 0.3125 (epoch 31)
2026-06-24 17:39:01,928 - INFO - Epoch 75/200:
Epoch 75/200:
2026-06-24 17:39:04,512 - INFO - Train loss: 0.0074 (2.6s)
Train loss: 0.0074 (2.6s)
2026-06-24 17:39:04,764 - INFO - Test instance 0.2500, class 0.2500
Test instance 0.2500, class 0.2500
2026-06-24 17:39:04,764 - INFO - Best instance 0.3125, class 0.3125 (epoch 31)
Best instance 0.3125, class 0.3125 (epoch 31)
2026-06-24 17:39:04,781 - INFO - Epoch 76/200:
Epoch 76/200:
2026-06-24 17:39:07,350 - INFO - Train loss: 0.0082 (2.6s)
Train loss: 0.0082 (2.6s)
2026-06-24 17:39:07,598 - INFO - Test instance 0.2500, class 0.2500
Test instance 0.2500, class 0.2500
2026-06-24 17:39:07,598 - INFO - Best instance 0.3125, class 0.3125 (epoch 31)
Best instance 0.3125, class 0.3125 (epoch 31)
2026-06-24 17:39:07,618 - INFO - Epoch 77/200:
Epoch 77/200:
2026-06-24 17:39:10,161 - INFO - Train loss: 0.0074 (2.5s)
Train loss: 0.0074 (2.5s)
2026-06-24 17:39:10,418 - INFO - Test instance 0.2500, class 0.2500
Test instance 0.2500, class 0.2500
2026-06-24 17:39:10,418 - INFO - Best instance 0.3125, class 0.3125 (epoch 31)
Best instance 0.3125, class 0.3125 (epoch 31)
2026-06-24 17:39:10,435 - INFO - Epoch 78/200:
Epoch 78/200:
2026-06-24 17:39:13,008 - INFO - Train loss: 0.0076 (2.6s)
Train loss: 0.0076 (2.6s)
2026-06-24 17:39:13,255 - INFO - Test instance 0.2500, class 0.2500
Test instance 0.2500, class 0.2500
2026-06-24 17:39:13,255 - INFO - Best instance 0.3125, class 0.3125 (epoch 31)
Best instance 0.3125, class 0.3125 (epoch 31)
2026-06-24 17:39:13,272 - INFO - Epoch 79/200:
Epoch 79/200:
2026-06-24 17:39:15,847 - INFO - Train loss: 0.0075 (2.6s)
Train loss: 0.0075 (2.6s)
2026-06-24 17:39:16,094 - INFO - Test instance 0.2500, class 0.2500
Test instance 0.2500, class 0.2500
2026-06-24 17:39:16,094 - INFO - Best instance 0.3125, class 0.3125 (epoch 31)
Best instance 0.3125, class 0.3125 (epoch 31)
2026-06-24 17:39:16,111 - INFO - Epoch 80/200:
Epoch 80/200:
2026-06-24 17:39:18,693 - INFO - Train loss: 0.0074 (2.6s)
Train loss: 0.0074 (2.6s)
2026-06-24 17:39:18,940 - INFO - Test instance 0.2500, class 0.2500
Test instance 0.2500, class 0.2500
2026-06-24 17:39:18,940 - INFO - Best instance 0.3125, class 0.3125 (epoch 31)
Best instance 0.3125, class 0.3125 (epoch 31)
2026-06-24 17:39:18,957 - INFO - Epoch 81/200:
Epoch 81/200:
2026-06-24 17:39:21,556 - INFO - Train loss: 0.0081 (2.6s)
Train loss: 0.0081 (2.6s)
2026-06-24 17:39:21,805 - INFO - Test instance 0.2500, class 0.2500
Test instance 0.2500, class 0.2500
2026-06-24 17:39:21,805 - INFO - Best instance 0.3125, class 0.3125 (epoch 31)
Best instance 0.3125, class 0.3125 (epoch 31)
2026-06-24 17:39:21,822 - INFO - Epoch 82/200:
Epoch 82/200:
2026-06-24 17:39:24,379 - INFO - Train loss: 0.0080 (2.6s)
Train loss: 0.0080 (2.6s)
2026-06-24 17:39:24,630 - INFO - Test instance 0.2500, class 0.2500
Test instance 0.2500, class 0.2500
2026-06-24 17:39:24,631 - INFO - Best instance 0.3125, class 0.3125 (epoch 31)
Best instance 0.3125, class 0.3125 (epoch 31)
2026-06-24 17:39:24,647 - INFO - Epoch 83/200:
Epoch 83/200:
2026-06-24 17:39:27,242 - INFO - Train loss: 0.0077 (2.6s)
Train loss: 0.0077 (2.6s)
2026-06-24 17:39:27,487 - INFO - Test instance 0.2500, class 0.2500
Test instance 0.2500, class 0.2500
2026-06-24 17:39:27,487 - INFO - Best instance 0.3125, class 0.3125 (epoch 31)
Best instance 0.3125, class 0.3125 (epoch 31)
2026-06-24 17:39:27,503 - INFO - Epoch 84/200:
Epoch 84/200:
2026-06-24 17:39:30,079 - INFO - Train loss: 0.0070 (2.6s)
Train loss: 0.0070 (2.6s)
2026-06-24 17:39:30,330 - INFO - Test instance 0.2500, class 0.2500
Test instance 0.2500, class 0.2500
2026-06-24 17:39:30,331 - INFO - Best instance 0.3125, class 0.3125 (epoch 31)
Best instance 0.3125, class 0.3125 (epoch 31)
2026-06-24 17:39:30,347 - INFO - Epoch 85/200:
Epoch 85/200:
2026-06-24 17:39:32,935 - INFO - Train loss: 0.0075 (2.6s)
Train loss: 0.0075 (2.6s)
2026-06-24 17:39:33,184 - INFO - Test instance 0.2500, class 0.2500
Test instance 0.2500, class 0.2500
2026-06-24 17:39:33,184 - INFO - Best instance 0.3125, class 0.3125 (epoch 31)
Best instance 0.3125, class 0.3125 (epoch 31)
2026-06-24 17:39:33,200 - INFO - Epoch 86/200:
Epoch 86/200:
2026-06-24 17:39:35,782 - INFO - Train loss: 0.0070 (2.6s)
Train loss: 0.0070 (2.6s)
2026-06-24 17:39:36,031 - INFO - Test instance 0.2750, class 0.2750
Test instance 0.2750, class 0.2750
2026-06-24 17:39:36,031 - INFO - Best instance 0.3125, class 0.3125 (epoch 31)
Best instance 0.3125, class 0.3125 (epoch 31)
2026-06-24 17:39:36,048 - INFO - Epoch 87/200:
Epoch 87/200:
2026-06-24 17:39:38,639 - INFO - Train loss: 0.0081 (2.6s)
Train loss: 0.0081 (2.6s)
2026-06-24 17:39:38,890 - INFO - Test instance 0.2625, class 0.2625
Test instance 0.2625, class 0.2625
2026-06-24 17:39:38,891 - INFO - Best instance 0.3125, class 0.3125 (epoch 31)
Best instance 0.3125, class 0.3125 (epoch 31)
2026-06-24 17:39:38,907 - INFO - Epoch 88/200:
Epoch 88/200:
2026-06-24 17:39:41,477 - INFO - Train loss: 0.0076 (2.6s)
Train loss: 0.0076 (2.6s)
2026-06-24 17:39:41,732 - INFO - Test instance 0.2500, class 0.2500
Test instance 0.2500, class 0.2500
2026-06-24 17:39:41,732 - INFO - Best instance 0.3125, class 0.3125 (epoch 31)
Best instance 0.3125, class 0.3125 (epoch 31)
2026-06-24 17:39:41,749 - INFO - Epoch 89/200:
Epoch 89/200:
2026-06-24 17:39:44,322 - INFO - Train loss: 0.0080 (2.6s)
Train loss: 0.0080 (2.6s)
2026-06-24 17:39:44,564 - INFO - Test instance 0.2500, class 0.2500
Test instance 0.2500, class 0.2500
2026-06-24 17:39:44,564 - INFO - Best instance 0.3125, class 0.3125 (epoch 31)
Best instance 0.3125, class 0.3125 (epoch 31)
2026-06-24 17:39:44,581 - INFO - Epoch 90/200:
Epoch 90/200:
2026-06-24 17:39:47,160 - INFO - Train loss: 0.0076 (2.6s)
Train loss: 0.0076 (2.6s)
2026-06-24 17:39:47,409 - INFO - Test instance 0.2500, class 0.2500
Test instance 0.2500, class 0.2500
2026-06-24 17:39:47,409 - INFO - Best instance 0.3125, class 0.3125 (epoch 31)
Best instance 0.3125, class 0.3125 (epoch 31)
2026-06-24 17:39:47,426 - INFO - Epoch 91/200:
Epoch 91/200:
2026-06-24 17:39:50,004 - INFO - Train loss: 0.0073 (2.6s)
Train loss: 0.0073 (2.6s)
2026-06-24 17:39:50,250 - INFO - Test instance 0.2500, class 0.2500
Test instance 0.2500, class 0.2500
2026-06-24 17:39:50,251 - INFO - Best instance 0.3125, class 0.3125 (epoch 31)
Best instance 0.3125, class 0.3125 (epoch 31)
2026-06-24 17:39:50,267 - INFO - Epoch 92/200:
Epoch 92/200:
2026-06-24 17:39:52,842 - INFO - Train loss: 0.0074 (2.6s)
Train loss: 0.0074 (2.6s)
2026-06-24 17:39:53,090 - INFO - Test instance 0.2500, class 0.2500
Test instance 0.2500, class 0.2500
2026-06-24 17:39:53,090 - INFO - Best instance 0.3125, class 0.3125 (epoch 31)
Best instance 0.3125, class 0.3125 (epoch 31)
2026-06-24 17:39:53,107 - INFO - Epoch 93/200:
Epoch 93/200:
2026-06-24 17:39:55,687 - INFO - Train loss: 0.0075 (2.6s)
Train loss: 0.0075 (2.6s)
2026-06-24 17:39:55,942 - INFO - Test instance 0.2500, class 0.2500
Test instance 0.2500, class 0.2500
2026-06-24 17:39:55,942 - INFO - Best instance 0.3125, class 0.3125 (epoch 31)
Best instance 0.3125, class 0.3125 (epoch 31)
2026-06-24 17:39:55,960 - INFO - Epoch 94/200:
Epoch 94/200:
2026-06-24 17:39:58,541 - INFO - Train loss: 0.0074 (2.6s)
Train loss: 0.0074 (2.6s)
2026-06-24 17:39:58,788 - INFO - Test instance 0.2500, class 0.2500
Test instance 0.2500, class 0.2500
2026-06-24 17:39:58,789 - INFO - Best instance 0.3125, class 0.3125 (epoch 31)
Best instance 0.3125, class 0.3125 (epoch 31)
2026-06-24 17:39:58,805 - INFO - Epoch 95/200:
Epoch 95/200:
2026-06-24 17:40:01,413 - INFO - Train loss: 0.0072 (2.6s)
Train loss: 0.0072 (2.6s)
2026-06-24 17:40:01,666 - INFO - Test instance 0.2500, class 0.2500
Test instance 0.2500, class 0.2500
2026-06-24 17:40:01,666 - INFO - Best instance 0.3125, class 0.3125 (epoch 31)
Best instance 0.3125, class 0.3125 (epoch 31)
2026-06-24 17:40:01,683 - INFO - Epoch 96/200:
Epoch 96/200:
2026-06-24 17:40:04,248 - INFO - Train loss: 0.0078 (2.6s)
Train loss: 0.0078 (2.6s)
2026-06-24 17:40:04,489 - INFO - Test instance 0.2250, class 0.2250
Test instance 0.2250, class 0.2250
2026-06-24 17:40:04,490 - INFO - Best instance 0.3125, class 0.3125 (epoch 31)
Best instance 0.3125, class 0.3125 (epoch 31)
2026-06-24 17:40:04,506 - INFO - Epoch 97/200:
Epoch 97/200:
2026-06-24 17:40:07,091 - INFO - Train loss: 0.0078 (2.6s)
Train loss: 0.0078 (2.6s)
2026-06-24 17:40:07,341 - INFO - Test instance 0.2375, class 0.2375
Test instance 0.2375, class 0.2375
2026-06-24 17:40:07,341 - INFO - Best instance 0.3125, class 0.3125 (epoch 31)
Best instance 0.3125, class 0.3125 (epoch 31)
2026-06-24 17:40:07,358 - INFO - Epoch 98/200:
Epoch 98/200:
2026-06-24 17:40:09,946 - INFO - Train loss: 0.0071 (2.6s)
Train loss: 0.0071 (2.6s)
2026-06-24 17:40:10,198 - INFO - Test instance 0.2625, class 0.2625
Test instance 0.2625, class 0.2625
2026-06-24 17:40:10,198 - INFO - Best instance 0.3125, class 0.3125 (epoch 31)
Best instance 0.3125, class 0.3125 (epoch 31)
2026-06-24 17:40:10,215 - INFO - Epoch 99/200:
Epoch 99/200:
2026-06-24 17:40:12,799 - INFO - Train loss: 0.0075 (2.6s)
Train loss: 0.0075 (2.6s)
2026-06-24 17:40:13,046 - INFO - Test instance 0.2125, class 0.2125
Test instance 0.2125, class 0.2125
2026-06-24 17:40:13,047 - INFO - Best instance 0.3125, class 0.3125 (epoch 31)
Best instance 0.3125, class 0.3125 (epoch 31)
2026-06-24 17:40:13,063 - INFO - Epoch 100/200:
Epoch 100/200:
2026-06-24 17:40:15,696 - INFO - Train loss: 0.0073 (2.6s)
Train loss: 0.0073 (2.6s)
2026-06-24 17:40:15,944 - INFO - Test instance 0.2625, class 0.2625
Test instance 0.2625, class 0.2625
2026-06-24 17:40:15,944 - INFO - Best instance 0.3125, class 0.3125 (epoch 31)
Best instance 0.3125, class 0.3125 (epoch 31)
2026-06-24 17:40:15,962 - INFO - Epoch 101/200:
Epoch 101/200:
2026-06-24 17:40:18,551 - INFO - Train loss: 0.0077 (2.6s)
Train loss: 0.0077 (2.6s)
2026-06-24 17:40:18,800 - INFO - Test instance 0.2500, class 0.2500
Test instance 0.2500, class 0.2500
2026-06-24 17:40:18,800 - INFO - Best instance 0.3125, class 0.3125 (epoch 31)
Best instance 0.3125, class 0.3125 (epoch 31)
2026-06-24 17:40:18,816 - INFO - Epoch 102/200:
Epoch 102/200:
2026-06-24 17:40:21,383 - INFO - Train loss: 0.0073 (2.6s)
Train loss: 0.0073 (2.6s)
2026-06-24 17:40:21,630 - INFO - Test instance 0.2375, class 0.2375
Test instance 0.2375, class 0.2375
2026-06-24 17:40:21,630 - INFO - Best instance 0.3125, class 0.3125 (epoch 31)
Best instance 0.3125, class 0.3125 (epoch 31)
2026-06-24 17:40:21,647 - INFO - Epoch 103/200:
Epoch 103/200:
2026-06-24 17:40:24,245 - INFO - Train loss: 0.0069 (2.6s)
Train loss: 0.0069 (2.6s)
2026-06-24 17:40:24,492 - INFO - Test instance 0.2375, class 0.2375
Test instance 0.2375, class 0.2375
2026-06-24 17:40:24,493 - INFO - Best instance 0.3125, class 0.3125 (epoch 31)
Best instance 0.3125, class 0.3125 (epoch 31)
2026-06-24 17:40:24,509 - INFO - Epoch 104/200:
Epoch 104/200:
2026-06-24 17:40:27,080 - INFO - Train loss: 0.0071 (2.6s)
Train loss: 0.0071 (2.6s)
2026-06-24 17:40:27,324 - INFO - Test instance 0.2625, class 0.2625
Test instance 0.2625, class 0.2625
2026-06-24 17:40:27,324 - INFO - Best instance 0.3125, class 0.3125 (epoch 31)
Best instance 0.3125, class 0.3125 (epoch 31)
2026-06-24 17:40:27,341 - INFO - Epoch 105/200:
Epoch 105/200:
2026-06-24 17:40:29,930 - INFO - Train loss: 0.0072 (2.6s)
Train loss: 0.0072 (2.6s)
2026-06-24 17:40:30,179 - INFO - Test instance 0.2500, class 0.2500
Test instance 0.2500, class 0.2500
2026-06-24 17:40:30,179 - INFO - Best instance 0.3125, class 0.3125 (epoch 31)
Best instance 0.3125, class 0.3125 (epoch 31)
2026-06-24 17:40:30,195 - INFO - Epoch 106/200:
Epoch 106/200:
2026-06-24 17:40:32,787 - INFO - Train loss: 0.0070 (2.6s)
Train loss: 0.0070 (2.6s)
2026-06-24 17:40:33,040 - INFO - Test instance 0.2500, class 0.2500
Test instance 0.2500, class 0.2500
2026-06-24 17:40:33,040 - INFO - Best instance 0.3125, class 0.3125 (epoch 31)
Best instance 0.3125, class 0.3125 (epoch 31)
2026-06-24 17:40:33,057 - INFO - Epoch 107/200:
Epoch 107/200:
2026-06-24 17:40:35,632 - INFO - Train loss: 0.0076 (2.6s)
Train loss: 0.0076 (2.6s)
2026-06-24 17:40:35,887 - INFO - Test instance 0.2500, class 0.2500
Test instance 0.2500, class 0.2500
2026-06-24 17:40:35,888 - INFO - Best instance 0.3125, class 0.3125 (epoch 31)
Best instance 0.3125, class 0.3125 (epoch 31)
2026-06-24 17:40:35,905 - INFO - Epoch 108/200:
Epoch 108/200:
2026-06-24 17:40:38,483 - INFO - Train loss: 0.0068 (2.6s)
Train loss: 0.0068 (2.6s)
2026-06-24 17:40:38,729 - INFO - Test instance 0.2500, class 0.2500
Test instance 0.2500, class 0.2500
2026-06-24 17:40:38,729 - INFO - Best instance 0.3125, class 0.3125 (epoch 31)
Best instance 0.3125, class 0.3125 (epoch 31)
2026-06-24 17:40:38,746 - INFO - Epoch 109/200:
Epoch 109/200:
2026-06-24 17:40:41,331 - INFO - Train loss: 0.0072 (2.6s)
Train loss: 0.0072 (2.6s)
2026-06-24 17:40:41,583 - INFO - Test instance 0.2375, class 0.2375
Test instance 0.2375, class 0.2375
2026-06-24 17:40:41,583 - INFO - Best instance 0.3125, class 0.3125 (epoch 31)
Best instance 0.3125, class 0.3125 (epoch 31)
2026-06-24 17:40:41,600 - INFO - Epoch 110/200:
Epoch 110/200:
2026-06-24 17:40:44,192 - INFO - Train loss: 0.0075 (2.6s)
Train loss: 0.0075 (2.6s)
2026-06-24 17:40:44,437 - INFO - Test instance 0.2750, class 0.2750
Test instance 0.2750, class 0.2750
2026-06-24 17:40:44,437 - INFO - Best instance 0.3125, class 0.3125 (epoch 31)
Best instance 0.3125, class 0.3125 (epoch 31)
2026-06-24 17:40:44,453 - INFO - Epoch 111/200:
Epoch 111/200:
2026-06-24 17:40:47,036 - INFO - Train loss: 0.0079 (2.6s)
Train loss: 0.0079 (2.6s)
2026-06-24 17:40:47,290 - INFO - Test instance 0.2500, class 0.2500
Test instance 0.2500, class 0.2500
2026-06-24 17:40:47,290 - INFO - Best instance 0.3125, class 0.3125 (epoch 31)
Best instance 0.3125, class 0.3125 (epoch 31)
2026-06-24 17:40:47,307 - INFO - Epoch 112/200:
Epoch 112/200:
2026-06-24 17:40:49,854 - INFO - Train loss: 0.0070 (2.5s)
Train loss: 0.0070 (2.5s)
2026-06-24 17:40:50,102 - INFO - Test instance 0.2375, class 0.2375
Test instance 0.2375, class 0.2375
2026-06-24 17:40:50,102 - INFO - Best instance 0.3125, class 0.3125 (epoch 31)
Best instance 0.3125, class 0.3125 (epoch 31)
2026-06-24 17:40:50,119 - INFO - Epoch 113/200:
Epoch 113/200:
2026-06-24 17:40:52,705 - INFO - Train loss: 0.0067 (2.6s)
Train loss: 0.0067 (2.6s)
2026-06-24 17:40:52,948 - INFO - Test instance 0.2625, class 0.2625
Test instance 0.2625, class 0.2625
2026-06-24 17:40:52,948 - INFO - Best instance 0.3125, class 0.3125 (epoch 31)
Best instance 0.3125, class 0.3125 (epoch 31)
2026-06-24 17:40:52,965 - INFO - Epoch 114/200:
Epoch 114/200:
2026-06-24 17:40:55,518 - INFO - Train loss: 0.0070 (2.6s)
Train loss: 0.0070 (2.6s)
2026-06-24 17:40:55,765 - INFO - Test instance 0.2125, class 0.2125
Test instance 0.2125, class 0.2125
2026-06-24 17:40:55,765 - INFO - Best instance 0.3125, class 0.3125 (epoch 31)
Best instance 0.3125, class 0.3125 (epoch 31)
2026-06-24 17:40:55,781 - INFO - Epoch 115/200:
Epoch 115/200:
2026-06-24 17:40:58,383 - INFO - Train loss: 0.0074 (2.6s)
Train loss: 0.0074 (2.6s)
2026-06-24 17:40:58,630 - INFO - Test instance 0.2875, class 0.2875
Test instance 0.2875, class 0.2875
2026-06-24 17:40:58,630 - INFO - Best instance 0.3125, class 0.3125 (epoch 31)
Best instance 0.3125, class 0.3125 (epoch 31)
2026-06-24 17:40:58,647 - INFO - Epoch 116/200:
Epoch 116/200:
2026-06-24 17:41:01,265 - INFO - Train loss: 0.0077 (2.6s)
Train loss: 0.0077 (2.6s)
2026-06-24 17:41:01,517 - INFO - Test instance 0.2375, class 0.2375
Test instance 0.2375, class 0.2375
2026-06-24 17:41:01,517 - INFO - Best instance 0.3125, class 0.3125 (epoch 31)
Best instance 0.3125, class 0.3125 (epoch 31)
2026-06-24 17:41:01,533 - INFO - Epoch 117/200:
Epoch 117/200:
2026-06-24 17:41:04,155 - INFO - Train loss: 0.0073 (2.6s)
Train loss: 0.0073 (2.6s)
2026-06-24 17:41:04,406 - INFO - Test instance 0.2375, class 0.2375
Test instance 0.2375, class 0.2375
2026-06-24 17:41:04,406 - INFO - Best instance 0.3125, class 0.3125 (epoch 31)
Best instance 0.3125, class 0.3125 (epoch 31)
2026-06-24 17:41:04,423 - INFO - Epoch 118/200:
Epoch 118/200:
2026-06-24 17:41:07,002 - INFO - Train loss: 0.0072 (2.6s)
Train loss: 0.0072 (2.6s)
2026-06-24 17:41:07,254 - INFO - Test instance 0.2500, class 0.2500
Test instance 0.2500, class 0.2500
2026-06-24 17:41:07,254 - INFO - Best instance 0.3125, class 0.3125 (epoch 31)
Best instance 0.3125, class 0.3125 (epoch 31)
2026-06-24 17:41:07,271 - INFO - Epoch 119/200:
Epoch 119/200:
2026-06-24 17:41:09,854 - INFO - Train loss: 0.0072 (2.6s)
Train loss: 0.0072 (2.6s)
2026-06-24 17:41:10,104 - INFO - Test instance 0.2500, class 0.2500
Test instance 0.2500, class 0.2500
2026-06-24 17:41:10,104 - INFO - Best instance 0.3125, class 0.3125 (epoch 31)
Best instance 0.3125, class 0.3125 (epoch 31)
2026-06-24 17:41:10,121 - INFO - Epoch 120/200:
Epoch 120/200:
2026-06-24 17:41:12,714 - INFO - Train loss: 0.0077 (2.6s)
Train loss: 0.0077 (2.6s)
2026-06-24 17:41:12,967 - INFO - Test instance 0.2500, class 0.2500
Test instance 0.2500, class 0.2500
2026-06-24 17:41:12,967 - INFO - Best instance 0.3125, class 0.3125 (epoch 31)
Best instance 0.3125, class 0.3125 (epoch 31)
2026-06-24 17:41:12,984 - INFO - Epoch 121/200:
Epoch 121/200:
2026-06-24 17:41:15,569 - INFO - Train loss: 0.0075 (2.6s)
Train loss: 0.0075 (2.6s)
2026-06-24 17:41:15,812 - INFO - Test instance 0.2750, class 0.2750
Test instance 0.2750, class 0.2750
2026-06-24 17:41:15,813 - INFO - Best instance 0.3125, class 0.3125 (epoch 31)
Best instance 0.3125, class 0.3125 (epoch 31)
2026-06-24 17:41:15,830 - INFO - Epoch 122/200:
Epoch 122/200:
2026-06-24 17:41:18,409 - INFO - Train loss: 0.0073 (2.6s)
Train loss: 0.0073 (2.6s)
2026-06-24 17:41:18,662 - INFO - Test instance 0.2250, class 0.2250
Test instance 0.2250, class 0.2250
2026-06-24 17:41:18,663 - INFO - Best instance 0.3125, class 0.3125 (epoch 31)
Best instance 0.3125, class 0.3125 (epoch 31)
2026-06-24 17:41:18,680 - INFO - Epoch 123/200:
Epoch 123/200:
2026-06-24 17:41:21,252 - INFO - Train loss: 0.0073 (2.6s)
Train loss: 0.0073 (2.6s)
2026-06-24 17:41:21,493 - INFO - Test instance 0.2750, class 0.2750
Test instance 0.2750, class 0.2750
2026-06-24 17:41:21,493 - INFO - Best instance 0.3125, class 0.3125 (epoch 31)
Best instance 0.3125, class 0.3125 (epoch 31)
2026-06-24 17:41:21,509 - INFO - Epoch 124/200:
Epoch 124/200:
2026-06-24 17:41:24,078 - INFO - Train loss: 0.0074 (2.6s)
Train loss: 0.0074 (2.6s)
2026-06-24 17:41:24,329 - INFO - Test instance 0.2750, class 0.2750
Test instance 0.2750, class 0.2750
2026-06-24 17:41:24,329 - INFO - Best instance 0.3125, class 0.3125 (epoch 31)
Best instance 0.3125, class 0.3125 (epoch 31)
2026-06-24 17:41:24,346 - INFO - Epoch 125/200:
Epoch 125/200:
2026-06-24 17:41:26,933 - INFO - Train loss: 0.0070 (2.6s)
Train loss: 0.0070 (2.6s)
2026-06-24 17:41:27,184 - INFO - Test instance 0.2500, class 0.2500
Test instance 0.2500, class 0.2500
2026-06-24 17:41:27,184 - INFO - Best instance 0.3125, class 0.3125 (epoch 31)
Best instance 0.3125, class 0.3125 (epoch 31)
2026-06-24 17:41:27,200 - INFO - Epoch 126/200:
Epoch 126/200:
2026-06-24 17:41:29,791 - INFO - Train loss: 0.0074 (2.6s)
Train loss: 0.0074 (2.6s)
2026-06-24 17:41:30,042 - INFO - Test instance 0.2500, class 0.2500
Test instance 0.2500, class 0.2500
2026-06-24 17:41:30,042 - INFO - Best instance 0.3125, class 0.3125 (epoch 31)
Best instance 0.3125, class 0.3125 (epoch 31)
2026-06-24 17:41:30,059 - INFO - Epoch 127/200:
Epoch 127/200:
2026-06-24 17:41:32,653 - INFO - Train loss: 0.0072 (2.6s)
Train loss: 0.0072 (2.6s)
2026-06-24 17:41:32,896 - INFO - Test instance 0.2500, class 0.2500
Test instance 0.2500, class 0.2500
2026-06-24 17:41:32,897 - INFO - Best instance 0.3125, class 0.3125 (epoch 31)
Best instance 0.3125, class 0.3125 (epoch 31)
2026-06-24 17:41:32,913 - INFO - Epoch 128/200:
Epoch 128/200:
2026-06-24 17:41:35,503 - INFO - Train loss: 0.0078 (2.6s)
Train loss: 0.0078 (2.6s)
2026-06-24 17:41:35,765 - INFO - Test instance 0.2500, class 0.2500
Test instance 0.2500, class 0.2500
2026-06-24 17:41:35,765 - INFO - Best instance 0.3125, class 0.3125 (epoch 31)
Best instance 0.3125, class 0.3125 (epoch 31)
2026-06-24 17:41:35,783 - INFO - Epoch 129/200:
Epoch 129/200:
2026-06-24 17:41:38,381 - INFO - Train loss: 0.0076 (2.6s)
Train loss: 0.0076 (2.6s)
2026-06-24 17:41:38,623 - INFO - Test instance 0.2500, class 0.2500
Test instance 0.2500, class 0.2500
2026-06-24 17:41:38,623 - INFO - Best instance 0.3125, class 0.3125 (epoch 31)
Best instance 0.3125, class 0.3125 (epoch 31)
2026-06-24 17:41:38,640 - INFO - Epoch 130/200:
Epoch 130/200:
2026-06-24 17:41:41,225 - INFO - Train loss: 0.0072 (2.6s)
Train loss: 0.0072 (2.6s)
2026-06-24 17:41:41,471 - INFO - Test instance 0.2500, class 0.2500
Test instance 0.2500, class 0.2500
2026-06-24 17:41:41,472 - INFO - Best instance 0.3125, class 0.3125 (epoch 31)
Best instance 0.3125, class 0.3125 (epoch 31)
2026-06-24 17:41:41,489 - INFO - Epoch 131/200:
Epoch 131/200:
2026-06-24 17:41:44,088 - INFO - Train loss: 0.0067 (2.6s)
Train loss: 0.0067 (2.6s)
2026-06-24 17:41:44,335 - INFO - Test instance 0.2375, class 0.2375
Test instance 0.2375, class 0.2375
2026-06-24 17:41:44,335 - INFO - Best instance 0.3125, class 0.3125 (epoch 31)
Best instance 0.3125, class 0.3125 (epoch 31)
2026-06-24 17:41:44,351 - INFO - Epoch 132/200:
Epoch 132/200:
2026-06-24 17:41:46,949 - INFO - Train loss: 0.0072 (2.6s)
Train loss: 0.0072 (2.6s)
2026-06-24 17:41:47,194 - INFO - Test instance 0.2500, class 0.2500
Test instance 0.2500, class 0.2500
2026-06-24 17:41:47,195 - INFO - Best instance 0.3125, class 0.3125 (epoch 31)
Best instance 0.3125, class 0.3125 (epoch 31)
2026-06-24 17:41:47,211 - INFO - Epoch 133/200:
Epoch 133/200:
2026-06-24 17:41:49,805 - INFO - Train loss: 0.0076 (2.6s)
Train loss: 0.0076 (2.6s)
2026-06-24 17:41:50,057 - INFO - Test instance 0.2500, class 0.2500
Test instance 0.2500, class 0.2500
2026-06-24 17:41:50,057 - INFO - Best instance 0.3125, class 0.3125 (epoch 31)
Best instance 0.3125, class 0.3125 (epoch 31)
2026-06-24 17:41:50,074 - INFO - Epoch 134/200:
Epoch 134/200:
2026-06-24 17:41:52,652 - INFO - Train loss: 0.0070 (2.6s)
Train loss: 0.0070 (2.6s)
2026-06-24 17:41:52,909 - INFO - Test instance 0.2500, class 0.2500
Test instance 0.2500, class 0.2500
2026-06-24 17:41:52,909 - INFO - Best instance 0.3125, class 0.3125 (epoch 31)
Best instance 0.3125, class 0.3125 (epoch 31)
2026-06-24 17:41:52,926 - INFO - Epoch 135/200:
Epoch 135/200:
2026-06-24 17:41:55,513 - INFO - Train loss: 0.0075 (2.6s)
Train loss: 0.0075 (2.6s)
2026-06-24 17:41:55,760 - INFO - Test instance 0.2500, class 0.2500
Test instance 0.2500, class 0.2500
2026-06-24 17:41:55,760 - INFO - Best instance 0.3125, class 0.3125 (epoch 31)
Best instance 0.3125, class 0.3125 (epoch 31)
2026-06-24 17:41:55,778 - INFO - Epoch 136/200:
Epoch 136/200:
2026-06-24 17:41:58,365 - INFO - Train loss: 0.0076 (2.6s)
Train loss: 0.0076 (2.6s)
2026-06-24 17:41:58,612 - INFO - Test instance 0.2500, class 0.2500
Test instance 0.2500, class 0.2500
2026-06-24 17:41:58,612 - INFO - Best instance 0.3125, class 0.3125 (epoch 31)
Best instance 0.3125, class 0.3125 (epoch 31)
2026-06-24 17:41:58,629 - INFO - Epoch 137/200:
Epoch 137/200:
2026-06-24 17:42:01,210 - INFO - Train loss: 0.0074 (2.6s)
Train loss: 0.0074 (2.6s)
2026-06-24 17:42:01,457 - INFO - Test instance 0.2500, class 0.2500
Test instance 0.2500, class 0.2500
2026-06-24 17:42:01,457 - INFO - Best instance 0.3125, class 0.3125 (epoch 31)
Best instance 0.3125, class 0.3125 (epoch 31)
2026-06-24 17:42:01,474 - INFO - Epoch 138/200:
Epoch 138/200:
2026-06-24 17:42:04,112 - INFO - Train loss: 0.0075 (2.6s)
Train loss: 0.0075 (2.6s)
2026-06-24 17:42:04,362 - INFO - Test instance 0.2500, class 0.2500
Test instance 0.2500, class 0.2500
2026-06-24 17:42:04,362 - INFO - Best instance 0.3125, class 0.3125 (epoch 31)
Best instance 0.3125, class 0.3125 (epoch 31)
2026-06-24 17:42:04,379 - INFO - Epoch 139/200:
Epoch 139/200:
2026-06-24 17:42:06,966 - INFO - Train loss: 0.0075 (2.6s)
Train loss: 0.0075 (2.6s)
2026-06-24 17:42:07,211 - INFO - Test instance 0.2375, class 0.2375
Test instance 0.2375, class 0.2375
2026-06-24 17:42:07,212 - INFO - Best instance 0.3125, class 0.3125 (epoch 31)
Best instance 0.3125, class 0.3125 (epoch 31)
2026-06-24 17:42:07,228 - INFO - Epoch 140/200:
Epoch 140/200:
2026-06-24 17:42:09,813 - INFO - Train loss: 0.0067 (2.6s)
Train loss: 0.0067 (2.6s)
2026-06-24 17:42:10,060 - INFO - Test instance 0.2500, class 0.2500
Test instance 0.2500, class 0.2500
2026-06-24 17:42:10,060 - INFO - Best instance 0.3125, class 0.3125 (epoch 31)
Best instance 0.3125, class 0.3125 (epoch 31)
2026-06-24 17:42:10,077 - INFO - Epoch 141/200:
Epoch 141/200:
2026-06-24 17:42:12,657 - INFO - Train loss: 0.0079 (2.6s)
Train loss: 0.0079 (2.6s)
2026-06-24 17:42:12,909 - INFO - Test instance 0.2500, class 0.2500
Test instance 0.2500, class 0.2500
2026-06-24 17:42:12,910 - INFO - Best instance 0.3125, class 0.3125 (epoch 31)
Best instance 0.3125, class 0.3125 (epoch 31)
2026-06-24 17:42:12,927 - INFO - Epoch 142/200:
Epoch 142/200:
2026-06-24 17:42:15,508 - INFO - Train loss: 0.0073 (2.6s)
Train loss: 0.0073 (2.6s)
2026-06-24 17:42:15,755 - INFO - Test instance 0.2500, class 0.2500
Test instance 0.2500, class 0.2500
2026-06-24 17:42:15,757 - INFO - Best instance 0.3125, class 0.3125 (epoch 31)
Best instance 0.3125, class 0.3125 (epoch 31)
2026-06-24 17:42:15,773 - INFO - Epoch 143/200:
Epoch 143/200:
2026-06-24 17:42:18,355 - INFO - Train loss: 0.0068 (2.6s)
Train loss: 0.0068 (2.6s)
2026-06-24 17:42:18,610 - INFO - Test instance 0.2500, class 0.2500
Test instance 0.2500, class 0.2500
2026-06-24 17:42:18,611 - INFO - Best instance 0.3125, class 0.3125 (epoch 31)
Best instance 0.3125, class 0.3125 (epoch 31)
2026-06-24 17:42:18,627 - INFO - Epoch 144/200:
Epoch 144/200:
2026-06-24 17:42:21,232 - INFO - Train loss: 0.0074 (2.6s)
Train loss: 0.0074 (2.6s)
2026-06-24 17:42:21,482 - INFO - Test instance 0.2500, class 0.2500
Test instance 0.2500, class 0.2500
2026-06-24 17:42:21,482 - INFO - Best instance 0.3125, class 0.3125 (epoch 31)
Best instance 0.3125, class 0.3125 (epoch 31)
2026-06-24 17:42:21,499 - INFO - Epoch 145/200:
Epoch 145/200:
2026-06-24 17:42:24,078 - INFO - Train loss: 0.0073 (2.6s)
Train loss: 0.0073 (2.6s)
2026-06-24 17:42:24,325 - INFO - Test instance 0.2500, class 0.2500
Test instance 0.2500, class 0.2500
2026-06-24 17:42:24,325 - INFO - Best instance 0.3125, class 0.3125 (epoch 31)
Best instance 0.3125, class 0.3125 (epoch 31)
2026-06-24 17:42:24,342 - INFO - Epoch 146/200:
Epoch 146/200:
2026-06-24 17:42:26,926 - INFO - Train loss: 0.0068 (2.6s)
Train loss: 0.0068 (2.6s)
2026-06-24 17:42:27,174 - INFO - Test instance 0.2500, class 0.2500
Test instance 0.2500, class 0.2500
2026-06-24 17:42:27,175 - INFO - Best instance 0.3125, class 0.3125 (epoch 31)
Best instance 0.3125, class 0.3125 (epoch 31)
2026-06-24 17:42:27,192 - INFO - Epoch 147/200:
Epoch 147/200:
2026-06-24 17:42:29,772 - INFO - Train loss: 0.0070 (2.6s)
Train loss: 0.0070 (2.6s)
2026-06-24 17:42:30,020 - INFO - Test instance 0.2500, class 0.2500
Test instance 0.2500, class 0.2500
2026-06-24 17:42:30,020 - INFO - Best instance 0.3125, class 0.3125 (epoch 31)
Best instance 0.3125, class 0.3125 (epoch 31)
2026-06-24 17:42:30,037 - INFO - Epoch 148/200:
Epoch 148/200:
2026-06-24 17:42:32,611 - INFO - Train loss: 0.0069 (2.6s)
Train loss: 0.0069 (2.6s)
2026-06-24 17:42:32,853 - INFO - Test instance 0.2375, class 0.2375
Test instance 0.2375, class 0.2375
2026-06-24 17:42:32,853 - INFO - Best instance 0.3125, class 0.3125 (epoch 31)
Best instance 0.3125, class 0.3125 (epoch 31)
2026-06-24 17:42:32,870 - INFO - Epoch 149/200:
Epoch 149/200:
2026-06-24 17:42:35,430 - INFO - Train loss: 0.0077 (2.6s)
Train loss: 0.0077 (2.6s)
2026-06-24 17:42:35,685 - INFO - Test instance 0.2250, class 0.2250
Test instance 0.2250, class 0.2250
2026-06-24 17:42:35,685 - INFO - Best instance 0.3125, class 0.3125 (epoch 31)
Best instance 0.3125, class 0.3125 (epoch 31)
2026-06-24 17:42:35,702 - INFO - Epoch 150/200:
Epoch 150/200:
2026-06-24 17:42:38,303 - INFO - Train loss: 0.0072 (2.6s)
Train loss: 0.0072 (2.6s)
2026-06-24 17:42:38,551 - INFO - Test instance 0.2375, class 0.2375
Test instance 0.2375, class 0.2375
2026-06-24 17:42:38,551 - INFO - Best instance 0.3125, class 0.3125 (epoch 31)
Best instance 0.3125, class 0.3125 (epoch 31)
2026-06-24 17:42:38,568 - INFO - Epoch 151/200:
Epoch 151/200:
2026-06-24 17:42:41,148 - INFO - Train loss: 0.0072 (2.6s)
Train loss: 0.0072 (2.6s)
2026-06-24 17:42:41,395 - INFO - Test instance 0.2500, class 0.2500
Test instance 0.2500, class 0.2500
2026-06-24 17:42:41,395 - INFO - Best instance 0.3125, class 0.3125 (epoch 31)
Best instance 0.3125, class 0.3125 (epoch 31)
2026-06-24 17:42:41,412 - INFO - Epoch 152/200:
Epoch 152/200:
2026-06-24 17:42:44,004 - INFO - Train loss: 0.0072 (2.6s)
Train loss: 0.0072 (2.6s)
2026-06-24 17:42:44,253 - INFO - Test instance 0.2500, class 0.2500
Test instance 0.2500, class 0.2500
2026-06-24 17:42:44,253 - INFO - Best instance 0.3125, class 0.3125 (epoch 31)
Best instance 0.3125, class 0.3125 (epoch 31)
2026-06-24 17:42:44,269 - INFO - Epoch 153/200:
Epoch 153/200:
2026-06-24 17:42:46,857 - INFO - Train loss: 0.0069 (2.6s)
Train loss: 0.0069 (2.6s)
2026-06-24 17:42:47,102 - INFO - Test instance 0.2500, class 0.2500
Test instance 0.2500, class 0.2500
2026-06-24 17:42:47,102 - INFO - Best instance 0.3125, class 0.3125 (epoch 31)
Best instance 0.3125, class 0.3125 (epoch 31)
2026-06-24 17:42:47,119 - INFO - Epoch 154/200:
Epoch 154/200:
2026-06-24 17:42:49,697 - INFO - Train loss: 0.0068 (2.6s)
Train loss: 0.0068 (2.6s)
2026-06-24 17:42:49,939 - INFO - Test instance 0.2500, class 0.2500
Test instance 0.2500, class 0.2500
2026-06-24 17:42:49,939 - INFO - Best instance 0.3125, class 0.3125 (epoch 31)
Best instance 0.3125, class 0.3125 (epoch 31)
2026-06-24 17:42:49,956 - INFO - Epoch 155/200:
Epoch 155/200:
2026-06-24 17:42:52,548 - INFO - Train loss: 0.0072 (2.6s)
Train loss: 0.0072 (2.6s)
2026-06-24 17:42:52,791 - INFO - Test instance 0.2000, class 0.2000
Test instance 0.2000, class 0.2000
2026-06-24 17:42:52,791 - INFO - Best instance 0.3125, class 0.3125 (epoch 31)
Best instance 0.3125, class 0.3125 (epoch 31)
2026-06-24 17:42:52,808 - INFO - Epoch 156/200:
Epoch 156/200:
2026-06-24 17:42:55,394 - INFO - Train loss: 0.0076 (2.6s)
Train loss: 0.0076 (2.6s)
2026-06-24 17:42:55,639 - INFO - Test instance 0.2625, class 0.2625
Test instance 0.2625, class 0.2625
2026-06-24 17:42:55,639 - INFO - Best instance 0.3125, class 0.3125 (epoch 31)
Best instance 0.3125, class 0.3125 (epoch 31)
2026-06-24 17:42:55,655 - INFO - Epoch 157/200:
Epoch 157/200:
2026-06-24 17:42:58,239 - INFO - Train loss: 0.0076 (2.6s)
Train loss: 0.0076 (2.6s)
2026-06-24 17:42:58,484 - INFO - Test instance 0.2500, class 0.2500
Test instance 0.2500, class 0.2500
2026-06-24 17:42:58,485 - INFO - Best instance 0.3125, class 0.3125 (epoch 31)
Best instance 0.3125, class 0.3125 (epoch 31)
2026-06-24 17:42:58,502 - INFO - Epoch 158/200:
Epoch 158/200:
2026-06-24 17:43:01,094 - INFO - Train loss: 0.0076 (2.6s)
Train loss: 0.0076 (2.6s)
2026-06-24 17:43:01,335 - INFO - Test instance 0.2500, class 0.2500
Test instance 0.2500, class 0.2500
2026-06-24 17:43:01,336 - INFO - Best instance 0.3125, class 0.3125 (epoch 31)
Best instance 0.3125, class 0.3125 (epoch 31)
2026-06-24 17:43:01,352 - INFO - Epoch 159/200:
Epoch 159/200:
2026-06-24 17:43:03,968 - INFO - Train loss: 0.0074 (2.6s)
Train loss: 0.0074 (2.6s)
2026-06-24 17:43:04,218 - INFO - Test instance 0.2500, class 0.2500
Test instance 0.2500, class 0.2500
2026-06-24 17:43:04,218 - INFO - Best instance 0.3125, class 0.3125 (epoch 31)
Best instance 0.3125, class 0.3125 (epoch 31)
2026-06-24 17:43:04,235 - INFO - Epoch 160/200:
Epoch 160/200:
2026-06-24 17:43:06,801 - INFO - Train loss: 0.0073 (2.6s)
Train loss: 0.0073 (2.6s)
2026-06-24 17:43:07,056 - INFO - Test instance 0.2500, class 0.2500
Test instance 0.2500, class 0.2500
2026-06-24 17:43:07,056 - INFO - Best instance 0.3125, class 0.3125 (epoch 31)
Best instance 0.3125, class 0.3125 (epoch 31)
2026-06-24 17:43:07,073 - INFO - Epoch 161/200:
Epoch 161/200:
2026-06-24 17:43:09,671 - INFO - Train loss: 0.0075 (2.6s)
Train loss: 0.0075 (2.6s)
2026-06-24 17:43:09,924 - INFO - Test instance 0.2500, class 0.2500
Test instance 0.2500, class 0.2500
2026-06-24 17:43:09,924 - INFO - Best instance 0.3125, class 0.3125 (epoch 31)
Best instance 0.3125, class 0.3125 (epoch 31)
2026-06-24 17:43:09,940 - INFO - Epoch 162/200:
Epoch 162/200:
2026-06-24 17:43:12,512 - INFO - Train loss: 0.0068 (2.6s)
Train loss: 0.0068 (2.6s)
2026-06-24 17:43:12,757 - INFO - Test instance 0.2500, class 0.2500
Test instance 0.2500, class 0.2500
2026-06-24 17:43:12,758 - INFO - Best instance 0.3125, class 0.3125 (epoch 31)
Best instance 0.3125, class 0.3125 (epoch 31)
2026-06-24 17:43:12,774 - INFO - Epoch 163/200:
Epoch 163/200:
2026-06-24 17:43:15,356 - INFO - Train loss: 0.0070 (2.6s)
Train loss: 0.0070 (2.6s)
2026-06-24 17:43:15,604 - INFO - Test instance 0.2500, class 0.2500
Test instance 0.2500, class 0.2500
2026-06-24 17:43:15,605 - INFO - Best instance 0.3125, class 0.3125 (epoch 31)
Best instance 0.3125, class 0.3125 (epoch 31)
2026-06-24 17:43:15,621 - INFO - Epoch 164/200:
Epoch 164/200:
2026-06-24 17:43:18,203 - INFO - Train loss: 0.0076 (2.6s)
Train loss: 0.0076 (2.6s)
2026-06-24 17:43:18,447 - INFO - Test instance 0.2500, class 0.2500
Test instance 0.2500, class 0.2500
2026-06-24 17:43:18,447 - INFO - Best instance 0.3125, class 0.3125 (epoch 31)
Best instance 0.3125, class 0.3125 (epoch 31)
2026-06-24 17:43:18,463 - INFO - Epoch 165/200:
Epoch 165/200:
2026-06-24 17:43:21,051 - INFO - Train loss: 0.0075 (2.6s)
Train loss: 0.0075 (2.6s)
2026-06-24 17:43:21,300 - INFO - Test instance 0.2500, class 0.2500
Test instance 0.2500, class 0.2500
2026-06-24 17:43:21,300 - INFO - Best instance 0.3125, class 0.3125 (epoch 31)
Best instance 0.3125, class 0.3125 (epoch 31)
2026-06-24 17:43:21,317 - INFO - Epoch 166/200:
Epoch 166/200:
2026-06-24 17:43:23,902 - INFO - Train loss: 0.0082 (2.6s)
Train loss: 0.0082 (2.6s)
2026-06-24 17:43:24,147 - INFO - Test instance 0.2500, class 0.2500
Test instance 0.2500, class 0.2500
2026-06-24 17:43:24,147 - INFO - Best instance 0.3125, class 0.3125 (epoch 31)
Best instance 0.3125, class 0.3125 (epoch 31)
2026-06-24 17:43:24,163 - INFO - Epoch 167/200:
Epoch 167/200:
2026-06-24 17:43:26,750 - INFO - Train loss: 0.0076 (2.6s)
Train loss: 0.0076 (2.6s)
2026-06-24 17:43:27,000 - INFO - Test instance 0.2250, class 0.2250
Test instance 0.2250, class 0.2250
2026-06-24 17:43:27,001 - INFO - Best instance 0.3125, class 0.3125 (epoch 31)
Best instance 0.3125, class 0.3125 (epoch 31)
2026-06-24 17:43:27,018 - INFO - Epoch 168/200:
Epoch 168/200:
2026-06-24 17:43:29,612 - INFO - Train loss: 0.0066 (2.6s)
Train loss: 0.0066 (2.6s)
2026-06-24 17:43:29,860 - INFO - Test instance 0.2500, class 0.2500
Test instance 0.2500, class 0.2500
2026-06-24 17:43:29,860 - INFO - Best instance 0.3125, class 0.3125 (epoch 31)
Best instance 0.3125, class 0.3125 (epoch 31)
2026-06-24 17:43:29,877 - INFO - Epoch 169/200:
Epoch 169/200:
2026-06-24 17:43:32,474 - INFO - Train loss: 0.0075 (2.6s)
Train loss: 0.0075 (2.6s)
2026-06-24 17:43:32,724 - INFO - Test instance 0.2500, class 0.2500
Test instance 0.2500, class 0.2500
2026-06-24 17:43:32,724 - INFO - Best instance 0.3125, class 0.3125 (epoch 31)
Best instance 0.3125, class 0.3125 (epoch 31)
2026-06-24 17:43:32,741 - INFO - Epoch 170/200:
Epoch 170/200:
2026-06-24 17:43:35,314 - INFO - Train loss: 0.0076 (2.6s)
Train loss: 0.0076 (2.6s)
2026-06-24 17:43:35,565 - INFO - Test instance 0.2500, class 0.2500
Test instance 0.2500, class 0.2500
2026-06-24 17:43:35,566 - INFO - Best instance 0.3125, class 0.3125 (epoch 31)
Best instance 0.3125, class 0.3125 (epoch 31)
2026-06-24 17:43:35,582 - INFO - Epoch 171/200:
Epoch 171/200:
2026-06-24 17:43:38,154 - INFO - Train loss: 0.0078 (2.6s)
Train loss: 0.0078 (2.6s)
2026-06-24 17:43:38,396 - INFO - Test instance 0.2500, class 0.2500
Test instance 0.2500, class 0.2500
2026-06-24 17:43:38,397 - INFO - Best instance 0.3125, class 0.3125 (epoch 31)
Best instance 0.3125, class 0.3125 (epoch 31)
2026-06-24 17:43:38,413 - INFO - Epoch 172/200:
Epoch 172/200:
2026-06-24 17:43:40,975 - INFO - Train loss: 0.0075 (2.6s)
Train loss: 0.0075 (2.6s)
2026-06-24 17:43:41,217 - INFO - Test instance 0.2625, class 0.2625
Test instance 0.2625, class 0.2625
2026-06-24 17:43:41,217 - INFO - Best instance 0.3125, class 0.3125 (epoch 31)
Best instance 0.3125, class 0.3125 (epoch 31)
2026-06-24 17:43:41,233 - INFO - Epoch 173/200:
Epoch 173/200:
2026-06-24 17:43:43,792 - INFO - Train loss: 0.0072 (2.6s)
Train loss: 0.0072 (2.6s)
2026-06-24 17:43:44,040 - INFO - Test instance 0.2375, class 0.2375
Test instance 0.2375, class 0.2375
2026-06-24 17:43:44,040 - INFO - Best instance 0.3125, class 0.3125 (epoch 31)
Best instance 0.3125, class 0.3125 (epoch 31)
2026-06-24 17:43:44,056 - INFO - Epoch 174/200:
Epoch 174/200:
2026-06-24 17:43:46,603 - INFO - Train loss: 0.0069 (2.5s)
Train loss: 0.0069 (2.5s)
2026-06-24 17:43:46,847 - INFO - Test instance 0.2500, class 0.2500
Test instance 0.2500, class 0.2500
2026-06-24 17:43:46,847 - INFO - Best instance 0.3125, class 0.3125 (epoch 31)
Best instance 0.3125, class 0.3125 (epoch 31)
2026-06-24 17:43:46,865 - INFO - Epoch 175/200:
Epoch 175/200:
2026-06-24 17:43:49,427 - INFO - Train loss: 0.0070 (2.6s)
Train loss: 0.0070 (2.6s)
2026-06-24 17:43:49,681 - INFO - Test instance 0.2500, class 0.2500
Test instance 0.2500, class 0.2500
2026-06-24 17:43:49,682 - INFO - Best instance 0.3125, class 0.3125 (epoch 31)
Best instance 0.3125, class 0.3125 (epoch 31)
2026-06-24 17:43:49,698 - INFO - Epoch 176/200:
Epoch 176/200:
2026-06-24 17:43:52,269 - INFO - Train loss: 0.0072 (2.6s)
Train loss: 0.0072 (2.6s)
2026-06-24 17:43:52,515 - INFO - Test instance 0.2500, class 0.2500
Test instance 0.2500, class 0.2500
2026-06-24 17:43:52,515 - INFO - Best instance 0.3125, class 0.3125 (epoch 31)
Best instance 0.3125, class 0.3125 (epoch 31)
2026-06-24 17:43:52,533 - INFO - Epoch 177/200:
Epoch 177/200:
2026-06-24 17:43:55,115 - INFO - Train loss: 0.0075 (2.6s)
Train loss: 0.0075 (2.6s)
2026-06-24 17:43:55,372 - INFO - Test instance 0.2375, class 0.2375
Test instance 0.2375, class 0.2375
2026-06-24 17:43:55,373 - INFO - Best instance 0.3125, class 0.3125 (epoch 31)
Best instance 0.3125, class 0.3125 (epoch 31)
2026-06-24 17:43:55,389 - INFO - Epoch 178/200:
Epoch 178/200:
2026-06-24 17:43:57,959 - INFO - Train loss: 0.0066 (2.6s)
Train loss: 0.0066 (2.6s)
2026-06-24 17:43:58,199 - INFO - Test instance 0.2500, class 0.2500
Test instance 0.2500, class 0.2500
2026-06-24 17:43:58,199 - INFO - Best instance 0.3125, class 0.3125 (epoch 31)
Best instance 0.3125, class 0.3125 (epoch 31)
2026-06-24 17:43:58,215 - INFO - Epoch 179/200:
Epoch 179/200:
2026-06-24 17:44:00,808 - INFO - Train loss: 0.0067 (2.6s)
Train loss: 0.0067 (2.6s)
2026-06-24 17:44:01,054 - INFO - Test instance 0.2500, class 0.2500
Test instance 0.2500, class 0.2500
2026-06-24 17:44:01,054 - INFO - Best instance 0.3125, class 0.3125 (epoch 31)
Best instance 0.3125, class 0.3125 (epoch 31)
2026-06-24 17:44:01,070 - INFO - Epoch 180/200:
Epoch 180/200:
2026-06-24 17:44:03,712 - INFO - Train loss: 0.0075 (2.6s)
Train loss: 0.0075 (2.6s)
2026-06-24 17:44:03,961 - INFO - Test instance 0.2500, class 0.2500
Test instance 0.2500, class 0.2500
2026-06-24 17:44:03,962 - INFO - Best instance 0.3125, class 0.3125 (epoch 31)
Best instance 0.3125, class 0.3125 (epoch 31)
2026-06-24 17:44:03,978 - INFO - Epoch 181/200:
Epoch 181/200:
2026-06-24 17:44:06,567 - INFO - Train loss: 0.0071 (2.6s)
Train loss: 0.0071 (2.6s)
2026-06-24 17:44:06,818 - INFO - Test instance 0.2375, class 0.2375
Test instance 0.2375, class 0.2375
2026-06-24 17:44:06,818 - INFO - Best instance 0.3125, class 0.3125 (epoch 31)
Best instance 0.3125, class 0.3125 (epoch 31)
2026-06-24 17:44:06,835 - INFO - Epoch 182/200:
Epoch 182/200:
2026-06-24 17:44:09,450 - INFO - Train loss: 0.0081 (2.6s)
Train loss: 0.0081 (2.6s)
2026-06-24 17:44:09,694 - INFO - Test instance 0.2375, class 0.2375
Test instance 0.2375, class 0.2375
2026-06-24 17:44:09,694 - INFO - Best instance 0.3125, class 0.3125 (epoch 31)
Best instance 0.3125, class 0.3125 (epoch 31)
2026-06-24 17:44:09,711 - INFO - Epoch 183/200:
Epoch 183/200:
2026-06-24 17:44:12,278 - INFO - Train loss: 0.0071 (2.6s)
Train loss: 0.0071 (2.6s)
2026-06-24 17:44:12,527 - INFO - Test instance 0.2375, class 0.2375
Test instance 0.2375, class 0.2375
2026-06-24 17:44:12,528 - INFO - Best instance 0.3125, class 0.3125 (epoch 31)
Best instance 0.3125, class 0.3125 (epoch 31)
2026-06-24 17:44:12,544 - INFO - Epoch 184/200:
Epoch 184/200:
2026-06-24 17:44:15,101 - INFO - Train loss: 0.0076 (2.6s)
Train loss: 0.0076 (2.6s)
2026-06-24 17:44:15,342 - INFO - Test instance 0.2625, class 0.2625
Test instance 0.2625, class 0.2625
2026-06-24 17:44:15,342 - INFO - Best instance 0.3125, class 0.3125 (epoch 31)
Best instance 0.3125, class 0.3125 (epoch 31)
2026-06-24 17:44:15,359 - INFO - Epoch 185/200:
Epoch 185/200:
2026-06-24 17:44:17,949 - INFO - Train loss: 0.0067 (2.6s)
Train loss: 0.0067 (2.6s)
2026-06-24 17:44:18,194 - INFO - Test instance 0.2625, class 0.2625
Test instance 0.2625, class 0.2625
2026-06-24 17:44:18,194 - INFO - Best instance 0.3125, class 0.3125 (epoch 31)
Best instance 0.3125, class 0.3125 (epoch 31)
2026-06-24 17:44:18,210 - INFO - Epoch 186/200:
Epoch 186/200:
2026-06-24 17:44:20,803 - INFO - Train loss: 0.0076 (2.6s)
Train loss: 0.0076 (2.6s)
2026-06-24 17:44:21,059 - INFO - Test instance 0.2500, class 0.2500
Test instance 0.2500, class 0.2500
2026-06-24 17:44:21,059 - INFO - Best instance 0.3125, class 0.3125 (epoch 31)
Best instance 0.3125, class 0.3125 (epoch 31)
2026-06-24 17:44:21,076 - INFO - Epoch 187/200:
Epoch 187/200:
2026-06-24 17:44:23,667 - INFO - Train loss: 0.0074 (2.6s)
Train loss: 0.0074 (2.6s)
2026-06-24 17:44:23,913 - INFO - Test instance 0.2375, class 0.2375
Test instance 0.2375, class 0.2375
2026-06-24 17:44:23,913 - INFO - Best instance 0.3125, class 0.3125 (epoch 31)
Best instance 0.3125, class 0.3125 (epoch 31)
2026-06-24 17:44:23,930 - INFO - Epoch 188/200:
Epoch 188/200:
2026-06-24 17:44:26,530 - INFO - Train loss: 0.0072 (2.6s)
Train loss: 0.0072 (2.6s)
2026-06-24 17:44:26,774 - INFO - Test instance 0.2500, class 0.2500
Test instance 0.2500, class 0.2500
2026-06-24 17:44:26,774 - INFO - Best instance 0.3125, class 0.3125 (epoch 31)
Best instance 0.3125, class 0.3125 (epoch 31)
2026-06-24 17:44:26,792 - INFO - Epoch 189/200:
Epoch 189/200:
2026-06-24 17:44:29,363 - INFO - Train loss: 0.0074 (2.6s)
Train loss: 0.0074 (2.6s)
2026-06-24 17:44:29,613 - INFO - Test instance 0.2500, class 0.2500
Test instance 0.2500, class 0.2500
2026-06-24 17:44:29,613 - INFO - Best instance 0.3125, class 0.3125 (epoch 31)
Best instance 0.3125, class 0.3125 (epoch 31)
2026-06-24 17:44:29,630 - INFO - Epoch 190/200:
Epoch 190/200:
2026-06-24 17:44:32,226 - INFO - Train loss: 0.0074 (2.6s)
Train loss: 0.0074 (2.6s)
2026-06-24 17:44:32,472 - INFO - Test instance 0.2500, class 0.2500
Test instance 0.2500, class 0.2500
2026-06-24 17:44:32,473 - INFO - Best instance 0.3125, class 0.3125 (epoch 31)
Best instance 0.3125, class 0.3125 (epoch 31)
2026-06-24 17:44:32,490 - INFO - Epoch 191/200:
Epoch 191/200:
2026-06-24 17:44:35,063 - INFO - Train loss: 0.0079 (2.6s)
Train loss: 0.0079 (2.6s)
2026-06-24 17:44:35,315 - INFO - Test instance 0.2500, class 0.2500
Test instance 0.2500, class 0.2500
2026-06-24 17:44:35,316 - INFO - Best instance 0.3125, class 0.3125 (epoch 31)
Best instance 0.3125, class 0.3125 (epoch 31)
2026-06-24 17:44:35,332 - INFO - Epoch 192/200:
Epoch 192/200:
2026-06-24 17:44:37,909 - INFO - Train loss: 0.0072 (2.6s)
Train loss: 0.0072 (2.6s)
2026-06-24 17:44:38,163 - INFO - Test instance 0.2500, class 0.2500
Test instance 0.2500, class 0.2500
2026-06-24 17:44:38,163 - INFO - Best instance 0.3125, class 0.3125 (epoch 31)
Best instance 0.3125, class 0.3125 (epoch 31)
2026-06-24 17:44:38,180 - INFO - Epoch 193/200:
Epoch 193/200:
2026-06-24 17:44:40,780 - INFO - Train loss: 0.0070 (2.6s)
Train loss: 0.0070 (2.6s)
2026-06-24 17:44:41,034 - INFO - Test instance 0.2500, class 0.2500
Test instance 0.2500, class 0.2500
2026-06-24 17:44:41,035 - INFO - Best instance 0.3125, class 0.3125 (epoch 31)
Best instance 0.3125, class 0.3125 (epoch 31)
2026-06-24 17:44:41,051 - INFO - Epoch 194/200:
Epoch 194/200:
2026-06-24 17:44:43,682 - INFO - Train loss: 0.0069 (2.6s)
Train loss: 0.0069 (2.6s)
2026-06-24 17:44:43,934 - INFO - Test instance 0.2500, class 0.2500
Test instance 0.2500, class 0.2500
2026-06-24 17:44:43,934 - INFO - Best instance 0.3125, class 0.3125 (epoch 31)
Best instance 0.3125, class 0.3125 (epoch 31)
2026-06-24 17:44:43,951 - INFO - Epoch 195/200:
Epoch 195/200:
2026-06-24 17:44:46,568 - INFO - Train loss: 0.0072 (2.6s)
Train loss: 0.0072 (2.6s)
2026-06-24 17:44:46,822 - INFO - Test instance 0.2500, class 0.2500
Test instance 0.2500, class 0.2500
2026-06-24 17:44:46,822 - INFO - Best instance 0.3125, class 0.3125 (epoch 31)
Best instance 0.3125, class 0.3125 (epoch 31)
2026-06-24 17:44:46,839 - INFO - Epoch 196/200:
Epoch 196/200:
2026-06-24 17:44:49,417 - INFO - Train loss: 0.0064 (2.6s)
Train loss: 0.0064 (2.6s)
2026-06-24 17:44:49,665 - INFO - Test instance 0.2500, class 0.2500
Test instance 0.2500, class 0.2500
2026-06-24 17:44:49,665 - INFO - Best instance 0.3125, class 0.3125 (epoch 31)
Best instance 0.3125, class 0.3125 (epoch 31)
2026-06-24 17:44:49,682 - INFO - Epoch 197/200:
Epoch 197/200:
2026-06-24 17:44:52,250 - INFO - Train loss: 0.0070 (2.6s)
Train loss: 0.0070 (2.6s)
2026-06-24 17:44:52,501 - INFO - Test instance 0.2500, class 0.2500
Test instance 0.2500, class 0.2500
2026-06-24 17:44:52,501 - INFO - Best instance 0.3125, class 0.3125 (epoch 31)
Best instance 0.3125, class 0.3125 (epoch 31)
2026-06-24 17:44:52,517 - INFO - Epoch 198/200:
Epoch 198/200:
2026-06-24 17:44:55,079 - INFO - Train loss: 0.0067 (2.6s)
Train loss: 0.0067 (2.6s)
2026-06-24 17:44:55,328 - INFO - Test instance 0.2500, class 0.2500
Test instance 0.2500, class 0.2500
2026-06-24 17:44:55,329 - INFO - Best instance 0.3125, class 0.3125 (epoch 31)
Best instance 0.3125, class 0.3125 (epoch 31)
2026-06-24 17:44:55,345 - INFO - Epoch 199/200:
Epoch 199/200:
2026-06-24 17:44:57,924 - INFO - Train loss: 0.0071 (2.6s)
Train loss: 0.0071 (2.6s)
2026-06-24 17:44:58,177 - INFO - Test instance 0.2375, class 0.2375
Test instance 0.2375, class 0.2375
2026-06-24 17:44:58,178 - INFO - Best instance 0.3125, class 0.3125 (epoch 31)
Best instance 0.3125, class 0.3125 (epoch 31)
2026-06-24 17:44:58,194 - INFO - Epoch 200/200:
Epoch 200/200:
2026-06-24 17:45:00,782 - INFO - Train loss: 0.0081 (2.6s)
Train loss: 0.0081 (2.6s)
2026-06-24 17:45:01,026 - INFO - Test instance 0.2500, class 0.2500
Test instance 0.2500, class 0.2500
2026-06-24 17:45:01,027 - INFO - Best instance 0.3125, class 0.3125 (epoch 31)
Best instance 0.3125, class 0.3125 (epoch 31)
2026-06-24 17:45:21,238 - INFO - Student 1.42 MB, 59.86 ms
Student 1.42 MB, 59.86 ms
