[Wed Jun 24 17:20:43 EDT 2026] task 71 on GPU 0: python flkd/advanced_kd_train_classification.py --teacher_model pointnet2_cls_ssg --student_model small_pointnet2 --kd_strategy self --dataset craniosynostosis --seed 7 --batch_size 24 --epoch 200 --num_point 1024 --teacher_path "outputs/craniosynostosis/flkd/federated/classification/fl_pointnet2_cls_ssg_scaffold_s7/checkpoints/best_model.pth" --log_dir kd_pointnet2_cls_ssg_scaffold+self_small_pointnet2_s7  --data_root data --output_root outputs --num_workers -1 --max_runtime_hours 166.0
Loaded teacher from outputs/craniosynostosis/flkd/federated/classification/fl_pointnet2_cls_ssg_scaffold_s7/checkpoints/best_model.pth
2026-06-24 17:24:32,799 - INFO - PARAMETER ...
2026-06-24 17:24:32,799 - INFO - {'use_cpu': False, 'no_amp': False, 'gpu': '0', 'num_workers': -1, 'batch_size': 24, 'teacher_model': 'pointnet2_cls_ssg', 'student_model': 'small_pointnet2', 'num_category': 4, 'dataset': 'craniosynostosis', 'data_root': 'data', 'output_root': 'outputs', 'train_split': 0.8, 'dataset_seed': 0, 'cache_dataset': True, 'min_class_samples': 1, 'epoch': 200, 'learning_rate': 0.001, 'num_point': 1024, 'optimizer': 'Adam', 'log_dir': 'kd_pointnet2_cls_ssg_scaffold+self_small_pointnet2_s7', 'decay_rate': 0.0001, 'use_normals': False, 'process_data': False, 'use_uniform_sample': False, 'resume': True, 'kd_strategy': 'self', 'alpha': 0.5, 'temperature': 2.0, 'beta': 0.5, 'dkd_alpha': 1.0, 'dkd_beta': 8.0, 'crd_temperature': 0.07, 'teacher_path': 'outputs/craniosynostosis/flkd/federated/classification/fl_pointnet2_cls_ssg_scaffold_s7/checkpoints/best_model.pth', 'teacher_paths': None, 'teacher_weights': None, 'use_hard_labels': 'on', 'unlabeled': False, 'temperature_sweep': None, 'seed': 7, 'max_runtime_hours': 166.0}
2026-06-24 17:24:32,802 - INFO - KD=self student=small_pointnet2 AMP=False use_hard=True unlabeled=False T=2.0
KD=self student=small_pointnet2 AMP=False use_hard=True unlabeled=False T=2.0
2026-06-24 17:24:32,809 - INFO - Epoch 1/200:
Epoch 1/200:
2026-06-24 17:24:38,032 - INFO - Train loss: 0.7866 (5.2s)
Train loss: 0.7866 (5.2s)
2026-06-24 17:24:38,680 - INFO - Test instance 0.2500, class 0.2500
Test instance 0.2500, class 0.2500
2026-06-24 17:24:38,704 - INFO - Best instance 0.2500, class 0.2500 (epoch 1)
Best instance 0.2500, class 0.2500 (epoch 1)
2026-06-24 17:24:38,723 - INFO - Epoch 2/200:
Epoch 2/200:
2026-06-24 17:24:41,442 - INFO - Train loss: 0.7703 (2.7s)
Train loss: 0.7703 (2.7s)
2026-06-24 17:24:41,703 - INFO - Test instance 0.2500, class 0.2500
Test instance 0.2500, class 0.2500
2026-06-24 17:24:41,703 - INFO - Best instance 0.2500, class 0.2500 (epoch 1)
Best instance 0.2500, class 0.2500 (epoch 1)
2026-06-24 17:24:41,722 - INFO - Epoch 3/200:
Epoch 3/200:
2026-06-24 17:24:44,437 - INFO - Train loss: 0.7558 (2.7s)
Train loss: 0.7558 (2.7s)
2026-06-24 17:24:44,709 - INFO - Test instance 0.2500, class 0.2500
Test instance 0.2500, class 0.2500
2026-06-24 17:24:44,709 - INFO - Best instance 0.2500, class 0.2500 (epoch 1)
Best instance 0.2500, class 0.2500 (epoch 1)
2026-06-24 17:24:44,727 - INFO - Epoch 4/200:
Epoch 4/200:
2026-06-24 17:24:47,436 - INFO - Train loss: 0.7301 (2.7s)
Train loss: 0.7301 (2.7s)
2026-06-24 17:24:47,697 - INFO - Test instance 0.2500, class 0.2500
Test instance 0.2500, class 0.2500
2026-06-24 17:24:47,697 - INFO - Best instance 0.2500, class 0.2500 (epoch 1)
Best instance 0.2500, class 0.2500 (epoch 1)
2026-06-24 17:24:47,715 - INFO - Epoch 5/200:
Epoch 5/200:
2026-06-24 17:24:50,425 - INFO - Train loss: 0.7224 (2.7s)
Train loss: 0.7224 (2.7s)
2026-06-24 17:24:50,682 - INFO - Test instance 0.2500, class 0.2500
Test instance 0.2500, class 0.2500
2026-06-24 17:24:50,682 - INFO - Best instance 0.2500, class 0.2500 (epoch 1)
Best instance 0.2500, class 0.2500 (epoch 1)
2026-06-24 17:24:50,700 - INFO - Epoch 6/200:
Epoch 6/200:
2026-06-24 17:24:53,406 - INFO - Train loss: 0.7126 (2.7s)
Train loss: 0.7126 (2.7s)
2026-06-24 17:24:53,675 - INFO - Test instance 0.2500, class 0.2500
Test instance 0.2500, class 0.2500
2026-06-24 17:24:53,676 - INFO - Best instance 0.2500, class 0.2500 (epoch 1)
Best instance 0.2500, class 0.2500 (epoch 1)
2026-06-24 17:24:53,694 - INFO - Epoch 7/200:
Epoch 7/200:
2026-06-24 17:24:56,367 - INFO - Train loss: 0.7132 (2.7s)
Train loss: 0.7132 (2.7s)
2026-06-24 17:24:56,626 - INFO - Test instance 0.3625, class 0.3625
Test instance 0.3625, class 0.3625
2026-06-24 17:24:56,644 - INFO - Best instance 0.3625, class 0.3625 (epoch 7)
Best instance 0.3625, class 0.3625 (epoch 7)
2026-06-24 17:24:56,662 - INFO - Epoch 8/200:
Epoch 8/200:
2026-06-24 17:24:59,387 - INFO - Train loss: 0.6986 (2.7s)
Train loss: 0.6986 (2.7s)
2026-06-24 17:24:59,648 - INFO - Test instance 0.2875, class 0.2875
Test instance 0.2875, class 0.2875
2026-06-24 17:24:59,648 - INFO - Best instance 0.3625, class 0.3625 (epoch 7)
Best instance 0.3625, class 0.3625 (epoch 7)
2026-06-24 17:24:59,666 - INFO - Epoch 9/200:
Epoch 9/200:
2026-06-24 17:25:02,415 - INFO - Train loss: 0.6733 (2.7s)
Train loss: 0.6733 (2.7s)
2026-06-24 17:25:02,686 - INFO - Test instance 0.3000, class 0.3000
Test instance 0.3000, class 0.3000
2026-06-24 17:25:02,686 - INFO - Best instance 0.3625, class 0.3625 (epoch 7)
Best instance 0.3625, class 0.3625 (epoch 7)
2026-06-24 17:25:02,707 - INFO - Epoch 10/200:
Epoch 10/200:
2026-06-24 17:25:05,434 - INFO - Train loss: 0.6688 (2.7s)
Train loss: 0.6688 (2.7s)
2026-06-24 17:25:05,700 - INFO - Test instance 0.4250, class 0.4250
Test instance 0.4250, class 0.4250
2026-06-24 17:25:05,718 - INFO - Best instance 0.4250, class 0.4250 (epoch 10)
Best instance 0.4250, class 0.4250 (epoch 10)
2026-06-24 17:25:05,736 - INFO - Epoch 11/200:
Epoch 11/200:
2026-06-24 17:25:08,440 - INFO - Train loss: 0.6882 (2.7s)
Train loss: 0.6882 (2.7s)
2026-06-24 17:25:08,697 - INFO - Test instance 0.3750, class 0.3750
Test instance 0.3750, class 0.3750
2026-06-24 17:25:08,697 - INFO - Best instance 0.4250, class 0.4250 (epoch 10)
Best instance 0.4250, class 0.4250 (epoch 10)
2026-06-24 17:25:08,716 - INFO - Epoch 12/200:
Epoch 12/200:
2026-06-24 17:25:11,466 - INFO - Train loss: 0.6747 (2.8s)
Train loss: 0.6747 (2.8s)
2026-06-24 17:25:11,733 - INFO - Test instance 0.3250, class 0.3250
Test instance 0.3250, class 0.3250
2026-06-24 17:25:11,733 - INFO - Best instance 0.4250, class 0.4250 (epoch 10)
Best instance 0.4250, class 0.4250 (epoch 10)
2026-06-24 17:25:11,751 - INFO - Epoch 13/200:
Epoch 13/200:
2026-06-24 17:25:14,464 - INFO - Train loss: 0.6535 (2.7s)
Train loss: 0.6535 (2.7s)
2026-06-24 17:25:14,729 - INFO - Test instance 0.2500, class 0.2500
Test instance 0.2500, class 0.2500
2026-06-24 17:25:14,729 - INFO - Best instance 0.4250, class 0.4250 (epoch 10)
Best instance 0.4250, class 0.4250 (epoch 10)
2026-06-24 17:25:14,747 - INFO - Epoch 14/200:
Epoch 14/200:
2026-06-24 17:25:17,456 - INFO - Train loss: 0.6532 (2.7s)
Train loss: 0.6532 (2.7s)
2026-06-24 17:25:17,716 - INFO - Test instance 0.4625, class 0.4625
Test instance 0.4625, class 0.4625
2026-06-24 17:25:17,734 - INFO - Best instance 0.4625, class 0.4625 (epoch 14)
Best instance 0.4625, class 0.4625 (epoch 14)
2026-06-24 17:25:17,751 - INFO - Epoch 15/200:
Epoch 15/200:
2026-06-24 17:25:20,439 - INFO - Train loss: 0.6354 (2.7s)
Train loss: 0.6354 (2.7s)
2026-06-24 17:25:20,712 - INFO - Test instance 0.2500, class 0.2500
Test instance 0.2500, class 0.2500
2026-06-24 17:25:20,712 - INFO - Best instance 0.4625, class 0.4625 (epoch 14)
Best instance 0.4625, class 0.4625 (epoch 14)
2026-06-24 17:25:20,731 - INFO - Epoch 16/200:
Epoch 16/200:
2026-06-24 17:25:23,440 - INFO - Train loss: 0.6146 (2.7s)
Train loss: 0.6146 (2.7s)
2026-06-24 17:25:23,705 - INFO - Test instance 0.4000, class 0.4000
Test instance 0.4000, class 0.4000
2026-06-24 17:25:23,705 - INFO - Best instance 0.4625, class 0.4625 (epoch 14)
Best instance 0.4625, class 0.4625 (epoch 14)
2026-06-24 17:25:23,724 - INFO - Epoch 17/200:
Epoch 17/200:
2026-06-24 17:25:26,437 - INFO - Train loss: 0.6259 (2.7s)
Train loss: 0.6259 (2.7s)
2026-06-24 17:25:26,697 - INFO - Test instance 0.5125, class 0.5125
Test instance 0.5125, class 0.5125
2026-06-24 17:25:26,716 - INFO - Best instance 0.5125, class 0.5125 (epoch 17)
Best instance 0.5125, class 0.5125 (epoch 17)
2026-06-24 17:25:26,734 - INFO - Epoch 18/200:
Epoch 18/200:
2026-06-24 17:25:29,454 - INFO - Train loss: 0.6310 (2.7s)
Train loss: 0.6310 (2.7s)
2026-06-24 17:25:29,715 - INFO - Test instance 0.5500, class 0.5500
Test instance 0.5500, class 0.5500
2026-06-24 17:25:29,732 - INFO - Best instance 0.5500, class 0.5500 (epoch 18)
Best instance 0.5500, class 0.5500 (epoch 18)
2026-06-24 17:25:29,752 - INFO - Epoch 19/200:
Epoch 19/200:
2026-06-24 17:25:32,508 - INFO - Train loss: 0.6179 (2.8s)
Train loss: 0.6179 (2.8s)
2026-06-24 17:25:32,773 - INFO - Test instance 0.3625, class 0.3625
Test instance 0.3625, class 0.3625
2026-06-24 17:25:32,773 - INFO - Best instance 0.5500, class 0.5500 (epoch 18)
Best instance 0.5500, class 0.5500 (epoch 18)
2026-06-24 17:25:32,791 - INFO - Epoch 20/200:
Epoch 20/200:
2026-06-24 17:25:35,508 - INFO - Train loss: 0.5864 (2.7s)
Train loss: 0.5864 (2.7s)
2026-06-24 17:25:35,775 - INFO - Test instance 0.4875, class 0.4875
Test instance 0.4875, class 0.4875
2026-06-24 17:25:35,775 - INFO - Best instance 0.5500, class 0.5500 (epoch 18)
Best instance 0.5500, class 0.5500 (epoch 18)
2026-06-24 17:25:35,794 - INFO - Epoch 21/200:
Epoch 21/200:
2026-06-24 17:25:38,521 - INFO - Train loss: 0.5796 (2.7s)
Train loss: 0.5796 (2.7s)
2026-06-24 17:25:38,783 - INFO - Test instance 0.6250, class 0.6250
Test instance 0.6250, class 0.6250
2026-06-24 17:25:38,801 - INFO - Best instance 0.6250, class 0.6250 (epoch 21)
Best instance 0.6250, class 0.6250 (epoch 21)
2026-06-24 17:25:38,819 - INFO - Epoch 22/200:
Epoch 22/200:
2026-06-24 17:25:41,490 - INFO - Train loss: 0.5654 (2.7s)
Train loss: 0.5654 (2.7s)
2026-06-24 17:25:41,760 - INFO - Test instance 0.5250, class 0.5250
Test instance 0.5250, class 0.5250
2026-06-24 17:25:41,761 - INFO - Best instance 0.6250, class 0.6250 (epoch 21)
Best instance 0.6250, class 0.6250 (epoch 21)
2026-06-24 17:25:41,780 - INFO - Epoch 23/200:
Epoch 23/200:
2026-06-24 17:25:44,517 - INFO - Train loss: 0.5644 (2.7s)
Train loss: 0.5644 (2.7s)
2026-06-24 17:25:44,783 - INFO - Test instance 0.6500, class 0.6500
Test instance 0.6500, class 0.6500
2026-06-24 17:25:44,802 - INFO - Best instance 0.6500, class 0.6500 (epoch 23)
Best instance 0.6500, class 0.6500 (epoch 23)
2026-06-24 17:25:44,819 - INFO - Epoch 24/200:
Epoch 24/200:
2026-06-24 17:25:47,507 - INFO - Train loss: 0.5767 (2.7s)
Train loss: 0.5767 (2.7s)
2026-06-24 17:25:47,773 - INFO - Test instance 0.4875, class 0.4875
Test instance 0.4875, class 0.4875
2026-06-24 17:25:47,774 - INFO - Best instance 0.6500, class 0.6500 (epoch 23)
Best instance 0.6500, class 0.6500 (epoch 23)
2026-06-24 17:25:47,792 - INFO - Epoch 25/200:
Epoch 25/200:
2026-06-24 17:25:50,503 - INFO - Train loss: 0.5638 (2.7s)
Train loss: 0.5638 (2.7s)
2026-06-24 17:25:50,772 - INFO - Test instance 0.6250, class 0.6250
Test instance 0.6250, class 0.6250
2026-06-24 17:25:50,773 - INFO - Best instance 0.6500, class 0.6500 (epoch 23)
Best instance 0.6500, class 0.6500 (epoch 23)
2026-06-24 17:25:50,792 - INFO - Epoch 26/200:
Epoch 26/200:
2026-06-24 17:25:53,524 - INFO - Train loss: 0.5569 (2.7s)
Train loss: 0.5569 (2.7s)
2026-06-24 17:25:53,790 - INFO - Test instance 0.4625, class 0.4625
Test instance 0.4625, class 0.4625
2026-06-24 17:25:53,790 - INFO - Best instance 0.6500, class 0.6500 (epoch 23)
Best instance 0.6500, class 0.6500 (epoch 23)
2026-06-24 17:25:53,808 - INFO - Epoch 27/200:
Epoch 27/200:
2026-06-24 17:25:56,527 - INFO - Train loss: 0.5557 (2.7s)
Train loss: 0.5557 (2.7s)
2026-06-24 17:25:56,788 - INFO - Test instance 0.5875, class 0.5875
Test instance 0.5875, class 0.5875
2026-06-24 17:25:56,788 - INFO - Best instance 0.6500, class 0.6500 (epoch 23)
Best instance 0.6500, class 0.6500 (epoch 23)
2026-06-24 17:25:56,806 - INFO - Epoch 28/200:
Epoch 28/200:
2026-06-24 17:25:59,514 - INFO - Train loss: 0.5692 (2.7s)
Train loss: 0.5692 (2.7s)
2026-06-24 17:25:59,778 - INFO - Test instance 0.5500, class 0.5500
Test instance 0.5500, class 0.5500
2026-06-24 17:25:59,779 - INFO - Best instance 0.6500, class 0.6500 (epoch 23)
Best instance 0.6500, class 0.6500 (epoch 23)
2026-06-24 17:25:59,798 - INFO - Epoch 29/200:
Epoch 29/200:
2026-06-24 17:26:02,528 - INFO - Train loss: 0.5486 (2.7s)
Train loss: 0.5486 (2.7s)
2026-06-24 17:26:02,802 - INFO - Test instance 0.7250, class 0.7250
Test instance 0.7250, class 0.7250
2026-06-24 17:26:02,820 - INFO - Best instance 0.7250, class 0.7250 (epoch 29)
Best instance 0.7250, class 0.7250 (epoch 29)
2026-06-24 17:26:02,839 - INFO - Epoch 30/200:
Epoch 30/200:
2026-06-24 17:26:05,561 - INFO - Train loss: 0.5651 (2.7s)
Train loss: 0.5651 (2.7s)
2026-06-24 17:26:05,819 - INFO - Test instance 0.7875, class 0.7875
Test instance 0.7875, class 0.7875
2026-06-24 17:26:05,837 - INFO - Best instance 0.7875, class 0.7875 (epoch 30)
Best instance 0.7875, class 0.7875 (epoch 30)
2026-06-24 17:26:05,855 - INFO - Epoch 31/200:
Epoch 31/200:
2026-06-24 17:26:08,559 - INFO - Train loss: 0.5589 (2.7s)
Train loss: 0.5589 (2.7s)
2026-06-24 17:26:08,816 - INFO - Test instance 0.5375, class 0.5375
Test instance 0.5375, class 0.5375
2026-06-24 17:26:08,816 - INFO - Best instance 0.7875, class 0.7875 (epoch 30)
Best instance 0.7875, class 0.7875 (epoch 30)
2026-06-24 17:26:08,834 - INFO - Epoch 32/200:
Epoch 32/200:
2026-06-24 17:26:11,553 - INFO - Train loss: 0.5366 (2.7s)
Train loss: 0.5366 (2.7s)
2026-06-24 17:26:11,816 - INFO - Test instance 0.6750, class 0.6750
Test instance 0.6750, class 0.6750
2026-06-24 17:26:11,817 - INFO - Best instance 0.7875, class 0.7875 (epoch 30)
Best instance 0.7875, class 0.7875 (epoch 30)
2026-06-24 17:26:11,836 - INFO - Epoch 33/200:
Epoch 33/200:
2026-06-24 17:26:14,573 - INFO - Train loss: 0.5562 (2.7s)
Train loss: 0.5562 (2.7s)
2026-06-24 17:26:14,839 - INFO - Test instance 0.7375, class 0.7375
Test instance 0.7375, class 0.7375
2026-06-24 17:26:14,840 - INFO - Best instance 0.7875, class 0.7875 (epoch 30)
Best instance 0.7875, class 0.7875 (epoch 30)
2026-06-24 17:26:14,859 - INFO - Epoch 34/200:
Epoch 34/200:
2026-06-24 17:26:17,588 - INFO - Train loss: 0.5432 (2.7s)
Train loss: 0.5432 (2.7s)
2026-06-24 17:26:17,847 - INFO - Test instance 0.7125, class 0.7125
Test instance 0.7125, class 0.7125
2026-06-24 17:26:17,847 - INFO - Best instance 0.7875, class 0.7875 (epoch 30)
Best instance 0.7875, class 0.7875 (epoch 30)
2026-06-24 17:26:17,866 - INFO - Epoch 35/200:
Epoch 35/200:
2026-06-24 17:26:20,589 - INFO - Train loss: 0.5319 (2.7s)
Train loss: 0.5319 (2.7s)
2026-06-24 17:26:20,849 - INFO - Test instance 0.7125, class 0.7125
Test instance 0.7125, class 0.7125
2026-06-24 17:26:20,849 - INFO - Best instance 0.7875, class 0.7875 (epoch 30)
Best instance 0.7875, class 0.7875 (epoch 30)
2026-06-24 17:26:20,867 - INFO - Epoch 36/200:
Epoch 36/200:
2026-06-24 17:26:23,551 - INFO - Train loss: 0.5227 (2.7s)
Train loss: 0.5227 (2.7s)
2026-06-24 17:26:23,815 - INFO - Test instance 0.7000, class 0.7000
Test instance 0.7000, class 0.7000
2026-06-24 17:26:23,815 - INFO - Best instance 0.7875, class 0.7875 (epoch 30)
Best instance 0.7875, class 0.7875 (epoch 30)
2026-06-24 17:26:23,843 - INFO - Epoch 37/200:
Epoch 37/200:
2026-06-24 17:26:26,553 - INFO - Train loss: 0.5124 (2.7s)
Train loss: 0.5124 (2.7s)
2026-06-24 17:26:26,820 - INFO - Test instance 0.7250, class 0.7250
Test instance 0.7250, class 0.7250
2026-06-24 17:26:26,820 - INFO - Best instance 0.7875, class 0.7875 (epoch 30)
Best instance 0.7875, class 0.7875 (epoch 30)
2026-06-24 17:26:26,839 - INFO - Epoch 38/200:
Epoch 38/200:
2026-06-24 17:26:29,557 - INFO - Train loss: 0.5235 (2.7s)
Train loss: 0.5235 (2.7s)
2026-06-24 17:26:29,825 - INFO - Test instance 0.9125, class 0.9125
Test instance 0.9125, class 0.9125
2026-06-24 17:26:29,843 - INFO - Best instance 0.9125, class 0.9125 (epoch 38)
Best instance 0.9125, class 0.9125 (epoch 38)
2026-06-24 17:26:29,861 - INFO - Epoch 39/200:
Epoch 39/200:
2026-06-24 17:26:32,565 - INFO - Train loss: 0.5173 (2.7s)
Train loss: 0.5173 (2.7s)
2026-06-24 17:26:32,829 - INFO - Test instance 0.7750, class 0.7750
Test instance 0.7750, class 0.7750
2026-06-24 17:26:32,829 - INFO - Best instance 0.9125, class 0.9125 (epoch 38)
Best instance 0.9125, class 0.9125 (epoch 38)
2026-06-24 17:26:32,848 - INFO - Epoch 40/200:
Epoch 40/200:
2026-06-24 17:26:35,568 - INFO - Train loss: 0.5176 (2.7s)
Train loss: 0.5176 (2.7s)
2026-06-24 17:26:35,828 - INFO - Test instance 0.7500, class 0.7500
Test instance 0.7500, class 0.7500
2026-06-24 17:26:35,828 - INFO - Best instance 0.9125, class 0.9125 (epoch 38)
Best instance 0.9125, class 0.9125 (epoch 38)
2026-06-24 17:26:35,846 - INFO - Epoch 41/200:
Epoch 41/200:
2026-06-24 17:26:38,574 - INFO - Train loss: 0.5201 (2.7s)
Train loss: 0.5201 (2.7s)
2026-06-24 17:26:38,843 - INFO - Test instance 0.7625, class 0.7625
Test instance 0.7625, class 0.7625
2026-06-24 17:26:38,843 - INFO - Best instance 0.9125, class 0.9125 (epoch 38)
Best instance 0.9125, class 0.9125 (epoch 38)
2026-06-24 17:26:38,861 - INFO - Epoch 42/200:
Epoch 42/200:
2026-06-24 17:26:41,581 - INFO - Train loss: 0.5118 (2.7s)
Train loss: 0.5118 (2.7s)
2026-06-24 17:26:41,845 - INFO - Test instance 0.7750, class 0.7750
Test instance 0.7750, class 0.7750
2026-06-24 17:26:41,845 - INFO - Best instance 0.9125, class 0.9125 (epoch 38)
Best instance 0.9125, class 0.9125 (epoch 38)
2026-06-24 17:26:41,865 - INFO - Epoch 43/200:
Epoch 43/200:
2026-06-24 17:26:44,551 - INFO - Train loss: 0.5261 (2.7s)
Train loss: 0.5261 (2.7s)
2026-06-24 17:26:44,812 - INFO - Test instance 0.6500, class 0.6500
Test instance 0.6500, class 0.6500
2026-06-24 17:26:44,812 - INFO - Best instance 0.9125, class 0.9125 (epoch 38)
Best instance 0.9125, class 0.9125 (epoch 38)
2026-06-24 17:26:44,830 - INFO - Epoch 44/200:
Epoch 44/200:
2026-06-24 17:26:47,535 - INFO - Train loss: 0.5077 (2.7s)
Train loss: 0.5077 (2.7s)
2026-06-24 17:26:47,799 - INFO - Test instance 0.6625, class 0.6625
Test instance 0.6625, class 0.6625
2026-06-24 17:26:47,800 - INFO - Best instance 0.9125, class 0.9125 (epoch 38)
Best instance 0.9125, class 0.9125 (epoch 38)
2026-06-24 17:26:47,819 - INFO - Epoch 45/200:
Epoch 45/200:
2026-06-24 17:26:50,509 - INFO - Train loss: 0.5062 (2.7s)
Train loss: 0.5062 (2.7s)
2026-06-24 17:26:50,767 - INFO - Test instance 0.8500, class 0.8500
Test instance 0.8500, class 0.8500
2026-06-24 17:26:50,767 - INFO - Best instance 0.9125, class 0.9125 (epoch 38)
Best instance 0.9125, class 0.9125 (epoch 38)
2026-06-24 17:26:50,786 - INFO - Epoch 46/200:
Epoch 46/200:
2026-06-24 17:26:53,484 - INFO - Train loss: 0.5111 (2.7s)
Train loss: 0.5111 (2.7s)
2026-06-24 17:26:53,740 - INFO - Test instance 0.8125, class 0.8125
Test instance 0.8125, class 0.8125
2026-06-24 17:26:53,741 - INFO - Best instance 0.9125, class 0.9125 (epoch 38)
Best instance 0.9125, class 0.9125 (epoch 38)
2026-06-24 17:26:53,759 - INFO - Epoch 47/200:
Epoch 47/200:
2026-06-24 17:26:56,450 - INFO - Train loss: 0.5066 (2.7s)
Train loss: 0.5066 (2.7s)
2026-06-24 17:26:56,718 - INFO - Test instance 0.7375, class 0.7375
Test instance 0.7375, class 0.7375
2026-06-24 17:26:56,719 - INFO - Best instance 0.9125, class 0.9125 (epoch 38)
Best instance 0.9125, class 0.9125 (epoch 38)
2026-06-24 17:26:56,737 - INFO - Epoch 48/200:
Epoch 48/200:
2026-06-24 17:26:59,450 - INFO - Train loss: 0.4969 (2.7s)
Train loss: 0.4969 (2.7s)
2026-06-24 17:26:59,709 - INFO - Test instance 0.6625, class 0.6625
Test instance 0.6625, class 0.6625
2026-06-24 17:26:59,709 - INFO - Best instance 0.9125, class 0.9125 (epoch 38)
Best instance 0.9125, class 0.9125 (epoch 38)
2026-06-24 17:26:59,729 - INFO - Epoch 49/200:
Epoch 49/200:
2026-06-24 17:27:02,480 - INFO - Train loss: 0.5116 (2.8s)
Train loss: 0.5116 (2.8s)
2026-06-24 17:27:02,754 - INFO - Test instance 0.8000, class 0.8000
Test instance 0.8000, class 0.8000
2026-06-24 17:27:02,755 - INFO - Best instance 0.9125, class 0.9125 (epoch 38)
Best instance 0.9125, class 0.9125 (epoch 38)
2026-06-24 17:27:02,775 - INFO - Epoch 50/200:
Epoch 50/200:
2026-06-24 17:27:05,474 - INFO - Train loss: 0.5013 (2.7s)
Train loss: 0.5013 (2.7s)
2026-06-24 17:27:05,727 - INFO - Test instance 0.8250, class 0.8250
Test instance 0.8250, class 0.8250
2026-06-24 17:27:05,727 - INFO - Best instance 0.9125, class 0.9125 (epoch 38)
Best instance 0.9125, class 0.9125 (epoch 38)
2026-06-24 17:27:05,745 - INFO - Epoch 51/200:
Epoch 51/200:
2026-06-24 17:27:08,400 - INFO - Train loss: 0.5073 (2.7s)
Train loss: 0.5073 (2.7s)
2026-06-24 17:27:08,668 - INFO - Test instance 0.8500, class 0.8500
Test instance 0.8500, class 0.8500
2026-06-24 17:27:08,669 - INFO - Best instance 0.9125, class 0.9125 (epoch 38)
Best instance 0.9125, class 0.9125 (epoch 38)
2026-06-24 17:27:08,686 - INFO - Epoch 52/200:
Epoch 52/200:
2026-06-24 17:27:11,386 - INFO - Train loss: 0.5023 (2.7s)
Train loss: 0.5023 (2.7s)
2026-06-24 17:27:11,658 - INFO - Test instance 0.8750, class 0.8750
Test instance 0.8750, class 0.8750
2026-06-24 17:27:11,658 - INFO - Best instance 0.9125, class 0.9125 (epoch 38)
Best instance 0.9125, class 0.9125 (epoch 38)
2026-06-24 17:27:11,676 - INFO - Epoch 53/200:
Epoch 53/200:
2026-06-24 17:27:14,385 - INFO - Train loss: 0.5082 (2.7s)
Train loss: 0.5082 (2.7s)
2026-06-24 17:27:14,653 - INFO - Test instance 0.7375, class 0.7375
Test instance 0.7375, class 0.7375
2026-06-24 17:27:14,653 - INFO - Best instance 0.9125, class 0.9125 (epoch 38)
Best instance 0.9125, class 0.9125 (epoch 38)
2026-06-24 17:27:14,672 - INFO - Epoch 54/200:
Epoch 54/200:
2026-06-24 17:27:17,367 - INFO - Train loss: 0.4914 (2.7s)
Train loss: 0.4914 (2.7s)
2026-06-24 17:27:17,626 - INFO - Test instance 0.8125, class 0.8125
Test instance 0.8125, class 0.8125
2026-06-24 17:27:17,626 - INFO - Best instance 0.9125, class 0.9125 (epoch 38)
Best instance 0.9125, class 0.9125 (epoch 38)
2026-06-24 17:27:17,644 - INFO - Epoch 55/200:
Epoch 55/200:
2026-06-24 17:27:20,357 - INFO - Train loss: 0.4916 (2.7s)
Train loss: 0.4916 (2.7s)
2026-06-24 17:27:20,622 - INFO - Test instance 0.7500, class 0.7500
Test instance 0.7500, class 0.7500
2026-06-24 17:27:20,622 - INFO - Best instance 0.9125, class 0.9125 (epoch 38)
Best instance 0.9125, class 0.9125 (epoch 38)
2026-06-24 17:27:20,640 - INFO - Epoch 56/200:
Epoch 56/200:
2026-06-24 17:27:23,353 - INFO - Train loss: 0.5018 (2.7s)
Train loss: 0.5018 (2.7s)
2026-06-24 17:27:23,614 - INFO - Test instance 0.8500, class 0.8500
Test instance 0.8500, class 0.8500
2026-06-24 17:27:23,615 - INFO - Best instance 0.9125, class 0.9125 (epoch 38)
Best instance 0.9125, class 0.9125 (epoch 38)
2026-06-24 17:27:23,633 - INFO - Epoch 57/200:
Epoch 57/200:
2026-06-24 17:27:26,337 - INFO - Train loss: 0.5103 (2.7s)
Train loss: 0.5103 (2.7s)
2026-06-24 17:27:26,595 - INFO - Test instance 0.8250, class 0.8250
Test instance 0.8250, class 0.8250
2026-06-24 17:27:26,597 - INFO - Best instance 0.9125, class 0.9125 (epoch 38)
Best instance 0.9125, class 0.9125 (epoch 38)
2026-06-24 17:27:26,646 - INFO - Epoch 58/200:
Epoch 58/200:
2026-06-24 17:27:29,308 - INFO - Train loss: 0.5035 (2.7s)
Train loss: 0.5035 (2.7s)
2026-06-24 17:27:29,565 - INFO - Test instance 0.8625, class 0.8625
Test instance 0.8625, class 0.8625
2026-06-24 17:27:29,565 - INFO - Best instance 0.9125, class 0.9125 (epoch 38)
Best instance 0.9125, class 0.9125 (epoch 38)
2026-06-24 17:27:29,584 - INFO - Epoch 59/200:
Epoch 59/200:
2026-06-24 17:27:32,267 - INFO - Train loss: 0.4918 (2.7s)
Train loss: 0.4918 (2.7s)
2026-06-24 17:27:32,522 - INFO - Test instance 0.9250, class 0.9250
Test instance 0.9250, class 0.9250
2026-06-24 17:27:32,539 - INFO - Best instance 0.9250, class 0.9250 (epoch 59)
Best instance 0.9250, class 0.9250 (epoch 59)
2026-06-24 17:27:32,556 - INFO - Epoch 60/200:
Epoch 60/200:
2026-06-24 17:27:35,257 - INFO - Train loss: 0.5205 (2.7s)
Train loss: 0.5205 (2.7s)
2026-06-24 17:27:35,526 - INFO - Test instance 0.8750, class 0.8750
Test instance 0.8750, class 0.8750
2026-06-24 17:27:35,526 - INFO - Best instance 0.9250, class 0.9250 (epoch 59)
Best instance 0.9250, class 0.9250 (epoch 59)
2026-06-24 17:27:35,544 - INFO - Epoch 61/200:
Epoch 61/200:
2026-06-24 17:27:38,256 - INFO - Train loss: 0.4872 (2.7s)
Train loss: 0.4872 (2.7s)
2026-06-24 17:27:38,525 - INFO - Test instance 0.8500, class 0.8500
Test instance 0.8500, class 0.8500
2026-06-24 17:27:38,526 - INFO - Best instance 0.9250, class 0.9250 (epoch 59)
Best instance 0.9250, class 0.9250 (epoch 59)
2026-06-24 17:27:38,544 - INFO - Epoch 62/200:
Epoch 62/200:
2026-06-24 17:27:41,268 - INFO - Train loss: 0.4953 (2.7s)
Train loss: 0.4953 (2.7s)
2026-06-24 17:27:41,529 - INFO - Test instance 0.7625, class 0.7625
Test instance 0.7625, class 0.7625
2026-06-24 17:27:41,529 - INFO - Best instance 0.9250, class 0.9250 (epoch 59)
Best instance 0.9250, class 0.9250 (epoch 59)
2026-06-24 17:27:41,547 - INFO - Epoch 63/200:
Epoch 63/200:
2026-06-24 17:27:44,261 - INFO - Train loss: 0.5055 (2.7s)
Train loss: 0.5055 (2.7s)
2026-06-24 17:27:44,522 - INFO - Test instance 0.9000, class 0.9000
Test instance 0.9000, class 0.9000
2026-06-24 17:27:44,523 - INFO - Best instance 0.9250, class 0.9250 (epoch 59)
Best instance 0.9250, class 0.9250 (epoch 59)
2026-06-24 17:27:44,540 - INFO - Epoch 64/200:
Epoch 64/200:
2026-06-24 17:27:47,271 - INFO - Train loss: 0.4861 (2.7s)
Train loss: 0.4861 (2.7s)
2026-06-24 17:27:47,538 - INFO - Test instance 0.9375, class 0.9375
Test instance 0.9375, class 0.9375
2026-06-24 17:27:47,556 - INFO - Best instance 0.9375, class 0.9375 (epoch 64)
Best instance 0.9375, class 0.9375 (epoch 64)
2026-06-24 17:27:47,574 - INFO - Epoch 65/200:
Epoch 65/200:
2026-06-24 17:27:50,254 - INFO - Train loss: 0.4839 (2.7s)
Train loss: 0.4839 (2.7s)
2026-06-24 17:27:50,506 - INFO - Test instance 0.8875, class 0.8875
Test instance 0.8875, class 0.8875
2026-06-24 17:27:50,506 - INFO - Best instance 0.9375, class 0.9375 (epoch 64)
Best instance 0.9375, class 0.9375 (epoch 64)
2026-06-24 17:27:50,525 - INFO - Epoch 66/200:
Epoch 66/200:
2026-06-24 17:27:53,155 - INFO - Train loss: 0.4873 (2.6s)
Train loss: 0.4873 (2.6s)
2026-06-24 17:27:53,418 - INFO - Test instance 0.9125, class 0.9125
Test instance 0.9125, class 0.9125
2026-06-24 17:27:53,419 - INFO - Best instance 0.9375, class 0.9375 (epoch 64)
Best instance 0.9375, class 0.9375 (epoch 64)
2026-06-24 17:27:53,437 - INFO - Epoch 67/200:
Epoch 67/200:
2026-06-24 17:27:56,116 - INFO - Train loss: 0.4951 (2.7s)
Train loss: 0.4951 (2.7s)
2026-06-24 17:27:56,377 - INFO - Test instance 0.8875, class 0.8875
Test instance 0.8875, class 0.8875
2026-06-24 17:27:56,377 - INFO - Best instance 0.9375, class 0.9375 (epoch 64)
Best instance 0.9375, class 0.9375 (epoch 64)
2026-06-24 17:27:56,396 - INFO - Epoch 68/200:
Epoch 68/200:
2026-06-24 17:27:59,079 - INFO - Train loss: 0.4713 (2.7s)
Train loss: 0.4713 (2.7s)
2026-06-24 17:27:59,336 - INFO - Test instance 0.9125, class 0.9125
Test instance 0.9125, class 0.9125
2026-06-24 17:27:59,336 - INFO - Best instance 0.9375, class 0.9375 (epoch 64)
Best instance 0.9375, class 0.9375 (epoch 64)
2026-06-24 17:27:59,355 - INFO - Epoch 69/200:
Epoch 69/200:
2026-06-24 17:28:02,059 - INFO - Train loss: 0.4960 (2.7s)
Train loss: 0.4960 (2.7s)
2026-06-24 17:28:02,321 - INFO - Test instance 0.9125, class 0.9125
Test instance 0.9125, class 0.9125
2026-06-24 17:28:02,321 - INFO - Best instance 0.9375, class 0.9375 (epoch 64)
Best instance 0.9375, class 0.9375 (epoch 64)
2026-06-24 17:28:02,339 - INFO - Epoch 70/200:
Epoch 70/200:
2026-06-24 17:28:05,057 - INFO - Train loss: 0.4880 (2.7s)
Train loss: 0.4880 (2.7s)
2026-06-24 17:28:05,322 - INFO - Test instance 0.8750, class 0.8750
Test instance 0.8750, class 0.8750
2026-06-24 17:28:05,322 - INFO - Best instance 0.9375, class 0.9375 (epoch 64)
Best instance 0.9375, class 0.9375 (epoch 64)
2026-06-24 17:28:05,340 - INFO - Epoch 71/200:
Epoch 71/200:
2026-06-24 17:28:08,022 - INFO - Train loss: 0.4781 (2.7s)
Train loss: 0.4781 (2.7s)
2026-06-24 17:28:08,280 - INFO - Test instance 0.9000, class 0.9000
Test instance 0.9000, class 0.9000
2026-06-24 17:28:08,280 - INFO - Best instance 0.9375, class 0.9375 (epoch 64)
Best instance 0.9375, class 0.9375 (epoch 64)
2026-06-24 17:28:08,298 - INFO - Epoch 72/200:
Epoch 72/200:
2026-06-24 17:28:10,976 - INFO - Train loss: 0.4730 (2.7s)
Train loss: 0.4730 (2.7s)
2026-06-24 17:28:11,238 - INFO - Test instance 0.9000, class 0.9000
Test instance 0.9000, class 0.9000
2026-06-24 17:28:11,252 - INFO - Best instance 0.9375, class 0.9375 (epoch 64)
Best instance 0.9375, class 0.9375 (epoch 64)
2026-06-24 17:28:11,275 - INFO - Epoch 73/200:
Epoch 73/200:
2026-06-24 17:28:13,955 - INFO - Train loss: 0.4918 (2.7s)
Train loss: 0.4918 (2.7s)
2026-06-24 17:28:14,217 - INFO - Test instance 0.7750, class 0.7750
Test instance 0.7750, class 0.7750
2026-06-24 17:28:14,217 - INFO - Best instance 0.9375, class 0.9375 (epoch 64)
Best instance 0.9375, class 0.9375 (epoch 64)
2026-06-24 17:28:14,235 - INFO - Epoch 74/200:
Epoch 74/200:
2026-06-24 17:28:16,971 - INFO - Train loss: 0.4971 (2.7s)
Train loss: 0.4971 (2.7s)
2026-06-24 17:28:17,228 - INFO - Test instance 0.9125, class 0.9125
Test instance 0.9125, class 0.9125
2026-06-24 17:28:17,228 - INFO - Best instance 0.9375, class 0.9375 (epoch 64)
Best instance 0.9375, class 0.9375 (epoch 64)
2026-06-24 17:28:17,247 - INFO - Epoch 75/200:
Epoch 75/200:
2026-06-24 17:28:19,962 - INFO - Train loss: 0.4834 (2.7s)
Train loss: 0.4834 (2.7s)
2026-06-24 17:28:20,221 - INFO - Test instance 0.9000, class 0.9000
Test instance 0.9000, class 0.9000
2026-06-24 17:28:20,221 - INFO - Best instance 0.9375, class 0.9375 (epoch 64)
Best instance 0.9375, class 0.9375 (epoch 64)
2026-06-24 17:28:20,239 - INFO - Epoch 76/200:
Epoch 76/200:
2026-06-24 17:28:22,965 - INFO - Train loss: 0.4716 (2.7s)
Train loss: 0.4716 (2.7s)
2026-06-24 17:28:23,228 - INFO - Test instance 0.8750, class 0.8750
Test instance 0.8750, class 0.8750
2026-06-24 17:28:23,228 - INFO - Best instance 0.9375, class 0.9375 (epoch 64)
Best instance 0.9375, class 0.9375 (epoch 64)
2026-06-24 17:28:23,245 - INFO - Epoch 77/200:
Epoch 77/200:
2026-06-24 17:28:25,969 - INFO - Train loss: 0.4915 (2.7s)
Train loss: 0.4915 (2.7s)
2026-06-24 17:28:26,238 - INFO - Test instance 0.9125, class 0.9125
Test instance 0.9125, class 0.9125
2026-06-24 17:28:26,238 - INFO - Best instance 0.9375, class 0.9375 (epoch 64)
Best instance 0.9375, class 0.9375 (epoch 64)
2026-06-24 17:28:26,257 - INFO - Epoch 78/200:
Epoch 78/200:
2026-06-24 17:28:28,953 - INFO - Train loss: 0.4773 (2.7s)
Train loss: 0.4773 (2.7s)
2026-06-24 17:28:29,215 - INFO - Test instance 0.8375, class 0.8375
Test instance 0.8375, class 0.8375
2026-06-24 17:28:29,215 - INFO - Best instance 0.9375, class 0.9375 (epoch 64)
Best instance 0.9375, class 0.9375 (epoch 64)
2026-06-24 17:28:29,233 - INFO - Epoch 79/200:
Epoch 79/200:
2026-06-24 17:28:31,938 - INFO - Train loss: 0.4733 (2.7s)
Train loss: 0.4733 (2.7s)
2026-06-24 17:28:32,203 - INFO - Test instance 0.9125, class 0.9125
Test instance 0.9125, class 0.9125
2026-06-24 17:28:32,204 - INFO - Best instance 0.9375, class 0.9375 (epoch 64)
Best instance 0.9375, class 0.9375 (epoch 64)
2026-06-24 17:28:32,222 - INFO - Epoch 80/200:
Epoch 80/200:
2026-06-24 17:28:34,905 - INFO - Train loss: 0.4735 (2.7s)
Train loss: 0.4735 (2.7s)
2026-06-24 17:28:35,168 - INFO - Test instance 0.9250, class 0.9250
Test instance 0.9250, class 0.9250
2026-06-24 17:28:35,168 - INFO - Best instance 0.9375, class 0.9375 (epoch 64)
Best instance 0.9375, class 0.9375 (epoch 64)
2026-06-24 17:28:35,186 - INFO - Epoch 81/200:
Epoch 81/200:
2026-06-24 17:28:37,878 - INFO - Train loss: 0.4642 (2.7s)
Train loss: 0.4642 (2.7s)
2026-06-24 17:28:38,143 - INFO - Test instance 0.9750, class 0.9750
Test instance 0.9750, class 0.9750
2026-06-24 17:28:38,161 - INFO - Best instance 0.9750, class 0.9750 (epoch 81)
Best instance 0.9750, class 0.9750 (epoch 81)
2026-06-24 17:28:38,189 - INFO - Epoch 82/200:
Epoch 82/200:
2026-06-24 17:28:40,902 - INFO - Train loss: 0.4947 (2.7s)
Train loss: 0.4947 (2.7s)
2026-06-24 17:28:41,174 - INFO - Test instance 0.9625, class 0.9625
Test instance 0.9625, class 0.9625
2026-06-24 17:28:41,175 - INFO - Best instance 0.9750, class 0.9750 (epoch 81)
Best instance 0.9750, class 0.9750 (epoch 81)
2026-06-24 17:28:41,193 - INFO - Epoch 83/200:
Epoch 83/200:
2026-06-24 17:28:43,907 - INFO - Train loss: 0.4716 (2.7s)
Train loss: 0.4716 (2.7s)
2026-06-24 17:28:44,163 - INFO - Test instance 0.8500, class 0.8500
Test instance 0.8500, class 0.8500
2026-06-24 17:28:44,164 - INFO - Best instance 0.9750, class 0.9750 (epoch 81)
Best instance 0.9750, class 0.9750 (epoch 81)
2026-06-24 17:28:44,181 - INFO - Epoch 84/200:
Epoch 84/200:
2026-06-24 17:28:46,886 - INFO - Train loss: 0.4979 (2.7s)
Train loss: 0.4979 (2.7s)
2026-06-24 17:28:47,154 - INFO - Test instance 0.8750, class 0.8750
Test instance 0.8750, class 0.8750
2026-06-24 17:28:47,154 - INFO - Best instance 0.9750, class 0.9750 (epoch 81)
Best instance 0.9750, class 0.9750 (epoch 81)
2026-06-24 17:28:47,172 - INFO - Epoch 85/200:
Epoch 85/200:
2026-06-24 17:28:49,899 - INFO - Train loss: 0.4685 (2.7s)
Train loss: 0.4685 (2.7s)
2026-06-24 17:28:50,160 - INFO - Test instance 0.8375, class 0.8375
Test instance 0.8375, class 0.8375
2026-06-24 17:28:50,161 - INFO - Best instance 0.9750, class 0.9750 (epoch 81)
Best instance 0.9750, class 0.9750 (epoch 81)
2026-06-24 17:28:50,178 - INFO - Epoch 86/200:
Epoch 86/200:
2026-06-24 17:28:52,899 - INFO - Train loss: 0.4756 (2.7s)
Train loss: 0.4756 (2.7s)
2026-06-24 17:28:53,164 - INFO - Test instance 0.9250, class 0.9250
Test instance 0.9250, class 0.9250
2026-06-24 17:28:53,165 - INFO - Best instance 0.9750, class 0.9750 (epoch 81)
Best instance 0.9750, class 0.9750 (epoch 81)
2026-06-24 17:28:53,182 - INFO - Epoch 87/200:
Epoch 87/200:
2026-06-24 17:28:55,885 - INFO - Train loss: 0.4707 (2.7s)
Train loss: 0.4707 (2.7s)
2026-06-24 17:28:56,144 - INFO - Test instance 0.8125, class 0.8125
Test instance 0.8125, class 0.8125
2026-06-24 17:28:56,145 - INFO - Best instance 0.9750, class 0.9750 (epoch 81)
Best instance 0.9750, class 0.9750 (epoch 81)
2026-06-24 17:28:56,163 - INFO - Epoch 88/200:
Epoch 88/200:
2026-06-24 17:28:58,842 - INFO - Train loss: 0.4630 (2.7s)
Train loss: 0.4630 (2.7s)
2026-06-24 17:28:59,104 - INFO - Test instance 0.7875, class 0.7875
Test instance 0.7875, class 0.7875
2026-06-24 17:28:59,104 - INFO - Best instance 0.9750, class 0.9750 (epoch 81)
Best instance 0.9750, class 0.9750 (epoch 81)
2026-06-24 17:28:59,122 - INFO - Epoch 89/200:
Epoch 89/200:
2026-06-24 17:29:01,845 - INFO - Train loss: 0.4570 (2.7s)
Train loss: 0.4570 (2.7s)
2026-06-24 17:29:02,125 - INFO - Test instance 0.8625, class 0.8625
Test instance 0.8625, class 0.8625
2026-06-24 17:29:02,125 - INFO - Best instance 0.9750, class 0.9750 (epoch 81)
Best instance 0.9750, class 0.9750 (epoch 81)
2026-06-24 17:29:02,143 - INFO - Epoch 90/200:
Epoch 90/200:
2026-06-24 17:29:04,897 - INFO - Train loss: 0.4671 (2.8s)
Train loss: 0.4671 (2.8s)
2026-06-24 17:29:05,164 - INFO - Test instance 0.9000, class 0.9000
Test instance 0.9000, class 0.9000
2026-06-24 17:29:05,165 - INFO - Best instance 0.9750, class 0.9750 (epoch 81)
Best instance 0.9750, class 0.9750 (epoch 81)
2026-06-24 17:29:05,183 - INFO - Epoch 91/200:
Epoch 91/200:
2026-06-24 17:29:07,898 - INFO - Train loss: 0.4720 (2.7s)
Train loss: 0.4720 (2.7s)
2026-06-24 17:29:08,155 - INFO - Test instance 0.9125, class 0.9125
Test instance 0.9125, class 0.9125
2026-06-24 17:29:08,155 - INFO - Best instance 0.9750, class 0.9750 (epoch 81)
Best instance 0.9750, class 0.9750 (epoch 81)
2026-06-24 17:29:08,174 - INFO - Epoch 92/200:
Epoch 92/200:
2026-06-24 17:29:10,883 - INFO - Train loss: 0.4780 (2.7s)
Train loss: 0.4780 (2.7s)
2026-06-24 17:29:11,157 - INFO - Test instance 0.9500, class 0.9500
Test instance 0.9500, class 0.9500
2026-06-24 17:29:11,158 - INFO - Best instance 0.9750, class 0.9750 (epoch 81)
Best instance 0.9750, class 0.9750 (epoch 81)
2026-06-24 17:29:11,176 - INFO - Epoch 93/200:
Epoch 93/200:
2026-06-24 17:29:13,901 - INFO - Train loss: 0.4767 (2.7s)
Train loss: 0.4767 (2.7s)
2026-06-24 17:29:14,159 - INFO - Test instance 0.9250, class 0.9250
Test instance 0.9250, class 0.9250
2026-06-24 17:29:14,160 - INFO - Best instance 0.9750, class 0.9750 (epoch 81)
Best instance 0.9750, class 0.9750 (epoch 81)
2026-06-24 17:29:14,177 - INFO - Epoch 94/200:
Epoch 94/200:
2026-06-24 17:29:16,897 - INFO - Train loss: 0.4616 (2.7s)
Train loss: 0.4616 (2.7s)
2026-06-24 17:29:17,163 - INFO - Test instance 0.9500, class 0.9500
Test instance 0.9500, class 0.9500
2026-06-24 17:29:17,164 - INFO - Best instance 0.9750, class 0.9750 (epoch 81)
Best instance 0.9750, class 0.9750 (epoch 81)
2026-06-24 17:29:17,181 - INFO - Epoch 95/200:
Epoch 95/200:
2026-06-24 17:29:19,859 - INFO - Train loss: 0.4746 (2.7s)
Train loss: 0.4746 (2.7s)
2026-06-24 17:29:20,126 - INFO - Test instance 0.9000, class 0.9000
Test instance 0.9000, class 0.9000
2026-06-24 17:29:20,127 - INFO - Best instance 0.9750, class 0.9750 (epoch 81)
Best instance 0.9750, class 0.9750 (epoch 81)
2026-06-24 17:29:20,145 - INFO - Epoch 96/200:
Epoch 96/200:
2026-06-24 17:29:22,846 - INFO - Train loss: 0.4712 (2.7s)
Train loss: 0.4712 (2.7s)
2026-06-24 17:29:23,105 - INFO - Test instance 0.8750, class 0.8750
Test instance 0.8750, class 0.8750
2026-06-24 17:29:23,105 - INFO - Best instance 0.9750, class 0.9750 (epoch 81)
Best instance 0.9750, class 0.9750 (epoch 81)
2026-06-24 17:29:23,123 - INFO - Epoch 97/200:
Epoch 97/200:
2026-06-24 17:29:25,845 - INFO - Train loss: 0.4620 (2.7s)
Train loss: 0.4620 (2.7s)
2026-06-24 17:29:26,109 - INFO - Test instance 0.9375, class 0.9375
Test instance 0.9375, class 0.9375
2026-06-24 17:29:26,109 - INFO - Best instance 0.9750, class 0.9750 (epoch 81)
Best instance 0.9750, class 0.9750 (epoch 81)
2026-06-24 17:29:26,127 - INFO - Epoch 98/200:
Epoch 98/200:
2026-06-24 17:29:28,845 - INFO - Train loss: 0.4652 (2.7s)
Train loss: 0.4652 (2.7s)
2026-06-24 17:29:29,105 - INFO - Test instance 0.9000, class 0.9000
Test instance 0.9000, class 0.9000
2026-06-24 17:29:29,105 - INFO - Best instance 0.9750, class 0.9750 (epoch 81)
Best instance 0.9750, class 0.9750 (epoch 81)
2026-06-24 17:29:29,124 - INFO - Epoch 99/200:
Epoch 99/200:
2026-06-24 17:29:31,851 - INFO - Train loss: 0.4778 (2.7s)
Train loss: 0.4778 (2.7s)
2026-06-24 17:29:32,111 - INFO - Test instance 0.9375, class 0.9375
Test instance 0.9375, class 0.9375
2026-06-24 17:29:32,112 - INFO - Best instance 0.9750, class 0.9750 (epoch 81)
Best instance 0.9750, class 0.9750 (epoch 81)
2026-06-24 17:29:32,130 - INFO - Epoch 100/200:
Epoch 100/200:
2026-06-24 17:29:34,849 - INFO - Train loss: 0.4671 (2.7s)
Train loss: 0.4671 (2.7s)
2026-06-24 17:29:35,110 - INFO - Test instance 0.9375, class 0.9375
Test instance 0.9375, class 0.9375
2026-06-24 17:29:35,111 - INFO - Best instance 0.9750, class 0.9750 (epoch 81)
Best instance 0.9750, class 0.9750 (epoch 81)
2026-06-24 17:29:35,129 - INFO - Epoch 101/200:
Epoch 101/200:
2026-06-24 17:29:37,840 - INFO - Train loss: 0.4813 (2.7s)
Train loss: 0.4813 (2.7s)
2026-06-24 17:29:38,109 - INFO - Test instance 0.9125, class 0.9125
Test instance 0.9125, class 0.9125
2026-06-24 17:29:38,110 - INFO - Best instance 0.9750, class 0.9750 (epoch 81)
Best instance 0.9750, class 0.9750 (epoch 81)
2026-06-24 17:29:38,127 - INFO - Epoch 102/200:
Epoch 102/200:
2026-06-24 17:29:40,826 - INFO - Train loss: 0.4717 (2.7s)
Train loss: 0.4717 (2.7s)
2026-06-24 17:29:41,079 - INFO - Test instance 0.9375, class 0.9375
Test instance 0.9375, class 0.9375
2026-06-24 17:29:41,080 - INFO - Best instance 0.9750, class 0.9750 (epoch 81)
Best instance 0.9750, class 0.9750 (epoch 81)
2026-06-24 17:29:41,097 - INFO - Epoch 103/200:
Epoch 103/200:
2026-06-24 17:29:43,802 - INFO - Train loss: 0.4628 (2.7s)
Train loss: 0.4628 (2.7s)
2026-06-24 17:29:44,068 - INFO - Test instance 0.9875, class 0.9875
Test instance 0.9875, class 0.9875
2026-06-24 17:29:44,086 - INFO - Best instance 0.9875, class 0.9875 (epoch 103)
Best instance 0.9875, class 0.9875 (epoch 103)
2026-06-24 17:29:44,103 - INFO - Epoch 104/200:
Epoch 104/200:
2026-06-24 17:29:46,825 - INFO - Train loss: 0.4651 (2.7s)
Train loss: 0.4651 (2.7s)
2026-06-24 17:29:47,086 - INFO - Test instance 0.8750, class 0.8750
Test instance 0.8750, class 0.8750
2026-06-24 17:29:47,087 - INFO - Best instance 0.9875, class 0.9875 (epoch 103)
Best instance 0.9875, class 0.9875 (epoch 103)
2026-06-24 17:29:47,104 - INFO - Epoch 105/200:
Epoch 105/200:
2026-06-24 17:29:49,836 - INFO - Train loss: 0.4622 (2.7s)
Train loss: 0.4622 (2.7s)
2026-06-24 17:29:50,104 - INFO - Test instance 0.9125, class 0.9125
Test instance 0.9125, class 0.9125
2026-06-24 17:29:50,104 - INFO - Best instance 0.9875, class 0.9875 (epoch 103)
Best instance 0.9875, class 0.9875 (epoch 103)
2026-06-24 17:29:50,122 - INFO - Epoch 106/200:
Epoch 106/200:
2026-06-24 17:29:52,860 - INFO - Train loss: 0.4773 (2.7s)
Train loss: 0.4773 (2.7s)
2026-06-24 17:29:53,130 - INFO - Test instance 0.9000, class 0.9000
Test instance 0.9000, class 0.9000
2026-06-24 17:29:53,131 - INFO - Best instance 0.9875, class 0.9875 (epoch 103)
Best instance 0.9875, class 0.9875 (epoch 103)
2026-06-24 17:29:53,149 - INFO - Epoch 107/200:
Epoch 107/200:
2026-06-24 17:29:55,859 - INFO - Train loss: 0.4705 (2.7s)
Train loss: 0.4705 (2.7s)
2026-06-24 17:29:56,124 - INFO - Test instance 0.9500, class 0.9500
Test instance 0.9500, class 0.9500
2026-06-24 17:29:56,125 - INFO - Best instance 0.9875, class 0.9875 (epoch 103)
Best instance 0.9875, class 0.9875 (epoch 103)
2026-06-24 17:29:56,144 - INFO - Epoch 108/200:
Epoch 108/200:
2026-06-24 17:29:58,849 - INFO - Train loss: 0.4582 (2.7s)
Train loss: 0.4582 (2.7s)
2026-06-24 17:29:59,119 - INFO - Test instance 0.8750, class 0.8750
Test instance 0.8750, class 0.8750
2026-06-24 17:29:59,120 - INFO - Best instance 0.9875, class 0.9875 (epoch 103)
Best instance 0.9875, class 0.9875 (epoch 103)
2026-06-24 17:29:59,138 - INFO - Epoch 109/200:
Epoch 109/200:
2026-06-24 17:30:01,858 - INFO - Train loss: 0.4738 (2.7s)
Train loss: 0.4738 (2.7s)
2026-06-24 17:30:02,133 - INFO - Test instance 0.9375, class 0.9375
Test instance 0.9375, class 0.9375
2026-06-24 17:30:02,142 - INFO - Best instance 0.9875, class 0.9875 (epoch 103)
Best instance 0.9875, class 0.9875 (epoch 103)
2026-06-24 17:30:02,160 - INFO - Epoch 110/200:
Epoch 110/200:
2026-06-24 17:30:04,854 - INFO - Train loss: 0.4656 (2.7s)
Train loss: 0.4656 (2.7s)
2026-06-24 17:30:05,121 - INFO - Test instance 0.9500, class 0.9500
Test instance 0.9500, class 0.9500
2026-06-24 17:30:05,122 - INFO - Best instance 0.9875, class 0.9875 (epoch 103)
Best instance 0.9875, class 0.9875 (epoch 103)
2026-06-24 17:30:05,141 - INFO - Epoch 111/200:
Epoch 111/200:
2026-06-24 17:30:07,844 - INFO - Train loss: 0.4717 (2.7s)
Train loss: 0.4717 (2.7s)
2026-06-24 17:30:08,106 - INFO - Test instance 0.8875, class 0.8875
Test instance 0.8875, class 0.8875
2026-06-24 17:30:08,107 - INFO - Best instance 0.9875, class 0.9875 (epoch 103)
Best instance 0.9875, class 0.9875 (epoch 103)
2026-06-24 17:30:08,125 - INFO - Epoch 112/200:
Epoch 112/200:
2026-06-24 17:30:10,831 - INFO - Train loss: 0.4527 (2.7s)
Train loss: 0.4527 (2.7s)
2026-06-24 17:30:11,089 - INFO - Test instance 0.9375, class 0.9375
Test instance 0.9375, class 0.9375
2026-06-24 17:30:11,090 - INFO - Best instance 0.9875, class 0.9875 (epoch 103)
Best instance 0.9875, class 0.9875 (epoch 103)
2026-06-24 17:30:11,108 - INFO - Epoch 113/200:
Epoch 113/200:
2026-06-24 17:30:13,849 - INFO - Train loss: 0.4703 (2.7s)
Train loss: 0.4703 (2.7s)
2026-06-24 17:30:14,114 - INFO - Test instance 0.9000, class 0.9000
Test instance 0.9000, class 0.9000
2026-06-24 17:30:14,115 - INFO - Best instance 0.9875, class 0.9875 (epoch 103)
Best instance 0.9875, class 0.9875 (epoch 103)
2026-06-24 17:30:14,132 - INFO - Epoch 114/200:
Epoch 114/200:
2026-06-24 17:30:16,834 - INFO - Train loss: 0.4661 (2.7s)
Train loss: 0.4661 (2.7s)
2026-06-24 17:30:17,091 - INFO - Test instance 0.9500, class 0.9500
Test instance 0.9500, class 0.9500
2026-06-24 17:30:17,091 - INFO - Best instance 0.9875, class 0.9875 (epoch 103)
Best instance 0.9875, class 0.9875 (epoch 103)
2026-06-24 17:30:17,109 - INFO - Epoch 115/200:
Epoch 115/200:
2026-06-24 17:30:19,809 - INFO - Train loss: 0.4553 (2.7s)
Train loss: 0.4553 (2.7s)
2026-06-24 17:30:20,066 - INFO - Test instance 0.9250, class 0.9250
Test instance 0.9250, class 0.9250
2026-06-24 17:30:20,066 - INFO - Best instance 0.9875, class 0.9875 (epoch 103)
Best instance 0.9875, class 0.9875 (epoch 103)
2026-06-24 17:30:20,084 - INFO - Epoch 116/200:
Epoch 116/200:
2026-06-24 17:30:22,816 - INFO - Train loss: 0.4595 (2.7s)
Train loss: 0.4595 (2.7s)
2026-06-24 17:30:23,078 - INFO - Test instance 0.9125, class 0.9125
Test instance 0.9125, class 0.9125
2026-06-24 17:30:23,078 - INFO - Best instance 0.9875, class 0.9875 (epoch 103)
Best instance 0.9875, class 0.9875 (epoch 103)
2026-06-24 17:30:23,097 - INFO - Epoch 117/200:
Epoch 117/200:
2026-06-24 17:30:25,786 - INFO - Train loss: 0.4734 (2.7s)
Train loss: 0.4734 (2.7s)
2026-06-24 17:30:26,041 - INFO - Test instance 0.9750, class 0.9750
Test instance 0.9750, class 0.9750
2026-06-24 17:30:26,041 - INFO - Best instance 0.9875, class 0.9875 (epoch 103)
Best instance 0.9875, class 0.9875 (epoch 103)
2026-06-24 17:30:26,059 - INFO - Epoch 118/200:
Epoch 118/200:
2026-06-24 17:30:28,741 - INFO - Train loss: 0.4576 (2.7s)
Train loss: 0.4576 (2.7s)
2026-06-24 17:30:29,002 - INFO - Test instance 0.8875, class 0.8875
Test instance 0.8875, class 0.8875
2026-06-24 17:30:29,002 - INFO - Best instance 0.9875, class 0.9875 (epoch 103)
Best instance 0.9875, class 0.9875 (epoch 103)
2026-06-24 17:30:29,020 - INFO - Epoch 119/200:
Epoch 119/200:
2026-06-24 17:30:31,715 - INFO - Train loss: 0.4646 (2.7s)
Train loss: 0.4646 (2.7s)
2026-06-24 17:30:31,976 - INFO - Test instance 0.9375, class 0.9375
Test instance 0.9375, class 0.9375
2026-06-24 17:30:31,976 - INFO - Best instance 0.9875, class 0.9875 (epoch 103)
Best instance 0.9875, class 0.9875 (epoch 103)
2026-06-24 17:30:31,994 - INFO - Epoch 120/200:
Epoch 120/200:
2026-06-24 17:30:34,734 - INFO - Train loss: 0.4592 (2.7s)
Train loss: 0.4592 (2.7s)
2026-06-24 17:30:35,000 - INFO - Test instance 0.9250, class 0.9250
Test instance 0.9250, class 0.9250
2026-06-24 17:30:35,000 - INFO - Best instance 0.9875, class 0.9875 (epoch 103)
Best instance 0.9875, class 0.9875 (epoch 103)
2026-06-24 17:30:35,018 - INFO - Epoch 121/200:
Epoch 121/200:
2026-06-24 17:30:37,713 - INFO - Train loss: 0.4593 (2.7s)
Train loss: 0.4593 (2.7s)
2026-06-24 17:30:37,988 - INFO - Test instance 0.9500, class 0.9500
Test instance 0.9500, class 0.9500
2026-06-24 17:30:37,988 - INFO - Best instance 0.9875, class 0.9875 (epoch 103)
Best instance 0.9875, class 0.9875 (epoch 103)
2026-06-24 17:30:38,006 - INFO - Epoch 122/200:
Epoch 122/200:
2026-06-24 17:30:40,722 - INFO - Train loss: 0.4576 (2.7s)
Train loss: 0.4576 (2.7s)
2026-06-24 17:30:40,982 - INFO - Test instance 0.9250, class 0.9250
Test instance 0.9250, class 0.9250
2026-06-24 17:30:40,982 - INFO - Best instance 0.9875, class 0.9875 (epoch 103)
Best instance 0.9875, class 0.9875 (epoch 103)
2026-06-24 17:30:41,000 - INFO - Epoch 123/200:
Epoch 123/200:
2026-06-24 17:30:43,711 - INFO - Train loss: 0.4601 (2.7s)
Train loss: 0.4601 (2.7s)
2026-06-24 17:30:43,971 - INFO - Test instance 0.9875, class 0.9875
Test instance 0.9875, class 0.9875
2026-06-24 17:30:43,972 - INFO - Best instance 0.9875, class 0.9875 (epoch 103)
Best instance 0.9875, class 0.9875 (epoch 103)
2026-06-24 17:30:43,989 - INFO - Epoch 124/200:
Epoch 124/200:
2026-06-24 17:30:46,678 - INFO - Train loss: 0.4603 (2.7s)
Train loss: 0.4603 (2.7s)
2026-06-24 17:30:46,936 - INFO - Test instance 0.9625, class 0.9625
Test instance 0.9625, class 0.9625
2026-06-24 17:30:46,936 - INFO - Best instance 0.9875, class 0.9875 (epoch 103)
Best instance 0.9875, class 0.9875 (epoch 103)
2026-06-24 17:30:46,955 - INFO - Epoch 125/200:
Epoch 125/200:
2026-06-24 17:30:49,620 - INFO - Train loss: 0.4603 (2.7s)
Train loss: 0.4603 (2.7s)
2026-06-24 17:30:49,889 - INFO - Test instance 0.9500, class 0.9500
Test instance 0.9500, class 0.9500
2026-06-24 17:30:49,890 - INFO - Best instance 0.9875, class 0.9875 (epoch 103)
Best instance 0.9875, class 0.9875 (epoch 103)
2026-06-24 17:30:49,909 - INFO - Epoch 126/200:
Epoch 126/200:
2026-06-24 17:30:52,596 - INFO - Train loss: 0.4721 (2.7s)
Train loss: 0.4721 (2.7s)
2026-06-24 17:30:52,854 - INFO - Test instance 0.9250, class 0.9250
Test instance 0.9250, class 0.9250
2026-06-24 17:30:52,854 - INFO - Best instance 0.9875, class 0.9875 (epoch 103)
Best instance 0.9875, class 0.9875 (epoch 103)
2026-06-24 17:30:52,873 - INFO - Epoch 127/200:
Epoch 127/200:
2026-06-24 17:30:55,577 - INFO - Train loss: 0.4612 (2.7s)
Train loss: 0.4612 (2.7s)
2026-06-24 17:30:55,838 - INFO - Test instance 0.9250, class 0.9250
Test instance 0.9250, class 0.9250
2026-06-24 17:30:55,838 - INFO - Best instance 0.9875, class 0.9875 (epoch 103)
Best instance 0.9875, class 0.9875 (epoch 103)
2026-06-24 17:30:55,856 - INFO - Epoch 128/200:
Epoch 128/200:
2026-06-24 17:30:58,582 - INFO - Train loss: 0.4642 (2.7s)
Train loss: 0.4642 (2.7s)
2026-06-24 17:30:58,845 - INFO - Test instance 0.9250, class 0.9250
Test instance 0.9250, class 0.9250
2026-06-24 17:30:58,845 - INFO - Best instance 0.9875, class 0.9875 (epoch 103)
Best instance 0.9875, class 0.9875 (epoch 103)
2026-06-24 17:30:58,864 - INFO - Epoch 129/200:
Epoch 129/200:
2026-06-24 17:31:01,546 - INFO - Train loss: 0.4650 (2.7s)
Train loss: 0.4650 (2.7s)
2026-06-24 17:31:01,832 - INFO - Test instance 0.9375, class 0.9375
Test instance 0.9375, class 0.9375
2026-06-24 17:31:01,832 - INFO - Best instance 0.9875, class 0.9875 (epoch 103)
Best instance 0.9875, class 0.9875 (epoch 103)
2026-06-24 17:31:01,859 - INFO - Epoch 130/200:
Epoch 130/200:
2026-06-24 17:31:04,593 - INFO - Train loss: 0.4629 (2.7s)
Train loss: 0.4629 (2.7s)
2026-06-24 17:31:04,853 - INFO - Test instance 0.9250, class 0.9250
Test instance 0.9250, class 0.9250
2026-06-24 17:31:04,854 - INFO - Best instance 0.9875, class 0.9875 (epoch 103)
Best instance 0.9875, class 0.9875 (epoch 103)
2026-06-24 17:31:04,871 - INFO - Epoch 131/200:
Epoch 131/200:
2026-06-24 17:31:07,595 - INFO - Train loss: 0.4496 (2.7s)
Train loss: 0.4496 (2.7s)
2026-06-24 17:31:07,857 - INFO - Test instance 0.9500, class 0.9500
Test instance 0.9500, class 0.9500
2026-06-24 17:31:07,857 - INFO - Best instance 0.9875, class 0.9875 (epoch 103)
Best instance 0.9875, class 0.9875 (epoch 103)
2026-06-24 17:31:07,875 - INFO - Epoch 132/200:
Epoch 132/200:
2026-06-24 17:31:10,535 - INFO - Train loss: 0.4463 (2.7s)
Train loss: 0.4463 (2.7s)
2026-06-24 17:31:10,794 - INFO - Test instance 0.9250, class 0.9250
Test instance 0.9250, class 0.9250
2026-06-24 17:31:10,794 - INFO - Best instance 0.9875, class 0.9875 (epoch 103)
Best instance 0.9875, class 0.9875 (epoch 103)
2026-06-24 17:31:10,812 - INFO - Epoch 133/200:
Epoch 133/200:
2026-06-24 17:31:13,528 - INFO - Train loss: 0.4586 (2.7s)
Train loss: 0.4586 (2.7s)
2026-06-24 17:31:13,788 - INFO - Test instance 0.9750, class 0.9750
Test instance 0.9750, class 0.9750
2026-06-24 17:31:13,788 - INFO - Best instance 0.9875, class 0.9875 (epoch 103)
Best instance 0.9875, class 0.9875 (epoch 103)
2026-06-24 17:31:13,805 - INFO - Epoch 134/200:
Epoch 134/200:
2026-06-24 17:31:16,500 - INFO - Train loss: 0.4627 (2.7s)
Train loss: 0.4627 (2.7s)
2026-06-24 17:31:16,759 - INFO - Test instance 0.9625, class 0.9625
Test instance 0.9625, class 0.9625
2026-06-24 17:31:16,760 - INFO - Best instance 0.9875, class 0.9875 (epoch 103)
Best instance 0.9875, class 0.9875 (epoch 103)
2026-06-24 17:31:16,778 - INFO - Epoch 135/200:
Epoch 135/200:
2026-06-24 17:31:19,477 - INFO - Train loss: 0.4628 (2.7s)
Train loss: 0.4628 (2.7s)
2026-06-24 17:31:19,737 - INFO - Test instance 0.9375, class 0.9375
Test instance 0.9375, class 0.9375
2026-06-24 17:31:19,737 - INFO - Best instance 0.9875, class 0.9875 (epoch 103)
Best instance 0.9875, class 0.9875 (epoch 103)
2026-06-24 17:31:19,756 - INFO - Epoch 136/200:
Epoch 136/200:
2026-06-24 17:31:22,459 - INFO - Train loss: 0.4548 (2.7s)
Train loss: 0.4548 (2.7s)
2026-06-24 17:31:22,715 - INFO - Test instance 0.9375, class 0.9375
Test instance 0.9375, class 0.9375
2026-06-24 17:31:22,715 - INFO - Best instance 0.9875, class 0.9875 (epoch 103)
Best instance 0.9875, class 0.9875 (epoch 103)
2026-06-24 17:31:22,733 - INFO - Epoch 137/200:
Epoch 137/200:
2026-06-24 17:31:25,426 - INFO - Train loss: 0.4672 (2.7s)
Train loss: 0.4672 (2.7s)
2026-06-24 17:31:25,682 - INFO - Test instance 0.9500, class 0.9500
Test instance 0.9500, class 0.9500
2026-06-24 17:31:25,682 - INFO - Best instance 0.9875, class 0.9875 (epoch 103)
Best instance 0.9875, class 0.9875 (epoch 103)
2026-06-24 17:31:25,700 - INFO - Epoch 138/200:
Epoch 138/200:
2026-06-24 17:31:28,420 - INFO - Train loss: 0.4544 (2.7s)
Train loss: 0.4544 (2.7s)
2026-06-24 17:31:28,685 - INFO - Test instance 0.9500, class 0.9500
Test instance 0.9500, class 0.9500
2026-06-24 17:31:28,686 - INFO - Best instance 0.9875, class 0.9875 (epoch 103)
Best instance 0.9875, class 0.9875 (epoch 103)
2026-06-24 17:31:28,703 - INFO - Epoch 139/200:
Epoch 139/200:
2026-06-24 17:31:31,404 - INFO - Train loss: 0.4627 (2.7s)
Train loss: 0.4627 (2.7s)
2026-06-24 17:31:31,664 - INFO - Test instance 0.9625, class 0.9625
Test instance 0.9625, class 0.9625
2026-06-24 17:31:31,665 - INFO - Best instance 0.9875, class 0.9875 (epoch 103)
Best instance 0.9875, class 0.9875 (epoch 103)
2026-06-24 17:31:31,682 - INFO - Epoch 140/200:
Epoch 140/200:
2026-06-24 17:31:34,368 - INFO - Train loss: 0.4683 (2.7s)
Train loss: 0.4683 (2.7s)
2026-06-24 17:31:34,630 - INFO - Test instance 0.9500, class 0.9500
Test instance 0.9500, class 0.9500
2026-06-24 17:31:34,630 - INFO - Best instance 0.9875, class 0.9875 (epoch 103)
Best instance 0.9875, class 0.9875 (epoch 103)
2026-06-24 17:31:34,648 - INFO - Epoch 141/200:
Epoch 141/200:
2026-06-24 17:31:37,356 - INFO - Train loss: 0.4710 (2.7s)
Train loss: 0.4710 (2.7s)
2026-06-24 17:31:37,617 - INFO - Test instance 0.9500, class 0.9500
Test instance 0.9500, class 0.9500
2026-06-24 17:31:37,618 - INFO - Best instance 0.9875, class 0.9875 (epoch 103)
Best instance 0.9875, class 0.9875 (epoch 103)
2026-06-24 17:31:37,636 - INFO - Epoch 142/200:
Epoch 142/200:
2026-06-24 17:31:40,353 - INFO - Train loss: 0.4489 (2.7s)
Train loss: 0.4489 (2.7s)
2026-06-24 17:31:40,614 - INFO - Test instance 0.9500, class 0.9500
Test instance 0.9500, class 0.9500
2026-06-24 17:31:40,614 - INFO - Best instance 0.9875, class 0.9875 (epoch 103)
Best instance 0.9875, class 0.9875 (epoch 103)
2026-06-24 17:31:40,632 - INFO - Epoch 143/200:
Epoch 143/200:
2026-06-24 17:31:43,376 - INFO - Train loss: 0.4563 (2.7s)
Train loss: 0.4563 (2.7s)
2026-06-24 17:31:43,635 - INFO - Test instance 0.9500, class 0.9500
Test instance 0.9500, class 0.9500
2026-06-24 17:31:43,635 - INFO - Best instance 0.9875, class 0.9875 (epoch 103)
Best instance 0.9875, class 0.9875 (epoch 103)
2026-06-24 17:31:43,652 - INFO - Epoch 144/200:
Epoch 144/200:
2026-06-24 17:31:46,371 - INFO - Train loss: 0.4504 (2.7s)
Train loss: 0.4504 (2.7s)
2026-06-24 17:31:46,634 - INFO - Test instance 0.9375, class 0.9375
Test instance 0.9375, class 0.9375
2026-06-24 17:31:46,634 - INFO - Best instance 0.9875, class 0.9875 (epoch 103)
Best instance 0.9875, class 0.9875 (epoch 103)
2026-06-24 17:31:46,652 - INFO - Epoch 145/200:
Epoch 145/200:
2026-06-24 17:31:49,377 - INFO - Train loss: 0.4551 (2.7s)
Train loss: 0.4551 (2.7s)
2026-06-24 17:31:49,644 - INFO - Test instance 0.9500, class 0.9500
Test instance 0.9500, class 0.9500
2026-06-24 17:31:49,644 - INFO - Best instance 0.9875, class 0.9875 (epoch 103)
Best instance 0.9875, class 0.9875 (epoch 103)
2026-06-24 17:31:49,662 - INFO - Epoch 146/200:
Epoch 146/200:
2026-06-24 17:31:52,363 - INFO - Train loss: 0.4568 (2.7s)
Train loss: 0.4568 (2.7s)
2026-06-24 17:31:52,640 - INFO - Test instance 0.9625, class 0.9625
Test instance 0.9625, class 0.9625
2026-06-24 17:31:52,641 - INFO - Best instance 0.9875, class 0.9875 (epoch 103)
Best instance 0.9875, class 0.9875 (epoch 103)
2026-06-24 17:31:52,658 - INFO - Epoch 147/200:
Epoch 147/200:
2026-06-24 17:31:55,330 - INFO - Train loss: 0.4734 (2.7s)
Train loss: 0.4734 (2.7s)
2026-06-24 17:31:55,590 - INFO - Test instance 0.9625, class 0.9625
Test instance 0.9625, class 0.9625
2026-06-24 17:31:55,590 - INFO - Best instance 0.9875, class 0.9875 (epoch 103)
Best instance 0.9875, class 0.9875 (epoch 103)
2026-06-24 17:31:55,608 - INFO - Epoch 148/200:
Epoch 148/200:
2026-06-24 17:31:58,332 - INFO - Train loss: 0.4720 (2.7s)
Train loss: 0.4720 (2.7s)
2026-06-24 17:31:58,593 - INFO - Test instance 0.9375, class 0.9375
Test instance 0.9375, class 0.9375
2026-06-24 17:31:58,593 - INFO - Best instance 0.9875, class 0.9875 (epoch 103)
Best instance 0.9875, class 0.9875 (epoch 103)
2026-06-24 17:31:58,612 - INFO - Epoch 149/200:
Epoch 149/200:
2026-06-24 17:32:01,320 - INFO - Train loss: 0.4525 (2.7s)
Train loss: 0.4525 (2.7s)
2026-06-24 17:32:01,586 - INFO - Test instance 0.9500, class 0.9500
Test instance 0.9500, class 0.9500
2026-06-24 17:32:01,586 - INFO - Best instance 0.9875, class 0.9875 (epoch 103)
Best instance 0.9875, class 0.9875 (epoch 103)
2026-06-24 17:32:01,605 - INFO - Epoch 150/200:
Epoch 150/200:
2026-06-24 17:32:04,370 - INFO - Train loss: 0.4545 (2.8s)
Train loss: 0.4545 (2.8s)
2026-06-24 17:32:04,630 - INFO - Test instance 0.9625, class 0.9625
Test instance 0.9625, class 0.9625
2026-06-24 17:32:04,631 - INFO - Best instance 0.9875, class 0.9875 (epoch 103)
Best instance 0.9875, class 0.9875 (epoch 103)
2026-06-24 17:32:04,648 - INFO - Epoch 151/200:
Epoch 151/200:
2026-06-24 17:32:07,354 - INFO - Train loss: 0.4629 (2.7s)
Train loss: 0.4629 (2.7s)
2026-06-24 17:32:07,610 - INFO - Test instance 0.9500, class 0.9500
Test instance 0.9500, class 0.9500
2026-06-24 17:32:07,610 - INFO - Best instance 0.9875, class 0.9875 (epoch 103)
Best instance 0.9875, class 0.9875 (epoch 103)
2026-06-24 17:32:07,629 - INFO - Epoch 152/200:
Epoch 152/200:
2026-06-24 17:32:10,329 - INFO - Train loss: 0.4401 (2.7s)
Train loss: 0.4401 (2.7s)
2026-06-24 17:32:10,594 - INFO - Test instance 0.9625, class 0.9625
Test instance 0.9625, class 0.9625
2026-06-24 17:32:10,594 - INFO - Best instance 0.9875, class 0.9875 (epoch 103)
Best instance 0.9875, class 0.9875 (epoch 103)
2026-06-24 17:32:10,612 - INFO - Epoch 153/200:
Epoch 153/200:
2026-06-24 17:32:13,346 - INFO - Train loss: 0.4663 (2.7s)
Train loss: 0.4663 (2.7s)
2026-06-24 17:32:13,610 - INFO - Test instance 0.9500, class 0.9500
Test instance 0.9500, class 0.9500
2026-06-24 17:32:13,610 - INFO - Best instance 0.9875, class 0.9875 (epoch 103)
Best instance 0.9875, class 0.9875 (epoch 103)
2026-06-24 17:32:13,628 - INFO - Epoch 154/200:
Epoch 154/200:
2026-06-24 17:32:16,315 - INFO - Train loss: 0.4453 (2.7s)
Train loss: 0.4453 (2.7s)
2026-06-24 17:32:16,565 - INFO - Test instance 0.9625, class 0.9625
Test instance 0.9625, class 0.9625
2026-06-24 17:32:16,566 - INFO - Best instance 0.9875, class 0.9875 (epoch 103)
Best instance 0.9875, class 0.9875 (epoch 103)
2026-06-24 17:32:16,585 - INFO - Epoch 155/200:
Epoch 155/200:
2026-06-24 17:32:19,292 - INFO - Train loss: 0.4496 (2.7s)
Train loss: 0.4496 (2.7s)
2026-06-24 17:32:19,553 - INFO - Test instance 0.9500, class 0.9500
Test instance 0.9500, class 0.9500
2026-06-24 17:32:19,554 - INFO - Best instance 0.9875, class 0.9875 (epoch 103)
Best instance 0.9875, class 0.9875 (epoch 103)
2026-06-24 17:32:19,571 - INFO - Epoch 156/200:
Epoch 156/200:
2026-06-24 17:32:22,281 - INFO - Train loss: 0.4656 (2.7s)
Train loss: 0.4656 (2.7s)
2026-06-24 17:32:22,541 - INFO - Test instance 0.9875, class 0.9875
Test instance 0.9875, class 0.9875
2026-06-24 17:32:22,541 - INFO - Best instance 0.9875, class 0.9875 (epoch 103)
Best instance 0.9875, class 0.9875 (epoch 103)
2026-06-24 17:32:22,559 - INFO - Epoch 157/200:
Epoch 157/200:
2026-06-24 17:32:25,283 - INFO - Train loss: 0.4618 (2.7s)
Train loss: 0.4618 (2.7s)
2026-06-24 17:32:25,541 - INFO - Test instance 0.9625, class 0.9625
Test instance 0.9625, class 0.9625
2026-06-24 17:32:25,541 - INFO - Best instance 0.9875, class 0.9875 (epoch 103)
Best instance 0.9875, class 0.9875 (epoch 103)
2026-06-24 17:32:25,560 - INFO - Epoch 158/200:
Epoch 158/200:
2026-06-24 17:32:28,273 - INFO - Train loss: 0.4522 (2.7s)
Train loss: 0.4522 (2.7s)
2026-06-24 17:32:28,532 - INFO - Test instance 0.9125, class 0.9125
Test instance 0.9125, class 0.9125
2026-06-24 17:32:28,532 - INFO - Best instance 0.9875, class 0.9875 (epoch 103)
Best instance 0.9875, class 0.9875 (epoch 103)
2026-06-24 17:32:28,549 - INFO - Epoch 159/200:
Epoch 159/200:
2026-06-24 17:32:31,275 - INFO - Train loss: 0.4434 (2.7s)
Train loss: 0.4434 (2.7s)
2026-06-24 17:32:31,540 - INFO - Test instance 0.9750, class 0.9750
Test instance 0.9750, class 0.9750
2026-06-24 17:32:31,572 - INFO - Best instance 0.9875, class 0.9875 (epoch 103)
Best instance 0.9875, class 0.9875 (epoch 103)
2026-06-24 17:32:31,598 - INFO - Epoch 160/200:
Epoch 160/200:
2026-06-24 17:32:34,308 - INFO - Train loss: 0.4521 (2.7s)
Train loss: 0.4521 (2.7s)
2026-06-24 17:32:34,572 - INFO - Test instance 0.9625, class 0.9625
Test instance 0.9625, class 0.9625
2026-06-24 17:32:34,573 - INFO - Best instance 0.9875, class 0.9875 (epoch 103)
Best instance 0.9875, class 0.9875 (epoch 103)
2026-06-24 17:32:34,590 - INFO - Epoch 161/200:
Epoch 161/200:
2026-06-24 17:32:37,294 - INFO - Train loss: 0.4474 (2.7s)
Train loss: 0.4474 (2.7s)
2026-06-24 17:32:37,552 - INFO - Test instance 0.9500, class 0.9500
Test instance 0.9500, class 0.9500
2026-06-24 17:32:37,552 - INFO - Best instance 0.9875, class 0.9875 (epoch 103)
Best instance 0.9875, class 0.9875 (epoch 103)
2026-06-24 17:32:37,570 - INFO - Epoch 162/200:
Epoch 162/200:
2026-06-24 17:32:40,259 - INFO - Train loss: 0.4531 (2.7s)
Train loss: 0.4531 (2.7s)
2026-06-24 17:32:40,519 - INFO - Test instance 0.9625, class 0.9625
Test instance 0.9625, class 0.9625
2026-06-24 17:32:40,519 - INFO - Best instance 0.9875, class 0.9875 (epoch 103)
Best instance 0.9875, class 0.9875 (epoch 103)
2026-06-24 17:32:40,538 - INFO - Epoch 163/200:
Epoch 163/200:
2026-06-24 17:32:43,271 - INFO - Train loss: 0.4614 (2.7s)
Train loss: 0.4614 (2.7s)
2026-06-24 17:32:43,548 - INFO - Test instance 0.9750, class 0.9750
Test instance 0.9750, class 0.9750
2026-06-24 17:32:43,548 - INFO - Best instance 0.9875, class 0.9875 (epoch 103)
Best instance 0.9875, class 0.9875 (epoch 103)
2026-06-24 17:32:43,565 - INFO - Epoch 164/200:
Epoch 164/200:
2026-06-24 17:32:46,281 - INFO - Train loss: 0.4379 (2.7s)
Train loss: 0.4379 (2.7s)
2026-06-24 17:32:46,545 - INFO - Test instance 0.9500, class 0.9500
Test instance 0.9500, class 0.9500
2026-06-24 17:32:46,546 - INFO - Best instance 0.9875, class 0.9875 (epoch 103)
Best instance 0.9875, class 0.9875 (epoch 103)
2026-06-24 17:32:46,563 - INFO - Epoch 165/200:
Epoch 165/200:
2026-06-24 17:32:49,284 - INFO - Train loss: 0.4682 (2.7s)
Train loss: 0.4682 (2.7s)
2026-06-24 17:32:49,544 - INFO - Test instance 0.9500, class 0.9500
Test instance 0.9500, class 0.9500
2026-06-24 17:32:49,544 - INFO - Best instance 0.9875, class 0.9875 (epoch 103)
Best instance 0.9875, class 0.9875 (epoch 103)
2026-06-24 17:32:49,562 - INFO - Epoch 166/200:
Epoch 166/200:
2026-06-24 17:32:52,333 - INFO - Train loss: 0.4566 (2.8s)
Train loss: 0.4566 (2.8s)
2026-06-24 17:32:52,594 - INFO - Test instance 0.9750, class 0.9750
Test instance 0.9750, class 0.9750
2026-06-24 17:32:52,594 - INFO - Best instance 0.9875, class 0.9875 (epoch 103)
Best instance 0.9875, class 0.9875 (epoch 103)
2026-06-24 17:32:52,612 - INFO - Epoch 167/200:
Epoch 167/200:
2026-06-24 17:32:55,330 - INFO - Train loss: 0.4511 (2.7s)
Train loss: 0.4511 (2.7s)
2026-06-24 17:32:55,597 - INFO - Test instance 0.9750, class 0.9750
Test instance 0.9750, class 0.9750
2026-06-24 17:32:55,597 - INFO - Best instance 0.9875, class 0.9875 (epoch 103)
Best instance 0.9875, class 0.9875 (epoch 103)
2026-06-24 17:32:55,615 - INFO - Epoch 168/200:
Epoch 168/200:
2026-06-24 17:32:58,356 - INFO - Train loss: 0.4477 (2.7s)
Train loss: 0.4477 (2.7s)
2026-06-24 17:32:58,619 - INFO - Test instance 0.9625, class 0.9625
Test instance 0.9625, class 0.9625
2026-06-24 17:32:58,619 - INFO - Best instance 0.9875, class 0.9875 (epoch 103)
Best instance 0.9875, class 0.9875 (epoch 103)
2026-06-24 17:32:58,640 - INFO - Epoch 169/200:
Epoch 169/200:
2026-06-24 17:33:01,281 - INFO - Train loss: 0.4468 (2.6s)
Train loss: 0.4468 (2.6s)
2026-06-24 17:33:01,553 - INFO - Test instance 0.9750, class 0.9750
Test instance 0.9750, class 0.9750
2026-06-24 17:33:01,554 - INFO - Best instance 0.9875, class 0.9875 (epoch 103)
Best instance 0.9875, class 0.9875 (epoch 103)
2026-06-24 17:33:01,574 - INFO - Epoch 170/200:
Epoch 170/200:
2026-06-24 17:33:04,349 - INFO - Train loss: 0.4518 (2.8s)
Train loss: 0.4518 (2.8s)
2026-06-24 17:33:04,611 - INFO - Test instance 0.9750, class 0.9750
Test instance 0.9750, class 0.9750
2026-06-24 17:33:04,612 - INFO - Best instance 0.9875, class 0.9875 (epoch 103)
Best instance 0.9875, class 0.9875 (epoch 103)
2026-06-24 17:33:04,631 - INFO - Epoch 171/200:
Epoch 171/200:
2026-06-24 17:33:07,364 - INFO - Train loss: 0.4482 (2.7s)
Train loss: 0.4482 (2.7s)
2026-06-24 17:33:07,624 - INFO - Test instance 0.9750, class 0.9750
Test instance 0.9750, class 0.9750
2026-06-24 17:33:07,624 - INFO - Best instance 0.9875, class 0.9875 (epoch 103)
Best instance 0.9875, class 0.9875 (epoch 103)
2026-06-24 17:33:07,642 - INFO - Epoch 172/200:
Epoch 172/200:
2026-06-24 17:33:10,350 - INFO - Train loss: 0.4484 (2.7s)
Train loss: 0.4484 (2.7s)
2026-06-24 17:33:10,615 - INFO - Test instance 0.9500, class 0.9500
Test instance 0.9500, class 0.9500
2026-06-24 17:33:10,616 - INFO - Best instance 0.9875, class 0.9875 (epoch 103)
Best instance 0.9875, class 0.9875 (epoch 103)
2026-06-24 17:33:10,634 - INFO - Epoch 173/200:
Epoch 173/200:
2026-06-24 17:33:13,365 - INFO - Train loss: 0.4483 (2.7s)
Train loss: 0.4483 (2.7s)
2026-06-24 17:33:13,623 - INFO - Test instance 0.9500, class 0.9500
Test instance 0.9500, class 0.9500
2026-06-24 17:33:13,624 - INFO - Best instance 0.9875, class 0.9875 (epoch 103)
Best instance 0.9875, class 0.9875 (epoch 103)
2026-06-24 17:33:13,644 - INFO - Epoch 174/200:
Epoch 174/200:
2026-06-24 17:33:16,369 - INFO - Train loss: 0.4685 (2.7s)
Train loss: 0.4685 (2.7s)
2026-06-24 17:33:16,640 - INFO - Test instance 0.9500, class 0.9500
Test instance 0.9500, class 0.9500
2026-06-24 17:33:16,640 - INFO - Best instance 0.9875, class 0.9875 (epoch 103)
Best instance 0.9875, class 0.9875 (epoch 103)
2026-06-24 17:33:16,658 - INFO - Epoch 175/200:
Epoch 175/200:
2026-06-24 17:33:19,375 - INFO - Train loss: 0.4739 (2.7s)
Train loss: 0.4739 (2.7s)
2026-06-24 17:33:19,636 - INFO - Test instance 0.9500, class 0.9500
Test instance 0.9500, class 0.9500
2026-06-24 17:33:19,636 - INFO - Best instance 0.9875, class 0.9875 (epoch 103)
Best instance 0.9875, class 0.9875 (epoch 103)
2026-06-24 17:33:19,654 - INFO - Epoch 176/200:
Epoch 176/200:
2026-06-24 17:33:22,332 - INFO - Train loss: 0.4448 (2.7s)
Train loss: 0.4448 (2.7s)
2026-06-24 17:33:22,592 - INFO - Test instance 0.9500, class 0.9500
Test instance 0.9500, class 0.9500
2026-06-24 17:33:22,592 - INFO - Best instance 0.9875, class 0.9875 (epoch 103)
Best instance 0.9875, class 0.9875 (epoch 103)
2026-06-24 17:33:22,612 - INFO - Epoch 177/200:
Epoch 177/200:
2026-06-24 17:33:25,301 - INFO - Train loss: 0.4526 (2.7s)
Train loss: 0.4526 (2.7s)
2026-06-24 17:33:25,571 - INFO - Test instance 0.9500, class 0.9500
Test instance 0.9500, class 0.9500
2026-06-24 17:33:25,571 - INFO - Best instance 0.9875, class 0.9875 (epoch 103)
Best instance 0.9875, class 0.9875 (epoch 103)
2026-06-24 17:33:25,590 - INFO - Epoch 178/200:
Epoch 178/200:
2026-06-24 17:33:28,286 - INFO - Train loss: 0.4450 (2.7s)
Train loss: 0.4450 (2.7s)
2026-06-24 17:33:28,543 - INFO - Test instance 0.9750, class 0.9750
Test instance 0.9750, class 0.9750
2026-06-24 17:33:28,543 - INFO - Best instance 0.9875, class 0.9875 (epoch 103)
Best instance 0.9875, class 0.9875 (epoch 103)
2026-06-24 17:33:28,563 - INFO - Epoch 179/200:
Epoch 179/200:
2026-06-24 17:33:31,276 - INFO - Train loss: 0.4407 (2.7s)
Train loss: 0.4407 (2.7s)
2026-06-24 17:33:31,535 - INFO - Test instance 0.9375, class 0.9375
Test instance 0.9375, class 0.9375
2026-06-24 17:33:31,536 - INFO - Best instance 0.9875, class 0.9875 (epoch 103)
Best instance 0.9875, class 0.9875 (epoch 103)
2026-06-24 17:33:31,553 - INFO - Epoch 180/200:
Epoch 180/200:
2026-06-24 17:33:34,272 - INFO - Train loss: 0.4591 (2.7s)
Train loss: 0.4591 (2.7s)
2026-06-24 17:33:34,538 - INFO - Test instance 0.9500, class 0.9500
Test instance 0.9500, class 0.9500
2026-06-24 17:33:34,538 - INFO - Best instance 0.9875, class 0.9875 (epoch 103)
Best instance 0.9875, class 0.9875 (epoch 103)
2026-06-24 17:33:34,557 - INFO - Epoch 181/200:
Epoch 181/200:
2026-06-24 17:33:37,271 - INFO - Train loss: 0.4453 (2.7s)
Train loss: 0.4453 (2.7s)
2026-06-24 17:33:37,530 - INFO - Test instance 0.9375, class 0.9375
Test instance 0.9375, class 0.9375
2026-06-24 17:33:37,530 - INFO - Best instance 0.9875, class 0.9875 (epoch 103)
Best instance 0.9875, class 0.9875 (epoch 103)
2026-06-24 17:33:37,549 - INFO - Epoch 182/200:
Epoch 182/200:
2026-06-24 17:33:40,272 - INFO - Train loss: 0.4620 (2.7s)
Train loss: 0.4620 (2.7s)
2026-06-24 17:33:40,543 - INFO - Test instance 0.9625, class 0.9625
Test instance 0.9625, class 0.9625
2026-06-24 17:33:40,543 - INFO - Best instance 0.9875, class 0.9875 (epoch 103)
Best instance 0.9875, class 0.9875 (epoch 103)
2026-06-24 17:33:40,561 - INFO - Epoch 183/200:
Epoch 183/200:
2026-06-24 17:33:43,294 - INFO - Train loss: 0.4542 (2.7s)
Train loss: 0.4542 (2.7s)
2026-06-24 17:33:43,560 - INFO - Test instance 0.9625, class 0.9625
Test instance 0.9625, class 0.9625
2026-06-24 17:33:43,561 - INFO - Best instance 0.9875, class 0.9875 (epoch 103)
Best instance 0.9875, class 0.9875 (epoch 103)
2026-06-24 17:33:43,580 - INFO - Epoch 184/200:
Epoch 184/200:
2026-06-24 17:33:46,259 - INFO - Train loss: 0.4519 (2.7s)
Train loss: 0.4519 (2.7s)
2026-06-24 17:33:46,517 - INFO - Test instance 0.9625, class 0.9625
Test instance 0.9625, class 0.9625
2026-06-24 17:33:46,517 - INFO - Best instance 0.9875, class 0.9875 (epoch 103)
Best instance 0.9875, class 0.9875 (epoch 103)
2026-06-24 17:33:46,535 - INFO - Epoch 185/200:
Epoch 185/200:
2026-06-24 17:33:49,252 - INFO - Train loss: 0.4402 (2.7s)
Train loss: 0.4402 (2.7s)
2026-06-24 17:33:49,519 - INFO - Test instance 0.9875, class 0.9875
Test instance 0.9875, class 0.9875
2026-06-24 17:33:49,519 - INFO - Best instance 0.9875, class 0.9875 (epoch 103)
Best instance 0.9875, class 0.9875 (epoch 103)
2026-06-24 17:33:49,538 - INFO - Epoch 186/200:
Epoch 186/200:
2026-06-24 17:33:52,246 - INFO - Train loss: 0.4556 (2.7s)
Train loss: 0.4556 (2.7s)
2026-06-24 17:33:52,511 - INFO - Test instance 0.9750, class 0.9750
Test instance 0.9750, class 0.9750
2026-06-24 17:33:52,511 - INFO - Best instance 0.9875, class 0.9875 (epoch 103)
Best instance 0.9875, class 0.9875 (epoch 103)
2026-06-24 17:33:52,531 - INFO - Epoch 187/200:
Epoch 187/200:
2026-06-24 17:33:55,234 - INFO - Train loss: 0.4651 (2.7s)
Train loss: 0.4651 (2.7s)
2026-06-24 17:33:55,495 - INFO - Test instance 0.9875, class 0.9875
Test instance 0.9875, class 0.9875
2026-06-24 17:33:55,495 - INFO - Best instance 0.9875, class 0.9875 (epoch 103)
Best instance 0.9875, class 0.9875 (epoch 103)
2026-06-24 17:33:55,514 - INFO - Epoch 188/200:
Epoch 188/200:
2026-06-24 17:33:58,200 - INFO - Train loss: 0.4480 (2.7s)
Train loss: 0.4480 (2.7s)
2026-06-24 17:33:58,472 - INFO - Test instance 0.9625, class 0.9625
Test instance 0.9625, class 0.9625
2026-06-24 17:33:58,472 - INFO - Best instance 0.9875, class 0.9875 (epoch 103)
Best instance 0.9875, class 0.9875 (epoch 103)
2026-06-24 17:33:58,490 - INFO - Epoch 189/200:
Epoch 189/200:
2026-06-24 17:34:01,204 - INFO - Train loss: 0.4340 (2.7s)
Train loss: 0.4340 (2.7s)
2026-06-24 17:34:01,472 - INFO - Test instance 0.9750, class 0.9750
Test instance 0.9750, class 0.9750
2026-06-24 17:34:01,472 - INFO - Best instance 0.9875, class 0.9875 (epoch 103)
Best instance 0.9875, class 0.9875 (epoch 103)
2026-06-24 17:34:01,494 - INFO - Epoch 190/200:
Epoch 190/200:
2026-06-24 17:34:04,262 - INFO - Train loss: 0.4348 (2.8s)
Train loss: 0.4348 (2.8s)
2026-06-24 17:34:04,525 - INFO - Test instance 0.9750, class 0.9750
Test instance 0.9750, class 0.9750
2026-06-24 17:34:04,526 - INFO - Best instance 0.9875, class 0.9875 (epoch 103)
Best instance 0.9875, class 0.9875 (epoch 103)
2026-06-24 17:34:04,545 - INFO - Epoch 191/200:
Epoch 191/200:
2026-06-24 17:34:07,211 - INFO - Train loss: 0.4506 (2.7s)
Train loss: 0.4506 (2.7s)
2026-06-24 17:34:07,472 - INFO - Test instance 0.9750, class 0.9750
Test instance 0.9750, class 0.9750
2026-06-24 17:34:07,472 - INFO - Best instance 0.9875, class 0.9875 (epoch 103)
Best instance 0.9875, class 0.9875 (epoch 103)
2026-06-24 17:34:07,490 - INFO - Epoch 192/200:
Epoch 192/200:
2026-06-24 17:34:10,190 - INFO - Train loss: 0.4652 (2.7s)
Train loss: 0.4652 (2.7s)
2026-06-24 17:34:10,448 - INFO - Test instance 0.9750, class 0.9750
Test instance 0.9750, class 0.9750
2026-06-24 17:34:10,448 - INFO - Best instance 0.9875, class 0.9875 (epoch 103)
Best instance 0.9875, class 0.9875 (epoch 103)
2026-06-24 17:34:10,466 - INFO - Epoch 193/200:
Epoch 193/200:
2026-06-24 17:34:13,203 - INFO - Train loss: 0.4439 (2.7s)
Train loss: 0.4439 (2.7s)
2026-06-24 17:34:13,466 - INFO - Test instance 0.9625, class 0.9625
Test instance 0.9625, class 0.9625
2026-06-24 17:34:13,466 - INFO - Best instance 0.9875, class 0.9875 (epoch 103)
Best instance 0.9875, class 0.9875 (epoch 103)
2026-06-24 17:34:13,485 - INFO - Epoch 194/200:
Epoch 194/200:
2026-06-24 17:34:16,248 - INFO - Train loss: 0.4527 (2.8s)
Train loss: 0.4527 (2.8s)
2026-06-24 17:34:16,509 - INFO - Test instance 0.9625, class 0.9625
Test instance 0.9625, class 0.9625
2026-06-24 17:34:16,509 - INFO - Best instance 0.9875, class 0.9875 (epoch 103)
Best instance 0.9875, class 0.9875 (epoch 103)
2026-06-24 17:34:16,526 - INFO - Epoch 195/200:
Epoch 195/200:
2026-06-24 17:34:19,323 - INFO - Train loss: 0.4355 (2.8s)
Train loss: 0.4355 (2.8s)
2026-06-24 17:34:19,595 - INFO - Test instance 0.9500, class 0.9500
Test instance 0.9500, class 0.9500
2026-06-24 17:34:19,595 - INFO - Best instance 0.9875, class 0.9875 (epoch 103)
Best instance 0.9875, class 0.9875 (epoch 103)
2026-06-24 17:34:19,613 - INFO - Epoch 196/200:
Epoch 196/200:
2026-06-24 17:34:22,540 - INFO - Train loss: 0.4576 (2.9s)
Train loss: 0.4576 (2.9s)
2026-06-24 17:34:22,811 - INFO - Test instance 0.9625, class 0.9625
Test instance 0.9625, class 0.9625
2026-06-24 17:34:22,811 - INFO - Best instance 0.9875, class 0.9875 (epoch 103)
Best instance 0.9875, class 0.9875 (epoch 103)
2026-06-24 17:34:22,829 - INFO - Epoch 197/200:
Epoch 197/200:
2026-06-24 17:34:25,528 - INFO - Train loss: 0.4427 (2.7s)
Train loss: 0.4427 (2.7s)
2026-06-24 17:34:25,786 - INFO - Test instance 0.9000, class 0.9000
Test instance 0.9000, class 0.9000
2026-06-24 17:34:25,787 - INFO - Best instance 0.9875, class 0.9875 (epoch 103)
Best instance 0.9875, class 0.9875 (epoch 103)
2026-06-24 17:34:25,805 - INFO - Epoch 198/200:
Epoch 198/200:
2026-06-24 17:34:28,602 - INFO - Train loss: 0.4488 (2.8s)
Train loss: 0.4488 (2.8s)
2026-06-24 17:34:28,867 - INFO - Test instance 0.9625, class 0.9625
Test instance 0.9625, class 0.9625
2026-06-24 17:34:28,868 - INFO - Best instance 0.9875, class 0.9875 (epoch 103)
Best instance 0.9875, class 0.9875 (epoch 103)
2026-06-24 17:34:28,886 - INFO - Epoch 199/200:
Epoch 199/200:
2026-06-24 17:34:31,800 - INFO - Train loss: 0.4474 (2.9s)
Train loss: 0.4474 (2.9s)
2026-06-24 17:34:32,076 - INFO - Test instance 0.9625, class 0.9625
Test instance 0.9625, class 0.9625
2026-06-24 17:34:32,077 - INFO - Best instance 0.9875, class 0.9875 (epoch 103)
Best instance 0.9875, class 0.9875 (epoch 103)
2026-06-24 17:34:32,095 - INFO - Epoch 200/200:
Epoch 200/200:
2026-06-24 17:34:34,910 - INFO - Train loss: 0.4402 (2.8s)
Train loss: 0.4402 (2.8s)
2026-06-24 17:34:35,185 - INFO - Test instance 0.9750, class 0.9750
Test instance 0.9750, class 0.9750
2026-06-24 17:34:35,185 - INFO - Best instance 0.9875, class 0.9875 (epoch 103)
Best instance 0.9875, class 0.9875 (epoch 103)
2026-06-24 17:34:57,093 - INFO - Student 1.42 MB, 66.15 ms
Student 1.42 MB, 66.15 ms
