[Thu Jun 25 06:45:25 EDT 2026] task 62 on GPU 0: python flkd/advanced_kd_train_classification.py --teacher_model pointnet2_cls_ssg --student_model small_pointnet2 --kd_strategy vanilla --dataset modelnet40 --seed 7 --batch_size 48 --epoch 200 --num_point 1024 --teacher_path "outputs/modelnet40/flkd/federated/classification/fl_pointnet2_cls_ssg_scaffold_s7/checkpoints/best_model.pth" --log_dir kd_pointnet2_cls_ssg_scaffold+vanilla_small_pointnet2_s7  --data_root data --output_root outputs --num_workers -1 --max_runtime_hours 166.0
The size of train data is 9843
The size of test data is 2468
Loaded teacher from outputs/modelnet40/flkd/federated/classification/fl_pointnet2_cls_ssg_scaffold_s7/checkpoints/best_model.pth
2026-06-25 06:45:28,508 - INFO - PARAMETER ...
2026-06-25 06:45:28,508 - INFO - {'use_cpu': False, 'no_amp': False, 'gpu': '0', 'num_workers': -1, 'batch_size': 48, 'teacher_model': 'pointnet2_cls_ssg', 'student_model': 'small_pointnet2', 'num_category': 40, 'dataset': 'modelnet40', 'data_root': 'data', 'output_root': 'outputs', 'train_split': 0.8, 'dataset_seed': 0, 'cache_dataset': True, 'min_class_samples': 1, 'epoch': 200, 'learning_rate': 0.001, 'num_point': 1024, 'optimizer': 'Adam', 'log_dir': 'kd_pointnet2_cls_ssg_scaffold+vanilla_small_pointnet2_s7', 'decay_rate': 0.0001, 'use_normals': False, 'process_data': False, 'use_uniform_sample': False, 'resume': True, 'kd_strategy': 'vanilla', 'alpha': 0.5, 'temperature': 2.0, 'beta': 0.5, 'dkd_alpha': 1.0, 'dkd_beta': 8.0, 'crd_temperature': 0.07, 'teacher_path': 'outputs/modelnet40/flkd/federated/classification/fl_pointnet2_cls_ssg_scaffold_s7/checkpoints/best_model.pth', 'teacher_paths': None, 'teacher_weights': None, 'use_hard_labels': 'on', 'unlabeled': False, 'temperature_sweep': None, 'seed': 7, 'max_runtime_hours': 166.0}
2026-06-25 06:45:28,510 - INFO - KD=vanilla student=small_pointnet2 AMP=False use_hard=True unlabeled=False T=2.0
KD=vanilla student=small_pointnet2 AMP=False use_hard=True unlabeled=False T=2.0
2026-06-25 06:45:28,521 - INFO - Epoch 1/200:
Epoch 1/200:
2026-06-25 06:47:06,124 - INFO - Train loss: 1.4366 (97.6s)
Train loss: 1.4366 (97.6s)
2026-06-25 06:47:29,972 - INFO - Test instance 0.5466, class 0.3906
Test instance 0.5466, class 0.3906
2026-06-25 06:47:30,002 - INFO - Best instance 0.5466, class 0.3906 (epoch 1)
Best instance 0.5466, class 0.3906 (epoch 1)
2026-06-25 06:47:30,020 - INFO - Epoch 2/200:
Epoch 2/200:
2026-06-25 06:49:05,521 - INFO - Train loss: 0.9991 (95.5s)
Train loss: 0.9991 (95.5s)
2026-06-25 06:49:28,792 - INFO - Test instance 0.6317, class 0.5020
Test instance 0.6317, class 0.5020
2026-06-25 06:49:28,813 - INFO - Best instance 0.6317, class 0.5020 (epoch 2)
Best instance 0.6317, class 0.5020 (epoch 2)
2026-06-25 06:49:28,829 - INFO - Epoch 3/200:
Epoch 3/200:
2026-06-25 06:51:03,991 - INFO - Train loss: 0.8907 (95.2s)
Train loss: 0.8907 (95.2s)
2026-06-25 06:51:27,344 - INFO - Test instance 0.7066, class 0.5933
Test instance 0.7066, class 0.5933
2026-06-25 06:51:27,364 - INFO - Best instance 0.7066, class 0.5933 (epoch 3)
Best instance 0.7066, class 0.5933 (epoch 3)
2026-06-25 06:51:27,390 - INFO - Epoch 4/200:
Epoch 4/200:
2026-06-25 06:53:03,008 - INFO - Train loss: 0.8373 (95.6s)
Train loss: 0.8373 (95.6s)
2026-06-25 06:53:26,375 - INFO - Test instance 0.7261, class 0.6302
Test instance 0.7261, class 0.6302
2026-06-25 06:53:26,392 - INFO - Best instance 0.7261, class 0.6302 (epoch 4)
Best instance 0.7261, class 0.6302 (epoch 4)
2026-06-25 06:53:26,408 - INFO - Epoch 5/200:
Epoch 5/200:
2026-06-25 06:55:02,094 - INFO - Train loss: 0.8009 (95.7s)
Train loss: 0.8009 (95.7s)
2026-06-25 06:55:25,221 - INFO - Test instance 0.7885, class 0.6937
Test instance 0.7885, class 0.6937
2026-06-25 06:55:25,238 - INFO - Best instance 0.7885, class 0.6937 (epoch 5)
Best instance 0.7885, class 0.6937 (epoch 5)
2026-06-25 06:55:25,255 - INFO - Epoch 6/200:
Epoch 6/200:
2026-06-25 06:57:00,336 - INFO - Train loss: 0.7654 (95.1s)
Train loss: 0.7654 (95.1s)
2026-06-25 06:57:23,603 - INFO - Test instance 0.7982, class 0.6937
Test instance 0.7982, class 0.6937
2026-06-25 06:57:23,620 - INFO - Best instance 0.7982, class 0.6937 (epoch 6)
Best instance 0.7982, class 0.6937 (epoch 6)
2026-06-25 06:57:23,636 - INFO - Epoch 7/200:
Epoch 7/200:
2026-06-25 06:58:58,847 - INFO - Train loss: 0.7450 (95.2s)
Train loss: 0.7450 (95.2s)
2026-06-25 06:59:22,447 - INFO - Test instance 0.8302, class 0.7403
Test instance 0.8302, class 0.7403
2026-06-25 06:59:22,464 - INFO - Best instance 0.8302, class 0.7403 (epoch 7)
Best instance 0.8302, class 0.7403 (epoch 7)
2026-06-25 06:59:22,480 - INFO - Epoch 8/200:
Epoch 8/200:
2026-06-25 07:00:57,364 - INFO - Train loss: 0.7265 (94.9s)
Train loss: 0.7265 (94.9s)
2026-06-25 07:01:20,624 - INFO - Test instance 0.8318, class 0.7587
Test instance 0.8318, class 0.7587
2026-06-25 07:01:20,642 - INFO - Best instance 0.8318, class 0.7587 (epoch 8)
Best instance 0.8318, class 0.7587 (epoch 8)
2026-06-25 07:01:20,659 - INFO - Epoch 9/200:
Epoch 9/200:
2026-06-25 07:02:55,939 - INFO - Train loss: 0.7109 (95.3s)
Train loss: 0.7109 (95.3s)
2026-06-25 07:03:19,018 - INFO - Test instance 0.8428, class 0.7642
Test instance 0.8428, class 0.7642
2026-06-25 07:03:19,035 - INFO - Best instance 0.8428, class 0.7642 (epoch 9)
Best instance 0.8428, class 0.7642 (epoch 9)
2026-06-25 07:03:19,052 - INFO - Epoch 10/200:
Epoch 10/200:
2026-06-25 07:04:54,237 - INFO - Train loss: 0.6992 (95.2s)
Train loss: 0.6992 (95.2s)
2026-06-25 07:05:17,660 - INFO - Test instance 0.8553, class 0.7766
Test instance 0.8553, class 0.7766
2026-06-25 07:05:17,678 - INFO - Best instance 0.8553, class 0.7766 (epoch 10)
Best instance 0.8553, class 0.7766 (epoch 10)
2026-06-25 07:05:17,694 - INFO - Epoch 11/200:
Epoch 11/200:
2026-06-25 07:06:53,112 - INFO - Train loss: 0.6892 (95.4s)
Train loss: 0.6892 (95.4s)
2026-06-25 07:07:16,483 - INFO - Test instance 0.8529, class 0.7854
Test instance 0.8529, class 0.7854
2026-06-25 07:07:16,483 - INFO - Best instance 0.8553, class 0.7766 (epoch 10)
Best instance 0.8553, class 0.7766 (epoch 10)
2026-06-25 07:07:16,502 - INFO - Epoch 12/200:
Epoch 12/200:
2026-06-25 07:08:51,885 - INFO - Train loss: 0.6816 (95.4s)
Train loss: 0.6816 (95.4s)
2026-06-25 07:09:15,099 - INFO - Test instance 0.8412, class 0.7548
Test instance 0.8412, class 0.7548
2026-06-25 07:09:15,101 - INFO - Best instance 0.8553, class 0.7766 (epoch 10)
Best instance 0.8553, class 0.7766 (epoch 10)
2026-06-25 07:09:15,122 - INFO - Epoch 13/200:
Epoch 13/200:
2026-06-25 07:10:50,638 - INFO - Train loss: 0.6783 (95.5s)
Train loss: 0.6783 (95.5s)
2026-06-25 07:11:13,928 - INFO - Test instance 0.8655, class 0.7946
Test instance 0.8655, class 0.7946
2026-06-25 07:11:13,946 - INFO - Best instance 0.8655, class 0.7946 (epoch 13)
Best instance 0.8655, class 0.7946 (epoch 13)
2026-06-25 07:11:13,962 - INFO - Epoch 14/200:
Epoch 14/200:
2026-06-25 07:12:49,162 - INFO - Train loss: 0.6663 (95.2s)
Train loss: 0.6663 (95.2s)
2026-06-25 07:13:12,515 - INFO - Test instance 0.8566, class 0.7859
Test instance 0.8566, class 0.7859
2026-06-25 07:13:12,516 - INFO - Best instance 0.8655, class 0.7946 (epoch 13)
Best instance 0.8655, class 0.7946 (epoch 13)
2026-06-25 07:13:12,537 - INFO - Epoch 15/200:
Epoch 15/200:
2026-06-25 07:14:47,944 - INFO - Train loss: 0.6587 (95.4s)
Train loss: 0.6587 (95.4s)
2026-06-25 07:15:11,219 - INFO - Test instance 0.8687, class 0.8064
Test instance 0.8687, class 0.8064
2026-06-25 07:15:11,239 - INFO - Best instance 0.8687, class 0.8064 (epoch 15)
Best instance 0.8687, class 0.8064 (epoch 15)
2026-06-25 07:15:11,255 - INFO - Epoch 16/200:
Epoch 16/200:
2026-06-25 07:16:46,404 - INFO - Train loss: 0.6576 (95.1s)
Train loss: 0.6576 (95.1s)
2026-06-25 07:17:09,615 - INFO - Test instance 0.8562, class 0.7772
Test instance 0.8562, class 0.7772
2026-06-25 07:17:09,615 - INFO - Best instance 0.8687, class 0.8064 (epoch 15)
Best instance 0.8687, class 0.8064 (epoch 15)
2026-06-25 07:17:09,633 - INFO - Epoch 17/200:
Epoch 17/200:
2026-06-25 07:18:45,132 - INFO - Train loss: 0.6498 (95.5s)
Train loss: 0.6498 (95.5s)
2026-06-25 07:19:08,273 - INFO - Test instance 0.8707, class 0.8051
Test instance 0.8707, class 0.8051
2026-06-25 07:19:08,291 - INFO - Best instance 0.8707, class 0.8051 (epoch 17)
Best instance 0.8707, class 0.8051 (epoch 17)
2026-06-25 07:19:08,307 - INFO - Epoch 18/200:
Epoch 18/200:
2026-06-25 07:20:43,923 - INFO - Train loss: 0.6450 (95.6s)
Train loss: 0.6450 (95.6s)
2026-06-25 07:21:07,296 - INFO - Test instance 0.8740, class 0.8263
Test instance 0.8740, class 0.8263
2026-06-25 07:21:07,314 - INFO - Best instance 0.8740, class 0.8263 (epoch 18)
Best instance 0.8740, class 0.8263 (epoch 18)
2026-06-25 07:21:07,331 - INFO - Epoch 19/200:
Epoch 19/200:
2026-06-25 07:22:42,597 - INFO - Train loss: 0.6421 (95.3s)
Train loss: 0.6421 (95.3s)
2026-06-25 07:23:05,969 - INFO - Test instance 0.8788, class 0.8233
Test instance 0.8788, class 0.8233
2026-06-25 07:23:05,986 - INFO - Best instance 0.8788, class 0.8233 (epoch 19)
Best instance 0.8788, class 0.8233 (epoch 19)
2026-06-25 07:23:06,003 - INFO - Epoch 20/200:
Epoch 20/200:
2026-06-25 07:24:41,516 - INFO - Train loss: 0.6358 (95.5s)
Train loss: 0.6358 (95.5s)
2026-06-25 07:25:04,900 - INFO - Test instance 0.8861, class 0.8144
Test instance 0.8861, class 0.8144
2026-06-25 07:25:04,917 - INFO - Best instance 0.8861, class 0.8144 (epoch 20)
Best instance 0.8861, class 0.8144 (epoch 20)
2026-06-25 07:25:04,933 - INFO - Epoch 21/200:
Epoch 21/200:
2026-06-25 07:26:40,465 - INFO - Train loss: 0.6190 (95.5s)
Train loss: 0.6190 (95.5s)
2026-06-25 07:27:03,888 - INFO - Test instance 0.8934, class 0.8401
Test instance 0.8934, class 0.8401
2026-06-25 07:27:03,906 - INFO - Best instance 0.8934, class 0.8401 (epoch 21)
Best instance 0.8934, class 0.8401 (epoch 21)
2026-06-25 07:27:03,922 - INFO - Epoch 22/200:
Epoch 22/200:
2026-06-25 07:28:39,072 - INFO - Train loss: 0.6157 (95.1s)
Train loss: 0.6157 (95.1s)
2026-06-25 07:29:02,378 - INFO - Test instance 0.8910, class 0.8304
Test instance 0.8910, class 0.8304
2026-06-25 07:29:02,379 - INFO - Best instance 0.8934, class 0.8401 (epoch 21)
Best instance 0.8934, class 0.8401 (epoch 21)
2026-06-25 07:29:02,397 - INFO - Epoch 23/200:
Epoch 23/200:
2026-06-25 07:30:37,513 - INFO - Train loss: 0.6123 (95.1s)
Train loss: 0.6123 (95.1s)
2026-06-25 07:31:00,993 - INFO - Test instance 0.8906, class 0.8307
Test instance 0.8906, class 0.8307
2026-06-25 07:31:00,995 - INFO - Best instance 0.8934, class 0.8401 (epoch 21)
Best instance 0.8934, class 0.8401 (epoch 21)
2026-06-25 07:31:01,014 - INFO - Epoch 24/200:
Epoch 24/200:
2026-06-25 07:32:36,267 - INFO - Train loss: 0.6082 (95.3s)
Train loss: 0.6082 (95.3s)
2026-06-25 07:32:59,484 - INFO - Test instance 0.8902, class 0.8357
Test instance 0.8902, class 0.8357
2026-06-25 07:32:59,485 - INFO - Best instance 0.8934, class 0.8401 (epoch 21)
Best instance 0.8934, class 0.8401 (epoch 21)
2026-06-25 07:32:59,502 - INFO - Epoch 25/200:
Epoch 25/200:
2026-06-25 07:34:35,516 - INFO - Train loss: 0.6099 (96.0s)
Train loss: 0.6099 (96.0s)
2026-06-25 07:34:58,740 - INFO - Test instance 0.8938, class 0.8381
Test instance 0.8938, class 0.8381
2026-06-25 07:34:58,759 - INFO - Best instance 0.8938, class 0.8381 (epoch 25)
Best instance 0.8938, class 0.8381 (epoch 25)
2026-06-25 07:34:58,779 - INFO - Epoch 26/200:
Epoch 26/200:
2026-06-25 07:36:34,542 - INFO - Train loss: 0.6056 (95.8s)
Train loss: 0.6056 (95.8s)
2026-06-25 07:36:57,720 - INFO - Test instance 0.8926, class 0.8323
Test instance 0.8926, class 0.8323
2026-06-25 07:36:57,722 - INFO - Best instance 0.8938, class 0.8381 (epoch 25)
Best instance 0.8938, class 0.8381 (epoch 25)
2026-06-25 07:36:57,740 - INFO - Epoch 27/200:
Epoch 27/200:
2026-06-25 07:38:32,936 - INFO - Train loss: 0.5989 (95.2s)
Train loss: 0.5989 (95.2s)
2026-06-25 07:38:56,144 - INFO - Test instance 0.8882, class 0.8321
Test instance 0.8882, class 0.8321
2026-06-25 07:38:56,144 - INFO - Best instance 0.8938, class 0.8381 (epoch 25)
Best instance 0.8938, class 0.8381 (epoch 25)
2026-06-25 07:38:56,164 - INFO - Epoch 28/200:
Epoch 28/200:
2026-06-25 07:40:31,306 - INFO - Train loss: 0.6002 (95.1s)
Train loss: 0.6002 (95.1s)
2026-06-25 07:40:54,648 - INFO - Test instance 0.8801, class 0.8304
Test instance 0.8801, class 0.8304
2026-06-25 07:40:54,651 - INFO - Best instance 0.8938, class 0.8381 (epoch 25)
Best instance 0.8938, class 0.8381 (epoch 25)
2026-06-25 07:40:54,674 - INFO - Epoch 29/200:
Epoch 29/200:
2026-06-25 07:42:30,531 - INFO - Train loss: 0.5971 (95.9s)
Train loss: 0.5971 (95.9s)
2026-06-25 07:42:53,643 - INFO - Test instance 0.8914, class 0.8462
Test instance 0.8914, class 0.8462
2026-06-25 07:42:53,643 - INFO - Best instance 0.8938, class 0.8381 (epoch 25)
Best instance 0.8938, class 0.8381 (epoch 25)
2026-06-25 07:42:53,662 - INFO - Epoch 30/200:
Epoch 30/200:
2026-06-25 07:44:28,924 - INFO - Train loss: 0.5980 (95.3s)
Train loss: 0.5980 (95.3s)
2026-06-25 07:44:52,137 - INFO - Test instance 0.8772, class 0.8305
Test instance 0.8772, class 0.8305
2026-06-25 07:44:52,138 - INFO - Best instance 0.8938, class 0.8381 (epoch 25)
Best instance 0.8938, class 0.8381 (epoch 25)
2026-06-25 07:44:52,156 - INFO - Epoch 31/200:
Epoch 31/200:
2026-06-25 07:46:27,272 - INFO - Train loss: 0.6004 (95.1s)
Train loss: 0.6004 (95.1s)
2026-06-25 07:46:50,592 - INFO - Test instance 0.8947, class 0.8410
Test instance 0.8947, class 0.8410
2026-06-25 07:46:50,609 - INFO - Best instance 0.8947, class 0.8410 (epoch 31)
Best instance 0.8947, class 0.8410 (epoch 31)
2026-06-25 07:46:50,625 - INFO - Epoch 32/200:
Epoch 32/200:
2026-06-25 07:48:26,587 - INFO - Train loss: 0.5946 (96.0s)
Train loss: 0.5946 (96.0s)
2026-06-25 07:48:49,872 - INFO - Test instance 0.9044, class 0.8534
Test instance 0.9044, class 0.8534
2026-06-25 07:48:49,892 - INFO - Best instance 0.9044, class 0.8534 (epoch 32)
Best instance 0.9044, class 0.8534 (epoch 32)
2026-06-25 07:48:49,933 - INFO - Epoch 33/200:
Epoch 33/200:
2026-06-25 07:50:25,609 - INFO - Train loss: 0.5896 (95.7s)
Train loss: 0.5896 (95.7s)
2026-06-25 07:50:48,836 - INFO - Test instance 0.9129, class 0.8658
Test instance 0.9129, class 0.8658
2026-06-25 07:50:48,855 - INFO - Best instance 0.9129, class 0.8658 (epoch 33)
Best instance 0.9129, class 0.8658 (epoch 33)
2026-06-25 07:50:48,871 - INFO - Epoch 34/200:
Epoch 34/200:
2026-06-25 07:52:24,418 - INFO - Train loss: 0.5946 (95.5s)
Train loss: 0.5946 (95.5s)
2026-06-25 07:52:47,699 - INFO - Test instance 0.8947, class 0.8468
Test instance 0.8947, class 0.8468
2026-06-25 07:52:47,700 - INFO - Best instance 0.9129, class 0.8658 (epoch 33)
Best instance 0.9129, class 0.8658 (epoch 33)
2026-06-25 07:52:47,719 - INFO - Epoch 35/200:
Epoch 35/200:
2026-06-25 07:54:23,194 - INFO - Train loss: 0.5902 (95.5s)
Train loss: 0.5902 (95.5s)
2026-06-25 07:54:46,369 - INFO - Test instance 0.9044, class 0.8512
Test instance 0.9044, class 0.8512
2026-06-25 07:54:46,370 - INFO - Best instance 0.9129, class 0.8658 (epoch 33)
Best instance 0.9129, class 0.8658 (epoch 33)
2026-06-25 07:54:46,390 - INFO - Epoch 36/200:
Epoch 36/200:
2026-06-25 07:56:21,856 - INFO - Train loss: 0.5882 (95.5s)
Train loss: 0.5882 (95.5s)
2026-06-25 07:56:45,167 - INFO - Test instance 0.8999, class 0.8578
Test instance 0.8999, class 0.8578
2026-06-25 07:56:45,167 - INFO - Best instance 0.9129, class 0.8658 (epoch 33)
Best instance 0.9129, class 0.8658 (epoch 33)
2026-06-25 07:56:45,186 - INFO - Epoch 37/200:
Epoch 37/200:
2026-06-25 07:58:20,773 - INFO - Train loss: 0.5902 (95.6s)
Train loss: 0.5902 (95.6s)
2026-06-25 07:58:44,027 - INFO - Test instance 0.9044, class 0.8561
Test instance 0.9044, class 0.8561
2026-06-25 07:58:44,029 - INFO - Best instance 0.9129, class 0.8658 (epoch 33)
Best instance 0.9129, class 0.8658 (epoch 33)
2026-06-25 07:58:44,048 - INFO - Epoch 38/200:
Epoch 38/200:
2026-06-25 08:00:19,768 - INFO - Train loss: 0.5843 (95.7s)
Train loss: 0.5843 (95.7s)
2026-06-25 08:00:43,140 - INFO - Test instance 0.9064, class 0.8575
Test instance 0.9064, class 0.8575
2026-06-25 08:00:43,141 - INFO - Best instance 0.9129, class 0.8658 (epoch 33)
Best instance 0.9129, class 0.8658 (epoch 33)
2026-06-25 08:00:43,158 - INFO - Epoch 39/200:
Epoch 39/200:
2026-06-25 08:02:18,365 - INFO - Train loss: 0.5826 (95.2s)
Train loss: 0.5826 (95.2s)
2026-06-25 08:02:41,622 - INFO - Test instance 0.9011, class 0.8499
Test instance 0.9011, class 0.8499
2026-06-25 08:02:41,623 - INFO - Best instance 0.9129, class 0.8658 (epoch 33)
Best instance 0.9129, class 0.8658 (epoch 33)
2026-06-25 08:02:41,643 - INFO - Epoch 40/200:
Epoch 40/200:
2026-06-25 08:04:16,735 - INFO - Train loss: 0.5845 (95.1s)
Train loss: 0.5845 (95.1s)
2026-06-25 08:04:39,979 - INFO - Test instance 0.9036, class 0.8559
Test instance 0.9036, class 0.8559
2026-06-25 08:04:39,979 - INFO - Best instance 0.9129, class 0.8658 (epoch 33)
Best instance 0.9129, class 0.8658 (epoch 33)
2026-06-25 08:04:39,998 - INFO - Epoch 41/200:
Epoch 41/200:
2026-06-25 08:06:15,335 - INFO - Train loss: 0.5733 (95.3s)
Train loss: 0.5733 (95.3s)
2026-06-25 08:06:38,533 - INFO - Test instance 0.9068, class 0.8632
Test instance 0.9068, class 0.8632
2026-06-25 08:06:38,534 - INFO - Best instance 0.9129, class 0.8658 (epoch 33)
Best instance 0.9129, class 0.8658 (epoch 33)
2026-06-25 08:06:38,553 - INFO - Epoch 42/200:
Epoch 42/200:
2026-06-25 08:08:14,448 - INFO - Train loss: 0.5685 (95.9s)
Train loss: 0.5685 (95.9s)
2026-06-25 08:08:37,649 - INFO - Test instance 0.9161, class 0.8751
Test instance 0.9161, class 0.8751
2026-06-25 08:08:37,671 - INFO - Best instance 0.9161, class 0.8751 (epoch 42)
Best instance 0.9161, class 0.8751 (epoch 42)
2026-06-25 08:08:37,687 - INFO - Epoch 43/200:
Epoch 43/200:
2026-06-25 08:10:13,171 - INFO - Train loss: 0.5693 (95.5s)
Train loss: 0.5693 (95.5s)
2026-06-25 08:10:36,396 - INFO - Test instance 0.9137, class 0.8735
Test instance 0.9137, class 0.8735
2026-06-25 08:10:36,396 - INFO - Best instance 0.9161, class 0.8751 (epoch 42)
Best instance 0.9161, class 0.8751 (epoch 42)
2026-06-25 08:10:36,414 - INFO - Epoch 44/200:
Epoch 44/200:
2026-06-25 08:12:11,721 - INFO - Train loss: 0.5695 (95.3s)
Train loss: 0.5695 (95.3s)
2026-06-25 08:12:34,931 - INFO - Test instance 0.9068, class 0.8672
Test instance 0.9068, class 0.8672
2026-06-25 08:12:34,933 - INFO - Best instance 0.9161, class 0.8751 (epoch 42)
Best instance 0.9161, class 0.8751 (epoch 42)
2026-06-25 08:12:34,952 - INFO - Epoch 45/200:
Epoch 45/200:
2026-06-25 08:14:10,461 - INFO - Train loss: 0.5663 (95.5s)
Train loss: 0.5663 (95.5s)
2026-06-25 08:14:33,721 - INFO - Test instance 0.9024, class 0.8550
Test instance 0.9024, class 0.8550
2026-06-25 08:14:33,722 - INFO - Best instance 0.9161, class 0.8751 (epoch 42)
Best instance 0.9161, class 0.8751 (epoch 42)
2026-06-25 08:14:33,741 - INFO - Epoch 46/200:
Epoch 46/200:
2026-06-25 08:16:08,820 - INFO - Train loss: 0.5658 (95.1s)
Train loss: 0.5658 (95.1s)
2026-06-25 08:16:32,045 - INFO - Test instance 0.9056, class 0.8624
Test instance 0.9056, class 0.8624
2026-06-25 08:16:32,045 - INFO - Best instance 0.9161, class 0.8751 (epoch 42)
Best instance 0.9161, class 0.8751 (epoch 42)
2026-06-25 08:16:32,063 - INFO - Epoch 47/200:
Epoch 47/200:
2026-06-25 08:18:07,364 - INFO - Train loss: 0.5651 (95.3s)
Train loss: 0.5651 (95.3s)
2026-06-25 08:18:30,730 - INFO - Test instance 0.9068, class 0.8599
Test instance 0.9068, class 0.8599
2026-06-25 08:18:30,731 - INFO - Best instance 0.9161, class 0.8751 (epoch 42)
Best instance 0.9161, class 0.8751 (epoch 42)
2026-06-25 08:18:30,748 - INFO - Epoch 48/200:
Epoch 48/200:
2026-06-25 08:20:05,934 - INFO - Train loss: 0.5640 (95.2s)
Train loss: 0.5640 (95.2s)
2026-06-25 08:20:29,082 - INFO - Test instance 0.9088, class 0.8694
Test instance 0.9088, class 0.8694
2026-06-25 08:20:29,083 - INFO - Best instance 0.9161, class 0.8751 (epoch 42)
Best instance 0.9161, class 0.8751 (epoch 42)
2026-06-25 08:20:29,100 - INFO - Epoch 49/200:
Epoch 49/200:
2026-06-25 08:22:04,598 - INFO - Train loss: 0.5611 (95.5s)
Train loss: 0.5611 (95.5s)
2026-06-25 08:22:27,940 - INFO - Test instance 0.9044, class 0.8648
Test instance 0.9044, class 0.8648
2026-06-25 08:22:27,940 - INFO - Best instance 0.9161, class 0.8751 (epoch 42)
Best instance 0.9161, class 0.8751 (epoch 42)
2026-06-25 08:22:27,959 - INFO - Epoch 50/200:
Epoch 50/200:
2026-06-25 08:24:03,569 - INFO - Train loss: 0.5644 (95.6s)
Train loss: 0.5644 (95.6s)
2026-06-25 08:24:26,863 - INFO - Test instance 0.9129, class 0.8629
Test instance 0.9129, class 0.8629
2026-06-25 08:24:26,864 - INFO - Best instance 0.9161, class 0.8751 (epoch 42)
Best instance 0.9161, class 0.8751 (epoch 42)
2026-06-25 08:24:26,882 - INFO - Epoch 51/200:
Epoch 51/200:
2026-06-25 08:26:02,514 - INFO - Train loss: 0.5662 (95.6s)
Train loss: 0.5662 (95.6s)
2026-06-25 08:26:25,810 - INFO - Test instance 0.9121, class 0.8670
Test instance 0.9121, class 0.8670
2026-06-25 08:26:25,811 - INFO - Best instance 0.9161, class 0.8751 (epoch 42)
Best instance 0.9161, class 0.8751 (epoch 42)
2026-06-25 08:26:25,830 - INFO - Epoch 52/200:
Epoch 52/200:
2026-06-25 08:28:01,039 - INFO - Train loss: 0.5592 (95.2s)
Train loss: 0.5592 (95.2s)
2026-06-25 08:28:24,349 - INFO - Test instance 0.9072, class 0.8648
Test instance 0.9072, class 0.8648
2026-06-25 08:28:24,349 - INFO - Best instance 0.9161, class 0.8751 (epoch 42)
Best instance 0.9161, class 0.8751 (epoch 42)
2026-06-25 08:28:24,368 - INFO - Epoch 53/200:
Epoch 53/200:
2026-06-25 08:29:59,625 - INFO - Train loss: 0.5596 (95.3s)
Train loss: 0.5596 (95.3s)
2026-06-25 08:30:22,941 - INFO - Test instance 0.9121, class 0.8679
Test instance 0.9121, class 0.8679
2026-06-25 08:30:22,941 - INFO - Best instance 0.9161, class 0.8751 (epoch 42)
Best instance 0.9161, class 0.8751 (epoch 42)
2026-06-25 08:30:22,959 - INFO - Epoch 54/200:
Epoch 54/200:
2026-06-25 08:31:58,433 - INFO - Train loss: 0.5599 (95.5s)
Train loss: 0.5599 (95.5s)
2026-06-25 08:32:21,635 - INFO - Test instance 0.9157, class 0.8782
Test instance 0.9157, class 0.8782
2026-06-25 08:32:21,636 - INFO - Best instance 0.9161, class 0.8751 (epoch 42)
Best instance 0.9161, class 0.8751 (epoch 42)
2026-06-25 08:32:21,653 - INFO - Epoch 55/200:
Epoch 55/200:
2026-06-25 08:33:56,578 - INFO - Train loss: 0.5561 (94.9s)
Train loss: 0.5561 (94.9s)
2026-06-25 08:34:19,817 - INFO - Test instance 0.9129, class 0.8758
Test instance 0.9129, class 0.8758
2026-06-25 08:34:19,818 - INFO - Best instance 0.9161, class 0.8751 (epoch 42)
Best instance 0.9161, class 0.8751 (epoch 42)
2026-06-25 08:34:19,835 - INFO - Epoch 56/200:
Epoch 56/200:
2026-06-25 08:35:55,007 - INFO - Train loss: 0.5612 (95.2s)
Train loss: 0.5612 (95.2s)
2026-06-25 08:36:18,440 - INFO - Test instance 0.9080, class 0.8689
Test instance 0.9080, class 0.8689
2026-06-25 08:36:18,440 - INFO - Best instance 0.9161, class 0.8751 (epoch 42)
Best instance 0.9161, class 0.8751 (epoch 42)
2026-06-25 08:36:18,457 - INFO - Epoch 57/200:
Epoch 57/200:
2026-06-25 08:37:53,645 - INFO - Train loss: 0.5550 (95.2s)
Train loss: 0.5550 (95.2s)
2026-06-25 08:38:16,895 - INFO - Test instance 0.9040, class 0.8668
Test instance 0.9040, class 0.8668
2026-06-25 08:38:16,896 - INFO - Best instance 0.9161, class 0.8751 (epoch 42)
Best instance 0.9161, class 0.8751 (epoch 42)
2026-06-25 08:38:16,913 - INFO - Epoch 58/200:
Epoch 58/200:
2026-06-25 08:39:52,570 - INFO - Train loss: 0.5575 (95.7s)
Train loss: 0.5575 (95.7s)
2026-06-25 08:40:15,953 - INFO - Test instance 0.9100, class 0.8672
Test instance 0.9100, class 0.8672
2026-06-25 08:40:15,953 - INFO - Best instance 0.9161, class 0.8751 (epoch 42)
Best instance 0.9161, class 0.8751 (epoch 42)
2026-06-25 08:40:15,971 - INFO - Epoch 59/200:
Epoch 59/200:
2026-06-25 08:41:51,272 - INFO - Train loss: 0.5555 (95.3s)
Train loss: 0.5555 (95.3s)
2026-06-25 08:42:14,545 - INFO - Test instance 0.9032, class 0.8712
Test instance 0.9032, class 0.8712
2026-06-25 08:42:14,546 - INFO - Best instance 0.9161, class 0.8751 (epoch 42)
Best instance 0.9161, class 0.8751 (epoch 42)
2026-06-25 08:42:14,563 - INFO - Epoch 60/200:
Epoch 60/200:
2026-06-25 08:43:49,739 - INFO - Train loss: 0.5561 (95.2s)
Train loss: 0.5561 (95.2s)
2026-06-25 08:44:13,116 - INFO - Test instance 0.9153, class 0.8732
Test instance 0.9153, class 0.8732
2026-06-25 08:44:13,116 - INFO - Best instance 0.9161, class 0.8751 (epoch 42)
Best instance 0.9161, class 0.8751 (epoch 42)
2026-06-25 08:44:13,135 - INFO - Epoch 61/200:
Epoch 61/200:
2026-06-25 08:45:48,322 - INFO - Train loss: 0.5465 (95.2s)
Train loss: 0.5465 (95.2s)
2026-06-25 08:46:11,311 - INFO - Test instance 0.9129, class 0.8740
Test instance 0.9129, class 0.8740
2026-06-25 08:46:11,311 - INFO - Best instance 0.9161, class 0.8751 (epoch 42)
Best instance 0.9161, class 0.8751 (epoch 42)
2026-06-25 08:46:11,330 - INFO - Epoch 62/200:
Epoch 62/200:
2026-06-25 08:47:46,271 - INFO - Train loss: 0.5437 (94.9s)
Train loss: 0.5437 (94.9s)
2026-06-25 08:48:09,994 - INFO - Test instance 0.9165, class 0.8822
Test instance 0.9165, class 0.8822
2026-06-25 08:48:10,015 - INFO - Best instance 0.9165, class 0.8822 (epoch 62)
Best instance 0.9165, class 0.8822 (epoch 62)
2026-06-25 08:48:10,038 - INFO - Epoch 63/200:
Epoch 63/200:
2026-06-25 08:49:45,370 - INFO - Train loss: 0.5441 (95.3s)
Train loss: 0.5441 (95.3s)
2026-06-25 08:50:08,516 - INFO - Test instance 0.9169, class 0.8806
Test instance 0.9169, class 0.8806
2026-06-25 08:50:08,534 - INFO - Best instance 0.9169, class 0.8806 (epoch 63)
Best instance 0.9169, class 0.8806 (epoch 63)
2026-06-25 08:50:08,550 - INFO - Epoch 64/200:
Epoch 64/200:
2026-06-25 08:51:43,809 - INFO - Train loss: 0.5396 (95.3s)
Train loss: 0.5396 (95.3s)
2026-06-25 08:52:07,325 - INFO - Test instance 0.9141, class 0.8668
Test instance 0.9141, class 0.8668
2026-06-25 08:52:07,325 - INFO - Best instance 0.9169, class 0.8806 (epoch 63)
Best instance 0.9169, class 0.8806 (epoch 63)
2026-06-25 08:52:07,343 - INFO - Epoch 65/200:
Epoch 65/200:
2026-06-25 08:53:42,438 - INFO - Train loss: 0.5406 (95.1s)
Train loss: 0.5406 (95.1s)
2026-06-25 08:54:05,692 - INFO - Test instance 0.9173, class 0.8772
Test instance 0.9173, class 0.8772
2026-06-25 08:54:05,709 - INFO - Best instance 0.9173, class 0.8772 (epoch 65)
Best instance 0.9173, class 0.8772 (epoch 65)
2026-06-25 08:54:05,727 - INFO - Epoch 66/200:
Epoch 66/200:
2026-06-25 08:55:40,903 - INFO - Train loss: 0.5371 (95.2s)
Train loss: 0.5371 (95.2s)
2026-06-25 08:56:04,080 - INFO - Test instance 0.9109, class 0.8774
Test instance 0.9109, class 0.8774
2026-06-25 08:56:04,080 - INFO - Best instance 0.9173, class 0.8772 (epoch 65)
Best instance 0.9173, class 0.8772 (epoch 65)
2026-06-25 08:56:04,097 - INFO - Epoch 67/200:
Epoch 67/200:
2026-06-25 08:57:39,339 - INFO - Train loss: 0.5429 (95.2s)
Train loss: 0.5429 (95.2s)
2026-06-25 08:58:02,628 - INFO - Test instance 0.9100, class 0.8700
Test instance 0.9100, class 0.8700
2026-06-25 08:58:02,628 - INFO - Best instance 0.9173, class 0.8772 (epoch 65)
Best instance 0.9173, class 0.8772 (epoch 65)
2026-06-25 08:58:02,645 - INFO - Epoch 68/200:
Epoch 68/200:
2026-06-25 08:59:37,518 - INFO - Train loss: 0.5409 (94.9s)
Train loss: 0.5409 (94.9s)
2026-06-25 09:00:00,630 - INFO - Test instance 0.9169, class 0.8832
Test instance 0.9169, class 0.8832
2026-06-25 09:00:00,630 - INFO - Best instance 0.9173, class 0.8772 (epoch 65)
Best instance 0.9173, class 0.8772 (epoch 65)
2026-06-25 09:00:00,649 - INFO - Epoch 69/200:
Epoch 69/200:
2026-06-25 09:01:35,734 - INFO - Train loss: 0.5421 (95.1s)
Train loss: 0.5421 (95.1s)
2026-06-25 09:01:58,961 - INFO - Test instance 0.9149, class 0.8753
Test instance 0.9149, class 0.8753
2026-06-25 09:01:58,961 - INFO - Best instance 0.9173, class 0.8772 (epoch 65)
Best instance 0.9173, class 0.8772 (epoch 65)
2026-06-25 09:01:58,979 - INFO - Epoch 70/200:
Epoch 70/200:
2026-06-25 09:03:34,391 - INFO - Train loss: 0.5400 (95.4s)
Train loss: 0.5400 (95.4s)
2026-06-25 09:03:57,698 - INFO - Test instance 0.9133, class 0.8715
Test instance 0.9133, class 0.8715
2026-06-25 09:03:57,698 - INFO - Best instance 0.9173, class 0.8772 (epoch 65)
Best instance 0.9173, class 0.8772 (epoch 65)
2026-06-25 09:03:57,716 - INFO - Epoch 71/200:
Epoch 71/200:
2026-06-25 09:05:32,626 - INFO - Train loss: 0.5379 (94.9s)
Train loss: 0.5379 (94.9s)
2026-06-25 09:05:55,719 - INFO - Test instance 0.9206, class 0.8841
Test instance 0.9206, class 0.8841
2026-06-25 09:05:55,737 - INFO - Best instance 0.9206, class 0.8841 (epoch 71)
Best instance 0.9206, class 0.8841 (epoch 71)
2026-06-25 09:05:55,758 - INFO - Epoch 72/200:
Epoch 72/200:
2026-06-25 09:07:31,055 - INFO - Train loss: 0.5360 (95.3s)
Train loss: 0.5360 (95.3s)
2026-06-25 09:07:54,145 - INFO - Test instance 0.9109, class 0.8786
Test instance 0.9109, class 0.8786
2026-06-25 09:07:54,146 - INFO - Best instance 0.9206, class 0.8841 (epoch 71)
Best instance 0.9206, class 0.8841 (epoch 71)
2026-06-25 09:07:54,167 - INFO - Epoch 73/200:
Epoch 73/200:
2026-06-25 09:09:29,109 - INFO - Train loss: 0.5363 (94.9s)
Train loss: 0.5363 (94.9s)
2026-06-25 09:09:52,294 - INFO - Test instance 0.9121, class 0.8770
Test instance 0.9121, class 0.8770
2026-06-25 09:09:52,294 - INFO - Best instance 0.9206, class 0.8841 (epoch 71)
Best instance 0.9206, class 0.8841 (epoch 71)
2026-06-25 09:09:52,312 - INFO - Epoch 74/200:
Epoch 74/200:
2026-06-25 09:11:27,600 - INFO - Train loss: 0.5413 (95.3s)
Train loss: 0.5413 (95.3s)
2026-06-25 09:11:50,812 - INFO - Test instance 0.9137, class 0.8781
Test instance 0.9137, class 0.8781
2026-06-25 09:11:50,813 - INFO - Best instance 0.9206, class 0.8841 (epoch 71)
Best instance 0.9206, class 0.8841 (epoch 71)
2026-06-25 09:11:50,831 - INFO - Epoch 75/200:
Epoch 75/200:
2026-06-25 09:13:25,981 - INFO - Train loss: 0.5378 (95.1s)
Train loss: 0.5378 (95.1s)
2026-06-25 09:13:49,198 - INFO - Test instance 0.9177, class 0.8864
Test instance 0.9177, class 0.8864
2026-06-25 09:13:49,198 - INFO - Best instance 0.9206, class 0.8841 (epoch 71)
Best instance 0.9206, class 0.8841 (epoch 71)
2026-06-25 09:13:49,216 - INFO - Epoch 76/200:
Epoch 76/200:
2026-06-25 09:15:24,492 - INFO - Train loss: 0.5371 (95.3s)
Train loss: 0.5371 (95.3s)
2026-06-25 09:15:47,778 - INFO - Test instance 0.9161, class 0.8760
Test instance 0.9161, class 0.8760
2026-06-25 09:15:47,781 - INFO - Best instance 0.9206, class 0.8841 (epoch 71)
Best instance 0.9206, class 0.8841 (epoch 71)
2026-06-25 09:15:47,805 - INFO - Epoch 77/200:
Epoch 77/200:
2026-06-25 09:17:22,795 - INFO - Train loss: 0.5345 (95.0s)
Train loss: 0.5345 (95.0s)
2026-06-25 09:17:46,175 - INFO - Test instance 0.9149, class 0.8761
Test instance 0.9149, class 0.8761
2026-06-25 09:17:46,175 - INFO - Best instance 0.9206, class 0.8841 (epoch 71)
Best instance 0.9206, class 0.8841 (epoch 71)
2026-06-25 09:17:46,193 - INFO - Epoch 78/200:
Epoch 78/200:
2026-06-25 09:19:20,974 - INFO - Train loss: 0.5352 (94.8s)
Train loss: 0.5352 (94.8s)
2026-06-25 09:19:44,142 - INFO - Test instance 0.9161, class 0.8783
Test instance 0.9161, class 0.8783
2026-06-25 09:19:44,142 - INFO - Best instance 0.9206, class 0.8841 (epoch 71)
Best instance 0.9206, class 0.8841 (epoch 71)
2026-06-25 09:19:44,161 - INFO - Epoch 79/200:
Epoch 79/200:
2026-06-25 09:21:20,038 - INFO - Train loss: 0.5328 (95.9s)
Train loss: 0.5328 (95.9s)
2026-06-25 09:21:43,212 - INFO - Test instance 0.9137, class 0.8712
Test instance 0.9137, class 0.8712
2026-06-25 09:21:43,213 - INFO - Best instance 0.9206, class 0.8841 (epoch 71)
Best instance 0.9206, class 0.8841 (epoch 71)
2026-06-25 09:21:43,229 - INFO - Epoch 80/200:
Epoch 80/200:
2026-06-25 09:23:18,132 - INFO - Train loss: 0.5379 (94.9s)
Train loss: 0.5379 (94.9s)
2026-06-25 09:23:41,312 - INFO - Test instance 0.9121, class 0.8662
Test instance 0.9121, class 0.8662
2026-06-25 09:23:41,312 - INFO - Best instance 0.9206, class 0.8841 (epoch 71)
Best instance 0.9206, class 0.8841 (epoch 71)
2026-06-25 09:23:41,330 - INFO - Epoch 81/200:
Epoch 81/200:
2026-06-25 09:25:16,492 - INFO - Train loss: 0.5294 (95.2s)
Train loss: 0.5294 (95.2s)
2026-06-25 09:25:39,822 - INFO - Test instance 0.9096, class 0.8731
Test instance 0.9096, class 0.8731
2026-06-25 09:25:39,822 - INFO - Best instance 0.9206, class 0.8841 (epoch 71)
Best instance 0.9206, class 0.8841 (epoch 71)
2026-06-25 09:25:39,840 - INFO - Epoch 82/200:
Epoch 82/200:
2026-06-25 09:27:14,846 - INFO - Train loss: 0.5254 (95.0s)
Train loss: 0.5254 (95.0s)
2026-06-25 09:27:38,184 - INFO - Test instance 0.9198, class 0.8875
Test instance 0.9198, class 0.8875
2026-06-25 09:27:38,184 - INFO - Best instance 0.9206, class 0.8841 (epoch 71)
Best instance 0.9206, class 0.8841 (epoch 71)
2026-06-25 09:27:38,204 - INFO - Epoch 83/200:
Epoch 83/200:
2026-06-25 09:29:13,020 - INFO - Train loss: 0.5277 (94.8s)
Train loss: 0.5277 (94.8s)
2026-06-25 09:29:36,358 - INFO - Test instance 0.9173, class 0.8822
Test instance 0.9173, class 0.8822
2026-06-25 09:29:36,358 - INFO - Best instance 0.9206, class 0.8841 (epoch 71)
Best instance 0.9206, class 0.8841 (epoch 71)
2026-06-25 09:29:36,375 - INFO - Epoch 84/200:
Epoch 84/200:
2026-06-25 09:31:11,668 - INFO - Train loss: 0.5270 (95.3s)
Train loss: 0.5270 (95.3s)
2026-06-25 09:31:34,790 - INFO - Test instance 0.9182, class 0.8793
Test instance 0.9182, class 0.8793
2026-06-25 09:31:34,790 - INFO - Best instance 0.9206, class 0.8841 (epoch 71)
Best instance 0.9206, class 0.8841 (epoch 71)
2026-06-25 09:31:34,808 - INFO - Epoch 85/200:
Epoch 85/200:
2026-06-25 09:33:09,808 - INFO - Train loss: 0.5249 (95.0s)
Train loss: 0.5249 (95.0s)
2026-06-25 09:33:33,006 - INFO - Test instance 0.9218, class 0.8902
Test instance 0.9218, class 0.8902
2026-06-25 09:33:33,024 - INFO - Best instance 0.9218, class 0.8902 (epoch 85)
Best instance 0.9218, class 0.8902 (epoch 85)
2026-06-25 09:33:33,039 - INFO - Epoch 86/200:
Epoch 86/200:
2026-06-25 09:35:07,948 - INFO - Train loss: 0.5253 (94.9s)
Train loss: 0.5253 (94.9s)
2026-06-25 09:35:31,141 - INFO - Test instance 0.9173, class 0.8786
Test instance 0.9173, class 0.8786
2026-06-25 09:35:31,141 - INFO - Best instance 0.9218, class 0.8902 (epoch 85)
Best instance 0.9218, class 0.8902 (epoch 85)
2026-06-25 09:35:31,158 - INFO - Epoch 87/200:
Epoch 87/200:
2026-06-25 09:37:06,023 - INFO - Train loss: 0.5228 (94.9s)
Train loss: 0.5228 (94.9s)
2026-06-25 09:37:29,322 - INFO - Test instance 0.9161, class 0.8757
Test instance 0.9161, class 0.8757
2026-06-25 09:37:29,322 - INFO - Best instance 0.9218, class 0.8902 (epoch 85)
Best instance 0.9218, class 0.8902 (epoch 85)
2026-06-25 09:37:29,340 - INFO - Epoch 88/200:
Epoch 88/200:
2026-06-25 09:39:04,403 - INFO - Train loss: 0.5234 (95.1s)
Train loss: 0.5234 (95.1s)
2026-06-25 09:39:27,723 - INFO - Test instance 0.9190, class 0.8882
Test instance 0.9190, class 0.8882
2026-06-25 09:39:27,723 - INFO - Best instance 0.9218, class 0.8902 (epoch 85)
Best instance 0.9218, class 0.8902 (epoch 85)
2026-06-25 09:39:27,741 - INFO - Epoch 89/200:
Epoch 89/200:
2026-06-25 09:41:02,465 - INFO - Train loss: 0.5247 (94.7s)
Train loss: 0.5247 (94.7s)
2026-06-25 09:41:25,550 - INFO - Test instance 0.9194, class 0.8793
Test instance 0.9194, class 0.8793
2026-06-25 09:41:25,551 - INFO - Best instance 0.9218, class 0.8902 (epoch 85)
Best instance 0.9218, class 0.8902 (epoch 85)
2026-06-25 09:41:25,568 - INFO - Epoch 90/200:
Epoch 90/200:
2026-06-25 09:43:00,305 - INFO - Train loss: 0.5236 (94.7s)
Train loss: 0.5236 (94.7s)
2026-06-25 09:43:23,536 - INFO - Test instance 0.9186, class 0.8790
Test instance 0.9186, class 0.8790
2026-06-25 09:43:23,537 - INFO - Best instance 0.9218, class 0.8902 (epoch 85)
Best instance 0.9218, class 0.8902 (epoch 85)
2026-06-25 09:43:23,553 - INFO - Epoch 91/200:
Epoch 91/200:
2026-06-25 09:44:58,326 - INFO - Train loss: 0.5210 (94.8s)
Train loss: 0.5210 (94.8s)
2026-06-25 09:45:21,674 - INFO - Test instance 0.9210, class 0.8823
Test instance 0.9210, class 0.8823
2026-06-25 09:45:21,674 - INFO - Best instance 0.9218, class 0.8902 (epoch 85)
Best instance 0.9218, class 0.8902 (epoch 85)
2026-06-25 09:45:21,694 - INFO - Epoch 92/200:
Epoch 92/200:
2026-06-25 09:46:56,859 - INFO - Train loss: 0.5221 (95.2s)
Train loss: 0.5221 (95.2s)
2026-06-25 09:47:20,070 - INFO - Test instance 0.9202, class 0.8899
Test instance 0.9202, class 0.8899
2026-06-25 09:47:20,070 - INFO - Best instance 0.9218, class 0.8902 (epoch 85)
Best instance 0.9218, class 0.8902 (epoch 85)
2026-06-25 09:47:20,088 - INFO - Epoch 93/200:
Epoch 93/200:
2026-06-25 09:48:55,727 - INFO - Train loss: 0.5246 (95.6s)
Train loss: 0.5246 (95.6s)
2026-06-25 09:49:19,458 - INFO - Test instance 0.9129, class 0.8780
Test instance 0.9129, class 0.8780
2026-06-25 09:49:19,458 - INFO - Best instance 0.9218, class 0.8902 (epoch 85)
Best instance 0.9218, class 0.8902 (epoch 85)
2026-06-25 09:49:19,476 - INFO - Epoch 94/200:
Epoch 94/200:
2026-06-25 09:50:54,346 - INFO - Train loss: 0.5226 (94.9s)
Train loss: 0.5226 (94.9s)
2026-06-25 09:51:17,634 - INFO - Test instance 0.9182, class 0.8840
Test instance 0.9182, class 0.8840
2026-06-25 09:51:17,635 - INFO - Best instance 0.9218, class 0.8902 (epoch 85)
Best instance 0.9218, class 0.8902 (epoch 85)
2026-06-25 09:51:17,655 - INFO - Epoch 95/200:
Epoch 95/200:
2026-06-25 09:52:52,383 - INFO - Train loss: 0.5191 (94.7s)
Train loss: 0.5191 (94.7s)
2026-06-25 09:53:15,592 - INFO - Test instance 0.9177, class 0.8831
Test instance 0.9177, class 0.8831
2026-06-25 09:53:15,592 - INFO - Best instance 0.9218, class 0.8902 (epoch 85)
Best instance 0.9218, class 0.8902 (epoch 85)
2026-06-25 09:53:15,610 - INFO - Epoch 96/200:
Epoch 96/200:
2026-06-25 09:54:50,497 - INFO - Train loss: 0.5198 (94.9s)
Train loss: 0.5198 (94.9s)
2026-06-25 09:55:13,833 - INFO - Test instance 0.9190, class 0.8838
Test instance 0.9190, class 0.8838
2026-06-25 09:55:13,834 - INFO - Best instance 0.9218, class 0.8902 (epoch 85)
Best instance 0.9218, class 0.8902 (epoch 85)
2026-06-25 09:55:13,853 - INFO - Epoch 97/200:
Epoch 97/200:
2026-06-25 09:56:48,776 - INFO - Train loss: 0.5257 (94.9s)
Train loss: 0.5257 (94.9s)
2026-06-25 09:57:11,992 - INFO - Test instance 0.9169, class 0.8839
Test instance 0.9169, class 0.8839
2026-06-25 09:57:11,992 - INFO - Best instance 0.9218, class 0.8902 (epoch 85)
Best instance 0.9218, class 0.8902 (epoch 85)
2026-06-25 09:57:12,009 - INFO - Epoch 98/200:
Epoch 98/200:
2026-06-25 09:58:47,074 - INFO - Train loss: 0.5195 (95.1s)
Train loss: 0.5195 (95.1s)
2026-06-25 09:59:10,273 - INFO - Test instance 0.9186, class 0.8848
Test instance 0.9186, class 0.8848
2026-06-25 09:59:10,273 - INFO - Best instance 0.9218, class 0.8902 (epoch 85)
Best instance 0.9218, class 0.8902 (epoch 85)
2026-06-25 09:59:10,291 - INFO - Epoch 99/200:
Epoch 99/200:
2026-06-25 10:00:44,958 - INFO - Train loss: 0.5176 (94.7s)
Train loss: 0.5176 (94.7s)
2026-06-25 10:01:08,045 - INFO - Test instance 0.9198, class 0.8848
Test instance 0.9198, class 0.8848
2026-06-25 10:01:08,045 - INFO - Best instance 0.9218, class 0.8902 (epoch 85)
Best instance 0.9218, class 0.8902 (epoch 85)
2026-06-25 10:01:08,062 - INFO - Epoch 100/200:
Epoch 100/200:
2026-06-25 10:02:43,109 - INFO - Train loss: 0.5172 (95.0s)
Train loss: 0.5172 (95.0s)
2026-06-25 10:03:06,391 - INFO - Test instance 0.9202, class 0.8864
Test instance 0.9202, class 0.8864
2026-06-25 10:03:06,392 - INFO - Best instance 0.9218, class 0.8902 (epoch 85)
Best instance 0.9218, class 0.8902 (epoch 85)
2026-06-25 10:03:06,409 - INFO - Epoch 101/200:
Epoch 101/200:
2026-06-25 10:04:41,438 - INFO - Train loss: 0.5186 (95.0s)
Train loss: 0.5186 (95.0s)
2026-06-25 10:05:04,585 - INFO - Test instance 0.9206, class 0.8878
Test instance 0.9206, class 0.8878
2026-06-25 10:05:04,585 - INFO - Best instance 0.9218, class 0.8902 (epoch 85)
Best instance 0.9218, class 0.8902 (epoch 85)
2026-06-25 10:05:04,603 - INFO - Epoch 102/200:
Epoch 102/200:
2026-06-25 10:06:39,272 - INFO - Train loss: 0.5181 (94.7s)
Train loss: 0.5181 (94.7s)
2026-06-25 10:07:02,521 - INFO - Test instance 0.9121, class 0.8774
Test instance 0.9121, class 0.8774
2026-06-25 10:07:02,521 - INFO - Best instance 0.9218, class 0.8902 (epoch 85)
Best instance 0.9218, class 0.8902 (epoch 85)
2026-06-25 10:07:02,539 - INFO - Epoch 103/200:
Epoch 103/200:
2026-06-25 10:08:37,352 - INFO - Train loss: 0.5126 (94.8s)
Train loss: 0.5126 (94.8s)
2026-06-25 10:09:00,604 - INFO - Test instance 0.9182, class 0.8806
Test instance 0.9182, class 0.8806
2026-06-25 10:09:00,605 - INFO - Best instance 0.9218, class 0.8902 (epoch 85)
Best instance 0.9218, class 0.8902 (epoch 85)
2026-06-25 10:09:00,624 - INFO - Epoch 104/200:
Epoch 104/200:
2026-06-25 10:10:35,986 - INFO - Train loss: 0.5153 (95.4s)
Train loss: 0.5153 (95.4s)
2026-06-25 10:10:59,215 - INFO - Test instance 0.9222, class 0.8825
Test instance 0.9222, class 0.8825
2026-06-25 10:10:59,232 - INFO - Best instance 0.9222, class 0.8825 (epoch 104)
Best instance 0.9222, class 0.8825 (epoch 104)
2026-06-25 10:10:59,249 - INFO - Epoch 105/200:
Epoch 105/200:
2026-06-25 10:12:34,238 - INFO - Train loss: 0.5163 (95.0s)
Train loss: 0.5163 (95.0s)
2026-06-25 10:12:57,661 - INFO - Test instance 0.9206, class 0.8810
Test instance 0.9206, class 0.8810
2026-06-25 10:12:57,661 - INFO - Best instance 0.9222, class 0.8825 (epoch 104)
Best instance 0.9222, class 0.8825 (epoch 104)
2026-06-25 10:12:57,678 - INFO - Epoch 106/200:
Epoch 106/200:
2026-06-25 10:14:32,669 - INFO - Train loss: 0.5142 (95.0s)
Train loss: 0.5142 (95.0s)
2026-06-25 10:14:55,943 - INFO - Test instance 0.9234, class 0.8850
Test instance 0.9234, class 0.8850
2026-06-25 10:14:55,962 - INFO - Best instance 0.9234, class 0.8850 (epoch 106)
Best instance 0.9234, class 0.8850 (epoch 106)
2026-06-25 10:14:55,978 - INFO - Epoch 107/200:
Epoch 107/200:
2026-06-25 10:16:31,219 - INFO - Train loss: 0.5101 (95.2s)
Train loss: 0.5101 (95.2s)
2026-06-25 10:16:54,501 - INFO - Test instance 0.9214, class 0.8825
Test instance 0.9214, class 0.8825
2026-06-25 10:16:54,501 - INFO - Best instance 0.9234, class 0.8850 (epoch 106)
Best instance 0.9234, class 0.8850 (epoch 106)
2026-06-25 10:16:54,520 - INFO - Epoch 108/200:
Epoch 108/200:
2026-06-25 10:18:29,360 - INFO - Train loss: 0.5146 (94.8s)
Train loss: 0.5146 (94.8s)
2026-06-25 10:18:52,573 - INFO - Test instance 0.9161, class 0.8755
Test instance 0.9161, class 0.8755
2026-06-25 10:18:52,574 - INFO - Best instance 0.9234, class 0.8850 (epoch 106)
Best instance 0.9234, class 0.8850 (epoch 106)
2026-06-25 10:18:52,591 - INFO - Epoch 109/200:
Epoch 109/200:
2026-06-25 10:20:27,303 - INFO - Train loss: 0.5132 (94.7s)
Train loss: 0.5132 (94.7s)
2026-06-25 10:20:50,549 - INFO - Test instance 0.9186, class 0.8799
Test instance 0.9186, class 0.8799
2026-06-25 10:20:50,549 - INFO - Best instance 0.9234, class 0.8850 (epoch 106)
Best instance 0.9234, class 0.8850 (epoch 106)
2026-06-25 10:20:50,566 - INFO - Epoch 110/200:
Epoch 110/200:
2026-06-25 10:22:25,530 - INFO - Train loss: 0.5140 (95.0s)
Train loss: 0.5140 (95.0s)
2026-06-25 10:22:48,768 - INFO - Test instance 0.9182, class 0.8831
Test instance 0.9182, class 0.8831
2026-06-25 10:22:48,769 - INFO - Best instance 0.9234, class 0.8850 (epoch 106)
Best instance 0.9234, class 0.8850 (epoch 106)
2026-06-25 10:22:48,786 - INFO - Epoch 111/200:
Epoch 111/200:
2026-06-25 10:24:23,606 - INFO - Train loss: 0.5118 (94.8s)
Train loss: 0.5118 (94.8s)
2026-06-25 10:24:46,657 - INFO - Test instance 0.9169, class 0.8823
Test instance 0.9169, class 0.8823
2026-06-25 10:24:46,657 - INFO - Best instance 0.9234, class 0.8850 (epoch 106)
Best instance 0.9234, class 0.8850 (epoch 106)
2026-06-25 10:24:46,675 - INFO - Epoch 112/200:
Epoch 112/200:
2026-06-25 10:26:21,775 - INFO - Train loss: 0.5127 (95.1s)
Train loss: 0.5127 (95.1s)
2026-06-25 10:26:45,158 - INFO - Test instance 0.9198, class 0.8873
Test instance 0.9198, class 0.8873
2026-06-25 10:26:45,158 - INFO - Best instance 0.9234, class 0.8850 (epoch 106)
Best instance 0.9234, class 0.8850 (epoch 106)
2026-06-25 10:26:45,176 - INFO - Epoch 113/200:
Epoch 113/200:
2026-06-25 10:28:20,206 - INFO - Train loss: 0.5107 (95.0s)
Train loss: 0.5107 (95.0s)
2026-06-25 10:28:43,622 - INFO - Test instance 0.9161, class 0.8848
Test instance 0.9161, class 0.8848
2026-06-25 10:28:43,622 - INFO - Best instance 0.9234, class 0.8850 (epoch 106)
Best instance 0.9234, class 0.8850 (epoch 106)
2026-06-25 10:28:43,640 - INFO - Epoch 114/200:
Epoch 114/200:
2026-06-25 10:30:18,700 - INFO - Train loss: 0.5129 (95.1s)
Train loss: 0.5129 (95.1s)
2026-06-25 10:30:41,931 - INFO - Test instance 0.9242, class 0.8907
Test instance 0.9242, class 0.8907
2026-06-25 10:30:41,948 - INFO - Best instance 0.9242, class 0.8907 (epoch 114)
Best instance 0.9242, class 0.8907 (epoch 114)
2026-06-25 10:30:41,964 - INFO - Epoch 115/200:
Epoch 115/200:
2026-06-25 10:32:16,948 - INFO - Train loss: 0.5096 (95.0s)
Train loss: 0.5096 (95.0s)
2026-06-25 10:32:40,371 - INFO - Test instance 0.9198, class 0.8845
Test instance 0.9198, class 0.8845
2026-06-25 10:32:40,372 - INFO - Best instance 0.9242, class 0.8907 (epoch 114)
Best instance 0.9242, class 0.8907 (epoch 114)
2026-06-25 10:32:40,390 - INFO - Epoch 116/200:
Epoch 116/200:
2026-06-25 10:34:15,336 - INFO - Train loss: 0.5106 (94.9s)
Train loss: 0.5106 (94.9s)
2026-06-25 10:34:38,588 - INFO - Test instance 0.9222, class 0.8898
Test instance 0.9222, class 0.8898
2026-06-25 10:34:38,588 - INFO - Best instance 0.9242, class 0.8907 (epoch 114)
Best instance 0.9242, class 0.8907 (epoch 114)
2026-06-25 10:34:38,607 - INFO - Epoch 117/200:
Epoch 117/200:
2026-06-25 10:36:14,368 - INFO - Train loss: 0.5121 (95.8s)
Train loss: 0.5121 (95.8s)
2026-06-25 10:36:37,531 - INFO - Test instance 0.9141, class 0.8776
Test instance 0.9141, class 0.8776
2026-06-25 10:36:37,532 - INFO - Best instance 0.9242, class 0.8907 (epoch 114)
Best instance 0.9242, class 0.8907 (epoch 114)
2026-06-25 10:36:37,550 - INFO - Epoch 118/200:
Epoch 118/200:
2026-06-25 10:38:12,704 - INFO - Train loss: 0.5079 (95.2s)
Train loss: 0.5079 (95.2s)
2026-06-25 10:38:35,808 - INFO - Test instance 0.9173, class 0.8800
Test instance 0.9173, class 0.8800
2026-06-25 10:38:35,809 - INFO - Best instance 0.9242, class 0.8907 (epoch 114)
Best instance 0.9242, class 0.8907 (epoch 114)
2026-06-25 10:38:35,827 - INFO - Epoch 119/200:
Epoch 119/200:
2026-06-25 10:40:11,101 - INFO - Train loss: 0.5103 (95.3s)
Train loss: 0.5103 (95.3s)
2026-06-25 10:40:34,309 - INFO - Test instance 0.9182, class 0.8880
Test instance 0.9182, class 0.8880
2026-06-25 10:40:34,309 - INFO - Best instance 0.9242, class 0.8907 (epoch 114)
Best instance 0.9242, class 0.8907 (epoch 114)
2026-06-25 10:40:34,326 - INFO - Epoch 120/200:
Epoch 120/200:
2026-06-25 10:42:09,227 - INFO - Train loss: 0.5076 (94.9s)
Train loss: 0.5076 (94.9s)
2026-06-25 10:42:32,492 - INFO - Test instance 0.9242, class 0.8910
Test instance 0.9242, class 0.8910
2026-06-25 10:42:32,492 - INFO - Best instance 0.9242, class 0.8907 (epoch 114)
Best instance 0.9242, class 0.8907 (epoch 114)
2026-06-25 10:42:32,510 - INFO - Epoch 121/200:
Epoch 121/200:
2026-06-25 10:44:07,653 - INFO - Train loss: 0.5046 (95.1s)
Train loss: 0.5046 (95.1s)
2026-06-25 10:44:30,847 - INFO - Test instance 0.9169, class 0.8812
Test instance 0.9169, class 0.8812
2026-06-25 10:44:30,847 - INFO - Best instance 0.9242, class 0.8907 (epoch 114)
Best instance 0.9242, class 0.8907 (epoch 114)
2026-06-25 10:44:30,866 - INFO - Epoch 122/200:
Epoch 122/200:
2026-06-25 10:46:05,872 - INFO - Train loss: 0.5057 (95.0s)
Train loss: 0.5057 (95.0s)
2026-06-25 10:46:29,424 - INFO - Test instance 0.9206, class 0.8850
Test instance 0.9206, class 0.8850
2026-06-25 10:46:29,424 - INFO - Best instance 0.9242, class 0.8907 (epoch 114)
Best instance 0.9242, class 0.8907 (epoch 114)
2026-06-25 10:46:29,442 - INFO - Epoch 123/200:
Epoch 123/200:
2026-06-25 10:48:04,676 - INFO - Train loss: 0.5069 (95.2s)
Train loss: 0.5069 (95.2s)
2026-06-25 10:48:27,921 - INFO - Test instance 0.9198, class 0.8821
Test instance 0.9198, class 0.8821
2026-06-25 10:48:27,921 - INFO - Best instance 0.9242, class 0.8907 (epoch 114)
Best instance 0.9242, class 0.8907 (epoch 114)
2026-06-25 10:48:27,938 - INFO - Epoch 124/200:
Epoch 124/200:
2026-06-25 10:50:03,625 - INFO - Train loss: 0.5089 (95.7s)
Train loss: 0.5089 (95.7s)
2026-06-25 10:50:26,741 - INFO - Test instance 0.9198, class 0.8872
Test instance 0.9198, class 0.8872
2026-06-25 10:50:26,741 - INFO - Best instance 0.9242, class 0.8907 (epoch 114)
Best instance 0.9242, class 0.8907 (epoch 114)
2026-06-25 10:50:26,761 - INFO - Epoch 125/200:
Epoch 125/200:
2026-06-25 10:52:01,778 - INFO - Train loss: 0.5077 (95.0s)
Train loss: 0.5077 (95.0s)
2026-06-25 10:52:25,276 - INFO - Test instance 0.9194, class 0.8861
Test instance 0.9194, class 0.8861
2026-06-25 10:52:25,276 - INFO - Best instance 0.9242, class 0.8907 (epoch 114)
Best instance 0.9242, class 0.8907 (epoch 114)
2026-06-25 10:52:25,297 - INFO - Epoch 126/200:
Epoch 126/200:
2026-06-25 10:54:00,296 - INFO - Train loss: 0.5050 (95.0s)
Train loss: 0.5050 (95.0s)
2026-06-25 10:54:23,566 - INFO - Test instance 0.9190, class 0.8842
Test instance 0.9190, class 0.8842
2026-06-25 10:54:23,568 - INFO - Best instance 0.9242, class 0.8907 (epoch 114)
Best instance 0.9242, class 0.8907 (epoch 114)
2026-06-25 10:54:23,588 - INFO - Epoch 127/200:
Epoch 127/200:
2026-06-25 10:55:58,443 - INFO - Train loss: 0.5037 (94.9s)
Train loss: 0.5037 (94.9s)
2026-06-25 10:56:21,653 - INFO - Test instance 0.9169, class 0.8800
Test instance 0.9169, class 0.8800
2026-06-25 10:56:21,653 - INFO - Best instance 0.9242, class 0.8907 (epoch 114)
Best instance 0.9242, class 0.8907 (epoch 114)
2026-06-25 10:56:21,671 - INFO - Epoch 128/200:
Epoch 128/200:
2026-06-25 10:57:56,889 - INFO - Train loss: 0.5007 (95.2s)
Train loss: 0.5007 (95.2s)
2026-06-25 10:58:20,128 - INFO - Test instance 0.9177, class 0.8858
Test instance 0.9177, class 0.8858
2026-06-25 10:58:20,129 - INFO - Best instance 0.9242, class 0.8907 (epoch 114)
Best instance 0.9242, class 0.8907 (epoch 114)
2026-06-25 10:58:20,146 - INFO - Epoch 129/200:
Epoch 129/200:
2026-06-25 10:59:54,925 - INFO - Train loss: 0.5036 (94.8s)
Train loss: 0.5036 (94.8s)
2026-06-25 11:00:18,222 - INFO - Test instance 0.9202, class 0.8861
Test instance 0.9202, class 0.8861
2026-06-25 11:00:18,222 - INFO - Best instance 0.9242, class 0.8907 (epoch 114)
Best instance 0.9242, class 0.8907 (epoch 114)
2026-06-25 11:00:18,239 - INFO - Epoch 130/200:
Epoch 130/200:
2026-06-25 11:01:53,320 - INFO - Train loss: 0.5030 (95.1s)
Train loss: 0.5030 (95.1s)
2026-06-25 11:02:16,567 - INFO - Test instance 0.9182, class 0.8829
Test instance 0.9182, class 0.8829
2026-06-25 11:02:16,567 - INFO - Best instance 0.9242, class 0.8907 (epoch 114)
Best instance 0.9242, class 0.8907 (epoch 114)
2026-06-25 11:02:16,588 - INFO - Epoch 131/200:
Epoch 131/200:
2026-06-25 11:03:51,277 - INFO - Train loss: 0.5019 (94.7s)
Train loss: 0.5019 (94.7s)
2026-06-25 11:04:14,577 - INFO - Test instance 0.9141, class 0.8818
Test instance 0.9141, class 0.8818
2026-06-25 11:04:14,577 - INFO - Best instance 0.9242, class 0.8907 (epoch 114)
Best instance 0.9242, class 0.8907 (epoch 114)
2026-06-25 11:04:14,595 - INFO - Epoch 132/200:
Epoch 132/200:
2026-06-25 11:05:49,548 - INFO - Train loss: 0.5044 (95.0s)
Train loss: 0.5044 (95.0s)
2026-06-25 11:06:12,849 - INFO - Test instance 0.9230, class 0.8905
Test instance 0.9230, class 0.8905
2026-06-25 11:06:12,850 - INFO - Best instance 0.9242, class 0.8907 (epoch 114)
Best instance 0.9242, class 0.8907 (epoch 114)
2026-06-25 11:06:12,868 - INFO - Epoch 133/200:
Epoch 133/200:
2026-06-25 11:07:48,028 - INFO - Train loss: 0.5031 (95.2s)
Train loss: 0.5031 (95.2s)
2026-06-25 11:08:11,374 - INFO - Test instance 0.9161, class 0.8851
Test instance 0.9161, class 0.8851
2026-06-25 11:08:11,375 - INFO - Best instance 0.9242, class 0.8907 (epoch 114)
Best instance 0.9242, class 0.8907 (epoch 114)
2026-06-25 11:08:11,392 - INFO - Epoch 134/200:
Epoch 134/200:
2026-06-25 11:09:46,543 - INFO - Train loss: 0.5020 (95.2s)
Train loss: 0.5020 (95.2s)
2026-06-25 11:10:09,755 - INFO - Test instance 0.9177, class 0.8811
Test instance 0.9177, class 0.8811
2026-06-25 11:10:09,755 - INFO - Best instance 0.9242, class 0.8907 (epoch 114)
Best instance 0.9242, class 0.8907 (epoch 114)
2026-06-25 11:10:09,772 - INFO - Epoch 135/200:
Epoch 135/200:
2026-06-25 11:11:44,667 - INFO - Train loss: 0.5003 (94.9s)
Train loss: 0.5003 (94.9s)
2026-06-25 11:12:07,779 - INFO - Test instance 0.9177, class 0.8866
Test instance 0.9177, class 0.8866
2026-06-25 11:12:07,779 - INFO - Best instance 0.9242, class 0.8907 (epoch 114)
Best instance 0.9242, class 0.8907 (epoch 114)
2026-06-25 11:12:07,797 - INFO - Epoch 136/200:
Epoch 136/200:
2026-06-25 11:13:42,877 - INFO - Train loss: 0.5057 (95.1s)
Train loss: 0.5057 (95.1s)
2026-06-25 11:14:06,136 - INFO - Test instance 0.9145, class 0.8783
Test instance 0.9145, class 0.8783
2026-06-25 11:14:06,136 - INFO - Best instance 0.9242, class 0.8907 (epoch 114)
Best instance 0.9242, class 0.8907 (epoch 114)
2026-06-25 11:14:06,154 - INFO - Epoch 137/200:
Epoch 137/200:
2026-06-25 11:15:41,815 - INFO - Train loss: 0.5030 (95.7s)
Train loss: 0.5030 (95.7s)
2026-06-25 11:16:04,962 - INFO - Test instance 0.9157, class 0.8853
Test instance 0.9157, class 0.8853
2026-06-25 11:16:04,962 - INFO - Best instance 0.9242, class 0.8907 (epoch 114)
Best instance 0.9242, class 0.8907 (epoch 114)
2026-06-25 11:16:04,980 - INFO - Epoch 138/200:
Epoch 138/200:
2026-06-25 11:17:39,757 - INFO - Train loss: 0.5004 (94.8s)
Train loss: 0.5004 (94.8s)
2026-06-25 11:18:02,934 - INFO - Test instance 0.9194, class 0.8775
Test instance 0.9194, class 0.8775
2026-06-25 11:18:02,934 - INFO - Best instance 0.9242, class 0.8907 (epoch 114)
Best instance 0.9242, class 0.8907 (epoch 114)
2026-06-25 11:18:02,952 - INFO - Epoch 139/200:
Epoch 139/200:
2026-06-25 11:19:37,501 - INFO - Train loss: 0.4990 (94.5s)
Train loss: 0.4990 (94.5s)
2026-06-25 11:20:00,832 - INFO - Test instance 0.9157, class 0.8776
Test instance 0.9157, class 0.8776
2026-06-25 11:20:00,832 - INFO - Best instance 0.9242, class 0.8907 (epoch 114)
Best instance 0.9242, class 0.8907 (epoch 114)
2026-06-25 11:20:00,853 - INFO - Epoch 140/200:
Epoch 140/200:
2026-06-25 11:21:35,682 - INFO - Train loss: 0.5032 (94.8s)
Train loss: 0.5032 (94.8s)
2026-06-25 11:21:58,878 - INFO - Test instance 0.9161, class 0.8794
Test instance 0.9161, class 0.8794
2026-06-25 11:21:58,878 - INFO - Best instance 0.9242, class 0.8907 (epoch 114)
Best instance 0.9242, class 0.8907 (epoch 114)
2026-06-25 11:21:58,895 - INFO - Epoch 141/200:
Epoch 141/200:
2026-06-25 11:23:34,307 - INFO - Train loss: 0.5030 (95.4s)
Train loss: 0.5030 (95.4s)
2026-06-25 11:23:57,736 - INFO - Test instance 0.9145, class 0.8802
Test instance 0.9145, class 0.8802
2026-06-25 11:23:57,736 - INFO - Best instance 0.9242, class 0.8907 (epoch 114)
Best instance 0.9242, class 0.8907 (epoch 114)
2026-06-25 11:23:57,753 - INFO - Epoch 142/200:
Epoch 142/200:
2026-06-25 11:25:32,843 - INFO - Train loss: 0.5031 (95.1s)
Train loss: 0.5031 (95.1s)
2026-06-25 11:25:56,068 - INFO - Test instance 0.9190, class 0.8865
Test instance 0.9190, class 0.8865
2026-06-25 11:25:56,069 - INFO - Best instance 0.9242, class 0.8907 (epoch 114)
Best instance 0.9242, class 0.8907 (epoch 114)
2026-06-25 11:25:56,087 - INFO - Epoch 143/200:
Epoch 143/200:
2026-06-25 11:27:31,350 - INFO - Train loss: 0.4958 (95.3s)
Train loss: 0.4958 (95.3s)
2026-06-25 11:27:54,458 - INFO - Test instance 0.9149, class 0.8810
Test instance 0.9149, class 0.8810
2026-06-25 11:27:54,458 - INFO - Best instance 0.9242, class 0.8907 (epoch 114)
Best instance 0.9242, class 0.8907 (epoch 114)
2026-06-25 11:27:54,476 - INFO - Epoch 144/200:
Epoch 144/200:
2026-06-25 11:29:29,234 - INFO - Train loss: 0.4955 (94.8s)
Train loss: 0.4955 (94.8s)
2026-06-25 11:29:52,540 - INFO - Test instance 0.9161, class 0.8808
Test instance 0.9161, class 0.8808
2026-06-25 11:29:52,540 - INFO - Best instance 0.9242, class 0.8907 (epoch 114)
Best instance 0.9242, class 0.8907 (epoch 114)
2026-06-25 11:29:52,557 - INFO - Epoch 145/200:
Epoch 145/200:
2026-06-25 11:31:27,229 - INFO - Train loss: 0.5003 (94.7s)
Train loss: 0.5003 (94.7s)
2026-06-25 11:31:50,362 - INFO - Test instance 0.9194, class 0.8848
Test instance 0.9194, class 0.8848
2026-06-25 11:31:50,362 - INFO - Best instance 0.9242, class 0.8907 (epoch 114)
Best instance 0.9242, class 0.8907 (epoch 114)
2026-06-25 11:31:50,381 - INFO - Epoch 146/200:
Epoch 146/200:
2026-06-25 11:33:25,495 - INFO - Train loss: 0.4967 (95.1s)
Train loss: 0.4967 (95.1s)
2026-06-25 11:33:48,550 - INFO - Test instance 0.9161, class 0.8867
Test instance 0.9161, class 0.8867
2026-06-25 11:33:48,550 - INFO - Best instance 0.9242, class 0.8907 (epoch 114)
Best instance 0.9242, class 0.8907 (epoch 114)
2026-06-25 11:33:48,568 - INFO - Epoch 147/200:
Epoch 147/200:
2026-06-25 11:35:23,250 - INFO - Train loss: 0.4985 (94.7s)
Train loss: 0.4985 (94.7s)
2026-06-25 11:35:46,553 - INFO - Test instance 0.9153, class 0.8825
Test instance 0.9153, class 0.8825
2026-06-25 11:35:46,553 - INFO - Best instance 0.9242, class 0.8907 (epoch 114)
Best instance 0.9242, class 0.8907 (epoch 114)
2026-06-25 11:35:46,576 - INFO - Epoch 148/200:
Epoch 148/200:
2026-06-25 11:37:21,953 - INFO - Train loss: 0.4975 (95.4s)
Train loss: 0.4975 (95.4s)
2026-06-25 11:37:45,151 - INFO - Test instance 0.9169, class 0.8796
Test instance 0.9169, class 0.8796
2026-06-25 11:37:45,151 - INFO - Best instance 0.9242, class 0.8907 (epoch 114)
Best instance 0.9242, class 0.8907 (epoch 114)
2026-06-25 11:37:45,170 - INFO - Epoch 149/200:
Epoch 149/200:
2026-06-25 11:39:20,283 - INFO - Train loss: 0.5013 (95.1s)
Train loss: 0.5013 (95.1s)
2026-06-25 11:39:43,456 - INFO - Test instance 0.9177, class 0.8845
Test instance 0.9177, class 0.8845
2026-06-25 11:39:43,456 - INFO - Best instance 0.9242, class 0.8907 (epoch 114)
Best instance 0.9242, class 0.8907 (epoch 114)
2026-06-25 11:39:43,475 - INFO - Epoch 150/200:
Epoch 150/200:
2026-06-25 11:41:18,593 - INFO - Train loss: 0.4954 (95.1s)
Train loss: 0.4954 (95.1s)
2026-06-25 11:41:41,744 - INFO - Test instance 0.9177, class 0.8819
Test instance 0.9177, class 0.8819
2026-06-25 11:41:41,744 - INFO - Best instance 0.9242, class 0.8907 (epoch 114)
Best instance 0.9242, class 0.8907 (epoch 114)
2026-06-25 11:41:41,762 - INFO - Epoch 151/200:
Epoch 151/200:
2026-06-25 11:43:16,454 - INFO - Train loss: 0.4993 (94.7s)
Train loss: 0.4993 (94.7s)
2026-06-25 11:43:39,605 - INFO - Test instance 0.9190, class 0.8799
Test instance 0.9190, class 0.8799
2026-06-25 11:43:39,605 - INFO - Best instance 0.9242, class 0.8907 (epoch 114)
Best instance 0.9242, class 0.8907 (epoch 114)
2026-06-25 11:43:39,623 - INFO - Epoch 152/200:
Epoch 152/200:
2026-06-25 11:45:14,537 - INFO - Train loss: 0.4984 (94.9s)
Train loss: 0.4984 (94.9s)
2026-06-25 11:45:37,682 - INFO - Test instance 0.9218, class 0.8915
Test instance 0.9218, class 0.8915
2026-06-25 11:45:37,683 - INFO - Best instance 0.9242, class 0.8907 (epoch 114)
Best instance 0.9242, class 0.8907 (epoch 114)
2026-06-25 11:45:37,700 - INFO - Epoch 153/200:
Epoch 153/200:
2026-06-25 11:47:12,482 - INFO - Train loss: 0.4968 (94.8s)
Train loss: 0.4968 (94.8s)
2026-06-25 11:47:35,637 - INFO - Test instance 0.9153, class 0.8825
Test instance 0.9153, class 0.8825
2026-06-25 11:47:35,638 - INFO - Best instance 0.9242, class 0.8907 (epoch 114)
Best instance 0.9242, class 0.8907 (epoch 114)
2026-06-25 11:47:35,656 - INFO - Epoch 154/200:
Epoch 154/200:
2026-06-25 11:49:10,756 - INFO - Train loss: 0.4957 (95.1s)
Train loss: 0.4957 (95.1s)
2026-06-25 11:49:33,836 - INFO - Test instance 0.9210, class 0.8880
Test instance 0.9210, class 0.8880
2026-06-25 11:49:33,837 - INFO - Best instance 0.9242, class 0.8907 (epoch 114)
Best instance 0.9242, class 0.8907 (epoch 114)
2026-06-25 11:49:33,855 - INFO - Epoch 155/200:
Epoch 155/200:
2026-06-25 11:51:09,539 - INFO - Train loss: 0.4931 (95.7s)
Train loss: 0.4931 (95.7s)
2026-06-25 11:51:32,854 - INFO - Test instance 0.9165, class 0.8831
Test instance 0.9165, class 0.8831
2026-06-25 11:51:32,855 - INFO - Best instance 0.9242, class 0.8907 (epoch 114)
Best instance 0.9242, class 0.8907 (epoch 114)
2026-06-25 11:51:32,873 - INFO - Epoch 156/200:
Epoch 156/200:
2026-06-25 11:53:07,712 - INFO - Train loss: 0.4932 (94.8s)
Train loss: 0.4932 (94.8s)
2026-06-25 11:53:30,805 - INFO - Test instance 0.9177, class 0.8885
Test instance 0.9177, class 0.8885
2026-06-25 11:53:30,806 - INFO - Best instance 0.9242, class 0.8907 (epoch 114)
Best instance 0.9242, class 0.8907 (epoch 114)
2026-06-25 11:53:30,825 - INFO - Epoch 157/200:
Epoch 157/200:
2026-06-25 11:55:05,478 - INFO - Train loss: 0.4928 (94.7s)
Train loss: 0.4928 (94.7s)
2026-06-25 11:55:28,737 - INFO - Test instance 0.9186, class 0.8852
Test instance 0.9186, class 0.8852
2026-06-25 11:55:28,737 - INFO - Best instance 0.9242, class 0.8907 (epoch 114)
Best instance 0.9242, class 0.8907 (epoch 114)
2026-06-25 11:55:28,759 - INFO - Epoch 158/200:
Epoch 158/200:
2026-06-25 11:57:03,842 - INFO - Train loss: 0.4984 (95.1s)
Train loss: 0.4984 (95.1s)
2026-06-25 11:57:27,345 - INFO - Test instance 0.9149, class 0.8873
Test instance 0.9149, class 0.8873
2026-06-25 11:57:27,356 - INFO - Best instance 0.9242, class 0.8907 (epoch 114)
Best instance 0.9242, class 0.8907 (epoch 114)
2026-06-25 11:57:27,379 - INFO - Epoch 159/200:
Epoch 159/200:
2026-06-25 11:59:02,423 - INFO - Train loss: 0.4933 (95.0s)
Train loss: 0.4933 (95.0s)
2026-06-25 11:59:25,611 - INFO - Test instance 0.9206, class 0.8858
Test instance 0.9206, class 0.8858
2026-06-25 11:59:25,612 - INFO - Best instance 0.9242, class 0.8907 (epoch 114)
Best instance 0.9242, class 0.8907 (epoch 114)
2026-06-25 11:59:25,629 - INFO - Epoch 160/200:
Epoch 160/200:
2026-06-25 12:01:00,710 - INFO - Train loss: 0.4929 (95.1s)
Train loss: 0.4929 (95.1s)
2026-06-25 12:01:23,855 - INFO - Test instance 0.9202, class 0.8865
Test instance 0.9202, class 0.8865
2026-06-25 12:01:23,855 - INFO - Best instance 0.9242, class 0.8907 (epoch 114)
Best instance 0.9242, class 0.8907 (epoch 114)
2026-06-25 12:01:23,873 - INFO - Epoch 161/200:
Epoch 161/200:
2026-06-25 12:02:58,573 - INFO - Train loss: 0.4938 (94.7s)
Train loss: 0.4938 (94.7s)
2026-06-25 12:03:21,953 - INFO - Test instance 0.9190, class 0.8804
Test instance 0.9190, class 0.8804
2026-06-25 12:03:21,954 - INFO - Best instance 0.9242, class 0.8907 (epoch 114)
Best instance 0.9242, class 0.8907 (epoch 114)
2026-06-25 12:03:21,973 - INFO - Epoch 162/200:
Epoch 162/200:
2026-06-25 12:04:57,136 - INFO - Train loss: 0.4928 (95.2s)
Train loss: 0.4928 (95.2s)
2026-06-25 12:05:20,336 - INFO - Test instance 0.9210, class 0.8877
Test instance 0.9210, class 0.8877
2026-06-25 12:05:20,336 - INFO - Best instance 0.9242, class 0.8907 (epoch 114)
Best instance 0.9242, class 0.8907 (epoch 114)
2026-06-25 12:05:20,355 - INFO - Epoch 163/200:
Epoch 163/200:
2026-06-25 12:06:55,078 - INFO - Train loss: 0.4923 (94.7s)
Train loss: 0.4923 (94.7s)
2026-06-25 12:07:18,207 - INFO - Test instance 0.9202, class 0.8894
Test instance 0.9202, class 0.8894
2026-06-25 12:07:18,207 - INFO - Best instance 0.9242, class 0.8907 (epoch 114)
Best instance 0.9242, class 0.8907 (epoch 114)
2026-06-25 12:07:18,225 - INFO - Epoch 164/200:
Epoch 164/200:
2026-06-25 12:08:52,888 - INFO - Train loss: 0.4934 (94.7s)
Train loss: 0.4934 (94.7s)
2026-06-25 12:09:16,102 - INFO - Test instance 0.9182, class 0.8892
Test instance 0.9182, class 0.8892
2026-06-25 12:09:16,102 - INFO - Best instance 0.9242, class 0.8907 (epoch 114)
Best instance 0.9242, class 0.8907 (epoch 114)
2026-06-25 12:09:16,121 - INFO - Epoch 165/200:
Epoch 165/200:
2026-06-25 12:10:51,207 - INFO - Train loss: 0.4927 (95.1s)
Train loss: 0.4927 (95.1s)
2026-06-25 12:11:14,336 - INFO - Test instance 0.9194, class 0.8852
Test instance 0.9194, class 0.8852
2026-06-25 12:11:14,337 - INFO - Best instance 0.9242, class 0.8907 (epoch 114)
Best instance 0.9242, class 0.8907 (epoch 114)
2026-06-25 12:11:14,354 - INFO - Epoch 166/200:
Epoch 166/200:
2026-06-25 12:12:49,099 - INFO - Train loss: 0.4940 (94.7s)
Train loss: 0.4940 (94.7s)
2026-06-25 12:13:12,237 - INFO - Test instance 0.9214, class 0.8850
Test instance 0.9214, class 0.8850
2026-06-25 12:13:12,237 - INFO - Best instance 0.9242, class 0.8907 (epoch 114)
Best instance 0.9242, class 0.8907 (epoch 114)
2026-06-25 12:13:12,255 - INFO - Epoch 167/200:
Epoch 167/200:
2026-06-25 12:14:46,894 - INFO - Train loss: 0.4925 (94.6s)
Train loss: 0.4925 (94.6s)
2026-06-25 12:15:09,932 - INFO - Test instance 0.9198, class 0.8897
Test instance 0.9198, class 0.8897
2026-06-25 12:15:09,932 - INFO - Best instance 0.9242, class 0.8907 (epoch 114)
Best instance 0.9242, class 0.8907 (epoch 114)
2026-06-25 12:15:09,951 - INFO - Epoch 168/200:
Epoch 168/200:
2026-06-25 12:16:44,814 - INFO - Train loss: 0.4934 (94.9s)
Train loss: 0.4934 (94.9s)
2026-06-25 12:17:07,979 - INFO - Test instance 0.9173, class 0.8873
Test instance 0.9173, class 0.8873
2026-06-25 12:17:07,979 - INFO - Best instance 0.9242, class 0.8907 (epoch 114)
Best instance 0.9242, class 0.8907 (epoch 114)
2026-06-25 12:17:07,996 - INFO - Epoch 169/200:
Epoch 169/200:
2026-06-25 12:18:42,804 - INFO - Train loss: 0.4952 (94.8s)
Train loss: 0.4952 (94.8s)
2026-06-25 12:19:05,934 - INFO - Test instance 0.9145, class 0.8816
Test instance 0.9145, class 0.8816
2026-06-25 12:19:05,935 - INFO - Best instance 0.9242, class 0.8907 (epoch 114)
Best instance 0.9242, class 0.8907 (epoch 114)
2026-06-25 12:19:05,953 - INFO - Epoch 170/200:
Epoch 170/200:
2026-06-25 12:20:41,160 - INFO - Train loss: 0.4930 (95.2s)
Train loss: 0.4930 (95.2s)
2026-06-25 12:21:04,139 - INFO - Test instance 0.9173, class 0.8807
Test instance 0.9173, class 0.8807
2026-06-25 12:21:04,140 - INFO - Best instance 0.9242, class 0.8907 (epoch 114)
Best instance 0.9242, class 0.8907 (epoch 114)
2026-06-25 12:21:04,158 - INFO - Epoch 171/200:
Epoch 171/200:
2026-06-25 12:22:39,243 - INFO - Train loss: 0.4943 (95.1s)
Train loss: 0.4943 (95.1s)
2026-06-25 12:23:02,391 - INFO - Test instance 0.9157, class 0.8855
Test instance 0.9157, class 0.8855
2026-06-25 12:23:02,392 - INFO - Best instance 0.9242, class 0.8907 (epoch 114)
Best instance 0.9242, class 0.8907 (epoch 114)
2026-06-25 12:23:02,409 - INFO - Epoch 172/200:
Epoch 172/200:
2026-06-25 12:24:37,766 - INFO - Train loss: 0.4925 (95.4s)
Train loss: 0.4925 (95.4s)
2026-06-25 12:25:01,061 - INFO - Test instance 0.9190, class 0.8849
Test instance 0.9190, class 0.8849
2026-06-25 12:25:01,061 - INFO - Best instance 0.9242, class 0.8907 (epoch 114)
Best instance 0.9242, class 0.8907 (epoch 114)
2026-06-25 12:25:01,080 - INFO - Epoch 173/200:
Epoch 173/200:
2026-06-25 12:26:36,567 - INFO - Train loss: 0.4910 (95.5s)
Train loss: 0.4910 (95.5s)
2026-06-25 12:26:59,732 - INFO - Test instance 0.9202, class 0.8845
Test instance 0.9202, class 0.8845
2026-06-25 12:26:59,733 - INFO - Best instance 0.9242, class 0.8907 (epoch 114)
Best instance 0.9242, class 0.8907 (epoch 114)
2026-06-25 12:26:59,752 - INFO - Epoch 174/200:
Epoch 174/200:
2026-06-25 12:28:34,812 - INFO - Train loss: 0.4911 (95.1s)
Train loss: 0.4911 (95.1s)
2026-06-25 12:28:58,035 - INFO - Test instance 0.9210, class 0.8885
Test instance 0.9210, class 0.8885
2026-06-25 12:28:58,036 - INFO - Best instance 0.9242, class 0.8907 (epoch 114)
Best instance 0.9242, class 0.8907 (epoch 114)
2026-06-25 12:28:58,056 - INFO - Epoch 175/200:
Epoch 175/200:
2026-06-25 12:30:33,202 - INFO - Train loss: 0.4915 (95.1s)
Train loss: 0.4915 (95.1s)
2026-06-25 12:30:56,584 - INFO - Test instance 0.9194, class 0.8870
Test instance 0.9194, class 0.8870
2026-06-25 12:30:56,585 - INFO - Best instance 0.9242, class 0.8907 (epoch 114)
Best instance 0.9242, class 0.8907 (epoch 114)
2026-06-25 12:30:56,604 - INFO - Epoch 176/200:
Epoch 176/200:
2026-06-25 12:32:31,226 - INFO - Train loss: 0.4917 (94.6s)
Train loss: 0.4917 (94.6s)
2026-06-25 12:32:54,304 - INFO - Test instance 0.9173, class 0.8817
Test instance 0.9173, class 0.8817
2026-06-25 12:32:54,304 - INFO - Best instance 0.9242, class 0.8907 (epoch 114)
Best instance 0.9242, class 0.8907 (epoch 114)
2026-06-25 12:32:54,323 - INFO - Epoch 177/200:
Epoch 177/200:
2026-06-25 12:34:29,071 - INFO - Train loss: 0.4899 (94.7s)
Train loss: 0.4899 (94.7s)
2026-06-25 12:34:52,250 - INFO - Test instance 0.9206, class 0.8840
Test instance 0.9206, class 0.8840
2026-06-25 12:34:52,253 - INFO - Best instance 0.9242, class 0.8907 (epoch 114)
Best instance 0.9242, class 0.8907 (epoch 114)
2026-06-25 12:34:52,272 - INFO - Epoch 178/200:
Epoch 178/200:
2026-06-25 12:36:27,207 - INFO - Train loss: 0.4926 (94.9s)
Train loss: 0.4926 (94.9s)
2026-06-25 12:36:50,335 - INFO - Test instance 0.9190, class 0.8857
Test instance 0.9190, class 0.8857
2026-06-25 12:36:50,336 - INFO - Best instance 0.9242, class 0.8907 (epoch 114)
Best instance 0.9242, class 0.8907 (epoch 114)
2026-06-25 12:36:50,372 - INFO - Epoch 179/200:
Epoch 179/200:
2026-06-25 12:38:25,211 - INFO - Train loss: 0.4877 (94.8s)
Train loss: 0.4877 (94.8s)
2026-06-25 12:38:48,479 - INFO - Test instance 0.9186, class 0.8848
Test instance 0.9186, class 0.8848
2026-06-25 12:38:48,479 - INFO - Best instance 0.9242, class 0.8907 (epoch 114)
Best instance 0.9242, class 0.8907 (epoch 114)
2026-06-25 12:38:48,498 - INFO - Epoch 180/200:
Epoch 180/200:
2026-06-25 12:40:23,696 - INFO - Train loss: 0.4912 (95.2s)
Train loss: 0.4912 (95.2s)
2026-06-25 12:40:47,013 - INFO - Test instance 0.9210, class 0.8898
Test instance 0.9210, class 0.8898
2026-06-25 12:40:47,014 - INFO - Best instance 0.9242, class 0.8907 (epoch 114)
Best instance 0.9242, class 0.8907 (epoch 114)
2026-06-25 12:40:47,033 - INFO - Epoch 181/200:
Epoch 181/200:
2026-06-25 12:42:21,810 - INFO - Train loss: 0.4922 (94.8s)
Train loss: 0.4922 (94.8s)
2026-06-25 12:42:44,873 - INFO - Test instance 0.9186, class 0.8851
Test instance 0.9186, class 0.8851
2026-06-25 12:42:44,873 - INFO - Best instance 0.9242, class 0.8907 (epoch 114)
Best instance 0.9242, class 0.8907 (epoch 114)
2026-06-25 12:42:44,892 - INFO - Epoch 182/200:
Epoch 182/200:
2026-06-25 12:44:19,903 - INFO - Train loss: 0.4911 (95.0s)
Train loss: 0.4911 (95.0s)
2026-06-25 12:44:42,887 - INFO - Test instance 0.9194, class 0.8870
Test instance 0.9194, class 0.8870
2026-06-25 12:44:42,887 - INFO - Best instance 0.9242, class 0.8907 (epoch 114)
Best instance 0.9242, class 0.8907 (epoch 114)
2026-06-25 12:44:42,905 - INFO - Epoch 183/200:
Epoch 183/200:
2026-06-25 12:46:17,528 - INFO - Train loss: 0.4888 (94.6s)
Train loss: 0.4888 (94.6s)
2026-06-25 12:46:40,583 - INFO - Test instance 0.9190, class 0.8859
Test instance 0.9190, class 0.8859
2026-06-25 12:46:40,583 - INFO - Best instance 0.9242, class 0.8907 (epoch 114)
Best instance 0.9242, class 0.8907 (epoch 114)
2026-06-25 12:46:40,602 - INFO - Epoch 184/200:
Epoch 184/200:
2026-06-25 12:48:15,400 - INFO - Train loss: 0.4887 (94.8s)
Train loss: 0.4887 (94.8s)
2026-06-25 12:48:38,706 - INFO - Test instance 0.9177, class 0.8838
Test instance 0.9177, class 0.8838
2026-06-25 12:48:38,706 - INFO - Best instance 0.9242, class 0.8907 (epoch 114)
Best instance 0.9242, class 0.8907 (epoch 114)
2026-06-25 12:48:38,728 - INFO - Epoch 185/200:
Epoch 185/200:
2026-06-25 12:50:13,493 - INFO - Train loss: 0.4882 (94.8s)
Train loss: 0.4882 (94.8s)
2026-06-25 12:50:36,574 - INFO - Test instance 0.9161, class 0.8775
Test instance 0.9161, class 0.8775
2026-06-25 12:50:36,574 - INFO - Best instance 0.9242, class 0.8907 (epoch 114)
Best instance 0.9242, class 0.8907 (epoch 114)
2026-06-25 12:50:36,592 - INFO - Epoch 186/200:
Epoch 186/200:
2026-06-25 12:52:12,443 - INFO - Train loss: 0.4895 (95.9s)
Train loss: 0.4895 (95.9s)
2026-06-25 12:52:35,424 - INFO - Test instance 0.9190, class 0.8867
Test instance 0.9190, class 0.8867
2026-06-25 12:52:35,424 - INFO - Best instance 0.9242, class 0.8907 (epoch 114)
Best instance 0.9242, class 0.8907 (epoch 114)
2026-06-25 12:52:35,442 - INFO - Epoch 187/200:
Epoch 187/200:
2026-06-25 12:54:10,438 - INFO - Train loss: 0.4903 (95.0s)
Train loss: 0.4903 (95.0s)
2026-06-25 12:54:33,747 - INFO - Test instance 0.9194, class 0.8855
Test instance 0.9194, class 0.8855
2026-06-25 12:54:33,747 - INFO - Best instance 0.9242, class 0.8907 (epoch 114)
Best instance 0.9242, class 0.8907 (epoch 114)
2026-06-25 12:54:33,764 - INFO - Epoch 188/200:
Epoch 188/200:
2026-06-25 12:56:09,170 - INFO - Train loss: 0.4875 (95.4s)
Train loss: 0.4875 (95.4s)
2026-06-25 12:56:32,313 - INFO - Test instance 0.9226, class 0.8940
Test instance 0.9226, class 0.8940
2026-06-25 12:56:32,313 - INFO - Best instance 0.9242, class 0.8907 (epoch 114)
Best instance 0.9242, class 0.8907 (epoch 114)
2026-06-25 12:56:32,332 - INFO - Epoch 189/200:
Epoch 189/200:
2026-06-25 12:58:07,457 - INFO - Train loss: 0.4905 (95.1s)
Train loss: 0.4905 (95.1s)
2026-06-25 12:58:30,690 - INFO - Test instance 0.9169, class 0.8854
Test instance 0.9169, class 0.8854
2026-06-25 12:58:30,690 - INFO - Best instance 0.9242, class 0.8907 (epoch 114)
Best instance 0.9242, class 0.8907 (epoch 114)
2026-06-25 12:58:30,707 - INFO - Epoch 190/200:
Epoch 190/200:
2026-06-25 13:00:05,458 - INFO - Train loss: 0.4884 (94.8s)
Train loss: 0.4884 (94.8s)
2026-06-25 13:00:28,588 - INFO - Test instance 0.9169, class 0.8842
Test instance 0.9169, class 0.8842
2026-06-25 13:00:28,588 - INFO - Best instance 0.9242, class 0.8907 (epoch 114)
Best instance 0.9242, class 0.8907 (epoch 114)
2026-06-25 13:00:28,606 - INFO - Epoch 191/200:
Epoch 191/200:
2026-06-25 13:02:03,630 - INFO - Train loss: 0.4894 (95.0s)
Train loss: 0.4894 (95.0s)
2026-06-25 13:02:26,844 - INFO - Test instance 0.9226, class 0.8878
Test instance 0.9226, class 0.8878
2026-06-25 13:02:26,845 - INFO - Best instance 0.9242, class 0.8907 (epoch 114)
Best instance 0.9242, class 0.8907 (epoch 114)
2026-06-25 13:02:26,862 - INFO - Epoch 192/200:
Epoch 192/200:
2026-06-25 13:04:01,477 - INFO - Train loss: 0.4898 (94.6s)
Train loss: 0.4898 (94.6s)
2026-06-25 13:04:24,653 - INFO - Test instance 0.9157, class 0.8834
Test instance 0.9157, class 0.8834
2026-06-25 13:04:24,653 - INFO - Best instance 0.9242, class 0.8907 (epoch 114)
Best instance 0.9242, class 0.8907 (epoch 114)
2026-06-25 13:04:24,670 - INFO - Epoch 193/200:
Epoch 193/200:
2026-06-25 13:05:59,480 - INFO - Train loss: 0.4887 (94.8s)
Train loss: 0.4887 (94.8s)
2026-06-25 13:06:22,632 - INFO - Test instance 0.9190, class 0.8837
Test instance 0.9190, class 0.8837
2026-06-25 13:06:22,633 - INFO - Best instance 0.9242, class 0.8907 (epoch 114)
Best instance 0.9242, class 0.8907 (epoch 114)
2026-06-25 13:06:22,650 - INFO - Epoch 194/200:
Epoch 194/200:
2026-06-25 13:07:57,631 - INFO - Train loss: 0.4887 (95.0s)
Train loss: 0.4887 (95.0s)
2026-06-25 13:08:20,843 - INFO - Test instance 0.9210, class 0.8892
Test instance 0.9210, class 0.8892
2026-06-25 13:08:20,844 - INFO - Best instance 0.9242, class 0.8907 (epoch 114)
Best instance 0.9242, class 0.8907 (epoch 114)
2026-06-25 13:08:20,862 - INFO - Epoch 195/200:
Epoch 195/200:
2026-06-25 13:09:55,510 - INFO - Train loss: 0.4872 (94.6s)
Train loss: 0.4872 (94.6s)
2026-06-25 13:10:18,805 - INFO - Test instance 0.9194, class 0.8866
Test instance 0.9194, class 0.8866
2026-06-25 13:10:18,805 - INFO - Best instance 0.9242, class 0.8907 (epoch 114)
Best instance 0.9242, class 0.8907 (epoch 114)
2026-06-25 13:10:18,822 - INFO - Epoch 196/200:
Epoch 196/200:
2026-06-25 13:11:53,629 - INFO - Train loss: 0.4880 (94.8s)
Train loss: 0.4880 (94.8s)
2026-06-25 13:12:16,794 - INFO - Test instance 0.9198, class 0.8884
Test instance 0.9198, class 0.8884
2026-06-25 13:12:16,795 - INFO - Best instance 0.9242, class 0.8907 (epoch 114)
Best instance 0.9242, class 0.8907 (epoch 114)
2026-06-25 13:12:16,812 - INFO - Epoch 197/200:
Epoch 197/200:
2026-06-25 13:13:51,764 - INFO - Train loss: 0.4919 (95.0s)
Train loss: 0.4919 (95.0s)
2026-06-25 13:14:15,112 - INFO - Test instance 0.9194, class 0.8828
Test instance 0.9194, class 0.8828
2026-06-25 13:14:15,112 - INFO - Best instance 0.9242, class 0.8907 (epoch 114)
Best instance 0.9242, class 0.8907 (epoch 114)
2026-06-25 13:14:15,129 - INFO - Epoch 198/200:
Epoch 198/200:
2026-06-25 13:15:50,055 - INFO - Train loss: 0.4864 (94.9s)
Train loss: 0.4864 (94.9s)
2026-06-25 13:16:13,181 - INFO - Test instance 0.9206, class 0.8884
Test instance 0.9206, class 0.8884
2026-06-25 13:16:13,181 - INFO - Best instance 0.9242, class 0.8907 (epoch 114)
Best instance 0.9242, class 0.8907 (epoch 114)
2026-06-25 13:16:13,198 - INFO - Epoch 199/200:
Epoch 199/200:
2026-06-25 13:17:47,965 - INFO - Train loss: 0.4890 (94.8s)
Train loss: 0.4890 (94.8s)
2026-06-25 13:18:11,130 - INFO - Test instance 0.9206, class 0.8860
Test instance 0.9206, class 0.8860
2026-06-25 13:18:11,130 - INFO - Best instance 0.9242, class 0.8907 (epoch 114)
Best instance 0.9242, class 0.8907 (epoch 114)
2026-06-25 13:18:11,147 - INFO - Epoch 200/200:
Epoch 200/200:
2026-06-25 13:19:46,213 - INFO - Train loss: 0.4881 (95.1s)
Train loss: 0.4881 (95.1s)
2026-06-25 13:20:09,501 - INFO - Test instance 0.9182, class 0.8842
Test instance 0.9182, class 0.8842
2026-06-25 13:20:09,503 - INFO - Best instance 0.9242, class 0.8907 (epoch 114)
Best instance 0.9242, class 0.8907 (epoch 114)
2026-06-25 13:20:50,203 - INFO - Student 1.44 MB, 122.36 ms
Student 1.44 MB, 122.36 ms
