[Thu Jun 25 16:08:46 EDT 2026] task 177 on GPU 0: python flkd/advanced_kd_train_classification.py --teacher_model pointnet2_cls_ssg --student_model small_pointnet2 --kd_strategy rkd --dataset modelnet40 --seed 123 --batch_size 48 --epoch 200 --num_point 1024 --teacher_path "outputs/modelnet40/flkd/federated/classification/fl_pointnet2_cls_ssg_fedadam_s123/checkpoints/best_model.pth" --log_dir kd_pointnet2_cls_ssg_fedadam+rkd_small_pointnet2_s123 --beta 0.5 --data_root data --output_root outputs --num_workers -1 --max_runtime_hours 166.0
The size of train data is 9843
The size of test data is 2468
Loaded teacher from outputs/modelnet40/flkd/federated/classification/fl_pointnet2_cls_ssg_fedadam_s123/checkpoints/best_model.pth
2026-06-25 16:08:48,410 - INFO - PARAMETER ...
2026-06-25 16:08:48,410 - INFO - {'use_cpu': False, 'no_amp': False, 'gpu': '0', 'num_workers': -1, 'batch_size': 48, 'teacher_model': 'pointnet2_cls_ssg', 'student_model': 'small_pointnet2', 'num_category': 40, 'dataset': 'modelnet40', 'data_root': 'data', 'output_root': 'outputs', 'train_split': 0.8, 'dataset_seed': 0, 'cache_dataset': True, 'min_class_samples': 1, 'epoch': 200, 'learning_rate': 0.001, 'num_point': 1024, 'optimizer': 'Adam', 'log_dir': 'kd_pointnet2_cls_ssg_fedadam+rkd_small_pointnet2_s123', 'decay_rate': 0.0001, 'use_normals': False, 'process_data': False, 'use_uniform_sample': False, 'resume': True, 'kd_strategy': 'rkd', 'alpha': 0.5, 'temperature': 2.0, 'beta': 0.5, 'dkd_alpha': 1.0, 'dkd_beta': 8.0, 'crd_temperature': 0.07, 'teacher_path': 'outputs/modelnet40/flkd/federated/classification/fl_pointnet2_cls_ssg_fedadam_s123/checkpoints/best_model.pth', 'teacher_paths': None, 'teacher_weights': None, 'use_hard_labels': 'on', 'unlabeled': False, 'temperature_sweep': None, 'seed': 123, 'max_runtime_hours': 166.0}
2026-06-25 16:08:48,411 - INFO - KD=rkd student=small_pointnet2 AMP=False use_hard=True unlabeled=False T=2.0
KD=rkd student=small_pointnet2 AMP=False use_hard=True unlabeled=False T=2.0
2026-06-25 16:08:55,079 - INFO - Epoch 1/200:
Epoch 1/200:
2026-06-25 16:11:01,360 - INFO - Train loss: 0.0740 (126.3s)
Train loss: 0.0740 (126.3s)
2026-06-25 16:11:30,003 - INFO - Test instance 0.0648, class 0.0411
Test instance 0.0648, class 0.0411
2026-06-25 16:11:30,026 - INFO - Best instance 0.0648, class 0.0411 (epoch 1)
Best instance 0.0648, class 0.0411 (epoch 1)
2026-06-25 16:11:30,046 - INFO - Epoch 2/200:
Epoch 2/200:
2026-06-25 16:13:23,365 - INFO - Train loss: 0.0219 (113.3s)
Train loss: 0.0219 (113.3s)
2026-06-25 16:13:51,089 - INFO - Test instance 0.0438, class 0.0283
Test instance 0.0438, class 0.0283
2026-06-25 16:13:51,089 - INFO - Best instance 0.0648, class 0.0411 (epoch 1)
Best instance 0.0648, class 0.0411 (epoch 1)
2026-06-25 16:13:51,110 - INFO - Epoch 3/200:
Epoch 3/200:
2026-06-25 16:15:44,721 - INFO - Train loss: 0.0154 (113.6s)
Train loss: 0.0154 (113.6s)
2026-06-25 16:16:12,656 - INFO - Test instance 0.0531, class 0.0349
Test instance 0.0531, class 0.0349
2026-06-25 16:16:12,657 - INFO - Best instance 0.0648, class 0.0411 (epoch 1)
Best instance 0.0648, class 0.0411 (epoch 1)
2026-06-25 16:16:12,679 - INFO - Epoch 4/200:
Epoch 4/200:
2026-06-25 16:18:06,494 - INFO - Train loss: 0.0128 (113.8s)
Train loss: 0.0128 (113.8s)
2026-06-25 16:18:34,514 - INFO - Test instance 0.0377, class 0.0254
Test instance 0.0377, class 0.0254
2026-06-25 16:18:34,514 - INFO - Best instance 0.0648, class 0.0411 (epoch 1)
Best instance 0.0648, class 0.0411 (epoch 1)
2026-06-25 16:18:34,535 - INFO - Epoch 5/200:
Epoch 5/200:
2026-06-25 16:20:28,264 - INFO - Train loss: 0.0119 (113.7s)
Train loss: 0.0119 (113.7s)
2026-06-25 16:20:56,445 - INFO - Test instance 0.0462, class 0.0313
Test instance 0.0462, class 0.0313
2026-06-25 16:20:56,446 - INFO - Best instance 0.0648, class 0.0411 (epoch 1)
Best instance 0.0648, class 0.0411 (epoch 1)
2026-06-25 16:20:56,467 - INFO - Epoch 6/200:
Epoch 6/200:
2026-06-25 16:22:50,278 - INFO - Train loss: 0.0109 (113.8s)
Train loss: 0.0109 (113.8s)
2026-06-25 16:23:18,394 - INFO - Test instance 0.0519, class 0.0337
Test instance 0.0519, class 0.0337
2026-06-25 16:23:18,395 - INFO - Best instance 0.0648, class 0.0411 (epoch 1)
Best instance 0.0648, class 0.0411 (epoch 1)
2026-06-25 16:23:18,415 - INFO - Epoch 7/200:
Epoch 7/200:
2026-06-25 16:25:12,194 - INFO - Train loss: 0.0103 (113.8s)
Train loss: 0.0103 (113.8s)
2026-06-25 16:25:40,076 - INFO - Test instance 0.0474, class 0.0316
Test instance 0.0474, class 0.0316
2026-06-25 16:25:40,076 - INFO - Best instance 0.0648, class 0.0411 (epoch 1)
Best instance 0.0648, class 0.0411 (epoch 1)
2026-06-25 16:25:40,096 - INFO - Epoch 8/200:
Epoch 8/200:
2026-06-25 16:27:33,660 - INFO - Train loss: 0.0098 (113.6s)
Train loss: 0.0098 (113.6s)
2026-06-25 16:28:01,542 - INFO - Test instance 0.0381, class 0.0256
Test instance 0.0381, class 0.0256
2026-06-25 16:28:01,542 - INFO - Best instance 0.0648, class 0.0411 (epoch 1)
Best instance 0.0648, class 0.0411 (epoch 1)
2026-06-25 16:28:01,565 - INFO - Epoch 9/200:
Epoch 9/200:
2026-06-25 16:29:55,036 - INFO - Train loss: 0.0092 (113.5s)
Train loss: 0.0092 (113.5s)
2026-06-25 16:30:22,907 - INFO - Test instance 0.0421, class 0.0279
Test instance 0.0421, class 0.0279
2026-06-25 16:30:22,907 - INFO - Best instance 0.0648, class 0.0411 (epoch 1)
Best instance 0.0648, class 0.0411 (epoch 1)
2026-06-25 16:30:22,928 - INFO - Epoch 10/200:
Epoch 10/200:
2026-06-25 16:32:16,283 - INFO - Train loss: 0.0092 (113.4s)
Train loss: 0.0092 (113.4s)
2026-06-25 16:32:44,069 - INFO - Test instance 0.0543, class 0.0354
Test instance 0.0543, class 0.0354
2026-06-25 16:32:44,070 - INFO - Best instance 0.0648, class 0.0411 (epoch 1)
Best instance 0.0648, class 0.0411 (epoch 1)
2026-06-25 16:32:44,091 - INFO - Epoch 11/200:
Epoch 11/200:
2026-06-25 16:34:38,393 - INFO - Train loss: 0.0087 (114.3s)
Train loss: 0.0087 (114.3s)
2026-06-25 16:35:06,173 - INFO - Test instance 0.0393, class 0.0265
Test instance 0.0393, class 0.0265
2026-06-25 16:35:06,173 - INFO - Best instance 0.0648, class 0.0411 (epoch 1)
Best instance 0.0648, class 0.0411 (epoch 1)
2026-06-25 16:35:06,194 - INFO - Epoch 12/200:
Epoch 12/200:
2026-06-25 16:36:59,489 - INFO - Train loss: 0.0081 (113.3s)
Train loss: 0.0081 (113.3s)
2026-06-25 16:37:27,115 - INFO - Test instance 0.0405, class 0.0265
Test instance 0.0405, class 0.0265
2026-06-25 16:37:27,115 - INFO - Best instance 0.0648, class 0.0411 (epoch 1)
Best instance 0.0648, class 0.0411 (epoch 1)
2026-06-25 16:37:27,136 - INFO - Epoch 13/200:
Epoch 13/200:
2026-06-25 16:39:20,883 - INFO - Train loss: 0.0082 (113.7s)
Train loss: 0.0082 (113.7s)
2026-06-25 16:39:48,622 - INFO - Test instance 0.0531, class 0.0346
Test instance 0.0531, class 0.0346
2026-06-25 16:39:48,622 - INFO - Best instance 0.0648, class 0.0411 (epoch 1)
Best instance 0.0648, class 0.0411 (epoch 1)
2026-06-25 16:39:48,643 - INFO - Epoch 14/200:
Epoch 14/200:
2026-06-25 16:41:42,450 - INFO - Train loss: 0.0078 (113.8s)
Train loss: 0.0078 (113.8s)
2026-06-25 16:42:10,355 - INFO - Test instance 0.0486, class 0.0319
Test instance 0.0486, class 0.0319
2026-06-25 16:42:10,356 - INFO - Best instance 0.0648, class 0.0411 (epoch 1)
Best instance 0.0648, class 0.0411 (epoch 1)
2026-06-25 16:42:10,376 - INFO - Epoch 15/200:
Epoch 15/200:
2026-06-25 16:44:03,957 - INFO - Train loss: 0.0076 (113.6s)
Train loss: 0.0076 (113.6s)
2026-06-25 16:44:31,428 - INFO - Test instance 0.0519, class 0.0341
Test instance 0.0519, class 0.0341
2026-06-25 16:44:31,429 - INFO - Best instance 0.0648, class 0.0411 (epoch 1)
Best instance 0.0648, class 0.0411 (epoch 1)
2026-06-25 16:44:31,449 - INFO - Epoch 16/200:
Epoch 16/200:
2026-06-25 16:46:25,921 - INFO - Train loss: 0.0078 (114.5s)
Train loss: 0.0078 (114.5s)
2026-06-25 16:46:53,750 - INFO - Test instance 0.0632, class 0.0410
Test instance 0.0632, class 0.0410
2026-06-25 16:46:53,750 - INFO - Best instance 0.0648, class 0.0411 (epoch 1)
Best instance 0.0648, class 0.0411 (epoch 1)
2026-06-25 16:46:53,771 - INFO - Epoch 17/200:
Epoch 17/200:
2026-06-25 16:48:47,485 - INFO - Train loss: 0.0077 (113.7s)
Train loss: 0.0077 (113.7s)
2026-06-25 16:49:15,333 - INFO - Test instance 0.0559, class 0.0368
Test instance 0.0559, class 0.0368
2026-06-25 16:49:15,343 - INFO - Best instance 0.0648, class 0.0411 (epoch 1)
Best instance 0.0648, class 0.0411 (epoch 1)
2026-06-25 16:49:15,360 - INFO - Epoch 18/200:
Epoch 18/200:
2026-06-25 16:51:08,507 - INFO - Train loss: 0.0071 (113.1s)
Train loss: 0.0071 (113.1s)
2026-06-25 16:51:36,425 - INFO - Test instance 0.0482, class 0.0326
Test instance 0.0482, class 0.0326
2026-06-25 16:51:36,425 - INFO - Best instance 0.0648, class 0.0411 (epoch 1)
Best instance 0.0648, class 0.0411 (epoch 1)
2026-06-25 16:51:36,446 - INFO - Epoch 19/200:
Epoch 19/200:
2026-06-25 16:53:29,876 - INFO - Train loss: 0.0075 (113.4s)
Train loss: 0.0075 (113.4s)
2026-06-25 16:53:57,764 - INFO - Test instance 0.0616, class 0.0398
Test instance 0.0616, class 0.0398
2026-06-25 16:53:57,764 - INFO - Best instance 0.0648, class 0.0411 (epoch 1)
Best instance 0.0648, class 0.0411 (epoch 1)
2026-06-25 16:53:57,785 - INFO - Epoch 20/200:
Epoch 20/200:
2026-06-25 16:55:51,079 - INFO - Train loss: 0.0072 (113.3s)
Train loss: 0.0072 (113.3s)
2026-06-25 16:56:19,012 - INFO - Test instance 0.0353, class 0.0240
Test instance 0.0353, class 0.0240
2026-06-25 16:56:19,012 - INFO - Best instance 0.0648, class 0.0411 (epoch 1)
Best instance 0.0648, class 0.0411 (epoch 1)
2026-06-25 16:56:19,033 - INFO - Epoch 21/200:
Epoch 21/200:
2026-06-25 16:58:12,276 - INFO - Train loss: 0.0068 (113.2s)
Train loss: 0.0068 (113.2s)
2026-06-25 16:58:40,448 - INFO - Test instance 0.0519, class 0.0337
Test instance 0.0519, class 0.0337
2026-06-25 16:58:40,448 - INFO - Best instance 0.0648, class 0.0411 (epoch 1)
Best instance 0.0648, class 0.0411 (epoch 1)
2026-06-25 16:58:40,469 - INFO - Epoch 22/200:
Epoch 22/200:
2026-06-25 17:00:33,652 - INFO - Train loss: 0.0068 (113.2s)
Train loss: 0.0068 (113.2s)
2026-06-25 17:01:01,667 - INFO - Test instance 0.0640, class 0.0414
Test instance 0.0640, class 0.0414
2026-06-25 17:01:01,667 - INFO - Best instance 0.0648, class 0.0411 (epoch 1)
Best instance 0.0648, class 0.0411 (epoch 1)
2026-06-25 17:01:01,690 - INFO - Epoch 23/200:
Epoch 23/200:
2026-06-25 17:02:55,611 - INFO - Train loss: 0.0068 (113.9s)
Train loss: 0.0068 (113.9s)
2026-06-25 17:03:23,645 - INFO - Test instance 0.0523, class 0.0347
Test instance 0.0523, class 0.0347
2026-06-25 17:03:23,645 - INFO - Best instance 0.0648, class 0.0411 (epoch 1)
Best instance 0.0648, class 0.0411 (epoch 1)
2026-06-25 17:03:23,665 - INFO - Epoch 24/200:
Epoch 24/200:
2026-06-25 17:05:17,648 - INFO - Train loss: 0.0068 (114.0s)
Train loss: 0.0068 (114.0s)
2026-06-25 17:05:45,601 - INFO - Test instance 0.0604, class 0.0401
Test instance 0.0604, class 0.0401
2026-06-25 17:05:45,602 - INFO - Best instance 0.0648, class 0.0411 (epoch 1)
Best instance 0.0648, class 0.0411 (epoch 1)
2026-06-25 17:05:45,623 - INFO - Epoch 25/200:
Epoch 25/200:
2026-06-25 17:07:39,115 - INFO - Train loss: 0.0066 (113.5s)
Train loss: 0.0066 (113.5s)
2026-06-25 17:08:07,205 - INFO - Test instance 0.0353, class 0.0241
Test instance 0.0353, class 0.0241
2026-06-25 17:08:07,206 - INFO - Best instance 0.0648, class 0.0411 (epoch 1)
Best instance 0.0648, class 0.0411 (epoch 1)
2026-06-25 17:08:07,227 - INFO - Epoch 26/200:
Epoch 26/200:
2026-06-25 17:10:00,870 - INFO - Train loss: 0.0067 (113.6s)
Train loss: 0.0067 (113.6s)
2026-06-25 17:10:29,013 - INFO - Test instance 0.0632, class 0.0412
Test instance 0.0632, class 0.0412
2026-06-25 17:10:29,014 - INFO - Best instance 0.0648, class 0.0411 (epoch 1)
Best instance 0.0648, class 0.0411 (epoch 1)
2026-06-25 17:10:29,034 - INFO - Epoch 27/200:
Epoch 27/200:
2026-06-25 17:12:22,344 - INFO - Train loss: 0.0067 (113.3s)
Train loss: 0.0067 (113.3s)
2026-06-25 17:12:50,151 - INFO - Test instance 0.0697, class 0.0451
Test instance 0.0697, class 0.0451
2026-06-25 17:12:50,173 - INFO - Best instance 0.0697, class 0.0451 (epoch 27)
Best instance 0.0697, class 0.0451 (epoch 27)
2026-06-25 17:12:50,201 - INFO - Epoch 28/200:
Epoch 28/200:
2026-06-25 17:14:43,332 - INFO - Train loss: 0.0066 (113.1s)
Train loss: 0.0066 (113.1s)
2026-06-25 17:15:10,893 - INFO - Test instance 0.0559, class 0.0365
Test instance 0.0559, class 0.0365
2026-06-25 17:15:10,895 - INFO - Best instance 0.0697, class 0.0451 (epoch 27)
Best instance 0.0697, class 0.0451 (epoch 27)
2026-06-25 17:15:10,915 - INFO - Epoch 29/200:
Epoch 29/200:
2026-06-25 17:17:05,011 - INFO - Train loss: 0.0066 (114.1s)
Train loss: 0.0066 (114.1s)
2026-06-25 17:17:32,829 - INFO - Test instance 0.0604, class 0.0397
Test instance 0.0604, class 0.0397
2026-06-25 17:17:32,829 - INFO - Best instance 0.0697, class 0.0451 (epoch 27)
Best instance 0.0697, class 0.0451 (epoch 27)
2026-06-25 17:17:32,850 - INFO - Epoch 30/200:
Epoch 30/200:
2026-06-25 17:19:26,024 - INFO - Train loss: 0.0066 (113.2s)
Train loss: 0.0066 (113.2s)
2026-06-25 17:19:54,481 - INFO - Test instance 0.0429, class 0.0297
Test instance 0.0429, class 0.0297
2026-06-25 17:19:54,482 - INFO - Best instance 0.0697, class 0.0451 (epoch 27)
Best instance 0.0697, class 0.0451 (epoch 27)
2026-06-25 17:19:54,504 - INFO - Epoch 31/200:
Epoch 31/200:
2026-06-25 17:21:48,270 - INFO - Train loss: 0.0065 (113.8s)
Train loss: 0.0065 (113.8s)
2026-06-25 17:22:16,280 - INFO - Test instance 0.0596, class 0.0385
Test instance 0.0596, class 0.0385
2026-06-25 17:22:16,280 - INFO - Best instance 0.0697, class 0.0451 (epoch 27)
Best instance 0.0697, class 0.0451 (epoch 27)
2026-06-25 17:22:16,301 - INFO - Epoch 32/200:
Epoch 32/200:
2026-06-25 17:24:10,227 - INFO - Train loss: 0.0065 (113.9s)
Train loss: 0.0065 (113.9s)
2026-06-25 17:24:38,161 - INFO - Test instance 0.0511, class 0.0339
Test instance 0.0511, class 0.0339
2026-06-25 17:24:38,161 - INFO - Best instance 0.0697, class 0.0451 (epoch 27)
Best instance 0.0697, class 0.0451 (epoch 27)
2026-06-25 17:24:38,182 - INFO - Epoch 33/200:
Epoch 33/200:
2026-06-25 17:26:31,114 - INFO - Train loss: 0.0064 (112.9s)
Train loss: 0.0064 (112.9s)
2026-06-25 17:26:58,988 - INFO - Test instance 0.0571, class 0.0372
Test instance 0.0571, class 0.0372
2026-06-25 17:26:58,989 - INFO - Best instance 0.0697, class 0.0451 (epoch 27)
Best instance 0.0697, class 0.0451 (epoch 27)
2026-06-25 17:26:59,009 - INFO - Epoch 34/200:
Epoch 34/200:
2026-06-25 17:28:52,618 - INFO - Train loss: 0.0063 (113.6s)
Train loss: 0.0063 (113.6s)
2026-06-25 17:29:20,653 - INFO - Test instance 0.0592, class 0.0392
Test instance 0.0592, class 0.0392
2026-06-25 17:29:20,653 - INFO - Best instance 0.0697, class 0.0451 (epoch 27)
Best instance 0.0697, class 0.0451 (epoch 27)
2026-06-25 17:29:20,705 - INFO - Epoch 35/200:
Epoch 35/200:
2026-06-25 17:31:14,862 - INFO - Train loss: 0.0063 (114.2s)
Train loss: 0.0063 (114.2s)
2026-06-25 17:31:42,932 - INFO - Test instance 0.0486, class 0.0320
Test instance 0.0486, class 0.0320
2026-06-25 17:31:42,932 - INFO - Best instance 0.0697, class 0.0451 (epoch 27)
Best instance 0.0697, class 0.0451 (epoch 27)
2026-06-25 17:31:42,952 - INFO - Epoch 36/200:
Epoch 36/200:
2026-06-25 17:33:36,270 - INFO - Train loss: 0.0062 (113.3s)
Train loss: 0.0062 (113.3s)
2026-06-25 17:34:04,312 - INFO - Test instance 0.0519, class 0.0350
Test instance 0.0519, class 0.0350
2026-06-25 17:34:04,315 - INFO - Best instance 0.0697, class 0.0451 (epoch 27)
Best instance 0.0697, class 0.0451 (epoch 27)
2026-06-25 17:34:04,340 - INFO - Epoch 37/200:
Epoch 37/200:
2026-06-25 17:35:58,056 - INFO - Train loss: 0.0061 (113.7s)
Train loss: 0.0061 (113.7s)
2026-06-25 17:36:25,815 - INFO - Test instance 0.0531, class 0.0356
Test instance 0.0531, class 0.0356
2026-06-25 17:36:25,816 - INFO - Best instance 0.0697, class 0.0451 (epoch 27)
Best instance 0.0697, class 0.0451 (epoch 27)
2026-06-25 17:36:25,837 - INFO - Epoch 38/200:
Epoch 38/200:
2026-06-25 17:38:19,627 - INFO - Train loss: 0.0062 (113.8s)
Train loss: 0.0062 (113.8s)
2026-06-25 17:38:47,597 - INFO - Test instance 0.0612, class 0.0401
Test instance 0.0612, class 0.0401
2026-06-25 17:38:47,598 - INFO - Best instance 0.0697, class 0.0451 (epoch 27)
Best instance 0.0697, class 0.0451 (epoch 27)
2026-06-25 17:38:47,618 - INFO - Epoch 39/200:
Epoch 39/200:
2026-06-25 17:40:41,594 - INFO - Train loss: 0.0064 (114.0s)
Train loss: 0.0064 (114.0s)
2026-06-25 17:41:09,564 - INFO - Test instance 0.0511, class 0.0341
Test instance 0.0511, class 0.0341
2026-06-25 17:41:09,566 - INFO - Best instance 0.0697, class 0.0451 (epoch 27)
Best instance 0.0697, class 0.0451 (epoch 27)
2026-06-25 17:41:09,589 - INFO - Epoch 40/200:
Epoch 40/200:
2026-06-25 17:43:03,105 - INFO - Train loss: 0.0061 (113.5s)
Train loss: 0.0061 (113.5s)
2026-06-25 17:43:31,367 - INFO - Test instance 0.0478, class 0.0323
Test instance 0.0478, class 0.0323
2026-06-25 17:43:31,367 - INFO - Best instance 0.0697, class 0.0451 (epoch 27)
Best instance 0.0697, class 0.0451 (epoch 27)
2026-06-25 17:43:31,388 - INFO - Epoch 41/200:
Epoch 41/200:
2026-06-25 17:45:24,105 - INFO - Train loss: 0.0058 (112.7s)
Train loss: 0.0058 (112.7s)
2026-06-25 17:45:51,843 - INFO - Test instance 0.0579, class 0.0382
Test instance 0.0579, class 0.0382
2026-06-25 17:45:51,844 - INFO - Best instance 0.0697, class 0.0451 (epoch 27)
Best instance 0.0697, class 0.0451 (epoch 27)
2026-06-25 17:45:51,865 - INFO - Epoch 42/200:
Epoch 42/200:
2026-06-25 17:47:45,079 - INFO - Train loss: 0.0056 (113.2s)
Train loss: 0.0056 (113.2s)
2026-06-25 17:48:12,986 - INFO - Test instance 0.0458, class 0.0305
Test instance 0.0458, class 0.0305
2026-06-25 17:48:12,986 - INFO - Best instance 0.0697, class 0.0451 (epoch 27)
Best instance 0.0697, class 0.0451 (epoch 27)
2026-06-25 17:48:13,007 - INFO - Epoch 43/200:
Epoch 43/200:
2026-06-25 17:50:06,885 - INFO - Train loss: 0.0057 (113.9s)
Train loss: 0.0057 (113.9s)
2026-06-25 17:50:34,618 - INFO - Test instance 0.0413, class 0.0280
Test instance 0.0413, class 0.0280
2026-06-25 17:50:34,618 - INFO - Best instance 0.0697, class 0.0451 (epoch 27)
Best instance 0.0697, class 0.0451 (epoch 27)
2026-06-25 17:50:34,639 - INFO - Epoch 44/200:
Epoch 44/200:
2026-06-25 17:52:29,106 - INFO - Train loss: 0.0057 (114.5s)
Train loss: 0.0057 (114.5s)
2026-06-25 17:52:57,120 - INFO - Test instance 0.0511, class 0.0339
Test instance 0.0511, class 0.0339
2026-06-25 17:52:57,121 - INFO - Best instance 0.0697, class 0.0451 (epoch 27)
Best instance 0.0697, class 0.0451 (epoch 27)
2026-06-25 17:52:57,142 - INFO - Epoch 45/200:
Epoch 45/200:
2026-06-25 17:54:50,302 - INFO - Train loss: 0.0057 (113.2s)
Train loss: 0.0057 (113.2s)
2026-06-25 17:55:17,967 - INFO - Test instance 0.0470, class 0.0316
Test instance 0.0470, class 0.0316
2026-06-25 17:55:17,967 - INFO - Best instance 0.0697, class 0.0451 (epoch 27)
Best instance 0.0697, class 0.0451 (epoch 27)
2026-06-25 17:55:17,988 - INFO - Epoch 46/200:
Epoch 46/200:
2026-06-25 17:57:11,424 - INFO - Train loss: 0.0057 (113.4s)
Train loss: 0.0057 (113.4s)
2026-06-25 17:57:39,625 - INFO - Test instance 0.0490, class 0.0328
Test instance 0.0490, class 0.0328
2026-06-25 17:57:39,625 - INFO - Best instance 0.0697, class 0.0451 (epoch 27)
Best instance 0.0697, class 0.0451 (epoch 27)
2026-06-25 17:57:39,646 - INFO - Epoch 47/200:
Epoch 47/200:
2026-06-25 17:59:33,398 - INFO - Train loss: 0.0056 (113.8s)
Train loss: 0.0056 (113.8s)
2026-06-25 18:00:01,385 - INFO - Test instance 0.0434, class 0.0293
Test instance 0.0434, class 0.0293
2026-06-25 18:00:01,385 - INFO - Best instance 0.0697, class 0.0451 (epoch 27)
Best instance 0.0697, class 0.0451 (epoch 27)
2026-06-25 18:00:01,406 - INFO - Epoch 48/200:
Epoch 48/200:
2026-06-25 18:01:55,151 - INFO - Train loss: 0.0057 (113.7s)
Train loss: 0.0057 (113.7s)
2026-06-25 18:02:23,196 - INFO - Test instance 0.0446, class 0.0299
Test instance 0.0446, class 0.0299
2026-06-25 18:02:23,196 - INFO - Best instance 0.0697, class 0.0451 (epoch 27)
Best instance 0.0697, class 0.0451 (epoch 27)
2026-06-25 18:02:23,217 - INFO - Epoch 49/200:
Epoch 49/200:
2026-06-25 18:04:16,864 - INFO - Train loss: 0.0056 (113.6s)
Train loss: 0.0056 (113.6s)
2026-06-25 18:04:45,236 - INFO - Test instance 0.0470, class 0.0315
Test instance 0.0470, class 0.0315
2026-06-25 18:04:45,236 - INFO - Best instance 0.0697, class 0.0451 (epoch 27)
Best instance 0.0697, class 0.0451 (epoch 27)
2026-06-25 18:04:45,257 - INFO - Epoch 50/200:
Epoch 50/200:
2026-06-25 18:06:38,858 - INFO - Train loss: 0.0056 (113.6s)
Train loss: 0.0056 (113.6s)
2026-06-25 18:07:06,687 - INFO - Test instance 0.0401, class 0.0275
Test instance 0.0401, class 0.0275
2026-06-25 18:07:06,688 - INFO - Best instance 0.0697, class 0.0451 (epoch 27)
Best instance 0.0697, class 0.0451 (epoch 27)
2026-06-25 18:07:06,708 - INFO - Epoch 51/200:
Epoch 51/200:
2026-06-25 18:09:00,308 - INFO - Train loss: 0.0056 (113.6s)
Train loss: 0.0056 (113.6s)
2026-06-25 18:09:28,156 - INFO - Test instance 0.0494, class 0.0331
Test instance 0.0494, class 0.0331
2026-06-25 18:09:28,156 - INFO - Best instance 0.0697, class 0.0451 (epoch 27)
Best instance 0.0697, class 0.0451 (epoch 27)
2026-06-25 18:09:28,180 - INFO - Epoch 52/200:
Epoch 52/200:
2026-06-25 18:11:21,411 - INFO - Train loss: 0.0056 (113.2s)
Train loss: 0.0056 (113.2s)
2026-06-25 18:11:49,360 - INFO - Test instance 0.0571, class 0.0375
Test instance 0.0571, class 0.0375
2026-06-25 18:11:49,361 - INFO - Best instance 0.0697, class 0.0451 (epoch 27)
Best instance 0.0697, class 0.0451 (epoch 27)
2026-06-25 18:11:49,381 - INFO - Epoch 53/200:
Epoch 53/200:
2026-06-25 18:13:42,623 - INFO - Train loss: 0.0056 (113.2s)
Train loss: 0.0056 (113.2s)
2026-06-25 18:14:10,490 - INFO - Test instance 0.0478, class 0.0319
Test instance 0.0478, class 0.0319
2026-06-25 18:14:10,490 - INFO - Best instance 0.0697, class 0.0451 (epoch 27)
Best instance 0.0697, class 0.0451 (epoch 27)
2026-06-25 18:14:10,517 - INFO - Epoch 54/200:
Epoch 54/200:
2026-06-25 18:16:04,693 - INFO - Train loss: 0.0054 (114.2s)
Train loss: 0.0054 (114.2s)
2026-06-25 18:16:32,574 - INFO - Test instance 0.0458, class 0.0311
Test instance 0.0458, class 0.0311
2026-06-25 18:16:32,575 - INFO - Best instance 0.0697, class 0.0451 (epoch 27)
Best instance 0.0697, class 0.0451 (epoch 27)
2026-06-25 18:16:32,595 - INFO - Epoch 55/200:
Epoch 55/200:
2026-06-25 18:18:26,147 - INFO - Train loss: 0.0054 (113.6s)
Train loss: 0.0054 (113.6s)
2026-06-25 18:18:54,191 - INFO - Test instance 0.0612, class 0.0406
Test instance 0.0612, class 0.0406
2026-06-25 18:18:54,191 - INFO - Best instance 0.0697, class 0.0451 (epoch 27)
Best instance 0.0697, class 0.0451 (epoch 27)
2026-06-25 18:18:54,212 - INFO - Epoch 56/200:
Epoch 56/200:
2026-06-25 18:20:47,940 - INFO - Train loss: 0.0055 (113.7s)
Train loss: 0.0055 (113.7s)
2026-06-25 18:21:16,110 - INFO - Test instance 0.0462, class 0.0311
Test instance 0.0462, class 0.0311
2026-06-25 18:21:16,110 - INFO - Best instance 0.0697, class 0.0451 (epoch 27)
Best instance 0.0697, class 0.0451 (epoch 27)
2026-06-25 18:21:16,131 - INFO - Epoch 57/200:
Epoch 57/200:
2026-06-25 18:23:09,586 - INFO - Train loss: 0.0054 (113.5s)
Train loss: 0.0054 (113.5s)
2026-06-25 18:23:37,471 - INFO - Test instance 0.0531, class 0.0352
Test instance 0.0531, class 0.0352
2026-06-25 18:23:37,471 - INFO - Best instance 0.0697, class 0.0451 (epoch 27)
Best instance 0.0697, class 0.0451 (epoch 27)
2026-06-25 18:23:37,492 - INFO - Epoch 58/200:
Epoch 58/200:
2026-06-25 18:25:31,033 - INFO - Train loss: 0.0055 (113.5s)
Train loss: 0.0055 (113.5s)
2026-06-25 18:25:59,038 - INFO - Test instance 0.0612, class 0.0406
Test instance 0.0612, class 0.0406
2026-06-25 18:25:59,038 - INFO - Best instance 0.0697, class 0.0451 (epoch 27)
Best instance 0.0697, class 0.0451 (epoch 27)
2026-06-25 18:25:59,058 - INFO - Epoch 59/200:
Epoch 59/200:
2026-06-25 18:27:53,358 - INFO - Train loss: 0.0055 (114.3s)
Train loss: 0.0055 (114.3s)
2026-06-25 18:28:21,235 - INFO - Test instance 0.0551, class 0.0366
Test instance 0.0551, class 0.0366
2026-06-25 18:28:21,235 - INFO - Best instance 0.0697, class 0.0451 (epoch 27)
Best instance 0.0697, class 0.0451 (epoch 27)
2026-06-25 18:28:21,256 - INFO - Epoch 60/200:
Epoch 60/200:
2026-06-25 18:30:15,501 - INFO - Train loss: 0.0055 (114.2s)
Train loss: 0.0055 (114.2s)
2026-06-25 18:30:43,236 - INFO - Test instance 0.0551, class 0.0362
Test instance 0.0551, class 0.0362
2026-06-25 18:30:43,237 - INFO - Best instance 0.0697, class 0.0451 (epoch 27)
Best instance 0.0697, class 0.0451 (epoch 27)
2026-06-25 18:30:43,258 - INFO - Epoch 61/200:
Epoch 61/200:
2026-06-25 18:32:37,441 - INFO - Train loss: 0.0053 (114.2s)
Train loss: 0.0053 (114.2s)
2026-06-25 18:33:05,134 - INFO - Test instance 0.0438, class 0.0298
Test instance 0.0438, class 0.0298
2026-06-25 18:33:05,134 - INFO - Best instance 0.0697, class 0.0451 (epoch 27)
Best instance 0.0697, class 0.0451 (epoch 27)
2026-06-25 18:33:05,156 - INFO - Epoch 62/200:
Epoch 62/200:
2026-06-25 18:34:59,415 - INFO - Train loss: 0.0052 (114.3s)
Train loss: 0.0052 (114.3s)
2026-06-25 18:35:27,191 - INFO - Test instance 0.0482, class 0.0324
Test instance 0.0482, class 0.0324
2026-06-25 18:35:27,192 - INFO - Best instance 0.0697, class 0.0451 (epoch 27)
Best instance 0.0697, class 0.0451 (epoch 27)
2026-06-25 18:35:27,212 - INFO - Epoch 63/200:
Epoch 63/200:
2026-06-25 18:37:21,083 - INFO - Train loss: 0.0053 (113.9s)
Train loss: 0.0053 (113.9s)
2026-06-25 18:37:49,437 - INFO - Test instance 0.0592, class 0.0389
Test instance 0.0592, class 0.0389
2026-06-25 18:37:49,437 - INFO - Best instance 0.0697, class 0.0451 (epoch 27)
Best instance 0.0697, class 0.0451 (epoch 27)
2026-06-25 18:37:49,458 - INFO - Epoch 64/200:
Epoch 64/200:
2026-06-25 18:39:43,871 - INFO - Train loss: 0.0053 (114.4s)
Train loss: 0.0053 (114.4s)
2026-06-25 18:40:11,709 - INFO - Test instance 0.0450, class 0.0305
Test instance 0.0450, class 0.0305
2026-06-25 18:40:11,709 - INFO - Best instance 0.0697, class 0.0451 (epoch 27)
Best instance 0.0697, class 0.0451 (epoch 27)
2026-06-25 18:40:11,730 - INFO - Epoch 65/200:
Epoch 65/200:
2026-06-25 18:42:05,288 - INFO - Train loss: 0.0053 (113.6s)
Train loss: 0.0053 (113.6s)
2026-06-25 18:42:33,590 - INFO - Test instance 0.0466, class 0.0317
Test instance 0.0466, class 0.0317
2026-06-25 18:42:33,590 - INFO - Best instance 0.0697, class 0.0451 (epoch 27)
Best instance 0.0697, class 0.0451 (epoch 27)
2026-06-25 18:42:33,611 - INFO - Epoch 66/200:
Epoch 66/200:
2026-06-25 18:44:27,045 - INFO - Train loss: 0.0053 (113.4s)
Train loss: 0.0053 (113.4s)
2026-06-25 18:44:54,922 - INFO - Test instance 0.0579, class 0.0382
Test instance 0.0579, class 0.0382
2026-06-25 18:44:54,922 - INFO - Best instance 0.0697, class 0.0451 (epoch 27)
Best instance 0.0697, class 0.0451 (epoch 27)
2026-06-25 18:44:54,942 - INFO - Epoch 67/200:
Epoch 67/200:
2026-06-25 18:46:48,729 - INFO - Train loss: 0.0052 (113.8s)
Train loss: 0.0052 (113.8s)
2026-06-25 18:47:16,808 - INFO - Test instance 0.0393, class 0.0267
Test instance 0.0393, class 0.0267
2026-06-25 18:47:16,808 - INFO - Best instance 0.0697, class 0.0451 (epoch 27)
Best instance 0.0697, class 0.0451 (epoch 27)
2026-06-25 18:47:16,828 - INFO - Epoch 68/200:
Epoch 68/200:
2026-06-25 18:49:11,243 - INFO - Train loss: 0.0051 (114.4s)
Train loss: 0.0051 (114.4s)
2026-06-25 18:49:39,397 - INFO - Test instance 0.0434, class 0.0292
Test instance 0.0434, class 0.0292
2026-06-25 18:49:39,398 - INFO - Best instance 0.0697, class 0.0451 (epoch 27)
Best instance 0.0697, class 0.0451 (epoch 27)
2026-06-25 18:49:39,422 - INFO - Epoch 69/200:
Epoch 69/200:
2026-06-25 18:51:33,089 - INFO - Train loss: 0.0052 (113.7s)
Train loss: 0.0052 (113.7s)
2026-06-25 18:52:01,162 - INFO - Test instance 0.0535, class 0.0356
Test instance 0.0535, class 0.0356
2026-06-25 18:52:01,162 - INFO - Best instance 0.0697, class 0.0451 (epoch 27)
Best instance 0.0697, class 0.0451 (epoch 27)
2026-06-25 18:52:01,183 - INFO - Epoch 70/200:
Epoch 70/200:
2026-06-25 18:53:55,296 - INFO - Train loss: 0.0052 (114.1s)
Train loss: 0.0052 (114.1s)
2026-06-25 18:54:23,409 - INFO - Test instance 0.0563, class 0.0370
Test instance 0.0563, class 0.0370
2026-06-25 18:54:23,410 - INFO - Best instance 0.0697, class 0.0451 (epoch 27)
Best instance 0.0697, class 0.0451 (epoch 27)
2026-06-25 18:54:23,431 - INFO - Epoch 71/200:
Epoch 71/200:
2026-06-25 18:56:17,665 - INFO - Train loss: 0.0051 (114.2s)
Train loss: 0.0051 (114.2s)
2026-06-25 18:56:45,744 - INFO - Test instance 0.0531, class 0.0352
Test instance 0.0531, class 0.0352
2026-06-25 18:56:45,744 - INFO - Best instance 0.0697, class 0.0451 (epoch 27)
Best instance 0.0697, class 0.0451 (epoch 27)
2026-06-25 18:56:45,782 - INFO - Epoch 72/200:
Epoch 72/200:
2026-06-25 18:58:39,913 - INFO - Train loss: 0.0053 (114.1s)
Train loss: 0.0053 (114.1s)
2026-06-25 18:59:07,938 - INFO - Test instance 0.0454, class 0.0300
Test instance 0.0454, class 0.0300
2026-06-25 18:59:07,938 - INFO - Best instance 0.0697, class 0.0451 (epoch 27)
Best instance 0.0697, class 0.0451 (epoch 27)
2026-06-25 18:59:07,959 - INFO - Epoch 73/200:
Epoch 73/200:
2026-06-25 19:01:02,427 - INFO - Train loss: 0.0052 (114.5s)
Train loss: 0.0052 (114.5s)
2026-06-25 19:01:30,324 - INFO - Test instance 0.0470, class 0.0317
Test instance 0.0470, class 0.0317
2026-06-25 19:01:30,324 - INFO - Best instance 0.0697, class 0.0451 (epoch 27)
Best instance 0.0697, class 0.0451 (epoch 27)
2026-06-25 19:01:30,344 - INFO - Epoch 74/200:
Epoch 74/200:
2026-06-25 19:03:24,458 - INFO - Train loss: 0.0052 (114.1s)
Train loss: 0.0052 (114.1s)
2026-06-25 19:03:52,393 - INFO - Test instance 0.0555, class 0.0369
Test instance 0.0555, class 0.0369
2026-06-25 19:03:52,394 - INFO - Best instance 0.0697, class 0.0451 (epoch 27)
Best instance 0.0697, class 0.0451 (epoch 27)
2026-06-25 19:03:52,414 - INFO - Epoch 75/200:
Epoch 75/200:
2026-06-25 19:05:46,151 - INFO - Train loss: 0.0052 (113.7s)
Train loss: 0.0052 (113.7s)
2026-06-25 19:06:14,034 - INFO - Test instance 0.0547, class 0.0365
Test instance 0.0547, class 0.0365
2026-06-25 19:06:14,035 - INFO - Best instance 0.0697, class 0.0451 (epoch 27)
Best instance 0.0697, class 0.0451 (epoch 27)
2026-06-25 19:06:14,063 - INFO - Epoch 76/200:
Epoch 76/200:
2026-06-25 19:08:07,859 - INFO - Train loss: 0.0053 (113.8s)
Train loss: 0.0053 (113.8s)
2026-06-25 19:08:35,442 - INFO - Test instance 0.0478, class 0.0321
Test instance 0.0478, class 0.0321
2026-06-25 19:08:35,442 - INFO - Best instance 0.0697, class 0.0451 (epoch 27)
Best instance 0.0697, class 0.0451 (epoch 27)
2026-06-25 19:08:35,463 - INFO - Epoch 77/200:
Epoch 77/200:
2026-06-25 19:10:30,107 - INFO - Train loss: 0.0053 (114.6s)
Train loss: 0.0053 (114.6s)
2026-06-25 19:10:57,764 - INFO - Test instance 0.0450, class 0.0307
Test instance 0.0450, class 0.0307
2026-06-25 19:10:57,764 - INFO - Best instance 0.0697, class 0.0451 (epoch 27)
Best instance 0.0697, class 0.0451 (epoch 27)
2026-06-25 19:10:57,785 - INFO - Epoch 78/200:
Epoch 78/200:
2026-06-25 19:12:52,215 - INFO - Train loss: 0.0053 (114.4s)
Train loss: 0.0053 (114.4s)
2026-06-25 19:13:20,078 - INFO - Test instance 0.0543, class 0.0361
Test instance 0.0543, class 0.0361
2026-06-25 19:13:20,079 - INFO - Best instance 0.0697, class 0.0451 (epoch 27)
Best instance 0.0697, class 0.0451 (epoch 27)
2026-06-25 19:13:20,099 - INFO - Epoch 79/200:
Epoch 79/200:
2026-06-25 19:15:14,189 - INFO - Train loss: 0.0052 (114.1s)
Train loss: 0.0052 (114.1s)
2026-06-25 19:15:41,940 - INFO - Test instance 0.0632, class 0.0417
Test instance 0.0632, class 0.0417
2026-06-25 19:15:41,940 - INFO - Best instance 0.0697, class 0.0451 (epoch 27)
Best instance 0.0697, class 0.0451 (epoch 27)
2026-06-25 19:15:41,961 - INFO - Epoch 80/200:
Epoch 80/200:
2026-06-25 19:17:35,851 - INFO - Train loss: 0.0052 (113.9s)
Train loss: 0.0052 (113.9s)
2026-06-25 19:18:03,674 - INFO - Test instance 0.0511, class 0.0340
Test instance 0.0511, class 0.0340
2026-06-25 19:18:03,675 - INFO - Best instance 0.0697, class 0.0451 (epoch 27)
Best instance 0.0697, class 0.0451 (epoch 27)
2026-06-25 19:18:03,707 - INFO - Epoch 81/200:
Epoch 81/200:
2026-06-25 19:19:57,789 - INFO - Train loss: 0.0049 (114.1s)
Train loss: 0.0049 (114.1s)
2026-06-25 19:20:25,567 - INFO - Test instance 0.0502, class 0.0335
Test instance 0.0502, class 0.0335
2026-06-25 19:20:25,568 - INFO - Best instance 0.0697, class 0.0451 (epoch 27)
Best instance 0.0697, class 0.0451 (epoch 27)
2026-06-25 19:20:25,598 - INFO - Epoch 82/200:
Epoch 82/200:
2026-06-25 19:22:19,818 - INFO - Train loss: 0.0049 (114.2s)
Train loss: 0.0049 (114.2s)
2026-06-25 19:22:47,684 - INFO - Test instance 0.0515, class 0.0343
Test instance 0.0515, class 0.0343
2026-06-25 19:22:47,685 - INFO - Best instance 0.0697, class 0.0451 (epoch 27)
Best instance 0.0697, class 0.0451 (epoch 27)
2026-06-25 19:22:47,706 - INFO - Epoch 83/200:
Epoch 83/200:
2026-06-25 19:24:41,691 - INFO - Train loss: 0.0051 (114.0s)
Train loss: 0.0051 (114.0s)
2026-06-25 19:25:09,623 - INFO - Test instance 0.0551, class 0.0368
Test instance 0.0551, class 0.0368
2026-06-25 19:25:09,624 - INFO - Best instance 0.0697, class 0.0451 (epoch 27)
Best instance 0.0697, class 0.0451 (epoch 27)
2026-06-25 19:25:09,644 - INFO - Epoch 84/200:
Epoch 84/200:
2026-06-25 19:27:03,310 - INFO - Train loss: 0.0050 (113.7s)
Train loss: 0.0050 (113.7s)
2026-06-25 19:27:31,041 - INFO - Test instance 0.0494, class 0.0331
Test instance 0.0494, class 0.0331
2026-06-25 19:27:31,041 - INFO - Best instance 0.0697, class 0.0451 (epoch 27)
Best instance 0.0697, class 0.0451 (epoch 27)
2026-06-25 19:27:31,062 - INFO - Epoch 85/200:
Epoch 85/200:
2026-06-25 19:29:26,486 - INFO - Train loss: 0.0049 (115.4s)
Train loss: 0.0049 (115.4s)
2026-06-25 19:29:54,161 - INFO - Test instance 0.0498, class 0.0333
Test instance 0.0498, class 0.0333
2026-06-25 19:29:54,162 - INFO - Best instance 0.0697, class 0.0451 (epoch 27)
Best instance 0.0697, class 0.0451 (epoch 27)
2026-06-25 19:29:54,182 - INFO - Epoch 86/200:
Epoch 86/200:
2026-06-25 19:31:48,174 - INFO - Train loss: 0.0050 (114.0s)
Train loss: 0.0050 (114.0s)
2026-06-25 19:32:15,953 - INFO - Test instance 0.0466, class 0.0315
Test instance 0.0466, class 0.0315
2026-06-25 19:32:15,953 - INFO - Best instance 0.0697, class 0.0451 (epoch 27)
Best instance 0.0697, class 0.0451 (epoch 27)
2026-06-25 19:32:15,974 - INFO - Epoch 87/200:
Epoch 87/200:
2026-06-25 19:34:09,845 - INFO - Train loss: 0.0049 (113.9s)
Train loss: 0.0049 (113.9s)
2026-06-25 19:34:37,405 - INFO - Test instance 0.0458, class 0.0311
Test instance 0.0458, class 0.0311
2026-06-25 19:34:37,406 - INFO - Best instance 0.0697, class 0.0451 (epoch 27)
Best instance 0.0697, class 0.0451 (epoch 27)
2026-06-25 19:34:37,427 - INFO - Epoch 88/200:
Epoch 88/200:
2026-06-25 19:36:32,455 - INFO - Train loss: 0.0049 (115.0s)
Train loss: 0.0049 (115.0s)
2026-06-25 19:36:59,853 - INFO - Test instance 0.0547, class 0.0364
Test instance 0.0547, class 0.0364
2026-06-25 19:36:59,853 - INFO - Best instance 0.0697, class 0.0451 (epoch 27)
Best instance 0.0697, class 0.0451 (epoch 27)
2026-06-25 19:36:59,874 - INFO - Epoch 89/200:
Epoch 89/200:
2026-06-25 19:38:53,913 - INFO - Train loss: 0.0050 (114.0s)
Train loss: 0.0050 (114.0s)
2026-06-25 19:39:21,701 - INFO - Test instance 0.0547, class 0.0364
Test instance 0.0547, class 0.0364
2026-06-25 19:39:21,701 - INFO - Best instance 0.0697, class 0.0451 (epoch 27)
Best instance 0.0697, class 0.0451 (epoch 27)
2026-06-25 19:39:21,722 - INFO - Epoch 90/200:
Epoch 90/200:
2026-06-25 19:41:16,683 - INFO - Train loss: 0.0050 (115.0s)
Train loss: 0.0050 (115.0s)
2026-06-25 19:41:44,072 - INFO - Test instance 0.0563, class 0.0373
Test instance 0.0563, class 0.0373
2026-06-25 19:41:44,073 - INFO - Best instance 0.0697, class 0.0451 (epoch 27)
Best instance 0.0697, class 0.0451 (epoch 27)
2026-06-25 19:41:44,093 - INFO - Epoch 91/200:
Epoch 91/200:
2026-06-25 19:43:38,063 - INFO - Train loss: 0.0049 (114.0s)
Train loss: 0.0049 (114.0s)
2026-06-25 19:44:05,374 - INFO - Test instance 0.0442, class 0.0298
Test instance 0.0442, class 0.0298
2026-06-25 19:44:05,374 - INFO - Best instance 0.0697, class 0.0451 (epoch 27)
Best instance 0.0697, class 0.0451 (epoch 27)
2026-06-25 19:44:05,396 - INFO - Epoch 92/200:
Epoch 92/200:
2026-06-25 19:45:59,863 - INFO - Train loss: 0.0050 (114.5s)
Train loss: 0.0050 (114.5s)
2026-06-25 19:46:27,555 - INFO - Test instance 0.0502, class 0.0338
Test instance 0.0502, class 0.0338
2026-06-25 19:46:27,556 - INFO - Best instance 0.0697, class 0.0451 (epoch 27)
Best instance 0.0697, class 0.0451 (epoch 27)
2026-06-25 19:46:27,577 - INFO - Epoch 93/200:
Epoch 93/200:
2026-06-25 19:48:21,403 - INFO - Train loss: 0.0049 (113.8s)
Train loss: 0.0049 (113.8s)
2026-06-25 19:48:49,030 - INFO - Test instance 0.0498, class 0.0332
Test instance 0.0498, class 0.0332
2026-06-25 19:48:49,031 - INFO - Best instance 0.0697, class 0.0451 (epoch 27)
Best instance 0.0697, class 0.0451 (epoch 27)
2026-06-25 19:48:49,050 - INFO - Epoch 94/200:
Epoch 94/200:
2026-06-25 19:50:42,772 - INFO - Train loss: 0.0048 (113.7s)
Train loss: 0.0048 (113.7s)
2026-06-25 19:51:10,408 - INFO - Test instance 0.0470, class 0.0312
Test instance 0.0470, class 0.0312
2026-06-25 19:51:10,409 - INFO - Best instance 0.0697, class 0.0451 (epoch 27)
Best instance 0.0697, class 0.0451 (epoch 27)
2026-06-25 19:51:10,428 - INFO - Epoch 95/200:
Epoch 95/200:
2026-06-25 19:53:04,211 - INFO - Train loss: 0.0049 (113.8s)
Train loss: 0.0049 (113.8s)
2026-06-25 19:53:32,061 - INFO - Test instance 0.0494, class 0.0332
Test instance 0.0494, class 0.0332
2026-06-25 19:53:32,062 - INFO - Best instance 0.0697, class 0.0451 (epoch 27)
Best instance 0.0697, class 0.0451 (epoch 27)
2026-06-25 19:53:32,083 - INFO - Epoch 96/200:
Epoch 96/200:
2026-06-25 19:55:26,168 - INFO - Train loss: 0.0048 (114.1s)
Train loss: 0.0048 (114.1s)
2026-06-25 19:55:54,081 - INFO - Test instance 0.0498, class 0.0335
Test instance 0.0498, class 0.0335
2026-06-25 19:55:54,082 - INFO - Best instance 0.0697, class 0.0451 (epoch 27)
Best instance 0.0697, class 0.0451 (epoch 27)
2026-06-25 19:55:54,102 - INFO - Epoch 97/200:
Epoch 97/200:
2026-06-25 19:57:48,632 - INFO - Train loss: 0.0049 (114.5s)
Train loss: 0.0049 (114.5s)
2026-06-25 19:58:16,318 - INFO - Test instance 0.0462, class 0.0311
Test instance 0.0462, class 0.0311
2026-06-25 19:58:16,319 - INFO - Best instance 0.0697, class 0.0451 (epoch 27)
Best instance 0.0697, class 0.0451 (epoch 27)
2026-06-25 19:58:16,339 - INFO - Epoch 98/200:
Epoch 98/200:
2026-06-25 20:00:10,111 - INFO - Train loss: 0.0048 (113.8s)
Train loss: 0.0048 (113.8s)
2026-06-25 20:00:37,945 - INFO - Test instance 0.0592, class 0.0393
Test instance 0.0592, class 0.0393
2026-06-25 20:00:37,945 - INFO - Best instance 0.0697, class 0.0451 (epoch 27)
Best instance 0.0697, class 0.0451 (epoch 27)
2026-06-25 20:00:37,968 - INFO - Epoch 99/200:
Epoch 99/200:
2026-06-25 20:02:31,679 - INFO - Train loss: 0.0048 (113.7s)
Train loss: 0.0048 (113.7s)
2026-06-25 20:02:59,323 - INFO - Test instance 0.0588, class 0.0391
Test instance 0.0588, class 0.0391
2026-06-25 20:02:59,324 - INFO - Best instance 0.0697, class 0.0451 (epoch 27)
Best instance 0.0697, class 0.0451 (epoch 27)
2026-06-25 20:02:59,345 - INFO - Epoch 100/200:
Epoch 100/200:
2026-06-25 20:04:53,311 - INFO - Train loss: 0.0049 (114.0s)
Train loss: 0.0049 (114.0s)
2026-06-25 20:05:20,883 - INFO - Test instance 0.0494, class 0.0332
Test instance 0.0494, class 0.0332
2026-06-25 20:05:20,883 - INFO - Best instance 0.0697, class 0.0451 (epoch 27)
Best instance 0.0697, class 0.0451 (epoch 27)
2026-06-25 20:05:20,905 - INFO - Epoch 101/200:
Epoch 101/200:
2026-06-25 20:07:15,304 - INFO - Train loss: 0.0049 (114.4s)
Train loss: 0.0049 (114.4s)
2026-06-25 20:07:42,866 - INFO - Test instance 0.0596, class 0.0393
Test instance 0.0596, class 0.0393
2026-06-25 20:07:42,867 - INFO - Best instance 0.0697, class 0.0451 (epoch 27)
Best instance 0.0697, class 0.0451 (epoch 27)
2026-06-25 20:07:42,888 - INFO - Epoch 102/200:
Epoch 102/200:
2026-06-25 20:09:37,256 - INFO - Train loss: 0.0047 (114.4s)
Train loss: 0.0047 (114.4s)
2026-06-25 20:10:04,822 - INFO - Test instance 0.0535, class 0.0353
Test instance 0.0535, class 0.0353
2026-06-25 20:10:04,822 - INFO - Best instance 0.0697, class 0.0451 (epoch 27)
Best instance 0.0697, class 0.0451 (epoch 27)
2026-06-25 20:10:04,842 - INFO - Epoch 103/200:
Epoch 103/200:
2026-06-25 20:11:58,960 - INFO - Train loss: 0.0048 (114.1s)
Train loss: 0.0048 (114.1s)
2026-06-25 20:12:26,506 - INFO - Test instance 0.0506, class 0.0337
Test instance 0.0506, class 0.0337
2026-06-25 20:12:26,507 - INFO - Best instance 0.0697, class 0.0451 (epoch 27)
Best instance 0.0697, class 0.0451 (epoch 27)
2026-06-25 20:12:26,527 - INFO - Epoch 104/200:
Epoch 104/200:
2026-06-25 20:14:21,140 - INFO - Train loss: 0.0048 (114.6s)
Train loss: 0.0048 (114.6s)
2026-06-25 20:14:48,599 - INFO - Test instance 0.0511, class 0.0343
Test instance 0.0511, class 0.0343
2026-06-25 20:14:48,600 - INFO - Best instance 0.0697, class 0.0451 (epoch 27)
Best instance 0.0697, class 0.0451 (epoch 27)
2026-06-25 20:14:48,621 - INFO - Epoch 105/200:
Epoch 105/200:
2026-06-25 20:16:42,769 - INFO - Train loss: 0.0048 (114.1s)
Train loss: 0.0048 (114.1s)
2026-06-25 20:17:10,470 - INFO - Test instance 0.0571, class 0.0377
Test instance 0.0571, class 0.0377
2026-06-25 20:17:10,470 - INFO - Best instance 0.0697, class 0.0451 (epoch 27)
Best instance 0.0697, class 0.0451 (epoch 27)
2026-06-25 20:17:10,492 - INFO - Epoch 106/200:
Epoch 106/200:
2026-06-25 20:19:04,675 - INFO - Train loss: 0.0048 (114.2s)
Train loss: 0.0048 (114.2s)
2026-06-25 20:19:32,267 - INFO - Test instance 0.0446, class 0.0305
Test instance 0.0446, class 0.0305
2026-06-25 20:19:32,267 - INFO - Best instance 0.0697, class 0.0451 (epoch 27)
Best instance 0.0697, class 0.0451 (epoch 27)
2026-06-25 20:19:32,288 - INFO - Epoch 107/200:
Epoch 107/200:
2026-06-25 20:21:25,784 - INFO - Train loss: 0.0048 (113.5s)
Train loss: 0.0048 (113.5s)
2026-06-25 20:21:53,455 - INFO - Test instance 0.0527, class 0.0354
Test instance 0.0527, class 0.0354
2026-06-25 20:21:53,455 - INFO - Best instance 0.0697, class 0.0451 (epoch 27)
Best instance 0.0697, class 0.0451 (epoch 27)
2026-06-25 20:21:53,478 - INFO - Epoch 108/200:
Epoch 108/200:
2026-06-25 20:23:47,207 - INFO - Train loss: 0.0048 (113.7s)
Train loss: 0.0048 (113.7s)
2026-06-25 20:24:15,206 - INFO - Test instance 0.0482, class 0.0327
Test instance 0.0482, class 0.0327
2026-06-25 20:24:15,207 - INFO - Best instance 0.0697, class 0.0451 (epoch 27)
Best instance 0.0697, class 0.0451 (epoch 27)
2026-06-25 20:24:15,238 - INFO - Epoch 109/200:
Epoch 109/200:
2026-06-25 20:26:08,961 - INFO - Train loss: 0.0048 (113.7s)
Train loss: 0.0048 (113.7s)
2026-06-25 20:26:36,774 - INFO - Test instance 0.0482, class 0.0322
Test instance 0.0482, class 0.0322
2026-06-25 20:26:36,774 - INFO - Best instance 0.0697, class 0.0451 (epoch 27)
Best instance 0.0697, class 0.0451 (epoch 27)
2026-06-25 20:26:36,795 - INFO - Epoch 110/200:
Epoch 110/200:
2026-06-25 20:28:31,030 - INFO - Train loss: 0.0048 (114.2s)
Train loss: 0.0048 (114.2s)
2026-06-25 20:28:58,862 - INFO - Test instance 0.0523, class 0.0347
Test instance 0.0523, class 0.0347
2026-06-25 20:28:58,863 - INFO - Best instance 0.0697, class 0.0451 (epoch 27)
Best instance 0.0697, class 0.0451 (epoch 27)
2026-06-25 20:28:58,883 - INFO - Epoch 111/200:
Epoch 111/200:
2026-06-25 20:30:52,340 - INFO - Train loss: 0.0047 (113.5s)
Train loss: 0.0047 (113.5s)
2026-06-25 20:31:20,195 - INFO - Test instance 0.0535, class 0.0355
Test instance 0.0535, class 0.0355
2026-06-25 20:31:20,195 - INFO - Best instance 0.0697, class 0.0451 (epoch 27)
Best instance 0.0697, class 0.0451 (epoch 27)
2026-06-25 20:31:20,216 - INFO - Epoch 112/200:
Epoch 112/200:
2026-06-25 20:33:13,796 - INFO - Train loss: 0.0048 (113.6s)
Train loss: 0.0048 (113.6s)
2026-06-25 20:33:42,789 - INFO - Test instance 0.0527, class 0.0350
Test instance 0.0527, class 0.0350
2026-06-25 20:33:42,789 - INFO - Best instance 0.0697, class 0.0451 (epoch 27)
Best instance 0.0697, class 0.0451 (epoch 27)
2026-06-25 20:33:42,811 - INFO - Epoch 113/200:
Epoch 113/200:
2026-06-25 20:35:36,776 - INFO - Train loss: 0.0047 (114.0s)
Train loss: 0.0047 (114.0s)
2026-06-25 20:36:05,143 - INFO - Test instance 0.0502, class 0.0334
Test instance 0.0502, class 0.0334
2026-06-25 20:36:05,143 - INFO - Best instance 0.0697, class 0.0451 (epoch 27)
Best instance 0.0697, class 0.0451 (epoch 27)
2026-06-25 20:36:05,164 - INFO - Epoch 114/200:
Epoch 114/200:
2026-06-25 20:37:59,013 - INFO - Train loss: 0.0047 (113.8s)
Train loss: 0.0047 (113.8s)
2026-06-25 20:38:27,081 - INFO - Test instance 0.0539, class 0.0359
Test instance 0.0539, class 0.0359
2026-06-25 20:38:27,082 - INFO - Best instance 0.0697, class 0.0451 (epoch 27)
Best instance 0.0697, class 0.0451 (epoch 27)
2026-06-25 20:38:27,103 - INFO - Epoch 115/200:
Epoch 115/200:
2026-06-25 20:40:21,440 - INFO - Train loss: 0.0048 (114.3s)
Train loss: 0.0048 (114.3s)
2026-06-25 20:40:48,659 - INFO - Test instance 0.0498, class 0.0334
Test instance 0.0498, class 0.0334
2026-06-25 20:40:48,659 - INFO - Best instance 0.0697, class 0.0451 (epoch 27)
Best instance 0.0697, class 0.0451 (epoch 27)
2026-06-25 20:40:48,678 - INFO - Epoch 116/200:
Epoch 116/200:
2026-06-25 20:42:42,644 - INFO - Train loss: 0.0049 (114.0s)
Train loss: 0.0049 (114.0s)
2026-06-25 20:43:11,207 - INFO - Test instance 0.0494, class 0.0333
Test instance 0.0494, class 0.0333
2026-06-25 20:43:11,207 - INFO - Best instance 0.0697, class 0.0451 (epoch 27)
Best instance 0.0697, class 0.0451 (epoch 27)
2026-06-25 20:43:11,231 - INFO - Epoch 117/200:
Epoch 117/200:
2026-06-25 20:45:05,592 - INFO - Train loss: 0.0047 (114.4s)
Train loss: 0.0047 (114.4s)
2026-06-25 20:45:33,620 - INFO - Test instance 0.0434, class 0.0292
Test instance 0.0434, class 0.0292
2026-06-25 20:45:33,620 - INFO - Best instance 0.0697, class 0.0451 (epoch 27)
Best instance 0.0697, class 0.0451 (epoch 27)
2026-06-25 20:45:33,642 - INFO - Epoch 118/200:
Epoch 118/200:
2026-06-25 20:47:28,198 - INFO - Train loss: 0.0047 (114.6s)
Train loss: 0.0047 (114.6s)
2026-06-25 20:47:56,386 - INFO - Test instance 0.0567, class 0.0376
Test instance 0.0567, class 0.0376
2026-06-25 20:47:56,387 - INFO - Best instance 0.0697, class 0.0451 (epoch 27)
Best instance 0.0697, class 0.0451 (epoch 27)
2026-06-25 20:47:56,408 - INFO - Epoch 119/200:
Epoch 119/200:
2026-06-25 20:49:50,372 - INFO - Train loss: 0.0046 (114.0s)
Train loss: 0.0046 (114.0s)
2026-06-25 20:50:19,004 - INFO - Test instance 0.0506, class 0.0340
Test instance 0.0506, class 0.0340
2026-06-25 20:50:19,004 - INFO - Best instance 0.0697, class 0.0451 (epoch 27)
Best instance 0.0697, class 0.0451 (epoch 27)
2026-06-25 20:50:19,025 - INFO - Epoch 120/200:
Epoch 120/200:
2026-06-25 20:52:12,930 - INFO - Train loss: 0.0048 (113.9s)
Train loss: 0.0048 (113.9s)
2026-06-25 20:52:41,016 - INFO - Test instance 0.0547, class 0.0365
Test instance 0.0547, class 0.0365
2026-06-25 20:52:41,016 - INFO - Best instance 0.0697, class 0.0451 (epoch 27)
Best instance 0.0697, class 0.0451 (epoch 27)
2026-06-25 20:52:41,038 - INFO - Epoch 121/200:
Epoch 121/200:
2026-06-25 20:54:34,800 - INFO - Train loss: 0.0046 (113.8s)
Train loss: 0.0046 (113.8s)
2026-06-25 20:55:03,163 - INFO - Test instance 0.0563, class 0.0374
Test instance 0.0563, class 0.0374
2026-06-25 20:55:03,163 - INFO - Best instance 0.0697, class 0.0451 (epoch 27)
Best instance 0.0697, class 0.0451 (epoch 27)
2026-06-25 20:55:03,184 - INFO - Epoch 122/200:
Epoch 122/200:
2026-06-25 20:56:56,917 - INFO - Train loss: 0.0046 (113.7s)
Train loss: 0.0046 (113.7s)
2026-06-25 20:57:25,322 - INFO - Test instance 0.0502, class 0.0337
Test instance 0.0502, class 0.0337
2026-06-25 20:57:25,323 - INFO - Best instance 0.0697, class 0.0451 (epoch 27)
Best instance 0.0697, class 0.0451 (epoch 27)
2026-06-25 20:57:25,345 - INFO - Epoch 123/200:
Epoch 123/200:
2026-06-25 20:59:19,448 - INFO - Train loss: 0.0046 (114.1s)
Train loss: 0.0046 (114.1s)
2026-06-25 20:59:47,680 - INFO - Test instance 0.0547, class 0.0363
Test instance 0.0547, class 0.0363
2026-06-25 20:59:47,680 - INFO - Best instance 0.0697, class 0.0451 (epoch 27)
Best instance 0.0697, class 0.0451 (epoch 27)
2026-06-25 20:59:47,708 - INFO - Epoch 124/200:
Epoch 124/200:
2026-06-25 21:01:42,339 - INFO - Train loss: 0.0047 (114.6s)
Train loss: 0.0047 (114.6s)
2026-06-25 21:02:10,507 - INFO - Test instance 0.0494, class 0.0332
Test instance 0.0494, class 0.0332
2026-06-25 21:02:10,508 - INFO - Best instance 0.0697, class 0.0451 (epoch 27)
Best instance 0.0697, class 0.0451 (epoch 27)
2026-06-25 21:02:10,531 - INFO - Epoch 125/200:
Epoch 125/200:
2026-06-25 21:04:04,631 - INFO - Train loss: 0.0046 (114.1s)
Train loss: 0.0046 (114.1s)
2026-06-25 21:04:33,222 - INFO - Test instance 0.0523, class 0.0349
Test instance 0.0523, class 0.0349
2026-06-25 21:04:33,223 - INFO - Best instance 0.0697, class 0.0451 (epoch 27)
Best instance 0.0697, class 0.0451 (epoch 27)
2026-06-25 21:04:33,261 - INFO - Epoch 126/200:
Epoch 126/200:
2026-06-25 21:06:26,585 - INFO - Train loss: 0.0048 (113.3s)
Train loss: 0.0048 (113.3s)
2026-06-25 21:06:54,125 - INFO - Test instance 0.0583, class 0.0384
Test instance 0.0583, class 0.0384
2026-06-25 21:06:54,126 - INFO - Best instance 0.0697, class 0.0451 (epoch 27)
Best instance 0.0697, class 0.0451 (epoch 27)
2026-06-25 21:06:54,148 - INFO - Epoch 127/200:
Epoch 127/200:
2026-06-25 21:08:47,749 - INFO - Train loss: 0.0047 (113.6s)
Train loss: 0.0047 (113.6s)
2026-06-25 21:09:16,354 - INFO - Test instance 0.0511, class 0.0341
Test instance 0.0511, class 0.0341
2026-06-25 21:09:16,354 - INFO - Best instance 0.0697, class 0.0451 (epoch 27)
Best instance 0.0697, class 0.0451 (epoch 27)
2026-06-25 21:09:16,376 - INFO - Epoch 128/200:
Epoch 128/200:
2026-06-25 21:11:10,202 - INFO - Train loss: 0.0046 (113.8s)
Train loss: 0.0046 (113.8s)
2026-06-25 21:11:38,648 - INFO - Test instance 0.0515, class 0.0344
Test instance 0.0515, class 0.0344
2026-06-25 21:11:38,648 - INFO - Best instance 0.0697, class 0.0451 (epoch 27)
Best instance 0.0697, class 0.0451 (epoch 27)
2026-06-25 21:11:38,669 - INFO - Epoch 129/200:
Epoch 129/200:
2026-06-25 21:13:33,042 - INFO - Train loss: 0.0046 (114.4s)
Train loss: 0.0046 (114.4s)
2026-06-25 21:14:01,679 - INFO - Test instance 0.0470, class 0.0315
Test instance 0.0470, class 0.0315
2026-06-25 21:14:01,679 - INFO - Best instance 0.0697, class 0.0451 (epoch 27)
Best instance 0.0697, class 0.0451 (epoch 27)
2026-06-25 21:14:01,700 - INFO - Epoch 130/200:
Epoch 130/200:
2026-06-25 21:15:56,286 - INFO - Train loss: 0.0047 (114.6s)
Train loss: 0.0047 (114.6s)
2026-06-25 21:16:24,188 - INFO - Test instance 0.0498, class 0.0334
Test instance 0.0498, class 0.0334
2026-06-25 21:16:24,188 - INFO - Best instance 0.0697, class 0.0451 (epoch 27)
Best instance 0.0697, class 0.0451 (epoch 27)
2026-06-25 21:16:24,210 - INFO - Epoch 131/200:
Epoch 131/200:
2026-06-25 21:18:19,057 - INFO - Train loss: 0.0045 (114.8s)
Train loss: 0.0045 (114.8s)
2026-06-25 21:18:46,227 - INFO - Test instance 0.0527, class 0.0350
Test instance 0.0527, class 0.0350
2026-06-25 21:18:46,227 - INFO - Best instance 0.0697, class 0.0451 (epoch 27)
Best instance 0.0697, class 0.0451 (epoch 27)
2026-06-25 21:18:46,247 - INFO - Epoch 132/200:
Epoch 132/200:
2026-06-25 21:20:40,527 - INFO - Train loss: 0.0045 (114.3s)
Train loss: 0.0045 (114.3s)
2026-06-25 21:21:07,751 - INFO - Test instance 0.0482, class 0.0323
Test instance 0.0482, class 0.0323
2026-06-25 21:21:07,752 - INFO - Best instance 0.0697, class 0.0451 (epoch 27)
Best instance 0.0697, class 0.0451 (epoch 27)
2026-06-25 21:21:07,772 - INFO - Epoch 133/200:
Epoch 133/200:
2026-06-25 21:23:01,233 - INFO - Train loss: 0.0047 (113.5s)
Train loss: 0.0047 (113.5s)
2026-06-25 21:23:29,204 - INFO - Test instance 0.0523, class 0.0348
Test instance 0.0523, class 0.0348
2026-06-25 21:23:29,204 - INFO - Best instance 0.0697, class 0.0451 (epoch 27)
Best instance 0.0697, class 0.0451 (epoch 27)
2026-06-25 21:23:29,225 - INFO - Epoch 134/200:
Epoch 134/200:
2026-06-25 21:25:23,112 - INFO - Train loss: 0.0046 (113.9s)
Train loss: 0.0046 (113.9s)
2026-06-25 21:25:50,582 - INFO - Test instance 0.0519, class 0.0346
Test instance 0.0519, class 0.0346
2026-06-25 21:25:50,583 - INFO - Best instance 0.0697, class 0.0451 (epoch 27)
Best instance 0.0697, class 0.0451 (epoch 27)
2026-06-25 21:25:50,603 - INFO - Epoch 135/200:
Epoch 135/200:
2026-06-25 21:27:44,902 - INFO - Train loss: 0.0046 (114.3s)
Train loss: 0.0046 (114.3s)
2026-06-25 21:28:12,607 - INFO - Test instance 0.0502, class 0.0337
Test instance 0.0502, class 0.0337
2026-06-25 21:28:12,608 - INFO - Best instance 0.0697, class 0.0451 (epoch 27)
Best instance 0.0697, class 0.0451 (epoch 27)
2026-06-25 21:28:12,627 - INFO - Epoch 136/200:
Epoch 136/200:
2026-06-25 21:30:06,662 - INFO - Train loss: 0.0047 (114.0s)
Train loss: 0.0047 (114.0s)
2026-06-25 21:30:34,477 - INFO - Test instance 0.0592, class 0.0390
Test instance 0.0592, class 0.0390
2026-06-25 21:30:34,478 - INFO - Best instance 0.0697, class 0.0451 (epoch 27)
Best instance 0.0697, class 0.0451 (epoch 27)
2026-06-25 21:30:34,497 - INFO - Epoch 137/200:
Epoch 137/200:
2026-06-25 21:32:28,624 - INFO - Train loss: 0.0047 (114.1s)
Train loss: 0.0047 (114.1s)
2026-06-25 21:32:56,293 - INFO - Test instance 0.0506, class 0.0339
Test instance 0.0506, class 0.0339
2026-06-25 21:32:56,293 - INFO - Best instance 0.0697, class 0.0451 (epoch 27)
Best instance 0.0697, class 0.0451 (epoch 27)
2026-06-25 21:32:56,312 - INFO - Epoch 138/200:
Epoch 138/200:
2026-06-25 21:34:49,202 - INFO - Train loss: 0.0046 (112.9s)
Train loss: 0.0046 (112.9s)
2026-06-25 21:35:16,376 - INFO - Test instance 0.0555, class 0.0369
Test instance 0.0555, class 0.0369
2026-06-25 21:35:16,376 - INFO - Best instance 0.0697, class 0.0451 (epoch 27)
Best instance 0.0697, class 0.0451 (epoch 27)
2026-06-25 21:35:16,395 - INFO - Epoch 139/200:
Epoch 139/200:
2026-06-25 21:37:08,982 - INFO - Train loss: 0.0046 (112.6s)
Train loss: 0.0046 (112.6s)
2026-06-25 21:37:36,340 - INFO - Test instance 0.0486, class 0.0325
Test instance 0.0486, class 0.0325
2026-06-25 21:37:36,340 - INFO - Best instance 0.0697, class 0.0451 (epoch 27)
Best instance 0.0697, class 0.0451 (epoch 27)
2026-06-25 21:37:36,362 - INFO - Epoch 140/200:
Epoch 140/200:
2026-06-25 21:39:28,106 - INFO - Train loss: 0.0045 (111.7s)
Train loss: 0.0045 (111.7s)
2026-06-25 21:39:55,470 - INFO - Test instance 0.0462, class 0.0313
Test instance 0.0462, class 0.0313
2026-06-25 21:39:55,471 - INFO - Best instance 0.0697, class 0.0451 (epoch 27)
Best instance 0.0697, class 0.0451 (epoch 27)
2026-06-25 21:39:55,491 - INFO - Epoch 141/200:
Epoch 141/200:
2026-06-25 21:41:47,932 - INFO - Train loss: 0.0046 (112.4s)
Train loss: 0.0046 (112.4s)
2026-06-25 21:42:15,388 - INFO - Test instance 0.0454, class 0.0305
Test instance 0.0454, class 0.0305
2026-06-25 21:42:15,388 - INFO - Best instance 0.0697, class 0.0451 (epoch 27)
Best instance 0.0697, class 0.0451 (epoch 27)
2026-06-25 21:42:15,408 - INFO - Epoch 142/200:
Epoch 142/200:
2026-06-25 21:44:08,348 - INFO - Train loss: 0.0045 (112.9s)
Train loss: 0.0045 (112.9s)
2026-06-25 21:44:35,572 - INFO - Test instance 0.0555, class 0.0366
Test instance 0.0555, class 0.0366
2026-06-25 21:44:35,572 - INFO - Best instance 0.0697, class 0.0451 (epoch 27)
Best instance 0.0697, class 0.0451 (epoch 27)
2026-06-25 21:44:35,592 - INFO - Epoch 143/200:
Epoch 143/200:
2026-06-25 21:46:28,555 - INFO - Train loss: 0.0046 (113.0s)
Train loss: 0.0046 (113.0s)
2026-06-25 21:46:56,006 - INFO - Test instance 0.0502, class 0.0336
Test instance 0.0502, class 0.0336
2026-06-25 21:46:56,007 - INFO - Best instance 0.0697, class 0.0451 (epoch 27)
Best instance 0.0697, class 0.0451 (epoch 27)
2026-06-25 21:46:56,027 - INFO - Epoch 144/200:
Epoch 144/200:
2026-06-25 21:48:49,547 - INFO - Train loss: 0.0045 (113.5s)
Train loss: 0.0045 (113.5s)
2026-06-25 21:49:16,804 - INFO - Test instance 0.0506, class 0.0337
Test instance 0.0506, class 0.0337
2026-06-25 21:49:16,804 - INFO - Best instance 0.0697, class 0.0451 (epoch 27)
Best instance 0.0697, class 0.0451 (epoch 27)
2026-06-25 21:49:16,824 - INFO - Epoch 145/200:
Epoch 145/200:
2026-06-25 21:51:10,549 - INFO - Train loss: 0.0045 (113.7s)
Train loss: 0.0045 (113.7s)
2026-06-25 21:51:37,828 - INFO - Test instance 0.0531, class 0.0354
Test instance 0.0531, class 0.0354
2026-06-25 21:51:37,828 - INFO - Best instance 0.0697, class 0.0451 (epoch 27)
Best instance 0.0697, class 0.0451 (epoch 27)
2026-06-25 21:51:37,850 - INFO - Epoch 146/200:
Epoch 146/200:
2026-06-25 21:53:31,699 - INFO - Train loss: 0.0045 (113.8s)
Train loss: 0.0045 (113.8s)
2026-06-25 21:53:59,273 - INFO - Test instance 0.0616, class 0.0404
Test instance 0.0616, class 0.0404
2026-06-25 21:53:59,273 - INFO - Best instance 0.0697, class 0.0451 (epoch 27)
Best instance 0.0697, class 0.0451 (epoch 27)
2026-06-25 21:53:59,295 - INFO - Epoch 147/200:
Epoch 147/200:
2026-06-25 21:55:52,856 - INFO - Train loss: 0.0046 (113.6s)
Train loss: 0.0046 (113.6s)
2026-06-25 21:56:20,379 - INFO - Test instance 0.0458, class 0.0310
Test instance 0.0458, class 0.0310
2026-06-25 21:56:20,380 - INFO - Best instance 0.0697, class 0.0451 (epoch 27)
Best instance 0.0697, class 0.0451 (epoch 27)
2026-06-25 21:56:20,399 - INFO - Epoch 148/200:
Epoch 148/200:
2026-06-25 21:58:14,434 - INFO - Train loss: 0.0046 (114.0s)
Train loss: 0.0046 (114.0s)
2026-06-25 21:58:41,992 - INFO - Test instance 0.0506, class 0.0340
Test instance 0.0506, class 0.0340
2026-06-25 21:58:41,993 - INFO - Best instance 0.0697, class 0.0451 (epoch 27)
Best instance 0.0697, class 0.0451 (epoch 27)
2026-06-25 21:58:42,013 - INFO - Epoch 149/200:
Epoch 149/200:
2026-06-25 22:00:35,024 - INFO - Train loss: 0.0046 (113.0s)
Train loss: 0.0046 (113.0s)
2026-06-25 22:01:02,322 - INFO - Test instance 0.0511, class 0.0342
Test instance 0.0511, class 0.0342
2026-06-25 22:01:02,324 - INFO - Best instance 0.0697, class 0.0451 (epoch 27)
Best instance 0.0697, class 0.0451 (epoch 27)
2026-06-25 22:01:02,344 - INFO - Epoch 150/200:
Epoch 150/200:
2026-06-25 22:02:54,938 - INFO - Train loss: 0.0045 (112.6s)
Train loss: 0.0045 (112.6s)
2026-06-25 22:03:22,190 - INFO - Test instance 0.0515, class 0.0345
Test instance 0.0515, class 0.0345
2026-06-25 22:03:22,190 - INFO - Best instance 0.0697, class 0.0451 (epoch 27)
Best instance 0.0697, class 0.0451 (epoch 27)
2026-06-25 22:03:22,210 - INFO - Epoch 151/200:
Epoch 151/200:
2026-06-25 22:05:14,933 - INFO - Train loss: 0.0044 (112.7s)
Train loss: 0.0044 (112.7s)
2026-06-25 22:05:42,070 - INFO - Test instance 0.0539, class 0.0359
Test instance 0.0539, class 0.0359
2026-06-25 22:05:42,071 - INFO - Best instance 0.0697, class 0.0451 (epoch 27)
Best instance 0.0697, class 0.0451 (epoch 27)
2026-06-25 22:05:42,094 - INFO - Epoch 152/200:
Epoch 152/200:
2026-06-25 22:07:35,644 - INFO - Train loss: 0.0044 (113.5s)
Train loss: 0.0044 (113.5s)
2026-06-25 22:08:02,865 - INFO - Test instance 0.0519, class 0.0346
Test instance 0.0519, class 0.0346
2026-06-25 22:08:02,865 - INFO - Best instance 0.0697, class 0.0451 (epoch 27)
Best instance 0.0697, class 0.0451 (epoch 27)
2026-06-25 22:08:02,886 - INFO - Epoch 153/200:
Epoch 153/200:
2026-06-25 22:09:55,649 - INFO - Train loss: 0.0045 (112.8s)
Train loss: 0.0045 (112.8s)
2026-06-25 22:10:23,017 - INFO - Test instance 0.0551, class 0.0366
Test instance 0.0551, class 0.0366
2026-06-25 22:10:23,017 - INFO - Best instance 0.0697, class 0.0451 (epoch 27)
Best instance 0.0697, class 0.0451 (epoch 27)
2026-06-25 22:10:23,037 - INFO - Epoch 154/200:
Epoch 154/200:
2026-06-25 22:12:16,031 - INFO - Train loss: 0.0045 (113.0s)
Train loss: 0.0045 (113.0s)
2026-06-25 22:12:43,218 - INFO - Test instance 0.0531, class 0.0354
Test instance 0.0531, class 0.0354
2026-06-25 22:12:43,218 - INFO - Best instance 0.0697, class 0.0451 (epoch 27)
Best instance 0.0697, class 0.0451 (epoch 27)
2026-06-25 22:12:43,239 - INFO - Epoch 155/200:
Epoch 155/200:
2026-06-25 22:14:35,933 - INFO - Train loss: 0.0046 (112.7s)
Train loss: 0.0046 (112.7s)
2026-06-25 22:15:03,002 - INFO - Test instance 0.0523, class 0.0347
Test instance 0.0523, class 0.0347
2026-06-25 22:15:03,003 - INFO - Best instance 0.0697, class 0.0451 (epoch 27)
Best instance 0.0697, class 0.0451 (epoch 27)
2026-06-25 22:15:03,023 - INFO - Epoch 156/200:
Epoch 156/200:
2026-06-25 22:16:55,506 - INFO - Train loss: 0.0045 (112.5s)
Train loss: 0.0045 (112.5s)
2026-06-25 22:17:22,839 - INFO - Test instance 0.0478, class 0.0321
Test instance 0.0478, class 0.0321
2026-06-25 22:17:22,840 - INFO - Best instance 0.0697, class 0.0451 (epoch 27)
Best instance 0.0697, class 0.0451 (epoch 27)
2026-06-25 22:17:22,861 - INFO - Epoch 157/200:
Epoch 157/200:
2026-06-25 22:19:15,932 - INFO - Train loss: 0.0044 (113.1s)
Train loss: 0.0044 (113.1s)
2026-06-25 22:19:42,760 - INFO - Test instance 0.0519, class 0.0346
Test instance 0.0519, class 0.0346
2026-06-25 22:19:42,761 - INFO - Best instance 0.0697, class 0.0451 (epoch 27)
Best instance 0.0697, class 0.0451 (epoch 27)
2026-06-25 22:19:42,783 - INFO - Epoch 158/200:
Epoch 158/200:
2026-06-25 22:21:36,064 - INFO - Train loss: 0.0046 (113.3s)
Train loss: 0.0046 (113.3s)
2026-06-25 22:22:02,986 - INFO - Test instance 0.0519, class 0.0346
Test instance 0.0519, class 0.0346
2026-06-25 22:22:02,986 - INFO - Best instance 0.0697, class 0.0451 (epoch 27)
Best instance 0.0697, class 0.0451 (epoch 27)
2026-06-25 22:22:03,006 - INFO - Epoch 159/200:
Epoch 159/200:
2026-06-25 22:23:53,455 - INFO - Train loss: 0.0045 (110.4s)
Train loss: 0.0045 (110.4s)
2026-06-25 22:24:20,830 - INFO - Test instance 0.0531, class 0.0353
Test instance 0.0531, class 0.0353
2026-06-25 22:24:20,830 - INFO - Best instance 0.0697, class 0.0451 (epoch 27)
Best instance 0.0697, class 0.0451 (epoch 27)
2026-06-25 22:24:20,852 - INFO - Epoch 160/200:
Epoch 160/200:
2026-06-25 22:26:13,795 - INFO - Train loss: 0.0045 (112.9s)
Train loss: 0.0045 (112.9s)
2026-06-25 22:26:40,862 - INFO - Test instance 0.0515, class 0.0343
Test instance 0.0515, class 0.0343
2026-06-25 22:26:40,863 - INFO - Best instance 0.0697, class 0.0451 (epoch 27)
Best instance 0.0697, class 0.0451 (epoch 27)
2026-06-25 22:26:40,883 - INFO - Epoch 161/200:
Epoch 161/200:
2026-06-25 22:28:33,491 - INFO - Train loss: 0.0044 (112.6s)
Train loss: 0.0044 (112.6s)
2026-06-25 22:29:00,887 - INFO - Test instance 0.0555, class 0.0369
Test instance 0.0555, class 0.0369
2026-06-25 22:29:00,887 - INFO - Best instance 0.0697, class 0.0451 (epoch 27)
Best instance 0.0697, class 0.0451 (epoch 27)
2026-06-25 22:29:00,909 - INFO - Epoch 162/200:
Epoch 162/200:
2026-06-25 22:30:54,247 - INFO - Train loss: 0.0045 (113.3s)
Train loss: 0.0045 (113.3s)
2026-06-25 22:31:21,637 - INFO - Test instance 0.0506, class 0.0340
Test instance 0.0506, class 0.0340
2026-06-25 22:31:21,638 - INFO - Best instance 0.0697, class 0.0451 (epoch 27)
Best instance 0.0697, class 0.0451 (epoch 27)
2026-06-25 22:31:21,659 - INFO - Epoch 163/200:
Epoch 163/200:
2026-06-25 22:33:14,507 - INFO - Train loss: 0.0044 (112.8s)
Train loss: 0.0044 (112.8s)
2026-06-25 22:33:41,713 - INFO - Test instance 0.0515, class 0.0345
Test instance 0.0515, class 0.0345
2026-06-25 22:33:41,714 - INFO - Best instance 0.0697, class 0.0451 (epoch 27)
Best instance 0.0697, class 0.0451 (epoch 27)
2026-06-25 22:33:41,734 - INFO - Epoch 164/200:
Epoch 164/200:
2026-06-25 22:35:34,389 - INFO - Train loss: 0.0044 (112.7s)
Train loss: 0.0044 (112.7s)
2026-06-25 22:36:01,746 - INFO - Test instance 0.0515, class 0.0344
Test instance 0.0515, class 0.0344
2026-06-25 22:36:01,746 - INFO - Best instance 0.0697, class 0.0451 (epoch 27)
Best instance 0.0697, class 0.0451 (epoch 27)
2026-06-25 22:36:01,769 - INFO - Epoch 165/200:
Epoch 165/200:
2026-06-25 22:37:54,035 - INFO - Train loss: 0.0045 (112.3s)
Train loss: 0.0045 (112.3s)
2026-06-25 22:38:21,352 - INFO - Test instance 0.0535, class 0.0356
Test instance 0.0535, class 0.0356
2026-06-25 22:38:21,352 - INFO - Best instance 0.0697, class 0.0451 (epoch 27)
Best instance 0.0697, class 0.0451 (epoch 27)
2026-06-25 22:38:21,372 - INFO - Epoch 166/200:
Epoch 166/200:
2026-06-25 22:40:14,235 - INFO - Train loss: 0.0044 (112.9s)
Train loss: 0.0044 (112.9s)
2026-06-25 22:40:41,425 - INFO - Test instance 0.0547, class 0.0364
Test instance 0.0547, class 0.0364
2026-06-25 22:40:41,425 - INFO - Best instance 0.0697, class 0.0451 (epoch 27)
Best instance 0.0697, class 0.0451 (epoch 27)
2026-06-25 22:40:41,446 - INFO - Epoch 167/200:
Epoch 167/200:
2026-06-25 22:42:34,615 - INFO - Train loss: 0.0044 (113.2s)
Train loss: 0.0044 (113.2s)
2026-06-25 22:43:01,880 - INFO - Test instance 0.0563, class 0.0374
Test instance 0.0563, class 0.0374
2026-06-25 22:43:01,881 - INFO - Best instance 0.0697, class 0.0451 (epoch 27)
Best instance 0.0697, class 0.0451 (epoch 27)
2026-06-25 22:43:01,902 - INFO - Epoch 168/200:
Epoch 168/200:
2026-06-25 22:44:55,093 - INFO - Train loss: 0.0045 (113.2s)
Train loss: 0.0045 (113.2s)
2026-06-25 22:45:22,471 - INFO - Test instance 0.0506, class 0.0337
Test instance 0.0506, class 0.0337
2026-06-25 22:45:22,472 - INFO - Best instance 0.0697, class 0.0451 (epoch 27)
Best instance 0.0697, class 0.0451 (epoch 27)
2026-06-25 22:45:22,493 - INFO - Epoch 169/200:
Epoch 169/200:
2026-06-25 22:47:16,730 - INFO - Train loss: 0.0044 (114.2s)
Train loss: 0.0044 (114.2s)
2026-06-25 22:47:43,886 - INFO - Test instance 0.0531, class 0.0354
Test instance 0.0531, class 0.0354
2026-06-25 22:47:43,886 - INFO - Best instance 0.0697, class 0.0451 (epoch 27)
Best instance 0.0697, class 0.0451 (epoch 27)
2026-06-25 22:47:43,906 - INFO - Epoch 170/200:
Epoch 170/200:
2026-06-25 22:49:37,883 - INFO - Train loss: 0.0044 (114.0s)
Train loss: 0.0044 (114.0s)
2026-06-25 22:50:05,157 - INFO - Test instance 0.0515, class 0.0344
Test instance 0.0515, class 0.0344
2026-06-25 22:50:05,158 - INFO - Best instance 0.0697, class 0.0451 (epoch 27)
Best instance 0.0697, class 0.0451 (epoch 27)
2026-06-25 22:50:05,180 - INFO - Epoch 171/200:
Epoch 171/200:
2026-06-25 22:51:59,217 - INFO - Train loss: 0.0044 (114.0s)
Train loss: 0.0044 (114.0s)
2026-06-25 22:52:27,886 - INFO - Test instance 0.0539, class 0.0359
Test instance 0.0539, class 0.0359
2026-06-25 22:52:27,887 - INFO - Best instance 0.0697, class 0.0451 (epoch 27)
Best instance 0.0697, class 0.0451 (epoch 27)
2026-06-25 22:52:27,910 - INFO - Epoch 172/200:
Epoch 172/200:
2026-06-25 22:54:21,998 - INFO - Train loss: 0.0044 (114.1s)
Train loss: 0.0044 (114.1s)
2026-06-25 22:54:49,543 - INFO - Test instance 0.0547, class 0.0364
Test instance 0.0547, class 0.0364
2026-06-25 22:54:49,543 - INFO - Best instance 0.0697, class 0.0451 (epoch 27)
Best instance 0.0697, class 0.0451 (epoch 27)
2026-06-25 22:54:49,564 - INFO - Epoch 173/200:
Epoch 173/200:
2026-06-25 22:56:43,732 - INFO - Train loss: 0.0043 (114.2s)
Train loss: 0.0043 (114.2s)
2026-06-25 22:57:10,922 - INFO - Test instance 0.0539, class 0.0360
Test instance 0.0539, class 0.0360
2026-06-25 22:57:10,924 - INFO - Best instance 0.0697, class 0.0451 (epoch 27)
Best instance 0.0697, class 0.0451 (epoch 27)
2026-06-25 22:57:10,942 - INFO - Epoch 174/200:
Epoch 174/200:
2026-06-25 22:59:05,294 - INFO - Train loss: 0.0044 (114.4s)
Train loss: 0.0044 (114.4s)
2026-06-25 22:59:32,767 - INFO - Test instance 0.0539, class 0.0359
Test instance 0.0539, class 0.0359
2026-06-25 22:59:32,768 - INFO - Best instance 0.0697, class 0.0451 (epoch 27)
Best instance 0.0697, class 0.0451 (epoch 27)
2026-06-25 22:59:32,789 - INFO - Epoch 175/200:
Epoch 175/200:
2026-06-25 23:01:26,700 - INFO - Train loss: 0.0043 (113.9s)
Train loss: 0.0043 (113.9s)
2026-06-25 23:01:54,233 - INFO - Test instance 0.0478, class 0.0322
Test instance 0.0478, class 0.0322
2026-06-25 23:01:54,234 - INFO - Best instance 0.0697, class 0.0451 (epoch 27)
Best instance 0.0697, class 0.0451 (epoch 27)
2026-06-25 23:01:54,255 - INFO - Epoch 176/200:
Epoch 176/200:
2026-06-25 23:03:47,944 - INFO - Train loss: 0.0044 (113.7s)
Train loss: 0.0044 (113.7s)
2026-06-25 23:04:15,584 - INFO - Test instance 0.0531, class 0.0354
Test instance 0.0531, class 0.0354
2026-06-25 23:04:15,584 - INFO - Best instance 0.0697, class 0.0451 (epoch 27)
Best instance 0.0697, class 0.0451 (epoch 27)
2026-06-25 23:04:15,607 - INFO - Epoch 177/200:
Epoch 177/200:
2026-06-25 23:06:09,272 - INFO - Train loss: 0.0045 (113.7s)
Train loss: 0.0045 (113.7s)
2026-06-25 23:06:37,122 - INFO - Test instance 0.0535, class 0.0358
Test instance 0.0535, class 0.0358
2026-06-25 23:06:37,123 - INFO - Best instance 0.0697, class 0.0451 (epoch 27)
Best instance 0.0697, class 0.0451 (epoch 27)
2026-06-25 23:06:37,144 - INFO - Epoch 178/200:
Epoch 178/200:
2026-06-25 23:08:31,953 - INFO - Train loss: 0.0044 (114.8s)
Train loss: 0.0044 (114.8s)
2026-06-25 23:08:59,670 - INFO - Test instance 0.0470, class 0.0313
Test instance 0.0470, class 0.0313
2026-06-25 23:08:59,670 - INFO - Best instance 0.0697, class 0.0451 (epoch 27)
Best instance 0.0697, class 0.0451 (epoch 27)
2026-06-25 23:08:59,692 - INFO - Epoch 179/200:
Epoch 179/200:
2026-06-25 23:10:54,601 - INFO - Train loss: 0.0044 (114.9s)
Train loss: 0.0044 (114.9s)
2026-06-25 23:11:22,287 - INFO - Test instance 0.0490, class 0.0329
Test instance 0.0490, class 0.0329
2026-06-25 23:11:22,288 - INFO - Best instance 0.0697, class 0.0451 (epoch 27)
Best instance 0.0697, class 0.0451 (epoch 27)
2026-06-25 23:11:22,309 - INFO - Epoch 180/200:
Epoch 180/200:
2026-06-25 23:13:16,817 - INFO - Train loss: 0.0044 (114.5s)
Train loss: 0.0044 (114.5s)
2026-06-25 23:13:44,594 - INFO - Test instance 0.0531, class 0.0354
Test instance 0.0531, class 0.0354
2026-06-25 23:13:44,595 - INFO - Best instance 0.0697, class 0.0451 (epoch 27)
Best instance 0.0697, class 0.0451 (epoch 27)
2026-06-25 23:13:44,615 - INFO - Epoch 181/200:
Epoch 181/200:
2026-06-25 23:15:38,685 - INFO - Train loss: 0.0043 (114.1s)
Train loss: 0.0043 (114.1s)
2026-06-25 23:16:06,207 - INFO - Test instance 0.0519, class 0.0347
Test instance 0.0519, class 0.0347
2026-06-25 23:16:06,208 - INFO - Best instance 0.0697, class 0.0451 (epoch 27)
Best instance 0.0697, class 0.0451 (epoch 27)
2026-06-25 23:16:06,228 - INFO - Epoch 182/200:
Epoch 182/200:
2026-06-25 23:18:00,952 - INFO - Train loss: 0.0044 (114.7s)
Train loss: 0.0044 (114.7s)
2026-06-25 23:18:28,358 - INFO - Test instance 0.0523, class 0.0351
Test instance 0.0523, class 0.0351
2026-06-25 23:18:28,359 - INFO - Best instance 0.0697, class 0.0451 (epoch 27)
Best instance 0.0697, class 0.0451 (epoch 27)
2026-06-25 23:18:28,379 - INFO - Epoch 183/200:
Epoch 183/200:
2026-06-25 23:20:22,728 - INFO - Train loss: 0.0045 (114.3s)
Train loss: 0.0045 (114.3s)
2026-06-25 23:20:50,040 - INFO - Test instance 0.0527, class 0.0351
Test instance 0.0527, class 0.0351
2026-06-25 23:20:50,040 - INFO - Best instance 0.0697, class 0.0451 (epoch 27)
Best instance 0.0697, class 0.0451 (epoch 27)
2026-06-25 23:20:50,061 - INFO - Epoch 184/200:
Epoch 184/200:
2026-06-25 23:22:45,257 - INFO - Train loss: 0.0043 (115.2s)
Train loss: 0.0043 (115.2s)
2026-06-25 23:23:12,926 - INFO - Test instance 0.0523, class 0.0349
Test instance 0.0523, class 0.0349
2026-06-25 23:23:12,926 - INFO - Best instance 0.0697, class 0.0451 (epoch 27)
Best instance 0.0697, class 0.0451 (epoch 27)
2026-06-25 23:23:12,948 - INFO - Epoch 185/200:
Epoch 185/200:
2026-06-25 23:25:07,732 - INFO - Train loss: 0.0044 (114.8s)
Train loss: 0.0044 (114.8s)
2026-06-25 23:25:34,890 - INFO - Test instance 0.0519, class 0.0344
Test instance 0.0519, class 0.0344
2026-06-25 23:25:34,890 - INFO - Best instance 0.0697, class 0.0451 (epoch 27)
Best instance 0.0697, class 0.0451 (epoch 27)
2026-06-25 23:25:34,911 - INFO - Epoch 186/200:
Epoch 186/200:
2026-06-25 23:27:29,800 - INFO - Train loss: 0.0042 (114.9s)
Train loss: 0.0042 (114.9s)
2026-06-25 23:27:57,386 - INFO - Test instance 0.0523, class 0.0349
Test instance 0.0523, class 0.0349
2026-06-25 23:27:57,386 - INFO - Best instance 0.0697, class 0.0451 (epoch 27)
Best instance 0.0697, class 0.0451 (epoch 27)
2026-06-25 23:27:57,408 - INFO - Epoch 187/200:
Epoch 187/200:
2026-06-25 23:29:52,373 - INFO - Train loss: 0.0043 (115.0s)
Train loss: 0.0043 (115.0s)
2026-06-25 23:30:19,821 - INFO - Test instance 0.0535, class 0.0356
Test instance 0.0535, class 0.0356
2026-06-25 23:30:19,821 - INFO - Best instance 0.0697, class 0.0451 (epoch 27)
Best instance 0.0697, class 0.0451 (epoch 27)
2026-06-25 23:30:19,840 - INFO - Epoch 188/200:
Epoch 188/200:
2026-06-25 23:32:14,670 - INFO - Train loss: 0.0044 (114.8s)
Train loss: 0.0044 (114.8s)
2026-06-25 23:32:42,300 - INFO - Test instance 0.0559, class 0.0373
Test instance 0.0559, class 0.0373
2026-06-25 23:32:42,300 - INFO - Best instance 0.0697, class 0.0451 (epoch 27)
Best instance 0.0697, class 0.0451 (epoch 27)
2026-06-25 23:32:42,321 - INFO - Epoch 189/200:
Epoch 189/200:
2026-06-25 23:34:36,601 - INFO - Train loss: 0.0043 (114.3s)
Train loss: 0.0043 (114.3s)
2026-06-25 23:35:04,171 - INFO - Test instance 0.0527, class 0.0353
Test instance 0.0527, class 0.0353
2026-06-25 23:35:04,172 - INFO - Best instance 0.0697, class 0.0451 (epoch 27)
Best instance 0.0697, class 0.0451 (epoch 27)
2026-06-25 23:35:04,193 - INFO - Epoch 190/200:
Epoch 190/200:
2026-06-25 23:36:58,098 - INFO - Train loss: 0.0044 (113.9s)
Train loss: 0.0044 (113.9s)
2026-06-25 23:37:25,636 - INFO - Test instance 0.0547, class 0.0365
Test instance 0.0547, class 0.0365
2026-06-25 23:37:25,637 - INFO - Best instance 0.0697, class 0.0451 (epoch 27)
Best instance 0.0697, class 0.0451 (epoch 27)
2026-06-25 23:37:25,659 - INFO - Epoch 191/200:
Epoch 191/200:
2026-06-25 23:39:20,147 - INFO - Train loss: 0.0043 (114.5s)
Train loss: 0.0043 (114.5s)
2026-06-25 23:39:47,880 - INFO - Test instance 0.0531, class 0.0354
Test instance 0.0531, class 0.0354
2026-06-25 23:39:47,881 - INFO - Best instance 0.0697, class 0.0451 (epoch 27)
Best instance 0.0697, class 0.0451 (epoch 27)
2026-06-25 23:39:47,927 - INFO - Epoch 192/200:
Epoch 192/200:
2026-06-25 23:41:42,474 - INFO - Train loss: 0.0044 (114.5s)
Train loss: 0.0044 (114.5s)
2026-06-25 23:42:10,116 - INFO - Test instance 0.0567, class 0.0377
Test instance 0.0567, class 0.0377
2026-06-25 23:42:10,116 - INFO - Best instance 0.0697, class 0.0451 (epoch 27)
Best instance 0.0697, class 0.0451 (epoch 27)
2026-06-25 23:42:10,136 - INFO - Epoch 193/200:
Epoch 193/200:
2026-06-25 23:44:04,212 - INFO - Train loss: 0.0044 (114.1s)
Train loss: 0.0044 (114.1s)
2026-06-25 23:44:31,625 - INFO - Test instance 0.0498, class 0.0333
Test instance 0.0498, class 0.0333
2026-06-25 23:44:31,625 - INFO - Best instance 0.0697, class 0.0451 (epoch 27)
Best instance 0.0697, class 0.0451 (epoch 27)
2026-06-25 23:44:31,646 - INFO - Epoch 194/200:
Epoch 194/200:
2026-06-25 23:46:24,937 - INFO - Train loss: 0.0044 (113.3s)
Train loss: 0.0044 (113.3s)
2026-06-25 23:46:52,431 - INFO - Test instance 0.0494, class 0.0332
Test instance 0.0494, class 0.0332
2026-06-25 23:46:52,431 - INFO - Best instance 0.0697, class 0.0451 (epoch 27)
Best instance 0.0697, class 0.0451 (epoch 27)
2026-06-25 23:46:52,451 - INFO - Epoch 195/200:
Epoch 195/200:
2026-06-25 23:48:45,664 - INFO - Train loss: 0.0044 (113.2s)
Train loss: 0.0044 (113.2s)
2026-06-25 23:49:12,800 - INFO - Test instance 0.0519, class 0.0348
Test instance 0.0519, class 0.0348
2026-06-25 23:49:12,800 - INFO - Best instance 0.0697, class 0.0451 (epoch 27)
Best instance 0.0697, class 0.0451 (epoch 27)
2026-06-25 23:49:12,821 - INFO - Epoch 196/200:
Epoch 196/200:
2026-06-25 23:51:06,688 - INFO - Train loss: 0.0043 (113.9s)
Train loss: 0.0043 (113.9s)
2026-06-25 23:51:34,090 - INFO - Test instance 0.0531, class 0.0353
Test instance 0.0531, class 0.0353
2026-06-25 23:51:34,091 - INFO - Best instance 0.0697, class 0.0451 (epoch 27)
Best instance 0.0697, class 0.0451 (epoch 27)
2026-06-25 23:51:34,111 - INFO - Epoch 197/200:
Epoch 197/200:
2026-06-25 23:53:27,591 - INFO - Train loss: 0.0044 (113.5s)
Train loss: 0.0044 (113.5s)
2026-06-25 23:53:54,900 - INFO - Test instance 0.0535, class 0.0355
Test instance 0.0535, class 0.0355
2026-06-25 23:53:54,901 - INFO - Best instance 0.0697, class 0.0451 (epoch 27)
Best instance 0.0697, class 0.0451 (epoch 27)
2026-06-25 23:53:54,920 - INFO - Epoch 198/200:
Epoch 198/200:
2026-06-25 23:55:48,371 - INFO - Train loss: 0.0043 (113.4s)
Train loss: 0.0043 (113.4s)
2026-06-25 23:56:15,773 - INFO - Test instance 0.0555, class 0.0369
Test instance 0.0555, class 0.0369
2026-06-25 23:56:15,773 - INFO - Best instance 0.0697, class 0.0451 (epoch 27)
Best instance 0.0697, class 0.0451 (epoch 27)
2026-06-25 23:56:15,800 - INFO - Epoch 199/200:
Epoch 199/200:
2026-06-25 23:58:02,634 - INFO - Train loss: 0.0043 (106.8s)
Train loss: 0.0043 (106.8s)
2026-06-25 23:58:30,126 - INFO - Test instance 0.0535, class 0.0358
Test instance 0.0535, class 0.0358
2026-06-25 23:58:30,127 - INFO - Best instance 0.0697, class 0.0451 (epoch 27)
Best instance 0.0697, class 0.0451 (epoch 27)
2026-06-25 23:58:30,147 - INFO - Epoch 200/200:
Epoch 200/200:
2026-06-26 00:00:24,025 - INFO - Train loss: 0.0043 (113.9s)
Train loss: 0.0043 (113.9s)
2026-06-26 00:00:51,194 - INFO - Test instance 0.0527, class 0.0351
Test instance 0.0527, class 0.0351
2026-06-26 00:00:51,194 - INFO - Best instance 0.0697, class 0.0451 (epoch 27)
Best instance 0.0697, class 0.0451 (epoch 27)
2026-06-26 00:01:38,921 - INFO - Student 1.44 MB, 137.97 ms
Student 1.44 MB, 137.97 ms
