[Wed Jun 24 16:51:09 EDT 2026] task 10 on GPU 0: python flkd/advanced_kd_train_classification.py --teacher_model pointnet2_cls_ssg --student_model small_pointnet2 --kd_strategy self --dataset craniosynostosis --seed 42 --batch_size 24 --epoch 200 --num_point 1024 --teacher_path "outputs/craniosynostosis/flkd/federated/classification/fl_pointnet2_cls_ssg_fedavg_s42/checkpoints/best_model.pth" --log_dir kd_pointnet2_cls_ssg_fedavg+self_small_pointnet2_s42  --data_root data --output_root outputs --num_workers -1 --max_runtime_hours 166.0
Loaded teacher from outputs/craniosynostosis/flkd/federated/classification/fl_pointnet2_cls_ssg_fedavg_s42/checkpoints/best_model.pth
2026-06-24 16:55:04,424 - INFO - PARAMETER ...
2026-06-24 16:55:04,424 - INFO - {'use_cpu': False, 'no_amp': False, 'gpu': '0', 'num_workers': -1, 'batch_size': 24, 'teacher_model': 'pointnet2_cls_ssg', 'student_model': 'small_pointnet2', 'num_category': 4, 'dataset': 'craniosynostosis', 'data_root': 'data', 'output_root': 'outputs', 'train_split': 0.8, 'dataset_seed': 0, 'cache_dataset': True, 'min_class_samples': 1, 'epoch': 200, 'learning_rate': 0.001, 'num_point': 1024, 'optimizer': 'Adam', 'log_dir': 'kd_pointnet2_cls_ssg_fedavg+self_small_pointnet2_s42', 'decay_rate': 0.0001, 'use_normals': False, 'process_data': False, 'use_uniform_sample': False, 'resume': True, 'kd_strategy': 'self', 'alpha': 0.5, 'temperature': 2.0, 'beta': 0.5, 'dkd_alpha': 1.0, 'dkd_beta': 8.0, 'crd_temperature': 0.07, 'teacher_path': 'outputs/craniosynostosis/flkd/federated/classification/fl_pointnet2_cls_ssg_fedavg_s42/checkpoints/best_model.pth', 'teacher_paths': None, 'teacher_weights': None, 'use_hard_labels': 'on', 'unlabeled': False, 'temperature_sweep': None, 'seed': 42, 'max_runtime_hours': 166.0}
2026-06-24 16:55:04,425 - INFO - KD=self student=small_pointnet2 AMP=False use_hard=True unlabeled=False T=2.0
KD=self student=small_pointnet2 AMP=False use_hard=True unlabeled=False T=2.0
2026-06-24 16:55:04,432 - INFO - Epoch 1/200:
Epoch 1/200:
2026-06-24 16:55:09,607 - INFO - Train loss: 0.8487 (5.2s)
Train loss: 0.8487 (5.2s)
2026-06-24 16:55:10,243 - INFO - Test instance 0.2500, class 0.2500
Test instance 0.2500, class 0.2500
2026-06-24 16:55:10,263 - INFO - Best instance 0.2500, class 0.2500 (epoch 1)
Best instance 0.2500, class 0.2500 (epoch 1)
2026-06-24 16:55:10,279 - INFO - Epoch 2/200:
Epoch 2/200:
2026-06-24 16:55:12,908 - INFO - Train loss: 0.8007 (2.6s)
Train loss: 0.8007 (2.6s)
2026-06-24 16:55:13,167 - INFO - Test instance 0.2500, class 0.2500
Test instance 0.2500, class 0.2500
2026-06-24 16:55:13,167 - INFO - Best instance 0.2500, class 0.2500 (epoch 1)
Best instance 0.2500, class 0.2500 (epoch 1)
2026-06-24 16:55:13,186 - INFO - Epoch 3/200:
Epoch 3/200:
2026-06-24 16:55:15,828 - INFO - Train loss: 0.7878 (2.6s)
Train loss: 0.7878 (2.6s)
2026-06-24 16:55:16,084 - INFO - Test instance 0.2500, class 0.2500
Test instance 0.2500, class 0.2500
2026-06-24 16:55:16,085 - INFO - Best instance 0.2500, class 0.2500 (epoch 1)
Best instance 0.2500, class 0.2500 (epoch 1)
2026-06-24 16:55:16,102 - INFO - Epoch 4/200:
Epoch 4/200:
2026-06-24 16:55:18,741 - INFO - Train loss: 0.7464 (2.6s)
Train loss: 0.7464 (2.6s)
2026-06-24 16:55:19,006 - INFO - Test instance 0.2500, class 0.2500
Test instance 0.2500, class 0.2500
2026-06-24 16:55:19,006 - INFO - Best instance 0.2500, class 0.2500 (epoch 1)
Best instance 0.2500, class 0.2500 (epoch 1)
2026-06-24 16:55:19,024 - INFO - Epoch 5/200:
Epoch 5/200:
2026-06-24 16:55:21,693 - INFO - Train loss: 0.7416 (2.7s)
Train loss: 0.7416 (2.7s)
2026-06-24 16:55:21,954 - INFO - Test instance 0.3250, class 0.3250
Test instance 0.3250, class 0.3250
2026-06-24 16:55:21,972 - INFO - Best instance 0.3250, class 0.3250 (epoch 5)
Best instance 0.3250, class 0.3250 (epoch 5)
2026-06-24 16:55:21,989 - INFO - Epoch 6/200:
Epoch 6/200:
2026-06-24 16:55:24,621 - INFO - Train loss: 0.7276 (2.6s)
Train loss: 0.7276 (2.6s)
2026-06-24 16:55:24,875 - INFO - Test instance 0.4375, class 0.4375
Test instance 0.4375, class 0.4375
2026-06-24 16:55:24,893 - INFO - Best instance 0.4375, class 0.4375 (epoch 6)
Best instance 0.4375, class 0.4375 (epoch 6)
2026-06-24 16:55:24,908 - INFO - Epoch 7/200:
Epoch 7/200:
2026-06-24 16:55:27,556 - INFO - Train loss: 0.6746 (2.6s)
Train loss: 0.6746 (2.6s)
2026-06-24 16:55:27,816 - INFO - Test instance 0.4125, class 0.4125
Test instance 0.4125, class 0.4125
2026-06-24 16:55:27,817 - INFO - Best instance 0.4375, class 0.4375 (epoch 6)
Best instance 0.4375, class 0.4375 (epoch 6)
2026-06-24 16:55:27,834 - INFO - Epoch 8/200:
Epoch 8/200:
2026-06-24 16:55:30,463 - INFO - Train loss: 0.6814 (2.6s)
Train loss: 0.6814 (2.6s)
2026-06-24 16:55:30,716 - INFO - Test instance 0.2625, class 0.2625
Test instance 0.2625, class 0.2625
2026-06-24 16:55:30,717 - INFO - Best instance 0.4375, class 0.4375 (epoch 6)
Best instance 0.4375, class 0.4375 (epoch 6)
2026-06-24 16:55:30,736 - INFO - Epoch 9/200:
Epoch 9/200:
2026-06-24 16:55:33,378 - INFO - Train loss: 0.6450 (2.6s)
Train loss: 0.6450 (2.6s)
2026-06-24 16:55:33,640 - INFO - Test instance 0.2875, class 0.2875
Test instance 0.2875, class 0.2875
2026-06-24 16:55:33,640 - INFO - Best instance 0.4375, class 0.4375 (epoch 6)
Best instance 0.4375, class 0.4375 (epoch 6)
2026-06-24 16:55:33,658 - INFO - Epoch 10/200:
Epoch 10/200:
2026-06-24 16:55:36,313 - INFO - Train loss: 0.6493 (2.7s)
Train loss: 0.6493 (2.7s)
2026-06-24 16:55:36,583 - INFO - Test instance 0.2625, class 0.2625
Test instance 0.2625, class 0.2625
2026-06-24 16:55:36,584 - INFO - Best instance 0.4375, class 0.4375 (epoch 6)
Best instance 0.4375, class 0.4375 (epoch 6)
2026-06-24 16:55:36,601 - INFO - Epoch 11/200:
Epoch 11/200:
2026-06-24 16:55:39,249 - INFO - Train loss: 0.6548 (2.6s)
Train loss: 0.6548 (2.6s)
2026-06-24 16:55:39,506 - INFO - Test instance 0.4250, class 0.4250
Test instance 0.4250, class 0.4250
2026-06-24 16:55:39,506 - INFO - Best instance 0.4375, class 0.4375 (epoch 6)
Best instance 0.4375, class 0.4375 (epoch 6)
2026-06-24 16:55:39,525 - INFO - Epoch 12/200:
Epoch 12/200:
2026-06-24 16:55:42,181 - INFO - Train loss: 0.6134 (2.7s)
Train loss: 0.6134 (2.7s)
2026-06-24 16:55:42,437 - INFO - Test instance 0.4250, class 0.4250
Test instance 0.4250, class 0.4250
2026-06-24 16:55:42,437 - INFO - Best instance 0.4375, class 0.4375 (epoch 6)
Best instance 0.4375, class 0.4375 (epoch 6)
2026-06-24 16:55:42,454 - INFO - Epoch 13/200:
Epoch 13/200:
2026-06-24 16:55:45,134 - INFO - Train loss: 0.6003 (2.7s)
Train loss: 0.6003 (2.7s)
2026-06-24 16:55:45,400 - INFO - Test instance 0.6250, class 0.6250
Test instance 0.6250, class 0.6250
2026-06-24 16:55:45,419 - INFO - Best instance 0.6250, class 0.6250 (epoch 13)
Best instance 0.6250, class 0.6250 (epoch 13)
2026-06-24 16:55:45,437 - INFO - Epoch 14/200:
Epoch 14/200:
2026-06-24 16:55:48,115 - INFO - Train loss: 0.5733 (2.7s)
Train loss: 0.5733 (2.7s)
2026-06-24 16:55:48,380 - INFO - Test instance 0.7125, class 0.7125
Test instance 0.7125, class 0.7125
2026-06-24 16:55:48,398 - INFO - Best instance 0.7125, class 0.7125 (epoch 14)
Best instance 0.7125, class 0.7125 (epoch 14)
2026-06-24 16:55:48,416 - INFO - Epoch 15/200:
Epoch 15/200:
2026-06-24 16:55:51,076 - INFO - Train loss: 0.5933 (2.7s)
Train loss: 0.5933 (2.7s)
2026-06-24 16:55:51,328 - INFO - Test instance 0.6125, class 0.6125
Test instance 0.6125, class 0.6125
2026-06-24 16:55:51,328 - INFO - Best instance 0.7125, class 0.7125 (epoch 14)
Best instance 0.7125, class 0.7125 (epoch 14)
2026-06-24 16:55:51,347 - INFO - Epoch 16/200:
Epoch 16/200:
2026-06-24 16:55:53,983 - INFO - Train loss: 0.5727 (2.6s)
Train loss: 0.5727 (2.6s)
2026-06-24 16:55:54,232 - INFO - Test instance 0.6375, class 0.6375
Test instance 0.6375, class 0.6375
2026-06-24 16:55:54,232 - INFO - Best instance 0.7125, class 0.7125 (epoch 14)
Best instance 0.7125, class 0.7125 (epoch 14)
2026-06-24 16:55:54,250 - INFO - Epoch 17/200:
Epoch 17/200:
2026-06-24 16:55:56,925 - INFO - Train loss: 0.5586 (2.7s)
Train loss: 0.5586 (2.7s)
2026-06-24 16:55:57,181 - INFO - Test instance 0.7625, class 0.7625
Test instance 0.7625, class 0.7625
2026-06-24 16:55:57,199 - INFO - Best instance 0.7625, class 0.7625 (epoch 17)
Best instance 0.7625, class 0.7625 (epoch 17)
2026-06-24 16:55:57,216 - INFO - Epoch 18/200:
Epoch 18/200:
2026-06-24 16:55:59,868 - INFO - Train loss: 0.5658 (2.7s)
Train loss: 0.5658 (2.7s)
2026-06-24 16:56:00,121 - INFO - Test instance 0.5125, class 0.5125
Test instance 0.5125, class 0.5125
2026-06-24 16:56:00,121 - INFO - Best instance 0.7625, class 0.7625 (epoch 17)
Best instance 0.7625, class 0.7625 (epoch 17)
2026-06-24 16:56:00,140 - INFO - Epoch 19/200:
Epoch 19/200:
2026-06-24 16:56:02,842 - INFO - Train loss: 0.5469 (2.7s)
Train loss: 0.5469 (2.7s)
2026-06-24 16:56:03,097 - INFO - Test instance 0.4875, class 0.4875
Test instance 0.4875, class 0.4875
2026-06-24 16:56:03,097 - INFO - Best instance 0.7625, class 0.7625 (epoch 17)
Best instance 0.7625, class 0.7625 (epoch 17)
2026-06-24 16:56:03,116 - INFO - Epoch 20/200:
Epoch 20/200:
2026-06-24 16:56:05,761 - INFO - Train loss: 0.5560 (2.6s)
Train loss: 0.5560 (2.6s)
2026-06-24 16:56:06,019 - INFO - Test instance 0.7500, class 0.7500
Test instance 0.7500, class 0.7500
2026-06-24 16:56:06,019 - INFO - Best instance 0.7625, class 0.7625 (epoch 17)
Best instance 0.7625, class 0.7625 (epoch 17)
2026-06-24 16:56:06,038 - INFO - Epoch 21/200:
Epoch 21/200:
2026-06-24 16:56:08,692 - INFO - Train loss: 0.5406 (2.7s)
Train loss: 0.5406 (2.7s)
2026-06-24 16:56:08,949 - INFO - Test instance 0.8125, class 0.8125
Test instance 0.8125, class 0.8125
2026-06-24 16:56:08,968 - INFO - Best instance 0.8125, class 0.8125 (epoch 21)
Best instance 0.8125, class 0.8125 (epoch 21)
2026-06-24 16:56:08,986 - INFO - Epoch 22/200:
Epoch 22/200:
2026-06-24 16:56:11,642 - INFO - Train loss: 0.5481 (2.7s)
Train loss: 0.5481 (2.7s)
2026-06-24 16:56:11,897 - INFO - Test instance 0.7000, class 0.7000
Test instance 0.7000, class 0.7000
2026-06-24 16:56:11,897 - INFO - Best instance 0.8125, class 0.8125 (epoch 21)
Best instance 0.8125, class 0.8125 (epoch 21)
2026-06-24 16:56:11,915 - INFO - Epoch 23/200:
Epoch 23/200:
2026-06-24 16:56:14,552 - INFO - Train loss: 0.5513 (2.6s)
Train loss: 0.5513 (2.6s)
2026-06-24 16:56:14,810 - INFO - Test instance 0.8000, class 0.8000
Test instance 0.8000, class 0.8000
2026-06-24 16:56:14,810 - INFO - Best instance 0.8125, class 0.8125 (epoch 21)
Best instance 0.8125, class 0.8125 (epoch 21)
2026-06-24 16:56:14,828 - INFO - Epoch 24/200:
Epoch 24/200:
2026-06-24 16:56:17,481 - INFO - Train loss: 0.5220 (2.7s)
Train loss: 0.5220 (2.7s)
2026-06-24 16:56:17,734 - INFO - Test instance 0.8250, class 0.8250
Test instance 0.8250, class 0.8250
2026-06-24 16:56:17,753 - INFO - Best instance 0.8250, class 0.8250 (epoch 24)
Best instance 0.8250, class 0.8250 (epoch 24)
2026-06-24 16:56:17,770 - INFO - Epoch 25/200:
Epoch 25/200:
2026-06-24 16:56:20,430 - INFO - Train loss: 0.5424 (2.7s)
Train loss: 0.5424 (2.7s)
2026-06-24 16:56:20,696 - INFO - Test instance 0.8500, class 0.8500
Test instance 0.8500, class 0.8500
2026-06-24 16:56:20,713 - INFO - Best instance 0.8500, class 0.8500 (epoch 25)
Best instance 0.8500, class 0.8500 (epoch 25)
2026-06-24 16:56:20,731 - INFO - Epoch 26/200:
Epoch 26/200:
2026-06-24 16:56:23,379 - INFO - Train loss: 0.5279 (2.6s)
Train loss: 0.5279 (2.6s)
2026-06-24 16:56:23,630 - INFO - Test instance 0.6750, class 0.6750
Test instance 0.6750, class 0.6750
2026-06-24 16:56:23,631 - INFO - Best instance 0.8500, class 0.8500 (epoch 25)
Best instance 0.8500, class 0.8500 (epoch 25)
2026-06-24 16:56:23,649 - INFO - Epoch 27/200:
Epoch 27/200:
2026-06-24 16:56:26,304 - INFO - Train loss: 0.5281 (2.7s)
Train loss: 0.5281 (2.7s)
2026-06-24 16:56:26,560 - INFO - Test instance 0.8375, class 0.8375
Test instance 0.8375, class 0.8375
2026-06-24 16:56:26,561 - INFO - Best instance 0.8500, class 0.8500 (epoch 25)
Best instance 0.8500, class 0.8500 (epoch 25)
2026-06-24 16:56:26,578 - INFO - Epoch 28/200:
Epoch 28/200:
2026-06-24 16:56:29,219 - INFO - Train loss: 0.5125 (2.6s)
Train loss: 0.5125 (2.6s)
2026-06-24 16:56:29,476 - INFO - Test instance 0.8250, class 0.8250
Test instance 0.8250, class 0.8250
2026-06-24 16:56:29,477 - INFO - Best instance 0.8500, class 0.8500 (epoch 25)
Best instance 0.8500, class 0.8500 (epoch 25)
2026-06-24 16:56:29,495 - INFO - Epoch 29/200:
Epoch 29/200:
2026-06-24 16:56:32,148 - INFO - Train loss: 0.5129 (2.7s)
Train loss: 0.5129 (2.7s)
2026-06-24 16:56:32,411 - INFO - Test instance 0.7125, class 0.7125
Test instance 0.7125, class 0.7125
2026-06-24 16:56:32,412 - INFO - Best instance 0.8500, class 0.8500 (epoch 25)
Best instance 0.8500, class 0.8500 (epoch 25)
2026-06-24 16:56:32,430 - INFO - Epoch 30/200:
Epoch 30/200:
2026-06-24 16:56:35,077 - INFO - Train loss: 0.5139 (2.6s)
Train loss: 0.5139 (2.6s)
2026-06-24 16:56:35,334 - INFO - Test instance 0.7875, class 0.7875
Test instance 0.7875, class 0.7875
2026-06-24 16:56:35,335 - INFO - Best instance 0.8500, class 0.8500 (epoch 25)
Best instance 0.8500, class 0.8500 (epoch 25)
2026-06-24 16:56:35,352 - INFO - Epoch 31/200:
Epoch 31/200:
2026-06-24 16:56:37,995 - INFO - Train loss: 0.5078 (2.6s)
Train loss: 0.5078 (2.6s)
2026-06-24 16:56:38,250 - INFO - Test instance 0.7750, class 0.7750
Test instance 0.7750, class 0.7750
2026-06-24 16:56:38,250 - INFO - Best instance 0.8500, class 0.8500 (epoch 25)
Best instance 0.8500, class 0.8500 (epoch 25)
2026-06-24 16:56:38,269 - INFO - Epoch 32/200:
Epoch 32/200:
2026-06-24 16:56:40,907 - INFO - Train loss: 0.4932 (2.6s)
Train loss: 0.4932 (2.6s)
2026-06-24 16:56:41,167 - INFO - Test instance 0.6000, class 0.6000
Test instance 0.6000, class 0.6000
2026-06-24 16:56:41,167 - INFO - Best instance 0.8500, class 0.8500 (epoch 25)
Best instance 0.8500, class 0.8500 (epoch 25)
2026-06-24 16:56:41,186 - INFO - Epoch 33/200:
Epoch 33/200:
2026-06-24 16:56:43,846 - INFO - Train loss: 0.4949 (2.7s)
Train loss: 0.4949 (2.7s)
2026-06-24 16:56:44,100 - INFO - Test instance 0.7875, class 0.7875
Test instance 0.7875, class 0.7875
2026-06-24 16:56:44,100 - INFO - Best instance 0.8500, class 0.8500 (epoch 25)
Best instance 0.8500, class 0.8500 (epoch 25)
2026-06-24 16:56:44,118 - INFO - Epoch 34/200:
Epoch 34/200:
2026-06-24 16:56:46,763 - INFO - Train loss: 0.4778 (2.6s)
Train loss: 0.4778 (2.6s)
2026-06-24 16:56:47,027 - INFO - Test instance 0.8625, class 0.8625
Test instance 0.8625, class 0.8625
2026-06-24 16:56:47,044 - INFO - Best instance 0.8625, class 0.8625 (epoch 34)
Best instance 0.8625, class 0.8625 (epoch 34)
2026-06-24 16:56:47,061 - INFO - Epoch 35/200:
Epoch 35/200:
2026-06-24 16:56:49,696 - INFO - Train loss: 0.4884 (2.6s)
Train loss: 0.4884 (2.6s)
2026-06-24 16:56:49,959 - INFO - Test instance 0.8000, class 0.8000
Test instance 0.8000, class 0.8000
2026-06-24 16:56:49,959 - INFO - Best instance 0.8625, class 0.8625 (epoch 34)
Best instance 0.8625, class 0.8625 (epoch 34)
2026-06-24 16:56:49,977 - INFO - Epoch 36/200:
Epoch 36/200:
2026-06-24 16:56:52,629 - INFO - Train loss: 0.5066 (2.7s)
Train loss: 0.5066 (2.7s)
2026-06-24 16:56:52,879 - INFO - Test instance 0.7750, class 0.7750
Test instance 0.7750, class 0.7750
2026-06-24 16:56:52,879 - INFO - Best instance 0.8625, class 0.8625 (epoch 34)
Best instance 0.8625, class 0.8625 (epoch 34)
2026-06-24 16:56:52,898 - INFO - Epoch 37/200:
Epoch 37/200:
2026-06-24 16:56:55,528 - INFO - Train loss: 0.4951 (2.6s)
Train loss: 0.4951 (2.6s)
2026-06-24 16:56:55,784 - INFO - Test instance 0.8750, class 0.8750
Test instance 0.8750, class 0.8750
2026-06-24 16:56:55,802 - INFO - Best instance 0.8750, class 0.8750 (epoch 37)
Best instance 0.8750, class 0.8750 (epoch 37)
2026-06-24 16:56:55,819 - INFO - Epoch 38/200:
Epoch 38/200:
2026-06-24 16:56:58,475 - INFO - Train loss: 0.4785 (2.7s)
Train loss: 0.4785 (2.7s)
2026-06-24 16:56:58,724 - INFO - Test instance 0.8875, class 0.8875
Test instance 0.8875, class 0.8875
2026-06-24 16:56:58,741 - INFO - Best instance 0.8875, class 0.8875 (epoch 38)
Best instance 0.8875, class 0.8875 (epoch 38)
2026-06-24 16:56:58,759 - INFO - Epoch 39/200:
Epoch 39/200:
2026-06-24 16:57:01,410 - INFO - Train loss: 0.5064 (2.7s)
Train loss: 0.5064 (2.7s)
2026-06-24 16:57:01,692 - INFO - Test instance 0.8750, class 0.8750
Test instance 0.8750, class 0.8750
2026-06-24 16:57:01,692 - INFO - Best instance 0.8875, class 0.8875 (epoch 38)
Best instance 0.8875, class 0.8875 (epoch 38)
2026-06-24 16:57:01,711 - INFO - Epoch 40/200:
Epoch 40/200:
2026-06-24 16:57:04,381 - INFO - Train loss: 0.4910 (2.7s)
Train loss: 0.4910 (2.7s)
2026-06-24 16:57:04,643 - INFO - Test instance 0.7875, class 0.7875
Test instance 0.7875, class 0.7875
2026-06-24 16:57:04,643 - INFO - Best instance 0.8875, class 0.8875 (epoch 38)
Best instance 0.8875, class 0.8875 (epoch 38)
2026-06-24 16:57:04,662 - INFO - Epoch 41/200:
Epoch 41/200:
2026-06-24 16:57:07,333 - INFO - Train loss: 0.4877 (2.7s)
Train loss: 0.4877 (2.7s)
2026-06-24 16:57:07,584 - INFO - Test instance 0.8125, class 0.8125
Test instance 0.8125, class 0.8125
2026-06-24 16:57:07,585 - INFO - Best instance 0.8875, class 0.8875 (epoch 38)
Best instance 0.8875, class 0.8875 (epoch 38)
2026-06-24 16:57:07,603 - INFO - Epoch 42/200:
Epoch 42/200:
2026-06-24 16:57:10,240 - INFO - Train loss: 0.4797 (2.6s)
Train loss: 0.4797 (2.6s)
2026-06-24 16:57:10,490 - INFO - Test instance 0.8000, class 0.8000
Test instance 0.8000, class 0.8000
2026-06-24 16:57:10,491 - INFO - Best instance 0.8875, class 0.8875 (epoch 38)
Best instance 0.8875, class 0.8875 (epoch 38)
2026-06-24 16:57:10,509 - INFO - Epoch 43/200:
Epoch 43/200:
2026-06-24 16:57:13,139 - INFO - Train loss: 0.4821 (2.6s)
Train loss: 0.4821 (2.6s)
2026-06-24 16:57:13,406 - INFO - Test instance 0.9125, class 0.9125
Test instance 0.9125, class 0.9125
2026-06-24 16:57:13,424 - INFO - Best instance 0.9125, class 0.9125 (epoch 43)
Best instance 0.9125, class 0.9125 (epoch 43)
2026-06-24 16:57:13,441 - INFO - Epoch 44/200:
Epoch 44/200:
2026-06-24 16:57:16,090 - INFO - Train loss: 0.4541 (2.6s)
Train loss: 0.4541 (2.6s)
2026-06-24 16:57:16,345 - INFO - Test instance 0.8375, class 0.8375
Test instance 0.8375, class 0.8375
2026-06-24 16:57:16,345 - INFO - Best instance 0.9125, class 0.9125 (epoch 43)
Best instance 0.9125, class 0.9125 (epoch 43)
2026-06-24 16:57:16,364 - INFO - Epoch 45/200:
Epoch 45/200:
2026-06-24 16:57:19,005 - INFO - Train loss: 0.4813 (2.6s)
Train loss: 0.4813 (2.6s)
2026-06-24 16:57:19,260 - INFO - Test instance 0.7750, class 0.7750
Test instance 0.7750, class 0.7750
2026-06-24 16:57:19,261 - INFO - Best instance 0.9125, class 0.9125 (epoch 43)
Best instance 0.9125, class 0.9125 (epoch 43)
2026-06-24 16:57:19,279 - INFO - Epoch 46/200:
Epoch 46/200:
2026-06-24 16:57:21,908 - INFO - Train loss: 0.4787 (2.6s)
Train loss: 0.4787 (2.6s)
2026-06-24 16:57:22,159 - INFO - Test instance 0.7375, class 0.7375
Test instance 0.7375, class 0.7375
2026-06-24 16:57:22,159 - INFO - Best instance 0.9125, class 0.9125 (epoch 43)
Best instance 0.9125, class 0.9125 (epoch 43)
2026-06-24 16:57:22,177 - INFO - Epoch 47/200:
Epoch 47/200:
2026-06-24 16:57:24,815 - INFO - Train loss: 0.4764 (2.6s)
Train loss: 0.4764 (2.6s)
2026-06-24 16:57:25,071 - INFO - Test instance 0.8750, class 0.8750
Test instance 0.8750, class 0.8750
2026-06-24 16:57:25,072 - INFO - Best instance 0.9125, class 0.9125 (epoch 43)
Best instance 0.9125, class 0.9125 (epoch 43)
2026-06-24 16:57:25,089 - INFO - Epoch 48/200:
Epoch 48/200:
2026-06-24 16:57:27,758 - INFO - Train loss: 0.4797 (2.7s)
Train loss: 0.4797 (2.7s)
2026-06-24 16:57:28,023 - INFO - Test instance 0.8875, class 0.8875
Test instance 0.8875, class 0.8875
2026-06-24 16:57:28,024 - INFO - Best instance 0.9125, class 0.9125 (epoch 43)
Best instance 0.9125, class 0.9125 (epoch 43)
2026-06-24 16:57:28,042 - INFO - Epoch 49/200:
Epoch 49/200:
2026-06-24 16:57:30,683 - INFO - Train loss: 0.4512 (2.6s)
Train loss: 0.4512 (2.6s)
2026-06-24 16:57:30,934 - INFO - Test instance 0.9250, class 0.9250
Test instance 0.9250, class 0.9250
2026-06-24 16:57:30,952 - INFO - Best instance 0.9250, class 0.9250 (epoch 49)
Best instance 0.9250, class 0.9250 (epoch 49)
2026-06-24 16:57:30,970 - INFO - Epoch 50/200:
Epoch 50/200:
2026-06-24 16:57:33,612 - INFO - Train loss: 0.4839 (2.6s)
Train loss: 0.4839 (2.6s)
2026-06-24 16:57:33,861 - INFO - Test instance 0.9250, class 0.9250
Test instance 0.9250, class 0.9250
2026-06-24 16:57:33,862 - INFO - Best instance 0.9250, class 0.9250 (epoch 49)
Best instance 0.9250, class 0.9250 (epoch 49)
2026-06-24 16:57:33,879 - INFO - Epoch 51/200:
Epoch 51/200:
2026-06-24 16:57:36,529 - INFO - Train loss: 0.4686 (2.6s)
Train loss: 0.4686 (2.6s)
2026-06-24 16:57:36,778 - INFO - Test instance 0.8875, class 0.8875
Test instance 0.8875, class 0.8875
2026-06-24 16:57:36,779 - INFO - Best instance 0.9250, class 0.9250 (epoch 49)
Best instance 0.9250, class 0.9250 (epoch 49)
2026-06-24 16:57:36,797 - INFO - Epoch 52/200:
Epoch 52/200:
2026-06-24 16:57:39,466 - INFO - Train loss: 0.4703 (2.7s)
Train loss: 0.4703 (2.7s)
2026-06-24 16:57:39,736 - INFO - Test instance 0.7750, class 0.7750
Test instance 0.7750, class 0.7750
2026-06-24 16:57:39,736 - INFO - Best instance 0.9250, class 0.9250 (epoch 49)
Best instance 0.9250, class 0.9250 (epoch 49)
2026-06-24 16:57:39,755 - INFO - Epoch 53/200:
Epoch 53/200:
2026-06-24 16:57:42,410 - INFO - Train loss: 0.4802 (2.7s)
Train loss: 0.4802 (2.7s)
2026-06-24 16:57:42,670 - INFO - Test instance 0.9250, class 0.9250
Test instance 0.9250, class 0.9250
2026-06-24 16:57:42,670 - INFO - Best instance 0.9250, class 0.9250 (epoch 49)
Best instance 0.9250, class 0.9250 (epoch 49)
2026-06-24 16:57:42,688 - INFO - Epoch 54/200:
Epoch 54/200:
2026-06-24 16:57:45,343 - INFO - Train loss: 0.4750 (2.7s)
Train loss: 0.4750 (2.7s)
2026-06-24 16:57:45,596 - INFO - Test instance 0.8875, class 0.8875
Test instance 0.8875, class 0.8875
2026-06-24 16:57:45,596 - INFO - Best instance 0.9250, class 0.9250 (epoch 49)
Best instance 0.9250, class 0.9250 (epoch 49)
2026-06-24 16:57:45,645 - INFO - Epoch 55/200:
Epoch 55/200:
2026-06-24 16:57:48,312 - INFO - Train loss: 0.4552 (2.7s)
Train loss: 0.4552 (2.7s)
2026-06-24 16:57:48,567 - INFO - Test instance 0.9250, class 0.9250
Test instance 0.9250, class 0.9250
2026-06-24 16:57:48,567 - INFO - Best instance 0.9250, class 0.9250 (epoch 49)
Best instance 0.9250, class 0.9250 (epoch 49)
2026-06-24 16:57:48,586 - INFO - Epoch 56/200:
Epoch 56/200:
2026-06-24 16:57:51,236 - INFO - Train loss: 0.4596 (2.6s)
Train loss: 0.4596 (2.6s)
2026-06-24 16:57:51,486 - INFO - Test instance 0.9125, class 0.9125
Test instance 0.9125, class 0.9125
2026-06-24 16:57:51,486 - INFO - Best instance 0.9250, class 0.9250 (epoch 49)
Best instance 0.9250, class 0.9250 (epoch 49)
2026-06-24 16:57:51,504 - INFO - Epoch 57/200:
Epoch 57/200:
2026-06-24 16:57:54,137 - INFO - Train loss: 0.4809 (2.6s)
Train loss: 0.4809 (2.6s)
2026-06-24 16:57:54,393 - INFO - Test instance 0.9000, class 0.9000
Test instance 0.9000, class 0.9000
2026-06-24 16:57:54,394 - INFO - Best instance 0.9250, class 0.9250 (epoch 49)
Best instance 0.9250, class 0.9250 (epoch 49)
2026-06-24 16:57:54,412 - INFO - Epoch 58/200:
Epoch 58/200:
2026-06-24 16:57:57,065 - INFO - Train loss: 0.4634 (2.7s)
Train loss: 0.4634 (2.7s)
2026-06-24 16:57:57,323 - INFO - Test instance 0.9500, class 0.9500
Test instance 0.9500, class 0.9500
2026-06-24 16:57:57,341 - INFO - Best instance 0.9500, class 0.9500 (epoch 58)
Best instance 0.9500, class 0.9500 (epoch 58)
2026-06-24 16:57:57,359 - INFO - Epoch 59/200:
Epoch 59/200:
2026-06-24 16:57:59,995 - INFO - Train loss: 0.4524 (2.6s)
Train loss: 0.4524 (2.6s)
2026-06-24 16:58:00,256 - INFO - Test instance 0.8250, class 0.8250
Test instance 0.8250, class 0.8250
2026-06-24 16:58:00,256 - INFO - Best instance 0.9500, class 0.9500 (epoch 58)
Best instance 0.9500, class 0.9500 (epoch 58)
2026-06-24 16:58:00,275 - INFO - Epoch 60/200:
Epoch 60/200:
2026-06-24 16:58:02,975 - INFO - Train loss: 0.4513 (2.7s)
Train loss: 0.4513 (2.7s)
2026-06-24 16:58:03,233 - INFO - Test instance 0.9000, class 0.9000
Test instance 0.9000, class 0.9000
2026-06-24 16:58:03,233 - INFO - Best instance 0.9500, class 0.9500 (epoch 58)
Best instance 0.9500, class 0.9500 (epoch 58)
2026-06-24 16:58:03,250 - INFO - Epoch 61/200:
Epoch 61/200:
2026-06-24 16:58:05,882 - INFO - Train loss: 0.4440 (2.6s)
Train loss: 0.4440 (2.6s)
2026-06-24 16:58:06,141 - INFO - Test instance 0.9500, class 0.9500
Test instance 0.9500, class 0.9500
2026-06-24 16:58:06,142 - INFO - Best instance 0.9500, class 0.9500 (epoch 58)
Best instance 0.9500, class 0.9500 (epoch 58)
2026-06-24 16:58:06,160 - INFO - Epoch 62/200:
Epoch 62/200:
2026-06-24 16:58:08,811 - INFO - Train loss: 0.4483 (2.7s)
Train loss: 0.4483 (2.7s)
2026-06-24 16:58:09,070 - INFO - Test instance 0.9375, class 0.9375
Test instance 0.9375, class 0.9375
2026-06-24 16:58:09,071 - INFO - Best instance 0.9500, class 0.9500 (epoch 58)
Best instance 0.9500, class 0.9500 (epoch 58)
2026-06-24 16:58:09,089 - INFO - Epoch 63/200:
Epoch 63/200:
2026-06-24 16:58:11,743 - INFO - Train loss: 0.4576 (2.7s)
Train loss: 0.4576 (2.7s)
2026-06-24 16:58:11,997 - INFO - Test instance 0.9500, class 0.9500
Test instance 0.9500, class 0.9500
2026-06-24 16:58:11,998 - INFO - Best instance 0.9500, class 0.9500 (epoch 58)
Best instance 0.9500, class 0.9500 (epoch 58)
2026-06-24 16:58:12,015 - INFO - Epoch 64/200:
Epoch 64/200:
2026-06-24 16:58:14,691 - INFO - Train loss: 0.4401 (2.7s)
Train loss: 0.4401 (2.7s)
2026-06-24 16:58:14,948 - INFO - Test instance 0.9375, class 0.9375
Test instance 0.9375, class 0.9375
2026-06-24 16:58:14,949 - INFO - Best instance 0.9500, class 0.9500 (epoch 58)
Best instance 0.9500, class 0.9500 (epoch 58)
2026-06-24 16:58:14,966 - INFO - Epoch 65/200:
Epoch 65/200:
2026-06-24 16:58:17,607 - INFO - Train loss: 0.4438 (2.6s)
Train loss: 0.4438 (2.6s)
2026-06-24 16:58:17,867 - INFO - Test instance 0.9250, class 0.9250
Test instance 0.9250, class 0.9250
2026-06-24 16:58:17,867 - INFO - Best instance 0.9500, class 0.9500 (epoch 58)
Best instance 0.9500, class 0.9500 (epoch 58)
2026-06-24 16:58:17,885 - INFO - Epoch 66/200:
Epoch 66/200:
2026-06-24 16:58:20,517 - INFO - Train loss: 0.4472 (2.6s)
Train loss: 0.4472 (2.6s)
2026-06-24 16:58:20,770 - INFO - Test instance 0.9125, class 0.9125
Test instance 0.9125, class 0.9125
2026-06-24 16:58:20,770 - INFO - Best instance 0.9500, class 0.9500 (epoch 58)
Best instance 0.9500, class 0.9500 (epoch 58)
2026-06-24 16:58:20,788 - INFO - Epoch 67/200:
Epoch 67/200:
2026-06-24 16:58:23,423 - INFO - Train loss: 0.4753 (2.6s)
Train loss: 0.4753 (2.6s)
2026-06-24 16:58:23,675 - INFO - Test instance 0.8625, class 0.8625
Test instance 0.8625, class 0.8625
2026-06-24 16:58:23,675 - INFO - Best instance 0.9500, class 0.9500 (epoch 58)
Best instance 0.9500, class 0.9500 (epoch 58)
2026-06-24 16:58:23,694 - INFO - Epoch 68/200:
Epoch 68/200:
2026-06-24 16:58:26,323 - INFO - Train loss: 0.4352 (2.6s)
Train loss: 0.4352 (2.6s)
2026-06-24 16:58:26,584 - INFO - Test instance 0.9375, class 0.9375
Test instance 0.9375, class 0.9375
2026-06-24 16:58:26,584 - INFO - Best instance 0.9500, class 0.9500 (epoch 58)
Best instance 0.9500, class 0.9500 (epoch 58)
2026-06-24 16:58:26,602 - INFO - Epoch 69/200:
Epoch 69/200:
2026-06-24 16:58:29,228 - INFO - Train loss: 0.4485 (2.6s)
Train loss: 0.4485 (2.6s)
2026-06-24 16:58:29,484 - INFO - Test instance 0.9000, class 0.9000
Test instance 0.9000, class 0.9000
2026-06-24 16:58:29,485 - INFO - Best instance 0.9500, class 0.9500 (epoch 58)
Best instance 0.9500, class 0.9500 (epoch 58)
2026-06-24 16:58:29,504 - INFO - Epoch 70/200:
Epoch 70/200:
2026-06-24 16:58:32,192 - INFO - Train loss: 0.4492 (2.7s)
Train loss: 0.4492 (2.7s)
2026-06-24 16:58:32,445 - INFO - Test instance 0.9500, class 0.9500
Test instance 0.9500, class 0.9500
2026-06-24 16:58:32,445 - INFO - Best instance 0.9500, class 0.9500 (epoch 58)
Best instance 0.9500, class 0.9500 (epoch 58)
2026-06-24 16:58:32,464 - INFO - Epoch 71/200:
Epoch 71/200:
2026-06-24 16:58:35,098 - INFO - Train loss: 0.4281 (2.6s)
Train loss: 0.4281 (2.6s)
2026-06-24 16:58:35,354 - INFO - Test instance 0.9125, class 0.9125
Test instance 0.9125, class 0.9125
2026-06-24 16:58:35,355 - INFO - Best instance 0.9500, class 0.9500 (epoch 58)
Best instance 0.9500, class 0.9500 (epoch 58)
2026-06-24 16:58:35,374 - INFO - Epoch 72/200:
Epoch 72/200:
2026-06-24 16:58:38,057 - INFO - Train loss: 0.4660 (2.7s)
Train loss: 0.4660 (2.7s)
2026-06-24 16:58:38,318 - INFO - Test instance 0.9125, class 0.9125
Test instance 0.9125, class 0.9125
2026-06-24 16:58:38,318 - INFO - Best instance 0.9500, class 0.9500 (epoch 58)
Best instance 0.9500, class 0.9500 (epoch 58)
2026-06-24 16:58:38,335 - INFO - Epoch 73/200:
Epoch 73/200:
2026-06-24 16:58:41,006 - INFO - Train loss: 0.4384 (2.7s)
Train loss: 0.4384 (2.7s)
2026-06-24 16:58:41,268 - INFO - Test instance 0.9250, class 0.9250
Test instance 0.9250, class 0.9250
2026-06-24 16:58:41,268 - INFO - Best instance 0.9500, class 0.9500 (epoch 58)
Best instance 0.9500, class 0.9500 (epoch 58)
2026-06-24 16:58:41,285 - INFO - Epoch 74/200:
Epoch 74/200:
2026-06-24 16:58:43,931 - INFO - Train loss: 0.4733 (2.6s)
Train loss: 0.4733 (2.6s)
2026-06-24 16:58:44,190 - INFO - Test instance 0.8750, class 0.8750
Test instance 0.8750, class 0.8750
2026-06-24 16:58:44,190 - INFO - Best instance 0.9500, class 0.9500 (epoch 58)
Best instance 0.9500, class 0.9500 (epoch 58)
2026-06-24 16:58:44,208 - INFO - Epoch 75/200:
Epoch 75/200:
2026-06-24 16:58:46,853 - INFO - Train loss: 0.4586 (2.6s)
Train loss: 0.4586 (2.6s)
2026-06-24 16:58:47,109 - INFO - Test instance 0.9250, class 0.9250
Test instance 0.9250, class 0.9250
2026-06-24 16:58:47,109 - INFO - Best instance 0.9500, class 0.9500 (epoch 58)
Best instance 0.9500, class 0.9500 (epoch 58)
2026-06-24 16:58:47,127 - INFO - Epoch 76/200:
Epoch 76/200:
2026-06-24 16:58:49,747 - INFO - Train loss: 0.4360 (2.6s)
Train loss: 0.4360 (2.6s)
2026-06-24 16:58:49,996 - INFO - Test instance 0.8750, class 0.8750
Test instance 0.8750, class 0.8750
2026-06-24 16:58:49,996 - INFO - Best instance 0.9500, class 0.9500 (epoch 58)
Best instance 0.9500, class 0.9500 (epoch 58)
2026-06-24 16:58:50,013 - INFO - Epoch 77/200:
Epoch 77/200:
2026-06-24 16:58:52,622 - INFO - Train loss: 0.4335 (2.6s)
Train loss: 0.4335 (2.6s)
2026-06-24 16:58:52,874 - INFO - Test instance 0.8875, class 0.8875
Test instance 0.8875, class 0.8875
2026-06-24 16:58:52,875 - INFO - Best instance 0.9500, class 0.9500 (epoch 58)
Best instance 0.9500, class 0.9500 (epoch 58)
2026-06-24 16:58:52,891 - INFO - Epoch 78/200:
Epoch 78/200:
2026-06-24 16:58:55,547 - INFO - Train loss: 0.4248 (2.7s)
Train loss: 0.4248 (2.7s)
2026-06-24 16:58:55,805 - INFO - Test instance 0.8375, class 0.8375
Test instance 0.8375, class 0.8375
2026-06-24 16:58:55,805 - INFO - Best instance 0.9500, class 0.9500 (epoch 58)
Best instance 0.9500, class 0.9500 (epoch 58)
2026-06-24 16:58:55,823 - INFO - Epoch 79/200:
Epoch 79/200:
2026-06-24 16:58:58,487 - INFO - Train loss: 0.4425 (2.7s)
Train loss: 0.4425 (2.7s)
2026-06-24 16:58:58,742 - INFO - Test instance 0.9000, class 0.9000
Test instance 0.9000, class 0.9000
2026-06-24 16:58:58,743 - INFO - Best instance 0.9500, class 0.9500 (epoch 58)
Best instance 0.9500, class 0.9500 (epoch 58)
2026-06-24 16:58:58,760 - INFO - Epoch 80/200:
Epoch 80/200:
2026-06-24 16:59:01,405 - INFO - Train loss: 0.4575 (2.6s)
Train loss: 0.4575 (2.6s)
2026-06-24 16:59:01,680 - INFO - Test instance 0.8875, class 0.8875
Test instance 0.8875, class 0.8875
2026-06-24 16:59:01,680 - INFO - Best instance 0.9500, class 0.9500 (epoch 58)
Best instance 0.9500, class 0.9500 (epoch 58)
2026-06-24 16:59:01,700 - INFO - Epoch 81/200:
Epoch 81/200:
2026-06-24 16:59:04,377 - INFO - Train loss: 0.4463 (2.7s)
Train loss: 0.4463 (2.7s)
2026-06-24 16:59:04,630 - INFO - Test instance 0.9375, class 0.9375
Test instance 0.9375, class 0.9375
2026-06-24 16:59:04,630 - INFO - Best instance 0.9500, class 0.9500 (epoch 58)
Best instance 0.9500, class 0.9500 (epoch 58)
2026-06-24 16:59:04,648 - INFO - Epoch 82/200:
Epoch 82/200:
2026-06-24 16:59:07,276 - INFO - Train loss: 0.4246 (2.6s)
Train loss: 0.4246 (2.6s)
2026-06-24 16:59:07,536 - INFO - Test instance 0.9000, class 0.9000
Test instance 0.9000, class 0.9000
2026-06-24 16:59:07,536 - INFO - Best instance 0.9500, class 0.9500 (epoch 58)
Best instance 0.9500, class 0.9500 (epoch 58)
2026-06-24 16:59:07,553 - INFO - Epoch 83/200:
Epoch 83/200:
2026-06-24 16:59:10,205 - INFO - Train loss: 0.4454 (2.7s)
Train loss: 0.4454 (2.7s)
2026-06-24 16:59:10,465 - INFO - Test instance 0.9250, class 0.9250
Test instance 0.9250, class 0.9250
2026-06-24 16:59:10,465 - INFO - Best instance 0.9500, class 0.9500 (epoch 58)
Best instance 0.9500, class 0.9500 (epoch 58)
2026-06-24 16:59:10,484 - INFO - Epoch 84/200:
Epoch 84/200:
2026-06-24 16:59:13,125 - INFO - Train loss: 0.4333 (2.6s)
Train loss: 0.4333 (2.6s)
2026-06-24 16:59:13,380 - INFO - Test instance 0.9250, class 0.9250
Test instance 0.9250, class 0.9250
2026-06-24 16:59:13,380 - INFO - Best instance 0.9500, class 0.9500 (epoch 58)
Best instance 0.9500, class 0.9500 (epoch 58)
2026-06-24 16:59:13,398 - INFO - Epoch 85/200:
Epoch 85/200:
2026-06-24 16:59:16,031 - INFO - Train loss: 0.4343 (2.6s)
Train loss: 0.4343 (2.6s)
2026-06-24 16:59:16,296 - INFO - Test instance 0.9000, class 0.9000
Test instance 0.9000, class 0.9000
2026-06-24 16:59:16,297 - INFO - Best instance 0.9500, class 0.9500 (epoch 58)
Best instance 0.9500, class 0.9500 (epoch 58)
2026-06-24 16:59:16,314 - INFO - Epoch 86/200:
Epoch 86/200:
2026-06-24 16:59:18,953 - INFO - Train loss: 0.4275 (2.6s)
Train loss: 0.4275 (2.6s)
2026-06-24 16:59:19,206 - INFO - Test instance 0.9625, class 0.9625
Test instance 0.9625, class 0.9625
2026-06-24 16:59:19,224 - INFO - Best instance 0.9625, class 0.9625 (epoch 86)
Best instance 0.9625, class 0.9625 (epoch 86)
2026-06-24 16:59:19,241 - INFO - Epoch 87/200:
Epoch 87/200:
2026-06-24 16:59:21,873 - INFO - Train loss: 0.4371 (2.6s)
Train loss: 0.4371 (2.6s)
2026-06-24 16:59:22,130 - INFO - Test instance 0.9250, class 0.9250
Test instance 0.9250, class 0.9250
2026-06-24 16:59:22,131 - INFO - Best instance 0.9625, class 0.9625 (epoch 86)
Best instance 0.9625, class 0.9625 (epoch 86)
2026-06-24 16:59:22,148 - INFO - Epoch 88/200:
Epoch 88/200:
2026-06-24 16:59:24,767 - INFO - Train loss: 0.4237 (2.6s)
Train loss: 0.4237 (2.6s)
2026-06-24 16:59:25,023 - INFO - Test instance 0.9000, class 0.9000
Test instance 0.9000, class 0.9000
2026-06-24 16:59:25,024 - INFO - Best instance 0.9625, class 0.9625 (epoch 86)
Best instance 0.9625, class 0.9625 (epoch 86)
2026-06-24 16:59:25,041 - INFO - Epoch 89/200:
Epoch 89/200:
2026-06-24 16:59:27,684 - INFO - Train loss: 0.4281 (2.6s)
Train loss: 0.4281 (2.6s)
2026-06-24 16:59:27,943 - INFO - Test instance 0.9375, class 0.9375
Test instance 0.9375, class 0.9375
2026-06-24 16:59:27,944 - INFO - Best instance 0.9625, class 0.9625 (epoch 86)
Best instance 0.9625, class 0.9625 (epoch 86)
2026-06-24 16:59:27,961 - INFO - Epoch 90/200:
Epoch 90/200:
2026-06-24 16:59:30,593 - INFO - Train loss: 0.4362 (2.6s)
Train loss: 0.4362 (2.6s)
2026-06-24 16:59:30,850 - INFO - Test instance 0.8875, class 0.8875
Test instance 0.8875, class 0.8875
2026-06-24 16:59:30,850 - INFO - Best instance 0.9625, class 0.9625 (epoch 86)
Best instance 0.9625, class 0.9625 (epoch 86)
2026-06-24 16:59:30,867 - INFO - Epoch 91/200:
Epoch 91/200:
2026-06-24 16:59:33,520 - INFO - Train loss: 0.4332 (2.7s)
Train loss: 0.4332 (2.7s)
2026-06-24 16:59:33,780 - INFO - Test instance 0.8625, class 0.8625
Test instance 0.8625, class 0.8625
2026-06-24 16:59:33,780 - INFO - Best instance 0.9625, class 0.9625 (epoch 86)
Best instance 0.9625, class 0.9625 (epoch 86)
2026-06-24 16:59:33,798 - INFO - Epoch 92/200:
Epoch 92/200:
2026-06-24 16:59:36,476 - INFO - Train loss: 0.4304 (2.7s)
Train loss: 0.4304 (2.7s)
2026-06-24 16:59:36,735 - INFO - Test instance 0.9250, class 0.9250
Test instance 0.9250, class 0.9250
2026-06-24 16:59:36,735 - INFO - Best instance 0.9625, class 0.9625 (epoch 86)
Best instance 0.9625, class 0.9625 (epoch 86)
2026-06-24 16:59:36,753 - INFO - Epoch 93/200:
Epoch 93/200:
2026-06-24 16:59:39,395 - INFO - Train loss: 0.4274 (2.6s)
Train loss: 0.4274 (2.6s)
2026-06-24 16:59:39,656 - INFO - Test instance 0.8625, class 0.8625
Test instance 0.8625, class 0.8625
2026-06-24 16:59:39,656 - INFO - Best instance 0.9625, class 0.9625 (epoch 86)
Best instance 0.9625, class 0.9625 (epoch 86)
2026-06-24 16:59:39,681 - INFO - Epoch 94/200:
Epoch 94/200:
2026-06-24 16:59:42,321 - INFO - Train loss: 0.4434 (2.6s)
Train loss: 0.4434 (2.6s)
2026-06-24 16:59:42,572 - INFO - Test instance 0.9625, class 0.9625
Test instance 0.9625, class 0.9625
2026-06-24 16:59:42,572 - INFO - Best instance 0.9625, class 0.9625 (epoch 86)
Best instance 0.9625, class 0.9625 (epoch 86)
2026-06-24 16:59:42,590 - INFO - Epoch 95/200:
Epoch 95/200:
2026-06-24 16:59:45,239 - INFO - Train loss: 0.4358 (2.6s)
Train loss: 0.4358 (2.6s)
2026-06-24 16:59:45,491 - INFO - Test instance 0.9375, class 0.9375
Test instance 0.9375, class 0.9375
2026-06-24 16:59:45,491 - INFO - Best instance 0.9625, class 0.9625 (epoch 86)
Best instance 0.9625, class 0.9625 (epoch 86)
2026-06-24 16:59:45,509 - INFO - Epoch 96/200:
Epoch 96/200:
2026-06-24 16:59:48,161 - INFO - Train loss: 0.4486 (2.7s)
Train loss: 0.4486 (2.7s)
2026-06-24 16:59:48,426 - INFO - Test instance 0.9500, class 0.9500
Test instance 0.9500, class 0.9500
2026-06-24 16:59:48,427 - INFO - Best instance 0.9625, class 0.9625 (epoch 86)
Best instance 0.9625, class 0.9625 (epoch 86)
2026-06-24 16:59:48,444 - INFO - Epoch 97/200:
Epoch 97/200:
2026-06-24 16:59:51,084 - INFO - Train loss: 0.4413 (2.6s)
Train loss: 0.4413 (2.6s)
2026-06-24 16:59:51,337 - INFO - Test instance 0.9375, class 0.9375
Test instance 0.9375, class 0.9375
2026-06-24 16:59:51,337 - INFO - Best instance 0.9625, class 0.9625 (epoch 86)
Best instance 0.9625, class 0.9625 (epoch 86)
2026-06-24 16:59:51,355 - INFO - Epoch 98/200:
Epoch 98/200:
2026-06-24 16:59:53,992 - INFO - Train loss: 0.4256 (2.6s)
Train loss: 0.4256 (2.6s)
2026-06-24 16:59:54,247 - INFO - Test instance 0.9500, class 0.9500
Test instance 0.9500, class 0.9500
2026-06-24 16:59:54,248 - INFO - Best instance 0.9625, class 0.9625 (epoch 86)
Best instance 0.9625, class 0.9625 (epoch 86)
2026-06-24 16:59:54,266 - INFO - Epoch 99/200:
Epoch 99/200:
2026-06-24 16:59:56,908 - INFO - Train loss: 0.4329 (2.6s)
Train loss: 0.4329 (2.6s)
2026-06-24 16:59:57,161 - INFO - Test instance 0.9500, class 0.9500
Test instance 0.9500, class 0.9500
2026-06-24 16:59:57,161 - INFO - Best instance 0.9625, class 0.9625 (epoch 86)
Best instance 0.9625, class 0.9625 (epoch 86)
2026-06-24 16:59:57,178 - INFO - Epoch 100/200:
Epoch 100/200:
2026-06-24 16:59:59,804 - INFO - Train loss: 0.4248 (2.6s)
Train loss: 0.4248 (2.6s)
2026-06-24 17:00:00,069 - INFO - Test instance 0.9375, class 0.9375
Test instance 0.9375, class 0.9375
2026-06-24 17:00:00,070 - INFO - Best instance 0.9625, class 0.9625 (epoch 86)
Best instance 0.9625, class 0.9625 (epoch 86)
2026-06-24 17:00:00,087 - INFO - Epoch 101/200:
Epoch 101/200:
2026-06-24 17:00:02,792 - INFO - Train loss: 0.4277 (2.7s)
Train loss: 0.4277 (2.7s)
2026-06-24 17:00:03,048 - INFO - Test instance 0.9250, class 0.9250
Test instance 0.9250, class 0.9250
2026-06-24 17:00:03,048 - INFO - Best instance 0.9625, class 0.9625 (epoch 86)
Best instance 0.9625, class 0.9625 (epoch 86)
2026-06-24 17:00:03,066 - INFO - Epoch 102/200:
Epoch 102/200:
2026-06-24 17:00:05,708 - INFO - Train loss: 0.4320 (2.6s)
Train loss: 0.4320 (2.6s)
2026-06-24 17:00:05,962 - INFO - Test instance 0.9375, class 0.9375
Test instance 0.9375, class 0.9375
2026-06-24 17:00:05,963 - INFO - Best instance 0.9625, class 0.9625 (epoch 86)
Best instance 0.9625, class 0.9625 (epoch 86)
2026-06-24 17:00:05,981 - INFO - Epoch 103/200:
Epoch 103/200:
2026-06-24 17:00:08,633 - INFO - Train loss: 0.4212 (2.7s)
Train loss: 0.4212 (2.7s)
2026-06-24 17:00:08,887 - INFO - Test instance 0.9125, class 0.9125
Test instance 0.9125, class 0.9125
2026-06-24 17:00:08,887 - INFO - Best instance 0.9625, class 0.9625 (epoch 86)
Best instance 0.9625, class 0.9625 (epoch 86)
2026-06-24 17:00:08,905 - INFO - Epoch 104/200:
Epoch 104/200:
2026-06-24 17:00:11,570 - INFO - Train loss: 0.4139 (2.7s)
Train loss: 0.4139 (2.7s)
2026-06-24 17:00:11,830 - INFO - Test instance 0.9375, class 0.9375
Test instance 0.9375, class 0.9375
2026-06-24 17:00:11,830 - INFO - Best instance 0.9625, class 0.9625 (epoch 86)
Best instance 0.9625, class 0.9625 (epoch 86)
2026-06-24 17:00:11,848 - INFO - Epoch 105/200:
Epoch 105/200:
2026-06-24 17:00:14,476 - INFO - Train loss: 0.4198 (2.6s)
Train loss: 0.4198 (2.6s)
2026-06-24 17:00:14,736 - INFO - Test instance 0.9500, class 0.9500
Test instance 0.9500, class 0.9500
2026-06-24 17:00:14,736 - INFO - Best instance 0.9625, class 0.9625 (epoch 86)
Best instance 0.9625, class 0.9625 (epoch 86)
2026-06-24 17:00:14,754 - INFO - Epoch 106/200:
Epoch 106/200:
2026-06-24 17:00:17,411 - INFO - Train loss: 0.4329 (2.7s)
Train loss: 0.4329 (2.7s)
2026-06-24 17:00:17,671 - INFO - Test instance 0.8875, class 0.8875
Test instance 0.8875, class 0.8875
2026-06-24 17:00:17,672 - INFO - Best instance 0.9625, class 0.9625 (epoch 86)
Best instance 0.9625, class 0.9625 (epoch 86)
2026-06-24 17:00:17,689 - INFO - Epoch 107/200:
Epoch 107/200:
2026-06-24 17:00:20,315 - INFO - Train loss: 0.4184 (2.6s)
Train loss: 0.4184 (2.6s)
2026-06-24 17:00:20,567 - INFO - Test instance 0.9500, class 0.9500
Test instance 0.9500, class 0.9500
2026-06-24 17:00:20,568 - INFO - Best instance 0.9625, class 0.9625 (epoch 86)
Best instance 0.9625, class 0.9625 (epoch 86)
2026-06-24 17:00:20,585 - INFO - Epoch 108/200:
Epoch 108/200:
2026-06-24 17:00:23,242 - INFO - Train loss: 0.4294 (2.7s)
Train loss: 0.4294 (2.7s)
2026-06-24 17:00:23,504 - INFO - Test instance 0.9500, class 0.9500
Test instance 0.9500, class 0.9500
2026-06-24 17:00:23,505 - INFO - Best instance 0.9625, class 0.9625 (epoch 86)
Best instance 0.9625, class 0.9625 (epoch 86)
2026-06-24 17:00:23,522 - INFO - Epoch 109/200:
Epoch 109/200:
2026-06-24 17:00:26,162 - INFO - Train loss: 0.4349 (2.6s)
Train loss: 0.4349 (2.6s)
2026-06-24 17:00:26,424 - INFO - Test instance 0.9125, class 0.9125
Test instance 0.9125, class 0.9125
2026-06-24 17:00:26,425 - INFO - Best instance 0.9625, class 0.9625 (epoch 86)
Best instance 0.9625, class 0.9625 (epoch 86)
2026-06-24 17:00:26,442 - INFO - Epoch 110/200:
Epoch 110/200:
2026-06-24 17:00:29,071 - INFO - Train loss: 0.4077 (2.6s)
Train loss: 0.4077 (2.6s)
2026-06-24 17:00:29,332 - INFO - Test instance 0.9750, class 0.9750
Test instance 0.9750, class 0.9750
2026-06-24 17:00:29,349 - INFO - Best instance 0.9750, class 0.9750 (epoch 110)
Best instance 0.9750, class 0.9750 (epoch 110)
2026-06-24 17:00:29,366 - INFO - Epoch 111/200:
Epoch 111/200:
2026-06-24 17:00:32,004 - INFO - Train loss: 0.4165 (2.6s)
Train loss: 0.4165 (2.6s)
2026-06-24 17:00:32,263 - INFO - Test instance 0.9500, class 0.9500
Test instance 0.9500, class 0.9500
2026-06-24 17:00:32,263 - INFO - Best instance 0.9750, class 0.9750 (epoch 110)
Best instance 0.9750, class 0.9750 (epoch 110)
2026-06-24 17:00:32,281 - INFO - Epoch 112/200:
Epoch 112/200:
2026-06-24 17:00:34,911 - INFO - Train loss: 0.4239 (2.6s)
Train loss: 0.4239 (2.6s)
2026-06-24 17:00:35,178 - INFO - Test instance 0.8625, class 0.8625
Test instance 0.8625, class 0.8625
2026-06-24 17:00:35,179 - INFO - Best instance 0.9750, class 0.9750 (epoch 110)
Best instance 0.9750, class 0.9750 (epoch 110)
2026-06-24 17:00:35,196 - INFO - Epoch 113/200:
Epoch 113/200:
2026-06-24 17:00:37,845 - INFO - Train loss: 0.4230 (2.6s)
Train loss: 0.4230 (2.6s)
2026-06-24 17:00:38,105 - INFO - Test instance 0.9250, class 0.9250
Test instance 0.9250, class 0.9250
2026-06-24 17:00:38,106 - INFO - Best instance 0.9750, class 0.9750 (epoch 110)
Best instance 0.9750, class 0.9750 (epoch 110)
2026-06-24 17:00:38,124 - INFO - Epoch 114/200:
Epoch 114/200:
2026-06-24 17:00:40,779 - INFO - Train loss: 0.4180 (2.7s)
Train loss: 0.4180 (2.7s)
2026-06-24 17:00:41,046 - INFO - Test instance 0.9625, class 0.9625
Test instance 0.9625, class 0.9625
2026-06-24 17:00:41,047 - INFO - Best instance 0.9750, class 0.9750 (epoch 110)
Best instance 0.9750, class 0.9750 (epoch 110)
2026-06-24 17:00:41,065 - INFO - Epoch 115/200:
Epoch 115/200:
2026-06-24 17:00:43,718 - INFO - Train loss: 0.4197 (2.7s)
Train loss: 0.4197 (2.7s)
2026-06-24 17:00:43,977 - INFO - Test instance 0.9500, class 0.9500
Test instance 0.9500, class 0.9500
2026-06-24 17:00:43,978 - INFO - Best instance 0.9750, class 0.9750 (epoch 110)
Best instance 0.9750, class 0.9750 (epoch 110)
2026-06-24 17:00:43,995 - INFO - Epoch 116/200:
Epoch 116/200:
2026-06-24 17:00:46,663 - INFO - Train loss: 0.4128 (2.7s)
Train loss: 0.4128 (2.7s)
2026-06-24 17:00:46,929 - INFO - Test instance 0.9375, class 0.9375
Test instance 0.9375, class 0.9375
2026-06-24 17:00:46,930 - INFO - Best instance 0.9750, class 0.9750 (epoch 110)
Best instance 0.9750, class 0.9750 (epoch 110)
2026-06-24 17:00:46,947 - INFO - Epoch 117/200:
Epoch 117/200:
2026-06-24 17:00:49,570 - INFO - Train loss: 0.4131 (2.6s)
Train loss: 0.4131 (2.6s)
2026-06-24 17:00:49,827 - INFO - Test instance 0.9750, class 0.9750
Test instance 0.9750, class 0.9750
2026-06-24 17:00:49,827 - INFO - Best instance 0.9750, class 0.9750 (epoch 110)
Best instance 0.9750, class 0.9750 (epoch 110)
2026-06-24 17:00:49,844 - INFO - Epoch 118/200:
Epoch 118/200:
2026-06-24 17:00:52,479 - INFO - Train loss: 0.4321 (2.6s)
Train loss: 0.4321 (2.6s)
2026-06-24 17:00:52,737 - INFO - Test instance 0.9250, class 0.9250
Test instance 0.9250, class 0.9250
2026-06-24 17:00:52,737 - INFO - Best instance 0.9750, class 0.9750 (epoch 110)
Best instance 0.9750, class 0.9750 (epoch 110)
2026-06-24 17:00:52,755 - INFO - Epoch 119/200:
Epoch 119/200:
2026-06-24 17:00:55,419 - INFO - Train loss: 0.4174 (2.7s)
Train loss: 0.4174 (2.7s)
2026-06-24 17:00:55,677 - INFO - Test instance 0.9000, class 0.9000
Test instance 0.9000, class 0.9000
2026-06-24 17:00:55,678 - INFO - Best instance 0.9750, class 0.9750 (epoch 110)
Best instance 0.9750, class 0.9750 (epoch 110)
2026-06-24 17:00:55,695 - INFO - Epoch 120/200:
Epoch 120/200:
2026-06-24 17:00:58,369 - INFO - Train loss: 0.4197 (2.7s)
Train loss: 0.4197 (2.7s)
2026-06-24 17:00:58,623 - INFO - Test instance 0.9500, class 0.9500
Test instance 0.9500, class 0.9500
2026-06-24 17:00:58,624 - INFO - Best instance 0.9750, class 0.9750 (epoch 110)
Best instance 0.9750, class 0.9750 (epoch 110)
2026-06-24 17:00:58,641 - INFO - Epoch 121/200:
Epoch 121/200:
2026-06-24 17:01:01,290 - INFO - Train loss: 0.4208 (2.6s)
Train loss: 0.4208 (2.6s)
2026-06-24 17:01:01,548 - INFO - Test instance 0.9625, class 0.9625
Test instance 0.9625, class 0.9625
2026-06-24 17:01:01,548 - INFO - Best instance 0.9750, class 0.9750 (epoch 110)
Best instance 0.9750, class 0.9750 (epoch 110)
2026-06-24 17:01:01,568 - INFO - Epoch 122/200:
Epoch 122/200:
2026-06-24 17:01:04,257 - INFO - Train loss: 0.4298 (2.7s)
Train loss: 0.4298 (2.7s)
2026-06-24 17:01:04,506 - INFO - Test instance 0.9250, class 0.9250
Test instance 0.9250, class 0.9250
2026-06-24 17:01:04,506 - INFO - Best instance 0.9750, class 0.9750 (epoch 110)
Best instance 0.9750, class 0.9750 (epoch 110)
2026-06-24 17:01:04,524 - INFO - Epoch 123/200:
Epoch 123/200:
2026-06-24 17:01:07,199 - INFO - Train loss: 0.4102 (2.7s)
Train loss: 0.4102 (2.7s)
2026-06-24 17:01:07,456 - INFO - Test instance 0.8750, class 0.8750
Test instance 0.8750, class 0.8750
2026-06-24 17:01:07,456 - INFO - Best instance 0.9750, class 0.9750 (epoch 110)
Best instance 0.9750, class 0.9750 (epoch 110)
2026-06-24 17:01:07,474 - INFO - Epoch 124/200:
Epoch 124/200:
2026-06-24 17:01:10,161 - INFO - Train loss: 0.4309 (2.7s)
Train loss: 0.4309 (2.7s)
2026-06-24 17:01:10,417 - INFO - Test instance 0.9250, class 0.9250
Test instance 0.9250, class 0.9250
2026-06-24 17:01:10,417 - INFO - Best instance 0.9750, class 0.9750 (epoch 110)
Best instance 0.9750, class 0.9750 (epoch 110)
2026-06-24 17:01:10,435 - INFO - Epoch 125/200:
Epoch 125/200:
2026-06-24 17:01:13,080 - INFO - Train loss: 0.4262 (2.6s)
Train loss: 0.4262 (2.6s)
2026-06-24 17:01:13,341 - INFO - Test instance 0.9750, class 0.9750
Test instance 0.9750, class 0.9750
2026-06-24 17:01:13,342 - INFO - Best instance 0.9750, class 0.9750 (epoch 110)
Best instance 0.9750, class 0.9750 (epoch 110)
2026-06-24 17:01:13,360 - INFO - Epoch 126/200:
Epoch 126/200:
2026-06-24 17:01:16,003 - INFO - Train loss: 0.4249 (2.6s)
Train loss: 0.4249 (2.6s)
2026-06-24 17:01:16,259 - INFO - Test instance 0.9500, class 0.9500
Test instance 0.9500, class 0.9500
2026-06-24 17:01:16,260 - INFO - Best instance 0.9750, class 0.9750 (epoch 110)
Best instance 0.9750, class 0.9750 (epoch 110)
2026-06-24 17:01:16,278 - INFO - Epoch 127/200:
Epoch 127/200:
2026-06-24 17:01:18,911 - INFO - Train loss: 0.4176 (2.6s)
Train loss: 0.4176 (2.6s)
2026-06-24 17:01:19,179 - INFO - Test instance 0.9625, class 0.9625
Test instance 0.9625, class 0.9625
2026-06-24 17:01:19,179 - INFO - Best instance 0.9750, class 0.9750 (epoch 110)
Best instance 0.9750, class 0.9750 (epoch 110)
2026-06-24 17:01:19,197 - INFO - Epoch 128/200:
Epoch 128/200:
2026-06-24 17:01:21,820 - INFO - Train loss: 0.4069 (2.6s)
Train loss: 0.4069 (2.6s)
2026-06-24 17:01:22,071 - INFO - Test instance 0.9375, class 0.9375
Test instance 0.9375, class 0.9375
2026-06-24 17:01:22,071 - INFO - Best instance 0.9750, class 0.9750 (epoch 110)
Best instance 0.9750, class 0.9750 (epoch 110)
2026-06-24 17:01:22,095 - INFO - Epoch 129/200:
Epoch 129/200:
2026-06-24 17:01:24,721 - INFO - Train loss: 0.4386 (2.6s)
Train loss: 0.4386 (2.6s)
2026-06-24 17:01:24,975 - INFO - Test instance 0.9250, class 0.9250
Test instance 0.9250, class 0.9250
2026-06-24 17:01:24,975 - INFO - Best instance 0.9750, class 0.9750 (epoch 110)
Best instance 0.9750, class 0.9750 (epoch 110)
2026-06-24 17:01:24,993 - INFO - Epoch 130/200:
Epoch 130/200:
2026-06-24 17:01:27,626 - INFO - Train loss: 0.4263 (2.6s)
Train loss: 0.4263 (2.6s)
2026-06-24 17:01:27,877 - INFO - Test instance 0.9250, class 0.9250
Test instance 0.9250, class 0.9250
2026-06-24 17:01:27,878 - INFO - Best instance 0.9750, class 0.9750 (epoch 110)
Best instance 0.9750, class 0.9750 (epoch 110)
2026-06-24 17:01:27,895 - INFO - Epoch 131/200:
Epoch 131/200:
2026-06-24 17:01:30,517 - INFO - Train loss: 0.4209 (2.6s)
Train loss: 0.4209 (2.6s)
2026-06-24 17:01:30,770 - INFO - Test instance 0.9375, class 0.9375
Test instance 0.9375, class 0.9375
2026-06-24 17:01:30,770 - INFO - Best instance 0.9750, class 0.9750 (epoch 110)
Best instance 0.9750, class 0.9750 (epoch 110)
2026-06-24 17:01:30,788 - INFO - Epoch 132/200:
Epoch 132/200:
2026-06-24 17:01:33,437 - INFO - Train loss: 0.4280 (2.6s)
Train loss: 0.4280 (2.6s)
2026-06-24 17:01:33,693 - INFO - Test instance 0.9500, class 0.9500
Test instance 0.9500, class 0.9500
2026-06-24 17:01:33,693 - INFO - Best instance 0.9750, class 0.9750 (epoch 110)
Best instance 0.9750, class 0.9750 (epoch 110)
2026-06-24 17:01:33,711 - INFO - Epoch 133/200:
Epoch 133/200:
2026-06-24 17:01:36,363 - INFO - Train loss: 0.4209 (2.7s)
Train loss: 0.4209 (2.7s)
2026-06-24 17:01:36,620 - INFO - Test instance 0.8875, class 0.8875
Test instance 0.8875, class 0.8875
2026-06-24 17:01:36,621 - INFO - Best instance 0.9750, class 0.9750 (epoch 110)
Best instance 0.9750, class 0.9750 (epoch 110)
2026-06-24 17:01:36,638 - INFO - Epoch 134/200:
Epoch 134/200:
2026-06-24 17:01:39,285 - INFO - Train loss: 0.4317 (2.6s)
Train loss: 0.4317 (2.6s)
2026-06-24 17:01:39,543 - INFO - Test instance 0.9250, class 0.9250
Test instance 0.9250, class 0.9250
2026-06-24 17:01:39,543 - INFO - Best instance 0.9750, class 0.9750 (epoch 110)
Best instance 0.9750, class 0.9750 (epoch 110)
2026-06-24 17:01:39,561 - INFO - Epoch 135/200:
Epoch 135/200:
2026-06-24 17:01:42,229 - INFO - Train loss: 0.4109 (2.7s)
Train loss: 0.4109 (2.7s)
2026-06-24 17:01:42,487 - INFO - Test instance 0.9375, class 0.9375
Test instance 0.9375, class 0.9375
2026-06-24 17:01:42,488 - INFO - Best instance 0.9750, class 0.9750 (epoch 110)
Best instance 0.9750, class 0.9750 (epoch 110)
2026-06-24 17:01:42,505 - INFO - Epoch 136/200:
Epoch 136/200:
2026-06-24 17:01:45,162 - INFO - Train loss: 0.4047 (2.7s)
Train loss: 0.4047 (2.7s)
2026-06-24 17:01:45,417 - INFO - Test instance 0.9625, class 0.9625
Test instance 0.9625, class 0.9625
2026-06-24 17:01:45,417 - INFO - Best instance 0.9750, class 0.9750 (epoch 110)
Best instance 0.9750, class 0.9750 (epoch 110)
2026-06-24 17:01:45,435 - INFO - Epoch 137/200:
Epoch 137/200:
2026-06-24 17:01:48,111 - INFO - Train loss: 0.4256 (2.7s)
Train loss: 0.4256 (2.7s)
2026-06-24 17:01:48,372 - INFO - Test instance 0.9125, class 0.9125
Test instance 0.9125, class 0.9125
2026-06-24 17:01:48,372 - INFO - Best instance 0.9750, class 0.9750 (epoch 110)
Best instance 0.9750, class 0.9750 (epoch 110)
2026-06-24 17:01:48,390 - INFO - Epoch 138/200:
Epoch 138/200:
2026-06-24 17:01:51,025 - INFO - Train loss: 0.4292 (2.6s)
Train loss: 0.4292 (2.6s)
2026-06-24 17:01:51,280 - INFO - Test instance 0.9375, class 0.9375
Test instance 0.9375, class 0.9375
2026-06-24 17:01:51,280 - INFO - Best instance 0.9750, class 0.9750 (epoch 110)
Best instance 0.9750, class 0.9750 (epoch 110)
2026-06-24 17:01:51,298 - INFO - Epoch 139/200:
Epoch 139/200:
2026-06-24 17:01:53,954 - INFO - Train loss: 0.4270 (2.7s)
Train loss: 0.4270 (2.7s)
2026-06-24 17:01:54,209 - INFO - Test instance 0.9500, class 0.9500
Test instance 0.9500, class 0.9500
2026-06-24 17:01:54,209 - INFO - Best instance 0.9750, class 0.9750 (epoch 110)
Best instance 0.9750, class 0.9750 (epoch 110)
2026-06-24 17:01:54,227 - INFO - Epoch 140/200:
Epoch 140/200:
2026-06-24 17:01:56,892 - INFO - Train loss: 0.4260 (2.7s)
Train loss: 0.4260 (2.7s)
2026-06-24 17:01:57,148 - INFO - Test instance 0.9000, class 0.9000
Test instance 0.9000, class 0.9000
2026-06-24 17:01:57,149 - INFO - Best instance 0.9750, class 0.9750 (epoch 110)
Best instance 0.9750, class 0.9750 (epoch 110)
2026-06-24 17:01:57,166 - INFO - Epoch 141/200:
Epoch 141/200:
2026-06-24 17:01:59,841 - INFO - Train loss: 0.4116 (2.7s)
Train loss: 0.4116 (2.7s)
2026-06-24 17:02:00,103 - INFO - Test instance 0.9625, class 0.9625
Test instance 0.9625, class 0.9625
2026-06-24 17:02:00,103 - INFO - Best instance 0.9750, class 0.9750 (epoch 110)
Best instance 0.9750, class 0.9750 (epoch 110)
2026-06-24 17:02:00,121 - INFO - Epoch 142/200:
Epoch 142/200:
2026-06-24 17:02:02,837 - INFO - Train loss: 0.4342 (2.7s)
Train loss: 0.4342 (2.7s)
2026-06-24 17:02:03,100 - INFO - Test instance 0.9625, class 0.9625
Test instance 0.9625, class 0.9625
2026-06-24 17:02:03,101 - INFO - Best instance 0.9750, class 0.9750 (epoch 110)
Best instance 0.9750, class 0.9750 (epoch 110)
2026-06-24 17:02:03,119 - INFO - Epoch 143/200:
Epoch 143/200:
2026-06-24 17:02:05,779 - INFO - Train loss: 0.4109 (2.7s)
Train loss: 0.4109 (2.7s)
2026-06-24 17:02:06,036 - INFO - Test instance 0.9625, class 0.9625
Test instance 0.9625, class 0.9625
2026-06-24 17:02:06,037 - INFO - Best instance 0.9750, class 0.9750 (epoch 110)
Best instance 0.9750, class 0.9750 (epoch 110)
2026-06-24 17:02:06,055 - INFO - Epoch 144/200:
Epoch 144/200:
2026-06-24 17:02:08,752 - INFO - Train loss: 0.4041 (2.7s)
Train loss: 0.4041 (2.7s)
2026-06-24 17:02:09,016 - INFO - Test instance 0.9625, class 0.9625
Test instance 0.9625, class 0.9625
2026-06-24 17:02:09,016 - INFO - Best instance 0.9750, class 0.9750 (epoch 110)
Best instance 0.9750, class 0.9750 (epoch 110)
2026-06-24 17:02:09,034 - INFO - Epoch 145/200:
Epoch 145/200:
2026-06-24 17:02:11,730 - INFO - Train loss: 0.4232 (2.7s)
Train loss: 0.4232 (2.7s)
2026-06-24 17:02:11,992 - INFO - Test instance 0.9750, class 0.9750
Test instance 0.9750, class 0.9750
2026-06-24 17:02:11,993 - INFO - Best instance 0.9750, class 0.9750 (epoch 110)
Best instance 0.9750, class 0.9750 (epoch 110)
2026-06-24 17:02:12,011 - INFO - Epoch 146/200:
Epoch 146/200:
2026-06-24 17:02:14,683 - INFO - Train loss: 0.4205 (2.7s)
Train loss: 0.4205 (2.7s)
2026-06-24 17:02:14,954 - INFO - Test instance 0.9625, class 0.9625
Test instance 0.9625, class 0.9625
2026-06-24 17:02:14,954 - INFO - Best instance 0.9750, class 0.9750 (epoch 110)
Best instance 0.9750, class 0.9750 (epoch 110)
2026-06-24 17:02:14,972 - INFO - Epoch 147/200:
Epoch 147/200:
2026-06-24 17:02:17,622 - INFO - Train loss: 0.4092 (2.6s)
Train loss: 0.4092 (2.6s)
2026-06-24 17:02:17,873 - INFO - Test instance 0.9875, class 0.9875
Test instance 0.9875, class 0.9875
2026-06-24 17:02:17,890 - INFO - Best instance 0.9875, class 0.9875 (epoch 147)
Best instance 0.9875, class 0.9875 (epoch 147)
2026-06-24 17:02:17,907 - INFO - Epoch 148/200:
Epoch 148/200:
2026-06-24 17:02:20,569 - INFO - Train loss: 0.4023 (2.7s)
Train loss: 0.4023 (2.7s)
2026-06-24 17:02:20,826 - INFO - Test instance 0.9625, class 0.9625
Test instance 0.9625, class 0.9625
2026-06-24 17:02:20,826 - INFO - Best instance 0.9875, class 0.9875 (epoch 147)
Best instance 0.9875, class 0.9875 (epoch 147)
2026-06-24 17:02:20,844 - INFO - Epoch 149/200:
Epoch 149/200:
2026-06-24 17:02:23,554 - INFO - Train loss: 0.4107 (2.7s)
Train loss: 0.4107 (2.7s)
2026-06-24 17:02:23,811 - INFO - Test instance 0.9500, class 0.9500
Test instance 0.9500, class 0.9500
2026-06-24 17:02:23,812 - INFO - Best instance 0.9875, class 0.9875 (epoch 147)
Best instance 0.9875, class 0.9875 (epoch 147)
2026-06-24 17:02:23,830 - INFO - Epoch 150/200:
Epoch 150/200:
2026-06-24 17:02:26,520 - INFO - Train loss: 0.4086 (2.7s)
Train loss: 0.4086 (2.7s)
2026-06-24 17:02:26,782 - INFO - Test instance 0.9500, class 0.9500
Test instance 0.9500, class 0.9500
2026-06-24 17:02:26,782 - INFO - Best instance 0.9875, class 0.9875 (epoch 147)
Best instance 0.9875, class 0.9875 (epoch 147)
2026-06-24 17:02:26,800 - INFO - Epoch 151/200:
Epoch 151/200:
2026-06-24 17:02:29,430 - INFO - Train loss: 0.4139 (2.6s)
Train loss: 0.4139 (2.6s)
2026-06-24 17:02:29,678 - INFO - Test instance 0.9625, class 0.9625
Test instance 0.9625, class 0.9625
2026-06-24 17:02:29,679 - INFO - Best instance 0.9875, class 0.9875 (epoch 147)
Best instance 0.9875, class 0.9875 (epoch 147)
2026-06-24 17:02:29,696 - INFO - Epoch 152/200:
Epoch 152/200:
2026-06-24 17:02:32,329 - INFO - Train loss: 0.4169 (2.6s)
Train loss: 0.4169 (2.6s)
2026-06-24 17:02:32,583 - INFO - Test instance 0.9500, class 0.9500
Test instance 0.9500, class 0.9500
2026-06-24 17:02:32,583 - INFO - Best instance 0.9875, class 0.9875 (epoch 147)
Best instance 0.9875, class 0.9875 (epoch 147)
2026-06-24 17:02:32,601 - INFO - Epoch 153/200:
Epoch 153/200:
2026-06-24 17:02:35,222 - INFO - Train loss: 0.4076 (2.6s)
Train loss: 0.4076 (2.6s)
2026-06-24 17:02:35,484 - INFO - Test instance 0.9500, class 0.9500
Test instance 0.9500, class 0.9500
2026-06-24 17:02:35,484 - INFO - Best instance 0.9875, class 0.9875 (epoch 147)
Best instance 0.9875, class 0.9875 (epoch 147)
2026-06-24 17:02:35,502 - INFO - Epoch 154/200:
Epoch 154/200:
2026-06-24 17:02:38,157 - INFO - Train loss: 0.4221 (2.7s)
Train loss: 0.4221 (2.7s)
2026-06-24 17:02:38,411 - INFO - Test instance 0.9375, class 0.9375
Test instance 0.9375, class 0.9375
2026-06-24 17:02:38,412 - INFO - Best instance 0.9875, class 0.9875 (epoch 147)
Best instance 0.9875, class 0.9875 (epoch 147)
2026-06-24 17:02:38,430 - INFO - Epoch 155/200:
Epoch 155/200:
2026-06-24 17:02:41,090 - INFO - Train loss: 0.4240 (2.7s)
Train loss: 0.4240 (2.7s)
2026-06-24 17:02:41,348 - INFO - Test instance 0.9500, class 0.9500
Test instance 0.9500, class 0.9500
2026-06-24 17:02:41,348 - INFO - Best instance 0.9875, class 0.9875 (epoch 147)
Best instance 0.9875, class 0.9875 (epoch 147)
2026-06-24 17:02:41,366 - INFO - Epoch 156/200:
Epoch 156/200:
2026-06-24 17:02:44,007 - INFO - Train loss: 0.4120 (2.6s)
Train loss: 0.4120 (2.6s)
2026-06-24 17:02:44,259 - INFO - Test instance 0.9625, class 0.9625
Test instance 0.9625, class 0.9625
2026-06-24 17:02:44,259 - INFO - Best instance 0.9875, class 0.9875 (epoch 147)
Best instance 0.9875, class 0.9875 (epoch 147)
2026-06-24 17:02:44,276 - INFO - Epoch 157/200:
Epoch 157/200:
2026-06-24 17:02:46,945 - INFO - Train loss: 0.4147 (2.7s)
Train loss: 0.4147 (2.7s)
2026-06-24 17:02:47,202 - INFO - Test instance 0.9250, class 0.9250
Test instance 0.9250, class 0.9250
2026-06-24 17:02:47,202 - INFO - Best instance 0.9875, class 0.9875 (epoch 147)
Best instance 0.9875, class 0.9875 (epoch 147)
2026-06-24 17:02:47,220 - INFO - Epoch 158/200:
Epoch 158/200:
2026-06-24 17:02:49,897 - INFO - Train loss: 0.4098 (2.7s)
Train loss: 0.4098 (2.7s)
2026-06-24 17:02:50,163 - INFO - Test instance 0.9375, class 0.9375
Test instance 0.9375, class 0.9375
2026-06-24 17:02:50,164 - INFO - Best instance 0.9875, class 0.9875 (epoch 147)
Best instance 0.9875, class 0.9875 (epoch 147)
2026-06-24 17:02:50,182 - INFO - Epoch 159/200:
Epoch 159/200:
2026-06-24 17:02:52,870 - INFO - Train loss: 0.4137 (2.7s)
Train loss: 0.4137 (2.7s)
2026-06-24 17:02:53,133 - INFO - Test instance 0.9750, class 0.9750
Test instance 0.9750, class 0.9750
2026-06-24 17:02:53,133 - INFO - Best instance 0.9875, class 0.9875 (epoch 147)
Best instance 0.9875, class 0.9875 (epoch 147)
2026-06-24 17:02:53,151 - INFO - Epoch 160/200:
Epoch 160/200:
2026-06-24 17:02:55,791 - INFO - Train loss: 0.4174 (2.6s)
Train loss: 0.4174 (2.6s)
2026-06-24 17:02:56,044 - INFO - Test instance 0.8875, class 0.8875
Test instance 0.8875, class 0.8875
2026-06-24 17:02:56,045 - INFO - Best instance 0.9875, class 0.9875 (epoch 147)
Best instance 0.9875, class 0.9875 (epoch 147)
2026-06-24 17:02:56,063 - INFO - Epoch 161/200:
Epoch 161/200:
2026-06-24 17:02:58,723 - INFO - Train loss: 0.4078 (2.7s)
Train loss: 0.4078 (2.7s)
2026-06-24 17:02:58,984 - INFO - Test instance 0.9125, class 0.9125
Test instance 0.9125, class 0.9125
2026-06-24 17:02:58,984 - INFO - Best instance 0.9875, class 0.9875 (epoch 147)
Best instance 0.9875, class 0.9875 (epoch 147)
2026-06-24 17:02:59,001 - INFO - Epoch 162/200:
Epoch 162/200:
2026-06-24 17:03:01,640 - INFO - Train loss: 0.4142 (2.6s)
Train loss: 0.4142 (2.6s)
2026-06-24 17:03:01,914 - INFO - Test instance 0.9250, class 0.9250
Test instance 0.9250, class 0.9250
2026-06-24 17:03:01,914 - INFO - Best instance 0.9875, class 0.9875 (epoch 147)
Best instance 0.9875, class 0.9875 (epoch 147)
2026-06-24 17:03:01,932 - INFO - Epoch 163/200:
Epoch 163/200:
2026-06-24 17:03:04,604 - INFO - Train loss: 0.4112 (2.7s)
Train loss: 0.4112 (2.7s)
2026-06-24 17:03:04,854 - INFO - Test instance 0.9750, class 0.9750
Test instance 0.9750, class 0.9750
2026-06-24 17:03:04,855 - INFO - Best instance 0.9875, class 0.9875 (epoch 147)
Best instance 0.9875, class 0.9875 (epoch 147)
2026-06-24 17:03:04,871 - INFO - Epoch 164/200:
Epoch 164/200:
2026-06-24 17:03:07,542 - INFO - Train loss: 0.4079 (2.7s)
Train loss: 0.4079 (2.7s)
2026-06-24 17:03:07,795 - INFO - Test instance 0.9625, class 0.9625
Test instance 0.9625, class 0.9625
2026-06-24 17:03:07,795 - INFO - Best instance 0.9875, class 0.9875 (epoch 147)
Best instance 0.9875, class 0.9875 (epoch 147)
2026-06-24 17:03:07,812 - INFO - Epoch 165/200:
Epoch 165/200:
2026-06-24 17:03:10,494 - INFO - Train loss: 0.4145 (2.7s)
Train loss: 0.4145 (2.7s)
2026-06-24 17:03:10,755 - INFO - Test instance 0.9500, class 0.9500
Test instance 0.9500, class 0.9500
2026-06-24 17:03:10,755 - INFO - Best instance 0.9875, class 0.9875 (epoch 147)
Best instance 0.9875, class 0.9875 (epoch 147)
2026-06-24 17:03:10,773 - INFO - Epoch 166/200:
Epoch 166/200:
2026-06-24 17:03:13,429 - INFO - Train loss: 0.4116 (2.7s)
Train loss: 0.4116 (2.7s)
2026-06-24 17:03:13,685 - INFO - Test instance 0.9500, class 0.9500
Test instance 0.9500, class 0.9500
2026-06-24 17:03:13,686 - INFO - Best instance 0.9875, class 0.9875 (epoch 147)
Best instance 0.9875, class 0.9875 (epoch 147)
2026-06-24 17:03:13,703 - INFO - Epoch 167/200:
Epoch 167/200:
2026-06-24 17:03:16,359 - INFO - Train loss: 0.4114 (2.7s)
Train loss: 0.4114 (2.7s)
2026-06-24 17:03:16,610 - INFO - Test instance 0.9500, class 0.9500
Test instance 0.9500, class 0.9500
2026-06-24 17:03:16,610 - INFO - Best instance 0.9875, class 0.9875 (epoch 147)
Best instance 0.9875, class 0.9875 (epoch 147)
2026-06-24 17:03:16,628 - INFO - Epoch 168/200:
Epoch 168/200:
2026-06-24 17:03:19,274 - INFO - Train loss: 0.4090 (2.6s)
Train loss: 0.4090 (2.6s)
2026-06-24 17:03:19,539 - INFO - Test instance 0.9625, class 0.9625
Test instance 0.9625, class 0.9625
2026-06-24 17:03:19,540 - INFO - Best instance 0.9875, class 0.9875 (epoch 147)
Best instance 0.9875, class 0.9875 (epoch 147)
2026-06-24 17:03:19,558 - INFO - Epoch 169/200:
Epoch 169/200:
2026-06-24 17:03:22,224 - INFO - Train loss: 0.4092 (2.7s)
Train loss: 0.4092 (2.7s)
2026-06-24 17:03:22,483 - INFO - Test instance 0.9750, class 0.9750
Test instance 0.9750, class 0.9750
2026-06-24 17:03:22,483 - INFO - Best instance 0.9875, class 0.9875 (epoch 147)
Best instance 0.9875, class 0.9875 (epoch 147)
2026-06-24 17:03:22,500 - INFO - Epoch 170/200:
Epoch 170/200:
2026-06-24 17:03:25,130 - INFO - Train loss: 0.4191 (2.6s)
Train loss: 0.4191 (2.6s)
2026-06-24 17:03:25,390 - INFO - Test instance 0.9375, class 0.9375
Test instance 0.9375, class 0.9375
2026-06-24 17:03:25,391 - INFO - Best instance 0.9875, class 0.9875 (epoch 147)
Best instance 0.9875, class 0.9875 (epoch 147)
2026-06-24 17:03:25,408 - INFO - Epoch 171/200:
Epoch 171/200:
2026-06-24 17:03:28,074 - INFO - Train loss: 0.4073 (2.7s)
Train loss: 0.4073 (2.7s)
2026-06-24 17:03:28,340 - INFO - Test instance 0.9625, class 0.9625
Test instance 0.9625, class 0.9625
2026-06-24 17:03:28,341 - INFO - Best instance 0.9875, class 0.9875 (epoch 147)
Best instance 0.9875, class 0.9875 (epoch 147)
2026-06-24 17:03:28,358 - INFO - Epoch 172/200:
Epoch 172/200:
2026-06-24 17:03:31,023 - INFO - Train loss: 0.4252 (2.7s)
Train loss: 0.4252 (2.7s)
2026-06-24 17:03:31,293 - INFO - Test instance 0.9625, class 0.9625
Test instance 0.9625, class 0.9625
2026-06-24 17:03:31,293 - INFO - Best instance 0.9875, class 0.9875 (epoch 147)
Best instance 0.9875, class 0.9875 (epoch 147)
2026-06-24 17:03:31,311 - INFO - Epoch 173/200:
Epoch 173/200:
2026-06-24 17:03:33,985 - INFO - Train loss: 0.4023 (2.7s)
Train loss: 0.4023 (2.7s)
2026-06-24 17:03:34,244 - INFO - Test instance 0.9125, class 0.9125
Test instance 0.9125, class 0.9125
2026-06-24 17:03:34,244 - INFO - Best instance 0.9875, class 0.9875 (epoch 147)
Best instance 0.9875, class 0.9875 (epoch 147)
2026-06-24 17:03:34,262 - INFO - Epoch 174/200:
Epoch 174/200:
2026-06-24 17:03:36,916 - INFO - Train loss: 0.4044 (2.7s)
Train loss: 0.4044 (2.7s)
2026-06-24 17:03:37,175 - INFO - Test instance 0.9750, class 0.9750
Test instance 0.9750, class 0.9750
2026-06-24 17:03:37,175 - INFO - Best instance 0.9875, class 0.9875 (epoch 147)
Best instance 0.9875, class 0.9875 (epoch 147)
2026-06-24 17:03:37,192 - INFO - Epoch 175/200:
Epoch 175/200:
2026-06-24 17:03:39,832 - INFO - Train loss: 0.4034 (2.6s)
Train loss: 0.4034 (2.6s)
2026-06-24 17:03:40,087 - INFO - Test instance 0.9500, class 0.9500
Test instance 0.9500, class 0.9500
2026-06-24 17:03:40,087 - INFO - Best instance 0.9875, class 0.9875 (epoch 147)
Best instance 0.9875, class 0.9875 (epoch 147)
2026-06-24 17:03:40,105 - INFO - Epoch 176/200:
Epoch 176/200:
2026-06-24 17:03:42,739 - INFO - Train loss: 0.4173 (2.6s)
Train loss: 0.4173 (2.6s)
2026-06-24 17:03:42,999 - INFO - Test instance 0.9750, class 0.9750
Test instance 0.9750, class 0.9750
2026-06-24 17:03:42,999 - INFO - Best instance 0.9875, class 0.9875 (epoch 147)
Best instance 0.9875, class 0.9875 (epoch 147)
2026-06-24 17:03:43,018 - INFO - Epoch 177/200:
Epoch 177/200:
2026-06-24 17:03:45,648 - INFO - Train loss: 0.4151 (2.6s)
Train loss: 0.4151 (2.6s)
2026-06-24 17:03:45,894 - INFO - Test instance 0.9625, class 0.9625
Test instance 0.9625, class 0.9625
2026-06-24 17:03:45,895 - INFO - Best instance 0.9875, class 0.9875 (epoch 147)
Best instance 0.9875, class 0.9875 (epoch 147)
2026-06-24 17:03:45,912 - INFO - Epoch 178/200:
Epoch 178/200:
2026-06-24 17:03:48,553 - INFO - Train loss: 0.4218 (2.6s)
Train loss: 0.4218 (2.6s)
2026-06-24 17:03:48,809 - INFO - Test instance 0.9625, class 0.9625
Test instance 0.9625, class 0.9625
2026-06-24 17:03:48,810 - INFO - Best instance 0.9875, class 0.9875 (epoch 147)
Best instance 0.9875, class 0.9875 (epoch 147)
2026-06-24 17:03:48,826 - INFO - Epoch 179/200:
Epoch 179/200:
2026-06-24 17:03:51,435 - INFO - Train loss: 0.4057 (2.6s)
Train loss: 0.4057 (2.6s)
2026-06-24 17:03:51,694 - INFO - Test instance 0.9750, class 0.9750
Test instance 0.9750, class 0.9750
2026-06-24 17:03:51,694 - INFO - Best instance 0.9875, class 0.9875 (epoch 147)
Best instance 0.9875, class 0.9875 (epoch 147)
2026-06-24 17:03:51,711 - INFO - Epoch 180/200:
Epoch 180/200:
2026-06-24 17:03:54,327 - INFO - Train loss: 0.4302 (2.6s)
Train loss: 0.4302 (2.6s)
2026-06-24 17:03:54,589 - INFO - Test instance 0.9875, class 0.9875
Test instance 0.9875, class 0.9875
2026-06-24 17:03:54,590 - INFO - Best instance 0.9875, class 0.9875 (epoch 147)
Best instance 0.9875, class 0.9875 (epoch 147)
2026-06-24 17:03:54,607 - INFO - Epoch 181/200:
Epoch 181/200:
2026-06-24 17:03:57,258 - INFO - Train loss: 0.4173 (2.7s)
Train loss: 0.4173 (2.7s)
2026-06-24 17:03:57,512 - INFO - Test instance 0.9625, class 0.9625
Test instance 0.9625, class 0.9625
2026-06-24 17:03:57,512 - INFO - Best instance 0.9875, class 0.9875 (epoch 147)
Best instance 0.9875, class 0.9875 (epoch 147)
2026-06-24 17:03:57,530 - INFO - Epoch 182/200:
Epoch 182/200:
2026-06-24 17:04:00,162 - INFO - Train loss: 0.4128 (2.6s)
Train loss: 0.4128 (2.6s)
2026-06-24 17:04:00,417 - INFO - Test instance 0.9750, class 0.9750
Test instance 0.9750, class 0.9750
2026-06-24 17:04:00,418 - INFO - Best instance 0.9875, class 0.9875 (epoch 147)
Best instance 0.9875, class 0.9875 (epoch 147)
2026-06-24 17:04:00,435 - INFO - Epoch 183/200:
Epoch 183/200:
2026-06-24 17:04:03,073 - INFO - Train loss: 0.4223 (2.6s)
Train loss: 0.4223 (2.6s)
2026-06-24 17:04:03,330 - INFO - Test instance 0.9750, class 0.9750
Test instance 0.9750, class 0.9750
2026-06-24 17:04:03,331 - INFO - Best instance 0.9875, class 0.9875 (epoch 147)
Best instance 0.9875, class 0.9875 (epoch 147)
2026-06-24 17:04:03,348 - INFO - Epoch 184/200:
Epoch 184/200:
2026-06-24 17:04:05,967 - INFO - Train loss: 0.4133 (2.6s)
Train loss: 0.4133 (2.6s)
2026-06-24 17:04:06,228 - INFO - Test instance 0.9625, class 0.9625
Test instance 0.9625, class 0.9625
2026-06-24 17:04:06,228 - INFO - Best instance 0.9875, class 0.9875 (epoch 147)
Best instance 0.9875, class 0.9875 (epoch 147)
2026-06-24 17:04:06,246 - INFO - Epoch 185/200:
Epoch 185/200:
2026-06-24 17:04:08,862 - INFO - Train loss: 0.4191 (2.6s)
Train loss: 0.4191 (2.6s)
2026-06-24 17:04:09,124 - INFO - Test instance 0.9625, class 0.9625
Test instance 0.9625, class 0.9625
2026-06-24 17:04:09,124 - INFO - Best instance 0.9875, class 0.9875 (epoch 147)
Best instance 0.9875, class 0.9875 (epoch 147)
2026-06-24 17:04:09,142 - INFO - Epoch 186/200:
Epoch 186/200:
2026-06-24 17:04:11,790 - INFO - Train loss: 0.4052 (2.6s)
Train loss: 0.4052 (2.6s)
2026-06-24 17:04:12,049 - INFO - Test instance 0.9375, class 0.9375
Test instance 0.9375, class 0.9375
2026-06-24 17:04:12,049 - INFO - Best instance 0.9875, class 0.9875 (epoch 147)
Best instance 0.9875, class 0.9875 (epoch 147)
2026-06-24 17:04:12,066 - INFO - Epoch 187/200:
Epoch 187/200:
2026-06-24 17:04:14,700 - INFO - Train loss: 0.4193 (2.6s)
Train loss: 0.4193 (2.6s)
2026-06-24 17:04:14,956 - INFO - Test instance 0.9625, class 0.9625
Test instance 0.9625, class 0.9625
2026-06-24 17:04:14,956 - INFO - Best instance 0.9875, class 0.9875 (epoch 147)
Best instance 0.9875, class 0.9875 (epoch 147)
2026-06-24 17:04:14,974 - INFO - Epoch 188/200:
Epoch 188/200:
2026-06-24 17:04:17,594 - INFO - Train loss: 0.3873 (2.6s)
Train loss: 0.3873 (2.6s)
2026-06-24 17:04:17,851 - INFO - Test instance 0.9375, class 0.9375
Test instance 0.9375, class 0.9375
2026-06-24 17:04:17,851 - INFO - Best instance 0.9875, class 0.9875 (epoch 147)
Best instance 0.9875, class 0.9875 (epoch 147)
2026-06-24 17:04:17,868 - INFO - Epoch 189/200:
Epoch 189/200:
2026-06-24 17:04:20,504 - INFO - Train loss: 0.4064 (2.6s)
Train loss: 0.4064 (2.6s)
2026-06-24 17:04:20,765 - INFO - Test instance 0.9750, class 0.9750
Test instance 0.9750, class 0.9750
2026-06-24 17:04:20,766 - INFO - Best instance 0.9875, class 0.9875 (epoch 147)
Best instance 0.9875, class 0.9875 (epoch 147)
2026-06-24 17:04:20,783 - INFO - Epoch 190/200:
Epoch 190/200:
2026-06-24 17:04:23,416 - INFO - Train loss: 0.4167 (2.6s)
Train loss: 0.4167 (2.6s)
2026-06-24 17:04:23,680 - INFO - Test instance 0.9500, class 0.9500
Test instance 0.9500, class 0.9500
2026-06-24 17:04:23,680 - INFO - Best instance 0.9875, class 0.9875 (epoch 147)
Best instance 0.9875, class 0.9875 (epoch 147)
2026-06-24 17:04:23,697 - INFO - Epoch 191/200:
Epoch 191/200:
2026-06-24 17:04:26,326 - INFO - Train loss: 0.4005 (2.6s)
Train loss: 0.4005 (2.6s)
2026-06-24 17:04:26,585 - INFO - Test instance 0.9750, class 0.9750
Test instance 0.9750, class 0.9750
2026-06-24 17:04:26,586 - INFO - Best instance 0.9875, class 0.9875 (epoch 147)
Best instance 0.9875, class 0.9875 (epoch 147)
2026-06-24 17:04:26,603 - INFO - Epoch 192/200:
Epoch 192/200:
2026-06-24 17:04:29,229 - INFO - Train loss: 0.4101 (2.6s)
Train loss: 0.4101 (2.6s)
2026-06-24 17:04:29,484 - INFO - Test instance 0.9375, class 0.9375
Test instance 0.9375, class 0.9375
2026-06-24 17:04:29,484 - INFO - Best instance 0.9875, class 0.9875 (epoch 147)
Best instance 0.9875, class 0.9875 (epoch 147)
2026-06-24 17:04:29,501 - INFO - Epoch 193/200:
Epoch 193/200:
2026-06-24 17:04:32,126 - INFO - Train loss: 0.4093 (2.6s)
Train loss: 0.4093 (2.6s)
2026-06-24 17:04:32,375 - INFO - Test instance 0.9750, class 0.9750
Test instance 0.9750, class 0.9750
2026-06-24 17:04:32,376 - INFO - Best instance 0.9875, class 0.9875 (epoch 147)
Best instance 0.9875, class 0.9875 (epoch 147)
2026-06-24 17:04:32,393 - INFO - Epoch 194/200:
Epoch 194/200:
2026-06-24 17:04:35,031 - INFO - Train loss: 0.4174 (2.6s)
Train loss: 0.4174 (2.6s)
2026-06-24 17:04:35,290 - INFO - Test instance 0.9625, class 0.9625
Test instance 0.9625, class 0.9625
2026-06-24 17:04:35,290 - INFO - Best instance 0.9875, class 0.9875 (epoch 147)
Best instance 0.9875, class 0.9875 (epoch 147)
2026-06-24 17:04:35,307 - INFO - Epoch 195/200:
Epoch 195/200:
2026-06-24 17:04:37,943 - INFO - Train loss: 0.4206 (2.6s)
Train loss: 0.4206 (2.6s)
2026-06-24 17:04:38,197 - INFO - Test instance 0.9750, class 0.9750
Test instance 0.9750, class 0.9750
2026-06-24 17:04:38,197 - INFO - Best instance 0.9875, class 0.9875 (epoch 147)
Best instance 0.9875, class 0.9875 (epoch 147)
2026-06-24 17:04:38,214 - INFO - Epoch 196/200:
Epoch 196/200:
2026-06-24 17:04:40,845 - INFO - Train loss: 0.4063 (2.6s)
Train loss: 0.4063 (2.6s)
2026-06-24 17:04:41,100 - INFO - Test instance 0.9500, class 0.9500
Test instance 0.9500, class 0.9500
2026-06-24 17:04:41,100 - INFO - Best instance 0.9875, class 0.9875 (epoch 147)
Best instance 0.9875, class 0.9875 (epoch 147)
2026-06-24 17:04:41,117 - INFO - Epoch 197/200:
Epoch 197/200:
2026-06-24 17:04:43,747 - INFO - Train loss: 0.4288 (2.6s)
Train loss: 0.4288 (2.6s)
2026-06-24 17:04:44,000 - INFO - Test instance 0.9625, class 0.9625
Test instance 0.9625, class 0.9625
2026-06-24 17:04:44,001 - INFO - Best instance 0.9875, class 0.9875 (epoch 147)
Best instance 0.9875, class 0.9875 (epoch 147)
2026-06-24 17:04:44,018 - INFO - Epoch 198/200:
Epoch 198/200:
2026-06-24 17:04:46,664 - INFO - Train loss: 0.4127 (2.6s)
Train loss: 0.4127 (2.6s)
2026-06-24 17:04:46,921 - INFO - Test instance 0.9375, class 0.9375
Test instance 0.9375, class 0.9375
2026-06-24 17:04:46,922 - INFO - Best instance 0.9875, class 0.9875 (epoch 147)
Best instance 0.9875, class 0.9875 (epoch 147)
2026-06-24 17:04:46,938 - INFO - Epoch 199/200:
Epoch 199/200:
2026-06-24 17:04:49,568 - INFO - Train loss: 0.4052 (2.6s)
Train loss: 0.4052 (2.6s)
2026-06-24 17:04:49,833 - INFO - Test instance 0.9500, class 0.9500
Test instance 0.9500, class 0.9500
2026-06-24 17:04:49,833 - INFO - Best instance 0.9875, class 0.9875 (epoch 147)
Best instance 0.9875, class 0.9875 (epoch 147)
2026-06-24 17:04:49,850 - INFO - Epoch 200/200:
Epoch 200/200:
2026-06-24 17:04:52,471 - INFO - Train loss: 0.4199 (2.6s)
Train loss: 0.4199 (2.6s)
2026-06-24 17:04:52,727 - INFO - Test instance 0.9250, class 0.9250
Test instance 0.9250, class 0.9250
2026-06-24 17:04:52,728 - INFO - Best instance 0.9875, class 0.9875 (epoch 147)
Best instance 0.9875, class 0.9875 (epoch 147)
2026-06-24 17:05:13,611 - INFO - Student 1.42 MB, 61.15 ms
Student 1.42 MB, 61.15 ms
