[Thu Jun 25 00:17:58 EDT 2026] task 12 on GPU 0: python flkd/advanced_kd_train_classification.py --teacher_model pointnet2_cls_ssg --student_model small_pointnet2 --kd_strategy self --dataset modelnet40 --seed 123 --batch_size 48 --epoch 200 --num_point 1024 --teacher_path "outputs/modelnet40/flkd/federated/classification/fl_pointnet2_cls_ssg_fedavg_s123/checkpoints/best_model.pth" --log_dir kd_pointnet2_cls_ssg_fedavg+self_small_pointnet2_s123  --data_root data --output_root outputs --num_workers -1 --max_runtime_hours 166.0
The size of train data is 9843
The size of test data is 2468
Loaded teacher from outputs/modelnet40/flkd/federated/classification/fl_pointnet2_cls_ssg_fedavg_s123/checkpoints/best_model.pth
2026-06-25 00:18:00,228 - INFO - PARAMETER ...
2026-06-25 00:18:00,229 - INFO - {'use_cpu': False, 'no_amp': False, 'gpu': '0', 'num_workers': -1, 'batch_size': 48, 'teacher_model': 'pointnet2_cls_ssg', 'student_model': 'small_pointnet2', 'num_category': 40, 'dataset': 'modelnet40', 'data_root': 'data', 'output_root': 'outputs', 'train_split': 0.8, 'dataset_seed': 0, 'cache_dataset': True, 'min_class_samples': 1, 'epoch': 200, 'learning_rate': 0.001, 'num_point': 1024, 'optimizer': 'Adam', 'log_dir': 'kd_pointnet2_cls_ssg_fedavg+self_small_pointnet2_s123', 'decay_rate': 0.0001, 'use_normals': False, 'process_data': False, 'use_uniform_sample': False, 'resume': True, 'kd_strategy': 'self', 'alpha': 0.5, 'temperature': 2.0, 'beta': 0.5, 'dkd_alpha': 1.0, 'dkd_beta': 8.0, 'crd_temperature': 0.07, 'teacher_path': 'outputs/modelnet40/flkd/federated/classification/fl_pointnet2_cls_ssg_fedavg_s123/checkpoints/best_model.pth', 'teacher_paths': None, 'teacher_weights': None, 'use_hard_labels': 'on', 'unlabeled': False, 'temperature_sweep': None, 'seed': 123, 'max_runtime_hours': 166.0}
2026-06-25 00:18:00,230 - INFO - KD=self student=small_pointnet2 AMP=False use_hard=True unlabeled=False T=2.0
KD=self student=small_pointnet2 AMP=False use_hard=True unlabeled=False T=2.0
2026-06-25 00:18:00,248 - INFO - Epoch 1/200:
Epoch 1/200:
2026-06-25 00:19:40,797 - INFO - Train loss: 1.4017 (100.5s)
Train loss: 1.4017 (100.5s)
2026-06-25 00:20:09,232 - INFO - Test instance 0.4502, class 0.3515
Test instance 0.4502, class 0.3515
2026-06-25 00:20:09,259 - INFO - Best instance 0.4502, class 0.3515 (epoch 1)
Best instance 0.4502, class 0.3515 (epoch 1)
2026-06-25 00:20:09,289 - INFO - Epoch 2/200:
Epoch 2/200:
2026-06-25 00:21:46,046 - INFO - Train loss: 1.0400 (96.8s)
Train loss: 1.0400 (96.8s)
2026-06-25 00:22:09,706 - INFO - Test instance 0.6613, class 0.5363
Test instance 0.6613, class 0.5363
2026-06-25 00:22:09,730 - INFO - Best instance 0.6613, class 0.5363 (epoch 2)
Best instance 0.6613, class 0.5363 (epoch 2)
2026-06-25 00:22:09,746 - INFO - Epoch 3/200:
Epoch 3/200:
2026-06-25 00:23:46,320 - INFO - Train loss: 0.9191 (96.6s)
Train loss: 0.9191 (96.6s)
2026-06-25 00:24:09,914 - INFO - Test instance 0.7318, class 0.6115
Test instance 0.7318, class 0.6115
2026-06-25 00:24:09,945 - INFO - Best instance 0.7318, class 0.6115 (epoch 3)
Best instance 0.7318, class 0.6115 (epoch 3)
2026-06-25 00:24:09,961 - INFO - Epoch 4/200:
Epoch 4/200:
2026-06-25 00:25:46,954 - INFO - Train loss: 0.8464 (97.0s)
Train loss: 0.8464 (97.0s)
2026-06-25 00:26:10,594 - INFO - Test instance 0.7800, class 0.6783
Test instance 0.7800, class 0.6783
2026-06-25 00:26:10,616 - INFO - Best instance 0.7800, class 0.6783 (epoch 4)
Best instance 0.7800, class 0.6783 (epoch 4)
2026-06-25 00:26:10,632 - INFO - Epoch 5/200:
Epoch 5/200:
2026-06-25 00:27:47,321 - INFO - Train loss: 0.7986 (96.7s)
Train loss: 0.7986 (96.7s)
2026-06-25 00:28:10,872 - INFO - Test instance 0.8209, class 0.7123
Test instance 0.8209, class 0.7123
2026-06-25 00:28:10,893 - INFO - Best instance 0.8209, class 0.7123 (epoch 5)
Best instance 0.8209, class 0.7123 (epoch 5)
2026-06-25 00:28:10,909 - INFO - Epoch 6/200:
Epoch 6/200:
2026-06-25 00:29:48,091 - INFO - Train loss: 0.7666 (97.2s)
Train loss: 0.7666 (97.2s)
2026-06-25 00:30:11,782 - INFO - Test instance 0.8209, class 0.7209
Test instance 0.8209, class 0.7209
2026-06-25 00:30:11,786 - INFO - Best instance 0.8209, class 0.7123 (epoch 5)
Best instance 0.8209, class 0.7123 (epoch 5)
2026-06-25 00:30:11,809 - INFO - Epoch 7/200:
Epoch 7/200:
2026-06-25 00:31:48,614 - INFO - Train loss: 0.7404 (96.8s)
Train loss: 0.7404 (96.8s)
2026-06-25 00:32:12,165 - INFO - Test instance 0.8343, class 0.7481
Test instance 0.8343, class 0.7481
2026-06-25 00:32:12,185 - INFO - Best instance 0.8343, class 0.7481 (epoch 7)
Best instance 0.8343, class 0.7481 (epoch 7)
2026-06-25 00:32:12,203 - INFO - Epoch 8/200:
Epoch 8/200:
2026-06-25 00:33:48,734 - INFO - Train loss: 0.7239 (96.5s)
Train loss: 0.7239 (96.5s)
2026-06-25 00:34:12,347 - INFO - Test instance 0.8468, class 0.7640
Test instance 0.8468, class 0.7640
2026-06-25 00:34:12,369 - INFO - Best instance 0.8468, class 0.7640 (epoch 8)
Best instance 0.8468, class 0.7640 (epoch 8)
2026-06-25 00:34:12,385 - INFO - Epoch 9/200:
Epoch 9/200:
2026-06-25 00:35:49,577 - INFO - Train loss: 0.7049 (97.2s)
Train loss: 0.7049 (97.2s)
2026-06-25 00:36:13,279 - INFO - Test instance 0.8537, class 0.7867
Test instance 0.8537, class 0.7867
2026-06-25 00:36:13,299 - INFO - Best instance 0.8537, class 0.7867 (epoch 9)
Best instance 0.8537, class 0.7867 (epoch 9)
2026-06-25 00:36:13,315 - INFO - Epoch 10/200:
Epoch 10/200:
2026-06-25 00:37:49,643 - INFO - Train loss: 0.6901 (96.3s)
Train loss: 0.6901 (96.3s)
2026-06-25 00:38:13,094 - INFO - Test instance 0.8630, class 0.7820
Test instance 0.8630, class 0.7820
2026-06-25 00:38:13,117 - INFO - Best instance 0.8630, class 0.7820 (epoch 10)
Best instance 0.8630, class 0.7820 (epoch 10)
2026-06-25 00:38:13,133 - INFO - Epoch 11/200:
Epoch 11/200:
2026-06-25 00:39:50,034 - INFO - Train loss: 0.6884 (96.9s)
Train loss: 0.6884 (96.9s)
2026-06-25 00:40:13,851 - INFO - Test instance 0.8562, class 0.7769
Test instance 0.8562, class 0.7769
2026-06-25 00:40:13,854 - INFO - Best instance 0.8630, class 0.7820 (epoch 10)
Best instance 0.8630, class 0.7820 (epoch 10)
2026-06-25 00:40:13,871 - INFO - Epoch 12/200:
Epoch 12/200:
2026-06-25 00:41:52,080 - INFO - Train loss: 0.6722 (98.2s)
Train loss: 0.6722 (98.2s)
2026-06-25 00:42:15,759 - INFO - Test instance 0.8663, class 0.8065
Test instance 0.8663, class 0.8065
2026-06-25 00:42:15,779 - INFO - Best instance 0.8663, class 0.8065 (epoch 12)
Best instance 0.8663, class 0.8065 (epoch 12)
2026-06-25 00:42:15,795 - INFO - Epoch 13/200:
Epoch 13/200:
2026-06-25 00:43:52,421 - INFO - Train loss: 0.6695 (96.6s)
Train loss: 0.6695 (96.6s)
2026-06-25 00:44:15,989 - INFO - Test instance 0.8793, class 0.8079
Test instance 0.8793, class 0.8079
2026-06-25 00:44:16,016 - INFO - Best instance 0.8793, class 0.8079 (epoch 13)
Best instance 0.8793, class 0.8079 (epoch 13)
2026-06-25 00:44:16,032 - INFO - Epoch 14/200:
Epoch 14/200:
2026-06-25 00:45:52,732 - INFO - Train loss: 0.6618 (96.7s)
Train loss: 0.6618 (96.7s)
2026-06-25 00:46:16,592 - INFO - Test instance 0.8712, class 0.8086
Test instance 0.8712, class 0.8086
2026-06-25 00:46:16,595 - INFO - Best instance 0.8793, class 0.8079 (epoch 13)
Best instance 0.8793, class 0.8079 (epoch 13)
2026-06-25 00:46:16,615 - INFO - Epoch 15/200:
Epoch 15/200:
2026-06-25 00:47:52,992 - INFO - Train loss: 0.6503 (96.4s)
Train loss: 0.6503 (96.4s)
2026-06-25 00:48:16,535 - INFO - Test instance 0.8817, class 0.8300
Test instance 0.8817, class 0.8300
2026-06-25 00:48:16,554 - INFO - Best instance 0.8817, class 0.8300 (epoch 15)
Best instance 0.8817, class 0.8300 (epoch 15)
2026-06-25 00:48:16,570 - INFO - Epoch 16/200:
Epoch 16/200:
2026-06-25 00:49:53,193 - INFO - Train loss: 0.6483 (96.6s)
Train loss: 0.6483 (96.6s)
2026-06-25 00:50:16,805 - INFO - Test instance 0.8699, class 0.8147
Test instance 0.8699, class 0.8147
2026-06-25 00:50:16,808 - INFO - Best instance 0.8817, class 0.8300 (epoch 15)
Best instance 0.8817, class 0.8300 (epoch 15)
2026-06-25 00:50:16,825 - INFO - Epoch 17/200:
Epoch 17/200:
2026-06-25 00:51:53,657 - INFO - Train loss: 0.6411 (96.8s)
Train loss: 0.6411 (96.8s)
2026-06-25 00:52:17,166 - INFO - Test instance 0.8947, class 0.8299
Test instance 0.8947, class 0.8299
2026-06-25 00:52:17,189 - INFO - Best instance 0.8947, class 0.8299 (epoch 17)
Best instance 0.8947, class 0.8299 (epoch 17)
2026-06-25 00:52:17,207 - INFO - Epoch 18/200:
Epoch 18/200:
2026-06-25 00:53:53,892 - INFO - Train loss: 0.6387 (96.7s)
Train loss: 0.6387 (96.7s)
2026-06-25 00:54:17,540 - INFO - Test instance 0.8890, class 0.8259
Test instance 0.8890, class 0.8259
2026-06-25 00:54:17,543 - INFO - Best instance 0.8947, class 0.8299 (epoch 17)
Best instance 0.8947, class 0.8299 (epoch 17)
2026-06-25 00:54:17,563 - INFO - Epoch 19/200:
Epoch 19/200:
2026-06-25 00:55:54,296 - INFO - Train loss: 0.6394 (96.7s)
Train loss: 0.6394 (96.7s)
2026-06-25 00:56:17,820 - INFO - Test instance 0.8825, class 0.8231
Test instance 0.8825, class 0.8231
2026-06-25 00:56:17,822 - INFO - Best instance 0.8947, class 0.8299 (epoch 17)
Best instance 0.8947, class 0.8299 (epoch 17)
2026-06-25 00:56:17,839 - INFO - Epoch 20/200:
Epoch 20/200:
2026-06-25 00:57:54,341 - INFO - Train loss: 0.6306 (96.5s)
Train loss: 0.6306 (96.5s)
2026-06-25 00:58:18,049 - INFO - Test instance 0.8797, class 0.8300
Test instance 0.8797, class 0.8300
2026-06-25 00:58:18,053 - INFO - Best instance 0.8947, class 0.8299 (epoch 17)
Best instance 0.8947, class 0.8299 (epoch 17)
2026-06-25 00:58:18,070 - INFO - Epoch 21/200:
Epoch 21/200:
2026-06-25 00:59:54,767 - INFO - Train loss: 0.6194 (96.7s)
Train loss: 0.6194 (96.7s)
2026-06-25 01:00:18,080 - INFO - Test instance 0.9015, class 0.8437
Test instance 0.9015, class 0.8437
2026-06-25 01:00:18,099 - INFO - Best instance 0.9015, class 0.8437 (epoch 21)
Best instance 0.9015, class 0.8437 (epoch 21)
2026-06-25 01:00:18,115 - INFO - Epoch 22/200:
Epoch 22/200:
2026-06-25 01:01:54,854 - INFO - Train loss: 0.6087 (96.7s)
Train loss: 0.6087 (96.7s)
2026-06-25 01:02:18,513 - INFO - Test instance 0.9052, class 0.8570
Test instance 0.9052, class 0.8570
2026-06-25 01:02:18,534 - INFO - Best instance 0.9052, class 0.8570 (epoch 22)
Best instance 0.9052, class 0.8570 (epoch 22)
2026-06-25 01:02:18,552 - INFO - Epoch 23/200:
Epoch 23/200:
2026-06-25 01:03:55,064 - INFO - Train loss: 0.6075 (96.5s)
Train loss: 0.6075 (96.5s)
2026-06-25 01:04:18,690 - INFO - Test instance 0.9060, class 0.8486
Test instance 0.9060, class 0.8486
2026-06-25 01:04:18,710 - INFO - Best instance 0.9060, class 0.8486 (epoch 23)
Best instance 0.9060, class 0.8486 (epoch 23)
2026-06-25 01:04:18,725 - INFO - Epoch 24/200:
Epoch 24/200:
2026-06-25 01:05:55,365 - INFO - Train loss: 0.6057 (96.6s)
Train loss: 0.6057 (96.6s)
2026-06-25 01:06:19,004 - INFO - Test instance 0.9019, class 0.8473
Test instance 0.9019, class 0.8473
2026-06-25 01:06:19,007 - INFO - Best instance 0.9060, class 0.8486 (epoch 23)
Best instance 0.9060, class 0.8486 (epoch 23)
2026-06-25 01:06:19,024 - INFO - Epoch 25/200:
Epoch 25/200:
2026-06-25 01:07:56,184 - INFO - Train loss: 0.6023 (97.2s)
Train loss: 0.6023 (97.2s)
2026-06-25 01:08:19,867 - INFO - Test instance 0.9088, class 0.8590
Test instance 0.9088, class 0.8590
2026-06-25 01:08:19,889 - INFO - Best instance 0.9088, class 0.8590 (epoch 25)
Best instance 0.9088, class 0.8590 (epoch 25)
2026-06-25 01:08:19,905 - INFO - Epoch 26/200:
Epoch 26/200:
2026-06-25 01:09:56,705 - INFO - Train loss: 0.6008 (96.8s)
Train loss: 0.6008 (96.8s)
2026-06-25 01:10:20,178 - INFO - Test instance 0.8910, class 0.8401
Test instance 0.8910, class 0.8401
2026-06-25 01:10:20,181 - INFO - Best instance 0.9088, class 0.8590 (epoch 25)
Best instance 0.9088, class 0.8590 (epoch 25)
2026-06-25 01:10:20,197 - INFO - Epoch 27/200:
Epoch 27/200:
2026-06-25 01:11:57,025 - INFO - Train loss: 0.6007 (96.8s)
Train loss: 0.6007 (96.8s)
2026-06-25 01:12:20,752 - INFO - Test instance 0.8971, class 0.8429
Test instance 0.8971, class 0.8429
2026-06-25 01:12:20,756 - INFO - Best instance 0.9088, class 0.8590 (epoch 25)
Best instance 0.9088, class 0.8590 (epoch 25)
2026-06-25 01:12:20,773 - INFO - Epoch 28/200:
Epoch 28/200:
2026-06-25 01:13:57,391 - INFO - Train loss: 0.5989 (96.6s)
Train loss: 0.5989 (96.6s)
2026-06-25 01:14:20,949 - INFO - Test instance 0.9080, class 0.8570
Test instance 0.9080, class 0.8570
2026-06-25 01:14:20,954 - INFO - Best instance 0.9088, class 0.8590 (epoch 25)
Best instance 0.9088, class 0.8590 (epoch 25)
2026-06-25 01:14:20,971 - INFO - Epoch 29/200:
Epoch 29/200:
2026-06-25 01:15:57,603 - INFO - Train loss: 0.5998 (96.6s)
Train loss: 0.5998 (96.6s)
2026-06-25 01:16:21,262 - INFO - Test instance 0.8959, class 0.8441
Test instance 0.8959, class 0.8441
2026-06-25 01:16:21,266 - INFO - Best instance 0.9088, class 0.8590 (epoch 25)
Best instance 0.9088, class 0.8590 (epoch 25)
2026-06-25 01:16:21,289 - INFO - Epoch 30/200:
Epoch 30/200:
2026-06-25 01:17:58,236 - INFO - Train loss: 0.5915 (96.9s)
Train loss: 0.5915 (96.9s)
2026-06-25 01:18:21,870 - INFO - Test instance 0.8987, class 0.8518
Test instance 0.8987, class 0.8518
2026-06-25 01:18:21,873 - INFO - Best instance 0.9088, class 0.8590 (epoch 25)
Best instance 0.9088, class 0.8590 (epoch 25)
2026-06-25 01:18:21,889 - INFO - Epoch 31/200:
Epoch 31/200:
2026-06-25 01:19:59,058 - INFO - Train loss: 0.5919 (97.2s)
Train loss: 0.5919 (97.2s)
2026-06-25 01:20:22,815 - INFO - Test instance 0.9019, class 0.8476
Test instance 0.9019, class 0.8476
2026-06-25 01:20:22,818 - INFO - Best instance 0.9088, class 0.8590 (epoch 25)
Best instance 0.9088, class 0.8590 (epoch 25)
2026-06-25 01:20:22,835 - INFO - Epoch 32/200:
Epoch 32/200:
2026-06-25 01:21:59,460 - INFO - Train loss: 0.5908 (96.6s)
Train loss: 0.5908 (96.6s)
2026-06-25 01:22:23,138 - INFO - Test instance 0.9076, class 0.8568
Test instance 0.9076, class 0.8568
2026-06-25 01:22:23,141 - INFO - Best instance 0.9088, class 0.8590 (epoch 25)
Best instance 0.9088, class 0.8590 (epoch 25)
2026-06-25 01:22:23,159 - INFO - Epoch 33/200:
Epoch 33/200:
2026-06-25 01:23:59,768 - INFO - Train loss: 0.5879 (96.6s)
Train loss: 0.5879 (96.6s)
2026-06-25 01:24:23,298 - INFO - Test instance 0.9007, class 0.8551
Test instance 0.9007, class 0.8551
2026-06-25 01:24:23,301 - INFO - Best instance 0.9088, class 0.8590 (epoch 25)
Best instance 0.9088, class 0.8590 (epoch 25)
2026-06-25 01:24:23,317 - INFO - Epoch 34/200:
Epoch 34/200:
2026-06-25 01:25:59,731 - INFO - Train loss: 0.5885 (96.4s)
Train loss: 0.5885 (96.4s)
2026-06-25 01:26:23,234 - INFO - Test instance 0.9052, class 0.8558
Test instance 0.9052, class 0.8558
2026-06-25 01:26:23,237 - INFO - Best instance 0.9088, class 0.8590 (epoch 25)
Best instance 0.9088, class 0.8590 (epoch 25)
2026-06-25 01:26:23,254 - INFO - Epoch 35/200:
Epoch 35/200:
2026-06-25 01:27:59,730 - INFO - Train loss: 0.5879 (96.5s)
Train loss: 0.5879 (96.5s)
2026-06-25 01:28:23,260 - INFO - Test instance 0.9007, class 0.8511
Test instance 0.9007, class 0.8511
2026-06-25 01:28:23,264 - INFO - Best instance 0.9088, class 0.8590 (epoch 25)
Best instance 0.9088, class 0.8590 (epoch 25)
2026-06-25 01:28:23,305 - INFO - Epoch 36/200:
Epoch 36/200:
2026-06-25 01:30:00,034 - INFO - Train loss: 0.5853 (96.7s)
Train loss: 0.5853 (96.7s)
2026-06-25 01:30:23,699 - INFO - Test instance 0.9080, class 0.8548
Test instance 0.9080, class 0.8548
2026-06-25 01:30:23,702 - INFO - Best instance 0.9088, class 0.8590 (epoch 25)
Best instance 0.9088, class 0.8590 (epoch 25)
2026-06-25 01:30:23,718 - INFO - Epoch 37/200:
Epoch 37/200:
2026-06-25 01:32:00,151 - INFO - Train loss: 0.5853 (96.4s)
Train loss: 0.5853 (96.4s)
2026-06-25 01:32:23,774 - INFO - Test instance 0.8999, class 0.8503
Test instance 0.8999, class 0.8503
2026-06-25 01:32:23,776 - INFO - Best instance 0.9088, class 0.8590 (epoch 25)
Best instance 0.9088, class 0.8590 (epoch 25)
2026-06-25 01:32:23,794 - INFO - Epoch 38/200:
Epoch 38/200:
2026-06-25 01:34:00,499 - INFO - Train loss: 0.5855 (96.7s)
Train loss: 0.5855 (96.7s)
2026-06-25 01:34:24,091 - INFO - Test instance 0.9028, class 0.8477
Test instance 0.9028, class 0.8477
2026-06-25 01:34:24,094 - INFO - Best instance 0.9088, class 0.8590 (epoch 25)
Best instance 0.9088, class 0.8590 (epoch 25)
2026-06-25 01:34:24,111 - INFO - Epoch 39/200:
Epoch 39/200:
2026-06-25 01:36:00,767 - INFO - Train loss: 0.5833 (96.7s)
Train loss: 0.5833 (96.7s)
2026-06-25 01:36:24,309 - INFO - Test instance 0.9003, class 0.8536
Test instance 0.9003, class 0.8536
2026-06-25 01:36:24,313 - INFO - Best instance 0.9088, class 0.8590 (epoch 25)
Best instance 0.9088, class 0.8590 (epoch 25)
2026-06-25 01:36:24,332 - INFO - Epoch 40/200:
Epoch 40/200:
2026-06-25 01:38:00,931 - INFO - Train loss: 0.5766 (96.6s)
Train loss: 0.5766 (96.6s)
2026-06-25 01:38:24,749 - INFO - Test instance 0.9040, class 0.8578
Test instance 0.9040, class 0.8578
2026-06-25 01:38:24,751 - INFO - Best instance 0.9088, class 0.8590 (epoch 25)
Best instance 0.9088, class 0.8590 (epoch 25)
2026-06-25 01:38:24,770 - INFO - Epoch 41/200:
Epoch 41/200:
2026-06-25 01:40:01,237 - INFO - Train loss: 0.5731 (96.5s)
Train loss: 0.5731 (96.5s)
2026-06-25 01:40:24,896 - INFO - Test instance 0.9129, class 0.8674
Test instance 0.9129, class 0.8674
2026-06-25 01:40:24,918 - INFO - Best instance 0.9129, class 0.8674 (epoch 41)
Best instance 0.9129, class 0.8674 (epoch 41)
2026-06-25 01:40:24,934 - INFO - Epoch 42/200:
Epoch 42/200:
2026-06-25 01:42:02,014 - INFO - Train loss: 0.5667 (97.1s)
Train loss: 0.5667 (97.1s)
2026-06-25 01:42:25,749 - INFO - Test instance 0.9100, class 0.8660
Test instance 0.9100, class 0.8660
2026-06-25 01:42:25,751 - INFO - Best instance 0.9129, class 0.8674 (epoch 41)
Best instance 0.9129, class 0.8674 (epoch 41)
2026-06-25 01:42:25,769 - INFO - Epoch 43/200:
Epoch 43/200:
2026-06-25 01:44:03,007 - INFO - Train loss: 0.5655 (97.2s)
Train loss: 0.5655 (97.2s)
2026-06-25 01:44:26,574 - INFO - Test instance 0.9133, class 0.8701
Test instance 0.9133, class 0.8701
2026-06-25 01:44:26,594 - INFO - Best instance 0.9133, class 0.8701 (epoch 43)
Best instance 0.9133, class 0.8701 (epoch 43)
2026-06-25 01:44:26,610 - INFO - Epoch 44/200:
Epoch 44/200:
2026-06-25 01:46:03,099 - INFO - Train loss: 0.5592 (96.5s)
Train loss: 0.5592 (96.5s)
2026-06-25 01:46:26,595 - INFO - Test instance 0.9076, class 0.8617
Test instance 0.9076, class 0.8617
2026-06-25 01:46:26,598 - INFO - Best instance 0.9133, class 0.8701 (epoch 43)
Best instance 0.9133, class 0.8701 (epoch 43)
2026-06-25 01:46:26,617 - INFO - Epoch 45/200:
Epoch 45/200:
2026-06-25 01:48:03,139 - INFO - Train loss: 0.5604 (96.5s)
Train loss: 0.5604 (96.5s)
2026-06-25 01:48:26,666 - INFO - Test instance 0.9052, class 0.8614
Test instance 0.9052, class 0.8614
2026-06-25 01:48:26,669 - INFO - Best instance 0.9133, class 0.8701 (epoch 43)
Best instance 0.9133, class 0.8701 (epoch 43)
2026-06-25 01:48:26,692 - INFO - Epoch 46/200:
Epoch 46/200:
2026-06-25 01:50:02,905 - INFO - Train loss: 0.5607 (96.2s)
Train loss: 0.5607 (96.2s)
2026-06-25 01:50:26,467 - INFO - Test instance 0.9133, class 0.8720
Test instance 0.9133, class 0.8720
2026-06-25 01:50:26,470 - INFO - Best instance 0.9133, class 0.8701 (epoch 43)
Best instance 0.9133, class 0.8701 (epoch 43)
2026-06-25 01:50:26,489 - INFO - Epoch 47/200:
Epoch 47/200:
2026-06-25 01:52:02,896 - INFO - Train loss: 0.5634 (96.4s)
Train loss: 0.5634 (96.4s)
2026-06-25 01:52:26,521 - INFO - Test instance 0.9084, class 0.8627
Test instance 0.9084, class 0.8627
2026-06-25 01:52:26,524 - INFO - Best instance 0.9133, class 0.8701 (epoch 43)
Best instance 0.9133, class 0.8701 (epoch 43)
2026-06-25 01:52:26,540 - INFO - Epoch 48/200:
Epoch 48/200:
2026-06-25 01:54:03,105 - INFO - Train loss: 0.5605 (96.6s)
Train loss: 0.5605 (96.6s)
2026-06-25 01:54:26,667 - INFO - Test instance 0.9161, class 0.8729
Test instance 0.9161, class 0.8729
2026-06-25 01:54:26,688 - INFO - Best instance 0.9161, class 0.8729 (epoch 48)
Best instance 0.9161, class 0.8729 (epoch 48)
2026-06-25 01:54:26,705 - INFO - Epoch 49/200:
Epoch 49/200:
2026-06-25 01:56:03,186 - INFO - Train loss: 0.5602 (96.5s)
Train loss: 0.5602 (96.5s)
2026-06-25 01:56:26,735 - INFO - Test instance 0.9157, class 0.8662
Test instance 0.9157, class 0.8662
2026-06-25 01:56:26,737 - INFO - Best instance 0.9161, class 0.8729 (epoch 48)
Best instance 0.9161, class 0.8729 (epoch 48)
2026-06-25 01:56:26,756 - INFO - Epoch 50/200:
Epoch 50/200:
2026-06-25 01:58:03,597 - INFO - Train loss: 0.5578 (96.8s)
Train loss: 0.5578 (96.8s)
2026-06-25 01:58:27,332 - INFO - Test instance 0.9040, class 0.8568
Test instance 0.9040, class 0.8568
2026-06-25 01:58:27,336 - INFO - Best instance 0.9161, class 0.8729 (epoch 48)
Best instance 0.9161, class 0.8729 (epoch 48)
2026-06-25 01:58:27,354 - INFO - Epoch 51/200:
Epoch 51/200:
2026-06-25 02:00:03,725 - INFO - Train loss: 0.5584 (96.4s)
Train loss: 0.5584 (96.4s)
2026-06-25 02:00:27,460 - INFO - Test instance 0.9036, class 0.8652
Test instance 0.9036, class 0.8652
2026-06-25 02:00:27,463 - INFO - Best instance 0.9161, class 0.8729 (epoch 48)
Best instance 0.9161, class 0.8729 (epoch 48)
2026-06-25 02:00:27,480 - INFO - Epoch 52/200:
Epoch 52/200:
2026-06-25 02:02:04,234 - INFO - Train loss: 0.5509 (96.8s)
Train loss: 0.5509 (96.8s)
2026-06-25 02:02:27,819 - INFO - Test instance 0.9198, class 0.8720
Test instance 0.9198, class 0.8720
2026-06-25 02:02:27,839 - INFO - Best instance 0.9198, class 0.8720 (epoch 52)
Best instance 0.9198, class 0.8720 (epoch 52)
2026-06-25 02:02:27,855 - INFO - Epoch 53/200:
Epoch 53/200:
2026-06-25 02:04:11,111 - INFO - Train loss: 0.5553 (103.3s)
Train loss: 0.5553 (103.3s)
2026-06-25 02:04:34,682 - INFO - Test instance 0.9056, class 0.8599
Test instance 0.9056, class 0.8599
2026-06-25 02:04:34,685 - INFO - Best instance 0.9198, class 0.8720 (epoch 52)
Best instance 0.9198, class 0.8720 (epoch 52)
2026-06-25 02:04:34,707 - INFO - Epoch 54/200:
Epoch 54/200:
2026-06-25 02:06:11,152 - INFO - Train loss: 0.5560 (96.4s)
Train loss: 0.5560 (96.4s)
2026-06-25 02:06:34,700 - INFO - Test instance 0.9137, class 0.8732
Test instance 0.9137, class 0.8732
2026-06-25 02:06:34,703 - INFO - Best instance 0.9198, class 0.8720 (epoch 52)
Best instance 0.9198, class 0.8720 (epoch 52)
2026-06-25 02:06:34,724 - INFO - Epoch 55/200:
Epoch 55/200:
2026-06-25 02:08:11,223 - INFO - Train loss: 0.5548 (96.5s)
Train loss: 0.5548 (96.5s)
2026-06-25 02:08:34,804 - INFO - Test instance 0.9153, class 0.8717
Test instance 0.9153, class 0.8717
2026-06-25 02:08:34,807 - INFO - Best instance 0.9198, class 0.8720 (epoch 52)
Best instance 0.9198, class 0.8720 (epoch 52)
2026-06-25 02:08:34,824 - INFO - Epoch 56/200:
Epoch 56/200:
2026-06-25 02:10:11,255 - INFO - Train loss: 0.5523 (96.4s)
Train loss: 0.5523 (96.4s)
2026-06-25 02:10:34,852 - INFO - Test instance 0.9137, class 0.8710
Test instance 0.9137, class 0.8710
2026-06-25 02:10:34,856 - INFO - Best instance 0.9198, class 0.8720 (epoch 52)
Best instance 0.9198, class 0.8720 (epoch 52)
2026-06-25 02:10:34,874 - INFO - Epoch 57/200:
Epoch 57/200:
2026-06-25 02:12:11,100 - INFO - Train loss: 0.5511 (96.2s)
Train loss: 0.5511 (96.2s)
2026-06-25 02:12:34,704 - INFO - Test instance 0.9173, class 0.8758
Test instance 0.9173, class 0.8758
2026-06-25 02:12:34,706 - INFO - Best instance 0.9198, class 0.8720 (epoch 52)
Best instance 0.9198, class 0.8720 (epoch 52)
2026-06-25 02:12:34,725 - INFO - Epoch 58/200:
Epoch 58/200:
2026-06-25 02:14:11,206 - INFO - Train loss: 0.5543 (96.5s)
Train loss: 0.5543 (96.5s)
2026-06-25 02:14:34,646 - INFO - Test instance 0.9133, class 0.8643
Test instance 0.9133, class 0.8643
2026-06-25 02:14:34,649 - INFO - Best instance 0.9198, class 0.8720 (epoch 52)
Best instance 0.9198, class 0.8720 (epoch 52)
2026-06-25 02:14:34,668 - INFO - Epoch 59/200:
Epoch 59/200:
2026-06-25 02:16:11,142 - INFO - Train loss: 0.5512 (96.5s)
Train loss: 0.5512 (96.5s)
2026-06-25 02:16:34,654 - INFO - Test instance 0.9165, class 0.8724
Test instance 0.9165, class 0.8724
2026-06-25 02:16:34,656 - INFO - Best instance 0.9198, class 0.8720 (epoch 52)
Best instance 0.9198, class 0.8720 (epoch 52)
2026-06-25 02:16:34,673 - INFO - Epoch 60/200:
Epoch 60/200:
2026-06-25 02:18:11,133 - INFO - Train loss: 0.5533 (96.5s)
Train loss: 0.5533 (96.5s)
2026-06-25 02:18:34,876 - INFO - Test instance 0.9145, class 0.8788
Test instance 0.9145, class 0.8788
2026-06-25 02:18:34,878 - INFO - Best instance 0.9198, class 0.8720 (epoch 52)
Best instance 0.9198, class 0.8720 (epoch 52)
2026-06-25 02:18:34,896 - INFO - Epoch 61/200:
Epoch 61/200:
2026-06-25 02:20:11,052 - INFO - Train loss: 0.5466 (96.2s)
Train loss: 0.5466 (96.2s)
2026-06-25 02:20:34,625 - INFO - Test instance 0.9182, class 0.8738
Test instance 0.9182, class 0.8738
2026-06-25 02:20:34,628 - INFO - Best instance 0.9198, class 0.8720 (epoch 52)
Best instance 0.9198, class 0.8720 (epoch 52)
2026-06-25 02:20:34,646 - INFO - Epoch 62/200:
Epoch 62/200:
2026-06-25 02:22:11,347 - INFO - Train loss: 0.5377 (96.7s)
Train loss: 0.5377 (96.7s)
2026-06-25 02:22:34,951 - INFO - Test instance 0.9226, class 0.8862
Test instance 0.9226, class 0.8862
2026-06-25 02:22:34,970 - INFO - Best instance 0.9226, class 0.8862 (epoch 62)
Best instance 0.9226, class 0.8862 (epoch 62)
2026-06-25 02:22:34,986 - INFO - Epoch 63/200:
Epoch 63/200:
2026-06-25 02:24:11,643 - INFO - Train loss: 0.5364 (96.7s)
Train loss: 0.5364 (96.7s)
2026-06-25 02:24:35,354 - INFO - Test instance 0.9222, class 0.8875
Test instance 0.9222, class 0.8875
2026-06-25 02:24:35,357 - INFO - Best instance 0.9226, class 0.8862 (epoch 62)
Best instance 0.9226, class 0.8862 (epoch 62)
2026-06-25 02:24:35,374 - INFO - Epoch 64/200:
Epoch 64/200:
2026-06-25 02:26:12,245 - INFO - Train loss: 0.5393 (96.9s)
Train loss: 0.5393 (96.9s)
2026-06-25 02:26:35,727 - INFO - Test instance 0.9153, class 0.8792
Test instance 0.9153, class 0.8792
2026-06-25 02:26:35,731 - INFO - Best instance 0.9226, class 0.8862 (epoch 62)
Best instance 0.9226, class 0.8862 (epoch 62)
2026-06-25 02:26:35,749 - INFO - Epoch 65/200:
Epoch 65/200:
2026-06-25 02:28:11,914 - INFO - Train loss: 0.5392 (96.2s)
Train loss: 0.5392 (96.2s)
2026-06-25 02:28:35,635 - INFO - Test instance 0.9157, class 0.8701
Test instance 0.9157, class 0.8701
2026-06-25 02:28:35,638 - INFO - Best instance 0.9226, class 0.8862 (epoch 62)
Best instance 0.9226, class 0.8862 (epoch 62)
2026-06-25 02:28:35,656 - INFO - Epoch 66/200:
Epoch 66/200:
2026-06-25 02:30:12,083 - INFO - Train loss: 0.5388 (96.4s)
Train loss: 0.5388 (96.4s)
2026-06-25 02:30:35,577 - INFO - Test instance 0.9177, class 0.8756
Test instance 0.9177, class 0.8756
2026-06-25 02:30:35,580 - INFO - Best instance 0.9226, class 0.8862 (epoch 62)
Best instance 0.9226, class 0.8862 (epoch 62)
2026-06-25 02:30:35,597 - INFO - Epoch 67/200:
Epoch 67/200:
2026-06-25 02:32:12,035 - INFO - Train loss: 0.5346 (96.4s)
Train loss: 0.5346 (96.4s)
2026-06-25 02:32:35,721 - INFO - Test instance 0.9254, class 0.8863
Test instance 0.9254, class 0.8863
2026-06-25 02:32:35,740 - INFO - Best instance 0.9254, class 0.8863 (epoch 67)
Best instance 0.9254, class 0.8863 (epoch 67)
2026-06-25 02:32:35,756 - INFO - Epoch 68/200:
Epoch 68/200:
2026-06-25 02:34:12,194 - INFO - Train loss: 0.5333 (96.4s)
Train loss: 0.5333 (96.4s)
2026-06-25 02:34:35,840 - INFO - Test instance 0.9145, class 0.8735
Test instance 0.9145, class 0.8735
2026-06-25 02:34:35,843 - INFO - Best instance 0.9254, class 0.8863 (epoch 67)
Best instance 0.9254, class 0.8863 (epoch 67)
2026-06-25 02:34:35,860 - INFO - Epoch 69/200:
Epoch 69/200:
2026-06-25 02:36:12,117 - INFO - Train loss: 0.5384 (96.3s)
Train loss: 0.5384 (96.3s)
2026-06-25 02:36:35,742 - INFO - Test instance 0.9165, class 0.8700
Test instance 0.9165, class 0.8700
2026-06-25 02:36:35,745 - INFO - Best instance 0.9254, class 0.8863 (epoch 67)
Best instance 0.9254, class 0.8863 (epoch 67)
2026-06-25 02:36:35,762 - INFO - Epoch 70/200:
Epoch 70/200:
2026-06-25 02:38:11,876 - INFO - Train loss: 0.5340 (96.1s)
Train loss: 0.5340 (96.1s)
2026-06-25 02:38:35,552 - INFO - Test instance 0.9149, class 0.8720
Test instance 0.9149, class 0.8720
2026-06-25 02:38:35,555 - INFO - Best instance 0.9254, class 0.8863 (epoch 67)
Best instance 0.9254, class 0.8863 (epoch 67)
2026-06-25 02:38:35,572 - INFO - Epoch 71/200:
Epoch 71/200:
2026-06-25 02:40:12,304 - INFO - Train loss: 0.5328 (96.7s)
Train loss: 0.5328 (96.7s)
2026-06-25 02:40:35,927 - INFO - Test instance 0.9169, class 0.8769
Test instance 0.9169, class 0.8769
2026-06-25 02:40:35,930 - INFO - Best instance 0.9254, class 0.8863 (epoch 67)
Best instance 0.9254, class 0.8863 (epoch 67)
2026-06-25 02:40:35,950 - INFO - Epoch 72/200:
Epoch 72/200:
2026-06-25 02:42:12,158 - INFO - Train loss: 0.5335 (96.2s)
Train loss: 0.5335 (96.2s)
2026-06-25 02:42:35,805 - INFO - Test instance 0.9198, class 0.8779
Test instance 0.9198, class 0.8779
2026-06-25 02:42:35,808 - INFO - Best instance 0.9254, class 0.8863 (epoch 67)
Best instance 0.9254, class 0.8863 (epoch 67)
2026-06-25 02:42:35,825 - INFO - Epoch 73/200:
Epoch 73/200:
2026-06-25 02:44:13,472 - INFO - Train loss: 0.5343 (97.6s)
Train loss: 0.5343 (97.6s)
2026-06-25 02:44:37,082 - INFO - Test instance 0.9238, class 0.8795
Test instance 0.9238, class 0.8795
2026-06-25 02:44:37,085 - INFO - Best instance 0.9254, class 0.8863 (epoch 67)
Best instance 0.9254, class 0.8863 (epoch 67)
2026-06-25 02:44:37,102 - INFO - Epoch 74/200:
Epoch 74/200:
2026-06-25 02:46:13,545 - INFO - Train loss: 0.5360 (96.4s)
Train loss: 0.5360 (96.4s)
2026-06-25 02:46:37,167 - INFO - Test instance 0.9121, class 0.8720
Test instance 0.9121, class 0.8720
2026-06-25 02:46:37,171 - INFO - Best instance 0.9254, class 0.8863 (epoch 67)
Best instance 0.9254, class 0.8863 (epoch 67)
2026-06-25 02:46:37,187 - INFO - Epoch 75/200:
Epoch 75/200:
2026-06-25 02:48:13,498 - INFO - Train loss: 0.5342 (96.3s)
Train loss: 0.5342 (96.3s)
2026-06-25 02:48:37,048 - INFO - Test instance 0.9137, class 0.8761
Test instance 0.9137, class 0.8761
2026-06-25 02:48:37,052 - INFO - Best instance 0.9254, class 0.8863 (epoch 67)
Best instance 0.9254, class 0.8863 (epoch 67)
2026-06-25 02:48:37,071 - INFO - Epoch 76/200:
Epoch 76/200:
2026-06-25 02:50:13,888 - INFO - Train loss: 0.5333 (96.8s)
Train loss: 0.5333 (96.8s)
2026-06-25 02:50:37,556 - INFO - Test instance 0.9246, class 0.8840
Test instance 0.9246, class 0.8840
2026-06-25 02:50:37,561 - INFO - Best instance 0.9254, class 0.8863 (epoch 67)
Best instance 0.9254, class 0.8863 (epoch 67)
2026-06-25 02:50:37,578 - INFO - Epoch 77/200:
Epoch 77/200:
2026-06-25 02:52:13,876 - INFO - Train loss: 0.5318 (96.3s)
Train loss: 0.5318 (96.3s)
2026-06-25 02:52:37,592 - INFO - Test instance 0.9186, class 0.8793
Test instance 0.9186, class 0.8793
2026-06-25 02:52:37,596 - INFO - Best instance 0.9254, class 0.8863 (epoch 67)
Best instance 0.9254, class 0.8863 (epoch 67)
2026-06-25 02:52:37,613 - INFO - Epoch 78/200:
Epoch 78/200:
2026-06-25 02:54:14,000 - INFO - Train loss: 0.5358 (96.4s)
Train loss: 0.5358 (96.4s)
2026-06-25 02:54:37,619 - INFO - Test instance 0.9202, class 0.8833
Test instance 0.9202, class 0.8833
2026-06-25 02:54:37,622 - INFO - Best instance 0.9254, class 0.8863 (epoch 67)
Best instance 0.9254, class 0.8863 (epoch 67)
2026-06-25 02:54:37,639 - INFO - Epoch 79/200:
Epoch 79/200:
2026-06-25 02:56:14,059 - INFO - Train loss: 0.5303 (96.4s)
Train loss: 0.5303 (96.4s)
2026-06-25 02:56:37,480 - INFO - Test instance 0.9117, class 0.8709
Test instance 0.9117, class 0.8709
2026-06-25 02:56:37,483 - INFO - Best instance 0.9254, class 0.8863 (epoch 67)
Best instance 0.9254, class 0.8863 (epoch 67)
2026-06-25 02:56:37,501 - INFO - Epoch 80/200:
Epoch 80/200:
2026-06-25 02:58:13,773 - INFO - Train loss: 0.5309 (96.3s)
Train loss: 0.5309 (96.3s)
2026-06-25 02:58:37,307 - INFO - Test instance 0.9234, class 0.8863
Test instance 0.9234, class 0.8863
2026-06-25 02:58:37,311 - INFO - Best instance 0.9254, class 0.8863 (epoch 67)
Best instance 0.9254, class 0.8863 (epoch 67)
2026-06-25 02:58:37,328 - INFO - Epoch 81/200:
Epoch 81/200:
2026-06-25 03:00:13,889 - INFO - Train loss: 0.5265 (96.6s)
Train loss: 0.5265 (96.6s)
2026-06-25 03:00:37,558 - INFO - Test instance 0.9214, class 0.8849
Test instance 0.9214, class 0.8849
2026-06-25 03:00:37,561 - INFO - Best instance 0.9254, class 0.8863 (epoch 67)
Best instance 0.9254, class 0.8863 (epoch 67)
2026-06-25 03:00:37,578 - INFO - Epoch 82/200:
Epoch 82/200:
2026-06-25 03:02:13,827 - INFO - Train loss: 0.5241 (96.2s)
Train loss: 0.5241 (96.2s)
2026-06-25 03:02:37,437 - INFO - Test instance 0.9218, class 0.8829
Test instance 0.9218, class 0.8829
2026-06-25 03:02:37,440 - INFO - Best instance 0.9254, class 0.8863 (epoch 67)
Best instance 0.9254, class 0.8863 (epoch 67)
2026-06-25 03:02:37,458 - INFO - Epoch 83/200:
Epoch 83/200:
2026-06-25 03:04:14,087 - INFO - Train loss: 0.5255 (96.6s)
Train loss: 0.5255 (96.6s)
2026-06-25 03:04:37,683 - INFO - Test instance 0.9202, class 0.8837
Test instance 0.9202, class 0.8837
2026-06-25 03:04:37,687 - INFO - Best instance 0.9254, class 0.8863 (epoch 67)
Best instance 0.9254, class 0.8863 (epoch 67)
2026-06-25 03:04:37,705 - INFO - Epoch 84/200:
Epoch 84/200:
2026-06-25 03:06:14,051 - INFO - Train loss: 0.5254 (96.3s)
Train loss: 0.5254 (96.3s)
2026-06-25 03:06:37,650 - INFO - Test instance 0.9157, class 0.8827
Test instance 0.9157, class 0.8827
2026-06-25 03:06:37,654 - INFO - Best instance 0.9254, class 0.8863 (epoch 67)
Best instance 0.9254, class 0.8863 (epoch 67)
2026-06-25 03:06:37,672 - INFO - Epoch 85/200:
Epoch 85/200:
2026-06-25 03:08:14,167 - INFO - Train loss: 0.5219 (96.5s)
Train loss: 0.5219 (96.5s)
2026-06-25 03:08:37,659 - INFO - Test instance 0.9173, class 0.8717
Test instance 0.9173, class 0.8717
2026-06-25 03:08:37,663 - INFO - Best instance 0.9254, class 0.8863 (epoch 67)
Best instance 0.9254, class 0.8863 (epoch 67)
2026-06-25 03:08:37,689 - INFO - Epoch 86/200:
Epoch 86/200:
2026-06-25 03:10:13,943 - INFO - Train loss: 0.5220 (96.3s)
Train loss: 0.5220 (96.3s)
2026-06-25 03:10:37,722 - INFO - Test instance 0.9177, class 0.8815
Test instance 0.9177, class 0.8815
2026-06-25 03:10:37,726 - INFO - Best instance 0.9254, class 0.8863 (epoch 67)
Best instance 0.9254, class 0.8863 (epoch 67)
2026-06-25 03:10:37,744 - INFO - Epoch 87/200:
Epoch 87/200:
2026-06-25 03:12:14,119 - INFO - Train loss: 0.5238 (96.4s)
Train loss: 0.5238 (96.4s)
2026-06-25 03:12:37,778 - INFO - Test instance 0.9250, class 0.8870
Test instance 0.9250, class 0.8870
2026-06-25 03:12:37,782 - INFO - Best instance 0.9254, class 0.8863 (epoch 67)
Best instance 0.9254, class 0.8863 (epoch 67)
2026-06-25 03:12:37,800 - INFO - Epoch 88/200:
Epoch 88/200:
2026-06-25 03:14:14,063 - INFO - Train loss: 0.5217 (96.3s)
Train loss: 0.5217 (96.3s)
2026-06-25 03:14:37,663 - INFO - Test instance 0.9238, class 0.8820
Test instance 0.9238, class 0.8820
2026-06-25 03:14:37,667 - INFO - Best instance 0.9254, class 0.8863 (epoch 67)
Best instance 0.9254, class 0.8863 (epoch 67)
2026-06-25 03:14:37,684 - INFO - Epoch 89/200:
Epoch 89/200:
2026-06-25 03:16:13,906 - INFO - Train loss: 0.5240 (96.2s)
Train loss: 0.5240 (96.2s)
2026-06-25 03:16:37,533 - INFO - Test instance 0.9125, class 0.8703
Test instance 0.9125, class 0.8703
2026-06-25 03:16:37,537 - INFO - Best instance 0.9254, class 0.8863 (epoch 67)
Best instance 0.9254, class 0.8863 (epoch 67)
2026-06-25 03:16:37,554 - INFO - Epoch 90/200:
Epoch 90/200:
2026-06-25 03:18:13,844 - INFO - Train loss: 0.5204 (96.3s)
Train loss: 0.5204 (96.3s)
2026-06-25 03:18:37,566 - INFO - Test instance 0.9202, class 0.8819
Test instance 0.9202, class 0.8819
2026-06-25 03:18:37,570 - INFO - Best instance 0.9254, class 0.8863 (epoch 67)
Best instance 0.9254, class 0.8863 (epoch 67)
2026-06-25 03:18:37,587 - INFO - Epoch 91/200:
Epoch 91/200:
2026-06-25 03:20:14,562 - INFO - Train loss: 0.5182 (97.0s)
Train loss: 0.5182 (97.0s)
2026-06-25 03:20:38,141 - INFO - Test instance 0.9214, class 0.8849
Test instance 0.9214, class 0.8849
2026-06-25 03:20:38,145 - INFO - Best instance 0.9254, class 0.8863 (epoch 67)
Best instance 0.9254, class 0.8863 (epoch 67)
2026-06-25 03:20:38,161 - INFO - Epoch 92/200:
Epoch 92/200:
2026-06-25 03:22:14,673 - INFO - Train loss: 0.5216 (96.5s)
Train loss: 0.5216 (96.5s)
2026-06-25 03:22:38,509 - INFO - Test instance 0.9210, class 0.8835
Test instance 0.9210, class 0.8835
2026-06-25 03:22:38,513 - INFO - Best instance 0.9254, class 0.8863 (epoch 67)
Best instance 0.9254, class 0.8863 (epoch 67)
2026-06-25 03:22:38,530 - INFO - Epoch 93/200:
Epoch 93/200:
2026-06-25 03:24:14,833 - INFO - Train loss: 0.5160 (96.3s)
Train loss: 0.5160 (96.3s)
2026-06-25 03:24:38,599 - INFO - Test instance 0.9182, class 0.8810
Test instance 0.9182, class 0.8810
2026-06-25 03:24:38,603 - INFO - Best instance 0.9254, class 0.8863 (epoch 67)
Best instance 0.9254, class 0.8863 (epoch 67)
2026-06-25 03:24:38,625 - INFO - Epoch 94/200:
Epoch 94/200:
2026-06-25 03:26:15,103 - INFO - Train loss: 0.5182 (96.5s)
Train loss: 0.5182 (96.5s)
2026-06-25 03:26:38,783 - INFO - Test instance 0.9133, class 0.8803
Test instance 0.9133, class 0.8803
2026-06-25 03:26:38,787 - INFO - Best instance 0.9254, class 0.8863 (epoch 67)
Best instance 0.9254, class 0.8863 (epoch 67)
2026-06-25 03:26:38,806 - INFO - Epoch 95/200:
Epoch 95/200:
2026-06-25 03:28:15,158 - INFO - Train loss: 0.5223 (96.4s)
Train loss: 0.5223 (96.4s)
2026-06-25 03:28:38,723 - INFO - Test instance 0.9173, class 0.8830
Test instance 0.9173, class 0.8830
2026-06-25 03:28:38,727 - INFO - Best instance 0.9254, class 0.8863 (epoch 67)
Best instance 0.9254, class 0.8863 (epoch 67)
2026-06-25 03:28:38,745 - INFO - Epoch 96/200:
Epoch 96/200:
2026-06-25 03:30:14,790 - INFO - Train loss: 0.5182 (96.0s)
Train loss: 0.5182 (96.0s)
2026-06-25 03:30:38,572 - INFO - Test instance 0.9226, class 0.8815
Test instance 0.9226, class 0.8815
2026-06-25 03:30:38,576 - INFO - Best instance 0.9254, class 0.8863 (epoch 67)
Best instance 0.9254, class 0.8863 (epoch 67)
2026-06-25 03:30:38,594 - INFO - Epoch 97/200:
Epoch 97/200:
2026-06-25 03:32:14,368 - INFO - Train loss: 0.5188 (95.8s)
Train loss: 0.5188 (95.8s)
2026-06-25 03:32:37,851 - INFO - Test instance 0.9202, class 0.8828
Test instance 0.9202, class 0.8828
2026-06-25 03:32:37,855 - INFO - Best instance 0.9254, class 0.8863 (epoch 67)
Best instance 0.9254, class 0.8863 (epoch 67)
2026-06-25 03:32:37,876 - INFO - Epoch 98/200:
Epoch 98/200:
2026-06-25 03:34:13,871 - INFO - Train loss: 0.5187 (96.0s)
Train loss: 0.5187 (96.0s)
2026-06-25 03:34:37,401 - INFO - Test instance 0.9173, class 0.8803
Test instance 0.9173, class 0.8803
2026-06-25 03:34:37,405 - INFO - Best instance 0.9254, class 0.8863 (epoch 67)
Best instance 0.9254, class 0.8863 (epoch 67)
2026-06-25 03:34:37,422 - INFO - Epoch 99/200:
Epoch 99/200:
2026-06-25 03:36:13,385 - INFO - Train loss: 0.5174 (96.0s)
Train loss: 0.5174 (96.0s)
2026-06-25 03:36:37,006 - INFO - Test instance 0.9149, class 0.8821
Test instance 0.9149, class 0.8821
2026-06-25 03:36:37,011 - INFO - Best instance 0.9254, class 0.8863 (epoch 67)
Best instance 0.9254, class 0.8863 (epoch 67)
2026-06-25 03:36:37,027 - INFO - Epoch 100/200:
Epoch 100/200:
2026-06-25 03:38:13,729 - INFO - Train loss: 0.5184 (96.7s)
Train loss: 0.5184 (96.7s)
2026-06-25 03:38:37,273 - INFO - Test instance 0.9186, class 0.8879
Test instance 0.9186, class 0.8879
2026-06-25 03:38:37,277 - INFO - Best instance 0.9254, class 0.8863 (epoch 67)
Best instance 0.9254, class 0.8863 (epoch 67)
2026-06-25 03:38:37,294 - INFO - Epoch 101/200:
Epoch 101/200:
2026-06-25 03:40:13,830 - INFO - Train loss: 0.5133 (96.5s)
Train loss: 0.5133 (96.5s)
2026-06-25 03:40:37,535 - INFO - Test instance 0.9198, class 0.8837
Test instance 0.9198, class 0.8837
2026-06-25 03:40:37,539 - INFO - Best instance 0.9254, class 0.8863 (epoch 67)
Best instance 0.9254, class 0.8863 (epoch 67)
2026-06-25 03:40:37,556 - INFO - Epoch 102/200:
Epoch 102/200:
2026-06-25 03:42:13,723 - INFO - Train loss: 0.5140 (96.2s)
Train loss: 0.5140 (96.2s)
2026-06-25 03:42:37,242 - INFO - Test instance 0.9149, class 0.8793
Test instance 0.9149, class 0.8793
2026-06-25 03:42:37,246 - INFO - Best instance 0.9254, class 0.8863 (epoch 67)
Best instance 0.9254, class 0.8863 (epoch 67)
2026-06-25 03:42:37,263 - INFO - Epoch 103/200:
Epoch 103/200:
2026-06-25 03:44:13,887 - INFO - Train loss: 0.5128 (96.6s)
Train loss: 0.5128 (96.6s)
2026-06-25 03:44:38,474 - INFO - Test instance 0.9226, class 0.8890
Test instance 0.9226, class 0.8890
2026-06-25 03:44:38,478 - INFO - Best instance 0.9254, class 0.8863 (epoch 67)
Best instance 0.9254, class 0.8863 (epoch 67)
2026-06-25 03:44:38,495 - INFO - Epoch 104/200:
Epoch 104/200:
2026-06-25 03:46:14,818 - INFO - Train loss: 0.5130 (96.3s)
Train loss: 0.5130 (96.3s)
2026-06-25 03:46:38,632 - INFO - Test instance 0.9161, class 0.8820
Test instance 0.9161, class 0.8820
2026-06-25 03:46:38,637 - INFO - Best instance 0.9254, class 0.8863 (epoch 67)
Best instance 0.9254, class 0.8863 (epoch 67)
2026-06-25 03:46:38,655 - INFO - Epoch 105/200:
Epoch 105/200:
2026-06-25 03:48:15,187 - INFO - Train loss: 0.5132 (96.5s)
Train loss: 0.5132 (96.5s)
2026-06-25 03:48:38,945 - INFO - Test instance 0.9210, class 0.8882
Test instance 0.9210, class 0.8882
2026-06-25 03:48:38,949 - INFO - Best instance 0.9254, class 0.8863 (epoch 67)
Best instance 0.9254, class 0.8863 (epoch 67)
2026-06-25 03:48:38,966 - INFO - Epoch 106/200:
Epoch 106/200:
2026-06-25 03:50:15,488 - INFO - Train loss: 0.5096 (96.5s)
Train loss: 0.5096 (96.5s)
2026-06-25 03:50:39,069 - INFO - Test instance 0.9186, class 0.8856
Test instance 0.9186, class 0.8856
2026-06-25 03:50:39,073 - INFO - Best instance 0.9254, class 0.8863 (epoch 67)
Best instance 0.9254, class 0.8863 (epoch 67)
2026-06-25 03:50:39,090 - INFO - Epoch 107/200:
Epoch 107/200:
2026-06-25 03:52:15,455 - INFO - Train loss: 0.5086 (96.4s)
Train loss: 0.5086 (96.4s)
2026-06-25 03:52:39,005 - INFO - Test instance 0.9202, class 0.8827
Test instance 0.9202, class 0.8827
2026-06-25 03:52:39,009 - INFO - Best instance 0.9254, class 0.8863 (epoch 67)
Best instance 0.9254, class 0.8863 (epoch 67)
2026-06-25 03:52:39,026 - INFO - Epoch 108/200:
Epoch 108/200:
2026-06-25 03:54:15,685 - INFO - Train loss: 0.5134 (96.7s)
Train loss: 0.5134 (96.7s)
2026-06-25 03:54:39,523 - INFO - Test instance 0.9210, class 0.8866
Test instance 0.9210, class 0.8866
2026-06-25 03:54:39,527 - INFO - Best instance 0.9254, class 0.8863 (epoch 67)
Best instance 0.9254, class 0.8863 (epoch 67)
2026-06-25 03:54:39,546 - INFO - Epoch 109/200:
Epoch 109/200:
2026-06-25 03:56:15,960 - INFO - Train loss: 0.5095 (96.4s)
Train loss: 0.5095 (96.4s)
2026-06-25 03:56:39,719 - INFO - Test instance 0.9149, class 0.8833
Test instance 0.9149, class 0.8833
2026-06-25 03:56:39,723 - INFO - Best instance 0.9254, class 0.8863 (epoch 67)
Best instance 0.9254, class 0.8863 (epoch 67)
2026-06-25 03:56:39,743 - INFO - Epoch 110/200:
Epoch 110/200:
2026-06-25 03:58:16,263 - INFO - Train loss: 0.5087 (96.5s)
Train loss: 0.5087 (96.5s)
2026-06-25 03:58:40,083 - INFO - Test instance 0.9234, class 0.8857
Test instance 0.9234, class 0.8857
2026-06-25 03:58:40,086 - INFO - Best instance 0.9254, class 0.8863 (epoch 67)
Best instance 0.9254, class 0.8863 (epoch 67)
2026-06-25 03:58:40,103 - INFO - Epoch 111/200:
Epoch 111/200:
2026-06-25 04:00:16,598 - INFO - Train loss: 0.5116 (96.5s)
Train loss: 0.5116 (96.5s)
2026-06-25 04:00:40,278 - INFO - Test instance 0.9182, class 0.8814
Test instance 0.9182, class 0.8814
2026-06-25 04:00:40,282 - INFO - Best instance 0.9254, class 0.8863 (epoch 67)
Best instance 0.9254, class 0.8863 (epoch 67)
2026-06-25 04:00:40,309 - INFO - Epoch 112/200:
Epoch 112/200:
2026-06-25 04:02:16,846 - INFO - Train loss: 0.5076 (96.5s)
Train loss: 0.5076 (96.5s)
2026-06-25 04:02:40,627 - INFO - Test instance 0.9271, class 0.8887
Test instance 0.9271, class 0.8887
2026-06-25 04:02:40,647 - INFO - Best instance 0.9271, class 0.8887 (epoch 112)
Best instance 0.9271, class 0.8887 (epoch 112)
2026-06-25 04:02:40,662 - INFO - Epoch 113/200:
Epoch 113/200:
2026-06-25 04:04:17,047 - INFO - Train loss: 0.5076 (96.4s)
Train loss: 0.5076 (96.4s)
2026-06-25 04:04:40,715 - INFO - Test instance 0.9214, class 0.8846
Test instance 0.9214, class 0.8846
2026-06-25 04:04:40,719 - INFO - Best instance 0.9271, class 0.8887 (epoch 112)
Best instance 0.9271, class 0.8887 (epoch 112)
2026-06-25 04:04:40,740 - INFO - Epoch 114/200:
Epoch 114/200:
2026-06-25 04:06:16,953 - INFO - Train loss: 0.5066 (96.2s)
Train loss: 0.5066 (96.2s)
2026-06-25 04:06:40,742 - INFO - Test instance 0.9173, class 0.8745
Test instance 0.9173, class 0.8745
2026-06-25 04:06:40,746 - INFO - Best instance 0.9271, class 0.8887 (epoch 112)
Best instance 0.9271, class 0.8887 (epoch 112)
2026-06-25 04:06:40,763 - INFO - Epoch 115/200:
Epoch 115/200:
2026-06-25 04:08:17,097 - INFO - Train loss: 0.5093 (96.3s)
Train loss: 0.5093 (96.3s)
2026-06-25 04:08:40,672 - INFO - Test instance 0.9169, class 0.8837
Test instance 0.9169, class 0.8837
2026-06-25 04:08:40,677 - INFO - Best instance 0.9271, class 0.8887 (epoch 112)
Best instance 0.9271, class 0.8887 (epoch 112)
2026-06-25 04:08:40,697 - INFO - Epoch 116/200:
Epoch 116/200:
2026-06-25 04:10:17,004 - INFO - Train loss: 0.5085 (96.3s)
Train loss: 0.5085 (96.3s)
2026-06-25 04:10:40,664 - INFO - Test instance 0.9173, class 0.8780
Test instance 0.9173, class 0.8780
2026-06-25 04:10:40,668 - INFO - Best instance 0.9271, class 0.8887 (epoch 112)
Best instance 0.9271, class 0.8887 (epoch 112)
2026-06-25 04:10:40,684 - INFO - Epoch 117/200:
Epoch 117/200:
2026-06-25 04:12:16,595 - INFO - Train loss: 0.5098 (95.9s)
Train loss: 0.5098 (95.9s)
2026-06-25 04:12:40,188 - INFO - Test instance 0.9210, class 0.8812
Test instance 0.9210, class 0.8812
2026-06-25 04:12:40,192 - INFO - Best instance 0.9271, class 0.8887 (epoch 112)
Best instance 0.9271, class 0.8887 (epoch 112)
2026-06-25 04:12:40,214 - INFO - Epoch 118/200:
Epoch 118/200:
2026-06-25 04:14:17,099 - INFO - Train loss: 0.5061 (96.9s)
Train loss: 0.5061 (96.9s)
2026-06-25 04:14:40,860 - INFO - Test instance 0.9157, class 0.8756
Test instance 0.9157, class 0.8756
2026-06-25 04:14:40,864 - INFO - Best instance 0.9271, class 0.8887 (epoch 112)
Best instance 0.9271, class 0.8887 (epoch 112)
2026-06-25 04:14:40,881 - INFO - Epoch 119/200:
Epoch 119/200:
2026-06-25 04:16:16,932 - INFO - Train loss: 0.5069 (96.1s)
Train loss: 0.5069 (96.1s)
2026-06-25 04:16:40,554 - INFO - Test instance 0.9182, class 0.8825
Test instance 0.9182, class 0.8825
2026-06-25 04:16:40,559 - INFO - Best instance 0.9271, class 0.8887 (epoch 112)
Best instance 0.9271, class 0.8887 (epoch 112)
2026-06-25 04:16:40,576 - INFO - Epoch 120/200:
Epoch 120/200:
2026-06-25 04:18:17,004 - INFO - Train loss: 0.5052 (96.4s)
Train loss: 0.5052 (96.4s)
2026-06-25 04:18:40,790 - INFO - Test instance 0.9218, class 0.8880
Test instance 0.9218, class 0.8880
2026-06-25 04:18:40,795 - INFO - Best instance 0.9271, class 0.8887 (epoch 112)
Best instance 0.9271, class 0.8887 (epoch 112)
2026-06-25 04:18:40,811 - INFO - Epoch 121/200:
Epoch 121/200:
2026-06-25 04:20:17,041 - INFO - Train loss: 0.5017 (96.2s)
Train loss: 0.5017 (96.2s)
2026-06-25 04:20:40,517 - INFO - Test instance 0.9173, class 0.8850
Test instance 0.9173, class 0.8850
2026-06-25 04:20:40,523 - INFO - Best instance 0.9271, class 0.8887 (epoch 112)
Best instance 0.9271, class 0.8887 (epoch 112)
2026-06-25 04:20:40,540 - INFO - Epoch 122/200:
Epoch 122/200:
2026-06-25 04:22:16,728 - INFO - Train loss: 0.5072 (96.2s)
Train loss: 0.5072 (96.2s)
2026-06-25 04:22:40,391 - INFO - Test instance 0.9206, class 0.8858
Test instance 0.9206, class 0.8858
2026-06-25 04:22:40,396 - INFO - Best instance 0.9271, class 0.8887 (epoch 112)
Best instance 0.9271, class 0.8887 (epoch 112)
2026-06-25 04:22:40,413 - INFO - Epoch 123/200:
Epoch 123/200:
2026-06-25 04:24:16,670 - INFO - Train loss: 0.5019 (96.3s)
Train loss: 0.5019 (96.3s)
2026-06-25 04:24:40,372 - INFO - Test instance 0.9214, class 0.8816
Test instance 0.9214, class 0.8816
2026-06-25 04:24:40,376 - INFO - Best instance 0.9271, class 0.8887 (epoch 112)
Best instance 0.9271, class 0.8887 (epoch 112)
2026-06-25 04:24:40,397 - INFO - Epoch 124/200:
Epoch 124/200:
2026-06-25 04:26:16,680 - INFO - Train loss: 0.4984 (96.3s)
Train loss: 0.4984 (96.3s)
2026-06-25 04:26:40,273 - INFO - Test instance 0.9182, class 0.8782
Test instance 0.9182, class 0.8782
2026-06-25 04:26:40,277 - INFO - Best instance 0.9271, class 0.8887 (epoch 112)
Best instance 0.9271, class 0.8887 (epoch 112)
2026-06-25 04:26:40,293 - INFO - Epoch 125/200:
Epoch 125/200:
2026-06-25 04:28:16,559 - INFO - Train loss: 0.5006 (96.2s)
Train loss: 0.5006 (96.2s)
2026-06-25 04:28:40,063 - INFO - Test instance 0.9234, class 0.8857
Test instance 0.9234, class 0.8857
2026-06-25 04:28:40,067 - INFO - Best instance 0.9271, class 0.8887 (epoch 112)
Best instance 0.9271, class 0.8887 (epoch 112)
2026-06-25 04:28:40,084 - INFO - Epoch 126/200:
Epoch 126/200:
2026-06-25 04:30:16,267 - INFO - Train loss: 0.5019 (96.2s)
Train loss: 0.5019 (96.2s)
2026-06-25 04:30:40,055 - INFO - Test instance 0.9206, class 0.8832
Test instance 0.9206, class 0.8832
2026-06-25 04:30:40,059 - INFO - Best instance 0.9271, class 0.8887 (epoch 112)
Best instance 0.9271, class 0.8887 (epoch 112)
2026-06-25 04:30:40,076 - INFO - Epoch 127/200:
Epoch 127/200:
2026-06-25 04:32:16,168 - INFO - Train loss: 0.5018 (96.1s)
Train loss: 0.5018 (96.1s)
2026-06-25 04:32:39,600 - INFO - Test instance 0.9194, class 0.8889
Test instance 0.9194, class 0.8889
2026-06-25 04:32:39,604 - INFO - Best instance 0.9271, class 0.8887 (epoch 112)
Best instance 0.9271, class 0.8887 (epoch 112)
2026-06-25 04:32:39,622 - INFO - Epoch 128/200:
Epoch 128/200:
2026-06-25 04:34:16,253 - INFO - Train loss: 0.5026 (96.6s)
Train loss: 0.5026 (96.6s)
2026-06-25 04:34:39,943 - INFO - Test instance 0.9194, class 0.8803
Test instance 0.9194, class 0.8803
2026-06-25 04:34:39,947 - INFO - Best instance 0.9271, class 0.8887 (epoch 112)
Best instance 0.9271, class 0.8887 (epoch 112)
2026-06-25 04:34:39,964 - INFO - Epoch 129/200:
Epoch 129/200:
2026-06-25 04:36:16,465 - INFO - Train loss: 0.5010 (96.5s)
Train loss: 0.5010 (96.5s)
2026-06-25 04:36:40,089 - INFO - Test instance 0.9214, class 0.8855
Test instance 0.9214, class 0.8855
2026-06-25 04:36:40,094 - INFO - Best instance 0.9271, class 0.8887 (epoch 112)
Best instance 0.9271, class 0.8887 (epoch 112)
2026-06-25 04:36:40,114 - INFO - Epoch 130/200:
Epoch 130/200:
2026-06-25 04:38:16,710 - INFO - Train loss: 0.5020 (96.6s)
Train loss: 0.5020 (96.6s)
2026-06-25 04:38:40,632 - INFO - Test instance 0.9186, class 0.8818
Test instance 0.9186, class 0.8818
2026-06-25 04:38:40,637 - INFO - Best instance 0.9271, class 0.8887 (epoch 112)
Best instance 0.9271, class 0.8887 (epoch 112)
2026-06-25 04:38:40,657 - INFO - Epoch 131/200:
Epoch 131/200:
2026-06-25 04:40:16,793 - INFO - Train loss: 0.5023 (96.1s)
Train loss: 0.5023 (96.1s)
2026-06-25 04:40:40,453 - INFO - Test instance 0.9198, class 0.8914
Test instance 0.9198, class 0.8914
2026-06-25 04:40:40,457 - INFO - Best instance 0.9271, class 0.8887 (epoch 112)
Best instance 0.9271, class 0.8887 (epoch 112)
2026-06-25 04:40:40,474 - INFO - Epoch 132/200:
Epoch 132/200:
2026-06-25 04:42:16,829 - INFO - Train loss: 0.5014 (96.4s)
Train loss: 0.5014 (96.4s)
2026-06-25 04:42:40,462 - INFO - Test instance 0.9169, class 0.8805
Test instance 0.9169, class 0.8805
2026-06-25 04:42:40,466 - INFO - Best instance 0.9271, class 0.8887 (epoch 112)
Best instance 0.9271, class 0.8887 (epoch 112)
2026-06-25 04:42:40,482 - INFO - Epoch 133/200:
Epoch 133/200:
2026-06-25 04:44:17,240 - INFO - Train loss: 0.5020 (96.8s)
Train loss: 0.5020 (96.8s)
2026-06-25 04:44:40,807 - INFO - Test instance 0.9182, class 0.8836
Test instance 0.9182, class 0.8836
2026-06-25 04:44:40,811 - INFO - Best instance 0.9271, class 0.8887 (epoch 112)
Best instance 0.9271, class 0.8887 (epoch 112)
2026-06-25 04:44:40,827 - INFO - Epoch 134/200:
Epoch 134/200:
2026-06-25 04:46:18,172 - INFO - Train loss: 0.5022 (97.3s)
Train loss: 0.5022 (97.3s)
2026-06-25 04:46:41,777 - INFO - Test instance 0.9222, class 0.8904
Test instance 0.9222, class 0.8904
2026-06-25 04:46:41,782 - INFO - Best instance 0.9271, class 0.8887 (epoch 112)
Best instance 0.9271, class 0.8887 (epoch 112)
2026-06-25 04:46:41,798 - INFO - Epoch 135/200:
Epoch 135/200:
2026-06-25 04:48:18,454 - INFO - Train loss: 0.4998 (96.7s)
Train loss: 0.4998 (96.7s)
2026-06-25 04:48:42,101 - INFO - Test instance 0.9206, class 0.8899
Test instance 0.9206, class 0.8899
2026-06-25 04:48:42,104 - INFO - Best instance 0.9271, class 0.8887 (epoch 112)
Best instance 0.9271, class 0.8887 (epoch 112)
2026-06-25 04:48:42,139 - INFO - Epoch 136/200:
Epoch 136/200:
2026-06-25 04:50:19,063 - INFO - Train loss: 0.5011 (96.9s)
Train loss: 0.5011 (96.9s)
2026-06-25 04:50:42,815 - INFO - Test instance 0.9230, class 0.8869
Test instance 0.9230, class 0.8869
2026-06-25 04:50:42,819 - INFO - Best instance 0.9271, class 0.8887 (epoch 112)
Best instance 0.9271, class 0.8887 (epoch 112)
2026-06-25 04:50:42,836 - INFO - Epoch 137/200:
Epoch 137/200:
2026-06-25 04:52:18,969 - INFO - Train loss: 0.5010 (96.1s)
Train loss: 0.5010 (96.1s)
2026-06-25 04:52:42,502 - INFO - Test instance 0.9157, class 0.8837
Test instance 0.9157, class 0.8837
2026-06-25 04:52:42,506 - INFO - Best instance 0.9271, class 0.8887 (epoch 112)
Best instance 0.9271, class 0.8887 (epoch 112)
2026-06-25 04:52:42,522 - INFO - Epoch 138/200:
Epoch 138/200:
2026-06-25 04:54:19,132 - INFO - Train loss: 0.5014 (96.6s)
Train loss: 0.5014 (96.6s)
2026-06-25 04:54:42,753 - INFO - Test instance 0.9161, class 0.8840
Test instance 0.9161, class 0.8840
2026-06-25 04:54:42,757 - INFO - Best instance 0.9271, class 0.8887 (epoch 112)
Best instance 0.9271, class 0.8887 (epoch 112)
2026-06-25 04:54:42,774 - INFO - Epoch 139/200:
Epoch 139/200:
2026-06-25 04:56:19,135 - INFO - Train loss: 0.5007 (96.4s)
Train loss: 0.5007 (96.4s)
2026-06-25 04:56:42,799 - INFO - Test instance 0.9186, class 0.8825
Test instance 0.9186, class 0.8825
2026-06-25 04:56:42,803 - INFO - Best instance 0.9271, class 0.8887 (epoch 112)
Best instance 0.9271, class 0.8887 (epoch 112)
2026-06-25 04:56:42,820 - INFO - Epoch 140/200:
Epoch 140/200:
2026-06-25 04:58:19,169 - INFO - Train loss: 0.4999 (96.3s)
Train loss: 0.4999 (96.3s)
2026-06-25 04:58:42,964 - INFO - Test instance 0.9194, class 0.8852
Test instance 0.9194, class 0.8852
2026-06-25 04:58:42,968 - INFO - Best instance 0.9271, class 0.8887 (epoch 112)
Best instance 0.9271, class 0.8887 (epoch 112)
2026-06-25 04:58:42,984 - INFO - Epoch 141/200:
Epoch 141/200:
2026-06-25 05:00:18,949 - INFO - Train loss: 0.4979 (95.9s)
Train loss: 0.4979 (95.9s)
2026-06-25 05:00:42,583 - INFO - Test instance 0.9194, class 0.8789
Test instance 0.9194, class 0.8789
2026-06-25 05:00:42,587 - INFO - Best instance 0.9271, class 0.8887 (epoch 112)
Best instance 0.9271, class 0.8887 (epoch 112)
2026-06-25 05:00:42,603 - INFO - Epoch 142/200:
Epoch 142/200:
2026-06-25 05:02:18,900 - INFO - Train loss: 0.4981 (96.3s)
Train loss: 0.4981 (96.3s)
2026-06-25 05:02:42,698 - INFO - Test instance 0.9182, class 0.8805
Test instance 0.9182, class 0.8805
2026-06-25 05:02:42,702 - INFO - Best instance 0.9271, class 0.8887 (epoch 112)
Best instance 0.9271, class 0.8887 (epoch 112)
2026-06-25 05:02:42,718 - INFO - Epoch 143/200:
Epoch 143/200:
2026-06-25 05:04:19,262 - INFO - Train loss: 0.4952 (96.5s)
Train loss: 0.4952 (96.5s)
2026-06-25 05:04:42,807 - INFO - Test instance 0.9194, class 0.8872
Test instance 0.9194, class 0.8872
2026-06-25 05:04:42,811 - INFO - Best instance 0.9271, class 0.8887 (epoch 112)
Best instance 0.9271, class 0.8887 (epoch 112)
2026-06-25 05:04:42,827 - INFO - Epoch 144/200:
Epoch 144/200:
2026-06-25 05:06:19,450 - INFO - Train loss: 0.4989 (96.6s)
Train loss: 0.4989 (96.6s)
2026-06-25 05:06:42,927 - INFO - Test instance 0.9250, class 0.8880
Test instance 0.9250, class 0.8880
2026-06-25 05:06:42,931 - INFO - Best instance 0.9271, class 0.8887 (epoch 112)
Best instance 0.9271, class 0.8887 (epoch 112)
2026-06-25 05:06:42,948 - INFO - Epoch 145/200:
Epoch 145/200:
2026-06-25 05:08:19,665 - INFO - Train loss: 0.4956 (96.7s)
Train loss: 0.4956 (96.7s)
2026-06-25 05:08:43,373 - INFO - Test instance 0.9218, class 0.8829
Test instance 0.9218, class 0.8829
2026-06-25 05:08:43,377 - INFO - Best instance 0.9271, class 0.8887 (epoch 112)
Best instance 0.9271, class 0.8887 (epoch 112)
2026-06-25 05:08:43,397 - INFO - Epoch 146/200:
Epoch 146/200:
2026-06-25 05:10:19,949 - INFO - Train loss: 0.4961 (96.6s)
Train loss: 0.4961 (96.6s)
2026-06-25 05:10:43,863 - INFO - Test instance 0.9169, class 0.8796
Test instance 0.9169, class 0.8796
2026-06-25 05:10:43,867 - INFO - Best instance 0.9271, class 0.8887 (epoch 112)
Best instance 0.9271, class 0.8887 (epoch 112)
2026-06-25 05:10:43,894 - INFO - Epoch 147/200:
Epoch 147/200:
2026-06-25 05:12:20,225 - INFO - Train loss: 0.4954 (96.3s)
Train loss: 0.4954 (96.3s)
2026-06-25 05:12:43,931 - INFO - Test instance 0.9153, class 0.8839
Test instance 0.9153, class 0.8839
2026-06-25 05:12:43,935 - INFO - Best instance 0.9271, class 0.8887 (epoch 112)
Best instance 0.9271, class 0.8887 (epoch 112)
2026-06-25 05:12:43,952 - INFO - Epoch 148/200:
Epoch 148/200:
2026-06-25 05:14:20,351 - INFO - Train loss: 0.4950 (96.4s)
Train loss: 0.4950 (96.4s)
2026-06-25 05:14:43,926 - INFO - Test instance 0.9182, class 0.8883
Test instance 0.9182, class 0.8883
2026-06-25 05:14:43,930 - INFO - Best instance 0.9271, class 0.8887 (epoch 112)
Best instance 0.9271, class 0.8887 (epoch 112)
2026-06-25 05:14:43,947 - INFO - Epoch 149/200:
Epoch 149/200:
2026-06-25 05:16:20,396 - INFO - Train loss: 0.4966 (96.4s)
Train loss: 0.4966 (96.4s)
2026-06-25 05:16:43,911 - INFO - Test instance 0.9194, class 0.8803
Test instance 0.9194, class 0.8803
2026-06-25 05:16:43,915 - INFO - Best instance 0.9271, class 0.8887 (epoch 112)
Best instance 0.9271, class 0.8887 (epoch 112)
2026-06-25 05:16:43,931 - INFO - Epoch 150/200:
Epoch 150/200:
2026-06-25 05:18:20,245 - INFO - Train loss: 0.4978 (96.3s)
Train loss: 0.4978 (96.3s)
2026-06-25 05:18:43,878 - INFO - Test instance 0.9129, class 0.8794
Test instance 0.9129, class 0.8794
2026-06-25 05:18:43,883 - INFO - Best instance 0.9271, class 0.8887 (epoch 112)
Best instance 0.9271, class 0.8887 (epoch 112)
2026-06-25 05:18:43,903 - INFO - Epoch 151/200:
Epoch 151/200:
2026-06-25 05:20:20,023 - INFO - Train loss: 0.4973 (96.1s)
Train loss: 0.4973 (96.1s)
2026-06-25 05:20:43,599 - INFO - Test instance 0.9169, class 0.8819
Test instance 0.9169, class 0.8819
2026-06-25 05:20:43,604 - INFO - Best instance 0.9271, class 0.8887 (epoch 112)
Best instance 0.9271, class 0.8887 (epoch 112)
2026-06-25 05:20:43,626 - INFO - Epoch 152/200:
Epoch 152/200:
2026-06-25 05:22:19,764 - INFO - Train loss: 0.4921 (96.1s)
Train loss: 0.4921 (96.1s)
2026-06-25 05:22:43,329 - INFO - Test instance 0.9186, class 0.8798
Test instance 0.9186, class 0.8798
2026-06-25 05:22:43,333 - INFO - Best instance 0.9271, class 0.8887 (epoch 112)
Best instance 0.9271, class 0.8887 (epoch 112)
2026-06-25 05:22:43,350 - INFO - Epoch 153/200:
Epoch 153/200:
2026-06-25 05:24:19,856 - INFO - Train loss: 0.4971 (96.5s)
Train loss: 0.4971 (96.5s)
2026-06-25 05:24:43,456 - INFO - Test instance 0.9177, class 0.8795
Test instance 0.9177, class 0.8795
2026-06-25 05:24:43,461 - INFO - Best instance 0.9271, class 0.8887 (epoch 112)
Best instance 0.9271, class 0.8887 (epoch 112)
2026-06-25 05:24:43,480 - INFO - Epoch 154/200:
Epoch 154/200:
2026-06-25 05:26:19,673 - INFO - Train loss: 0.4918 (96.2s)
Train loss: 0.4918 (96.2s)
2026-06-25 05:26:43,235 - INFO - Test instance 0.9230, class 0.8938
Test instance 0.9230, class 0.8938
2026-06-25 05:26:43,240 - INFO - Best instance 0.9271, class 0.8887 (epoch 112)
Best instance 0.9271, class 0.8887 (epoch 112)
2026-06-25 05:26:43,260 - INFO - Epoch 155/200:
Epoch 155/200:
2026-06-25 05:28:19,540 - INFO - Train loss: 0.4964 (96.3s)
Train loss: 0.4964 (96.3s)
2026-06-25 05:28:43,186 - INFO - Test instance 0.9206, class 0.8820
Test instance 0.9206, class 0.8820
2026-06-25 05:28:43,191 - INFO - Best instance 0.9271, class 0.8887 (epoch 112)
Best instance 0.9271, class 0.8887 (epoch 112)
2026-06-25 05:28:43,208 - INFO - Epoch 156/200:
Epoch 156/200:
2026-06-25 05:30:19,104 - INFO - Train loss: 0.4951 (95.9s)
Train loss: 0.4951 (95.9s)
2026-06-25 05:30:42,712 - INFO - Test instance 0.9214, class 0.8859
Test instance 0.9214, class 0.8859
2026-06-25 05:30:42,716 - INFO - Best instance 0.9271, class 0.8887 (epoch 112)
Best instance 0.9271, class 0.8887 (epoch 112)
2026-06-25 05:30:42,735 - INFO - Epoch 157/200:
Epoch 157/200:
2026-06-25 05:32:19,300 - INFO - Train loss: 0.4942 (96.6s)
Train loss: 0.4942 (96.6s)
2026-06-25 05:32:43,023 - INFO - Test instance 0.9194, class 0.8804
Test instance 0.9194, class 0.8804
2026-06-25 05:32:43,027 - INFO - Best instance 0.9271, class 0.8887 (epoch 112)
Best instance 0.9271, class 0.8887 (epoch 112)
2026-06-25 05:32:43,045 - INFO - Epoch 158/200:
Epoch 158/200:
2026-06-25 05:34:19,615 - INFO - Train loss: 0.4929 (96.6s)
Train loss: 0.4929 (96.6s)
2026-06-25 05:34:43,302 - INFO - Test instance 0.9161, class 0.8748
Test instance 0.9161, class 0.8748
2026-06-25 05:34:43,306 - INFO - Best instance 0.9271, class 0.8887 (epoch 112)
Best instance 0.9271, class 0.8887 (epoch 112)
2026-06-25 05:34:43,351 - INFO - Epoch 159/200:
Epoch 159/200:
2026-06-25 05:36:19,674 - INFO - Train loss: 0.4944 (96.3s)
Train loss: 0.4944 (96.3s)
2026-06-25 05:36:43,725 - INFO - Test instance 0.9165, class 0.8816
Test instance 0.9165, class 0.8816
2026-06-25 05:36:43,729 - INFO - Best instance 0.9271, class 0.8887 (epoch 112)
Best instance 0.9271, class 0.8887 (epoch 112)
2026-06-25 05:36:43,747 - INFO - Epoch 160/200:
Epoch 160/200:
2026-06-25 05:38:20,367 - INFO - Train loss: 0.4942 (96.6s)
Train loss: 0.4942 (96.6s)
2026-06-25 05:38:44,242 - INFO - Test instance 0.9214, class 0.8885
Test instance 0.9214, class 0.8885
2026-06-25 05:38:44,246 - INFO - Best instance 0.9271, class 0.8887 (epoch 112)
Best instance 0.9271, class 0.8887 (epoch 112)
2026-06-25 05:38:44,264 - INFO - Epoch 161/200:
Epoch 161/200:
2026-06-25 05:40:20,222 - INFO - Train loss: 0.4931 (96.0s)
Train loss: 0.4931 (96.0s)
2026-06-25 05:40:43,818 - INFO - Test instance 0.9210, class 0.8813
Test instance 0.9210, class 0.8813
2026-06-25 05:40:43,822 - INFO - Best instance 0.9271, class 0.8887 (epoch 112)
Best instance 0.9271, class 0.8887 (epoch 112)
2026-06-25 05:40:43,844 - INFO - Epoch 162/200:
Epoch 162/200:
2026-06-25 05:42:20,418 - INFO - Train loss: 0.4933 (96.6s)
Train loss: 0.4933 (96.6s)
2026-06-25 05:42:44,210 - INFO - Test instance 0.9210, class 0.8883
Test instance 0.9210, class 0.8883
2026-06-25 05:42:44,214 - INFO - Best instance 0.9271, class 0.8887 (epoch 112)
Best instance 0.9271, class 0.8887 (epoch 112)
2026-06-25 05:42:44,234 - INFO - Epoch 163/200:
Epoch 163/200:
2026-06-25 05:44:20,628 - INFO - Train loss: 0.4900 (96.4s)
Train loss: 0.4900 (96.4s)
2026-06-25 05:44:44,223 - INFO - Test instance 0.9173, class 0.8850
Test instance 0.9173, class 0.8850
2026-06-25 05:44:44,228 - INFO - Best instance 0.9271, class 0.8887 (epoch 112)
Best instance 0.9271, class 0.8887 (epoch 112)
2026-06-25 05:44:44,265 - INFO - Epoch 164/200:
Epoch 164/200:
2026-06-25 05:46:20,376 - INFO - Train loss: 0.4908 (96.1s)
Train loss: 0.4908 (96.1s)
2026-06-25 05:46:44,885 - INFO - Test instance 0.9169, class 0.8799
Test instance 0.9169, class 0.8799
2026-06-25 05:46:44,890 - INFO - Best instance 0.9271, class 0.8887 (epoch 112)
Best instance 0.9271, class 0.8887 (epoch 112)
2026-06-25 05:46:44,910 - INFO - Epoch 165/200:
Epoch 165/200:
2026-06-25 05:48:21,040 - INFO - Train loss: 0.4910 (96.1s)
Train loss: 0.4910 (96.1s)
2026-06-25 05:48:44,617 - INFO - Test instance 0.9153, class 0.8807
Test instance 0.9153, class 0.8807
2026-06-25 05:48:44,622 - INFO - Best instance 0.9271, class 0.8887 (epoch 112)
Best instance 0.9271, class 0.8887 (epoch 112)
2026-06-25 05:48:44,642 - INFO - Epoch 166/200:
Epoch 166/200:
2026-06-25 05:50:20,863 - INFO - Train loss: 0.4915 (96.2s)
Train loss: 0.4915 (96.2s)
2026-06-25 05:50:44,461 - INFO - Test instance 0.9202, class 0.8858
Test instance 0.9202, class 0.8858
2026-06-25 05:50:44,465 - INFO - Best instance 0.9271, class 0.8887 (epoch 112)
Best instance 0.9271, class 0.8887 (epoch 112)
2026-06-25 05:50:44,483 - INFO - Epoch 167/200:
Epoch 167/200:
2026-06-25 05:52:20,874 - INFO - Train loss: 0.4942 (96.4s)
Train loss: 0.4942 (96.4s)
2026-06-25 05:52:44,647 - INFO - Test instance 0.9206, class 0.8893
Test instance 0.9206, class 0.8893
2026-06-25 05:52:44,651 - INFO - Best instance 0.9271, class 0.8887 (epoch 112)
Best instance 0.9271, class 0.8887 (epoch 112)
2026-06-25 05:52:44,672 - INFO - Epoch 168/200:
Epoch 168/200:
2026-06-25 05:54:21,128 - INFO - Train loss: 0.4889 (96.5s)
Train loss: 0.4889 (96.5s)
2026-06-25 05:54:44,812 - INFO - Test instance 0.9206, class 0.8898
Test instance 0.9206, class 0.8898
2026-06-25 05:54:44,816 - INFO - Best instance 0.9271, class 0.8887 (epoch 112)
Best instance 0.9271, class 0.8887 (epoch 112)
2026-06-25 05:54:44,834 - INFO - Epoch 169/200:
Epoch 169/200:
2026-06-25 05:56:20,776 - INFO - Train loss: 0.4896 (95.9s)
Train loss: 0.4896 (95.9s)
2026-06-25 05:56:44,484 - INFO - Test instance 0.9202, class 0.8839
Test instance 0.9202, class 0.8839
2026-06-25 05:56:44,500 - INFO - Best instance 0.9271, class 0.8887 (epoch 112)
Best instance 0.9271, class 0.8887 (epoch 112)
2026-06-25 05:56:44,530 - INFO - Epoch 170/200:
Epoch 170/200:
2026-06-25 05:58:20,772 - INFO - Train loss: 0.4899 (96.2s)
Train loss: 0.4899 (96.2s)
2026-06-25 05:58:44,481 - INFO - Test instance 0.9190, class 0.8842
Test instance 0.9190, class 0.8842
2026-06-25 05:58:44,486 - INFO - Best instance 0.9271, class 0.8887 (epoch 112)
Best instance 0.9271, class 0.8887 (epoch 112)
2026-06-25 05:58:44,504 - INFO - Epoch 171/200:
Epoch 171/200:
2026-06-25 06:00:20,691 - INFO - Train loss: 0.4886 (96.2s)
Train loss: 0.4886 (96.2s)
2026-06-25 06:00:44,367 - INFO - Test instance 0.9186, class 0.8850
Test instance 0.9186, class 0.8850
2026-06-25 06:00:44,371 - INFO - Best instance 0.9271, class 0.8887 (epoch 112)
Best instance 0.9271, class 0.8887 (epoch 112)
2026-06-25 06:00:44,389 - INFO - Epoch 172/200:
Epoch 172/200:
2026-06-25 06:02:20,747 - INFO - Train loss: 0.4920 (96.4s)
Train loss: 0.4920 (96.4s)
2026-06-25 06:02:44,398 - INFO - Test instance 0.9190, class 0.8804
Test instance 0.9190, class 0.8804
2026-06-25 06:02:44,403 - INFO - Best instance 0.9271, class 0.8887 (epoch 112)
Best instance 0.9271, class 0.8887 (epoch 112)
2026-06-25 06:02:44,421 - INFO - Epoch 173/200:
Epoch 173/200:
2026-06-25 06:04:20,723 - INFO - Train loss: 0.4916 (96.3s)
Train loss: 0.4916 (96.3s)
2026-06-25 06:04:44,170 - INFO - Test instance 0.9202, class 0.8857
Test instance 0.9202, class 0.8857
2026-06-25 06:04:44,174 - INFO - Best instance 0.9271, class 0.8887 (epoch 112)
Best instance 0.9271, class 0.8887 (epoch 112)
2026-06-25 06:04:44,193 - INFO - Epoch 174/200:
Epoch 174/200:
2026-06-25 06:06:20,605 - INFO - Train loss: 0.4921 (96.4s)
Train loss: 0.4921 (96.4s)
2026-06-25 06:06:44,114 - INFO - Test instance 0.9230, class 0.8827
Test instance 0.9230, class 0.8827
2026-06-25 06:06:44,119 - INFO - Best instance 0.9271, class 0.8887 (epoch 112)
Best instance 0.9271, class 0.8887 (epoch 112)
2026-06-25 06:06:44,137 - INFO - Epoch 175/200:
Epoch 175/200:
2026-06-25 06:08:20,597 - INFO - Train loss: 0.4878 (96.5s)
Train loss: 0.4878 (96.5s)
2026-06-25 06:08:44,121 - INFO - Test instance 0.9222, class 0.8882
Test instance 0.9222, class 0.8882
2026-06-25 06:08:44,125 - INFO - Best instance 0.9271, class 0.8887 (epoch 112)
Best instance 0.9271, class 0.8887 (epoch 112)
2026-06-25 06:08:44,143 - INFO - Epoch 176/200:
Epoch 176/200:
2026-06-25 06:10:20,913 - INFO - Train loss: 0.4918 (96.8s)
Train loss: 0.4918 (96.8s)
2026-06-25 06:10:44,430 - INFO - Test instance 0.9206, class 0.8892
Test instance 0.9206, class 0.8892
2026-06-25 06:10:44,434 - INFO - Best instance 0.9271, class 0.8887 (epoch 112)
Best instance 0.9271, class 0.8887 (epoch 112)
2026-06-25 06:10:44,453 - INFO - Epoch 177/200:
Epoch 177/200:
2026-06-25 06:12:20,621 - INFO - Train loss: 0.4898 (96.2s)
Train loss: 0.4898 (96.2s)
2026-06-25 06:12:44,209 - INFO - Test instance 0.9206, class 0.8873
Test instance 0.9206, class 0.8873
2026-06-25 06:12:44,213 - INFO - Best instance 0.9271, class 0.8887 (epoch 112)
Best instance 0.9271, class 0.8887 (epoch 112)
2026-06-25 06:12:44,233 - INFO - Epoch 178/200:
Epoch 178/200:
2026-06-25 06:14:20,790 - INFO - Train loss: 0.4937 (96.6s)
Train loss: 0.4937 (96.6s)
2026-06-25 06:14:44,434 - INFO - Test instance 0.9222, class 0.8905
Test instance 0.9222, class 0.8905
2026-06-25 06:14:44,438 - INFO - Best instance 0.9271, class 0.8887 (epoch 112)
Best instance 0.9271, class 0.8887 (epoch 112)
2026-06-25 06:14:44,456 - INFO - Epoch 179/200:
Epoch 179/200:
2026-06-25 06:16:20,813 - INFO - Train loss: 0.4909 (96.4s)
Train loss: 0.4909 (96.4s)
2026-06-25 06:16:44,326 - INFO - Test instance 0.9206, class 0.8871
Test instance 0.9206, class 0.8871
2026-06-25 06:16:44,330 - INFO - Best instance 0.9271, class 0.8887 (epoch 112)
Best instance 0.9271, class 0.8887 (epoch 112)
2026-06-25 06:16:44,348 - INFO - Epoch 180/200:
Epoch 180/200:
2026-06-25 06:18:20,425 - INFO - Train loss: 0.4906 (96.1s)
Train loss: 0.4906 (96.1s)
2026-06-25 06:18:44,195 - INFO - Test instance 0.9173, class 0.8850
Test instance 0.9173, class 0.8850
2026-06-25 06:18:44,200 - INFO - Best instance 0.9271, class 0.8887 (epoch 112)
Best instance 0.9271, class 0.8887 (epoch 112)
2026-06-25 06:18:44,218 - INFO - Epoch 181/200:
Epoch 181/200:
2026-06-25 06:20:20,575 - INFO - Train loss: 0.4884 (96.4s)
Train loss: 0.4884 (96.4s)
2026-06-25 06:20:44,387 - INFO - Test instance 0.9206, class 0.8892
Test instance 0.9206, class 0.8892
2026-06-25 06:20:44,392 - INFO - Best instance 0.9271, class 0.8887 (epoch 112)
Best instance 0.9271, class 0.8887 (epoch 112)
2026-06-25 06:20:44,410 - INFO - Epoch 182/200:
Epoch 182/200:
2026-06-25 06:22:20,892 - INFO - Train loss: 0.4895 (96.5s)
Train loss: 0.4895 (96.5s)
2026-06-25 06:22:44,539 - INFO - Test instance 0.9218, class 0.8919
Test instance 0.9218, class 0.8919
2026-06-25 06:22:44,544 - INFO - Best instance 0.9271, class 0.8887 (epoch 112)
Best instance 0.9271, class 0.8887 (epoch 112)
2026-06-25 06:22:44,561 - INFO - Epoch 183/200:
Epoch 183/200:
2026-06-25 06:24:20,633 - INFO - Train loss: 0.4873 (96.1s)
Train loss: 0.4873 (96.1s)
2026-06-25 06:24:44,425 - INFO - Test instance 0.9190, class 0.8829
Test instance 0.9190, class 0.8829
2026-06-25 06:24:44,430 - INFO - Best instance 0.9271, class 0.8887 (epoch 112)
Best instance 0.9271, class 0.8887 (epoch 112)
2026-06-25 06:24:44,448 - INFO - Epoch 184/200:
Epoch 184/200:
2026-06-25 06:26:20,520 - INFO - Train loss: 0.4884 (96.1s)
Train loss: 0.4884 (96.1s)
2026-06-25 06:26:44,332 - INFO - Test instance 0.9190, class 0.8829
Test instance 0.9190, class 0.8829
2026-06-25 06:26:44,337 - INFO - Best instance 0.9271, class 0.8887 (epoch 112)
Best instance 0.9271, class 0.8887 (epoch 112)
2026-06-25 06:26:44,355 - INFO - Epoch 185/200:
Epoch 185/200:
2026-06-25 06:28:20,601 - INFO - Train loss: 0.4891 (96.2s)
Train loss: 0.4891 (96.2s)
2026-06-25 06:28:44,318 - INFO - Test instance 0.9177, class 0.8815
Test instance 0.9177, class 0.8815
2026-06-25 06:28:44,322 - INFO - Best instance 0.9271, class 0.8887 (epoch 112)
Best instance 0.9271, class 0.8887 (epoch 112)
2026-06-25 06:28:44,344 - INFO - Epoch 186/200:
Epoch 186/200:
2026-06-25 06:30:20,809 - INFO - Train loss: 0.4885 (96.5s)
Train loss: 0.4885 (96.5s)
2026-06-25 06:30:44,374 - INFO - Test instance 0.9198, class 0.8877
Test instance 0.9198, class 0.8877
2026-06-25 06:30:44,379 - INFO - Best instance 0.9271, class 0.8887 (epoch 112)
Best instance 0.9271, class 0.8887 (epoch 112)
2026-06-25 06:30:44,400 - INFO - Epoch 187/200:
Epoch 187/200:
2026-06-25 06:32:20,870 - INFO - Train loss: 0.4892 (96.5s)
Train loss: 0.4892 (96.5s)
2026-06-25 06:32:44,516 - INFO - Test instance 0.9194, class 0.8895
Test instance 0.9194, class 0.8895
2026-06-25 06:32:44,520 - INFO - Best instance 0.9271, class 0.8887 (epoch 112)
Best instance 0.9271, class 0.8887 (epoch 112)
2026-06-25 06:32:44,539 - INFO - Epoch 188/200:
Epoch 188/200:
2026-06-25 06:34:20,716 - INFO - Train loss: 0.4890 (96.2s)
Train loss: 0.4890 (96.2s)
2026-06-25 06:34:44,245 - INFO - Test instance 0.9186, class 0.8831
Test instance 0.9186, class 0.8831
2026-06-25 06:34:44,249 - INFO - Best instance 0.9271, class 0.8887 (epoch 112)
Best instance 0.9271, class 0.8887 (epoch 112)
2026-06-25 06:34:44,271 - INFO - Epoch 189/200:
Epoch 189/200:
2026-06-25 06:36:20,402 - INFO - Train loss: 0.4854 (96.1s)
Train loss: 0.4854 (96.1s)
2026-06-25 06:36:44,001 - INFO - Test instance 0.9234, class 0.8949
Test instance 0.9234, class 0.8949
2026-06-25 06:36:44,005 - INFO - Best instance 0.9271, class 0.8887 (epoch 112)
Best instance 0.9271, class 0.8887 (epoch 112)
2026-06-25 06:36:44,023 - INFO - Epoch 190/200:
Epoch 190/200:
2026-06-25 06:38:20,339 - INFO - Train loss: 0.4879 (96.3s)
Train loss: 0.4879 (96.3s)
2026-06-25 06:38:43,921 - INFO - Test instance 0.9214, class 0.8877
Test instance 0.9214, class 0.8877
2026-06-25 06:38:43,925 - INFO - Best instance 0.9271, class 0.8887 (epoch 112)
Best instance 0.9271, class 0.8887 (epoch 112)
2026-06-25 06:38:43,947 - INFO - Epoch 191/200:
Epoch 191/200:
2026-06-25 06:40:20,225 - INFO - Train loss: 0.4881 (96.3s)
Train loss: 0.4881 (96.3s)
2026-06-25 06:40:43,724 - INFO - Test instance 0.9202, class 0.8898
Test instance 0.9202, class 0.8898
2026-06-25 06:40:43,729 - INFO - Best instance 0.9271, class 0.8887 (epoch 112)
Best instance 0.9271, class 0.8887 (epoch 112)
2026-06-25 06:40:43,747 - INFO - Epoch 192/200:
Epoch 192/200:
2026-06-25 06:42:20,044 - INFO - Train loss: 0.4896 (96.3s)
Train loss: 0.4896 (96.3s)
2026-06-25 06:42:43,608 - INFO - Test instance 0.9246, class 0.8915
Test instance 0.9246, class 0.8915
2026-06-25 06:42:43,612 - INFO - Best instance 0.9271, class 0.8887 (epoch 112)
Best instance 0.9271, class 0.8887 (epoch 112)
2026-06-25 06:42:43,633 - INFO - Epoch 193/200:
Epoch 193/200:
2026-06-25 06:44:19,942 - INFO - Train loss: 0.4876 (96.3s)
Train loss: 0.4876 (96.3s)
2026-06-25 06:44:43,600 - INFO - Test instance 0.9202, class 0.8897
Test instance 0.9202, class 0.8897
2026-06-25 06:44:43,605 - INFO - Best instance 0.9271, class 0.8887 (epoch 112)
Best instance 0.9271, class 0.8887 (epoch 112)
2026-06-25 06:44:43,626 - INFO - Epoch 194/200:
Epoch 194/200:
2026-06-25 06:46:19,794 - INFO - Train loss: 0.4860 (96.2s)
Train loss: 0.4860 (96.2s)
2026-06-25 06:46:43,536 - INFO - Test instance 0.9190, class 0.8879
Test instance 0.9190, class 0.8879
2026-06-25 06:46:43,540 - INFO - Best instance 0.9271, class 0.8887 (epoch 112)
Best instance 0.9271, class 0.8887 (epoch 112)
2026-06-25 06:46:43,559 - INFO - Epoch 195/200:
Epoch 195/200:
2026-06-25 06:48:20,867 - INFO - Train loss: 0.4847 (97.3s)
Train loss: 0.4847 (97.3s)
2026-06-25 06:48:44,412 - INFO - Test instance 0.9206, class 0.8872
Test instance 0.9206, class 0.8872
2026-06-25 06:48:44,416 - INFO - Best instance 0.9271, class 0.8887 (epoch 112)
Best instance 0.9271, class 0.8887 (epoch 112)
2026-06-25 06:48:44,434 - INFO - Epoch 196/200:
Epoch 196/200:
2026-06-25 06:50:20,471 - INFO - Train loss: 0.4892 (96.0s)
Train loss: 0.4892 (96.0s)
2026-06-25 06:50:44,007 - INFO - Test instance 0.9222, class 0.8863
Test instance 0.9222, class 0.8863
2026-06-25 06:50:44,011 - INFO - Best instance 0.9271, class 0.8887 (epoch 112)
Best instance 0.9271, class 0.8887 (epoch 112)
2026-06-25 06:50:44,030 - INFO - Epoch 197/200:
Epoch 197/200:
2026-06-25 06:52:20,287 - INFO - Train loss: 0.4862 (96.3s)
Train loss: 0.4862 (96.3s)
2026-06-25 06:52:44,017 - INFO - Test instance 0.9157, class 0.8772
Test instance 0.9157, class 0.8772
2026-06-25 06:52:44,021 - INFO - Best instance 0.9271, class 0.8887 (epoch 112)
Best instance 0.9271, class 0.8887 (epoch 112)
2026-06-25 06:52:44,040 - INFO - Epoch 198/200:
Epoch 198/200:
2026-06-25 06:54:20,757 - INFO - Train loss: 0.4867 (96.7s)
Train loss: 0.4867 (96.7s)
2026-06-25 06:54:44,388 - INFO - Test instance 0.9194, class 0.8815
Test instance 0.9194, class 0.8815
2026-06-25 06:54:44,392 - INFO - Best instance 0.9271, class 0.8887 (epoch 112)
Best instance 0.9271, class 0.8887 (epoch 112)
2026-06-25 06:54:44,412 - INFO - Epoch 199/200:
Epoch 199/200:
2026-06-25 06:56:20,295 - INFO - Train loss: 0.4869 (95.9s)
Train loss: 0.4869 (95.9s)
2026-06-25 06:56:43,936 - INFO - Test instance 0.9214, class 0.8878
Test instance 0.9214, class 0.8878
2026-06-25 06:56:43,939 - INFO - Best instance 0.9271, class 0.8887 (epoch 112)
Best instance 0.9271, class 0.8887 (epoch 112)
2026-06-25 06:56:43,957 - INFO - Epoch 200/200:
Epoch 200/200:
2026-06-25 06:58:19,732 - INFO - Train loss: 0.4876 (95.8s)
Train loss: 0.4876 (95.8s)
2026-06-25 06:58:43,570 - INFO - Test instance 0.9194, class 0.8892
Test instance 0.9194, class 0.8892
2026-06-25 06:58:43,575 - INFO - Best instance 0.9271, class 0.8887 (epoch 112)
Best instance 0.9271, class 0.8887 (epoch 112)
2026-06-25 06:59:24,085 - INFO - Student 1.44 MB, 118.50 ms
Student 1.44 MB, 118.50 ms
