[Wed Jun 24 19:21:02 EDT 2026] task 348 on GPU 0: python flkd/advanced_kd_train_classification.py --teacher_model pointnet2_cls_ssg --student_model small_pointnet2 --kd_strategy cosine --dataset craniosynostosis --seed 123 --batch_size 24 --epoch 200 --num_point 1024 --teacher_path "outputs/craniosynostosis/flkd/federated/classification/fl_pointnet2_cls_ssg_ditto_s123/checkpoints/best_model.pth" --log_dir kd_pointnet2_cls_ssg_ditto+cosine_small_pointnet2_s123  --data_root data --output_root outputs --num_workers -1 --max_runtime_hours 166.0
Loaded teacher from outputs/craniosynostosis/flkd/federated/classification/fl_pointnet2_cls_ssg_ditto_s123/checkpoints/best_model.pth
2026-06-24 19:24:58,121 - INFO - PARAMETER ...
2026-06-24 19:24:58,121 - INFO - {'use_cpu': False, 'no_amp': False, 'gpu': '0', 'num_workers': -1, 'batch_size': 24, 'teacher_model': 'pointnet2_cls_ssg', 'student_model': 'small_pointnet2', 'num_category': 4, 'dataset': 'craniosynostosis', 'data_root': 'data', 'output_root': 'outputs', 'train_split': 0.8, 'dataset_seed': 0, 'cache_dataset': True, 'min_class_samples': 1, 'epoch': 200, 'learning_rate': 0.001, 'num_point': 1024, 'optimizer': 'Adam', 'log_dir': 'kd_pointnet2_cls_ssg_ditto+cosine_small_pointnet2_s123', 'decay_rate': 0.0001, 'use_normals': False, 'process_data': False, 'use_uniform_sample': False, 'resume': True, 'kd_strategy': 'cosine', 'alpha': 0.5, 'temperature': 2.0, 'beta': 0.5, 'dkd_alpha': 1.0, 'dkd_beta': 8.0, 'crd_temperature': 0.07, 'teacher_path': 'outputs/craniosynostosis/flkd/federated/classification/fl_pointnet2_cls_ssg_ditto_s123/checkpoints/best_model.pth', 'teacher_paths': None, 'teacher_weights': None, 'use_hard_labels': 'on', 'unlabeled': False, 'temperature_sweep': None, 'seed': 123, 'max_runtime_hours': 166.0}
2026-06-24 19:24:58,122 - INFO - KD=cosine student=small_pointnet2 AMP=False use_hard=True unlabeled=False T=2.0
KD=cosine student=small_pointnet2 AMP=False use_hard=True unlabeled=False T=2.0
2026-06-24 19:24:58,129 - INFO - Epoch 1/200:
Epoch 1/200:
2026-06-24 19:25:03,623 - INFO - Train loss: 0.7815 (5.5s)
Train loss: 0.7815 (5.5s)
2026-06-24 19:25:04,267 - INFO - Test instance 0.2500, class 0.2500
Test instance 0.2500, class 0.2500
2026-06-24 19:25:04,289 - INFO - Best instance 0.2500, class 0.2500 (epoch 1)
Best instance 0.2500, class 0.2500 (epoch 1)
2026-06-24 19:25:04,307 - INFO - Epoch 2/200:
Epoch 2/200:
2026-06-24 19:25:07,030 - INFO - Train loss: 0.7525 (2.7s)
Train loss: 0.7525 (2.7s)
2026-06-24 19:25:07,308 - INFO - Test instance 0.2500, class 0.2500
Test instance 0.2500, class 0.2500
2026-06-24 19:25:07,309 - INFO - Best instance 0.2500, class 0.2500 (epoch 1)
Best instance 0.2500, class 0.2500 (epoch 1)
2026-06-24 19:25:07,328 - INFO - Epoch 3/200:
Epoch 3/200:
2026-06-24 19:25:10,065 - INFO - Train loss: 0.7285 (2.7s)
Train loss: 0.7285 (2.7s)
2026-06-24 19:25:10,328 - INFO - Test instance 0.2500, class 0.2500
Test instance 0.2500, class 0.2500
2026-06-24 19:25:10,328 - INFO - Best instance 0.2500, class 0.2500 (epoch 1)
Best instance 0.2500, class 0.2500 (epoch 1)
2026-06-24 19:25:10,346 - INFO - Epoch 4/200:
Epoch 4/200:
2026-06-24 19:25:13,105 - INFO - Train loss: 0.7075 (2.8s)
Train loss: 0.7075 (2.8s)
2026-06-24 19:25:13,368 - INFO - Test instance 0.2500, class 0.2500
Test instance 0.2500, class 0.2500
2026-06-24 19:25:13,368 - INFO - Best instance 0.2500, class 0.2500 (epoch 1)
Best instance 0.2500, class 0.2500 (epoch 1)
2026-06-24 19:25:13,385 - INFO - Epoch 5/200:
Epoch 5/200:
2026-06-24 19:25:16,135 - INFO - Train loss: 0.6765 (2.7s)
Train loss: 0.6765 (2.7s)
2026-06-24 19:25:16,407 - INFO - Test instance 0.2500, class 0.2500
Test instance 0.2500, class 0.2500
2026-06-24 19:25:16,408 - INFO - Best instance 0.2500, class 0.2500 (epoch 1)
Best instance 0.2500, class 0.2500 (epoch 1)
2026-06-24 19:25:16,426 - INFO - Epoch 6/200:
Epoch 6/200:
2026-06-24 19:25:19,158 - INFO - Train loss: 0.6768 (2.7s)
Train loss: 0.6768 (2.7s)
2026-06-24 19:25:19,419 - INFO - Test instance 0.4375, class 0.4375
Test instance 0.4375, class 0.4375
2026-06-24 19:25:19,437 - INFO - Best instance 0.4375, class 0.4375 (epoch 6)
Best instance 0.4375, class 0.4375 (epoch 6)
2026-06-24 19:25:19,453 - INFO - Epoch 7/200:
Epoch 7/200:
2026-06-24 19:25:22,200 - INFO - Train loss: 0.6194 (2.7s)
Train loss: 0.6194 (2.7s)
2026-06-24 19:25:22,461 - INFO - Test instance 0.4625, class 0.4625
Test instance 0.4625, class 0.4625
2026-06-24 19:25:22,478 - INFO - Best instance 0.4625, class 0.4625 (epoch 7)
Best instance 0.4625, class 0.4625 (epoch 7)
2026-06-24 19:25:22,495 - INFO - Epoch 8/200:
Epoch 8/200:
2026-06-24 19:25:25,205 - INFO - Train loss: 0.6043 (2.7s)
Train loss: 0.6043 (2.7s)
2026-06-24 19:25:25,463 - INFO - Test instance 0.5125, class 0.5125
Test instance 0.5125, class 0.5125
2026-06-24 19:25:25,480 - INFO - Best instance 0.5125, class 0.5125 (epoch 8)
Best instance 0.5125, class 0.5125 (epoch 8)
2026-06-24 19:25:25,507 - INFO - Epoch 9/200:
Epoch 9/200:
2026-06-24 19:25:28,248 - INFO - Train loss: 0.5807 (2.7s)
Train loss: 0.5807 (2.7s)
2026-06-24 19:25:28,513 - INFO - Test instance 0.6125, class 0.6125
Test instance 0.6125, class 0.6125
2026-06-24 19:25:28,530 - INFO - Best instance 0.6125, class 0.6125 (epoch 9)
Best instance 0.6125, class 0.6125 (epoch 9)
2026-06-24 19:25:28,547 - INFO - Epoch 10/200:
Epoch 10/200:
2026-06-24 19:25:31,295 - INFO - Train loss: 0.5537 (2.7s)
Train loss: 0.5537 (2.7s)
2026-06-24 19:25:31,555 - INFO - Test instance 0.4875, class 0.4875
Test instance 0.4875, class 0.4875
2026-06-24 19:25:31,556 - INFO - Best instance 0.6125, class 0.6125 (epoch 9)
Best instance 0.6125, class 0.6125 (epoch 9)
2026-06-24 19:25:31,573 - INFO - Epoch 11/200:
Epoch 11/200:
2026-06-24 19:25:34,351 - INFO - Train loss: 0.5281 (2.8s)
Train loss: 0.5281 (2.8s)
2026-06-24 19:25:34,626 - INFO - Test instance 0.4750, class 0.4750
Test instance 0.4750, class 0.4750
2026-06-24 19:25:34,627 - INFO - Best instance 0.6125, class 0.6125 (epoch 9)
Best instance 0.6125, class 0.6125 (epoch 9)
2026-06-24 19:25:34,644 - INFO - Epoch 12/200:
Epoch 12/200:
2026-06-24 19:25:37,412 - INFO - Train loss: 0.5084 (2.8s)
Train loss: 0.5084 (2.8s)
2026-06-24 19:25:37,681 - INFO - Test instance 0.7375, class 0.7375
Test instance 0.7375, class 0.7375
2026-06-24 19:25:37,699 - INFO - Best instance 0.7375, class 0.7375 (epoch 12)
Best instance 0.7375, class 0.7375 (epoch 12)
2026-06-24 19:25:37,716 - INFO - Epoch 13/200:
Epoch 13/200:
2026-06-24 19:25:40,493 - INFO - Train loss: 0.4887 (2.8s)
Train loss: 0.4887 (2.8s)
2026-06-24 19:25:40,764 - INFO - Test instance 0.5375, class 0.5375
Test instance 0.5375, class 0.5375
2026-06-24 19:25:40,764 - INFO - Best instance 0.7375, class 0.7375 (epoch 12)
Best instance 0.7375, class 0.7375 (epoch 12)
2026-06-24 19:25:40,782 - INFO - Epoch 14/200:
Epoch 14/200:
2026-06-24 19:25:43,542 - INFO - Train loss: 0.4689 (2.8s)
Train loss: 0.4689 (2.8s)
2026-06-24 19:25:43,809 - INFO - Test instance 0.5750, class 0.5750
Test instance 0.5750, class 0.5750
2026-06-24 19:25:43,810 - INFO - Best instance 0.7375, class 0.7375 (epoch 12)
Best instance 0.7375, class 0.7375 (epoch 12)
2026-06-24 19:25:43,828 - INFO - Epoch 15/200:
Epoch 15/200:
2026-06-24 19:25:46,556 - INFO - Train loss: 0.4715 (2.7s)
Train loss: 0.4715 (2.7s)
2026-06-24 19:25:46,814 - INFO - Test instance 0.7125, class 0.7125
Test instance 0.7125, class 0.7125
2026-06-24 19:25:46,815 - INFO - Best instance 0.7375, class 0.7375 (epoch 12)
Best instance 0.7375, class 0.7375 (epoch 12)
2026-06-24 19:25:46,832 - INFO - Epoch 16/200:
Epoch 16/200:
2026-06-24 19:25:49,577 - INFO - Train loss: 0.4381 (2.7s)
Train loss: 0.4381 (2.7s)
2026-06-24 19:25:49,837 - INFO - Test instance 0.6625, class 0.6625
Test instance 0.6625, class 0.6625
2026-06-24 19:25:49,837 - INFO - Best instance 0.7375, class 0.7375 (epoch 12)
Best instance 0.7375, class 0.7375 (epoch 12)
2026-06-24 19:25:49,854 - INFO - Epoch 17/200:
Epoch 17/200:
2026-06-24 19:25:52,608 - INFO - Train loss: 0.4499 (2.8s)
Train loss: 0.4499 (2.8s)
2026-06-24 19:25:52,881 - INFO - Test instance 0.6250, class 0.6250
Test instance 0.6250, class 0.6250
2026-06-24 19:25:52,882 - INFO - Best instance 0.7375, class 0.7375 (epoch 12)
Best instance 0.7375, class 0.7375 (epoch 12)
2026-06-24 19:25:52,899 - INFO - Epoch 18/200:
Epoch 18/200:
2026-06-24 19:25:55,654 - INFO - Train loss: 0.4138 (2.8s)
Train loss: 0.4138 (2.8s)
2026-06-24 19:25:55,917 - INFO - Test instance 0.6500, class 0.6500
Test instance 0.6500, class 0.6500
2026-06-24 19:25:55,917 - INFO - Best instance 0.7375, class 0.7375 (epoch 12)
Best instance 0.7375, class 0.7375 (epoch 12)
2026-06-24 19:25:55,934 - INFO - Epoch 19/200:
Epoch 19/200:
2026-06-24 19:25:58,685 - INFO - Train loss: 0.4131 (2.8s)
Train loss: 0.4131 (2.8s)
2026-06-24 19:25:58,947 - INFO - Test instance 0.8625, class 0.8625
Test instance 0.8625, class 0.8625
2026-06-24 19:25:58,964 - INFO - Best instance 0.8625, class 0.8625 (epoch 19)
Best instance 0.8625, class 0.8625 (epoch 19)
2026-06-24 19:25:58,981 - INFO - Epoch 20/200:
Epoch 20/200:
2026-06-24 19:26:01,789 - INFO - Train loss: 0.4106 (2.8s)
Train loss: 0.4106 (2.8s)
2026-06-24 19:26:02,080 - INFO - Test instance 0.6375, class 0.6375
Test instance 0.6375, class 0.6375
2026-06-24 19:26:02,081 - INFO - Best instance 0.8625, class 0.8625 (epoch 19)
Best instance 0.8625, class 0.8625 (epoch 19)
2026-06-24 19:26:02,099 - INFO - Epoch 21/200:
Epoch 21/200:
2026-06-24 19:26:04,892 - INFO - Train loss: 0.3657 (2.8s)
Train loss: 0.3657 (2.8s)
2026-06-24 19:26:05,162 - INFO - Test instance 0.8000, class 0.8000
Test instance 0.8000, class 0.8000
2026-06-24 19:26:05,162 - INFO - Best instance 0.8625, class 0.8625 (epoch 19)
Best instance 0.8625, class 0.8625 (epoch 19)
2026-06-24 19:26:05,183 - INFO - Epoch 22/200:
Epoch 22/200:
2026-06-24 19:26:07,960 - INFO - Train loss: 0.3496 (2.8s)
Train loss: 0.3496 (2.8s)
2026-06-24 19:26:08,219 - INFO - Test instance 0.7875, class 0.7875
Test instance 0.7875, class 0.7875
2026-06-24 19:26:08,219 - INFO - Best instance 0.8625, class 0.8625 (epoch 19)
Best instance 0.8625, class 0.8625 (epoch 19)
2026-06-24 19:26:08,237 - INFO - Epoch 23/200:
Epoch 23/200:
2026-06-24 19:26:10,920 - INFO - Train loss: 0.3672 (2.7s)
Train loss: 0.3672 (2.7s)
2026-06-24 19:26:11,181 - INFO - Test instance 0.6750, class 0.6750
Test instance 0.6750, class 0.6750
2026-06-24 19:26:11,181 - INFO - Best instance 0.8625, class 0.8625 (epoch 19)
Best instance 0.8625, class 0.8625 (epoch 19)
2026-06-24 19:26:11,199 - INFO - Epoch 24/200:
Epoch 24/200:
2026-06-24 19:26:13,939 - INFO - Train loss: 0.3251 (2.7s)
Train loss: 0.3251 (2.7s)
2026-06-24 19:26:14,207 - INFO - Test instance 0.8500, class 0.8500
Test instance 0.8500, class 0.8500
2026-06-24 19:26:14,208 - INFO - Best instance 0.8625, class 0.8625 (epoch 19)
Best instance 0.8625, class 0.8625 (epoch 19)
2026-06-24 19:26:14,225 - INFO - Epoch 25/200:
Epoch 25/200:
2026-06-24 19:26:16,972 - INFO - Train loss: 0.3410 (2.7s)
Train loss: 0.3410 (2.7s)
2026-06-24 19:26:17,230 - INFO - Test instance 0.7625, class 0.7625
Test instance 0.7625, class 0.7625
2026-06-24 19:26:17,231 - INFO - Best instance 0.8625, class 0.8625 (epoch 19)
Best instance 0.8625, class 0.8625 (epoch 19)
2026-06-24 19:26:17,248 - INFO - Epoch 26/200:
Epoch 26/200:
2026-06-24 19:26:19,992 - INFO - Train loss: 0.3538 (2.7s)
Train loss: 0.3538 (2.7s)
2026-06-24 19:26:20,257 - INFO - Test instance 0.8125, class 0.8125
Test instance 0.8125, class 0.8125
2026-06-24 19:26:20,257 - INFO - Best instance 0.8625, class 0.8625 (epoch 19)
Best instance 0.8625, class 0.8625 (epoch 19)
2026-06-24 19:26:20,275 - INFO - Epoch 27/200:
Epoch 27/200:
2026-06-24 19:26:23,027 - INFO - Train loss: 0.3274 (2.8s)
Train loss: 0.3274 (2.8s)
2026-06-24 19:26:23,294 - INFO - Test instance 0.8000, class 0.8000
Test instance 0.8000, class 0.8000
2026-06-24 19:26:23,295 - INFO - Best instance 0.8625, class 0.8625 (epoch 19)
Best instance 0.8625, class 0.8625 (epoch 19)
2026-06-24 19:26:23,312 - INFO - Epoch 28/200:
Epoch 28/200:
2026-06-24 19:26:26,059 - INFO - Train loss: 0.3578 (2.7s)
Train loss: 0.3578 (2.7s)
2026-06-24 19:26:26,323 - INFO - Test instance 0.7875, class 0.7875
Test instance 0.7875, class 0.7875
2026-06-24 19:26:26,323 - INFO - Best instance 0.8625, class 0.8625 (epoch 19)
Best instance 0.8625, class 0.8625 (epoch 19)
2026-06-24 19:26:26,342 - INFO - Epoch 29/200:
Epoch 29/200:
2026-06-24 19:26:29,078 - INFO - Train loss: 0.3196 (2.7s)
Train loss: 0.3196 (2.7s)
2026-06-24 19:26:29,347 - INFO - Test instance 0.6125, class 0.6125
Test instance 0.6125, class 0.6125
2026-06-24 19:26:29,348 - INFO - Best instance 0.8625, class 0.8625 (epoch 19)
Best instance 0.8625, class 0.8625 (epoch 19)
2026-06-24 19:26:29,365 - INFO - Epoch 30/200:
Epoch 30/200:
2026-06-24 19:26:32,080 - INFO - Train loss: 0.3423 (2.7s)
Train loss: 0.3423 (2.7s)
2026-06-24 19:26:32,355 - INFO - Test instance 0.8875, class 0.8875
Test instance 0.8875, class 0.8875
2026-06-24 19:26:32,374 - INFO - Best instance 0.8875, class 0.8875 (epoch 30)
Best instance 0.8875, class 0.8875 (epoch 30)
2026-06-24 19:26:32,393 - INFO - Epoch 31/200:
Epoch 31/200:
2026-06-24 19:26:35,175 - INFO - Train loss: 0.3135 (2.8s)
Train loss: 0.3135 (2.8s)
2026-06-24 19:26:35,443 - INFO - Test instance 0.8500, class 0.8500
Test instance 0.8500, class 0.8500
2026-06-24 19:26:35,444 - INFO - Best instance 0.8875, class 0.8875 (epoch 30)
Best instance 0.8875, class 0.8875 (epoch 30)
2026-06-24 19:26:35,461 - INFO - Epoch 32/200:
Epoch 32/200:
2026-06-24 19:26:38,209 - INFO - Train loss: 0.2860 (2.7s)
Train loss: 0.2860 (2.7s)
2026-06-24 19:26:38,480 - INFO - Test instance 0.8250, class 0.8250
Test instance 0.8250, class 0.8250
2026-06-24 19:26:38,481 - INFO - Best instance 0.8875, class 0.8875 (epoch 30)
Best instance 0.8875, class 0.8875 (epoch 30)
2026-06-24 19:26:38,498 - INFO - Epoch 33/200:
Epoch 33/200:
2026-06-24 19:26:41,240 - INFO - Train loss: 0.3299 (2.7s)
Train loss: 0.3299 (2.7s)
2026-06-24 19:26:41,505 - INFO - Test instance 0.7875, class 0.7875
Test instance 0.7875, class 0.7875
2026-06-24 19:26:41,505 - INFO - Best instance 0.8875, class 0.8875 (epoch 30)
Best instance 0.8875, class 0.8875 (epoch 30)
2026-06-24 19:26:41,523 - INFO - Epoch 34/200:
Epoch 34/200:
2026-06-24 19:26:44,289 - INFO - Train loss: 0.2933 (2.8s)
Train loss: 0.2933 (2.8s)
2026-06-24 19:26:44,567 - INFO - Test instance 0.9125, class 0.9125
Test instance 0.9125, class 0.9125
2026-06-24 19:26:44,584 - INFO - Best instance 0.9125, class 0.9125 (epoch 34)
Best instance 0.9125, class 0.9125 (epoch 34)
2026-06-24 19:26:44,601 - INFO - Epoch 35/200:
Epoch 35/200:
2026-06-24 19:26:47,345 - INFO - Train loss: 0.2794 (2.7s)
Train loss: 0.2794 (2.7s)
2026-06-24 19:26:47,604 - INFO - Test instance 0.8125, class 0.8125
Test instance 0.8125, class 0.8125
2026-06-24 19:26:47,604 - INFO - Best instance 0.9125, class 0.9125 (epoch 34)
Best instance 0.9125, class 0.9125 (epoch 34)
2026-06-24 19:26:47,622 - INFO - Epoch 36/200:
Epoch 36/200:
2026-06-24 19:26:50,393 - INFO - Train loss: 0.3166 (2.8s)
Train loss: 0.3166 (2.8s)
2026-06-24 19:26:50,655 - INFO - Test instance 0.7250, class 0.7250
Test instance 0.7250, class 0.7250
2026-06-24 19:26:50,655 - INFO - Best instance 0.9125, class 0.9125 (epoch 34)
Best instance 0.9125, class 0.9125 (epoch 34)
2026-06-24 19:26:50,673 - INFO - Epoch 37/200:
Epoch 37/200:
2026-06-24 19:26:53,384 - INFO - Train loss: 0.2881 (2.7s)
Train loss: 0.2881 (2.7s)
2026-06-24 19:26:53,647 - INFO - Test instance 0.7000, class 0.7000
Test instance 0.7000, class 0.7000
2026-06-24 19:26:53,648 - INFO - Best instance 0.9125, class 0.9125 (epoch 34)
Best instance 0.9125, class 0.9125 (epoch 34)
2026-06-24 19:26:53,666 - INFO - Epoch 38/200:
Epoch 38/200:
2026-06-24 19:26:56,408 - INFO - Train loss: 0.2729 (2.7s)
Train loss: 0.2729 (2.7s)
2026-06-24 19:26:56,669 - INFO - Test instance 0.7375, class 0.7375
Test instance 0.7375, class 0.7375
2026-06-24 19:26:56,669 - INFO - Best instance 0.9125, class 0.9125 (epoch 34)
Best instance 0.9125, class 0.9125 (epoch 34)
2026-06-24 19:26:56,688 - INFO - Epoch 39/200:
Epoch 39/200:
2026-06-24 19:26:59,430 - INFO - Train loss: 0.2670 (2.7s)
Train loss: 0.2670 (2.7s)
2026-06-24 19:26:59,694 - INFO - Test instance 0.8750, class 0.8750
Test instance 0.8750, class 0.8750
2026-06-24 19:26:59,694 - INFO - Best instance 0.9125, class 0.9125 (epoch 34)
Best instance 0.9125, class 0.9125 (epoch 34)
2026-06-24 19:26:59,712 - INFO - Epoch 40/200:
Epoch 40/200:
2026-06-24 19:27:02,532 - INFO - Train loss: 0.3142 (2.8s)
Train loss: 0.3142 (2.8s)
2026-06-24 19:27:02,797 - INFO - Test instance 0.7750, class 0.7750
Test instance 0.7750, class 0.7750
2026-06-24 19:27:02,798 - INFO - Best instance 0.9125, class 0.9125 (epoch 34)
Best instance 0.9125, class 0.9125 (epoch 34)
2026-06-24 19:27:02,815 - INFO - Epoch 41/200:
Epoch 41/200:
2026-06-24 19:27:05,573 - INFO - Train loss: 0.2908 (2.8s)
Train loss: 0.2908 (2.8s)
2026-06-24 19:27:05,830 - INFO - Test instance 0.8750, class 0.8750
Test instance 0.8750, class 0.8750
2026-06-24 19:27:05,830 - INFO - Best instance 0.9125, class 0.9125 (epoch 34)
Best instance 0.9125, class 0.9125 (epoch 34)
2026-06-24 19:27:05,848 - INFO - Epoch 42/200:
Epoch 42/200:
2026-06-24 19:27:08,573 - INFO - Train loss: 0.2843 (2.7s)
Train loss: 0.2843 (2.7s)
2026-06-24 19:27:08,830 - INFO - Test instance 0.8250, class 0.8250
Test instance 0.8250, class 0.8250
2026-06-24 19:27:08,831 - INFO - Best instance 0.9125, class 0.9125 (epoch 34)
Best instance 0.9125, class 0.9125 (epoch 34)
2026-06-24 19:27:08,848 - INFO - Epoch 43/200:
Epoch 43/200:
2026-06-24 19:27:11,600 - INFO - Train loss: 0.2654 (2.8s)
Train loss: 0.2654 (2.8s)
2026-06-24 19:27:11,861 - INFO - Test instance 0.7500, class 0.7500
Test instance 0.7500, class 0.7500
2026-06-24 19:27:11,861 - INFO - Best instance 0.9125, class 0.9125 (epoch 34)
Best instance 0.9125, class 0.9125 (epoch 34)
2026-06-24 19:27:11,878 - INFO - Epoch 44/200:
Epoch 44/200:
2026-06-24 19:27:14,606 - INFO - Train loss: 0.2586 (2.7s)
Train loss: 0.2586 (2.7s)
2026-06-24 19:27:14,873 - INFO - Test instance 0.9000, class 0.9000
Test instance 0.9000, class 0.9000
2026-06-24 19:27:14,873 - INFO - Best instance 0.9125, class 0.9125 (epoch 34)
Best instance 0.9125, class 0.9125 (epoch 34)
2026-06-24 19:27:14,891 - INFO - Epoch 45/200:
Epoch 45/200:
2026-06-24 19:27:17,653 - INFO - Train loss: 0.2539 (2.8s)
Train loss: 0.2539 (2.8s)
2026-06-24 19:27:17,922 - INFO - Test instance 0.8875, class 0.8875
Test instance 0.8875, class 0.8875
2026-06-24 19:27:17,922 - INFO - Best instance 0.9125, class 0.9125 (epoch 34)
Best instance 0.9125, class 0.9125 (epoch 34)
2026-06-24 19:27:17,939 - INFO - Epoch 46/200:
Epoch 46/200:
2026-06-24 19:27:20,691 - INFO - Train loss: 0.2765 (2.8s)
Train loss: 0.2765 (2.8s)
2026-06-24 19:27:20,966 - INFO - Test instance 0.9125, class 0.9125
Test instance 0.9125, class 0.9125
2026-06-24 19:27:20,966 - INFO - Best instance 0.9125, class 0.9125 (epoch 34)
Best instance 0.9125, class 0.9125 (epoch 34)
2026-06-24 19:27:20,985 - INFO - Epoch 47/200:
Epoch 47/200:
2026-06-24 19:27:23,727 - INFO - Train loss: 0.2380 (2.7s)
Train loss: 0.2380 (2.7s)
2026-06-24 19:27:23,993 - INFO - Test instance 0.8125, class 0.8125
Test instance 0.8125, class 0.8125
2026-06-24 19:27:23,993 - INFO - Best instance 0.9125, class 0.9125 (epoch 34)
Best instance 0.9125, class 0.9125 (epoch 34)
2026-06-24 19:27:24,011 - INFO - Epoch 48/200:
Epoch 48/200:
2026-06-24 19:27:26,754 - INFO - Train loss: 0.2401 (2.7s)
Train loss: 0.2401 (2.7s)
2026-06-24 19:27:27,027 - INFO - Test instance 0.8500, class 0.8500
Test instance 0.8500, class 0.8500
2026-06-24 19:27:27,028 - INFO - Best instance 0.9125, class 0.9125 (epoch 34)
Best instance 0.9125, class 0.9125 (epoch 34)
2026-06-24 19:27:27,045 - INFO - Epoch 49/200:
Epoch 49/200:
2026-06-24 19:27:29,792 - INFO - Train loss: 0.2557 (2.7s)
Train loss: 0.2557 (2.7s)
2026-06-24 19:27:30,067 - INFO - Test instance 0.8250, class 0.8250
Test instance 0.8250, class 0.8250
2026-06-24 19:27:30,067 - INFO - Best instance 0.9125, class 0.9125 (epoch 34)
Best instance 0.9125, class 0.9125 (epoch 34)
2026-06-24 19:27:30,085 - INFO - Epoch 50/200:
Epoch 50/200:
2026-06-24 19:27:32,834 - INFO - Train loss: 0.2494 (2.7s)
Train loss: 0.2494 (2.7s)
2026-06-24 19:27:33,109 - INFO - Test instance 0.8750, class 0.8750
Test instance 0.8750, class 0.8750
2026-06-24 19:27:33,109 - INFO - Best instance 0.9125, class 0.9125 (epoch 34)
Best instance 0.9125, class 0.9125 (epoch 34)
2026-06-24 19:27:33,127 - INFO - Epoch 51/200:
Epoch 51/200:
2026-06-24 19:27:35,846 - INFO - Train loss: 0.2237 (2.7s)
Train loss: 0.2237 (2.7s)
2026-06-24 19:27:36,106 - INFO - Test instance 0.8750, class 0.8750
Test instance 0.8750, class 0.8750
2026-06-24 19:27:36,106 - INFO - Best instance 0.9125, class 0.9125 (epoch 34)
Best instance 0.9125, class 0.9125 (epoch 34)
2026-06-24 19:27:36,123 - INFO - Epoch 52/200:
Epoch 52/200:
2026-06-24 19:27:38,852 - INFO - Train loss: 0.2311 (2.7s)
Train loss: 0.2311 (2.7s)
2026-06-24 19:27:39,111 - INFO - Test instance 0.8875, class 0.8875
Test instance 0.8875, class 0.8875
2026-06-24 19:27:39,111 - INFO - Best instance 0.9125, class 0.9125 (epoch 34)
Best instance 0.9125, class 0.9125 (epoch 34)
2026-06-24 19:27:39,129 - INFO - Epoch 53/200:
Epoch 53/200:
2026-06-24 19:27:41,881 - INFO - Train loss: 0.2195 (2.8s)
Train loss: 0.2195 (2.8s)
2026-06-24 19:27:42,143 - INFO - Test instance 0.8875, class 0.8875
Test instance 0.8875, class 0.8875
2026-06-24 19:27:42,144 - INFO - Best instance 0.9125, class 0.9125 (epoch 34)
Best instance 0.9125, class 0.9125 (epoch 34)
2026-06-24 19:27:42,161 - INFO - Epoch 54/200:
Epoch 54/200:
2026-06-24 19:27:44,917 - INFO - Train loss: 0.2177 (2.8s)
Train loss: 0.2177 (2.8s)
2026-06-24 19:27:45,176 - INFO - Test instance 0.8500, class 0.8500
Test instance 0.8500, class 0.8500
2026-06-24 19:27:45,176 - INFO - Best instance 0.9125, class 0.9125 (epoch 34)
Best instance 0.9125, class 0.9125 (epoch 34)
2026-06-24 19:27:45,194 - INFO - Epoch 55/200:
Epoch 55/200:
2026-06-24 19:27:47,923 - INFO - Train loss: 0.2898 (2.7s)
Train loss: 0.2898 (2.7s)
2026-06-24 19:27:48,188 - INFO - Test instance 0.7000, class 0.7000
Test instance 0.7000, class 0.7000
2026-06-24 19:27:48,188 - INFO - Best instance 0.9125, class 0.9125 (epoch 34)
Best instance 0.9125, class 0.9125 (epoch 34)
2026-06-24 19:27:48,206 - INFO - Epoch 56/200:
Epoch 56/200:
2026-06-24 19:27:50,963 - INFO - Train loss: 0.2426 (2.8s)
Train loss: 0.2426 (2.8s)
2026-06-24 19:27:51,228 - INFO - Test instance 0.8750, class 0.8750
Test instance 0.8750, class 0.8750
2026-06-24 19:27:51,228 - INFO - Best instance 0.9125, class 0.9125 (epoch 34)
Best instance 0.9125, class 0.9125 (epoch 34)
2026-06-24 19:27:51,245 - INFO - Epoch 57/200:
Epoch 57/200:
2026-06-24 19:27:54,005 - INFO - Train loss: 0.2356 (2.8s)
Train loss: 0.2356 (2.8s)
2026-06-24 19:27:54,269 - INFO - Test instance 0.8000, class 0.8000
Test instance 0.8000, class 0.8000
2026-06-24 19:27:54,270 - INFO - Best instance 0.9125, class 0.9125 (epoch 34)
Best instance 0.9125, class 0.9125 (epoch 34)
2026-06-24 19:27:54,287 - INFO - Epoch 58/200:
Epoch 58/200:
2026-06-24 19:27:57,015 - INFO - Train loss: 0.2357 (2.7s)
Train loss: 0.2357 (2.7s)
2026-06-24 19:27:57,275 - INFO - Test instance 0.8375, class 0.8375
Test instance 0.8375, class 0.8375
2026-06-24 19:27:57,275 - INFO - Best instance 0.9125, class 0.9125 (epoch 34)
Best instance 0.9125, class 0.9125 (epoch 34)
2026-06-24 19:27:57,292 - INFO - Epoch 59/200:
Epoch 59/200:
2026-06-24 19:28:00,005 - INFO - Train loss: 0.2339 (2.7s)
Train loss: 0.2339 (2.7s)
2026-06-24 19:28:00,271 - INFO - Test instance 0.9000, class 0.9000
Test instance 0.9000, class 0.9000
2026-06-24 19:28:00,271 - INFO - Best instance 0.9125, class 0.9125 (epoch 34)
Best instance 0.9125, class 0.9125 (epoch 34)
2026-06-24 19:28:00,320 - INFO - Epoch 60/200:
Epoch 60/200:
2026-06-24 19:28:03,125 - INFO - Train loss: 0.2230 (2.8s)
Train loss: 0.2230 (2.8s)
2026-06-24 19:28:03,397 - INFO - Test instance 0.8000, class 0.8000
Test instance 0.8000, class 0.8000
2026-06-24 19:28:03,398 - INFO - Best instance 0.9125, class 0.9125 (epoch 34)
Best instance 0.9125, class 0.9125 (epoch 34)
2026-06-24 19:28:03,416 - INFO - Epoch 61/200:
Epoch 61/200:
2026-06-24 19:28:06,155 - INFO - Train loss: 0.2856 (2.7s)
Train loss: 0.2856 (2.7s)
2026-06-24 19:28:06,413 - INFO - Test instance 0.9250, class 0.9250
Test instance 0.9250, class 0.9250
2026-06-24 19:28:06,431 - INFO - Best instance 0.9250, class 0.9250 (epoch 61)
Best instance 0.9250, class 0.9250 (epoch 61)
2026-06-24 19:28:06,447 - INFO - Epoch 62/200:
Epoch 62/200:
2026-06-24 19:28:09,188 - INFO - Train loss: 0.2145 (2.7s)
Train loss: 0.2145 (2.7s)
2026-06-24 19:28:09,448 - INFO - Test instance 0.9375, class 0.9375
Test instance 0.9375, class 0.9375
2026-06-24 19:28:09,465 - INFO - Best instance 0.9375, class 0.9375 (epoch 62)
Best instance 0.9375, class 0.9375 (epoch 62)
2026-06-24 19:28:09,482 - INFO - Epoch 63/200:
Epoch 63/200:
2026-06-24 19:28:12,243 - INFO - Train loss: 0.2384 (2.8s)
Train loss: 0.2384 (2.8s)
2026-06-24 19:28:12,507 - INFO - Test instance 0.9125, class 0.9125
Test instance 0.9125, class 0.9125
2026-06-24 19:28:12,508 - INFO - Best instance 0.9375, class 0.9375 (epoch 62)
Best instance 0.9375, class 0.9375 (epoch 62)
2026-06-24 19:28:12,525 - INFO - Epoch 64/200:
Epoch 64/200:
2026-06-24 19:28:15,255 - INFO - Train loss: 0.2178 (2.7s)
Train loss: 0.2178 (2.7s)
2026-06-24 19:28:15,527 - INFO - Test instance 0.8750, class 0.8750
Test instance 0.8750, class 0.8750
2026-06-24 19:28:15,527 - INFO - Best instance 0.9375, class 0.9375 (epoch 62)
Best instance 0.9375, class 0.9375 (epoch 62)
2026-06-24 19:28:15,545 - INFO - Epoch 65/200:
Epoch 65/200:
2026-06-24 19:28:18,300 - INFO - Train loss: 0.2864 (2.8s)
Train loss: 0.2864 (2.8s)
2026-06-24 19:28:18,558 - INFO - Test instance 0.9000, class 0.9000
Test instance 0.9000, class 0.9000
2026-06-24 19:28:18,558 - INFO - Best instance 0.9375, class 0.9375 (epoch 62)
Best instance 0.9375, class 0.9375 (epoch 62)
2026-06-24 19:28:18,576 - INFO - Epoch 66/200:
Epoch 66/200:
2026-06-24 19:28:21,317 - INFO - Train loss: 0.2159 (2.7s)
Train loss: 0.2159 (2.7s)
2026-06-24 19:28:21,576 - INFO - Test instance 0.9375, class 0.9375
Test instance 0.9375, class 0.9375
2026-06-24 19:28:21,577 - INFO - Best instance 0.9375, class 0.9375 (epoch 62)
Best instance 0.9375, class 0.9375 (epoch 62)
2026-06-24 19:28:21,594 - INFO - Epoch 67/200:
Epoch 67/200:
2026-06-24 19:28:24,368 - INFO - Train loss: 0.2308 (2.8s)
Train loss: 0.2308 (2.8s)
2026-06-24 19:28:24,633 - INFO - Test instance 0.8625, class 0.8625
Test instance 0.8625, class 0.8625
2026-06-24 19:28:24,633 - INFO - Best instance 0.9375, class 0.9375 (epoch 62)
Best instance 0.9375, class 0.9375 (epoch 62)
2026-06-24 19:28:24,651 - INFO - Epoch 68/200:
Epoch 68/200:
2026-06-24 19:28:27,395 - INFO - Train loss: 0.2209 (2.7s)
Train loss: 0.2209 (2.7s)
2026-06-24 19:28:27,667 - INFO - Test instance 0.7750, class 0.7750
Test instance 0.7750, class 0.7750
2026-06-24 19:28:27,667 - INFO - Best instance 0.9375, class 0.9375 (epoch 62)
Best instance 0.9375, class 0.9375 (epoch 62)
2026-06-24 19:28:27,685 - INFO - Epoch 69/200:
Epoch 69/200:
2026-06-24 19:28:30,427 - INFO - Train loss: 0.2123 (2.7s)
Train loss: 0.2123 (2.7s)
2026-06-24 19:28:30,701 - INFO - Test instance 0.9000, class 0.9000
Test instance 0.9000, class 0.9000
2026-06-24 19:28:30,701 - INFO - Best instance 0.9375, class 0.9375 (epoch 62)
Best instance 0.9375, class 0.9375 (epoch 62)
2026-06-24 19:28:30,718 - INFO - Epoch 70/200:
Epoch 70/200:
2026-06-24 19:28:33,483 - INFO - Train loss: 0.2141 (2.8s)
Train loss: 0.2141 (2.8s)
2026-06-24 19:28:33,745 - INFO - Test instance 0.9375, class 0.9375
Test instance 0.9375, class 0.9375
2026-06-24 19:28:33,746 - INFO - Best instance 0.9375, class 0.9375 (epoch 62)
Best instance 0.9375, class 0.9375 (epoch 62)
2026-06-24 19:28:33,765 - INFO - Epoch 71/200:
Epoch 71/200:
2026-06-24 19:28:36,523 - INFO - Train loss: 0.2547 (2.8s)
Train loss: 0.2547 (2.8s)
2026-06-24 19:28:36,786 - INFO - Test instance 0.7875, class 0.7875
Test instance 0.7875, class 0.7875
2026-06-24 19:28:36,786 - INFO - Best instance 0.9375, class 0.9375 (epoch 62)
Best instance 0.9375, class 0.9375 (epoch 62)
2026-06-24 19:28:36,804 - INFO - Epoch 72/200:
Epoch 72/200:
2026-06-24 19:28:39,561 - INFO - Train loss: 0.1943 (2.8s)
Train loss: 0.1943 (2.8s)
2026-06-24 19:28:39,815 - INFO - Test instance 0.9250, class 0.9250
Test instance 0.9250, class 0.9250
2026-06-24 19:28:39,816 - INFO - Best instance 0.9375, class 0.9375 (epoch 62)
Best instance 0.9375, class 0.9375 (epoch 62)
2026-06-24 19:28:39,832 - INFO - Epoch 73/200:
Epoch 73/200:
2026-06-24 19:28:42,544 - INFO - Train loss: 0.2318 (2.7s)
Train loss: 0.2318 (2.7s)
2026-06-24 19:28:42,804 - INFO - Test instance 0.9250, class 0.9250
Test instance 0.9250, class 0.9250
2026-06-24 19:28:42,804 - INFO - Best instance 0.9375, class 0.9375 (epoch 62)
Best instance 0.9375, class 0.9375 (epoch 62)
2026-06-24 19:28:42,822 - INFO - Epoch 74/200:
Epoch 74/200:
2026-06-24 19:28:45,586 - INFO - Train loss: 0.2208 (2.8s)
Train loss: 0.2208 (2.8s)
2026-06-24 19:28:45,854 - INFO - Test instance 0.8625, class 0.8625
Test instance 0.8625, class 0.8625
2026-06-24 19:28:45,854 - INFO - Best instance 0.9375, class 0.9375 (epoch 62)
Best instance 0.9375, class 0.9375 (epoch 62)
2026-06-24 19:28:45,871 - INFO - Epoch 75/200:
Epoch 75/200:
2026-06-24 19:28:48,625 - INFO - Train loss: 0.2128 (2.8s)
Train loss: 0.2128 (2.8s)
2026-06-24 19:28:48,890 - INFO - Test instance 0.8625, class 0.8625
Test instance 0.8625, class 0.8625
2026-06-24 19:28:48,890 - INFO - Best instance 0.9375, class 0.9375 (epoch 62)
Best instance 0.9375, class 0.9375 (epoch 62)
2026-06-24 19:28:48,907 - INFO - Epoch 76/200:
Epoch 76/200:
2026-06-24 19:28:51,642 - INFO - Train loss: 0.2223 (2.7s)
Train loss: 0.2223 (2.7s)
2026-06-24 19:28:51,906 - INFO - Test instance 0.9000, class 0.9000
Test instance 0.9000, class 0.9000
2026-06-24 19:28:51,906 - INFO - Best instance 0.9375, class 0.9375 (epoch 62)
Best instance 0.9375, class 0.9375 (epoch 62)
2026-06-24 19:28:51,924 - INFO - Epoch 77/200:
Epoch 77/200:
2026-06-24 19:28:54,670 - INFO - Train loss: 0.2318 (2.7s)
Train loss: 0.2318 (2.7s)
2026-06-24 19:28:54,943 - INFO - Test instance 0.8875, class 0.8875
Test instance 0.8875, class 0.8875
2026-06-24 19:28:54,943 - INFO - Best instance 0.9375, class 0.9375 (epoch 62)
Best instance 0.9375, class 0.9375 (epoch 62)
2026-06-24 19:28:54,961 - INFO - Epoch 78/200:
Epoch 78/200:
2026-06-24 19:28:57,695 - INFO - Train loss: 0.2252 (2.7s)
Train loss: 0.2252 (2.7s)
2026-06-24 19:28:57,968 - INFO - Test instance 0.8875, class 0.8875
Test instance 0.8875, class 0.8875
2026-06-24 19:28:57,968 - INFO - Best instance 0.9375, class 0.9375 (epoch 62)
Best instance 0.9375, class 0.9375 (epoch 62)
2026-06-24 19:28:57,985 - INFO - Epoch 79/200:
Epoch 79/200:
2026-06-24 19:29:00,745 - INFO - Train loss: 0.2323 (2.8s)
Train loss: 0.2323 (2.8s)
2026-06-24 19:29:01,007 - INFO - Test instance 0.9375, class 0.9375
Test instance 0.9375, class 0.9375
2026-06-24 19:29:01,008 - INFO - Best instance 0.9375, class 0.9375 (epoch 62)
Best instance 0.9375, class 0.9375 (epoch 62)
2026-06-24 19:29:01,025 - INFO - Epoch 80/200:
Epoch 80/200:
2026-06-24 19:29:03,790 - INFO - Train loss: 0.2388 (2.8s)
Train loss: 0.2388 (2.8s)
2026-06-24 19:29:04,051 - INFO - Test instance 0.9125, class 0.9125
Test instance 0.9125, class 0.9125
2026-06-24 19:29:04,052 - INFO - Best instance 0.9375, class 0.9375 (epoch 62)
Best instance 0.9375, class 0.9375 (epoch 62)
2026-06-24 19:29:04,069 - INFO - Epoch 81/200:
Epoch 81/200:
2026-06-24 19:29:06,836 - INFO - Train loss: 0.2387 (2.8s)
Train loss: 0.2387 (2.8s)
2026-06-24 19:29:07,094 - INFO - Test instance 0.9750, class 0.9750
Test instance 0.9750, class 0.9750
2026-06-24 19:29:07,112 - INFO - Best instance 0.9750, class 0.9750 (epoch 81)
Best instance 0.9750, class 0.9750 (epoch 81)
2026-06-24 19:29:07,130 - INFO - Epoch 82/200:
Epoch 82/200:
2026-06-24 19:29:09,886 - INFO - Train loss: 0.2029 (2.8s)
Train loss: 0.2029 (2.8s)
2026-06-24 19:29:10,157 - INFO - Test instance 0.8625, class 0.8625
Test instance 0.8625, class 0.8625
2026-06-24 19:29:10,157 - INFO - Best instance 0.9750, class 0.9750 (epoch 81)
Best instance 0.9750, class 0.9750 (epoch 81)
2026-06-24 19:29:10,176 - INFO - Epoch 83/200:
Epoch 83/200:
2026-06-24 19:29:12,920 - INFO - Train loss: 0.1937 (2.7s)
Train loss: 0.1937 (2.7s)
2026-06-24 19:29:13,184 - INFO - Test instance 0.9375, class 0.9375
Test instance 0.9375, class 0.9375
2026-06-24 19:29:13,185 - INFO - Best instance 0.9750, class 0.9750 (epoch 81)
Best instance 0.9750, class 0.9750 (epoch 81)
2026-06-24 19:29:13,202 - INFO - Epoch 84/200:
Epoch 84/200:
2026-06-24 19:29:15,977 - INFO - Train loss: 0.2073 (2.8s)
Train loss: 0.2073 (2.8s)
2026-06-24 19:29:16,237 - INFO - Test instance 0.9250, class 0.9250
Test instance 0.9250, class 0.9250
2026-06-24 19:29:16,237 - INFO - Best instance 0.9750, class 0.9750 (epoch 81)
Best instance 0.9750, class 0.9750 (epoch 81)
2026-06-24 19:29:16,255 - INFO - Epoch 85/200:
Epoch 85/200:
2026-06-24 19:29:18,992 - INFO - Train loss: 0.2099 (2.7s)
Train loss: 0.2099 (2.7s)
2026-06-24 19:29:19,259 - INFO - Test instance 0.9125, class 0.9125
Test instance 0.9125, class 0.9125
2026-06-24 19:29:19,260 - INFO - Best instance 0.9750, class 0.9750 (epoch 81)
Best instance 0.9750, class 0.9750 (epoch 81)
2026-06-24 19:29:19,278 - INFO - Epoch 86/200:
Epoch 86/200:
2026-06-24 19:29:22,037 - INFO - Train loss: 0.2114 (2.8s)
Train loss: 0.2114 (2.8s)
2026-06-24 19:29:22,296 - INFO - Test instance 0.9250, class 0.9250
Test instance 0.9250, class 0.9250
2026-06-24 19:29:22,296 - INFO - Best instance 0.9750, class 0.9750 (epoch 81)
Best instance 0.9750, class 0.9750 (epoch 81)
2026-06-24 19:29:22,314 - INFO - Epoch 87/200:
Epoch 87/200:
2026-06-24 19:29:25,046 - INFO - Train loss: 0.2011 (2.7s)
Train loss: 0.2011 (2.7s)
2026-06-24 19:29:25,305 - INFO - Test instance 0.9500, class 0.9500
Test instance 0.9500, class 0.9500
2026-06-24 19:29:25,306 - INFO - Best instance 0.9750, class 0.9750 (epoch 81)
Best instance 0.9750, class 0.9750 (epoch 81)
2026-06-24 19:29:25,323 - INFO - Epoch 88/200:
Epoch 88/200:
2026-06-24 19:29:28,043 - INFO - Train loss: 0.2011 (2.7s)
Train loss: 0.2011 (2.7s)
2026-06-24 19:29:28,302 - INFO - Test instance 0.8750, class 0.8750
Test instance 0.8750, class 0.8750
2026-06-24 19:29:28,302 - INFO - Best instance 0.9750, class 0.9750 (epoch 81)
Best instance 0.9750, class 0.9750 (epoch 81)
2026-06-24 19:29:28,321 - INFO - Epoch 89/200:
Epoch 89/200:
2026-06-24 19:29:31,081 - INFO - Train loss: 0.2243 (2.8s)
Train loss: 0.2243 (2.8s)
2026-06-24 19:29:31,347 - INFO - Test instance 0.9625, class 0.9625
Test instance 0.9625, class 0.9625
2026-06-24 19:29:31,347 - INFO - Best instance 0.9750, class 0.9750 (epoch 81)
Best instance 0.9750, class 0.9750 (epoch 81)
2026-06-24 19:29:31,366 - INFO - Epoch 90/200:
Epoch 90/200:
2026-06-24 19:29:34,129 - INFO - Train loss: 0.1977 (2.8s)
Train loss: 0.1977 (2.8s)
2026-06-24 19:29:34,400 - INFO - Test instance 0.8875, class 0.8875
Test instance 0.8875, class 0.8875
2026-06-24 19:29:34,400 - INFO - Best instance 0.9750, class 0.9750 (epoch 81)
Best instance 0.9750, class 0.9750 (epoch 81)
2026-06-24 19:29:34,418 - INFO - Epoch 91/200:
Epoch 91/200:
2026-06-24 19:29:37,184 - INFO - Train loss: 0.2132 (2.8s)
Train loss: 0.2132 (2.8s)
2026-06-24 19:29:37,452 - INFO - Test instance 0.8875, class 0.8875
Test instance 0.8875, class 0.8875
2026-06-24 19:29:37,452 - INFO - Best instance 0.9750, class 0.9750 (epoch 81)
Best instance 0.9750, class 0.9750 (epoch 81)
2026-06-24 19:29:37,471 - INFO - Epoch 92/200:
Epoch 92/200:
2026-06-24 19:29:40,235 - INFO - Train loss: 0.2116 (2.8s)
Train loss: 0.2116 (2.8s)
2026-06-24 19:29:40,507 - INFO - Test instance 0.9625, class 0.9625
Test instance 0.9625, class 0.9625
2026-06-24 19:29:40,508 - INFO - Best instance 0.9750, class 0.9750 (epoch 81)
Best instance 0.9750, class 0.9750 (epoch 81)
2026-06-24 19:29:40,528 - INFO - Epoch 93/200:
Epoch 93/200:
2026-06-24 19:29:43,282 - INFO - Train loss: 0.2044 (2.8s)
Train loss: 0.2044 (2.8s)
2026-06-24 19:29:43,544 - INFO - Test instance 0.9125, class 0.9125
Test instance 0.9125, class 0.9125
2026-06-24 19:29:43,544 - INFO - Best instance 0.9750, class 0.9750 (epoch 81)
Best instance 0.9750, class 0.9750 (epoch 81)
2026-06-24 19:29:43,562 - INFO - Epoch 94/200:
Epoch 94/200:
2026-06-24 19:29:46,299 - INFO - Train loss: 0.1852 (2.7s)
Train loss: 0.1852 (2.7s)
2026-06-24 19:29:46,565 - INFO - Test instance 0.9375, class 0.9375
Test instance 0.9375, class 0.9375
2026-06-24 19:29:46,565 - INFO - Best instance 0.9750, class 0.9750 (epoch 81)
Best instance 0.9750, class 0.9750 (epoch 81)
2026-06-24 19:29:46,582 - INFO - Epoch 95/200:
Epoch 95/200:
2026-06-24 19:29:49,349 - INFO - Train loss: 0.2071 (2.8s)
Train loss: 0.2071 (2.8s)
2026-06-24 19:29:49,610 - INFO - Test instance 0.8875, class 0.8875
Test instance 0.8875, class 0.8875
2026-06-24 19:29:49,610 - INFO - Best instance 0.9750, class 0.9750 (epoch 81)
Best instance 0.9750, class 0.9750 (epoch 81)
2026-06-24 19:29:49,628 - INFO - Epoch 96/200:
Epoch 96/200:
2026-06-24 19:29:52,382 - INFO - Train loss: 0.2002 (2.8s)
Train loss: 0.2002 (2.8s)
2026-06-24 19:29:52,653 - INFO - Test instance 0.9000, class 0.9000
Test instance 0.9000, class 0.9000
2026-06-24 19:29:52,654 - INFO - Best instance 0.9750, class 0.9750 (epoch 81)
Best instance 0.9750, class 0.9750 (epoch 81)
2026-06-24 19:29:52,671 - INFO - Epoch 97/200:
Epoch 97/200:
2026-06-24 19:29:55,416 - INFO - Train loss: 0.2400 (2.7s)
Train loss: 0.2400 (2.7s)
2026-06-24 19:29:55,680 - INFO - Test instance 0.9375, class 0.9375
Test instance 0.9375, class 0.9375
2026-06-24 19:29:55,680 - INFO - Best instance 0.9750, class 0.9750 (epoch 81)
Best instance 0.9750, class 0.9750 (epoch 81)
2026-06-24 19:29:55,698 - INFO - Epoch 98/200:
Epoch 98/200:
2026-06-24 19:29:58,455 - INFO - Train loss: 0.1933 (2.8s)
Train loss: 0.1933 (2.8s)
2026-06-24 19:29:58,729 - INFO - Test instance 0.9250, class 0.9250
Test instance 0.9250, class 0.9250
2026-06-24 19:29:58,729 - INFO - Best instance 0.9750, class 0.9750 (epoch 81)
Best instance 0.9750, class 0.9750 (epoch 81)
2026-06-24 19:29:58,748 - INFO - Epoch 99/200:
Epoch 99/200:
2026-06-24 19:30:01,494 - INFO - Train loss: 0.2046 (2.7s)
Train loss: 0.2046 (2.7s)
2026-06-24 19:30:01,789 - INFO - Test instance 0.9000, class 0.9000
Test instance 0.9000, class 0.9000
2026-06-24 19:30:01,790 - INFO - Best instance 0.9750, class 0.9750 (epoch 81)
Best instance 0.9750, class 0.9750 (epoch 81)
2026-06-24 19:30:01,809 - INFO - Epoch 100/200:
Epoch 100/200:
2026-06-24 19:30:04,603 - INFO - Train loss: 0.2020 (2.8s)
Train loss: 0.2020 (2.8s)
2026-06-24 19:30:04,878 - INFO - Test instance 0.9500, class 0.9500
Test instance 0.9500, class 0.9500
2026-06-24 19:30:04,879 - INFO - Best instance 0.9750, class 0.9750 (epoch 81)
Best instance 0.9750, class 0.9750 (epoch 81)
2026-06-24 19:30:04,897 - INFO - Epoch 101/200:
Epoch 101/200:
2026-06-24 19:30:07,616 - INFO - Train loss: 0.1610 (2.7s)
Train loss: 0.1610 (2.7s)
2026-06-24 19:30:07,878 - INFO - Test instance 0.9375, class 0.9375
Test instance 0.9375, class 0.9375
2026-06-24 19:30:07,878 - INFO - Best instance 0.9750, class 0.9750 (epoch 81)
Best instance 0.9750, class 0.9750 (epoch 81)
2026-06-24 19:30:07,895 - INFO - Epoch 102/200:
Epoch 102/200:
2026-06-24 19:30:10,618 - INFO - Train loss: 0.1781 (2.7s)
Train loss: 0.1781 (2.7s)
2026-06-24 19:30:10,891 - INFO - Test instance 0.9125, class 0.9125
Test instance 0.9125, class 0.9125
2026-06-24 19:30:10,891 - INFO - Best instance 0.9750, class 0.9750 (epoch 81)
Best instance 0.9750, class 0.9750 (epoch 81)
2026-06-24 19:30:10,909 - INFO - Epoch 103/200:
Epoch 103/200:
2026-06-24 19:30:13,654 - INFO - Train loss: 0.2017 (2.7s)
Train loss: 0.2017 (2.7s)
2026-06-24 19:30:13,921 - INFO - Test instance 0.9250, class 0.9250
Test instance 0.9250, class 0.9250
2026-06-24 19:30:13,921 - INFO - Best instance 0.9750, class 0.9750 (epoch 81)
Best instance 0.9750, class 0.9750 (epoch 81)
2026-06-24 19:30:13,939 - INFO - Epoch 104/200:
Epoch 104/200:
2026-06-24 19:30:16,684 - INFO - Train loss: 0.1977 (2.7s)
Train loss: 0.1977 (2.7s)
2026-06-24 19:30:16,945 - INFO - Test instance 0.9750, class 0.9750
Test instance 0.9750, class 0.9750
2026-06-24 19:30:16,946 - INFO - Best instance 0.9750, class 0.9750 (epoch 81)
Best instance 0.9750, class 0.9750 (epoch 81)
2026-06-24 19:30:16,965 - INFO - Epoch 105/200:
Epoch 105/200:
2026-06-24 19:30:19,714 - INFO - Train loss: 0.1802 (2.7s)
Train loss: 0.1802 (2.7s)
2026-06-24 19:30:19,980 - INFO - Test instance 0.9125, class 0.9125
Test instance 0.9125, class 0.9125
2026-06-24 19:30:19,981 - INFO - Best instance 0.9750, class 0.9750 (epoch 81)
Best instance 0.9750, class 0.9750 (epoch 81)
2026-06-24 19:30:19,999 - INFO - Epoch 106/200:
Epoch 106/200:
2026-06-24 19:30:22,749 - INFO - Train loss: 0.2014 (2.7s)
Train loss: 0.2014 (2.7s)
2026-06-24 19:30:23,008 - INFO - Test instance 0.9625, class 0.9625
Test instance 0.9625, class 0.9625
2026-06-24 19:30:23,009 - INFO - Best instance 0.9750, class 0.9750 (epoch 81)
Best instance 0.9750, class 0.9750 (epoch 81)
2026-06-24 19:30:23,027 - INFO - Epoch 107/200:
Epoch 107/200:
2026-06-24 19:30:25,786 - INFO - Train loss: 0.1727 (2.8s)
Train loss: 0.1727 (2.8s)
2026-06-24 19:30:26,052 - INFO - Test instance 0.9750, class 0.9750
Test instance 0.9750, class 0.9750
2026-06-24 19:30:26,052 - INFO - Best instance 0.9750, class 0.9750 (epoch 81)
Best instance 0.9750, class 0.9750 (epoch 81)
2026-06-24 19:30:26,070 - INFO - Epoch 108/200:
Epoch 108/200:
2026-06-24 19:30:28,831 - INFO - Train loss: 0.1935 (2.8s)
Train loss: 0.1935 (2.8s)
2026-06-24 19:30:29,088 - INFO - Test instance 0.9500, class 0.9500
Test instance 0.9500, class 0.9500
2026-06-24 19:30:29,089 - INFO - Best instance 0.9750, class 0.9750 (epoch 81)
Best instance 0.9750, class 0.9750 (epoch 81)
2026-06-24 19:30:29,106 - INFO - Epoch 109/200:
Epoch 109/200:
2026-06-24 19:30:31,845 - INFO - Train loss: 0.1679 (2.7s)
Train loss: 0.1679 (2.7s)
2026-06-24 19:30:32,123 - INFO - Test instance 0.9500, class 0.9500
Test instance 0.9500, class 0.9500
2026-06-24 19:30:32,123 - INFO - Best instance 0.9750, class 0.9750 (epoch 81)
Best instance 0.9750, class 0.9750 (epoch 81)
2026-06-24 19:30:32,142 - INFO - Epoch 110/200:
Epoch 110/200:
2026-06-24 19:30:34,919 - INFO - Train loss: 0.1781 (2.8s)
Train loss: 0.1781 (2.8s)
2026-06-24 19:30:35,178 - INFO - Test instance 0.9750, class 0.9750
Test instance 0.9750, class 0.9750
2026-06-24 19:30:35,178 - INFO - Best instance 0.9750, class 0.9750 (epoch 81)
Best instance 0.9750, class 0.9750 (epoch 81)
2026-06-24 19:30:35,197 - INFO - Epoch 111/200:
Epoch 111/200:
2026-06-24 19:30:37,928 - INFO - Train loss: 0.1795 (2.7s)
Train loss: 0.1795 (2.7s)
2026-06-24 19:30:38,193 - INFO - Test instance 0.9250, class 0.9250
Test instance 0.9250, class 0.9250
2026-06-24 19:30:38,194 - INFO - Best instance 0.9750, class 0.9750 (epoch 81)
Best instance 0.9750, class 0.9750 (epoch 81)
2026-06-24 19:30:38,211 - INFO - Epoch 112/200:
Epoch 112/200:
2026-06-24 19:30:40,942 - INFO - Train loss: 0.1877 (2.7s)
Train loss: 0.1877 (2.7s)
2026-06-24 19:30:41,210 - INFO - Test instance 0.9250, class 0.9250
Test instance 0.9250, class 0.9250
2026-06-24 19:30:41,210 - INFO - Best instance 0.9750, class 0.9750 (epoch 81)
Best instance 0.9750, class 0.9750 (epoch 81)
2026-06-24 19:30:41,228 - INFO - Epoch 113/200:
Epoch 113/200:
2026-06-24 19:30:43,952 - INFO - Train loss: 0.1665 (2.7s)
Train loss: 0.1665 (2.7s)
2026-06-24 19:30:44,209 - INFO - Test instance 0.9500, class 0.9500
Test instance 0.9500, class 0.9500
2026-06-24 19:30:44,210 - INFO - Best instance 0.9750, class 0.9750 (epoch 81)
Best instance 0.9750, class 0.9750 (epoch 81)
2026-06-24 19:30:44,228 - INFO - Epoch 114/200:
Epoch 114/200:
2026-06-24 19:30:46,968 - INFO - Train loss: 0.1771 (2.7s)
Train loss: 0.1771 (2.7s)
2026-06-24 19:30:47,236 - INFO - Test instance 0.9625, class 0.9625
Test instance 0.9625, class 0.9625
2026-06-24 19:30:47,237 - INFO - Best instance 0.9750, class 0.9750 (epoch 81)
Best instance 0.9750, class 0.9750 (epoch 81)
2026-06-24 19:30:47,255 - INFO - Epoch 115/200:
Epoch 115/200:
2026-06-24 19:30:49,986 - INFO - Train loss: 0.1850 (2.7s)
Train loss: 0.1850 (2.7s)
2026-06-24 19:30:50,257 - INFO - Test instance 0.9625, class 0.9625
Test instance 0.9625, class 0.9625
2026-06-24 19:30:50,257 - INFO - Best instance 0.9750, class 0.9750 (epoch 81)
Best instance 0.9750, class 0.9750 (epoch 81)
2026-06-24 19:30:50,275 - INFO - Epoch 116/200:
Epoch 116/200:
2026-06-24 19:30:52,981 - INFO - Train loss: 0.1684 (2.7s)
Train loss: 0.1684 (2.7s)
2026-06-24 19:30:53,241 - INFO - Test instance 0.9375, class 0.9375
Test instance 0.9375, class 0.9375
2026-06-24 19:30:53,242 - INFO - Best instance 0.9750, class 0.9750 (epoch 81)
Best instance 0.9750, class 0.9750 (epoch 81)
2026-06-24 19:30:53,260 - INFO - Epoch 117/200:
Epoch 117/200:
2026-06-24 19:30:56,012 - INFO - Train loss: 0.1916 (2.8s)
Train loss: 0.1916 (2.8s)
2026-06-24 19:30:56,279 - INFO - Test instance 0.9625, class 0.9625
Test instance 0.9625, class 0.9625
2026-06-24 19:30:56,279 - INFO - Best instance 0.9750, class 0.9750 (epoch 81)
Best instance 0.9750, class 0.9750 (epoch 81)
2026-06-24 19:30:56,298 - INFO - Epoch 118/200:
Epoch 118/200:
2026-06-24 19:30:59,031 - INFO - Train loss: 0.1695 (2.7s)
Train loss: 0.1695 (2.7s)
2026-06-24 19:30:59,291 - INFO - Test instance 0.9500, class 0.9500
Test instance 0.9500, class 0.9500
2026-06-24 19:30:59,292 - INFO - Best instance 0.9750, class 0.9750 (epoch 81)
Best instance 0.9750, class 0.9750 (epoch 81)
2026-06-24 19:30:59,310 - INFO - Epoch 119/200:
Epoch 119/200:
2026-06-24 19:31:02,109 - INFO - Train loss: 0.1938 (2.8s)
Train loss: 0.1938 (2.8s)
2026-06-24 19:31:02,406 - INFO - Test instance 0.9125, class 0.9125
Test instance 0.9125, class 0.9125
2026-06-24 19:31:02,406 - INFO - Best instance 0.9750, class 0.9750 (epoch 81)
Best instance 0.9750, class 0.9750 (epoch 81)
2026-06-24 19:31:02,426 - INFO - Epoch 120/200:
Epoch 120/200:
2026-06-24 19:31:05,165 - INFO - Train loss: 0.1830 (2.7s)
Train loss: 0.1830 (2.7s)
2026-06-24 19:31:05,429 - INFO - Test instance 0.9250, class 0.9250
Test instance 0.9250, class 0.9250
2026-06-24 19:31:05,429 - INFO - Best instance 0.9750, class 0.9750 (epoch 81)
Best instance 0.9750, class 0.9750 (epoch 81)
2026-06-24 19:31:05,447 - INFO - Epoch 121/200:
Epoch 121/200:
2026-06-24 19:31:08,188 - INFO - Train loss: 0.2155 (2.7s)
Train loss: 0.2155 (2.7s)
2026-06-24 19:31:08,453 - INFO - Test instance 0.9750, class 0.9750
Test instance 0.9750, class 0.9750
2026-06-24 19:31:08,453 - INFO - Best instance 0.9750, class 0.9750 (epoch 81)
Best instance 0.9750, class 0.9750 (epoch 81)
2026-06-24 19:31:08,471 - INFO - Epoch 122/200:
Epoch 122/200:
2026-06-24 19:31:11,240 - INFO - Train loss: 0.1898 (2.8s)
Train loss: 0.1898 (2.8s)
2026-06-24 19:31:11,499 - INFO - Test instance 0.9375, class 0.9375
Test instance 0.9375, class 0.9375
2026-06-24 19:31:11,499 - INFO - Best instance 0.9750, class 0.9750 (epoch 81)
Best instance 0.9750, class 0.9750 (epoch 81)
2026-06-24 19:31:11,517 - INFO - Epoch 123/200:
Epoch 123/200:
2026-06-24 19:31:14,259 - INFO - Train loss: 0.1939 (2.7s)
Train loss: 0.1939 (2.7s)
2026-06-24 19:31:14,515 - INFO - Test instance 0.9500, class 0.9500
Test instance 0.9500, class 0.9500
2026-06-24 19:31:14,516 - INFO - Best instance 0.9750, class 0.9750 (epoch 81)
Best instance 0.9750, class 0.9750 (epoch 81)
2026-06-24 19:31:14,534 - INFO - Epoch 124/200:
Epoch 124/200:
2026-06-24 19:31:17,273 - INFO - Train loss: 0.1760 (2.7s)
Train loss: 0.1760 (2.7s)
2026-06-24 19:31:17,531 - INFO - Test instance 0.9750, class 0.9750
Test instance 0.9750, class 0.9750
2026-06-24 19:31:17,531 - INFO - Best instance 0.9750, class 0.9750 (epoch 81)
Best instance 0.9750, class 0.9750 (epoch 81)
2026-06-24 19:31:17,549 - INFO - Epoch 125/200:
Epoch 125/200:
2026-06-24 19:31:20,269 - INFO - Train loss: 0.1524 (2.7s)
Train loss: 0.1524 (2.7s)
2026-06-24 19:31:20,543 - INFO - Test instance 0.9250, class 0.9250
Test instance 0.9250, class 0.9250
2026-06-24 19:31:20,544 - INFO - Best instance 0.9750, class 0.9750 (epoch 81)
Best instance 0.9750, class 0.9750 (epoch 81)
2026-06-24 19:31:20,561 - INFO - Epoch 126/200:
Epoch 126/200:
2026-06-24 19:31:23,302 - INFO - Train loss: 0.1685 (2.7s)
Train loss: 0.1685 (2.7s)
2026-06-24 19:31:23,575 - INFO - Test instance 0.9500, class 0.9500
Test instance 0.9500, class 0.9500
2026-06-24 19:31:23,576 - INFO - Best instance 0.9750, class 0.9750 (epoch 81)
Best instance 0.9750, class 0.9750 (epoch 81)
2026-06-24 19:31:23,593 - INFO - Epoch 127/200:
Epoch 127/200:
2026-06-24 19:31:26,349 - INFO - Train loss: 0.1764 (2.8s)
Train loss: 0.1764 (2.8s)
2026-06-24 19:31:26,618 - INFO - Test instance 0.9500, class 0.9500
Test instance 0.9500, class 0.9500
2026-06-24 19:31:26,618 - INFO - Best instance 0.9750, class 0.9750 (epoch 81)
Best instance 0.9750, class 0.9750 (epoch 81)
2026-06-24 19:31:26,635 - INFO - Epoch 128/200:
Epoch 128/200:
2026-06-24 19:31:29,356 - INFO - Train loss: 0.1640 (2.7s)
Train loss: 0.1640 (2.7s)
2026-06-24 19:31:29,613 - INFO - Test instance 0.8875, class 0.8875
Test instance 0.8875, class 0.8875
2026-06-24 19:31:29,613 - INFO - Best instance 0.9750, class 0.9750 (epoch 81)
Best instance 0.9750, class 0.9750 (epoch 81)
2026-06-24 19:31:29,630 - INFO - Epoch 129/200:
Epoch 129/200:
2026-06-24 19:31:32,333 - INFO - Train loss: 0.2167 (2.7s)
Train loss: 0.2167 (2.7s)
2026-06-24 19:31:32,598 - INFO - Test instance 0.9250, class 0.9250
Test instance 0.9250, class 0.9250
2026-06-24 19:31:32,598 - INFO - Best instance 0.9750, class 0.9750 (epoch 81)
Best instance 0.9750, class 0.9750 (epoch 81)
2026-06-24 19:31:32,616 - INFO - Epoch 130/200:
Epoch 130/200:
2026-06-24 19:31:35,319 - INFO - Train loss: 0.1911 (2.7s)
Train loss: 0.1911 (2.7s)
2026-06-24 19:31:35,583 - INFO - Test instance 0.9500, class 0.9500
Test instance 0.9500, class 0.9500
2026-06-24 19:31:35,584 - INFO - Best instance 0.9750, class 0.9750 (epoch 81)
Best instance 0.9750, class 0.9750 (epoch 81)
2026-06-24 19:31:35,600 - INFO - Epoch 131/200:
Epoch 131/200:
2026-06-24 19:31:38,309 - INFO - Train loss: 0.1852 (2.7s)
Train loss: 0.1852 (2.7s)
2026-06-24 19:31:38,562 - INFO - Test instance 0.9750, class 0.9750
Test instance 0.9750, class 0.9750
2026-06-24 19:31:38,562 - INFO - Best instance 0.9750, class 0.9750 (epoch 81)
Best instance 0.9750, class 0.9750 (epoch 81)
2026-06-24 19:31:38,579 - INFO - Epoch 132/200:
Epoch 132/200:
2026-06-24 19:31:41,273 - INFO - Train loss: 0.1668 (2.7s)
Train loss: 0.1668 (2.7s)
2026-06-24 19:31:41,534 - INFO - Test instance 0.9375, class 0.9375
Test instance 0.9375, class 0.9375
2026-06-24 19:31:41,534 - INFO - Best instance 0.9750, class 0.9750 (epoch 81)
Best instance 0.9750, class 0.9750 (epoch 81)
2026-06-24 19:31:41,551 - INFO - Epoch 133/200:
Epoch 133/200:
2026-06-24 19:31:44,261 - INFO - Train loss: 0.1767 (2.7s)
Train loss: 0.1767 (2.7s)
2026-06-24 19:31:44,526 - INFO - Test instance 0.9625, class 0.9625
Test instance 0.9625, class 0.9625
2026-06-24 19:31:44,527 - INFO - Best instance 0.9750, class 0.9750 (epoch 81)
Best instance 0.9750, class 0.9750 (epoch 81)
2026-06-24 19:31:44,544 - INFO - Epoch 134/200:
Epoch 134/200:
2026-06-24 19:31:47,261 - INFO - Train loss: 0.1905 (2.7s)
Train loss: 0.1905 (2.7s)
2026-06-24 19:31:47,523 - INFO - Test instance 0.9375, class 0.9375
Test instance 0.9375, class 0.9375
2026-06-24 19:31:47,524 - INFO - Best instance 0.9750, class 0.9750 (epoch 81)
Best instance 0.9750, class 0.9750 (epoch 81)
2026-06-24 19:31:47,541 - INFO - Epoch 135/200:
Epoch 135/200:
2026-06-24 19:31:50,233 - INFO - Train loss: 0.1696 (2.7s)
Train loss: 0.1696 (2.7s)
2026-06-24 19:31:50,485 - INFO - Test instance 0.9625, class 0.9625
Test instance 0.9625, class 0.9625
2026-06-24 19:31:50,485 - INFO - Best instance 0.9750, class 0.9750 (epoch 81)
Best instance 0.9750, class 0.9750 (epoch 81)
2026-06-24 19:31:50,502 - INFO - Epoch 136/200:
Epoch 136/200:
2026-06-24 19:31:53,180 - INFO - Train loss: 0.1685 (2.7s)
Train loss: 0.1685 (2.7s)
2026-06-24 19:31:53,435 - INFO - Test instance 0.9750, class 0.9750
Test instance 0.9750, class 0.9750
2026-06-24 19:31:53,435 - INFO - Best instance 0.9750, class 0.9750 (epoch 81)
Best instance 0.9750, class 0.9750 (epoch 81)
2026-06-24 19:31:53,452 - INFO - Epoch 137/200:
Epoch 137/200:
2026-06-24 19:31:56,138 - INFO - Train loss: 0.1569 (2.7s)
Train loss: 0.1569 (2.7s)
2026-06-24 19:31:56,396 - INFO - Test instance 0.9375, class 0.9375
Test instance 0.9375, class 0.9375
2026-06-24 19:31:56,396 - INFO - Best instance 0.9750, class 0.9750 (epoch 81)
Best instance 0.9750, class 0.9750 (epoch 81)
2026-06-24 19:31:56,414 - INFO - Epoch 138/200:
Epoch 138/200:
2026-06-24 19:31:59,108 - INFO - Train loss: 0.1768 (2.7s)
Train loss: 0.1768 (2.7s)
2026-06-24 19:31:59,373 - INFO - Test instance 0.9750, class 0.9750
Test instance 0.9750, class 0.9750
2026-06-24 19:31:59,373 - INFO - Best instance 0.9750, class 0.9750 (epoch 81)
Best instance 0.9750, class 0.9750 (epoch 81)
2026-06-24 19:31:59,391 - INFO - Epoch 139/200:
Epoch 139/200:
2026-06-24 19:32:02,145 - INFO - Train loss: 0.1703 (2.8s)
Train loss: 0.1703 (2.8s)
2026-06-24 19:32:02,427 - INFO - Test instance 0.9750, class 0.9750
Test instance 0.9750, class 0.9750
2026-06-24 19:32:02,428 - INFO - Best instance 0.9750, class 0.9750 (epoch 81)
Best instance 0.9750, class 0.9750 (epoch 81)
2026-06-24 19:32:02,445 - INFO - Epoch 140/200:
Epoch 140/200:
2026-06-24 19:32:05,150 - INFO - Train loss: 0.1993 (2.7s)
Train loss: 0.1993 (2.7s)
2026-06-24 19:32:05,408 - INFO - Test instance 0.9500, class 0.9500
Test instance 0.9500, class 0.9500
2026-06-24 19:32:05,408 - INFO - Best instance 0.9750, class 0.9750 (epoch 81)
Best instance 0.9750, class 0.9750 (epoch 81)
2026-06-24 19:32:05,425 - INFO - Epoch 141/200:
Epoch 141/200:
2026-06-24 19:32:08,119 - INFO - Train loss: 0.1776 (2.7s)
Train loss: 0.1776 (2.7s)
2026-06-24 19:32:08,368 - INFO - Test instance 0.9625, class 0.9625
Test instance 0.9625, class 0.9625
2026-06-24 19:32:08,369 - INFO - Best instance 0.9750, class 0.9750 (epoch 81)
Best instance 0.9750, class 0.9750 (epoch 81)
2026-06-24 19:32:08,386 - INFO - Epoch 142/200:
Epoch 142/200:
2026-06-24 19:32:11,084 - INFO - Train loss: 0.1613 (2.7s)
Train loss: 0.1613 (2.7s)
2026-06-24 19:32:11,340 - INFO - Test instance 0.9500, class 0.9500
Test instance 0.9500, class 0.9500
2026-06-24 19:32:11,340 - INFO - Best instance 0.9750, class 0.9750 (epoch 81)
Best instance 0.9750, class 0.9750 (epoch 81)
2026-06-24 19:32:11,357 - INFO - Epoch 143/200:
Epoch 143/200:
2026-06-24 19:32:14,050 - INFO - Train loss: 0.1543 (2.7s)
Train loss: 0.1543 (2.7s)
2026-06-24 19:32:14,307 - INFO - Test instance 0.9625, class 0.9625
Test instance 0.9625, class 0.9625
2026-06-24 19:32:14,307 - INFO - Best instance 0.9750, class 0.9750 (epoch 81)
Best instance 0.9750, class 0.9750 (epoch 81)
2026-06-24 19:32:14,324 - INFO - Epoch 144/200:
Epoch 144/200:
2026-06-24 19:32:17,011 - INFO - Train loss: 0.1575 (2.7s)
Train loss: 0.1575 (2.7s)
2026-06-24 19:32:17,280 - INFO - Test instance 0.9875, class 0.9875
Test instance 0.9875, class 0.9875
2026-06-24 19:32:17,296 - INFO - Best instance 0.9875, class 0.9875 (epoch 144)
Best instance 0.9875, class 0.9875 (epoch 144)
2026-06-24 19:32:17,313 - INFO - Epoch 145/200:
Epoch 145/200:
2026-06-24 19:32:19,996 - INFO - Train loss: 0.1735 (2.7s)
Train loss: 0.1735 (2.7s)
2026-06-24 19:32:20,257 - INFO - Test instance 0.9625, class 0.9625
Test instance 0.9625, class 0.9625
2026-06-24 19:32:20,258 - INFO - Best instance 0.9875, class 0.9875 (epoch 144)
Best instance 0.9875, class 0.9875 (epoch 144)
2026-06-24 19:32:20,275 - INFO - Epoch 146/200:
Epoch 146/200:
2026-06-24 19:32:22,956 - INFO - Train loss: 0.1821 (2.7s)
Train loss: 0.1821 (2.7s)
2026-06-24 19:32:23,211 - INFO - Test instance 0.9500, class 0.9500
Test instance 0.9500, class 0.9500
2026-06-24 19:32:23,211 - INFO - Best instance 0.9875, class 0.9875 (epoch 144)
Best instance 0.9875, class 0.9875 (epoch 144)
2026-06-24 19:32:23,229 - INFO - Epoch 147/200:
Epoch 147/200:
2026-06-24 19:32:25,924 - INFO - Train loss: 0.1818 (2.7s)
Train loss: 0.1818 (2.7s)
2026-06-24 19:32:26,193 - INFO - Test instance 0.9500, class 0.9500
Test instance 0.9500, class 0.9500
2026-06-24 19:32:26,193 - INFO - Best instance 0.9875, class 0.9875 (epoch 144)
Best instance 0.9875, class 0.9875 (epoch 144)
2026-06-24 19:32:26,210 - INFO - Epoch 148/200:
Epoch 148/200:
2026-06-24 19:32:28,890 - INFO - Train loss: 0.1889 (2.7s)
Train loss: 0.1889 (2.7s)
2026-06-24 19:32:29,146 - INFO - Test instance 0.9750, class 0.9750
Test instance 0.9750, class 0.9750
2026-06-24 19:32:29,146 - INFO - Best instance 0.9875, class 0.9875 (epoch 144)
Best instance 0.9875, class 0.9875 (epoch 144)
2026-06-24 19:32:29,163 - INFO - Epoch 149/200:
Epoch 149/200:
2026-06-24 19:32:31,882 - INFO - Train loss: 0.1735 (2.7s)
Train loss: 0.1735 (2.7s)
2026-06-24 19:32:32,145 - INFO - Test instance 0.9750, class 0.9750
Test instance 0.9750, class 0.9750
2026-06-24 19:32:32,145 - INFO - Best instance 0.9875, class 0.9875 (epoch 144)
Best instance 0.9875, class 0.9875 (epoch 144)
2026-06-24 19:32:32,163 - INFO - Epoch 150/200:
Epoch 150/200:
2026-06-24 19:32:34,884 - INFO - Train loss: 0.1890 (2.7s)
Train loss: 0.1890 (2.7s)
2026-06-24 19:32:35,141 - INFO - Test instance 0.9125, class 0.9125
Test instance 0.9125, class 0.9125
2026-06-24 19:32:35,142 - INFO - Best instance 0.9875, class 0.9875 (epoch 144)
Best instance 0.9875, class 0.9875 (epoch 144)
2026-06-24 19:32:35,159 - INFO - Epoch 151/200:
Epoch 151/200:
2026-06-24 19:32:37,849 - INFO - Train loss: 0.1655 (2.7s)
Train loss: 0.1655 (2.7s)
2026-06-24 19:32:38,101 - INFO - Test instance 0.9875, class 0.9875
Test instance 0.9875, class 0.9875
2026-06-24 19:32:38,101 - INFO - Best instance 0.9875, class 0.9875 (epoch 144)
Best instance 0.9875, class 0.9875 (epoch 144)
2026-06-24 19:32:38,118 - INFO - Epoch 152/200:
Epoch 152/200:
2026-06-24 19:32:40,812 - INFO - Train loss: 0.1572 (2.7s)
Train loss: 0.1572 (2.7s)
2026-06-24 19:32:41,070 - INFO - Test instance 0.9375, class 0.9375
Test instance 0.9375, class 0.9375
2026-06-24 19:32:41,071 - INFO - Best instance 0.9875, class 0.9875 (epoch 144)
Best instance 0.9875, class 0.9875 (epoch 144)
2026-06-24 19:32:41,088 - INFO - Epoch 153/200:
Epoch 153/200:
2026-06-24 19:32:43,771 - INFO - Train loss: 0.1572 (2.7s)
Train loss: 0.1572 (2.7s)
2026-06-24 19:32:44,030 - INFO - Test instance 0.9750, class 0.9750
Test instance 0.9750, class 0.9750
2026-06-24 19:32:44,031 - INFO - Best instance 0.9875, class 0.9875 (epoch 144)
Best instance 0.9875, class 0.9875 (epoch 144)
2026-06-24 19:32:44,048 - INFO - Epoch 154/200:
Epoch 154/200:
2026-06-24 19:32:46,714 - INFO - Train loss: 0.1742 (2.7s)
Train loss: 0.1742 (2.7s)
2026-06-24 19:32:46,973 - INFO - Test instance 0.9750, class 0.9750
Test instance 0.9750, class 0.9750
2026-06-24 19:32:46,974 - INFO - Best instance 0.9875, class 0.9875 (epoch 144)
Best instance 0.9875, class 0.9875 (epoch 144)
2026-06-24 19:32:46,991 - INFO - Epoch 155/200:
Epoch 155/200:
2026-06-24 19:32:49,625 - INFO - Train loss: 0.1384 (2.6s)
Train loss: 0.1384 (2.6s)
2026-06-24 19:32:49,881 - INFO - Test instance 0.9750, class 0.9750
Test instance 0.9750, class 0.9750
2026-06-24 19:32:49,882 - INFO - Best instance 0.9875, class 0.9875 (epoch 144)
Best instance 0.9875, class 0.9875 (epoch 144)
2026-06-24 19:32:49,899 - INFO - Epoch 156/200:
Epoch 156/200:
2026-06-24 19:32:52,543 - INFO - Train loss: 0.1439 (2.6s)
Train loss: 0.1439 (2.6s)
2026-06-24 19:32:52,798 - INFO - Test instance 0.9750, class 0.9750
Test instance 0.9750, class 0.9750
2026-06-24 19:32:52,798 - INFO - Best instance 0.9875, class 0.9875 (epoch 144)
Best instance 0.9875, class 0.9875 (epoch 144)
2026-06-24 19:32:52,815 - INFO - Epoch 157/200:
Epoch 157/200:
2026-06-24 19:32:55,473 - INFO - Train loss: 0.1671 (2.7s)
Train loss: 0.1671 (2.7s)
2026-06-24 19:32:55,723 - INFO - Test instance 1.0000, class 1.0000
Test instance 1.0000, class 1.0000
2026-06-24 19:32:55,740 - INFO - Best instance 1.0000, class 1.0000 (epoch 157)
Best instance 1.0000, class 1.0000 (epoch 157)
2026-06-24 19:32:55,757 - INFO - Epoch 158/200:
Epoch 158/200:
2026-06-24 19:32:58,408 - INFO - Train loss: 0.1681 (2.7s)
Train loss: 0.1681 (2.7s)
2026-06-24 19:32:58,665 - INFO - Test instance 0.9500, class 0.9500
Test instance 0.9500, class 0.9500
2026-06-24 19:32:58,666 - INFO - Best instance 1.0000, class 1.0000 (epoch 157)
Best instance 1.0000, class 1.0000 (epoch 157)
2026-06-24 19:32:58,683 - INFO - Epoch 159/200:
Epoch 159/200:
2026-06-24 19:33:01,328 - INFO - Train loss: 0.1709 (2.6s)
Train loss: 0.1709 (2.6s)
2026-06-24 19:33:01,583 - INFO - Test instance 0.9750, class 0.9750
Test instance 0.9750, class 0.9750
2026-06-24 19:33:01,583 - INFO - Best instance 1.0000, class 1.0000 (epoch 157)
Best instance 1.0000, class 1.0000 (epoch 157)
2026-06-24 19:33:01,600 - INFO - Epoch 160/200:
Epoch 160/200:
2026-06-24 19:33:04,266 - INFO - Train loss: 0.1875 (2.7s)
Train loss: 0.1875 (2.7s)
2026-06-24 19:33:04,520 - INFO - Test instance 0.9750, class 0.9750
Test instance 0.9750, class 0.9750
2026-06-24 19:33:04,521 - INFO - Best instance 1.0000, class 1.0000 (epoch 157)
Best instance 1.0000, class 1.0000 (epoch 157)
2026-06-24 19:33:04,537 - INFO - Epoch 161/200:
Epoch 161/200:
2026-06-24 19:33:07,168 - INFO - Train loss: 0.1761 (2.6s)
Train loss: 0.1761 (2.6s)
2026-06-24 19:33:07,418 - INFO - Test instance 0.9875, class 0.9875
Test instance 0.9875, class 0.9875
2026-06-24 19:33:07,419 - INFO - Best instance 1.0000, class 1.0000 (epoch 157)
Best instance 1.0000, class 1.0000 (epoch 157)
2026-06-24 19:33:07,435 - INFO - Epoch 162/200:
Epoch 162/200:
2026-06-24 19:33:10,061 - INFO - Train loss: 0.1328 (2.6s)
Train loss: 0.1328 (2.6s)
2026-06-24 19:33:10,317 - INFO - Test instance 0.9625, class 0.9625
Test instance 0.9625, class 0.9625
2026-06-24 19:33:10,317 - INFO - Best instance 1.0000, class 1.0000 (epoch 157)
Best instance 1.0000, class 1.0000 (epoch 157)
2026-06-24 19:33:10,334 - INFO - Epoch 163/200:
Epoch 163/200:
2026-06-24 19:33:12,965 - INFO - Train loss: 0.1616 (2.6s)
Train loss: 0.1616 (2.6s)
2026-06-24 19:33:13,221 - INFO - Test instance 0.9625, class 0.9625
Test instance 0.9625, class 0.9625
2026-06-24 19:33:13,221 - INFO - Best instance 1.0000, class 1.0000 (epoch 157)
Best instance 1.0000, class 1.0000 (epoch 157)
2026-06-24 19:33:13,238 - INFO - Epoch 164/200:
Epoch 164/200:
2026-06-24 19:33:15,870 - INFO - Train loss: 0.1606 (2.6s)
Train loss: 0.1606 (2.6s)
2026-06-24 19:33:16,120 - INFO - Test instance 0.9250, class 0.9250
Test instance 0.9250, class 0.9250
2026-06-24 19:33:16,120 - INFO - Best instance 1.0000, class 1.0000 (epoch 157)
Best instance 1.0000, class 1.0000 (epoch 157)
2026-06-24 19:33:16,137 - INFO - Epoch 165/200:
Epoch 165/200:
2026-06-24 19:33:18,761 - INFO - Train loss: 0.1626 (2.6s)
Train loss: 0.1626 (2.6s)
2026-06-24 19:33:19,013 - INFO - Test instance 0.9750, class 0.9750
Test instance 0.9750, class 0.9750
2026-06-24 19:33:19,014 - INFO - Best instance 1.0000, class 1.0000 (epoch 157)
Best instance 1.0000, class 1.0000 (epoch 157)
2026-06-24 19:33:19,030 - INFO - Epoch 166/200:
Epoch 166/200:
2026-06-24 19:33:21,688 - INFO - Train loss: 0.1353 (2.7s)
Train loss: 0.1353 (2.7s)
2026-06-24 19:33:21,944 - INFO - Test instance 0.9750, class 0.9750
Test instance 0.9750, class 0.9750
2026-06-24 19:33:21,945 - INFO - Best instance 1.0000, class 1.0000 (epoch 157)
Best instance 1.0000, class 1.0000 (epoch 157)
2026-06-24 19:33:21,961 - INFO - Epoch 167/200:
Epoch 167/200:
2026-06-24 19:33:24,588 - INFO - Train loss: 0.1586 (2.6s)
Train loss: 0.1586 (2.6s)
2026-06-24 19:33:24,840 - INFO - Test instance 0.9375, class 0.9375
Test instance 0.9375, class 0.9375
2026-06-24 19:33:24,840 - INFO - Best instance 1.0000, class 1.0000 (epoch 157)
Best instance 1.0000, class 1.0000 (epoch 157)
2026-06-24 19:33:24,857 - INFO - Epoch 168/200:
Epoch 168/200:
2026-06-24 19:33:27,479 - INFO - Train loss: 0.1736 (2.6s)
Train loss: 0.1736 (2.6s)
2026-06-24 19:33:27,735 - INFO - Test instance 0.9375, class 0.9375
Test instance 0.9375, class 0.9375
2026-06-24 19:33:27,735 - INFO - Best instance 1.0000, class 1.0000 (epoch 157)
Best instance 1.0000, class 1.0000 (epoch 157)
2026-06-24 19:33:27,752 - INFO - Epoch 169/200:
Epoch 169/200:
2026-06-24 19:33:30,361 - INFO - Train loss: 0.1475 (2.6s)
Train loss: 0.1475 (2.6s)
2026-06-24 19:33:30,623 - INFO - Test instance 0.9875, class 0.9875
Test instance 0.9875, class 0.9875
2026-06-24 19:33:30,624 - INFO - Best instance 1.0000, class 1.0000 (epoch 157)
Best instance 1.0000, class 1.0000 (epoch 157)
2026-06-24 19:33:30,642 - INFO - Epoch 170/200:
Epoch 170/200:
2026-06-24 19:33:33,287 - INFO - Train loss: 0.1645 (2.6s)
Train loss: 0.1645 (2.6s)
2026-06-24 19:33:33,543 - INFO - Test instance 0.9625, class 0.9625
Test instance 0.9625, class 0.9625
2026-06-24 19:33:33,544 - INFO - Best instance 1.0000, class 1.0000 (epoch 157)
Best instance 1.0000, class 1.0000 (epoch 157)
2026-06-24 19:33:33,561 - INFO - Epoch 171/200:
Epoch 171/200:
2026-06-24 19:33:36,175 - INFO - Train loss: 0.1638 (2.6s)
Train loss: 0.1638 (2.6s)
2026-06-24 19:33:36,429 - INFO - Test instance 0.9500, class 0.9500
Test instance 0.9500, class 0.9500
2026-06-24 19:33:36,429 - INFO - Best instance 1.0000, class 1.0000 (epoch 157)
Best instance 1.0000, class 1.0000 (epoch 157)
2026-06-24 19:33:36,452 - INFO - Epoch 172/200:
Epoch 172/200:
2026-06-24 19:33:39,056 - INFO - Train loss: 0.2045 (2.6s)
Train loss: 0.2045 (2.6s)
2026-06-24 19:33:39,315 - INFO - Test instance 1.0000, class 1.0000
Test instance 1.0000, class 1.0000
2026-06-24 19:33:39,316 - INFO - Best instance 1.0000, class 1.0000 (epoch 157)
Best instance 1.0000, class 1.0000 (epoch 157)
2026-06-24 19:33:39,333 - INFO - Epoch 173/200:
Epoch 173/200:
2026-06-24 19:33:41,953 - INFO - Train loss: 0.1828 (2.6s)
Train loss: 0.1828 (2.6s)
2026-06-24 19:33:42,209 - INFO - Test instance 0.9625, class 0.9625
Test instance 0.9625, class 0.9625
2026-06-24 19:33:42,209 - INFO - Best instance 1.0000, class 1.0000 (epoch 157)
Best instance 1.0000, class 1.0000 (epoch 157)
2026-06-24 19:33:42,227 - INFO - Epoch 174/200:
Epoch 174/200:
2026-06-24 19:33:44,842 - INFO - Train loss: 0.1707 (2.6s)
Train loss: 0.1707 (2.6s)
2026-06-24 19:33:45,106 - INFO - Test instance 0.9875, class 0.9875
Test instance 0.9875, class 0.9875
2026-06-24 19:33:45,107 - INFO - Best instance 1.0000, class 1.0000 (epoch 157)
Best instance 1.0000, class 1.0000 (epoch 157)
2026-06-24 19:33:45,125 - INFO - Epoch 175/200:
Epoch 175/200:
2026-06-24 19:33:47,742 - INFO - Train loss: 0.1740 (2.6s)
Train loss: 0.1740 (2.6s)
2026-06-24 19:33:48,003 - INFO - Test instance 0.9750, class 0.9750
Test instance 0.9750, class 0.9750
2026-06-24 19:33:48,003 - INFO - Best instance 1.0000, class 1.0000 (epoch 157)
Best instance 1.0000, class 1.0000 (epoch 157)
2026-06-24 19:33:48,021 - INFO - Epoch 176/200:
Epoch 176/200:
2026-06-24 19:33:50,658 - INFO - Train loss: 0.1692 (2.6s)
Train loss: 0.1692 (2.6s)
2026-06-24 19:33:50,911 - INFO - Test instance 0.9500, class 0.9500
Test instance 0.9500, class 0.9500
2026-06-24 19:33:50,912 - INFO - Best instance 1.0000, class 1.0000 (epoch 157)
Best instance 1.0000, class 1.0000 (epoch 157)
2026-06-24 19:33:50,929 - INFO - Epoch 177/200:
Epoch 177/200:
2026-06-24 19:33:53,538 - INFO - Train loss: 0.1328 (2.6s)
Train loss: 0.1328 (2.6s)
2026-06-24 19:33:53,800 - INFO - Test instance 0.9750, class 0.9750
Test instance 0.9750, class 0.9750
2026-06-24 19:33:53,801 - INFO - Best instance 1.0000, class 1.0000 (epoch 157)
Best instance 1.0000, class 1.0000 (epoch 157)
2026-06-24 19:33:53,818 - INFO - Epoch 178/200:
Epoch 178/200:
2026-06-24 19:33:56,434 - INFO - Train loss: 0.1710 (2.6s)
Train loss: 0.1710 (2.6s)
2026-06-24 19:33:56,686 - INFO - Test instance 0.9625, class 0.9625
Test instance 0.9625, class 0.9625
2026-06-24 19:33:56,686 - INFO - Best instance 1.0000, class 1.0000 (epoch 157)
Best instance 1.0000, class 1.0000 (epoch 157)
2026-06-24 19:33:56,704 - INFO - Epoch 179/200:
Epoch 179/200:
2026-06-24 19:33:59,330 - INFO - Train loss: 0.1556 (2.6s)
Train loss: 0.1556 (2.6s)
2026-06-24 19:33:59,591 - INFO - Test instance 0.9875, class 0.9875
Test instance 0.9875, class 0.9875
2026-06-24 19:33:59,592 - INFO - Best instance 1.0000, class 1.0000 (epoch 157)
Best instance 1.0000, class 1.0000 (epoch 157)
2026-06-24 19:33:59,609 - INFO - Epoch 180/200:
Epoch 180/200:
2026-06-24 19:34:02,258 - INFO - Train loss: 0.1361 (2.6s)
Train loss: 0.1361 (2.6s)
2026-06-24 19:34:02,523 - INFO - Test instance 0.9750, class 0.9750
Test instance 0.9750, class 0.9750
2026-06-24 19:34:02,523 - INFO - Best instance 1.0000, class 1.0000 (epoch 157)
Best instance 1.0000, class 1.0000 (epoch 157)
2026-06-24 19:34:02,542 - INFO - Epoch 181/200:
Epoch 181/200:
2026-06-24 19:34:05,178 - INFO - Train loss: 0.1395 (2.6s)
Train loss: 0.1395 (2.6s)
2026-06-24 19:34:05,441 - INFO - Test instance 0.9750, class 0.9750
Test instance 0.9750, class 0.9750
2026-06-24 19:34:05,442 - INFO - Best instance 1.0000, class 1.0000 (epoch 157)
Best instance 1.0000, class 1.0000 (epoch 157)
2026-06-24 19:34:05,459 - INFO - Epoch 182/200:
Epoch 182/200:
2026-06-24 19:34:08,081 - INFO - Train loss: 0.1742 (2.6s)
Train loss: 0.1742 (2.6s)
2026-06-24 19:34:08,336 - INFO - Test instance 0.9625, class 0.9625
Test instance 0.9625, class 0.9625
2026-06-24 19:34:08,337 - INFO - Best instance 1.0000, class 1.0000 (epoch 157)
Best instance 1.0000, class 1.0000 (epoch 157)
2026-06-24 19:34:08,355 - INFO - Epoch 183/200:
Epoch 183/200:
2026-06-24 19:34:10,974 - INFO - Train loss: 0.1748 (2.6s)
Train loss: 0.1748 (2.6s)
2026-06-24 19:34:11,225 - INFO - Test instance 0.9750, class 0.9750
Test instance 0.9750, class 0.9750
2026-06-24 19:34:11,225 - INFO - Best instance 1.0000, class 1.0000 (epoch 157)
Best instance 1.0000, class 1.0000 (epoch 157)
2026-06-24 19:34:11,243 - INFO - Epoch 184/200:
Epoch 184/200:
2026-06-24 19:34:13,866 - INFO - Train loss: 0.1540 (2.6s)
Train loss: 0.1540 (2.6s)
2026-06-24 19:34:14,117 - INFO - Test instance 0.9500, class 0.9500
Test instance 0.9500, class 0.9500
2026-06-24 19:34:14,118 - INFO - Best instance 1.0000, class 1.0000 (epoch 157)
Best instance 1.0000, class 1.0000 (epoch 157)
2026-06-24 19:34:14,135 - INFO - Epoch 185/200:
Epoch 185/200:
2026-06-24 19:34:16,768 - INFO - Train loss: 0.1675 (2.6s)
Train loss: 0.1675 (2.6s)
2026-06-24 19:34:17,028 - INFO - Test instance 0.9500, class 0.9500
Test instance 0.9500, class 0.9500
2026-06-24 19:34:17,028 - INFO - Best instance 1.0000, class 1.0000 (epoch 157)
Best instance 1.0000, class 1.0000 (epoch 157)
2026-06-24 19:34:17,046 - INFO - Epoch 186/200:
Epoch 186/200:
2026-06-24 19:34:19,682 - INFO - Train loss: 0.1657 (2.6s)
Train loss: 0.1657 (2.6s)
2026-06-24 19:34:19,937 - INFO - Test instance 0.9625, class 0.9625
Test instance 0.9625, class 0.9625
2026-06-24 19:34:19,937 - INFO - Best instance 1.0000, class 1.0000 (epoch 157)
Best instance 1.0000, class 1.0000 (epoch 157)
2026-06-24 19:34:19,955 - INFO - Epoch 187/200:
Epoch 187/200:
2026-06-24 19:34:22,599 - INFO - Train loss: 0.1765 (2.6s)
Train loss: 0.1765 (2.6s)
2026-06-24 19:34:22,859 - INFO - Test instance 0.9750, class 0.9750
Test instance 0.9750, class 0.9750
2026-06-24 19:34:22,860 - INFO - Best instance 1.0000, class 1.0000 (epoch 157)
Best instance 1.0000, class 1.0000 (epoch 157)
2026-06-24 19:34:22,877 - INFO - Epoch 188/200:
Epoch 188/200:
2026-06-24 19:34:25,518 - INFO - Train loss: 0.1749 (2.6s)
Train loss: 0.1749 (2.6s)
2026-06-24 19:34:25,776 - INFO - Test instance 0.9625, class 0.9625
Test instance 0.9625, class 0.9625
2026-06-24 19:34:25,776 - INFO - Best instance 1.0000, class 1.0000 (epoch 157)
Best instance 1.0000, class 1.0000 (epoch 157)
2026-06-24 19:34:25,794 - INFO - Epoch 189/200:
Epoch 189/200:
2026-06-24 19:34:28,423 - INFO - Train loss: 0.1698 (2.6s)
Train loss: 0.1698 (2.6s)
2026-06-24 19:34:28,673 - INFO - Test instance 0.9625, class 0.9625
Test instance 0.9625, class 0.9625
2026-06-24 19:34:28,673 - INFO - Best instance 1.0000, class 1.0000 (epoch 157)
Best instance 1.0000, class 1.0000 (epoch 157)
2026-06-24 19:34:28,691 - INFO - Epoch 190/200:
Epoch 190/200:
2026-06-24 19:34:31,325 - INFO - Train loss: 0.1319 (2.6s)
Train loss: 0.1319 (2.6s)
2026-06-24 19:34:31,575 - INFO - Test instance 0.9875, class 0.9875
Test instance 0.9875, class 0.9875
2026-06-24 19:34:31,575 - INFO - Best instance 1.0000, class 1.0000 (epoch 157)
Best instance 1.0000, class 1.0000 (epoch 157)
2026-06-24 19:34:31,592 - INFO - Epoch 191/200:
Epoch 191/200:
2026-06-24 19:34:34,217 - INFO - Train loss: 0.1683 (2.6s)
Train loss: 0.1683 (2.6s)
2026-06-24 19:34:34,472 - INFO - Test instance 0.9875, class 0.9875
Test instance 0.9875, class 0.9875
2026-06-24 19:34:34,472 - INFO - Best instance 1.0000, class 1.0000 (epoch 157)
Best instance 1.0000, class 1.0000 (epoch 157)
2026-06-24 19:34:34,489 - INFO - Epoch 192/200:
Epoch 192/200:
2026-06-24 19:34:37,110 - INFO - Train loss: 0.1870 (2.6s)
Train loss: 0.1870 (2.6s)
2026-06-24 19:34:37,369 - INFO - Test instance 0.9625, class 0.9625
Test instance 0.9625, class 0.9625
2026-06-24 19:34:37,370 - INFO - Best instance 1.0000, class 1.0000 (epoch 157)
Best instance 1.0000, class 1.0000 (epoch 157)
2026-06-24 19:34:37,387 - INFO - Epoch 193/200:
Epoch 193/200:
2026-06-24 19:34:39,998 - INFO - Train loss: 0.1653 (2.6s)
Train loss: 0.1653 (2.6s)
2026-06-24 19:34:40,253 - INFO - Test instance 0.9750, class 0.9750
Test instance 0.9750, class 0.9750
2026-06-24 19:34:40,253 - INFO - Best instance 1.0000, class 1.0000 (epoch 157)
Best instance 1.0000, class 1.0000 (epoch 157)
2026-06-24 19:34:40,271 - INFO - Epoch 194/200:
Epoch 194/200:
2026-06-24 19:34:42,885 - INFO - Train loss: 0.1826 (2.6s)
Train loss: 0.1826 (2.6s)
2026-06-24 19:34:43,135 - INFO - Test instance 0.9875, class 0.9875
Test instance 0.9875, class 0.9875
2026-06-24 19:34:43,135 - INFO - Best instance 1.0000, class 1.0000 (epoch 157)
Best instance 1.0000, class 1.0000 (epoch 157)
2026-06-24 19:34:43,155 - INFO - Epoch 195/200:
Epoch 195/200:
2026-06-24 19:34:45,775 - INFO - Train loss: 0.1532 (2.6s)
Train loss: 0.1532 (2.6s)
2026-06-24 19:34:46,030 - INFO - Test instance 0.9750, class 0.9750
Test instance 0.9750, class 0.9750
2026-06-24 19:34:46,030 - INFO - Best instance 1.0000, class 1.0000 (epoch 157)
Best instance 1.0000, class 1.0000 (epoch 157)
2026-06-24 19:34:46,049 - INFO - Epoch 196/200:
Epoch 196/200:
2026-06-24 19:34:48,692 - INFO - Train loss: 0.1734 (2.6s)
Train loss: 0.1734 (2.6s)
2026-06-24 19:34:48,943 - INFO - Test instance 0.9750, class 0.9750
Test instance 0.9750, class 0.9750
2026-06-24 19:34:48,944 - INFO - Best instance 1.0000, class 1.0000 (epoch 157)
Best instance 1.0000, class 1.0000 (epoch 157)
2026-06-24 19:34:48,962 - INFO - Epoch 197/200:
Epoch 197/200:
2026-06-24 19:34:51,600 - INFO - Train loss: 0.1546 (2.6s)
Train loss: 0.1546 (2.6s)
2026-06-24 19:34:51,852 - INFO - Test instance 0.9875, class 0.9875
Test instance 0.9875, class 0.9875
2026-06-24 19:34:51,853 - INFO - Best instance 1.0000, class 1.0000 (epoch 157)
Best instance 1.0000, class 1.0000 (epoch 157)
2026-06-24 19:34:51,870 - INFO - Epoch 198/200:
Epoch 198/200:
2026-06-24 19:34:54,505 - INFO - Train loss: 0.1684 (2.6s)
Train loss: 0.1684 (2.6s)
2026-06-24 19:34:54,751 - INFO - Test instance 0.9750, class 0.9750
Test instance 0.9750, class 0.9750
2026-06-24 19:34:54,752 - INFO - Best instance 1.0000, class 1.0000 (epoch 157)
Best instance 1.0000, class 1.0000 (epoch 157)
2026-06-24 19:34:54,769 - INFO - Epoch 199/200:
Epoch 199/200:
2026-06-24 19:34:57,392 - INFO - Train loss: 0.1968 (2.6s)
Train loss: 0.1968 (2.6s)
2026-06-24 19:34:57,644 - INFO - Test instance 0.9750, class 0.9750
Test instance 0.9750, class 0.9750
2026-06-24 19:34:57,645 - INFO - Best instance 1.0000, class 1.0000 (epoch 157)
Best instance 1.0000, class 1.0000 (epoch 157)
2026-06-24 19:34:57,663 - INFO - Epoch 200/200:
Epoch 200/200:
2026-06-24 19:35:00,286 - INFO - Train loss: 0.1560 (2.6s)
Train loss: 0.1560 (2.6s)
2026-06-24 19:35:00,549 - INFO - Test instance 0.9750, class 0.9750
Test instance 0.9750, class 0.9750
2026-06-24 19:35:00,549 - INFO - Best instance 1.0000, class 1.0000 (epoch 157)
Best instance 1.0000, class 1.0000 (epoch 157)
2026-06-24 19:35:21,087 - INFO - Student 1.42 MB, 60.53 ms
Student 1.42 MB, 60.53 ms
