[Thu Jun 25 23:02:52 EDT 2026] task 221 on GPU 0: python flkd/advanced_kd_train_classification.py --teacher_model pointnet2_cls_ssg --student_model small_pointnet2 --kd_strategy self --dataset modelnet40 --seed 7 --batch_size 48 --epoch 200 --num_point 1024 --teacher_path "outputs/modelnet40/flkd/federated/classification/fl_pointnet2_cls_ssg_fedadagrad_s7/checkpoints/best_model.pth" --log_dir kd_pointnet2_cls_ssg_fedadagrad+self_small_pointnet2_s7  --data_root data --output_root outputs --num_workers -1 --max_runtime_hours 166.0
The size of train data is 9843
The size of test data is 2468
Loaded teacher from outputs/modelnet40/flkd/federated/classification/fl_pointnet2_cls_ssg_fedadagrad_s7/checkpoints/best_model.pth
2026-06-25 23:02:54,655 - INFO - PARAMETER ...
2026-06-25 23:02:54,655 - INFO - {'use_cpu': False, 'no_amp': False, 'gpu': '0', 'num_workers': -1, 'batch_size': 48, 'teacher_model': 'pointnet2_cls_ssg', 'student_model': 'small_pointnet2', 'num_category': 40, 'dataset': 'modelnet40', 'data_root': 'data', 'output_root': 'outputs', 'train_split': 0.8, 'dataset_seed': 0, 'cache_dataset': True, 'min_class_samples': 1, 'epoch': 200, 'learning_rate': 0.001, 'num_point': 1024, 'optimizer': 'Adam', 'log_dir': 'kd_pointnet2_cls_ssg_fedadagrad+self_small_pointnet2_s7', 'decay_rate': 0.0001, 'use_normals': False, 'process_data': False, 'use_uniform_sample': False, 'resume': True, 'kd_strategy': 'self', 'alpha': 0.5, 'temperature': 2.0, 'beta': 0.5, 'dkd_alpha': 1.0, 'dkd_beta': 8.0, 'crd_temperature': 0.07, 'teacher_path': 'outputs/modelnet40/flkd/federated/classification/fl_pointnet2_cls_ssg_fedadagrad_s7/checkpoints/best_model.pth', 'teacher_paths': None, 'teacher_weights': None, 'use_hard_labels': 'on', 'unlabeled': False, 'temperature_sweep': None, 'seed': 7, 'max_runtime_hours': 166.0}
2026-06-25 23:02:54,656 - INFO - KD=self student=small_pointnet2 AMP=False use_hard=True unlabeled=False T=2.0
KD=self student=small_pointnet2 AMP=False use_hard=True unlabeled=False T=2.0
2026-06-25 23:02:54,663 - INFO - Epoch 1/200:
Epoch 1/200:
2026-06-25 23:04:45,589 - INFO - Train loss: 1.4724 (110.9s)
Train loss: 1.4724 (110.9s)
2026-06-25 23:05:13,519 - INFO - Test instance 0.5207, class 0.3752
Test instance 0.5207, class 0.3752
2026-06-25 23:05:13,544 - INFO - Best instance 0.5207, class 0.3752 (epoch 1)
Best instance 0.5207, class 0.3752 (epoch 1)
2026-06-25 23:05:13,564 - INFO - Epoch 2/200:
Epoch 2/200:
2026-06-25 23:07:02,925 - INFO - Train loss: 1.1741 (109.4s)
Train loss: 1.1741 (109.4s)
2026-06-25 23:07:30,097 - INFO - Test instance 0.5871, class 0.4559
Test instance 0.5871, class 0.4559
2026-06-25 23:07:30,119 - INFO - Best instance 0.5871, class 0.4559 (epoch 2)
Best instance 0.5871, class 0.4559 (epoch 2)
2026-06-25 23:07:30,146 - INFO - Epoch 3/200:
Epoch 3/200:
2026-06-25 23:09:20,270 - INFO - Train loss: 1.0703 (110.1s)
Train loss: 1.0703 (110.1s)
2026-06-25 23:09:47,187 - INFO - Test instance 0.7147, class 0.6032
Test instance 0.7147, class 0.6032
2026-06-25 23:09:47,208 - INFO - Best instance 0.7147, class 0.6032 (epoch 3)
Best instance 0.7147, class 0.6032 (epoch 3)
2026-06-25 23:09:47,227 - INFO - Epoch 4/200:
Epoch 4/200:
2026-06-25 23:11:37,610 - INFO - Train loss: 1.0035 (110.4s)
Train loss: 1.0035 (110.4s)
2026-06-25 23:12:04,905 - INFO - Test instance 0.7707, class 0.6429
Test instance 0.7707, class 0.6429
2026-06-25 23:12:04,926 - INFO - Best instance 0.7707, class 0.6429 (epoch 4)
Best instance 0.7707, class 0.6429 (epoch 4)
2026-06-25 23:12:04,945 - INFO - Epoch 5/200:
Epoch 5/200:
2026-06-25 23:13:55,000 - INFO - Train loss: 0.9611 (110.1s)
Train loss: 0.9611 (110.1s)
2026-06-25 23:14:21,894 - INFO - Test instance 0.8100, class 0.7010
Test instance 0.8100, class 0.7010
2026-06-25 23:14:21,916 - INFO - Best instance 0.8100, class 0.7010 (epoch 5)
Best instance 0.8100, class 0.7010 (epoch 5)
2026-06-25 23:14:21,935 - INFO - Epoch 6/200:
Epoch 6/200:
2026-06-25 23:16:12,096 - INFO - Train loss: 0.9281 (110.2s)
Train loss: 0.9281 (110.2s)
2026-06-25 23:16:39,307 - INFO - Test instance 0.8241, class 0.7044
Test instance 0.8241, class 0.7044
2026-06-25 23:16:39,327 - INFO - Best instance 0.8241, class 0.7044 (epoch 6)
Best instance 0.8241, class 0.7044 (epoch 6)
2026-06-25 23:16:39,348 - INFO - Epoch 7/200:
Epoch 7/200:
2026-06-25 23:18:28,610 - INFO - Train loss: 0.8998 (109.3s)
Train loss: 0.8998 (109.3s)
2026-06-25 23:18:55,761 - INFO - Test instance 0.8335, class 0.7380
Test instance 0.8335, class 0.7380
2026-06-25 23:18:55,784 - INFO - Best instance 0.8335, class 0.7380 (epoch 7)
Best instance 0.8335, class 0.7380 (epoch 7)
2026-06-25 23:18:55,803 - INFO - Epoch 8/200:
Epoch 8/200:
2026-06-25 23:20:46,446 - INFO - Train loss: 0.8829 (110.6s)
Train loss: 0.8829 (110.6s)
2026-06-25 23:21:13,477 - INFO - Test instance 0.8391, class 0.7554
Test instance 0.8391, class 0.7554
2026-06-25 23:21:13,498 - INFO - Best instance 0.8391, class 0.7554 (epoch 8)
Best instance 0.8391, class 0.7554 (epoch 8)
2026-06-25 23:21:13,525 - INFO - Epoch 9/200:
Epoch 9/200:
2026-06-25 23:23:03,026 - INFO - Train loss: 0.8682 (109.5s)
Train loss: 0.8682 (109.5s)
2026-06-25 23:23:30,123 - INFO - Test instance 0.8395, class 0.7562
Test instance 0.8395, class 0.7562
2026-06-25 23:23:30,143 - INFO - Best instance 0.8395, class 0.7562 (epoch 9)
Best instance 0.8395, class 0.7562 (epoch 9)
2026-06-25 23:23:30,162 - INFO - Epoch 10/200:
Epoch 10/200:
2026-06-25 23:25:20,579 - INFO - Train loss: 0.8536 (110.4s)
Train loss: 0.8536 (110.4s)
2026-06-25 23:25:47,365 - INFO - Test instance 0.8647, class 0.7808
Test instance 0.8647, class 0.7808
2026-06-25 23:25:47,385 - INFO - Best instance 0.8647, class 0.7808 (epoch 10)
Best instance 0.8647, class 0.7808 (epoch 10)
2026-06-25 23:25:47,405 - INFO - Epoch 11/200:
Epoch 11/200:
2026-06-25 23:27:36,787 - INFO - Train loss: 0.8449 (109.4s)
Train loss: 0.8449 (109.4s)
2026-06-25 23:28:03,985 - INFO - Test instance 0.8699, class 0.7941
Test instance 0.8699, class 0.7941
2026-06-25 23:28:04,006 - INFO - Best instance 0.8699, class 0.7941 (epoch 11)
Best instance 0.8699, class 0.7941 (epoch 11)
2026-06-25 23:28:04,025 - INFO - Epoch 12/200:
Epoch 12/200:
2026-06-25 23:29:54,196 - INFO - Train loss: 0.8321 (110.2s)
Train loss: 0.8321 (110.2s)
2026-06-25 23:30:20,947 - INFO - Test instance 0.8578, class 0.7740
Test instance 0.8578, class 0.7740
2026-06-25 23:30:20,947 - INFO - Best instance 0.8699, class 0.7941 (epoch 11)
Best instance 0.8699, class 0.7941 (epoch 11)
2026-06-25 23:30:20,972 - INFO - Epoch 13/200:
Epoch 13/200:
2026-06-25 23:32:11,016 - INFO - Train loss: 0.8245 (110.0s)
Train loss: 0.8245 (110.0s)
2026-06-25 23:32:38,391 - INFO - Test instance 0.8740, class 0.8111
Test instance 0.8740, class 0.8111
2026-06-25 23:32:38,411 - INFO - Best instance 0.8740, class 0.8111 (epoch 13)
Best instance 0.8740, class 0.8111 (epoch 13)
2026-06-25 23:32:38,428 - INFO - Epoch 14/200:
Epoch 14/200:
2026-06-25 23:34:27,882 - INFO - Train loss: 0.8131 (109.5s)
Train loss: 0.8131 (109.5s)
2026-06-25 23:34:55,140 - INFO - Test instance 0.8744, class 0.7986
Test instance 0.8744, class 0.7986
2026-06-25 23:34:55,161 - INFO - Best instance 0.8744, class 0.7986 (epoch 14)
Best instance 0.8744, class 0.7986 (epoch 14)
2026-06-25 23:34:55,181 - INFO - Epoch 15/200:
Epoch 15/200:
2026-06-25 23:36:44,996 - INFO - Train loss: 0.8067 (109.8s)
Train loss: 0.8067 (109.8s)
2026-06-25 23:37:12,298 - INFO - Test instance 0.8841, class 0.8176
Test instance 0.8841, class 0.8176
2026-06-25 23:37:12,318 - INFO - Best instance 0.8841, class 0.8176 (epoch 15)
Best instance 0.8841, class 0.8176 (epoch 15)
2026-06-25 23:37:12,338 - INFO - Epoch 16/200:
Epoch 16/200:
2026-06-25 23:39:01,350 - INFO - Train loss: 0.8019 (109.0s)
Train loss: 0.8019 (109.0s)
2026-06-25 23:39:28,368 - INFO - Test instance 0.8744, class 0.7973
Test instance 0.8744, class 0.7973
2026-06-25 23:39:28,369 - INFO - Best instance 0.8841, class 0.8176 (epoch 15)
Best instance 0.8841, class 0.8176 (epoch 15)
2026-06-25 23:39:28,390 - INFO - Epoch 17/200:
Epoch 17/200:
2026-06-25 23:41:18,747 - INFO - Train loss: 0.7923 (110.4s)
Train loss: 0.7923 (110.4s)
2026-06-25 23:41:45,811 - INFO - Test instance 0.8849, class 0.8245
Test instance 0.8849, class 0.8245
2026-06-25 23:41:45,833 - INFO - Best instance 0.8849, class 0.8245 (epoch 17)
Best instance 0.8849, class 0.8245 (epoch 17)
2026-06-25 23:41:45,851 - INFO - Epoch 18/200:
Epoch 18/200:
2026-06-25 23:43:35,318 - INFO - Train loss: 0.7910 (109.5s)
Train loss: 0.7910 (109.5s)
2026-06-25 23:44:02,605 - INFO - Test instance 0.8861, class 0.8287
Test instance 0.8861, class 0.8287
2026-06-25 23:44:02,625 - INFO - Best instance 0.8861, class 0.8287 (epoch 18)
Best instance 0.8861, class 0.8287 (epoch 18)
2026-06-25 23:44:02,644 - INFO - Epoch 19/200:
Epoch 19/200:
2026-06-25 23:45:52,227 - INFO - Train loss: 0.7820 (109.6s)
Train loss: 0.7820 (109.6s)
2026-06-25 23:46:19,324 - INFO - Test instance 0.8930, class 0.8416
Test instance 0.8930, class 0.8416
2026-06-25 23:46:19,343 - INFO - Best instance 0.8930, class 0.8416 (epoch 19)
Best instance 0.8930, class 0.8416 (epoch 19)
2026-06-25 23:46:19,362 - INFO - Epoch 20/200:
Epoch 20/200:
2026-06-25 23:48:09,613 - INFO - Train loss: 0.7801 (110.3s)
Train loss: 0.7801 (110.3s)
2026-06-25 23:48:36,763 - INFO - Test instance 0.8938, class 0.8300
Test instance 0.8938, class 0.8300
2026-06-25 23:48:36,781 - INFO - Best instance 0.8938, class 0.8300 (epoch 20)
Best instance 0.8938, class 0.8300 (epoch 20)
2026-06-25 23:48:36,799 - INFO - Epoch 21/200:
Epoch 21/200:
2026-06-25 23:50:26,509 - INFO - Train loss: 0.7605 (109.7s)
Train loss: 0.7605 (109.7s)
2026-06-25 23:50:53,550 - INFO - Test instance 0.8979, class 0.8406
Test instance 0.8979, class 0.8406
2026-06-25 23:50:53,571 - INFO - Best instance 0.8979, class 0.8406 (epoch 21)
Best instance 0.8979, class 0.8406 (epoch 21)
2026-06-25 23:50:53,588 - INFO - Epoch 22/200:
Epoch 22/200:
2026-06-25 23:52:44,133 - INFO - Train loss: 0.7543 (110.5s)
Train loss: 0.7543 (110.5s)
2026-06-25 23:53:11,385 - INFO - Test instance 0.8959, class 0.8429
Test instance 0.8959, class 0.8429
2026-06-25 23:53:11,386 - INFO - Best instance 0.8979, class 0.8406 (epoch 21)
Best instance 0.8979, class 0.8406 (epoch 21)
2026-06-25 23:53:11,406 - INFO - Epoch 23/200:
Epoch 23/200:
2026-06-25 23:55:00,308 - INFO - Train loss: 0.7604 (108.9s)
Train loss: 0.7604 (108.9s)
2026-06-25 23:55:27,745 - INFO - Test instance 0.8922, class 0.8401
Test instance 0.8922, class 0.8401
2026-06-25 23:55:27,746 - INFO - Best instance 0.8979, class 0.8406 (epoch 21)
Best instance 0.8979, class 0.8406 (epoch 21)
2026-06-25 23:55:27,766 - INFO - Epoch 24/200:
Epoch 24/200:
2026-06-25 23:57:17,875 - INFO - Train loss: 0.7482 (110.1s)
Train loss: 0.7482 (110.1s)
2026-06-25 23:57:45,090 - INFO - Test instance 0.8971, class 0.8493
Test instance 0.8971, class 0.8493
2026-06-25 23:57:45,090 - INFO - Best instance 0.8979, class 0.8406 (epoch 21)
Best instance 0.8979, class 0.8406 (epoch 21)
2026-06-25 23:57:45,113 - INFO - Epoch 25/200:
Epoch 25/200:
2026-06-25 23:59:34,739 - INFO - Train loss: 0.7497 (109.6s)
Train loss: 0.7497 (109.6s)
2026-06-26 00:00:01,839 - INFO - Test instance 0.8991, class 0.8483
Test instance 0.8991, class 0.8483
2026-06-26 00:00:01,860 - INFO - Best instance 0.8991, class 0.8483 (epoch 25)
Best instance 0.8991, class 0.8483 (epoch 25)
2026-06-26 00:00:01,878 - INFO - Epoch 26/200:
Epoch 26/200:
2026-06-26 00:01:52,716 - INFO - Train loss: 0.7468 (110.8s)
Train loss: 0.7468 (110.8s)
2026-06-26 00:02:19,583 - INFO - Test instance 0.8926, class 0.8430
Test instance 0.8926, class 0.8430
2026-06-26 00:02:19,585 - INFO - Best instance 0.8991, class 0.8483 (epoch 25)
Best instance 0.8991, class 0.8483 (epoch 25)
2026-06-26 00:02:19,604 - INFO - Epoch 27/200:
Epoch 27/200:
2026-06-26 00:04:09,642 - INFO - Train loss: 0.7382 (110.0s)
Train loss: 0.7382 (110.0s)
2026-06-26 00:04:36,861 - INFO - Test instance 0.8910, class 0.8285
Test instance 0.8910, class 0.8285
2026-06-26 00:04:36,862 - INFO - Best instance 0.8991, class 0.8483 (epoch 25)
Best instance 0.8991, class 0.8483 (epoch 25)
2026-06-26 00:04:36,884 - INFO - Epoch 28/200:
Epoch 28/200:
2026-06-26 00:06:26,695 - INFO - Train loss: 0.7440 (109.8s)
Train loss: 0.7440 (109.8s)
2026-06-26 00:06:53,058 - INFO - Test instance 0.9028, class 0.8590
Test instance 0.9028, class 0.8590
2026-06-26 00:06:53,078 - INFO - Best instance 0.9028, class 0.8590 (epoch 28)
Best instance 0.9028, class 0.8590 (epoch 28)
2026-06-26 00:06:53,096 - INFO - Epoch 29/200:
Epoch 29/200:
2026-06-26 00:08:43,136 - INFO - Train loss: 0.7412 (110.0s)
Train loss: 0.7412 (110.0s)
2026-06-26 00:09:09,834 - INFO - Test instance 0.9019, class 0.8576
Test instance 0.9019, class 0.8576
2026-06-26 00:09:09,835 - INFO - Best instance 0.9028, class 0.8590 (epoch 28)
Best instance 0.9028, class 0.8590 (epoch 28)
2026-06-26 00:09:09,855 - INFO - Epoch 30/200:
Epoch 30/200:
2026-06-26 00:11:00,289 - INFO - Train loss: 0.7354 (110.4s)
Train loss: 0.7354 (110.4s)
2026-06-26 00:11:26,867 - INFO - Test instance 0.8983, class 0.8526
Test instance 0.8983, class 0.8526
2026-06-26 00:11:26,868 - INFO - Best instance 0.9028, class 0.8590 (epoch 28)
Best instance 0.9028, class 0.8590 (epoch 28)
2026-06-26 00:11:26,888 - INFO - Epoch 31/200:
Epoch 31/200:
2026-06-26 00:13:17,378 - INFO - Train loss: 0.7366 (110.5s)
Train loss: 0.7366 (110.5s)
2026-06-26 00:13:44,024 - INFO - Test instance 0.8955, class 0.8449
Test instance 0.8955, class 0.8449
2026-06-26 00:13:44,025 - INFO - Best instance 0.9028, class 0.8590 (epoch 28)
Best instance 0.9028, class 0.8590 (epoch 28)
2026-06-26 00:13:44,077 - INFO - Epoch 32/200:
Epoch 32/200:
2026-06-26 00:15:33,142 - INFO - Train loss: 0.7333 (109.1s)
Train loss: 0.7333 (109.1s)
2026-06-26 00:15:59,852 - INFO - Test instance 0.9052, class 0.8554
Test instance 0.9052, class 0.8554
2026-06-26 00:15:59,874 - INFO - Best instance 0.9052, class 0.8554 (epoch 32)
Best instance 0.9052, class 0.8554 (epoch 32)
2026-06-26 00:15:59,893 - INFO - Epoch 33/200:
Epoch 33/200:
2026-06-26 00:17:50,229 - INFO - Train loss: 0.7306 (110.3s)
Train loss: 0.7306 (110.3s)
2026-06-26 00:18:16,897 - INFO - Test instance 0.8938, class 0.8380
Test instance 0.8938, class 0.8380
2026-06-26 00:18:16,898 - INFO - Best instance 0.9052, class 0.8554 (epoch 32)
Best instance 0.9052, class 0.8554 (epoch 32)
2026-06-26 00:18:16,917 - INFO - Epoch 34/200:
Epoch 34/200:
2026-06-26 00:20:06,161 - INFO - Train loss: 0.7322 (109.2s)
Train loss: 0.7322 (109.2s)
2026-06-26 00:20:33,006 - INFO - Test instance 0.8857, class 0.8334
Test instance 0.8857, class 0.8334
2026-06-26 00:20:33,006 - INFO - Best instance 0.9052, class 0.8554 (epoch 32)
Best instance 0.9052, class 0.8554 (epoch 32)
2026-06-26 00:20:33,026 - INFO - Epoch 35/200:
Epoch 35/200:
2026-06-26 00:22:24,050 - INFO - Train loss: 0.7286 (111.0s)
Train loss: 0.7286 (111.0s)
2026-06-26 00:22:50,506 - INFO - Test instance 0.8983, class 0.8473
Test instance 0.8983, class 0.8473
2026-06-26 00:22:50,506 - INFO - Best instance 0.9052, class 0.8554 (epoch 32)
Best instance 0.9052, class 0.8554 (epoch 32)
2026-06-26 00:22:50,526 - INFO - Epoch 36/200:
Epoch 36/200:
2026-06-26 00:24:41,158 - INFO - Train loss: 0.7277 (110.6s)
Train loss: 0.7277 (110.6s)
2026-06-26 00:25:08,125 - INFO - Test instance 0.8991, class 0.8541
Test instance 0.8991, class 0.8541
2026-06-26 00:25:08,126 - INFO - Best instance 0.9052, class 0.8554 (epoch 32)
Best instance 0.9052, class 0.8554 (epoch 32)
2026-06-26 00:25:08,146 - INFO - Epoch 37/200:
Epoch 37/200:
2026-06-26 00:26:57,785 - INFO - Train loss: 0.7247 (109.6s)
Train loss: 0.7247 (109.6s)
2026-06-26 00:27:24,302 - INFO - Test instance 0.9040, class 0.8535
Test instance 0.9040, class 0.8535
2026-06-26 00:27:24,302 - INFO - Best instance 0.9052, class 0.8554 (epoch 32)
Best instance 0.9052, class 0.8554 (epoch 32)
2026-06-26 00:27:24,323 - INFO - Epoch 38/200:
Epoch 38/200:
2026-06-26 00:29:15,159 - INFO - Train loss: 0.7261 (110.8s)
Train loss: 0.7261 (110.8s)
2026-06-26 00:29:42,537 - INFO - Test instance 0.9044, class 0.8530
Test instance 0.9044, class 0.8530
2026-06-26 00:29:42,537 - INFO - Best instance 0.9052, class 0.8554 (epoch 32)
Best instance 0.9052, class 0.8554 (epoch 32)
2026-06-26 00:29:42,557 - INFO - Epoch 39/200:
Epoch 39/200:
2026-06-26 00:31:32,743 - INFO - Train loss: 0.7217 (110.2s)
Train loss: 0.7217 (110.2s)
2026-06-26 00:31:59,648 - INFO - Test instance 0.9024, class 0.8530
Test instance 0.9024, class 0.8530
2026-06-26 00:31:59,649 - INFO - Best instance 0.9052, class 0.8554 (epoch 32)
Best instance 0.9052, class 0.8554 (epoch 32)
2026-06-26 00:31:59,669 - INFO - Epoch 40/200:
Epoch 40/200:
2026-06-26 00:33:49,764 - INFO - Train loss: 0.7222 (110.1s)
Train loss: 0.7222 (110.1s)
2026-06-26 00:34:16,533 - INFO - Test instance 0.9011, class 0.8523
Test instance 0.9011, class 0.8523
2026-06-26 00:34:16,533 - INFO - Best instance 0.9052, class 0.8554 (epoch 32)
Best instance 0.9052, class 0.8554 (epoch 32)
2026-06-26 00:34:16,553 - INFO - Epoch 41/200:
Epoch 41/200:
2026-06-26 00:36:06,614 - INFO - Train loss: 0.7097 (110.1s)
Train loss: 0.7097 (110.1s)
2026-06-26 00:36:33,354 - INFO - Test instance 0.9048, class 0.8568
Test instance 0.9048, class 0.8568
2026-06-26 00:36:33,354 - INFO - Best instance 0.9052, class 0.8554 (epoch 32)
Best instance 0.9052, class 0.8554 (epoch 32)
2026-06-26 00:36:33,373 - INFO - Epoch 42/200:
Epoch 42/200:
2026-06-26 00:38:23,852 - INFO - Train loss: 0.7086 (110.5s)
Train loss: 0.7086 (110.5s)
2026-06-26 00:38:50,637 - INFO - Test instance 0.9113, class 0.8630
Test instance 0.9113, class 0.8630
2026-06-26 00:38:50,656 - INFO - Best instance 0.9113, class 0.8630 (epoch 42)
Best instance 0.9113, class 0.8630 (epoch 42)
2026-06-26 00:38:50,675 - INFO - Epoch 43/200:
Epoch 43/200:
2026-06-26 00:40:39,949 - INFO - Train loss: 0.7086 (109.3s)
Train loss: 0.7086 (109.3s)
2026-06-26 00:41:06,676 - INFO - Test instance 0.9084, class 0.8630
Test instance 0.9084, class 0.8630
2026-06-26 00:41:06,676 - INFO - Best instance 0.9113, class 0.8630 (epoch 42)
Best instance 0.9113, class 0.8630 (epoch 42)
2026-06-26 00:41:06,698 - INFO - Epoch 44/200:
Epoch 44/200:
2026-06-26 00:42:56,814 - INFO - Train loss: 0.7055 (110.1s)
Train loss: 0.7055 (110.1s)
2026-06-26 00:43:23,147 - INFO - Test instance 0.9092, class 0.8752
Test instance 0.9092, class 0.8752
2026-06-26 00:43:23,148 - INFO - Best instance 0.9113, class 0.8630 (epoch 42)
Best instance 0.9113, class 0.8630 (epoch 42)
2026-06-26 00:43:23,169 - INFO - Epoch 45/200:
Epoch 45/200:
2026-06-26 00:45:12,907 - INFO - Train loss: 0.7049 (109.7s)
Train loss: 0.7049 (109.7s)
2026-06-26 00:45:39,713 - INFO - Test instance 0.9064, class 0.8583
Test instance 0.9064, class 0.8583
2026-06-26 00:45:39,713 - INFO - Best instance 0.9113, class 0.8630 (epoch 42)
Best instance 0.9113, class 0.8630 (epoch 42)
2026-06-26 00:45:39,733 - INFO - Epoch 46/200:
Epoch 46/200:
2026-06-26 00:47:29,475 - INFO - Train loss: 0.7041 (109.7s)
Train loss: 0.7041 (109.7s)
2026-06-26 00:47:55,843 - INFO - Test instance 0.9040, class 0.8548
Test instance 0.9040, class 0.8548
2026-06-26 00:47:55,844 - INFO - Best instance 0.9113, class 0.8630 (epoch 42)
Best instance 0.9113, class 0.8630 (epoch 42)
2026-06-26 00:47:55,865 - INFO - Epoch 47/200:
Epoch 47/200:
2026-06-26 00:49:45,702 - INFO - Train loss: 0.7036 (109.8s)
Train loss: 0.7036 (109.8s)
2026-06-26 00:50:12,361 - INFO - Test instance 0.9092, class 0.8622
Test instance 0.9092, class 0.8622
2026-06-26 00:50:12,361 - INFO - Best instance 0.9113, class 0.8630 (epoch 42)
Best instance 0.9113, class 0.8630 (epoch 42)
2026-06-26 00:50:12,381 - INFO - Epoch 48/200:
Epoch 48/200:
2026-06-26 00:52:02,935 - INFO - Train loss: 0.6964 (110.6s)
Train loss: 0.6964 (110.6s)
2026-06-26 00:52:29,306 - INFO - Test instance 0.9117, class 0.8688
Test instance 0.9117, class 0.8688
2026-06-26 00:52:29,331 - INFO - Best instance 0.9117, class 0.8688 (epoch 48)
Best instance 0.9117, class 0.8688 (epoch 48)
2026-06-26 00:52:29,351 - INFO - Epoch 49/200:
Epoch 49/200:
2026-06-26 00:54:19,864 - INFO - Train loss: 0.6983 (110.5s)
Train loss: 0.6983 (110.5s)
2026-06-26 00:54:46,692 - INFO - Test instance 0.9109, class 0.8598
Test instance 0.9109, class 0.8598
2026-06-26 00:54:46,692 - INFO - Best instance 0.9117, class 0.8688 (epoch 48)
Best instance 0.9117, class 0.8688 (epoch 48)
2026-06-26 00:54:46,713 - INFO - Epoch 50/200:
Epoch 50/200:
2026-06-26 00:56:36,383 - INFO - Train loss: 0.6996 (109.7s)
Train loss: 0.6996 (109.7s)
2026-06-26 00:57:03,258 - INFO - Test instance 0.9109, class 0.8616
Test instance 0.9109, class 0.8616
2026-06-26 00:57:03,258 - INFO - Best instance 0.9117, class 0.8688 (epoch 48)
Best instance 0.9117, class 0.8688 (epoch 48)
2026-06-26 00:57:03,279 - INFO - Epoch 51/200:
Epoch 51/200:
2026-06-26 00:58:53,650 - INFO - Train loss: 0.6990 (110.4s)
Train loss: 0.6990 (110.4s)
2026-06-26 00:59:20,704 - INFO - Test instance 0.9141, class 0.8658
Test instance 0.9141, class 0.8658
2026-06-26 00:59:20,724 - INFO - Best instance 0.9141, class 0.8658 (epoch 51)
Best instance 0.9141, class 0.8658 (epoch 51)
2026-06-26 00:59:20,743 - INFO - Epoch 52/200:
Epoch 52/200:
2026-06-26 01:01:10,589 - INFO - Train loss: 0.6938 (109.8s)
Train loss: 0.6938 (109.8s)
2026-06-26 01:01:37,420 - INFO - Test instance 0.9141, class 0.8732
Test instance 0.9141, class 0.8732
2026-06-26 01:01:37,420 - INFO - Best instance 0.9141, class 0.8658 (epoch 51)
Best instance 0.9141, class 0.8658 (epoch 51)
2026-06-26 01:01:37,442 - INFO - Epoch 53/200:
Epoch 53/200:
2026-06-26 01:03:28,554 - INFO - Train loss: 0.6935 (111.1s)
Train loss: 0.6935 (111.1s)
2026-06-26 01:03:55,567 - INFO - Test instance 0.9088, class 0.8623
Test instance 0.9088, class 0.8623
2026-06-26 01:03:55,568 - INFO - Best instance 0.9141, class 0.8658 (epoch 51)
Best instance 0.9141, class 0.8658 (epoch 51)
2026-06-26 01:03:55,588 - INFO - Epoch 54/200:
Epoch 54/200:
2026-06-26 01:05:44,857 - INFO - Train loss: 0.6954 (109.3s)
Train loss: 0.6954 (109.3s)
2026-06-26 01:06:11,872 - INFO - Test instance 0.9080, class 0.8611
Test instance 0.9080, class 0.8611
2026-06-26 01:06:11,873 - INFO - Best instance 0.9141, class 0.8658 (epoch 51)
Best instance 0.9141, class 0.8658 (epoch 51)
2026-06-26 01:06:11,892 - INFO - Epoch 55/200:
Epoch 55/200:
2026-06-26 01:08:02,804 - INFO - Train loss: 0.6921 (110.9s)
Train loss: 0.6921 (110.9s)
2026-06-26 01:08:29,367 - INFO - Test instance 0.9084, class 0.8621
Test instance 0.9084, class 0.8621
2026-06-26 01:08:29,367 - INFO - Best instance 0.9141, class 0.8658 (epoch 51)
Best instance 0.9141, class 0.8658 (epoch 51)
2026-06-26 01:08:29,386 - INFO - Epoch 56/200:
Epoch 56/200:
2026-06-26 01:10:19,848 - INFO - Train loss: 0.6936 (110.5s)
Train loss: 0.6936 (110.5s)
2026-06-26 01:10:46,811 - INFO - Test instance 0.9100, class 0.8660
Test instance 0.9100, class 0.8660
2026-06-26 01:10:46,812 - INFO - Best instance 0.9141, class 0.8658 (epoch 51)
Best instance 0.9141, class 0.8658 (epoch 51)
2026-06-26 01:10:46,833 - INFO - Epoch 57/200:
Epoch 57/200:
2026-06-26 01:12:36,204 - INFO - Train loss: 0.6933 (109.4s)
Train loss: 0.6933 (109.4s)
2026-06-26 01:13:02,889 - INFO - Test instance 0.9105, class 0.8672
Test instance 0.9105, class 0.8672
2026-06-26 01:13:02,890 - INFO - Best instance 0.9141, class 0.8658 (epoch 51)
Best instance 0.9141, class 0.8658 (epoch 51)
2026-06-26 01:13:02,910 - INFO - Epoch 58/200:
Epoch 58/200:
2026-06-26 01:14:52,677 - INFO - Train loss: 0.6949 (109.8s)
Train loss: 0.6949 (109.8s)
2026-06-26 01:15:19,825 - INFO - Test instance 0.9153, class 0.8729
Test instance 0.9153, class 0.8729
2026-06-26 01:15:19,847 - INFO - Best instance 0.9153, class 0.8729 (epoch 58)
Best instance 0.9153, class 0.8729 (epoch 58)
2026-06-26 01:15:19,866 - INFO - Epoch 59/200:
Epoch 59/200:
2026-06-26 01:17:09,885 - INFO - Train loss: 0.6918 (110.0s)
Train loss: 0.6918 (110.0s)
2026-06-26 01:17:36,534 - INFO - Test instance 0.9080, class 0.8696
Test instance 0.9080, class 0.8696
2026-06-26 01:17:36,535 - INFO - Best instance 0.9153, class 0.8729 (epoch 58)
Best instance 0.9153, class 0.8729 (epoch 58)
2026-06-26 01:17:36,557 - INFO - Epoch 60/200:
Epoch 60/200:
2026-06-26 01:19:26,812 - INFO - Train loss: 0.6898 (110.3s)
Train loss: 0.6898 (110.3s)
2026-06-26 01:19:54,092 - INFO - Test instance 0.9129, class 0.8646
Test instance 0.9129, class 0.8646
2026-06-26 01:19:54,093 - INFO - Best instance 0.9153, class 0.8729 (epoch 58)
Best instance 0.9153, class 0.8729 (epoch 58)
2026-06-26 01:19:54,115 - INFO - Epoch 61/200:
Epoch 61/200:
2026-06-26 01:21:43,120 - INFO - Train loss: 0.6814 (109.0s)
Train loss: 0.6814 (109.0s)
2026-06-26 01:22:10,245 - INFO - Test instance 0.9169, class 0.8713
Test instance 0.9169, class 0.8713
2026-06-26 01:22:10,265 - INFO - Best instance 0.9169, class 0.8713 (epoch 61)
Best instance 0.9169, class 0.8713 (epoch 61)
2026-06-26 01:22:10,285 - INFO - Epoch 62/200:
Epoch 62/200:
2026-06-26 01:24:00,203 - INFO - Train loss: 0.6813 (109.9s)
Train loss: 0.6813 (109.9s)
2026-06-26 01:24:27,353 - INFO - Test instance 0.9133, class 0.8710
Test instance 0.9133, class 0.8710
2026-06-26 01:24:27,353 - INFO - Best instance 0.9169, class 0.8713 (epoch 61)
Best instance 0.9169, class 0.8713 (epoch 61)
2026-06-26 01:24:27,375 - INFO - Epoch 63/200:
Epoch 63/200:
2026-06-26 01:26:17,083 - INFO - Train loss: 0.6802 (109.7s)
Train loss: 0.6802 (109.7s)
2026-06-26 01:26:44,187 - INFO - Test instance 0.9206, class 0.8819
Test instance 0.9206, class 0.8819
2026-06-26 01:26:44,207 - INFO - Best instance 0.9206, class 0.8819 (epoch 63)
Best instance 0.9206, class 0.8819 (epoch 63)
2026-06-26 01:26:44,224 - INFO - Epoch 64/200:
Epoch 64/200:
2026-06-26 01:28:34,906 - INFO - Train loss: 0.6711 (110.7s)
Train loss: 0.6711 (110.7s)
2026-06-26 01:29:01,742 - INFO - Test instance 0.9194, class 0.8757
Test instance 0.9194, class 0.8757
2026-06-26 01:29:01,742 - INFO - Best instance 0.9206, class 0.8819 (epoch 63)
Best instance 0.9206, class 0.8819 (epoch 63)
2026-06-26 01:29:01,761 - INFO - Epoch 65/200:
Epoch 65/200:
2026-06-26 01:30:50,507 - INFO - Train loss: 0.6764 (108.7s)
Train loss: 0.6764 (108.7s)
2026-06-26 01:31:17,644 - INFO - Test instance 0.9137, class 0.8765
Test instance 0.9137, class 0.8765
2026-06-26 01:31:17,645 - INFO - Best instance 0.9206, class 0.8819 (epoch 63)
Best instance 0.9206, class 0.8819 (epoch 63)
2026-06-26 01:31:17,665 - INFO - Epoch 66/200:
Epoch 66/200:
2026-06-26 01:33:07,767 - INFO - Train loss: 0.6725 (110.1s)
Train loss: 0.6725 (110.1s)
2026-06-26 01:33:34,574 - INFO - Test instance 0.9121, class 0.8712
Test instance 0.9121, class 0.8712
2026-06-26 01:33:34,575 - INFO - Best instance 0.9206, class 0.8819 (epoch 63)
Best instance 0.9206, class 0.8819 (epoch 63)
2026-06-26 01:33:34,596 - INFO - Epoch 67/200:
Epoch 67/200:
2026-06-26 01:35:24,152 - INFO - Train loss: 0.6742 (109.6s)
Train loss: 0.6742 (109.6s)
2026-06-26 01:35:51,301 - INFO - Test instance 0.9141, class 0.8735
Test instance 0.9141, class 0.8735
2026-06-26 01:35:51,302 - INFO - Best instance 0.9206, class 0.8819 (epoch 63)
Best instance 0.9206, class 0.8819 (epoch 63)
2026-06-26 01:35:51,322 - INFO - Epoch 68/200:
Epoch 68/200:
2026-06-26 01:37:40,983 - INFO - Train loss: 0.6704 (109.7s)
Train loss: 0.6704 (109.7s)
2026-06-26 01:38:07,716 - INFO - Test instance 0.9165, class 0.8783
Test instance 0.9165, class 0.8783
2026-06-26 01:38:07,716 - INFO - Best instance 0.9206, class 0.8819 (epoch 63)
Best instance 0.9206, class 0.8819 (epoch 63)
2026-06-26 01:38:07,736 - INFO - Epoch 69/200:
Epoch 69/200:
2026-06-26 01:39:57,321 - INFO - Train loss: 0.6742 (109.6s)
Train loss: 0.6742 (109.6s)
2026-06-26 01:40:24,379 - INFO - Test instance 0.9141, class 0.8735
Test instance 0.9141, class 0.8735
2026-06-26 01:40:24,379 - INFO - Best instance 0.9206, class 0.8819 (epoch 63)
Best instance 0.9206, class 0.8819 (epoch 63)
2026-06-26 01:40:24,399 - INFO - Epoch 70/200:
Epoch 70/200:
2026-06-26 01:42:14,035 - INFO - Train loss: 0.6738 (109.6s)
Train loss: 0.6738 (109.6s)
2026-06-26 01:42:40,987 - INFO - Test instance 0.9117, class 0.8719
Test instance 0.9117, class 0.8719
2026-06-26 01:42:40,988 - INFO - Best instance 0.9206, class 0.8819 (epoch 63)
Best instance 0.9206, class 0.8819 (epoch 63)
2026-06-26 01:42:41,008 - INFO - Epoch 71/200:
Epoch 71/200:
2026-06-26 01:44:31,209 - INFO - Train loss: 0.6727 (110.2s)
Train loss: 0.6727 (110.2s)
2026-06-26 01:44:58,411 - INFO - Test instance 0.9117, class 0.8692
Test instance 0.9117, class 0.8692
2026-06-26 01:44:58,411 - INFO - Best instance 0.9206, class 0.8819 (epoch 63)
Best instance 0.9206, class 0.8819 (epoch 63)
2026-06-26 01:44:58,445 - INFO - Epoch 72/200:
Epoch 72/200:
2026-06-26 01:46:47,374 - INFO - Train loss: 0.6730 (108.9s)
Train loss: 0.6730 (108.9s)
2026-06-26 01:47:14,556 - INFO - Test instance 0.9194, class 0.8762
Test instance 0.9194, class 0.8762
2026-06-26 01:47:14,556 - INFO - Best instance 0.9206, class 0.8819 (epoch 63)
Best instance 0.9206, class 0.8819 (epoch 63)
2026-06-26 01:47:14,575 - INFO - Epoch 73/200:
Epoch 73/200:
2026-06-26 01:49:04,892 - INFO - Train loss: 0.6728 (110.3s)
Train loss: 0.6728 (110.3s)
2026-06-26 01:49:32,307 - INFO - Test instance 0.9133, class 0.8703
Test instance 0.9133, class 0.8703
2026-06-26 01:49:32,307 - INFO - Best instance 0.9206, class 0.8819 (epoch 63)
Best instance 0.9206, class 0.8819 (epoch 63)
2026-06-26 01:49:32,327 - INFO - Epoch 74/200:
Epoch 74/200:
2026-06-26 01:51:21,172 - INFO - Train loss: 0.6709 (108.8s)
Train loss: 0.6709 (108.8s)
2026-06-26 01:51:48,261 - INFO - Test instance 0.9137, class 0.8718
Test instance 0.9137, class 0.8718
2026-06-26 01:51:48,261 - INFO - Best instance 0.9206, class 0.8819 (epoch 63)
Best instance 0.9206, class 0.8819 (epoch 63)
2026-06-26 01:51:48,283 - INFO - Epoch 75/200:
Epoch 75/200:
2026-06-26 01:53:38,059 - INFO - Train loss: 0.6712 (109.8s)
Train loss: 0.6712 (109.8s)
2026-06-26 01:54:05,135 - INFO - Test instance 0.9121, class 0.8715
Test instance 0.9121, class 0.8715
2026-06-26 01:54:05,135 - INFO - Best instance 0.9206, class 0.8819 (epoch 63)
Best instance 0.9206, class 0.8819 (epoch 63)
2026-06-26 01:54:05,156 - INFO - Epoch 76/200:
Epoch 76/200:
2026-06-26 01:55:53,759 - INFO - Train loss: 0.6694 (108.6s)
Train loss: 0.6694 (108.6s)
2026-06-26 01:56:20,880 - INFO - Test instance 0.9133, class 0.8745
Test instance 0.9133, class 0.8745
2026-06-26 01:56:20,881 - INFO - Best instance 0.9206, class 0.8819 (epoch 63)
Best instance 0.9206, class 0.8819 (epoch 63)
2026-06-26 01:56:20,902 - INFO - Epoch 77/200:
Epoch 77/200:
2026-06-26 01:58:10,472 - INFO - Train loss: 0.6676 (109.6s)
Train loss: 0.6676 (109.6s)
2026-06-26 01:58:37,622 - INFO - Test instance 0.9165, class 0.8717
Test instance 0.9165, class 0.8717
2026-06-26 01:58:37,622 - INFO - Best instance 0.9206, class 0.8819 (epoch 63)
Best instance 0.9206, class 0.8819 (epoch 63)
2026-06-26 01:58:37,642 - INFO - Epoch 78/200:
Epoch 78/200:
2026-06-26 02:00:26,577 - INFO - Train loss: 0.6690 (108.9s)
Train loss: 0.6690 (108.9s)
2026-06-26 02:00:53,728 - INFO - Test instance 0.9117, class 0.8710
Test instance 0.9117, class 0.8710
2026-06-26 02:00:53,728 - INFO - Best instance 0.9206, class 0.8819 (epoch 63)
Best instance 0.9206, class 0.8819 (epoch 63)
2026-06-26 02:00:53,749 - INFO - Epoch 79/200:
Epoch 79/200:
2026-06-26 02:02:44,036 - INFO - Train loss: 0.6676 (110.3s)
Train loss: 0.6676 (110.3s)
2026-06-26 02:03:10,861 - INFO - Test instance 0.9161, class 0.8788
Test instance 0.9161, class 0.8788
2026-06-26 02:03:10,861 - INFO - Best instance 0.9206, class 0.8819 (epoch 63)
Best instance 0.9206, class 0.8819 (epoch 63)
2026-06-26 02:03:10,885 - INFO - Epoch 80/200:
Epoch 80/200:
2026-06-26 02:05:00,073 - INFO - Train loss: 0.6663 (109.2s)
Train loss: 0.6663 (109.2s)
2026-06-26 02:05:27,197 - INFO - Test instance 0.9157, class 0.8718
Test instance 0.9157, class 0.8718
2026-06-26 02:05:27,198 - INFO - Best instance 0.9206, class 0.8819 (epoch 63)
Best instance 0.9206, class 0.8819 (epoch 63)
2026-06-26 02:05:27,218 - INFO - Epoch 81/200:
Epoch 81/200:
2026-06-26 02:07:18,162 - INFO - Train loss: 0.6613 (110.9s)
Train loss: 0.6613 (110.9s)
2026-06-26 02:07:45,091 - INFO - Test instance 0.9133, class 0.8702
Test instance 0.9133, class 0.8702
2026-06-26 02:07:45,092 - INFO - Best instance 0.9206, class 0.8819 (epoch 63)
Best instance 0.9206, class 0.8819 (epoch 63)
2026-06-26 02:07:45,112 - INFO - Epoch 82/200:
Epoch 82/200:
2026-06-26 02:09:33,993 - INFO - Train loss: 0.6600 (108.9s)
Train loss: 0.6600 (108.9s)
2026-06-26 02:10:01,136 - INFO - Test instance 0.9145, class 0.8831
Test instance 0.9145, class 0.8831
2026-06-26 02:10:01,137 - INFO - Best instance 0.9206, class 0.8819 (epoch 63)
Best instance 0.9206, class 0.8819 (epoch 63)
2026-06-26 02:10:01,157 - INFO - Epoch 83/200:
Epoch 83/200:
2026-06-26 02:11:51,114 - INFO - Train loss: 0.6590 (110.0s)
Train loss: 0.6590 (110.0s)
2026-06-26 02:12:18,069 - INFO - Test instance 0.9202, class 0.8798
Test instance 0.9202, class 0.8798
2026-06-26 02:12:18,069 - INFO - Best instance 0.9206, class 0.8819 (epoch 63)
Best instance 0.9206, class 0.8819 (epoch 63)
2026-06-26 02:12:18,090 - INFO - Epoch 84/200:
Epoch 84/200:
2026-06-26 02:14:07,972 - INFO - Train loss: 0.6583 (109.9s)
Train loss: 0.6583 (109.9s)
2026-06-26 02:14:34,997 - INFO - Test instance 0.9177, class 0.8796
Test instance 0.9177, class 0.8796
2026-06-26 02:14:34,997 - INFO - Best instance 0.9206, class 0.8819 (epoch 63)
Best instance 0.9206, class 0.8819 (epoch 63)
2026-06-26 02:14:35,018 - INFO - Epoch 85/200:
Epoch 85/200:
2026-06-26 02:16:24,257 - INFO - Train loss: 0.6582 (109.2s)
Train loss: 0.6582 (109.2s)
2026-06-26 02:16:50,782 - INFO - Test instance 0.9186, class 0.8789
Test instance 0.9186, class 0.8789
2026-06-26 02:16:50,783 - INFO - Best instance 0.9206, class 0.8819 (epoch 63)
Best instance 0.9206, class 0.8819 (epoch 63)
2026-06-26 02:16:50,804 - INFO - Epoch 86/200:
Epoch 86/200:
2026-06-26 02:18:40,529 - INFO - Train loss: 0.6547 (109.7s)
Train loss: 0.6547 (109.7s)
2026-06-26 02:19:07,744 - INFO - Test instance 0.9186, class 0.8750
Test instance 0.9186, class 0.8750
2026-06-26 02:19:07,744 - INFO - Best instance 0.9206, class 0.8819 (epoch 63)
Best instance 0.9206, class 0.8819 (epoch 63)
2026-06-26 02:19:07,764 - INFO - Epoch 87/200:
Epoch 87/200:
2026-06-26 02:20:57,294 - INFO - Train loss: 0.6558 (109.5s)
Train loss: 0.6558 (109.5s)
2026-06-26 02:21:24,033 - INFO - Test instance 0.9186, class 0.8787
Test instance 0.9186, class 0.8787
2026-06-26 02:21:24,033 - INFO - Best instance 0.9206, class 0.8819 (epoch 63)
Best instance 0.9206, class 0.8819 (epoch 63)
2026-06-26 02:21:24,054 - INFO - Epoch 88/200:
Epoch 88/200:
2026-06-26 02:23:13,864 - INFO - Train loss: 0.6561 (109.8s)
Train loss: 0.6561 (109.8s)
2026-06-26 02:23:40,866 - INFO - Test instance 0.9190, class 0.8820
Test instance 0.9190, class 0.8820
2026-06-26 02:23:40,866 - INFO - Best instance 0.9206, class 0.8819 (epoch 63)
Best instance 0.9206, class 0.8819 (epoch 63)
2026-06-26 02:23:40,890 - INFO - Epoch 89/200:
Epoch 89/200:
2026-06-26 02:25:30,177 - INFO - Train loss: 0.6541 (109.3s)
Train loss: 0.6541 (109.3s)
2026-06-26 02:25:56,993 - INFO - Test instance 0.9149, class 0.8733
Test instance 0.9149, class 0.8733
2026-06-26 02:25:56,993 - INFO - Best instance 0.9206, class 0.8819 (epoch 63)
Best instance 0.9206, class 0.8819 (epoch 63)
2026-06-26 02:25:57,023 - INFO - Epoch 90/200:
Epoch 90/200:
2026-06-26 02:27:47,040 - INFO - Train loss: 0.6551 (110.0s)
Train loss: 0.6551 (110.0s)
2026-06-26 02:28:14,138 - INFO - Test instance 0.9145, class 0.8772
Test instance 0.9145, class 0.8772
2026-06-26 02:28:14,140 - INFO - Best instance 0.9206, class 0.8819 (epoch 63)
Best instance 0.9206, class 0.8819 (epoch 63)
2026-06-26 02:28:14,172 - INFO - Epoch 91/200:
Epoch 91/200:
2026-06-26 02:30:03,424 - INFO - Train loss: 0.6546 (109.3s)
Train loss: 0.6546 (109.3s)
2026-06-26 02:30:30,492 - INFO - Test instance 0.9141, class 0.8787
Test instance 0.9141, class 0.8787
2026-06-26 02:30:30,492 - INFO - Best instance 0.9206, class 0.8819 (epoch 63)
Best instance 0.9206, class 0.8819 (epoch 63)
2026-06-26 02:30:30,513 - INFO - Epoch 92/200:
Epoch 92/200:
2026-06-26 02:32:20,079 - INFO - Train loss: 0.6520 (109.6s)
Train loss: 0.6520 (109.6s)
2026-06-26 02:32:47,397 - INFO - Test instance 0.9157, class 0.8813
Test instance 0.9157, class 0.8813
2026-06-26 02:32:47,397 - INFO - Best instance 0.9206, class 0.8819 (epoch 63)
Best instance 0.9206, class 0.8819 (epoch 63)
2026-06-26 02:32:47,419 - INFO - Epoch 93/200:
Epoch 93/200:
2026-06-26 02:34:36,209 - INFO - Train loss: 0.6553 (108.8s)
Train loss: 0.6553 (108.8s)
2026-06-26 02:35:03,453 - INFO - Test instance 0.9173, class 0.8832
Test instance 0.9173, class 0.8832
2026-06-26 02:35:03,454 - INFO - Best instance 0.9206, class 0.8819 (epoch 63)
Best instance 0.9206, class 0.8819 (epoch 63)
2026-06-26 02:35:03,485 - INFO - Epoch 94/200:
Epoch 94/200:
2026-06-26 02:36:53,010 - INFO - Train loss: 0.6515 (109.5s)
Train loss: 0.6515 (109.5s)
2026-06-26 02:37:20,197 - INFO - Test instance 0.9218, class 0.8837
Test instance 0.9218, class 0.8837
2026-06-26 02:37:20,217 - INFO - Best instance 0.9218, class 0.8837 (epoch 94)
Best instance 0.9218, class 0.8837 (epoch 94)
2026-06-26 02:37:20,234 - INFO - Epoch 95/200:
Epoch 95/200:
2026-06-26 02:39:09,637 - INFO - Train loss: 0.6509 (109.4s)
Train loss: 0.6509 (109.4s)
2026-06-26 02:39:36,640 - INFO - Test instance 0.9161, class 0.8781
Test instance 0.9161, class 0.8781
2026-06-26 02:39:36,640 - INFO - Best instance 0.9218, class 0.8837 (epoch 94)
Best instance 0.9218, class 0.8837 (epoch 94)
2026-06-26 02:39:36,660 - INFO - Epoch 96/200:
Epoch 96/200:
2026-06-26 02:41:26,507 - INFO - Train loss: 0.6535 (109.8s)
Train loss: 0.6535 (109.8s)
2026-06-26 02:41:53,529 - INFO - Test instance 0.9186, class 0.8785
Test instance 0.9186, class 0.8785
2026-06-26 02:41:53,530 - INFO - Best instance 0.9218, class 0.8837 (epoch 94)
Best instance 0.9218, class 0.8837 (epoch 94)
2026-06-26 02:41:53,549 - INFO - Epoch 97/200:
Epoch 97/200:
2026-06-26 02:43:42,414 - INFO - Train loss: 0.6548 (108.9s)
Train loss: 0.6548 (108.9s)
2026-06-26 02:44:09,474 - INFO - Test instance 0.9169, class 0.8778
Test instance 0.9169, class 0.8778
2026-06-26 02:44:09,475 - INFO - Best instance 0.9218, class 0.8837 (epoch 94)
Best instance 0.9218, class 0.8837 (epoch 94)
2026-06-26 02:44:09,495 - INFO - Epoch 98/200:
Epoch 98/200:
2026-06-26 02:45:58,894 - INFO - Train loss: 0.6558 (109.4s)
Train loss: 0.6558 (109.4s)
2026-06-26 02:46:25,822 - INFO - Test instance 0.9129, class 0.8744
Test instance 0.9129, class 0.8744
2026-06-26 02:46:25,822 - INFO - Best instance 0.9218, class 0.8837 (epoch 94)
Best instance 0.9218, class 0.8837 (epoch 94)
2026-06-26 02:46:25,842 - INFO - Epoch 99/200:
Epoch 99/200:
2026-06-26 02:48:14,714 - INFO - Train loss: 0.6500 (108.9s)
Train loss: 0.6500 (108.9s)
2026-06-26 02:48:41,718 - INFO - Test instance 0.9137, class 0.8765
Test instance 0.9137, class 0.8765
2026-06-26 02:48:41,718 - INFO - Best instance 0.9218, class 0.8837 (epoch 94)
Best instance 0.9218, class 0.8837 (epoch 94)
2026-06-26 02:48:41,738 - INFO - Epoch 100/200:
Epoch 100/200:
2026-06-26 02:50:31,762 - INFO - Train loss: 0.6483 (110.0s)
Train loss: 0.6483 (110.0s)
2026-06-26 02:50:58,574 - INFO - Test instance 0.9153, class 0.8804
Test instance 0.9153, class 0.8804
2026-06-26 02:50:58,575 - INFO - Best instance 0.9218, class 0.8837 (epoch 94)
Best instance 0.9218, class 0.8837 (epoch 94)
2026-06-26 02:50:58,595 - INFO - Epoch 101/200:
Epoch 101/200:
2026-06-26 02:52:47,741 - INFO - Train loss: 0.6497 (109.1s)
Train loss: 0.6497 (109.1s)
2026-06-26 02:53:14,384 - INFO - Test instance 0.9218, class 0.8911
Test instance 0.9218, class 0.8911
2026-06-26 02:53:14,385 - INFO - Best instance 0.9218, class 0.8837 (epoch 94)
Best instance 0.9218, class 0.8837 (epoch 94)
2026-06-26 02:53:14,404 - INFO - Epoch 102/200:
Epoch 102/200:
2026-06-26 02:55:04,025 - INFO - Train loss: 0.6465 (109.6s)
Train loss: 0.6465 (109.6s)
2026-06-26 02:55:30,813 - INFO - Test instance 0.9133, class 0.8786
Test instance 0.9133, class 0.8786
2026-06-26 02:55:30,813 - INFO - Best instance 0.9218, class 0.8837 (epoch 94)
Best instance 0.9218, class 0.8837 (epoch 94)
2026-06-26 02:55:30,833 - INFO - Epoch 103/200:
Epoch 103/200:
2026-06-26 02:57:19,903 - INFO - Train loss: 0.6414 (109.1s)
Train loss: 0.6414 (109.1s)
2026-06-26 02:57:46,665 - INFO - Test instance 0.9194, class 0.8840
Test instance 0.9194, class 0.8840
2026-06-26 02:57:46,665 - INFO - Best instance 0.9218, class 0.8837 (epoch 94)
Best instance 0.9218, class 0.8837 (epoch 94)
2026-06-26 02:57:46,685 - INFO - Epoch 104/200:
Epoch 104/200:
2026-06-26 02:59:36,696 - INFO - Train loss: 0.6449 (110.0s)
Train loss: 0.6449 (110.0s)
2026-06-26 03:00:03,447 - INFO - Test instance 0.9218, class 0.8849
Test instance 0.9218, class 0.8849
2026-06-26 03:00:03,447 - INFO - Best instance 0.9218, class 0.8837 (epoch 94)
Best instance 0.9218, class 0.8837 (epoch 94)
2026-06-26 03:00:03,467 - INFO - Epoch 105/200:
Epoch 105/200:
2026-06-26 03:01:52,799 - INFO - Train loss: 0.6468 (109.3s)
Train loss: 0.6468 (109.3s)
2026-06-26 03:02:19,535 - INFO - Test instance 0.9161, class 0.8790
Test instance 0.9161, class 0.8790
2026-06-26 03:02:19,535 - INFO - Best instance 0.9218, class 0.8837 (epoch 94)
Best instance 0.9218, class 0.8837 (epoch 94)
2026-06-26 03:02:19,555 - INFO - Epoch 106/200:
Epoch 106/200:
2026-06-26 03:04:09,688 - INFO - Train loss: 0.6432 (110.1s)
Train loss: 0.6432 (110.1s)
2026-06-26 03:04:36,321 - INFO - Test instance 0.9218, class 0.8831
Test instance 0.9218, class 0.8831
2026-06-26 03:04:36,322 - INFO - Best instance 0.9218, class 0.8837 (epoch 94)
Best instance 0.9218, class 0.8837 (epoch 94)
2026-06-26 03:04:36,341 - INFO - Epoch 107/200:
Epoch 107/200:
2026-06-26 03:06:24,987 - INFO - Train loss: 0.6388 (108.6s)
Train loss: 0.6388 (108.6s)
2026-06-26 03:06:51,814 - INFO - Test instance 0.9157, class 0.8738
Test instance 0.9157, class 0.8738
2026-06-26 03:06:51,814 - INFO - Best instance 0.9218, class 0.8837 (epoch 94)
Best instance 0.9218, class 0.8837 (epoch 94)
2026-06-26 03:06:51,834 - INFO - Epoch 108/200:
Epoch 108/200:
2026-06-26 03:08:41,311 - INFO - Train loss: 0.6418 (109.5s)
Train loss: 0.6418 (109.5s)
2026-06-26 03:09:07,848 - INFO - Test instance 0.9198, class 0.8852
Test instance 0.9198, class 0.8852
2026-06-26 03:09:07,849 - INFO - Best instance 0.9218, class 0.8837 (epoch 94)
Best instance 0.9218, class 0.8837 (epoch 94)
2026-06-26 03:09:07,873 - INFO - Epoch 109/200:
Epoch 109/200:
2026-06-26 03:10:58,588 - INFO - Train loss: 0.6435 (110.7s)
Train loss: 0.6435 (110.7s)
2026-06-26 03:11:25,806 - INFO - Test instance 0.9186, class 0.8815
Test instance 0.9186, class 0.8815
2026-06-26 03:11:25,806 - INFO - Best instance 0.9218, class 0.8837 (epoch 94)
Best instance 0.9218, class 0.8837 (epoch 94)
2026-06-26 03:11:25,826 - INFO - Epoch 110/200:
Epoch 110/200:
2026-06-26 03:13:16,194 - INFO - Train loss: 0.6453 (110.4s)
Train loss: 0.6453 (110.4s)
2026-06-26 03:13:43,020 - INFO - Test instance 0.9153, class 0.8788
Test instance 0.9153, class 0.8788
2026-06-26 03:13:43,020 - INFO - Best instance 0.9218, class 0.8837 (epoch 94)
Best instance 0.9218, class 0.8837 (epoch 94)
2026-06-26 03:13:43,040 - INFO - Epoch 111/200:
Epoch 111/200:
2026-06-26 03:15:32,063 - INFO - Train loss: 0.6427 (109.0s)
Train loss: 0.6427 (109.0s)
2026-06-26 03:15:59,008 - INFO - Test instance 0.9117, class 0.8743
Test instance 0.9117, class 0.8743
2026-06-26 03:15:59,008 - INFO - Best instance 0.9218, class 0.8837 (epoch 94)
Best instance 0.9218, class 0.8837 (epoch 94)
2026-06-26 03:15:59,028 - INFO - Epoch 112/200:
Epoch 112/200:
2026-06-26 03:17:48,823 - INFO - Train loss: 0.6408 (109.8s)
Train loss: 0.6408 (109.8s)
2026-06-26 03:18:15,344 - INFO - Test instance 0.9173, class 0.8798
Test instance 0.9173, class 0.8798
2026-06-26 03:18:15,344 - INFO - Best instance 0.9218, class 0.8837 (epoch 94)
Best instance 0.9218, class 0.8837 (epoch 94)
2026-06-26 03:18:15,364 - INFO - Epoch 113/200:
Epoch 113/200:
2026-06-26 03:20:05,452 - INFO - Train loss: 0.6391 (110.1s)
Train loss: 0.6391 (110.1s)
2026-06-26 03:20:32,309 - INFO - Test instance 0.9182, class 0.8846
Test instance 0.9182, class 0.8846
2026-06-26 03:20:32,310 - INFO - Best instance 0.9218, class 0.8837 (epoch 94)
Best instance 0.9218, class 0.8837 (epoch 94)
2026-06-26 03:20:32,328 - INFO - Epoch 114/200:
Epoch 114/200:
2026-06-26 03:22:21,964 - INFO - Train loss: 0.6434 (109.6s)
Train loss: 0.6434 (109.6s)
2026-06-26 03:22:48,508 - INFO - Test instance 0.9210, class 0.8854
Test instance 0.9210, class 0.8854
2026-06-26 03:22:48,508 - INFO - Best instance 0.9218, class 0.8837 (epoch 94)
Best instance 0.9218, class 0.8837 (epoch 94)
2026-06-26 03:22:48,528 - INFO - Epoch 115/200:
Epoch 115/200:
2026-06-26 03:24:38,628 - INFO - Train loss: 0.6402 (110.1s)
Train loss: 0.6402 (110.1s)
2026-06-26 03:25:05,504 - INFO - Test instance 0.9198, class 0.8844
Test instance 0.9198, class 0.8844
2026-06-26 03:25:05,504 - INFO - Best instance 0.9218, class 0.8837 (epoch 94)
Best instance 0.9218, class 0.8837 (epoch 94)
2026-06-26 03:25:05,525 - INFO - Epoch 116/200:
Epoch 116/200:
2026-06-26 03:26:55,567 - INFO - Train loss: 0.6385 (110.0s)
Train loss: 0.6385 (110.0s)
2026-06-26 03:27:22,125 - INFO - Test instance 0.9133, class 0.8885
Test instance 0.9133, class 0.8885
2026-06-26 03:27:22,126 - INFO - Best instance 0.9218, class 0.8837 (epoch 94)
Best instance 0.9218, class 0.8837 (epoch 94)
2026-06-26 03:27:22,146 - INFO - Epoch 117/200:
Epoch 117/200:
2026-06-26 03:29:11,327 - INFO - Train loss: 0.6409 (109.2s)
Train loss: 0.6409 (109.2s)
2026-06-26 03:29:37,916 - INFO - Test instance 0.9141, class 0.8778
Test instance 0.9141, class 0.8778
2026-06-26 03:29:37,917 - INFO - Best instance 0.9218, class 0.8837 (epoch 94)
Best instance 0.9218, class 0.8837 (epoch 94)
2026-06-26 03:29:37,937 - INFO - Epoch 118/200:
Epoch 118/200:
2026-06-26 03:31:28,960 - INFO - Train loss: 0.6387 (111.0s)
Train loss: 0.6387 (111.0s)
2026-06-26 03:31:55,328 - INFO - Test instance 0.9117, class 0.8795
Test instance 0.9117, class 0.8795
2026-06-26 03:31:55,328 - INFO - Best instance 0.9218, class 0.8837 (epoch 94)
Best instance 0.9218, class 0.8837 (epoch 94)
2026-06-26 03:31:55,348 - INFO - Epoch 119/200:
Epoch 119/200:
2026-06-26 03:33:44,415 - INFO - Train loss: 0.6388 (109.1s)
Train loss: 0.6388 (109.1s)
2026-06-26 03:34:11,181 - INFO - Test instance 0.9173, class 0.8847
Test instance 0.9173, class 0.8847
2026-06-26 03:34:11,181 - INFO - Best instance 0.9218, class 0.8837 (epoch 94)
Best instance 0.9218, class 0.8837 (epoch 94)
2026-06-26 03:34:11,201 - INFO - Epoch 120/200:
Epoch 120/200:
2026-06-26 03:36:00,571 - INFO - Train loss: 0.6388 (109.4s)
Train loss: 0.6388 (109.4s)
2026-06-26 03:36:26,920 - INFO - Test instance 0.9190, class 0.8780
Test instance 0.9190, class 0.8780
2026-06-26 03:36:26,920 - INFO - Best instance 0.9218, class 0.8837 (epoch 94)
Best instance 0.9218, class 0.8837 (epoch 94)
2026-06-26 03:36:26,940 - INFO - Epoch 121/200:
Epoch 121/200:
2026-06-26 03:38:16,167 - INFO - Train loss: 0.6355 (109.2s)
Train loss: 0.6355 (109.2s)
2026-06-26 03:38:42,999 - INFO - Test instance 0.9129, class 0.8783
Test instance 0.9129, class 0.8783
2026-06-26 03:38:42,999 - INFO - Best instance 0.9218, class 0.8837 (epoch 94)
Best instance 0.9218, class 0.8837 (epoch 94)
2026-06-26 03:38:43,020 - INFO - Epoch 122/200:
Epoch 122/200:
2026-06-26 03:40:32,809 - INFO - Train loss: 0.6350 (109.8s)
Train loss: 0.6350 (109.8s)
2026-06-26 03:40:58,966 - INFO - Test instance 0.9177, class 0.8834
Test instance 0.9177, class 0.8834
2026-06-26 03:40:58,966 - INFO - Best instance 0.9218, class 0.8837 (epoch 94)
Best instance 0.9218, class 0.8837 (epoch 94)
2026-06-26 03:40:58,985 - INFO - Epoch 123/200:
Epoch 123/200:
2026-06-26 03:42:49,755 - INFO - Train loss: 0.6368 (110.8s)
Train loss: 0.6368 (110.8s)
2026-06-26 03:43:16,355 - INFO - Test instance 0.9210, class 0.8845
Test instance 0.9210, class 0.8845
2026-06-26 03:43:16,355 - INFO - Best instance 0.9218, class 0.8837 (epoch 94)
Best instance 0.9218, class 0.8837 (epoch 94)
2026-06-26 03:43:16,376 - INFO - Epoch 124/200:
Epoch 124/200:
2026-06-26 03:45:06,250 - INFO - Train loss: 0.6353 (109.9s)
Train loss: 0.6353 (109.9s)
2026-06-26 03:45:32,712 - INFO - Test instance 0.9198, class 0.8888
Test instance 0.9198, class 0.8888
2026-06-26 03:45:32,713 - INFO - Best instance 0.9218, class 0.8837 (epoch 94)
Best instance 0.9218, class 0.8837 (epoch 94)
2026-06-26 03:45:32,733 - INFO - Epoch 125/200:
Epoch 125/200:
2026-06-26 03:47:21,734 - INFO - Train loss: 0.6342 (109.0s)
Train loss: 0.6342 (109.0s)
2026-06-26 03:47:48,789 - INFO - Test instance 0.9214, class 0.8845
Test instance 0.9214, class 0.8845
2026-06-26 03:47:48,789 - INFO - Best instance 0.9218, class 0.8837 (epoch 94)
Best instance 0.9218, class 0.8837 (epoch 94)
2026-06-26 03:47:48,809 - INFO - Epoch 126/200:
Epoch 126/200:
2026-06-26 03:49:37,923 - INFO - Train loss: 0.6348 (109.1s)
Train loss: 0.6348 (109.1s)
2026-06-26 03:50:04,597 - INFO - Test instance 0.9165, class 0.8812
Test instance 0.9165, class 0.8812
2026-06-26 03:50:04,598 - INFO - Best instance 0.9218, class 0.8837 (epoch 94)
Best instance 0.9218, class 0.8837 (epoch 94)
2026-06-26 03:50:04,617 - INFO - Epoch 127/200:
Epoch 127/200:
2026-06-26 03:51:53,401 - INFO - Train loss: 0.6324 (108.8s)
Train loss: 0.6324 (108.8s)
2026-06-26 03:52:20,585 - INFO - Test instance 0.9202, class 0.8802
Test instance 0.9202, class 0.8802
2026-06-26 03:52:20,585 - INFO - Best instance 0.9218, class 0.8837 (epoch 94)
Best instance 0.9218, class 0.8837 (epoch 94)
2026-06-26 03:52:20,606 - INFO - Epoch 128/200:
Epoch 128/200:
2026-06-26 03:54:10,181 - INFO - Train loss: 0.6303 (109.6s)
Train loss: 0.6303 (109.6s)
2026-06-26 03:54:36,889 - INFO - Test instance 0.9169, class 0.8796
Test instance 0.9169, class 0.8796
2026-06-26 03:54:36,889 - INFO - Best instance 0.9218, class 0.8837 (epoch 94)
Best instance 0.9218, class 0.8837 (epoch 94)
2026-06-26 03:54:36,909 - INFO - Epoch 129/200:
Epoch 129/200:
2026-06-26 03:56:26,061 - INFO - Train loss: 0.6329 (109.2s)
Train loss: 0.6329 (109.2s)
2026-06-26 03:56:53,178 - INFO - Test instance 0.9161, class 0.8755
Test instance 0.9161, class 0.8755
2026-06-26 03:56:53,178 - INFO - Best instance 0.9218, class 0.8837 (epoch 94)
Best instance 0.9218, class 0.8837 (epoch 94)
2026-06-26 03:56:53,198 - INFO - Epoch 130/200:
Epoch 130/200:
2026-06-26 03:58:42,563 - INFO - Train loss: 0.6317 (109.4s)
Train loss: 0.6317 (109.4s)
2026-06-26 03:59:09,547 - INFO - Test instance 0.9226, class 0.8885
Test instance 0.9226, class 0.8885
2026-06-26 03:59:09,566 - INFO - Best instance 0.9226, class 0.8885 (epoch 130)
Best instance 0.9226, class 0.8885 (epoch 130)
2026-06-26 03:59:09,584 - INFO - Epoch 131/200:
Epoch 131/200:
2026-06-26 04:00:58,874 - INFO - Train loss: 0.6311 (109.3s)
Train loss: 0.6311 (109.3s)
2026-06-26 04:01:26,057 - INFO - Test instance 0.9182, class 0.8821
Test instance 0.9182, class 0.8821
2026-06-26 04:01:26,057 - INFO - Best instance 0.9226, class 0.8885 (epoch 130)
Best instance 0.9226, class 0.8885 (epoch 130)
2026-06-26 04:01:26,078 - INFO - Epoch 132/200:
Epoch 132/200:
2026-06-26 04:03:15,653 - INFO - Train loss: 0.6321 (109.6s)
Train loss: 0.6321 (109.6s)
2026-06-26 04:03:42,623 - INFO - Test instance 0.9190, class 0.8830
Test instance 0.9190, class 0.8830
2026-06-26 04:03:42,623 - INFO - Best instance 0.9226, class 0.8885 (epoch 130)
Best instance 0.9226, class 0.8885 (epoch 130)
2026-06-26 04:03:42,644 - INFO - Epoch 133/200:
Epoch 133/200:
2026-06-26 04:05:32,413 - INFO - Train loss: 0.6304 (109.8s)
Train loss: 0.6304 (109.8s)
2026-06-26 04:05:59,442 - INFO - Test instance 0.9145, class 0.8804
Test instance 0.9145, class 0.8804
2026-06-26 04:05:59,443 - INFO - Best instance 0.9226, class 0.8885 (epoch 130)
Best instance 0.9226, class 0.8885 (epoch 130)
2026-06-26 04:05:59,463 - INFO - Epoch 134/200:
Epoch 134/200:
2026-06-26 04:07:48,958 - INFO - Train loss: 0.6318 (109.5s)
Train loss: 0.6318 (109.5s)
2026-06-26 04:08:15,771 - INFO - Test instance 0.9177, class 0.8861
Test instance 0.9177, class 0.8861
2026-06-26 04:08:15,772 - INFO - Best instance 0.9226, class 0.8885 (epoch 130)
Best instance 0.9226, class 0.8885 (epoch 130)
2026-06-26 04:08:15,791 - INFO - Epoch 135/200:
Epoch 135/200:
2026-06-26 04:10:04,526 - INFO - Train loss: 0.6289 (108.7s)
Train loss: 0.6289 (108.7s)
2026-06-26 04:10:31,546 - INFO - Test instance 0.9169, class 0.8890
Test instance 0.9169, class 0.8890
2026-06-26 04:10:31,547 - INFO - Best instance 0.9226, class 0.8885 (epoch 130)
Best instance 0.9226, class 0.8885 (epoch 130)
2026-06-26 04:10:31,567 - INFO - Epoch 136/200:
Epoch 136/200:
2026-06-26 04:12:21,847 - INFO - Train loss: 0.6308 (110.3s)
Train loss: 0.6308 (110.3s)
2026-06-26 04:12:48,745 - INFO - Test instance 0.9161, class 0.8859
Test instance 0.9161, class 0.8859
2026-06-26 04:12:48,746 - INFO - Best instance 0.9226, class 0.8885 (epoch 130)
Best instance 0.9226, class 0.8885 (epoch 130)
2026-06-26 04:12:48,764 - INFO - Epoch 137/200:
Epoch 137/200:
2026-06-26 04:14:37,929 - INFO - Train loss: 0.6311 (109.2s)
Train loss: 0.6311 (109.2s)
2026-06-26 04:15:04,863 - INFO - Test instance 0.9141, class 0.8849
Test instance 0.9141, class 0.8849
2026-06-26 04:15:04,863 - INFO - Best instance 0.9226, class 0.8885 (epoch 130)
Best instance 0.9226, class 0.8885 (epoch 130)
2026-06-26 04:15:04,882 - INFO - Epoch 138/200:
Epoch 138/200:
2026-06-26 04:16:53,870 - INFO - Train loss: 0.6298 (109.0s)
Train loss: 0.6298 (109.0s)
2026-06-26 04:17:20,591 - INFO - Test instance 0.9190, class 0.8793
Test instance 0.9190, class 0.8793
2026-06-26 04:17:20,591 - INFO - Best instance 0.9226, class 0.8885 (epoch 130)
Best instance 0.9226, class 0.8885 (epoch 130)
2026-06-26 04:17:20,611 - INFO - Epoch 139/200:
Epoch 139/200:
2026-06-26 04:19:09,106 - INFO - Train loss: 0.6274 (108.5s)
Train loss: 0.6274 (108.5s)
2026-06-26 04:19:35,975 - INFO - Test instance 0.9153, class 0.8818
Test instance 0.9153, class 0.8818
2026-06-26 04:19:35,975 - INFO - Best instance 0.9226, class 0.8885 (epoch 130)
Best instance 0.9226, class 0.8885 (epoch 130)
2026-06-26 04:19:35,995 - INFO - Epoch 140/200:
Epoch 140/200:
2026-06-26 04:21:25,136 - INFO - Train loss: 0.6330 (109.1s)
Train loss: 0.6330 (109.1s)
2026-06-26 04:21:51,930 - INFO - Test instance 0.9141, class 0.8789
Test instance 0.9141, class 0.8789
2026-06-26 04:21:51,930 - INFO - Best instance 0.9226, class 0.8885 (epoch 130)
Best instance 0.9226, class 0.8885 (epoch 130)
2026-06-26 04:21:51,948 - INFO - Epoch 141/200:
Epoch 141/200:
2026-06-26 04:23:40,834 - INFO - Train loss: 0.6272 (108.9s)
Train loss: 0.6272 (108.9s)
2026-06-26 04:24:07,999 - INFO - Test instance 0.9161, class 0.8863
Test instance 0.9161, class 0.8863
2026-06-26 04:24:07,999 - INFO - Best instance 0.9226, class 0.8885 (epoch 130)
Best instance 0.9226, class 0.8885 (epoch 130)
2026-06-26 04:24:08,020 - INFO - Epoch 142/200:
Epoch 142/200:
2026-06-26 04:25:57,256 - INFO - Train loss: 0.6287 (109.2s)
Train loss: 0.6287 (109.2s)
2026-06-26 04:26:24,598 - INFO - Test instance 0.9157, class 0.8792
Test instance 0.9157, class 0.8792
2026-06-26 04:26:24,598 - INFO - Best instance 0.9226, class 0.8885 (epoch 130)
Best instance 0.9226, class 0.8885 (epoch 130)
2026-06-26 04:26:24,618 - INFO - Epoch 143/200:
Epoch 143/200:
2026-06-26 04:28:12,998 - INFO - Train loss: 0.6264 (108.4s)
Train loss: 0.6264 (108.4s)
2026-06-26 04:28:40,414 - INFO - Test instance 0.9141, class 0.8723
Test instance 0.9141, class 0.8723
2026-06-26 04:28:40,415 - INFO - Best instance 0.9226, class 0.8885 (epoch 130)
Best instance 0.9226, class 0.8885 (epoch 130)
2026-06-26 04:28:40,435 - INFO - Epoch 144/200:
Epoch 144/200:
2026-06-26 04:30:29,663 - INFO - Train loss: 0.6255 (109.2s)
Train loss: 0.6255 (109.2s)
2026-06-26 04:30:56,575 - INFO - Test instance 0.9165, class 0.8812
Test instance 0.9165, class 0.8812
2026-06-26 04:30:56,575 - INFO - Best instance 0.9226, class 0.8885 (epoch 130)
Best instance 0.9226, class 0.8885 (epoch 130)
2026-06-26 04:30:56,595 - INFO - Epoch 145/200:
Epoch 145/200:
2026-06-26 04:32:45,519 - INFO - Train loss: 0.6283 (108.9s)
Train loss: 0.6283 (108.9s)
2026-06-26 04:33:12,584 - INFO - Test instance 0.9161, class 0.8842
Test instance 0.9161, class 0.8842
2026-06-26 04:33:12,584 - INFO - Best instance 0.9226, class 0.8885 (epoch 130)
Best instance 0.9226, class 0.8885 (epoch 130)
2026-06-26 04:33:12,603 - INFO - Epoch 146/200:
Epoch 146/200:
2026-06-26 04:35:01,948 - INFO - Train loss: 0.6240 (109.3s)
Train loss: 0.6240 (109.3s)
2026-06-26 04:35:29,066 - INFO - Test instance 0.9157, class 0.8862
Test instance 0.9157, class 0.8862
2026-06-26 04:35:29,067 - INFO - Best instance 0.9226, class 0.8885 (epoch 130)
Best instance 0.9226, class 0.8885 (epoch 130)
2026-06-26 04:35:29,087 - INFO - Epoch 147/200:
Epoch 147/200:
2026-06-26 04:37:17,983 - INFO - Train loss: 0.6244 (108.9s)
Train loss: 0.6244 (108.9s)
2026-06-26 04:37:45,177 - INFO - Test instance 0.9169, class 0.8911
Test instance 0.9169, class 0.8911
2026-06-26 04:37:45,178 - INFO - Best instance 0.9226, class 0.8885 (epoch 130)
Best instance 0.9226, class 0.8885 (epoch 130)
2026-06-26 04:37:45,200 - INFO - Epoch 148/200:
Epoch 148/200:
2026-06-26 04:39:35,450 - INFO - Train loss: 0.6257 (110.3s)
Train loss: 0.6257 (110.3s)
2026-06-26 04:40:02,496 - INFO - Test instance 0.9198, class 0.8839
Test instance 0.9198, class 0.8839
2026-06-26 04:40:02,497 - INFO - Best instance 0.9226, class 0.8885 (epoch 130)
Best instance 0.9226, class 0.8885 (epoch 130)
2026-06-26 04:40:02,516 - INFO - Epoch 149/200:
Epoch 149/200:
2026-06-26 04:41:51,068 - INFO - Train loss: 0.6282 (108.6s)
Train loss: 0.6282 (108.6s)
2026-06-26 04:42:18,156 - INFO - Test instance 0.9177, class 0.8825
Test instance 0.9177, class 0.8825
2026-06-26 04:42:18,156 - INFO - Best instance 0.9226, class 0.8885 (epoch 130)
Best instance 0.9226, class 0.8885 (epoch 130)
2026-06-26 04:42:18,177 - INFO - Epoch 150/200:
Epoch 150/200:
2026-06-26 04:44:07,891 - INFO - Train loss: 0.6243 (109.7s)
Train loss: 0.6243 (109.7s)
2026-06-26 04:44:35,009 - INFO - Test instance 0.9202, class 0.8830
Test instance 0.9202, class 0.8830
2026-06-26 04:44:35,009 - INFO - Best instance 0.9226, class 0.8885 (epoch 130)
Best instance 0.9226, class 0.8885 (epoch 130)
2026-06-26 04:44:35,030 - INFO - Epoch 151/200:
Epoch 151/200:
2026-06-26 04:46:24,083 - INFO - Train loss: 0.6243 (109.1s)
Train loss: 0.6243 (109.1s)
2026-06-26 04:46:51,143 - INFO - Test instance 0.9145, class 0.8764
Test instance 0.9145, class 0.8764
2026-06-26 04:46:51,145 - INFO - Best instance 0.9226, class 0.8885 (epoch 130)
Best instance 0.9226, class 0.8885 (epoch 130)
2026-06-26 04:46:51,175 - INFO - Epoch 152/200:
Epoch 152/200:
2026-06-26 04:48:41,628 - INFO - Train loss: 0.6244 (110.5s)
Train loss: 0.6244 (110.5s)
2026-06-26 04:49:08,813 - INFO - Test instance 0.9198, class 0.8897
Test instance 0.9198, class 0.8897
2026-06-26 04:49:08,813 - INFO - Best instance 0.9226, class 0.8885 (epoch 130)
Best instance 0.9226, class 0.8885 (epoch 130)
2026-06-26 04:49:08,832 - INFO - Epoch 153/200:
Epoch 153/200:
2026-06-26 04:50:57,613 - INFO - Train loss: 0.6263 (108.8s)
Train loss: 0.6263 (108.8s)
2026-06-26 04:51:24,659 - INFO - Test instance 0.9214, class 0.8884
Test instance 0.9214, class 0.8884
2026-06-26 04:51:24,659 - INFO - Best instance 0.9226, class 0.8885 (epoch 130)
Best instance 0.9226, class 0.8885 (epoch 130)
2026-06-26 04:51:24,678 - INFO - Epoch 154/200:
Epoch 154/200:
2026-06-26 04:53:14,193 - INFO - Train loss: 0.6250 (109.5s)
Train loss: 0.6250 (109.5s)
2026-06-26 04:53:41,320 - INFO - Test instance 0.9153, class 0.8827
Test instance 0.9153, class 0.8827
2026-06-26 04:53:41,320 - INFO - Best instance 0.9226, class 0.8885 (epoch 130)
Best instance 0.9226, class 0.8885 (epoch 130)
2026-06-26 04:53:41,340 - INFO - Epoch 155/200:
Epoch 155/200:
2026-06-26 04:55:30,240 - INFO - Train loss: 0.6237 (108.9s)
Train loss: 0.6237 (108.9s)
2026-06-26 04:55:56,943 - INFO - Test instance 0.9198, class 0.8827
Test instance 0.9198, class 0.8827
2026-06-26 04:55:56,943 - INFO - Best instance 0.9226, class 0.8885 (epoch 130)
Best instance 0.9226, class 0.8885 (epoch 130)
2026-06-26 04:55:56,964 - INFO - Epoch 156/200:
Epoch 156/200:
2026-06-26 04:57:46,790 - INFO - Train loss: 0.6230 (109.8s)
Train loss: 0.6230 (109.8s)
2026-06-26 04:58:13,859 - INFO - Test instance 0.9186, class 0.8847
Test instance 0.9186, class 0.8847
2026-06-26 04:58:13,860 - INFO - Best instance 0.9226, class 0.8885 (epoch 130)
Best instance 0.9226, class 0.8885 (epoch 130)
2026-06-26 04:58:13,880 - INFO - Epoch 157/200:
Epoch 157/200:
2026-06-26 05:00:03,356 - INFO - Train loss: 0.6239 (109.5s)
Train loss: 0.6239 (109.5s)
2026-06-26 05:00:30,305 - INFO - Test instance 0.9153, class 0.8820
Test instance 0.9153, class 0.8820
2026-06-26 05:00:30,306 - INFO - Best instance 0.9226, class 0.8885 (epoch 130)
Best instance 0.9226, class 0.8885 (epoch 130)
2026-06-26 05:00:30,336 - INFO - Epoch 158/200:
Epoch 158/200:
2026-06-26 05:02:19,695 - INFO - Train loss: 0.6250 (109.4s)
Train loss: 0.6250 (109.4s)
2026-06-26 05:02:46,603 - INFO - Test instance 0.9161, class 0.8834
Test instance 0.9161, class 0.8834
2026-06-26 05:02:46,603 - INFO - Best instance 0.9226, class 0.8885 (epoch 130)
Best instance 0.9226, class 0.8885 (epoch 130)
2026-06-26 05:02:46,642 - INFO - Epoch 159/200:
Epoch 159/200:
2026-06-26 05:04:35,785 - INFO - Train loss: 0.6224 (109.1s)
Train loss: 0.6224 (109.1s)
2026-06-26 05:05:02,534 - INFO - Test instance 0.9165, class 0.8813
Test instance 0.9165, class 0.8813
2026-06-26 05:05:02,535 - INFO - Best instance 0.9226, class 0.8885 (epoch 130)
Best instance 0.9226, class 0.8885 (epoch 130)
2026-06-26 05:05:02,554 - INFO - Epoch 160/200:
Epoch 160/200:
2026-06-26 05:06:51,179 - INFO - Train loss: 0.6225 (108.6s)
Train loss: 0.6225 (108.6s)
2026-06-26 05:07:18,289 - INFO - Test instance 0.9202, class 0.8870
Test instance 0.9202, class 0.8870
2026-06-26 05:07:18,289 - INFO - Best instance 0.9226, class 0.8885 (epoch 130)
Best instance 0.9226, class 0.8885 (epoch 130)
2026-06-26 05:07:18,309 - INFO - Epoch 161/200:
Epoch 161/200:
2026-06-26 05:09:07,620 - INFO - Train loss: 0.6192 (109.3s)
Train loss: 0.6192 (109.3s)
2026-06-26 05:09:34,270 - INFO - Test instance 0.9161, class 0.8839
Test instance 0.9161, class 0.8839
2026-06-26 05:09:34,270 - INFO - Best instance 0.9226, class 0.8885 (epoch 130)
Best instance 0.9226, class 0.8885 (epoch 130)
2026-06-26 05:09:34,291 - INFO - Epoch 162/200:
Epoch 162/200:
2026-06-26 05:11:23,334 - INFO - Train loss: 0.6209 (109.0s)
Train loss: 0.6209 (109.0s)
2026-06-26 05:11:50,345 - INFO - Test instance 0.9246, class 0.8928
Test instance 0.9246, class 0.8928
2026-06-26 05:11:50,365 - INFO - Best instance 0.9246, class 0.8928 (epoch 162)
Best instance 0.9246, class 0.8928 (epoch 162)
2026-06-26 05:11:50,383 - INFO - Epoch 163/200:
Epoch 163/200:
2026-06-26 05:13:40,058 - INFO - Train loss: 0.6222 (109.7s)
Train loss: 0.6222 (109.7s)
2026-06-26 05:14:07,129 - INFO - Test instance 0.9202, class 0.8870
Test instance 0.9202, class 0.8870
2026-06-26 05:14:07,130 - INFO - Best instance 0.9246, class 0.8928 (epoch 162)
Best instance 0.9246, class 0.8928 (epoch 162)
2026-06-26 05:14:07,149 - INFO - Epoch 164/200:
Epoch 164/200:
2026-06-26 05:15:56,107 - INFO - Train loss: 0.6183 (109.0s)
Train loss: 0.6183 (109.0s)
2026-06-26 05:16:22,890 - INFO - Test instance 0.9173, class 0.8792
Test instance 0.9173, class 0.8792
2026-06-26 05:16:22,891 - INFO - Best instance 0.9246, class 0.8928 (epoch 162)
Best instance 0.9246, class 0.8928 (epoch 162)
2026-06-26 05:16:22,911 - INFO - Epoch 165/200:
Epoch 165/200:
2026-06-26 05:18:13,308 - INFO - Train loss: 0.6196 (110.4s)
Train loss: 0.6196 (110.4s)
2026-06-26 05:18:40,188 - INFO - Test instance 0.9165, class 0.8746
Test instance 0.9165, class 0.8746
2026-06-26 05:18:40,188 - INFO - Best instance 0.9246, class 0.8928 (epoch 162)
Best instance 0.9246, class 0.8928 (epoch 162)
2026-06-26 05:18:40,208 - INFO - Epoch 166/200:
Epoch 166/200:
2026-06-26 05:20:29,534 - INFO - Train loss: 0.6230 (109.3s)
Train loss: 0.6230 (109.3s)
2026-06-26 05:20:56,331 - INFO - Test instance 0.9182, class 0.8828
Test instance 0.9182, class 0.8828
2026-06-26 05:20:56,332 - INFO - Best instance 0.9246, class 0.8928 (epoch 162)
Best instance 0.9246, class 0.8928 (epoch 162)
2026-06-26 05:20:56,352 - INFO - Epoch 167/200:
Epoch 167/200:
2026-06-26 05:22:45,872 - INFO - Train loss: 0.6211 (109.5s)
Train loss: 0.6211 (109.5s)
2026-06-26 05:23:12,786 - INFO - Test instance 0.9214, class 0.8894
Test instance 0.9214, class 0.8894
2026-06-26 05:23:12,787 - INFO - Best instance 0.9246, class 0.8928 (epoch 162)
Best instance 0.9246, class 0.8928 (epoch 162)
2026-06-26 05:23:12,807 - INFO - Epoch 168/200:
Epoch 168/200:
2026-06-26 05:25:02,260 - INFO - Train loss: 0.6222 (109.5s)
Train loss: 0.6222 (109.5s)
2026-06-26 05:25:29,165 - INFO - Test instance 0.9173, class 0.8888
Test instance 0.9173, class 0.8888
2026-06-26 05:25:29,165 - INFO - Best instance 0.9246, class 0.8928 (epoch 162)
Best instance 0.9246, class 0.8928 (epoch 162)
2026-06-26 05:25:29,185 - INFO - Epoch 169/200:
Epoch 169/200:
2026-06-26 05:27:19,866 - INFO - Train loss: 0.6204 (110.7s)
Train loss: 0.6204 (110.7s)
2026-06-26 05:27:46,509 - INFO - Test instance 0.9165, class 0.8806
Test instance 0.9165, class 0.8806
2026-06-26 05:27:46,509 - INFO - Best instance 0.9246, class 0.8928 (epoch 162)
Best instance 0.9246, class 0.8928 (epoch 162)
2026-06-26 05:27:46,529 - INFO - Epoch 170/200:
Epoch 170/200:
2026-06-26 05:29:35,624 - INFO - Train loss: 0.6219 (109.1s)
Train loss: 0.6219 (109.1s)
2026-06-26 05:30:02,263 - INFO - Test instance 0.9145, class 0.8806
Test instance 0.9145, class 0.8806
2026-06-26 05:30:02,265 - INFO - Best instance 0.9246, class 0.8928 (epoch 162)
Best instance 0.9246, class 0.8928 (epoch 162)
2026-06-26 05:30:02,286 - INFO - Epoch 171/200:
Epoch 171/200:
2026-06-26 05:31:52,015 - INFO - Train loss: 0.6200 (109.7s)
Train loss: 0.6200 (109.7s)
2026-06-26 05:32:18,793 - INFO - Test instance 0.9202, class 0.8857
Test instance 0.9202, class 0.8857
2026-06-26 05:32:18,794 - INFO - Best instance 0.9246, class 0.8928 (epoch 162)
Best instance 0.9246, class 0.8928 (epoch 162)
2026-06-26 05:32:18,814 - INFO - Epoch 172/200:
Epoch 172/200:
2026-06-26 05:34:08,293 - INFO - Train loss: 0.6203 (109.5s)
Train loss: 0.6203 (109.5s)
2026-06-26 05:34:34,797 - INFO - Test instance 0.9186, class 0.8838
Test instance 0.9186, class 0.8838
2026-06-26 05:34:34,798 - INFO - Best instance 0.9246, class 0.8928 (epoch 162)
Best instance 0.9246, class 0.8928 (epoch 162)
2026-06-26 05:34:34,817 - INFO - Epoch 173/200:
Epoch 173/200:
2026-06-26 05:36:24,111 - INFO - Train loss: 0.6202 (109.3s)
Train loss: 0.6202 (109.3s)
2026-06-26 05:36:50,964 - INFO - Test instance 0.9206, class 0.8864
Test instance 0.9206, class 0.8864
2026-06-26 05:36:50,965 - INFO - Best instance 0.9246, class 0.8928 (epoch 162)
Best instance 0.9246, class 0.8928 (epoch 162)
2026-06-26 05:36:50,985 - INFO - Epoch 174/200:
Epoch 174/200:
2026-06-26 05:38:40,698 - INFO - Train loss: 0.6193 (109.7s)
Train loss: 0.6193 (109.7s)
2026-06-26 05:39:07,585 - INFO - Test instance 0.9222, class 0.8886
Test instance 0.9222, class 0.8886
2026-06-26 05:39:07,586 - INFO - Best instance 0.9246, class 0.8928 (epoch 162)
Best instance 0.9246, class 0.8928 (epoch 162)
2026-06-26 05:39:07,605 - INFO - Epoch 175/200:
Epoch 175/200:
2026-06-26 05:40:56,867 - INFO - Train loss: 0.6185 (109.3s)
Train loss: 0.6185 (109.3s)
2026-06-26 05:41:24,570 - INFO - Test instance 0.9194, class 0.8822
Test instance 0.9194, class 0.8822
2026-06-26 05:41:24,571 - INFO - Best instance 0.9246, class 0.8928 (epoch 162)
Best instance 0.9246, class 0.8928 (epoch 162)
2026-06-26 05:41:24,590 - INFO - Epoch 176/200:
Epoch 176/200:
2026-06-26 05:43:14,207 - INFO - Train loss: 0.6203 (109.6s)
Train loss: 0.6203 (109.6s)
2026-06-26 05:43:41,475 - INFO - Test instance 0.9169, class 0.8827
Test instance 0.9169, class 0.8827
2026-06-26 05:43:41,476 - INFO - Best instance 0.9246, class 0.8928 (epoch 162)
Best instance 0.9246, class 0.8928 (epoch 162)
2026-06-26 05:43:41,495 - INFO - Epoch 177/200:
Epoch 177/200:
2026-06-26 05:45:30,090 - INFO - Train loss: 0.6206 (108.6s)
Train loss: 0.6206 (108.6s)
2026-06-26 05:45:57,086 - INFO - Test instance 0.9198, class 0.8875
Test instance 0.9198, class 0.8875
2026-06-26 05:45:57,086 - INFO - Best instance 0.9246, class 0.8928 (epoch 162)
Best instance 0.9246, class 0.8928 (epoch 162)
2026-06-26 05:45:57,106 - INFO - Epoch 178/200:
Epoch 178/200:
2026-06-26 05:47:46,086 - INFO - Train loss: 0.6192 (109.0s)
Train loss: 0.6192 (109.0s)
2026-06-26 05:48:12,809 - INFO - Test instance 0.9161, class 0.8845
Test instance 0.9161, class 0.8845
2026-06-26 05:48:12,809 - INFO - Best instance 0.9246, class 0.8928 (epoch 162)
Best instance 0.9246, class 0.8928 (epoch 162)
2026-06-26 05:48:12,828 - INFO - Epoch 179/200:
Epoch 179/200:
2026-06-26 05:50:01,673 - INFO - Train loss: 0.6189 (108.8s)
Train loss: 0.6189 (108.8s)
2026-06-26 05:50:28,269 - INFO - Test instance 0.9153, class 0.8813
Test instance 0.9153, class 0.8813
2026-06-26 05:50:28,270 - INFO - Best instance 0.9246, class 0.8928 (epoch 162)
Best instance 0.9246, class 0.8928 (epoch 162)
2026-06-26 05:50:28,291 - INFO - Epoch 180/200:
Epoch 180/200:
2026-06-26 05:52:18,779 - INFO - Train loss: 0.6190 (110.5s)
Train loss: 0.6190 (110.5s)
2026-06-26 05:52:45,465 - INFO - Test instance 0.9202, class 0.8870
Test instance 0.9202, class 0.8870
2026-06-26 05:52:45,466 - INFO - Best instance 0.9246, class 0.8928 (epoch 162)
Best instance 0.9246, class 0.8928 (epoch 162)
2026-06-26 05:52:45,485 - INFO - Epoch 181/200:
Epoch 181/200:
2026-06-26 05:54:34,471 - INFO - Train loss: 0.6204 (109.0s)
Train loss: 0.6204 (109.0s)
2026-06-26 05:55:01,257 - INFO - Test instance 0.9218, class 0.8881
Test instance 0.9218, class 0.8881
2026-06-26 05:55:01,257 - INFO - Best instance 0.9246, class 0.8928 (epoch 162)
Best instance 0.9246, class 0.8928 (epoch 162)
2026-06-26 05:55:01,278 - INFO - Epoch 182/200:
Epoch 182/200:
2026-06-26 05:56:51,816 - INFO - Train loss: 0.6169 (110.5s)
Train loss: 0.6169 (110.5s)
2026-06-26 05:57:18,897 - INFO - Test instance 0.9161, class 0.8824
Test instance 0.9161, class 0.8824
2026-06-26 05:57:18,897 - INFO - Best instance 0.9246, class 0.8928 (epoch 162)
Best instance 0.9246, class 0.8928 (epoch 162)
2026-06-26 05:57:18,917 - INFO - Epoch 183/200:
Epoch 183/200:
2026-06-26 05:59:08,338 - INFO - Train loss: 0.6168 (109.4s)
Train loss: 0.6168 (109.4s)
2026-06-26 05:59:34,990 - INFO - Test instance 0.9157, class 0.8791
Test instance 0.9157, class 0.8791
2026-06-26 05:59:34,991 - INFO - Best instance 0.9246, class 0.8928 (epoch 162)
Best instance 0.9246, class 0.8928 (epoch 162)
2026-06-26 05:59:35,012 - INFO - Epoch 184/200:
Epoch 184/200:
2026-06-26 06:01:24,220 - INFO - Train loss: 0.6172 (109.2s)
Train loss: 0.6172 (109.2s)
2026-06-26 06:01:50,805 - INFO - Test instance 0.9198, class 0.8835
Test instance 0.9198, class 0.8835
2026-06-26 06:01:50,806 - INFO - Best instance 0.9246, class 0.8928 (epoch 162)
Best instance 0.9246, class 0.8928 (epoch 162)
2026-06-26 06:01:50,826 - INFO - Epoch 185/200:
Epoch 185/200:
2026-06-26 06:03:40,000 - INFO - Train loss: 0.6176 (109.2s)
Train loss: 0.6176 (109.2s)
2026-06-26 06:04:06,573 - INFO - Test instance 0.9157, class 0.8811
Test instance 0.9157, class 0.8811
2026-06-26 06:04:06,575 - INFO - Best instance 0.9246, class 0.8928 (epoch 162)
Best instance 0.9246, class 0.8928 (epoch 162)
2026-06-26 06:04:06,595 - INFO - Epoch 186/200:
Epoch 186/200:
2026-06-26 06:05:56,309 - INFO - Train loss: 0.6141 (109.7s)
Train loss: 0.6141 (109.7s)
2026-06-26 06:06:23,033 - INFO - Test instance 0.9153, class 0.8837
Test instance 0.9153, class 0.8837
2026-06-26 06:06:23,034 - INFO - Best instance 0.9246, class 0.8928 (epoch 162)
Best instance 0.9246, class 0.8928 (epoch 162)
2026-06-26 06:06:23,053 - INFO - Epoch 187/200:
Epoch 187/200:
2026-06-26 06:08:12,526 - INFO - Train loss: 0.6171 (109.5s)
Train loss: 0.6171 (109.5s)
2026-06-26 06:08:38,957 - INFO - Test instance 0.9157, class 0.8830
Test instance 0.9157, class 0.8830
2026-06-26 06:08:38,957 - INFO - Best instance 0.9246, class 0.8928 (epoch 162)
Best instance 0.9246, class 0.8928 (epoch 162)
2026-06-26 06:08:38,978 - INFO - Epoch 188/200:
Epoch 188/200:
2026-06-26 06:10:28,130 - INFO - Train loss: 0.6183 (109.2s)
Train loss: 0.6183 (109.2s)
2026-06-26 06:10:54,926 - INFO - Test instance 0.9202, class 0.8921
Test instance 0.9202, class 0.8921
2026-06-26 06:10:54,927 - INFO - Best instance 0.9246, class 0.8928 (epoch 162)
Best instance 0.9246, class 0.8928 (epoch 162)
2026-06-26 06:10:54,948 - INFO - Epoch 189/200:
Epoch 189/200:
2026-06-26 06:12:44,614 - INFO - Train loss: 0.6186 (109.7s)
Train loss: 0.6186 (109.7s)
2026-06-26 06:13:10,899 - INFO - Test instance 0.9182, class 0.8867
Test instance 0.9182, class 0.8867
2026-06-26 06:13:10,899 - INFO - Best instance 0.9246, class 0.8928 (epoch 162)
Best instance 0.9246, class 0.8928 (epoch 162)
2026-06-26 06:13:10,919 - INFO - Epoch 190/200:
Epoch 190/200:
2026-06-26 06:15:00,627 - INFO - Train loss: 0.6127 (109.7s)
Train loss: 0.6127 (109.7s)
2026-06-26 06:15:27,499 - INFO - Test instance 0.9202, class 0.8849
Test instance 0.9202, class 0.8849
2026-06-26 06:15:27,499 - INFO - Best instance 0.9246, class 0.8928 (epoch 162)
Best instance 0.9246, class 0.8928 (epoch 162)
2026-06-26 06:15:27,518 - INFO - Epoch 191/200:
Epoch 191/200:
2026-06-26 06:17:16,961 - INFO - Train loss: 0.6163 (109.4s)
Train loss: 0.6163 (109.4s)
2026-06-26 06:17:44,062 - INFO - Test instance 0.9182, class 0.8854
Test instance 0.9182, class 0.8854
2026-06-26 06:17:44,062 - INFO - Best instance 0.9246, class 0.8928 (epoch 162)
Best instance 0.9246, class 0.8928 (epoch 162)
2026-06-26 06:17:44,081 - INFO - Epoch 192/200:
Epoch 192/200:
2026-06-26 06:19:33,077 - INFO - Train loss: 0.6161 (109.0s)
Train loss: 0.6161 (109.0s)
2026-06-26 06:20:00,136 - INFO - Test instance 0.9165, class 0.8826
Test instance 0.9165, class 0.8826
2026-06-26 06:20:00,136 - INFO - Best instance 0.9246, class 0.8928 (epoch 162)
Best instance 0.9246, class 0.8928 (epoch 162)
2026-06-26 06:20:00,156 - INFO - Epoch 193/200:
Epoch 193/200:
2026-06-26 06:21:49,424 - INFO - Train loss: 0.6158 (109.3s)
Train loss: 0.6158 (109.3s)
2026-06-26 06:22:16,616 - INFO - Test instance 0.9157, class 0.8818
Test instance 0.9157, class 0.8818
2026-06-26 06:22:16,617 - INFO - Best instance 0.9246, class 0.8928 (epoch 162)
Best instance 0.9246, class 0.8928 (epoch 162)
2026-06-26 06:22:16,637 - INFO - Epoch 194/200:
Epoch 194/200:
2026-06-26 06:24:05,103 - INFO - Train loss: 0.6170 (108.5s)
Train loss: 0.6170 (108.5s)
2026-06-26 06:24:32,327 - INFO - Test instance 0.9169, class 0.8799
Test instance 0.9169, class 0.8799
2026-06-26 06:24:32,328 - INFO - Best instance 0.9246, class 0.8928 (epoch 162)
Best instance 0.9246, class 0.8928 (epoch 162)
2026-06-26 06:24:32,348 - INFO - Epoch 195/200:
Epoch 195/200:
2026-06-26 06:26:22,360 - INFO - Train loss: 0.6150 (110.0s)
Train loss: 0.6150 (110.0s)
2026-06-26 06:26:49,300 - INFO - Test instance 0.9169, class 0.8810
Test instance 0.9169, class 0.8810
2026-06-26 06:26:49,300 - INFO - Best instance 0.9246, class 0.8928 (epoch 162)
Best instance 0.9246, class 0.8928 (epoch 162)
2026-06-26 06:26:49,322 - INFO - Epoch 196/200:
Epoch 196/200:
2026-06-26 06:28:38,145 - INFO - Train loss: 0.6149 (108.8s)
Train loss: 0.6149 (108.8s)
2026-06-26 06:29:05,179 - INFO - Test instance 0.9169, class 0.8817
Test instance 0.9169, class 0.8817
2026-06-26 06:29:05,179 - INFO - Best instance 0.9246, class 0.8928 (epoch 162)
Best instance 0.9246, class 0.8928 (epoch 162)
2026-06-26 06:29:05,199 - INFO - Epoch 197/200:
Epoch 197/200:
2026-06-26 06:30:54,625 - INFO - Train loss: 0.6167 (109.4s)
Train loss: 0.6167 (109.4s)
2026-06-26 06:31:21,678 - INFO - Test instance 0.9182, class 0.8802
Test instance 0.9182, class 0.8802
2026-06-26 06:31:21,678 - INFO - Best instance 0.9246, class 0.8928 (epoch 162)
Best instance 0.9246, class 0.8928 (epoch 162)
2026-06-26 06:31:21,698 - INFO - Epoch 198/200:
Epoch 198/200:
2026-06-26 06:33:10,618 - INFO - Train loss: 0.6133 (108.9s)
Train loss: 0.6133 (108.9s)
2026-06-26 06:33:37,430 - INFO - Test instance 0.9121, class 0.8776
Test instance 0.9121, class 0.8776
2026-06-26 06:33:37,430 - INFO - Best instance 0.9246, class 0.8928 (epoch 162)
Best instance 0.9246, class 0.8928 (epoch 162)
2026-06-26 06:33:37,451 - INFO - Epoch 199/200:
Epoch 199/200:
2026-06-26 06:35:26,332 - INFO - Train loss: 0.6142 (108.9s)
Train loss: 0.6142 (108.9s)
2026-06-26 06:35:53,311 - INFO - Test instance 0.9194, class 0.8832
Test instance 0.9194, class 0.8832
2026-06-26 06:35:53,312 - INFO - Best instance 0.9246, class 0.8928 (epoch 162)
Best instance 0.9246, class 0.8928 (epoch 162)
2026-06-26 06:35:53,333 - INFO - Epoch 200/200:
Epoch 200/200:
2026-06-26 06:37:42,881 - INFO - Train loss: 0.6170 (109.5s)
Train loss: 0.6170 (109.5s)
2026-06-26 06:38:10,011 - INFO - Test instance 0.9161, class 0.8802
Test instance 0.9161, class 0.8802
2026-06-26 06:38:10,012 - INFO - Best instance 0.9246, class 0.8928 (epoch 162)
Best instance 0.9246, class 0.8928 (epoch 162)
2026-06-26 06:38:55,656 - INFO - Student 1.44 MB, 117.75 ms
Student 1.44 MB, 117.75 ms
