[Wed Jun 24 17:50:19 EDT 2026] task 134 on GPU 0: python flkd/advanced_kd_train_classification.py --teacher_model pointnet2_cls_ssg --student_model small_pointnet2 --kd_strategy logit_mse --dataset craniosynostosis --seed 7 --batch_size 24 --epoch 200 --num_point 1024 --teacher_path "outputs/craniosynostosis/flkd/federated/classification/fl_pointnet2_cls_ssg_fedavgm_s7/checkpoints/best_model.pth" --log_dir kd_pointnet2_cls_ssg_fedavgm+logit_mse_small_pointnet2_s7  --data_root data --output_root outputs --num_workers -1 --max_runtime_hours 166.0
Loaded teacher from outputs/craniosynostosis/flkd/federated/classification/fl_pointnet2_cls_ssg_fedavgm_s7/checkpoints/best_model.pth
2026-06-24 17:54:11,792 - INFO - PARAMETER ...
2026-06-24 17:54:11,792 - INFO - {'use_cpu': False, 'no_amp': False, 'gpu': '0', 'num_workers': -1, 'batch_size': 24, 'teacher_model': 'pointnet2_cls_ssg', 'student_model': 'small_pointnet2', 'num_category': 4, 'dataset': 'craniosynostosis', 'data_root': 'data', 'output_root': 'outputs', 'train_split': 0.8, 'dataset_seed': 0, 'cache_dataset': True, 'min_class_samples': 1, 'epoch': 200, 'learning_rate': 0.001, 'num_point': 1024, 'optimizer': 'Adam', 'log_dir': 'kd_pointnet2_cls_ssg_fedavgm+logit_mse_small_pointnet2_s7', 'decay_rate': 0.0001, 'use_normals': False, 'process_data': False, 'use_uniform_sample': False, 'resume': True, 'kd_strategy': 'logit_mse', 'alpha': 0.5, 'temperature': 2.0, 'beta': 0.5, 'dkd_alpha': 1.0, 'dkd_beta': 8.0, 'crd_temperature': 0.07, 'teacher_path': 'outputs/craniosynostosis/flkd/federated/classification/fl_pointnet2_cls_ssg_fedavgm_s7/checkpoints/best_model.pth', 'teacher_paths': None, 'teacher_weights': None, 'use_hard_labels': 'on', 'unlabeled': False, 'temperature_sweep': None, 'seed': 7, 'max_runtime_hours': 166.0}
2026-06-24 17:54:11,794 - INFO - KD=logit_mse student=small_pointnet2 AMP=False use_hard=True unlabeled=False T=2.0
KD=logit_mse student=small_pointnet2 AMP=False use_hard=True unlabeled=False T=2.0
2026-06-24 17:54:11,801 - INFO - Epoch 1/200:
Epoch 1/200:
2026-06-24 17:54:17,089 - INFO - Train loss: 0.8473 (5.3s)
Train loss: 0.8473 (5.3s)
2026-06-24 17:54:17,747 - INFO - Test instance 0.2500, class 0.2500
Test instance 0.2500, class 0.2500
2026-06-24 17:54:17,769 - INFO - Best instance 0.2500, class 0.2500 (epoch 1)
Best instance 0.2500, class 0.2500 (epoch 1)
2026-06-24 17:54:17,788 - INFO - Epoch 2/200:
Epoch 2/200:
2026-06-24 17:54:20,541 - INFO - Train loss: 0.7993 (2.8s)
Train loss: 0.7993 (2.8s)
2026-06-24 17:54:20,820 - INFO - Test instance 0.2500, class 0.2500
Test instance 0.2500, class 0.2500
2026-06-24 17:54:20,820 - INFO - Best instance 0.2500, class 0.2500 (epoch 1)
Best instance 0.2500, class 0.2500 (epoch 1)
2026-06-24 17:54:20,838 - INFO - Epoch 3/200:
Epoch 3/200:
2026-06-24 17:54:23,593 - INFO - Train loss: 0.8028 (2.8s)
Train loss: 0.8028 (2.8s)
2026-06-24 17:54:23,857 - INFO - Test instance 0.2500, class 0.2500
Test instance 0.2500, class 0.2500
2026-06-24 17:54:23,857 - INFO - Best instance 0.2500, class 0.2500 (epoch 1)
Best instance 0.2500, class 0.2500 (epoch 1)
2026-06-24 17:54:23,876 - INFO - Epoch 4/200:
Epoch 4/200:
2026-06-24 17:54:26,629 - INFO - Train loss: 0.7541 (2.8s)
Train loss: 0.7541 (2.8s)
2026-06-24 17:54:26,895 - INFO - Test instance 0.2500, class 0.2500
Test instance 0.2500, class 0.2500
2026-06-24 17:54:26,895 - INFO - Best instance 0.2500, class 0.2500 (epoch 1)
Best instance 0.2500, class 0.2500 (epoch 1)
2026-06-24 17:54:26,923 - INFO - Epoch 5/200:
Epoch 5/200:
2026-06-24 17:54:29,688 - INFO - Train loss: 0.7485 (2.8s)
Train loss: 0.7485 (2.8s)
2026-06-24 17:54:29,956 - INFO - Test instance 0.2875, class 0.2875
Test instance 0.2875, class 0.2875
2026-06-24 17:54:29,974 - INFO - Best instance 0.2875, class 0.2875 (epoch 5)
Best instance 0.2875, class 0.2875 (epoch 5)
2026-06-24 17:54:29,993 - INFO - Epoch 6/200:
Epoch 6/200:
2026-06-24 17:54:32,757 - INFO - Train loss: 0.7354 (2.8s)
Train loss: 0.7354 (2.8s)
2026-06-24 17:54:33,030 - INFO - Test instance 0.2625, class 0.2625
Test instance 0.2625, class 0.2625
2026-06-24 17:54:33,031 - INFO - Best instance 0.2875, class 0.2875 (epoch 5)
Best instance 0.2875, class 0.2875 (epoch 5)
2026-06-24 17:54:33,050 - INFO - Epoch 7/200:
Epoch 7/200:
2026-06-24 17:54:35,810 - INFO - Train loss: 0.7267 (2.8s)
Train loss: 0.7267 (2.8s)
2026-06-24 17:54:36,077 - INFO - Test instance 0.2500, class 0.2500
Test instance 0.2500, class 0.2500
2026-06-24 17:54:36,078 - INFO - Best instance 0.2875, class 0.2875 (epoch 5)
Best instance 0.2875, class 0.2875 (epoch 5)
2026-06-24 17:54:36,096 - INFO - Epoch 8/200:
Epoch 8/200:
2026-06-24 17:54:38,831 - INFO - Train loss: 0.7152 (2.7s)
Train loss: 0.7152 (2.7s)
2026-06-24 17:54:39,106 - INFO - Test instance 0.3375, class 0.3375
Test instance 0.3375, class 0.3375
2026-06-24 17:54:39,126 - INFO - Best instance 0.3375, class 0.3375 (epoch 8)
Best instance 0.3375, class 0.3375 (epoch 8)
2026-06-24 17:54:39,152 - INFO - Epoch 9/200:
Epoch 9/200:
2026-06-24 17:54:41,900 - INFO - Train loss: 0.7052 (2.7s)
Train loss: 0.7052 (2.7s)
2026-06-24 17:54:42,183 - INFO - Test instance 0.4000, class 0.4000
Test instance 0.4000, class 0.4000
2026-06-24 17:54:42,202 - INFO - Best instance 0.4000, class 0.4000 (epoch 9)
Best instance 0.4000, class 0.4000 (epoch 9)
2026-06-24 17:54:42,220 - INFO - Epoch 10/200:
Epoch 10/200:
2026-06-24 17:54:44,967 - INFO - Train loss: 0.6920 (2.7s)
Train loss: 0.6920 (2.7s)
2026-06-24 17:54:45,233 - INFO - Test instance 0.4750, class 0.4750
Test instance 0.4750, class 0.4750
2026-06-24 17:54:45,251 - INFO - Best instance 0.4750, class 0.4750 (epoch 10)
Best instance 0.4750, class 0.4750 (epoch 10)
2026-06-24 17:54:45,268 - INFO - Epoch 11/200:
Epoch 11/200:
2026-06-24 17:54:48,012 - INFO - Train loss: 0.7047 (2.7s)
Train loss: 0.7047 (2.7s)
2026-06-24 17:54:48,276 - INFO - Test instance 0.4875, class 0.4875
Test instance 0.4875, class 0.4875
2026-06-24 17:54:48,294 - INFO - Best instance 0.4875, class 0.4875 (epoch 11)
Best instance 0.4875, class 0.4875 (epoch 11)
2026-06-24 17:54:48,310 - INFO - Epoch 12/200:
Epoch 12/200:
2026-06-24 17:54:51,049 - INFO - Train loss: 0.6985 (2.7s)
Train loss: 0.6985 (2.7s)
2026-06-24 17:54:51,319 - INFO - Test instance 0.4375, class 0.4375
Test instance 0.4375, class 0.4375
2026-06-24 17:54:51,319 - INFO - Best instance 0.4875, class 0.4875 (epoch 11)
Best instance 0.4875, class 0.4875 (epoch 11)
2026-06-24 17:54:51,336 - INFO - Epoch 13/200:
Epoch 13/200:
2026-06-24 17:54:54,087 - INFO - Train loss: 0.6941 (2.8s)
Train loss: 0.6941 (2.8s)
2026-06-24 17:54:54,359 - INFO - Test instance 0.3875, class 0.3875
Test instance 0.3875, class 0.3875
2026-06-24 17:54:54,360 - INFO - Best instance 0.4875, class 0.4875 (epoch 11)
Best instance 0.4875, class 0.4875 (epoch 11)
2026-06-24 17:54:54,378 - INFO - Epoch 14/200:
Epoch 14/200:
2026-06-24 17:54:57,107 - INFO - Train loss: 0.6858 (2.7s)
Train loss: 0.6858 (2.7s)
2026-06-24 17:54:57,374 - INFO - Test instance 0.5875, class 0.5875
Test instance 0.5875, class 0.5875
2026-06-24 17:54:57,393 - INFO - Best instance 0.5875, class 0.5875 (epoch 14)
Best instance 0.5875, class 0.5875 (epoch 14)
2026-06-24 17:54:57,411 - INFO - Epoch 15/200:
Epoch 15/200:
2026-06-24 17:55:00,142 - INFO - Train loss: 0.6779 (2.7s)
Train loss: 0.6779 (2.7s)
2026-06-24 17:55:00,409 - INFO - Test instance 0.5875, class 0.5875
Test instance 0.5875, class 0.5875
2026-06-24 17:55:00,409 - INFO - Best instance 0.5875, class 0.5875 (epoch 14)
Best instance 0.5875, class 0.5875 (epoch 14)
2026-06-24 17:55:00,427 - INFO - Epoch 16/200:
Epoch 16/200:
2026-06-24 17:55:03,210 - INFO - Train loss: 0.6609 (2.8s)
Train loss: 0.6609 (2.8s)
2026-06-24 17:55:03,477 - INFO - Test instance 0.5000, class 0.5000
Test instance 0.5000, class 0.5000
2026-06-24 17:55:03,478 - INFO - Best instance 0.5875, class 0.5875 (epoch 14)
Best instance 0.5875, class 0.5875 (epoch 14)
2026-06-24 17:55:03,497 - INFO - Epoch 17/200:
Epoch 17/200:
2026-06-24 17:55:06,253 - INFO - Train loss: 0.6656 (2.8s)
Train loss: 0.6656 (2.8s)
2026-06-24 17:55:06,510 - INFO - Test instance 0.5250, class 0.5250
Test instance 0.5250, class 0.5250
2026-06-24 17:55:06,511 - INFO - Best instance 0.5875, class 0.5875 (epoch 14)
Best instance 0.5875, class 0.5875 (epoch 14)
2026-06-24 17:55:06,529 - INFO - Epoch 18/200:
Epoch 18/200:
2026-06-24 17:55:09,268 - INFO - Train loss: 0.6661 (2.7s)
Train loss: 0.6661 (2.7s)
2026-06-24 17:55:09,534 - INFO - Test instance 0.5125, class 0.5125
Test instance 0.5125, class 0.5125
2026-06-24 17:55:09,534 - INFO - Best instance 0.5875, class 0.5875 (epoch 14)
Best instance 0.5875, class 0.5875 (epoch 14)
2026-06-24 17:55:09,553 - INFO - Epoch 19/200:
Epoch 19/200:
2026-06-24 17:55:12,329 - INFO - Train loss: 0.6555 (2.8s)
Train loss: 0.6555 (2.8s)
2026-06-24 17:55:12,604 - INFO - Test instance 0.5625, class 0.5625
Test instance 0.5625, class 0.5625
2026-06-24 17:55:12,605 - INFO - Best instance 0.5875, class 0.5875 (epoch 14)
Best instance 0.5875, class 0.5875 (epoch 14)
2026-06-24 17:55:12,623 - INFO - Epoch 20/200:
Epoch 20/200:
2026-06-24 17:55:15,382 - INFO - Train loss: 0.6517 (2.8s)
Train loss: 0.6517 (2.8s)
2026-06-24 17:55:15,644 - INFO - Test instance 0.6000, class 0.6000
Test instance 0.6000, class 0.6000
2026-06-24 17:55:15,661 - INFO - Best instance 0.6000, class 0.6000 (epoch 20)
Best instance 0.6000, class 0.6000 (epoch 20)
2026-06-24 17:55:15,689 - INFO - Epoch 21/200:
Epoch 21/200:
2026-06-24 17:55:18,449 - INFO - Train loss: 0.6413 (2.8s)
Train loss: 0.6413 (2.8s)
2026-06-24 17:55:18,724 - INFO - Test instance 0.6375, class 0.6375
Test instance 0.6375, class 0.6375
2026-06-24 17:55:18,744 - INFO - Best instance 0.6375, class 0.6375 (epoch 21)
Best instance 0.6375, class 0.6375 (epoch 21)
2026-06-24 17:55:18,762 - INFO - Epoch 22/200:
Epoch 22/200:
2026-06-24 17:55:21,483 - INFO - Train loss: 0.6419 (2.7s)
Train loss: 0.6419 (2.7s)
2026-06-24 17:55:21,740 - INFO - Test instance 0.6625, class 0.6625
Test instance 0.6625, class 0.6625
2026-06-24 17:55:21,757 - INFO - Best instance 0.6625, class 0.6625 (epoch 22)
Best instance 0.6625, class 0.6625 (epoch 22)
2026-06-24 17:55:21,775 - INFO - Epoch 23/200:
Epoch 23/200:
2026-06-24 17:55:24,497 - INFO - Train loss: 0.6339 (2.7s)
Train loss: 0.6339 (2.7s)
2026-06-24 17:55:24,762 - INFO - Test instance 0.6250, class 0.6250
Test instance 0.6250, class 0.6250
2026-06-24 17:55:24,762 - INFO - Best instance 0.6625, class 0.6625 (epoch 22)
Best instance 0.6625, class 0.6625 (epoch 22)
2026-06-24 17:55:24,781 - INFO - Epoch 24/200:
Epoch 24/200:
2026-06-24 17:55:27,509 - INFO - Train loss: 0.6418 (2.7s)
Train loss: 0.6418 (2.7s)
2026-06-24 17:55:27,780 - INFO - Test instance 0.7500, class 0.7500
Test instance 0.7500, class 0.7500
2026-06-24 17:55:27,798 - INFO - Best instance 0.7500, class 0.7500 (epoch 24)
Best instance 0.7500, class 0.7500 (epoch 24)
2026-06-24 17:55:27,816 - INFO - Epoch 25/200:
Epoch 25/200:
2026-06-24 17:55:30,562 - INFO - Train loss: 0.6334 (2.7s)
Train loss: 0.6334 (2.7s)
2026-06-24 17:55:30,823 - INFO - Test instance 0.6125, class 0.6125
Test instance 0.6125, class 0.6125
2026-06-24 17:55:30,824 - INFO - Best instance 0.7500, class 0.7500 (epoch 24)
Best instance 0.7500, class 0.7500 (epoch 24)
2026-06-24 17:55:30,842 - INFO - Epoch 26/200:
Epoch 26/200:
2026-06-24 17:55:33,591 - INFO - Train loss: 0.6304 (2.7s)
Train loss: 0.6304 (2.7s)
2026-06-24 17:55:33,861 - INFO - Test instance 0.7750, class 0.7750
Test instance 0.7750, class 0.7750
2026-06-24 17:55:33,880 - INFO - Best instance 0.7750, class 0.7750 (epoch 26)
Best instance 0.7750, class 0.7750 (epoch 26)
2026-06-24 17:55:33,898 - INFO - Epoch 27/200:
Epoch 27/200:
2026-06-24 17:55:36,619 - INFO - Train loss: 0.6212 (2.7s)
Train loss: 0.6212 (2.7s)
2026-06-24 17:55:36,886 - INFO - Test instance 0.5750, class 0.5750
Test instance 0.5750, class 0.5750
2026-06-24 17:55:36,886 - INFO - Best instance 0.7750, class 0.7750 (epoch 26)
Best instance 0.7750, class 0.7750 (epoch 26)
2026-06-24 17:55:36,904 - INFO - Epoch 28/200:
Epoch 28/200:
2026-06-24 17:55:39,636 - INFO - Train loss: 0.6220 (2.7s)
Train loss: 0.6220 (2.7s)
2026-06-24 17:55:39,901 - INFO - Test instance 0.7125, class 0.7125
Test instance 0.7125, class 0.7125
2026-06-24 17:55:39,902 - INFO - Best instance 0.7750, class 0.7750 (epoch 26)
Best instance 0.7750, class 0.7750 (epoch 26)
2026-06-24 17:55:39,919 - INFO - Epoch 29/200:
Epoch 29/200:
2026-06-24 17:55:42,630 - INFO - Train loss: 0.6167 (2.7s)
Train loss: 0.6167 (2.7s)
2026-06-24 17:55:42,892 - INFO - Test instance 0.7750, class 0.7750
Test instance 0.7750, class 0.7750
2026-06-24 17:55:42,892 - INFO - Best instance 0.7750, class 0.7750 (epoch 26)
Best instance 0.7750, class 0.7750 (epoch 26)
2026-06-24 17:55:42,910 - INFO - Epoch 30/200:
Epoch 30/200:
2026-06-24 17:55:45,631 - INFO - Train loss: 0.6269 (2.7s)
Train loss: 0.6269 (2.7s)
2026-06-24 17:55:45,897 - INFO - Test instance 0.6875, class 0.6875
Test instance 0.6875, class 0.6875
2026-06-24 17:55:45,897 - INFO - Best instance 0.7750, class 0.7750 (epoch 26)
Best instance 0.7750, class 0.7750 (epoch 26)
2026-06-24 17:55:45,915 - INFO - Epoch 31/200:
Epoch 31/200:
2026-06-24 17:55:48,673 - INFO - Train loss: 0.6094 (2.8s)
Train loss: 0.6094 (2.8s)
2026-06-24 17:55:48,945 - INFO - Test instance 0.6000, class 0.6000
Test instance 0.6000, class 0.6000
2026-06-24 17:55:48,946 - INFO - Best instance 0.7750, class 0.7750 (epoch 26)
Best instance 0.7750, class 0.7750 (epoch 26)
2026-06-24 17:55:48,965 - INFO - Epoch 32/200:
Epoch 32/200:
2026-06-24 17:55:51,716 - INFO - Train loss: 0.6043 (2.8s)
Train loss: 0.6043 (2.8s)
2026-06-24 17:55:51,977 - INFO - Test instance 0.7125, class 0.7125
Test instance 0.7125, class 0.7125
2026-06-24 17:55:51,977 - INFO - Best instance 0.7750, class 0.7750 (epoch 26)
Best instance 0.7750, class 0.7750 (epoch 26)
2026-06-24 17:55:51,995 - INFO - Epoch 33/200:
Epoch 33/200:
2026-06-24 17:55:54,767 - INFO - Train loss: 0.6220 (2.8s)
Train loss: 0.6220 (2.8s)
2026-06-24 17:55:55,034 - INFO - Test instance 0.7000, class 0.7000
Test instance 0.7000, class 0.7000
2026-06-24 17:55:55,035 - INFO - Best instance 0.7750, class 0.7750 (epoch 26)
Best instance 0.7750, class 0.7750 (epoch 26)
2026-06-24 17:55:55,052 - INFO - Epoch 34/200:
Epoch 34/200:
2026-06-24 17:55:57,798 - INFO - Train loss: 0.6110 (2.7s)
Train loss: 0.6110 (2.7s)
2026-06-24 17:55:58,070 - INFO - Test instance 0.7500, class 0.7500
Test instance 0.7500, class 0.7500
2026-06-24 17:55:58,070 - INFO - Best instance 0.7750, class 0.7750 (epoch 26)
Best instance 0.7750, class 0.7750 (epoch 26)
2026-06-24 17:55:58,088 - INFO - Epoch 35/200:
Epoch 35/200:
2026-06-24 17:56:00,824 - INFO - Train loss: 0.6102 (2.7s)
Train loss: 0.6102 (2.7s)
2026-06-24 17:56:01,088 - INFO - Test instance 0.7250, class 0.7250
Test instance 0.7250, class 0.7250
2026-06-24 17:56:01,089 - INFO - Best instance 0.7750, class 0.7750 (epoch 26)
Best instance 0.7750, class 0.7750 (epoch 26)
2026-06-24 17:56:01,107 - INFO - Epoch 36/200:
Epoch 36/200:
2026-06-24 17:56:03,886 - INFO - Train loss: 0.5984 (2.8s)
Train loss: 0.5984 (2.8s)
2026-06-24 17:56:04,166 - INFO - Test instance 0.8125, class 0.8125
Test instance 0.8125, class 0.8125
2026-06-24 17:56:04,184 - INFO - Best instance 0.8125, class 0.8125 (epoch 36)
Best instance 0.8125, class 0.8125 (epoch 36)
2026-06-24 17:56:04,201 - INFO - Epoch 37/200:
Epoch 37/200:
2026-06-24 17:56:06,894 - INFO - Train loss: 0.5977 (2.7s)
Train loss: 0.5977 (2.7s)
2026-06-24 17:56:07,163 - INFO - Test instance 0.6375, class 0.6375
Test instance 0.6375, class 0.6375
2026-06-24 17:56:07,164 - INFO - Best instance 0.8125, class 0.8125 (epoch 36)
Best instance 0.8125, class 0.8125 (epoch 36)
2026-06-24 17:56:07,181 - INFO - Epoch 38/200:
Epoch 38/200:
2026-06-24 17:56:09,896 - INFO - Train loss: 0.6011 (2.7s)
Train loss: 0.6011 (2.7s)
2026-06-24 17:56:10,177 - INFO - Test instance 0.8125, class 0.8125
Test instance 0.8125, class 0.8125
2026-06-24 17:56:10,178 - INFO - Best instance 0.8125, class 0.8125 (epoch 36)
Best instance 0.8125, class 0.8125 (epoch 36)
2026-06-24 17:56:10,196 - INFO - Epoch 39/200:
Epoch 39/200:
2026-06-24 17:56:12,924 - INFO - Train loss: 0.5922 (2.7s)
Train loss: 0.5922 (2.7s)
2026-06-24 17:56:13,190 - INFO - Test instance 0.7625, class 0.7625
Test instance 0.7625, class 0.7625
2026-06-24 17:56:13,190 - INFO - Best instance 0.8125, class 0.8125 (epoch 36)
Best instance 0.8125, class 0.8125 (epoch 36)
2026-06-24 17:56:13,208 - INFO - Epoch 40/200:
Epoch 40/200:
2026-06-24 17:56:15,972 - INFO - Train loss: 0.5999 (2.8s)
Train loss: 0.5999 (2.8s)
2026-06-24 17:56:16,231 - INFO - Test instance 0.7250, class 0.7250
Test instance 0.7250, class 0.7250
2026-06-24 17:56:16,231 - INFO - Best instance 0.8125, class 0.8125 (epoch 36)
Best instance 0.8125, class 0.8125 (epoch 36)
2026-06-24 17:56:16,251 - INFO - Epoch 41/200:
Epoch 41/200:
2026-06-24 17:56:19,016 - INFO - Train loss: 0.5975 (2.8s)
Train loss: 0.5975 (2.8s)
2026-06-24 17:56:19,294 - INFO - Test instance 0.8000, class 0.8000
Test instance 0.8000, class 0.8000
2026-06-24 17:56:19,294 - INFO - Best instance 0.8125, class 0.8125 (epoch 36)
Best instance 0.8125, class 0.8125 (epoch 36)
2026-06-24 17:56:19,313 - INFO - Epoch 42/200:
Epoch 42/200:
2026-06-24 17:56:22,058 - INFO - Train loss: 0.5950 (2.7s)
Train loss: 0.5950 (2.7s)
2026-06-24 17:56:22,323 - INFO - Test instance 0.8625, class 0.8625
Test instance 0.8625, class 0.8625
2026-06-24 17:56:22,341 - INFO - Best instance 0.8625, class 0.8625 (epoch 42)
Best instance 0.8625, class 0.8625 (epoch 42)
2026-06-24 17:56:22,359 - INFO - Epoch 43/200:
Epoch 43/200:
2026-06-24 17:56:25,079 - INFO - Train loss: 0.5833 (2.7s)
Train loss: 0.5833 (2.7s)
2026-06-24 17:56:25,341 - INFO - Test instance 0.9250, class 0.9250
Test instance 0.9250, class 0.9250
2026-06-24 17:56:25,359 - INFO - Best instance 0.9250, class 0.9250 (epoch 43)
Best instance 0.9250, class 0.9250 (epoch 43)
2026-06-24 17:56:25,375 - INFO - Epoch 44/200:
Epoch 44/200:
2026-06-24 17:56:28,086 - INFO - Train loss: 0.5879 (2.7s)
Train loss: 0.5879 (2.7s)
2026-06-24 17:56:28,358 - INFO - Test instance 0.8375, class 0.8375
Test instance 0.8375, class 0.8375
2026-06-24 17:56:28,358 - INFO - Best instance 0.9250, class 0.9250 (epoch 43)
Best instance 0.9250, class 0.9250 (epoch 43)
2026-06-24 17:56:28,376 - INFO - Epoch 45/200:
Epoch 45/200:
2026-06-24 17:56:31,086 - INFO - Train loss: 0.5855 (2.7s)
Train loss: 0.5855 (2.7s)
2026-06-24 17:56:31,349 - INFO - Test instance 0.6875, class 0.6875
Test instance 0.6875, class 0.6875
2026-06-24 17:56:31,349 - INFO - Best instance 0.9250, class 0.9250 (epoch 43)
Best instance 0.9250, class 0.9250 (epoch 43)
2026-06-24 17:56:31,367 - INFO - Epoch 46/200:
Epoch 46/200:
2026-06-24 17:56:34,111 - INFO - Train loss: 0.5954 (2.7s)
Train loss: 0.5954 (2.7s)
2026-06-24 17:56:34,380 - INFO - Test instance 0.8000, class 0.8000
Test instance 0.8000, class 0.8000
2026-06-24 17:56:34,381 - INFO - Best instance 0.9250, class 0.9250 (epoch 43)
Best instance 0.9250, class 0.9250 (epoch 43)
2026-06-24 17:56:34,398 - INFO - Epoch 47/200:
Epoch 47/200:
2026-06-24 17:56:37,133 - INFO - Train loss: 0.5870 (2.7s)
Train loss: 0.5870 (2.7s)
2026-06-24 17:56:37,391 - INFO - Test instance 0.7250, class 0.7250
Test instance 0.7250, class 0.7250
2026-06-24 17:56:37,392 - INFO - Best instance 0.9250, class 0.9250 (epoch 43)
Best instance 0.9250, class 0.9250 (epoch 43)
2026-06-24 17:56:37,411 - INFO - Epoch 48/200:
Epoch 48/200:
2026-06-24 17:56:40,127 - INFO - Train loss: 0.5830 (2.7s)
Train loss: 0.5830 (2.7s)
2026-06-24 17:56:40,401 - INFO - Test instance 0.6750, class 0.6750
Test instance 0.6750, class 0.6750
2026-06-24 17:56:40,401 - INFO - Best instance 0.9250, class 0.9250 (epoch 43)
Best instance 0.9250, class 0.9250 (epoch 43)
2026-06-24 17:56:40,420 - INFO - Epoch 49/200:
Epoch 49/200:
2026-06-24 17:56:43,144 - INFO - Train loss: 0.5803 (2.7s)
Train loss: 0.5803 (2.7s)
2026-06-24 17:56:43,414 - INFO - Test instance 0.8625, class 0.8625
Test instance 0.8625, class 0.8625
2026-06-24 17:56:43,415 - INFO - Best instance 0.9250, class 0.9250 (epoch 43)
Best instance 0.9250, class 0.9250 (epoch 43)
2026-06-24 17:56:43,432 - INFO - Epoch 50/200:
Epoch 50/200:
2026-06-24 17:56:46,149 - INFO - Train loss: 0.5721 (2.7s)
Train loss: 0.5721 (2.7s)
2026-06-24 17:56:46,410 - INFO - Test instance 0.9000, class 0.9000
Test instance 0.9000, class 0.9000
2026-06-24 17:56:46,411 - INFO - Best instance 0.9250, class 0.9250 (epoch 43)
Best instance 0.9250, class 0.9250 (epoch 43)
2026-06-24 17:56:46,428 - INFO - Epoch 51/200:
Epoch 51/200:
2026-06-24 17:56:49,151 - INFO - Train loss: 0.5754 (2.7s)
Train loss: 0.5754 (2.7s)
2026-06-24 17:56:49,410 - INFO - Test instance 0.8875, class 0.8875
Test instance 0.8875, class 0.8875
2026-06-24 17:56:49,411 - INFO - Best instance 0.9250, class 0.9250 (epoch 43)
Best instance 0.9250, class 0.9250 (epoch 43)
2026-06-24 17:56:49,429 - INFO - Epoch 52/200:
Epoch 52/200:
2026-06-24 17:56:52,163 - INFO - Train loss: 0.5733 (2.7s)
Train loss: 0.5733 (2.7s)
2026-06-24 17:56:52,434 - INFO - Test instance 0.8625, class 0.8625
Test instance 0.8625, class 0.8625
2026-06-24 17:56:52,434 - INFO - Best instance 0.9250, class 0.9250 (epoch 43)
Best instance 0.9250, class 0.9250 (epoch 43)
2026-06-24 17:56:52,452 - INFO - Epoch 53/200:
Epoch 53/200:
2026-06-24 17:56:55,217 - INFO - Train loss: 0.5735 (2.8s)
Train loss: 0.5735 (2.8s)
2026-06-24 17:56:55,477 - INFO - Test instance 0.7750, class 0.7750
Test instance 0.7750, class 0.7750
2026-06-24 17:56:55,477 - INFO - Best instance 0.9250, class 0.9250 (epoch 43)
Best instance 0.9250, class 0.9250 (epoch 43)
2026-06-24 17:56:55,528 - INFO - Epoch 54/200:
Epoch 54/200:
2026-06-24 17:56:58,278 - INFO - Train loss: 0.5732 (2.7s)
Train loss: 0.5732 (2.7s)
2026-06-24 17:56:58,540 - INFO - Test instance 0.8875, class 0.8875
Test instance 0.8875, class 0.8875
2026-06-24 17:56:58,540 - INFO - Best instance 0.9250, class 0.9250 (epoch 43)
Best instance 0.9250, class 0.9250 (epoch 43)
2026-06-24 17:56:58,558 - INFO - Epoch 55/200:
Epoch 55/200:
2026-06-24 17:57:01,298 - INFO - Train loss: 0.5727 (2.7s)
Train loss: 0.5727 (2.7s)
2026-06-24 17:57:01,565 - INFO - Test instance 0.7375, class 0.7375
Test instance 0.7375, class 0.7375
2026-06-24 17:57:01,565 - INFO - Best instance 0.9250, class 0.9250 (epoch 43)
Best instance 0.9250, class 0.9250 (epoch 43)
2026-06-24 17:57:01,583 - INFO - Epoch 56/200:
Epoch 56/200:
2026-06-24 17:57:04,393 - INFO - Train loss: 0.5834 (2.8s)
Train loss: 0.5834 (2.8s)
2026-06-24 17:57:04,660 - INFO - Test instance 0.6625, class 0.6625
Test instance 0.6625, class 0.6625
2026-06-24 17:57:04,660 - INFO - Best instance 0.9250, class 0.9250 (epoch 43)
Best instance 0.9250, class 0.9250 (epoch 43)
2026-06-24 17:57:04,678 - INFO - Epoch 57/200:
Epoch 57/200:
2026-06-24 17:57:07,413 - INFO - Train loss: 0.5808 (2.7s)
Train loss: 0.5808 (2.7s)
2026-06-24 17:57:07,677 - INFO - Test instance 0.7750, class 0.7750
Test instance 0.7750, class 0.7750
2026-06-24 17:57:07,678 - INFO - Best instance 0.9250, class 0.9250 (epoch 43)
Best instance 0.9250, class 0.9250 (epoch 43)
2026-06-24 17:57:07,696 - INFO - Epoch 58/200:
Epoch 58/200:
2026-06-24 17:57:10,420 - INFO - Train loss: 0.5738 (2.7s)
Train loss: 0.5738 (2.7s)
2026-06-24 17:57:10,682 - INFO - Test instance 0.8625, class 0.8625
Test instance 0.8625, class 0.8625
2026-06-24 17:57:10,682 - INFO - Best instance 0.9250, class 0.9250 (epoch 43)
Best instance 0.9250, class 0.9250 (epoch 43)
2026-06-24 17:57:10,700 - INFO - Epoch 59/200:
Epoch 59/200:
2026-06-24 17:57:13,429 - INFO - Train loss: 0.5738 (2.7s)
Train loss: 0.5738 (2.7s)
2026-06-24 17:57:13,702 - INFO - Test instance 0.8625, class 0.8625
Test instance 0.8625, class 0.8625
2026-06-24 17:57:13,702 - INFO - Best instance 0.9250, class 0.9250 (epoch 43)
Best instance 0.9250, class 0.9250 (epoch 43)
2026-06-24 17:57:13,722 - INFO - Epoch 60/200:
Epoch 60/200:
2026-06-24 17:57:16,493 - INFO - Train loss: 0.5827 (2.8s)
Train loss: 0.5827 (2.8s)
2026-06-24 17:57:16,765 - INFO - Test instance 0.9125, class 0.9125
Test instance 0.9125, class 0.9125
2026-06-24 17:57:16,765 - INFO - Best instance 0.9250, class 0.9250 (epoch 43)
Best instance 0.9250, class 0.9250 (epoch 43)
2026-06-24 17:57:16,784 - INFO - Epoch 61/200:
Epoch 61/200:
2026-06-24 17:57:19,546 - INFO - Train loss: 0.5588 (2.8s)
Train loss: 0.5588 (2.8s)
2026-06-24 17:57:19,807 - INFO - Test instance 0.9125, class 0.9125
Test instance 0.9125, class 0.9125
2026-06-24 17:57:19,807 - INFO - Best instance 0.9250, class 0.9250 (epoch 43)
Best instance 0.9250, class 0.9250 (epoch 43)
2026-06-24 17:57:19,827 - INFO - Epoch 62/200:
Epoch 62/200:
2026-06-24 17:57:22,559 - INFO - Train loss: 0.5659 (2.7s)
Train loss: 0.5659 (2.7s)
2026-06-24 17:57:22,817 - INFO - Test instance 0.8375, class 0.8375
Test instance 0.8375, class 0.8375
2026-06-24 17:57:22,817 - INFO - Best instance 0.9250, class 0.9250 (epoch 43)
Best instance 0.9250, class 0.9250 (epoch 43)
2026-06-24 17:57:22,836 - INFO - Epoch 63/200:
Epoch 63/200:
2026-06-24 17:57:25,572 - INFO - Train loss: 0.5694 (2.7s)
Train loss: 0.5694 (2.7s)
2026-06-24 17:57:25,832 - INFO - Test instance 0.9000, class 0.9000
Test instance 0.9000, class 0.9000
2026-06-24 17:57:25,832 - INFO - Best instance 0.9250, class 0.9250 (epoch 43)
Best instance 0.9250, class 0.9250 (epoch 43)
2026-06-24 17:57:25,851 - INFO - Epoch 64/200:
Epoch 64/200:
2026-06-24 17:57:28,585 - INFO - Train loss: 0.5690 (2.7s)
Train loss: 0.5690 (2.7s)
2026-06-24 17:57:28,848 - INFO - Test instance 0.9250, class 0.9250
Test instance 0.9250, class 0.9250
2026-06-24 17:57:28,848 - INFO - Best instance 0.9250, class 0.9250 (epoch 43)
Best instance 0.9250, class 0.9250 (epoch 43)
2026-06-24 17:57:28,867 - INFO - Epoch 65/200:
Epoch 65/200:
2026-06-24 17:57:31,562 - INFO - Train loss: 0.5660 (2.7s)
Train loss: 0.5660 (2.7s)
2026-06-24 17:57:31,824 - INFO - Test instance 0.8750, class 0.8750
Test instance 0.8750, class 0.8750
2026-06-24 17:57:31,824 - INFO - Best instance 0.9250, class 0.9250 (epoch 43)
Best instance 0.9250, class 0.9250 (epoch 43)
2026-06-24 17:57:31,843 - INFO - Epoch 66/200:
Epoch 66/200:
2026-06-24 17:57:34,571 - INFO - Train loss: 0.5630 (2.7s)
Train loss: 0.5630 (2.7s)
2026-06-24 17:57:34,841 - INFO - Test instance 0.8875, class 0.8875
Test instance 0.8875, class 0.8875
2026-06-24 17:57:34,841 - INFO - Best instance 0.9250, class 0.9250 (epoch 43)
Best instance 0.9250, class 0.9250 (epoch 43)
2026-06-24 17:57:34,859 - INFO - Epoch 67/200:
Epoch 67/200:
2026-06-24 17:57:37,594 - INFO - Train loss: 0.5657 (2.7s)
Train loss: 0.5657 (2.7s)
2026-06-24 17:57:37,854 - INFO - Test instance 0.8750, class 0.8750
Test instance 0.8750, class 0.8750
2026-06-24 17:57:37,854 - INFO - Best instance 0.9250, class 0.9250 (epoch 43)
Best instance 0.9250, class 0.9250 (epoch 43)
2026-06-24 17:57:37,872 - INFO - Epoch 68/200:
Epoch 68/200:
2026-06-24 17:57:40,620 - INFO - Train loss: 0.5547 (2.7s)
Train loss: 0.5547 (2.7s)
2026-06-24 17:57:40,889 - INFO - Test instance 0.9000, class 0.9000
Test instance 0.9000, class 0.9000
2026-06-24 17:57:40,889 - INFO - Best instance 0.9250, class 0.9250 (epoch 43)
Best instance 0.9250, class 0.9250 (epoch 43)
2026-06-24 17:57:40,908 - INFO - Epoch 69/200:
Epoch 69/200:
2026-06-24 17:57:43,636 - INFO - Train loss: 0.5682 (2.7s)
Train loss: 0.5682 (2.7s)
2026-06-24 17:57:43,903 - INFO - Test instance 0.9125, class 0.9125
Test instance 0.9125, class 0.9125
2026-06-24 17:57:43,903 - INFO - Best instance 0.9250, class 0.9250 (epoch 43)
Best instance 0.9250, class 0.9250 (epoch 43)
2026-06-24 17:57:43,921 - INFO - Epoch 70/200:
Epoch 70/200:
2026-06-24 17:57:46,642 - INFO - Train loss: 0.5644 (2.7s)
Train loss: 0.5644 (2.7s)
2026-06-24 17:57:46,916 - INFO - Test instance 0.8125, class 0.8125
Test instance 0.8125, class 0.8125
2026-06-24 17:57:46,916 - INFO - Best instance 0.9250, class 0.9250 (epoch 43)
Best instance 0.9250, class 0.9250 (epoch 43)
2026-06-24 17:57:46,934 - INFO - Epoch 71/200:
Epoch 71/200:
2026-06-24 17:57:49,660 - INFO - Train loss: 0.5616 (2.7s)
Train loss: 0.5616 (2.7s)
2026-06-24 17:57:49,920 - INFO - Test instance 0.8250, class 0.8250
Test instance 0.8250, class 0.8250
2026-06-24 17:57:49,920 - INFO - Best instance 0.9250, class 0.9250 (epoch 43)
Best instance 0.9250, class 0.9250 (epoch 43)
2026-06-24 17:57:49,938 - INFO - Epoch 72/200:
Epoch 72/200:
2026-06-24 17:57:52,652 - INFO - Train loss: 0.5525 (2.7s)
Train loss: 0.5525 (2.7s)
2026-06-24 17:57:52,913 - INFO - Test instance 0.8875, class 0.8875
Test instance 0.8875, class 0.8875
2026-06-24 17:57:52,913 - INFO - Best instance 0.9250, class 0.9250 (epoch 43)
Best instance 0.9250, class 0.9250 (epoch 43)
2026-06-24 17:57:52,931 - INFO - Epoch 73/200:
Epoch 73/200:
2026-06-24 17:57:55,685 - INFO - Train loss: 0.5642 (2.8s)
Train loss: 0.5642 (2.8s)
2026-06-24 17:57:55,950 - INFO - Test instance 0.8500, class 0.8500
Test instance 0.8500, class 0.8500
2026-06-24 17:57:55,951 - INFO - Best instance 0.9250, class 0.9250 (epoch 43)
Best instance 0.9250, class 0.9250 (epoch 43)
2026-06-24 17:57:55,968 - INFO - Epoch 74/200:
Epoch 74/200:
2026-06-24 17:57:58,680 - INFO - Train loss: 0.5604 (2.7s)
Train loss: 0.5604 (2.7s)
2026-06-24 17:57:58,949 - INFO - Test instance 0.8750, class 0.8750
Test instance 0.8750, class 0.8750
2026-06-24 17:57:58,949 - INFO - Best instance 0.9250, class 0.9250 (epoch 43)
Best instance 0.9250, class 0.9250 (epoch 43)
2026-06-24 17:57:58,969 - INFO - Epoch 75/200:
Epoch 75/200:
2026-06-24 17:58:01,708 - INFO - Train loss: 0.5694 (2.7s)
Train loss: 0.5694 (2.7s)
2026-06-24 17:58:01,994 - INFO - Test instance 0.8250, class 0.8250
Test instance 0.8250, class 0.8250
2026-06-24 17:58:01,994 - INFO - Best instance 0.9250, class 0.9250 (epoch 43)
Best instance 0.9250, class 0.9250 (epoch 43)
2026-06-24 17:58:02,016 - INFO - Epoch 76/200:
Epoch 76/200:
2026-06-24 17:58:04,808 - INFO - Train loss: 0.5631 (2.8s)
Train loss: 0.5631 (2.8s)
2026-06-24 17:58:05,069 - INFO - Test instance 0.9125, class 0.9125
Test instance 0.9125, class 0.9125
2026-06-24 17:58:05,069 - INFO - Best instance 0.9250, class 0.9250 (epoch 43)
Best instance 0.9250, class 0.9250 (epoch 43)
2026-06-24 17:58:05,088 - INFO - Epoch 77/200:
Epoch 77/200:
2026-06-24 17:58:07,812 - INFO - Train loss: 0.5600 (2.7s)
Train loss: 0.5600 (2.7s)
2026-06-24 17:58:08,083 - INFO - Test instance 0.8250, class 0.8250
Test instance 0.8250, class 0.8250
2026-06-24 17:58:08,083 - INFO - Best instance 0.9250, class 0.9250 (epoch 43)
Best instance 0.9250, class 0.9250 (epoch 43)
2026-06-24 17:58:08,101 - INFO - Epoch 78/200:
Epoch 78/200:
2026-06-24 17:58:10,817 - INFO - Train loss: 0.5513 (2.7s)
Train loss: 0.5513 (2.7s)
2026-06-24 17:58:11,076 - INFO - Test instance 0.8500, class 0.8500
Test instance 0.8500, class 0.8500
2026-06-24 17:58:11,076 - INFO - Best instance 0.9250, class 0.9250 (epoch 43)
Best instance 0.9250, class 0.9250 (epoch 43)
2026-06-24 17:58:11,094 - INFO - Epoch 79/200:
Epoch 79/200:
2026-06-24 17:58:13,805 - INFO - Train loss: 0.5556 (2.7s)
Train loss: 0.5556 (2.7s)
2026-06-24 17:58:14,080 - INFO - Test instance 0.8500, class 0.8500
Test instance 0.8500, class 0.8500
2026-06-24 17:58:14,080 - INFO - Best instance 0.9250, class 0.9250 (epoch 43)
Best instance 0.9250, class 0.9250 (epoch 43)
2026-06-24 17:58:14,099 - INFO - Epoch 80/200:
Epoch 80/200:
2026-06-24 17:58:16,842 - INFO - Train loss: 0.5538 (2.7s)
Train loss: 0.5538 (2.7s)
2026-06-24 17:58:17,114 - INFO - Test instance 0.7750, class 0.7750
Test instance 0.7750, class 0.7750
2026-06-24 17:58:17,114 - INFO - Best instance 0.9250, class 0.9250 (epoch 43)
Best instance 0.9250, class 0.9250 (epoch 43)
2026-06-24 17:58:17,133 - INFO - Epoch 81/200:
Epoch 81/200:
2026-06-24 17:58:19,887 - INFO - Train loss: 0.5442 (2.8s)
Train loss: 0.5442 (2.8s)
2026-06-24 17:58:20,154 - INFO - Test instance 0.9500, class 0.9500
Test instance 0.9500, class 0.9500
2026-06-24 17:58:20,172 - INFO - Best instance 0.9500, class 0.9500 (epoch 81)
Best instance 0.9500, class 0.9500 (epoch 81)
2026-06-24 17:58:20,199 - INFO - Epoch 82/200:
Epoch 82/200:
2026-06-24 17:58:22,955 - INFO - Train loss: 0.5719 (2.8s)
Train loss: 0.5719 (2.8s)
2026-06-24 17:58:23,217 - INFO - Test instance 0.9375, class 0.9375
Test instance 0.9375, class 0.9375
2026-06-24 17:58:23,217 - INFO - Best instance 0.9500, class 0.9500 (epoch 81)
Best instance 0.9500, class 0.9500 (epoch 81)
2026-06-24 17:58:23,235 - INFO - Epoch 83/200:
Epoch 83/200:
2026-06-24 17:58:25,955 - INFO - Train loss: 0.5508 (2.7s)
Train loss: 0.5508 (2.7s)
2026-06-24 17:58:26,227 - INFO - Test instance 0.8625, class 0.8625
Test instance 0.8625, class 0.8625
2026-06-24 17:58:26,227 - INFO - Best instance 0.9500, class 0.9500 (epoch 81)
Best instance 0.9500, class 0.9500 (epoch 81)
2026-06-24 17:58:26,245 - INFO - Epoch 84/200:
Epoch 84/200:
2026-06-24 17:58:28,983 - INFO - Train loss: 0.5596 (2.7s)
Train loss: 0.5596 (2.7s)
2026-06-24 17:58:29,257 - INFO - Test instance 0.8000, class 0.8000
Test instance 0.8000, class 0.8000
2026-06-24 17:58:29,257 - INFO - Best instance 0.9500, class 0.9500 (epoch 81)
Best instance 0.9500, class 0.9500 (epoch 81)
2026-06-24 17:58:29,276 - INFO - Epoch 85/200:
Epoch 85/200:
2026-06-24 17:58:32,007 - INFO - Train loss: 0.5471 (2.7s)
Train loss: 0.5471 (2.7s)
2026-06-24 17:58:32,279 - INFO - Test instance 0.8750, class 0.8750
Test instance 0.8750, class 0.8750
2026-06-24 17:58:32,280 - INFO - Best instance 0.9500, class 0.9500 (epoch 81)
Best instance 0.9500, class 0.9500 (epoch 81)
2026-06-24 17:58:32,298 - INFO - Epoch 86/200:
Epoch 86/200:
2026-06-24 17:58:35,022 - INFO - Train loss: 0.5542 (2.7s)
Train loss: 0.5542 (2.7s)
2026-06-24 17:58:35,291 - INFO - Test instance 0.9125, class 0.9125
Test instance 0.9125, class 0.9125
2026-06-24 17:58:35,291 - INFO - Best instance 0.9500, class 0.9500 (epoch 81)
Best instance 0.9500, class 0.9500 (epoch 81)
2026-06-24 17:58:35,311 - INFO - Epoch 87/200:
Epoch 87/200:
2026-06-24 17:58:38,045 - INFO - Train loss: 0.5517 (2.7s)
Train loss: 0.5517 (2.7s)
2026-06-24 17:58:38,316 - INFO - Test instance 0.8875, class 0.8875
Test instance 0.8875, class 0.8875
2026-06-24 17:58:38,317 - INFO - Best instance 0.9500, class 0.9500 (epoch 81)
Best instance 0.9500, class 0.9500 (epoch 81)
2026-06-24 17:58:38,334 - INFO - Epoch 88/200:
Epoch 88/200:
2026-06-24 17:58:41,089 - INFO - Train loss: 0.5442 (2.8s)
Train loss: 0.5442 (2.8s)
2026-06-24 17:58:41,355 - INFO - Test instance 0.8375, class 0.8375
Test instance 0.8375, class 0.8375
2026-06-24 17:58:41,355 - INFO - Best instance 0.9500, class 0.9500 (epoch 81)
Best instance 0.9500, class 0.9500 (epoch 81)
2026-06-24 17:58:41,373 - INFO - Epoch 89/200:
Epoch 89/200:
2026-06-24 17:58:44,131 - INFO - Train loss: 0.5490 (2.8s)
Train loss: 0.5490 (2.8s)
2026-06-24 17:58:44,393 - INFO - Test instance 0.8500, class 0.8500
Test instance 0.8500, class 0.8500
2026-06-24 17:58:44,393 - INFO - Best instance 0.9500, class 0.9500 (epoch 81)
Best instance 0.9500, class 0.9500 (epoch 81)
2026-06-24 17:58:44,413 - INFO - Epoch 90/200:
Epoch 90/200:
2026-06-24 17:58:47,139 - INFO - Train loss: 0.5486 (2.7s)
Train loss: 0.5486 (2.7s)
2026-06-24 17:58:47,403 - INFO - Test instance 0.9000, class 0.9000
Test instance 0.9000, class 0.9000
2026-06-24 17:58:47,403 - INFO - Best instance 0.9500, class 0.9500 (epoch 81)
Best instance 0.9500, class 0.9500 (epoch 81)
2026-06-24 17:58:47,421 - INFO - Epoch 91/200:
Epoch 91/200:
2026-06-24 17:58:50,163 - INFO - Train loss: 0.5501 (2.7s)
Train loss: 0.5501 (2.7s)
2026-06-24 17:58:50,436 - INFO - Test instance 0.9125, class 0.9125
Test instance 0.9125, class 0.9125
2026-06-24 17:58:50,437 - INFO - Best instance 0.9500, class 0.9500 (epoch 81)
Best instance 0.9500, class 0.9500 (epoch 81)
2026-06-24 17:58:50,455 - INFO - Epoch 92/200:
Epoch 92/200:
2026-06-24 17:58:53,181 - INFO - Train loss: 0.5546 (2.7s)
Train loss: 0.5546 (2.7s)
2026-06-24 17:58:53,441 - INFO - Test instance 0.8875, class 0.8875
Test instance 0.8875, class 0.8875
2026-06-24 17:58:53,441 - INFO - Best instance 0.9500, class 0.9500 (epoch 81)
Best instance 0.9500, class 0.9500 (epoch 81)
2026-06-24 17:58:53,459 - INFO - Epoch 93/200:
Epoch 93/200:
2026-06-24 17:58:56,151 - INFO - Train loss: 0.5533 (2.7s)
Train loss: 0.5533 (2.7s)
2026-06-24 17:58:56,423 - INFO - Test instance 0.9250, class 0.9250
Test instance 0.9250, class 0.9250
2026-06-24 17:58:56,423 - INFO - Best instance 0.9500, class 0.9500 (epoch 81)
Best instance 0.9500, class 0.9500 (epoch 81)
2026-06-24 17:58:56,443 - INFO - Epoch 94/200:
Epoch 94/200:
2026-06-24 17:58:59,158 - INFO - Train loss: 0.5458 (2.7s)
Train loss: 0.5458 (2.7s)
2026-06-24 17:58:59,428 - INFO - Test instance 0.9375, class 0.9375
Test instance 0.9375, class 0.9375
2026-06-24 17:58:59,428 - INFO - Best instance 0.9500, class 0.9500 (epoch 81)
Best instance 0.9500, class 0.9500 (epoch 81)
2026-06-24 17:58:59,446 - INFO - Epoch 95/200:
Epoch 95/200:
2026-06-24 17:59:02,254 - INFO - Train loss: 0.5569 (2.8s)
Train loss: 0.5569 (2.8s)
2026-06-24 17:59:02,536 - INFO - Test instance 0.8750, class 0.8750
Test instance 0.8750, class 0.8750
2026-06-24 17:59:02,537 - INFO - Best instance 0.9500, class 0.9500 (epoch 81)
Best instance 0.9500, class 0.9500 (epoch 81)
2026-06-24 17:59:02,556 - INFO - Epoch 96/200:
Epoch 96/200:
2026-06-24 17:59:05,309 - INFO - Train loss: 0.5504 (2.8s)
Train loss: 0.5504 (2.8s)
2026-06-24 17:59:05,568 - INFO - Test instance 0.9250, class 0.9250
Test instance 0.9250, class 0.9250
2026-06-24 17:59:05,569 - INFO - Best instance 0.9500, class 0.9500 (epoch 81)
Best instance 0.9500, class 0.9500 (epoch 81)
2026-06-24 17:59:05,587 - INFO - Epoch 97/200:
Epoch 97/200:
2026-06-24 17:59:08,309 - INFO - Train loss: 0.5457 (2.7s)
Train loss: 0.5457 (2.7s)
2026-06-24 17:59:08,572 - INFO - Test instance 0.9500, class 0.9500
Test instance 0.9500, class 0.9500
2026-06-24 17:59:08,572 - INFO - Best instance 0.9500, class 0.9500 (epoch 81)
Best instance 0.9500, class 0.9500 (epoch 81)
2026-06-24 17:59:08,591 - INFO - Epoch 98/200:
Epoch 98/200:
2026-06-24 17:59:11,348 - INFO - Train loss: 0.5455 (2.8s)
Train loss: 0.5455 (2.8s)
2026-06-24 17:59:11,619 - INFO - Test instance 0.8625, class 0.8625
Test instance 0.8625, class 0.8625
2026-06-24 17:59:11,619 - INFO - Best instance 0.9500, class 0.9500 (epoch 81)
Best instance 0.9500, class 0.9500 (epoch 81)
2026-06-24 17:59:11,637 - INFO - Epoch 99/200:
Epoch 99/200:
2026-06-24 17:59:14,363 - INFO - Train loss: 0.5545 (2.7s)
Train loss: 0.5545 (2.7s)
2026-06-24 17:59:14,619 - INFO - Test instance 0.9000, class 0.9000
Test instance 0.9000, class 0.9000
2026-06-24 17:59:14,619 - INFO - Best instance 0.9500, class 0.9500 (epoch 81)
Best instance 0.9500, class 0.9500 (epoch 81)
2026-06-24 17:59:14,637 - INFO - Epoch 100/200:
Epoch 100/200:
2026-06-24 17:59:17,347 - INFO - Train loss: 0.5474 (2.7s)
Train loss: 0.5474 (2.7s)
2026-06-24 17:59:17,606 - INFO - Test instance 0.9375, class 0.9375
Test instance 0.9375, class 0.9375
2026-06-24 17:59:17,606 - INFO - Best instance 0.9500, class 0.9500 (epoch 81)
Best instance 0.9500, class 0.9500 (epoch 81)
2026-06-24 17:59:17,624 - INFO - Epoch 101/200:
Epoch 101/200:
2026-06-24 17:59:20,358 - INFO - Train loss: 0.5530 (2.7s)
Train loss: 0.5530 (2.7s)
2026-06-24 17:59:20,622 - INFO - Test instance 0.9375, class 0.9375
Test instance 0.9375, class 0.9375
2026-06-24 17:59:20,622 - INFO - Best instance 0.9500, class 0.9500 (epoch 81)
Best instance 0.9500, class 0.9500 (epoch 81)
2026-06-24 17:59:20,640 - INFO - Epoch 102/200:
Epoch 102/200:
2026-06-24 17:59:23,387 - INFO - Train loss: 0.5475 (2.7s)
Train loss: 0.5475 (2.7s)
2026-06-24 17:59:23,648 - INFO - Test instance 0.9375, class 0.9375
Test instance 0.9375, class 0.9375
2026-06-24 17:59:23,648 - INFO - Best instance 0.9500, class 0.9500 (epoch 81)
Best instance 0.9500, class 0.9500 (epoch 81)
2026-06-24 17:59:23,667 - INFO - Epoch 103/200:
Epoch 103/200:
2026-06-24 17:59:26,402 - INFO - Train loss: 0.5444 (2.7s)
Train loss: 0.5444 (2.7s)
2026-06-24 17:59:26,673 - INFO - Test instance 0.9375, class 0.9375
Test instance 0.9375, class 0.9375
2026-06-24 17:59:26,674 - INFO - Best instance 0.9500, class 0.9500 (epoch 81)
Best instance 0.9500, class 0.9500 (epoch 81)
2026-06-24 17:59:26,692 - INFO - Epoch 104/200:
Epoch 104/200:
2026-06-24 17:59:29,447 - INFO - Train loss: 0.5444 (2.8s)
Train loss: 0.5444 (2.8s)
2026-06-24 17:59:29,717 - INFO - Test instance 0.9000, class 0.9000
Test instance 0.9000, class 0.9000
2026-06-24 17:59:29,717 - INFO - Best instance 0.9500, class 0.9500 (epoch 81)
Best instance 0.9500, class 0.9500 (epoch 81)
2026-06-24 17:59:29,737 - INFO - Epoch 105/200:
Epoch 105/200:
2026-06-24 17:59:32,496 - INFO - Train loss: 0.5462 (2.8s)
Train loss: 0.5462 (2.8s)
2026-06-24 17:59:32,755 - INFO - Test instance 0.8875, class 0.8875
Test instance 0.8875, class 0.8875
2026-06-24 17:59:32,755 - INFO - Best instance 0.9500, class 0.9500 (epoch 81)
Best instance 0.9500, class 0.9500 (epoch 81)
2026-06-24 17:59:32,773 - INFO - Epoch 106/200:
Epoch 106/200:
2026-06-24 17:59:35,509 - INFO - Train loss: 0.5563 (2.7s)
Train loss: 0.5563 (2.7s)
2026-06-24 17:59:35,775 - INFO - Test instance 0.8500, class 0.8500
Test instance 0.8500, class 0.8500
2026-06-24 17:59:35,775 - INFO - Best instance 0.9500, class 0.9500 (epoch 81)
Best instance 0.9500, class 0.9500 (epoch 81)
2026-06-24 17:59:35,794 - INFO - Epoch 107/200:
Epoch 107/200:
2026-06-24 17:59:38,496 - INFO - Train loss: 0.5524 (2.7s)
Train loss: 0.5524 (2.7s)
2026-06-24 17:59:38,757 - INFO - Test instance 0.9375, class 0.9375
Test instance 0.9375, class 0.9375
2026-06-24 17:59:38,758 - INFO - Best instance 0.9500, class 0.9500 (epoch 81)
Best instance 0.9500, class 0.9500 (epoch 81)
2026-06-24 17:59:38,775 - INFO - Epoch 108/200:
Epoch 108/200:
2026-06-24 17:59:41,517 - INFO - Train loss: 0.5437 (2.7s)
Train loss: 0.5437 (2.7s)
2026-06-24 17:59:41,794 - INFO - Test instance 0.9125, class 0.9125
Test instance 0.9125, class 0.9125
2026-06-24 17:59:41,794 - INFO - Best instance 0.9500, class 0.9500 (epoch 81)
Best instance 0.9500, class 0.9500 (epoch 81)
2026-06-24 17:59:41,814 - INFO - Epoch 109/200:
Epoch 109/200:
2026-06-24 17:59:44,571 - INFO - Train loss: 0.5595 (2.8s)
Train loss: 0.5595 (2.8s)
2026-06-24 17:59:44,838 - INFO - Test instance 0.8875, class 0.8875
Test instance 0.8875, class 0.8875
2026-06-24 17:59:44,838 - INFO - Best instance 0.9500, class 0.9500 (epoch 81)
Best instance 0.9500, class 0.9500 (epoch 81)
2026-06-24 17:59:44,857 - INFO - Epoch 110/200:
Epoch 110/200:
2026-06-24 17:59:47,619 - INFO - Train loss: 0.5506 (2.8s)
Train loss: 0.5506 (2.8s)
2026-06-24 17:59:47,888 - INFO - Test instance 0.9375, class 0.9375
Test instance 0.9375, class 0.9375
2026-06-24 17:59:47,889 - INFO - Best instance 0.9500, class 0.9500 (epoch 81)
Best instance 0.9500, class 0.9500 (epoch 81)
2026-06-24 17:59:47,908 - INFO - Epoch 111/200:
Epoch 111/200:
2026-06-24 17:59:50,656 - INFO - Train loss: 0.5481 (2.7s)
Train loss: 0.5481 (2.7s)
2026-06-24 17:59:50,917 - INFO - Test instance 0.9375, class 0.9375
Test instance 0.9375, class 0.9375
2026-06-24 17:59:50,918 - INFO - Best instance 0.9500, class 0.9500 (epoch 81)
Best instance 0.9500, class 0.9500 (epoch 81)
2026-06-24 17:59:50,936 - INFO - Epoch 112/200:
Epoch 112/200:
2026-06-24 17:59:53,682 - INFO - Train loss: 0.5352 (2.7s)
Train loss: 0.5352 (2.7s)
2026-06-24 17:59:53,947 - INFO - Test instance 0.8875, class 0.8875
Test instance 0.8875, class 0.8875
2026-06-24 17:59:53,948 - INFO - Best instance 0.9500, class 0.9500 (epoch 81)
Best instance 0.9500, class 0.9500 (epoch 81)
2026-06-24 17:59:53,968 - INFO - Epoch 113/200:
Epoch 113/200:
2026-06-24 17:59:56,710 - INFO - Train loss: 0.5464 (2.7s)
Train loss: 0.5464 (2.7s)
2026-06-24 17:59:56,975 - INFO - Test instance 0.9125, class 0.9125
Test instance 0.9125, class 0.9125
2026-06-24 17:59:56,975 - INFO - Best instance 0.9500, class 0.9500 (epoch 81)
Best instance 0.9500, class 0.9500 (epoch 81)
2026-06-24 17:59:56,994 - INFO - Epoch 114/200:
Epoch 114/200:
2026-06-24 17:59:59,716 - INFO - Train loss: 0.5467 (2.7s)
Train loss: 0.5467 (2.7s)
2026-06-24 17:59:59,978 - INFO - Test instance 0.9125, class 0.9125
Test instance 0.9125, class 0.9125
2026-06-24 17:59:59,979 - INFO - Best instance 0.9500, class 0.9500 (epoch 81)
Best instance 0.9500, class 0.9500 (epoch 81)
2026-06-24 17:59:59,999 - INFO - Epoch 115/200:
Epoch 115/200:
2026-06-24 18:00:02,776 - INFO - Train loss: 0.5501 (2.8s)
Train loss: 0.5501 (2.8s)
2026-06-24 18:00:03,035 - INFO - Test instance 0.9000, class 0.9000
Test instance 0.9000, class 0.9000
2026-06-24 18:00:03,035 - INFO - Best instance 0.9500, class 0.9500 (epoch 81)
Best instance 0.9500, class 0.9500 (epoch 81)
2026-06-24 18:00:03,054 - INFO - Epoch 116/200:
Epoch 116/200:
2026-06-24 18:00:05,808 - INFO - Train loss: 0.5357 (2.8s)
Train loss: 0.5357 (2.8s)
2026-06-24 18:00:06,074 - INFO - Test instance 0.9750, class 0.9750
Test instance 0.9750, class 0.9750
2026-06-24 18:00:06,093 - INFO - Best instance 0.9750, class 0.9750 (epoch 116)
Best instance 0.9750, class 0.9750 (epoch 116)
2026-06-24 18:00:06,120 - INFO - Epoch 117/200:
Epoch 117/200:
2026-06-24 18:00:08,881 - INFO - Train loss: 0.5481 (2.8s)
Train loss: 0.5481 (2.8s)
2026-06-24 18:00:09,149 - INFO - Test instance 0.9750, class 0.9750
Test instance 0.9750, class 0.9750
2026-06-24 18:00:09,150 - INFO - Best instance 0.9750, class 0.9750 (epoch 116)
Best instance 0.9750, class 0.9750 (epoch 116)
2026-06-24 18:00:09,168 - INFO - Epoch 118/200:
Epoch 118/200:
2026-06-24 18:00:11,938 - INFO - Train loss: 0.5345 (2.8s)
Train loss: 0.5345 (2.8s)
2026-06-24 18:00:12,201 - INFO - Test instance 0.9375, class 0.9375
Test instance 0.9375, class 0.9375
2026-06-24 18:00:12,202 - INFO - Best instance 0.9750, class 0.9750 (epoch 116)
Best instance 0.9750, class 0.9750 (epoch 116)
2026-06-24 18:00:12,221 - INFO - Epoch 119/200:
Epoch 119/200:
2026-06-24 18:00:14,980 - INFO - Train loss: 0.5445 (2.8s)
Train loss: 0.5445 (2.8s)
2026-06-24 18:00:15,246 - INFO - Test instance 0.9000, class 0.9000
Test instance 0.9000, class 0.9000
2026-06-24 18:00:15,246 - INFO - Best instance 0.9750, class 0.9750 (epoch 116)
Best instance 0.9750, class 0.9750 (epoch 116)
2026-06-24 18:00:15,265 - INFO - Epoch 120/200:
Epoch 120/200:
2026-06-24 18:00:17,970 - INFO - Train loss: 0.5510 (2.7s)
Train loss: 0.5510 (2.7s)
2026-06-24 18:00:18,231 - INFO - Test instance 0.9000, class 0.9000
Test instance 0.9000, class 0.9000
2026-06-24 18:00:18,231 - INFO - Best instance 0.9750, class 0.9750 (epoch 116)
Best instance 0.9750, class 0.9750 (epoch 116)
2026-06-24 18:00:18,249 - INFO - Epoch 121/200:
Epoch 121/200:
2026-06-24 18:00:20,975 - INFO - Train loss: 0.5479 (2.7s)
Train loss: 0.5479 (2.7s)
2026-06-24 18:00:21,237 - INFO - Test instance 0.9000, class 0.9000
Test instance 0.9000, class 0.9000
2026-06-24 18:00:21,238 - INFO - Best instance 0.9750, class 0.9750 (epoch 116)
Best instance 0.9750, class 0.9750 (epoch 116)
2026-06-24 18:00:21,256 - INFO - Epoch 122/200:
Epoch 122/200:
2026-06-24 18:00:23,980 - INFO - Train loss: 0.5423 (2.7s)
Train loss: 0.5423 (2.7s)
2026-06-24 18:00:24,261 - INFO - Test instance 0.9000, class 0.9000
Test instance 0.9000, class 0.9000
2026-06-24 18:00:24,262 - INFO - Best instance 0.9750, class 0.9750 (epoch 116)
Best instance 0.9750, class 0.9750 (epoch 116)
2026-06-24 18:00:24,281 - INFO - Epoch 123/200:
Epoch 123/200:
2026-06-24 18:00:27,023 - INFO - Train loss: 0.5374 (2.7s)
Train loss: 0.5374 (2.7s)
2026-06-24 18:00:27,285 - INFO - Test instance 0.9375, class 0.9375
Test instance 0.9375, class 0.9375
2026-06-24 18:00:27,286 - INFO - Best instance 0.9750, class 0.9750 (epoch 116)
Best instance 0.9750, class 0.9750 (epoch 116)
2026-06-24 18:00:27,304 - INFO - Epoch 124/200:
Epoch 124/200:
2026-06-24 18:00:30,039 - INFO - Train loss: 0.5422 (2.7s)
Train loss: 0.5422 (2.7s)
2026-06-24 18:00:30,299 - INFO - Test instance 0.9500, class 0.9500
Test instance 0.9500, class 0.9500
2026-06-24 18:00:30,299 - INFO - Best instance 0.9750, class 0.9750 (epoch 116)
Best instance 0.9750, class 0.9750 (epoch 116)
2026-06-24 18:00:30,317 - INFO - Epoch 125/200:
Epoch 125/200:
2026-06-24 18:00:33,045 - INFO - Train loss: 0.5411 (2.7s)
Train loss: 0.5411 (2.7s)
2026-06-24 18:00:33,307 - INFO - Test instance 0.9250, class 0.9250
Test instance 0.9250, class 0.9250
2026-06-24 18:00:33,307 - INFO - Best instance 0.9750, class 0.9750 (epoch 116)
Best instance 0.9750, class 0.9750 (epoch 116)
2026-06-24 18:00:33,327 - INFO - Epoch 126/200:
Epoch 126/200:
2026-06-24 18:00:36,042 - INFO - Train loss: 0.5549 (2.7s)
Train loss: 0.5549 (2.7s)
2026-06-24 18:00:36,298 - INFO - Test instance 0.9375, class 0.9375
Test instance 0.9375, class 0.9375
2026-06-24 18:00:36,298 - INFO - Best instance 0.9750, class 0.9750 (epoch 116)
Best instance 0.9750, class 0.9750 (epoch 116)
2026-06-24 18:00:36,316 - INFO - Epoch 127/200:
Epoch 127/200:
2026-06-24 18:00:39,042 - INFO - Train loss: 0.5402 (2.7s)
Train loss: 0.5402 (2.7s)
2026-06-24 18:00:39,311 - INFO - Test instance 0.9375, class 0.9375
Test instance 0.9375, class 0.9375
2026-06-24 18:00:39,311 - INFO - Best instance 0.9750, class 0.9750 (epoch 116)
Best instance 0.9750, class 0.9750 (epoch 116)
2026-06-24 18:00:39,330 - INFO - Epoch 128/200:
Epoch 128/200:
2026-06-24 18:00:42,027 - INFO - Train loss: 0.5411 (2.7s)
Train loss: 0.5411 (2.7s)
2026-06-24 18:00:42,296 - INFO - Test instance 0.9500, class 0.9500
Test instance 0.9500, class 0.9500
2026-06-24 18:00:42,296 - INFO - Best instance 0.9750, class 0.9750 (epoch 116)
Best instance 0.9750, class 0.9750 (epoch 116)
2026-06-24 18:00:42,314 - INFO - Epoch 129/200:
Epoch 129/200:
2026-06-24 18:00:45,071 - INFO - Train loss: 0.5481 (2.8s)
Train loss: 0.5481 (2.8s)
2026-06-24 18:00:45,335 - INFO - Test instance 0.9000, class 0.9000
Test instance 0.9000, class 0.9000
2026-06-24 18:00:45,336 - INFO - Best instance 0.9750, class 0.9750 (epoch 116)
Best instance 0.9750, class 0.9750 (epoch 116)
2026-06-24 18:00:45,354 - INFO - Epoch 130/200:
Epoch 130/200:
2026-06-24 18:00:48,100 - INFO - Train loss: 0.5430 (2.7s)
Train loss: 0.5430 (2.7s)
2026-06-24 18:00:48,357 - INFO - Test instance 0.9375, class 0.9375
Test instance 0.9375, class 0.9375
2026-06-24 18:00:48,358 - INFO - Best instance 0.9750, class 0.9750 (epoch 116)
Best instance 0.9750, class 0.9750 (epoch 116)
2026-06-24 18:00:48,376 - INFO - Epoch 131/200:
Epoch 131/200:
2026-06-24 18:00:51,139 - INFO - Train loss: 0.5356 (2.8s)
Train loss: 0.5356 (2.8s)
2026-06-24 18:00:51,399 - INFO - Test instance 0.9500, class 0.9500
Test instance 0.9500, class 0.9500
2026-06-24 18:00:51,399 - INFO - Best instance 0.9750, class 0.9750 (epoch 116)
Best instance 0.9750, class 0.9750 (epoch 116)
2026-06-24 18:00:51,417 - INFO - Epoch 132/200:
Epoch 132/200:
2026-06-24 18:00:54,151 - INFO - Train loss: 0.5328 (2.7s)
Train loss: 0.5328 (2.7s)
2026-06-24 18:00:54,418 - INFO - Test instance 0.9000, class 0.9000
Test instance 0.9000, class 0.9000
2026-06-24 18:00:54,418 - INFO - Best instance 0.9750, class 0.9750 (epoch 116)
Best instance 0.9750, class 0.9750 (epoch 116)
2026-06-24 18:00:54,436 - INFO - Epoch 133/200:
Epoch 133/200:
2026-06-24 18:00:57,172 - INFO - Train loss: 0.5423 (2.7s)
Train loss: 0.5423 (2.7s)
2026-06-24 18:00:57,441 - INFO - Test instance 0.9250, class 0.9250
Test instance 0.9250, class 0.9250
2026-06-24 18:00:57,441 - INFO - Best instance 0.9750, class 0.9750 (epoch 116)
Best instance 0.9750, class 0.9750 (epoch 116)
2026-06-24 18:00:57,459 - INFO - Epoch 134/200:
Epoch 134/200:
2026-06-24 18:01:00,214 - INFO - Train loss: 0.5400 (2.8s)
Train loss: 0.5400 (2.8s)
2026-06-24 18:01:00,481 - INFO - Test instance 0.9375, class 0.9375
Test instance 0.9375, class 0.9375
2026-06-24 18:01:00,482 - INFO - Best instance 0.9750, class 0.9750 (epoch 116)
Best instance 0.9750, class 0.9750 (epoch 116)
2026-06-24 18:01:00,500 - INFO - Epoch 135/200:
Epoch 135/200:
2026-06-24 18:01:03,302 - INFO - Train loss: 0.5367 (2.8s)
Train loss: 0.5367 (2.8s)
2026-06-24 18:01:03,570 - INFO - Test instance 0.9375, class 0.9375
Test instance 0.9375, class 0.9375
2026-06-24 18:01:03,571 - INFO - Best instance 0.9750, class 0.9750 (epoch 116)
Best instance 0.9750, class 0.9750 (epoch 116)
2026-06-24 18:01:03,590 - INFO - Epoch 136/200:
Epoch 136/200:
2026-06-24 18:01:06,332 - INFO - Train loss: 0.5349 (2.7s)
Train loss: 0.5349 (2.7s)
2026-06-24 18:01:06,599 - INFO - Test instance 0.9500, class 0.9500
Test instance 0.9500, class 0.9500
2026-06-24 18:01:06,599 - INFO - Best instance 0.9750, class 0.9750 (epoch 116)
Best instance 0.9750, class 0.9750 (epoch 116)
2026-06-24 18:01:06,618 - INFO - Epoch 137/200:
Epoch 137/200:
2026-06-24 18:01:09,366 - INFO - Train loss: 0.5477 (2.7s)
Train loss: 0.5477 (2.7s)
2026-06-24 18:01:09,630 - INFO - Test instance 0.9625, class 0.9625
Test instance 0.9625, class 0.9625
2026-06-24 18:01:09,631 - INFO - Best instance 0.9750, class 0.9750 (epoch 116)
Best instance 0.9750, class 0.9750 (epoch 116)
2026-06-24 18:01:09,650 - INFO - Epoch 138/200:
Epoch 138/200:
2026-06-24 18:01:12,389 - INFO - Train loss: 0.5376 (2.7s)
Train loss: 0.5376 (2.7s)
2026-06-24 18:01:12,658 - INFO - Test instance 0.9250, class 0.9250
Test instance 0.9250, class 0.9250
2026-06-24 18:01:12,659 - INFO - Best instance 0.9750, class 0.9750 (epoch 116)
Best instance 0.9750, class 0.9750 (epoch 116)
2026-06-24 18:01:12,677 - INFO - Epoch 139/200:
Epoch 139/200:
2026-06-24 18:01:15,438 - INFO - Train loss: 0.5470 (2.8s)
Train loss: 0.5470 (2.8s)
2026-06-24 18:01:15,696 - INFO - Test instance 0.9625, class 0.9625
Test instance 0.9625, class 0.9625
2026-06-24 18:01:15,696 - INFO - Best instance 0.9750, class 0.9750 (epoch 116)
Best instance 0.9750, class 0.9750 (epoch 116)
2026-06-24 18:01:15,715 - INFO - Epoch 140/200:
Epoch 140/200:
2026-06-24 18:01:18,472 - INFO - Train loss: 0.5463 (2.8s)
Train loss: 0.5463 (2.8s)
2026-06-24 18:01:18,732 - INFO - Test instance 0.9375, class 0.9375
Test instance 0.9375, class 0.9375
2026-06-24 18:01:18,732 - INFO - Best instance 0.9750, class 0.9750 (epoch 116)
Best instance 0.9750, class 0.9750 (epoch 116)
2026-06-24 18:01:18,751 - INFO - Epoch 141/200:
Epoch 141/200:
2026-06-24 18:01:21,487 - INFO - Train loss: 0.5472 (2.7s)
Train loss: 0.5472 (2.7s)
2026-06-24 18:01:21,750 - INFO - Test instance 0.9750, class 0.9750
Test instance 0.9750, class 0.9750
2026-06-24 18:01:21,750 - INFO - Best instance 0.9750, class 0.9750 (epoch 116)
Best instance 0.9750, class 0.9750 (epoch 116)
2026-06-24 18:01:21,769 - INFO - Epoch 142/200:
Epoch 142/200:
2026-06-24 18:01:24,507 - INFO - Train loss: 0.5463 (2.7s)
Train loss: 0.5463 (2.7s)
2026-06-24 18:01:24,769 - INFO - Test instance 0.9250, class 0.9250
Test instance 0.9250, class 0.9250
2026-06-24 18:01:24,770 - INFO - Best instance 0.9750, class 0.9750 (epoch 116)
Best instance 0.9750, class 0.9750 (epoch 116)
2026-06-24 18:01:24,788 - INFO - Epoch 143/200:
Epoch 143/200:
2026-06-24 18:01:27,510 - INFO - Train loss: 0.5458 (2.7s)
Train loss: 0.5458 (2.7s)
2026-06-24 18:01:27,771 - INFO - Test instance 0.9125, class 0.9125
Test instance 0.9125, class 0.9125
2026-06-24 18:01:27,771 - INFO - Best instance 0.9750, class 0.9750 (epoch 116)
Best instance 0.9750, class 0.9750 (epoch 116)
2026-06-24 18:01:27,790 - INFO - Epoch 144/200:
Epoch 144/200:
2026-06-24 18:01:30,518 - INFO - Train loss: 0.5374 (2.7s)
Train loss: 0.5374 (2.7s)
2026-06-24 18:01:30,794 - INFO - Test instance 0.8875, class 0.8875
Test instance 0.8875, class 0.8875
2026-06-24 18:01:30,794 - INFO - Best instance 0.9750, class 0.9750 (epoch 116)
Best instance 0.9750, class 0.9750 (epoch 116)
2026-06-24 18:01:30,812 - INFO - Epoch 145/200:
Epoch 145/200:
2026-06-24 18:01:33,557 - INFO - Train loss: 0.5394 (2.7s)
Train loss: 0.5394 (2.7s)
2026-06-24 18:01:33,827 - INFO - Test instance 0.9250, class 0.9250
Test instance 0.9250, class 0.9250
2026-06-24 18:01:33,828 - INFO - Best instance 0.9750, class 0.9750 (epoch 116)
Best instance 0.9750, class 0.9750 (epoch 116)
2026-06-24 18:01:33,845 - INFO - Epoch 146/200:
Epoch 146/200:
2026-06-24 18:01:36,620 - INFO - Train loss: 0.5378 (2.8s)
Train loss: 0.5378 (2.8s)
2026-06-24 18:01:36,890 - INFO - Test instance 0.9625, class 0.9625
Test instance 0.9625, class 0.9625
2026-06-24 18:01:36,890 - INFO - Best instance 0.9750, class 0.9750 (epoch 116)
Best instance 0.9750, class 0.9750 (epoch 116)
2026-06-24 18:01:36,909 - INFO - Epoch 147/200:
Epoch 147/200:
2026-06-24 18:01:39,674 - INFO - Train loss: 0.5409 (2.8s)
Train loss: 0.5409 (2.8s)
2026-06-24 18:01:39,949 - INFO - Test instance 0.9000, class 0.9000
Test instance 0.9000, class 0.9000
2026-06-24 18:01:39,949 - INFO - Best instance 0.9750, class 0.9750 (epoch 116)
Best instance 0.9750, class 0.9750 (epoch 116)
2026-06-24 18:01:39,966 - INFO - Epoch 148/200:
Epoch 148/200:
2026-06-24 18:01:42,698 - INFO - Train loss: 0.5485 (2.7s)
Train loss: 0.5485 (2.7s)
2026-06-24 18:01:42,976 - INFO - Test instance 0.9250, class 0.9250
Test instance 0.9250, class 0.9250
2026-06-24 18:01:42,976 - INFO - Best instance 0.9750, class 0.9750 (epoch 116)
Best instance 0.9750, class 0.9750 (epoch 116)
2026-06-24 18:01:42,994 - INFO - Epoch 149/200:
Epoch 149/200:
2026-06-24 18:01:45,697 - INFO - Train loss: 0.5365 (2.7s)
Train loss: 0.5365 (2.7s)
2026-06-24 18:01:45,960 - INFO - Test instance 0.9000, class 0.9000
Test instance 0.9000, class 0.9000
2026-06-24 18:01:45,961 - INFO - Best instance 0.9750, class 0.9750 (epoch 116)
Best instance 0.9750, class 0.9750 (epoch 116)
2026-06-24 18:01:45,978 - INFO - Epoch 150/200:
Epoch 150/200:
2026-06-24 18:01:48,717 - INFO - Train loss: 0.5400 (2.7s)
Train loss: 0.5400 (2.7s)
2026-06-24 18:01:48,987 - INFO - Test instance 0.9375, class 0.9375
Test instance 0.9375, class 0.9375
2026-06-24 18:01:48,988 - INFO - Best instance 0.9750, class 0.9750 (epoch 116)
Best instance 0.9750, class 0.9750 (epoch 116)
2026-06-24 18:01:49,005 - INFO - Epoch 151/200:
Epoch 151/200:
2026-06-24 18:01:51,750 - INFO - Train loss: 0.5471 (2.7s)
Train loss: 0.5471 (2.7s)
2026-06-24 18:01:52,026 - INFO - Test instance 0.9250, class 0.9250
Test instance 0.9250, class 0.9250
2026-06-24 18:01:52,026 - INFO - Best instance 0.9750, class 0.9750 (epoch 116)
Best instance 0.9750, class 0.9750 (epoch 116)
2026-06-24 18:01:52,043 - INFO - Epoch 152/200:
Epoch 152/200:
2026-06-24 18:01:54,798 - INFO - Train loss: 0.5325 (2.8s)
Train loss: 0.5325 (2.8s)
2026-06-24 18:01:55,065 - INFO - Test instance 0.9375, class 0.9375
Test instance 0.9375, class 0.9375
2026-06-24 18:01:55,066 - INFO - Best instance 0.9750, class 0.9750 (epoch 116)
Best instance 0.9750, class 0.9750 (epoch 116)
2026-06-24 18:01:55,083 - INFO - Epoch 153/200:
Epoch 153/200:
2026-06-24 18:01:57,838 - INFO - Train loss: 0.5453 (2.8s)
Train loss: 0.5453 (2.8s)
2026-06-24 18:01:58,114 - INFO - Test instance 0.9125, class 0.9125
Test instance 0.9125, class 0.9125
2026-06-24 18:01:58,115 - INFO - Best instance 0.9750, class 0.9750 (epoch 116)
Best instance 0.9750, class 0.9750 (epoch 116)
2026-06-24 18:01:58,132 - INFO - Epoch 154/200:
Epoch 154/200:
2026-06-24 18:02:00,871 - INFO - Train loss: 0.5326 (2.7s)
Train loss: 0.5326 (2.7s)
2026-06-24 18:02:01,141 - INFO - Test instance 0.9500, class 0.9500
Test instance 0.9500, class 0.9500
2026-06-24 18:02:01,141 - INFO - Best instance 0.9750, class 0.9750 (epoch 116)
Best instance 0.9750, class 0.9750 (epoch 116)
2026-06-24 18:02:01,158 - INFO - Epoch 155/200:
Epoch 155/200:
2026-06-24 18:02:03,958 - INFO - Train loss: 0.5355 (2.8s)
Train loss: 0.5355 (2.8s)
2026-06-24 18:02:04,226 - INFO - Test instance 0.9750, class 0.9750
Test instance 0.9750, class 0.9750
2026-06-24 18:02:04,226 - INFO - Best instance 0.9750, class 0.9750 (epoch 116)
Best instance 0.9750, class 0.9750 (epoch 116)
2026-06-24 18:02:04,244 - INFO - Epoch 156/200:
Epoch 156/200:
2026-06-24 18:02:06,951 - INFO - Train loss: 0.5431 (2.7s)
Train loss: 0.5431 (2.7s)
2026-06-24 18:02:07,217 - INFO - Test instance 0.9250, class 0.9250
Test instance 0.9250, class 0.9250
2026-06-24 18:02:07,218 - INFO - Best instance 0.9750, class 0.9750 (epoch 116)
Best instance 0.9750, class 0.9750 (epoch 116)
2026-06-24 18:02:07,234 - INFO - Epoch 157/200:
Epoch 157/200:
2026-06-24 18:02:09,976 - INFO - Train loss: 0.5478 (2.7s)
Train loss: 0.5478 (2.7s)
2026-06-24 18:02:10,248 - INFO - Test instance 0.9625, class 0.9625
Test instance 0.9625, class 0.9625
2026-06-24 18:02:10,248 - INFO - Best instance 0.9750, class 0.9750 (epoch 116)
Best instance 0.9750, class 0.9750 (epoch 116)
2026-06-24 18:02:10,266 - INFO - Epoch 158/200:
Epoch 158/200:
2026-06-24 18:02:13,031 - INFO - Train loss: 0.5376 (2.8s)
Train loss: 0.5376 (2.8s)
2026-06-24 18:02:13,304 - INFO - Test instance 0.9250, class 0.9250
Test instance 0.9250, class 0.9250
2026-06-24 18:02:13,304 - INFO - Best instance 0.9750, class 0.9750 (epoch 116)
Best instance 0.9750, class 0.9750 (epoch 116)
2026-06-24 18:02:13,322 - INFO - Epoch 159/200:
Epoch 159/200:
2026-06-24 18:02:16,081 - INFO - Train loss: 0.5300 (2.8s)
Train loss: 0.5300 (2.8s)
2026-06-24 18:02:16,357 - INFO - Test instance 0.9000, class 0.9000
Test instance 0.9000, class 0.9000
2026-06-24 18:02:16,357 - INFO - Best instance 0.9750, class 0.9750 (epoch 116)
Best instance 0.9750, class 0.9750 (epoch 116)
2026-06-24 18:02:16,374 - INFO - Epoch 160/200:
Epoch 160/200:
2026-06-24 18:02:19,149 - INFO - Train loss: 0.5357 (2.8s)
Train loss: 0.5357 (2.8s)
2026-06-24 18:02:19,415 - INFO - Test instance 0.9375, class 0.9375
Test instance 0.9375, class 0.9375
2026-06-24 18:02:19,415 - INFO - Best instance 0.9750, class 0.9750 (epoch 116)
Best instance 0.9750, class 0.9750 (epoch 116)
2026-06-24 18:02:19,433 - INFO - Epoch 161/200:
Epoch 161/200:
2026-06-24 18:02:22,191 - INFO - Train loss: 0.5378 (2.8s)
Train loss: 0.5378 (2.8s)
2026-06-24 18:02:22,458 - INFO - Test instance 0.9250, class 0.9250
Test instance 0.9250, class 0.9250
2026-06-24 18:02:22,458 - INFO - Best instance 0.9750, class 0.9750 (epoch 116)
Best instance 0.9750, class 0.9750 (epoch 116)
2026-06-24 18:02:22,476 - INFO - Epoch 162/200:
Epoch 162/200:
2026-06-24 18:02:25,185 - INFO - Train loss: 0.5376 (2.7s)
Train loss: 0.5376 (2.7s)
2026-06-24 18:02:25,456 - INFO - Test instance 0.9500, class 0.9500
Test instance 0.9500, class 0.9500
2026-06-24 18:02:25,457 - INFO - Best instance 0.9750, class 0.9750 (epoch 116)
Best instance 0.9750, class 0.9750 (epoch 116)
2026-06-24 18:02:25,475 - INFO - Epoch 163/200:
Epoch 163/200:
2026-06-24 18:02:28,177 - INFO - Train loss: 0.5385 (2.7s)
Train loss: 0.5385 (2.7s)
2026-06-24 18:02:28,445 - INFO - Test instance 0.9500, class 0.9500
Test instance 0.9500, class 0.9500
2026-06-24 18:02:28,446 - INFO - Best instance 0.9750, class 0.9750 (epoch 116)
Best instance 0.9750, class 0.9750 (epoch 116)
2026-06-24 18:02:28,464 - INFO - Epoch 164/200:
Epoch 164/200:
2026-06-24 18:02:31,207 - INFO - Train loss: 0.5327 (2.7s)
Train loss: 0.5327 (2.7s)
2026-06-24 18:02:31,468 - INFO - Test instance 0.9000, class 0.9000
Test instance 0.9000, class 0.9000
2026-06-24 18:02:31,469 - INFO - Best instance 0.9750, class 0.9750 (epoch 116)
Best instance 0.9750, class 0.9750 (epoch 116)
2026-06-24 18:02:31,486 - INFO - Epoch 165/200:
Epoch 165/200:
2026-06-24 18:02:34,228 - INFO - Train loss: 0.5374 (2.7s)
Train loss: 0.5374 (2.7s)
2026-06-24 18:02:34,489 - INFO - Test instance 0.9750, class 0.9750
Test instance 0.9750, class 0.9750
2026-06-24 18:02:34,489 - INFO - Best instance 0.9750, class 0.9750 (epoch 116)
Best instance 0.9750, class 0.9750 (epoch 116)
2026-06-24 18:02:34,507 - INFO - Epoch 166/200:
Epoch 166/200:
2026-06-24 18:02:37,258 - INFO - Train loss: 0.5393 (2.8s)
Train loss: 0.5393 (2.8s)
2026-06-24 18:02:37,516 - INFO - Test instance 0.9250, class 0.9250
Test instance 0.9250, class 0.9250
2026-06-24 18:02:37,517 - INFO - Best instance 0.9750, class 0.9750 (epoch 116)
Best instance 0.9750, class 0.9750 (epoch 116)
2026-06-24 18:02:37,534 - INFO - Epoch 167/200:
Epoch 167/200:
2026-06-24 18:02:40,293 - INFO - Train loss: 0.5385 (2.8s)
Train loss: 0.5385 (2.8s)
2026-06-24 18:02:40,569 - INFO - Test instance 0.9125, class 0.9125
Test instance 0.9125, class 0.9125
2026-06-24 18:02:40,569 - INFO - Best instance 0.9750, class 0.9750 (epoch 116)
Best instance 0.9750, class 0.9750 (epoch 116)
2026-06-24 18:02:40,587 - INFO - Epoch 168/200:
Epoch 168/200:
2026-06-24 18:02:43,340 - INFO - Train loss: 0.5356 (2.8s)
Train loss: 0.5356 (2.8s)
2026-06-24 18:02:43,602 - INFO - Test instance 0.9375, class 0.9375
Test instance 0.9375, class 0.9375
2026-06-24 18:02:43,603 - INFO - Best instance 0.9750, class 0.9750 (epoch 116)
Best instance 0.9750, class 0.9750 (epoch 116)
2026-06-24 18:02:43,621 - INFO - Epoch 169/200:
Epoch 169/200:
2026-06-24 18:02:46,376 - INFO - Train loss: 0.5372 (2.8s)
Train loss: 0.5372 (2.8s)
2026-06-24 18:02:46,647 - INFO - Test instance 0.9125, class 0.9125
Test instance 0.9125, class 0.9125
2026-06-24 18:02:46,647 - INFO - Best instance 0.9750, class 0.9750 (epoch 116)
Best instance 0.9750, class 0.9750 (epoch 116)
2026-06-24 18:02:46,666 - INFO - Epoch 170/200:
Epoch 170/200:
2026-06-24 18:02:49,418 - INFO - Train loss: 0.5402 (2.8s)
Train loss: 0.5402 (2.8s)
2026-06-24 18:02:49,689 - INFO - Test instance 0.9250, class 0.9250
Test instance 0.9250, class 0.9250
2026-06-24 18:02:49,690 - INFO - Best instance 0.9750, class 0.9750 (epoch 116)
Best instance 0.9750, class 0.9750 (epoch 116)
2026-06-24 18:02:49,711 - INFO - Epoch 171/200:
Epoch 171/200:
2026-06-24 18:02:52,453 - INFO - Train loss: 0.5279 (2.7s)
Train loss: 0.5279 (2.7s)
2026-06-24 18:02:52,723 - INFO - Test instance 0.9125, class 0.9125
Test instance 0.9125, class 0.9125
2026-06-24 18:02:52,723 - INFO - Best instance 0.9750, class 0.9750 (epoch 116)
Best instance 0.9750, class 0.9750 (epoch 116)
2026-06-24 18:02:52,741 - INFO - Epoch 172/200:
Epoch 172/200:
2026-06-24 18:02:55,509 - INFO - Train loss: 0.5346 (2.8s)
Train loss: 0.5346 (2.8s)
2026-06-24 18:02:55,777 - INFO - Test instance 0.9375, class 0.9375
Test instance 0.9375, class 0.9375
2026-06-24 18:02:55,777 - INFO - Best instance 0.9750, class 0.9750 (epoch 116)
Best instance 0.9750, class 0.9750 (epoch 116)
2026-06-24 18:02:55,795 - INFO - Epoch 173/200:
Epoch 173/200:
2026-06-24 18:02:58,532 - INFO - Train loss: 0.5281 (2.7s)
Train loss: 0.5281 (2.7s)
2026-06-24 18:02:58,796 - INFO - Test instance 0.9125, class 0.9125
Test instance 0.9125, class 0.9125
2026-06-24 18:02:58,797 - INFO - Best instance 0.9750, class 0.9750 (epoch 116)
Best instance 0.9750, class 0.9750 (epoch 116)
2026-06-24 18:02:58,815 - INFO - Epoch 174/200:
Epoch 174/200:
2026-06-24 18:03:01,565 - INFO - Train loss: 0.5421 (2.7s)
Train loss: 0.5421 (2.7s)
2026-06-24 18:03:01,868 - INFO - Test instance 0.9500, class 0.9500
Test instance 0.9500, class 0.9500
2026-06-24 18:03:01,868 - INFO - Best instance 0.9750, class 0.9750 (epoch 116)
Best instance 0.9750, class 0.9750 (epoch 116)
2026-06-24 18:03:01,888 - INFO - Epoch 175/200:
Epoch 175/200:
2026-06-24 18:03:04,662 - INFO - Train loss: 0.5514 (2.8s)
Train loss: 0.5514 (2.8s)
2026-06-24 18:03:04,928 - INFO - Test instance 0.9375, class 0.9375
Test instance 0.9375, class 0.9375
2026-06-24 18:03:04,928 - INFO - Best instance 0.9750, class 0.9750 (epoch 116)
Best instance 0.9750, class 0.9750 (epoch 116)
2026-06-24 18:03:04,946 - INFO - Epoch 176/200:
Epoch 176/200:
2026-06-24 18:03:07,712 - INFO - Train loss: 0.5391 (2.8s)
Train loss: 0.5391 (2.8s)
2026-06-24 18:03:07,978 - INFO - Test instance 0.9000, class 0.9000
Test instance 0.9000, class 0.9000
2026-06-24 18:03:07,978 - INFO - Best instance 0.9750, class 0.9750 (epoch 116)
Best instance 0.9750, class 0.9750 (epoch 116)
2026-06-24 18:03:07,997 - INFO - Epoch 177/200:
Epoch 177/200:
2026-06-24 18:03:10,744 - INFO - Train loss: 0.5386 (2.7s)
Train loss: 0.5386 (2.7s)
2026-06-24 18:03:11,019 - INFO - Test instance 0.9250, class 0.9250
Test instance 0.9250, class 0.9250
2026-06-24 18:03:11,019 - INFO - Best instance 0.9750, class 0.9750 (epoch 116)
Best instance 0.9750, class 0.9750 (epoch 116)
2026-06-24 18:03:11,036 - INFO - Epoch 178/200:
Epoch 178/200:
2026-06-24 18:03:13,755 - INFO - Train loss: 0.5277 (2.7s)
Train loss: 0.5277 (2.7s)
2026-06-24 18:03:14,032 - INFO - Test instance 0.9625, class 0.9625
Test instance 0.9625, class 0.9625
2026-06-24 18:03:14,033 - INFO - Best instance 0.9750, class 0.9750 (epoch 116)
Best instance 0.9750, class 0.9750 (epoch 116)
2026-06-24 18:03:14,050 - INFO - Epoch 179/200:
Epoch 179/200:
2026-06-24 18:03:16,802 - INFO - Train loss: 0.5265 (2.8s)
Train loss: 0.5265 (2.8s)
2026-06-24 18:03:17,063 - INFO - Test instance 0.9375, class 0.9375
Test instance 0.9375, class 0.9375
2026-06-24 18:03:17,063 - INFO - Best instance 0.9750, class 0.9750 (epoch 116)
Best instance 0.9750, class 0.9750 (epoch 116)
2026-06-24 18:03:17,081 - INFO - Epoch 180/200:
Epoch 180/200:
2026-06-24 18:03:19,841 - INFO - Train loss: 0.5390 (2.8s)
Train loss: 0.5390 (2.8s)
2026-06-24 18:03:20,115 - INFO - Test instance 0.9375, class 0.9375
Test instance 0.9375, class 0.9375
2026-06-24 18:03:20,116 - INFO - Best instance 0.9750, class 0.9750 (epoch 116)
Best instance 0.9750, class 0.9750 (epoch 116)
2026-06-24 18:03:20,134 - INFO - Epoch 181/200:
Epoch 181/200:
2026-06-24 18:03:22,868 - INFO - Train loss: 0.5330 (2.7s)
Train loss: 0.5330 (2.7s)
2026-06-24 18:03:23,134 - INFO - Test instance 0.9500, class 0.9500
Test instance 0.9500, class 0.9500
2026-06-24 18:03:23,134 - INFO - Best instance 0.9750, class 0.9750 (epoch 116)
Best instance 0.9750, class 0.9750 (epoch 116)
2026-06-24 18:03:23,151 - INFO - Epoch 182/200:
Epoch 182/200:
2026-06-24 18:03:25,885 - INFO - Train loss: 0.5429 (2.7s)
Train loss: 0.5429 (2.7s)
2026-06-24 18:03:26,155 - INFO - Test instance 0.9250, class 0.9250
Test instance 0.9250, class 0.9250
2026-06-24 18:03:26,156 - INFO - Best instance 0.9750, class 0.9750 (epoch 116)
Best instance 0.9750, class 0.9750 (epoch 116)
2026-06-24 18:03:26,173 - INFO - Epoch 183/200:
Epoch 183/200:
2026-06-24 18:03:28,915 - INFO - Train loss: 0.5314 (2.7s)
Train loss: 0.5314 (2.7s)
2026-06-24 18:03:29,180 - INFO - Test instance 0.9625, class 0.9625
Test instance 0.9625, class 0.9625
2026-06-24 18:03:29,180 - INFO - Best instance 0.9750, class 0.9750 (epoch 116)
Best instance 0.9750, class 0.9750 (epoch 116)
2026-06-24 18:03:29,198 - INFO - Epoch 184/200:
Epoch 184/200:
2026-06-24 18:03:31,922 - INFO - Train loss: 0.5432 (2.7s)
Train loss: 0.5432 (2.7s)
2026-06-24 18:03:32,191 - INFO - Test instance 0.9375, class 0.9375
Test instance 0.9375, class 0.9375
2026-06-24 18:03:32,191 - INFO - Best instance 0.9750, class 0.9750 (epoch 116)
Best instance 0.9750, class 0.9750 (epoch 116)
2026-06-24 18:03:32,209 - INFO - Epoch 185/200:
Epoch 185/200:
2026-06-24 18:03:34,953 - INFO - Train loss: 0.5348 (2.7s)
Train loss: 0.5348 (2.7s)
2026-06-24 18:03:35,219 - INFO - Test instance 0.9500, class 0.9500
Test instance 0.9500, class 0.9500
2026-06-24 18:03:35,220 - INFO - Best instance 0.9750, class 0.9750 (epoch 116)
Best instance 0.9750, class 0.9750 (epoch 116)
2026-06-24 18:03:35,237 - INFO - Epoch 186/200:
Epoch 186/200:
2026-06-24 18:03:37,986 - INFO - Train loss: 0.5344 (2.7s)
Train loss: 0.5344 (2.7s)
2026-06-24 18:03:38,248 - INFO - Test instance 0.9125, class 0.9125
Test instance 0.9125, class 0.9125
2026-06-24 18:03:38,248 - INFO - Best instance 0.9750, class 0.9750 (epoch 116)
Best instance 0.9750, class 0.9750 (epoch 116)
2026-06-24 18:03:38,265 - INFO - Epoch 187/200:
Epoch 187/200:
2026-06-24 18:03:41,032 - INFO - Train loss: 0.5432 (2.8s)
Train loss: 0.5432 (2.8s)
2026-06-24 18:03:41,298 - INFO - Test instance 0.9500, class 0.9500
Test instance 0.9500, class 0.9500
2026-06-24 18:03:41,298 - INFO - Best instance 0.9750, class 0.9750 (epoch 116)
Best instance 0.9750, class 0.9750 (epoch 116)
2026-06-24 18:03:41,315 - INFO - Epoch 188/200:
Epoch 188/200:
2026-06-24 18:03:44,045 - INFO - Train loss: 0.5345 (2.7s)
Train loss: 0.5345 (2.7s)
2026-06-24 18:03:44,313 - INFO - Test instance 0.9250, class 0.9250
Test instance 0.9250, class 0.9250
2026-06-24 18:03:44,313 - INFO - Best instance 0.9750, class 0.9750 (epoch 116)
Best instance 0.9750, class 0.9750 (epoch 116)
2026-06-24 18:03:44,330 - INFO - Epoch 189/200:
Epoch 189/200:
2026-06-24 18:03:47,086 - INFO - Train loss: 0.5246 (2.8s)
Train loss: 0.5246 (2.8s)
2026-06-24 18:03:47,359 - INFO - Test instance 0.9500, class 0.9500
Test instance 0.9500, class 0.9500
2026-06-24 18:03:47,359 - INFO - Best instance 0.9750, class 0.9750 (epoch 116)
Best instance 0.9750, class 0.9750 (epoch 116)
2026-06-24 18:03:47,377 - INFO - Epoch 190/200:
Epoch 190/200:
2026-06-24 18:03:50,112 - INFO - Train loss: 0.5262 (2.7s)
Train loss: 0.5262 (2.7s)
2026-06-24 18:03:50,374 - INFO - Test instance 0.9500, class 0.9500
Test instance 0.9500, class 0.9500
2026-06-24 18:03:50,375 - INFO - Best instance 0.9750, class 0.9750 (epoch 116)
Best instance 0.9750, class 0.9750 (epoch 116)
2026-06-24 18:03:50,392 - INFO - Epoch 191/200:
Epoch 191/200:
2026-06-24 18:03:53,135 - INFO - Train loss: 0.5332 (2.7s)
Train loss: 0.5332 (2.7s)
2026-06-24 18:03:53,397 - INFO - Test instance 0.9375, class 0.9375
Test instance 0.9375, class 0.9375
2026-06-24 18:03:53,398 - INFO - Best instance 0.9750, class 0.9750 (epoch 116)
Best instance 0.9750, class 0.9750 (epoch 116)
2026-06-24 18:03:53,416 - INFO - Epoch 192/200:
Epoch 192/200:
2026-06-24 18:03:56,133 - INFO - Train loss: 0.5498 (2.7s)
Train loss: 0.5498 (2.7s)
2026-06-24 18:03:56,392 - INFO - Test instance 0.9500, class 0.9500
Test instance 0.9500, class 0.9500
2026-06-24 18:03:56,392 - INFO - Best instance 0.9750, class 0.9750 (epoch 116)
Best instance 0.9750, class 0.9750 (epoch 116)
2026-06-24 18:03:56,410 - INFO - Epoch 193/200:
Epoch 193/200:
2026-06-24 18:03:59,166 - INFO - Train loss: 0.5347 (2.8s)
Train loss: 0.5347 (2.8s)
2026-06-24 18:03:59,433 - INFO - Test instance 0.9500, class 0.9500
Test instance 0.9500, class 0.9500
2026-06-24 18:03:59,433 - INFO - Best instance 0.9750, class 0.9750 (epoch 116)
Best instance 0.9750, class 0.9750 (epoch 116)
2026-06-24 18:03:59,451 - INFO - Epoch 194/200:
Epoch 194/200:
2026-06-24 18:04:02,225 - INFO - Train loss: 0.5407 (2.8s)
Train loss: 0.5407 (2.8s)
2026-06-24 18:04:02,505 - INFO - Test instance 0.9375, class 0.9375
Test instance 0.9375, class 0.9375
2026-06-24 18:04:02,505 - INFO - Best instance 0.9750, class 0.9750 (epoch 116)
Best instance 0.9750, class 0.9750 (epoch 116)
2026-06-24 18:04:02,523 - INFO - Epoch 195/200:
Epoch 195/200:
2026-06-24 18:04:05,267 - INFO - Train loss: 0.5298 (2.7s)
Train loss: 0.5298 (2.7s)
2026-06-24 18:04:05,529 - INFO - Test instance 0.9625, class 0.9625
Test instance 0.9625, class 0.9625
2026-06-24 18:04:05,529 - INFO - Best instance 0.9750, class 0.9750 (epoch 116)
Best instance 0.9750, class 0.9750 (epoch 116)
2026-06-24 18:04:05,548 - INFO - Epoch 196/200:
Epoch 196/200:
2026-06-24 18:04:08,289 - INFO - Train loss: 0.5390 (2.7s)
Train loss: 0.5390 (2.7s)
2026-06-24 18:04:08,569 - INFO - Test instance 0.9375, class 0.9375
Test instance 0.9375, class 0.9375
2026-06-24 18:04:08,569 - INFO - Best instance 0.9750, class 0.9750 (epoch 116)
Best instance 0.9750, class 0.9750 (epoch 116)
2026-06-24 18:04:08,587 - INFO - Epoch 197/200:
Epoch 197/200:
2026-06-24 18:04:11,310 - INFO - Train loss: 0.5247 (2.7s)
Train loss: 0.5247 (2.7s)
2026-06-24 18:04:11,572 - INFO - Test instance 0.9625, class 0.9625
Test instance 0.9625, class 0.9625
2026-06-24 18:04:11,572 - INFO - Best instance 0.9750, class 0.9750 (epoch 116)
Best instance 0.9750, class 0.9750 (epoch 116)
2026-06-24 18:04:11,590 - INFO - Epoch 198/200:
Epoch 198/200:
2026-06-24 18:04:14,322 - INFO - Train loss: 0.5317 (2.7s)
Train loss: 0.5317 (2.7s)
2026-06-24 18:04:14,592 - INFO - Test instance 0.8875, class 0.8875
Test instance 0.8875, class 0.8875
2026-06-24 18:04:14,593 - INFO - Best instance 0.9750, class 0.9750 (epoch 116)
Best instance 0.9750, class 0.9750 (epoch 116)
2026-06-24 18:04:14,611 - INFO - Epoch 199/200:
Epoch 199/200:
2026-06-24 18:04:17,331 - INFO - Train loss: 0.5362 (2.7s)
Train loss: 0.5362 (2.7s)
2026-06-24 18:04:17,598 - INFO - Test instance 0.9500, class 0.9500
Test instance 0.9500, class 0.9500
2026-06-24 18:04:17,599 - INFO - Best instance 0.9750, class 0.9750 (epoch 116)
Best instance 0.9750, class 0.9750 (epoch 116)
2026-06-24 18:04:17,617 - INFO - Epoch 200/200:
Epoch 200/200:
2026-06-24 18:04:20,349 - INFO - Train loss: 0.5315 (2.7s)
Train loss: 0.5315 (2.7s)
2026-06-24 18:04:20,626 - INFO - Test instance 0.9500, class 0.9500
Test instance 0.9500, class 0.9500
2026-06-24 18:04:20,627 - INFO - Best instance 0.9750, class 0.9750 (epoch 116)
Best instance 0.9750, class 0.9750 (epoch 116)
2026-06-24 18:04:42,060 - INFO - Student 1.42 MB, 63.54 ms
Student 1.42 MB, 63.54 ms
