[Wed Jun 24 18:34:55 EDT 2026] task 229 on GPU 0: python flkd/advanced_kd_train_classification.py --teacher_model pointnet2_cls_ssg --student_model small_pointnet2 --kd_strategy crd --dataset craniosynostosis --seed 42 --batch_size 24 --epoch 200 --num_point 1024 --teacher_path "outputs/craniosynostosis/flkd/federated/classification/fl_pointnet2_cls_ssg_fedadagrad_s42/checkpoints/best_model.pth" --log_dir kd_pointnet2_cls_ssg_fedadagrad+crd_small_pointnet2_s42  --data_root data --output_root outputs --num_workers -1 --max_runtime_hours 166.0
Loaded teacher from outputs/craniosynostosis/flkd/federated/classification/fl_pointnet2_cls_ssg_fedadagrad_s42/checkpoints/best_model.pth
2026-06-24 18:38:54,637 - INFO - PARAMETER ...
2026-06-24 18:38:54,638 - INFO - {'use_cpu': False, 'no_amp': False, 'gpu': '0', 'num_workers': -1, 'batch_size': 24, 'teacher_model': 'pointnet2_cls_ssg', 'student_model': 'small_pointnet2', 'num_category': 4, 'dataset': 'craniosynostosis', 'data_root': 'data', 'output_root': 'outputs', 'train_split': 0.8, 'dataset_seed': 0, 'cache_dataset': True, 'min_class_samples': 1, 'epoch': 200, 'learning_rate': 0.001, 'num_point': 1024, 'optimizer': 'Adam', 'log_dir': 'kd_pointnet2_cls_ssg_fedadagrad+crd_small_pointnet2_s42', 'decay_rate': 0.0001, 'use_normals': False, 'process_data': False, 'use_uniform_sample': False, 'resume': True, 'kd_strategy': 'crd', 'alpha': 0.5, 'temperature': 2.0, 'beta': 0.5, 'dkd_alpha': 1.0, 'dkd_beta': 8.0, 'crd_temperature': 0.07, 'teacher_path': 'outputs/craniosynostosis/flkd/federated/classification/fl_pointnet2_cls_ssg_fedadagrad_s42/checkpoints/best_model.pth', 'teacher_paths': None, 'teacher_weights': None, 'use_hard_labels': 'on', 'unlabeled': False, 'temperature_sweep': None, 'seed': 42, 'max_runtime_hours': 166.0}
2026-06-24 18:38:54,638 - INFO - KD=crd student=small_pointnet2 AMP=False use_hard=True unlabeled=False T=2.0
KD=crd student=small_pointnet2 AMP=False use_hard=True unlabeled=False T=2.0
2026-06-24 18:38:57,129 - INFO - Added 196864 KD-adapter params to optimiser.
Added 196864 KD-adapter params to optimiser.
2026-06-24 18:38:57,129 - INFO - Epoch 1/200:
Epoch 1/200:
2026-06-24 18:39:00,177 - INFO - Train loss: 2.2884 (3.0s)
Train loss: 2.2884 (3.0s)
2026-06-24 18:39:00,825 - INFO - Test instance 0.2500, class 0.2500
Test instance 0.2500, class 0.2500
2026-06-24 18:39:00,848 - INFO - Best instance 0.2500, class 0.2500 (epoch 1)
Best instance 0.2500, class 0.2500 (epoch 1)
2026-06-24 18:39:00,869 - INFO - Epoch 2/200:
Epoch 2/200:
2026-06-24 18:39:03,654 - INFO - Train loss: 2.1132 (2.8s)
Train loss: 2.1132 (2.8s)
2026-06-24 18:39:03,915 - INFO - Test instance 0.2500, class 0.2500
Test instance 0.2500, class 0.2500
2026-06-24 18:39:03,915 - INFO - Best instance 0.2500, class 0.2500 (epoch 1)
Best instance 0.2500, class 0.2500 (epoch 1)
2026-06-24 18:39:03,937 - INFO - Epoch 3/200:
Epoch 3/200:
2026-06-24 18:39:06,658 - INFO - Train loss: 2.1480 (2.7s)
Train loss: 2.1480 (2.7s)
2026-06-24 18:39:06,926 - INFO - Test instance 0.2500, class 0.2500
Test instance 0.2500, class 0.2500
2026-06-24 18:39:06,926 - INFO - Best instance 0.2500, class 0.2500 (epoch 1)
Best instance 0.2500, class 0.2500 (epoch 1)
2026-06-24 18:39:06,946 - INFO - Epoch 4/200:
Epoch 4/200:
2026-06-24 18:39:09,636 - INFO - Train loss: 2.0646 (2.7s)
Train loss: 2.0646 (2.7s)
2026-06-24 18:39:09,892 - INFO - Test instance 0.2500, class 0.2500
Test instance 0.2500, class 0.2500
2026-06-24 18:39:09,893 - INFO - Best instance 0.2500, class 0.2500 (epoch 1)
Best instance 0.2500, class 0.2500 (epoch 1)
2026-06-24 18:39:09,914 - INFO - Epoch 5/200:
Epoch 5/200:
2026-06-24 18:39:12,651 - INFO - Train loss: 1.9992 (2.7s)
Train loss: 1.9992 (2.7s)
2026-06-24 18:39:12,914 - INFO - Test instance 0.3000, class 0.3000
Test instance 0.3000, class 0.3000
2026-06-24 18:39:12,934 - INFO - Best instance 0.3000, class 0.3000 (epoch 5)
Best instance 0.3000, class 0.3000 (epoch 5)
2026-06-24 18:39:12,954 - INFO - Epoch 6/200:
Epoch 6/200:
2026-06-24 18:39:15,694 - INFO - Train loss: 1.9695 (2.7s)
Train loss: 1.9695 (2.7s)
2026-06-24 18:39:15,954 - INFO - Test instance 0.2625, class 0.2625
Test instance 0.2625, class 0.2625
2026-06-24 18:39:15,955 - INFO - Best instance 0.3000, class 0.3000 (epoch 5)
Best instance 0.3000, class 0.3000 (epoch 5)
2026-06-24 18:39:15,976 - INFO - Epoch 7/200:
Epoch 7/200:
2026-06-24 18:39:18,742 - INFO - Train loss: 1.9710 (2.8s)
Train loss: 1.9710 (2.8s)
2026-06-24 18:39:19,007 - INFO - Test instance 0.5125, class 0.5125
Test instance 0.5125, class 0.5125
2026-06-24 18:39:19,028 - INFO - Best instance 0.5125, class 0.5125 (epoch 7)
Best instance 0.5125, class 0.5125 (epoch 7)
2026-06-24 18:39:19,048 - INFO - Epoch 8/200:
Epoch 8/200:
2026-06-24 18:39:21,804 - INFO - Train loss: 1.8625 (2.8s)
Train loss: 1.8625 (2.8s)
2026-06-24 18:39:22,068 - INFO - Test instance 0.3875, class 0.3875
Test instance 0.3875, class 0.3875
2026-06-24 18:39:22,068 - INFO - Best instance 0.5125, class 0.5125 (epoch 7)
Best instance 0.5125, class 0.5125 (epoch 7)
2026-06-24 18:39:22,089 - INFO - Epoch 9/200:
Epoch 9/200:
2026-06-24 18:39:24,821 - INFO - Train loss: 1.9015 (2.7s)
Train loss: 1.9015 (2.7s)
2026-06-24 18:39:25,087 - INFO - Test instance 0.3750, class 0.3750
Test instance 0.3750, class 0.3750
2026-06-24 18:39:25,087 - INFO - Best instance 0.5125, class 0.5125 (epoch 7)
Best instance 0.5125, class 0.5125 (epoch 7)
2026-06-24 18:39:25,108 - INFO - Epoch 10/200:
Epoch 10/200:
2026-06-24 18:39:27,836 - INFO - Train loss: 2.0100 (2.7s)
Train loss: 2.0100 (2.7s)
2026-06-24 18:39:28,089 - INFO - Test instance 0.2750, class 0.2750
Test instance 0.2750, class 0.2750
2026-06-24 18:39:28,089 - INFO - Best instance 0.5125, class 0.5125 (epoch 7)
Best instance 0.5125, class 0.5125 (epoch 7)
2026-06-24 18:39:28,110 - INFO - Epoch 11/200:
Epoch 11/200:
2026-06-24 18:39:30,821 - INFO - Train loss: 1.9722 (2.7s)
Train loss: 1.9722 (2.7s)
2026-06-24 18:39:31,082 - INFO - Test instance 0.5375, class 0.5375
Test instance 0.5375, class 0.5375
2026-06-24 18:39:31,102 - INFO - Best instance 0.5375, class 0.5375 (epoch 11)
Best instance 0.5375, class 0.5375 (epoch 11)
2026-06-24 18:39:31,122 - INFO - Epoch 12/200:
Epoch 12/200:
2026-06-24 18:39:33,851 - INFO - Train loss: 1.8677 (2.7s)
Train loss: 1.8677 (2.7s)
2026-06-24 18:39:34,112 - INFO - Test instance 0.5625, class 0.5625
Test instance 0.5625, class 0.5625
2026-06-24 18:39:34,131 - INFO - Best instance 0.5625, class 0.5625 (epoch 12)
Best instance 0.5625, class 0.5625 (epoch 12)
2026-06-24 18:39:34,151 - INFO - Epoch 13/200:
Epoch 13/200:
2026-06-24 18:39:36,886 - INFO - Train loss: 1.8342 (2.7s)
Train loss: 1.8342 (2.7s)
2026-06-24 18:39:37,147 - INFO - Test instance 0.5500, class 0.5500
Test instance 0.5500, class 0.5500
2026-06-24 18:39:37,147 - INFO - Best instance 0.5625, class 0.5625 (epoch 12)
Best instance 0.5625, class 0.5625 (epoch 12)
2026-06-24 18:39:37,168 - INFO - Epoch 14/200:
Epoch 14/200:
2026-06-24 18:39:39,918 - INFO - Train loss: 1.7528 (2.8s)
Train loss: 1.7528 (2.8s)
2026-06-24 18:39:40,179 - INFO - Test instance 0.6000, class 0.6000
Test instance 0.6000, class 0.6000
2026-06-24 18:39:40,199 - INFO - Best instance 0.6000, class 0.6000 (epoch 14)
Best instance 0.6000, class 0.6000 (epoch 14)
2026-06-24 18:39:40,220 - INFO - Epoch 15/200:
Epoch 15/200:
2026-06-24 18:39:42,954 - INFO - Train loss: 1.7935 (2.7s)
Train loss: 1.7935 (2.7s)
2026-06-24 18:39:43,213 - INFO - Test instance 0.3125, class 0.3125
Test instance 0.3125, class 0.3125
2026-06-24 18:39:43,213 - INFO - Best instance 0.6000, class 0.6000 (epoch 14)
Best instance 0.6000, class 0.6000 (epoch 14)
2026-06-24 18:39:43,234 - INFO - Epoch 16/200:
Epoch 16/200:
2026-06-24 18:39:45,951 - INFO - Train loss: 1.7389 (2.7s)
Train loss: 1.7389 (2.7s)
2026-06-24 18:39:46,213 - INFO - Test instance 0.6875, class 0.6875
Test instance 0.6875, class 0.6875
2026-06-24 18:39:46,231 - INFO - Best instance 0.6875, class 0.6875 (epoch 16)
Best instance 0.6875, class 0.6875 (epoch 16)
2026-06-24 18:39:46,251 - INFO - Epoch 17/200:
Epoch 17/200:
2026-06-24 18:39:48,994 - INFO - Train loss: 1.6678 (2.7s)
Train loss: 1.6678 (2.7s)
2026-06-24 18:39:49,254 - INFO - Test instance 0.6625, class 0.6625
Test instance 0.6625, class 0.6625
2026-06-24 18:39:49,255 - INFO - Best instance 0.6875, class 0.6875 (epoch 16)
Best instance 0.6875, class 0.6875 (epoch 16)
2026-06-24 18:39:49,275 - INFO - Epoch 18/200:
Epoch 18/200:
2026-06-24 18:39:51,989 - INFO - Train loss: 1.7015 (2.7s)
Train loss: 1.7015 (2.7s)
2026-06-24 18:39:52,255 - INFO - Test instance 0.3000, class 0.3000
Test instance 0.3000, class 0.3000
2026-06-24 18:39:52,255 - INFO - Best instance 0.6875, class 0.6875 (epoch 16)
Best instance 0.6875, class 0.6875 (epoch 16)
2026-06-24 18:39:52,277 - INFO - Epoch 19/200:
Epoch 19/200:
2026-06-24 18:39:55,014 - INFO - Train loss: 1.6801 (2.7s)
Train loss: 1.6801 (2.7s)
2026-06-24 18:39:55,272 - INFO - Test instance 0.5125, class 0.5125
Test instance 0.5125, class 0.5125
2026-06-24 18:39:55,272 - INFO - Best instance 0.6875, class 0.6875 (epoch 16)
Best instance 0.6875, class 0.6875 (epoch 16)
2026-06-24 18:39:55,293 - INFO - Epoch 20/200:
Epoch 20/200:
2026-06-24 18:39:58,005 - INFO - Train loss: 1.7421 (2.7s)
Train loss: 1.7421 (2.7s)
2026-06-24 18:39:58,268 - INFO - Test instance 0.6000, class 0.6000
Test instance 0.6000, class 0.6000
2026-06-24 18:39:58,268 - INFO - Best instance 0.6875, class 0.6875 (epoch 16)
Best instance 0.6875, class 0.6875 (epoch 16)
2026-06-24 18:39:58,291 - INFO - Epoch 21/200:
Epoch 21/200:
2026-06-24 18:40:01,026 - INFO - Train loss: 1.6764 (2.7s)
Train loss: 1.6764 (2.7s)
2026-06-24 18:40:01,280 - INFO - Test instance 0.4000, class 0.4000
Test instance 0.4000, class 0.4000
2026-06-24 18:40:01,280 - INFO - Best instance 0.6875, class 0.6875 (epoch 16)
Best instance 0.6875, class 0.6875 (epoch 16)
2026-06-24 18:40:01,300 - INFO - Epoch 22/200:
Epoch 22/200:
2026-06-24 18:40:04,086 - INFO - Train loss: 1.6050 (2.8s)
Train loss: 1.6050 (2.8s)
2026-06-24 18:40:04,336 - INFO - Test instance 0.6000, class 0.6000
Test instance 0.6000, class 0.6000
2026-06-24 18:40:04,336 - INFO - Best instance 0.6875, class 0.6875 (epoch 16)
Best instance 0.6875, class 0.6875 (epoch 16)
2026-06-24 18:40:04,356 - INFO - Epoch 23/200:
Epoch 23/200:
2026-06-24 18:40:07,084 - INFO - Train loss: 1.7057 (2.7s)
Train loss: 1.7057 (2.7s)
2026-06-24 18:40:07,350 - INFO - Test instance 0.6250, class 0.6250
Test instance 0.6250, class 0.6250
2026-06-24 18:40:07,350 - INFO - Best instance 0.6875, class 0.6875 (epoch 16)
Best instance 0.6875, class 0.6875 (epoch 16)
2026-06-24 18:40:07,370 - INFO - Epoch 24/200:
Epoch 24/200:
2026-06-24 18:40:10,063 - INFO - Train loss: 1.6329 (2.7s)
Train loss: 1.6329 (2.7s)
2026-06-24 18:40:10,336 - INFO - Test instance 0.7875, class 0.7875
Test instance 0.7875, class 0.7875
2026-06-24 18:40:10,355 - INFO - Best instance 0.7875, class 0.7875 (epoch 24)
Best instance 0.7875, class 0.7875 (epoch 24)
2026-06-24 18:40:10,375 - INFO - Epoch 25/200:
Epoch 25/200:
2026-06-24 18:40:13,092 - INFO - Train loss: 1.5598 (2.7s)
Train loss: 1.5598 (2.7s)
2026-06-24 18:40:13,362 - INFO - Test instance 0.5250, class 0.5250
Test instance 0.5250, class 0.5250
2026-06-24 18:40:13,362 - INFO - Best instance 0.7875, class 0.7875 (epoch 24)
Best instance 0.7875, class 0.7875 (epoch 24)
2026-06-24 18:40:13,382 - INFO - Epoch 26/200:
Epoch 26/200:
2026-06-24 18:40:16,089 - INFO - Train loss: 1.5175 (2.7s)
Train loss: 1.5175 (2.7s)
2026-06-24 18:40:16,355 - INFO - Test instance 0.7500, class 0.7500
Test instance 0.7500, class 0.7500
2026-06-24 18:40:16,355 - INFO - Best instance 0.7875, class 0.7875 (epoch 24)
Best instance 0.7875, class 0.7875 (epoch 24)
2026-06-24 18:40:16,377 - INFO - Epoch 27/200:
Epoch 27/200:
2026-06-24 18:40:19,095 - INFO - Train loss: 1.4702 (2.7s)
Train loss: 1.4702 (2.7s)
2026-06-24 18:40:19,356 - INFO - Test instance 0.7375, class 0.7375
Test instance 0.7375, class 0.7375
2026-06-24 18:40:19,357 - INFO - Best instance 0.7875, class 0.7875 (epoch 24)
Best instance 0.7875, class 0.7875 (epoch 24)
2026-06-24 18:40:19,378 - INFO - Epoch 28/200:
Epoch 28/200:
2026-06-24 18:40:22,109 - INFO - Train loss: 1.5577 (2.7s)
Train loss: 1.5577 (2.7s)
2026-06-24 18:40:22,371 - INFO - Test instance 0.7375, class 0.7375
Test instance 0.7375, class 0.7375
2026-06-24 18:40:22,371 - INFO - Best instance 0.7875, class 0.7875 (epoch 24)
Best instance 0.7875, class 0.7875 (epoch 24)
2026-06-24 18:40:22,392 - INFO - Epoch 29/200:
Epoch 29/200:
2026-06-24 18:40:25,129 - INFO - Train loss: 1.5655 (2.7s)
Train loss: 1.5655 (2.7s)
2026-06-24 18:40:25,398 - INFO - Test instance 0.7250, class 0.7250
Test instance 0.7250, class 0.7250
2026-06-24 18:40:25,399 - INFO - Best instance 0.7875, class 0.7875 (epoch 24)
Best instance 0.7875, class 0.7875 (epoch 24)
2026-06-24 18:40:25,419 - INFO - Epoch 30/200:
Epoch 30/200:
2026-06-24 18:40:28,173 - INFO - Train loss: 1.6495 (2.8s)
Train loss: 1.6495 (2.8s)
2026-06-24 18:40:28,431 - INFO - Test instance 0.7250, class 0.7250
Test instance 0.7250, class 0.7250
2026-06-24 18:40:28,431 - INFO - Best instance 0.7875, class 0.7875 (epoch 24)
Best instance 0.7875, class 0.7875 (epoch 24)
2026-06-24 18:40:28,452 - INFO - Epoch 31/200:
Epoch 31/200:
2026-06-24 18:40:31,151 - INFO - Train loss: 1.5904 (2.7s)
Train loss: 1.5904 (2.7s)
2026-06-24 18:40:31,409 - INFO - Test instance 0.8125, class 0.8125
Test instance 0.8125, class 0.8125
2026-06-24 18:40:31,428 - INFO - Best instance 0.8125, class 0.8125 (epoch 31)
Best instance 0.8125, class 0.8125 (epoch 31)
2026-06-24 18:40:31,449 - INFO - Epoch 32/200:
Epoch 32/200:
2026-06-24 18:40:34,193 - INFO - Train loss: 1.3665 (2.7s)
Train loss: 1.3665 (2.7s)
2026-06-24 18:40:34,451 - INFO - Test instance 0.8500, class 0.8500
Test instance 0.8500, class 0.8500
2026-06-24 18:40:34,471 - INFO - Best instance 0.8500, class 0.8500 (epoch 32)
Best instance 0.8500, class 0.8500 (epoch 32)
2026-06-24 18:40:34,492 - INFO - Epoch 33/200:
Epoch 33/200:
2026-06-24 18:40:37,235 - INFO - Train loss: 1.4412 (2.7s)
Train loss: 1.4412 (2.7s)
2026-06-24 18:40:37,496 - INFO - Test instance 0.8375, class 0.8375
Test instance 0.8375, class 0.8375
2026-06-24 18:40:37,496 - INFO - Best instance 0.8500, class 0.8500 (epoch 32)
Best instance 0.8500, class 0.8500 (epoch 32)
2026-06-24 18:40:37,517 - INFO - Epoch 34/200:
Epoch 34/200:
2026-06-24 18:40:40,251 - INFO - Train loss: 1.4334 (2.7s)
Train loss: 1.4334 (2.7s)
2026-06-24 18:40:40,521 - INFO - Test instance 0.7500, class 0.7500
Test instance 0.7500, class 0.7500
2026-06-24 18:40:40,521 - INFO - Best instance 0.8500, class 0.8500 (epoch 32)
Best instance 0.8500, class 0.8500 (epoch 32)
2026-06-24 18:40:40,542 - INFO - Epoch 35/200:
Epoch 35/200:
2026-06-24 18:40:43,284 - INFO - Train loss: 1.4540 (2.7s)
Train loss: 1.4540 (2.7s)
2026-06-24 18:40:43,549 - INFO - Test instance 0.7125, class 0.7125
Test instance 0.7125, class 0.7125
2026-06-24 18:40:43,549 - INFO - Best instance 0.8500, class 0.8500 (epoch 32)
Best instance 0.8500, class 0.8500 (epoch 32)
2026-06-24 18:40:43,571 - INFO - Epoch 36/200:
Epoch 36/200:
2026-06-24 18:40:46,282 - INFO - Train loss: 1.4283 (2.7s)
Train loss: 1.4283 (2.7s)
2026-06-24 18:40:46,543 - INFO - Test instance 0.7625, class 0.7625
Test instance 0.7625, class 0.7625
2026-06-24 18:40:46,543 - INFO - Best instance 0.8500, class 0.8500 (epoch 32)
Best instance 0.8500, class 0.8500 (epoch 32)
2026-06-24 18:40:46,565 - INFO - Epoch 37/200:
Epoch 37/200:
2026-06-24 18:40:49,287 - INFO - Train loss: 1.3696 (2.7s)
Train loss: 1.3696 (2.7s)
2026-06-24 18:40:49,545 - INFO - Test instance 0.8250, class 0.8250
Test instance 0.8250, class 0.8250
2026-06-24 18:40:49,546 - INFO - Best instance 0.8500, class 0.8500 (epoch 32)
Best instance 0.8500, class 0.8500 (epoch 32)
2026-06-24 18:40:49,569 - INFO - Epoch 38/200:
Epoch 38/200:
2026-06-24 18:40:52,245 - INFO - Train loss: 1.4587 (2.7s)
Train loss: 1.4587 (2.7s)
2026-06-24 18:40:52,501 - INFO - Test instance 0.7000, class 0.7000
Test instance 0.7000, class 0.7000
2026-06-24 18:40:52,501 - INFO - Best instance 0.8500, class 0.8500 (epoch 32)
Best instance 0.8500, class 0.8500 (epoch 32)
2026-06-24 18:40:52,523 - INFO - Epoch 39/200:
Epoch 39/200:
2026-06-24 18:40:55,231 - INFO - Train loss: 1.4041 (2.7s)
Train loss: 1.4041 (2.7s)
2026-06-24 18:40:55,486 - INFO - Test instance 0.8625, class 0.8625
Test instance 0.8625, class 0.8625
2026-06-24 18:40:55,506 - INFO - Best instance 0.8625, class 0.8625 (epoch 39)
Best instance 0.8625, class 0.8625 (epoch 39)
2026-06-24 18:40:55,526 - INFO - Epoch 40/200:
Epoch 40/200:
2026-06-24 18:40:58,238 - INFO - Train loss: 1.5250 (2.7s)
Train loss: 1.5250 (2.7s)
2026-06-24 18:40:58,500 - INFO - Test instance 0.8250, class 0.8250
Test instance 0.8250, class 0.8250
2026-06-24 18:40:58,501 - INFO - Best instance 0.8625, class 0.8625 (epoch 39)
Best instance 0.8625, class 0.8625 (epoch 39)
2026-06-24 18:40:58,523 - INFO - Epoch 41/200:
Epoch 41/200:
2026-06-24 18:41:01,216 - INFO - Train loss: 1.5318 (2.7s)
Train loss: 1.5318 (2.7s)
2026-06-24 18:41:01,471 - INFO - Test instance 0.8375, class 0.8375
Test instance 0.8375, class 0.8375
2026-06-24 18:41:01,471 - INFO - Best instance 0.8625, class 0.8625 (epoch 39)
Best instance 0.8625, class 0.8625 (epoch 39)
2026-06-24 18:41:01,492 - INFO - Epoch 42/200:
Epoch 42/200:
2026-06-24 18:41:04,291 - INFO - Train loss: 1.4247 (2.8s)
Train loss: 1.4247 (2.8s)
2026-06-24 18:41:04,551 - INFO - Test instance 0.8625, class 0.8625
Test instance 0.8625, class 0.8625
2026-06-24 18:41:04,552 - INFO - Best instance 0.8625, class 0.8625 (epoch 39)
Best instance 0.8625, class 0.8625 (epoch 39)
2026-06-24 18:41:04,574 - INFO - Epoch 43/200:
Epoch 43/200:
2026-06-24 18:41:07,289 - INFO - Train loss: 1.2547 (2.7s)
Train loss: 1.2547 (2.7s)
2026-06-24 18:41:07,556 - INFO - Test instance 0.8750, class 0.8750
Test instance 0.8750, class 0.8750
2026-06-24 18:41:07,575 - INFO - Best instance 0.8750, class 0.8750 (epoch 43)
Best instance 0.8750, class 0.8750 (epoch 43)
2026-06-24 18:41:07,595 - INFO - Epoch 44/200:
Epoch 44/200:
2026-06-24 18:41:10,337 - INFO - Train loss: 1.1141 (2.7s)
Train loss: 1.1141 (2.7s)
2026-06-24 18:41:10,594 - INFO - Test instance 0.9000, class 0.9000
Test instance 0.9000, class 0.9000
2026-06-24 18:41:10,614 - INFO - Best instance 0.9000, class 0.9000 (epoch 44)
Best instance 0.9000, class 0.9000 (epoch 44)
2026-06-24 18:41:10,634 - INFO - Epoch 45/200:
Epoch 45/200:
2026-06-24 18:41:13,366 - INFO - Train loss: 1.3254 (2.7s)
Train loss: 1.3254 (2.7s)
2026-06-24 18:41:13,632 - INFO - Test instance 0.8750, class 0.8750
Test instance 0.8750, class 0.8750
2026-06-24 18:41:13,633 - INFO - Best instance 0.9000, class 0.9000 (epoch 44)
Best instance 0.9000, class 0.9000 (epoch 44)
2026-06-24 18:41:13,657 - INFO - Epoch 46/200:
Epoch 46/200:
2026-06-24 18:41:16,370 - INFO - Train loss: 1.4168 (2.7s)
Train loss: 1.4168 (2.7s)
2026-06-24 18:41:16,636 - INFO - Test instance 0.7625, class 0.7625
Test instance 0.7625, class 0.7625
2026-06-24 18:41:16,636 - INFO - Best instance 0.9000, class 0.9000 (epoch 44)
Best instance 0.9000, class 0.9000 (epoch 44)
2026-06-24 18:41:16,658 - INFO - Epoch 47/200:
Epoch 47/200:
2026-06-24 18:41:19,385 - INFO - Train loss: 1.3349 (2.7s)
Train loss: 1.3349 (2.7s)
2026-06-24 18:41:19,645 - INFO - Test instance 0.8500, class 0.8500
Test instance 0.8500, class 0.8500
2026-06-24 18:41:19,645 - INFO - Best instance 0.9000, class 0.9000 (epoch 44)
Best instance 0.9000, class 0.9000 (epoch 44)
2026-06-24 18:41:19,667 - INFO - Epoch 48/200:
Epoch 48/200:
2026-06-24 18:41:22,399 - INFO - Train loss: 1.2434 (2.7s)
Train loss: 1.2434 (2.7s)
2026-06-24 18:41:22,662 - INFO - Test instance 0.7500, class 0.7500
Test instance 0.7500, class 0.7500
2026-06-24 18:41:22,662 - INFO - Best instance 0.9000, class 0.9000 (epoch 44)
Best instance 0.9000, class 0.9000 (epoch 44)
2026-06-24 18:41:22,683 - INFO - Epoch 49/200:
Epoch 49/200:
2026-06-24 18:41:25,440 - INFO - Train loss: 1.2529 (2.8s)
Train loss: 1.2529 (2.8s)
2026-06-24 18:41:25,704 - INFO - Test instance 0.6750, class 0.6750
Test instance 0.6750, class 0.6750
2026-06-24 18:41:25,704 - INFO - Best instance 0.9000, class 0.9000 (epoch 44)
Best instance 0.9000, class 0.9000 (epoch 44)
2026-06-24 18:41:25,726 - INFO - Epoch 50/200:
Epoch 50/200:
2026-06-24 18:41:28,457 - INFO - Train loss: 1.1646 (2.7s)
Train loss: 1.1646 (2.7s)
2026-06-24 18:41:28,726 - INFO - Test instance 0.8125, class 0.8125
Test instance 0.8125, class 0.8125
2026-06-24 18:41:28,726 - INFO - Best instance 0.9000, class 0.9000 (epoch 44)
Best instance 0.9000, class 0.9000 (epoch 44)
2026-06-24 18:41:28,747 - INFO - Epoch 51/200:
Epoch 51/200:
2026-06-24 18:41:31,468 - INFO - Train loss: 1.1804 (2.7s)
Train loss: 1.1804 (2.7s)
2026-06-24 18:41:31,733 - INFO - Test instance 0.8500, class 0.8500
Test instance 0.8500, class 0.8500
2026-06-24 18:41:31,733 - INFO - Best instance 0.9000, class 0.9000 (epoch 44)
Best instance 0.9000, class 0.9000 (epoch 44)
2026-06-24 18:41:31,755 - INFO - Epoch 52/200:
Epoch 52/200:
2026-06-24 18:41:34,452 - INFO - Train loss: 1.2961 (2.7s)
Train loss: 1.2961 (2.7s)
2026-06-24 18:41:34,710 - INFO - Test instance 0.7750, class 0.7750
Test instance 0.7750, class 0.7750
2026-06-24 18:41:34,710 - INFO - Best instance 0.9000, class 0.9000 (epoch 44)
Best instance 0.9000, class 0.9000 (epoch 44)
2026-06-24 18:41:34,731 - INFO - Epoch 53/200:
Epoch 53/200:
2026-06-24 18:41:37,436 - INFO - Train loss: 1.1940 (2.7s)
Train loss: 1.1940 (2.7s)
2026-06-24 18:41:37,697 - INFO - Test instance 0.8625, class 0.8625
Test instance 0.8625, class 0.8625
2026-06-24 18:41:37,697 - INFO - Best instance 0.9000, class 0.9000 (epoch 44)
Best instance 0.9000, class 0.9000 (epoch 44)
2026-06-24 18:41:37,749 - INFO - Epoch 54/200:
Epoch 54/200:
2026-06-24 18:41:40,453 - INFO - Train loss: 1.1912 (2.7s)
Train loss: 1.1912 (2.7s)
2026-06-24 18:41:40,722 - INFO - Test instance 0.8750, class 0.8750
Test instance 0.8750, class 0.8750
2026-06-24 18:41:40,722 - INFO - Best instance 0.9000, class 0.9000 (epoch 44)
Best instance 0.9000, class 0.9000 (epoch 44)
2026-06-24 18:41:40,745 - INFO - Epoch 55/200:
Epoch 55/200:
2026-06-24 18:41:43,506 - INFO - Train loss: 1.2048 (2.8s)
Train loss: 1.2048 (2.8s)
2026-06-24 18:41:43,768 - INFO - Test instance 0.8875, class 0.8875
Test instance 0.8875, class 0.8875
2026-06-24 18:41:43,769 - INFO - Best instance 0.9000, class 0.9000 (epoch 44)
Best instance 0.9000, class 0.9000 (epoch 44)
2026-06-24 18:41:43,789 - INFO - Epoch 56/200:
Epoch 56/200:
2026-06-24 18:41:46,522 - INFO - Train loss: 1.1663 (2.7s)
Train loss: 1.1663 (2.7s)
2026-06-24 18:41:46,784 - INFO - Test instance 0.8875, class 0.8875
Test instance 0.8875, class 0.8875
2026-06-24 18:41:46,785 - INFO - Best instance 0.9000, class 0.9000 (epoch 44)
Best instance 0.9000, class 0.9000 (epoch 44)
2026-06-24 18:41:46,806 - INFO - Epoch 57/200:
Epoch 57/200:
2026-06-24 18:41:49,526 - INFO - Train loss: 1.1629 (2.7s)
Train loss: 1.1629 (2.7s)
2026-06-24 18:41:49,796 - INFO - Test instance 0.8875, class 0.8875
Test instance 0.8875, class 0.8875
2026-06-24 18:41:49,797 - INFO - Best instance 0.9000, class 0.9000 (epoch 44)
Best instance 0.9000, class 0.9000 (epoch 44)
2026-06-24 18:41:49,817 - INFO - Epoch 58/200:
Epoch 58/200:
2026-06-24 18:41:52,555 - INFO - Train loss: 1.2258 (2.7s)
Train loss: 1.2258 (2.7s)
2026-06-24 18:41:52,808 - INFO - Test instance 0.9125, class 0.9125
Test instance 0.9125, class 0.9125
2026-06-24 18:41:52,827 - INFO - Best instance 0.9125, class 0.9125 (epoch 58)
Best instance 0.9125, class 0.9125 (epoch 58)
2026-06-24 18:41:52,847 - INFO - Epoch 59/200:
Epoch 59/200:
2026-06-24 18:41:55,585 - INFO - Train loss: 1.3329 (2.7s)
Train loss: 1.3329 (2.7s)
2026-06-24 18:41:55,850 - INFO - Test instance 0.7875, class 0.7875
Test instance 0.7875, class 0.7875
2026-06-24 18:41:55,850 - INFO - Best instance 0.9125, class 0.9125 (epoch 58)
Best instance 0.9125, class 0.9125 (epoch 58)
2026-06-24 18:41:55,871 - INFO - Epoch 60/200:
Epoch 60/200:
2026-06-24 18:41:58,578 - INFO - Train loss: 1.1867 (2.7s)
Train loss: 1.1867 (2.7s)
2026-06-24 18:41:58,837 - INFO - Test instance 0.8250, class 0.8250
Test instance 0.8250, class 0.8250
2026-06-24 18:41:58,837 - INFO - Best instance 0.9125, class 0.9125 (epoch 58)
Best instance 0.9125, class 0.9125 (epoch 58)
2026-06-24 18:41:58,857 - INFO - Epoch 61/200:
Epoch 61/200:
2026-06-24 18:42:01,569 - INFO - Train loss: 1.1705 (2.7s)
Train loss: 1.1705 (2.7s)
2026-06-24 18:42:01,842 - INFO - Test instance 0.9375, class 0.9375
Test instance 0.9375, class 0.9375
2026-06-24 18:42:01,864 - INFO - Best instance 0.9375, class 0.9375 (epoch 61)
Best instance 0.9375, class 0.9375 (epoch 61)
2026-06-24 18:42:01,886 - INFO - Epoch 62/200:
Epoch 62/200:
2026-06-24 18:42:04,649 - INFO - Train loss: 1.1422 (2.8s)
Train loss: 1.1422 (2.8s)
2026-06-24 18:42:04,904 - INFO - Test instance 0.7500, class 0.7500
Test instance 0.7500, class 0.7500
2026-06-24 18:42:04,904 - INFO - Best instance 0.9375, class 0.9375 (epoch 61)
Best instance 0.9375, class 0.9375 (epoch 61)
2026-06-24 18:42:04,925 - INFO - Epoch 63/200:
Epoch 63/200:
2026-06-24 18:42:07,633 - INFO - Train loss: 1.1135 (2.7s)
Train loss: 1.1135 (2.7s)
2026-06-24 18:42:07,886 - INFO - Test instance 0.7750, class 0.7750
Test instance 0.7750, class 0.7750
2026-06-24 18:42:07,886 - INFO - Best instance 0.9375, class 0.9375 (epoch 61)
Best instance 0.9375, class 0.9375 (epoch 61)
2026-06-24 18:42:07,908 - INFO - Epoch 64/200:
Epoch 64/200:
2026-06-24 18:42:10,618 - INFO - Train loss: 1.1253 (2.7s)
Train loss: 1.1253 (2.7s)
2026-06-24 18:42:10,878 - INFO - Test instance 0.9375, class 0.9375
Test instance 0.9375, class 0.9375
2026-06-24 18:42:10,879 - INFO - Best instance 0.9375, class 0.9375 (epoch 61)
Best instance 0.9375, class 0.9375 (epoch 61)
2026-06-24 18:42:10,900 - INFO - Epoch 65/200:
Epoch 65/200:
2026-06-24 18:42:13,594 - INFO - Train loss: 1.1943 (2.7s)
Train loss: 1.1943 (2.7s)
2026-06-24 18:42:13,856 - INFO - Test instance 0.9375, class 0.9375
Test instance 0.9375, class 0.9375
2026-06-24 18:42:13,857 - INFO - Best instance 0.9375, class 0.9375 (epoch 61)
Best instance 0.9375, class 0.9375 (epoch 61)
2026-06-24 18:42:13,878 - INFO - Epoch 66/200:
Epoch 66/200:
2026-06-24 18:42:16,581 - INFO - Train loss: 1.0588 (2.7s)
Train loss: 1.0588 (2.7s)
2026-06-24 18:42:16,836 - INFO - Test instance 0.8625, class 0.8625
Test instance 0.8625, class 0.8625
2026-06-24 18:42:16,837 - INFO - Best instance 0.9375, class 0.9375 (epoch 61)
Best instance 0.9375, class 0.9375 (epoch 61)
2026-06-24 18:42:16,858 - INFO - Epoch 67/200:
Epoch 67/200:
2026-06-24 18:42:19,584 - INFO - Train loss: 0.9906 (2.7s)
Train loss: 0.9906 (2.7s)
2026-06-24 18:42:19,847 - INFO - Test instance 0.8625, class 0.8625
Test instance 0.8625, class 0.8625
2026-06-24 18:42:19,847 - INFO - Best instance 0.9375, class 0.9375 (epoch 61)
Best instance 0.9375, class 0.9375 (epoch 61)
2026-06-24 18:42:19,868 - INFO - Epoch 68/200:
Epoch 68/200:
2026-06-24 18:42:22,619 - INFO - Train loss: 1.1116 (2.8s)
Train loss: 1.1116 (2.8s)
2026-06-24 18:42:22,886 - INFO - Test instance 0.8500, class 0.8500
Test instance 0.8500, class 0.8500
2026-06-24 18:42:22,886 - INFO - Best instance 0.9375, class 0.9375 (epoch 61)
Best instance 0.9375, class 0.9375 (epoch 61)
2026-06-24 18:42:22,908 - INFO - Epoch 69/200:
Epoch 69/200:
2026-06-24 18:42:25,647 - INFO - Train loss: 0.9873 (2.7s)
Train loss: 0.9873 (2.7s)
2026-06-24 18:42:25,904 - INFO - Test instance 0.8875, class 0.8875
Test instance 0.8875, class 0.8875
2026-06-24 18:42:25,904 - INFO - Best instance 0.9375, class 0.9375 (epoch 61)
Best instance 0.9375, class 0.9375 (epoch 61)
2026-06-24 18:42:25,925 - INFO - Epoch 70/200:
Epoch 70/200:
2026-06-24 18:42:28,667 - INFO - Train loss: 1.0473 (2.7s)
Train loss: 1.0473 (2.7s)
2026-06-24 18:42:28,922 - INFO - Test instance 0.9125, class 0.9125
Test instance 0.9125, class 0.9125
2026-06-24 18:42:28,922 - INFO - Best instance 0.9375, class 0.9375 (epoch 61)
Best instance 0.9375, class 0.9375 (epoch 61)
2026-06-24 18:42:28,943 - INFO - Epoch 71/200:
Epoch 71/200:
2026-06-24 18:42:31,668 - INFO - Train loss: 1.1035 (2.7s)
Train loss: 1.1035 (2.7s)
2026-06-24 18:42:31,924 - INFO - Test instance 0.8250, class 0.8250
Test instance 0.8250, class 0.8250
2026-06-24 18:42:31,924 - INFO - Best instance 0.9375, class 0.9375 (epoch 61)
Best instance 0.9375, class 0.9375 (epoch 61)
2026-06-24 18:42:31,945 - INFO - Epoch 72/200:
Epoch 72/200:
2026-06-24 18:42:34,658 - INFO - Train loss: 1.0383 (2.7s)
Train loss: 1.0383 (2.7s)
2026-06-24 18:42:34,918 - INFO - Test instance 0.8750, class 0.8750
Test instance 0.8750, class 0.8750
2026-06-24 18:42:34,918 - INFO - Best instance 0.9375, class 0.9375 (epoch 61)
Best instance 0.9375, class 0.9375 (epoch 61)
2026-06-24 18:42:34,940 - INFO - Epoch 73/200:
Epoch 73/200:
2026-06-24 18:42:37,658 - INFO - Train loss: 1.0004 (2.7s)
Train loss: 1.0004 (2.7s)
2026-06-24 18:42:37,921 - INFO - Test instance 0.8875, class 0.8875
Test instance 0.8875, class 0.8875
2026-06-24 18:42:37,921 - INFO - Best instance 0.9375, class 0.9375 (epoch 61)
Best instance 0.9375, class 0.9375 (epoch 61)
2026-06-24 18:42:37,943 - INFO - Epoch 74/200:
Epoch 74/200:
2026-06-24 18:42:40,668 - INFO - Train loss: 1.1124 (2.7s)
Train loss: 1.1124 (2.7s)
2026-06-24 18:42:40,946 - INFO - Test instance 0.8625, class 0.8625
Test instance 0.8625, class 0.8625
2026-06-24 18:42:40,947 - INFO - Best instance 0.9375, class 0.9375 (epoch 61)
Best instance 0.9375, class 0.9375 (epoch 61)
2026-06-24 18:42:40,969 - INFO - Epoch 75/200:
Epoch 75/200:
2026-06-24 18:42:43,704 - INFO - Train loss: 1.1716 (2.7s)
Train loss: 1.1716 (2.7s)
2026-06-24 18:42:43,966 - INFO - Test instance 0.9125, class 0.9125
Test instance 0.9125, class 0.9125
2026-06-24 18:42:43,967 - INFO - Best instance 0.9375, class 0.9375 (epoch 61)
Best instance 0.9375, class 0.9375 (epoch 61)
2026-06-24 18:42:43,990 - INFO - Epoch 76/200:
Epoch 76/200:
2026-06-24 18:42:46,699 - INFO - Train loss: 1.0712 (2.7s)
Train loss: 1.0712 (2.7s)
2026-06-24 18:42:46,965 - INFO - Test instance 0.9000, class 0.9000
Test instance 0.9000, class 0.9000
2026-06-24 18:42:46,965 - INFO - Best instance 0.9375, class 0.9375 (epoch 61)
Best instance 0.9375, class 0.9375 (epoch 61)
2026-06-24 18:42:46,987 - INFO - Epoch 77/200:
Epoch 77/200:
2026-06-24 18:42:49,686 - INFO - Train loss: 1.1371 (2.7s)
Train loss: 1.1371 (2.7s)
2026-06-24 18:42:49,945 - INFO - Test instance 0.8875, class 0.8875
Test instance 0.8875, class 0.8875
2026-06-24 18:42:49,946 - INFO - Best instance 0.9375, class 0.9375 (epoch 61)
Best instance 0.9375, class 0.9375 (epoch 61)
2026-06-24 18:42:49,967 - INFO - Epoch 78/200:
Epoch 78/200:
2026-06-24 18:42:52,666 - INFO - Train loss: 1.0520 (2.7s)
Train loss: 1.0520 (2.7s)
2026-06-24 18:42:52,919 - INFO - Test instance 0.9125, class 0.9125
Test instance 0.9125, class 0.9125
2026-06-24 18:42:52,920 - INFO - Best instance 0.9375, class 0.9375 (epoch 61)
Best instance 0.9375, class 0.9375 (epoch 61)
2026-06-24 18:42:52,940 - INFO - Epoch 79/200:
Epoch 79/200:
2026-06-24 18:42:55,648 - INFO - Train loss: 1.0707 (2.7s)
Train loss: 1.0707 (2.7s)
2026-06-24 18:42:55,914 - INFO - Test instance 0.9375, class 0.9375
Test instance 0.9375, class 0.9375
2026-06-24 18:42:55,914 - INFO - Best instance 0.9375, class 0.9375 (epoch 61)
Best instance 0.9375, class 0.9375 (epoch 61)
2026-06-24 18:42:55,935 - INFO - Epoch 80/200:
Epoch 80/200:
2026-06-24 18:42:58,624 - INFO - Train loss: 1.1403 (2.7s)
Train loss: 1.1403 (2.7s)
2026-06-24 18:42:58,885 - INFO - Test instance 0.9375, class 0.9375
Test instance 0.9375, class 0.9375
2026-06-24 18:42:58,886 - INFO - Best instance 0.9375, class 0.9375 (epoch 61)
Best instance 0.9375, class 0.9375 (epoch 61)
2026-06-24 18:42:58,907 - INFO - Epoch 81/200:
Epoch 81/200:
2026-06-24 18:43:01,632 - INFO - Train loss: 0.9976 (2.7s)
Train loss: 0.9976 (2.7s)
2026-06-24 18:43:01,920 - INFO - Test instance 0.9500, class 0.9500
Test instance 0.9500, class 0.9500
2026-06-24 18:43:01,942 - INFO - Best instance 0.9500, class 0.9500 (epoch 81)
Best instance 0.9500, class 0.9500 (epoch 81)
2026-06-24 18:43:01,964 - INFO - Epoch 82/200:
Epoch 82/200:
2026-06-24 18:43:04,709 - INFO - Train loss: 0.9445 (2.7s)
Train loss: 0.9445 (2.7s)
2026-06-24 18:43:04,984 - INFO - Test instance 0.9125, class 0.9125
Test instance 0.9125, class 0.9125
2026-06-24 18:43:04,984 - INFO - Best instance 0.9500, class 0.9500 (epoch 81)
Best instance 0.9500, class 0.9500 (epoch 81)
2026-06-24 18:43:05,005 - INFO - Epoch 83/200:
Epoch 83/200:
2026-06-24 18:43:07,747 - INFO - Train loss: 1.0184 (2.7s)
Train loss: 1.0184 (2.7s)
2026-06-24 18:43:08,002 - INFO - Test instance 0.8625, class 0.8625
Test instance 0.8625, class 0.8625
2026-06-24 18:43:08,003 - INFO - Best instance 0.9500, class 0.9500 (epoch 81)
Best instance 0.9500, class 0.9500 (epoch 81)
2026-06-24 18:43:08,024 - INFO - Epoch 84/200:
Epoch 84/200:
2026-06-24 18:43:10,790 - INFO - Train loss: 1.0302 (2.8s)
Train loss: 1.0302 (2.8s)
2026-06-24 18:43:11,056 - INFO - Test instance 0.9250, class 0.9250
Test instance 0.9250, class 0.9250
2026-06-24 18:43:11,056 - INFO - Best instance 0.9500, class 0.9500 (epoch 81)
Best instance 0.9500, class 0.9500 (epoch 81)
2026-06-24 18:43:11,090 - INFO - Epoch 85/200:
Epoch 85/200:
2026-06-24 18:43:13,796 - INFO - Train loss: 0.9944 (2.7s)
Train loss: 0.9944 (2.7s)
2026-06-24 18:43:14,064 - INFO - Test instance 0.9250, class 0.9250
Test instance 0.9250, class 0.9250
2026-06-24 18:43:14,064 - INFO - Best instance 0.9500, class 0.9500 (epoch 81)
Best instance 0.9500, class 0.9500 (epoch 81)
2026-06-24 18:43:14,086 - INFO - Epoch 86/200:
Epoch 86/200:
2026-06-24 18:43:16,773 - INFO - Train loss: 1.0223 (2.7s)
Train loss: 1.0223 (2.7s)
2026-06-24 18:43:17,035 - INFO - Test instance 0.9125, class 0.9125
Test instance 0.9125, class 0.9125
2026-06-24 18:43:17,035 - INFO - Best instance 0.9500, class 0.9500 (epoch 81)
Best instance 0.9500, class 0.9500 (epoch 81)
2026-06-24 18:43:17,056 - INFO - Epoch 87/200:
Epoch 87/200:
2026-06-24 18:43:19,770 - INFO - Train loss: 1.0567 (2.7s)
Train loss: 1.0567 (2.7s)
2026-06-24 18:43:20,035 - INFO - Test instance 0.9125, class 0.9125
Test instance 0.9125, class 0.9125
2026-06-24 18:43:20,035 - INFO - Best instance 0.9500, class 0.9500 (epoch 81)
Best instance 0.9500, class 0.9500 (epoch 81)
2026-06-24 18:43:20,057 - INFO - Epoch 88/200:
Epoch 88/200:
2026-06-24 18:43:22,775 - INFO - Train loss: 1.0528 (2.7s)
Train loss: 1.0528 (2.7s)
2026-06-24 18:43:23,029 - INFO - Test instance 0.9750, class 0.9750
Test instance 0.9750, class 0.9750
2026-06-24 18:43:23,049 - INFO - Best instance 0.9750, class 0.9750 (epoch 88)
Best instance 0.9750, class 0.9750 (epoch 88)
2026-06-24 18:43:23,070 - INFO - Epoch 89/200:
Epoch 89/200:
2026-06-24 18:43:25,814 - INFO - Train loss: 1.0272 (2.7s)
Train loss: 1.0272 (2.7s)
2026-06-24 18:43:26,077 - INFO - Test instance 0.9375, class 0.9375
Test instance 0.9375, class 0.9375
2026-06-24 18:43:26,077 - INFO - Best instance 0.9750, class 0.9750 (epoch 88)
Best instance 0.9750, class 0.9750 (epoch 88)
2026-06-24 18:43:26,099 - INFO - Epoch 90/200:
Epoch 90/200:
2026-06-24 18:43:28,805 - INFO - Train loss: 0.9982 (2.7s)
Train loss: 0.9982 (2.7s)
2026-06-24 18:43:29,068 - INFO - Test instance 0.9250, class 0.9250
Test instance 0.9250, class 0.9250
2026-06-24 18:43:29,069 - INFO - Best instance 0.9750, class 0.9750 (epoch 88)
Best instance 0.9750, class 0.9750 (epoch 88)
2026-06-24 18:43:29,090 - INFO - Epoch 91/200:
Epoch 91/200:
2026-06-24 18:43:31,794 - INFO - Train loss: 1.0657 (2.7s)
Train loss: 1.0657 (2.7s)
2026-06-24 18:43:32,050 - INFO - Test instance 0.8375, class 0.8375
Test instance 0.8375, class 0.8375
2026-06-24 18:43:32,050 - INFO - Best instance 0.9750, class 0.9750 (epoch 88)
Best instance 0.9750, class 0.9750 (epoch 88)
2026-06-24 18:43:32,073 - INFO - Epoch 92/200:
Epoch 92/200:
2026-06-24 18:43:34,771 - INFO - Train loss: 0.9725 (2.7s)
Train loss: 0.9725 (2.7s)
2026-06-24 18:43:35,031 - INFO - Test instance 0.9125, class 0.9125
Test instance 0.9125, class 0.9125
2026-06-24 18:43:35,031 - INFO - Best instance 0.9750, class 0.9750 (epoch 88)
Best instance 0.9750, class 0.9750 (epoch 88)
2026-06-24 18:43:35,054 - INFO - Epoch 93/200:
Epoch 93/200:
2026-06-24 18:43:37,782 - INFO - Train loss: 0.9533 (2.7s)
Train loss: 0.9533 (2.7s)
2026-06-24 18:43:38,045 - INFO - Test instance 0.9125, class 0.9125
Test instance 0.9125, class 0.9125
2026-06-24 18:43:38,046 - INFO - Best instance 0.9750, class 0.9750 (epoch 88)
Best instance 0.9750, class 0.9750 (epoch 88)
2026-06-24 18:43:38,068 - INFO - Epoch 94/200:
Epoch 94/200:
2026-06-24 18:43:40,805 - INFO - Train loss: 0.8930 (2.7s)
Train loss: 0.8930 (2.7s)
2026-06-24 18:43:41,074 - INFO - Test instance 0.9125, class 0.9125
Test instance 0.9125, class 0.9125
2026-06-24 18:43:41,074 - INFO - Best instance 0.9750, class 0.9750 (epoch 88)
Best instance 0.9750, class 0.9750 (epoch 88)
2026-06-24 18:43:41,096 - INFO - Epoch 95/200:
Epoch 95/200:
2026-06-24 18:43:43,824 - INFO - Train loss: 0.9412 (2.7s)
Train loss: 0.9412 (2.7s)
2026-06-24 18:43:44,089 - INFO - Test instance 0.9250, class 0.9250
Test instance 0.9250, class 0.9250
2026-06-24 18:43:44,089 - INFO - Best instance 0.9750, class 0.9750 (epoch 88)
Best instance 0.9750, class 0.9750 (epoch 88)
2026-06-24 18:43:44,111 - INFO - Epoch 96/200:
Epoch 96/200:
2026-06-24 18:43:46,885 - INFO - Train loss: 0.9789 (2.8s)
Train loss: 0.9789 (2.8s)
2026-06-24 18:43:47,142 - INFO - Test instance 0.9000, class 0.9000
Test instance 0.9000, class 0.9000
2026-06-24 18:43:47,142 - INFO - Best instance 0.9750, class 0.9750 (epoch 88)
Best instance 0.9750, class 0.9750 (epoch 88)
2026-06-24 18:43:47,172 - INFO - Epoch 97/200:
Epoch 97/200:
2026-06-24 18:43:49,854 - INFO - Train loss: 1.0008 (2.7s)
Train loss: 1.0008 (2.7s)
2026-06-24 18:43:50,121 - INFO - Test instance 0.9000, class 0.9000
Test instance 0.9000, class 0.9000
2026-06-24 18:43:50,122 - INFO - Best instance 0.9750, class 0.9750 (epoch 88)
Best instance 0.9750, class 0.9750 (epoch 88)
2026-06-24 18:43:50,143 - INFO - Epoch 98/200:
Epoch 98/200:
2026-06-24 18:43:52,815 - INFO - Train loss: 0.9451 (2.7s)
Train loss: 0.9451 (2.7s)
2026-06-24 18:43:53,076 - INFO - Test instance 0.9125, class 0.9125
Test instance 0.9125, class 0.9125
2026-06-24 18:43:53,076 - INFO - Best instance 0.9750, class 0.9750 (epoch 88)
Best instance 0.9750, class 0.9750 (epoch 88)
2026-06-24 18:43:53,098 - INFO - Epoch 99/200:
Epoch 99/200:
2026-06-24 18:43:55,803 - INFO - Train loss: 0.9362 (2.7s)
Train loss: 0.9362 (2.7s)
2026-06-24 18:43:56,056 - INFO - Test instance 0.9500, class 0.9500
Test instance 0.9500, class 0.9500
2026-06-24 18:43:56,057 - INFO - Best instance 0.9750, class 0.9750 (epoch 88)
Best instance 0.9750, class 0.9750 (epoch 88)
2026-06-24 18:43:56,078 - INFO - Epoch 100/200:
Epoch 100/200:
2026-06-24 18:43:58,797 - INFO - Train loss: 0.8435 (2.7s)
Train loss: 0.8435 (2.7s)
2026-06-24 18:43:59,050 - INFO - Test instance 0.9125, class 0.9125
Test instance 0.9125, class 0.9125
2026-06-24 18:43:59,050 - INFO - Best instance 0.9750, class 0.9750 (epoch 88)
Best instance 0.9750, class 0.9750 (epoch 88)
2026-06-24 18:43:59,071 - INFO - Epoch 101/200:
Epoch 101/200:
2026-06-24 18:44:01,835 - INFO - Train loss: 0.9009 (2.8s)
Train loss: 0.9009 (2.8s)
2026-06-24 18:44:02,114 - INFO - Test instance 0.9250, class 0.9250
Test instance 0.9250, class 0.9250
2026-06-24 18:44:02,114 - INFO - Best instance 0.9750, class 0.9750 (epoch 88)
Best instance 0.9750, class 0.9750 (epoch 88)
2026-06-24 18:44:02,137 - INFO - Epoch 102/200:
Epoch 102/200:
2026-06-24 18:44:04,889 - INFO - Train loss: 0.8905 (2.8s)
Train loss: 0.8905 (2.8s)
2026-06-24 18:44:05,142 - INFO - Test instance 0.9375, class 0.9375
Test instance 0.9375, class 0.9375
2026-06-24 18:44:05,142 - INFO - Best instance 0.9750, class 0.9750 (epoch 88)
Best instance 0.9750, class 0.9750 (epoch 88)
2026-06-24 18:44:05,163 - INFO - Epoch 103/200:
Epoch 103/200:
2026-06-24 18:44:07,855 - INFO - Train loss: 0.9173 (2.7s)
Train loss: 0.9173 (2.7s)
2026-06-24 18:44:08,115 - INFO - Test instance 0.8875, class 0.8875
Test instance 0.8875, class 0.8875
2026-06-24 18:44:08,116 - INFO - Best instance 0.9750, class 0.9750 (epoch 88)
Best instance 0.9750, class 0.9750 (epoch 88)
2026-06-24 18:44:08,138 - INFO - Epoch 104/200:
Epoch 104/200:
2026-06-24 18:44:10,868 - INFO - Train loss: 0.9938 (2.7s)
Train loss: 0.9938 (2.7s)
2026-06-24 18:44:11,128 - INFO - Test instance 0.9250, class 0.9250
Test instance 0.9250, class 0.9250
2026-06-24 18:44:11,128 - INFO - Best instance 0.9750, class 0.9750 (epoch 88)
Best instance 0.9750, class 0.9750 (epoch 88)
2026-06-24 18:44:11,150 - INFO - Epoch 105/200:
Epoch 105/200:
2026-06-24 18:44:13,872 - INFO - Train loss: 0.9236 (2.7s)
Train loss: 0.9236 (2.7s)
2026-06-24 18:44:14,130 - INFO - Test instance 0.9250, class 0.9250
Test instance 0.9250, class 0.9250
2026-06-24 18:44:14,131 - INFO - Best instance 0.9750, class 0.9750 (epoch 88)
Best instance 0.9750, class 0.9750 (epoch 88)
2026-06-24 18:44:14,153 - INFO - Epoch 106/200:
Epoch 106/200:
2026-06-24 18:44:16,843 - INFO - Train loss: 0.8751 (2.7s)
Train loss: 0.8751 (2.7s)
2026-06-24 18:44:17,114 - INFO - Test instance 0.9375, class 0.9375
Test instance 0.9375, class 0.9375
2026-06-24 18:44:17,114 - INFO - Best instance 0.9750, class 0.9750 (epoch 88)
Best instance 0.9750, class 0.9750 (epoch 88)
2026-06-24 18:44:17,135 - INFO - Epoch 107/200:
Epoch 107/200:
2026-06-24 18:44:19,895 - INFO - Train loss: 0.8257 (2.8s)
Train loss: 0.8257 (2.8s)
2026-06-24 18:44:20,156 - INFO - Test instance 0.9500, class 0.9500
Test instance 0.9500, class 0.9500
2026-06-24 18:44:20,157 - INFO - Best instance 0.9750, class 0.9750 (epoch 88)
Best instance 0.9750, class 0.9750 (epoch 88)
2026-06-24 18:44:20,177 - INFO - Epoch 108/200:
Epoch 108/200:
2026-06-24 18:44:22,901 - INFO - Train loss: 0.8610 (2.7s)
Train loss: 0.8610 (2.7s)
2026-06-24 18:44:23,169 - INFO - Test instance 0.9125, class 0.9125
Test instance 0.9125, class 0.9125
2026-06-24 18:44:23,169 - INFO - Best instance 0.9750, class 0.9750 (epoch 88)
Best instance 0.9750, class 0.9750 (epoch 88)
2026-06-24 18:44:23,189 - INFO - Epoch 109/200:
Epoch 109/200:
2026-06-24 18:44:25,908 - INFO - Train loss: 0.8765 (2.7s)
Train loss: 0.8765 (2.7s)
2026-06-24 18:44:26,163 - INFO - Test instance 0.8875, class 0.8875
Test instance 0.8875, class 0.8875
2026-06-24 18:44:26,163 - INFO - Best instance 0.9750, class 0.9750 (epoch 88)
Best instance 0.9750, class 0.9750 (epoch 88)
2026-06-24 18:44:26,185 - INFO - Epoch 110/200:
Epoch 110/200:
2026-06-24 18:44:28,897 - INFO - Train loss: 0.8724 (2.7s)
Train loss: 0.8724 (2.7s)
2026-06-24 18:44:29,153 - INFO - Test instance 0.9500, class 0.9500
Test instance 0.9500, class 0.9500
2026-06-24 18:44:29,153 - INFO - Best instance 0.9750, class 0.9750 (epoch 88)
Best instance 0.9750, class 0.9750 (epoch 88)
2026-06-24 18:44:29,174 - INFO - Epoch 111/200:
Epoch 111/200:
2026-06-24 18:44:31,890 - INFO - Train loss: 0.8619 (2.7s)
Train loss: 0.8619 (2.7s)
2026-06-24 18:44:32,158 - INFO - Test instance 0.9625, class 0.9625
Test instance 0.9625, class 0.9625
2026-06-24 18:44:32,158 - INFO - Best instance 0.9750, class 0.9750 (epoch 88)
Best instance 0.9750, class 0.9750 (epoch 88)
2026-06-24 18:44:32,180 - INFO - Epoch 112/200:
Epoch 112/200:
2026-06-24 18:44:34,896 - INFO - Train loss: 0.9871 (2.7s)
Train loss: 0.9871 (2.7s)
2026-06-24 18:44:35,156 - INFO - Test instance 0.9250, class 0.9250
Test instance 0.9250, class 0.9250
2026-06-24 18:44:35,157 - INFO - Best instance 0.9750, class 0.9750 (epoch 88)
Best instance 0.9750, class 0.9750 (epoch 88)
2026-06-24 18:44:35,177 - INFO - Epoch 113/200:
Epoch 113/200:
2026-06-24 18:44:37,848 - INFO - Train loss: 0.9377 (2.7s)
Train loss: 0.9377 (2.7s)
2026-06-24 18:44:38,121 - INFO - Test instance 0.9125, class 0.9125
Test instance 0.9125, class 0.9125
2026-06-24 18:44:38,122 - INFO - Best instance 0.9750, class 0.9750 (epoch 88)
Best instance 0.9750, class 0.9750 (epoch 88)
2026-06-24 18:44:38,144 - INFO - Epoch 114/200:
Epoch 114/200:
2026-06-24 18:44:40,843 - INFO - Train loss: 0.9359 (2.7s)
Train loss: 0.9359 (2.7s)
2026-06-24 18:44:41,105 - INFO - Test instance 0.9625, class 0.9625
Test instance 0.9625, class 0.9625
2026-06-24 18:44:41,105 - INFO - Best instance 0.9750, class 0.9750 (epoch 88)
Best instance 0.9750, class 0.9750 (epoch 88)
2026-06-24 18:44:41,127 - INFO - Epoch 115/200:
Epoch 115/200:
2026-06-24 18:44:43,821 - INFO - Train loss: 0.7955 (2.7s)
Train loss: 0.7955 (2.7s)
2026-06-24 18:44:44,074 - INFO - Test instance 0.9750, class 0.9750
Test instance 0.9750, class 0.9750
2026-06-24 18:44:44,074 - INFO - Best instance 0.9750, class 0.9750 (epoch 88)
Best instance 0.9750, class 0.9750 (epoch 88)
2026-06-24 18:44:44,094 - INFO - Epoch 116/200:
Epoch 116/200:
2026-06-24 18:44:46,799 - INFO - Train loss: 0.8796 (2.7s)
Train loss: 0.8796 (2.7s)
2026-06-24 18:44:47,053 - INFO - Test instance 0.9250, class 0.9250
Test instance 0.9250, class 0.9250
2026-06-24 18:44:47,053 - INFO - Best instance 0.9750, class 0.9750 (epoch 88)
Best instance 0.9750, class 0.9750 (epoch 88)
2026-06-24 18:44:47,073 - INFO - Epoch 117/200:
Epoch 117/200:
2026-06-24 18:44:49,795 - INFO - Train loss: 0.8602 (2.7s)
Train loss: 0.8602 (2.7s)
2026-06-24 18:44:50,064 - INFO - Test instance 0.9500, class 0.9500
Test instance 0.9500, class 0.9500
2026-06-24 18:44:50,065 - INFO - Best instance 0.9750, class 0.9750 (epoch 88)
Best instance 0.9750, class 0.9750 (epoch 88)
2026-06-24 18:44:50,086 - INFO - Epoch 118/200:
Epoch 118/200:
2026-06-24 18:44:52,827 - INFO - Train loss: 0.8812 (2.7s)
Train loss: 0.8812 (2.7s)
2026-06-24 18:44:53,085 - INFO - Test instance 0.9125, class 0.9125
Test instance 0.9125, class 0.9125
2026-06-24 18:44:53,086 - INFO - Best instance 0.9750, class 0.9750 (epoch 88)
Best instance 0.9750, class 0.9750 (epoch 88)
2026-06-24 18:44:53,106 - INFO - Epoch 119/200:
Epoch 119/200:
2026-06-24 18:44:55,848 - INFO - Train loss: 0.9020 (2.7s)
Train loss: 0.9020 (2.7s)
2026-06-24 18:44:56,109 - INFO - Test instance 0.9250, class 0.9250
Test instance 0.9250, class 0.9250
2026-06-24 18:44:56,109 - INFO - Best instance 0.9750, class 0.9750 (epoch 88)
Best instance 0.9750, class 0.9750 (epoch 88)
2026-06-24 18:44:56,130 - INFO - Epoch 120/200:
Epoch 120/200:
2026-06-24 18:44:58,830 - INFO - Train loss: 0.9264 (2.7s)
Train loss: 0.9264 (2.7s)
2026-06-24 18:44:59,090 - INFO - Test instance 0.9625, class 0.9625
Test instance 0.9625, class 0.9625
2026-06-24 18:44:59,091 - INFO - Best instance 0.9750, class 0.9750 (epoch 88)
Best instance 0.9750, class 0.9750 (epoch 88)
2026-06-24 18:44:59,111 - INFO - Epoch 121/200:
Epoch 121/200:
2026-06-24 18:45:01,869 - INFO - Train loss: 0.8090 (2.8s)
Train loss: 0.8090 (2.8s)
2026-06-24 18:45:02,135 - INFO - Test instance 0.9500, class 0.9500
Test instance 0.9500, class 0.9500
2026-06-24 18:45:02,136 - INFO - Best instance 0.9750, class 0.9750 (epoch 88)
Best instance 0.9750, class 0.9750 (epoch 88)
2026-06-24 18:45:02,159 - INFO - Epoch 122/200:
Epoch 122/200:
2026-06-24 18:45:04,918 - INFO - Train loss: 0.8452 (2.8s)
Train loss: 0.8452 (2.8s)
2026-06-24 18:45:05,176 - INFO - Test instance 0.9500, class 0.9500
Test instance 0.9500, class 0.9500
2026-06-24 18:45:05,176 - INFO - Best instance 0.9750, class 0.9750 (epoch 88)
Best instance 0.9750, class 0.9750 (epoch 88)
2026-06-24 18:45:05,197 - INFO - Epoch 123/200:
Epoch 123/200:
2026-06-24 18:45:07,905 - INFO - Train loss: 0.8284 (2.7s)
Train loss: 0.8284 (2.7s)
2026-06-24 18:45:08,162 - INFO - Test instance 0.9250, class 0.9250
Test instance 0.9250, class 0.9250
2026-06-24 18:45:08,163 - INFO - Best instance 0.9750, class 0.9750 (epoch 88)
Best instance 0.9750, class 0.9750 (epoch 88)
2026-06-24 18:45:08,183 - INFO - Epoch 124/200:
Epoch 124/200:
2026-06-24 18:45:10,899 - INFO - Train loss: 0.7772 (2.7s)
Train loss: 0.7772 (2.7s)
2026-06-24 18:45:11,149 - INFO - Test instance 0.9375, class 0.9375
Test instance 0.9375, class 0.9375
2026-06-24 18:45:11,149 - INFO - Best instance 0.9750, class 0.9750 (epoch 88)
Best instance 0.9750, class 0.9750 (epoch 88)
2026-06-24 18:45:11,170 - INFO - Epoch 125/200:
Epoch 125/200:
2026-06-24 18:45:13,892 - INFO - Train loss: 0.8433 (2.7s)
Train loss: 0.8433 (2.7s)
2026-06-24 18:45:14,152 - INFO - Test instance 0.9375, class 0.9375
Test instance 0.9375, class 0.9375
2026-06-24 18:45:14,153 - INFO - Best instance 0.9750, class 0.9750 (epoch 88)
Best instance 0.9750, class 0.9750 (epoch 88)
2026-06-24 18:45:14,173 - INFO - Epoch 126/200:
Epoch 126/200:
2026-06-24 18:45:16,908 - INFO - Train loss: 0.8361 (2.7s)
Train loss: 0.8361 (2.7s)
2026-06-24 18:45:17,169 - INFO - Test instance 0.9250, class 0.9250
Test instance 0.9250, class 0.9250
2026-06-24 18:45:17,169 - INFO - Best instance 0.9750, class 0.9750 (epoch 88)
Best instance 0.9750, class 0.9750 (epoch 88)
2026-06-24 18:45:17,189 - INFO - Epoch 127/200:
Epoch 127/200:
2026-06-24 18:45:19,906 - INFO - Train loss: 0.7758 (2.7s)
Train loss: 0.7758 (2.7s)
2026-06-24 18:45:20,173 - INFO - Test instance 0.9500, class 0.9500
Test instance 0.9500, class 0.9500
2026-06-24 18:45:20,173 - INFO - Best instance 0.9750, class 0.9750 (epoch 88)
Best instance 0.9750, class 0.9750 (epoch 88)
2026-06-24 18:45:20,195 - INFO - Epoch 128/200:
Epoch 128/200:
2026-06-24 18:45:22,914 - INFO - Train loss: 0.8413 (2.7s)
Train loss: 0.8413 (2.7s)
2026-06-24 18:45:23,179 - INFO - Test instance 0.9375, class 0.9375
Test instance 0.9375, class 0.9375
2026-06-24 18:45:23,179 - INFO - Best instance 0.9750, class 0.9750 (epoch 88)
Best instance 0.9750, class 0.9750 (epoch 88)
2026-06-24 18:45:23,200 - INFO - Epoch 129/200:
Epoch 129/200:
2026-06-24 18:45:25,939 - INFO - Train loss: 0.8453 (2.7s)
Train loss: 0.8453 (2.7s)
2026-06-24 18:45:26,201 - INFO - Test instance 0.9500, class 0.9500
Test instance 0.9500, class 0.9500
2026-06-24 18:45:26,201 - INFO - Best instance 0.9750, class 0.9750 (epoch 88)
Best instance 0.9750, class 0.9750 (epoch 88)
2026-06-24 18:45:26,224 - INFO - Epoch 130/200:
Epoch 130/200:
2026-06-24 18:45:28,937 - INFO - Train loss: 0.7962 (2.7s)
Train loss: 0.7962 (2.7s)
2026-06-24 18:45:29,197 - INFO - Test instance 0.9625, class 0.9625
Test instance 0.9625, class 0.9625
2026-06-24 18:45:29,197 - INFO - Best instance 0.9750, class 0.9750 (epoch 88)
Best instance 0.9750, class 0.9750 (epoch 88)
2026-06-24 18:45:29,218 - INFO - Epoch 131/200:
Epoch 131/200:
2026-06-24 18:45:31,951 - INFO - Train loss: 0.7847 (2.7s)
Train loss: 0.7847 (2.7s)
2026-06-24 18:45:32,214 - INFO - Test instance 0.9000, class 0.9000
Test instance 0.9000, class 0.9000
2026-06-24 18:45:32,214 - INFO - Best instance 0.9750, class 0.9750 (epoch 88)
Best instance 0.9750, class 0.9750 (epoch 88)
2026-06-24 18:45:32,235 - INFO - Epoch 132/200:
Epoch 132/200:
2026-06-24 18:45:34,984 - INFO - Train loss: 0.7786 (2.7s)
Train loss: 0.7786 (2.7s)
2026-06-24 18:45:35,246 - INFO - Test instance 0.9500, class 0.9500
Test instance 0.9500, class 0.9500
2026-06-24 18:45:35,247 - INFO - Best instance 0.9750, class 0.9750 (epoch 88)
Best instance 0.9750, class 0.9750 (epoch 88)
2026-06-24 18:45:35,267 - INFO - Epoch 133/200:
Epoch 133/200:
2026-06-24 18:45:37,971 - INFO - Train loss: 0.8213 (2.7s)
Train loss: 0.8213 (2.7s)
2026-06-24 18:45:38,228 - INFO - Test instance 0.9125, class 0.9125
Test instance 0.9125, class 0.9125
2026-06-24 18:45:38,229 - INFO - Best instance 0.9750, class 0.9750 (epoch 88)
Best instance 0.9750, class 0.9750 (epoch 88)
2026-06-24 18:45:38,249 - INFO - Epoch 134/200:
Epoch 134/200:
2026-06-24 18:45:41,010 - INFO - Train loss: 0.7580 (2.8s)
Train loss: 0.7580 (2.8s)
2026-06-24 18:45:41,266 - INFO - Test instance 0.9250, class 0.9250
Test instance 0.9250, class 0.9250
2026-06-24 18:45:41,266 - INFO - Best instance 0.9750, class 0.9750 (epoch 88)
Best instance 0.9750, class 0.9750 (epoch 88)
2026-06-24 18:45:41,287 - INFO - Epoch 135/200:
Epoch 135/200:
2026-06-24 18:45:43,999 - INFO - Train loss: 0.7550 (2.7s)
Train loss: 0.7550 (2.7s)
2026-06-24 18:45:44,259 - INFO - Test instance 0.9375, class 0.9375
Test instance 0.9375, class 0.9375
2026-06-24 18:45:44,259 - INFO - Best instance 0.9750, class 0.9750 (epoch 88)
Best instance 0.9750, class 0.9750 (epoch 88)
2026-06-24 18:45:44,280 - INFO - Epoch 136/200:
Epoch 136/200:
2026-06-24 18:45:46,993 - INFO - Train loss: 0.7640 (2.7s)
Train loss: 0.7640 (2.7s)
2026-06-24 18:45:47,258 - INFO - Test instance 0.8875, class 0.8875
Test instance 0.8875, class 0.8875
2026-06-24 18:45:47,258 - INFO - Best instance 0.9750, class 0.9750 (epoch 88)
Best instance 0.9750, class 0.9750 (epoch 88)
2026-06-24 18:45:47,280 - INFO - Epoch 137/200:
Epoch 137/200:
2026-06-24 18:45:50,011 - INFO - Train loss: 0.7820 (2.7s)
Train loss: 0.7820 (2.7s)
2026-06-24 18:45:50,269 - INFO - Test instance 0.9750, class 0.9750
Test instance 0.9750, class 0.9750
2026-06-24 18:45:50,269 - INFO - Best instance 0.9750, class 0.9750 (epoch 88)
Best instance 0.9750, class 0.9750 (epoch 88)
2026-06-24 18:45:50,290 - INFO - Epoch 138/200:
Epoch 138/200:
2026-06-24 18:45:53,010 - INFO - Train loss: 0.8225 (2.7s)
Train loss: 0.8225 (2.7s)
2026-06-24 18:45:53,274 - INFO - Test instance 0.9000, class 0.9000
Test instance 0.9000, class 0.9000
2026-06-24 18:45:53,275 - INFO - Best instance 0.9750, class 0.9750 (epoch 88)
Best instance 0.9750, class 0.9750 (epoch 88)
2026-06-24 18:45:53,296 - INFO - Epoch 139/200:
Epoch 139/200:
2026-06-24 18:45:56,004 - INFO - Train loss: 0.7384 (2.7s)
Train loss: 0.7384 (2.7s)
2026-06-24 18:45:56,264 - INFO - Test instance 0.9625, class 0.9625
Test instance 0.9625, class 0.9625
2026-06-24 18:45:56,264 - INFO - Best instance 0.9750, class 0.9750 (epoch 88)
Best instance 0.9750, class 0.9750 (epoch 88)
2026-06-24 18:45:56,285 - INFO - Epoch 140/200:
Epoch 140/200:
2026-06-24 18:45:58,984 - INFO - Train loss: 0.8831 (2.7s)
Train loss: 0.8831 (2.7s)
2026-06-24 18:45:59,252 - INFO - Test instance 0.9125, class 0.9125
Test instance 0.9125, class 0.9125
2026-06-24 18:45:59,253 - INFO - Best instance 0.9750, class 0.9750 (epoch 88)
Best instance 0.9750, class 0.9750 (epoch 88)
2026-06-24 18:45:59,273 - INFO - Epoch 141/200:
Epoch 141/200:
2026-06-24 18:46:02,018 - INFO - Train loss: 0.7853 (2.7s)
Train loss: 0.7853 (2.7s)
2026-06-24 18:46:02,285 - INFO - Test instance 0.9750, class 0.9750
Test instance 0.9750, class 0.9750
2026-06-24 18:46:02,285 - INFO - Best instance 0.9750, class 0.9750 (epoch 88)
Best instance 0.9750, class 0.9750 (epoch 88)
2026-06-24 18:46:02,307 - INFO - Epoch 142/200:
Epoch 142/200:
2026-06-24 18:46:05,030 - INFO - Train loss: 0.7529 (2.7s)
Train loss: 0.7529 (2.7s)
2026-06-24 18:46:05,283 - INFO - Test instance 0.9375, class 0.9375
Test instance 0.9375, class 0.9375
2026-06-24 18:46:05,283 - INFO - Best instance 0.9750, class 0.9750 (epoch 88)
Best instance 0.9750, class 0.9750 (epoch 88)
2026-06-24 18:46:05,304 - INFO - Epoch 143/200:
Epoch 143/200:
2026-06-24 18:46:08,023 - INFO - Train loss: 0.7500 (2.7s)
Train loss: 0.7500 (2.7s)
2026-06-24 18:46:08,281 - INFO - Test instance 0.9375, class 0.9375
Test instance 0.9375, class 0.9375
2026-06-24 18:46:08,281 - INFO - Best instance 0.9750, class 0.9750 (epoch 88)
Best instance 0.9750, class 0.9750 (epoch 88)
2026-06-24 18:46:08,304 - INFO - Epoch 144/200:
Epoch 144/200:
2026-06-24 18:46:11,036 - INFO - Train loss: 0.7571 (2.7s)
Train loss: 0.7571 (2.7s)
2026-06-24 18:46:11,303 - INFO - Test instance 0.9500, class 0.9500
Test instance 0.9500, class 0.9500
2026-06-24 18:46:11,304 - INFO - Best instance 0.9750, class 0.9750 (epoch 88)
Best instance 0.9750, class 0.9750 (epoch 88)
2026-06-24 18:46:11,326 - INFO - Epoch 145/200:
Epoch 145/200:
2026-06-24 18:46:14,050 - INFO - Train loss: 0.8329 (2.7s)
Train loss: 0.8329 (2.7s)
2026-06-24 18:46:14,311 - INFO - Test instance 0.9125, class 0.9125
Test instance 0.9125, class 0.9125
2026-06-24 18:46:14,312 - INFO - Best instance 0.9750, class 0.9750 (epoch 88)
Best instance 0.9750, class 0.9750 (epoch 88)
2026-06-24 18:46:14,335 - INFO - Epoch 146/200:
Epoch 146/200:
2026-06-24 18:46:17,074 - INFO - Train loss: 0.7207 (2.7s)
Train loss: 0.7207 (2.7s)
2026-06-24 18:46:17,338 - INFO - Test instance 0.9375, class 0.9375
Test instance 0.9375, class 0.9375
2026-06-24 18:46:17,338 - INFO - Best instance 0.9750, class 0.9750 (epoch 88)
Best instance 0.9750, class 0.9750 (epoch 88)
2026-06-24 18:46:17,360 - INFO - Epoch 147/200:
Epoch 147/200:
2026-06-24 18:46:20,101 - INFO - Train loss: 0.7410 (2.7s)
Train loss: 0.7410 (2.7s)
2026-06-24 18:46:20,367 - INFO - Test instance 0.9250, class 0.9250
Test instance 0.9250, class 0.9250
2026-06-24 18:46:20,367 - INFO - Best instance 0.9750, class 0.9750 (epoch 88)
Best instance 0.9750, class 0.9750 (epoch 88)
2026-06-24 18:46:20,389 - INFO - Epoch 148/200:
Epoch 148/200:
2026-06-24 18:46:23,133 - INFO - Train loss: 0.7134 (2.7s)
Train loss: 0.7134 (2.7s)
2026-06-24 18:46:23,392 - INFO - Test instance 0.9750, class 0.9750
Test instance 0.9750, class 0.9750
2026-06-24 18:46:23,392 - INFO - Best instance 0.9750, class 0.9750 (epoch 88)
Best instance 0.9750, class 0.9750 (epoch 88)
2026-06-24 18:46:23,414 - INFO - Epoch 149/200:
Epoch 149/200:
2026-06-24 18:46:26,136 - INFO - Train loss: 0.7281 (2.7s)
Train loss: 0.7281 (2.7s)
2026-06-24 18:46:26,395 - INFO - Test instance 0.9625, class 0.9625
Test instance 0.9625, class 0.9625
2026-06-24 18:46:26,395 - INFO - Best instance 0.9750, class 0.9750 (epoch 88)
Best instance 0.9750, class 0.9750 (epoch 88)
2026-06-24 18:46:26,417 - INFO - Epoch 150/200:
Epoch 150/200:
2026-06-24 18:46:29,158 - INFO - Train loss: 0.7323 (2.7s)
Train loss: 0.7323 (2.7s)
2026-06-24 18:46:29,419 - INFO - Test instance 0.9500, class 0.9500
Test instance 0.9500, class 0.9500
2026-06-24 18:46:29,420 - INFO - Best instance 0.9750, class 0.9750 (epoch 88)
Best instance 0.9750, class 0.9750 (epoch 88)
2026-06-24 18:46:29,441 - INFO - Epoch 151/200:
Epoch 151/200:
2026-06-24 18:46:32,164 - INFO - Train loss: 0.6974 (2.7s)
Train loss: 0.6974 (2.7s)
2026-06-24 18:46:32,426 - INFO - Test instance 0.9625, class 0.9625
Test instance 0.9625, class 0.9625
2026-06-24 18:46:32,427 - INFO - Best instance 0.9750, class 0.9750 (epoch 88)
Best instance 0.9750, class 0.9750 (epoch 88)
2026-06-24 18:46:32,448 - INFO - Epoch 152/200:
Epoch 152/200:
2026-06-24 18:46:35,190 - INFO - Train loss: 0.7411 (2.7s)
Train loss: 0.7411 (2.7s)
2026-06-24 18:46:35,447 - INFO - Test instance 0.9000, class 0.9000
Test instance 0.9000, class 0.9000
2026-06-24 18:46:35,448 - INFO - Best instance 0.9750, class 0.9750 (epoch 88)
Best instance 0.9750, class 0.9750 (epoch 88)
2026-06-24 18:46:35,469 - INFO - Epoch 153/200:
Epoch 153/200:
2026-06-24 18:46:38,221 - INFO - Train loss: 0.8223 (2.8s)
Train loss: 0.8223 (2.8s)
2026-06-24 18:46:38,480 - INFO - Test instance 0.9250, class 0.9250
Test instance 0.9250, class 0.9250
2026-06-24 18:46:38,480 - INFO - Best instance 0.9750, class 0.9750 (epoch 88)
Best instance 0.9750, class 0.9750 (epoch 88)
2026-06-24 18:46:38,502 - INFO - Epoch 154/200:
Epoch 154/200:
2026-06-24 18:46:41,226 - INFO - Train loss: 0.7893 (2.7s)
Train loss: 0.7893 (2.7s)
2026-06-24 18:46:41,505 - INFO - Test instance 0.9500, class 0.9500
Test instance 0.9500, class 0.9500
2026-06-24 18:46:41,505 - INFO - Best instance 0.9750, class 0.9750 (epoch 88)
Best instance 0.9750, class 0.9750 (epoch 88)
2026-06-24 18:46:41,528 - INFO - Epoch 155/200:
Epoch 155/200:
2026-06-24 18:46:44,247 - INFO - Train loss: 0.7610 (2.7s)
Train loss: 0.7610 (2.7s)
2026-06-24 18:46:44,507 - INFO - Test instance 0.9500, class 0.9500
Test instance 0.9500, class 0.9500
2026-06-24 18:46:44,508 - INFO - Best instance 0.9750, class 0.9750 (epoch 88)
Best instance 0.9750, class 0.9750 (epoch 88)
2026-06-24 18:46:44,529 - INFO - Epoch 156/200:
Epoch 156/200:
2026-06-24 18:46:47,233 - INFO - Train loss: 0.7052 (2.7s)
Train loss: 0.7052 (2.7s)
2026-06-24 18:46:47,493 - INFO - Test instance 0.9500, class 0.9500
Test instance 0.9500, class 0.9500
2026-06-24 18:46:47,494 - INFO - Best instance 0.9750, class 0.9750 (epoch 88)
Best instance 0.9750, class 0.9750 (epoch 88)
2026-06-24 18:46:47,516 - INFO - Epoch 157/200:
Epoch 157/200:
2026-06-24 18:46:50,227 - INFO - Train loss: 0.7079 (2.7s)
Train loss: 0.7079 (2.7s)
2026-06-24 18:46:50,483 - INFO - Test instance 0.9500, class 0.9500
Test instance 0.9500, class 0.9500
2026-06-24 18:46:50,483 - INFO - Best instance 0.9750, class 0.9750 (epoch 88)
Best instance 0.9750, class 0.9750 (epoch 88)
2026-06-24 18:46:50,505 - INFO - Epoch 158/200:
Epoch 158/200:
2026-06-24 18:46:53,233 - INFO - Train loss: 0.7031 (2.7s)
Train loss: 0.7031 (2.7s)
2026-06-24 18:46:53,491 - INFO - Test instance 0.9500, class 0.9500
Test instance 0.9500, class 0.9500
2026-06-24 18:46:53,492 - INFO - Best instance 0.9750, class 0.9750 (epoch 88)
Best instance 0.9750, class 0.9750 (epoch 88)
2026-06-24 18:46:53,513 - INFO - Epoch 159/200:
Epoch 159/200:
2026-06-24 18:46:56,238 - INFO - Train loss: 0.7158 (2.7s)
Train loss: 0.7158 (2.7s)
2026-06-24 18:46:56,502 - INFO - Test instance 0.9500, class 0.9500
Test instance 0.9500, class 0.9500
2026-06-24 18:46:56,502 - INFO - Best instance 0.9750, class 0.9750 (epoch 88)
Best instance 0.9750, class 0.9750 (epoch 88)
2026-06-24 18:46:56,524 - INFO - Epoch 160/200:
Epoch 160/200:
2026-06-24 18:46:59,236 - INFO - Train loss: 0.7682 (2.7s)
Train loss: 0.7682 (2.7s)
2026-06-24 18:46:59,490 - INFO - Test instance 0.8750, class 0.8750
Test instance 0.8750, class 0.8750
2026-06-24 18:46:59,490 - INFO - Best instance 0.9750, class 0.9750 (epoch 88)
Best instance 0.9750, class 0.9750 (epoch 88)
2026-06-24 18:46:59,512 - INFO - Epoch 161/200:
Epoch 161/200:
2026-06-24 18:47:02,256 - INFO - Train loss: 0.7195 (2.7s)
Train loss: 0.7195 (2.7s)
2026-06-24 18:47:02,535 - INFO - Test instance 0.9625, class 0.9625
Test instance 0.9625, class 0.9625
2026-06-24 18:47:02,535 - INFO - Best instance 0.9750, class 0.9750 (epoch 88)
Best instance 0.9750, class 0.9750 (epoch 88)
2026-06-24 18:47:02,558 - INFO - Epoch 162/200:
Epoch 162/200:
2026-06-24 18:47:05,262 - INFO - Train loss: 0.6962 (2.7s)
Train loss: 0.6962 (2.7s)
2026-06-24 18:47:05,513 - INFO - Test instance 0.9375, class 0.9375
Test instance 0.9375, class 0.9375
2026-06-24 18:47:05,514 - INFO - Best instance 0.9750, class 0.9750 (epoch 88)
Best instance 0.9750, class 0.9750 (epoch 88)
2026-06-24 18:47:05,535 - INFO - Epoch 163/200:
Epoch 163/200:
2026-06-24 18:47:08,229 - INFO - Train loss: 0.6811 (2.7s)
Train loss: 0.6811 (2.7s)
2026-06-24 18:47:08,481 - INFO - Test instance 0.9250, class 0.9250
Test instance 0.9250, class 0.9250
2026-06-24 18:47:08,481 - INFO - Best instance 0.9750, class 0.9750 (epoch 88)
Best instance 0.9750, class 0.9750 (epoch 88)
2026-06-24 18:47:08,502 - INFO - Epoch 164/200:
Epoch 164/200:
2026-06-24 18:47:11,238 - INFO - Train loss: 0.7527 (2.7s)
Train loss: 0.7527 (2.7s)
2026-06-24 18:47:11,501 - INFO - Test instance 0.9500, class 0.9500
Test instance 0.9500, class 0.9500
2026-06-24 18:47:11,502 - INFO - Best instance 0.9750, class 0.9750 (epoch 88)
Best instance 0.9750, class 0.9750 (epoch 88)
2026-06-24 18:47:11,523 - INFO - Epoch 165/200:
Epoch 165/200:
2026-06-24 18:47:14,259 - INFO - Train loss: 0.7261 (2.7s)
Train loss: 0.7261 (2.7s)
2026-06-24 18:47:14,520 - INFO - Test instance 0.9750, class 0.9750
Test instance 0.9750, class 0.9750
2026-06-24 18:47:14,520 - INFO - Best instance 0.9750, class 0.9750 (epoch 88)
Best instance 0.9750, class 0.9750 (epoch 88)
2026-06-24 18:47:14,542 - INFO - Epoch 166/200:
Epoch 166/200:
2026-06-24 18:47:17,268 - INFO - Train loss: 0.7096 (2.7s)
Train loss: 0.7096 (2.7s)
2026-06-24 18:47:17,536 - INFO - Test instance 0.9625, class 0.9625
Test instance 0.9625, class 0.9625
2026-06-24 18:47:17,537 - INFO - Best instance 0.9750, class 0.9750 (epoch 88)
Best instance 0.9750, class 0.9750 (epoch 88)
2026-06-24 18:47:17,565 - INFO - Epoch 167/200:
Epoch 167/200:
2026-06-24 18:47:20,311 - INFO - Train loss: 0.7021 (2.7s)
Train loss: 0.7021 (2.7s)
2026-06-24 18:47:20,569 - INFO - Test instance 0.9625, class 0.9625
Test instance 0.9625, class 0.9625
2026-06-24 18:47:20,569 - INFO - Best instance 0.9750, class 0.9750 (epoch 88)
Best instance 0.9750, class 0.9750 (epoch 88)
2026-06-24 18:47:20,590 - INFO - Epoch 168/200:
Epoch 168/200:
2026-06-24 18:47:23,337 - INFO - Train loss: 0.7528 (2.7s)
Train loss: 0.7528 (2.7s)
2026-06-24 18:47:23,602 - INFO - Test instance 0.9625, class 0.9625
Test instance 0.9625, class 0.9625
2026-06-24 18:47:23,602 - INFO - Best instance 0.9750, class 0.9750 (epoch 88)
Best instance 0.9750, class 0.9750 (epoch 88)
2026-06-24 18:47:23,625 - INFO - Epoch 169/200:
Epoch 169/200:
2026-06-24 18:47:26,330 - INFO - Train loss: 0.7224 (2.7s)
Train loss: 0.7224 (2.7s)
2026-06-24 18:47:26,600 - INFO - Test instance 0.9750, class 0.9750
Test instance 0.9750, class 0.9750
2026-06-24 18:47:26,600 - INFO - Best instance 0.9750, class 0.9750 (epoch 88)
Best instance 0.9750, class 0.9750 (epoch 88)
2026-06-24 18:47:26,622 - INFO - Epoch 170/200:
Epoch 170/200:
2026-06-24 18:47:29,346 - INFO - Train loss: 0.7575 (2.7s)
Train loss: 0.7575 (2.7s)
2026-06-24 18:47:29,604 - INFO - Test instance 0.9375, class 0.9375
Test instance 0.9375, class 0.9375
2026-06-24 18:47:29,605 - INFO - Best instance 0.9750, class 0.9750 (epoch 88)
Best instance 0.9750, class 0.9750 (epoch 88)
2026-06-24 18:47:29,626 - INFO - Epoch 171/200:
Epoch 171/200:
2026-06-24 18:47:32,338 - INFO - Train loss: 0.7353 (2.7s)
Train loss: 0.7353 (2.7s)
2026-06-24 18:47:32,597 - INFO - Test instance 0.9375, class 0.9375
Test instance 0.9375, class 0.9375
2026-06-24 18:47:32,597 - INFO - Best instance 0.9750, class 0.9750 (epoch 88)
Best instance 0.9750, class 0.9750 (epoch 88)
2026-06-24 18:47:32,619 - INFO - Epoch 172/200:
Epoch 172/200:
2026-06-24 18:47:35,334 - INFO - Train loss: 0.7058 (2.7s)
Train loss: 0.7058 (2.7s)
2026-06-24 18:47:35,592 - INFO - Test instance 0.9625, class 0.9625
Test instance 0.9625, class 0.9625
2026-06-24 18:47:35,592 - INFO - Best instance 0.9750, class 0.9750 (epoch 88)
Best instance 0.9750, class 0.9750 (epoch 88)
2026-06-24 18:47:35,614 - INFO - Epoch 173/200:
Epoch 173/200:
2026-06-24 18:47:38,332 - INFO - Train loss: 0.7605 (2.7s)
Train loss: 0.7605 (2.7s)
2026-06-24 18:47:38,590 - INFO - Test instance 0.9000, class 0.9000
Test instance 0.9000, class 0.9000
2026-06-24 18:47:38,590 - INFO - Best instance 0.9750, class 0.9750 (epoch 88)
Best instance 0.9750, class 0.9750 (epoch 88)
2026-06-24 18:47:38,612 - INFO - Epoch 174/200:
Epoch 174/200:
2026-06-24 18:47:41,327 - INFO - Train loss: 0.6628 (2.7s)
Train loss: 0.6628 (2.7s)
2026-06-24 18:47:41,591 - INFO - Test instance 0.9625, class 0.9625
Test instance 0.9625, class 0.9625
2026-06-24 18:47:41,591 - INFO - Best instance 0.9750, class 0.9750 (epoch 88)
Best instance 0.9750, class 0.9750 (epoch 88)
2026-06-24 18:47:41,614 - INFO - Epoch 175/200:
Epoch 175/200:
2026-06-24 18:47:44,344 - INFO - Train loss: 0.6934 (2.7s)
Train loss: 0.6934 (2.7s)
2026-06-24 18:47:44,598 - INFO - Test instance 0.9250, class 0.9250
Test instance 0.9250, class 0.9250
2026-06-24 18:47:44,598 - INFO - Best instance 0.9750, class 0.9750 (epoch 88)
Best instance 0.9750, class 0.9750 (epoch 88)
2026-06-24 18:47:44,619 - INFO - Epoch 176/200:
Epoch 176/200:
2026-06-24 18:47:47,329 - INFO - Train loss: 0.7633 (2.7s)
Train loss: 0.7633 (2.7s)
2026-06-24 18:47:47,590 - INFO - Test instance 0.9500, class 0.9500
Test instance 0.9500, class 0.9500
2026-06-24 18:47:47,591 - INFO - Best instance 0.9750, class 0.9750 (epoch 88)
Best instance 0.9750, class 0.9750 (epoch 88)
2026-06-24 18:47:47,613 - INFO - Epoch 177/200:
Epoch 177/200:
2026-06-24 18:47:50,322 - INFO - Train loss: 0.7657 (2.7s)
Train loss: 0.7657 (2.7s)
2026-06-24 18:47:50,578 - INFO - Test instance 0.9000, class 0.9000
Test instance 0.9000, class 0.9000
2026-06-24 18:47:50,580 - INFO - Best instance 0.9750, class 0.9750 (epoch 88)
Best instance 0.9750, class 0.9750 (epoch 88)
2026-06-24 18:47:50,601 - INFO - Epoch 178/200:
Epoch 178/200:
2026-06-24 18:47:53,345 - INFO - Train loss: 0.7185 (2.7s)
Train loss: 0.7185 (2.7s)
2026-06-24 18:47:53,605 - INFO - Test instance 0.9250, class 0.9250
Test instance 0.9250, class 0.9250
2026-06-24 18:47:53,606 - INFO - Best instance 0.9750, class 0.9750 (epoch 88)
Best instance 0.9750, class 0.9750 (epoch 88)
2026-06-24 18:47:53,627 - INFO - Epoch 179/200:
Epoch 179/200:
2026-06-24 18:47:56,403 - INFO - Train loss: 0.7583 (2.8s)
Train loss: 0.7583 (2.8s)
2026-06-24 18:47:56,663 - INFO - Test instance 0.9125, class 0.9125
Test instance 0.9125, class 0.9125
2026-06-24 18:47:56,664 - INFO - Best instance 0.9750, class 0.9750 (epoch 88)
Best instance 0.9750, class 0.9750 (epoch 88)
2026-06-24 18:47:56,687 - INFO - Epoch 180/200:
Epoch 180/200:
2026-06-24 18:47:59,407 - INFO - Train loss: 0.7132 (2.7s)
Train loss: 0.7132 (2.7s)
2026-06-24 18:47:59,665 - INFO - Test instance 0.9250, class 0.9250
Test instance 0.9250, class 0.9250
2026-06-24 18:47:59,665 - INFO - Best instance 0.9750, class 0.9750 (epoch 88)
Best instance 0.9750, class 0.9750 (epoch 88)
2026-06-24 18:47:59,687 - INFO - Epoch 181/200:
Epoch 181/200:
2026-06-24 18:48:02,487 - INFO - Train loss: 0.7141 (2.8s)
Train loss: 0.7141 (2.8s)
2026-06-24 18:48:02,744 - INFO - Test instance 0.9375, class 0.9375
Test instance 0.9375, class 0.9375
2026-06-24 18:48:02,744 - INFO - Best instance 0.9750, class 0.9750 (epoch 88)
Best instance 0.9750, class 0.9750 (epoch 88)
2026-06-24 18:48:02,765 - INFO - Epoch 182/200:
Epoch 182/200:
2026-06-24 18:48:05,479 - INFO - Train loss: 0.7422 (2.7s)
Train loss: 0.7422 (2.7s)
2026-06-24 18:48:05,730 - INFO - Test instance 0.9625, class 0.9625
Test instance 0.9625, class 0.9625
2026-06-24 18:48:05,731 - INFO - Best instance 0.9750, class 0.9750 (epoch 88)
Best instance 0.9750, class 0.9750 (epoch 88)
2026-06-24 18:48:05,753 - INFO - Epoch 183/200:
Epoch 183/200:
2026-06-24 18:48:08,445 - INFO - Train loss: 0.6595 (2.7s)
Train loss: 0.6595 (2.7s)
2026-06-24 18:48:08,708 - INFO - Test instance 0.9375, class 0.9375
Test instance 0.9375, class 0.9375
2026-06-24 18:48:08,708 - INFO - Best instance 0.9750, class 0.9750 (epoch 88)
Best instance 0.9750, class 0.9750 (epoch 88)
2026-06-24 18:48:08,729 - INFO - Epoch 184/200:
Epoch 184/200:
2026-06-24 18:48:11,464 - INFO - Train loss: 0.6610 (2.7s)
Train loss: 0.6610 (2.7s)
2026-06-24 18:48:11,729 - INFO - Test instance 0.9375, class 0.9375
Test instance 0.9375, class 0.9375
2026-06-24 18:48:11,730 - INFO - Best instance 0.9750, class 0.9750 (epoch 88)
Best instance 0.9750, class 0.9750 (epoch 88)
2026-06-24 18:48:11,750 - INFO - Epoch 185/200:
Epoch 185/200:
2026-06-24 18:48:14,455 - INFO - Train loss: 0.7027 (2.7s)
Train loss: 0.7027 (2.7s)
2026-06-24 18:48:14,720 - INFO - Test instance 0.9375, class 0.9375
Test instance 0.9375, class 0.9375
2026-06-24 18:48:14,720 - INFO - Best instance 0.9750, class 0.9750 (epoch 88)
Best instance 0.9750, class 0.9750 (epoch 88)
2026-06-24 18:48:14,741 - INFO - Epoch 186/200:
Epoch 186/200:
2026-06-24 18:48:17,469 - INFO - Train loss: 0.7143 (2.7s)
Train loss: 0.7143 (2.7s)
2026-06-24 18:48:17,729 - INFO - Test instance 0.9250, class 0.9250
Test instance 0.9250, class 0.9250
2026-06-24 18:48:17,729 - INFO - Best instance 0.9750, class 0.9750 (epoch 88)
Best instance 0.9750, class 0.9750 (epoch 88)
2026-06-24 18:48:17,750 - INFO - Epoch 187/200:
Epoch 187/200:
2026-06-24 18:48:20,463 - INFO - Train loss: 0.6759 (2.7s)
Train loss: 0.6759 (2.7s)
2026-06-24 18:48:20,723 - INFO - Test instance 0.9625, class 0.9625
Test instance 0.9625, class 0.9625
2026-06-24 18:48:20,724 - INFO - Best instance 0.9750, class 0.9750 (epoch 88)
Best instance 0.9750, class 0.9750 (epoch 88)
2026-06-24 18:48:20,745 - INFO - Epoch 188/200:
Epoch 188/200:
2026-06-24 18:48:23,476 - INFO - Train loss: 0.7219 (2.7s)
Train loss: 0.7219 (2.7s)
2026-06-24 18:48:23,730 - INFO - Test instance 0.9375, class 0.9375
Test instance 0.9375, class 0.9375
2026-06-24 18:48:23,730 - INFO - Best instance 0.9750, class 0.9750 (epoch 88)
Best instance 0.9750, class 0.9750 (epoch 88)
2026-06-24 18:48:23,751 - INFO - Epoch 189/200:
Epoch 189/200:
2026-06-24 18:48:26,466 - INFO - Train loss: 0.7192 (2.7s)
Train loss: 0.7192 (2.7s)
2026-06-24 18:48:26,724 - INFO - Test instance 0.9250, class 0.9250
Test instance 0.9250, class 0.9250
2026-06-24 18:48:26,724 - INFO - Best instance 0.9750, class 0.9750 (epoch 88)
Best instance 0.9750, class 0.9750 (epoch 88)
2026-06-24 18:48:26,745 - INFO - Epoch 190/200:
Epoch 190/200:
2026-06-24 18:48:29,467 - INFO - Train loss: 0.6840 (2.7s)
Train loss: 0.6840 (2.7s)
2026-06-24 18:48:29,733 - INFO - Test instance 0.9375, class 0.9375
Test instance 0.9375, class 0.9375
2026-06-24 18:48:29,733 - INFO - Best instance 0.9750, class 0.9750 (epoch 88)
Best instance 0.9750, class 0.9750 (epoch 88)
2026-06-24 18:48:29,755 - INFO - Epoch 191/200:
Epoch 191/200:
2026-06-24 18:48:32,484 - INFO - Train loss: 0.7202 (2.7s)
Train loss: 0.7202 (2.7s)
2026-06-24 18:48:32,745 - INFO - Test instance 0.9375, class 0.9375
Test instance 0.9375, class 0.9375
2026-06-24 18:48:32,745 - INFO - Best instance 0.9750, class 0.9750 (epoch 88)
Best instance 0.9750, class 0.9750 (epoch 88)
2026-06-24 18:48:32,766 - INFO - Epoch 192/200:
Epoch 192/200:
2026-06-24 18:48:35,496 - INFO - Train loss: 0.6769 (2.7s)
Train loss: 0.6769 (2.7s)
2026-06-24 18:48:35,770 - INFO - Test instance 0.9375, class 0.9375
Test instance 0.9375, class 0.9375
2026-06-24 18:48:35,771 - INFO - Best instance 0.9750, class 0.9750 (epoch 88)
Best instance 0.9750, class 0.9750 (epoch 88)
2026-06-24 18:48:35,791 - INFO - Epoch 193/200:
Epoch 193/200:
2026-06-24 18:48:38,516 - INFO - Train loss: 0.7267 (2.7s)
Train loss: 0.7267 (2.7s)
2026-06-24 18:48:38,788 - INFO - Test instance 0.9375, class 0.9375
Test instance 0.9375, class 0.9375
2026-06-24 18:48:38,789 - INFO - Best instance 0.9750, class 0.9750 (epoch 88)
Best instance 0.9750, class 0.9750 (epoch 88)
2026-06-24 18:48:38,811 - INFO - Epoch 194/200:
Epoch 194/200:
2026-06-24 18:48:41,538 - INFO - Train loss: 0.6828 (2.7s)
Train loss: 0.6828 (2.7s)
2026-06-24 18:48:41,800 - INFO - Test instance 0.9375, class 0.9375
Test instance 0.9375, class 0.9375
2026-06-24 18:48:41,800 - INFO - Best instance 0.9750, class 0.9750 (epoch 88)
Best instance 0.9750, class 0.9750 (epoch 88)
2026-06-24 18:48:41,821 - INFO - Epoch 195/200:
Epoch 195/200:
2026-06-24 18:48:44,560 - INFO - Train loss: 0.6732 (2.7s)
Train loss: 0.6732 (2.7s)
2026-06-24 18:48:44,822 - INFO - Test instance 0.9250, class 0.9250
Test instance 0.9250, class 0.9250
2026-06-24 18:48:44,822 - INFO - Best instance 0.9750, class 0.9750 (epoch 88)
Best instance 0.9750, class 0.9750 (epoch 88)
2026-06-24 18:48:44,845 - INFO - Epoch 196/200:
Epoch 196/200:
2026-06-24 18:48:47,542 - INFO - Train loss: 0.7305 (2.7s)
Train loss: 0.7305 (2.7s)
2026-06-24 18:48:47,807 - INFO - Test instance 0.9125, class 0.9125
Test instance 0.9125, class 0.9125
2026-06-24 18:48:47,808 - INFO - Best instance 0.9750, class 0.9750 (epoch 88)
Best instance 0.9750, class 0.9750 (epoch 88)
2026-06-24 18:48:47,829 - INFO - Epoch 197/200:
Epoch 197/200:
2026-06-24 18:48:50,556 - INFO - Train loss: 0.6418 (2.7s)
Train loss: 0.6418 (2.7s)
2026-06-24 18:48:50,821 - INFO - Test instance 0.9375, class 0.9375
Test instance 0.9375, class 0.9375
2026-06-24 18:48:50,821 - INFO - Best instance 0.9750, class 0.9750 (epoch 88)
Best instance 0.9750, class 0.9750 (epoch 88)
2026-06-24 18:48:50,843 - INFO - Epoch 198/200:
Epoch 198/200:
2026-06-24 18:48:53,557 - INFO - Train loss: 0.6797 (2.7s)
Train loss: 0.6797 (2.7s)
2026-06-24 18:48:53,817 - INFO - Test instance 0.9375, class 0.9375
Test instance 0.9375, class 0.9375
2026-06-24 18:48:53,817 - INFO - Best instance 0.9750, class 0.9750 (epoch 88)
Best instance 0.9750, class 0.9750 (epoch 88)
2026-06-24 18:48:53,838 - INFO - Epoch 199/200:
Epoch 199/200:
2026-06-24 18:48:56,548 - INFO - Train loss: 0.7170 (2.7s)
Train loss: 0.7170 (2.7s)
2026-06-24 18:48:56,809 - INFO - Test instance 0.9875, class 0.9875
Test instance 0.9875, class 0.9875
2026-06-24 18:48:56,829 - INFO - Best instance 0.9875, class 0.9875 (epoch 199)
Best instance 0.9875, class 0.9875 (epoch 199)
2026-06-24 18:48:56,849 - INFO - Epoch 200/200:
Epoch 200/200:
2026-06-24 18:48:59,557 - INFO - Train loss: 0.6697 (2.7s)
Train loss: 0.6697 (2.7s)
2026-06-24 18:48:59,821 - INFO - Test instance 0.9250, class 0.9250
Test instance 0.9250, class 0.9250
2026-06-24 18:48:59,821 - INFO - Best instance 0.9875, class 0.9875 (epoch 199)
Best instance 0.9875, class 0.9875 (epoch 199)
2026-06-24 18:49:20,927 - INFO - Student 1.42 MB, 62.57 ms
Student 1.42 MB, 62.57 ms
