[Thu Jun 25 08:07:18 EDT 2026] task 110 on GPU 0: python flkd/advanced_kd_train_classification.py --teacher_model pointnet2_cls_ssg --student_model small_pointnet2 --kd_strategy crd --dataset modelnet40 --seed 7 --batch_size 48 --epoch 200 --num_point 1024 --teacher_path "outputs/modelnet40/flkd/federated/classification/fl_pointnet2_cls_ssg_feddyn_s7/checkpoints/best_model.pth" --log_dir kd_pointnet2_cls_ssg_feddyn+crd_small_pointnet2_s7  --data_root data --output_root outputs --num_workers -1 --max_runtime_hours 166.0
The size of train data is 9843
The size of test data is 2468
Loaded teacher from outputs/modelnet40/flkd/federated/classification/fl_pointnet2_cls_ssg_feddyn_s7/checkpoints/best_model.pth
2026-06-25 08:07:21,081 - INFO - PARAMETER ...
2026-06-25 08:07:21,081 - INFO - {'use_cpu': False, 'no_amp': False, 'gpu': '0', 'num_workers': -1, 'batch_size': 48, 'teacher_model': 'pointnet2_cls_ssg', 'student_model': 'small_pointnet2', 'num_category': 40, 'dataset': 'modelnet40', 'data_root': 'data', 'output_root': 'outputs', 'train_split': 0.8, 'dataset_seed': 0, 'cache_dataset': True, 'min_class_samples': 1, 'epoch': 200, 'learning_rate': 0.001, 'num_point': 1024, 'optimizer': 'Adam', 'log_dir': 'kd_pointnet2_cls_ssg_feddyn+crd_small_pointnet2_s7', 'decay_rate': 0.0001, 'use_normals': False, 'process_data': False, 'use_uniform_sample': False, 'resume': True, 'kd_strategy': 'crd', 'alpha': 0.5, 'temperature': 2.0, 'beta': 0.5, 'dkd_alpha': 1.0, 'dkd_beta': 8.0, 'crd_temperature': 0.07, 'teacher_path': 'outputs/modelnet40/flkd/federated/classification/fl_pointnet2_cls_ssg_feddyn_s7/checkpoints/best_model.pth', 'teacher_paths': None, 'teacher_weights': None, 'use_hard_labels': 'on', 'unlabeled': False, 'temperature_sweep': None, 'seed': 7, 'max_runtime_hours': 166.0}
2026-06-25 08:07:21,083 - INFO - KD=crd student=small_pointnet2 AMP=False use_hard=True unlabeled=False T=2.0
KD=crd student=small_pointnet2 AMP=False use_hard=True unlabeled=False T=2.0
2026-06-25 08:07:27,999 - INFO - Added 196864 KD-adapter params to optimiser.
Added 196864 KD-adapter params to optimiser.
2026-06-25 08:07:28,007 - INFO - Epoch 1/200:
Epoch 1/200:
2026-06-25 08:09:33,600 - INFO - Train loss: 2.0442 (125.6s)
Train loss: 2.0442 (125.6s)
2026-06-25 08:10:02,343 - INFO - Test instance 0.5126, class 0.3868
Test instance 0.5126, class 0.3868
2026-06-25 08:10:02,372 - INFO - Best instance 0.5126, class 0.3868 (epoch 1)
Best instance 0.5126, class 0.3868 (epoch 1)
2026-06-25 08:10:02,398 - INFO - Epoch 2/200:
Epoch 2/200:
2026-06-25 08:11:56,971 - INFO - Train loss: 0.8897 (114.6s)
Train loss: 0.8897 (114.6s)
2026-06-25 08:12:25,212 - INFO - Test instance 0.7314, class 0.6208
Test instance 0.7314, class 0.6208
2026-06-25 08:12:25,235 - INFO - Best instance 0.7314, class 0.6208 (epoch 2)
Best instance 0.7314, class 0.6208 (epoch 2)
2026-06-25 08:12:25,256 - INFO - Epoch 3/200:
Epoch 3/200:
2026-06-25 08:14:19,189 - INFO - Train loss: 0.6659 (113.9s)
Train loss: 0.6659 (113.9s)
2026-06-25 08:14:47,328 - INFO - Test instance 0.7650, class 0.6777
Test instance 0.7650, class 0.6777
2026-06-25 08:14:47,350 - INFO - Best instance 0.7650, class 0.6777 (epoch 3)
Best instance 0.7650, class 0.6777 (epoch 3)
2026-06-25 08:14:47,373 - INFO - Epoch 4/200:
Epoch 4/200:
2026-06-25 08:16:41,629 - INFO - Train loss: 0.5567 (114.3s)
Train loss: 0.5567 (114.3s)
2026-06-25 08:17:09,729 - INFO - Test instance 0.8006, class 0.7396
Test instance 0.8006, class 0.7396
2026-06-25 08:17:09,763 - INFO - Best instance 0.8006, class 0.7396 (epoch 4)
Best instance 0.8006, class 0.7396 (epoch 4)
2026-06-25 08:17:09,786 - INFO - Epoch 5/200:
Epoch 5/200:
2026-06-25 08:19:03,882 - INFO - Train loss: 0.4812 (114.1s)
Train loss: 0.4812 (114.1s)
2026-06-25 08:19:31,821 - INFO - Test instance 0.8436, class 0.7856
Test instance 0.8436, class 0.7856
2026-06-25 08:19:31,843 - INFO - Best instance 0.8436, class 0.7856 (epoch 5)
Best instance 0.8436, class 0.7856 (epoch 5)
2026-06-25 08:19:31,865 - INFO - Epoch 6/200:
Epoch 6/200:
2026-06-25 08:21:25,753 - INFO - Train loss: 0.4386 (113.9s)
Train loss: 0.4386 (113.9s)
2026-06-25 08:21:53,999 - INFO - Test instance 0.8476, class 0.7867
Test instance 0.8476, class 0.7867
2026-06-25 08:21:54,021 - INFO - Best instance 0.8476, class 0.7867 (epoch 6)
Best instance 0.8476, class 0.7867 (epoch 6)
2026-06-25 08:21:54,044 - INFO - Epoch 7/200:
Epoch 7/200:
2026-06-25 08:23:48,523 - INFO - Train loss: 0.4057 (114.5s)
Train loss: 0.4057 (114.5s)
2026-06-25 08:24:16,552 - INFO - Test instance 0.8582, class 0.8003
Test instance 0.8582, class 0.8003
2026-06-25 08:24:16,574 - INFO - Best instance 0.8582, class 0.8003 (epoch 7)
Best instance 0.8582, class 0.8003 (epoch 7)
2026-06-25 08:24:16,595 - INFO - Epoch 8/200:
Epoch 8/200:
2026-06-25 08:26:10,800 - INFO - Train loss: 0.3773 (114.2s)
Train loss: 0.3773 (114.2s)
2026-06-25 08:26:38,797 - INFO - Test instance 0.8622, class 0.8002
Test instance 0.8622, class 0.8002
2026-06-25 08:26:38,819 - INFO - Best instance 0.8622, class 0.8002 (epoch 8)
Best instance 0.8622, class 0.8002 (epoch 8)
2026-06-25 08:26:38,839 - INFO - Epoch 9/200:
Epoch 9/200:
2026-06-25 08:28:33,262 - INFO - Train loss: 0.3607 (114.4s)
Train loss: 0.3607 (114.4s)
2026-06-25 08:29:00,958 - INFO - Test instance 0.8602, class 0.8149
Test instance 0.8602, class 0.8149
2026-06-25 08:29:00,958 - INFO - Best instance 0.8622, class 0.8002 (epoch 8)
Best instance 0.8622, class 0.8002 (epoch 8)
2026-06-25 08:29:00,982 - INFO - Epoch 10/200:
Epoch 10/200:
2026-06-25 08:30:55,544 - INFO - Train loss: 0.3403 (114.6s)
Train loss: 0.3403 (114.6s)
2026-06-25 08:31:23,373 - INFO - Test instance 0.8663, class 0.8087
Test instance 0.8663, class 0.8087
2026-06-25 08:31:23,397 - INFO - Best instance 0.8663, class 0.8087 (epoch 10)
Best instance 0.8663, class 0.8087 (epoch 10)
2026-06-25 08:31:23,419 - INFO - Epoch 11/200:
Epoch 11/200:
2026-06-25 08:33:17,640 - INFO - Train loss: 0.3339 (114.2s)
Train loss: 0.3339 (114.2s)
2026-06-25 08:33:45,525 - INFO - Test instance 0.8497, class 0.8167
Test instance 0.8497, class 0.8167
2026-06-25 08:33:45,526 - INFO - Best instance 0.8663, class 0.8087 (epoch 10)
Best instance 0.8663, class 0.8087 (epoch 10)
2026-06-25 08:33:45,550 - INFO - Epoch 12/200:
Epoch 12/200:
2026-06-25 08:35:39,824 - INFO - Train loss: 0.3100 (114.3s)
Train loss: 0.3100 (114.3s)
2026-06-25 08:36:07,701 - INFO - Test instance 0.8748, class 0.8357
Test instance 0.8748, class 0.8357
2026-06-25 08:36:07,723 - INFO - Best instance 0.8748, class 0.8357 (epoch 12)
Best instance 0.8748, class 0.8357 (epoch 12)
2026-06-25 08:36:07,745 - INFO - Epoch 13/200:
Epoch 13/200:
2026-06-25 08:38:02,081 - INFO - Train loss: 0.3085 (114.3s)
Train loss: 0.3085 (114.3s)
2026-06-25 08:38:30,373 - INFO - Test instance 0.8845, class 0.8329
Test instance 0.8845, class 0.8329
2026-06-25 08:38:30,396 - INFO - Best instance 0.8845, class 0.8329 (epoch 13)
Best instance 0.8845, class 0.8329 (epoch 13)
2026-06-25 08:38:30,419 - INFO - Epoch 14/200:
Epoch 14/200:
2026-06-25 08:40:24,494 - INFO - Train loss: 0.3009 (114.1s)
Train loss: 0.3009 (114.1s)
2026-06-25 08:40:52,634 - INFO - Test instance 0.8809, class 0.8266
Test instance 0.8809, class 0.8266
2026-06-25 08:40:52,635 - INFO - Best instance 0.8845, class 0.8329 (epoch 13)
Best instance 0.8845, class 0.8329 (epoch 13)
2026-06-25 08:40:52,659 - INFO - Epoch 15/200:
Epoch 15/200:
2026-06-25 08:42:47,346 - INFO - Train loss: 0.2887 (114.7s)
Train loss: 0.2887 (114.7s)
2026-06-25 08:43:15,209 - INFO - Test instance 0.8874, class 0.8356
Test instance 0.8874, class 0.8356
2026-06-25 08:43:15,233 - INFO - Best instance 0.8874, class 0.8356 (epoch 15)
Best instance 0.8874, class 0.8356 (epoch 15)
2026-06-25 08:43:15,254 - INFO - Epoch 16/200:
Epoch 16/200:
2026-06-25 08:45:09,557 - INFO - Train loss: 0.2771 (114.3s)
Train loss: 0.2771 (114.3s)
2026-06-25 08:45:37,370 - INFO - Test instance 0.8788, class 0.8317
Test instance 0.8788, class 0.8317
2026-06-25 08:45:37,370 - INFO - Best instance 0.8874, class 0.8356 (epoch 15)
Best instance 0.8874, class 0.8356 (epoch 15)
2026-06-25 08:45:37,394 - INFO - Epoch 17/200:
Epoch 17/200:
2026-06-25 08:47:31,962 - INFO - Train loss: 0.2697 (114.6s)
Train loss: 0.2697 (114.6s)
2026-06-25 08:47:59,916 - INFO - Test instance 0.8874, class 0.8469
Test instance 0.8874, class 0.8469
2026-06-25 08:47:59,917 - INFO - Best instance 0.8874, class 0.8356 (epoch 15)
Best instance 0.8874, class 0.8356 (epoch 15)
2026-06-25 08:47:59,941 - INFO - Epoch 18/200:
Epoch 18/200:
2026-06-25 08:49:54,215 - INFO - Train loss: 0.2609 (114.3s)
Train loss: 0.2609 (114.3s)
2026-06-25 08:50:22,255 - INFO - Test instance 0.8643, class 0.8270
Test instance 0.8643, class 0.8270
2026-06-25 08:50:22,256 - INFO - Best instance 0.8874, class 0.8356 (epoch 15)
Best instance 0.8874, class 0.8356 (epoch 15)
2026-06-25 08:50:22,280 - INFO - Epoch 19/200:
Epoch 19/200:
2026-06-25 08:52:17,003 - INFO - Train loss: 0.2619 (114.7s)
Train loss: 0.2619 (114.7s)
2026-06-25 08:52:45,189 - INFO - Test instance 0.8874, class 0.8418
Test instance 0.8874, class 0.8418
2026-06-25 08:52:45,189 - INFO - Best instance 0.8874, class 0.8356 (epoch 15)
Best instance 0.8874, class 0.8356 (epoch 15)
2026-06-25 08:52:45,213 - INFO - Epoch 20/200:
Epoch 20/200:
2026-06-25 08:54:39,469 - INFO - Train loss: 0.2583 (114.3s)
Train loss: 0.2583 (114.3s)
2026-06-25 08:55:07,256 - INFO - Test instance 0.8938, class 0.8452
Test instance 0.8938, class 0.8452
2026-06-25 08:55:07,279 - INFO - Best instance 0.8938, class 0.8452 (epoch 20)
Best instance 0.8938, class 0.8452 (epoch 20)
2026-06-25 08:55:07,333 - INFO - Epoch 21/200:
Epoch 21/200:
2026-06-25 08:57:02,005 - INFO - Train loss: 0.2339 (114.7s)
Train loss: 0.2339 (114.7s)
2026-06-25 08:57:29,749 - INFO - Test instance 0.8934, class 0.8477
Test instance 0.8934, class 0.8477
2026-06-25 08:57:29,750 - INFO - Best instance 0.8938, class 0.8452 (epoch 20)
Best instance 0.8938, class 0.8452 (epoch 20)
2026-06-25 08:57:29,773 - INFO - Epoch 22/200:
Epoch 22/200:
2026-06-25 08:59:24,264 - INFO - Train loss: 0.2225 (114.5s)
Train loss: 0.2225 (114.5s)
2026-06-25 08:59:51,753 - INFO - Test instance 0.8898, class 0.8449
Test instance 0.8898, class 0.8449
2026-06-25 08:59:51,753 - INFO - Best instance 0.8938, class 0.8452 (epoch 20)
Best instance 0.8938, class 0.8452 (epoch 20)
2026-06-25 08:59:51,777 - INFO - Epoch 23/200:
Epoch 23/200:
2026-06-25 09:01:46,331 - INFO - Train loss: 0.2295 (114.6s)
Train loss: 0.2295 (114.6s)
2026-06-25 09:02:13,914 - INFO - Test instance 0.8983, class 0.8540
Test instance 0.8983, class 0.8540
2026-06-25 09:02:13,936 - INFO - Best instance 0.8983, class 0.8540 (epoch 23)
Best instance 0.8983, class 0.8540 (epoch 23)
2026-06-25 09:02:13,958 - INFO - Epoch 24/200:
Epoch 24/200:
2026-06-25 09:04:08,871 - INFO - Train loss: 0.2148 (114.9s)
Train loss: 0.2148 (114.9s)
2026-06-25 09:04:36,773 - INFO - Test instance 0.8922, class 0.8531
Test instance 0.8922, class 0.8531
2026-06-25 09:04:36,774 - INFO - Best instance 0.8983, class 0.8540 (epoch 23)
Best instance 0.8983, class 0.8540 (epoch 23)
2026-06-25 09:04:36,797 - INFO - Epoch 25/200:
Epoch 25/200:
2026-06-25 09:06:31,071 - INFO - Train loss: 0.2163 (114.3s)
Train loss: 0.2163 (114.3s)
2026-06-25 09:06:59,017 - INFO - Test instance 0.8934, class 0.8554
Test instance 0.8934, class 0.8554
2026-06-25 09:06:59,017 - INFO - Best instance 0.8983, class 0.8540 (epoch 23)
Best instance 0.8983, class 0.8540 (epoch 23)
2026-06-25 09:06:59,041 - INFO - Epoch 26/200:
Epoch 26/200:
2026-06-25 09:08:52,863 - INFO - Train loss: 0.2051 (113.8s)
Train loss: 0.2051 (113.8s)
2026-06-25 09:09:20,942 - INFO - Test instance 0.8979, class 0.8527
Test instance 0.8979, class 0.8527
2026-06-25 09:09:20,942 - INFO - Best instance 0.8983, class 0.8540 (epoch 23)
Best instance 0.8983, class 0.8540 (epoch 23)
2026-06-25 09:09:20,967 - INFO - Epoch 27/200:
Epoch 27/200:
2026-06-25 09:11:15,449 - INFO - Train loss: 0.2028 (114.5s)
Train loss: 0.2028 (114.5s)
2026-06-25 09:11:43,351 - INFO - Test instance 0.9015, class 0.8656
Test instance 0.9015, class 0.8656
2026-06-25 09:11:43,374 - INFO - Best instance 0.9015, class 0.8656 (epoch 27)
Best instance 0.9015, class 0.8656 (epoch 27)
2026-06-25 09:11:43,396 - INFO - Epoch 28/200:
Epoch 28/200:
2026-06-25 09:13:37,578 - INFO - Train loss: 0.2034 (114.2s)
Train loss: 0.2034 (114.2s)
2026-06-25 09:14:05,771 - INFO - Test instance 0.8983, class 0.8583
Test instance 0.8983, class 0.8583
2026-06-25 09:14:05,772 - INFO - Best instance 0.9015, class 0.8656 (epoch 27)
Best instance 0.9015, class 0.8656 (epoch 27)
2026-06-25 09:14:05,796 - INFO - Epoch 29/200:
Epoch 29/200:
2026-06-25 09:16:00,186 - INFO - Train loss: 0.2030 (114.4s)
Train loss: 0.2030 (114.4s)
2026-06-25 09:16:28,430 - INFO - Test instance 0.8999, class 0.8595
Test instance 0.8999, class 0.8595
2026-06-25 09:16:28,430 - INFO - Best instance 0.9015, class 0.8656 (epoch 27)
Best instance 0.9015, class 0.8656 (epoch 27)
2026-06-25 09:16:28,454 - INFO - Epoch 30/200:
Epoch 30/200:
2026-06-25 09:18:22,241 - INFO - Train loss: 0.1979 (113.8s)
Train loss: 0.1979 (113.8s)
2026-06-25 09:18:49,729 - INFO - Test instance 0.9011, class 0.8642
Test instance 0.9011, class 0.8642
2026-06-25 09:18:49,730 - INFO - Best instance 0.9015, class 0.8656 (epoch 27)
Best instance 0.9015, class 0.8656 (epoch 27)
2026-06-25 09:18:49,752 - INFO - Epoch 31/200:
Epoch 31/200:
2026-06-25 09:20:43,717 - INFO - Train loss: 0.2019 (114.0s)
Train loss: 0.2019 (114.0s)
2026-06-25 09:21:11,697 - INFO - Test instance 0.8663, class 0.8261
Test instance 0.8663, class 0.8261
2026-06-25 09:21:11,698 - INFO - Best instance 0.9015, class 0.8656 (epoch 27)
Best instance 0.9015, class 0.8656 (epoch 27)
2026-06-25 09:21:11,722 - INFO - Epoch 32/200:
Epoch 32/200:
2026-06-25 09:23:06,330 - INFO - Train loss: 0.1974 (114.6s)
Train loss: 0.1974 (114.6s)
2026-06-25 09:23:34,211 - INFO - Test instance 0.8987, class 0.8656
Test instance 0.8987, class 0.8656
2026-06-25 09:23:34,211 - INFO - Best instance 0.9015, class 0.8656 (epoch 27)
Best instance 0.9015, class 0.8656 (epoch 27)
2026-06-25 09:23:34,236 - INFO - Epoch 33/200:
Epoch 33/200:
2026-06-25 09:25:28,405 - INFO - Train loss: 0.1977 (114.2s)
Train loss: 0.1977 (114.2s)
2026-06-25 09:25:56,034 - INFO - Test instance 0.8955, class 0.8485
Test instance 0.8955, class 0.8485
2026-06-25 09:25:56,034 - INFO - Best instance 0.9015, class 0.8656 (epoch 27)
Best instance 0.9015, class 0.8656 (epoch 27)
2026-06-25 09:25:56,057 - INFO - Epoch 34/200:
Epoch 34/200:
2026-06-25 09:27:50,307 - INFO - Train loss: 0.1932 (114.2s)
Train loss: 0.1932 (114.2s)
2026-06-25 09:28:17,956 - INFO - Test instance 0.8979, class 0.8599
Test instance 0.8979, class 0.8599
2026-06-25 09:28:17,956 - INFO - Best instance 0.9015, class 0.8656 (epoch 27)
Best instance 0.9015, class 0.8656 (epoch 27)
2026-06-25 09:28:17,978 - INFO - Epoch 35/200:
Epoch 35/200:
2026-06-25 09:30:12,314 - INFO - Train loss: 0.1926 (114.3s)
Train loss: 0.1926 (114.3s)
2026-06-25 09:30:39,908 - INFO - Test instance 0.8995, class 0.8631
Test instance 0.8995, class 0.8631
2026-06-25 09:30:39,909 - INFO - Best instance 0.9015, class 0.8656 (epoch 27)
Best instance 0.9015, class 0.8656 (epoch 27)
2026-06-25 09:30:39,933 - INFO - Epoch 36/200:
Epoch 36/200:
2026-06-25 09:32:34,207 - INFO - Train loss: 0.1893 (114.3s)
Train loss: 0.1893 (114.3s)
2026-06-25 09:33:02,133 - INFO - Test instance 0.8995, class 0.8654
Test instance 0.8995, class 0.8654
2026-06-25 09:33:02,133 - INFO - Best instance 0.9015, class 0.8656 (epoch 27)
Best instance 0.9015, class 0.8656 (epoch 27)
2026-06-25 09:33:02,156 - INFO - Epoch 37/200:
Epoch 37/200:
2026-06-25 09:34:56,730 - INFO - Train loss: 0.1941 (114.6s)
Train loss: 0.1941 (114.6s)
2026-06-25 09:35:24,465 - INFO - Test instance 0.8942, class 0.8625
Test instance 0.8942, class 0.8625
2026-06-25 09:35:24,466 - INFO - Best instance 0.9015, class 0.8656 (epoch 27)
Best instance 0.9015, class 0.8656 (epoch 27)
2026-06-25 09:35:24,490 - INFO - Epoch 38/200:
Epoch 38/200:
2026-06-25 09:37:18,358 - INFO - Train loss: 0.1874 (113.9s)
Train loss: 0.1874 (113.9s)
2026-06-25 09:37:46,139 - INFO - Test instance 0.8995, class 0.8626
Test instance 0.8995, class 0.8626
2026-06-25 09:37:46,139 - INFO - Best instance 0.9015, class 0.8656 (epoch 27)
Best instance 0.9015, class 0.8656 (epoch 27)
2026-06-25 09:37:46,164 - INFO - Epoch 39/200:
Epoch 39/200:
2026-06-25 09:39:40,102 - INFO - Train loss: 0.1934 (113.9s)
Train loss: 0.1934 (113.9s)
2026-06-25 09:40:08,235 - INFO - Test instance 0.8991, class 0.8508
Test instance 0.8991, class 0.8508
2026-06-25 09:40:08,235 - INFO - Best instance 0.9015, class 0.8656 (epoch 27)
Best instance 0.9015, class 0.8656 (epoch 27)
2026-06-25 09:40:08,260 - INFO - Epoch 40/200:
Epoch 40/200:
2026-06-25 09:42:02,343 - INFO - Train loss: 0.1912 (114.1s)
Train loss: 0.1912 (114.1s)
2026-06-25 09:42:30,458 - INFO - Test instance 0.8987, class 0.8605
Test instance 0.8987, class 0.8605
2026-06-25 09:42:30,459 - INFO - Best instance 0.9015, class 0.8656 (epoch 27)
Best instance 0.9015, class 0.8656 (epoch 27)
2026-06-25 09:42:30,482 - INFO - Epoch 41/200:
Epoch 41/200:
2026-06-25 09:44:25,594 - INFO - Train loss: 0.1718 (115.1s)
Train loss: 0.1718 (115.1s)
2026-06-25 09:44:53,618 - INFO - Test instance 0.9117, class 0.8738
Test instance 0.9117, class 0.8738
2026-06-25 09:44:53,640 - INFO - Best instance 0.9117, class 0.8738 (epoch 41)
Best instance 0.9117, class 0.8738 (epoch 41)
2026-06-25 09:44:53,662 - INFO - Epoch 42/200:
Epoch 42/200:
2026-06-25 09:46:47,909 - INFO - Train loss: 0.1647 (114.2s)
Train loss: 0.1647 (114.2s)
2026-06-25 09:47:15,863 - INFO - Test instance 0.9011, class 0.8665
Test instance 0.9011, class 0.8665
2026-06-25 09:47:15,863 - INFO - Best instance 0.9117, class 0.8738 (epoch 41)
Best instance 0.9117, class 0.8738 (epoch 41)
2026-06-25 09:47:15,889 - INFO - Epoch 43/200:
Epoch 43/200:
2026-06-25 09:49:10,003 - INFO - Train loss: 0.1617 (114.1s)
Train loss: 0.1617 (114.1s)
2026-06-25 09:49:38,070 - INFO - Test instance 0.9007, class 0.8585
Test instance 0.9007, class 0.8585
2026-06-25 09:49:38,070 - INFO - Best instance 0.9117, class 0.8738 (epoch 41)
Best instance 0.9117, class 0.8738 (epoch 41)
2026-06-25 09:49:38,094 - INFO - Epoch 44/200:
Epoch 44/200:
2026-06-25 09:51:32,747 - INFO - Train loss: 0.1623 (114.7s)
Train loss: 0.1623 (114.7s)
2026-06-25 09:52:00,524 - INFO - Test instance 0.9056, class 0.8664
Test instance 0.9056, class 0.8664
2026-06-25 09:52:00,525 - INFO - Best instance 0.9117, class 0.8738 (epoch 41)
Best instance 0.9117, class 0.8738 (epoch 41)
2026-06-25 09:52:00,550 - INFO - Epoch 45/200:
Epoch 45/200:
2026-06-25 09:53:55,057 - INFO - Train loss: 0.1615 (114.5s)
Train loss: 0.1615 (114.5s)
2026-06-25 09:54:22,793 - INFO - Test instance 0.9044, class 0.8670
Test instance 0.9044, class 0.8670
2026-06-25 09:54:22,793 - INFO - Best instance 0.9117, class 0.8738 (epoch 41)
Best instance 0.9117, class 0.8738 (epoch 41)
2026-06-25 09:54:22,817 - INFO - Epoch 46/200:
Epoch 46/200:
2026-06-25 09:56:17,671 - INFO - Train loss: 0.1596 (114.9s)
Train loss: 0.1596 (114.9s)
2026-06-25 09:56:45,119 - INFO - Test instance 0.9011, class 0.8743
Test instance 0.9011, class 0.8743
2026-06-25 09:56:45,119 - INFO - Best instance 0.9117, class 0.8738 (epoch 41)
Best instance 0.9117, class 0.8738 (epoch 41)
2026-06-25 09:56:45,144 - INFO - Epoch 47/200:
Epoch 47/200:
2026-06-25 09:58:39,319 - INFO - Train loss: 0.1566 (114.2s)
Train loss: 0.1566 (114.2s)
2026-06-25 09:59:07,054 - INFO - Test instance 0.9137, class 0.8762
Test instance 0.9137, class 0.8762
2026-06-25 09:59:07,078 - INFO - Best instance 0.9137, class 0.8762 (epoch 47)
Best instance 0.9137, class 0.8762 (epoch 47)
2026-06-25 09:59:07,099 - INFO - Epoch 48/200:
Epoch 48/200:
2026-06-25 10:01:01,593 - INFO - Train loss: 0.1553 (114.5s)
Train loss: 0.1553 (114.5s)
2026-06-25 10:01:29,408 - INFO - Test instance 0.9019, class 0.8647
Test instance 0.9019, class 0.8647
2026-06-25 10:01:29,408 - INFO - Best instance 0.9137, class 0.8762 (epoch 47)
Best instance 0.9137, class 0.8762 (epoch 47)
2026-06-25 10:01:29,431 - INFO - Epoch 49/200:
Epoch 49/200:
2026-06-25 10:03:23,921 - INFO - Train loss: 0.1520 (114.5s)
Train loss: 0.1520 (114.5s)
2026-06-25 10:03:51,894 - INFO - Test instance 0.9044, class 0.8688
Test instance 0.9044, class 0.8688
2026-06-25 10:03:51,894 - INFO - Best instance 0.9137, class 0.8762 (epoch 47)
Best instance 0.9137, class 0.8762 (epoch 47)
2026-06-25 10:03:51,920 - INFO - Epoch 50/200:
Epoch 50/200:
2026-06-25 10:05:46,550 - INFO - Train loss: 0.1552 (114.6s)
Train loss: 0.1552 (114.6s)
2026-06-25 10:06:14,308 - INFO - Test instance 0.9088, class 0.8724
Test instance 0.9088, class 0.8724
2026-06-25 10:06:14,308 - INFO - Best instance 0.9137, class 0.8762 (epoch 47)
Best instance 0.9137, class 0.8762 (epoch 47)
2026-06-25 10:06:14,333 - INFO - Epoch 51/200:
Epoch 51/200:
2026-06-25 10:08:08,399 - INFO - Train loss: 0.1550 (114.1s)
Train loss: 0.1550 (114.1s)
2026-06-25 10:08:36,241 - INFO - Test instance 0.9133, class 0.8748
Test instance 0.9133, class 0.8748
2026-06-25 10:08:36,241 - INFO - Best instance 0.9137, class 0.8762 (epoch 47)
Best instance 0.9137, class 0.8762 (epoch 47)
2026-06-25 10:08:36,266 - INFO - Epoch 52/200:
Epoch 52/200:
2026-06-25 10:10:30,294 - INFO - Train loss: 0.1601 (114.0s)
Train loss: 0.1601 (114.0s)
2026-06-25 10:10:58,276 - INFO - Test instance 0.9109, class 0.8743
Test instance 0.9109, class 0.8743
2026-06-25 10:10:58,276 - INFO - Best instance 0.9137, class 0.8762 (epoch 47)
Best instance 0.9137, class 0.8762 (epoch 47)
2026-06-25 10:10:58,301 - INFO - Epoch 53/200:
Epoch 53/200:
2026-06-25 10:12:52,723 - INFO - Train loss: 0.1565 (114.4s)
Train loss: 0.1565 (114.4s)
2026-06-25 10:13:20,466 - INFO - Test instance 0.9064, class 0.8653
Test instance 0.9064, class 0.8653
2026-06-25 10:13:20,466 - INFO - Best instance 0.9137, class 0.8762 (epoch 47)
Best instance 0.9137, class 0.8762 (epoch 47)
2026-06-25 10:13:20,492 - INFO - Epoch 54/200:
Epoch 54/200:
2026-06-25 10:15:14,628 - INFO - Train loss: 0.1549 (114.1s)
Train loss: 0.1549 (114.1s)
2026-06-25 10:15:42,518 - INFO - Test instance 0.9072, class 0.8705
Test instance 0.9072, class 0.8705
2026-06-25 10:15:42,518 - INFO - Best instance 0.9137, class 0.8762 (epoch 47)
Best instance 0.9137, class 0.8762 (epoch 47)
2026-06-25 10:15:42,543 - INFO - Epoch 55/200:
Epoch 55/200:
2026-06-25 10:17:36,798 - INFO - Train loss: 0.1508 (114.3s)
Train loss: 0.1508 (114.3s)
2026-06-25 10:18:04,637 - INFO - Test instance 0.9028, class 0.8691
Test instance 0.9028, class 0.8691
2026-06-25 10:18:04,638 - INFO - Best instance 0.9137, class 0.8762 (epoch 47)
Best instance 0.9137, class 0.8762 (epoch 47)
2026-06-25 10:18:04,661 - INFO - Epoch 56/200:
Epoch 56/200:
2026-06-25 10:19:59,248 - INFO - Train loss: 0.1505 (114.6s)
Train loss: 0.1505 (114.6s)
2026-06-25 10:20:27,137 - INFO - Test instance 0.9056, class 0.8681
Test instance 0.9056, class 0.8681
2026-06-25 10:20:27,137 - INFO - Best instance 0.9137, class 0.8762 (epoch 47)
Best instance 0.9137, class 0.8762 (epoch 47)
2026-06-25 10:20:27,162 - INFO - Epoch 57/200:
Epoch 57/200:
2026-06-25 10:22:21,414 - INFO - Train loss: 0.1491 (114.3s)
Train loss: 0.1491 (114.3s)
2026-06-25 10:22:49,164 - INFO - Test instance 0.9153, class 0.8858
Test instance 0.9153, class 0.8858
2026-06-25 10:22:49,188 - INFO - Best instance 0.9153, class 0.8858 (epoch 57)
Best instance 0.9153, class 0.8858 (epoch 57)
2026-06-25 10:22:49,209 - INFO - Epoch 58/200:
Epoch 58/200:
2026-06-25 10:24:43,990 - INFO - Train loss: 0.1489 (114.8s)
Train loss: 0.1489 (114.8s)
2026-06-25 10:25:11,557 - INFO - Test instance 0.9076, class 0.8575
Test instance 0.9076, class 0.8575
2026-06-25 10:25:11,558 - INFO - Best instance 0.9153, class 0.8858 (epoch 57)
Best instance 0.9153, class 0.8858 (epoch 57)
2026-06-25 10:25:11,583 - INFO - Epoch 59/200:
Epoch 59/200:
2026-06-25 10:27:06,929 - INFO - Train loss: 0.1472 (115.3s)
Train loss: 0.1472 (115.3s)
2026-06-25 10:27:34,718 - INFO - Test instance 0.9137, class 0.8722
Test instance 0.9137, class 0.8722
2026-06-25 10:27:34,720 - INFO - Best instance 0.9153, class 0.8858 (epoch 57)
Best instance 0.9153, class 0.8858 (epoch 57)
2026-06-25 10:27:34,743 - INFO - Epoch 60/200:
Epoch 60/200:
2026-06-25 10:29:29,444 - INFO - Train loss: 0.1442 (114.7s)
Train loss: 0.1442 (114.7s)
2026-06-25 10:29:57,110 - INFO - Test instance 0.9141, class 0.8718
Test instance 0.9141, class 0.8718
2026-06-25 10:29:57,111 - INFO - Best instance 0.9153, class 0.8858 (epoch 57)
Best instance 0.9153, class 0.8858 (epoch 57)
2026-06-25 10:29:57,137 - INFO - Epoch 61/200:
Epoch 61/200:
2026-06-25 10:31:51,811 - INFO - Train loss: 0.1348 (114.7s)
Train loss: 0.1348 (114.7s)
2026-06-25 10:32:19,583 - INFO - Test instance 0.9117, class 0.8757
Test instance 0.9117, class 0.8757
2026-06-25 10:32:19,583 - INFO - Best instance 0.9153, class 0.8858 (epoch 57)
Best instance 0.9153, class 0.8858 (epoch 57)
2026-06-25 10:32:19,608 - INFO - Epoch 62/200:
Epoch 62/200:
2026-06-25 10:34:14,048 - INFO - Train loss: 0.1301 (114.4s)
Train loss: 0.1301 (114.4s)
2026-06-25 10:34:42,055 - INFO - Test instance 0.9177, class 0.8783
Test instance 0.9177, class 0.8783
2026-06-25 10:34:42,078 - INFO - Best instance 0.9177, class 0.8783 (epoch 62)
Best instance 0.9177, class 0.8783 (epoch 62)
2026-06-25 10:34:42,099 - INFO - Epoch 63/200:
Epoch 63/200:
2026-06-25 10:36:37,820 - INFO - Train loss: 0.1262 (115.7s)
Train loss: 0.1262 (115.7s)
2026-06-25 10:37:05,900 - INFO - Test instance 0.9165, class 0.8755
Test instance 0.9165, class 0.8755
2026-06-25 10:37:05,900 - INFO - Best instance 0.9177, class 0.8783 (epoch 62)
Best instance 0.9177, class 0.8783 (epoch 62)
2026-06-25 10:37:05,924 - INFO - Epoch 64/200:
Epoch 64/200:
2026-06-25 10:39:00,468 - INFO - Train loss: 0.1264 (114.5s)
Train loss: 0.1264 (114.5s)
2026-06-25 10:39:28,502 - INFO - Test instance 0.9141, class 0.8723
Test instance 0.9141, class 0.8723
2026-06-25 10:39:28,503 - INFO - Best instance 0.9177, class 0.8783 (epoch 62)
Best instance 0.9177, class 0.8783 (epoch 62)
2026-06-25 10:39:28,527 - INFO - Epoch 65/200:
Epoch 65/200:
2026-06-25 10:41:22,624 - INFO - Train loss: 0.1249 (114.1s)
Train loss: 0.1249 (114.1s)
2026-06-25 10:41:50,628 - INFO - Test instance 0.9133, class 0.8757
Test instance 0.9133, class 0.8757
2026-06-25 10:41:50,629 - INFO - Best instance 0.9177, class 0.8783 (epoch 62)
Best instance 0.9177, class 0.8783 (epoch 62)
2026-06-25 10:41:50,652 - INFO - Epoch 66/200:
Epoch 66/200:
2026-06-25 10:43:45,557 - INFO - Train loss: 0.1274 (114.9s)
Train loss: 0.1274 (114.9s)
2026-06-25 10:44:13,375 - INFO - Test instance 0.9096, class 0.8773
Test instance 0.9096, class 0.8773
2026-06-25 10:44:13,376 - INFO - Best instance 0.9177, class 0.8783 (epoch 62)
Best instance 0.9177, class 0.8783 (epoch 62)
2026-06-25 10:44:13,401 - INFO - Epoch 67/200:
Epoch 67/200:
2026-06-25 10:46:08,273 - INFO - Train loss: 0.1267 (114.9s)
Train loss: 0.1267 (114.9s)
2026-06-25 10:46:35,997 - INFO - Test instance 0.9105, class 0.8812
Test instance 0.9105, class 0.8812
2026-06-25 10:46:35,998 - INFO - Best instance 0.9177, class 0.8783 (epoch 62)
Best instance 0.9177, class 0.8783 (epoch 62)
2026-06-25 10:46:36,022 - INFO - Epoch 68/200:
Epoch 68/200:
2026-06-25 10:48:30,090 - INFO - Train loss: 0.1286 (114.1s)
Train loss: 0.1286 (114.1s)
2026-06-25 10:48:57,855 - INFO - Test instance 0.9153, class 0.8817
Test instance 0.9153, class 0.8817
2026-06-25 10:48:57,856 - INFO - Best instance 0.9177, class 0.8783 (epoch 62)
Best instance 0.9177, class 0.8783 (epoch 62)
2026-06-25 10:48:57,881 - INFO - Epoch 69/200:
Epoch 69/200:
2026-06-25 10:50:52,810 - INFO - Train loss: 0.1273 (114.9s)
Train loss: 0.1273 (114.9s)
2026-06-25 10:51:20,604 - INFO - Test instance 0.9088, class 0.8763
Test instance 0.9088, class 0.8763
2026-06-25 10:51:20,604 - INFO - Best instance 0.9177, class 0.8783 (epoch 62)
Best instance 0.9177, class 0.8783 (epoch 62)
2026-06-25 10:51:20,629 - INFO - Epoch 70/200:
Epoch 70/200:
2026-06-25 10:53:15,063 - INFO - Train loss: 0.1223 (114.4s)
Train loss: 0.1223 (114.4s)
2026-06-25 10:53:42,418 - INFO - Test instance 0.9084, class 0.8730
Test instance 0.9084, class 0.8730
2026-06-25 10:53:42,418 - INFO - Best instance 0.9177, class 0.8783 (epoch 62)
Best instance 0.9177, class 0.8783 (epoch 62)
2026-06-25 10:53:42,444 - INFO - Epoch 71/200:
Epoch 71/200:
2026-06-25 10:55:36,665 - INFO - Train loss: 0.1242 (114.2s)
Train loss: 0.1242 (114.2s)
2026-06-25 10:56:04,195 - INFO - Test instance 0.9121, class 0.8834
Test instance 0.9121, class 0.8834
2026-06-25 10:56:04,203 - INFO - Best instance 0.9177, class 0.8783 (epoch 62)
Best instance 0.9177, class 0.8783 (epoch 62)
2026-06-25 10:56:04,228 - INFO - Epoch 72/200:
Epoch 72/200:
2026-06-25 10:57:58,789 - INFO - Train loss: 0.1243 (114.6s)
Train loss: 0.1243 (114.6s)
2026-06-25 10:58:26,471 - INFO - Test instance 0.9113, class 0.8725
Test instance 0.9113, class 0.8725
2026-06-25 10:58:26,471 - INFO - Best instance 0.9177, class 0.8783 (epoch 62)
Best instance 0.9177, class 0.8783 (epoch 62)
2026-06-25 10:58:26,497 - INFO - Epoch 73/200:
Epoch 73/200:
2026-06-25 11:00:20,978 - INFO - Train loss: 0.1203 (114.5s)
Train loss: 0.1203 (114.5s)
2026-06-25 11:00:48,851 - INFO - Test instance 0.9117, class 0.8785
Test instance 0.9117, class 0.8785
2026-06-25 11:00:48,851 - INFO - Best instance 0.9177, class 0.8783 (epoch 62)
Best instance 0.9177, class 0.8783 (epoch 62)
2026-06-25 11:00:48,876 - INFO - Epoch 74/200:
Epoch 74/200:
2026-06-25 11:02:43,433 - INFO - Train loss: 0.1219 (114.6s)
Train loss: 0.1219 (114.6s)
2026-06-25 11:03:11,109 - INFO - Test instance 0.9056, class 0.8763
Test instance 0.9056, class 0.8763
2026-06-25 11:03:11,109 - INFO - Best instance 0.9177, class 0.8783 (epoch 62)
Best instance 0.9177, class 0.8783 (epoch 62)
2026-06-25 11:03:11,135 - INFO - Epoch 75/200:
Epoch 75/200:
2026-06-25 11:05:05,001 - INFO - Train loss: 0.1187 (113.9s)
Train loss: 0.1187 (113.9s)
2026-06-25 11:05:32,876 - INFO - Test instance 0.9084, class 0.8718
Test instance 0.9084, class 0.8718
2026-06-25 11:05:32,876 - INFO - Best instance 0.9177, class 0.8783 (epoch 62)
Best instance 0.9177, class 0.8783 (epoch 62)
2026-06-25 11:05:32,901 - INFO - Epoch 76/200:
Epoch 76/200:
2026-06-25 11:07:26,901 - INFO - Train loss: 0.1176 (114.0s)
Train loss: 0.1176 (114.0s)
2026-06-25 11:07:54,872 - INFO - Test instance 0.9028, class 0.8703
Test instance 0.9028, class 0.8703
2026-06-25 11:07:54,875 - INFO - Best instance 0.9177, class 0.8783 (epoch 62)
Best instance 0.9177, class 0.8783 (epoch 62)
2026-06-25 11:07:54,897 - INFO - Epoch 77/200:
Epoch 77/200:
2026-06-25 11:09:49,448 - INFO - Train loss: 0.1289 (114.6s)
Train loss: 0.1289 (114.6s)
2026-06-25 11:10:17,142 - INFO - Test instance 0.9137, class 0.8812
Test instance 0.9137, class 0.8812
2026-06-25 11:10:17,142 - INFO - Best instance 0.9177, class 0.8783 (epoch 62)
Best instance 0.9177, class 0.8783 (epoch 62)
2026-06-25 11:10:17,167 - INFO - Epoch 78/200:
Epoch 78/200:
2026-06-25 11:12:11,819 - INFO - Train loss: 0.1223 (114.7s)
Train loss: 0.1223 (114.7s)
2026-06-25 11:12:39,515 - INFO - Test instance 0.9137, class 0.8771
Test instance 0.9137, class 0.8771
2026-06-25 11:12:39,515 - INFO - Best instance 0.9177, class 0.8783 (epoch 62)
Best instance 0.9177, class 0.8783 (epoch 62)
2026-06-25 11:12:39,539 - INFO - Epoch 79/200:
Epoch 79/200:
2026-06-25 11:14:34,026 - INFO - Train loss: 0.1166 (114.5s)
Train loss: 0.1166 (114.5s)
2026-06-25 11:15:01,801 - INFO - Test instance 0.9036, class 0.8714
Test instance 0.9036, class 0.8714
2026-06-25 11:15:01,801 - INFO - Best instance 0.9177, class 0.8783 (epoch 62)
Best instance 0.9177, class 0.8783 (epoch 62)
2026-06-25 11:15:01,826 - INFO - Epoch 80/200:
Epoch 80/200:
2026-06-25 11:16:55,955 - INFO - Train loss: 0.1192 (114.1s)
Train loss: 0.1192 (114.1s)
2026-06-25 11:17:23,437 - INFO - Test instance 0.9129, class 0.8817
Test instance 0.9129, class 0.8817
2026-06-25 11:17:23,437 - INFO - Best instance 0.9177, class 0.8783 (epoch 62)
Best instance 0.9177, class 0.8783 (epoch 62)
2026-06-25 11:17:23,463 - INFO - Epoch 81/200:
Epoch 81/200:
2026-06-25 11:19:18,223 - INFO - Train loss: 0.1119 (114.8s)
Train loss: 0.1119 (114.8s)
2026-06-25 11:19:45,627 - INFO - Test instance 0.9117, class 0.8732
Test instance 0.9117, class 0.8732
2026-06-25 11:19:45,627 - INFO - Best instance 0.9177, class 0.8783 (epoch 62)
Best instance 0.9177, class 0.8783 (epoch 62)
2026-06-25 11:19:45,653 - INFO - Epoch 82/200:
Epoch 82/200:
2026-06-25 11:21:39,858 - INFO - Train loss: 0.1105 (114.2s)
Train loss: 0.1105 (114.2s)
2026-06-25 11:22:07,400 - INFO - Test instance 0.9153, class 0.8852
Test instance 0.9153, class 0.8852
2026-06-25 11:22:07,402 - INFO - Best instance 0.9177, class 0.8783 (epoch 62)
Best instance 0.9177, class 0.8783 (epoch 62)
2026-06-25 11:22:07,424 - INFO - Epoch 83/200:
Epoch 83/200:
2026-06-25 11:24:02,055 - INFO - Train loss: 0.1085 (114.6s)
Train loss: 0.1085 (114.6s)
2026-06-25 11:24:29,681 - INFO - Test instance 0.9169, class 0.8850
Test instance 0.9169, class 0.8850
2026-06-25 11:24:29,681 - INFO - Best instance 0.9177, class 0.8783 (epoch 62)
Best instance 0.9177, class 0.8783 (epoch 62)
2026-06-25 11:24:29,706 - INFO - Epoch 84/200:
Epoch 84/200:
2026-06-25 11:26:23,894 - INFO - Train loss: 0.1056 (114.2s)
Train loss: 0.1056 (114.2s)
2026-06-25 11:26:51,541 - INFO - Test instance 0.9113, class 0.8816
Test instance 0.9113, class 0.8816
2026-06-25 11:26:51,542 - INFO - Best instance 0.9177, class 0.8783 (epoch 62)
Best instance 0.9177, class 0.8783 (epoch 62)
2026-06-25 11:26:51,566 - INFO - Epoch 85/200:
Epoch 85/200:
2026-06-25 11:28:45,671 - INFO - Train loss: 0.1046 (114.1s)
Train loss: 0.1046 (114.1s)
2026-06-25 11:29:13,304 - INFO - Test instance 0.9177, class 0.8850
Test instance 0.9177, class 0.8850
2026-06-25 11:29:13,305 - INFO - Best instance 0.9177, class 0.8783 (epoch 62)
Best instance 0.9177, class 0.8783 (epoch 62)
2026-06-25 11:29:13,329 - INFO - Epoch 86/200:
Epoch 86/200:
2026-06-25 11:31:07,806 - INFO - Train loss: 0.1081 (114.5s)
Train loss: 0.1081 (114.5s)
2026-06-25 11:31:35,622 - INFO - Test instance 0.9137, class 0.8855
Test instance 0.9137, class 0.8855
2026-06-25 11:31:35,622 - INFO - Best instance 0.9177, class 0.8783 (epoch 62)
Best instance 0.9177, class 0.8783 (epoch 62)
2026-06-25 11:31:35,647 - INFO - Epoch 87/200:
Epoch 87/200:
2026-06-25 11:33:29,954 - INFO - Train loss: 0.1068 (114.3s)
Train loss: 0.1068 (114.3s)
2026-06-25 11:33:57,604 - INFO - Test instance 0.9137, class 0.8822
Test instance 0.9137, class 0.8822
2026-06-25 11:33:57,605 - INFO - Best instance 0.9177, class 0.8783 (epoch 62)
Best instance 0.9177, class 0.8783 (epoch 62)
2026-06-25 11:33:57,629 - INFO - Epoch 88/200:
Epoch 88/200:
2026-06-25 11:35:52,046 - INFO - Train loss: 0.1083 (114.4s)
Train loss: 0.1083 (114.4s)
2026-06-25 11:36:19,604 - INFO - Test instance 0.9177, class 0.8895
Test instance 0.9177, class 0.8895
2026-06-25 11:36:19,604 - INFO - Best instance 0.9177, class 0.8783 (epoch 62)
Best instance 0.9177, class 0.8783 (epoch 62)
2026-06-25 11:36:19,630 - INFO - Epoch 89/200:
Epoch 89/200:
2026-06-25 11:38:13,671 - INFO - Train loss: 0.1033 (114.0s)
Train loss: 0.1033 (114.0s)
2026-06-25 11:38:41,395 - INFO - Test instance 0.9169, class 0.8813
Test instance 0.9169, class 0.8813
2026-06-25 11:38:41,396 - INFO - Best instance 0.9177, class 0.8783 (epoch 62)
Best instance 0.9177, class 0.8783 (epoch 62)
2026-06-25 11:38:41,420 - INFO - Epoch 90/200:
Epoch 90/200:
2026-06-25 11:40:35,451 - INFO - Train loss: 0.1008 (114.0s)
Train loss: 0.1008 (114.0s)
2026-06-25 11:41:03,271 - INFO - Test instance 0.9149, class 0.8842
Test instance 0.9149, class 0.8842
2026-06-25 11:41:03,271 - INFO - Best instance 0.9177, class 0.8783 (epoch 62)
Best instance 0.9177, class 0.8783 (epoch 62)
2026-06-25 11:41:03,295 - INFO - Epoch 91/200:
Epoch 91/200:
2026-06-25 11:42:57,452 - INFO - Train loss: 0.1069 (114.2s)
Train loss: 0.1069 (114.2s)
2026-06-25 11:43:25,236 - INFO - Test instance 0.9137, class 0.8820
Test instance 0.9137, class 0.8820
2026-06-25 11:43:25,236 - INFO - Best instance 0.9177, class 0.8783 (epoch 62)
Best instance 0.9177, class 0.8783 (epoch 62)
2026-06-25 11:43:25,263 - INFO - Epoch 92/200:
Epoch 92/200:
2026-06-25 11:45:18,724 - INFO - Train loss: 0.1087 (113.5s)
Train loss: 0.1087 (113.5s)
2026-06-25 11:45:46,504 - INFO - Test instance 0.9173, class 0.8882
Test instance 0.9173, class 0.8882
2026-06-25 11:45:46,505 - INFO - Best instance 0.9177, class 0.8783 (epoch 62)
Best instance 0.9177, class 0.8783 (epoch 62)
2026-06-25 11:45:46,530 - INFO - Epoch 93/200:
Epoch 93/200:
2026-06-25 11:47:40,883 - INFO - Train loss: 0.1050 (114.4s)
Train loss: 0.1050 (114.4s)
2026-06-25 11:48:08,738 - INFO - Test instance 0.9177, class 0.8842
Test instance 0.9177, class 0.8842
2026-06-25 11:48:08,738 - INFO - Best instance 0.9177, class 0.8783 (epoch 62)
Best instance 0.9177, class 0.8783 (epoch 62)
2026-06-25 11:48:08,764 - INFO - Epoch 94/200:
Epoch 94/200:
2026-06-25 11:50:03,187 - INFO - Train loss: 0.1040 (114.4s)
Train loss: 0.1040 (114.4s)
2026-06-25 11:50:30,734 - INFO - Test instance 0.9141, class 0.8830
Test instance 0.9141, class 0.8830
2026-06-25 11:50:30,734 - INFO - Best instance 0.9177, class 0.8783 (epoch 62)
Best instance 0.9177, class 0.8783 (epoch 62)
2026-06-25 11:50:30,758 - INFO - Epoch 95/200:
Epoch 95/200:
2026-06-25 11:52:25,250 - INFO - Train loss: 0.0989 (114.5s)
Train loss: 0.0989 (114.5s)
2026-06-25 11:52:52,923 - INFO - Test instance 0.9129, class 0.8787
Test instance 0.9129, class 0.8787
2026-06-25 11:52:52,924 - INFO - Best instance 0.9177, class 0.8783 (epoch 62)
Best instance 0.9177, class 0.8783 (epoch 62)
2026-06-25 11:52:52,950 - INFO - Epoch 96/200:
Epoch 96/200:
2026-06-25 11:54:47,598 - INFO - Train loss: 0.0998 (114.6s)
Train loss: 0.0998 (114.6s)
2026-06-25 11:55:15,220 - INFO - Test instance 0.9169, class 0.8825
Test instance 0.9169, class 0.8825
2026-06-25 11:55:15,220 - INFO - Best instance 0.9177, class 0.8783 (epoch 62)
Best instance 0.9177, class 0.8783 (epoch 62)
2026-06-25 11:55:15,267 - INFO - Epoch 97/200:
Epoch 97/200:
2026-06-25 11:57:09,238 - INFO - Train loss: 0.0994 (114.0s)
Train loss: 0.0994 (114.0s)
2026-06-25 11:57:37,003 - INFO - Test instance 0.9169, class 0.8896
Test instance 0.9169, class 0.8896
2026-06-25 11:57:37,004 - INFO - Best instance 0.9177, class 0.8783 (epoch 62)
Best instance 0.9177, class 0.8783 (epoch 62)
2026-06-25 11:57:37,027 - INFO - Epoch 98/200:
Epoch 98/200:
2026-06-25 11:59:31,308 - INFO - Train loss: 0.0997 (114.3s)
Train loss: 0.0997 (114.3s)
2026-06-25 11:59:58,944 - INFO - Test instance 0.9194, class 0.8928
Test instance 0.9194, class 0.8928
2026-06-25 11:59:58,965 - INFO - Best instance 0.9194, class 0.8928 (epoch 98)
Best instance 0.9194, class 0.8928 (epoch 98)
2026-06-25 11:59:58,985 - INFO - Epoch 99/200:
Epoch 99/200:
2026-06-25 12:01:53,139 - INFO - Train loss: 0.0985 (114.2s)
Train loss: 0.0985 (114.2s)
2026-06-25 12:02:21,007 - INFO - Test instance 0.9161, class 0.8852
Test instance 0.9161, class 0.8852
2026-06-25 12:02:21,008 - INFO - Best instance 0.9194, class 0.8928 (epoch 98)
Best instance 0.9194, class 0.8928 (epoch 98)
2026-06-25 12:02:21,031 - INFO - Epoch 100/200:
Epoch 100/200:
2026-06-25 12:04:14,910 - INFO - Train loss: 0.1024 (113.9s)
Train loss: 0.1024 (113.9s)
2026-06-25 12:04:43,009 - INFO - Test instance 0.9133, class 0.8815
Test instance 0.9133, class 0.8815
2026-06-25 12:04:43,010 - INFO - Best instance 0.9194, class 0.8928 (epoch 98)
Best instance 0.9194, class 0.8928 (epoch 98)
2026-06-25 12:04:43,034 - INFO - Epoch 101/200:
Epoch 101/200:
2026-06-25 12:06:37,383 - INFO - Train loss: 0.0990 (114.3s)
Train loss: 0.0990 (114.3s)
2026-06-25 12:07:05,572 - INFO - Test instance 0.9254, class 0.9003
Test instance 0.9254, class 0.9003
2026-06-25 12:07:05,593 - INFO - Best instance 0.9254, class 0.9003 (epoch 101)
Best instance 0.9254, class 0.9003 (epoch 101)
2026-06-25 12:07:05,613 - INFO - Epoch 102/200:
Epoch 102/200:
2026-06-25 12:08:59,553 - INFO - Train loss: 0.0942 (113.9s)
Train loss: 0.0942 (113.9s)
2026-06-25 12:09:27,824 - INFO - Test instance 0.9186, class 0.8928
Test instance 0.9186, class 0.8928
2026-06-25 12:09:27,824 - INFO - Best instance 0.9254, class 0.9003 (epoch 101)
Best instance 0.9254, class 0.9003 (epoch 101)
2026-06-25 12:09:27,846 - INFO - Epoch 103/200:
Epoch 103/200:
2026-06-25 12:11:21,519 - INFO - Train loss: 0.0946 (113.7s)
Train loss: 0.0946 (113.7s)
2026-06-25 12:11:49,377 - INFO - Test instance 0.9121, class 0.8799
Test instance 0.9121, class 0.8799
2026-06-25 12:11:49,377 - INFO - Best instance 0.9254, class 0.9003 (epoch 101)
Best instance 0.9254, class 0.9003 (epoch 101)
2026-06-25 12:11:49,403 - INFO - Epoch 104/200:
Epoch 104/200:
2026-06-25 12:13:43,169 - INFO - Train loss: 0.0900 (113.8s)
Train loss: 0.0900 (113.8s)
2026-06-25 12:14:11,114 - INFO - Test instance 0.9157, class 0.8870
Test instance 0.9157, class 0.8870
2026-06-25 12:14:11,115 - INFO - Best instance 0.9254, class 0.9003 (epoch 101)
Best instance 0.9254, class 0.9003 (epoch 101)
2026-06-25 12:14:11,139 - INFO - Epoch 105/200:
Epoch 105/200:
2026-06-25 12:16:05,275 - INFO - Train loss: 0.0961 (114.1s)
Train loss: 0.0961 (114.1s)
2026-06-25 12:16:33,598 - INFO - Test instance 0.9149, class 0.8875
Test instance 0.9149, class 0.8875
2026-06-25 12:16:33,599 - INFO - Best instance 0.9254, class 0.9003 (epoch 101)
Best instance 0.9254, class 0.9003 (epoch 101)
2026-06-25 12:16:33,624 - INFO - Epoch 106/200:
Epoch 106/200:
2026-06-25 12:18:27,215 - INFO - Train loss: 0.0931 (113.6s)
Train loss: 0.0931 (113.6s)
2026-06-25 12:18:55,335 - INFO - Test instance 0.9141, class 0.8796
Test instance 0.9141, class 0.8796
2026-06-25 12:18:55,336 - INFO - Best instance 0.9254, class 0.9003 (epoch 101)
Best instance 0.9254, class 0.9003 (epoch 101)
2026-06-25 12:18:55,359 - INFO - Epoch 107/200:
Epoch 107/200:
2026-06-25 12:20:48,685 - INFO - Train loss: 0.0916 (113.3s)
Train loss: 0.0916 (113.3s)
2026-06-25 12:21:16,856 - INFO - Test instance 0.9177, class 0.8880
Test instance 0.9177, class 0.8880
2026-06-25 12:21:16,856 - INFO - Best instance 0.9254, class 0.9003 (epoch 101)
Best instance 0.9254, class 0.9003 (epoch 101)
2026-06-25 12:21:16,878 - INFO - Epoch 108/200:
Epoch 108/200:
2026-06-25 12:23:10,688 - INFO - Train loss: 0.0909 (113.8s)
Train loss: 0.0909 (113.8s)
2026-06-25 12:23:38,730 - INFO - Test instance 0.9182, class 0.8852
Test instance 0.9182, class 0.8852
2026-06-25 12:23:38,753 - INFO - Best instance 0.9254, class 0.9003 (epoch 101)
Best instance 0.9254, class 0.9003 (epoch 101)
2026-06-25 12:23:38,793 - INFO - Epoch 109/200:
Epoch 109/200:
2026-06-25 12:25:33,377 - INFO - Train loss: 0.0926 (114.6s)
Train loss: 0.0926 (114.6s)
2026-06-25 12:26:01,375 - INFO - Test instance 0.9194, class 0.8861
Test instance 0.9194, class 0.8861
2026-06-25 12:26:01,375 - INFO - Best instance 0.9254, class 0.9003 (epoch 101)
Best instance 0.9254, class 0.9003 (epoch 101)
2026-06-25 12:26:01,400 - INFO - Epoch 110/200:
Epoch 110/200:
2026-06-25 12:27:55,685 - INFO - Train loss: 0.0919 (114.3s)
Train loss: 0.0919 (114.3s)
2026-06-25 12:28:23,745 - INFO - Test instance 0.9173, class 0.8906
Test instance 0.9173, class 0.8906
2026-06-25 12:28:23,745 - INFO - Best instance 0.9254, class 0.9003 (epoch 101)
Best instance 0.9254, class 0.9003 (epoch 101)
2026-06-25 12:28:23,769 - INFO - Epoch 111/200:
Epoch 111/200:
2026-06-25 12:30:17,895 - INFO - Train loss: 0.0890 (114.1s)
Train loss: 0.0890 (114.1s)
2026-06-25 12:30:45,974 - INFO - Test instance 0.9153, class 0.8827
Test instance 0.9153, class 0.8827
2026-06-25 12:30:45,975 - INFO - Best instance 0.9254, class 0.9003 (epoch 101)
Best instance 0.9254, class 0.9003 (epoch 101)
2026-06-25 12:30:45,999 - INFO - Epoch 112/200:
Epoch 112/200:
2026-06-25 12:32:40,094 - INFO - Train loss: 0.0880 (114.1s)
Train loss: 0.0880 (114.1s)
2026-06-25 12:33:08,316 - INFO - Test instance 0.9177, class 0.8880
Test instance 0.9177, class 0.8880
2026-06-25 12:33:08,317 - INFO - Best instance 0.9254, class 0.9003 (epoch 101)
Best instance 0.9254, class 0.9003 (epoch 101)
2026-06-25 12:33:08,342 - INFO - Epoch 113/200:
Epoch 113/200:
2026-06-25 12:35:02,930 - INFO - Train loss: 0.0898 (114.6s)
Train loss: 0.0898 (114.6s)
2026-06-25 12:35:31,057 - INFO - Test instance 0.9133, class 0.8834
Test instance 0.9133, class 0.8834
2026-06-25 12:35:31,058 - INFO - Best instance 0.9254, class 0.9003 (epoch 101)
Best instance 0.9254, class 0.9003 (epoch 101)
2026-06-25 12:35:31,081 - INFO - Epoch 114/200:
Epoch 114/200:
2026-06-25 12:37:24,952 - INFO - Train loss: 0.0894 (113.9s)
Train loss: 0.0894 (113.9s)
2026-06-25 12:37:53,014 - INFO - Test instance 0.9117, class 0.8858
Test instance 0.9117, class 0.8858
2026-06-25 12:37:53,015 - INFO - Best instance 0.9254, class 0.9003 (epoch 101)
Best instance 0.9254, class 0.9003 (epoch 101)
2026-06-25 12:37:53,039 - INFO - Epoch 115/200:
Epoch 115/200:
2026-06-25 12:39:47,298 - INFO - Train loss: 0.0909 (114.3s)
Train loss: 0.0909 (114.3s)
2026-06-25 12:40:15,595 - INFO - Test instance 0.9153, class 0.8842
Test instance 0.9153, class 0.8842
2026-06-25 12:40:15,596 - INFO - Best instance 0.9254, class 0.9003 (epoch 101)
Best instance 0.9254, class 0.9003 (epoch 101)
2026-06-25 12:40:15,621 - INFO - Epoch 116/200:
Epoch 116/200:
2026-06-25 12:42:09,405 - INFO - Train loss: 0.0890 (113.8s)
Train loss: 0.0890 (113.8s)
2026-06-25 12:42:37,600 - INFO - Test instance 0.9137, class 0.8866
Test instance 0.9137, class 0.8866
2026-06-25 12:42:37,601 - INFO - Best instance 0.9254, class 0.9003 (epoch 101)
Best instance 0.9254, class 0.9003 (epoch 101)
2026-06-25 12:42:37,625 - INFO - Epoch 117/200:
Epoch 117/200:
2026-06-25 12:44:32,049 - INFO - Train loss: 0.0913 (114.4s)
Train loss: 0.0913 (114.4s)
2026-06-25 12:45:00,362 - INFO - Test instance 0.9149, class 0.8803
Test instance 0.9149, class 0.8803
2026-06-25 12:45:00,363 - INFO - Best instance 0.9254, class 0.9003 (epoch 101)
Best instance 0.9254, class 0.9003 (epoch 101)
2026-06-25 12:45:00,388 - INFO - Epoch 118/200:
Epoch 118/200:
2026-06-25 12:46:54,905 - INFO - Train loss: 0.0897 (114.5s)
Train loss: 0.0897 (114.5s)
2026-06-25 12:47:22,946 - INFO - Test instance 0.9145, class 0.8790
Test instance 0.9145, class 0.8790
2026-06-25 12:47:22,946 - INFO - Best instance 0.9254, class 0.9003 (epoch 101)
Best instance 0.9254, class 0.9003 (epoch 101)
2026-06-25 12:47:22,972 - INFO - Epoch 119/200:
Epoch 119/200:
2026-06-25 12:49:17,091 - INFO - Train loss: 0.0851 (114.1s)
Train loss: 0.0851 (114.1s)
2026-06-25 12:49:45,078 - INFO - Test instance 0.9096, class 0.8771
Test instance 0.9096, class 0.8771
2026-06-25 12:49:45,079 - INFO - Best instance 0.9254, class 0.9003 (epoch 101)
Best instance 0.9254, class 0.9003 (epoch 101)
2026-06-25 12:49:45,103 - INFO - Epoch 120/200:
Epoch 120/200:
2026-06-25 12:51:38,882 - INFO - Train loss: 0.0906 (113.8s)
Train loss: 0.0906 (113.8s)
2026-06-25 12:52:06,785 - INFO - Test instance 0.9100, class 0.8821
Test instance 0.9100, class 0.8821
2026-06-25 12:52:06,785 - INFO - Best instance 0.9254, class 0.9003 (epoch 101)
Best instance 0.9254, class 0.9003 (epoch 101)
2026-06-25 12:52:06,807 - INFO - Epoch 121/200:
Epoch 121/200:
2026-06-25 12:54:01,621 - INFO - Train loss: 0.0876 (114.8s)
Train loss: 0.0876 (114.8s)
2026-06-25 12:54:29,671 - INFO - Test instance 0.9145, class 0.8900
Test instance 0.9145, class 0.8900
2026-06-25 12:54:29,671 - INFO - Best instance 0.9254, class 0.9003 (epoch 101)
Best instance 0.9254, class 0.9003 (epoch 101)
2026-06-25 12:54:29,695 - INFO - Epoch 122/200:
Epoch 122/200:
2026-06-25 12:56:24,655 - INFO - Train loss: 0.0830 (115.0s)
Train loss: 0.0830 (115.0s)
2026-06-25 12:56:52,776 - INFO - Test instance 0.9141, class 0.8850
Test instance 0.9141, class 0.8850
2026-06-25 12:56:52,776 - INFO - Best instance 0.9254, class 0.9003 (epoch 101)
Best instance 0.9254, class 0.9003 (epoch 101)
2026-06-25 12:56:52,800 - INFO - Epoch 123/200:
Epoch 123/200:
2026-06-25 12:58:47,157 - INFO - Train loss: 0.0813 (114.4s)
Train loss: 0.0813 (114.4s)
2026-06-25 12:59:15,213 - INFO - Test instance 0.9169, class 0.8856
Test instance 0.9169, class 0.8856
2026-06-25 12:59:15,214 - INFO - Best instance 0.9254, class 0.9003 (epoch 101)
Best instance 0.9254, class 0.9003 (epoch 101)
2026-06-25 12:59:15,239 - INFO - Epoch 124/200:
Epoch 124/200:
2026-06-25 13:01:08,943 - INFO - Train loss: 0.0800 (113.7s)
Train loss: 0.0800 (113.7s)
2026-06-25 13:01:37,245 - INFO - Test instance 0.9145, class 0.8872
Test instance 0.9145, class 0.8872
2026-06-25 13:01:37,246 - INFO - Best instance 0.9254, class 0.9003 (epoch 101)
Best instance 0.9254, class 0.9003 (epoch 101)
2026-06-25 13:01:37,271 - INFO - Epoch 125/200:
Epoch 125/200:
2026-06-25 13:03:32,051 - INFO - Train loss: 0.0837 (114.8s)
Train loss: 0.0837 (114.8s)
2026-06-25 13:04:00,141 - INFO - Test instance 0.9190, class 0.8900
Test instance 0.9190, class 0.8900
2026-06-25 13:04:00,142 - INFO - Best instance 0.9254, class 0.9003 (epoch 101)
Best instance 0.9254, class 0.9003 (epoch 101)
2026-06-25 13:04:00,166 - INFO - Epoch 126/200:
Epoch 126/200:
2026-06-25 13:05:54,514 - INFO - Train loss: 0.0798 (114.3s)
Train loss: 0.0798 (114.3s)
2026-06-25 13:06:22,409 - INFO - Test instance 0.9133, class 0.8832
Test instance 0.9133, class 0.8832
2026-06-25 13:06:22,411 - INFO - Best instance 0.9254, class 0.9003 (epoch 101)
Best instance 0.9254, class 0.9003 (epoch 101)
2026-06-25 13:06:22,444 - INFO - Epoch 127/200:
Epoch 127/200:
2026-06-25 13:08:15,790 - INFO - Train loss: 0.0840 (113.3s)
Train loss: 0.0840 (113.3s)
2026-06-25 13:08:43,823 - INFO - Test instance 0.9182, class 0.8917
Test instance 0.9182, class 0.8917
2026-06-25 13:08:43,824 - INFO - Best instance 0.9254, class 0.9003 (epoch 101)
Best instance 0.9254, class 0.9003 (epoch 101)
2026-06-25 13:08:43,848 - INFO - Epoch 128/200:
Epoch 128/200:
2026-06-25 13:10:37,796 - INFO - Train loss: 0.0787 (113.9s)
Train loss: 0.0787 (113.9s)
2026-06-25 13:11:05,689 - INFO - Test instance 0.9157, class 0.8849
Test instance 0.9157, class 0.8849
2026-06-25 13:11:05,691 - INFO - Best instance 0.9254, class 0.9003 (epoch 101)
Best instance 0.9254, class 0.9003 (epoch 101)
2026-06-25 13:11:05,715 - INFO - Epoch 129/200:
Epoch 129/200:
2026-06-25 13:12:59,224 - INFO - Train loss: 0.0797 (113.5s)
Train loss: 0.0797 (113.5s)
2026-06-25 13:13:27,099 - INFO - Test instance 0.9149, class 0.8896
Test instance 0.9149, class 0.8896
2026-06-25 13:13:27,100 - INFO - Best instance 0.9254, class 0.9003 (epoch 101)
Best instance 0.9254, class 0.9003 (epoch 101)
2026-06-25 13:13:27,124 - INFO - Epoch 130/200:
Epoch 130/200:
2026-06-25 13:15:20,795 - INFO - Train loss: 0.0797 (113.7s)
Train loss: 0.0797 (113.7s)
2026-06-25 13:15:48,637 - INFO - Test instance 0.9169, class 0.8907
Test instance 0.9169, class 0.8907
2026-06-25 13:15:48,637 - INFO - Best instance 0.9254, class 0.9003 (epoch 101)
Best instance 0.9254, class 0.9003 (epoch 101)
2026-06-25 13:15:48,662 - INFO - Epoch 131/200:
Epoch 131/200:
2026-06-25 13:17:42,685 - INFO - Train loss: 0.0814 (114.0s)
Train loss: 0.0814 (114.0s)
2026-06-25 13:18:10,692 - INFO - Test instance 0.9173, class 0.8839
Test instance 0.9173, class 0.8839
2026-06-25 13:18:10,692 - INFO - Best instance 0.9254, class 0.9003 (epoch 101)
Best instance 0.9254, class 0.9003 (epoch 101)
2026-06-25 13:18:10,717 - INFO - Epoch 132/200:
Epoch 132/200:
2026-06-25 13:20:05,113 - INFO - Train loss: 0.0799 (114.4s)
Train loss: 0.0799 (114.4s)
2026-06-25 13:20:33,083 - INFO - Test instance 0.9137, class 0.8797
Test instance 0.9137, class 0.8797
2026-06-25 13:20:33,083 - INFO - Best instance 0.9254, class 0.9003 (epoch 101)
Best instance 0.9254, class 0.9003 (epoch 101)
2026-06-25 13:20:33,108 - INFO - Epoch 133/200:
Epoch 133/200:
2026-06-25 13:22:28,207 - INFO - Train loss: 0.0787 (115.1s)
Train loss: 0.0787 (115.1s)
2026-06-25 13:22:56,311 - INFO - Test instance 0.9177, class 0.8872
Test instance 0.9177, class 0.8872
2026-06-25 13:22:56,311 - INFO - Best instance 0.9254, class 0.9003 (epoch 101)
Best instance 0.9254, class 0.9003 (epoch 101)
2026-06-25 13:22:56,337 - INFO - Epoch 134/200:
Epoch 134/200:
2026-06-25 13:24:50,384 - INFO - Train loss: 0.0751 (114.0s)
Train loss: 0.0751 (114.0s)
2026-06-25 13:25:18,266 - INFO - Test instance 0.9182, class 0.8835
Test instance 0.9182, class 0.8835
2026-06-25 13:25:18,267 - INFO - Best instance 0.9254, class 0.9003 (epoch 101)
Best instance 0.9254, class 0.9003 (epoch 101)
2026-06-25 13:25:18,291 - INFO - Epoch 135/200:
Epoch 135/200:
2026-06-25 13:27:12,980 - INFO - Train loss: 0.0793 (114.7s)
Train loss: 0.0793 (114.7s)
2026-06-25 13:27:40,863 - INFO - Test instance 0.9169, class 0.8880
Test instance 0.9169, class 0.8880
2026-06-25 13:27:40,864 - INFO - Best instance 0.9254, class 0.9003 (epoch 101)
Best instance 0.9254, class 0.9003 (epoch 101)
2026-06-25 13:27:40,888 - INFO - Epoch 136/200:
Epoch 136/200:
2026-06-25 13:29:34,883 - INFO - Train loss: 0.0773 (114.0s)
Train loss: 0.0773 (114.0s)
2026-06-25 13:30:03,099 - INFO - Test instance 0.9137, class 0.8895
Test instance 0.9137, class 0.8895
2026-06-25 13:30:03,099 - INFO - Best instance 0.9254, class 0.9003 (epoch 101)
Best instance 0.9254, class 0.9003 (epoch 101)
2026-06-25 13:30:03,124 - INFO - Epoch 137/200:
Epoch 137/200:
2026-06-25 13:31:56,785 - INFO - Train loss: 0.0803 (113.7s)
Train loss: 0.0803 (113.7s)
2026-06-25 13:32:24,731 - INFO - Test instance 0.9177, class 0.8954
Test instance 0.9177, class 0.8954
2026-06-25 13:32:24,732 - INFO - Best instance 0.9254, class 0.9003 (epoch 101)
Best instance 0.9254, class 0.9003 (epoch 101)
2026-06-25 13:32:24,756 - INFO - Epoch 138/200:
Epoch 138/200:
2026-06-25 13:34:18,963 - INFO - Train loss: 0.0764 (114.2s)
Train loss: 0.0764 (114.2s)
2026-06-25 13:34:46,972 - INFO - Test instance 0.9125, class 0.8802
Test instance 0.9125, class 0.8802
2026-06-25 13:34:46,973 - INFO - Best instance 0.9254, class 0.9003 (epoch 101)
Best instance 0.9254, class 0.9003 (epoch 101)
2026-06-25 13:34:46,997 - INFO - Epoch 139/200:
Epoch 139/200:
2026-06-25 13:36:40,655 - INFO - Train loss: 0.0763 (113.7s)
Train loss: 0.0763 (113.7s)
2026-06-25 13:37:08,785 - INFO - Test instance 0.9113, class 0.8840
Test instance 0.9113, class 0.8840
2026-06-25 13:37:08,786 - INFO - Best instance 0.9254, class 0.9003 (epoch 101)
Best instance 0.9254, class 0.9003 (epoch 101)
2026-06-25 13:37:08,809 - INFO - Epoch 140/200:
Epoch 140/200:
2026-06-25 13:39:02,350 - INFO - Train loss: 0.0767 (113.5s)
Train loss: 0.0767 (113.5s)
2026-06-25 13:39:30,411 - INFO - Test instance 0.9169, class 0.8850
Test instance 0.9169, class 0.8850
2026-06-25 13:39:30,412 - INFO - Best instance 0.9254, class 0.9003 (epoch 101)
Best instance 0.9254, class 0.9003 (epoch 101)
2026-06-25 13:39:30,435 - INFO - Epoch 141/200:
Epoch 141/200:
2026-06-25 13:41:23,768 - INFO - Train loss: 0.0809 (113.3s)
Train loss: 0.0809 (113.3s)
2026-06-25 13:41:52,052 - INFO - Test instance 0.9141, class 0.8809
Test instance 0.9141, class 0.8809
2026-06-25 13:41:52,052 - INFO - Best instance 0.9254, class 0.9003 (epoch 101)
Best instance 0.9254, class 0.9003 (epoch 101)
2026-06-25 13:41:52,076 - INFO - Epoch 142/200:
Epoch 142/200:
2026-06-25 13:43:46,143 - INFO - Train loss: 0.0737 (114.1s)
Train loss: 0.0737 (114.1s)
2026-06-25 13:44:14,128 - INFO - Test instance 0.9182, class 0.8906
Test instance 0.9182, class 0.8906
2026-06-25 13:44:14,129 - INFO - Best instance 0.9254, class 0.9003 (epoch 101)
Best instance 0.9254, class 0.9003 (epoch 101)
2026-06-25 13:44:14,152 - INFO - Epoch 143/200:
Epoch 143/200:
2026-06-25 13:46:08,379 - INFO - Train loss: 0.0771 (114.2s)
Train loss: 0.0771 (114.2s)
2026-06-25 13:46:36,159 - INFO - Test instance 0.9186, class 0.8897
Test instance 0.9186, class 0.8897
2026-06-25 13:46:36,159 - INFO - Best instance 0.9254, class 0.9003 (epoch 101)
Best instance 0.9254, class 0.9003 (epoch 101)
2026-06-25 13:46:36,185 - INFO - Epoch 144/200:
Epoch 144/200:
2026-06-25 13:48:30,274 - INFO - Train loss: 0.0744 (114.1s)
Train loss: 0.0744 (114.1s)
2026-06-25 13:48:58,154 - INFO - Test instance 0.9182, class 0.8885
Test instance 0.9182, class 0.8885
2026-06-25 13:48:58,155 - INFO - Best instance 0.9254, class 0.9003 (epoch 101)
Best instance 0.9254, class 0.9003 (epoch 101)
2026-06-25 13:48:58,179 - INFO - Epoch 145/200:
Epoch 145/200:
2026-06-25 13:50:52,267 - INFO - Train loss: 0.0742 (114.1s)
Train loss: 0.0742 (114.1s)
2026-06-25 13:51:20,342 - INFO - Test instance 0.9141, class 0.8846
Test instance 0.9141, class 0.8846
2026-06-25 13:51:20,343 - INFO - Best instance 0.9254, class 0.9003 (epoch 101)
Best instance 0.9254, class 0.9003 (epoch 101)
2026-06-25 13:51:20,367 - INFO - Epoch 146/200:
Epoch 146/200:
2026-06-25 13:53:14,110 - INFO - Train loss: 0.0757 (113.7s)
Train loss: 0.0757 (113.7s)
2026-06-25 13:53:42,225 - INFO - Test instance 0.9173, class 0.8889
Test instance 0.9173, class 0.8889
2026-06-25 13:53:42,226 - INFO - Best instance 0.9254, class 0.9003 (epoch 101)
Best instance 0.9254, class 0.9003 (epoch 101)
2026-06-25 13:53:42,252 - INFO - Epoch 147/200:
Epoch 147/200:
2026-06-25 13:55:36,600 - INFO - Train loss: 0.0746 (114.3s)
Train loss: 0.0746 (114.3s)
2026-06-25 13:56:04,550 - INFO - Test instance 0.9198, class 0.8917
Test instance 0.9198, class 0.8917
2026-06-25 13:56:04,550 - INFO - Best instance 0.9254, class 0.9003 (epoch 101)
Best instance 0.9254, class 0.9003 (epoch 101)
2026-06-25 13:56:04,574 - INFO - Epoch 148/200:
Epoch 148/200:
2026-06-25 13:57:59,268 - INFO - Train loss: 0.0681 (114.7s)
Train loss: 0.0681 (114.7s)
2026-06-25 13:58:27,462 - INFO - Test instance 0.9145, class 0.8900
Test instance 0.9145, class 0.8900
2026-06-25 13:58:27,462 - INFO - Best instance 0.9254, class 0.9003 (epoch 101)
Best instance 0.9254, class 0.9003 (epoch 101)
2026-06-25 13:58:27,486 - INFO - Epoch 149/200:
Epoch 149/200:
2026-06-25 14:00:21,352 - INFO - Train loss: 0.0726 (113.9s)
Train loss: 0.0726 (113.9s)
2026-06-25 14:00:49,465 - INFO - Test instance 0.9133, class 0.8845
Test instance 0.9133, class 0.8845
2026-06-25 14:00:49,465 - INFO - Best instance 0.9254, class 0.9003 (epoch 101)
Best instance 0.9254, class 0.9003 (epoch 101)
2026-06-25 14:00:49,490 - INFO - Epoch 150/200:
Epoch 150/200:
2026-06-25 14:02:43,721 - INFO - Train loss: 0.0728 (114.2s)
Train loss: 0.0728 (114.2s)
2026-06-25 14:03:12,036 - INFO - Test instance 0.9202, class 0.8966
Test instance 0.9202, class 0.8966
2026-06-25 14:03:12,037 - INFO - Best instance 0.9254, class 0.9003 (epoch 101)
Best instance 0.9254, class 0.9003 (epoch 101)
2026-06-25 14:03:12,061 - INFO - Epoch 151/200:
Epoch 151/200:
2026-06-25 14:05:06,326 - INFO - Train loss: 0.0692 (114.3s)
Train loss: 0.0692 (114.3s)
2026-06-25 14:05:34,322 - INFO - Test instance 0.9165, class 0.8942
Test instance 0.9165, class 0.8942
2026-06-25 14:05:34,325 - INFO - Best instance 0.9254, class 0.9003 (epoch 101)
Best instance 0.9254, class 0.9003 (epoch 101)
2026-06-25 14:05:34,347 - INFO - Epoch 152/200:
Epoch 152/200:
2026-06-25 14:07:28,085 - INFO - Train loss: 0.0730 (113.7s)
Train loss: 0.0730 (113.7s)
2026-06-25 14:07:56,070 - INFO - Test instance 0.9173, class 0.8898
Test instance 0.9173, class 0.8898
2026-06-25 14:07:56,070 - INFO - Best instance 0.9254, class 0.9003 (epoch 101)
Best instance 0.9254, class 0.9003 (epoch 101)
2026-06-25 14:07:56,096 - INFO - Epoch 153/200:
Epoch 153/200:
2026-06-25 14:09:49,608 - INFO - Train loss: 0.0721 (113.5s)
Train loss: 0.0721 (113.5s)
2026-06-25 14:10:17,588 - INFO - Test instance 0.9173, class 0.8882
Test instance 0.9173, class 0.8882
2026-06-25 14:10:17,588 - INFO - Best instance 0.9254, class 0.9003 (epoch 101)
Best instance 0.9254, class 0.9003 (epoch 101)
2026-06-25 14:10:17,613 - INFO - Epoch 154/200:
Epoch 154/200:
2026-06-25 14:12:11,814 - INFO - Train loss: 0.0754 (114.2s)
Train loss: 0.0754 (114.2s)
2026-06-25 14:12:39,778 - INFO - Test instance 0.9149, class 0.8927
Test instance 0.9149, class 0.8927
2026-06-25 14:12:39,779 - INFO - Best instance 0.9254, class 0.9003 (epoch 101)
Best instance 0.9254, class 0.9003 (epoch 101)
2026-06-25 14:12:39,803 - INFO - Epoch 155/200:
Epoch 155/200:
2026-06-25 14:14:33,679 - INFO - Train loss: 0.0716 (113.9s)
Train loss: 0.0716 (113.9s)
2026-06-25 14:15:01,523 - INFO - Test instance 0.9169, class 0.8886
Test instance 0.9169, class 0.8886
2026-06-25 14:15:01,523 - INFO - Best instance 0.9254, class 0.9003 (epoch 101)
Best instance 0.9254, class 0.9003 (epoch 101)
2026-06-25 14:15:01,560 - INFO - Epoch 156/200:
Epoch 156/200:
2026-06-25 14:16:55,188 - INFO - Train loss: 0.0712 (113.6s)
Train loss: 0.0712 (113.6s)
2026-06-25 14:17:23,076 - INFO - Test instance 0.9157, class 0.8839
Test instance 0.9157, class 0.8839
2026-06-25 14:17:23,077 - INFO - Best instance 0.9254, class 0.9003 (epoch 101)
Best instance 0.9254, class 0.9003 (epoch 101)
2026-06-25 14:17:23,100 - INFO - Epoch 157/200:
Epoch 157/200:
2026-06-25 14:19:17,261 - INFO - Train loss: 0.0686 (114.2s)
Train loss: 0.0686 (114.2s)
2026-06-25 14:19:44,992 - INFO - Test instance 0.9202, class 0.8899
Test instance 0.9202, class 0.8899
2026-06-25 14:19:45,009 - INFO - Best instance 0.9254, class 0.9003 (epoch 101)
Best instance 0.9254, class 0.9003 (epoch 101)
2026-06-25 14:19:45,036 - INFO - Epoch 158/200:
Epoch 158/200:
2026-06-25 14:21:38,535 - INFO - Train loss: 0.0687 (113.5s)
Train loss: 0.0687 (113.5s)
2026-06-25 14:22:06,487 - INFO - Test instance 0.9157, class 0.8897
Test instance 0.9157, class 0.8897
2026-06-25 14:22:06,488 - INFO - Best instance 0.9254, class 0.9003 (epoch 101)
Best instance 0.9254, class 0.9003 (epoch 101)
2026-06-25 14:22:06,512 - INFO - Epoch 159/200:
Epoch 159/200:
2026-06-25 14:24:00,125 - INFO - Train loss: 0.0662 (113.6s)
Train loss: 0.0662 (113.6s)
2026-06-25 14:24:28,312 - INFO - Test instance 0.9149, class 0.8850
Test instance 0.9149, class 0.8850
2026-06-25 14:24:28,313 - INFO - Best instance 0.9254, class 0.9003 (epoch 101)
Best instance 0.9254, class 0.9003 (epoch 101)
2026-06-25 14:24:28,338 - INFO - Epoch 160/200:
Epoch 160/200:
2026-06-25 14:26:23,071 - INFO - Train loss: 0.0699 (114.7s)
Train loss: 0.0699 (114.7s)
2026-06-25 14:26:51,371 - INFO - Test instance 0.9153, class 0.8867
Test instance 0.9153, class 0.8867
2026-06-25 14:26:51,371 - INFO - Best instance 0.9254, class 0.9003 (epoch 101)
Best instance 0.9254, class 0.9003 (epoch 101)
2026-06-25 14:26:51,396 - INFO - Epoch 161/200:
Epoch 161/200:
2026-06-25 14:28:45,863 - INFO - Train loss: 0.0673 (114.5s)
Train loss: 0.0673 (114.5s)
2026-06-25 14:29:14,070 - INFO - Test instance 0.9153, class 0.8879
Test instance 0.9153, class 0.8879
2026-06-25 14:29:14,070 - INFO - Best instance 0.9254, class 0.9003 (epoch 101)
Best instance 0.9254, class 0.9003 (epoch 101)
2026-06-25 14:29:14,094 - INFO - Epoch 162/200:
Epoch 162/200:
2026-06-25 14:31:08,382 - INFO - Train loss: 0.0682 (114.3s)
Train loss: 0.0682 (114.3s)
2026-06-25 14:31:36,630 - INFO - Test instance 0.9129, class 0.8891
Test instance 0.9129, class 0.8891
2026-06-25 14:31:36,631 - INFO - Best instance 0.9254, class 0.9003 (epoch 101)
Best instance 0.9254, class 0.9003 (epoch 101)
2026-06-25 14:31:36,654 - INFO - Epoch 163/200:
Epoch 163/200:
2026-06-25 14:33:30,815 - INFO - Train loss: 0.0676 (114.2s)
Train loss: 0.0676 (114.2s)
2026-06-25 14:33:58,883 - INFO - Test instance 0.9190, class 0.8903
Test instance 0.9190, class 0.8903
2026-06-25 14:33:58,883 - INFO - Best instance 0.9254, class 0.9003 (epoch 101)
Best instance 0.9254, class 0.9003 (epoch 101)
2026-06-25 14:33:58,907 - INFO - Epoch 164/200:
Epoch 164/200:
2026-06-25 14:35:53,047 - INFO - Train loss: 0.0641 (114.1s)
Train loss: 0.0641 (114.1s)
2026-06-25 14:36:21,255 - INFO - Test instance 0.9198, class 0.8923
Test instance 0.9198, class 0.8923
2026-06-25 14:36:21,256 - INFO - Best instance 0.9254, class 0.9003 (epoch 101)
Best instance 0.9254, class 0.9003 (epoch 101)
2026-06-25 14:36:21,280 - INFO - Epoch 165/200:
Epoch 165/200:
2026-06-25 14:38:15,075 - INFO - Train loss: 0.0668 (113.8s)
Train loss: 0.0668 (113.8s)
2026-06-25 14:38:43,301 - INFO - Test instance 0.9153, class 0.8855
Test instance 0.9153, class 0.8855
2026-06-25 14:38:43,302 - INFO - Best instance 0.9254, class 0.9003 (epoch 101)
Best instance 0.9254, class 0.9003 (epoch 101)
2026-06-25 14:38:43,327 - INFO - Epoch 166/200:
Epoch 166/200:
2026-06-25 14:40:36,988 - INFO - Train loss: 0.0660 (113.7s)
Train loss: 0.0660 (113.7s)
2026-06-25 14:41:05,144 - INFO - Test instance 0.9194, class 0.8911
Test instance 0.9194, class 0.8911
2026-06-25 14:41:05,144 - INFO - Best instance 0.9254, class 0.9003 (epoch 101)
Best instance 0.9254, class 0.9003 (epoch 101)
2026-06-25 14:41:05,169 - INFO - Epoch 167/200:
Epoch 167/200:
2026-06-25 14:42:59,515 - INFO - Train loss: 0.0708 (114.3s)
Train loss: 0.0708 (114.3s)
2026-06-25 14:43:27,733 - INFO - Test instance 0.9202, class 0.8980
Test instance 0.9202, class 0.8980
2026-06-25 14:43:27,733 - INFO - Best instance 0.9254, class 0.9003 (epoch 101)
Best instance 0.9254, class 0.9003 (epoch 101)
2026-06-25 14:43:27,758 - INFO - Epoch 168/200:
Epoch 168/200:
2026-06-25 14:45:21,819 - INFO - Train loss: 0.0679 (114.1s)
Train loss: 0.0679 (114.1s)
2026-06-25 14:45:49,885 - INFO - Test instance 0.9198, class 0.8917
Test instance 0.9198, class 0.8917
2026-06-25 14:45:49,886 - INFO - Best instance 0.9254, class 0.9003 (epoch 101)
Best instance 0.9254, class 0.9003 (epoch 101)
2026-06-25 14:45:49,910 - INFO - Epoch 169/200:
Epoch 169/200:
2026-06-25 14:47:44,018 - INFO - Train loss: 0.0670 (114.1s)
Train loss: 0.0670 (114.1s)
2026-06-25 14:48:11,911 - INFO - Test instance 0.9173, class 0.8885
Test instance 0.9173, class 0.8885
2026-06-25 14:48:11,911 - INFO - Best instance 0.9254, class 0.9003 (epoch 101)
Best instance 0.9254, class 0.9003 (epoch 101)
2026-06-25 14:48:11,935 - INFO - Epoch 170/200:
Epoch 170/200:
2026-06-25 14:50:05,879 - INFO - Train loss: 0.0675 (113.9s)
Train loss: 0.0675 (113.9s)
2026-06-25 14:50:33,791 - INFO - Test instance 0.9165, class 0.8916
Test instance 0.9165, class 0.8916
2026-06-25 14:50:33,791 - INFO - Best instance 0.9254, class 0.9003 (epoch 101)
Best instance 0.9254, class 0.9003 (epoch 101)
2026-06-25 14:50:33,816 - INFO - Epoch 171/200:
Epoch 171/200:
2026-06-25 14:52:27,446 - INFO - Train loss: 0.0671 (113.6s)
Train loss: 0.0671 (113.6s)
2026-06-25 14:52:55,215 - INFO - Test instance 0.9173, class 0.8906
Test instance 0.9173, class 0.8906
2026-06-25 14:52:55,216 - INFO - Best instance 0.9254, class 0.9003 (epoch 101)
Best instance 0.9254, class 0.9003 (epoch 101)
2026-06-25 14:52:55,240 - INFO - Epoch 172/200:
Epoch 172/200:
2026-06-25 14:54:48,622 - INFO - Train loss: 0.0655 (113.4s)
Train loss: 0.0655 (113.4s)
2026-06-25 14:55:16,641 - INFO - Test instance 0.9157, class 0.8878
Test instance 0.9157, class 0.8878
2026-06-25 14:55:16,642 - INFO - Best instance 0.9254, class 0.9003 (epoch 101)
Best instance 0.9254, class 0.9003 (epoch 101)
2026-06-25 14:55:16,665 - INFO - Epoch 173/200:
Epoch 173/200:
2026-06-25 14:57:10,198 - INFO - Train loss: 0.0630 (113.5s)
Train loss: 0.0630 (113.5s)
2026-06-25 14:57:38,158 - INFO - Test instance 0.9202, class 0.8907
Test instance 0.9202, class 0.8907
2026-06-25 14:57:38,158 - INFO - Best instance 0.9254, class 0.9003 (epoch 101)
Best instance 0.9254, class 0.9003 (epoch 101)
2026-06-25 14:57:38,183 - INFO - Epoch 174/200:
Epoch 174/200:
2026-06-25 14:59:31,965 - INFO - Train loss: 0.0655 (113.8s)
Train loss: 0.0655 (113.8s)
2026-06-25 15:00:00,092 - INFO - Test instance 0.9137, class 0.8878
Test instance 0.9137, class 0.8878
2026-06-25 15:00:00,092 - INFO - Best instance 0.9254, class 0.9003 (epoch 101)
Best instance 0.9254, class 0.9003 (epoch 101)
2026-06-25 15:00:00,118 - INFO - Epoch 175/200:
Epoch 175/200:
2026-06-25 15:01:54,549 - INFO - Train loss: 0.0650 (114.4s)
Train loss: 0.0650 (114.4s)
2026-06-25 15:02:22,397 - INFO - Test instance 0.9109, class 0.8818
Test instance 0.9109, class 0.8818
2026-06-25 15:02:22,397 - INFO - Best instance 0.9254, class 0.9003 (epoch 101)
Best instance 0.9254, class 0.9003 (epoch 101)
2026-06-25 15:02:22,422 - INFO - Epoch 176/200:
Epoch 176/200:
2026-06-25 15:04:17,400 - INFO - Train loss: 0.0652 (115.0s)
Train loss: 0.0652 (115.0s)
2026-06-25 15:04:45,432 - INFO - Test instance 0.9177, class 0.8902
Test instance 0.9177, class 0.8902
2026-06-25 15:04:45,434 - INFO - Best instance 0.9254, class 0.9003 (epoch 101)
Best instance 0.9254, class 0.9003 (epoch 101)
2026-06-25 15:04:45,456 - INFO - Epoch 177/200:
Epoch 177/200:
2026-06-25 15:06:40,603 - INFO - Train loss: 0.0646 (115.1s)
Train loss: 0.0646 (115.1s)
2026-06-25 15:07:08,756 - INFO - Test instance 0.9165, class 0.8878
Test instance 0.9165, class 0.8878
2026-06-25 15:07:08,756 - INFO - Best instance 0.9254, class 0.9003 (epoch 101)
Best instance 0.9254, class 0.9003 (epoch 101)
2026-06-25 15:07:08,781 - INFO - Epoch 178/200:
Epoch 178/200:
2026-06-25 15:09:03,861 - INFO - Train loss: 0.0646 (115.1s)
Train loss: 0.0646 (115.1s)
2026-06-25 15:09:32,241 - INFO - Test instance 0.9194, class 0.8902
Test instance 0.9194, class 0.8902
2026-06-25 15:09:32,241 - INFO - Best instance 0.9254, class 0.9003 (epoch 101)
Best instance 0.9254, class 0.9003 (epoch 101)
2026-06-25 15:09:32,268 - INFO - Epoch 179/200:
Epoch 179/200:
2026-06-25 15:11:27,064 - INFO - Train loss: 0.0672 (114.8s)
Train loss: 0.0672 (114.8s)
2026-06-25 15:11:55,370 - INFO - Test instance 0.9141, class 0.8849
Test instance 0.9141, class 0.8849
2026-06-25 15:11:55,370 - INFO - Best instance 0.9254, class 0.9003 (epoch 101)
Best instance 0.9254, class 0.9003 (epoch 101)
2026-06-25 15:11:55,395 - INFO - Epoch 180/200:
Epoch 180/200:
2026-06-25 15:13:49,869 - INFO - Train loss: 0.0649 (114.5s)
Train loss: 0.0649 (114.5s)
2026-06-25 15:14:18,228 - INFO - Test instance 0.9165, class 0.8884
Test instance 0.9165, class 0.8884
2026-06-25 15:14:18,229 - INFO - Best instance 0.9254, class 0.9003 (epoch 101)
Best instance 0.9254, class 0.9003 (epoch 101)
2026-06-25 15:14:18,253 - INFO - Epoch 181/200:
Epoch 181/200:
2026-06-25 15:16:12,901 - INFO - Train loss: 0.0633 (114.6s)
Train loss: 0.0633 (114.6s)
2026-06-25 15:16:41,255 - INFO - Test instance 0.9129, class 0.8830
Test instance 0.9129, class 0.8830
2026-06-25 15:16:41,255 - INFO - Best instance 0.9254, class 0.9003 (epoch 101)
Best instance 0.9254, class 0.9003 (epoch 101)
2026-06-25 15:16:41,281 - INFO - Epoch 182/200:
Epoch 182/200:
2026-06-25 15:18:36,148 - INFO - Train loss: 0.0645 (114.9s)
Train loss: 0.0645 (114.9s)
2026-06-25 15:19:04,438 - INFO - Test instance 0.9157, class 0.8882
Test instance 0.9157, class 0.8882
2026-06-25 15:19:04,438 - INFO - Best instance 0.9254, class 0.9003 (epoch 101)
Best instance 0.9254, class 0.9003 (epoch 101)
2026-06-25 15:19:04,461 - INFO - Epoch 183/200:
Epoch 183/200:
2026-06-25 15:20:58,972 - INFO - Train loss: 0.0629 (114.5s)
Train loss: 0.0629 (114.5s)
2026-06-25 15:21:27,441 - INFO - Test instance 0.9186, class 0.8899
Test instance 0.9186, class 0.8899
2026-06-25 15:21:27,441 - INFO - Best instance 0.9254, class 0.9003 (epoch 101)
Best instance 0.9254, class 0.9003 (epoch 101)
2026-06-25 15:21:27,466 - INFO - Epoch 184/200:
Epoch 184/200:
2026-06-25 15:23:21,913 - INFO - Train loss: 0.0619 (114.4s)
Train loss: 0.0619 (114.4s)
2026-06-25 15:23:50,186 - INFO - Test instance 0.9161, class 0.8870
Test instance 0.9161, class 0.8870
2026-06-25 15:23:50,187 - INFO - Best instance 0.9254, class 0.9003 (epoch 101)
Best instance 0.9254, class 0.9003 (epoch 101)
2026-06-25 15:23:50,212 - INFO - Epoch 185/200:
Epoch 185/200:
2026-06-25 15:25:44,756 - INFO - Train loss: 0.0638 (114.5s)
Train loss: 0.0638 (114.5s)
2026-06-25 15:26:13,011 - INFO - Test instance 0.9186, class 0.8960
Test instance 0.9186, class 0.8960
2026-06-25 15:26:13,011 - INFO - Best instance 0.9254, class 0.9003 (epoch 101)
Best instance 0.9254, class 0.9003 (epoch 101)
2026-06-25 15:26:13,035 - INFO - Epoch 186/200:
Epoch 186/200:
2026-06-25 15:28:07,365 - INFO - Train loss: 0.0648 (114.3s)
Train loss: 0.0648 (114.3s)
2026-06-25 15:28:35,600 - INFO - Test instance 0.9153, class 0.8869
Test instance 0.9153, class 0.8869
2026-06-25 15:28:35,601 - INFO - Best instance 0.9254, class 0.9003 (epoch 101)
Best instance 0.9254, class 0.9003 (epoch 101)
2026-06-25 15:28:35,626 - INFO - Epoch 187/200:
Epoch 187/200:
2026-06-25 15:30:30,519 - INFO - Train loss: 0.0584 (114.9s)
Train loss: 0.0584 (114.9s)
2026-06-25 15:30:58,740 - INFO - Test instance 0.9153, class 0.8917
Test instance 0.9153, class 0.8917
2026-06-25 15:30:58,741 - INFO - Best instance 0.9254, class 0.9003 (epoch 101)
Best instance 0.9254, class 0.9003 (epoch 101)
2026-06-25 15:30:58,765 - INFO - Epoch 188/200:
Epoch 188/200:
2026-06-25 15:32:53,230 - INFO - Train loss: 0.0625 (114.5s)
Train loss: 0.0625 (114.5s)
2026-06-25 15:33:21,474 - INFO - Test instance 0.9190, class 0.8882
Test instance 0.9190, class 0.8882
2026-06-25 15:33:21,474 - INFO - Best instance 0.9254, class 0.9003 (epoch 101)
Best instance 0.9254, class 0.9003 (epoch 101)
2026-06-25 15:33:21,498 - INFO - Epoch 189/200:
Epoch 189/200:
2026-06-25 15:35:16,291 - INFO - Train loss: 0.0624 (114.8s)
Train loss: 0.0624 (114.8s)
2026-06-25 15:35:44,114 - INFO - Test instance 0.9182, class 0.8888
Test instance 0.9182, class 0.8888
2026-06-25 15:35:44,114 - INFO - Best instance 0.9254, class 0.9003 (epoch 101)
Best instance 0.9254, class 0.9003 (epoch 101)
2026-06-25 15:35:44,137 - INFO - Epoch 190/200:
Epoch 190/200:
2026-06-25 15:37:38,294 - INFO - Train loss: 0.0647 (114.2s)
Train loss: 0.0647 (114.2s)
2026-06-25 15:38:06,329 - INFO - Test instance 0.9198, class 0.8908
Test instance 0.9198, class 0.8908
2026-06-25 15:38:06,329 - INFO - Best instance 0.9254, class 0.9003 (epoch 101)
Best instance 0.9254, class 0.9003 (epoch 101)
2026-06-25 15:38:06,375 - INFO - Epoch 191/200:
Epoch 191/200:
2026-06-25 15:40:00,121 - INFO - Train loss: 0.0615 (113.7s)
Train loss: 0.0615 (113.7s)
2026-06-25 15:40:28,072 - INFO - Test instance 0.9165, class 0.8916
Test instance 0.9165, class 0.8916
2026-06-25 15:40:28,072 - INFO - Best instance 0.9254, class 0.9003 (epoch 101)
Best instance 0.9254, class 0.9003 (epoch 101)
2026-06-25 15:40:28,096 - INFO - Epoch 192/200:
Epoch 192/200:
2026-06-25 15:42:22,209 - INFO - Train loss: 0.0629 (114.1s)
Train loss: 0.0629 (114.1s)
2026-06-25 15:42:50,052 - INFO - Test instance 0.9182, class 0.8885
Test instance 0.9182, class 0.8885
2026-06-25 15:42:50,053 - INFO - Best instance 0.9254, class 0.9003 (epoch 101)
Best instance 0.9254, class 0.9003 (epoch 101)
2026-06-25 15:42:50,078 - INFO - Epoch 193/200:
Epoch 193/200:
2026-06-25 15:44:43,676 - INFO - Train loss: 0.0590 (113.6s)
Train loss: 0.0590 (113.6s)
2026-06-25 15:45:11,613 - INFO - Test instance 0.9194, class 0.8914
Test instance 0.9194, class 0.8914
2026-06-25 15:45:11,613 - INFO - Best instance 0.9254, class 0.9003 (epoch 101)
Best instance 0.9254, class 0.9003 (epoch 101)
2026-06-25 15:45:11,637 - INFO - Epoch 194/200:
Epoch 194/200:
2026-06-25 15:47:06,023 - INFO - Train loss: 0.0568 (114.4s)
Train loss: 0.0568 (114.4s)
2026-06-25 15:47:34,025 - INFO - Test instance 0.9125, class 0.8850
Test instance 0.9125, class 0.8850
2026-06-25 15:47:34,026 - INFO - Best instance 0.9254, class 0.9003 (epoch 101)
Best instance 0.9254, class 0.9003 (epoch 101)
2026-06-25 15:47:34,050 - INFO - Epoch 195/200:
Epoch 195/200:
2026-06-25 15:49:27,600 - INFO - Train loss: 0.0624 (113.5s)
Train loss: 0.0624 (113.5s)
2026-06-25 15:49:55,679 - INFO - Test instance 0.9194, class 0.8914
Test instance 0.9194, class 0.8914
2026-06-25 15:49:55,679 - INFO - Best instance 0.9254, class 0.9003 (epoch 101)
Best instance 0.9254, class 0.9003 (epoch 101)
2026-06-25 15:49:55,703 - INFO - Epoch 196/200:
Epoch 196/200:
2026-06-25 15:51:49,544 - INFO - Train loss: 0.0608 (113.8s)
Train loss: 0.0608 (113.8s)
2026-06-25 15:52:17,790 - INFO - Test instance 0.9182, class 0.8915
Test instance 0.9182, class 0.8915
2026-06-25 15:52:17,791 - INFO - Best instance 0.9254, class 0.9003 (epoch 101)
Best instance 0.9254, class 0.9003 (epoch 101)
2026-06-25 15:52:17,815 - INFO - Epoch 197/200:
Epoch 197/200:
2026-06-25 15:54:10,895 - INFO - Train loss: 0.0627 (113.1s)
Train loss: 0.0627 (113.1s)
2026-06-25 15:54:38,869 - INFO - Test instance 0.9186, class 0.8960
Test instance 0.9186, class 0.8960
2026-06-25 15:54:38,870 - INFO - Best instance 0.9254, class 0.9003 (epoch 101)
Best instance 0.9254, class 0.9003 (epoch 101)
2026-06-25 15:54:38,894 - INFO - Epoch 198/200:
Epoch 198/200:
2026-06-25 15:56:32,633 - INFO - Train loss: 0.0584 (113.7s)
Train loss: 0.0584 (113.7s)
2026-06-25 15:57:00,474 - INFO - Test instance 0.9214, class 0.8918
Test instance 0.9214, class 0.8918
2026-06-25 15:57:00,474 - INFO - Best instance 0.9254, class 0.9003 (epoch 101)
Best instance 0.9254, class 0.9003 (epoch 101)
2026-06-25 15:57:00,499 - INFO - Epoch 199/200:
Epoch 199/200:
2026-06-25 15:58:53,765 - INFO - Train loss: 0.0617 (113.3s)
Train loss: 0.0617 (113.3s)
2026-06-25 15:59:21,549 - INFO - Test instance 0.9182, class 0.8858
Test instance 0.9182, class 0.8858
2026-06-25 15:59:21,550 - INFO - Best instance 0.9254, class 0.9003 (epoch 101)
Best instance 0.9254, class 0.9003 (epoch 101)
2026-06-25 15:59:21,574 - INFO - Epoch 200/200:
Epoch 200/200:
2026-06-25 16:01:14,281 - INFO - Train loss: 0.0609 (112.7s)
Train loss: 0.0609 (112.7s)
2026-06-25 16:01:42,038 - INFO - Test instance 0.9173, class 0.8869
Test instance 0.9173, class 0.8869
2026-06-25 16:01:42,039 - INFO - Best instance 0.9254, class 0.9003 (epoch 101)
Best instance 0.9254, class 0.9003 (epoch 101)
2026-06-25 16:02:28,919 - INFO - Student 1.44 MB, 136.93 ms
Student 1.44 MB, 136.93 ms
