[Wed Jun 24 18:08:51 EDT 2026] task 175 on GPU 0: python flkd/advanced_kd_train_classification.py --teacher_model pointnet2_cls_ssg --student_model small_pointnet2 --kd_strategy rkd --dataset craniosynostosis --seed 42 --batch_size 24 --epoch 200 --num_point 1024 --teacher_path "outputs/craniosynostosis/flkd/federated/classification/fl_pointnet2_cls_ssg_fedadam_s42/checkpoints/best_model.pth" --log_dir kd_pointnet2_cls_ssg_fedadam+rkd_small_pointnet2_s42 --beta 0.5 --data_root data --output_root outputs --num_workers -1 --max_runtime_hours 166.0
Loaded teacher from outputs/craniosynostosis/flkd/federated/classification/fl_pointnet2_cls_ssg_fedadam_s42/checkpoints/best_model.pth
2026-06-24 18:12:33,964 - INFO - PARAMETER ...
2026-06-24 18:12:33,964 - INFO - {'use_cpu': False, 'no_amp': False, 'gpu': '0', 'num_workers': -1, 'batch_size': 24, 'teacher_model': 'pointnet2_cls_ssg', 'student_model': 'small_pointnet2', 'num_category': 4, 'dataset': 'craniosynostosis', 'data_root': 'data', 'output_root': 'outputs', 'train_split': 0.8, 'dataset_seed': 0, 'cache_dataset': True, 'min_class_samples': 1, 'epoch': 200, 'learning_rate': 0.001, 'num_point': 1024, 'optimizer': 'Adam', 'log_dir': 'kd_pointnet2_cls_ssg_fedadam+rkd_small_pointnet2_s42', 'decay_rate': 0.0001, 'use_normals': False, 'process_data': False, 'use_uniform_sample': False, 'resume': True, 'kd_strategy': 'rkd', 'alpha': 0.5, 'temperature': 2.0, 'beta': 0.5, 'dkd_alpha': 1.0, 'dkd_beta': 8.0, 'crd_temperature': 0.07, 'teacher_path': 'outputs/craniosynostosis/flkd/federated/classification/fl_pointnet2_cls_ssg_fedadam_s42/checkpoints/best_model.pth', 'teacher_paths': None, 'teacher_weights': None, 'use_hard_labels': 'on', 'unlabeled': False, 'temperature_sweep': None, 'seed': 42, 'max_runtime_hours': 166.0}
2026-06-24 18:12:33,965 - INFO - KD=rkd student=small_pointnet2 AMP=False use_hard=True unlabeled=False T=2.0
KD=rkd student=small_pointnet2 AMP=False use_hard=True unlabeled=False T=2.0
2026-06-24 18:12:36,326 - INFO - Epoch 1/200:
Epoch 1/200:
2026-06-24 18:12:39,343 - INFO - Train loss: 0.1224 (3.0s)
Train loss: 0.1224 (3.0s)
2026-06-24 18:12:40,049 - INFO - Test instance 0.2500, class 0.2500
Test instance 0.2500, class 0.2500
2026-06-24 18:12:40,083 - INFO - Best instance 0.2500, class 0.2500 (epoch 1)
Best instance 0.2500, class 0.2500 (epoch 1)
2026-06-24 18:12:40,101 - INFO - Epoch 2/200:
Epoch 2/200:
2026-06-24 18:12:42,897 - INFO - Train loss: 0.0941 (2.8s)
Train loss: 0.0941 (2.8s)
2026-06-24 18:12:43,166 - INFO - Test instance 0.2500, class 0.2500
Test instance 0.2500, class 0.2500
2026-06-24 18:12:43,166 - INFO - Best instance 0.2500, class 0.2500 (epoch 1)
Best instance 0.2500, class 0.2500 (epoch 1)
2026-06-24 18:12:43,186 - INFO - Epoch 3/200:
Epoch 3/200:
2026-06-24 18:12:45,987 - INFO - Train loss: 0.0714 (2.8s)
Train loss: 0.0714 (2.8s)
2026-06-24 18:12:46,255 - INFO - Test instance 0.2500, class 0.2500
Test instance 0.2500, class 0.2500
2026-06-24 18:12:46,255 - INFO - Best instance 0.2500, class 0.2500 (epoch 1)
Best instance 0.2500, class 0.2500 (epoch 1)
2026-06-24 18:12:46,273 - INFO - Epoch 4/200:
Epoch 4/200:
2026-06-24 18:12:49,074 - INFO - Train loss: 0.0600 (2.8s)
Train loss: 0.0600 (2.8s)
2026-06-24 18:12:49,404 - INFO - Test instance 0.2500, class 0.2500
Test instance 0.2500, class 0.2500
2026-06-24 18:12:49,404 - INFO - Best instance 0.2500, class 0.2500 (epoch 1)
Best instance 0.2500, class 0.2500 (epoch 1)
2026-06-24 18:12:49,425 - INFO - Epoch 5/200:
Epoch 5/200:
2026-06-24 18:12:52,129 - INFO - Train loss: 0.0572 (2.7s)
Train loss: 0.0572 (2.7s)
2026-06-24 18:12:52,381 - INFO - Test instance 0.2000, class 0.2000
Test instance 0.2000, class 0.2000
2026-06-24 18:12:52,382 - INFO - Best instance 0.2500, class 0.2500 (epoch 1)
Best instance 0.2500, class 0.2500 (epoch 1)
2026-06-24 18:12:52,400 - INFO - Epoch 6/200:
Epoch 6/200:
2026-06-24 18:12:55,075 - INFO - Train loss: 0.0502 (2.7s)
Train loss: 0.0502 (2.7s)
2026-06-24 18:12:55,340 - INFO - Test instance 0.2500, class 0.2500
Test instance 0.2500, class 0.2500
2026-06-24 18:12:55,340 - INFO - Best instance 0.2500, class 0.2500 (epoch 1)
Best instance 0.2500, class 0.2500 (epoch 1)
2026-06-24 18:12:55,358 - INFO - Epoch 7/200:
Epoch 7/200:
2026-06-24 18:12:58,064 - INFO - Train loss: 0.0487 (2.7s)
Train loss: 0.0487 (2.7s)
2026-06-24 18:12:58,326 - INFO - Test instance 0.2500, class 0.2500
Test instance 0.2500, class 0.2500
2026-06-24 18:12:58,326 - INFO - Best instance 0.2500, class 0.2500 (epoch 1)
Best instance 0.2500, class 0.2500 (epoch 1)
2026-06-24 18:12:58,347 - INFO - Epoch 8/200:
Epoch 8/200:
2026-06-24 18:13:01,016 - INFO - Train loss: 0.0428 (2.7s)
Train loss: 0.0428 (2.7s)
2026-06-24 18:13:01,305 - INFO - Test instance 0.2625, class 0.2625
Test instance 0.2625, class 0.2625
2026-06-24 18:13:01,322 - INFO - Best instance 0.2625, class 0.2625 (epoch 8)
Best instance 0.2625, class 0.2625 (epoch 8)
2026-06-24 18:13:01,340 - INFO - Epoch 9/200:
Epoch 9/200:
2026-06-24 18:13:04,068 - INFO - Train loss: 0.0494 (2.7s)
Train loss: 0.0494 (2.7s)
2026-06-24 18:13:04,328 - INFO - Test instance 0.2125, class 0.2125
Test instance 0.2125, class 0.2125
2026-06-24 18:13:04,329 - INFO - Best instance 0.2625, class 0.2625 (epoch 8)
Best instance 0.2625, class 0.2625 (epoch 8)
2026-06-24 18:13:04,348 - INFO - Epoch 10/200:
Epoch 10/200:
2026-06-24 18:13:07,041 - INFO - Train loss: 0.0374 (2.7s)
Train loss: 0.0374 (2.7s)
2026-06-24 18:13:07,301 - INFO - Test instance 0.2500, class 0.2500
Test instance 0.2500, class 0.2500
2026-06-24 18:13:07,302 - INFO - Best instance 0.2625, class 0.2625 (epoch 8)
Best instance 0.2625, class 0.2625 (epoch 8)
2026-06-24 18:13:07,321 - INFO - Epoch 11/200:
Epoch 11/200:
2026-06-24 18:13:10,011 - INFO - Train loss: 0.0415 (2.7s)
Train loss: 0.0415 (2.7s)
2026-06-24 18:13:10,268 - INFO - Test instance 0.3250, class 0.3250
Test instance 0.3250, class 0.3250
2026-06-24 18:13:10,286 - INFO - Best instance 0.3250, class 0.3250 (epoch 11)
Best instance 0.3250, class 0.3250 (epoch 11)
2026-06-24 18:13:10,304 - INFO - Epoch 12/200:
Epoch 12/200:
2026-06-24 18:13:13,001 - INFO - Train loss: 0.0377 (2.7s)
Train loss: 0.0377 (2.7s)
2026-06-24 18:13:13,257 - INFO - Test instance 0.2500, class 0.2500
Test instance 0.2500, class 0.2500
2026-06-24 18:13:13,257 - INFO - Best instance 0.3250, class 0.3250 (epoch 11)
Best instance 0.3250, class 0.3250 (epoch 11)
2026-06-24 18:13:13,276 - INFO - Epoch 13/200:
Epoch 13/200:
2026-06-24 18:13:16,651 - INFO - Train loss: 0.0367 (3.4s)
Train loss: 0.0367 (3.4s)
2026-06-24 18:13:16,908 - INFO - Test instance 0.2375, class 0.2375
Test instance 0.2375, class 0.2375
2026-06-24 18:13:16,908 - INFO - Best instance 0.3250, class 0.3250 (epoch 11)
Best instance 0.3250, class 0.3250 (epoch 11)
2026-06-24 18:13:16,928 - INFO - Epoch 14/200:
Epoch 14/200:
2026-06-24 18:13:20,294 - INFO - Train loss: 0.0301 (3.4s)
Train loss: 0.0301 (3.4s)
2026-06-24 18:13:20,549 - INFO - Test instance 0.2625, class 0.2625
Test instance 0.2625, class 0.2625
2026-06-24 18:13:20,550 - INFO - Best instance 0.3250, class 0.3250 (epoch 11)
Best instance 0.3250, class 0.3250 (epoch 11)
2026-06-24 18:13:20,568 - INFO - Epoch 15/200:
Epoch 15/200:
2026-06-24 18:13:23,260 - INFO - Train loss: 0.0341 (2.7s)
Train loss: 0.0341 (2.7s)
2026-06-24 18:13:23,517 - INFO - Test instance 0.2625, class 0.2625
Test instance 0.2625, class 0.2625
2026-06-24 18:13:23,517 - INFO - Best instance 0.3250, class 0.3250 (epoch 11)
Best instance 0.3250, class 0.3250 (epoch 11)
2026-06-24 18:13:23,535 - INFO - Epoch 16/200:
Epoch 16/200:
2026-06-24 18:13:26,208 - INFO - Train loss: 0.0367 (2.7s)
Train loss: 0.0367 (2.7s)
2026-06-24 18:13:26,474 - INFO - Test instance 0.2500, class 0.2500
Test instance 0.2500, class 0.2500
2026-06-24 18:13:26,474 - INFO - Best instance 0.3250, class 0.3250 (epoch 11)
Best instance 0.3250, class 0.3250 (epoch 11)
2026-06-24 18:13:26,493 - INFO - Epoch 17/200:
Epoch 17/200:
2026-06-24 18:13:29,159 - INFO - Train loss: 0.0359 (2.7s)
Train loss: 0.0359 (2.7s)
2026-06-24 18:13:29,411 - INFO - Test instance 0.2500, class 0.2500
Test instance 0.2500, class 0.2500
2026-06-24 18:13:29,411 - INFO - Best instance 0.3250, class 0.3250 (epoch 11)
Best instance 0.3250, class 0.3250 (epoch 11)
2026-06-24 18:13:29,428 - INFO - Epoch 18/200:
Epoch 18/200:
2026-06-24 18:13:32,119 - INFO - Train loss: 0.0353 (2.7s)
Train loss: 0.0353 (2.7s)
2026-06-24 18:13:32,371 - INFO - Test instance 0.2375, class 0.2375
Test instance 0.2375, class 0.2375
2026-06-24 18:13:32,372 - INFO - Best instance 0.3250, class 0.3250 (epoch 11)
Best instance 0.3250, class 0.3250 (epoch 11)
2026-06-24 18:13:32,389 - INFO - Epoch 19/200:
Epoch 19/200:
2026-06-24 18:13:35,759 - INFO - Train loss: 0.0302 (3.4s)
Train loss: 0.0302 (3.4s)
2026-06-24 18:13:36,016 - INFO - Test instance 0.2500, class 0.2500
Test instance 0.2500, class 0.2500
2026-06-24 18:13:36,016 - INFO - Best instance 0.3250, class 0.3250 (epoch 11)
Best instance 0.3250, class 0.3250 (epoch 11)
2026-06-24 18:13:36,034 - INFO - Epoch 20/200:
Epoch 20/200:
2026-06-24 18:13:38,722 - INFO - Train loss: 0.0321 (2.7s)
Train loss: 0.0321 (2.7s)
2026-06-24 18:13:38,983 - INFO - Test instance 0.2500, class 0.2500
Test instance 0.2500, class 0.2500
2026-06-24 18:13:38,983 - INFO - Best instance 0.3250, class 0.3250 (epoch 11)
Best instance 0.3250, class 0.3250 (epoch 11)
2026-06-24 18:13:39,002 - INFO - Epoch 21/200:
Epoch 21/200:
2026-06-24 18:13:41,673 - INFO - Train loss: 0.0343 (2.7s)
Train loss: 0.0343 (2.7s)
2026-06-24 18:13:41,921 - INFO - Test instance 0.2500, class 0.2500
Test instance 0.2500, class 0.2500
2026-06-24 18:13:41,921 - INFO - Best instance 0.3250, class 0.3250 (epoch 11)
Best instance 0.3250, class 0.3250 (epoch 11)
2026-06-24 18:13:41,938 - INFO - Epoch 22/200:
Epoch 22/200:
2026-06-24 18:13:44,656 - INFO - Train loss: 0.0292 (2.7s)
Train loss: 0.0292 (2.7s)
2026-06-24 18:13:44,921 - INFO - Test instance 0.2500, class 0.2500
Test instance 0.2500, class 0.2500
2026-06-24 18:13:44,921 - INFO - Best instance 0.3250, class 0.3250 (epoch 11)
Best instance 0.3250, class 0.3250 (epoch 11)
2026-06-24 18:13:44,941 - INFO - Epoch 23/200:
Epoch 23/200:
2026-06-24 18:13:47,644 - INFO - Train loss: 0.0310 (2.7s)
Train loss: 0.0310 (2.7s)
2026-06-24 18:13:47,899 - INFO - Test instance 0.2500, class 0.2500
Test instance 0.2500, class 0.2500
2026-06-24 18:13:47,899 - INFO - Best instance 0.3250, class 0.3250 (epoch 11)
Best instance 0.3250, class 0.3250 (epoch 11)
2026-06-24 18:13:47,918 - INFO - Epoch 24/200:
Epoch 24/200:
2026-06-24 18:13:50,609 - INFO - Train loss: 0.0323 (2.7s)
Train loss: 0.0323 (2.7s)
2026-06-24 18:13:50,868 - INFO - Test instance 0.2500, class 0.2500
Test instance 0.2500, class 0.2500
2026-06-24 18:13:50,868 - INFO - Best instance 0.3250, class 0.3250 (epoch 11)
Best instance 0.3250, class 0.3250 (epoch 11)
2026-06-24 18:13:50,886 - INFO - Epoch 25/200:
Epoch 25/200:
2026-06-24 18:13:53,561 - INFO - Train loss: 0.0324 (2.7s)
Train loss: 0.0324 (2.7s)
2026-06-24 18:13:53,820 - INFO - Test instance 0.2500, class 0.2500
Test instance 0.2500, class 0.2500
2026-06-24 18:13:53,820 - INFO - Best instance 0.3250, class 0.3250 (epoch 11)
Best instance 0.3250, class 0.3250 (epoch 11)
2026-06-24 18:13:53,839 - INFO - Epoch 26/200:
Epoch 26/200:
2026-06-24 18:13:56,540 - INFO - Train loss: 0.0283 (2.7s)
Train loss: 0.0283 (2.7s)
2026-06-24 18:13:56,795 - INFO - Test instance 0.2500, class 0.2500
Test instance 0.2500, class 0.2500
2026-06-24 18:13:56,796 - INFO - Best instance 0.3250, class 0.3250 (epoch 11)
Best instance 0.3250, class 0.3250 (epoch 11)
2026-06-24 18:13:56,813 - INFO - Epoch 27/200:
Epoch 27/200:
2026-06-24 18:13:59,532 - INFO - Train loss: 0.0257 (2.7s)
Train loss: 0.0257 (2.7s)
2026-06-24 18:13:59,786 - INFO - Test instance 0.2500, class 0.2500
Test instance 0.2500, class 0.2500
2026-06-24 18:13:59,786 - INFO - Best instance 0.3250, class 0.3250 (epoch 11)
Best instance 0.3250, class 0.3250 (epoch 11)
2026-06-24 18:13:59,804 - INFO - Epoch 28/200:
Epoch 28/200:
2026-06-24 18:14:02,550 - INFO - Train loss: 0.0293 (2.7s)
Train loss: 0.0293 (2.7s)
2026-06-24 18:14:02,808 - INFO - Test instance 0.2500, class 0.2500
Test instance 0.2500, class 0.2500
2026-06-24 18:14:02,808 - INFO - Best instance 0.3250, class 0.3250 (epoch 11)
Best instance 0.3250, class 0.3250 (epoch 11)
2026-06-24 18:14:02,826 - INFO - Epoch 29/200:
Epoch 29/200:
2026-06-24 18:14:06,207 - INFO - Train loss: 0.0298 (3.4s)
Train loss: 0.0298 (3.4s)
2026-06-24 18:14:06,542 - INFO - Test instance 0.2500, class 0.2500
Test instance 0.2500, class 0.2500
2026-06-24 18:14:06,543 - INFO - Best instance 0.3250, class 0.3250 (epoch 11)
Best instance 0.3250, class 0.3250 (epoch 11)
2026-06-24 18:14:06,569 - INFO - Epoch 30/200:
Epoch 30/200:
2026-06-24 18:14:09,950 - INFO - Train loss: 0.0245 (3.4s)
Train loss: 0.0245 (3.4s)
2026-06-24 18:14:10,210 - INFO - Test instance 0.2500, class 0.2500
Test instance 0.2500, class 0.2500
2026-06-24 18:14:10,210 - INFO - Best instance 0.3250, class 0.3250 (epoch 11)
Best instance 0.3250, class 0.3250 (epoch 11)
2026-06-24 18:14:10,228 - INFO - Epoch 31/200:
Epoch 31/200:
2026-06-24 18:14:12,926 - INFO - Train loss: 0.0297 (2.7s)
Train loss: 0.0297 (2.7s)
2026-06-24 18:14:13,182 - INFO - Test instance 0.2500, class 0.2500
Test instance 0.2500, class 0.2500
2026-06-24 18:14:13,183 - INFO - Best instance 0.3250, class 0.3250 (epoch 11)
Best instance 0.3250, class 0.3250 (epoch 11)
2026-06-24 18:14:13,201 - INFO - Epoch 32/200:
Epoch 32/200:
2026-06-24 18:14:15,899 - INFO - Train loss: 0.0296 (2.7s)
Train loss: 0.0296 (2.7s)
2026-06-24 18:14:16,160 - INFO - Test instance 0.2500, class 0.2500
Test instance 0.2500, class 0.2500
2026-06-24 18:14:16,161 - INFO - Best instance 0.3250, class 0.3250 (epoch 11)
Best instance 0.3250, class 0.3250 (epoch 11)
2026-06-24 18:14:16,178 - INFO - Epoch 33/200:
Epoch 33/200:
2026-06-24 18:14:18,884 - INFO - Train loss: 0.0266 (2.7s)
Train loss: 0.0266 (2.7s)
2026-06-24 18:14:19,142 - INFO - Test instance 0.2500, class 0.2500
Test instance 0.2500, class 0.2500
2026-06-24 18:14:19,142 - INFO - Best instance 0.3250, class 0.3250 (epoch 11)
Best instance 0.3250, class 0.3250 (epoch 11)
2026-06-24 18:14:19,161 - INFO - Epoch 34/200:
Epoch 34/200:
2026-06-24 18:14:21,876 - INFO - Train loss: 0.0292 (2.7s)
Train loss: 0.0292 (2.7s)
2026-06-24 18:14:22,132 - INFO - Test instance 0.2500, class 0.2500
Test instance 0.2500, class 0.2500
2026-06-24 18:14:22,132 - INFO - Best instance 0.3250, class 0.3250 (epoch 11)
Best instance 0.3250, class 0.3250 (epoch 11)
2026-06-24 18:14:22,150 - INFO - Epoch 35/200:
Epoch 35/200:
2026-06-24 18:14:24,830 - INFO - Train loss: 0.0267 (2.7s)
Train loss: 0.0267 (2.7s)
2026-06-24 18:14:25,085 - INFO - Test instance 0.2500, class 0.2500
Test instance 0.2500, class 0.2500
2026-06-24 18:14:25,086 - INFO - Best instance 0.3250, class 0.3250 (epoch 11)
Best instance 0.3250, class 0.3250 (epoch 11)
2026-06-24 18:14:25,103 - INFO - Epoch 36/200:
Epoch 36/200:
2026-06-24 18:14:27,793 - INFO - Train loss: 0.0282 (2.7s)
Train loss: 0.0282 (2.7s)
2026-06-24 18:14:28,057 - INFO - Test instance 0.2500, class 0.2500
Test instance 0.2500, class 0.2500
2026-06-24 18:14:28,058 - INFO - Best instance 0.3250, class 0.3250 (epoch 11)
Best instance 0.3250, class 0.3250 (epoch 11)
2026-06-24 18:14:28,077 - INFO - Epoch 37/200:
Epoch 37/200:
2026-06-24 18:14:30,761 - INFO - Train loss: 0.0265 (2.7s)
Train loss: 0.0265 (2.7s)
2026-06-24 18:14:31,016 - INFO - Test instance 0.2500, class 0.2500
Test instance 0.2500, class 0.2500
2026-06-24 18:14:31,016 - INFO - Best instance 0.3250, class 0.3250 (epoch 11)
Best instance 0.3250, class 0.3250 (epoch 11)
2026-06-24 18:14:31,034 - INFO - Epoch 38/200:
Epoch 38/200:
2026-06-24 18:14:33,708 - INFO - Train loss: 0.0284 (2.7s)
Train loss: 0.0284 (2.7s)
2026-06-24 18:14:33,971 - INFO - Test instance 0.2500, class 0.2500
Test instance 0.2500, class 0.2500
2026-06-24 18:14:33,971 - INFO - Best instance 0.3250, class 0.3250 (epoch 11)
Best instance 0.3250, class 0.3250 (epoch 11)
2026-06-24 18:14:33,990 - INFO - Epoch 39/200:
Epoch 39/200:
2026-06-24 18:14:36,668 - INFO - Train loss: 0.0270 (2.7s)
Train loss: 0.0270 (2.7s)
2026-06-24 18:14:36,922 - INFO - Test instance 0.2500, class 0.2500
Test instance 0.2500, class 0.2500
2026-06-24 18:14:36,922 - INFO - Best instance 0.3250, class 0.3250 (epoch 11)
Best instance 0.3250, class 0.3250 (epoch 11)
2026-06-24 18:14:36,940 - INFO - Epoch 40/200:
Epoch 40/200:
2026-06-24 18:14:39,620 - INFO - Train loss: 0.0255 (2.7s)
Train loss: 0.0255 (2.7s)
2026-06-24 18:14:39,876 - INFO - Test instance 0.2500, class 0.2500
Test instance 0.2500, class 0.2500
2026-06-24 18:14:39,876 - INFO - Best instance 0.3250, class 0.3250 (epoch 11)
Best instance 0.3250, class 0.3250 (epoch 11)
2026-06-24 18:14:39,894 - INFO - Epoch 41/200:
Epoch 41/200:
2026-06-24 18:14:42,571 - INFO - Train loss: 0.0269 (2.7s)
Train loss: 0.0269 (2.7s)
2026-06-24 18:14:42,822 - INFO - Test instance 0.2500, class 0.2500
Test instance 0.2500, class 0.2500
2026-06-24 18:14:42,822 - INFO - Best instance 0.3250, class 0.3250 (epoch 11)
Best instance 0.3250, class 0.3250 (epoch 11)
2026-06-24 18:14:42,840 - INFO - Epoch 42/200:
Epoch 42/200:
2026-06-24 18:14:46,234 - INFO - Train loss: 0.0256 (3.4s)
Train loss: 0.0256 (3.4s)
2026-06-24 18:14:46,561 - INFO - Test instance 0.2500, class 0.2500
Test instance 0.2500, class 0.2500
2026-06-24 18:14:46,561 - INFO - Best instance 0.3250, class 0.3250 (epoch 11)
Best instance 0.3250, class 0.3250 (epoch 11)
2026-06-24 18:14:46,580 - INFO - Epoch 43/200:
Epoch 43/200:
2026-06-24 18:14:49,932 - INFO - Train loss: 0.0242 (3.4s)
Train loss: 0.0242 (3.4s)
2026-06-24 18:14:50,259 - INFO - Test instance 0.2500, class 0.2500
Test instance 0.2500, class 0.2500
2026-06-24 18:14:50,259 - INFO - Best instance 0.3250, class 0.3250 (epoch 11)
Best instance 0.3250, class 0.3250 (epoch 11)
2026-06-24 18:14:50,279 - INFO - Epoch 44/200:
Epoch 44/200:
2026-06-24 18:14:52,971 - INFO - Train loss: 0.0238 (2.7s)
Train loss: 0.0238 (2.7s)
2026-06-24 18:14:53,224 - INFO - Test instance 0.2500, class 0.2500
Test instance 0.2500, class 0.2500
2026-06-24 18:14:53,224 - INFO - Best instance 0.3250, class 0.3250 (epoch 11)
Best instance 0.3250, class 0.3250 (epoch 11)
2026-06-24 18:14:53,241 - INFO - Epoch 45/200:
Epoch 45/200:
2026-06-24 18:14:55,918 - INFO - Train loss: 0.0284 (2.7s)
Train loss: 0.0284 (2.7s)
2026-06-24 18:14:56,176 - INFO - Test instance 0.2500, class 0.2500
Test instance 0.2500, class 0.2500
2026-06-24 18:14:56,176 - INFO - Best instance 0.3250, class 0.3250 (epoch 11)
Best instance 0.3250, class 0.3250 (epoch 11)
2026-06-24 18:14:56,194 - INFO - Epoch 46/200:
Epoch 46/200:
2026-06-24 18:14:58,873 - INFO - Train loss: 0.0308 (2.7s)
Train loss: 0.0308 (2.7s)
2026-06-24 18:14:59,138 - INFO - Test instance 0.2500, class 0.2500
Test instance 0.2500, class 0.2500
2026-06-24 18:14:59,138 - INFO - Best instance 0.3250, class 0.3250 (epoch 11)
Best instance 0.3250, class 0.3250 (epoch 11)
2026-06-24 18:14:59,155 - INFO - Epoch 47/200:
Epoch 47/200:
2026-06-24 18:15:01,812 - INFO - Train loss: 0.0275 (2.7s)
Train loss: 0.0275 (2.7s)
2026-06-24 18:15:02,077 - INFO - Test instance 0.2500, class 0.2500
Test instance 0.2500, class 0.2500
2026-06-24 18:15:02,078 - INFO - Best instance 0.3250, class 0.3250 (epoch 11)
Best instance 0.3250, class 0.3250 (epoch 11)
2026-06-24 18:15:02,096 - INFO - Epoch 48/200:
Epoch 48/200:
2026-06-24 18:15:05,473 - INFO - Train loss: 0.0247 (3.4s)
Train loss: 0.0247 (3.4s)
2026-06-24 18:15:05,731 - INFO - Test instance 0.2500, class 0.2500
Test instance 0.2500, class 0.2500
2026-06-24 18:15:05,731 - INFO - Best instance 0.3250, class 0.3250 (epoch 11)
Best instance 0.3250, class 0.3250 (epoch 11)
2026-06-24 18:15:05,748 - INFO - Epoch 49/200:
Epoch 49/200:
2026-06-24 18:15:08,426 - INFO - Train loss: 0.0269 (2.7s)
Train loss: 0.0269 (2.7s)
2026-06-24 18:15:08,685 - INFO - Test instance 0.2500, class 0.2500
Test instance 0.2500, class 0.2500
2026-06-24 18:15:08,685 - INFO - Best instance 0.3250, class 0.3250 (epoch 11)
Best instance 0.3250, class 0.3250 (epoch 11)
2026-06-24 18:15:08,702 - INFO - Epoch 50/200:
Epoch 50/200:
2026-06-24 18:15:11,367 - INFO - Train loss: 0.0237 (2.7s)
Train loss: 0.0237 (2.7s)
2026-06-24 18:15:11,627 - INFO - Test instance 0.2500, class 0.2500
Test instance 0.2500, class 0.2500
2026-06-24 18:15:11,627 - INFO - Best instance 0.3250, class 0.3250 (epoch 11)
Best instance 0.3250, class 0.3250 (epoch 11)
2026-06-24 18:15:11,644 - INFO - Epoch 51/200:
Epoch 51/200:
2026-06-24 18:15:14,300 - INFO - Train loss: 0.0257 (2.7s)
Train loss: 0.0257 (2.7s)
2026-06-24 18:15:14,621 - INFO - Test instance 0.2500, class 0.2500
Test instance 0.2500, class 0.2500
2026-06-24 18:15:14,622 - INFO - Best instance 0.3250, class 0.3250 (epoch 11)
Best instance 0.3250, class 0.3250 (epoch 11)
2026-06-24 18:15:14,640 - INFO - Epoch 52/200:
Epoch 52/200:
2026-06-24 18:15:17,332 - INFO - Train loss: 0.0309 (2.7s)
Train loss: 0.0309 (2.7s)
2026-06-24 18:15:17,596 - INFO - Test instance 0.2500, class 0.2500
Test instance 0.2500, class 0.2500
2026-06-24 18:15:17,597 - INFO - Best instance 0.3250, class 0.3250 (epoch 11)
Best instance 0.3250, class 0.3250 (epoch 11)
2026-06-24 18:15:17,613 - INFO - Epoch 53/200:
Epoch 53/200:
2026-06-24 18:15:20,290 - INFO - Train loss: 0.0246 (2.7s)
Train loss: 0.0246 (2.7s)
2026-06-24 18:15:20,539 - INFO - Test instance 0.2500, class 0.2500
Test instance 0.2500, class 0.2500
2026-06-24 18:15:20,539 - INFO - Best instance 0.3250, class 0.3250 (epoch 11)
Best instance 0.3250, class 0.3250 (epoch 11)
2026-06-24 18:15:20,556 - INFO - Epoch 54/200:
Epoch 54/200:
2026-06-24 18:15:23,249 - INFO - Train loss: 0.0219 (2.7s)
Train loss: 0.0219 (2.7s)
2026-06-24 18:15:23,509 - INFO - Test instance 0.2500, class 0.2500
Test instance 0.2500, class 0.2500
2026-06-24 18:15:23,509 - INFO - Best instance 0.3250, class 0.3250 (epoch 11)
Best instance 0.3250, class 0.3250 (epoch 11)
2026-06-24 18:15:23,526 - INFO - Epoch 55/200:
Epoch 55/200:
2026-06-24 18:15:26,199 - INFO - Train loss: 0.0234 (2.7s)
Train loss: 0.0234 (2.7s)
2026-06-24 18:15:26,464 - INFO - Test instance 0.2500, class 0.2500
Test instance 0.2500, class 0.2500
2026-06-24 18:15:26,464 - INFO - Best instance 0.3250, class 0.3250 (epoch 11)
Best instance 0.3250, class 0.3250 (epoch 11)
2026-06-24 18:15:26,481 - INFO - Epoch 56/200:
Epoch 56/200:
2026-06-24 18:15:29,140 - INFO - Train loss: 0.0233 (2.7s)
Train loss: 0.0233 (2.7s)
2026-06-24 18:15:29,467 - INFO - Test instance 0.2500, class 0.2500
Test instance 0.2500, class 0.2500
2026-06-24 18:15:29,468 - INFO - Best instance 0.3250, class 0.3250 (epoch 11)
Best instance 0.3250, class 0.3250 (epoch 11)
2026-06-24 18:15:29,486 - INFO - Epoch 57/200:
Epoch 57/200:
2026-06-24 18:15:32,157 - INFO - Train loss: 0.0242 (2.7s)
Train loss: 0.0242 (2.7s)
2026-06-24 18:15:32,406 - INFO - Test instance 0.2500, class 0.2500
Test instance 0.2500, class 0.2500
2026-06-24 18:15:32,407 - INFO - Best instance 0.3250, class 0.3250 (epoch 11)
Best instance 0.3250, class 0.3250 (epoch 11)
2026-06-24 18:15:32,423 - INFO - Epoch 58/200:
Epoch 58/200:
2026-06-24 18:15:35,086 - INFO - Train loss: 0.0231 (2.7s)
Train loss: 0.0231 (2.7s)
2026-06-24 18:15:35,347 - INFO - Test instance 0.2500, class 0.2500
Test instance 0.2500, class 0.2500
2026-06-24 18:15:35,348 - INFO - Best instance 0.3250, class 0.3250 (epoch 11)
Best instance 0.3250, class 0.3250 (epoch 11)
2026-06-24 18:15:35,364 - INFO - Epoch 59/200:
Epoch 59/200:
2026-06-24 18:15:38,038 - INFO - Train loss: 0.0232 (2.7s)
Train loss: 0.0232 (2.7s)
2026-06-24 18:15:38,294 - INFO - Test instance 0.2500, class 0.2500
Test instance 0.2500, class 0.2500
2026-06-24 18:15:38,294 - INFO - Best instance 0.3250, class 0.3250 (epoch 11)
Best instance 0.3250, class 0.3250 (epoch 11)
2026-06-24 18:15:38,311 - INFO - Epoch 60/200:
Epoch 60/200:
2026-06-24 18:15:40,994 - INFO - Train loss: 0.0251 (2.7s)
Train loss: 0.0251 (2.7s)
2026-06-24 18:15:41,246 - INFO - Test instance 0.2500, class 0.2500
Test instance 0.2500, class 0.2500
2026-06-24 18:15:41,246 - INFO - Best instance 0.3250, class 0.3250 (epoch 11)
Best instance 0.3250, class 0.3250 (epoch 11)
2026-06-24 18:15:41,263 - INFO - Epoch 61/200:
Epoch 61/200:
2026-06-24 18:15:43,947 - INFO - Train loss: 0.0236 (2.7s)
Train loss: 0.0236 (2.7s)
2026-06-24 18:15:44,204 - INFO - Test instance 0.2500, class 0.2500
Test instance 0.2500, class 0.2500
2026-06-24 18:15:44,205 - INFO - Best instance 0.3250, class 0.3250 (epoch 11)
Best instance 0.3250, class 0.3250 (epoch 11)
2026-06-24 18:15:44,221 - INFO - Epoch 62/200:
Epoch 62/200:
2026-06-24 18:15:46,909 - INFO - Train loss: 0.0223 (2.7s)
Train loss: 0.0223 (2.7s)
2026-06-24 18:15:47,160 - INFO - Test instance 0.2500, class 0.2500
Test instance 0.2500, class 0.2500
2026-06-24 18:15:47,160 - INFO - Best instance 0.3250, class 0.3250 (epoch 11)
Best instance 0.3250, class 0.3250 (epoch 11)
2026-06-24 18:15:47,178 - INFO - Epoch 63/200:
Epoch 63/200:
2026-06-24 18:15:49,836 - INFO - Train loss: 0.0241 (2.7s)
Train loss: 0.0241 (2.7s)
2026-06-24 18:15:50,101 - INFO - Test instance 0.2500, class 0.2500
Test instance 0.2500, class 0.2500
2026-06-24 18:15:50,101 - INFO - Best instance 0.3250, class 0.3250 (epoch 11)
Best instance 0.3250, class 0.3250 (epoch 11)
2026-06-24 18:15:50,119 - INFO - Epoch 64/200:
Epoch 64/200:
2026-06-24 18:15:52,806 - INFO - Train loss: 0.0243 (2.7s)
Train loss: 0.0243 (2.7s)
2026-06-24 18:15:53,061 - INFO - Test instance 0.2500, class 0.2500
Test instance 0.2500, class 0.2500
2026-06-24 18:15:53,061 - INFO - Best instance 0.3250, class 0.3250 (epoch 11)
Best instance 0.3250, class 0.3250 (epoch 11)
2026-06-24 18:15:53,110 - INFO - Epoch 65/200:
Epoch 65/200:
2026-06-24 18:15:55,792 - INFO - Train loss: 0.0236 (2.7s)
Train loss: 0.0236 (2.7s)
2026-06-24 18:15:56,118 - INFO - Test instance 0.2500, class 0.2500
Test instance 0.2500, class 0.2500
2026-06-24 18:15:56,118 - INFO - Best instance 0.3250, class 0.3250 (epoch 11)
Best instance 0.3250, class 0.3250 (epoch 11)
2026-06-24 18:15:56,138 - INFO - Epoch 66/200:
Epoch 66/200:
2026-06-24 18:15:58,817 - INFO - Train loss: 0.0261 (2.7s)
Train loss: 0.0261 (2.7s)
2026-06-24 18:15:59,065 - INFO - Test instance 0.2500, class 0.2500
Test instance 0.2500, class 0.2500
2026-06-24 18:15:59,065 - INFO - Best instance 0.3250, class 0.3250 (epoch 11)
Best instance 0.3250, class 0.3250 (epoch 11)
2026-06-24 18:15:59,082 - INFO - Epoch 67/200:
Epoch 67/200:
2026-06-24 18:16:01,764 - INFO - Train loss: 0.0258 (2.7s)
Train loss: 0.0258 (2.7s)
2026-06-24 18:16:02,029 - INFO - Test instance 0.2500, class 0.2500
Test instance 0.2500, class 0.2500
2026-06-24 18:16:02,029 - INFO - Best instance 0.3250, class 0.3250 (epoch 11)
Best instance 0.3250, class 0.3250 (epoch 11)
2026-06-24 18:16:02,048 - INFO - Epoch 68/200:
Epoch 68/200:
2026-06-24 18:16:05,446 - INFO - Train loss: 0.0253 (3.4s)
Train loss: 0.0253 (3.4s)
2026-06-24 18:16:05,708 - INFO - Test instance 0.2500, class 0.2500
Test instance 0.2500, class 0.2500
2026-06-24 18:16:05,708 - INFO - Best instance 0.3250, class 0.3250 (epoch 11)
Best instance 0.3250, class 0.3250 (epoch 11)
2026-06-24 18:16:05,728 - INFO - Epoch 69/200:
Epoch 69/200:
2026-06-24 18:16:08,423 - INFO - Train loss: 0.0206 (2.7s)
Train loss: 0.0206 (2.7s)
2026-06-24 18:16:08,754 - INFO - Test instance 0.2500, class 0.2500
Test instance 0.2500, class 0.2500
2026-06-24 18:16:08,754 - INFO - Best instance 0.3250, class 0.3250 (epoch 11)
Best instance 0.3250, class 0.3250 (epoch 11)
2026-06-24 18:16:08,774 - INFO - Epoch 70/200:
Epoch 70/200:
2026-06-24 18:16:12,174 - INFO - Train loss: 0.0232 (3.4s)
Train loss: 0.0232 (3.4s)
2026-06-24 18:16:12,490 - INFO - Test instance 0.2500, class 0.2500
Test instance 0.2500, class 0.2500
2026-06-24 18:16:12,490 - INFO - Best instance 0.3250, class 0.3250 (epoch 11)
Best instance 0.3250, class 0.3250 (epoch 11)
2026-06-24 18:16:12,509 - INFO - Epoch 71/200:
Epoch 71/200:
2026-06-24 18:16:15,206 - INFO - Train loss: 0.0239 (2.7s)
Train loss: 0.0239 (2.7s)
2026-06-24 18:16:15,457 - INFO - Test instance 0.2500, class 0.2500
Test instance 0.2500, class 0.2500
2026-06-24 18:16:15,457 - INFO - Best instance 0.3250, class 0.3250 (epoch 11)
Best instance 0.3250, class 0.3250 (epoch 11)
2026-06-24 18:16:15,475 - INFO - Epoch 72/200:
Epoch 72/200:
2026-06-24 18:16:18,873 - INFO - Train loss: 0.0215 (3.4s)
Train loss: 0.0215 (3.4s)
2026-06-24 18:16:19,143 - INFO - Test instance 0.2500, class 0.2500
Test instance 0.2500, class 0.2500
2026-06-24 18:16:19,143 - INFO - Best instance 0.3250, class 0.3250 (epoch 11)
Best instance 0.3250, class 0.3250 (epoch 11)
2026-06-24 18:16:19,161 - INFO - Epoch 73/200:
Epoch 73/200:
2026-06-24 18:16:21,820 - INFO - Train loss: 0.0220 (2.7s)
Train loss: 0.0220 (2.7s)
2026-06-24 18:16:22,077 - INFO - Test instance 0.2500, class 0.2500
Test instance 0.2500, class 0.2500
2026-06-24 18:16:22,077 - INFO - Best instance 0.3250, class 0.3250 (epoch 11)
Best instance 0.3250, class 0.3250 (epoch 11)
2026-06-24 18:16:22,095 - INFO - Epoch 74/200:
Epoch 74/200:
2026-06-24 18:16:24,756 - INFO - Train loss: 0.0190 (2.7s)
Train loss: 0.0190 (2.7s)
2026-06-24 18:16:25,019 - INFO - Test instance 0.2500, class 0.2500
Test instance 0.2500, class 0.2500
2026-06-24 18:16:25,019 - INFO - Best instance 0.3250, class 0.3250 (epoch 11)
Best instance 0.3250, class 0.3250 (epoch 11)
2026-06-24 18:16:25,037 - INFO - Epoch 75/200:
Epoch 75/200:
2026-06-24 18:16:27,703 - INFO - Train loss: 0.0234 (2.7s)
Train loss: 0.0234 (2.7s)
2026-06-24 18:16:27,963 - INFO - Test instance 0.2500, class 0.2500
Test instance 0.2500, class 0.2500
2026-06-24 18:16:27,964 - INFO - Best instance 0.3250, class 0.3250 (epoch 11)
Best instance 0.3250, class 0.3250 (epoch 11)
2026-06-24 18:16:27,983 - INFO - Epoch 76/200:
Epoch 76/200:
2026-06-24 18:16:30,647 - INFO - Train loss: 0.0207 (2.7s)
Train loss: 0.0207 (2.7s)
2026-06-24 18:16:30,904 - INFO - Test instance 0.2500, class 0.2500
Test instance 0.2500, class 0.2500
2026-06-24 18:16:30,905 - INFO - Best instance 0.3250, class 0.3250 (epoch 11)
Best instance 0.3250, class 0.3250 (epoch 11)
2026-06-24 18:16:30,921 - INFO - Epoch 77/200:
Epoch 77/200:
2026-06-24 18:16:33,591 - INFO - Train loss: 0.0212 (2.7s)
Train loss: 0.0212 (2.7s)
2026-06-24 18:16:33,921 - INFO - Test instance 0.2500, class 0.2500
Test instance 0.2500, class 0.2500
2026-06-24 18:16:33,921 - INFO - Best instance 0.3250, class 0.3250 (epoch 11)
Best instance 0.3250, class 0.3250 (epoch 11)
2026-06-24 18:16:33,941 - INFO - Epoch 78/200:
Epoch 78/200:
2026-06-24 18:16:36,626 - INFO - Train loss: 0.0231 (2.7s)
Train loss: 0.0231 (2.7s)
2026-06-24 18:16:36,875 - INFO - Test instance 0.2500, class 0.2500
Test instance 0.2500, class 0.2500
2026-06-24 18:16:36,875 - INFO - Best instance 0.3250, class 0.3250 (epoch 11)
Best instance 0.3250, class 0.3250 (epoch 11)
2026-06-24 18:16:36,893 - INFO - Epoch 79/200:
Epoch 79/200:
2026-06-24 18:16:40,248 - INFO - Train loss: 0.0212 (3.4s)
Train loss: 0.0212 (3.4s)
2026-06-24 18:16:40,508 - INFO - Test instance 0.2500, class 0.2500
Test instance 0.2500, class 0.2500
2026-06-24 18:16:40,509 - INFO - Best instance 0.3250, class 0.3250 (epoch 11)
Best instance 0.3250, class 0.3250 (epoch 11)
2026-06-24 18:16:40,527 - INFO - Epoch 80/200:
Epoch 80/200:
2026-06-24 18:16:43,211 - INFO - Train loss: 0.0183 (2.7s)
Train loss: 0.0183 (2.7s)
2026-06-24 18:16:43,470 - INFO - Test instance 0.2500, class 0.2500
Test instance 0.2500, class 0.2500
2026-06-24 18:16:43,471 - INFO - Best instance 0.3250, class 0.3250 (epoch 11)
Best instance 0.3250, class 0.3250 (epoch 11)
2026-06-24 18:16:43,489 - INFO - Epoch 81/200:
Epoch 81/200:
2026-06-24 18:16:46,162 - INFO - Train loss: 0.0193 (2.7s)
Train loss: 0.0193 (2.7s)
2026-06-24 18:16:46,422 - INFO - Test instance 0.2500, class 0.2500
Test instance 0.2500, class 0.2500
2026-06-24 18:16:46,423 - INFO - Best instance 0.3250, class 0.3250 (epoch 11)
Best instance 0.3250, class 0.3250 (epoch 11)
2026-06-24 18:16:46,441 - INFO - Epoch 82/200:
Epoch 82/200:
2026-06-24 18:16:49,839 - INFO - Train loss: 0.0215 (3.4s)
Train loss: 0.0215 (3.4s)
2026-06-24 18:16:50,095 - INFO - Test instance 0.2500, class 0.2500
Test instance 0.2500, class 0.2500
2026-06-24 18:16:50,095 - INFO - Best instance 0.3250, class 0.3250 (epoch 11)
Best instance 0.3250, class 0.3250 (epoch 11)
2026-06-24 18:16:50,113 - INFO - Epoch 83/200:
Epoch 83/200:
2026-06-24 18:16:52,803 - INFO - Train loss: 0.0209 (2.7s)
Train loss: 0.0209 (2.7s)
2026-06-24 18:16:53,056 - INFO - Test instance 0.2500, class 0.2500
Test instance 0.2500, class 0.2500
2026-06-24 18:16:53,056 - INFO - Best instance 0.3250, class 0.3250 (epoch 11)
Best instance 0.3250, class 0.3250 (epoch 11)
2026-06-24 18:16:53,073 - INFO - Epoch 84/200:
Epoch 84/200:
2026-06-24 18:16:55,751 - INFO - Train loss: 0.0205 (2.7s)
Train loss: 0.0205 (2.7s)
2026-06-24 18:16:56,006 - INFO - Test instance 0.2500, class 0.2500
Test instance 0.2500, class 0.2500
2026-06-24 18:16:56,006 - INFO - Best instance 0.3250, class 0.3250 (epoch 11)
Best instance 0.3250, class 0.3250 (epoch 11)
2026-06-24 18:16:56,024 - INFO - Epoch 85/200:
Epoch 85/200:
2026-06-24 18:16:58,717 - INFO - Train loss: 0.0198 (2.7s)
Train loss: 0.0198 (2.7s)
2026-06-24 18:16:58,970 - INFO - Test instance 0.2500, class 0.2500
Test instance 0.2500, class 0.2500
2026-06-24 18:16:58,970 - INFO - Best instance 0.3250, class 0.3250 (epoch 11)
Best instance 0.3250, class 0.3250 (epoch 11)
2026-06-24 18:16:58,988 - INFO - Epoch 86/200:
Epoch 86/200:
2026-06-24 18:17:01,642 - INFO - Train loss: 0.0200 (2.7s)
Train loss: 0.0200 (2.7s)
2026-06-24 18:17:01,901 - INFO - Test instance 0.2500, class 0.2500
Test instance 0.2500, class 0.2500
2026-06-24 18:17:01,902 - INFO - Best instance 0.3250, class 0.3250 (epoch 11)
Best instance 0.3250, class 0.3250 (epoch 11)
2026-06-24 18:17:01,921 - INFO - Epoch 87/200:
Epoch 87/200:
2026-06-24 18:17:04,633 - INFO - Train loss: 0.0190 (2.7s)
Train loss: 0.0190 (2.7s)
2026-06-24 18:17:04,887 - INFO - Test instance 0.2500, class 0.2500
Test instance 0.2500, class 0.2500
2026-06-24 18:17:04,888 - INFO - Best instance 0.3250, class 0.3250 (epoch 11)
Best instance 0.3250, class 0.3250 (epoch 11)
2026-06-24 18:17:04,905 - INFO - Epoch 88/200:
Epoch 88/200:
2026-06-24 18:17:08,279 - INFO - Train loss: 0.0186 (3.4s)
Train loss: 0.0186 (3.4s)
2026-06-24 18:17:08,598 - INFO - Test instance 0.2500, class 0.2500
Test instance 0.2500, class 0.2500
2026-06-24 18:17:08,599 - INFO - Best instance 0.3250, class 0.3250 (epoch 11)
Best instance 0.3250, class 0.3250 (epoch 11)
2026-06-24 18:17:08,619 - INFO - Epoch 89/200:
Epoch 89/200:
2026-06-24 18:17:11,300 - INFO - Train loss: 0.0207 (2.7s)
Train loss: 0.0207 (2.7s)
2026-06-24 18:17:11,555 - INFO - Test instance 0.2500, class 0.2500
Test instance 0.2500, class 0.2500
2026-06-24 18:17:11,556 - INFO - Best instance 0.3250, class 0.3250 (epoch 11)
Best instance 0.3250, class 0.3250 (epoch 11)
2026-06-24 18:17:11,573 - INFO - Epoch 90/200:
Epoch 90/200:
2026-06-24 18:17:14,244 - INFO - Train loss: 0.0194 (2.7s)
Train loss: 0.0194 (2.7s)
2026-06-24 18:17:14,500 - INFO - Test instance 0.2500, class 0.2500
Test instance 0.2500, class 0.2500
2026-06-24 18:17:14,501 - INFO - Best instance 0.3250, class 0.3250 (epoch 11)
Best instance 0.3250, class 0.3250 (epoch 11)
2026-06-24 18:17:14,518 - INFO - Epoch 91/200:
Epoch 91/200:
2026-06-24 18:17:17,897 - INFO - Train loss: 0.0193 (3.4s)
Train loss: 0.0193 (3.4s)
2026-06-24 18:17:18,152 - INFO - Test instance 0.2500, class 0.2500
Test instance 0.2500, class 0.2500
2026-06-24 18:17:18,152 - INFO - Best instance 0.3250, class 0.3250 (epoch 11)
Best instance 0.3250, class 0.3250 (epoch 11)
2026-06-24 18:17:18,169 - INFO - Epoch 92/200:
Epoch 92/200:
2026-06-24 18:17:20,828 - INFO - Train loss: 0.0197 (2.7s)
Train loss: 0.0197 (2.7s)
2026-06-24 18:17:21,084 - INFO - Test instance 0.2500, class 0.2500
Test instance 0.2500, class 0.2500
2026-06-24 18:17:21,085 - INFO - Best instance 0.3250, class 0.3250 (epoch 11)
Best instance 0.3250, class 0.3250 (epoch 11)
2026-06-24 18:17:21,103 - INFO - Epoch 93/200:
Epoch 93/200:
2026-06-24 18:17:23,782 - INFO - Train loss: 0.0199 (2.7s)
Train loss: 0.0199 (2.7s)
2026-06-24 18:17:24,044 - INFO - Test instance 0.2500, class 0.2500
Test instance 0.2500, class 0.2500
2026-06-24 18:17:24,044 - INFO - Best instance 0.3250, class 0.3250 (epoch 11)
Best instance 0.3250, class 0.3250 (epoch 11)
2026-06-24 18:17:24,061 - INFO - Epoch 94/200:
Epoch 94/200:
2026-06-24 18:17:26,751 - INFO - Train loss: 0.0190 (2.7s)
Train loss: 0.0190 (2.7s)
2026-06-24 18:17:27,005 - INFO - Test instance 0.2500, class 0.2500
Test instance 0.2500, class 0.2500
2026-06-24 18:17:27,005 - INFO - Best instance 0.3250, class 0.3250 (epoch 11)
Best instance 0.3250, class 0.3250 (epoch 11)
2026-06-24 18:17:27,023 - INFO - Epoch 95/200:
Epoch 95/200:
2026-06-24 18:17:29,683 - INFO - Train loss: 0.0192 (2.7s)
Train loss: 0.0192 (2.7s)
2026-06-24 18:17:29,934 - INFO - Test instance 0.2500, class 0.2500
Test instance 0.2500, class 0.2500
2026-06-24 18:17:29,934 - INFO - Best instance 0.3250, class 0.3250 (epoch 11)
Best instance 0.3250, class 0.3250 (epoch 11)
2026-06-24 18:17:29,952 - INFO - Epoch 96/200:
Epoch 96/200:
2026-06-24 18:17:32,623 - INFO - Train loss: 0.0202 (2.7s)
Train loss: 0.0202 (2.7s)
2026-06-24 18:17:32,875 - INFO - Test instance 0.2500, class 0.2500
Test instance 0.2500, class 0.2500
2026-06-24 18:17:32,876 - INFO - Best instance 0.3250, class 0.3250 (epoch 11)
Best instance 0.3250, class 0.3250 (epoch 11)
2026-06-24 18:17:32,893 - INFO - Epoch 97/200:
Epoch 97/200:
2026-06-24 18:17:35,556 - INFO - Train loss: 0.0182 (2.7s)
Train loss: 0.0182 (2.7s)
2026-06-24 18:17:35,819 - INFO - Test instance 0.2500, class 0.2500
Test instance 0.2500, class 0.2500
2026-06-24 18:17:35,820 - INFO - Best instance 0.3250, class 0.3250 (epoch 11)
Best instance 0.3250, class 0.3250 (epoch 11)
2026-06-24 18:17:35,838 - INFO - Epoch 98/200:
Epoch 98/200:
2026-06-24 18:17:38,518 - INFO - Train loss: 0.0193 (2.7s)
Train loss: 0.0193 (2.7s)
2026-06-24 18:17:38,779 - INFO - Test instance 0.2500, class 0.2500
Test instance 0.2500, class 0.2500
2026-06-24 18:17:38,779 - INFO - Best instance 0.3250, class 0.3250 (epoch 11)
Best instance 0.3250, class 0.3250 (epoch 11)
2026-06-24 18:17:38,797 - INFO - Epoch 99/200:
Epoch 99/200:
2026-06-24 18:17:41,460 - INFO - Train loss: 0.0196 (2.7s)
Train loss: 0.0196 (2.7s)
2026-06-24 18:17:41,719 - INFO - Test instance 0.2500, class 0.2500
Test instance 0.2500, class 0.2500
2026-06-24 18:17:41,719 - INFO - Best instance 0.3250, class 0.3250 (epoch 11)
Best instance 0.3250, class 0.3250 (epoch 11)
2026-06-24 18:17:41,736 - INFO - Epoch 100/200:
Epoch 100/200:
2026-06-24 18:17:44,509 - INFO - Train loss: 0.0194 (2.8s)
Train loss: 0.0194 (2.8s)
2026-06-24 18:17:44,827 - INFO - Test instance 0.2500, class 0.2500
Test instance 0.2500, class 0.2500
2026-06-24 18:17:44,827 - INFO - Best instance 0.3250, class 0.3250 (epoch 11)
Best instance 0.3250, class 0.3250 (epoch 11)
2026-06-24 18:17:44,846 - INFO - Epoch 101/200:
Epoch 101/200:
2026-06-24 18:17:47,536 - INFO - Train loss: 0.0172 (2.7s)
Train loss: 0.0172 (2.7s)
2026-06-24 18:17:47,790 - INFO - Test instance 0.2500, class 0.2500
Test instance 0.2500, class 0.2500
2026-06-24 18:17:47,790 - INFO - Best instance 0.3250, class 0.3250 (epoch 11)
Best instance 0.3250, class 0.3250 (epoch 11)
2026-06-24 18:17:47,807 - INFO - Epoch 102/200:
Epoch 102/200:
2026-06-24 18:17:50,470 - INFO - Train loss: 0.0186 (2.7s)
Train loss: 0.0186 (2.7s)
2026-06-24 18:17:50,725 - INFO - Test instance 0.2500, class 0.2500
Test instance 0.2500, class 0.2500
2026-06-24 18:17:50,726 - INFO - Best instance 0.3250, class 0.3250 (epoch 11)
Best instance 0.3250, class 0.3250 (epoch 11)
2026-06-24 18:17:50,743 - INFO - Epoch 103/200:
Epoch 103/200:
2026-06-24 18:17:53,412 - INFO - Train loss: 0.0195 (2.7s)
Train loss: 0.0195 (2.7s)
2026-06-24 18:17:53,665 - INFO - Test instance 0.2500, class 0.2500
Test instance 0.2500, class 0.2500
2026-06-24 18:17:53,665 - INFO - Best instance 0.3250, class 0.3250 (epoch 11)
Best instance 0.3250, class 0.3250 (epoch 11)
2026-06-24 18:17:53,684 - INFO - Epoch 104/200:
Epoch 104/200:
2026-06-24 18:17:56,359 - INFO - Train loss: 0.0176 (2.7s)
Train loss: 0.0176 (2.7s)
2026-06-24 18:17:56,614 - INFO - Test instance 0.2500, class 0.2500
Test instance 0.2500, class 0.2500
2026-06-24 18:17:56,614 - INFO - Best instance 0.3250, class 0.3250 (epoch 11)
Best instance 0.3250, class 0.3250 (epoch 11)
2026-06-24 18:17:56,632 - INFO - Epoch 105/200:
Epoch 105/200:
2026-06-24 18:17:59,296 - INFO - Train loss: 0.0181 (2.7s)
Train loss: 0.0181 (2.7s)
2026-06-24 18:17:59,547 - INFO - Test instance 0.2500, class 0.2500
Test instance 0.2500, class 0.2500
2026-06-24 18:17:59,547 - INFO - Best instance 0.3250, class 0.3250 (epoch 11)
Best instance 0.3250, class 0.3250 (epoch 11)
2026-06-24 18:17:59,564 - INFO - Epoch 106/200:
Epoch 106/200:
2026-06-24 18:18:02,250 - INFO - Train loss: 0.0169 (2.7s)
Train loss: 0.0169 (2.7s)
2026-06-24 18:18:02,511 - INFO - Test instance 0.2500, class 0.2500
Test instance 0.2500, class 0.2500
2026-06-24 18:18:02,512 - INFO - Best instance 0.3250, class 0.3250 (epoch 11)
Best instance 0.3250, class 0.3250 (epoch 11)
2026-06-24 18:18:02,530 - INFO - Epoch 107/200:
Epoch 107/200:
2026-06-24 18:18:05,168 - INFO - Train loss: 0.0173 (2.6s)
Train loss: 0.0173 (2.6s)
2026-06-24 18:18:05,414 - INFO - Test instance 0.2500, class 0.2500
Test instance 0.2500, class 0.2500
2026-06-24 18:18:05,415 - INFO - Best instance 0.3250, class 0.3250 (epoch 11)
Best instance 0.3250, class 0.3250 (epoch 11)
2026-06-24 18:18:05,433 - INFO - Epoch 108/200:
Epoch 108/200:
2026-06-24 18:18:08,102 - INFO - Train loss: 0.0170 (2.7s)
Train loss: 0.0170 (2.7s)
2026-06-24 18:18:08,422 - INFO - Test instance 0.2500, class 0.2500
Test instance 0.2500, class 0.2500
2026-06-24 18:18:08,423 - INFO - Best instance 0.3250, class 0.3250 (epoch 11)
Best instance 0.3250, class 0.3250 (epoch 11)
2026-06-24 18:18:08,442 - INFO - Epoch 109/200:
Epoch 109/200:
2026-06-24 18:18:11,132 - INFO - Train loss: 0.0170 (2.7s)
Train loss: 0.0170 (2.7s)
2026-06-24 18:18:11,378 - INFO - Test instance 0.2500, class 0.2500
Test instance 0.2500, class 0.2500
2026-06-24 18:18:11,378 - INFO - Best instance 0.3250, class 0.3250 (epoch 11)
Best instance 0.3250, class 0.3250 (epoch 11)
2026-06-24 18:18:11,396 - INFO - Epoch 110/200:
Epoch 110/200:
2026-06-24 18:18:14,055 - INFO - Train loss: 0.0181 (2.7s)
Train loss: 0.0181 (2.7s)
2026-06-24 18:18:14,310 - INFO - Test instance 0.2500, class 0.2500
Test instance 0.2500, class 0.2500
2026-06-24 18:18:14,310 - INFO - Best instance 0.3250, class 0.3250 (epoch 11)
Best instance 0.3250, class 0.3250 (epoch 11)
2026-06-24 18:18:14,328 - INFO - Epoch 111/200:
Epoch 111/200:
2026-06-24 18:18:17,003 - INFO - Train loss: 0.0179 (2.7s)
Train loss: 0.0179 (2.7s)
2026-06-24 18:18:17,263 - INFO - Test instance 0.2500, class 0.2500
Test instance 0.2500, class 0.2500
2026-06-24 18:18:17,263 - INFO - Best instance 0.3250, class 0.3250 (epoch 11)
Best instance 0.3250, class 0.3250 (epoch 11)
2026-06-24 18:18:17,281 - INFO - Epoch 112/200:
Epoch 112/200:
2026-06-24 18:18:19,959 - INFO - Train loss: 0.0193 (2.7s)
Train loss: 0.0193 (2.7s)
2026-06-24 18:18:20,210 - INFO - Test instance 0.2500, class 0.2500
Test instance 0.2500, class 0.2500
2026-06-24 18:18:20,210 - INFO - Best instance 0.3250, class 0.3250 (epoch 11)
Best instance 0.3250, class 0.3250 (epoch 11)
2026-06-24 18:18:20,228 - INFO - Epoch 113/200:
Epoch 113/200:
2026-06-24 18:18:22,898 - INFO - Train loss: 0.0173 (2.7s)
Train loss: 0.0173 (2.7s)
2026-06-24 18:18:23,153 - INFO - Test instance 0.2500, class 0.2500
Test instance 0.2500, class 0.2500
2026-06-24 18:18:23,153 - INFO - Best instance 0.3250, class 0.3250 (epoch 11)
Best instance 0.3250, class 0.3250 (epoch 11)
2026-06-24 18:18:23,170 - INFO - Epoch 114/200:
Epoch 114/200:
2026-06-24 18:18:25,849 - INFO - Train loss: 0.0165 (2.7s)
Train loss: 0.0165 (2.7s)
2026-06-24 18:18:26,106 - INFO - Test instance 0.2500, class 0.2500
Test instance 0.2500, class 0.2500
2026-06-24 18:18:26,106 - INFO - Best instance 0.3250, class 0.3250 (epoch 11)
Best instance 0.3250, class 0.3250 (epoch 11)
2026-06-24 18:18:26,124 - INFO - Epoch 115/200:
Epoch 115/200:
2026-06-24 18:18:28,810 - INFO - Train loss: 0.0159 (2.7s)
Train loss: 0.0159 (2.7s)
2026-06-24 18:18:29,067 - INFO - Test instance 0.2500, class 0.2500
Test instance 0.2500, class 0.2500
2026-06-24 18:18:29,067 - INFO - Best instance 0.3250, class 0.3250 (epoch 11)
Best instance 0.3250, class 0.3250 (epoch 11)
2026-06-24 18:18:29,085 - INFO - Epoch 116/200:
Epoch 116/200:
2026-06-24 18:18:31,763 - INFO - Train loss: 0.0154 (2.7s)
Train loss: 0.0154 (2.7s)
2026-06-24 18:18:32,025 - INFO - Test instance 0.2500, class 0.2500
Test instance 0.2500, class 0.2500
2026-06-24 18:18:32,025 - INFO - Best instance 0.3250, class 0.3250 (epoch 11)
Best instance 0.3250, class 0.3250 (epoch 11)
2026-06-24 18:18:32,042 - INFO - Epoch 117/200:
Epoch 117/200:
2026-06-24 18:18:34,712 - INFO - Train loss: 0.0169 (2.7s)
Train loss: 0.0169 (2.7s)
2026-06-24 18:18:34,970 - INFO - Test instance 0.2500, class 0.2500
Test instance 0.2500, class 0.2500
2026-06-24 18:18:34,971 - INFO - Best instance 0.3250, class 0.3250 (epoch 11)
Best instance 0.3250, class 0.3250 (epoch 11)
2026-06-24 18:18:34,988 - INFO - Epoch 118/200:
Epoch 118/200:
2026-06-24 18:18:38,366 - INFO - Train loss: 0.0155 (3.4s)
Train loss: 0.0155 (3.4s)
2026-06-24 18:18:38,629 - INFO - Test instance 0.2500, class 0.2500
Test instance 0.2500, class 0.2500
2026-06-24 18:18:38,629 - INFO - Best instance 0.3250, class 0.3250 (epoch 11)
Best instance 0.3250, class 0.3250 (epoch 11)
2026-06-24 18:18:38,646 - INFO - Epoch 119/200:
Epoch 119/200:
2026-06-24 18:18:41,323 - INFO - Train loss: 0.0161 (2.7s)
Train loss: 0.0161 (2.7s)
2026-06-24 18:18:41,572 - INFO - Test instance 0.2500, class 0.2500
Test instance 0.2500, class 0.2500
2026-06-24 18:18:41,573 - INFO - Best instance 0.3250, class 0.3250 (epoch 11)
Best instance 0.3250, class 0.3250 (epoch 11)
2026-06-24 18:18:41,591 - INFO - Epoch 120/200:
Epoch 120/200:
2026-06-24 18:18:44,267 - INFO - Train loss: 0.0177 (2.7s)
Train loss: 0.0177 (2.7s)
2026-06-24 18:18:44,517 - INFO - Test instance 0.2500, class 0.2500
Test instance 0.2500, class 0.2500
2026-06-24 18:18:44,518 - INFO - Best instance 0.3250, class 0.3250 (epoch 11)
Best instance 0.3250, class 0.3250 (epoch 11)
2026-06-24 18:18:44,536 - INFO - Epoch 121/200:
Epoch 121/200:
2026-06-24 18:18:47,223 - INFO - Train loss: 0.0151 (2.7s)
Train loss: 0.0151 (2.7s)
2026-06-24 18:18:47,485 - INFO - Test instance 0.2500, class 0.2500
Test instance 0.2500, class 0.2500
2026-06-24 18:18:47,486 - INFO - Best instance 0.3250, class 0.3250 (epoch 11)
Best instance 0.3250, class 0.3250 (epoch 11)
2026-06-24 18:18:47,503 - INFO - Epoch 122/200:
Epoch 122/200:
2026-06-24 18:18:50,160 - INFO - Train loss: 0.0155 (2.7s)
Train loss: 0.0155 (2.7s)
2026-06-24 18:18:50,414 - INFO - Test instance 0.2500, class 0.2500
Test instance 0.2500, class 0.2500
2026-06-24 18:18:50,414 - INFO - Best instance 0.3250, class 0.3250 (epoch 11)
Best instance 0.3250, class 0.3250 (epoch 11)
2026-06-24 18:18:50,431 - INFO - Epoch 123/200:
Epoch 123/200:
2026-06-24 18:18:53,799 - INFO - Train loss: 0.0167 (3.4s)
Train loss: 0.0167 (3.4s)
2026-06-24 18:18:54,116 - INFO - Test instance 0.2500, class 0.2500
Test instance 0.2500, class 0.2500
2026-06-24 18:18:54,116 - INFO - Best instance 0.3250, class 0.3250 (epoch 11)
Best instance 0.3250, class 0.3250 (epoch 11)
2026-06-24 18:18:54,135 - INFO - Epoch 124/200:
Epoch 124/200:
2026-06-24 18:18:56,809 - INFO - Train loss: 0.0163 (2.7s)
Train loss: 0.0163 (2.7s)
2026-06-24 18:18:57,061 - INFO - Test instance 0.2500, class 0.2500
Test instance 0.2500, class 0.2500
2026-06-24 18:18:57,062 - INFO - Best instance 0.3250, class 0.3250 (epoch 11)
Best instance 0.3250, class 0.3250 (epoch 11)
2026-06-24 18:18:57,079 - INFO - Epoch 125/200:
Epoch 125/200:
2026-06-24 18:18:59,737 - INFO - Train loss: 0.0162 (2.7s)
Train loss: 0.0162 (2.7s)
2026-06-24 18:18:59,993 - INFO - Test instance 0.2500, class 0.2500
Test instance 0.2500, class 0.2500
2026-06-24 18:18:59,994 - INFO - Best instance 0.3250, class 0.3250 (epoch 11)
Best instance 0.3250, class 0.3250 (epoch 11)
2026-06-24 18:19:00,011 - INFO - Epoch 126/200:
Epoch 126/200:
2026-06-24 18:19:02,741 - INFO - Train loss: 0.0148 (2.7s)
Train loss: 0.0148 (2.7s)
2026-06-24 18:19:02,995 - INFO - Test instance 0.2500, class 0.2500
Test instance 0.2500, class 0.2500
2026-06-24 18:19:02,995 - INFO - Best instance 0.3250, class 0.3250 (epoch 11)
Best instance 0.3250, class 0.3250 (epoch 11)
2026-06-24 18:19:03,012 - INFO - Epoch 127/200:
Epoch 127/200:
2026-06-24 18:19:06,380 - INFO - Train loss: 0.0145 (3.4s)
Train loss: 0.0145 (3.4s)
2026-06-24 18:19:06,632 - INFO - Test instance 0.2500, class 0.2500
Test instance 0.2500, class 0.2500
2026-06-24 18:19:06,632 - INFO - Best instance 0.3250, class 0.3250 (epoch 11)
Best instance 0.3250, class 0.3250 (epoch 11)
2026-06-24 18:19:06,649 - INFO - Epoch 128/200:
Epoch 128/200:
2026-06-24 18:19:09,323 - INFO - Train loss: 0.0151 (2.7s)
Train loss: 0.0151 (2.7s)
2026-06-24 18:19:09,581 - INFO - Test instance 0.2500, class 0.2500
Test instance 0.2500, class 0.2500
2026-06-24 18:19:09,582 - INFO - Best instance 0.3250, class 0.3250 (epoch 11)
Best instance 0.3250, class 0.3250 (epoch 11)
2026-06-24 18:19:09,599 - INFO - Epoch 129/200:
Epoch 129/200:
2026-06-24 18:19:12,288 - INFO - Train loss: 0.0161 (2.7s)
Train loss: 0.0161 (2.7s)
2026-06-24 18:19:12,546 - INFO - Test instance 0.2500, class 0.2500
Test instance 0.2500, class 0.2500
2026-06-24 18:19:12,549 - INFO - Best instance 0.3250, class 0.3250 (epoch 11)
Best instance 0.3250, class 0.3250 (epoch 11)
2026-06-24 18:19:12,566 - INFO - Epoch 130/200:
Epoch 130/200:
2026-06-24 18:19:15,250 - INFO - Train loss: 0.0164 (2.7s)
Train loss: 0.0164 (2.7s)
2026-06-24 18:19:15,504 - INFO - Test instance 0.2500, class 0.2500
Test instance 0.2500, class 0.2500
2026-06-24 18:19:15,504 - INFO - Best instance 0.3250, class 0.3250 (epoch 11)
Best instance 0.3250, class 0.3250 (epoch 11)
2026-06-24 18:19:15,523 - INFO - Epoch 131/200:
Epoch 131/200:
2026-06-24 18:19:18,187 - INFO - Train loss: 0.0140 (2.7s)
Train loss: 0.0140 (2.7s)
2026-06-24 18:19:18,438 - INFO - Test instance 0.2500, class 0.2500
Test instance 0.2500, class 0.2500
2026-06-24 18:19:18,438 - INFO - Best instance 0.3250, class 0.3250 (epoch 11)
Best instance 0.3250, class 0.3250 (epoch 11)
2026-06-24 18:19:18,455 - INFO - Epoch 132/200:
Epoch 132/200:
2026-06-24 18:19:21,129 - INFO - Train loss: 0.0135 (2.7s)
Train loss: 0.0135 (2.7s)
2026-06-24 18:19:21,386 - INFO - Test instance 0.2500, class 0.2500
Test instance 0.2500, class 0.2500
2026-06-24 18:19:21,386 - INFO - Best instance 0.3250, class 0.3250 (epoch 11)
Best instance 0.3250, class 0.3250 (epoch 11)
2026-06-24 18:19:21,403 - INFO - Epoch 133/200:
Epoch 133/200:
2026-06-24 18:19:24,081 - INFO - Train loss: 0.0133 (2.7s)
Train loss: 0.0133 (2.7s)
2026-06-24 18:19:24,331 - INFO - Test instance 0.2500, class 0.2500
Test instance 0.2500, class 0.2500
2026-06-24 18:19:24,332 - INFO - Best instance 0.3250, class 0.3250 (epoch 11)
Best instance 0.3250, class 0.3250 (epoch 11)
2026-06-24 18:19:24,348 - INFO - Epoch 134/200:
Epoch 134/200:
2026-06-24 18:19:27,028 - INFO - Train loss: 0.0133 (2.7s)
Train loss: 0.0133 (2.7s)
2026-06-24 18:19:27,353 - INFO - Test instance 0.2500, class 0.2500
Test instance 0.2500, class 0.2500
2026-06-24 18:19:27,353 - INFO - Best instance 0.3250, class 0.3250 (epoch 11)
Best instance 0.3250, class 0.3250 (epoch 11)
2026-06-24 18:19:27,372 - INFO - Epoch 135/200:
Epoch 135/200:
2026-06-24 18:19:30,021 - INFO - Train loss: 0.0145 (2.6s)
Train loss: 0.0145 (2.6s)
2026-06-24 18:19:30,277 - INFO - Test instance 0.2500, class 0.2500
Test instance 0.2500, class 0.2500
2026-06-24 18:19:30,277 - INFO - Best instance 0.3250, class 0.3250 (epoch 11)
Best instance 0.3250, class 0.3250 (epoch 11)
2026-06-24 18:19:30,294 - INFO - Epoch 136/200:
Epoch 136/200:
2026-06-24 18:19:32,972 - INFO - Train loss: 0.0143 (2.7s)
Train loss: 0.0143 (2.7s)
2026-06-24 18:19:33,223 - INFO - Test instance 0.2500, class 0.2500
Test instance 0.2500, class 0.2500
2026-06-24 18:19:33,224 - INFO - Best instance 0.3250, class 0.3250 (epoch 11)
Best instance 0.3250, class 0.3250 (epoch 11)
2026-06-24 18:19:33,241 - INFO - Epoch 137/200:
Epoch 137/200:
2026-06-24 18:19:35,914 - INFO - Train loss: 0.0137 (2.7s)
Train loss: 0.0137 (2.7s)
2026-06-24 18:19:36,165 - INFO - Test instance 0.2500, class 0.2500
Test instance 0.2500, class 0.2500
2026-06-24 18:19:36,165 - INFO - Best instance 0.3250, class 0.3250 (epoch 11)
Best instance 0.3250, class 0.3250 (epoch 11)
2026-06-24 18:19:36,182 - INFO - Epoch 138/200:
Epoch 138/200:
2026-06-24 18:19:38,877 - INFO - Train loss: 0.0148 (2.7s)
Train loss: 0.0148 (2.7s)
2026-06-24 18:19:39,127 - INFO - Test instance 0.2500, class 0.2500
Test instance 0.2500, class 0.2500
2026-06-24 18:19:39,127 - INFO - Best instance 0.3250, class 0.3250 (epoch 11)
Best instance 0.3250, class 0.3250 (epoch 11)
2026-06-24 18:19:39,144 - INFO - Epoch 139/200:
Epoch 139/200:
2026-06-24 18:19:41,811 - INFO - Train loss: 0.0139 (2.7s)
Train loss: 0.0139 (2.7s)
2026-06-24 18:19:42,065 - INFO - Test instance 0.2500, class 0.2500
Test instance 0.2500, class 0.2500
2026-06-24 18:19:42,066 - INFO - Best instance 0.3250, class 0.3250 (epoch 11)
Best instance 0.3250, class 0.3250 (epoch 11)
2026-06-24 18:19:42,083 - INFO - Epoch 140/200:
Epoch 140/200:
2026-06-24 18:19:44,762 - INFO - Train loss: 0.0152 (2.7s)
Train loss: 0.0152 (2.7s)
2026-06-24 18:19:45,013 - INFO - Test instance 0.2500, class 0.2500
Test instance 0.2500, class 0.2500
2026-06-24 18:19:45,013 - INFO - Best instance 0.3250, class 0.3250 (epoch 11)
Best instance 0.3250, class 0.3250 (epoch 11)
2026-06-24 18:19:45,031 - INFO - Epoch 141/200:
Epoch 141/200:
2026-06-24 18:19:48,433 - INFO - Train loss: 0.0136 (3.4s)
Train loss: 0.0136 (3.4s)
2026-06-24 18:19:48,694 - INFO - Test instance 0.2500, class 0.2500
Test instance 0.2500, class 0.2500
2026-06-24 18:19:48,694 - INFO - Best instance 0.3250, class 0.3250 (epoch 11)
Best instance 0.3250, class 0.3250 (epoch 11)
2026-06-24 18:19:48,712 - INFO - Epoch 142/200:
Epoch 142/200:
2026-06-24 18:19:52,079 - INFO - Train loss: 0.0123 (3.4s)
Train loss: 0.0123 (3.4s)
2026-06-24 18:19:52,345 - INFO - Test instance 0.2500, class 0.2500
Test instance 0.2500, class 0.2500
2026-06-24 18:19:52,346 - INFO - Best instance 0.3250, class 0.3250 (epoch 11)
Best instance 0.3250, class 0.3250 (epoch 11)
2026-06-24 18:19:52,363 - INFO - Epoch 143/200:
Epoch 143/200:
2026-06-24 18:19:55,055 - INFO - Train loss: 0.0124 (2.7s)
Train loss: 0.0124 (2.7s)
2026-06-24 18:19:55,307 - INFO - Test instance 0.2500, class 0.2500
Test instance 0.2500, class 0.2500
2026-06-24 18:19:55,308 - INFO - Best instance 0.3250, class 0.3250 (epoch 11)
Best instance 0.3250, class 0.3250 (epoch 11)
2026-06-24 18:19:55,324 - INFO - Epoch 144/200:
Epoch 144/200:
2026-06-24 18:19:58,040 - INFO - Train loss: 0.0125 (2.7s)
Train loss: 0.0125 (2.7s)
2026-06-24 18:19:58,368 - INFO - Test instance 0.2500, class 0.2500
Test instance 0.2500, class 0.2500
2026-06-24 18:19:58,368 - INFO - Best instance 0.3250, class 0.3250 (epoch 11)
Best instance 0.3250, class 0.3250 (epoch 11)
2026-06-24 18:19:58,387 - INFO - Epoch 145/200:
Epoch 145/200:
2026-06-24 18:20:01,045 - INFO - Train loss: 0.0145 (2.7s)
Train loss: 0.0145 (2.7s)
2026-06-24 18:20:01,295 - INFO - Test instance 0.2500, class 0.2500
Test instance 0.2500, class 0.2500
2026-06-24 18:20:01,295 - INFO - Best instance 0.3250, class 0.3250 (epoch 11)
Best instance 0.3250, class 0.3250 (epoch 11)
2026-06-24 18:20:01,312 - INFO - Epoch 146/200:
Epoch 146/200:
2026-06-24 18:20:04,040 - INFO - Train loss: 0.0124 (2.7s)
Train loss: 0.0124 (2.7s)
2026-06-24 18:20:04,302 - INFO - Test instance 0.2500, class 0.2500
Test instance 0.2500, class 0.2500
2026-06-24 18:20:04,302 - INFO - Best instance 0.3250, class 0.3250 (epoch 11)
Best instance 0.3250, class 0.3250 (epoch 11)
2026-06-24 18:20:04,319 - INFO - Epoch 147/200:
Epoch 147/200:
2026-06-24 18:20:07,007 - INFO - Train loss: 0.0124 (2.7s)
Train loss: 0.0124 (2.7s)
2026-06-24 18:20:07,260 - INFO - Test instance 0.2500, class 0.2500
Test instance 0.2500, class 0.2500
2026-06-24 18:20:07,260 - INFO - Best instance 0.3250, class 0.3250 (epoch 11)
Best instance 0.3250, class 0.3250 (epoch 11)
2026-06-24 18:20:07,277 - INFO - Epoch 148/200:
Epoch 148/200:
2026-06-24 18:20:09,970 - INFO - Train loss: 0.0119 (2.7s)
Train loss: 0.0119 (2.7s)
2026-06-24 18:20:10,229 - INFO - Test instance 0.2500, class 0.2500
Test instance 0.2500, class 0.2500
2026-06-24 18:20:10,230 - INFO - Best instance 0.3250, class 0.3250 (epoch 11)
Best instance 0.3250, class 0.3250 (epoch 11)
2026-06-24 18:20:10,247 - INFO - Epoch 149/200:
Epoch 149/200:
2026-06-24 18:20:12,909 - INFO - Train loss: 0.0134 (2.7s)
Train loss: 0.0134 (2.7s)
2026-06-24 18:20:13,172 - INFO - Test instance 0.2500, class 0.2500
Test instance 0.2500, class 0.2500
2026-06-24 18:20:13,173 - INFO - Best instance 0.3250, class 0.3250 (epoch 11)
Best instance 0.3250, class 0.3250 (epoch 11)
2026-06-24 18:20:13,189 - INFO - Epoch 150/200:
Epoch 150/200:
2026-06-24 18:20:15,866 - INFO - Train loss: 0.0134 (2.7s)
Train loss: 0.0134 (2.7s)
2026-06-24 18:20:16,135 - INFO - Test instance 0.2500, class 0.2500
Test instance 0.2500, class 0.2500
2026-06-24 18:20:16,135 - INFO - Best instance 0.3250, class 0.3250 (epoch 11)
Best instance 0.3250, class 0.3250 (epoch 11)
2026-06-24 18:20:16,160 - INFO - Epoch 151/200:
Epoch 151/200:
2026-06-24 18:20:18,836 - INFO - Train loss: 0.0135 (2.7s)
Train loss: 0.0135 (2.7s)
2026-06-24 18:20:19,099 - INFO - Test instance 0.2500, class 0.2500
Test instance 0.2500, class 0.2500
2026-06-24 18:20:19,099 - INFO - Best instance 0.3250, class 0.3250 (epoch 11)
Best instance 0.3250, class 0.3250 (epoch 11)
2026-06-24 18:20:19,116 - INFO - Epoch 152/200:
Epoch 152/200:
2026-06-24 18:20:21,797 - INFO - Train loss: 0.0125 (2.7s)
Train loss: 0.0125 (2.7s)
2026-06-24 18:20:22,061 - INFO - Test instance 0.2500, class 0.2500
Test instance 0.2500, class 0.2500
2026-06-24 18:20:22,061 - INFO - Best instance 0.3250, class 0.3250 (epoch 11)
Best instance 0.3250, class 0.3250 (epoch 11)
2026-06-24 18:20:22,078 - INFO - Epoch 153/200:
Epoch 153/200:
2026-06-24 18:20:24,797 - INFO - Train loss: 0.0120 (2.7s)
Train loss: 0.0120 (2.7s)
2026-06-24 18:20:25,062 - INFO - Test instance 0.2500, class 0.2500
Test instance 0.2500, class 0.2500
2026-06-24 18:20:25,062 - INFO - Best instance 0.3250, class 0.3250 (epoch 11)
Best instance 0.3250, class 0.3250 (epoch 11)
2026-06-24 18:20:25,079 - INFO - Epoch 154/200:
Epoch 154/200:
2026-06-24 18:20:28,299 - INFO - Train loss: 0.0121 (3.2s)
Train loss: 0.0121 (3.2s)
2026-06-24 18:20:28,564 - INFO - Test instance 0.2500, class 0.2500
Test instance 0.2500, class 0.2500
2026-06-24 18:20:28,564 - INFO - Best instance 0.3250, class 0.3250 (epoch 11)
Best instance 0.3250, class 0.3250 (epoch 11)
2026-06-24 18:20:28,582 - INFO - Epoch 155/200:
Epoch 155/200:
2026-06-24 18:20:31,303 - INFO - Train loss: 0.0119 (2.7s)
Train loss: 0.0119 (2.7s)
2026-06-24 18:20:31,556 - INFO - Test instance 0.2500, class 0.2500
Test instance 0.2500, class 0.2500
2026-06-24 18:20:31,557 - INFO - Best instance 0.3250, class 0.3250 (epoch 11)
Best instance 0.3250, class 0.3250 (epoch 11)
2026-06-24 18:20:31,575 - INFO - Epoch 156/200:
Epoch 156/200:
2026-06-24 18:20:34,267 - INFO - Train loss: 0.0121 (2.7s)
Train loss: 0.0121 (2.7s)
2026-06-24 18:20:34,520 - INFO - Test instance 0.2500, class 0.2500
Test instance 0.2500, class 0.2500
2026-06-24 18:20:34,520 - INFO - Best instance 0.3250, class 0.3250 (epoch 11)
Best instance 0.3250, class 0.3250 (epoch 11)
2026-06-24 18:20:34,539 - INFO - Epoch 157/200:
Epoch 157/200:
2026-06-24 18:20:37,229 - INFO - Train loss: 0.0128 (2.7s)
Train loss: 0.0128 (2.7s)
2026-06-24 18:20:37,486 - INFO - Test instance 0.2500, class 0.2500
Test instance 0.2500, class 0.2500
2026-06-24 18:20:37,488 - INFO - Best instance 0.3250, class 0.3250 (epoch 11)
Best instance 0.3250, class 0.3250 (epoch 11)
2026-06-24 18:20:37,507 - INFO - Epoch 158/200:
Epoch 158/200:
2026-06-24 18:20:40,282 - INFO - Train loss: 0.0109 (2.8s)
Train loss: 0.0109 (2.8s)
2026-06-24 18:20:40,539 - INFO - Test instance 0.2500, class 0.2500
Test instance 0.2500, class 0.2500
2026-06-24 18:20:40,539 - INFO - Best instance 0.3250, class 0.3250 (epoch 11)
Best instance 0.3250, class 0.3250 (epoch 11)
2026-06-24 18:20:40,556 - INFO - Epoch 159/200:
Epoch 159/200:
2026-06-24 18:20:43,319 - INFO - Train loss: 0.0122 (2.8s)
Train loss: 0.0122 (2.8s)
2026-06-24 18:20:43,577 - INFO - Test instance 0.2500, class 0.2500
Test instance 0.2500, class 0.2500
2026-06-24 18:20:43,577 - INFO - Best instance 0.3250, class 0.3250 (epoch 11)
Best instance 0.3250, class 0.3250 (epoch 11)
2026-06-24 18:20:43,595 - INFO - Epoch 160/200:
Epoch 160/200:
2026-06-24 18:20:46,320 - INFO - Train loss: 0.0121 (2.7s)
Train loss: 0.0121 (2.7s)
2026-06-24 18:20:46,585 - INFO - Test instance 0.2500, class 0.2500
Test instance 0.2500, class 0.2500
2026-06-24 18:20:46,586 - INFO - Best instance 0.3250, class 0.3250 (epoch 11)
Best instance 0.3250, class 0.3250 (epoch 11)
2026-06-24 18:20:46,605 - INFO - Epoch 161/200:
Epoch 161/200:
2026-06-24 18:20:49,325 - INFO - Train loss: 0.0110 (2.7s)
Train loss: 0.0110 (2.7s)
2026-06-24 18:20:49,582 - INFO - Test instance 0.2500, class 0.2500
Test instance 0.2500, class 0.2500
2026-06-24 18:20:49,582 - INFO - Best instance 0.3250, class 0.3250 (epoch 11)
Best instance 0.3250, class 0.3250 (epoch 11)
2026-06-24 18:20:49,599 - INFO - Epoch 162/200:
Epoch 162/200:
2026-06-24 18:20:52,328 - INFO - Train loss: 0.0103 (2.7s)
Train loss: 0.0103 (2.7s)
2026-06-24 18:20:52,585 - INFO - Test instance 0.2500, class 0.2500
Test instance 0.2500, class 0.2500
2026-06-24 18:20:52,585 - INFO - Best instance 0.3250, class 0.3250 (epoch 11)
Best instance 0.3250, class 0.3250 (epoch 11)
2026-06-24 18:20:52,603 - INFO - Epoch 163/200:
Epoch 163/200:
2026-06-24 18:20:55,316 - INFO - Train loss: 0.0117 (2.7s)
Train loss: 0.0117 (2.7s)
2026-06-24 18:20:55,576 - INFO - Test instance 0.2500, class 0.2500
Test instance 0.2500, class 0.2500
2026-06-24 18:20:55,576 - INFO - Best instance 0.3250, class 0.3250 (epoch 11)
Best instance 0.3250, class 0.3250 (epoch 11)
2026-06-24 18:20:55,593 - INFO - Epoch 164/200:
Epoch 164/200:
2026-06-24 18:20:58,324 - INFO - Train loss: 0.0116 (2.7s)
Train loss: 0.0116 (2.7s)
2026-06-24 18:20:58,653 - INFO - Test instance 0.2500, class 0.2500
Test instance 0.2500, class 0.2500
2026-06-24 18:20:58,654 - INFO - Best instance 0.3250, class 0.3250 (epoch 11)
Best instance 0.3250, class 0.3250 (epoch 11)
2026-06-24 18:20:58,674 - INFO - Epoch 165/200:
Epoch 165/200:
2026-06-24 18:21:01,404 - INFO - Train loss: 0.0113 (2.7s)
Train loss: 0.0113 (2.7s)
2026-06-24 18:21:01,666 - INFO - Test instance 0.2500, class 0.2500
Test instance 0.2500, class 0.2500
2026-06-24 18:21:01,666 - INFO - Best instance 0.3250, class 0.3250 (epoch 11)
Best instance 0.3250, class 0.3250 (epoch 11)
2026-06-24 18:21:01,683 - INFO - Epoch 166/200:
Epoch 166/200:
2026-06-24 18:21:04,587 - INFO - Train loss: 0.0102 (2.9s)
Train loss: 0.0102 (2.9s)
2026-06-24 18:21:04,837 - INFO - Test instance 0.2500, class 0.2500
Test instance 0.2500, class 0.2500
2026-06-24 18:21:04,837 - INFO - Best instance 0.3250, class 0.3250 (epoch 11)
Best instance 0.3250, class 0.3250 (epoch 11)
2026-06-24 18:21:04,856 - INFO - Epoch 167/200:
Epoch 167/200:
2026-06-24 18:21:08,250 - INFO - Train loss: 0.0108 (3.4s)
Train loss: 0.0108 (3.4s)
2026-06-24 18:21:08,518 - INFO - Test instance 0.2500, class 0.2500
Test instance 0.2500, class 0.2500
2026-06-24 18:21:08,518 - INFO - Best instance 0.3250, class 0.3250 (epoch 11)
Best instance 0.3250, class 0.3250 (epoch 11)
2026-06-24 18:21:08,536 - INFO - Epoch 168/200:
Epoch 168/200:
2026-06-24 18:21:11,250 - INFO - Train loss: 0.0116 (2.7s)
Train loss: 0.0116 (2.7s)
2026-06-24 18:21:11,509 - INFO - Test instance 0.2500, class 0.2500
Test instance 0.2500, class 0.2500
2026-06-24 18:21:11,509 - INFO - Best instance 0.3250, class 0.3250 (epoch 11)
Best instance 0.3250, class 0.3250 (epoch 11)
2026-06-24 18:21:11,528 - INFO - Epoch 169/200:
Epoch 169/200:
2026-06-24 18:21:14,291 - INFO - Train loss: 0.0112 (2.8s)
Train loss: 0.0112 (2.8s)
2026-06-24 18:21:14,547 - INFO - Test instance 0.2500, class 0.2500
Test instance 0.2500, class 0.2500
2026-06-24 18:21:14,548 - INFO - Best instance 0.3250, class 0.3250 (epoch 11)
Best instance 0.3250, class 0.3250 (epoch 11)
2026-06-24 18:21:14,565 - INFO - Epoch 170/200:
Epoch 170/200:
2026-06-24 18:21:17,297 - INFO - Train loss: 0.0103 (2.7s)
Train loss: 0.0103 (2.7s)
2026-06-24 18:21:17,550 - INFO - Test instance 0.2500, class 0.2500
Test instance 0.2500, class 0.2500
2026-06-24 18:21:17,550 - INFO - Best instance 0.3250, class 0.3250 (epoch 11)
Best instance 0.3250, class 0.3250 (epoch 11)
2026-06-24 18:21:17,568 - INFO - Epoch 171/200:
Epoch 171/200:
2026-06-24 18:21:20,229 - INFO - Train loss: 0.0104 (2.7s)
Train loss: 0.0104 (2.7s)
2026-06-24 18:21:20,480 - INFO - Test instance 0.2500, class 0.2500
Test instance 0.2500, class 0.2500
2026-06-24 18:21:20,480 - INFO - Best instance 0.3250, class 0.3250 (epoch 11)
Best instance 0.3250, class 0.3250 (epoch 11)
2026-06-24 18:21:20,499 - INFO - Epoch 172/200:
Epoch 172/200:
2026-06-24 18:21:23,193 - INFO - Train loss: 0.0103 (2.7s)
Train loss: 0.0103 (2.7s)
2026-06-24 18:21:23,460 - INFO - Test instance 0.2500, class 0.2500
Test instance 0.2500, class 0.2500
2026-06-24 18:21:23,460 - INFO - Best instance 0.3250, class 0.3250 (epoch 11)
Best instance 0.3250, class 0.3250 (epoch 11)
2026-06-24 18:21:23,478 - INFO - Epoch 173/200:
Epoch 173/200:
2026-06-24 18:21:26,170 - INFO - Train loss: 0.0098 (2.7s)
Train loss: 0.0098 (2.7s)
2026-06-24 18:21:26,433 - INFO - Test instance 0.2500, class 0.2500
Test instance 0.2500, class 0.2500
2026-06-24 18:21:26,433 - INFO - Best instance 0.3250, class 0.3250 (epoch 11)
Best instance 0.3250, class 0.3250 (epoch 11)
2026-06-24 18:21:26,452 - INFO - Epoch 174/200:
Epoch 174/200:
2026-06-24 18:21:29,819 - INFO - Train loss: 0.0102 (3.4s)
Train loss: 0.0102 (3.4s)
2026-06-24 18:21:30,076 - INFO - Test instance 0.2500, class 0.2500
Test instance 0.2500, class 0.2500
2026-06-24 18:21:30,076 - INFO - Best instance 0.3250, class 0.3250 (epoch 11)
Best instance 0.3250, class 0.3250 (epoch 11)
2026-06-24 18:21:30,094 - INFO - Epoch 175/200:
Epoch 175/200:
2026-06-24 18:21:32,780 - INFO - Train loss: 0.0104 (2.7s)
Train loss: 0.0104 (2.7s)
2026-06-24 18:21:33,036 - INFO - Test instance 0.2500, class 0.2500
Test instance 0.2500, class 0.2500
2026-06-24 18:21:33,037 - INFO - Best instance 0.3250, class 0.3250 (epoch 11)
Best instance 0.3250, class 0.3250 (epoch 11)
2026-06-24 18:21:33,055 - INFO - Epoch 176/200:
Epoch 176/200:
2026-06-24 18:21:35,726 - INFO - Train loss: 0.0104 (2.7s)
Train loss: 0.0104 (2.7s)
2026-06-24 18:21:35,977 - INFO - Test instance 0.2500, class 0.2500
Test instance 0.2500, class 0.2500
2026-06-24 18:21:35,977 - INFO - Best instance 0.3250, class 0.3250 (epoch 11)
Best instance 0.3250, class 0.3250 (epoch 11)
2026-06-24 18:21:35,994 - INFO - Epoch 177/200:
Epoch 177/200:
2026-06-24 18:21:38,686 - INFO - Train loss: 0.0108 (2.7s)
Train loss: 0.0108 (2.7s)
2026-06-24 18:21:38,942 - INFO - Test instance 0.2500, class 0.2500
Test instance 0.2500, class 0.2500
2026-06-24 18:21:38,942 - INFO - Best instance 0.3250, class 0.3250 (epoch 11)
Best instance 0.3250, class 0.3250 (epoch 11)
2026-06-24 18:21:38,961 - INFO - Epoch 178/200:
Epoch 178/200:
2026-06-24 18:21:41,707 - INFO - Train loss: 0.0106 (2.7s)
Train loss: 0.0106 (2.7s)
2026-06-24 18:21:41,959 - INFO - Test instance 0.2500, class 0.2500
Test instance 0.2500, class 0.2500
2026-06-24 18:21:41,959 - INFO - Best instance 0.3250, class 0.3250 (epoch 11)
Best instance 0.3250, class 0.3250 (epoch 11)
2026-06-24 18:21:41,977 - INFO - Epoch 179/200:
Epoch 179/200:
2026-06-24 18:21:44,691 - INFO - Train loss: 0.0103 (2.7s)
Train loss: 0.0103 (2.7s)
2026-06-24 18:21:44,957 - INFO - Test instance 0.2500, class 0.2500
Test instance 0.2500, class 0.2500
2026-06-24 18:21:44,957 - INFO - Best instance 0.3250, class 0.3250 (epoch 11)
Best instance 0.3250, class 0.3250 (epoch 11)
2026-06-24 18:21:44,976 - INFO - Epoch 180/200:
Epoch 180/200:
2026-06-24 18:21:48,355 - INFO - Train loss: 0.0105 (3.4s)
Train loss: 0.0105 (3.4s)
2026-06-24 18:21:48,622 - INFO - Test instance 0.2500, class 0.2500
Test instance 0.2500, class 0.2500
2026-06-24 18:21:48,623 - INFO - Best instance 0.3250, class 0.3250 (epoch 11)
Best instance 0.3250, class 0.3250 (epoch 11)
2026-06-24 18:21:48,640 - INFO - Epoch 181/200:
Epoch 181/200:
2026-06-24 18:21:51,380 - INFO - Train loss: 0.0109 (2.7s)
Train loss: 0.0109 (2.7s)
2026-06-24 18:21:51,643 - INFO - Test instance 0.2500, class 0.2500
Test instance 0.2500, class 0.2500
2026-06-24 18:21:51,644 - INFO - Best instance 0.3250, class 0.3250 (epoch 11)
Best instance 0.3250, class 0.3250 (epoch 11)
2026-06-24 18:21:51,661 - INFO - Epoch 182/200:
Epoch 182/200:
2026-06-24 18:21:54,365 - INFO - Train loss: 0.0104 (2.7s)
Train loss: 0.0104 (2.7s)
2026-06-24 18:21:54,619 - INFO - Test instance 0.2500, class 0.2500
Test instance 0.2500, class 0.2500
2026-06-24 18:21:54,620 - INFO - Best instance 0.3250, class 0.3250 (epoch 11)
Best instance 0.3250, class 0.3250 (epoch 11)
2026-06-24 18:21:54,639 - INFO - Epoch 183/200:
Epoch 183/200:
2026-06-24 18:21:57,363 - INFO - Train loss: 0.0100 (2.7s)
Train loss: 0.0100 (2.7s)
2026-06-24 18:21:57,626 - INFO - Test instance 0.2500, class 0.2500
Test instance 0.2500, class 0.2500
2026-06-24 18:21:57,626 - INFO - Best instance 0.3250, class 0.3250 (epoch 11)
Best instance 0.3250, class 0.3250 (epoch 11)
2026-06-24 18:21:57,643 - INFO - Epoch 184/200:
Epoch 184/200:
2026-06-24 18:22:00,347 - INFO - Train loss: 0.0096 (2.7s)
Train loss: 0.0096 (2.7s)
2026-06-24 18:22:00,599 - INFO - Test instance 0.2500, class 0.2500
Test instance 0.2500, class 0.2500
2026-06-24 18:22:00,599 - INFO - Best instance 0.3250, class 0.3250 (epoch 11)
Best instance 0.3250, class 0.3250 (epoch 11)
2026-06-24 18:22:00,617 - INFO - Epoch 185/200:
Epoch 185/200:
2026-06-24 18:22:03,398 - INFO - Train loss: 0.0095 (2.8s)
Train loss: 0.0095 (2.8s)
2026-06-24 18:22:03,652 - INFO - Test instance 0.2500, class 0.2500
Test instance 0.2500, class 0.2500
2026-06-24 18:22:03,652 - INFO - Best instance 0.3250, class 0.3250 (epoch 11)
Best instance 0.3250, class 0.3250 (epoch 11)
2026-06-24 18:22:03,670 - INFO - Epoch 186/200:
Epoch 186/200:
2026-06-24 18:22:06,404 - INFO - Train loss: 0.0103 (2.7s)
Train loss: 0.0103 (2.7s)
2026-06-24 18:22:06,662 - INFO - Test instance 0.2500, class 0.2500
Test instance 0.2500, class 0.2500
2026-06-24 18:22:06,662 - INFO - Best instance 0.3250, class 0.3250 (epoch 11)
Best instance 0.3250, class 0.3250 (epoch 11)
2026-06-24 18:22:06,681 - INFO - Epoch 187/200:
Epoch 187/200:
2026-06-24 18:22:09,396 - INFO - Train loss: 0.0105 (2.7s)
Train loss: 0.0105 (2.7s)
2026-06-24 18:22:09,652 - INFO - Test instance 0.2500, class 0.2500
Test instance 0.2500, class 0.2500
2026-06-24 18:22:09,652 - INFO - Best instance 0.3250, class 0.3250 (epoch 11)
Best instance 0.3250, class 0.3250 (epoch 11)
2026-06-24 18:22:09,671 - INFO - Epoch 188/200:
Epoch 188/200:
2026-06-24 18:22:12,452 - INFO - Train loss: 0.0100 (2.8s)
Train loss: 0.0100 (2.8s)
2026-06-24 18:22:12,717 - INFO - Test instance 0.2500, class 0.2500
Test instance 0.2500, class 0.2500
2026-06-24 18:22:12,717 - INFO - Best instance 0.3250, class 0.3250 (epoch 11)
Best instance 0.3250, class 0.3250 (epoch 11)
2026-06-24 18:22:12,735 - INFO - Epoch 189/200:
Epoch 189/200:
2026-06-24 18:22:15,450 - INFO - Train loss: 0.0099 (2.7s)
Train loss: 0.0099 (2.7s)
2026-06-24 18:22:15,707 - INFO - Test instance 0.2500, class 0.2500
Test instance 0.2500, class 0.2500
2026-06-24 18:22:15,707 - INFO - Best instance 0.3250, class 0.3250 (epoch 11)
Best instance 0.3250, class 0.3250 (epoch 11)
2026-06-24 18:22:15,728 - INFO - Epoch 190/200:
Epoch 190/200:
2026-06-24 18:22:18,427 - INFO - Train loss: 0.0089 (2.7s)
Train loss: 0.0089 (2.7s)
2026-06-24 18:22:18,691 - INFO - Test instance 0.2500, class 0.2500
Test instance 0.2500, class 0.2500
2026-06-24 18:22:18,691 - INFO - Best instance 0.3250, class 0.3250 (epoch 11)
Best instance 0.3250, class 0.3250 (epoch 11)
2026-06-24 18:22:18,709 - INFO - Epoch 191/200:
Epoch 191/200:
2026-06-24 18:22:21,433 - INFO - Train loss: 0.0108 (2.7s)
Train loss: 0.0108 (2.7s)
2026-06-24 18:22:21,700 - INFO - Test instance 0.2500, class 0.2500
Test instance 0.2500, class 0.2500
2026-06-24 18:22:21,700 - INFO - Best instance 0.3250, class 0.3250 (epoch 11)
Best instance 0.3250, class 0.3250 (epoch 11)
2026-06-24 18:22:21,718 - INFO - Epoch 192/200:
Epoch 192/200:
2026-06-24 18:22:24,471 - INFO - Train loss: 0.0095 (2.8s)
Train loss: 0.0095 (2.8s)
2026-06-24 18:22:24,725 - INFO - Test instance 0.2500, class 0.2500
Test instance 0.2500, class 0.2500
2026-06-24 18:22:24,726 - INFO - Best instance 0.3250, class 0.3250 (epoch 11)
Best instance 0.3250, class 0.3250 (epoch 11)
2026-06-24 18:22:24,743 - INFO - Epoch 193/200:
Epoch 193/200:
2026-06-24 18:22:27,475 - INFO - Train loss: 0.0103 (2.7s)
Train loss: 0.0103 (2.7s)
2026-06-24 18:22:27,736 - INFO - Test instance 0.2500, class 0.2500
Test instance 0.2500, class 0.2500
2026-06-24 18:22:27,736 - INFO - Best instance 0.3250, class 0.3250 (epoch 11)
Best instance 0.3250, class 0.3250 (epoch 11)
2026-06-24 18:22:27,754 - INFO - Epoch 194/200:
Epoch 194/200:
2026-06-24 18:22:30,480 - INFO - Train loss: 0.0103 (2.7s)
Train loss: 0.0103 (2.7s)
2026-06-24 18:22:30,731 - INFO - Test instance 0.2500, class 0.2500
Test instance 0.2500, class 0.2500
2026-06-24 18:22:30,732 - INFO - Best instance 0.3250, class 0.3250 (epoch 11)
Best instance 0.3250, class 0.3250 (epoch 11)
2026-06-24 18:22:30,748 - INFO - Epoch 195/200:
Epoch 195/200:
2026-06-24 18:22:33,467 - INFO - Train loss: 0.0094 (2.7s)
Train loss: 0.0094 (2.7s)
2026-06-24 18:22:33,723 - INFO - Test instance 0.2500, class 0.2500
Test instance 0.2500, class 0.2500
2026-06-24 18:22:33,724 - INFO - Best instance 0.3250, class 0.3250 (epoch 11)
Best instance 0.3250, class 0.3250 (epoch 11)
2026-06-24 18:22:33,742 - INFO - Epoch 196/200:
Epoch 196/200:
2026-06-24 18:22:36,475 - INFO - Train loss: 0.0093 (2.7s)
Train loss: 0.0093 (2.7s)
2026-06-24 18:22:36,739 - INFO - Test instance 0.2500, class 0.2500
Test instance 0.2500, class 0.2500
2026-06-24 18:22:36,739 - INFO - Best instance 0.3250, class 0.3250 (epoch 11)
Best instance 0.3250, class 0.3250 (epoch 11)
2026-06-24 18:22:36,758 - INFO - Epoch 197/200:
Epoch 197/200:
2026-06-24 18:22:39,457 - INFO - Train loss: 0.0092 (2.7s)
Train loss: 0.0092 (2.7s)
2026-06-24 18:22:39,717 - INFO - Test instance 0.2500, class 0.2500
Test instance 0.2500, class 0.2500
2026-06-24 18:22:39,717 - INFO - Best instance 0.3250, class 0.3250 (epoch 11)
Best instance 0.3250, class 0.3250 (epoch 11)
2026-06-24 18:22:39,735 - INFO - Epoch 198/200:
Epoch 198/200:
2026-06-24 18:22:42,448 - INFO - Train loss: 0.0103 (2.7s)
Train loss: 0.0103 (2.7s)
2026-06-24 18:22:42,773 - INFO - Test instance 0.2500, class 0.2500
Test instance 0.2500, class 0.2500
2026-06-24 18:22:42,774 - INFO - Best instance 0.3250, class 0.3250 (epoch 11)
Best instance 0.3250, class 0.3250 (epoch 11)
2026-06-24 18:22:42,793 - INFO - Epoch 199/200:
Epoch 199/200:
2026-06-24 18:22:46,177 - INFO - Train loss: 0.0089 (3.4s)
Train loss: 0.0089 (3.4s)
2026-06-24 18:22:46,506 - INFO - Test instance 0.2500, class 0.2500
Test instance 0.2500, class 0.2500
2026-06-24 18:22:46,507 - INFO - Best instance 0.3250, class 0.3250 (epoch 11)
Best instance 0.3250, class 0.3250 (epoch 11)
2026-06-24 18:22:46,527 - INFO - Epoch 200/200:
Epoch 200/200:
2026-06-24 18:22:49,207 - INFO - Train loss: 0.0083 (2.7s)
Train loss: 0.0083 (2.7s)
2026-06-24 18:22:49,532 - INFO - Test instance 0.2500, class 0.2500
Test instance 0.2500, class 0.2500
2026-06-24 18:22:49,534 - INFO - Best instance 0.3250, class 0.3250 (epoch 11)
Best instance 0.3250, class 0.3250 (epoch 11)
2026-06-24 18:23:16,045 - INFO - Student 1.42 MB, 79.13 ms
Student 1.42 MB, 79.13 ms
