[Wed Jun 24 16:51:09 EDT 2026] task 8 on GPU 0: python flkd/advanced_kd_train_classification.py --teacher_model pointnet2_cls_ssg --student_model small_pointnet2 --kd_strategy attention --dataset craniosynostosis --seed 7 --batch_size 24 --epoch 200 --num_point 1024 --teacher_path "outputs/craniosynostosis/flkd/federated/classification/fl_pointnet2_cls_ssg_fedavg_s7/checkpoints/best_model.pth" --log_dir kd_pointnet2_cls_ssg_fedavg+attention_small_pointnet2_s7 --beta 0.5 --data_root data --output_root outputs --num_workers -1 --max_runtime_hours 166.0
Loaded teacher from outputs/craniosynostosis/flkd/federated/classification/fl_pointnet2_cls_ssg_fedavg_s7/checkpoints/best_model.pth
2026-06-24 16:54:59,805 - INFO - PARAMETER ...
2026-06-24 16:54:59,805 - INFO - {'use_cpu': False, 'no_amp': False, 'gpu': '0', 'num_workers': -1, 'batch_size': 24, 'teacher_model': 'pointnet2_cls_ssg', 'student_model': 'small_pointnet2', 'num_category': 4, 'dataset': 'craniosynostosis', 'data_root': 'data', 'output_root': 'outputs', 'train_split': 0.8, 'dataset_seed': 0, 'cache_dataset': True, 'min_class_samples': 1, 'epoch': 200, 'learning_rate': 0.001, 'num_point': 1024, 'optimizer': 'Adam', 'log_dir': 'kd_pointnet2_cls_ssg_fedavg+attention_small_pointnet2_s7', 'decay_rate': 0.0001, 'use_normals': False, 'process_data': False, 'use_uniform_sample': False, 'resume': True, 'kd_strategy': 'attention', 'alpha': 0.5, 'temperature': 2.0, 'beta': 0.5, 'dkd_alpha': 1.0, 'dkd_beta': 8.0, 'crd_temperature': 0.07, 'teacher_path': 'outputs/craniosynostosis/flkd/federated/classification/fl_pointnet2_cls_ssg_fedavg_s7/checkpoints/best_model.pth', 'teacher_paths': None, 'teacher_weights': None, 'use_hard_labels': 'on', 'unlabeled': False, 'temperature_sweep': None, 'seed': 7, 'max_runtime_hours': 166.0}
2026-06-24 16:54:59,807 - INFO - KD=attention student=small_pointnet2 AMP=False use_hard=True unlabeled=False T=2.0
KD=attention student=small_pointnet2 AMP=False use_hard=True unlabeled=False T=2.0
2026-06-24 16:55:02,357 - INFO - Added 525312 KD-adapter params to optimiser.
Added 525312 KD-adapter params to optimiser.
2026-06-24 16:55:02,358 - INFO - Epoch 1/200:
Epoch 1/200:
2026-06-24 16:55:06,149 - INFO - Train loss: 0.1117 (3.8s)
Train loss: 0.1117 (3.8s)
2026-06-24 16:55:06,794 - INFO - Test instance 0.2500, class 0.2500
Test instance 0.2500, class 0.2500
2026-06-24 16:55:06,821 - INFO - Best instance 0.2500, class 0.2500 (epoch 1)
Best instance 0.2500, class 0.2500 (epoch 1)
2026-06-24 16:55:06,847 - INFO - Epoch 2/200:
Epoch 2/200:
2026-06-24 16:55:09,614 - INFO - Train loss: 0.0888 (2.8s)
Train loss: 0.0888 (2.8s)
2026-06-24 16:55:09,891 - INFO - Test instance 0.2500, class 0.2500
Test instance 0.2500, class 0.2500
2026-06-24 16:55:09,891 - INFO - Best instance 0.2500, class 0.2500 (epoch 1)
Best instance 0.2500, class 0.2500 (epoch 1)
2026-06-24 16:55:09,917 - INFO - Epoch 3/200:
Epoch 3/200:
2026-06-24 16:55:13,402 - INFO - Train loss: 0.0866 (3.5s)
Train loss: 0.0866 (3.5s)
2026-06-24 16:55:13,737 - INFO - Test instance 0.2500, class 0.2500
Test instance 0.2500, class 0.2500
2026-06-24 16:55:13,738 - INFO - Best instance 0.2500, class 0.2500 (epoch 1)
Best instance 0.2500, class 0.2500 (epoch 1)
2026-06-24 16:55:13,765 - INFO - Epoch 4/200:
Epoch 4/200:
2026-06-24 16:55:17,235 - INFO - Train loss: 0.0769 (3.5s)
Train loss: 0.0769 (3.5s)
2026-06-24 16:55:17,563 - INFO - Test instance 0.2500, class 0.2500
Test instance 0.2500, class 0.2500
2026-06-24 16:55:17,563 - INFO - Best instance 0.2500, class 0.2500 (epoch 1)
Best instance 0.2500, class 0.2500 (epoch 1)
2026-06-24 16:55:17,590 - INFO - Epoch 5/200:
Epoch 5/200:
2026-06-24 16:55:20,350 - INFO - Train loss: 0.0735 (2.8s)
Train loss: 0.0735 (2.8s)
2026-06-24 16:55:20,610 - INFO - Test instance 0.3375, class 0.3375
Test instance 0.3375, class 0.3375
2026-06-24 16:55:20,634 - INFO - Best instance 0.3375, class 0.3375 (epoch 5)
Best instance 0.3375, class 0.3375 (epoch 5)
2026-06-24 16:55:20,660 - INFO - Epoch 6/200:
Epoch 6/200:
2026-06-24 16:55:23,462 - INFO - Train loss: 0.0587 (2.8s)
Train loss: 0.0587 (2.8s)
2026-06-24 16:55:23,725 - INFO - Test instance 0.2500, class 0.2500
Test instance 0.2500, class 0.2500
2026-06-24 16:55:23,726 - INFO - Best instance 0.3375, class 0.3375 (epoch 5)
Best instance 0.3375, class 0.3375 (epoch 5)
2026-06-24 16:55:23,751 - INFO - Epoch 7/200:
Epoch 7/200:
2026-06-24 16:55:27,238 - INFO - Train loss: 0.0590 (3.5s)
Train loss: 0.0590 (3.5s)
2026-06-24 16:55:27,571 - INFO - Test instance 0.3125, class 0.3125
Test instance 0.3125, class 0.3125
2026-06-24 16:55:27,571 - INFO - Best instance 0.3375, class 0.3375 (epoch 5)
Best instance 0.3375, class 0.3375 (epoch 5)
2026-06-24 16:55:27,598 - INFO - Epoch 8/200:
Epoch 8/200:
2026-06-24 16:55:30,393 - INFO - Train loss: 0.0579 (2.8s)
Train loss: 0.0579 (2.8s)
2026-06-24 16:55:30,656 - INFO - Test instance 0.2500, class 0.2500
Test instance 0.2500, class 0.2500
2026-06-24 16:55:30,657 - INFO - Best instance 0.3375, class 0.3375 (epoch 5)
Best instance 0.3375, class 0.3375 (epoch 5)
2026-06-24 16:55:30,683 - INFO - Epoch 9/200:
Epoch 9/200:
2026-06-24 16:55:34,174 - INFO - Train loss: 0.0484 (3.5s)
Train loss: 0.0484 (3.5s)
2026-06-24 16:55:34,514 - INFO - Test instance 0.2500, class 0.2500
Test instance 0.2500, class 0.2500
2026-06-24 16:55:34,515 - INFO - Best instance 0.3375, class 0.3375 (epoch 5)
Best instance 0.3375, class 0.3375 (epoch 5)
2026-06-24 16:55:34,542 - INFO - Epoch 10/200:
Epoch 10/200:
2026-06-24 16:55:37,308 - INFO - Train loss: 0.0473 (2.8s)
Train loss: 0.0473 (2.8s)
2026-06-24 16:55:37,584 - INFO - Test instance 0.2875, class 0.2875
Test instance 0.2875, class 0.2875
2026-06-24 16:55:37,585 - INFO - Best instance 0.3375, class 0.3375 (epoch 5)
Best instance 0.3375, class 0.3375 (epoch 5)
2026-06-24 16:55:37,611 - INFO - Epoch 11/200:
Epoch 11/200:
2026-06-24 16:55:40,394 - INFO - Train loss: 0.0407 (2.8s)
Train loss: 0.0407 (2.8s)
2026-06-24 16:55:40,657 - INFO - Test instance 0.3125, class 0.3125
Test instance 0.3125, class 0.3125
2026-06-24 16:55:40,658 - INFO - Best instance 0.3375, class 0.3375 (epoch 5)
Best instance 0.3375, class 0.3375 (epoch 5)
2026-06-24 16:55:40,683 - INFO - Epoch 12/200:
Epoch 12/200:
2026-06-24 16:55:43,448 - INFO - Train loss: 0.0326 (2.8s)
Train loss: 0.0326 (2.8s)
2026-06-24 16:55:43,712 - INFO - Test instance 0.4125, class 0.4125
Test instance 0.4125, class 0.4125
2026-06-24 16:55:43,734 - INFO - Best instance 0.4125, class 0.4125 (epoch 12)
Best instance 0.4125, class 0.4125 (epoch 12)
2026-06-24 16:55:43,759 - INFO - Epoch 13/200:
Epoch 13/200:
2026-06-24 16:55:46,540 - INFO - Train loss: 0.0341 (2.8s)
Train loss: 0.0341 (2.8s)
2026-06-24 16:55:46,802 - INFO - Test instance 0.3375, class 0.3375
Test instance 0.3375, class 0.3375
2026-06-24 16:55:46,803 - INFO - Best instance 0.4125, class 0.4125 (epoch 12)
Best instance 0.4125, class 0.4125 (epoch 12)
2026-06-24 16:55:46,828 - INFO - Epoch 14/200:
Epoch 14/200:
2026-06-24 16:55:49,600 - INFO - Train loss: 0.0302 (2.8s)
Train loss: 0.0302 (2.8s)
2026-06-24 16:55:49,865 - INFO - Test instance 0.3250, class 0.3250
Test instance 0.3250, class 0.3250
2026-06-24 16:55:49,866 - INFO - Best instance 0.4125, class 0.4125 (epoch 12)
Best instance 0.4125, class 0.4125 (epoch 12)
2026-06-24 16:55:49,891 - INFO - Epoch 15/200:
Epoch 15/200:
2026-06-24 16:55:52,666 - INFO - Train loss: 0.0279 (2.8s)
Train loss: 0.0279 (2.8s)
2026-06-24 16:55:52,924 - INFO - Test instance 0.4750, class 0.4750
Test instance 0.4750, class 0.4750
2026-06-24 16:55:52,947 - INFO - Best instance 0.4750, class 0.4750 (epoch 15)
Best instance 0.4750, class 0.4750 (epoch 15)
2026-06-24 16:55:52,971 - INFO - Epoch 16/200:
Epoch 16/200:
2026-06-24 16:55:55,751 - INFO - Train loss: 0.0315 (2.8s)
Train loss: 0.0315 (2.8s)
2026-06-24 16:55:56,008 - INFO - Test instance 0.3000, class 0.3000
Test instance 0.3000, class 0.3000
2026-06-24 16:55:56,008 - INFO - Best instance 0.4750, class 0.4750 (epoch 15)
Best instance 0.4750, class 0.4750 (epoch 15)
2026-06-24 16:55:56,034 - INFO - Epoch 17/200:
Epoch 17/200:
2026-06-24 16:55:58,869 - INFO - Train loss: 0.0302 (2.8s)
Train loss: 0.0302 (2.8s)
2026-06-24 16:55:59,141 - INFO - Test instance 0.3500, class 0.3500
Test instance 0.3500, class 0.3500
2026-06-24 16:55:59,141 - INFO - Best instance 0.4750, class 0.4750 (epoch 15)
Best instance 0.4750, class 0.4750 (epoch 15)
2026-06-24 16:55:59,168 - INFO - Epoch 18/200:
Epoch 18/200:
2026-06-24 16:56:02,015 - INFO - Train loss: 0.0250 (2.8s)
Train loss: 0.0250 (2.8s)
2026-06-24 16:56:02,286 - INFO - Test instance 0.4500, class 0.4500
Test instance 0.4500, class 0.4500
2026-06-24 16:56:02,287 - INFO - Best instance 0.4750, class 0.4750 (epoch 15)
Best instance 0.4750, class 0.4750 (epoch 15)
2026-06-24 16:56:02,312 - INFO - Epoch 19/200:
Epoch 19/200:
2026-06-24 16:56:05,115 - INFO - Train loss: 0.0278 (2.8s)
Train loss: 0.0278 (2.8s)
2026-06-24 16:56:05,374 - INFO - Test instance 0.5875, class 0.5875
Test instance 0.5875, class 0.5875
2026-06-24 16:56:05,396 - INFO - Best instance 0.5875, class 0.5875 (epoch 19)
Best instance 0.5875, class 0.5875 (epoch 19)
2026-06-24 16:56:05,419 - INFO - Epoch 20/200:
Epoch 20/200:
2026-06-24 16:56:08,205 - INFO - Train loss: 0.0259 (2.8s)
Train loss: 0.0259 (2.8s)
2026-06-24 16:56:08,471 - INFO - Test instance 0.5375, class 0.5375
Test instance 0.5375, class 0.5375
2026-06-24 16:56:08,471 - INFO - Best instance 0.5875, class 0.5875 (epoch 19)
Best instance 0.5875, class 0.5875 (epoch 19)
2026-06-24 16:56:08,497 - INFO - Epoch 21/200:
Epoch 21/200:
2026-06-24 16:56:11,299 - INFO - Train loss: 0.0284 (2.8s)
Train loss: 0.0284 (2.8s)
2026-06-24 16:56:11,637 - INFO - Test instance 0.6750, class 0.6750
Test instance 0.6750, class 0.6750
2026-06-24 16:56:11,662 - INFO - Best instance 0.6750, class 0.6750 (epoch 21)
Best instance 0.6750, class 0.6750 (epoch 21)
2026-06-24 16:56:11,689 - INFO - Epoch 22/200:
Epoch 22/200:
2026-06-24 16:56:14,457 - INFO - Train loss: 0.0254 (2.8s)
Train loss: 0.0254 (2.8s)
2026-06-24 16:56:14,719 - INFO - Test instance 0.5500, class 0.5500
Test instance 0.5500, class 0.5500
2026-06-24 16:56:14,719 - INFO - Best instance 0.6750, class 0.6750 (epoch 21)
Best instance 0.6750, class 0.6750 (epoch 21)
2026-06-24 16:56:14,745 - INFO - Epoch 23/200:
Epoch 23/200:
2026-06-24 16:56:17,529 - INFO - Train loss: 0.0259 (2.8s)
Train loss: 0.0259 (2.8s)
2026-06-24 16:56:17,798 - INFO - Test instance 0.5250, class 0.5250
Test instance 0.5250, class 0.5250
2026-06-24 16:56:17,799 - INFO - Best instance 0.6750, class 0.6750 (epoch 21)
Best instance 0.6750, class 0.6750 (epoch 21)
2026-06-24 16:56:17,824 - INFO - Epoch 24/200:
Epoch 24/200:
2026-06-24 16:56:20,604 - INFO - Train loss: 0.0232 (2.8s)
Train loss: 0.0232 (2.8s)
2026-06-24 16:56:20,869 - INFO - Test instance 0.6000, class 0.6000
Test instance 0.6000, class 0.6000
2026-06-24 16:56:20,869 - INFO - Best instance 0.6750, class 0.6750 (epoch 21)
Best instance 0.6750, class 0.6750 (epoch 21)
2026-06-24 16:56:20,895 - INFO - Epoch 25/200:
Epoch 25/200:
2026-06-24 16:56:23,664 - INFO - Train loss: 0.0234 (2.8s)
Train loss: 0.0234 (2.8s)
2026-06-24 16:56:23,928 - INFO - Test instance 0.5625, class 0.5625
Test instance 0.5625, class 0.5625
2026-06-24 16:56:23,928 - INFO - Best instance 0.6750, class 0.6750 (epoch 21)
Best instance 0.6750, class 0.6750 (epoch 21)
2026-06-24 16:56:23,954 - INFO - Epoch 26/200:
Epoch 26/200:
2026-06-24 16:56:26,722 - INFO - Train loss: 0.0214 (2.8s)
Train loss: 0.0214 (2.8s)
2026-06-24 16:56:26,991 - INFO - Test instance 0.6375, class 0.6375
Test instance 0.6375, class 0.6375
2026-06-24 16:56:26,991 - INFO - Best instance 0.6750, class 0.6750 (epoch 21)
Best instance 0.6750, class 0.6750 (epoch 21)
2026-06-24 16:56:27,017 - INFO - Epoch 27/200:
Epoch 27/200:
2026-06-24 16:56:30,506 - INFO - Train loss: 0.0241 (3.5s)
Train loss: 0.0241 (3.5s)
2026-06-24 16:56:30,838 - INFO - Test instance 0.6500, class 0.6500
Test instance 0.6500, class 0.6500
2026-06-24 16:56:30,838 - INFO - Best instance 0.6750, class 0.6750 (epoch 21)
Best instance 0.6750, class 0.6750 (epoch 21)
2026-06-24 16:56:30,866 - INFO - Epoch 28/200:
Epoch 28/200:
2026-06-24 16:56:33,650 - INFO - Train loss: 0.0191 (2.8s)
Train loss: 0.0191 (2.8s)
2026-06-24 16:56:33,909 - INFO - Test instance 0.6750, class 0.6750
Test instance 0.6750, class 0.6750
2026-06-24 16:56:33,909 - INFO - Best instance 0.6750, class 0.6750 (epoch 21)
Best instance 0.6750, class 0.6750 (epoch 21)
2026-06-24 16:56:33,934 - INFO - Epoch 29/200:
Epoch 29/200:
2026-06-24 16:56:36,708 - INFO - Train loss: 0.0203 (2.8s)
Train loss: 0.0203 (2.8s)
2026-06-24 16:56:36,979 - INFO - Test instance 0.5750, class 0.5750
Test instance 0.5750, class 0.5750
2026-06-24 16:56:36,979 - INFO - Best instance 0.6750, class 0.6750 (epoch 21)
Best instance 0.6750, class 0.6750 (epoch 21)
2026-06-24 16:56:37,005 - INFO - Epoch 30/200:
Epoch 30/200:
2026-06-24 16:56:39,782 - INFO - Train loss: 0.0225 (2.8s)
Train loss: 0.0225 (2.8s)
2026-06-24 16:56:40,049 - INFO - Test instance 0.5625, class 0.5625
Test instance 0.5625, class 0.5625
2026-06-24 16:56:40,049 - INFO - Best instance 0.6750, class 0.6750 (epoch 21)
Best instance 0.6750, class 0.6750 (epoch 21)
2026-06-24 16:56:40,074 - INFO - Epoch 31/200:
Epoch 31/200:
2026-06-24 16:56:42,856 - INFO - Train loss: 0.0225 (2.8s)
Train loss: 0.0225 (2.8s)
2026-06-24 16:56:43,119 - INFO - Test instance 0.6125, class 0.6125
Test instance 0.6125, class 0.6125
2026-06-24 16:56:43,119 - INFO - Best instance 0.6750, class 0.6750 (epoch 21)
Best instance 0.6750, class 0.6750 (epoch 21)
2026-06-24 16:56:43,144 - INFO - Epoch 32/200:
Epoch 32/200:
2026-06-24 16:56:45,900 - INFO - Train loss: 0.0213 (2.8s)
Train loss: 0.0213 (2.8s)
2026-06-24 16:56:46,155 - INFO - Test instance 0.7000, class 0.7000
Test instance 0.7000, class 0.7000
2026-06-24 16:56:46,176 - INFO - Best instance 0.7000, class 0.7000 (epoch 32)
Best instance 0.7000, class 0.7000 (epoch 32)
2026-06-24 16:56:46,201 - INFO - Epoch 33/200:
Epoch 33/200:
2026-06-24 16:56:48,957 - INFO - Train loss: 0.0237 (2.8s)
Train loss: 0.0237 (2.8s)
2026-06-24 16:56:49,222 - INFO - Test instance 0.6750, class 0.6750
Test instance 0.6750, class 0.6750
2026-06-24 16:56:49,222 - INFO - Best instance 0.7000, class 0.7000 (epoch 32)
Best instance 0.7000, class 0.7000 (epoch 32)
2026-06-24 16:56:49,247 - INFO - Epoch 34/200:
Epoch 34/200:
2026-06-24 16:56:52,030 - INFO - Train loss: 0.0232 (2.8s)
Train loss: 0.0232 (2.8s)
2026-06-24 16:56:52,368 - INFO - Test instance 0.6625, class 0.6625
Test instance 0.6625, class 0.6625
2026-06-24 16:56:52,368 - INFO - Best instance 0.7000, class 0.7000 (epoch 32)
Best instance 0.7000, class 0.7000 (epoch 32)
2026-06-24 16:56:52,402 - INFO - Epoch 35/200:
Epoch 35/200:
2026-06-24 16:56:55,880 - INFO - Train loss: 0.0191 (3.5s)
Train loss: 0.0191 (3.5s)
2026-06-24 16:56:56,143 - INFO - Test instance 0.6625, class 0.6625
Test instance 0.6625, class 0.6625
2026-06-24 16:56:56,143 - INFO - Best instance 0.7000, class 0.7000 (epoch 32)
Best instance 0.7000, class 0.7000 (epoch 32)
2026-06-24 16:56:56,169 - INFO - Epoch 36/200:
Epoch 36/200:
2026-06-24 16:56:58,962 - INFO - Train loss: 0.0213 (2.8s)
Train loss: 0.0213 (2.8s)
2026-06-24 16:56:59,293 - INFO - Test instance 0.6750, class 0.6750
Test instance 0.6750, class 0.6750
2026-06-24 16:56:59,294 - INFO - Best instance 0.7000, class 0.7000 (epoch 32)
Best instance 0.7000, class 0.7000 (epoch 32)
2026-06-24 16:56:59,321 - INFO - Epoch 37/200:
Epoch 37/200:
2026-06-24 16:57:02,152 - INFO - Train loss: 0.0242 (2.8s)
Train loss: 0.0242 (2.8s)
2026-06-24 16:57:02,500 - INFO - Test instance 0.6250, class 0.6250
Test instance 0.6250, class 0.6250
2026-06-24 16:57:02,501 - INFO - Best instance 0.7000, class 0.7000 (epoch 32)
Best instance 0.7000, class 0.7000 (epoch 32)
2026-06-24 16:57:02,528 - INFO - Epoch 38/200:
Epoch 38/200:
2026-06-24 16:57:05,306 - INFO - Train loss: 0.0197 (2.8s)
Train loss: 0.0197 (2.8s)
2026-06-24 16:57:05,587 - INFO - Test instance 0.5250, class 0.5250
Test instance 0.5250, class 0.5250
2026-06-24 16:57:05,587 - INFO - Best instance 0.7000, class 0.7000 (epoch 32)
Best instance 0.7000, class 0.7000 (epoch 32)
2026-06-24 16:57:05,621 - INFO - Epoch 39/200:
Epoch 39/200:
2026-06-24 16:57:08,348 - INFO - Train loss: 0.0207 (2.7s)
Train loss: 0.0207 (2.7s)
2026-06-24 16:57:08,609 - INFO - Test instance 0.6750, class 0.6750
Test instance 0.6750, class 0.6750
2026-06-24 16:57:08,610 - INFO - Best instance 0.7000, class 0.7000 (epoch 32)
Best instance 0.7000, class 0.7000 (epoch 32)
2026-06-24 16:57:08,635 - INFO - Epoch 40/200:
Epoch 40/200:
2026-06-24 16:57:11,403 - INFO - Train loss: 0.0186 (2.8s)
Train loss: 0.0186 (2.8s)
2026-06-24 16:57:11,671 - INFO - Test instance 0.6625, class 0.6625
Test instance 0.6625, class 0.6625
2026-06-24 16:57:11,671 - INFO - Best instance 0.7000, class 0.7000 (epoch 32)
Best instance 0.7000, class 0.7000 (epoch 32)
2026-06-24 16:57:11,696 - INFO - Epoch 41/200:
Epoch 41/200:
2026-06-24 16:57:14,465 - INFO - Train loss: 0.0178 (2.8s)
Train loss: 0.0178 (2.8s)
2026-06-24 16:57:14,721 - INFO - Test instance 0.7250, class 0.7250
Test instance 0.7250, class 0.7250
2026-06-24 16:57:14,744 - INFO - Best instance 0.7250, class 0.7250 (epoch 41)
Best instance 0.7250, class 0.7250 (epoch 41)
2026-06-24 16:57:14,768 - INFO - Epoch 42/200:
Epoch 42/200:
2026-06-24 16:57:17,535 - INFO - Train loss: 0.0178 (2.8s)
Train loss: 0.0178 (2.8s)
2026-06-24 16:57:17,810 - INFO - Test instance 0.6750, class 0.6750
Test instance 0.6750, class 0.6750
2026-06-24 16:57:17,810 - INFO - Best instance 0.7250, class 0.7250 (epoch 41)
Best instance 0.7250, class 0.7250 (epoch 41)
2026-06-24 16:57:17,835 - INFO - Epoch 43/200:
Epoch 43/200:
2026-06-24 16:57:20,609 - INFO - Train loss: 0.0183 (2.8s)
Train loss: 0.0183 (2.8s)
2026-06-24 16:57:20,874 - INFO - Test instance 0.6000, class 0.6000
Test instance 0.6000, class 0.6000
2026-06-24 16:57:20,874 - INFO - Best instance 0.7250, class 0.7250 (epoch 41)
Best instance 0.7250, class 0.7250 (epoch 41)
2026-06-24 16:57:20,900 - INFO - Epoch 44/200:
Epoch 44/200:
2026-06-24 16:57:23,669 - INFO - Train loss: 0.0199 (2.8s)
Train loss: 0.0199 (2.8s)
2026-06-24 16:57:23,935 - INFO - Test instance 0.6875, class 0.6875
Test instance 0.6875, class 0.6875
2026-06-24 16:57:23,935 - INFO - Best instance 0.7250, class 0.7250 (epoch 41)
Best instance 0.7250, class 0.7250 (epoch 41)
2026-06-24 16:57:23,960 - INFO - Epoch 45/200:
Epoch 45/200:
2026-06-24 16:57:27,476 - INFO - Train loss: 0.0190 (3.5s)
Train loss: 0.0190 (3.5s)
2026-06-24 16:57:27,814 - INFO - Test instance 0.6625, class 0.6625
Test instance 0.6625, class 0.6625
2026-06-24 16:57:27,814 - INFO - Best instance 0.7250, class 0.7250 (epoch 41)
Best instance 0.7250, class 0.7250 (epoch 41)
2026-06-24 16:57:27,843 - INFO - Epoch 46/200:
Epoch 46/200:
2026-06-24 16:57:30,597 - INFO - Train loss: 0.0153 (2.8s)
Train loss: 0.0153 (2.8s)
2026-06-24 16:57:30,865 - INFO - Test instance 0.7000, class 0.7000
Test instance 0.7000, class 0.7000
2026-06-24 16:57:30,865 - INFO - Best instance 0.7250, class 0.7250 (epoch 41)
Best instance 0.7250, class 0.7250 (epoch 41)
2026-06-24 16:57:30,893 - INFO - Epoch 47/200:
Epoch 47/200:
2026-06-24 16:57:33,666 - INFO - Train loss: 0.0183 (2.8s)
Train loss: 0.0183 (2.8s)
2026-06-24 16:57:33,934 - INFO - Test instance 0.6875, class 0.6875
Test instance 0.6875, class 0.6875
2026-06-24 16:57:33,934 - INFO - Best instance 0.7250, class 0.7250 (epoch 41)
Best instance 0.7250, class 0.7250 (epoch 41)
2026-06-24 16:57:33,970 - INFO - Epoch 48/200:
Epoch 48/200:
2026-06-24 16:57:36,724 - INFO - Train loss: 0.0223 (2.8s)
Train loss: 0.0223 (2.8s)
2026-06-24 16:57:36,982 - INFO - Test instance 0.6500, class 0.6500
Test instance 0.6500, class 0.6500
2026-06-24 16:57:36,982 - INFO - Best instance 0.7250, class 0.7250 (epoch 41)
Best instance 0.7250, class 0.7250 (epoch 41)
2026-06-24 16:57:37,007 - INFO - Epoch 49/200:
Epoch 49/200:
2026-06-24 16:57:39,763 - INFO - Train loss: 0.0181 (2.8s)
Train loss: 0.0181 (2.8s)
2026-06-24 16:57:40,033 - INFO - Test instance 0.6750, class 0.6750
Test instance 0.6750, class 0.6750
2026-06-24 16:57:40,033 - INFO - Best instance 0.7250, class 0.7250 (epoch 41)
Best instance 0.7250, class 0.7250 (epoch 41)
2026-06-24 16:57:40,059 - INFO - Epoch 50/200:
Epoch 50/200:
2026-06-24 16:57:42,842 - INFO - Train loss: 0.0174 (2.8s)
Train loss: 0.0174 (2.8s)
2026-06-24 16:57:43,110 - INFO - Test instance 0.7000, class 0.7000
Test instance 0.7000, class 0.7000
2026-06-24 16:57:43,110 - INFO - Best instance 0.7250, class 0.7250 (epoch 41)
Best instance 0.7250, class 0.7250 (epoch 41)
2026-06-24 16:57:43,135 - INFO - Epoch 51/200:
Epoch 51/200:
2026-06-24 16:57:45,914 - INFO - Train loss: 0.0177 (2.8s)
Train loss: 0.0177 (2.8s)
2026-06-24 16:57:46,175 - INFO - Test instance 0.6875, class 0.6875
Test instance 0.6875, class 0.6875
2026-06-24 16:57:46,175 - INFO - Best instance 0.7250, class 0.7250 (epoch 41)
Best instance 0.7250, class 0.7250 (epoch 41)
2026-06-24 16:57:46,211 - INFO - Epoch 52/200:
Epoch 52/200:
2026-06-24 16:57:48,986 - INFO - Train loss: 0.0176 (2.8s)
Train loss: 0.0176 (2.8s)
2026-06-24 16:57:49,260 - INFO - Test instance 0.6750, class 0.6750
Test instance 0.6750, class 0.6750
2026-06-24 16:57:49,260 - INFO - Best instance 0.7250, class 0.7250 (epoch 41)
Best instance 0.7250, class 0.7250 (epoch 41)
2026-06-24 16:57:49,287 - INFO - Epoch 53/200:
Epoch 53/200:
2026-06-24 16:57:52,044 - INFO - Train loss: 0.0176 (2.8s)
Train loss: 0.0176 (2.8s)
2026-06-24 16:57:52,313 - INFO - Test instance 0.6750, class 0.6750
Test instance 0.6750, class 0.6750
2026-06-24 16:57:52,313 - INFO - Best instance 0.7250, class 0.7250 (epoch 41)
Best instance 0.7250, class 0.7250 (epoch 41)
2026-06-24 16:57:52,339 - INFO - Epoch 54/200:
Epoch 54/200:
2026-06-24 16:57:55,123 - INFO - Train loss: 0.0177 (2.8s)
Train loss: 0.0177 (2.8s)
2026-06-24 16:57:55,387 - INFO - Test instance 0.6750, class 0.6750
Test instance 0.6750, class 0.6750
2026-06-24 16:57:55,387 - INFO - Best instance 0.7250, class 0.7250 (epoch 41)
Best instance 0.7250, class 0.7250 (epoch 41)
2026-06-24 16:57:55,412 - INFO - Epoch 55/200:
Epoch 55/200:
2026-06-24 16:57:58,197 - INFO - Train loss: 0.0171 (2.8s)
Train loss: 0.0171 (2.8s)
2026-06-24 16:57:58,468 - INFO - Test instance 0.7000, class 0.7000
Test instance 0.7000, class 0.7000
2026-06-24 16:57:58,469 - INFO - Best instance 0.7250, class 0.7250 (epoch 41)
Best instance 0.7250, class 0.7250 (epoch 41)
2026-06-24 16:57:58,494 - INFO - Epoch 56/200:
Epoch 56/200:
2026-06-24 16:58:01,282 - INFO - Train loss: 0.0176 (2.8s)
Train loss: 0.0176 (2.8s)
2026-06-24 16:58:01,556 - INFO - Test instance 0.6750, class 0.6750
Test instance 0.6750, class 0.6750
2026-06-24 16:58:01,556 - INFO - Best instance 0.7250, class 0.7250 (epoch 41)
Best instance 0.7250, class 0.7250 (epoch 41)
2026-06-24 16:58:01,583 - INFO - Epoch 57/200:
Epoch 57/200:
2026-06-24 16:58:05,094 - INFO - Train loss: 0.0166 (3.5s)
Train loss: 0.0166 (3.5s)
2026-06-24 16:58:05,430 - INFO - Test instance 0.6750, class 0.6750
Test instance 0.6750, class 0.6750
2026-06-24 16:58:05,431 - INFO - Best instance 0.7250, class 0.7250 (epoch 41)
Best instance 0.7250, class 0.7250 (epoch 41)
2026-06-24 16:58:05,465 - INFO - Epoch 58/200:
Epoch 58/200:
2026-06-24 16:58:08,248 - INFO - Train loss: 0.0190 (2.8s)
Train loss: 0.0190 (2.8s)
2026-06-24 16:58:08,516 - INFO - Test instance 0.6875, class 0.6875
Test instance 0.6875, class 0.6875
2026-06-24 16:58:08,516 - INFO - Best instance 0.7250, class 0.7250 (epoch 41)
Best instance 0.7250, class 0.7250 (epoch 41)
2026-06-24 16:58:08,542 - INFO - Epoch 59/200:
Epoch 59/200:
2026-06-24 16:58:12,025 - INFO - Train loss: 0.0182 (3.5s)
Train loss: 0.0182 (3.5s)
2026-06-24 16:58:12,347 - INFO - Test instance 0.7125, class 0.7125
Test instance 0.7125, class 0.7125
2026-06-24 16:58:12,347 - INFO - Best instance 0.7250, class 0.7250 (epoch 41)
Best instance 0.7250, class 0.7250 (epoch 41)
2026-06-24 16:58:12,406 - INFO - Epoch 60/200:
Epoch 60/200:
2026-06-24 16:58:15,171 - INFO - Train loss: 0.0179 (2.8s)
Train loss: 0.0179 (2.8s)
2026-06-24 16:58:15,433 - INFO - Test instance 0.7250, class 0.7250
Test instance 0.7250, class 0.7250
2026-06-24 16:58:15,433 - INFO - Best instance 0.7250, class 0.7250 (epoch 41)
Best instance 0.7250, class 0.7250 (epoch 41)
2026-06-24 16:58:15,458 - INFO - Epoch 61/200:
Epoch 61/200:
2026-06-24 16:58:18,253 - INFO - Train loss: 0.0171 (2.8s)
Train loss: 0.0171 (2.8s)
2026-06-24 16:58:18,512 - INFO - Test instance 0.7125, class 0.7125
Test instance 0.7125, class 0.7125
2026-06-24 16:58:18,512 - INFO - Best instance 0.7250, class 0.7250 (epoch 41)
Best instance 0.7250, class 0.7250 (epoch 41)
2026-06-24 16:58:18,538 - INFO - Epoch 62/200:
Epoch 62/200:
2026-06-24 16:58:21,305 - INFO - Train loss: 0.0154 (2.8s)
Train loss: 0.0154 (2.8s)
2026-06-24 16:58:21,561 - INFO - Test instance 0.6875, class 0.6875
Test instance 0.6875, class 0.6875
2026-06-24 16:58:21,561 - INFO - Best instance 0.7250, class 0.7250 (epoch 41)
Best instance 0.7250, class 0.7250 (epoch 41)
2026-06-24 16:58:21,586 - INFO - Epoch 63/200:
Epoch 63/200:
2026-06-24 16:58:24,392 - INFO - Train loss: 0.0184 (2.8s)
Train loss: 0.0184 (2.8s)
2026-06-24 16:58:24,661 - INFO - Test instance 0.7000, class 0.7000
Test instance 0.7000, class 0.7000
2026-06-24 16:58:24,662 - INFO - Best instance 0.7250, class 0.7250 (epoch 41)
Best instance 0.7250, class 0.7250 (epoch 41)
2026-06-24 16:58:24,687 - INFO - Epoch 64/200:
Epoch 64/200:
2026-06-24 16:58:27,479 - INFO - Train loss: 0.0167 (2.8s)
Train loss: 0.0167 (2.8s)
2026-06-24 16:58:27,745 - INFO - Test instance 0.7125, class 0.7125
Test instance 0.7125, class 0.7125
2026-06-24 16:58:27,745 - INFO - Best instance 0.7250, class 0.7250 (epoch 41)
Best instance 0.7250, class 0.7250 (epoch 41)
2026-06-24 16:58:27,771 - INFO - Epoch 65/200:
Epoch 65/200:
2026-06-24 16:58:30,538 - INFO - Train loss: 0.0165 (2.8s)
Train loss: 0.0165 (2.8s)
2026-06-24 16:58:30,797 - INFO - Test instance 0.6625, class 0.6625
Test instance 0.6625, class 0.6625
2026-06-24 16:58:30,797 - INFO - Best instance 0.7250, class 0.7250 (epoch 41)
Best instance 0.7250, class 0.7250 (epoch 41)
2026-06-24 16:58:30,823 - INFO - Epoch 66/200:
Epoch 66/200:
2026-06-24 16:58:33,587 - INFO - Train loss: 0.0167 (2.8s)
Train loss: 0.0167 (2.8s)
2026-06-24 16:58:33,918 - INFO - Test instance 0.7125, class 0.7125
Test instance 0.7125, class 0.7125
2026-06-24 16:58:33,918 - INFO - Best instance 0.7250, class 0.7250 (epoch 41)
Best instance 0.7250, class 0.7250 (epoch 41)
2026-06-24 16:58:33,946 - INFO - Epoch 67/200:
Epoch 67/200:
2026-06-24 16:58:36,703 - INFO - Train loss: 0.0140 (2.8s)
Train loss: 0.0140 (2.8s)
2026-06-24 16:58:36,974 - INFO - Test instance 0.6875, class 0.6875
Test instance 0.6875, class 0.6875
2026-06-24 16:58:36,974 - INFO - Best instance 0.7250, class 0.7250 (epoch 41)
Best instance 0.7250, class 0.7250 (epoch 41)
2026-06-24 16:58:37,000 - INFO - Epoch 68/200:
Epoch 68/200:
2026-06-24 16:58:39,790 - INFO - Train loss: 0.0164 (2.8s)
Train loss: 0.0164 (2.8s)
2026-06-24 16:58:40,057 - INFO - Test instance 0.7250, class 0.7250
Test instance 0.7250, class 0.7250
2026-06-24 16:58:40,057 - INFO - Best instance 0.7250, class 0.7250 (epoch 41)
Best instance 0.7250, class 0.7250 (epoch 41)
2026-06-24 16:58:40,083 - INFO - Epoch 69/200:
Epoch 69/200:
2026-06-24 16:58:42,870 - INFO - Train loss: 0.0182 (2.8s)
Train loss: 0.0182 (2.8s)
2026-06-24 16:58:43,132 - INFO - Test instance 0.7000, class 0.7000
Test instance 0.7000, class 0.7000
2026-06-24 16:58:43,132 - INFO - Best instance 0.7250, class 0.7250 (epoch 41)
Best instance 0.7250, class 0.7250 (epoch 41)
2026-06-24 16:58:43,157 - INFO - Epoch 70/200:
Epoch 70/200:
2026-06-24 16:58:45,927 - INFO - Train loss: 0.0149 (2.8s)
Train loss: 0.0149 (2.8s)
2026-06-24 16:58:46,201 - INFO - Test instance 0.7000, class 0.7000
Test instance 0.7000, class 0.7000
2026-06-24 16:58:46,201 - INFO - Best instance 0.7250, class 0.7250 (epoch 41)
Best instance 0.7250, class 0.7250 (epoch 41)
2026-06-24 16:58:46,226 - INFO - Epoch 71/200:
Epoch 71/200:
2026-06-24 16:58:49,022 - INFO - Train loss: 0.0153 (2.8s)
Train loss: 0.0153 (2.8s)
2026-06-24 16:58:49,294 - INFO - Test instance 0.7125, class 0.7125
Test instance 0.7125, class 0.7125
2026-06-24 16:58:49,294 - INFO - Best instance 0.7250, class 0.7250 (epoch 41)
Best instance 0.7250, class 0.7250 (epoch 41)
2026-06-24 16:58:49,319 - INFO - Epoch 72/200:
Epoch 72/200:
2026-06-24 16:58:52,102 - INFO - Train loss: 0.0165 (2.8s)
Train loss: 0.0165 (2.8s)
2026-06-24 16:58:52,369 - INFO - Test instance 0.6875, class 0.6875
Test instance 0.6875, class 0.6875
2026-06-24 16:58:52,369 - INFO - Best instance 0.7250, class 0.7250 (epoch 41)
Best instance 0.7250, class 0.7250 (epoch 41)
2026-06-24 16:58:52,401 - INFO - Epoch 73/200:
Epoch 73/200:
2026-06-24 16:58:55,200 - INFO - Train loss: 0.0172 (2.8s)
Train loss: 0.0172 (2.8s)
2026-06-24 16:58:55,454 - INFO - Test instance 0.6875, class 0.6875
Test instance 0.6875, class 0.6875
2026-06-24 16:58:55,454 - INFO - Best instance 0.7250, class 0.7250 (epoch 41)
Best instance 0.7250, class 0.7250 (epoch 41)
2026-06-24 16:58:55,480 - INFO - Epoch 74/200:
Epoch 74/200:
2026-06-24 16:58:58,300 - INFO - Train loss: 0.0140 (2.8s)
Train loss: 0.0140 (2.8s)
2026-06-24 16:58:58,569 - INFO - Test instance 0.7250, class 0.7250
Test instance 0.7250, class 0.7250
2026-06-24 16:58:58,569 - INFO - Best instance 0.7250, class 0.7250 (epoch 41)
Best instance 0.7250, class 0.7250 (epoch 41)
2026-06-24 16:58:58,594 - INFO - Epoch 75/200:
Epoch 75/200:
2026-06-24 16:59:01,446 - INFO - Train loss: 0.0180 (2.9s)
Train loss: 0.0180 (2.9s)
2026-06-24 16:59:01,728 - INFO - Test instance 0.6875, class 0.6875
Test instance 0.6875, class 0.6875
2026-06-24 16:59:01,728 - INFO - Best instance 0.7250, class 0.7250 (epoch 41)
Best instance 0.7250, class 0.7250 (epoch 41)
2026-06-24 16:59:01,762 - INFO - Epoch 76/200:
Epoch 76/200:
2026-06-24 16:59:04,541 - INFO - Train loss: 0.0163 (2.8s)
Train loss: 0.0163 (2.8s)
2026-06-24 16:59:04,797 - INFO - Test instance 0.7000, class 0.7000
Test instance 0.7000, class 0.7000
2026-06-24 16:59:04,797 - INFO - Best instance 0.7250, class 0.7250 (epoch 41)
Best instance 0.7250, class 0.7250 (epoch 41)
2026-06-24 16:59:04,823 - INFO - Epoch 77/200:
Epoch 77/200:
2026-06-24 16:59:07,576 - INFO - Train loss: 0.0147 (2.8s)
Train loss: 0.0147 (2.8s)
2026-06-24 16:59:07,851 - INFO - Test instance 0.6750, class 0.6750
Test instance 0.6750, class 0.6750
2026-06-24 16:59:07,851 - INFO - Best instance 0.7250, class 0.7250 (epoch 41)
Best instance 0.7250, class 0.7250 (epoch 41)
2026-06-24 16:59:07,877 - INFO - Epoch 78/200:
Epoch 78/200:
2026-06-24 16:59:10,672 - INFO - Train loss: 0.0178 (2.8s)
Train loss: 0.0178 (2.8s)
2026-06-24 16:59:10,933 - INFO - Test instance 0.6875, class 0.6875
Test instance 0.6875, class 0.6875
2026-06-24 16:59:10,933 - INFO - Best instance 0.7250, class 0.7250 (epoch 41)
Best instance 0.7250, class 0.7250 (epoch 41)
2026-06-24 16:59:10,958 - INFO - Epoch 79/200:
Epoch 79/200:
2026-06-24 16:59:13,730 - INFO - Train loss: 0.0170 (2.8s)
Train loss: 0.0170 (2.8s)
2026-06-24 16:59:13,993 - INFO - Test instance 0.7125, class 0.7125
Test instance 0.7125, class 0.7125
2026-06-24 16:59:13,993 - INFO - Best instance 0.7250, class 0.7250 (epoch 41)
Best instance 0.7250, class 0.7250 (epoch 41)
2026-06-24 16:59:14,021 - INFO - Epoch 80/200:
Epoch 80/200:
2026-06-24 16:59:16,788 - INFO - Train loss: 0.0160 (2.8s)
Train loss: 0.0160 (2.8s)
2026-06-24 16:59:17,056 - INFO - Test instance 0.6625, class 0.6625
Test instance 0.6625, class 0.6625
2026-06-24 16:59:17,057 - INFO - Best instance 0.7250, class 0.7250 (epoch 41)
Best instance 0.7250, class 0.7250 (epoch 41)
2026-06-24 16:59:17,082 - INFO - Epoch 81/200:
Epoch 81/200:
2026-06-24 16:59:19,856 - INFO - Train loss: 0.0152 (2.8s)
Train loss: 0.0152 (2.8s)
2026-06-24 16:59:20,121 - INFO - Test instance 0.7500, class 0.7500
Test instance 0.7500, class 0.7500
2026-06-24 16:59:20,143 - INFO - Best instance 0.7500, class 0.7500 (epoch 81)
Best instance 0.7500, class 0.7500 (epoch 81)
2026-06-24 16:59:20,166 - INFO - Epoch 82/200:
Epoch 82/200:
2026-06-24 16:59:23,651 - INFO - Train loss: 0.0161 (3.5s)
Train loss: 0.0161 (3.5s)
2026-06-24 16:59:23,984 - INFO - Test instance 0.7125, class 0.7125
Test instance 0.7125, class 0.7125
2026-06-24 16:59:23,984 - INFO - Best instance 0.7500, class 0.7500 (epoch 81)
Best instance 0.7500, class 0.7500 (epoch 81)
2026-06-24 16:59:24,012 - INFO - Epoch 83/200:
Epoch 83/200:
2026-06-24 16:59:26,784 - INFO - Train loss: 0.0142 (2.8s)
Train loss: 0.0142 (2.8s)
2026-06-24 16:59:27,052 - INFO - Test instance 0.7000, class 0.7000
Test instance 0.7000, class 0.7000
2026-06-24 16:59:27,052 - INFO - Best instance 0.7500, class 0.7500 (epoch 81)
Best instance 0.7500, class 0.7500 (epoch 81)
2026-06-24 16:59:27,078 - INFO - Epoch 84/200:
Epoch 84/200:
2026-06-24 16:59:29,868 - INFO - Train loss: 0.0161 (2.8s)
Train loss: 0.0161 (2.8s)
2026-06-24 16:59:30,135 - INFO - Test instance 0.7000, class 0.7000
Test instance 0.7000, class 0.7000
2026-06-24 16:59:30,135 - INFO - Best instance 0.7500, class 0.7500 (epoch 81)
Best instance 0.7500, class 0.7500 (epoch 81)
2026-06-24 16:59:30,161 - INFO - Epoch 85/200:
Epoch 85/200:
2026-06-24 16:59:32,929 - INFO - Train loss: 0.0166 (2.8s)
Train loss: 0.0166 (2.8s)
2026-06-24 16:59:33,196 - INFO - Test instance 0.7125, class 0.7125
Test instance 0.7125, class 0.7125
2026-06-24 16:59:33,196 - INFO - Best instance 0.7500, class 0.7500 (epoch 81)
Best instance 0.7500, class 0.7500 (epoch 81)
2026-06-24 16:59:33,221 - INFO - Epoch 86/200:
Epoch 86/200:
2026-06-24 16:59:36,007 - INFO - Train loss: 0.0157 (2.8s)
Train loss: 0.0157 (2.8s)
2026-06-24 16:59:36,278 - INFO - Test instance 0.7000, class 0.7000
Test instance 0.7000, class 0.7000
2026-06-24 16:59:36,279 - INFO - Best instance 0.7500, class 0.7500 (epoch 81)
Best instance 0.7500, class 0.7500 (epoch 81)
2026-06-24 16:59:36,305 - INFO - Epoch 87/200:
Epoch 87/200:
2026-06-24 16:59:39,773 - INFO - Train loss: 0.0132 (3.5s)
Train loss: 0.0132 (3.5s)
2026-06-24 16:59:40,129 - INFO - Test instance 0.6750, class 0.6750
Test instance 0.6750, class 0.6750
2026-06-24 16:59:40,129 - INFO - Best instance 0.7500, class 0.7500 (epoch 81)
Best instance 0.7500, class 0.7500 (epoch 81)
2026-06-24 16:59:40,156 - INFO - Epoch 88/200:
Epoch 88/200:
2026-06-24 16:59:43,651 - INFO - Train loss: 0.0181 (3.5s)
Train loss: 0.0181 (3.5s)
2026-06-24 16:59:43,986 - INFO - Test instance 0.7250, class 0.7250
Test instance 0.7250, class 0.7250
2026-06-24 16:59:43,987 - INFO - Best instance 0.7500, class 0.7500 (epoch 81)
Best instance 0.7500, class 0.7500 (epoch 81)
2026-06-24 16:59:44,013 - INFO - Epoch 89/200:
Epoch 89/200:
2026-06-24 16:59:47,526 - INFO - Train loss: 0.0171 (3.5s)
Train loss: 0.0171 (3.5s)
2026-06-24 16:59:47,864 - INFO - Test instance 0.7250, class 0.7250
Test instance 0.7250, class 0.7250
2026-06-24 16:59:47,865 - INFO - Best instance 0.7500, class 0.7500 (epoch 81)
Best instance 0.7500, class 0.7500 (epoch 81)
2026-06-24 16:59:47,899 - INFO - Epoch 90/200:
Epoch 90/200:
2026-06-24 16:59:50,695 - INFO - Train loss: 0.0167 (2.8s)
Train loss: 0.0167 (2.8s)
2026-06-24 16:59:50,960 - INFO - Test instance 0.7125, class 0.7125
Test instance 0.7125, class 0.7125
2026-06-24 16:59:50,961 - INFO - Best instance 0.7500, class 0.7500 (epoch 81)
Best instance 0.7500, class 0.7500 (epoch 81)
2026-06-24 16:59:50,985 - INFO - Epoch 91/200:
Epoch 91/200:
2026-06-24 16:59:54,467 - INFO - Train loss: 0.0177 (3.5s)
Train loss: 0.0177 (3.5s)
2026-06-24 16:59:54,736 - INFO - Test instance 0.7000, class 0.7000
Test instance 0.7000, class 0.7000
2026-06-24 16:59:54,736 - INFO - Best instance 0.7500, class 0.7500 (epoch 81)
Best instance 0.7500, class 0.7500 (epoch 81)
2026-06-24 16:59:54,762 - INFO - Epoch 92/200:
Epoch 92/200:
2026-06-24 16:59:57,545 - INFO - Train loss: 0.0167 (2.8s)
Train loss: 0.0167 (2.8s)
2026-06-24 16:59:57,803 - INFO - Test instance 0.7000, class 0.7000
Test instance 0.7000, class 0.7000
2026-06-24 16:59:57,803 - INFO - Best instance 0.7500, class 0.7500 (epoch 81)
Best instance 0.7500, class 0.7500 (epoch 81)
2026-06-24 16:59:57,829 - INFO - Epoch 93/200:
Epoch 93/200:
2026-06-24 17:00:00,619 - INFO - Train loss: 0.0171 (2.8s)
Train loss: 0.0171 (2.8s)
2026-06-24 17:00:00,954 - INFO - Test instance 0.7000, class 0.7000
Test instance 0.7000, class 0.7000
2026-06-24 17:00:00,954 - INFO - Best instance 0.7500, class 0.7500 (epoch 81)
Best instance 0.7500, class 0.7500 (epoch 81)
2026-06-24 17:00:00,982 - INFO - Epoch 94/200:
Epoch 94/200:
2026-06-24 17:00:03,825 - INFO - Train loss: 0.0156 (2.8s)
Train loss: 0.0156 (2.8s)
2026-06-24 17:00:04,097 - INFO - Test instance 0.7000, class 0.7000
Test instance 0.7000, class 0.7000
2026-06-24 17:00:04,097 - INFO - Best instance 0.7500, class 0.7500 (epoch 81)
Best instance 0.7500, class 0.7500 (epoch 81)
2026-06-24 17:00:04,123 - INFO - Epoch 95/200:
Epoch 95/200:
2026-06-24 17:00:06,885 - INFO - Train loss: 0.0153 (2.8s)
Train loss: 0.0153 (2.8s)
2026-06-24 17:00:07,145 - INFO - Test instance 0.7000, class 0.7000
Test instance 0.7000, class 0.7000
2026-06-24 17:00:07,145 - INFO - Best instance 0.7500, class 0.7500 (epoch 81)
Best instance 0.7500, class 0.7500 (epoch 81)
2026-06-24 17:00:07,171 - INFO - Epoch 96/200:
Epoch 96/200:
2026-06-24 17:00:09,964 - INFO - Train loss: 0.0129 (2.8s)
Train loss: 0.0129 (2.8s)
2026-06-24 17:00:10,233 - INFO - Test instance 0.6875, class 0.6875
Test instance 0.6875, class 0.6875
2026-06-24 17:00:10,234 - INFO - Best instance 0.7500, class 0.7500 (epoch 81)
Best instance 0.7500, class 0.7500 (epoch 81)
2026-06-24 17:00:10,259 - INFO - Epoch 97/200:
Epoch 97/200:
2026-06-24 17:00:13,748 - INFO - Train loss: 0.0166 (3.5s)
Train loss: 0.0166 (3.5s)
2026-06-24 17:00:14,020 - INFO - Test instance 0.7250, class 0.7250
Test instance 0.7250, class 0.7250
2026-06-24 17:00:14,020 - INFO - Best instance 0.7500, class 0.7500 (epoch 81)
Best instance 0.7500, class 0.7500 (epoch 81)
2026-06-24 17:00:14,056 - INFO - Epoch 98/200:
Epoch 98/200:
2026-06-24 17:00:17,547 - INFO - Train loss: 0.0119 (3.5s)
Train loss: 0.0119 (3.5s)
2026-06-24 17:00:17,891 - INFO - Test instance 0.7125, class 0.7125
Test instance 0.7125, class 0.7125
2026-06-24 17:00:17,892 - INFO - Best instance 0.7500, class 0.7500 (epoch 81)
Best instance 0.7500, class 0.7500 (epoch 81)
2026-06-24 17:00:17,919 - INFO - Epoch 99/200:
Epoch 99/200:
2026-06-24 17:00:20,699 - INFO - Train loss: 0.0158 (2.8s)
Train loss: 0.0158 (2.8s)
2026-06-24 17:00:20,963 - INFO - Test instance 0.7125, class 0.7125
Test instance 0.7125, class 0.7125
2026-06-24 17:00:20,963 - INFO - Best instance 0.7500, class 0.7500 (epoch 81)
Best instance 0.7500, class 0.7500 (epoch 81)
2026-06-24 17:00:20,988 - INFO - Epoch 100/200:
Epoch 100/200:
2026-06-24 17:00:23,774 - INFO - Train loss: 0.0140 (2.8s)
Train loss: 0.0140 (2.8s)
2026-06-24 17:00:24,042 - INFO - Test instance 0.7000, class 0.7000
Test instance 0.7000, class 0.7000
2026-06-24 17:00:24,043 - INFO - Best instance 0.7500, class 0.7500 (epoch 81)
Best instance 0.7500, class 0.7500 (epoch 81)
2026-06-24 17:00:24,068 - INFO - Epoch 101/200:
Epoch 101/200:
2026-06-24 17:00:26,834 - INFO - Train loss: 0.0156 (2.8s)
Train loss: 0.0156 (2.8s)
2026-06-24 17:00:27,099 - INFO - Test instance 0.7250, class 0.7250
Test instance 0.7250, class 0.7250
2026-06-24 17:00:27,099 - INFO - Best instance 0.7500, class 0.7500 (epoch 81)
Best instance 0.7500, class 0.7500 (epoch 81)
2026-06-24 17:00:27,124 - INFO - Epoch 102/200:
Epoch 102/200:
2026-06-24 17:00:29,896 - INFO - Train loss: 0.0153 (2.8s)
Train loss: 0.0153 (2.8s)
2026-06-24 17:00:30,163 - INFO - Test instance 0.7250, class 0.7250
Test instance 0.7250, class 0.7250
2026-06-24 17:00:30,164 - INFO - Best instance 0.7500, class 0.7500 (epoch 81)
Best instance 0.7500, class 0.7500 (epoch 81)
2026-06-24 17:00:30,189 - INFO - Epoch 103/200:
Epoch 103/200:
2026-06-24 17:00:32,971 - INFO - Train loss: 0.0146 (2.8s)
Train loss: 0.0146 (2.8s)
2026-06-24 17:00:33,239 - INFO - Test instance 0.7125, class 0.7125
Test instance 0.7125, class 0.7125
2026-06-24 17:00:33,240 - INFO - Best instance 0.7500, class 0.7500 (epoch 81)
Best instance 0.7500, class 0.7500 (epoch 81)
2026-06-24 17:00:33,265 - INFO - Epoch 104/200:
Epoch 104/200:
2026-06-24 17:00:36,042 - INFO - Train loss: 0.0146 (2.8s)
Train loss: 0.0146 (2.8s)
2026-06-24 17:00:36,308 - INFO - Test instance 0.6875, class 0.6875
Test instance 0.6875, class 0.6875
2026-06-24 17:00:36,308 - INFO - Best instance 0.7500, class 0.7500 (epoch 81)
Best instance 0.7500, class 0.7500 (epoch 81)
2026-06-24 17:00:36,336 - INFO - Epoch 105/200:
Epoch 105/200:
2026-06-24 17:00:39,114 - INFO - Train loss: 0.0151 (2.8s)
Train loss: 0.0151 (2.8s)
2026-06-24 17:00:39,383 - INFO - Test instance 0.7125, class 0.7125
Test instance 0.7125, class 0.7125
2026-06-24 17:00:39,383 - INFO - Best instance 0.7500, class 0.7500 (epoch 81)
Best instance 0.7500, class 0.7500 (epoch 81)
2026-06-24 17:00:39,409 - INFO - Epoch 106/200:
Epoch 106/200:
2026-06-24 17:00:42,193 - INFO - Train loss: 0.0189 (2.8s)
Train loss: 0.0189 (2.8s)
2026-06-24 17:00:42,454 - INFO - Test instance 0.7250, class 0.7250
Test instance 0.7250, class 0.7250
2026-06-24 17:00:42,454 - INFO - Best instance 0.7500, class 0.7500 (epoch 81)
Best instance 0.7500, class 0.7500 (epoch 81)
2026-06-24 17:00:42,479 - INFO - Epoch 107/200:
Epoch 107/200:
2026-06-24 17:00:45,256 - INFO - Train loss: 0.0168 (2.8s)
Train loss: 0.0168 (2.8s)
2026-06-24 17:00:45,528 - INFO - Test instance 0.7000, class 0.7000
Test instance 0.7000, class 0.7000
2026-06-24 17:00:45,528 - INFO - Best instance 0.7500, class 0.7500 (epoch 81)
Best instance 0.7500, class 0.7500 (epoch 81)
2026-06-24 17:00:45,556 - INFO - Epoch 108/200:
Epoch 108/200:
2026-06-24 17:00:48,329 - INFO - Train loss: 0.0159 (2.8s)
Train loss: 0.0159 (2.8s)
2026-06-24 17:00:48,601 - INFO - Test instance 0.6625, class 0.6625
Test instance 0.6625, class 0.6625
2026-06-24 17:00:48,602 - INFO - Best instance 0.7500, class 0.7500 (epoch 81)
Best instance 0.7500, class 0.7500 (epoch 81)
2026-06-24 17:00:48,631 - INFO - Epoch 109/200:
Epoch 109/200:
2026-06-24 17:00:51,418 - INFO - Train loss: 0.0150 (2.8s)
Train loss: 0.0150 (2.8s)
2026-06-24 17:00:51,685 - INFO - Test instance 0.7125, class 0.7125
Test instance 0.7125, class 0.7125
2026-06-24 17:00:51,686 - INFO - Best instance 0.7500, class 0.7500 (epoch 81)
Best instance 0.7500, class 0.7500 (epoch 81)
2026-06-24 17:00:51,712 - INFO - Epoch 110/200:
Epoch 110/200:
2026-06-24 17:00:54,486 - INFO - Train loss: 0.0150 (2.8s)
Train loss: 0.0150 (2.8s)
2026-06-24 17:00:54,760 - INFO - Test instance 0.7125, class 0.7125
Test instance 0.7125, class 0.7125
2026-06-24 17:00:54,760 - INFO - Best instance 0.7500, class 0.7500 (epoch 81)
Best instance 0.7500, class 0.7500 (epoch 81)
2026-06-24 17:00:54,787 - INFO - Epoch 111/200:
Epoch 111/200:
2026-06-24 17:00:57,547 - INFO - Train loss: 0.0119 (2.8s)
Train loss: 0.0119 (2.8s)
2026-06-24 17:00:57,892 - INFO - Test instance 0.7000, class 0.7000
Test instance 0.7000, class 0.7000
2026-06-24 17:00:57,892 - INFO - Best instance 0.7500, class 0.7500 (epoch 81)
Best instance 0.7500, class 0.7500 (epoch 81)
2026-06-24 17:00:57,920 - INFO - Epoch 112/200:
Epoch 112/200:
2026-06-24 17:01:00,716 - INFO - Train loss: 0.0170 (2.8s)
Train loss: 0.0170 (2.8s)
2026-06-24 17:01:00,975 - INFO - Test instance 0.7000, class 0.7000
Test instance 0.7000, class 0.7000
2026-06-24 17:01:00,975 - INFO - Best instance 0.7500, class 0.7500 (epoch 81)
Best instance 0.7500, class 0.7500 (epoch 81)
2026-06-24 17:01:01,001 - INFO - Epoch 113/200:
Epoch 113/200:
2026-06-24 17:01:04,564 - INFO - Train loss: 0.0151 (3.6s)
Train loss: 0.0151 (3.6s)
2026-06-24 17:01:04,837 - INFO - Test instance 0.7000, class 0.7000
Test instance 0.7000, class 0.7000
2026-06-24 17:01:04,837 - INFO - Best instance 0.7500, class 0.7500 (epoch 81)
Best instance 0.7500, class 0.7500 (epoch 81)
2026-06-24 17:01:04,865 - INFO - Epoch 114/200:
Epoch 114/200:
2026-06-24 17:01:07,654 - INFO - Train loss: 0.0148 (2.8s)
Train loss: 0.0148 (2.8s)
2026-06-24 17:01:07,915 - INFO - Test instance 0.7000, class 0.7000
Test instance 0.7000, class 0.7000
2026-06-24 17:01:07,915 - INFO - Best instance 0.7500, class 0.7500 (epoch 81)
Best instance 0.7500, class 0.7500 (epoch 81)
2026-06-24 17:01:07,940 - INFO - Epoch 115/200:
Epoch 115/200:
2026-06-24 17:01:10,707 - INFO - Train loss: 0.0163 (2.8s)
Train loss: 0.0163 (2.8s)
2026-06-24 17:01:10,973 - INFO - Test instance 0.7125, class 0.7125
Test instance 0.7125, class 0.7125
2026-06-24 17:01:10,973 - INFO - Best instance 0.7500, class 0.7500 (epoch 81)
Best instance 0.7500, class 0.7500 (epoch 81)
2026-06-24 17:01:11,000 - INFO - Epoch 116/200:
Epoch 116/200:
2026-06-24 17:01:13,760 - INFO - Train loss: 0.0164 (2.8s)
Train loss: 0.0164 (2.8s)
2026-06-24 17:01:14,022 - INFO - Test instance 0.7000, class 0.7000
Test instance 0.7000, class 0.7000
2026-06-24 17:01:14,023 - INFO - Best instance 0.7500, class 0.7500 (epoch 81)
Best instance 0.7500, class 0.7500 (epoch 81)
2026-06-24 17:01:14,048 - INFO - Epoch 117/200:
Epoch 117/200:
2026-06-24 17:01:16,821 - INFO - Train loss: 0.0144 (2.8s)
Train loss: 0.0144 (2.8s)
2026-06-24 17:01:17,088 - INFO - Test instance 0.6875, class 0.6875
Test instance 0.6875, class 0.6875
2026-06-24 17:01:17,088 - INFO - Best instance 0.7500, class 0.7500 (epoch 81)
Best instance 0.7500, class 0.7500 (epoch 81)
2026-06-24 17:01:17,116 - INFO - Epoch 118/200:
Epoch 118/200:
2026-06-24 17:01:19,895 - INFO - Train loss: 0.0132 (2.8s)
Train loss: 0.0132 (2.8s)
2026-06-24 17:01:20,167 - INFO - Test instance 0.7125, class 0.7125
Test instance 0.7125, class 0.7125
2026-06-24 17:01:20,167 - INFO - Best instance 0.7500, class 0.7500 (epoch 81)
Best instance 0.7500, class 0.7500 (epoch 81)
2026-06-24 17:01:20,195 - INFO - Epoch 119/200:
Epoch 119/200:
2026-06-24 17:01:22,993 - INFO - Train loss: 0.0132 (2.8s)
Train loss: 0.0132 (2.8s)
2026-06-24 17:01:23,262 - INFO - Test instance 0.7250, class 0.7250
Test instance 0.7250, class 0.7250
2026-06-24 17:01:23,262 - INFO - Best instance 0.7500, class 0.7500 (epoch 81)
Best instance 0.7500, class 0.7500 (epoch 81)
2026-06-24 17:01:23,287 - INFO - Epoch 120/200:
Epoch 120/200:
2026-06-24 17:01:26,102 - INFO - Train loss: 0.0144 (2.8s)
Train loss: 0.0144 (2.8s)
2026-06-24 17:01:26,363 - INFO - Test instance 0.7250, class 0.7250
Test instance 0.7250, class 0.7250
2026-06-24 17:01:26,364 - INFO - Best instance 0.7500, class 0.7500 (epoch 81)
Best instance 0.7500, class 0.7500 (epoch 81)
2026-06-24 17:01:26,389 - INFO - Epoch 121/200:
Epoch 121/200:
2026-06-24 17:01:29,202 - INFO - Train loss: 0.0153 (2.8s)
Train loss: 0.0153 (2.8s)
2026-06-24 17:01:29,466 - INFO - Test instance 0.7125, class 0.7125
Test instance 0.7125, class 0.7125
2026-06-24 17:01:29,466 - INFO - Best instance 0.7500, class 0.7500 (epoch 81)
Best instance 0.7500, class 0.7500 (epoch 81)
2026-06-24 17:01:29,496 - INFO - Epoch 122/200:
Epoch 122/200:
2026-06-24 17:01:32,989 - INFO - Train loss: 0.0143 (3.5s)
Train loss: 0.0143 (3.5s)
2026-06-24 17:01:33,256 - INFO - Test instance 0.6875, class 0.6875
Test instance 0.6875, class 0.6875
2026-06-24 17:01:33,257 - INFO - Best instance 0.7500, class 0.7500 (epoch 81)
Best instance 0.7500, class 0.7500 (epoch 81)
2026-06-24 17:01:33,282 - INFO - Epoch 123/200:
Epoch 123/200:
2026-06-24 17:01:36,150 - INFO - Train loss: 0.0121 (2.9s)
Train loss: 0.0121 (2.9s)
2026-06-24 17:01:36,420 - INFO - Test instance 0.7125, class 0.7125
Test instance 0.7125, class 0.7125
2026-06-24 17:01:36,420 - INFO - Best instance 0.7500, class 0.7500 (epoch 81)
Best instance 0.7500, class 0.7500 (epoch 81)
2026-06-24 17:01:36,446 - INFO - Epoch 124/200:
Epoch 124/200:
2026-06-24 17:01:39,314 - INFO - Train loss: 0.0129 (2.9s)
Train loss: 0.0129 (2.9s)
2026-06-24 17:01:39,591 - INFO - Test instance 0.7375, class 0.7375
Test instance 0.7375, class 0.7375
2026-06-24 17:01:39,591 - INFO - Best instance 0.7500, class 0.7500 (epoch 81)
Best instance 0.7500, class 0.7500 (epoch 81)
2026-06-24 17:01:39,618 - INFO - Epoch 125/200:
Epoch 125/200:
2026-06-24 17:01:42,490 - INFO - Train loss: 0.0160 (2.9s)
Train loss: 0.0160 (2.9s)
2026-06-24 17:01:42,762 - INFO - Test instance 0.6875, class 0.6875
Test instance 0.6875, class 0.6875
2026-06-24 17:01:42,763 - INFO - Best instance 0.7500, class 0.7500 (epoch 81)
Best instance 0.7500, class 0.7500 (epoch 81)
2026-06-24 17:01:42,791 - INFO - Epoch 126/200:
Epoch 126/200:
2026-06-24 17:01:45,681 - INFO - Train loss: 0.0161 (2.9s)
Train loss: 0.0161 (2.9s)
2026-06-24 17:01:45,961 - INFO - Test instance 0.7250, class 0.7250
Test instance 0.7250, class 0.7250
2026-06-24 17:01:45,961 - INFO - Best instance 0.7500, class 0.7500 (epoch 81)
Best instance 0.7500, class 0.7500 (epoch 81)
2026-06-24 17:01:45,986 - INFO - Epoch 127/200:
Epoch 127/200:
2026-06-24 17:01:48,849 - INFO - Train loss: 0.0152 (2.9s)
Train loss: 0.0152 (2.9s)
2026-06-24 17:01:49,199 - INFO - Test instance 0.7000, class 0.7000
Test instance 0.7000, class 0.7000
2026-06-24 17:01:49,200 - INFO - Best instance 0.7500, class 0.7500 (epoch 81)
Best instance 0.7500, class 0.7500 (epoch 81)
2026-06-24 17:01:49,227 - INFO - Epoch 128/200:
Epoch 128/200:
2026-06-24 17:01:52,130 - INFO - Train loss: 0.0132 (2.9s)
Train loss: 0.0132 (2.9s)
2026-06-24 17:01:52,479 - INFO - Test instance 0.7000, class 0.7000
Test instance 0.7000, class 0.7000
2026-06-24 17:01:52,479 - INFO - Best instance 0.7500, class 0.7500 (epoch 81)
Best instance 0.7500, class 0.7500 (epoch 81)
2026-06-24 17:01:52,508 - INFO - Epoch 129/200:
Epoch 129/200:
2026-06-24 17:01:55,386 - INFO - Train loss: 0.0148 (2.9s)
Train loss: 0.0148 (2.9s)
2026-06-24 17:01:55,650 - INFO - Test instance 0.7125, class 0.7125
Test instance 0.7125, class 0.7125
2026-06-24 17:01:55,650 - INFO - Best instance 0.7500, class 0.7500 (epoch 81)
Best instance 0.7500, class 0.7500 (epoch 81)
2026-06-24 17:01:55,678 - INFO - Epoch 130/200:
Epoch 130/200:
2026-06-24 17:01:58,503 - INFO - Train loss: 0.0180 (2.8s)
Train loss: 0.0180 (2.8s)
2026-06-24 17:01:58,776 - INFO - Test instance 0.7375, class 0.7375
Test instance 0.7375, class 0.7375
2026-06-24 17:01:58,776 - INFO - Best instance 0.7500, class 0.7500 (epoch 81)
Best instance 0.7500, class 0.7500 (epoch 81)
2026-06-24 17:01:58,802 - INFO - Epoch 131/200:
Epoch 131/200:
2026-06-24 17:02:01,588 - INFO - Train loss: 0.0131 (2.8s)
Train loss: 0.0131 (2.8s)
2026-06-24 17:02:01,953 - INFO - Test instance 0.7375, class 0.7375
Test instance 0.7375, class 0.7375
2026-06-24 17:02:01,954 - INFO - Best instance 0.7500, class 0.7500 (epoch 81)
Best instance 0.7500, class 0.7500 (epoch 81)
2026-06-24 17:02:01,984 - INFO - Epoch 132/200:
Epoch 132/200:
2026-06-24 17:02:05,426 - INFO - Train loss: 0.0150 (3.4s)
Train loss: 0.0150 (3.4s)
2026-06-24 17:02:05,694 - INFO - Test instance 0.6875, class 0.6875
Test instance 0.6875, class 0.6875
2026-06-24 17:02:05,694 - INFO - Best instance 0.7500, class 0.7500 (epoch 81)
Best instance 0.7500, class 0.7500 (epoch 81)
2026-06-24 17:02:05,718 - INFO - Epoch 133/200:
Epoch 133/200:
2026-06-24 17:02:08,509 - INFO - Train loss: 0.0132 (2.8s)
Train loss: 0.0132 (2.8s)
2026-06-24 17:02:08,779 - INFO - Test instance 0.6875, class 0.6875
Test instance 0.6875, class 0.6875
2026-06-24 17:02:08,779 - INFO - Best instance 0.7500, class 0.7500 (epoch 81)
Best instance 0.7500, class 0.7500 (epoch 81)
2026-06-24 17:02:08,804 - INFO - Epoch 134/200:
Epoch 134/200:
2026-06-24 17:02:11,602 - INFO - Train loss: 0.0166 (2.8s)
Train loss: 0.0166 (2.8s)
2026-06-24 17:02:11,870 - INFO - Test instance 0.7000, class 0.7000
Test instance 0.7000, class 0.7000
2026-06-24 17:02:11,870 - INFO - Best instance 0.7500, class 0.7500 (epoch 81)
Best instance 0.7500, class 0.7500 (epoch 81)
2026-06-24 17:02:11,899 - INFO - Epoch 135/200:
Epoch 135/200:
2026-06-24 17:02:15,376 - INFO - Train loss: 0.0148 (3.5s)
Train loss: 0.0148 (3.5s)
2026-06-24 17:02:15,646 - INFO - Test instance 0.7125, class 0.7125
Test instance 0.7125, class 0.7125
2026-06-24 17:02:15,646 - INFO - Best instance 0.7500, class 0.7500 (epoch 81)
Best instance 0.7500, class 0.7500 (epoch 81)
2026-06-24 17:02:15,671 - INFO - Epoch 136/200:
Epoch 136/200:
2026-06-24 17:02:18,489 - INFO - Train loss: 0.0166 (2.8s)
Train loss: 0.0166 (2.8s)
2026-06-24 17:02:18,756 - INFO - Test instance 0.7000, class 0.7000
Test instance 0.7000, class 0.7000
2026-06-24 17:02:18,756 - INFO - Best instance 0.7500, class 0.7500 (epoch 81)
Best instance 0.7500, class 0.7500 (epoch 81)
2026-06-24 17:02:18,781 - INFO - Epoch 137/200:
Epoch 137/200:
2026-06-24 17:02:21,571 - INFO - Train loss: 0.0136 (2.8s)
Train loss: 0.0136 (2.8s)
2026-06-24 17:02:21,908 - INFO - Test instance 0.7000, class 0.7000
Test instance 0.7000, class 0.7000
2026-06-24 17:02:21,908 - INFO - Best instance 0.7500, class 0.7500 (epoch 81)
Best instance 0.7500, class 0.7500 (epoch 81)
2026-06-24 17:02:21,935 - INFO - Epoch 138/200:
Epoch 138/200:
2026-06-24 17:02:24,713 - INFO - Train loss: 0.0129 (2.8s)
Train loss: 0.0129 (2.8s)
2026-06-24 17:02:24,974 - INFO - Test instance 0.7000, class 0.7000
Test instance 0.7000, class 0.7000
2026-06-24 17:02:24,974 - INFO - Best instance 0.7500, class 0.7500 (epoch 81)
Best instance 0.7500, class 0.7500 (epoch 81)
2026-06-24 17:02:24,999 - INFO - Epoch 139/200:
Epoch 139/200:
2026-06-24 17:02:28,485 - INFO - Train loss: 0.0146 (3.5s)
Train loss: 0.0146 (3.5s)
2026-06-24 17:02:28,821 - INFO - Test instance 0.6875, class 0.6875
Test instance 0.6875, class 0.6875
2026-06-24 17:02:28,821 - INFO - Best instance 0.7500, class 0.7500 (epoch 81)
Best instance 0.7500, class 0.7500 (epoch 81)
2026-06-24 17:02:28,848 - INFO - Epoch 140/200:
Epoch 140/200:
2026-06-24 17:02:31,632 - INFO - Train loss: 0.0133 (2.8s)
Train loss: 0.0133 (2.8s)
2026-06-24 17:02:31,897 - INFO - Test instance 0.7125, class 0.7125
Test instance 0.7125, class 0.7125
2026-06-24 17:02:31,897 - INFO - Best instance 0.7500, class 0.7500 (epoch 81)
Best instance 0.7500, class 0.7500 (epoch 81)
2026-06-24 17:02:31,924 - INFO - Epoch 141/200:
Epoch 141/200:
2026-06-24 17:02:34,697 - INFO - Train loss: 0.0131 (2.8s)
Train loss: 0.0131 (2.8s)
2026-06-24 17:02:34,961 - INFO - Test instance 0.7250, class 0.7250
Test instance 0.7250, class 0.7250
2026-06-24 17:02:34,961 - INFO - Best instance 0.7500, class 0.7500 (epoch 81)
Best instance 0.7500, class 0.7500 (epoch 81)
2026-06-24 17:02:34,985 - INFO - Epoch 142/200:
Epoch 142/200:
2026-06-24 17:02:38,428 - INFO - Train loss: 0.0151 (3.4s)
Train loss: 0.0151 (3.4s)
2026-06-24 17:02:38,695 - INFO - Test instance 0.7375, class 0.7375
Test instance 0.7375, class 0.7375
2026-06-24 17:02:38,696 - INFO - Best instance 0.7500, class 0.7500 (epoch 81)
Best instance 0.7500, class 0.7500 (epoch 81)
2026-06-24 17:02:38,727 - INFO - Epoch 143/200:
Epoch 143/200:
2026-06-24 17:02:41,500 - INFO - Train loss: 0.0157 (2.8s)
Train loss: 0.0157 (2.8s)
2026-06-24 17:02:41,767 - INFO - Test instance 0.7375, class 0.7375
Test instance 0.7375, class 0.7375
2026-06-24 17:02:41,767 - INFO - Best instance 0.7500, class 0.7500 (epoch 81)
Best instance 0.7500, class 0.7500 (epoch 81)
2026-06-24 17:02:41,792 - INFO - Epoch 144/200:
Epoch 144/200:
2026-06-24 17:02:44,578 - INFO - Train loss: 0.0139 (2.8s)
Train loss: 0.0139 (2.8s)
2026-06-24 17:02:44,836 - INFO - Test instance 0.7250, class 0.7250
Test instance 0.7250, class 0.7250
2026-06-24 17:02:44,836 - INFO - Best instance 0.7500, class 0.7500 (epoch 81)
Best instance 0.7500, class 0.7500 (epoch 81)
2026-06-24 17:02:44,866 - INFO - Epoch 145/200:
Epoch 145/200:
2026-06-24 17:02:47,629 - INFO - Train loss: 0.0136 (2.8s)
Train loss: 0.0136 (2.8s)
2026-06-24 17:02:47,899 - INFO - Test instance 0.7125, class 0.7125
Test instance 0.7125, class 0.7125
2026-06-24 17:02:47,900 - INFO - Best instance 0.7500, class 0.7500 (epoch 81)
Best instance 0.7500, class 0.7500 (epoch 81)
2026-06-24 17:02:47,926 - INFO - Epoch 146/200:
Epoch 146/200:
2026-06-24 17:02:50,687 - INFO - Train loss: 0.0160 (2.8s)
Train loss: 0.0160 (2.8s)
2026-06-24 17:02:50,944 - INFO - Test instance 0.7250, class 0.7250
Test instance 0.7250, class 0.7250
2026-06-24 17:02:50,944 - INFO - Best instance 0.7500, class 0.7500 (epoch 81)
Best instance 0.7500, class 0.7500 (epoch 81)
2026-06-24 17:02:50,969 - INFO - Epoch 147/200:
Epoch 147/200:
2026-06-24 17:02:53,747 - INFO - Train loss: 0.0124 (2.8s)
Train loss: 0.0124 (2.8s)
2026-06-24 17:02:54,012 - INFO - Test instance 0.7000, class 0.7000
Test instance 0.7000, class 0.7000
2026-06-24 17:02:54,013 - INFO - Best instance 0.7500, class 0.7500 (epoch 81)
Best instance 0.7500, class 0.7500 (epoch 81)
2026-06-24 17:02:54,038 - INFO - Epoch 148/200:
Epoch 148/200:
2026-06-24 17:02:56,806 - INFO - Train loss: 0.0158 (2.8s)
Train loss: 0.0158 (2.8s)
2026-06-24 17:02:57,076 - INFO - Test instance 0.7125, class 0.7125
Test instance 0.7125, class 0.7125
2026-06-24 17:02:57,077 - INFO - Best instance 0.7500, class 0.7500 (epoch 81)
Best instance 0.7500, class 0.7500 (epoch 81)
2026-06-24 17:02:57,101 - INFO - Epoch 149/200:
Epoch 149/200:
2026-06-24 17:02:59,861 - INFO - Train loss: 0.0174 (2.8s)
Train loss: 0.0174 (2.8s)
2026-06-24 17:03:00,125 - INFO - Test instance 0.7125, class 0.7125
Test instance 0.7125, class 0.7125
2026-06-24 17:03:00,125 - INFO - Best instance 0.7500, class 0.7500 (epoch 81)
Best instance 0.7500, class 0.7500 (epoch 81)
2026-06-24 17:03:00,156 - INFO - Epoch 150/200:
Epoch 150/200:
2026-06-24 17:03:02,988 - INFO - Train loss: 0.0154 (2.8s)
Train loss: 0.0154 (2.8s)
2026-06-24 17:03:03,250 - INFO - Test instance 0.7250, class 0.7250
Test instance 0.7250, class 0.7250
2026-06-24 17:03:03,251 - INFO - Best instance 0.7500, class 0.7500 (epoch 81)
Best instance 0.7500, class 0.7500 (epoch 81)
2026-06-24 17:03:03,275 - INFO - Epoch 151/200:
Epoch 151/200:
2026-06-24 17:03:06,035 - INFO - Train loss: 0.0139 (2.8s)
Train loss: 0.0139 (2.8s)
2026-06-24 17:03:06,298 - INFO - Test instance 0.7000, class 0.7000
Test instance 0.7000, class 0.7000
2026-06-24 17:03:06,298 - INFO - Best instance 0.7500, class 0.7500 (epoch 81)
Best instance 0.7500, class 0.7500 (epoch 81)
2026-06-24 17:03:06,323 - INFO - Epoch 152/200:
Epoch 152/200:
2026-06-24 17:03:09,086 - INFO - Train loss: 0.0167 (2.8s)
Train loss: 0.0167 (2.8s)
2026-06-24 17:03:09,349 - INFO - Test instance 0.7125, class 0.7125
Test instance 0.7125, class 0.7125
2026-06-24 17:03:09,350 - INFO - Best instance 0.7500, class 0.7500 (epoch 81)
Best instance 0.7500, class 0.7500 (epoch 81)
2026-06-24 17:03:09,374 - INFO - Epoch 153/200:
Epoch 153/200:
2026-06-24 17:03:12,150 - INFO - Train loss: 0.0161 (2.8s)
Train loss: 0.0161 (2.8s)
2026-06-24 17:03:12,413 - INFO - Test instance 0.7125, class 0.7125
Test instance 0.7125, class 0.7125
2026-06-24 17:03:12,413 - INFO - Best instance 0.7500, class 0.7500 (epoch 81)
Best instance 0.7500, class 0.7500 (epoch 81)
2026-06-24 17:03:12,438 - INFO - Epoch 154/200:
Epoch 154/200:
2026-06-24 17:03:15,232 - INFO - Train loss: 0.0137 (2.8s)
Train loss: 0.0137 (2.8s)
2026-06-24 17:03:15,491 - INFO - Test instance 0.7500, class 0.7500
Test instance 0.7500, class 0.7500
2026-06-24 17:03:15,492 - INFO - Best instance 0.7500, class 0.7500 (epoch 81)
Best instance 0.7500, class 0.7500 (epoch 81)
2026-06-24 17:03:15,519 - INFO - Epoch 155/200:
Epoch 155/200:
2026-06-24 17:03:19,018 - INFO - Train loss: 0.0161 (3.5s)
Train loss: 0.0161 (3.5s)
2026-06-24 17:03:19,282 - INFO - Test instance 0.7250, class 0.7250
Test instance 0.7250, class 0.7250
2026-06-24 17:03:19,282 - INFO - Best instance 0.7500, class 0.7500 (epoch 81)
Best instance 0.7500, class 0.7500 (epoch 81)
2026-06-24 17:03:19,307 - INFO - Epoch 156/200:
Epoch 156/200:
2026-06-24 17:03:22,070 - INFO - Train loss: 0.0134 (2.8s)
Train loss: 0.0134 (2.8s)
2026-06-24 17:03:22,335 - INFO - Test instance 0.7125, class 0.7125
Test instance 0.7125, class 0.7125
2026-06-24 17:03:22,335 - INFO - Best instance 0.7500, class 0.7500 (epoch 81)
Best instance 0.7500, class 0.7500 (epoch 81)
2026-06-24 17:03:22,359 - INFO - Epoch 157/200:
Epoch 157/200:
2026-06-24 17:03:25,117 - INFO - Train loss: 0.0147 (2.8s)
Train loss: 0.0147 (2.8s)
2026-06-24 17:03:25,393 - INFO - Test instance 0.7250, class 0.7250
Test instance 0.7250, class 0.7250
2026-06-24 17:03:25,393 - INFO - Best instance 0.7500, class 0.7500 (epoch 81)
Best instance 0.7500, class 0.7500 (epoch 81)
2026-06-24 17:03:25,418 - INFO - Epoch 158/200:
Epoch 158/200:
2026-06-24 17:03:28,199 - INFO - Train loss: 0.0143 (2.8s)
Train loss: 0.0143 (2.8s)
2026-06-24 17:03:28,459 - INFO - Test instance 0.7000, class 0.7000
Test instance 0.7000, class 0.7000
2026-06-24 17:03:28,459 - INFO - Best instance 0.7500, class 0.7500 (epoch 81)
Best instance 0.7500, class 0.7500 (epoch 81)
2026-06-24 17:03:28,483 - INFO - Epoch 159/200:
Epoch 159/200:
2026-06-24 17:03:31,981 - INFO - Train loss: 0.0157 (3.5s)
Train loss: 0.0157 (3.5s)
2026-06-24 17:03:32,318 - INFO - Test instance 0.7125, class 0.7125
Test instance 0.7125, class 0.7125
2026-06-24 17:03:32,318 - INFO - Best instance 0.7500, class 0.7500 (epoch 81)
Best instance 0.7500, class 0.7500 (epoch 81)
2026-06-24 17:03:32,344 - INFO - Epoch 160/200:
Epoch 160/200:
2026-06-24 17:03:35,134 - INFO - Train loss: 0.0144 (2.8s)
Train loss: 0.0144 (2.8s)
2026-06-24 17:03:35,468 - INFO - Test instance 0.7000, class 0.7000
Test instance 0.7000, class 0.7000
2026-06-24 17:03:35,468 - INFO - Best instance 0.7500, class 0.7500 (epoch 81)
Best instance 0.7500, class 0.7500 (epoch 81)
2026-06-24 17:03:35,493 - INFO - Epoch 161/200:
Epoch 161/200:
2026-06-24 17:03:38,299 - INFO - Train loss: 0.0150 (2.8s)
Train loss: 0.0150 (2.8s)
2026-06-24 17:03:38,565 - INFO - Test instance 0.7250, class 0.7250
Test instance 0.7250, class 0.7250
2026-06-24 17:03:38,565 - INFO - Best instance 0.7500, class 0.7500 (epoch 81)
Best instance 0.7500, class 0.7500 (epoch 81)
2026-06-24 17:03:38,590 - INFO - Epoch 162/200:
Epoch 162/200:
2026-06-24 17:03:42,079 - INFO - Train loss: 0.0156 (3.5s)
Train loss: 0.0156 (3.5s)
2026-06-24 17:03:42,406 - INFO - Test instance 0.7125, class 0.7125
Test instance 0.7125, class 0.7125
2026-06-24 17:03:42,407 - INFO - Best instance 0.7500, class 0.7500 (epoch 81)
Best instance 0.7500, class 0.7500 (epoch 81)
2026-06-24 17:03:42,436 - INFO - Epoch 163/200:
Epoch 163/200:
2026-06-24 17:03:45,243 - INFO - Train loss: 0.0127 (2.8s)
Train loss: 0.0127 (2.8s)
2026-06-24 17:03:45,582 - INFO - Test instance 0.7125, class 0.7125
Test instance 0.7125, class 0.7125
2026-06-24 17:03:45,583 - INFO - Best instance 0.7500, class 0.7500 (epoch 81)
Best instance 0.7500, class 0.7500 (epoch 81)
2026-06-24 17:03:45,609 - INFO - Epoch 164/200:
Epoch 164/200:
2026-06-24 17:03:49,093 - INFO - Train loss: 0.0126 (3.5s)
Train loss: 0.0126 (3.5s)
2026-06-24 17:03:49,354 - INFO - Test instance 0.7000, class 0.7000
Test instance 0.7000, class 0.7000
2026-06-24 17:03:49,354 - INFO - Best instance 0.7500, class 0.7500 (epoch 81)
Best instance 0.7500, class 0.7500 (epoch 81)
2026-06-24 17:03:49,379 - INFO - Epoch 165/200:
Epoch 165/200:
2026-06-24 17:03:52,159 - INFO - Train loss: 0.0154 (2.8s)
Train loss: 0.0154 (2.8s)
2026-06-24 17:03:52,433 - INFO - Test instance 0.7250, class 0.7250
Test instance 0.7250, class 0.7250
2026-06-24 17:03:52,434 - INFO - Best instance 0.7500, class 0.7500 (epoch 81)
Best instance 0.7500, class 0.7500 (epoch 81)
2026-06-24 17:03:52,458 - INFO - Epoch 166/200:
Epoch 166/200:
2026-06-24 17:03:55,274 - INFO - Train loss: 0.0136 (2.8s)
Train loss: 0.0136 (2.8s)
2026-06-24 17:03:55,541 - INFO - Test instance 0.7125, class 0.7125
Test instance 0.7125, class 0.7125
2026-06-24 17:03:55,541 - INFO - Best instance 0.7500, class 0.7500 (epoch 81)
Best instance 0.7500, class 0.7500 (epoch 81)
2026-06-24 17:03:55,566 - INFO - Epoch 167/200:
Epoch 167/200:
2026-06-24 17:03:58,391 - INFO - Train loss: 0.0138 (2.8s)
Train loss: 0.0138 (2.8s)
2026-06-24 17:03:58,671 - INFO - Test instance 0.7125, class 0.7125
Test instance 0.7125, class 0.7125
2026-06-24 17:03:58,671 - INFO - Best instance 0.7500, class 0.7500 (epoch 81)
Best instance 0.7500, class 0.7500 (epoch 81)
2026-06-24 17:03:58,695 - INFO - Epoch 168/200:
Epoch 168/200:
2026-06-24 17:04:01,484 - INFO - Train loss: 0.0132 (2.8s)
Train loss: 0.0132 (2.8s)
2026-06-24 17:04:01,747 - INFO - Test instance 0.6875, class 0.6875
Test instance 0.6875, class 0.6875
2026-06-24 17:04:01,748 - INFO - Best instance 0.7500, class 0.7500 (epoch 81)
Best instance 0.7500, class 0.7500 (epoch 81)
2026-06-24 17:04:01,772 - INFO - Epoch 169/200:
Epoch 169/200:
2026-06-24 17:04:04,576 - INFO - Train loss: 0.0141 (2.8s)
Train loss: 0.0141 (2.8s)
2026-06-24 17:04:04,911 - INFO - Test instance 0.7125, class 0.7125
Test instance 0.7125, class 0.7125
2026-06-24 17:04:04,911 - INFO - Best instance 0.7500, class 0.7500 (epoch 81)
Best instance 0.7500, class 0.7500 (epoch 81)
2026-06-24 17:04:04,938 - INFO - Epoch 170/200:
Epoch 170/200:
2026-06-24 17:04:07,717 - INFO - Train loss: 0.0137 (2.8s)
Train loss: 0.0137 (2.8s)
2026-06-24 17:04:07,975 - INFO - Test instance 0.6875, class 0.6875
Test instance 0.6875, class 0.6875
2026-06-24 17:04:07,976 - INFO - Best instance 0.7500, class 0.7500 (epoch 81)
Best instance 0.7500, class 0.7500 (epoch 81)
2026-06-24 17:04:08,000 - INFO - Epoch 171/200:
Epoch 171/200:
2026-06-24 17:04:10,773 - INFO - Train loss: 0.0146 (2.8s)
Train loss: 0.0146 (2.8s)
2026-06-24 17:04:11,039 - INFO - Test instance 0.7375, class 0.7375
Test instance 0.7375, class 0.7375
2026-06-24 17:04:11,039 - INFO - Best instance 0.7500, class 0.7500 (epoch 81)
Best instance 0.7500, class 0.7500 (epoch 81)
2026-06-24 17:04:11,066 - INFO - Epoch 172/200:
Epoch 172/200:
2026-06-24 17:04:13,825 - INFO - Train loss: 0.0145 (2.8s)
Train loss: 0.0145 (2.8s)
2026-06-24 17:04:14,098 - INFO - Test instance 0.7250, class 0.7250
Test instance 0.7250, class 0.7250
2026-06-24 17:04:14,098 - INFO - Best instance 0.7500, class 0.7500 (epoch 81)
Best instance 0.7500, class 0.7500 (epoch 81)
2026-06-24 17:04:14,123 - INFO - Epoch 173/200:
Epoch 173/200:
2026-06-24 17:04:16,896 - INFO - Train loss: 0.0153 (2.8s)
Train loss: 0.0153 (2.8s)
2026-06-24 17:04:17,162 - INFO - Test instance 0.7125, class 0.7125
Test instance 0.7125, class 0.7125
2026-06-24 17:04:17,163 - INFO - Best instance 0.7500, class 0.7500 (epoch 81)
Best instance 0.7500, class 0.7500 (epoch 81)
2026-06-24 17:04:17,187 - INFO - Epoch 174/200:
Epoch 174/200:
2026-06-24 17:04:19,953 - INFO - Train loss: 0.0151 (2.8s)
Train loss: 0.0151 (2.8s)
2026-06-24 17:04:20,213 - INFO - Test instance 0.7000, class 0.7000
Test instance 0.7000, class 0.7000
2026-06-24 17:04:20,214 - INFO - Best instance 0.7500, class 0.7500 (epoch 81)
Best instance 0.7500, class 0.7500 (epoch 81)
2026-06-24 17:04:20,237 - INFO - Epoch 175/200:
Epoch 175/200:
2026-06-24 17:04:23,015 - INFO - Train loss: 0.0159 (2.8s)
Train loss: 0.0159 (2.8s)
2026-06-24 17:04:23,280 - INFO - Test instance 0.7125, class 0.7125
Test instance 0.7125, class 0.7125
2026-06-24 17:04:23,280 - INFO - Best instance 0.7500, class 0.7500 (epoch 81)
Best instance 0.7500, class 0.7500 (epoch 81)
2026-06-24 17:04:23,304 - INFO - Epoch 176/200:
Epoch 176/200:
2026-06-24 17:04:26,051 - INFO - Train loss: 0.0159 (2.7s)
Train loss: 0.0159 (2.7s)
2026-06-24 17:04:26,315 - INFO - Test instance 0.7250, class 0.7250
Test instance 0.7250, class 0.7250
2026-06-24 17:04:26,315 - INFO - Best instance 0.7500, class 0.7500 (epoch 81)
Best instance 0.7500, class 0.7500 (epoch 81)
2026-06-24 17:04:26,347 - INFO - Epoch 177/200:
Epoch 177/200:
2026-06-24 17:04:29,843 - INFO - Train loss: 0.0136 (3.5s)
Train loss: 0.0136 (3.5s)
2026-06-24 17:04:30,182 - INFO - Test instance 0.7125, class 0.7125
Test instance 0.7125, class 0.7125
2026-06-24 17:04:30,183 - INFO - Best instance 0.7500, class 0.7500 (epoch 81)
Best instance 0.7500, class 0.7500 (epoch 81)
2026-06-24 17:04:30,208 - INFO - Epoch 178/200:
Epoch 178/200:
2026-06-24 17:04:32,962 - INFO - Train loss: 0.0130 (2.8s)
Train loss: 0.0130 (2.8s)
2026-06-24 17:04:33,228 - INFO - Test instance 0.7375, class 0.7375
Test instance 0.7375, class 0.7375
2026-06-24 17:04:33,228 - INFO - Best instance 0.7500, class 0.7500 (epoch 81)
Best instance 0.7500, class 0.7500 (epoch 81)
2026-06-24 17:04:33,253 - INFO - Epoch 179/200:
Epoch 179/200:
2026-06-24 17:04:36,748 - INFO - Train loss: 0.0150 (3.5s)
Train loss: 0.0150 (3.5s)
2026-06-24 17:04:37,023 - INFO - Test instance 0.7125, class 0.7125
Test instance 0.7125, class 0.7125
2026-06-24 17:04:37,023 - INFO - Best instance 0.7500, class 0.7500 (epoch 81)
Best instance 0.7500, class 0.7500 (epoch 81)
2026-06-24 17:04:37,049 - INFO - Epoch 180/200:
Epoch 180/200:
2026-06-24 17:04:40,537 - INFO - Train loss: 0.0121 (3.5s)
Train loss: 0.0121 (3.5s)
2026-06-24 17:04:40,798 - INFO - Test instance 0.7250, class 0.7250
Test instance 0.7250, class 0.7250
2026-06-24 17:04:40,799 - INFO - Best instance 0.7500, class 0.7500 (epoch 81)
Best instance 0.7500, class 0.7500 (epoch 81)
2026-06-24 17:04:40,823 - INFO - Epoch 181/200:
Epoch 181/200:
2026-06-24 17:04:44,319 - INFO - Train loss: 0.0151 (3.5s)
Train loss: 0.0151 (3.5s)
2026-06-24 17:04:44,592 - INFO - Test instance 0.7125, class 0.7125
Test instance 0.7125, class 0.7125
2026-06-24 17:04:44,592 - INFO - Best instance 0.7500, class 0.7500 (epoch 81)
Best instance 0.7500, class 0.7500 (epoch 81)
2026-06-24 17:04:44,618 - INFO - Epoch 182/200:
Epoch 182/200:
2026-06-24 17:04:47,376 - INFO - Train loss: 0.0162 (2.8s)
Train loss: 0.0162 (2.8s)
2026-06-24 17:04:47,639 - INFO - Test instance 0.7375, class 0.7375
Test instance 0.7375, class 0.7375
2026-06-24 17:04:47,639 - INFO - Best instance 0.7500, class 0.7500 (epoch 81)
Best instance 0.7500, class 0.7500 (epoch 81)
2026-06-24 17:04:47,664 - INFO - Epoch 183/200:
Epoch 183/200:
2026-06-24 17:04:50,453 - INFO - Train loss: 0.0130 (2.8s)
Train loss: 0.0130 (2.8s)
2026-06-24 17:04:50,716 - INFO - Test instance 0.7125, class 0.7125
Test instance 0.7125, class 0.7125
2026-06-24 17:04:50,716 - INFO - Best instance 0.7500, class 0.7500 (epoch 81)
Best instance 0.7500, class 0.7500 (epoch 81)
2026-06-24 17:04:50,742 - INFO - Epoch 184/200:
Epoch 184/200:
2026-06-24 17:04:53,523 - INFO - Train loss: 0.0139 (2.8s)
Train loss: 0.0139 (2.8s)
2026-06-24 17:04:53,792 - INFO - Test instance 0.7125, class 0.7125
Test instance 0.7125, class 0.7125
2026-06-24 17:04:53,792 - INFO - Best instance 0.7500, class 0.7500 (epoch 81)
Best instance 0.7500, class 0.7500 (epoch 81)
2026-06-24 17:04:53,819 - INFO - Epoch 185/200:
Epoch 185/200:
2026-06-24 17:04:57,299 - INFO - Train loss: 0.0143 (3.5s)
Train loss: 0.0143 (3.5s)
2026-06-24 17:04:57,562 - INFO - Test instance 0.7375, class 0.7375
Test instance 0.7375, class 0.7375
2026-06-24 17:04:57,562 - INFO - Best instance 0.7500, class 0.7500 (epoch 81)
Best instance 0.7500, class 0.7500 (epoch 81)
2026-06-24 17:04:57,586 - INFO - Epoch 186/200:
Epoch 186/200:
2026-06-24 17:05:00,373 - INFO - Train loss: 0.0130 (2.8s)
Train loss: 0.0130 (2.8s)
2026-06-24 17:05:00,639 - INFO - Test instance 0.7250, class 0.7250
Test instance 0.7250, class 0.7250
2026-06-24 17:05:00,639 - INFO - Best instance 0.7500, class 0.7500 (epoch 81)
Best instance 0.7500, class 0.7500 (epoch 81)
2026-06-24 17:05:00,667 - INFO - Epoch 187/200:
Epoch 187/200:
2026-06-24 17:05:03,489 - INFO - Train loss: 0.0146 (2.8s)
Train loss: 0.0146 (2.8s)
2026-06-24 17:05:03,752 - INFO - Test instance 0.7125, class 0.7125
Test instance 0.7125, class 0.7125
2026-06-24 17:05:03,753 - INFO - Best instance 0.7500, class 0.7500 (epoch 81)
Best instance 0.7500, class 0.7500 (epoch 81)
2026-06-24 17:05:03,778 - INFO - Epoch 188/200:
Epoch 188/200:
2026-06-24 17:05:06,543 - INFO - Train loss: 0.0138 (2.8s)
Train loss: 0.0138 (2.8s)
2026-06-24 17:05:06,808 - INFO - Test instance 0.7375, class 0.7375
Test instance 0.7375, class 0.7375
2026-06-24 17:05:06,809 - INFO - Best instance 0.7500, class 0.7500 (epoch 81)
Best instance 0.7500, class 0.7500 (epoch 81)
2026-06-24 17:05:06,832 - INFO - Epoch 189/200:
Epoch 189/200:
2026-06-24 17:05:09,585 - INFO - Train loss: 0.0137 (2.8s)
Train loss: 0.0137 (2.8s)
2026-06-24 17:05:09,864 - INFO - Test instance 0.7125, class 0.7125
Test instance 0.7125, class 0.7125
2026-06-24 17:05:09,864 - INFO - Best instance 0.7500, class 0.7500 (epoch 81)
Best instance 0.7500, class 0.7500 (epoch 81)
2026-06-24 17:05:09,891 - INFO - Epoch 190/200:
Epoch 190/200:
2026-06-24 17:05:12,645 - INFO - Train loss: 0.0122 (2.8s)
Train loss: 0.0122 (2.8s)
2026-06-24 17:05:12,911 - INFO - Test instance 0.7125, class 0.7125
Test instance 0.7125, class 0.7125
2026-06-24 17:05:12,911 - INFO - Best instance 0.7500, class 0.7500 (epoch 81)
Best instance 0.7500, class 0.7500 (epoch 81)
2026-06-24 17:05:12,936 - INFO - Epoch 191/200:
Epoch 191/200:
2026-06-24 17:05:15,695 - INFO - Train loss: 0.0130 (2.8s)
Train loss: 0.0130 (2.8s)
2026-06-24 17:05:15,956 - INFO - Test instance 0.7125, class 0.7125
Test instance 0.7125, class 0.7125
2026-06-24 17:05:15,956 - INFO - Best instance 0.7500, class 0.7500 (epoch 81)
Best instance 0.7500, class 0.7500 (epoch 81)
2026-06-24 17:05:15,981 - INFO - Epoch 192/200:
Epoch 192/200:
2026-06-24 17:05:18,765 - INFO - Train loss: 0.0147 (2.8s)
Train loss: 0.0147 (2.8s)
2026-06-24 17:05:19,026 - INFO - Test instance 0.7125, class 0.7125
Test instance 0.7125, class 0.7125
2026-06-24 17:05:19,026 - INFO - Best instance 0.7500, class 0.7500 (epoch 81)
Best instance 0.7500, class 0.7500 (epoch 81)
2026-06-24 17:05:19,055 - INFO - Epoch 193/200:
Epoch 193/200:
2026-06-24 17:05:21,847 - INFO - Train loss: 0.0150 (2.8s)
Train loss: 0.0150 (2.8s)
2026-06-24 17:05:22,106 - INFO - Test instance 0.7000, class 0.7000
Test instance 0.7000, class 0.7000
2026-06-24 17:05:22,106 - INFO - Best instance 0.7500, class 0.7500 (epoch 81)
Best instance 0.7500, class 0.7500 (epoch 81)
2026-06-24 17:05:22,130 - INFO - Epoch 194/200:
Epoch 194/200:
2026-06-24 17:05:24,911 - INFO - Train loss: 0.0118 (2.8s)
Train loss: 0.0118 (2.8s)
2026-06-24 17:05:25,176 - INFO - Test instance 0.7250, class 0.7250
Test instance 0.7250, class 0.7250
2026-06-24 17:05:25,176 - INFO - Best instance 0.7500, class 0.7500 (epoch 81)
Best instance 0.7500, class 0.7500 (epoch 81)
2026-06-24 17:05:25,200 - INFO - Epoch 195/200:
Epoch 195/200:
2026-06-24 17:05:27,998 - INFO - Train loss: 0.0152 (2.8s)
Train loss: 0.0152 (2.8s)
2026-06-24 17:05:28,267 - INFO - Test instance 0.6875, class 0.6875
Test instance 0.6875, class 0.6875
2026-06-24 17:05:28,268 - INFO - Best instance 0.7500, class 0.7500 (epoch 81)
Best instance 0.7500, class 0.7500 (epoch 81)
2026-06-24 17:05:28,295 - INFO - Epoch 196/200:
Epoch 196/200:
2026-06-24 17:05:31,050 - INFO - Train loss: 0.0155 (2.8s)
Train loss: 0.0155 (2.8s)
2026-06-24 17:05:31,308 - INFO - Test instance 0.7375, class 0.7375
Test instance 0.7375, class 0.7375
2026-06-24 17:05:31,308 - INFO - Best instance 0.7500, class 0.7500 (epoch 81)
Best instance 0.7500, class 0.7500 (epoch 81)
2026-06-24 17:05:31,333 - INFO - Epoch 197/200:
Epoch 197/200:
2026-06-24 17:05:34,114 - INFO - Train loss: 0.0126 (2.8s)
Train loss: 0.0126 (2.8s)
2026-06-24 17:05:34,450 - INFO - Test instance 0.7250, class 0.7250
Test instance 0.7250, class 0.7250
2026-06-24 17:05:34,450 - INFO - Best instance 0.7500, class 0.7500 (epoch 81)
Best instance 0.7500, class 0.7500 (epoch 81)
2026-06-24 17:05:34,483 - INFO - Epoch 198/200:
Epoch 198/200:
2026-06-24 17:05:37,251 - INFO - Train loss: 0.0152 (2.8s)
Train loss: 0.0152 (2.8s)
2026-06-24 17:05:37,514 - INFO - Test instance 0.7375, class 0.7375
Test instance 0.7375, class 0.7375
2026-06-24 17:05:37,514 - INFO - Best instance 0.7500, class 0.7500 (epoch 81)
Best instance 0.7500, class 0.7500 (epoch 81)
2026-06-24 17:05:37,537 - INFO - Epoch 199/200:
Epoch 199/200:
2026-06-24 17:05:40,339 - INFO - Train loss: 0.0138 (2.8s)
Train loss: 0.0138 (2.8s)
2026-06-24 17:05:40,607 - INFO - Test instance 0.7000, class 0.7000
Test instance 0.7000, class 0.7000
2026-06-24 17:05:40,607 - INFO - Best instance 0.7500, class 0.7500 (epoch 81)
Best instance 0.7500, class 0.7500 (epoch 81)
2026-06-24 17:05:40,634 - INFO - Epoch 200/200:
Epoch 200/200:
2026-06-24 17:05:43,405 - INFO - Train loss: 0.0130 (2.8s)
Train loss: 0.0130 (2.8s)
2026-06-24 17:05:43,665 - INFO - Test instance 0.7125, class 0.7125
Test instance 0.7125, class 0.7125
2026-06-24 17:05:43,665 - INFO - Best instance 0.7500, class 0.7500 (epoch 81)
Best instance 0.7500, class 0.7500 (epoch 81)
2026-06-24 17:06:05,195 - INFO - Student 1.42 MB, 63.74 ms
Student 1.42 MB, 63.74 ms
