[Thu Jun 25 00:17:58 EDT 2026] task 32 on GPU 0: python flkd/advanced_kd_train_classification.py --teacher_model pointnet2_cls_ssg --student_model small_pointnet2 --kd_strategy vanilla --dataset modelnet40 --seed 7 --batch_size 48 --epoch 200 --num_point 1024 --teacher_path "outputs/modelnet40/flkd/federated/classification/fl_pointnet2_cls_ssg_fedprox_s7/checkpoints/best_model.pth" --log_dir kd_pointnet2_cls_ssg_fedprox+vanilla_small_pointnet2_s7  --data_root data --output_root outputs --num_workers -1 --max_runtime_hours 166.0
The size of train data is 9843
The size of test data is 2468
Loaded teacher from outputs/modelnet40/flkd/federated/classification/fl_pointnet2_cls_ssg_fedprox_s7/checkpoints/best_model.pth
2026-06-25 00:18:00,808 - INFO - PARAMETER ...
2026-06-25 00:18:00,809 - INFO - {'use_cpu': False, 'no_amp': False, 'gpu': '0', 'num_workers': -1, 'batch_size': 48, 'teacher_model': 'pointnet2_cls_ssg', 'student_model': 'small_pointnet2', 'num_category': 40, 'dataset': 'modelnet40', 'data_root': 'data', 'output_root': 'outputs', 'train_split': 0.8, 'dataset_seed': 0, 'cache_dataset': True, 'min_class_samples': 1, 'epoch': 200, 'learning_rate': 0.001, 'num_point': 1024, 'optimizer': 'Adam', 'log_dir': 'kd_pointnet2_cls_ssg_fedprox+vanilla_small_pointnet2_s7', 'decay_rate': 0.0001, 'use_normals': False, 'process_data': False, 'use_uniform_sample': False, 'resume': True, 'kd_strategy': 'vanilla', 'alpha': 0.5, 'temperature': 2.0, 'beta': 0.5, 'dkd_alpha': 1.0, 'dkd_beta': 8.0, 'crd_temperature': 0.07, 'teacher_path': 'outputs/modelnet40/flkd/federated/classification/fl_pointnet2_cls_ssg_fedprox_s7/checkpoints/best_model.pth', 'teacher_paths': None, 'teacher_weights': None, 'use_hard_labels': 'on', 'unlabeled': False, 'temperature_sweep': None, 'seed': 7, 'max_runtime_hours': 166.0}
2026-06-25 00:18:00,814 - INFO - KD=vanilla student=small_pointnet2 AMP=False use_hard=True unlabeled=False T=2.0
KD=vanilla student=small_pointnet2 AMP=False use_hard=True unlabeled=False T=2.0
2026-06-25 00:18:00,831 - INFO - Epoch 1/200:
Epoch 1/200:
2026-06-25 00:19:53,874 - INFO - Train loss: 1.5753 (113.0s)
Train loss: 1.5753 (113.0s)
2026-06-25 00:20:21,089 - INFO - Test instance 0.5563, class 0.4237
Test instance 0.5563, class 0.4237
2026-06-25 00:20:21,112 - INFO - Best instance 0.5563, class 0.4237 (epoch 1)
Best instance 0.5563, class 0.4237 (epoch 1)
2026-06-25 00:20:21,130 - INFO - Epoch 2/200:
Epoch 2/200:
2026-06-25 00:22:13,876 - INFO - Train loss: 1.0427 (112.7s)
Train loss: 1.0427 (112.7s)
2026-06-25 00:22:41,124 - INFO - Test instance 0.6613, class 0.5485
Test instance 0.6613, class 0.5485
2026-06-25 00:22:41,149 - INFO - Best instance 0.6613, class 0.5485 (epoch 2)
Best instance 0.6613, class 0.5485 (epoch 2)
2026-06-25 00:22:41,167 - INFO - Epoch 3/200:
Epoch 3/200:
2026-06-25 00:24:34,678 - INFO - Train loss: 0.8820 (113.5s)
Train loss: 0.8820 (113.5s)
2026-06-25 00:25:02,539 - INFO - Test instance 0.7597, class 0.6783
Test instance 0.7597, class 0.6783
2026-06-25 00:25:02,562 - INFO - Best instance 0.7597, class 0.6783 (epoch 3)
Best instance 0.7597, class 0.6783 (epoch 3)
2026-06-25 00:25:02,578 - INFO - Epoch 4/200:
Epoch 4/200:
2026-06-25 00:26:56,388 - INFO - Train loss: 0.7996 (113.8s)
Train loss: 0.7996 (113.8s)
2026-06-25 00:27:24,143 - INFO - Test instance 0.7508, class 0.6556
Test instance 0.7508, class 0.6556
2026-06-25 00:27:24,148 - INFO - Best instance 0.7597, class 0.6783 (epoch 3)
Best instance 0.7597, class 0.6783 (epoch 3)
2026-06-25 00:27:24,169 - INFO - Epoch 5/200:
Epoch 5/200:
2026-06-25 00:29:17,360 - INFO - Train loss: 0.7561 (113.2s)
Train loss: 0.7561 (113.2s)
2026-06-25 00:29:45,206 - INFO - Test instance 0.8318, class 0.7353
Test instance 0.8318, class 0.7353
2026-06-25 00:29:45,230 - INFO - Best instance 0.8318, class 0.7353 (epoch 5)
Best instance 0.8318, class 0.7353 (epoch 5)
2026-06-25 00:29:45,247 - INFO - Epoch 6/200:
Epoch 6/200:
2026-06-25 00:31:38,470 - INFO - Train loss: 0.7206 (113.2s)
Train loss: 0.7206 (113.2s)
2026-06-25 00:32:06,335 - INFO - Test instance 0.8258, class 0.7418
Test instance 0.8258, class 0.7418
2026-06-25 00:32:06,339 - INFO - Best instance 0.8318, class 0.7353 (epoch 5)
Best instance 0.8318, class 0.7353 (epoch 5)
2026-06-25 00:32:06,357 - INFO - Epoch 7/200:
Epoch 7/200:
2026-06-25 00:33:59,681 - INFO - Train loss: 0.6906 (113.3s)
Train loss: 0.6906 (113.3s)
2026-06-25 00:34:27,454 - INFO - Test instance 0.8444, class 0.7701
Test instance 0.8444, class 0.7701
2026-06-25 00:34:27,475 - INFO - Best instance 0.8444, class 0.7701 (epoch 7)
Best instance 0.8444, class 0.7701 (epoch 7)
2026-06-25 00:34:27,493 - INFO - Epoch 8/200:
Epoch 8/200:
2026-06-25 00:36:20,660 - INFO - Train loss: 0.6727 (113.2s)
Train loss: 0.6727 (113.2s)
2026-06-25 00:36:48,627 - INFO - Test instance 0.8400, class 0.7826
Test instance 0.8400, class 0.7826
2026-06-25 00:36:48,630 - INFO - Best instance 0.8444, class 0.7701 (epoch 7)
Best instance 0.8444, class 0.7701 (epoch 7)
2026-06-25 00:36:48,650 - INFO - Epoch 9/200:
Epoch 9/200:
2026-06-25 00:38:42,163 - INFO - Train loss: 0.6568 (113.5s)
Train loss: 0.6568 (113.5s)
2026-06-25 00:39:10,085 - INFO - Test instance 0.8533, class 0.7975
Test instance 0.8533, class 0.7975
2026-06-25 00:39:10,105 - INFO - Best instance 0.8533, class 0.7975 (epoch 9)
Best instance 0.8533, class 0.7975 (epoch 9)
2026-06-25 00:39:10,123 - INFO - Epoch 10/200:
Epoch 10/200:
2026-06-25 00:41:04,297 - INFO - Train loss: 0.6468 (114.2s)
Train loss: 0.6468 (114.2s)
2026-06-25 00:41:32,426 - INFO - Test instance 0.8541, class 0.7866
Test instance 0.8541, class 0.7866
2026-06-25 00:41:32,448 - INFO - Best instance 0.8541, class 0.7866 (epoch 10)
Best instance 0.8541, class 0.7866 (epoch 10)
2026-06-25 00:41:32,466 - INFO - Epoch 11/200:
Epoch 11/200:
2026-06-25 00:43:25,710 - INFO - Train loss: 0.6418 (113.2s)
Train loss: 0.6418 (113.2s)
2026-06-25 00:43:53,635 - INFO - Test instance 0.8647, class 0.7987
Test instance 0.8647, class 0.7987
2026-06-25 00:43:53,657 - INFO - Best instance 0.8647, class 0.7987 (epoch 11)
Best instance 0.8647, class 0.7987 (epoch 11)
2026-06-25 00:43:53,675 - INFO - Epoch 12/200:
Epoch 12/200:
2026-06-25 00:45:46,625 - INFO - Train loss: 0.6285 (112.9s)
Train loss: 0.6285 (112.9s)
2026-06-25 00:46:14,562 - INFO - Test instance 0.8594, class 0.7864
Test instance 0.8594, class 0.7864
2026-06-25 00:46:14,564 - INFO - Best instance 0.8647, class 0.7987 (epoch 11)
Best instance 0.8647, class 0.7987 (epoch 11)
2026-06-25 00:46:14,585 - INFO - Epoch 13/200:
Epoch 13/200:
2026-06-25 00:48:07,966 - INFO - Train loss: 0.6266 (113.4s)
Train loss: 0.6266 (113.4s)
2026-06-25 00:48:35,862 - INFO - Test instance 0.8728, class 0.8098
Test instance 0.8728, class 0.8098
2026-06-25 00:48:35,884 - INFO - Best instance 0.8728, class 0.8098 (epoch 13)
Best instance 0.8728, class 0.8098 (epoch 13)
2026-06-25 00:48:35,903 - INFO - Epoch 14/200:
Epoch 14/200:
2026-06-25 00:50:28,984 - INFO - Train loss: 0.6168 (113.1s)
Train loss: 0.6168 (113.1s)
2026-06-25 00:50:56,270 - INFO - Test instance 0.8712, class 0.8113
Test instance 0.8712, class 0.8113
2026-06-25 00:50:56,272 - INFO - Best instance 0.8728, class 0.8098 (epoch 13)
Best instance 0.8728, class 0.8098 (epoch 13)
2026-06-25 00:50:56,292 - INFO - Epoch 15/200:
Epoch 15/200:
2026-06-25 00:52:49,647 - INFO - Train loss: 0.6091 (113.4s)
Train loss: 0.6091 (113.4s)
2026-06-25 00:53:17,135 - INFO - Test instance 0.8703, class 0.8017
Test instance 0.8703, class 0.8017
2026-06-25 00:53:17,138 - INFO - Best instance 0.8728, class 0.8098 (epoch 13)
Best instance 0.8728, class 0.8098 (epoch 13)
2026-06-25 00:53:17,167 - INFO - Epoch 16/200:
Epoch 16/200:
2026-06-25 00:55:10,423 - INFO - Train loss: 0.6065 (113.3s)
Train loss: 0.6065 (113.3s)
2026-06-25 00:55:37,043 - INFO - Test instance 0.8712, class 0.8042
Test instance 0.8712, class 0.8042
2026-06-25 00:55:37,046 - INFO - Best instance 0.8728, class 0.8098 (epoch 13)
Best instance 0.8728, class 0.8098 (epoch 13)
2026-06-25 00:55:37,065 - INFO - Epoch 17/200:
Epoch 17/200:
2026-06-25 00:57:31,051 - INFO - Train loss: 0.6000 (114.0s)
Train loss: 0.6000 (114.0s)
2026-06-25 00:57:58,388 - INFO - Test instance 0.8784, class 0.8117
Test instance 0.8784, class 0.8117
2026-06-25 00:57:58,411 - INFO - Best instance 0.8784, class 0.8117 (epoch 17)
Best instance 0.8784, class 0.8117 (epoch 17)
2026-06-25 00:57:58,429 - INFO - Epoch 18/200:
Epoch 18/200:
2026-06-25 00:59:51,783 - INFO - Train loss: 0.5959 (113.4s)
Train loss: 0.5959 (113.4s)
2026-06-25 01:00:19,306 - INFO - Test instance 0.8659, class 0.8071
Test instance 0.8659, class 0.8071
2026-06-25 01:00:19,308 - INFO - Best instance 0.8784, class 0.8117 (epoch 17)
Best instance 0.8784, class 0.8117 (epoch 17)
2026-06-25 01:00:19,328 - INFO - Epoch 19/200:
Epoch 19/200:
2026-06-25 01:02:12,764 - INFO - Train loss: 0.5933 (113.4s)
Train loss: 0.5933 (113.4s)
2026-06-25 01:02:40,219 - INFO - Test instance 0.8667, class 0.8082
Test instance 0.8667, class 0.8082
2026-06-25 01:02:40,223 - INFO - Best instance 0.8784, class 0.8117 (epoch 17)
Best instance 0.8784, class 0.8117 (epoch 17)
2026-06-25 01:02:40,243 - INFO - Epoch 20/200:
Epoch 20/200:
2026-06-25 01:04:33,500 - INFO - Train loss: 0.5877 (113.3s)
Train loss: 0.5877 (113.3s)
2026-06-25 01:05:00,951 - INFO - Test instance 0.8801, class 0.8191
Test instance 0.8801, class 0.8191
2026-06-25 01:05:00,973 - INFO - Best instance 0.8801, class 0.8191 (epoch 20)
Best instance 0.8801, class 0.8191 (epoch 20)
2026-06-25 01:05:00,990 - INFO - Epoch 21/200:
Epoch 21/200:
2026-06-25 01:06:54,164 - INFO - Train loss: 0.5734 (113.2s)
Train loss: 0.5734 (113.2s)
2026-06-25 01:07:22,186 - INFO - Test instance 0.8894, class 0.8339
Test instance 0.8894, class 0.8339
2026-06-25 01:07:22,206 - INFO - Best instance 0.8894, class 0.8339 (epoch 21)
Best instance 0.8894, class 0.8339 (epoch 21)
2026-06-25 01:07:22,224 - INFO - Epoch 22/200:
Epoch 22/200:
2026-06-25 01:09:15,166 - INFO - Train loss: 0.5662 (112.9s)
Train loss: 0.5662 (112.9s)
2026-06-25 01:09:43,268 - INFO - Test instance 0.8825, class 0.8298
Test instance 0.8825, class 0.8298
2026-06-25 01:09:43,271 - INFO - Best instance 0.8894, class 0.8339 (epoch 21)
Best instance 0.8894, class 0.8339 (epoch 21)
2026-06-25 01:09:43,290 - INFO - Epoch 23/200:
Epoch 23/200:
2026-06-25 01:11:36,040 - INFO - Train loss: 0.5664 (112.7s)
Train loss: 0.5664 (112.7s)
2026-06-25 01:12:03,941 - INFO - Test instance 0.8898, class 0.8369
Test instance 0.8898, class 0.8369
2026-06-25 01:12:03,962 - INFO - Best instance 0.8898, class 0.8369 (epoch 23)
Best instance 0.8898, class 0.8369 (epoch 23)
2026-06-25 01:12:03,979 - INFO - Epoch 24/200:
Epoch 24/200:
2026-06-25 01:13:56,891 - INFO - Train loss: 0.5618 (112.9s)
Train loss: 0.5618 (112.9s)
2026-06-25 01:14:24,753 - INFO - Test instance 0.8947, class 0.8326
Test instance 0.8947, class 0.8326
2026-06-25 01:14:24,773 - INFO - Best instance 0.8947, class 0.8326 (epoch 24)
Best instance 0.8947, class 0.8326 (epoch 24)
2026-06-25 01:14:24,791 - INFO - Epoch 25/200:
Epoch 25/200:
2026-06-25 01:16:17,715 - INFO - Train loss: 0.5672 (112.9s)
Train loss: 0.5672 (112.9s)
2026-06-25 01:16:45,637 - INFO - Test instance 0.8906, class 0.8433
Test instance 0.8906, class 0.8433
2026-06-25 01:16:45,641 - INFO - Best instance 0.8947, class 0.8326 (epoch 24)
Best instance 0.8947, class 0.8326 (epoch 24)
2026-06-25 01:16:45,660 - INFO - Epoch 26/200:
Epoch 26/200:
2026-06-25 01:18:38,603 - INFO - Train loss: 0.5620 (112.9s)
Train loss: 0.5620 (112.9s)
2026-06-25 01:19:06,501 - INFO - Test instance 0.8825, class 0.8301
Test instance 0.8825, class 0.8301
2026-06-25 01:19:06,504 - INFO - Best instance 0.8947, class 0.8326 (epoch 24)
Best instance 0.8947, class 0.8326 (epoch 24)
2026-06-25 01:19:06,523 - INFO - Epoch 27/200:
Epoch 27/200:
2026-06-25 01:20:59,301 - INFO - Train loss: 0.5517 (112.8s)
Train loss: 0.5517 (112.8s)
2026-06-25 01:21:27,433 - INFO - Test instance 0.8902, class 0.8245
Test instance 0.8902, class 0.8245
2026-06-25 01:21:27,436 - INFO - Best instance 0.8947, class 0.8326 (epoch 24)
Best instance 0.8947, class 0.8326 (epoch 24)
2026-06-25 01:21:27,454 - INFO - Epoch 28/200:
Epoch 28/200:
2026-06-25 01:23:19,743 - INFO - Train loss: 0.5568 (112.3s)
Train loss: 0.5568 (112.3s)
2026-06-25 01:23:47,565 - INFO - Test instance 0.8784, class 0.8438
Test instance 0.8784, class 0.8438
2026-06-25 01:23:47,578 - INFO - Best instance 0.8947, class 0.8326 (epoch 24)
Best instance 0.8947, class 0.8326 (epoch 24)
2026-06-25 01:23:47,600 - INFO - Epoch 29/200:
Epoch 29/200:
2026-06-25 01:25:40,139 - INFO - Train loss: 0.5571 (112.5s)
Train loss: 0.5571 (112.5s)
2026-06-25 01:26:07,886 - INFO - Test instance 0.8768, class 0.8276
Test instance 0.8768, class 0.8276
2026-06-25 01:26:07,888 - INFO - Best instance 0.8947, class 0.8326 (epoch 24)
Best instance 0.8947, class 0.8326 (epoch 24)
2026-06-25 01:26:07,907 - INFO - Epoch 30/200:
Epoch 30/200:
2026-06-25 01:28:01,135 - INFO - Train loss: 0.5522 (113.2s)
Train loss: 0.5522 (113.2s)
2026-06-25 01:28:28,870 - INFO - Test instance 0.8805, class 0.8372
Test instance 0.8805, class 0.8372
2026-06-25 01:28:28,873 - INFO - Best instance 0.8947, class 0.8326 (epoch 24)
Best instance 0.8947, class 0.8326 (epoch 24)
2026-06-25 01:28:28,893 - INFO - Epoch 31/200:
Epoch 31/200:
2026-06-25 01:30:23,184 - INFO - Train loss: 0.5540 (114.3s)
Train loss: 0.5540 (114.3s)
2026-06-25 01:30:50,731 - INFO - Test instance 0.8914, class 0.8421
Test instance 0.8914, class 0.8421
2026-06-25 01:30:50,735 - INFO - Best instance 0.8947, class 0.8326 (epoch 24)
Best instance 0.8947, class 0.8326 (epoch 24)
2026-06-25 01:30:50,754 - INFO - Epoch 32/200:
Epoch 32/200:
2026-06-25 01:32:44,228 - INFO - Train loss: 0.5526 (113.5s)
Train loss: 0.5526 (113.5s)
2026-06-25 01:33:11,676 - INFO - Test instance 0.8979, class 0.8432
Test instance 0.8979, class 0.8432
2026-06-25 01:33:11,697 - INFO - Best instance 0.8979, class 0.8432 (epoch 32)
Best instance 0.8979, class 0.8432 (epoch 32)
2026-06-25 01:33:11,714 - INFO - Epoch 33/200:
Epoch 33/200:
2026-06-25 01:35:05,272 - INFO - Train loss: 0.5481 (113.6s)
Train loss: 0.5481 (113.6s)
2026-06-25 01:35:32,777 - INFO - Test instance 0.8922, class 0.8308
Test instance 0.8922, class 0.8308
2026-06-25 01:35:32,780 - INFO - Best instance 0.8979, class 0.8432 (epoch 32)
Best instance 0.8979, class 0.8432 (epoch 32)
2026-06-25 01:35:32,799 - INFO - Epoch 34/200:
Epoch 34/200:
2026-06-25 01:37:26,285 - INFO - Train loss: 0.5509 (113.5s)
Train loss: 0.5509 (113.5s)
2026-06-25 01:37:53,914 - INFO - Test instance 0.8918, class 0.8348
Test instance 0.8918, class 0.8348
2026-06-25 01:37:53,917 - INFO - Best instance 0.8979, class 0.8432 (epoch 32)
Best instance 0.8979, class 0.8432 (epoch 32)
2026-06-25 01:37:53,936 - INFO - Epoch 35/200:
Epoch 35/200:
2026-06-25 01:39:47,671 - INFO - Train loss: 0.5498 (113.7s)
Train loss: 0.5498 (113.7s)
2026-06-25 01:40:15,283 - INFO - Test instance 0.8999, class 0.8561
Test instance 0.8999, class 0.8561
2026-06-25 01:40:15,304 - INFO - Best instance 0.8999, class 0.8561 (epoch 35)
Best instance 0.8999, class 0.8561 (epoch 35)
2026-06-25 01:40:15,322 - INFO - Epoch 36/200:
Epoch 36/200:
2026-06-25 01:42:08,861 - INFO - Train loss: 0.5437 (113.5s)
Train loss: 0.5437 (113.5s)
2026-06-25 01:42:36,689 - INFO - Test instance 0.8894, class 0.8458
Test instance 0.8894, class 0.8458
2026-06-25 01:42:36,691 - INFO - Best instance 0.8999, class 0.8561 (epoch 35)
Best instance 0.8999, class 0.8561 (epoch 35)
2026-06-25 01:42:36,743 - INFO - Epoch 37/200:
Epoch 37/200:
2026-06-25 01:44:29,743 - INFO - Train loss: 0.5474 (113.0s)
Train loss: 0.5474 (113.0s)
2026-06-25 01:44:57,291 - INFO - Test instance 0.8967, class 0.8526
Test instance 0.8967, class 0.8526
2026-06-25 01:44:57,294 - INFO - Best instance 0.8999, class 0.8561 (epoch 35)
Best instance 0.8999, class 0.8561 (epoch 35)
2026-06-25 01:44:57,316 - INFO - Epoch 38/200:
Epoch 38/200:
2026-06-25 01:46:50,740 - INFO - Train loss: 0.5416 (113.4s)
Train loss: 0.5416 (113.4s)
2026-06-25 01:47:18,804 - INFO - Test instance 0.8963, class 0.8460
Test instance 0.8963, class 0.8460
2026-06-25 01:47:18,807 - INFO - Best instance 0.8999, class 0.8561 (epoch 35)
Best instance 0.8999, class 0.8561 (epoch 35)
2026-06-25 01:47:18,827 - INFO - Epoch 39/200:
Epoch 39/200:
2026-06-25 01:49:11,851 - INFO - Train loss: 0.5399 (113.0s)
Train loss: 0.5399 (113.0s)
2026-06-25 01:49:39,710 - INFO - Test instance 0.8991, class 0.8543
Test instance 0.8991, class 0.8543
2026-06-25 01:49:39,713 - INFO - Best instance 0.8999, class 0.8561 (epoch 35)
Best instance 0.8999, class 0.8561 (epoch 35)
2026-06-25 01:49:39,735 - INFO - Epoch 40/200:
Epoch 40/200:
2026-06-25 01:51:33,181 - INFO - Train loss: 0.5404 (113.4s)
Train loss: 0.5404 (113.4s)
2026-06-25 01:52:01,198 - INFO - Test instance 0.8979, class 0.8527
Test instance 0.8979, class 0.8527
2026-06-25 01:52:01,201 - INFO - Best instance 0.8999, class 0.8561 (epoch 35)
Best instance 0.8999, class 0.8561 (epoch 35)
2026-06-25 01:52:01,221 - INFO - Epoch 41/200:
Epoch 41/200:
2026-06-25 01:53:54,002 - INFO - Train loss: 0.5330 (112.8s)
Train loss: 0.5330 (112.8s)
2026-06-25 01:54:21,979 - INFO - Test instance 0.8999, class 0.8466
Test instance 0.8999, class 0.8466
2026-06-25 01:54:21,981 - INFO - Best instance 0.8999, class 0.8561 (epoch 35)
Best instance 0.8999, class 0.8561 (epoch 35)
2026-06-25 01:54:22,000 - INFO - Epoch 42/200:
Epoch 42/200:
2026-06-25 01:56:14,517 - INFO - Train loss: 0.5309 (112.5s)
Train loss: 0.5309 (112.5s)
2026-06-25 01:56:42,185 - INFO - Test instance 0.9052, class 0.8634
Test instance 0.9052, class 0.8634
2026-06-25 01:56:42,206 - INFO - Best instance 0.9052, class 0.8634 (epoch 42)
Best instance 0.9052, class 0.8634 (epoch 42)
2026-06-25 01:56:42,223 - INFO - Epoch 43/200:
Epoch 43/200:
2026-06-25 01:58:35,071 - INFO - Train loss: 0.5280 (112.8s)
Train loss: 0.5280 (112.8s)
2026-06-25 01:59:02,705 - INFO - Test instance 0.9028, class 0.8516
Test instance 0.9028, class 0.8516
2026-06-25 01:59:02,707 - INFO - Best instance 0.9052, class 0.8634 (epoch 42)
Best instance 0.9052, class 0.8634 (epoch 42)
2026-06-25 01:59:02,726 - INFO - Epoch 44/200:
Epoch 44/200:
2026-06-25 02:00:55,994 - INFO - Train loss: 0.5245 (113.3s)
Train loss: 0.5245 (113.3s)
2026-06-25 02:01:23,973 - INFO - Test instance 0.9007, class 0.8576
Test instance 0.9007, class 0.8576
2026-06-25 02:01:23,976 - INFO - Best instance 0.9052, class 0.8634 (epoch 42)
Best instance 0.9052, class 0.8634 (epoch 42)
2026-06-25 02:01:23,996 - INFO - Epoch 45/200:
Epoch 45/200:
2026-06-25 02:03:24,071 - INFO - Train loss: 0.5281 (120.1s)
Train loss: 0.5281 (120.1s)
2026-06-25 02:03:52,196 - INFO - Test instance 0.9044, class 0.8602
Test instance 0.9044, class 0.8602
2026-06-25 02:03:52,199 - INFO - Best instance 0.9052, class 0.8634 (epoch 42)
Best instance 0.9052, class 0.8634 (epoch 42)
2026-06-25 02:03:52,218 - INFO - Epoch 46/200:
Epoch 46/200:
2026-06-25 02:05:45,147 - INFO - Train loss: 0.5234 (112.9s)
Train loss: 0.5234 (112.9s)
2026-06-25 02:06:12,838 - INFO - Test instance 0.8975, class 0.8456
Test instance 0.8975, class 0.8456
2026-06-25 02:06:12,841 - INFO - Best instance 0.9052, class 0.8634 (epoch 42)
Best instance 0.9052, class 0.8634 (epoch 42)
2026-06-25 02:06:12,861 - INFO - Epoch 47/200:
Epoch 47/200:
2026-06-25 02:08:06,110 - INFO - Train loss: 0.5213 (113.2s)
Train loss: 0.5213 (113.2s)
2026-06-25 02:08:33,924 - INFO - Test instance 0.8947, class 0.8457
Test instance 0.8947, class 0.8457
2026-06-25 02:08:33,927 - INFO - Best instance 0.9052, class 0.8634 (epoch 42)
Best instance 0.9052, class 0.8634 (epoch 42)
2026-06-25 02:08:33,946 - INFO - Epoch 48/200:
Epoch 48/200:
2026-06-25 02:10:27,849 - INFO - Train loss: 0.5227 (113.9s)
Train loss: 0.5227 (113.9s)
2026-06-25 02:10:55,820 - INFO - Test instance 0.9048, class 0.8620
Test instance 0.9048, class 0.8620
2026-06-25 02:10:55,824 - INFO - Best instance 0.9052, class 0.8634 (epoch 42)
Best instance 0.9052, class 0.8634 (epoch 42)
2026-06-25 02:10:55,844 - INFO - Epoch 49/200:
Epoch 49/200:
2026-06-25 02:12:49,600 - INFO - Train loss: 0.5234 (113.8s)
Train loss: 0.5234 (113.8s)
2026-06-25 02:13:17,309 - INFO - Test instance 0.8983, class 0.8493
Test instance 0.8983, class 0.8493
2026-06-25 02:13:17,313 - INFO - Best instance 0.9052, class 0.8634 (epoch 42)
Best instance 0.9052, class 0.8634 (epoch 42)
2026-06-25 02:13:17,333 - INFO - Epoch 50/200:
Epoch 50/200:
2026-06-25 02:15:10,224 - INFO - Train loss: 0.5240 (112.9s)
Train loss: 0.5240 (112.9s)
2026-06-25 02:15:37,650 - INFO - Test instance 0.9056, class 0.8532
Test instance 0.9056, class 0.8532
2026-06-25 02:15:37,673 - INFO - Best instance 0.9056, class 0.8532 (epoch 50)
Best instance 0.9056, class 0.8532 (epoch 50)
2026-06-25 02:15:37,690 - INFO - Epoch 51/200:
Epoch 51/200:
2026-06-25 02:17:30,374 - INFO - Train loss: 0.5241 (112.7s)
Train loss: 0.5241 (112.7s)
2026-06-25 02:17:59,074 - INFO - Test instance 0.9056, class 0.8665
Test instance 0.9056, class 0.8665
2026-06-25 02:17:59,079 - INFO - Best instance 0.9056, class 0.8532 (epoch 50)
Best instance 0.9056, class 0.8532 (epoch 50)
2026-06-25 02:17:59,098 - INFO - Epoch 52/200:
Epoch 52/200:
2026-06-25 02:19:54,041 - INFO - Train loss: 0.5192 (114.9s)
Train loss: 0.5192 (114.9s)
2026-06-25 02:20:22,107 - INFO - Test instance 0.8971, class 0.8545
Test instance 0.8971, class 0.8545
2026-06-25 02:20:22,110 - INFO - Best instance 0.9056, class 0.8532 (epoch 50)
Best instance 0.9056, class 0.8532 (epoch 50)
2026-06-25 02:20:22,131 - INFO - Epoch 53/200:
Epoch 53/200:
2026-06-25 02:22:16,431 - INFO - Train loss: 0.5187 (114.3s)
Train loss: 0.5187 (114.3s)
2026-06-25 02:22:44,273 - INFO - Test instance 0.8991, class 0.8504
Test instance 0.8991, class 0.8504
2026-06-25 02:22:44,277 - INFO - Best instance 0.9056, class 0.8532 (epoch 50)
Best instance 0.9056, class 0.8532 (epoch 50)
2026-06-25 02:22:44,297 - INFO - Epoch 54/200:
Epoch 54/200:
2026-06-25 02:24:38,990 - INFO - Train loss: 0.5213 (114.7s)
Train loss: 0.5213 (114.7s)
2026-06-25 02:25:06,741 - INFO - Test instance 0.8951, class 0.8627
Test instance 0.8951, class 0.8627
2026-06-25 02:25:06,744 - INFO - Best instance 0.9056, class 0.8532 (epoch 50)
Best instance 0.9056, class 0.8532 (epoch 50)
2026-06-25 02:25:06,763 - INFO - Epoch 55/200:
Epoch 55/200:
2026-06-25 02:27:01,928 - INFO - Train loss: 0.5154 (115.2s)
Train loss: 0.5154 (115.2s)
2026-06-25 02:27:30,009 - INFO - Test instance 0.9072, class 0.8698
Test instance 0.9072, class 0.8698
2026-06-25 02:27:30,031 - INFO - Best instance 0.9072, class 0.8698 (epoch 55)
Best instance 0.9072, class 0.8698 (epoch 55)
2026-06-25 02:27:30,048 - INFO - Epoch 56/200:
Epoch 56/200:
2026-06-25 02:29:24,803 - INFO - Train loss: 0.5226 (114.8s)
Train loss: 0.5226 (114.8s)
2026-06-25 02:29:52,945 - INFO - Test instance 0.9040, class 0.8629
Test instance 0.9040, class 0.8629
2026-06-25 02:29:52,949 - INFO - Best instance 0.9072, class 0.8698 (epoch 55)
Best instance 0.9072, class 0.8698 (epoch 55)
2026-06-25 02:29:52,969 - INFO - Epoch 57/200:
Epoch 57/200:
2026-06-25 02:31:46,734 - INFO - Train loss: 0.5165 (113.8s)
Train loss: 0.5165 (113.8s)
2026-06-25 02:32:14,655 - INFO - Test instance 0.9024, class 0.8613
Test instance 0.9024, class 0.8613
2026-06-25 02:32:14,660 - INFO - Best instance 0.9072, class 0.8698 (epoch 55)
Best instance 0.9072, class 0.8698 (epoch 55)
2026-06-25 02:32:14,679 - INFO - Epoch 58/200:
Epoch 58/200:
2026-06-25 02:34:08,543 - INFO - Train loss: 0.5197 (113.9s)
Train loss: 0.5197 (113.9s)
2026-06-25 02:34:36,580 - INFO - Test instance 0.9048, class 0.8536
Test instance 0.9048, class 0.8536
2026-06-25 02:34:36,584 - INFO - Best instance 0.9072, class 0.8698 (epoch 55)
Best instance 0.9072, class 0.8698 (epoch 55)
2026-06-25 02:34:36,603 - INFO - Epoch 59/200:
Epoch 59/200:
2026-06-25 02:36:30,534 - INFO - Train loss: 0.5156 (113.9s)
Train loss: 0.5156 (113.9s)
2026-06-25 02:36:58,622 - INFO - Test instance 0.9028, class 0.8636
Test instance 0.9028, class 0.8636
2026-06-25 02:36:58,625 - INFO - Best instance 0.9072, class 0.8698 (epoch 55)
Best instance 0.9072, class 0.8698 (epoch 55)
2026-06-25 02:36:58,646 - INFO - Epoch 60/200:
Epoch 60/200:
2026-06-25 02:38:53,063 - INFO - Train loss: 0.5162 (114.4s)
Train loss: 0.5162 (114.4s)
2026-06-25 02:39:21,373 - INFO - Test instance 0.9028, class 0.8638
Test instance 0.9028, class 0.8638
2026-06-25 02:39:21,378 - INFO - Best instance 0.9072, class 0.8698 (epoch 55)
Best instance 0.9072, class 0.8698 (epoch 55)
2026-06-25 02:39:21,397 - INFO - Epoch 61/200:
Epoch 61/200:
2026-06-25 02:41:15,488 - INFO - Train loss: 0.5092 (114.1s)
Train loss: 0.5092 (114.1s)
2026-06-25 02:41:43,487 - INFO - Test instance 0.9076, class 0.8626
Test instance 0.9076, class 0.8626
2026-06-25 02:41:43,509 - INFO - Best instance 0.9076, class 0.8626 (epoch 61)
Best instance 0.9076, class 0.8626 (epoch 61)
2026-06-25 02:41:43,527 - INFO - Epoch 62/200:
Epoch 62/200:
2026-06-25 02:43:37,364 - INFO - Train loss: 0.5101 (113.8s)
Train loss: 0.5101 (113.8s)
2026-06-25 02:44:05,134 - INFO - Test instance 0.9080, class 0.8725
Test instance 0.9080, class 0.8725
2026-06-25 02:44:05,154 - INFO - Best instance 0.9080, class 0.8725 (epoch 62)
Best instance 0.9080, class 0.8725 (epoch 62)
2026-06-25 02:44:05,172 - INFO - Epoch 63/200:
Epoch 63/200:
2026-06-25 02:45:58,120 - INFO - Train loss: 0.5075 (112.9s)
Train loss: 0.5075 (112.9s)
2026-06-25 02:46:25,923 - INFO - Test instance 0.9076, class 0.8641
Test instance 0.9076, class 0.8641
2026-06-25 02:46:25,926 - INFO - Best instance 0.9080, class 0.8725 (epoch 62)
Best instance 0.9080, class 0.8725 (epoch 62)
2026-06-25 02:46:25,946 - INFO - Epoch 64/200:
Epoch 64/200:
2026-06-25 02:48:18,713 - INFO - Train loss: 0.5024 (112.8s)
Train loss: 0.5024 (112.8s)
2026-06-25 02:48:46,611 - INFO - Test instance 0.9121, class 0.8668
Test instance 0.9121, class 0.8668
2026-06-25 02:48:46,633 - INFO - Best instance 0.9121, class 0.8668 (epoch 64)
Best instance 0.9121, class 0.8668 (epoch 64)
2026-06-25 02:48:46,651 - INFO - Epoch 65/200:
Epoch 65/200:
2026-06-25 02:50:39,266 - INFO - Train loss: 0.5031 (112.6s)
Train loss: 0.5031 (112.6s)
2026-06-25 02:51:06,849 - INFO - Test instance 0.9109, class 0.8704
Test instance 0.9109, class 0.8704
2026-06-25 02:51:06,853 - INFO - Best instance 0.9121, class 0.8668 (epoch 64)
Best instance 0.9121, class 0.8668 (epoch 64)
2026-06-25 02:51:06,872 - INFO - Epoch 66/200:
Epoch 66/200:
2026-06-25 02:52:59,835 - INFO - Train loss: 0.4995 (113.0s)
Train loss: 0.4995 (113.0s)
2026-06-25 02:53:27,381 - INFO - Test instance 0.9064, class 0.8655
Test instance 0.9064, class 0.8655
2026-06-25 02:53:27,385 - INFO - Best instance 0.9121, class 0.8668 (epoch 64)
Best instance 0.9121, class 0.8668 (epoch 64)
2026-06-25 02:53:27,404 - INFO - Epoch 67/200:
Epoch 67/200:
2026-06-25 02:55:20,129 - INFO - Train loss: 0.5050 (112.7s)
Train loss: 0.5050 (112.7s)
2026-06-25 02:55:47,521 - INFO - Test instance 0.9044, class 0.8641
Test instance 0.9044, class 0.8641
2026-06-25 02:55:47,525 - INFO - Best instance 0.9121, class 0.8668 (epoch 64)
Best instance 0.9121, class 0.8668 (epoch 64)
2026-06-25 02:55:47,554 - INFO - Epoch 68/200:
Epoch 68/200:
2026-06-25 02:57:40,397 - INFO - Train loss: 0.5004 (112.8s)
Train loss: 0.5004 (112.8s)
2026-06-25 02:58:08,020 - INFO - Test instance 0.9068, class 0.8657
Test instance 0.9068, class 0.8657
2026-06-25 02:58:08,023 - INFO - Best instance 0.9121, class 0.8668 (epoch 64)
Best instance 0.9121, class 0.8668 (epoch 64)
2026-06-25 02:58:08,051 - INFO - Epoch 69/200:
Epoch 69/200:
2026-06-25 03:00:01,252 - INFO - Train loss: 0.5045 (113.2s)
Train loss: 0.5045 (113.2s)
2026-06-25 03:00:28,858 - INFO - Test instance 0.9117, class 0.8724
Test instance 0.9117, class 0.8724
2026-06-25 03:00:28,861 - INFO - Best instance 0.9121, class 0.8668 (epoch 64)
Best instance 0.9121, class 0.8668 (epoch 64)
2026-06-25 03:00:28,887 - INFO - Epoch 70/200:
Epoch 70/200:
2026-06-25 03:02:21,904 - INFO - Train loss: 0.5010 (113.0s)
Train loss: 0.5010 (113.0s)
2026-06-25 03:02:49,494 - INFO - Test instance 0.9092, class 0.8641
Test instance 0.9092, class 0.8641
2026-06-25 03:02:49,499 - INFO - Best instance 0.9121, class 0.8668 (epoch 64)
Best instance 0.9121, class 0.8668 (epoch 64)
2026-06-25 03:02:49,517 - INFO - Epoch 71/200:
Epoch 71/200:
2026-06-25 03:04:42,115 - INFO - Train loss: 0.5025 (112.6s)
Train loss: 0.5025 (112.6s)
2026-06-25 03:05:09,480 - INFO - Test instance 0.9165, class 0.8793
Test instance 0.9165, class 0.8793
2026-06-25 03:05:09,501 - INFO - Best instance 0.9165, class 0.8793 (epoch 71)
Best instance 0.9165, class 0.8793 (epoch 71)
2026-06-25 03:05:09,537 - INFO - Epoch 72/200:
Epoch 72/200:
2026-06-25 03:07:02,075 - INFO - Train loss: 0.4955 (112.5s)
Train loss: 0.4955 (112.5s)
2026-06-25 03:07:29,649 - INFO - Test instance 0.9080, class 0.8646
Test instance 0.9080, class 0.8646
2026-06-25 03:07:29,653 - INFO - Best instance 0.9165, class 0.8793 (epoch 71)
Best instance 0.9165, class 0.8793 (epoch 71)
2026-06-25 03:07:29,672 - INFO - Epoch 73/200:
Epoch 73/200:
2026-06-25 03:09:21,625 - INFO - Train loss: 0.5015 (112.0s)
Train loss: 0.5015 (112.0s)
2026-06-25 03:09:49,314 - INFO - Test instance 0.9137, class 0.8754
Test instance 0.9137, class 0.8754
2026-06-25 03:09:49,318 - INFO - Best instance 0.9165, class 0.8793 (epoch 71)
Best instance 0.9165, class 0.8793 (epoch 71)
2026-06-25 03:09:49,336 - INFO - Epoch 74/200:
Epoch 74/200:
2026-06-25 03:11:41,731 - INFO - Train loss: 0.5028 (112.4s)
Train loss: 0.5028 (112.4s)
2026-06-25 03:12:09,298 - INFO - Test instance 0.9040, class 0.8636
Test instance 0.9040, class 0.8636
2026-06-25 03:12:09,302 - INFO - Best instance 0.9165, class 0.8793 (epoch 71)
Best instance 0.9165, class 0.8793 (epoch 71)
2026-06-25 03:12:09,321 - INFO - Epoch 75/200:
Epoch 75/200:
2026-06-25 03:14:01,482 - INFO - Train loss: 0.5007 (112.2s)
Train loss: 0.5007 (112.2s)
2026-06-25 03:14:29,216 - INFO - Test instance 0.9109, class 0.8757
Test instance 0.9109, class 0.8757
2026-06-25 03:14:29,220 - INFO - Best instance 0.9165, class 0.8793 (epoch 71)
Best instance 0.9165, class 0.8793 (epoch 71)
2026-06-25 03:14:29,240 - INFO - Epoch 76/200:
Epoch 76/200:
2026-06-25 03:16:21,720 - INFO - Train loss: 0.5017 (112.5s)
Train loss: 0.5017 (112.5s)
2026-06-25 03:16:49,345 - INFO - Test instance 0.9113, class 0.8693
Test instance 0.9113, class 0.8693
2026-06-25 03:16:49,363 - INFO - Best instance 0.9165, class 0.8793 (epoch 71)
Best instance 0.9165, class 0.8793 (epoch 71)
2026-06-25 03:16:49,383 - INFO - Epoch 77/200:
Epoch 77/200:
2026-06-25 03:18:42,423 - INFO - Train loss: 0.4986 (113.0s)
Train loss: 0.4986 (113.0s)
2026-06-25 03:19:10,237 - INFO - Test instance 0.9060, class 0.8706
Test instance 0.9060, class 0.8706
2026-06-25 03:19:10,241 - INFO - Best instance 0.9165, class 0.8793 (epoch 71)
Best instance 0.9165, class 0.8793 (epoch 71)
2026-06-25 03:19:10,259 - INFO - Epoch 78/200:
Epoch 78/200:
2026-06-25 03:21:02,907 - INFO - Train loss: 0.5000 (112.6s)
Train loss: 0.5000 (112.6s)
2026-06-25 03:21:30,568 - INFO - Test instance 0.9092, class 0.8702
Test instance 0.9092, class 0.8702
2026-06-25 03:21:30,572 - INFO - Best instance 0.9165, class 0.8793 (epoch 71)
Best instance 0.9165, class 0.8793 (epoch 71)
2026-06-25 03:21:30,590 - INFO - Epoch 79/200:
Epoch 79/200:
2026-06-25 03:23:23,942 - INFO - Train loss: 0.4956 (113.4s)
Train loss: 0.4956 (113.4s)
2026-06-25 03:23:51,694 - INFO - Test instance 0.9048, class 0.8629
Test instance 0.9048, class 0.8629
2026-06-25 03:23:51,698 - INFO - Best instance 0.9165, class 0.8793 (epoch 71)
Best instance 0.9165, class 0.8793 (epoch 71)
2026-06-25 03:23:51,716 - INFO - Epoch 80/200:
Epoch 80/200:
2026-06-25 03:25:44,514 - INFO - Train loss: 0.5015 (112.8s)
Train loss: 0.5015 (112.8s)
2026-06-25 03:26:12,429 - INFO - Test instance 0.9084, class 0.8587
Test instance 0.9084, class 0.8587
2026-06-25 03:26:12,433 - INFO - Best instance 0.9165, class 0.8793 (epoch 71)
Best instance 0.9165, class 0.8793 (epoch 71)
2026-06-25 03:26:12,453 - INFO - Epoch 81/200:
Epoch 81/200:
2026-06-25 03:28:05,396 - INFO - Train loss: 0.4932 (112.9s)
Train loss: 0.4932 (112.9s)
2026-06-25 03:28:33,434 - INFO - Test instance 0.9096, class 0.8661
Test instance 0.9096, class 0.8661
2026-06-25 03:28:33,438 - INFO - Best instance 0.9165, class 0.8793 (epoch 71)
Best instance 0.9165, class 0.8793 (epoch 71)
2026-06-25 03:28:33,457 - INFO - Epoch 82/200:
Epoch 82/200:
2026-06-25 03:30:26,712 - INFO - Train loss: 0.4890 (113.3s)
Train loss: 0.4890 (113.3s)
2026-06-25 03:30:54,769 - INFO - Test instance 0.9100, class 0.8710
Test instance 0.9100, class 0.8710
2026-06-25 03:30:54,774 - INFO - Best instance 0.9165, class 0.8793 (epoch 71)
Best instance 0.9165, class 0.8793 (epoch 71)
2026-06-25 03:30:54,793 - INFO - Epoch 83/200:
Epoch 83/200:
2026-06-25 03:32:48,722 - INFO - Train loss: 0.4919 (113.9s)
Train loss: 0.4919 (113.9s)
2026-06-25 03:33:16,359 - INFO - Test instance 0.9105, class 0.8673
Test instance 0.9105, class 0.8673
2026-06-25 03:33:16,363 - INFO - Best instance 0.9165, class 0.8793 (epoch 71)
Best instance 0.9165, class 0.8793 (epoch 71)
2026-06-25 03:33:16,384 - INFO - Epoch 84/200:
Epoch 84/200:
2026-06-25 03:35:09,376 - INFO - Train loss: 0.4915 (113.0s)
Train loss: 0.4915 (113.0s)
2026-06-25 03:35:36,879 - INFO - Test instance 0.9161, class 0.8772
Test instance 0.9161, class 0.8772
2026-06-25 03:35:36,883 - INFO - Best instance 0.9165, class 0.8793 (epoch 71)
Best instance 0.9165, class 0.8793 (epoch 71)
2026-06-25 03:35:36,902 - INFO - Epoch 85/200:
Epoch 85/200:
2026-06-25 03:37:29,922 - INFO - Train loss: 0.4892 (113.0s)
Train loss: 0.4892 (113.0s)
2026-06-25 03:37:57,549 - INFO - Test instance 0.9161, class 0.8778
Test instance 0.9161, class 0.8778
2026-06-25 03:37:57,552 - INFO - Best instance 0.9165, class 0.8793 (epoch 71)
Best instance 0.9165, class 0.8793 (epoch 71)
2026-06-25 03:37:57,571 - INFO - Epoch 86/200:
Epoch 86/200:
2026-06-25 03:39:51,714 - INFO - Train loss: 0.4864 (114.1s)
Train loss: 0.4864 (114.1s)
2026-06-25 03:40:19,265 - INFO - Test instance 0.9149, class 0.8712
Test instance 0.9149, class 0.8712
2026-06-25 03:40:19,269 - INFO - Best instance 0.9165, class 0.8793 (epoch 71)
Best instance 0.9165, class 0.8793 (epoch 71)
2026-06-25 03:40:19,289 - INFO - Epoch 87/200:
Epoch 87/200:
2026-06-25 03:42:12,841 - INFO - Train loss: 0.4908 (113.6s)
Train loss: 0.4908 (113.6s)
2026-06-25 03:42:40,223 - INFO - Test instance 0.9125, class 0.8690
Test instance 0.9125, class 0.8690
2026-06-25 03:42:40,227 - INFO - Best instance 0.9165, class 0.8793 (epoch 71)
Best instance 0.9165, class 0.8793 (epoch 71)
2026-06-25 03:42:40,246 - INFO - Epoch 88/200:
Epoch 88/200:
2026-06-25 03:44:34,323 - INFO - Train loss: 0.4860 (114.1s)
Train loss: 0.4860 (114.1s)
2026-06-25 03:45:01,402 - INFO - Test instance 0.9141, class 0.8760
Test instance 0.9141, class 0.8760
2026-06-25 03:45:01,406 - INFO - Best instance 0.9165, class 0.8793 (epoch 71)
Best instance 0.9165, class 0.8793 (epoch 71)
2026-06-25 03:45:01,425 - INFO - Epoch 89/200:
Epoch 89/200:
2026-06-25 03:46:54,693 - INFO - Train loss: 0.4864 (113.3s)
Train loss: 0.4864 (113.3s)
2026-06-25 03:47:22,316 - INFO - Test instance 0.9145, class 0.8709
Test instance 0.9145, class 0.8709
2026-06-25 03:47:22,320 - INFO - Best instance 0.9165, class 0.8793 (epoch 71)
Best instance 0.9165, class 0.8793 (epoch 71)
2026-06-25 03:47:22,338 - INFO - Epoch 90/200:
Epoch 90/200:
2026-06-25 03:49:15,451 - INFO - Train loss: 0.4878 (113.1s)
Train loss: 0.4878 (113.1s)
2026-06-25 03:49:43,160 - INFO - Test instance 0.9105, class 0.8669
Test instance 0.9105, class 0.8669
2026-06-25 03:49:43,164 - INFO - Best instance 0.9165, class 0.8793 (epoch 71)
Best instance 0.9165, class 0.8793 (epoch 71)
2026-06-25 03:49:43,182 - INFO - Epoch 91/200:
Epoch 91/200:
2026-06-25 03:51:36,279 - INFO - Train loss: 0.4862 (113.1s)
Train loss: 0.4862 (113.1s)
2026-06-25 03:52:04,215 - INFO - Test instance 0.9169, class 0.8799
Test instance 0.9169, class 0.8799
2026-06-25 03:52:04,237 - INFO - Best instance 0.9169, class 0.8799 (epoch 91)
Best instance 0.9169, class 0.8799 (epoch 91)
2026-06-25 03:52:04,254 - INFO - Epoch 92/200:
Epoch 92/200:
2026-06-25 03:53:56,797 - INFO - Train loss: 0.4854 (112.5s)
Train loss: 0.4854 (112.5s)
2026-06-25 03:54:24,544 - INFO - Test instance 0.9141, class 0.8718
Test instance 0.9141, class 0.8718
2026-06-25 03:54:24,548 - INFO - Best instance 0.9169, class 0.8799 (epoch 91)
Best instance 0.9169, class 0.8799 (epoch 91)
2026-06-25 03:54:24,568 - INFO - Epoch 93/200:
Epoch 93/200:
2026-06-25 03:56:17,240 - INFO - Train loss: 0.4880 (112.7s)
Train loss: 0.4880 (112.7s)
2026-06-25 03:56:45,282 - INFO - Test instance 0.9117, class 0.8710
Test instance 0.9117, class 0.8710
2026-06-25 03:56:45,286 - INFO - Best instance 0.9169, class 0.8799 (epoch 91)
Best instance 0.9169, class 0.8799 (epoch 91)
2026-06-25 03:56:45,306 - INFO - Epoch 94/200:
Epoch 94/200:
2026-06-25 03:58:38,762 - INFO - Train loss: 0.4874 (113.5s)
Train loss: 0.4874 (113.5s)
2026-06-25 03:59:06,745 - INFO - Test instance 0.9133, class 0.8726
Test instance 0.9133, class 0.8726
2026-06-25 03:59:06,749 - INFO - Best instance 0.9169, class 0.8799 (epoch 91)
Best instance 0.9169, class 0.8799 (epoch 91)
2026-06-25 03:59:06,767 - INFO - Epoch 95/200:
Epoch 95/200:
2026-06-25 04:00:59,358 - INFO - Train loss: 0.4839 (112.6s)
Train loss: 0.4839 (112.6s)
2026-06-25 04:01:27,165 - INFO - Test instance 0.9064, class 0.8655
Test instance 0.9064, class 0.8655
2026-06-25 04:01:27,169 - INFO - Best instance 0.9169, class 0.8799 (epoch 91)
Best instance 0.9169, class 0.8799 (epoch 91)
2026-06-25 04:01:27,189 - INFO - Epoch 96/200:
Epoch 96/200:
2026-06-25 04:03:20,306 - INFO - Train loss: 0.4879 (113.1s)
Train loss: 0.4879 (113.1s)
2026-06-25 04:03:48,202 - INFO - Test instance 0.9161, class 0.8707
Test instance 0.9161, class 0.8707
2026-06-25 04:03:48,206 - INFO - Best instance 0.9169, class 0.8799 (epoch 91)
Best instance 0.9169, class 0.8799 (epoch 91)
2026-06-25 04:03:48,233 - INFO - Epoch 97/200:
Epoch 97/200:
2026-06-25 04:05:41,025 - INFO - Train loss: 0.4885 (112.8s)
Train loss: 0.4885 (112.8s)
2026-06-25 04:06:08,954 - INFO - Test instance 0.9145, class 0.8747
Test instance 0.9145, class 0.8747
2026-06-25 04:06:08,964 - INFO - Best instance 0.9169, class 0.8799 (epoch 91)
Best instance 0.9169, class 0.8799 (epoch 91)
2026-06-25 04:06:08,983 - INFO - Epoch 98/200:
Epoch 98/200:
2026-06-25 04:08:01,985 - INFO - Train loss: 0.4869 (113.0s)
Train loss: 0.4869 (113.0s)
2026-06-25 04:08:30,099 - INFO - Test instance 0.9141, class 0.8759
Test instance 0.9141, class 0.8759
2026-06-25 04:08:30,103 - INFO - Best instance 0.9169, class 0.8799 (epoch 91)
Best instance 0.9169, class 0.8799 (epoch 91)
2026-06-25 04:08:30,123 - INFO - Epoch 99/200:
Epoch 99/200:
2026-06-25 04:10:22,699 - INFO - Train loss: 0.4826 (112.6s)
Train loss: 0.4826 (112.6s)
2026-06-25 04:10:50,619 - INFO - Test instance 0.9149, class 0.8773
Test instance 0.9149, class 0.8773
2026-06-25 04:10:50,622 - INFO - Best instance 0.9169, class 0.8799 (epoch 91)
Best instance 0.9169, class 0.8799 (epoch 91)
2026-06-25 04:10:50,641 - INFO - Epoch 100/200:
Epoch 100/200:
2026-06-25 04:12:43,586 - INFO - Train loss: 0.4850 (112.9s)
Train loss: 0.4850 (112.9s)
2026-06-25 04:13:11,226 - INFO - Test instance 0.9198, class 0.8803
Test instance 0.9198, class 0.8803
2026-06-25 04:13:11,248 - INFO - Best instance 0.9198, class 0.8803 (epoch 100)
Best instance 0.9198, class 0.8803 (epoch 100)
2026-06-25 04:13:11,264 - INFO - Epoch 101/200:
Epoch 101/200:
2026-06-25 04:15:04,441 - INFO - Train loss: 0.4833 (113.2s)
Train loss: 0.4833 (113.2s)
2026-06-25 04:15:31,700 - INFO - Test instance 0.9157, class 0.8830
Test instance 0.9157, class 0.8830
2026-06-25 04:15:31,706 - INFO - Best instance 0.9198, class 0.8803 (epoch 100)
Best instance 0.9198, class 0.8803 (epoch 100)
2026-06-25 04:15:31,724 - INFO - Epoch 102/200:
Epoch 102/200:
2026-06-25 04:17:24,918 - INFO - Train loss: 0.4819 (113.2s)
Train loss: 0.4819 (113.2s)
2026-06-25 04:17:52,294 - INFO - Test instance 0.9169, class 0.8788
Test instance 0.9169, class 0.8788
2026-06-25 04:17:52,298 - INFO - Best instance 0.9198, class 0.8803 (epoch 100)
Best instance 0.9198, class 0.8803 (epoch 100)
2026-06-25 04:17:52,316 - INFO - Epoch 103/200:
Epoch 103/200:
2026-06-25 04:19:45,460 - INFO - Train loss: 0.4810 (113.1s)
Train loss: 0.4810 (113.1s)
2026-06-25 04:20:12,288 - INFO - Test instance 0.9129, class 0.8742
Test instance 0.9129, class 0.8742
2026-06-25 04:20:12,293 - INFO - Best instance 0.9198, class 0.8803 (epoch 100)
Best instance 0.9198, class 0.8803 (epoch 100)
2026-06-25 04:20:12,311 - INFO - Epoch 104/200:
Epoch 104/200:
2026-06-25 04:22:05,742 - INFO - Train loss: 0.4797 (113.4s)
Train loss: 0.4797 (113.4s)
2026-06-25 04:22:33,059 - INFO - Test instance 0.9194, class 0.8849
Test instance 0.9194, class 0.8849
2026-06-25 04:22:33,062 - INFO - Best instance 0.9198, class 0.8803 (epoch 100)
Best instance 0.9198, class 0.8803 (epoch 100)
2026-06-25 04:22:33,080 - INFO - Epoch 105/200:
Epoch 105/200:
2026-06-25 04:24:26,720 - INFO - Train loss: 0.4812 (113.6s)
Train loss: 0.4812 (113.6s)
2026-06-25 04:24:54,277 - INFO - Test instance 0.9153, class 0.8742
Test instance 0.9153, class 0.8742
2026-06-25 04:24:54,282 - INFO - Best instance 0.9198, class 0.8803 (epoch 100)
Best instance 0.9198, class 0.8803 (epoch 100)
2026-06-25 04:24:54,301 - INFO - Epoch 106/200:
Epoch 106/200:
2026-06-25 04:26:48,058 - INFO - Train loss: 0.4789 (113.8s)
Train loss: 0.4789 (113.8s)
2026-06-25 04:27:15,718 - INFO - Test instance 0.9161, class 0.8734
Test instance 0.9161, class 0.8734
2026-06-25 04:27:15,723 - INFO - Best instance 0.9198, class 0.8803 (epoch 100)
Best instance 0.9198, class 0.8803 (epoch 100)
2026-06-25 04:27:15,742 - INFO - Epoch 107/200:
Epoch 107/200:
2026-06-25 04:29:09,450 - INFO - Train loss: 0.4770 (113.7s)
Train loss: 0.4770 (113.7s)
2026-06-25 04:29:37,466 - INFO - Test instance 0.9141, class 0.8732
Test instance 0.9141, class 0.8732
2026-06-25 04:29:37,471 - INFO - Best instance 0.9198, class 0.8803 (epoch 100)
Best instance 0.9198, class 0.8803 (epoch 100)
2026-06-25 04:29:37,500 - INFO - Epoch 108/200:
Epoch 108/200:
2026-06-25 04:31:30,543 - INFO - Train loss: 0.4787 (113.0s)
Train loss: 0.4787 (113.0s)
2026-06-25 04:31:58,597 - INFO - Test instance 0.9100, class 0.8693
Test instance 0.9100, class 0.8693
2026-06-25 04:31:58,603 - INFO - Best instance 0.9198, class 0.8803 (epoch 100)
Best instance 0.9198, class 0.8803 (epoch 100)
2026-06-25 04:31:58,636 - INFO - Epoch 109/200:
Epoch 109/200:
2026-06-25 04:33:52,040 - INFO - Train loss: 0.4805 (113.4s)
Train loss: 0.4805 (113.4s)
2026-06-25 04:34:20,060 - INFO - Test instance 0.9173, class 0.8755
Test instance 0.9173, class 0.8755
2026-06-25 04:34:20,064 - INFO - Best instance 0.9198, class 0.8803 (epoch 100)
Best instance 0.9198, class 0.8803 (epoch 100)
2026-06-25 04:34:20,083 - INFO - Epoch 110/200:
Epoch 110/200:
2026-06-25 04:36:12,660 - INFO - Train loss: 0.4815 (112.6s)
Train loss: 0.4815 (112.6s)
2026-06-25 04:36:40,623 - INFO - Test instance 0.9161, class 0.8780
Test instance 0.9161, class 0.8780
2026-06-25 04:36:40,627 - INFO - Best instance 0.9198, class 0.8803 (epoch 100)
Best instance 0.9198, class 0.8803 (epoch 100)
2026-06-25 04:36:40,648 - INFO - Epoch 111/200:
Epoch 111/200:
2026-06-25 04:38:33,973 - INFO - Train loss: 0.4779 (113.3s)
Train loss: 0.4779 (113.3s)
2026-06-25 04:39:01,821 - INFO - Test instance 0.9096, class 0.8731
Test instance 0.9096, class 0.8731
2026-06-25 04:39:01,825 - INFO - Best instance 0.9198, class 0.8803 (epoch 100)
Best instance 0.9198, class 0.8803 (epoch 100)
2026-06-25 04:39:01,843 - INFO - Epoch 112/200:
Epoch 112/200:
2026-06-25 04:40:54,687 - INFO - Train loss: 0.4759 (112.8s)
Train loss: 0.4759 (112.8s)
2026-06-25 04:41:22,463 - INFO - Test instance 0.9173, class 0.8827
Test instance 0.9173, class 0.8827
2026-06-25 04:41:22,467 - INFO - Best instance 0.9198, class 0.8803 (epoch 100)
Best instance 0.9198, class 0.8803 (epoch 100)
2026-06-25 04:41:22,486 - INFO - Epoch 113/200:
Epoch 113/200:
2026-06-25 04:43:15,234 - INFO - Train loss: 0.4756 (112.7s)
Train loss: 0.4756 (112.7s)
2026-06-25 04:43:42,846 - INFO - Test instance 0.9153, class 0.8759
Test instance 0.9153, class 0.8759
2026-06-25 04:43:42,851 - INFO - Best instance 0.9198, class 0.8803 (epoch 100)
Best instance 0.9198, class 0.8803 (epoch 100)
2026-06-25 04:43:42,871 - INFO - Epoch 114/200:
Epoch 114/200:
2026-06-25 04:45:35,999 - INFO - Train loss: 0.4773 (113.1s)
Train loss: 0.4773 (113.1s)
2026-06-25 04:46:03,795 - INFO - Test instance 0.9194, class 0.8794
Test instance 0.9194, class 0.8794
2026-06-25 04:46:03,800 - INFO - Best instance 0.9198, class 0.8803 (epoch 100)
Best instance 0.9198, class 0.8803 (epoch 100)
2026-06-25 04:46:03,819 - INFO - Epoch 115/200:
Epoch 115/200:
2026-06-25 04:47:56,559 - INFO - Train loss: 0.4767 (112.7s)
Train loss: 0.4767 (112.7s)
2026-06-25 04:48:23,973 - INFO - Test instance 0.9137, class 0.8797
Test instance 0.9137, class 0.8797
2026-06-25 04:48:23,977 - INFO - Best instance 0.9198, class 0.8803 (epoch 100)
Best instance 0.9198, class 0.8803 (epoch 100)
2026-06-25 04:48:23,996 - INFO - Epoch 116/200:
Epoch 116/200:
2026-06-25 04:50:17,656 - INFO - Train loss: 0.4750 (113.7s)
Train loss: 0.4750 (113.7s)
2026-06-25 04:50:45,367 - INFO - Test instance 0.9121, class 0.8768
Test instance 0.9121, class 0.8768
2026-06-25 04:50:45,371 - INFO - Best instance 0.9198, class 0.8803 (epoch 100)
Best instance 0.9198, class 0.8803 (epoch 100)
2026-06-25 04:50:45,390 - INFO - Epoch 117/200:
Epoch 117/200:
2026-06-25 04:52:39,020 - INFO - Train loss: 0.4768 (113.6s)
Train loss: 0.4768 (113.6s)
2026-06-25 04:53:06,819 - INFO - Test instance 0.9129, class 0.8775
Test instance 0.9129, class 0.8775
2026-06-25 04:53:06,823 - INFO - Best instance 0.9198, class 0.8803 (epoch 100)
Best instance 0.9198, class 0.8803 (epoch 100)
2026-06-25 04:53:06,842 - INFO - Epoch 118/200:
Epoch 118/200:
2026-06-25 04:55:00,126 - INFO - Train loss: 0.4744 (113.3s)
Train loss: 0.4744 (113.3s)
2026-06-25 04:55:27,766 - INFO - Test instance 0.9109, class 0.8739
Test instance 0.9109, class 0.8739
2026-06-25 04:55:27,770 - INFO - Best instance 0.9198, class 0.8803 (epoch 100)
Best instance 0.9198, class 0.8803 (epoch 100)
2026-06-25 04:55:27,790 - INFO - Epoch 119/200:
Epoch 119/200:
2026-06-25 04:57:21,174 - INFO - Train loss: 0.4766 (113.4s)
Train loss: 0.4766 (113.4s)
2026-06-25 04:57:48,697 - INFO - Test instance 0.9076, class 0.8748
Test instance 0.9076, class 0.8748
2026-06-25 04:57:48,701 - INFO - Best instance 0.9198, class 0.8803 (epoch 100)
Best instance 0.9198, class 0.8803 (epoch 100)
2026-06-25 04:57:48,720 - INFO - Epoch 120/200:
Epoch 120/200:
2026-06-25 04:59:41,610 - INFO - Train loss: 0.4746 (112.9s)
Train loss: 0.4746 (112.9s)
2026-06-25 05:00:09,266 - INFO - Test instance 0.9141, class 0.8698
Test instance 0.9141, class 0.8698
2026-06-25 05:00:09,269 - INFO - Best instance 0.9198, class 0.8803 (epoch 100)
Best instance 0.9198, class 0.8803 (epoch 100)
2026-06-25 05:00:09,288 - INFO - Epoch 121/200:
Epoch 121/200:
2026-06-25 05:02:02,471 - INFO - Train loss: 0.4715 (113.2s)
Train loss: 0.4715 (113.2s)
2026-06-25 05:02:30,153 - INFO - Test instance 0.9165, class 0.8811
Test instance 0.9165, class 0.8811
2026-06-25 05:02:30,157 - INFO - Best instance 0.9198, class 0.8803 (epoch 100)
Best instance 0.9198, class 0.8803 (epoch 100)
2026-06-25 05:02:30,176 - INFO - Epoch 122/200:
Epoch 122/200:
2026-06-25 05:04:23,182 - INFO - Train loss: 0.4716 (113.0s)
Train loss: 0.4716 (113.0s)
2026-06-25 05:04:51,009 - INFO - Test instance 0.9198, class 0.8787
Test instance 0.9198, class 0.8787
2026-06-25 05:04:51,013 - INFO - Best instance 0.9198, class 0.8803 (epoch 100)
Best instance 0.9198, class 0.8803 (epoch 100)
2026-06-25 05:04:51,034 - INFO - Epoch 123/200:
Epoch 123/200:
2026-06-25 05:06:44,410 - INFO - Train loss: 0.4713 (113.4s)
Train loss: 0.4713 (113.4s)
2026-06-25 05:07:12,249 - INFO - Test instance 0.9169, class 0.8795
Test instance 0.9169, class 0.8795
2026-06-25 05:07:12,252 - INFO - Best instance 0.9198, class 0.8803 (epoch 100)
Best instance 0.9198, class 0.8803 (epoch 100)
2026-06-25 05:07:12,271 - INFO - Epoch 124/200:
Epoch 124/200:
2026-06-25 05:09:05,262 - INFO - Train loss: 0.4732 (113.0s)
Train loss: 0.4732 (113.0s)
2026-06-25 05:09:32,994 - INFO - Test instance 0.9177, class 0.8785
Test instance 0.9177, class 0.8785
2026-06-25 05:09:32,998 - INFO - Best instance 0.9198, class 0.8803 (epoch 100)
Best instance 0.9198, class 0.8803 (epoch 100)
2026-06-25 05:09:33,018 - INFO - Epoch 125/200:
Epoch 125/200:
2026-06-25 05:11:25,888 - INFO - Train loss: 0.4729 (112.9s)
Train loss: 0.4729 (112.9s)
2026-06-25 05:11:53,528 - INFO - Test instance 0.9190, class 0.8787
Test instance 0.9190, class 0.8787
2026-06-25 05:11:53,533 - INFO - Best instance 0.9198, class 0.8803 (epoch 100)
Best instance 0.9198, class 0.8803 (epoch 100)
2026-06-25 05:11:53,554 - INFO - Epoch 126/200:
Epoch 126/200:
2026-06-25 05:13:45,830 - INFO - Train loss: 0.4729 (112.3s)
Train loss: 0.4729 (112.3s)
2026-06-25 05:14:13,561 - INFO - Test instance 0.9121, class 0.8735
Test instance 0.9121, class 0.8735
2026-06-25 05:14:13,565 - INFO - Best instance 0.9198, class 0.8803 (epoch 100)
Best instance 0.9198, class 0.8803 (epoch 100)
2026-06-25 05:14:13,583 - INFO - Epoch 127/200:
Epoch 127/200:
2026-06-25 05:16:05,773 - INFO - Train loss: 0.4704 (112.2s)
Train loss: 0.4704 (112.2s)
2026-06-25 05:16:33,451 - INFO - Test instance 0.9137, class 0.8707
Test instance 0.9137, class 0.8707
2026-06-25 05:16:33,454 - INFO - Best instance 0.9198, class 0.8803 (epoch 100)
Best instance 0.9198, class 0.8803 (epoch 100)
2026-06-25 05:16:33,475 - INFO - Epoch 128/200:
Epoch 128/200:
2026-06-25 05:18:25,817 - INFO - Train loss: 0.4679 (112.3s)
Train loss: 0.4679 (112.3s)
2026-06-25 05:18:53,569 - INFO - Test instance 0.9141, class 0.8717
Test instance 0.9141, class 0.8717
2026-06-25 05:18:53,573 - INFO - Best instance 0.9198, class 0.8803 (epoch 100)
Best instance 0.9198, class 0.8803 (epoch 100)
2026-06-25 05:18:53,593 - INFO - Epoch 129/200:
Epoch 129/200:
2026-06-25 05:20:46,320 - INFO - Train loss: 0.4733 (112.7s)
Train loss: 0.4733 (112.7s)
2026-06-25 05:21:14,304 - INFO - Test instance 0.9161, class 0.8743
Test instance 0.9161, class 0.8743
2026-06-25 05:21:14,307 - INFO - Best instance 0.9198, class 0.8803 (epoch 100)
Best instance 0.9198, class 0.8803 (epoch 100)
2026-06-25 05:21:14,327 - INFO - Epoch 130/200:
Epoch 130/200:
2026-06-25 05:23:07,632 - INFO - Train loss: 0.4689 (113.3s)
Train loss: 0.4689 (113.3s)
2026-06-25 05:23:35,644 - INFO - Test instance 0.9145, class 0.8752
Test instance 0.9145, class 0.8752
2026-06-25 05:23:35,647 - INFO - Best instance 0.9198, class 0.8803 (epoch 100)
Best instance 0.9198, class 0.8803 (epoch 100)
2026-06-25 05:23:35,667 - INFO - Epoch 131/200:
Epoch 131/200:
2026-06-25 05:25:28,638 - INFO - Train loss: 0.4665 (113.0s)
Train loss: 0.4665 (113.0s)
2026-06-25 05:25:56,477 - INFO - Test instance 0.9165, class 0.8752
Test instance 0.9165, class 0.8752
2026-06-25 05:25:56,481 - INFO - Best instance 0.9198, class 0.8803 (epoch 100)
Best instance 0.9198, class 0.8803 (epoch 100)
2026-06-25 05:25:56,501 - INFO - Epoch 132/200:
Epoch 132/200:
2026-06-25 05:27:49,932 - INFO - Train loss: 0.4705 (113.4s)
Train loss: 0.4705 (113.4s)
2026-06-25 05:28:17,945 - INFO - Test instance 0.9198, class 0.8797
Test instance 0.9198, class 0.8797
2026-06-25 05:28:17,950 - INFO - Best instance 0.9198, class 0.8803 (epoch 100)
Best instance 0.9198, class 0.8803 (epoch 100)
2026-06-25 05:28:17,968 - INFO - Epoch 133/200:
Epoch 133/200:
2026-06-25 05:30:11,409 - INFO - Train loss: 0.4711 (113.4s)
Train loss: 0.4711 (113.4s)
2026-06-25 05:30:39,328 - INFO - Test instance 0.9157, class 0.8790
Test instance 0.9157, class 0.8790
2026-06-25 05:30:39,332 - INFO - Best instance 0.9198, class 0.8803 (epoch 100)
Best instance 0.9198, class 0.8803 (epoch 100)
2026-06-25 05:30:39,351 - INFO - Epoch 134/200:
Epoch 134/200:
2026-06-25 05:32:32,096 - INFO - Train loss: 0.4702 (112.7s)
Train loss: 0.4702 (112.7s)
2026-06-25 05:32:59,893 - INFO - Test instance 0.9194, class 0.8834
Test instance 0.9194, class 0.8834
2026-06-25 05:32:59,897 - INFO - Best instance 0.9198, class 0.8803 (epoch 100)
Best instance 0.9198, class 0.8803 (epoch 100)
2026-06-25 05:32:59,916 - INFO - Epoch 135/200:
Epoch 135/200:
2026-06-25 05:34:52,857 - INFO - Train loss: 0.4687 (112.9s)
Train loss: 0.4687 (112.9s)
2026-06-25 05:35:21,090 - INFO - Test instance 0.9157, class 0.8803
Test instance 0.9157, class 0.8803
2026-06-25 05:35:21,094 - INFO - Best instance 0.9198, class 0.8803 (epoch 100)
Best instance 0.9198, class 0.8803 (epoch 100)
2026-06-25 05:35:21,112 - INFO - Epoch 136/200:
Epoch 136/200:
2026-06-25 05:37:14,163 - INFO - Train loss: 0.4692 (113.1s)
Train loss: 0.4692 (113.1s)
2026-06-25 05:37:41,905 - INFO - Test instance 0.9157, class 0.8735
Test instance 0.9157, class 0.8735
2026-06-25 05:37:41,910 - INFO - Best instance 0.9198, class 0.8803 (epoch 100)
Best instance 0.9198, class 0.8803 (epoch 100)
2026-06-25 05:37:41,929 - INFO - Epoch 137/200:
Epoch 137/200:
2026-06-25 05:39:34,958 - INFO - Train loss: 0.4706 (113.0s)
Train loss: 0.4706 (113.0s)
2026-06-25 05:40:02,615 - INFO - Test instance 0.9177, class 0.8755
Test instance 0.9177, class 0.8755
2026-06-25 05:40:02,619 - INFO - Best instance 0.9198, class 0.8803 (epoch 100)
Best instance 0.9198, class 0.8803 (epoch 100)
2026-06-25 05:40:02,638 - INFO - Epoch 138/200:
Epoch 138/200:
2026-06-25 05:41:55,823 - INFO - Train loss: 0.4674 (113.2s)
Train loss: 0.4674 (113.2s)
2026-06-25 05:42:23,437 - INFO - Test instance 0.9214, class 0.8845
Test instance 0.9214, class 0.8845
2026-06-25 05:42:23,458 - INFO - Best instance 0.9214, class 0.8845 (epoch 138)
Best instance 0.9214, class 0.8845 (epoch 138)
2026-06-25 05:42:23,475 - INFO - Epoch 139/200:
Epoch 139/200:
2026-06-25 05:44:17,395 - INFO - Train loss: 0.4654 (113.9s)
Train loss: 0.4654 (113.9s)
2026-06-25 05:44:45,264 - INFO - Test instance 0.9198, class 0.8787
Test instance 0.9198, class 0.8787
2026-06-25 05:44:45,268 - INFO - Best instance 0.9214, class 0.8845 (epoch 138)
Best instance 0.9214, class 0.8845 (epoch 138)
2026-06-25 05:44:45,285 - INFO - Epoch 140/200:
Epoch 140/200:
2026-06-25 05:46:38,579 - INFO - Train loss: 0.4688 (113.3s)
Train loss: 0.4688 (113.3s)
2026-06-25 05:47:06,283 - INFO - Test instance 0.9165, class 0.8770
Test instance 0.9165, class 0.8770
2026-06-25 05:47:06,287 - INFO - Best instance 0.9214, class 0.8845 (epoch 138)
Best instance 0.9214, class 0.8845 (epoch 138)
2026-06-25 05:47:06,305 - INFO - Epoch 141/200:
Epoch 141/200:
2026-06-25 05:48:59,990 - INFO - Train loss: 0.4691 (113.7s)
Train loss: 0.4691 (113.7s)
2026-06-25 05:49:27,442 - INFO - Test instance 0.9157, class 0.8790
Test instance 0.9157, class 0.8790
2026-06-25 05:49:27,446 - INFO - Best instance 0.9214, class 0.8845 (epoch 138)
Best instance 0.9214, class 0.8845 (epoch 138)
2026-06-25 05:49:27,464 - INFO - Epoch 142/200:
Epoch 142/200:
2026-06-25 05:51:21,091 - INFO - Train loss: 0.4686 (113.6s)
Train loss: 0.4686 (113.6s)
2026-06-25 05:51:48,335 - INFO - Test instance 0.9125, class 0.8785
Test instance 0.9125, class 0.8785
2026-06-25 05:51:48,339 - INFO - Best instance 0.9214, class 0.8845 (epoch 138)
Best instance 0.9214, class 0.8845 (epoch 138)
2026-06-25 05:51:48,357 - INFO - Epoch 143/200:
Epoch 143/200:
2026-06-25 05:53:41,114 - INFO - Train loss: 0.4645 (112.8s)
Train loss: 0.4645 (112.8s)
2026-06-25 05:54:08,642 - INFO - Test instance 0.9141, class 0.8801
Test instance 0.9141, class 0.8801
2026-06-25 05:54:08,646 - INFO - Best instance 0.9214, class 0.8845 (epoch 138)
Best instance 0.9214, class 0.8845 (epoch 138)
2026-06-25 05:54:08,665 - INFO - Epoch 144/200:
Epoch 144/200:
2026-06-25 05:56:00,687 - INFO - Train loss: 0.4620 (112.0s)
Train loss: 0.4620 (112.0s)
2026-06-25 05:56:28,063 - INFO - Test instance 0.9169, class 0.8808
Test instance 0.9169, class 0.8808
2026-06-25 05:56:28,066 - INFO - Best instance 0.9214, class 0.8845 (epoch 138)
Best instance 0.9214, class 0.8845 (epoch 138)
2026-06-25 05:56:28,085 - INFO - Epoch 145/200:
Epoch 145/200:
2026-06-25 05:58:20,576 - INFO - Train loss: 0.4680 (112.5s)
Train loss: 0.4680 (112.5s)
2026-06-25 05:58:48,484 - INFO - Test instance 0.9169, class 0.8808
Test instance 0.9169, class 0.8808
2026-06-25 05:58:48,488 - INFO - Best instance 0.9214, class 0.8845 (epoch 138)
Best instance 0.9214, class 0.8845 (epoch 138)
2026-06-25 05:58:48,507 - INFO - Epoch 146/200:
Epoch 146/200:
2026-06-25 06:00:41,018 - INFO - Train loss: 0.4642 (112.5s)
Train loss: 0.4642 (112.5s)
2026-06-25 06:01:08,752 - INFO - Test instance 0.9145, class 0.8822
Test instance 0.9145, class 0.8822
2026-06-25 06:01:08,756 - INFO - Best instance 0.9214, class 0.8845 (epoch 138)
Best instance 0.9214, class 0.8845 (epoch 138)
2026-06-25 06:01:08,773 - INFO - Epoch 147/200:
Epoch 147/200:
2026-06-25 06:03:01,381 - INFO - Train loss: 0.4643 (112.6s)
Train loss: 0.4643 (112.6s)
2026-06-25 06:03:29,169 - INFO - Test instance 0.9202, class 0.8819
Test instance 0.9202, class 0.8819
2026-06-25 06:03:29,173 - INFO - Best instance 0.9214, class 0.8845 (epoch 138)
Best instance 0.9214, class 0.8845 (epoch 138)
2026-06-25 06:03:29,192 - INFO - Epoch 148/200:
Epoch 148/200:
2026-06-25 06:05:22,131 - INFO - Train loss: 0.4645 (112.9s)
Train loss: 0.4645 (112.9s)
2026-06-25 06:05:50,257 - INFO - Test instance 0.9153, class 0.8806
Test instance 0.9153, class 0.8806
2026-06-25 06:05:50,261 - INFO - Best instance 0.9214, class 0.8845 (epoch 138)
Best instance 0.9214, class 0.8845 (epoch 138)
2026-06-25 06:05:50,280 - INFO - Epoch 149/200:
Epoch 149/200:
2026-06-25 06:07:42,754 - INFO - Train loss: 0.4673 (112.5s)
Train loss: 0.4673 (112.5s)
2026-06-25 06:08:10,752 - INFO - Test instance 0.9173, class 0.8840
Test instance 0.9173, class 0.8840
2026-06-25 06:08:10,756 - INFO - Best instance 0.9214, class 0.8845 (epoch 138)
Best instance 0.9214, class 0.8845 (epoch 138)
2026-06-25 06:08:10,777 - INFO - Epoch 150/200:
Epoch 150/200:
2026-06-25 06:10:03,896 - INFO - Train loss: 0.4631 (113.1s)
Train loss: 0.4631 (113.1s)
2026-06-25 06:10:31,773 - INFO - Test instance 0.9149, class 0.8763
Test instance 0.9149, class 0.8763
2026-06-25 06:10:31,777 - INFO - Best instance 0.9214, class 0.8845 (epoch 138)
Best instance 0.9214, class 0.8845 (epoch 138)
2026-06-25 06:10:31,796 - INFO - Epoch 151/200:
Epoch 151/200:
2026-06-25 06:12:24,778 - INFO - Train loss: 0.4641 (113.0s)
Train loss: 0.4641 (113.0s)
2026-06-25 06:12:52,748 - INFO - Test instance 0.9186, class 0.8757
Test instance 0.9186, class 0.8757
2026-06-25 06:12:52,753 - INFO - Best instance 0.9214, class 0.8845 (epoch 138)
Best instance 0.9214, class 0.8845 (epoch 138)
2026-06-25 06:12:52,771 - INFO - Epoch 152/200:
Epoch 152/200:
2026-06-25 06:14:45,660 - INFO - Train loss: 0.4647 (112.9s)
Train loss: 0.4647 (112.9s)
2026-06-25 06:15:13,634 - INFO - Test instance 0.9157, class 0.8771
Test instance 0.9157, class 0.8771
2026-06-25 06:15:13,638 - INFO - Best instance 0.9214, class 0.8845 (epoch 138)
Best instance 0.9214, class 0.8845 (epoch 138)
2026-06-25 06:15:13,657 - INFO - Epoch 153/200:
Epoch 153/200:
2026-06-25 06:17:06,534 - INFO - Train loss: 0.4637 (112.9s)
Train loss: 0.4637 (112.9s)
2026-06-25 06:17:34,723 - INFO - Test instance 0.9157, class 0.8788
Test instance 0.9157, class 0.8788
2026-06-25 06:17:34,727 - INFO - Best instance 0.9214, class 0.8845 (epoch 138)
Best instance 0.9214, class 0.8845 (epoch 138)
2026-06-25 06:17:34,747 - INFO - Epoch 154/200:
Epoch 154/200:
2026-06-25 06:19:28,506 - INFO - Train loss: 0.4665 (113.8s)
Train loss: 0.4665 (113.8s)
2026-06-25 06:19:55,988 - INFO - Test instance 0.9190, class 0.8809
Test instance 0.9190, class 0.8809
2026-06-25 06:19:55,991 - INFO - Best instance 0.9214, class 0.8845 (epoch 138)
Best instance 0.9214, class 0.8845 (epoch 138)
2026-06-25 06:19:56,011 - INFO - Epoch 155/200:
Epoch 155/200:
2026-06-25 06:21:49,479 - INFO - Train loss: 0.4609 (113.5s)
Train loss: 0.4609 (113.5s)
2026-06-25 06:22:16,880 - INFO - Test instance 0.9149, class 0.8783
Test instance 0.9149, class 0.8783
2026-06-25 06:22:16,884 - INFO - Best instance 0.9214, class 0.8845 (epoch 138)
Best instance 0.9214, class 0.8845 (epoch 138)
2026-06-25 06:22:16,902 - INFO - Epoch 156/200:
Epoch 156/200:
2026-06-25 06:24:10,350 - INFO - Train loss: 0.4641 (113.4s)
Train loss: 0.4641 (113.4s)
2026-06-25 06:24:37,864 - INFO - Test instance 0.9186, class 0.8787
Test instance 0.9186, class 0.8787
2026-06-25 06:24:37,876 - INFO - Best instance 0.9214, class 0.8845 (epoch 138)
Best instance 0.9214, class 0.8845 (epoch 138)
2026-06-25 06:24:37,895 - INFO - Epoch 157/200:
Epoch 157/200:
2026-06-25 06:26:31,406 - INFO - Train loss: 0.4624 (113.5s)
Train loss: 0.4624 (113.5s)
2026-06-25 06:26:58,786 - INFO - Test instance 0.9169, class 0.8788
Test instance 0.9169, class 0.8788
2026-06-25 06:26:58,790 - INFO - Best instance 0.9214, class 0.8845 (epoch 138)
Best instance 0.9214, class 0.8845 (epoch 138)
2026-06-25 06:26:58,828 - INFO - Epoch 158/200:
Epoch 158/200:
2026-06-25 06:28:51,973 - INFO - Train loss: 0.4636 (113.1s)
Train loss: 0.4636 (113.1s)
2026-06-25 06:29:19,446 - INFO - Test instance 0.9129, class 0.8811
Test instance 0.9129, class 0.8811
2026-06-25 06:29:19,449 - INFO - Best instance 0.9214, class 0.8845 (epoch 138)
Best instance 0.9214, class 0.8845 (epoch 138)
2026-06-25 06:29:19,469 - INFO - Epoch 159/200:
Epoch 159/200:
2026-06-25 06:31:12,917 - INFO - Train loss: 0.4616 (113.4s)
Train loss: 0.4616 (113.4s)
2026-06-25 06:31:40,411 - INFO - Test instance 0.9206, class 0.8859
Test instance 0.9206, class 0.8859
2026-06-25 06:31:40,416 - INFO - Best instance 0.9214, class 0.8845 (epoch 138)
Best instance 0.9214, class 0.8845 (epoch 138)
2026-06-25 06:31:40,435 - INFO - Epoch 160/200:
Epoch 160/200:
2026-06-25 06:33:33,661 - INFO - Train loss: 0.4622 (113.2s)
Train loss: 0.4622 (113.2s)
2026-06-25 06:34:01,240 - INFO - Test instance 0.9153, class 0.8747
Test instance 0.9153, class 0.8747
2026-06-25 06:34:01,244 - INFO - Best instance 0.9214, class 0.8845 (epoch 138)
Best instance 0.9214, class 0.8845 (epoch 138)
2026-06-25 06:34:01,264 - INFO - Epoch 161/200:
Epoch 161/200:
2026-06-25 06:35:54,747 - INFO - Train loss: 0.4611 (113.5s)
Train loss: 0.4611 (113.5s)
2026-06-25 06:36:22,577 - INFO - Test instance 0.9105, class 0.8746
Test instance 0.9105, class 0.8746
2026-06-25 06:36:22,581 - INFO - Best instance 0.9214, class 0.8845 (epoch 138)
Best instance 0.9214, class 0.8845 (epoch 138)
2026-06-25 06:36:22,601 - INFO - Epoch 162/200:
Epoch 162/200:
2026-06-25 06:38:14,868 - INFO - Train loss: 0.4606 (112.3s)
Train loss: 0.4606 (112.3s)
2026-06-25 06:38:42,707 - INFO - Test instance 0.9173, class 0.8790
Test instance 0.9173, class 0.8790
2026-06-25 06:38:42,711 - INFO - Best instance 0.9214, class 0.8845 (epoch 138)
Best instance 0.9214, class 0.8845 (epoch 138)
2026-06-25 06:38:42,729 - INFO - Epoch 163/200:
Epoch 163/200:
2026-06-25 06:40:35,540 - INFO - Train loss: 0.4617 (112.8s)
Train loss: 0.4617 (112.8s)
2026-06-25 06:41:03,497 - INFO - Test instance 0.9222, class 0.8863
Test instance 0.9222, class 0.8863
2026-06-25 06:41:03,519 - INFO - Best instance 0.9222, class 0.8863 (epoch 163)
Best instance 0.9222, class 0.8863 (epoch 163)
2026-06-25 06:41:03,536 - INFO - Epoch 164/200:
Epoch 164/200:
2026-06-25 06:42:55,750 - INFO - Train loss: 0.4613 (112.2s)
Train loss: 0.4613 (112.2s)
2026-06-25 06:43:23,832 - INFO - Test instance 0.9141, class 0.8780
Test instance 0.9141, class 0.8780
2026-06-25 06:43:23,835 - INFO - Best instance 0.9222, class 0.8863 (epoch 163)
Best instance 0.9222, class 0.8863 (epoch 163)
2026-06-25 06:43:23,856 - INFO - Epoch 165/200:
Epoch 165/200:
2026-06-25 06:45:15,936 - INFO - Train loss: 0.4610 (112.1s)
Train loss: 0.4610 (112.1s)
2026-06-25 06:45:43,735 - INFO - Test instance 0.9182, class 0.8781
Test instance 0.9182, class 0.8781
2026-06-25 06:45:43,740 - INFO - Best instance 0.9222, class 0.8863 (epoch 163)
Best instance 0.9222, class 0.8863 (epoch 163)
2026-06-25 06:45:43,759 - INFO - Epoch 166/200:
Epoch 166/200:
2026-06-25 06:47:36,581 - INFO - Train loss: 0.4626 (112.8s)
Train loss: 0.4626 (112.8s)
2026-06-25 06:48:04,635 - INFO - Test instance 0.9173, class 0.8837
Test instance 0.9173, class 0.8837
2026-06-25 06:48:04,639 - INFO - Best instance 0.9222, class 0.8863 (epoch 163)
Best instance 0.9222, class 0.8863 (epoch 163)
2026-06-25 06:48:04,657 - INFO - Epoch 167/200:
Epoch 167/200:
2026-06-25 06:49:58,086 - INFO - Train loss: 0.4608 (113.4s)
Train loss: 0.4608 (113.4s)
2026-06-25 06:50:25,975 - INFO - Test instance 0.9177, class 0.8839
Test instance 0.9177, class 0.8839
2026-06-25 06:50:25,980 - INFO - Best instance 0.9222, class 0.8863 (epoch 163)
Best instance 0.9222, class 0.8863 (epoch 163)
2026-06-25 06:50:26,000 - INFO - Epoch 168/200:
Epoch 168/200:
2026-06-25 06:52:19,339 - INFO - Train loss: 0.4597 (113.3s)
Train loss: 0.4597 (113.3s)
2026-06-25 06:52:47,085 - INFO - Test instance 0.9161, class 0.8817
Test instance 0.9161, class 0.8817
2026-06-25 06:52:47,105 - INFO - Best instance 0.9222, class 0.8863 (epoch 163)
Best instance 0.9222, class 0.8863 (epoch 163)
2026-06-25 06:52:47,130 - INFO - Epoch 169/200:
Epoch 169/200:
2026-06-25 06:54:40,803 - INFO - Train loss: 0.4622 (113.7s)
Train loss: 0.4622 (113.7s)
2026-06-25 06:55:08,615 - INFO - Test instance 0.9153, class 0.8782
Test instance 0.9153, class 0.8782
2026-06-25 06:55:08,619 - INFO - Best instance 0.9222, class 0.8863 (epoch 163)
Best instance 0.9222, class 0.8863 (epoch 163)
2026-06-25 06:55:08,636 - INFO - Epoch 170/200:
Epoch 170/200:
2026-06-25 06:57:01,618 - INFO - Train loss: 0.4623 (113.0s)
Train loss: 0.4623 (113.0s)
2026-06-25 06:57:29,150 - INFO - Test instance 0.9149, class 0.8773
Test instance 0.9149, class 0.8773
2026-06-25 06:57:29,153 - INFO - Best instance 0.9222, class 0.8863 (epoch 163)
Best instance 0.9222, class 0.8863 (epoch 163)
2026-06-25 06:57:29,172 - INFO - Epoch 171/200:
Epoch 171/200:
2026-06-25 06:59:21,588 - INFO - Train loss: 0.4609 (112.4s)
Train loss: 0.4609 (112.4s)
2026-06-25 06:59:49,588 - INFO - Test instance 0.9141, class 0.8800
Test instance 0.9141, class 0.8800
2026-06-25 06:59:49,593 - INFO - Best instance 0.9222, class 0.8863 (epoch 163)
Best instance 0.9222, class 0.8863 (epoch 163)
2026-06-25 06:59:49,611 - INFO - Epoch 172/200:
Epoch 172/200:
2026-06-25 07:01:42,751 - INFO - Train loss: 0.4625 (113.1s)
Train loss: 0.4625 (113.1s)
2026-06-25 07:02:09,993 - INFO - Test instance 0.9161, class 0.8771
Test instance 0.9161, class 0.8771
2026-06-25 07:02:09,997 - INFO - Best instance 0.9222, class 0.8863 (epoch 163)
Best instance 0.9222, class 0.8863 (epoch 163)
2026-06-25 07:02:10,016 - INFO - Epoch 173/200:
Epoch 173/200:
2026-06-25 07:04:03,160 - INFO - Train loss: 0.4616 (113.1s)
Train loss: 0.4616 (113.1s)
2026-06-25 07:04:30,589 - INFO - Test instance 0.9218, class 0.8841
Test instance 0.9218, class 0.8841
2026-06-25 07:04:30,593 - INFO - Best instance 0.9222, class 0.8863 (epoch 163)
Best instance 0.9222, class 0.8863 (epoch 163)
2026-06-25 07:04:30,612 - INFO - Epoch 174/200:
Epoch 174/200:
2026-06-25 07:06:23,475 - INFO - Train loss: 0.4597 (112.9s)
Train loss: 0.4597 (112.9s)
2026-06-25 07:06:51,828 - INFO - Test instance 0.9190, class 0.8820
Test instance 0.9190, class 0.8820
2026-06-25 07:06:51,831 - INFO - Best instance 0.9222, class 0.8863 (epoch 163)
Best instance 0.9222, class 0.8863 (epoch 163)
2026-06-25 07:06:51,850 - INFO - Epoch 175/200:
Epoch 175/200:
2026-06-25 07:08:45,015 - INFO - Train loss: 0.4600 (113.2s)
Train loss: 0.4600 (113.2s)
2026-06-25 07:09:12,788 - INFO - Test instance 0.9149, class 0.8772
Test instance 0.9149, class 0.8772
2026-06-25 07:09:12,791 - INFO - Best instance 0.9222, class 0.8863 (epoch 163)
Best instance 0.9222, class 0.8863 (epoch 163)
2026-06-25 07:09:12,809 - INFO - Epoch 176/200:
Epoch 176/200:
2026-06-25 07:11:05,755 - INFO - Train loss: 0.4612 (112.9s)
Train loss: 0.4612 (112.9s)
2026-06-25 07:11:33,095 - INFO - Test instance 0.9133, class 0.8773
Test instance 0.9133, class 0.8773
2026-06-25 07:11:33,100 - INFO - Best instance 0.9222, class 0.8863 (epoch 163)
Best instance 0.9222, class 0.8863 (epoch 163)
2026-06-25 07:11:33,118 - INFO - Epoch 177/200:
Epoch 177/200:
2026-06-25 07:13:26,046 - INFO - Train loss: 0.4596 (112.9s)
Train loss: 0.4596 (112.9s)
2026-06-25 07:13:53,567 - INFO - Test instance 0.9194, class 0.8813
Test instance 0.9194, class 0.8813
2026-06-25 07:13:53,571 - INFO - Best instance 0.9222, class 0.8863 (epoch 163)
Best instance 0.9222, class 0.8863 (epoch 163)
2026-06-25 07:13:53,590 - INFO - Epoch 178/200:
Epoch 178/200:
2026-06-25 07:15:47,106 - INFO - Train loss: 0.4597 (113.5s)
Train loss: 0.4597 (113.5s)
2026-06-25 07:16:15,083 - INFO - Test instance 0.9190, class 0.8842
Test instance 0.9190, class 0.8842
2026-06-25 07:16:15,087 - INFO - Best instance 0.9222, class 0.8863 (epoch 163)
Best instance 0.9222, class 0.8863 (epoch 163)
2026-06-25 07:16:15,106 - INFO - Epoch 179/200:
Epoch 179/200:
2026-06-25 07:18:08,322 - INFO - Train loss: 0.4573 (113.2s)
Train loss: 0.4573 (113.2s)
2026-06-25 07:18:36,273 - INFO - Test instance 0.9157, class 0.8801
Test instance 0.9157, class 0.8801
2026-06-25 07:18:36,277 - INFO - Best instance 0.9222, class 0.8863 (epoch 163)
Best instance 0.9222, class 0.8863 (epoch 163)
2026-06-25 07:18:36,295 - INFO - Epoch 180/200:
Epoch 180/200:
2026-06-25 07:20:29,377 - INFO - Train loss: 0.4620 (113.1s)
Train loss: 0.4620 (113.1s)
2026-06-25 07:20:57,301 - INFO - Test instance 0.9182, class 0.8783
Test instance 0.9182, class 0.8783
2026-06-25 07:20:57,305 - INFO - Best instance 0.9222, class 0.8863 (epoch 163)
Best instance 0.9222, class 0.8863 (epoch 163)
2026-06-25 07:20:57,324 - INFO - Epoch 181/200:
Epoch 181/200:
2026-06-25 07:22:50,025 - INFO - Train loss: 0.4616 (112.7s)
Train loss: 0.4616 (112.7s)
2026-06-25 07:23:18,107 - INFO - Test instance 0.9165, class 0.8796
Test instance 0.9165, class 0.8796
2026-06-25 07:23:18,111 - INFO - Best instance 0.9222, class 0.8863 (epoch 163)
Best instance 0.9222, class 0.8863 (epoch 163)
2026-06-25 07:23:18,151 - INFO - Epoch 182/200:
Epoch 182/200:
2026-06-25 07:25:11,705 - INFO - Train loss: 0.4605 (113.6s)
Train loss: 0.4605 (113.6s)
2026-06-25 07:25:39,493 - INFO - Test instance 0.9194, class 0.8832
Test instance 0.9194, class 0.8832
2026-06-25 07:25:39,498 - INFO - Best instance 0.9222, class 0.8863 (epoch 163)
Best instance 0.9222, class 0.8863 (epoch 163)
2026-06-25 07:25:39,516 - INFO - Epoch 183/200:
Epoch 183/200:
2026-06-25 07:27:32,275 - INFO - Train loss: 0.4575 (112.8s)
Train loss: 0.4575 (112.8s)
2026-06-25 07:27:59,806 - INFO - Test instance 0.9165, class 0.8798
Test instance 0.9165, class 0.8798
2026-06-25 07:27:59,811 - INFO - Best instance 0.9222, class 0.8863 (epoch 163)
Best instance 0.9222, class 0.8863 (epoch 163)
2026-06-25 07:27:59,830 - INFO - Epoch 184/200:
Epoch 184/200:
2026-06-25 07:29:52,608 - INFO - Train loss: 0.4574 (112.8s)
Train loss: 0.4574 (112.8s)
2026-06-25 07:30:20,256 - INFO - Test instance 0.9165, class 0.8780
Test instance 0.9165, class 0.8780
2026-06-25 07:30:20,260 - INFO - Best instance 0.9222, class 0.8863 (epoch 163)
Best instance 0.9222, class 0.8863 (epoch 163)
2026-06-25 07:30:20,280 - INFO - Epoch 185/200:
Epoch 185/200:
2026-06-25 07:32:12,605 - INFO - Train loss: 0.4582 (112.3s)
Train loss: 0.4582 (112.3s)
2026-06-25 07:32:40,281 - INFO - Test instance 0.9145, class 0.8762
Test instance 0.9145, class 0.8762
2026-06-25 07:32:40,285 - INFO - Best instance 0.9222, class 0.8863 (epoch 163)
Best instance 0.9222, class 0.8863 (epoch 163)
2026-06-25 07:32:40,304 - INFO - Epoch 186/200:
Epoch 186/200:
2026-06-25 07:34:32,819 - INFO - Train loss: 0.4574 (112.5s)
Train loss: 0.4574 (112.5s)
2026-06-25 07:35:00,459 - INFO - Test instance 0.9169, class 0.8798
Test instance 0.9169, class 0.8798
2026-06-25 07:35:00,463 - INFO - Best instance 0.9222, class 0.8863 (epoch 163)
Best instance 0.9222, class 0.8863 (epoch 163)
2026-06-25 07:35:00,482 - INFO - Epoch 187/200:
Epoch 187/200:
2026-06-25 07:36:53,663 - INFO - Train loss: 0.4578 (113.2s)
Train loss: 0.4578 (113.2s)
2026-06-25 07:37:21,923 - INFO - Test instance 0.9182, class 0.8815
Test instance 0.9182, class 0.8815
2026-06-25 07:37:21,927 - INFO - Best instance 0.9222, class 0.8863 (epoch 163)
Best instance 0.9222, class 0.8863 (epoch 163)
2026-06-25 07:37:21,947 - INFO - Epoch 188/200:
Epoch 188/200:
2026-06-25 07:39:13,996 - INFO - Train loss: 0.4589 (112.0s)
Train loss: 0.4589 (112.0s)
2026-06-25 07:39:42,099 - INFO - Test instance 0.9149, class 0.8798
Test instance 0.9149, class 0.8798
2026-06-25 07:39:42,103 - INFO - Best instance 0.9222, class 0.8863 (epoch 163)
Best instance 0.9222, class 0.8863 (epoch 163)
2026-06-25 07:39:42,122 - INFO - Epoch 189/200:
Epoch 189/200:
2026-06-25 07:41:34,927 - INFO - Train loss: 0.4569 (112.8s)
Train loss: 0.4569 (112.8s)
2026-06-25 07:42:02,613 - INFO - Test instance 0.9177, class 0.8794
Test instance 0.9177, class 0.8794
2026-06-25 07:42:02,617 - INFO - Best instance 0.9222, class 0.8863 (epoch 163)
Best instance 0.9222, class 0.8863 (epoch 163)
2026-06-25 07:42:02,636 - INFO - Epoch 190/200:
Epoch 190/200:
2026-06-25 07:43:55,862 - INFO - Train loss: 0.4569 (113.2s)
Train loss: 0.4569 (113.2s)
2026-06-25 07:44:23,388 - INFO - Test instance 0.9157, class 0.8779
Test instance 0.9157, class 0.8779
2026-06-25 07:44:23,392 - INFO - Best instance 0.9222, class 0.8863 (epoch 163)
Best instance 0.9222, class 0.8863 (epoch 163)
2026-06-25 07:44:23,411 - INFO - Epoch 191/200:
Epoch 191/200:
2026-06-25 07:46:16,829 - INFO - Train loss: 0.4596 (113.4s)
Train loss: 0.4596 (113.4s)
2026-06-25 07:46:44,139 - INFO - Test instance 0.9202, class 0.8807
Test instance 0.9202, class 0.8807
2026-06-25 07:46:44,143 - INFO - Best instance 0.9222, class 0.8863 (epoch 163)
Best instance 0.9222, class 0.8863 (epoch 163)
2026-06-25 07:46:44,161 - INFO - Epoch 192/200:
Epoch 192/200:
2026-06-25 07:48:37,905 - INFO - Train loss: 0.4604 (113.7s)
Train loss: 0.4604 (113.7s)
2026-06-25 07:49:05,439 - INFO - Test instance 0.9222, class 0.8868
Test instance 0.9222, class 0.8868
2026-06-25 07:49:05,443 - INFO - Best instance 0.9222, class 0.8863 (epoch 163)
Best instance 0.9222, class 0.8863 (epoch 163)
2026-06-25 07:49:05,463 - INFO - Epoch 193/200:
Epoch 193/200:
2026-06-25 07:50:58,538 - INFO - Train loss: 0.4573 (113.1s)
Train loss: 0.4573 (113.1s)
2026-06-25 07:51:25,827 - INFO - Test instance 0.9161, class 0.8815
Test instance 0.9161, class 0.8815
2026-06-25 07:51:25,831 - INFO - Best instance 0.9222, class 0.8863 (epoch 163)
Best instance 0.9222, class 0.8863 (epoch 163)
2026-06-25 07:51:25,849 - INFO - Epoch 194/200:
Epoch 194/200:
2026-06-25 07:53:18,692 - INFO - Train loss: 0.4570 (112.8s)
Train loss: 0.4570 (112.8s)
2026-06-25 07:53:46,183 - INFO - Test instance 0.9137, class 0.8776
Test instance 0.9137, class 0.8776
2026-06-25 07:53:46,187 - INFO - Best instance 0.9222, class 0.8863 (epoch 163)
Best instance 0.9222, class 0.8863 (epoch 163)
2026-06-25 07:53:46,205 - INFO - Epoch 195/200:
Epoch 195/200:
2026-06-25 07:55:39,018 - INFO - Train loss: 0.4563 (112.8s)
Train loss: 0.4563 (112.8s)
2026-06-25 07:56:06,057 - INFO - Test instance 0.9161, class 0.8825
Test instance 0.9161, class 0.8825
2026-06-25 07:56:06,061 - INFO - Best instance 0.9222, class 0.8863 (epoch 163)
Best instance 0.9222, class 0.8863 (epoch 163)
2026-06-25 07:56:06,081 - INFO - Epoch 196/200:
Epoch 196/200:
2026-06-25 07:57:59,087 - INFO - Train loss: 0.4584 (113.0s)
Train loss: 0.4584 (113.0s)
2026-06-25 07:58:26,574 - INFO - Test instance 0.9177, class 0.8825
Test instance 0.9177, class 0.8825
2026-06-25 07:58:26,578 - INFO - Best instance 0.9222, class 0.8863 (epoch 163)
Best instance 0.9222, class 0.8863 (epoch 163)
2026-06-25 07:58:26,596 - INFO - Epoch 197/200:
Epoch 197/200:
2026-06-25 08:00:19,189 - INFO - Train loss: 0.4573 (112.6s)
Train loss: 0.4573 (112.6s)
2026-06-25 08:00:46,817 - INFO - Test instance 0.9157, class 0.8790
Test instance 0.9157, class 0.8790
2026-06-25 08:00:46,821 - INFO - Best instance 0.9222, class 0.8863 (epoch 163)
Best instance 0.9222, class 0.8863 (epoch 163)
2026-06-25 08:00:46,840 - INFO - Epoch 198/200:
Epoch 198/200:
2026-06-25 08:02:38,970 - INFO - Train loss: 0.4570 (112.1s)
Train loss: 0.4570 (112.1s)
2026-06-25 08:03:06,797 - INFO - Test instance 0.9177, class 0.8802
Test instance 0.9177, class 0.8802
2026-06-25 08:03:06,801 - INFO - Best instance 0.9222, class 0.8863 (epoch 163)
Best instance 0.9222, class 0.8863 (epoch 163)
2026-06-25 08:03:06,820 - INFO - Epoch 199/200:
Epoch 199/200:
2026-06-25 08:04:59,041 - INFO - Train loss: 0.4560 (112.2s)
Train loss: 0.4560 (112.2s)
2026-06-25 08:05:26,903 - INFO - Test instance 0.9194, class 0.8820
Test instance 0.9194, class 0.8820
2026-06-25 08:05:26,907 - INFO - Best instance 0.9222, class 0.8863 (epoch 163)
Best instance 0.9222, class 0.8863 (epoch 163)
2026-06-25 08:05:26,927 - INFO - Epoch 200/200:
Epoch 200/200:
2026-06-25 08:07:19,845 - INFO - Train loss: 0.4579 (112.9s)
Train loss: 0.4579 (112.9s)
2026-06-25 08:07:47,573 - INFO - Test instance 0.9153, class 0.8787
Test instance 0.9153, class 0.8787
2026-06-25 08:07:47,577 - INFO - Best instance 0.9222, class 0.8863 (epoch 163)
Best instance 0.9222, class 0.8863 (epoch 163)
2026-06-25 08:08:34,140 - INFO - Student 1.44 MB, 132.67 ms
Student 1.44 MB, 132.67 ms
