[Wed Jun 24 18:02:50 EDT 2026] task 158 on GPU 0: python flkd/advanced_kd_train_classification.py --teacher_model pointnet2_cls_ssg --student_model small_pointnet2 --kd_strategy attention --dataset craniosynostosis --seed 7 --batch_size 24 --epoch 200 --num_point 1024 --teacher_path "outputs/craniosynostosis/flkd/federated/classification/fl_pointnet2_cls_ssg_fedadam_s7/checkpoints/best_model.pth" --log_dir kd_pointnet2_cls_ssg_fedadam+attention_small_pointnet2_s7 --beta 0.5 --data_root data --output_root outputs --num_workers -1 --max_runtime_hours 166.0
Loaded teacher from outputs/craniosynostosis/flkd/federated/classification/fl_pointnet2_cls_ssg_fedadam_s7/checkpoints/best_model.pth
2026-06-24 18:06:29,187 - INFO - PARAMETER ...
2026-06-24 18:06:29,187 - INFO - {'use_cpu': False, 'no_amp': False, 'gpu': '0', 'num_workers': -1, 'batch_size': 24, 'teacher_model': 'pointnet2_cls_ssg', 'student_model': 'small_pointnet2', 'num_category': 4, 'dataset': 'craniosynostosis', 'data_root': 'data', 'output_root': 'outputs', 'train_split': 0.8, 'dataset_seed': 0, 'cache_dataset': True, 'min_class_samples': 1, 'epoch': 200, 'learning_rate': 0.001, 'num_point': 1024, 'optimizer': 'Adam', 'log_dir': 'kd_pointnet2_cls_ssg_fedadam+attention_small_pointnet2_s7', 'decay_rate': 0.0001, 'use_normals': False, 'process_data': False, 'use_uniform_sample': False, 'resume': True, 'kd_strategy': 'attention', 'alpha': 0.5, 'temperature': 2.0, 'beta': 0.5, 'dkd_alpha': 1.0, 'dkd_beta': 8.0, 'crd_temperature': 0.07, 'teacher_path': 'outputs/craniosynostosis/flkd/federated/classification/fl_pointnet2_cls_ssg_fedadam_s7/checkpoints/best_model.pth', 'teacher_paths': None, 'teacher_weights': None, 'use_hard_labels': 'on', 'unlabeled': False, 'temperature_sweep': None, 'seed': 7, 'max_runtime_hours': 166.0}
2026-06-24 18:06:29,188 - INFO - KD=attention student=small_pointnet2 AMP=False use_hard=True unlabeled=False T=2.0
KD=attention student=small_pointnet2 AMP=False use_hard=True unlabeled=False T=2.0
2026-06-24 18:06:31,675 - INFO - Added 525312 KD-adapter params to optimiser.
Added 525312 KD-adapter params to optimiser.
2026-06-24 18:06:31,676 - INFO - Epoch 1/200:
Epoch 1/200:
2026-06-24 18:06:34,613 - INFO - Train loss: 0.0427 (2.9s)
Train loss: 0.0427 (2.9s)
2026-06-24 18:06:35,257 - INFO - Test instance 0.2500, class 0.2500
Test instance 0.2500, class 0.2500
2026-06-24 18:06:35,285 - INFO - Best instance 0.2500, class 0.2500 (epoch 1)
Best instance 0.2500, class 0.2500 (epoch 1)
2026-06-24 18:06:35,308 - INFO - Epoch 2/200:
Epoch 2/200:
2026-06-24 18:06:37,943 - INFO - Train loss: 0.0325 (2.6s)
Train loss: 0.0325 (2.6s)
2026-06-24 18:06:38,196 - INFO - Test instance 0.2500, class 0.2500
Test instance 0.2500, class 0.2500
2026-06-24 18:06:38,196 - INFO - Best instance 0.2500, class 0.2500 (epoch 1)
Best instance 0.2500, class 0.2500 (epoch 1)
2026-06-24 18:06:38,222 - INFO - Epoch 3/200:
Epoch 3/200:
2026-06-24 18:06:40,867 - INFO - Train loss: 0.0193 (2.6s)
Train loss: 0.0193 (2.6s)
2026-06-24 18:06:41,118 - INFO - Test instance 0.2375, class 0.2375
Test instance 0.2375, class 0.2375
2026-06-24 18:06:41,119 - INFO - Best instance 0.2500, class 0.2500 (epoch 1)
Best instance 0.2500, class 0.2500 (epoch 1)
2026-06-24 18:06:41,143 - INFO - Epoch 4/200:
Epoch 4/200:
2026-06-24 18:06:43,794 - INFO - Train loss: 0.0179 (2.7s)
Train loss: 0.0179 (2.7s)
2026-06-24 18:06:44,056 - INFO - Test instance 0.2750, class 0.2750
Test instance 0.2750, class 0.2750
2026-06-24 18:06:44,078 - INFO - Best instance 0.2750, class 0.2750 (epoch 4)
Best instance 0.2750, class 0.2750 (epoch 4)
2026-06-24 18:06:44,102 - INFO - Epoch 5/200:
Epoch 5/200:
2026-06-24 18:06:46,752 - INFO - Train loss: 0.0138 (2.6s)
Train loss: 0.0138 (2.6s)
2026-06-24 18:06:47,005 - INFO - Test instance 0.2125, class 0.2125
Test instance 0.2125, class 0.2125
2026-06-24 18:06:47,005 - INFO - Best instance 0.2750, class 0.2750 (epoch 4)
Best instance 0.2750, class 0.2750 (epoch 4)
2026-06-24 18:06:47,030 - INFO - Epoch 6/200:
Epoch 6/200:
2026-06-24 18:06:49,694 - INFO - Train loss: 0.0105 (2.7s)
Train loss: 0.0105 (2.7s)
2026-06-24 18:06:49,958 - INFO - Test instance 0.2500, class 0.2500
Test instance 0.2500, class 0.2500
2026-06-24 18:06:49,959 - INFO - Best instance 0.2750, class 0.2750 (epoch 4)
Best instance 0.2750, class 0.2750 (epoch 4)
2026-06-24 18:06:49,983 - INFO - Epoch 7/200:
Epoch 7/200:
2026-06-24 18:06:52,625 - INFO - Train loss: 0.0080 (2.6s)
Train loss: 0.0080 (2.6s)
2026-06-24 18:06:52,883 - INFO - Test instance 0.2750, class 0.2750
Test instance 0.2750, class 0.2750
2026-06-24 18:06:52,883 - INFO - Best instance 0.2750, class 0.2750 (epoch 4)
Best instance 0.2750, class 0.2750 (epoch 4)
2026-06-24 18:06:52,907 - INFO - Epoch 8/200:
Epoch 8/200:
2026-06-24 18:06:55,529 - INFO - Train loss: 0.0067 (2.6s)
Train loss: 0.0067 (2.6s)
2026-06-24 18:06:55,775 - INFO - Test instance 0.2375, class 0.2375
Test instance 0.2375, class 0.2375
2026-06-24 18:06:55,775 - INFO - Best instance 0.2750, class 0.2750 (epoch 4)
Best instance 0.2750, class 0.2750 (epoch 4)
2026-06-24 18:06:55,799 - INFO - Epoch 9/200:
Epoch 9/200:
2026-06-24 18:06:58,450 - INFO - Train loss: 0.0061 (2.7s)
Train loss: 0.0061 (2.7s)
2026-06-24 18:06:58,707 - INFO - Test instance 0.2250, class 0.2250
Test instance 0.2250, class 0.2250
2026-06-24 18:06:58,708 - INFO - Best instance 0.2750, class 0.2750 (epoch 4)
Best instance 0.2750, class 0.2750 (epoch 4)
2026-06-24 18:06:58,733 - INFO - Epoch 10/200:
Epoch 10/200:
2026-06-24 18:07:01,383 - INFO - Train loss: 0.0052 (2.6s)
Train loss: 0.0052 (2.6s)
2026-06-24 18:07:01,648 - INFO - Test instance 0.2125, class 0.2125
Test instance 0.2125, class 0.2125
2026-06-24 18:07:01,648 - INFO - Best instance 0.2750, class 0.2750 (epoch 4)
Best instance 0.2750, class 0.2750 (epoch 4)
2026-06-24 18:07:01,671 - INFO - Epoch 11/200:
Epoch 11/200:
2026-06-24 18:07:04,351 - INFO - Train loss: 0.0037 (2.7s)
Train loss: 0.0037 (2.7s)
2026-06-24 18:07:04,608 - INFO - Test instance 0.2500, class 0.2500
Test instance 0.2500, class 0.2500
2026-06-24 18:07:04,609 - INFO - Best instance 0.2750, class 0.2750 (epoch 4)
Best instance 0.2750, class 0.2750 (epoch 4)
2026-06-24 18:07:04,633 - INFO - Epoch 12/200:
Epoch 12/200:
2026-06-24 18:07:07,258 - INFO - Train loss: 0.0035 (2.6s)
Train loss: 0.0035 (2.6s)
2026-06-24 18:07:07,514 - INFO - Test instance 0.2500, class 0.2500
Test instance 0.2500, class 0.2500
2026-06-24 18:07:07,514 - INFO - Best instance 0.2750, class 0.2750 (epoch 4)
Best instance 0.2750, class 0.2750 (epoch 4)
2026-06-24 18:07:07,539 - INFO - Epoch 13/200:
Epoch 13/200:
2026-06-24 18:07:10,174 - INFO - Train loss: 0.0028 (2.6s)
Train loss: 0.0028 (2.6s)
2026-06-24 18:07:10,428 - INFO - Test instance 0.2500, class 0.2500
Test instance 0.2500, class 0.2500
2026-06-24 18:07:10,428 - INFO - Best instance 0.2750, class 0.2750 (epoch 4)
Best instance 0.2750, class 0.2750 (epoch 4)
2026-06-24 18:07:10,453 - INFO - Epoch 14/200:
Epoch 14/200:
2026-06-24 18:07:13,101 - INFO - Train loss: 0.0029 (2.6s)
Train loss: 0.0029 (2.6s)
2026-06-24 18:07:13,365 - INFO - Test instance 0.2500, class 0.2500
Test instance 0.2500, class 0.2500
2026-06-24 18:07:13,366 - INFO - Best instance 0.2750, class 0.2750 (epoch 4)
Best instance 0.2750, class 0.2750 (epoch 4)
2026-06-24 18:07:13,390 - INFO - Epoch 15/200:
Epoch 15/200:
2026-06-24 18:07:16,081 - INFO - Train loss: 0.0022 (2.7s)
Train loss: 0.0022 (2.7s)
2026-06-24 18:07:16,333 - INFO - Test instance 0.2500, class 0.2500
Test instance 0.2500, class 0.2500
2026-06-24 18:07:16,333 - INFO - Best instance 0.2750, class 0.2750 (epoch 4)
Best instance 0.2750, class 0.2750 (epoch 4)
2026-06-24 18:07:16,357 - INFO - Epoch 16/200:
Epoch 16/200:
2026-06-24 18:07:18,966 - INFO - Train loss: 0.0017 (2.6s)
Train loss: 0.0017 (2.6s)
2026-06-24 18:07:19,220 - INFO - Test instance 0.2500, class 0.2500
Test instance 0.2500, class 0.2500
2026-06-24 18:07:19,221 - INFO - Best instance 0.2750, class 0.2750 (epoch 4)
Best instance 0.2750, class 0.2750 (epoch 4)
2026-06-24 18:07:19,246 - INFO - Epoch 17/200:
Epoch 17/200:
2026-06-24 18:07:21,922 - INFO - Train loss: 0.0015 (2.7s)
Train loss: 0.0015 (2.7s)
2026-06-24 18:07:22,173 - INFO - Test instance 0.2375, class 0.2375
Test instance 0.2375, class 0.2375
2026-06-24 18:07:22,174 - INFO - Best instance 0.2750, class 0.2750 (epoch 4)
Best instance 0.2750, class 0.2750 (epoch 4)
2026-06-24 18:07:22,198 - INFO - Epoch 18/200:
Epoch 18/200:
2026-06-24 18:07:24,863 - INFO - Train loss: 0.0012 (2.7s)
Train loss: 0.0012 (2.7s)
2026-06-24 18:07:25,111 - INFO - Test instance 0.2500, class 0.2500
Test instance 0.2500, class 0.2500
2026-06-24 18:07:25,111 - INFO - Best instance 0.2750, class 0.2750 (epoch 4)
Best instance 0.2750, class 0.2750 (epoch 4)
2026-06-24 18:07:25,136 - INFO - Epoch 19/200:
Epoch 19/200:
2026-06-24 18:07:27,779 - INFO - Train loss: 0.0011 (2.6s)
Train loss: 0.0011 (2.6s)
2026-06-24 18:07:28,025 - INFO - Test instance 0.2500, class 0.2500
Test instance 0.2500, class 0.2500
2026-06-24 18:07:28,026 - INFO - Best instance 0.2750, class 0.2750 (epoch 4)
Best instance 0.2750, class 0.2750 (epoch 4)
2026-06-24 18:07:28,050 - INFO - Epoch 20/200:
Epoch 20/200:
2026-06-24 18:07:30,702 - INFO - Train loss: 0.0010 (2.7s)
Train loss: 0.0010 (2.7s)
2026-06-24 18:07:30,955 - INFO - Test instance 0.2500, class 0.2500
Test instance 0.2500, class 0.2500
2026-06-24 18:07:30,955 - INFO - Best instance 0.2750, class 0.2750 (epoch 4)
Best instance 0.2750, class 0.2750 (epoch 4)
2026-06-24 18:07:30,980 - INFO - Epoch 21/200:
Epoch 21/200:
2026-06-24 18:07:33,622 - INFO - Train loss: 0.0009 (2.6s)
Train loss: 0.0009 (2.6s)
2026-06-24 18:07:33,872 - INFO - Test instance 0.2500, class 0.2500
Test instance 0.2500, class 0.2500
2026-06-24 18:07:33,872 - INFO - Best instance 0.2750, class 0.2750 (epoch 4)
Best instance 0.2750, class 0.2750 (epoch 4)
2026-06-24 18:07:33,897 - INFO - Epoch 22/200:
Epoch 22/200:
2026-06-24 18:07:36,543 - INFO - Train loss: 0.0008 (2.6s)
Train loss: 0.0008 (2.6s)
2026-06-24 18:07:36,792 - INFO - Test instance 0.2500, class 0.2500
Test instance 0.2500, class 0.2500
2026-06-24 18:07:36,792 - INFO - Best instance 0.2750, class 0.2750 (epoch 4)
Best instance 0.2750, class 0.2750 (epoch 4)
2026-06-24 18:07:36,817 - INFO - Epoch 23/200:
Epoch 23/200:
2026-06-24 18:07:39,480 - INFO - Train loss: 0.0007 (2.7s)
Train loss: 0.0007 (2.7s)
2026-06-24 18:07:39,737 - INFO - Test instance 0.2500, class 0.2500
Test instance 0.2500, class 0.2500
2026-06-24 18:07:39,737 - INFO - Best instance 0.2750, class 0.2750 (epoch 4)
Best instance 0.2750, class 0.2750 (epoch 4)
2026-06-24 18:07:39,763 - INFO - Epoch 24/200:
Epoch 24/200:
2026-06-24 18:07:42,427 - INFO - Train loss: 0.0006 (2.7s)
Train loss: 0.0006 (2.7s)
2026-06-24 18:07:42,673 - INFO - Test instance 0.2500, class 0.2500
Test instance 0.2500, class 0.2500
2026-06-24 18:07:42,673 - INFO - Best instance 0.2750, class 0.2750 (epoch 4)
Best instance 0.2750, class 0.2750 (epoch 4)
2026-06-24 18:07:42,697 - INFO - Epoch 25/200:
Epoch 25/200:
2026-06-24 18:07:45,330 - INFO - Train loss: 0.0006 (2.6s)
Train loss: 0.0006 (2.6s)
2026-06-24 18:07:45,584 - INFO - Test instance 0.2500, class 0.2500
Test instance 0.2500, class 0.2500
2026-06-24 18:07:45,584 - INFO - Best instance 0.2750, class 0.2750 (epoch 4)
Best instance 0.2750, class 0.2750 (epoch 4)
2026-06-24 18:07:45,608 - INFO - Epoch 26/200:
Epoch 26/200:
2026-06-24 18:07:48,257 - INFO - Train loss: 0.0005 (2.6s)
Train loss: 0.0005 (2.6s)
2026-06-24 18:07:48,513 - INFO - Test instance 0.2500, class 0.2500
Test instance 0.2500, class 0.2500
2026-06-24 18:07:48,513 - INFO - Best instance 0.2750, class 0.2750 (epoch 4)
Best instance 0.2750, class 0.2750 (epoch 4)
2026-06-24 18:07:48,537 - INFO - Epoch 27/200:
Epoch 27/200:
2026-06-24 18:07:51,203 - INFO - Train loss: 0.0005 (2.7s)
Train loss: 0.0005 (2.7s)
2026-06-24 18:07:51,457 - INFO - Test instance 0.2500, class 0.2500
Test instance 0.2500, class 0.2500
2026-06-24 18:07:51,457 - INFO - Best instance 0.2750, class 0.2750 (epoch 4)
Best instance 0.2750, class 0.2750 (epoch 4)
2026-06-24 18:07:51,482 - INFO - Epoch 28/200:
Epoch 28/200:
2026-06-24 18:07:54,126 - INFO - Train loss: 0.0004 (2.6s)
Train loss: 0.0004 (2.6s)
2026-06-24 18:07:54,379 - INFO - Test instance 0.2500, class 0.2500
Test instance 0.2500, class 0.2500
2026-06-24 18:07:54,379 - INFO - Best instance 0.2750, class 0.2750 (epoch 4)
Best instance 0.2750, class 0.2750 (epoch 4)
2026-06-24 18:07:54,404 - INFO - Epoch 29/200:
Epoch 29/200:
2026-06-24 18:07:57,052 - INFO - Train loss: 0.0004 (2.6s)
Train loss: 0.0004 (2.6s)
2026-06-24 18:07:57,299 - INFO - Test instance 0.2500, class 0.2500
Test instance 0.2500, class 0.2500
2026-06-24 18:07:57,299 - INFO - Best instance 0.2750, class 0.2750 (epoch 4)
Best instance 0.2750, class 0.2750 (epoch 4)
2026-06-24 18:07:57,323 - INFO - Epoch 30/200:
Epoch 30/200:
2026-06-24 18:07:59,968 - INFO - Train loss: 0.0004 (2.6s)
Train loss: 0.0004 (2.6s)
2026-06-24 18:08:00,218 - INFO - Test instance 0.2500, class 0.2500
Test instance 0.2500, class 0.2500
2026-06-24 18:08:00,218 - INFO - Best instance 0.2750, class 0.2750 (epoch 4)
Best instance 0.2750, class 0.2750 (epoch 4)
2026-06-24 18:08:00,242 - INFO - Epoch 31/200:
Epoch 31/200:
2026-06-24 18:08:02,942 - INFO - Train loss: 0.0003 (2.7s)
Train loss: 0.0003 (2.7s)
2026-06-24 18:08:03,196 - INFO - Test instance 0.2500, class 0.2500
Test instance 0.2500, class 0.2500
2026-06-24 18:08:03,196 - INFO - Best instance 0.2750, class 0.2750 (epoch 4)
Best instance 0.2750, class 0.2750 (epoch 4)
2026-06-24 18:08:03,221 - INFO - Epoch 32/200:
Epoch 32/200:
2026-06-24 18:08:05,869 - INFO - Train loss: 0.0003 (2.6s)
Train loss: 0.0003 (2.6s)
2026-06-24 18:08:06,128 - INFO - Test instance 0.2500, class 0.2500
Test instance 0.2500, class 0.2500
2026-06-24 18:08:06,128 - INFO - Best instance 0.2750, class 0.2750 (epoch 4)
Best instance 0.2750, class 0.2750 (epoch 4)
2026-06-24 18:08:06,153 - INFO - Epoch 33/200:
Epoch 33/200:
2026-06-24 18:08:08,809 - INFO - Train loss: 0.0002 (2.7s)
Train loss: 0.0002 (2.7s)
2026-06-24 18:08:09,065 - INFO - Test instance 0.2500, class 0.2500
Test instance 0.2500, class 0.2500
2026-06-24 18:08:09,065 - INFO - Best instance 0.2750, class 0.2750 (epoch 4)
Best instance 0.2750, class 0.2750 (epoch 4)
2026-06-24 18:08:09,090 - INFO - Epoch 34/200:
Epoch 34/200:
2026-06-24 18:08:11,733 - INFO - Train loss: 0.0002 (2.6s)
Train loss: 0.0002 (2.6s)
2026-06-24 18:08:11,998 - INFO - Test instance 0.2500, class 0.2500
Test instance 0.2500, class 0.2500
2026-06-24 18:08:11,998 - INFO - Best instance 0.2750, class 0.2750 (epoch 4)
Best instance 0.2750, class 0.2750 (epoch 4)
2026-06-24 18:08:12,024 - INFO - Epoch 35/200:
Epoch 35/200:
2026-06-24 18:08:14,670 - INFO - Train loss: 0.0002 (2.6s)
Train loss: 0.0002 (2.6s)
2026-06-24 18:08:14,919 - INFO - Test instance 0.2500, class 0.2500
Test instance 0.2500, class 0.2500
2026-06-24 18:08:14,919 - INFO - Best instance 0.2750, class 0.2750 (epoch 4)
Best instance 0.2750, class 0.2750 (epoch 4)
2026-06-24 18:08:14,944 - INFO - Epoch 36/200:
Epoch 36/200:
2026-06-24 18:08:17,583 - INFO - Train loss: 0.0002 (2.6s)
Train loss: 0.0002 (2.6s)
2026-06-24 18:08:17,833 - INFO - Test instance 0.2500, class 0.2500
Test instance 0.2500, class 0.2500
2026-06-24 18:08:17,833 - INFO - Best instance 0.2750, class 0.2750 (epoch 4)
Best instance 0.2750, class 0.2750 (epoch 4)
2026-06-24 18:08:17,858 - INFO - Epoch 37/200:
Epoch 37/200:
2026-06-24 18:08:20,516 - INFO - Train loss: 0.0002 (2.7s)
Train loss: 0.0002 (2.7s)
2026-06-24 18:08:20,772 - INFO - Test instance 0.2500, class 0.2500
Test instance 0.2500, class 0.2500
2026-06-24 18:08:20,773 - INFO - Best instance 0.2750, class 0.2750 (epoch 4)
Best instance 0.2750, class 0.2750 (epoch 4)
2026-06-24 18:08:20,798 - INFO - Epoch 38/200:
Epoch 38/200:
2026-06-24 18:08:23,449 - INFO - Train loss: 0.0001 (2.7s)
Train loss: 0.0001 (2.7s)
2026-06-24 18:08:23,699 - INFO - Test instance 0.2500, class 0.2500
Test instance 0.2500, class 0.2500
2026-06-24 18:08:23,699 - INFO - Best instance 0.2750, class 0.2750 (epoch 4)
Best instance 0.2750, class 0.2750 (epoch 4)
2026-06-24 18:08:23,725 - INFO - Epoch 39/200:
Epoch 39/200:
2026-06-24 18:08:26,368 - INFO - Train loss: 0.0001 (2.6s)
Train loss: 0.0001 (2.6s)
2026-06-24 18:08:26,624 - INFO - Test instance 0.2500, class 0.2500
Test instance 0.2500, class 0.2500
2026-06-24 18:08:26,624 - INFO - Best instance 0.2750, class 0.2750 (epoch 4)
Best instance 0.2750, class 0.2750 (epoch 4)
2026-06-24 18:08:26,650 - INFO - Epoch 40/200:
Epoch 40/200:
2026-06-24 18:08:29,332 - INFO - Train loss: 0.0001 (2.7s)
Train loss: 0.0001 (2.7s)
2026-06-24 18:08:29,593 - INFO - Test instance 0.2500, class 0.2500
Test instance 0.2500, class 0.2500
2026-06-24 18:08:29,593 - INFO - Best instance 0.2750, class 0.2750 (epoch 4)
Best instance 0.2750, class 0.2750 (epoch 4)
2026-06-24 18:08:29,618 - INFO - Epoch 41/200:
Epoch 41/200:
2026-06-24 18:08:32,278 - INFO - Train loss: 0.0001 (2.7s)
Train loss: 0.0001 (2.7s)
2026-06-24 18:08:32,532 - INFO - Test instance 0.2500, class 0.2500
Test instance 0.2500, class 0.2500
2026-06-24 18:08:32,533 - INFO - Best instance 0.2750, class 0.2750 (epoch 4)
Best instance 0.2750, class 0.2750 (epoch 4)
2026-06-24 18:08:32,556 - INFO - Epoch 42/200:
Epoch 42/200:
2026-06-24 18:08:35,228 - INFO - Train loss: 0.0001 (2.7s)
Train loss: 0.0001 (2.7s)
2026-06-24 18:08:35,491 - INFO - Test instance 0.2500, class 0.2500
Test instance 0.2500, class 0.2500
2026-06-24 18:08:35,492 - INFO - Best instance 0.2750, class 0.2750 (epoch 4)
Best instance 0.2750, class 0.2750 (epoch 4)
2026-06-24 18:08:35,517 - INFO - Epoch 43/200:
Epoch 43/200:
2026-06-24 18:08:38,161 - INFO - Train loss: 0.0001 (2.6s)
Train loss: 0.0001 (2.6s)
2026-06-24 18:08:38,419 - INFO - Test instance 0.2500, class 0.2500
Test instance 0.2500, class 0.2500
2026-06-24 18:08:38,419 - INFO - Best instance 0.2750, class 0.2750 (epoch 4)
Best instance 0.2750, class 0.2750 (epoch 4)
2026-06-24 18:08:38,444 - INFO - Epoch 44/200:
Epoch 44/200:
2026-06-24 18:08:41,066 - INFO - Train loss: 0.0001 (2.6s)
Train loss: 0.0001 (2.6s)
2026-06-24 18:08:41,322 - INFO - Test instance 0.2500, class 0.2500
Test instance 0.2500, class 0.2500
2026-06-24 18:08:41,322 - INFO - Best instance 0.2750, class 0.2750 (epoch 4)
Best instance 0.2750, class 0.2750 (epoch 4)
2026-06-24 18:08:41,347 - INFO - Epoch 45/200:
Epoch 45/200:
2026-06-24 18:08:44,043 - INFO - Train loss: 0.0001 (2.7s)
Train loss: 0.0001 (2.7s)
2026-06-24 18:08:44,298 - INFO - Test instance 0.2500, class 0.2500
Test instance 0.2500, class 0.2500
2026-06-24 18:08:44,298 - INFO - Best instance 0.2750, class 0.2750 (epoch 4)
Best instance 0.2750, class 0.2750 (epoch 4)
2026-06-24 18:08:44,324 - INFO - Epoch 46/200:
Epoch 46/200:
2026-06-24 18:08:46,961 - INFO - Train loss: 0.0001 (2.6s)
Train loss: 0.0001 (2.6s)
2026-06-24 18:08:47,215 - INFO - Test instance 0.2500, class 0.2500
Test instance 0.2500, class 0.2500
2026-06-24 18:08:47,215 - INFO - Best instance 0.2750, class 0.2750 (epoch 4)
Best instance 0.2750, class 0.2750 (epoch 4)
2026-06-24 18:08:47,240 - INFO - Epoch 47/200:
Epoch 47/200:
2026-06-24 18:08:49,898 - INFO - Train loss: 0.0001 (2.7s)
Train loss: 0.0001 (2.7s)
2026-06-24 18:08:50,154 - INFO - Test instance 0.2500, class 0.2500
Test instance 0.2500, class 0.2500
2026-06-24 18:08:50,155 - INFO - Best instance 0.2750, class 0.2750 (epoch 4)
Best instance 0.2750, class 0.2750 (epoch 4)
2026-06-24 18:08:50,181 - INFO - Epoch 48/200:
Epoch 48/200:
2026-06-24 18:08:52,842 - INFO - Train loss: 0.0001 (2.7s)
Train loss: 0.0001 (2.7s)
2026-06-24 18:08:53,090 - INFO - Test instance 0.2500, class 0.2500
Test instance 0.2500, class 0.2500
2026-06-24 18:08:53,090 - INFO - Best instance 0.2750, class 0.2750 (epoch 4)
Best instance 0.2750, class 0.2750 (epoch 4)
2026-06-24 18:08:53,115 - INFO - Epoch 49/200:
Epoch 49/200:
2026-06-24 18:08:55,754 - INFO - Train loss: 0.0001 (2.6s)
Train loss: 0.0001 (2.6s)
2026-06-24 18:08:55,999 - INFO - Test instance 0.2500, class 0.2500
Test instance 0.2500, class 0.2500
2026-06-24 18:08:56,000 - INFO - Best instance 0.2750, class 0.2750 (epoch 4)
Best instance 0.2750, class 0.2750 (epoch 4)
2026-06-24 18:08:56,025 - INFO - Epoch 50/200:
Epoch 50/200:
2026-06-24 18:08:58,672 - INFO - Train loss: 0.0001 (2.6s)
Train loss: 0.0001 (2.6s)
2026-06-24 18:08:58,921 - INFO - Test instance 0.2500, class 0.2500
Test instance 0.2500, class 0.2500
2026-06-24 18:08:58,921 - INFO - Best instance 0.2750, class 0.2750 (epoch 4)
Best instance 0.2750, class 0.2750 (epoch 4)
2026-06-24 18:08:58,947 - INFO - Epoch 51/200:
Epoch 51/200:
2026-06-24 18:09:01,637 - INFO - Train loss: 0.0000 (2.7s)
Train loss: 0.0000 (2.7s)
2026-06-24 18:09:01,898 - INFO - Test instance 0.2500, class 0.2500
Test instance 0.2500, class 0.2500
2026-06-24 18:09:01,898 - INFO - Best instance 0.2750, class 0.2750 (epoch 4)
Best instance 0.2750, class 0.2750 (epoch 4)
2026-06-24 18:09:01,924 - INFO - Epoch 52/200:
Epoch 52/200:
2026-06-24 18:09:04,624 - INFO - Train loss: 0.0001 (2.7s)
Train loss: 0.0001 (2.7s)
2026-06-24 18:09:04,870 - INFO - Test instance 0.2500, class 0.2500
Test instance 0.2500, class 0.2500
2026-06-24 18:09:04,870 - INFO - Best instance 0.2750, class 0.2750 (epoch 4)
Best instance 0.2750, class 0.2750 (epoch 4)
2026-06-24 18:09:04,895 - INFO - Epoch 53/200:
Epoch 53/200:
2026-06-24 18:09:07,545 - INFO - Train loss: 0.0000 (2.7s)
Train loss: 0.0000 (2.7s)
2026-06-24 18:09:07,805 - INFO - Test instance 0.2500, class 0.2500
Test instance 0.2500, class 0.2500
2026-06-24 18:09:07,805 - INFO - Best instance 0.2750, class 0.2750 (epoch 4)
Best instance 0.2750, class 0.2750 (epoch 4)
2026-06-24 18:09:07,830 - INFO - Epoch 54/200:
Epoch 54/200:
2026-06-24 18:09:10,463 - INFO - Train loss: 0.0001 (2.6s)
Train loss: 0.0001 (2.6s)
2026-06-24 18:09:10,710 - INFO - Test instance 0.2500, class 0.2500
Test instance 0.2500, class 0.2500
2026-06-24 18:09:10,710 - INFO - Best instance 0.2750, class 0.2750 (epoch 4)
Best instance 0.2750, class 0.2750 (epoch 4)
2026-06-24 18:09:10,735 - INFO - Epoch 55/200:
Epoch 55/200:
2026-06-24 18:09:13,371 - INFO - Train loss: 0.0000 (2.6s)
Train loss: 0.0000 (2.6s)
2026-06-24 18:09:13,622 - INFO - Test instance 0.2500, class 0.2500
Test instance 0.2500, class 0.2500
2026-06-24 18:09:13,622 - INFO - Best instance 0.2750, class 0.2750 (epoch 4)
Best instance 0.2750, class 0.2750 (epoch 4)
2026-06-24 18:09:13,647 - INFO - Epoch 56/200:
Epoch 56/200:
2026-06-24 18:09:16,275 - INFO - Train loss: 0.0000 (2.6s)
Train loss: 0.0000 (2.6s)
2026-06-24 18:09:16,533 - INFO - Test instance 0.2500, class 0.2500
Test instance 0.2500, class 0.2500
2026-06-24 18:09:16,534 - INFO - Best instance 0.2750, class 0.2750 (epoch 4)
Best instance 0.2750, class 0.2750 (epoch 4)
2026-06-24 18:09:16,559 - INFO - Epoch 57/200:
Epoch 57/200:
2026-06-24 18:09:19,194 - INFO - Train loss: 0.0000 (2.6s)
Train loss: 0.0000 (2.6s)
2026-06-24 18:09:19,451 - INFO - Test instance 0.2500, class 0.2500
Test instance 0.2500, class 0.2500
2026-06-24 18:09:19,452 - INFO - Best instance 0.2750, class 0.2750 (epoch 4)
Best instance 0.2750, class 0.2750 (epoch 4)
2026-06-24 18:09:19,485 - INFO - Epoch 58/200:
Epoch 58/200:
2026-06-24 18:09:22,145 - INFO - Train loss: 0.0000 (2.7s)
Train loss: 0.0000 (2.7s)
2026-06-24 18:09:22,397 - INFO - Test instance 0.2500, class 0.2500
Test instance 0.2500, class 0.2500
2026-06-24 18:09:22,398 - INFO - Best instance 0.2750, class 0.2750 (epoch 4)
Best instance 0.2750, class 0.2750 (epoch 4)
2026-06-24 18:09:22,422 - INFO - Epoch 59/200:
Epoch 59/200:
2026-06-24 18:09:25,067 - INFO - Train loss: 0.0000 (2.6s)
Train loss: 0.0000 (2.6s)
2026-06-24 18:09:25,318 - INFO - Test instance 0.2500, class 0.2500
Test instance 0.2500, class 0.2500
2026-06-24 18:09:25,318 - INFO - Best instance 0.2750, class 0.2750 (epoch 4)
Best instance 0.2750, class 0.2750 (epoch 4)
2026-06-24 18:09:25,343 - INFO - Epoch 60/200:
Epoch 60/200:
2026-06-24 18:09:27,981 - INFO - Train loss: 0.0000 (2.6s)
Train loss: 0.0000 (2.6s)
2026-06-24 18:09:28,245 - INFO - Test instance 0.2500, class 0.2500
Test instance 0.2500, class 0.2500
2026-06-24 18:09:28,245 - INFO - Best instance 0.2750, class 0.2750 (epoch 4)
Best instance 0.2750, class 0.2750 (epoch 4)
2026-06-24 18:09:28,269 - INFO - Epoch 61/200:
Epoch 61/200:
2026-06-24 18:09:30,911 - INFO - Train loss: 0.0000 (2.6s)
Train loss: 0.0000 (2.6s)
2026-06-24 18:09:31,162 - INFO - Test instance 0.2500, class 0.2500
Test instance 0.2500, class 0.2500
2026-06-24 18:09:31,162 - INFO - Best instance 0.2750, class 0.2750 (epoch 4)
Best instance 0.2750, class 0.2750 (epoch 4)
2026-06-24 18:09:31,186 - INFO - Epoch 62/200:
Epoch 62/200:
2026-06-24 18:09:33,823 - INFO - Train loss: 0.0000 (2.6s)
Train loss: 0.0000 (2.6s)
2026-06-24 18:09:34,067 - INFO - Test instance 0.2500, class 0.2500
Test instance 0.2500, class 0.2500
2026-06-24 18:09:34,067 - INFO - Best instance 0.2750, class 0.2750 (epoch 4)
Best instance 0.2750, class 0.2750 (epoch 4)
2026-06-24 18:09:34,091 - INFO - Epoch 63/200:
Epoch 63/200:
2026-06-24 18:09:36,745 - INFO - Train loss: 0.0000 (2.7s)
Train loss: 0.0000 (2.7s)
2026-06-24 18:09:37,001 - INFO - Test instance 0.2500, class 0.2500
Test instance 0.2500, class 0.2500
2026-06-24 18:09:37,001 - INFO - Best instance 0.2750, class 0.2750 (epoch 4)
Best instance 0.2750, class 0.2750 (epoch 4)
2026-06-24 18:09:37,027 - INFO - Epoch 64/200:
Epoch 64/200:
2026-06-24 18:09:39,717 - INFO - Train loss: 0.0000 (2.7s)
Train loss: 0.0000 (2.7s)
2026-06-24 18:09:39,970 - INFO - Test instance 0.2500, class 0.2500
Test instance 0.2500, class 0.2500
2026-06-24 18:09:39,970 - INFO - Best instance 0.2750, class 0.2750 (epoch 4)
Best instance 0.2750, class 0.2750 (epoch 4)
2026-06-24 18:09:39,994 - INFO - Epoch 65/200:
Epoch 65/200:
2026-06-24 18:09:42,646 - INFO - Train loss: 0.0000 (2.7s)
Train loss: 0.0000 (2.7s)
2026-06-24 18:09:42,903 - INFO - Test instance 0.2500, class 0.2500
Test instance 0.2500, class 0.2500
2026-06-24 18:09:42,903 - INFO - Best instance 0.2750, class 0.2750 (epoch 4)
Best instance 0.2750, class 0.2750 (epoch 4)
2026-06-24 18:09:42,959 - INFO - Epoch 66/200:
Epoch 66/200:
2026-06-24 18:09:45,612 - INFO - Train loss: 0.0000 (2.7s)
Train loss: 0.0000 (2.7s)
2026-06-24 18:09:45,861 - INFO - Test instance 0.2500, class 0.2500
Test instance 0.2500, class 0.2500
2026-06-24 18:09:45,861 - INFO - Best instance 0.2750, class 0.2750 (epoch 4)
Best instance 0.2750, class 0.2750 (epoch 4)
2026-06-24 18:09:45,885 - INFO - Epoch 67/200:
Epoch 67/200:
2026-06-24 18:09:48,548 - INFO - Train loss: 0.0000 (2.7s)
Train loss: 0.0000 (2.7s)
2026-06-24 18:09:48,800 - INFO - Test instance 0.2500, class 0.2500
Test instance 0.2500, class 0.2500
2026-06-24 18:09:48,800 - INFO - Best instance 0.2750, class 0.2750 (epoch 4)
Best instance 0.2750, class 0.2750 (epoch 4)
2026-06-24 18:09:48,825 - INFO - Epoch 68/200:
Epoch 68/200:
2026-06-24 18:09:51,500 - INFO - Train loss: 0.0000 (2.7s)
Train loss: 0.0000 (2.7s)
2026-06-24 18:09:51,748 - INFO - Test instance 0.2500, class 0.2500
Test instance 0.2500, class 0.2500
2026-06-24 18:09:51,748 - INFO - Best instance 0.2750, class 0.2750 (epoch 4)
Best instance 0.2750, class 0.2750 (epoch 4)
2026-06-24 18:09:51,773 - INFO - Epoch 69/200:
Epoch 69/200:
2026-06-24 18:09:54,416 - INFO - Train loss: 0.0000 (2.6s)
Train loss: 0.0000 (2.6s)
2026-06-24 18:09:54,673 - INFO - Test instance 0.2500, class 0.2500
Test instance 0.2500, class 0.2500
2026-06-24 18:09:54,673 - INFO - Best instance 0.2750, class 0.2750 (epoch 4)
Best instance 0.2750, class 0.2750 (epoch 4)
2026-06-24 18:09:54,698 - INFO - Epoch 70/200:
Epoch 70/200:
2026-06-24 18:09:57,350 - INFO - Train loss: 0.0000 (2.7s)
Train loss: 0.0000 (2.7s)
2026-06-24 18:09:57,611 - INFO - Test instance 0.2500, class 0.2500
Test instance 0.2500, class 0.2500
2026-06-24 18:09:57,611 - INFO - Best instance 0.2750, class 0.2750 (epoch 4)
Best instance 0.2750, class 0.2750 (epoch 4)
2026-06-24 18:09:57,635 - INFO - Epoch 71/200:
Epoch 71/200:
2026-06-24 18:10:00,307 - INFO - Train loss: 0.0000 (2.7s)
Train loss: 0.0000 (2.7s)
2026-06-24 18:10:00,566 - INFO - Test instance 0.2500, class 0.2500
Test instance 0.2500, class 0.2500
2026-06-24 18:10:00,567 - INFO - Best instance 0.2750, class 0.2750 (epoch 4)
Best instance 0.2750, class 0.2750 (epoch 4)
2026-06-24 18:10:00,591 - INFO - Epoch 72/200:
Epoch 72/200:
2026-06-24 18:10:03,298 - INFO - Train loss: 0.0000 (2.7s)
Train loss: 0.0000 (2.7s)
2026-06-24 18:10:03,561 - INFO - Test instance 0.2500, class 0.2500
Test instance 0.2500, class 0.2500
2026-06-24 18:10:03,561 - INFO - Best instance 0.2750, class 0.2750 (epoch 4)
Best instance 0.2750, class 0.2750 (epoch 4)
2026-06-24 18:10:03,585 - INFO - Epoch 73/200:
Epoch 73/200:
2026-06-24 18:10:06,237 - INFO - Train loss: 0.0000 (2.7s)
Train loss: 0.0000 (2.7s)
2026-06-24 18:10:06,490 - INFO - Test instance 0.2500, class 0.2500
Test instance 0.2500, class 0.2500
2026-06-24 18:10:06,490 - INFO - Best instance 0.2750, class 0.2750 (epoch 4)
Best instance 0.2750, class 0.2750 (epoch 4)
2026-06-24 18:10:06,514 - INFO - Epoch 74/200:
Epoch 74/200:
2026-06-24 18:10:09,163 - INFO - Train loss: 0.0000 (2.6s)
Train loss: 0.0000 (2.6s)
2026-06-24 18:10:09,419 - INFO - Test instance 0.2500, class 0.2500
Test instance 0.2500, class 0.2500
2026-06-24 18:10:09,419 - INFO - Best instance 0.2750, class 0.2750 (epoch 4)
Best instance 0.2750, class 0.2750 (epoch 4)
2026-06-24 18:10:09,443 - INFO - Epoch 75/200:
Epoch 75/200:
2026-06-24 18:10:12,093 - INFO - Train loss: 0.0000 (2.6s)
Train loss: 0.0000 (2.6s)
2026-06-24 18:10:12,352 - INFO - Test instance 0.2500, class 0.2500
Test instance 0.2500, class 0.2500
2026-06-24 18:10:12,352 - INFO - Best instance 0.2750, class 0.2750 (epoch 4)
Best instance 0.2750, class 0.2750 (epoch 4)
2026-06-24 18:10:12,377 - INFO - Epoch 76/200:
Epoch 76/200:
2026-06-24 18:10:15,017 - INFO - Train loss: 0.0000 (2.6s)
Train loss: 0.0000 (2.6s)
2026-06-24 18:10:15,268 - INFO - Test instance 0.2500, class 0.2500
Test instance 0.2500, class 0.2500
2026-06-24 18:10:15,269 - INFO - Best instance 0.2750, class 0.2750 (epoch 4)
Best instance 0.2750, class 0.2750 (epoch 4)
2026-06-24 18:10:15,293 - INFO - Epoch 77/200:
Epoch 77/200:
2026-06-24 18:10:17,955 - INFO - Train loss: 0.0000 (2.7s)
Train loss: 0.0000 (2.7s)
2026-06-24 18:10:18,210 - INFO - Test instance 0.2500, class 0.2500
Test instance 0.2500, class 0.2500
2026-06-24 18:10:18,210 - INFO - Best instance 0.2750, class 0.2750 (epoch 4)
Best instance 0.2750, class 0.2750 (epoch 4)
2026-06-24 18:10:18,235 - INFO - Epoch 78/200:
Epoch 78/200:
2026-06-24 18:10:20,876 - INFO - Train loss: 0.0000 (2.6s)
Train loss: 0.0000 (2.6s)
2026-06-24 18:10:21,125 - INFO - Test instance 0.2500, class 0.2500
Test instance 0.2500, class 0.2500
2026-06-24 18:10:21,125 - INFO - Best instance 0.2750, class 0.2750 (epoch 4)
Best instance 0.2750, class 0.2750 (epoch 4)
2026-06-24 18:10:21,149 - INFO - Epoch 79/200:
Epoch 79/200:
2026-06-24 18:10:23,809 - INFO - Train loss: 0.0000 (2.7s)
Train loss: 0.0000 (2.7s)
2026-06-24 18:10:24,064 - INFO - Test instance 0.2500, class 0.2500
Test instance 0.2500, class 0.2500
2026-06-24 18:10:24,065 - INFO - Best instance 0.2750, class 0.2750 (epoch 4)
Best instance 0.2750, class 0.2750 (epoch 4)
2026-06-24 18:10:24,089 - INFO - Epoch 80/200:
Epoch 80/200:
2026-06-24 18:10:26,745 - INFO - Train loss: 0.0000 (2.7s)
Train loss: 0.0000 (2.7s)
2026-06-24 18:10:26,998 - INFO - Test instance 0.2500, class 0.2500
Test instance 0.2500, class 0.2500
2026-06-24 18:10:26,998 - INFO - Best instance 0.2750, class 0.2750 (epoch 4)
Best instance 0.2750, class 0.2750 (epoch 4)
2026-06-24 18:10:27,028 - INFO - Epoch 81/200:
Epoch 81/200:
2026-06-24 18:10:29,684 - INFO - Train loss: 0.0000 (2.7s)
Train loss: 0.0000 (2.7s)
2026-06-24 18:10:29,947 - INFO - Test instance 0.2500, class 0.2500
Test instance 0.2500, class 0.2500
2026-06-24 18:10:29,948 - INFO - Best instance 0.2750, class 0.2750 (epoch 4)
Best instance 0.2750, class 0.2750 (epoch 4)
2026-06-24 18:10:29,972 - INFO - Epoch 82/200:
Epoch 82/200:
2026-06-24 18:10:32,613 - INFO - Train loss: 0.0000 (2.6s)
Train loss: 0.0000 (2.6s)
2026-06-24 18:10:32,865 - INFO - Test instance 0.2500, class 0.2500
Test instance 0.2500, class 0.2500
2026-06-24 18:10:32,865 - INFO - Best instance 0.2750, class 0.2750 (epoch 4)
Best instance 0.2750, class 0.2750 (epoch 4)
2026-06-24 18:10:32,891 - INFO - Epoch 83/200:
Epoch 83/200:
2026-06-24 18:10:35,566 - INFO - Train loss: 0.0000 (2.7s)
Train loss: 0.0000 (2.7s)
2026-06-24 18:10:35,815 - INFO - Test instance 0.2500, class 0.2500
Test instance 0.2500, class 0.2500
2026-06-24 18:10:35,815 - INFO - Best instance 0.2750, class 0.2750 (epoch 4)
Best instance 0.2750, class 0.2750 (epoch 4)
2026-06-24 18:10:35,840 - INFO - Epoch 84/200:
Epoch 84/200:
2026-06-24 18:10:38,498 - INFO - Train loss: 0.0000 (2.7s)
Train loss: 0.0000 (2.7s)
2026-06-24 18:10:38,750 - INFO - Test instance 0.2500, class 0.2500
Test instance 0.2500, class 0.2500
2026-06-24 18:10:38,750 - INFO - Best instance 0.2750, class 0.2750 (epoch 4)
Best instance 0.2750, class 0.2750 (epoch 4)
2026-06-24 18:10:38,775 - INFO - Epoch 85/200:
Epoch 85/200:
2026-06-24 18:10:41,425 - INFO - Train loss: 0.0000 (2.7s)
Train loss: 0.0000 (2.7s)
2026-06-24 18:10:41,675 - INFO - Test instance 0.2500, class 0.2500
Test instance 0.2500, class 0.2500
2026-06-24 18:10:41,676 - INFO - Best instance 0.2750, class 0.2750 (epoch 4)
Best instance 0.2750, class 0.2750 (epoch 4)
2026-06-24 18:10:41,700 - INFO - Epoch 86/200:
Epoch 86/200:
2026-06-24 18:10:44,360 - INFO - Train loss: 0.0000 (2.7s)
Train loss: 0.0000 (2.7s)
2026-06-24 18:10:44,611 - INFO - Test instance 0.2500, class 0.2500
Test instance 0.2500, class 0.2500
2026-06-24 18:10:44,612 - INFO - Best instance 0.2750, class 0.2750 (epoch 4)
Best instance 0.2750, class 0.2750 (epoch 4)
2026-06-24 18:10:44,636 - INFO - Epoch 87/200:
Epoch 87/200:
2026-06-24 18:10:47,290 - INFO - Train loss: 0.0000 (2.7s)
Train loss: 0.0000 (2.7s)
2026-06-24 18:10:47,538 - INFO - Test instance 0.2500, class 0.2500
Test instance 0.2500, class 0.2500
2026-06-24 18:10:47,539 - INFO - Best instance 0.2750, class 0.2750 (epoch 4)
Best instance 0.2750, class 0.2750 (epoch 4)
2026-06-24 18:10:47,563 - INFO - Epoch 88/200:
Epoch 88/200:
2026-06-24 18:10:50,231 - INFO - Train loss: 0.0000 (2.7s)
Train loss: 0.0000 (2.7s)
2026-06-24 18:10:50,486 - INFO - Test instance 0.2500, class 0.2500
Test instance 0.2500, class 0.2500
2026-06-24 18:10:50,486 - INFO - Best instance 0.2750, class 0.2750 (epoch 4)
Best instance 0.2750, class 0.2750 (epoch 4)
2026-06-24 18:10:50,511 - INFO - Epoch 89/200:
Epoch 89/200:
2026-06-24 18:10:53,184 - INFO - Train loss: 0.0000 (2.7s)
Train loss: 0.0000 (2.7s)
2026-06-24 18:10:53,439 - INFO - Test instance 0.2500, class 0.2500
Test instance 0.2500, class 0.2500
2026-06-24 18:10:53,439 - INFO - Best instance 0.2750, class 0.2750 (epoch 4)
Best instance 0.2750, class 0.2750 (epoch 4)
2026-06-24 18:10:53,464 - INFO - Epoch 90/200:
Epoch 90/200:
2026-06-24 18:10:56,088 - INFO - Train loss: 0.0000 (2.6s)
Train loss: 0.0000 (2.6s)
2026-06-24 18:10:56,336 - INFO - Test instance 0.2500, class 0.2500
Test instance 0.2500, class 0.2500
2026-06-24 18:10:56,337 - INFO - Best instance 0.2750, class 0.2750 (epoch 4)
Best instance 0.2750, class 0.2750 (epoch 4)
2026-06-24 18:10:56,361 - INFO - Epoch 91/200:
Epoch 91/200:
2026-06-24 18:10:58,998 - INFO - Train loss: 0.0000 (2.6s)
Train loss: 0.0000 (2.6s)
2026-06-24 18:10:59,252 - INFO - Test instance 0.2500, class 0.2500
Test instance 0.2500, class 0.2500
2026-06-24 18:10:59,252 - INFO - Best instance 0.2750, class 0.2750 (epoch 4)
Best instance 0.2750, class 0.2750 (epoch 4)
2026-06-24 18:10:59,277 - INFO - Epoch 92/200:
Epoch 92/200:
2026-06-24 18:11:02,016 - INFO - Train loss: 0.0000 (2.7s)
Train loss: 0.0000 (2.7s)
2026-06-24 18:11:02,275 - INFO - Test instance 0.2500, class 0.2500
Test instance 0.2500, class 0.2500
2026-06-24 18:11:02,275 - INFO - Best instance 0.2750, class 0.2750 (epoch 4)
Best instance 0.2750, class 0.2750 (epoch 4)
2026-06-24 18:11:02,299 - INFO - Epoch 93/200:
Epoch 93/200:
2026-06-24 18:11:04,998 - INFO - Train loss: 0.0000 (2.7s)
Train loss: 0.0000 (2.7s)
2026-06-24 18:11:05,259 - INFO - Test instance 0.2500, class 0.2500
Test instance 0.2500, class 0.2500
2026-06-24 18:11:05,259 - INFO - Best instance 0.2750, class 0.2750 (epoch 4)
Best instance 0.2750, class 0.2750 (epoch 4)
2026-06-24 18:11:05,283 - INFO - Epoch 94/200:
Epoch 94/200:
2026-06-24 18:11:07,956 - INFO - Train loss: 0.0000 (2.7s)
Train loss: 0.0000 (2.7s)
2026-06-24 18:11:08,211 - INFO - Test instance 0.2500, class 0.2500
Test instance 0.2500, class 0.2500
2026-06-24 18:11:08,212 - INFO - Best instance 0.2750, class 0.2750 (epoch 4)
Best instance 0.2750, class 0.2750 (epoch 4)
2026-06-24 18:11:08,236 - INFO - Epoch 95/200:
Epoch 95/200:
2026-06-24 18:11:10,914 - INFO - Train loss: 0.0000 (2.7s)
Train loss: 0.0000 (2.7s)
2026-06-24 18:11:11,172 - INFO - Test instance 0.2500, class 0.2500
Test instance 0.2500, class 0.2500
2026-06-24 18:11:11,172 - INFO - Best instance 0.2750, class 0.2750 (epoch 4)
Best instance 0.2750, class 0.2750 (epoch 4)
2026-06-24 18:11:11,197 - INFO - Epoch 96/200:
Epoch 96/200:
2026-06-24 18:11:13,854 - INFO - Train loss: 0.0000 (2.7s)
Train loss: 0.0000 (2.7s)
2026-06-24 18:11:14,115 - INFO - Test instance 0.2500, class 0.2500
Test instance 0.2500, class 0.2500
2026-06-24 18:11:14,116 - INFO - Best instance 0.2750, class 0.2750 (epoch 4)
Best instance 0.2750, class 0.2750 (epoch 4)
2026-06-24 18:11:14,140 - INFO - Epoch 97/200:
Epoch 97/200:
2026-06-24 18:11:16,806 - INFO - Train loss: 0.0000 (2.7s)
Train loss: 0.0000 (2.7s)
2026-06-24 18:11:17,054 - INFO - Test instance 0.2500, class 0.2500
Test instance 0.2500, class 0.2500
2026-06-24 18:11:17,054 - INFO - Best instance 0.2750, class 0.2750 (epoch 4)
Best instance 0.2750, class 0.2750 (epoch 4)
2026-06-24 18:11:17,079 - INFO - Epoch 98/200:
Epoch 98/200:
2026-06-24 18:11:19,718 - INFO - Train loss: 0.0000 (2.6s)
Train loss: 0.0000 (2.6s)
2026-06-24 18:11:19,982 - INFO - Test instance 0.2500, class 0.2500
Test instance 0.2500, class 0.2500
2026-06-24 18:11:19,982 - INFO - Best instance 0.2750, class 0.2750 (epoch 4)
Best instance 0.2750, class 0.2750 (epoch 4)
2026-06-24 18:11:20,006 - INFO - Epoch 99/200:
Epoch 99/200:
2026-06-24 18:11:22,672 - INFO - Train loss: 0.0000 (2.7s)
Train loss: 0.0000 (2.7s)
2026-06-24 18:11:22,928 - INFO - Test instance 0.2500, class 0.2500
Test instance 0.2500, class 0.2500
2026-06-24 18:11:22,928 - INFO - Best instance 0.2750, class 0.2750 (epoch 4)
Best instance 0.2750, class 0.2750 (epoch 4)
2026-06-24 18:11:22,951 - INFO - Epoch 100/200:
Epoch 100/200:
2026-06-24 18:11:25,608 - INFO - Train loss: 0.0000 (2.7s)
Train loss: 0.0000 (2.7s)
2026-06-24 18:11:25,873 - INFO - Test instance 0.2500, class 0.2500
Test instance 0.2500, class 0.2500
2026-06-24 18:11:25,874 - INFO - Best instance 0.2750, class 0.2750 (epoch 4)
Best instance 0.2750, class 0.2750 (epoch 4)
2026-06-24 18:11:25,897 - INFO - Epoch 101/200:
Epoch 101/200:
2026-06-24 18:11:28,579 - INFO - Train loss: 0.0000 (2.7s)
Train loss: 0.0000 (2.7s)
2026-06-24 18:11:28,837 - INFO - Test instance 0.2500, class 0.2500
Test instance 0.2500, class 0.2500
2026-06-24 18:11:28,837 - INFO - Best instance 0.2750, class 0.2750 (epoch 4)
Best instance 0.2750, class 0.2750 (epoch 4)
2026-06-24 18:11:28,861 - INFO - Epoch 102/200:
Epoch 102/200:
2026-06-24 18:11:31,554 - INFO - Train loss: 0.0000 (2.7s)
Train loss: 0.0000 (2.7s)
2026-06-24 18:11:31,814 - INFO - Test instance 0.2500, class 0.2500
Test instance 0.2500, class 0.2500
2026-06-24 18:11:31,815 - INFO - Best instance 0.2750, class 0.2750 (epoch 4)
Best instance 0.2750, class 0.2750 (epoch 4)
2026-06-24 18:11:31,838 - INFO - Epoch 103/200:
Epoch 103/200:
2026-06-24 18:11:34,524 - INFO - Train loss: 0.0000 (2.7s)
Train loss: 0.0000 (2.7s)
2026-06-24 18:11:34,777 - INFO - Test instance 0.2500, class 0.2500
Test instance 0.2500, class 0.2500
2026-06-24 18:11:34,778 - INFO - Best instance 0.2750, class 0.2750 (epoch 4)
Best instance 0.2750, class 0.2750 (epoch 4)
2026-06-24 18:11:34,802 - INFO - Epoch 104/200:
Epoch 104/200:
2026-06-24 18:11:37,417 - INFO - Train loss: 0.0000 (2.6s)
Train loss: 0.0000 (2.6s)
2026-06-24 18:11:37,666 - INFO - Test instance 0.2500, class 0.2500
Test instance 0.2500, class 0.2500
2026-06-24 18:11:37,666 - INFO - Best instance 0.2750, class 0.2750 (epoch 4)
Best instance 0.2750, class 0.2750 (epoch 4)
2026-06-24 18:11:37,690 - INFO - Epoch 105/200:
Epoch 105/200:
2026-06-24 18:11:40,329 - INFO - Train loss: 0.0000 (2.6s)
Train loss: 0.0000 (2.6s)
2026-06-24 18:11:40,581 - INFO - Test instance 0.2500, class 0.2500
Test instance 0.2500, class 0.2500
2026-06-24 18:11:40,582 - INFO - Best instance 0.2750, class 0.2750 (epoch 4)
Best instance 0.2750, class 0.2750 (epoch 4)
2026-06-24 18:11:40,605 - INFO - Epoch 106/200:
Epoch 106/200:
2026-06-24 18:11:43,247 - INFO - Train loss: 0.0000 (2.6s)
Train loss: 0.0000 (2.6s)
2026-06-24 18:11:43,496 - INFO - Test instance 0.2500, class 0.2500
Test instance 0.2500, class 0.2500
2026-06-24 18:11:43,497 - INFO - Best instance 0.2750, class 0.2750 (epoch 4)
Best instance 0.2750, class 0.2750 (epoch 4)
2026-06-24 18:11:43,520 - INFO - Epoch 107/200:
Epoch 107/200:
2026-06-24 18:11:46,157 - INFO - Train loss: 0.0000 (2.6s)
Train loss: 0.0000 (2.6s)
2026-06-24 18:11:46,419 - INFO - Test instance 0.2500, class 0.2500
Test instance 0.2500, class 0.2500
2026-06-24 18:11:46,420 - INFO - Best instance 0.2750, class 0.2750 (epoch 4)
Best instance 0.2750, class 0.2750 (epoch 4)
2026-06-24 18:11:46,443 - INFO - Epoch 108/200:
Epoch 108/200:
2026-06-24 18:11:49,113 - INFO - Train loss: 0.0000 (2.7s)
Train loss: 0.0000 (2.7s)
2026-06-24 18:11:49,358 - INFO - Test instance 0.2500, class 0.2500
Test instance 0.2500, class 0.2500
2026-06-24 18:11:49,359 - INFO - Best instance 0.2750, class 0.2750 (epoch 4)
Best instance 0.2750, class 0.2750 (epoch 4)
2026-06-24 18:11:49,383 - INFO - Epoch 109/200:
Epoch 109/200:
2026-06-24 18:11:52,050 - INFO - Train loss: 0.0000 (2.7s)
Train loss: 0.0000 (2.7s)
2026-06-24 18:11:52,304 - INFO - Test instance 0.2500, class 0.2500
Test instance 0.2500, class 0.2500
2026-06-24 18:11:52,305 - INFO - Best instance 0.2750, class 0.2750 (epoch 4)
Best instance 0.2750, class 0.2750 (epoch 4)
2026-06-24 18:11:52,331 - INFO - Epoch 110/200:
Epoch 110/200:
2026-06-24 18:11:55,001 - INFO - Train loss: 0.0000 (2.7s)
Train loss: 0.0000 (2.7s)
2026-06-24 18:11:55,252 - INFO - Test instance 0.2500, class 0.2500
Test instance 0.2500, class 0.2500
2026-06-24 18:11:55,253 - INFO - Best instance 0.2750, class 0.2750 (epoch 4)
Best instance 0.2750, class 0.2750 (epoch 4)
2026-06-24 18:11:55,276 - INFO - Epoch 111/200:
Epoch 111/200:
2026-06-24 18:11:57,918 - INFO - Train loss: 0.0000 (2.6s)
Train loss: 0.0000 (2.6s)
2026-06-24 18:11:58,179 - INFO - Test instance 0.2500, class 0.2500
Test instance 0.2500, class 0.2500
2026-06-24 18:11:58,179 - INFO - Best instance 0.2750, class 0.2750 (epoch 4)
Best instance 0.2750, class 0.2750 (epoch 4)
2026-06-24 18:11:58,204 - INFO - Epoch 112/200:
Epoch 112/200:
2026-06-24 18:12:00,841 - INFO - Train loss: 0.0000 (2.6s)
Train loss: 0.0000 (2.6s)
2026-06-24 18:12:01,098 - INFO - Test instance 0.2500, class 0.2500
Test instance 0.2500, class 0.2500
2026-06-24 18:12:01,098 - INFO - Best instance 0.2750, class 0.2750 (epoch 4)
Best instance 0.2750, class 0.2750 (epoch 4)
2026-06-24 18:12:01,125 - INFO - Epoch 113/200:
Epoch 113/200:
2026-06-24 18:12:03,823 - INFO - Train loss: 0.0000 (2.7s)
Train loss: 0.0000 (2.7s)
2026-06-24 18:12:04,079 - INFO - Test instance 0.2500, class 0.2500
Test instance 0.2500, class 0.2500
2026-06-24 18:12:04,079 - INFO - Best instance 0.2750, class 0.2750 (epoch 4)
Best instance 0.2750, class 0.2750 (epoch 4)
2026-06-24 18:12:04,103 - INFO - Epoch 114/200:
Epoch 114/200:
2026-06-24 18:12:06,726 - INFO - Train loss: 0.0000 (2.6s)
Train loss: 0.0000 (2.6s)
2026-06-24 18:12:06,981 - INFO - Test instance 0.2500, class 0.2500
Test instance 0.2500, class 0.2500
2026-06-24 18:12:06,982 - INFO - Best instance 0.2750, class 0.2750 (epoch 4)
Best instance 0.2750, class 0.2750 (epoch 4)
2026-06-24 18:12:07,006 - INFO - Epoch 115/200:
Epoch 115/200:
2026-06-24 18:12:09,665 - INFO - Train loss: 0.0000 (2.7s)
Train loss: 0.0000 (2.7s)
2026-06-24 18:12:09,918 - INFO - Test instance 0.2500, class 0.2500
Test instance 0.2500, class 0.2500
2026-06-24 18:12:09,919 - INFO - Best instance 0.2750, class 0.2750 (epoch 4)
Best instance 0.2750, class 0.2750 (epoch 4)
2026-06-24 18:12:09,943 - INFO - Epoch 116/200:
Epoch 116/200:
2026-06-24 18:12:12,585 - INFO - Train loss: 0.0000 (2.6s)
Train loss: 0.0000 (2.6s)
2026-06-24 18:12:12,841 - INFO - Test instance 0.2500, class 0.2500
Test instance 0.2500, class 0.2500
2026-06-24 18:12:12,845 - INFO - Best instance 0.2750, class 0.2750 (epoch 4)
Best instance 0.2750, class 0.2750 (epoch 4)
2026-06-24 18:12:12,869 - INFO - Epoch 117/200:
Epoch 117/200:
2026-06-24 18:12:15,505 - INFO - Train loss: 0.0000 (2.6s)
Train loss: 0.0000 (2.6s)
2026-06-24 18:12:15,761 - INFO - Test instance 0.2500, class 0.2500
Test instance 0.2500, class 0.2500
2026-06-24 18:12:15,761 - INFO - Best instance 0.2750, class 0.2750 (epoch 4)
Best instance 0.2750, class 0.2750 (epoch 4)
2026-06-24 18:12:15,786 - INFO - Epoch 118/200:
Epoch 118/200:
2026-06-24 18:12:18,451 - INFO - Train loss: 0.0000 (2.7s)
Train loss: 0.0000 (2.7s)
2026-06-24 18:12:18,712 - INFO - Test instance 0.2500, class 0.2500
Test instance 0.2500, class 0.2500
2026-06-24 18:12:18,712 - INFO - Best instance 0.2750, class 0.2750 (epoch 4)
Best instance 0.2750, class 0.2750 (epoch 4)
2026-06-24 18:12:18,736 - INFO - Epoch 119/200:
Epoch 119/200:
2026-06-24 18:12:21,425 - INFO - Train loss: 0.0000 (2.7s)
Train loss: 0.0000 (2.7s)
2026-06-24 18:12:21,681 - INFO - Test instance 0.2500, class 0.2500
Test instance 0.2500, class 0.2500
2026-06-24 18:12:21,682 - INFO - Best instance 0.2750, class 0.2750 (epoch 4)
Best instance 0.2750, class 0.2750 (epoch 4)
2026-06-24 18:12:21,706 - INFO - Epoch 120/200:
Epoch 120/200:
2026-06-24 18:12:24,350 - INFO - Train loss: 0.0000 (2.6s)
Train loss: 0.0000 (2.6s)
2026-06-24 18:12:24,606 - INFO - Test instance 0.2500, class 0.2500
Test instance 0.2500, class 0.2500
2026-06-24 18:12:24,607 - INFO - Best instance 0.2750, class 0.2750 (epoch 4)
Best instance 0.2750, class 0.2750 (epoch 4)
2026-06-24 18:12:24,631 - INFO - Epoch 121/200:
Epoch 121/200:
2026-06-24 18:12:27,280 - INFO - Train loss: 0.0000 (2.6s)
Train loss: 0.0000 (2.6s)
2026-06-24 18:12:27,527 - INFO - Test instance 0.2500, class 0.2500
Test instance 0.2500, class 0.2500
2026-06-24 18:12:27,527 - INFO - Best instance 0.2750, class 0.2750 (epoch 4)
Best instance 0.2750, class 0.2750 (epoch 4)
2026-06-24 18:12:27,551 - INFO - Epoch 122/200:
Epoch 122/200:
2026-06-24 18:12:30,197 - INFO - Train loss: 0.0000 (2.6s)
Train loss: 0.0000 (2.6s)
2026-06-24 18:12:30,451 - INFO - Test instance 0.2500, class 0.2500
Test instance 0.2500, class 0.2500
2026-06-24 18:12:30,451 - INFO - Best instance 0.2750, class 0.2750 (epoch 4)
Best instance 0.2750, class 0.2750 (epoch 4)
2026-06-24 18:12:30,476 - INFO - Epoch 123/200:
Epoch 123/200:
2026-06-24 18:12:33,105 - INFO - Train loss: 0.0000 (2.6s)
Train loss: 0.0000 (2.6s)
2026-06-24 18:12:33,370 - INFO - Test instance 0.2500, class 0.2500
Test instance 0.2500, class 0.2500
2026-06-24 18:12:33,370 - INFO - Best instance 0.2750, class 0.2750 (epoch 4)
Best instance 0.2750, class 0.2750 (epoch 4)
2026-06-24 18:12:33,395 - INFO - Epoch 124/200:
Epoch 124/200:
2026-06-24 18:12:36,040 - INFO - Train loss: 0.0000 (2.6s)
Train loss: 0.0000 (2.6s)
2026-06-24 18:12:36,286 - INFO - Test instance 0.2500, class 0.2500
Test instance 0.2500, class 0.2500
2026-06-24 18:12:36,286 - INFO - Best instance 0.2750, class 0.2750 (epoch 4)
Best instance 0.2750, class 0.2750 (epoch 4)
2026-06-24 18:12:36,310 - INFO - Epoch 125/200:
Epoch 125/200:
2026-06-24 18:12:38,944 - INFO - Train loss: 0.0000 (2.6s)
Train loss: 0.0000 (2.6s)
2026-06-24 18:12:39,191 - INFO - Test instance 0.2500, class 0.2500
Test instance 0.2500, class 0.2500
2026-06-24 18:12:39,192 - INFO - Best instance 0.2750, class 0.2750 (epoch 4)
Best instance 0.2750, class 0.2750 (epoch 4)
2026-06-24 18:12:39,216 - INFO - Epoch 126/200:
Epoch 126/200:
2026-06-24 18:12:41,878 - INFO - Train loss: 0.0000 (2.7s)
Train loss: 0.0000 (2.7s)
2026-06-24 18:12:42,130 - INFO - Test instance 0.2500, class 0.2500
Test instance 0.2500, class 0.2500
2026-06-24 18:12:42,130 - INFO - Best instance 0.2750, class 0.2750 (epoch 4)
Best instance 0.2750, class 0.2750 (epoch 4)
2026-06-24 18:12:42,155 - INFO - Epoch 127/200:
Epoch 127/200:
2026-06-24 18:12:44,818 - INFO - Train loss: 0.0000 (2.7s)
Train loss: 0.0000 (2.7s)
2026-06-24 18:12:45,066 - INFO - Test instance 0.2500, class 0.2500
Test instance 0.2500, class 0.2500
2026-06-24 18:12:45,066 - INFO - Best instance 0.2750, class 0.2750 (epoch 4)
Best instance 0.2750, class 0.2750 (epoch 4)
2026-06-24 18:12:45,091 - INFO - Epoch 128/200:
Epoch 128/200:
2026-06-24 18:12:47,751 - INFO - Train loss: 0.0000 (2.7s)
Train loss: 0.0000 (2.7s)
2026-06-24 18:12:48,007 - INFO - Test instance 0.2500, class 0.2500
Test instance 0.2500, class 0.2500
2026-06-24 18:12:48,007 - INFO - Best instance 0.2750, class 0.2750 (epoch 4)
Best instance 0.2750, class 0.2750 (epoch 4)
2026-06-24 18:12:48,031 - INFO - Epoch 129/200:
Epoch 129/200:
2026-06-24 18:12:50,680 - INFO - Train loss: 0.0000 (2.6s)
Train loss: 0.0000 (2.6s)
2026-06-24 18:12:50,935 - INFO - Test instance 0.2500, class 0.2500
Test instance 0.2500, class 0.2500
2026-06-24 18:12:50,936 - INFO - Best instance 0.2750, class 0.2750 (epoch 4)
Best instance 0.2750, class 0.2750 (epoch 4)
2026-06-24 18:12:50,960 - INFO - Epoch 130/200:
Epoch 130/200:
2026-06-24 18:12:53,621 - INFO - Train loss: 0.0000 (2.7s)
Train loss: 0.0000 (2.7s)
2026-06-24 18:12:53,875 - INFO - Test instance 0.2500, class 0.2500
Test instance 0.2500, class 0.2500
2026-06-24 18:12:53,875 - INFO - Best instance 0.2750, class 0.2750 (epoch 4)
Best instance 0.2750, class 0.2750 (epoch 4)
2026-06-24 18:12:53,900 - INFO - Epoch 131/200:
Epoch 131/200:
2026-06-24 18:12:56,540 - INFO - Train loss: 0.0000 (2.6s)
Train loss: 0.0000 (2.6s)
2026-06-24 18:12:56,791 - INFO - Test instance 0.2500, class 0.2500
Test instance 0.2500, class 0.2500
2026-06-24 18:12:56,791 - INFO - Best instance 0.2750, class 0.2750 (epoch 4)
Best instance 0.2750, class 0.2750 (epoch 4)
2026-06-24 18:12:56,816 - INFO - Epoch 132/200:
Epoch 132/200:
2026-06-24 18:12:59,468 - INFO - Train loss: 0.0000 (2.7s)
Train loss: 0.0000 (2.7s)
2026-06-24 18:12:59,736 - INFO - Test instance 0.2500, class 0.2500
Test instance 0.2500, class 0.2500
2026-06-24 18:12:59,736 - INFO - Best instance 0.2750, class 0.2750 (epoch 4)
Best instance 0.2750, class 0.2750 (epoch 4)
2026-06-24 18:12:59,761 - INFO - Epoch 133/200:
Epoch 133/200:
2026-06-24 18:13:02,456 - INFO - Train loss: 0.0000 (2.7s)
Train loss: 0.0000 (2.7s)
2026-06-24 18:13:02,713 - INFO - Test instance 0.2500, class 0.2500
Test instance 0.2500, class 0.2500
2026-06-24 18:13:02,713 - INFO - Best instance 0.2750, class 0.2750 (epoch 4)
Best instance 0.2750, class 0.2750 (epoch 4)
2026-06-24 18:13:02,738 - INFO - Epoch 134/200:
Epoch 134/200:
2026-06-24 18:13:05,400 - INFO - Train loss: 0.0000 (2.7s)
Train loss: 0.0000 (2.7s)
2026-06-24 18:13:05,647 - INFO - Test instance 0.2500, class 0.2500
Test instance 0.2500, class 0.2500
2026-06-24 18:13:05,647 - INFO - Best instance 0.2750, class 0.2750 (epoch 4)
Best instance 0.2750, class 0.2750 (epoch 4)
2026-06-24 18:13:05,671 - INFO - Epoch 135/200:
Epoch 135/200:
2026-06-24 18:13:08,311 - INFO - Train loss: 0.0000 (2.6s)
Train loss: 0.0000 (2.6s)
2026-06-24 18:13:08,574 - INFO - Test instance 0.2500, class 0.2500
Test instance 0.2500, class 0.2500
2026-06-24 18:13:08,574 - INFO - Best instance 0.2750, class 0.2750 (epoch 4)
Best instance 0.2750, class 0.2750 (epoch 4)
2026-06-24 18:13:08,599 - INFO - Epoch 136/200:
Epoch 136/200:
2026-06-24 18:13:11,243 - INFO - Train loss: 0.0000 (2.6s)
Train loss: 0.0000 (2.6s)
2026-06-24 18:13:11,503 - INFO - Test instance 0.2500, class 0.2500
Test instance 0.2500, class 0.2500
2026-06-24 18:13:11,503 - INFO - Best instance 0.2750, class 0.2750 (epoch 4)
Best instance 0.2750, class 0.2750 (epoch 4)
2026-06-24 18:13:11,528 - INFO - Epoch 137/200:
Epoch 137/200:
2026-06-24 18:13:14,181 - INFO - Train loss: 0.0000 (2.7s)
Train loss: 0.0000 (2.7s)
2026-06-24 18:13:14,438 - INFO - Test instance 0.2500, class 0.2500
Test instance 0.2500, class 0.2500
2026-06-24 18:13:14,439 - INFO - Best instance 0.2750, class 0.2750 (epoch 4)
Best instance 0.2750, class 0.2750 (epoch 4)
2026-06-24 18:13:14,463 - INFO - Epoch 138/200:
Epoch 138/200:
2026-06-24 18:13:17,098 - INFO - Train loss: 0.0000 (2.6s)
Train loss: 0.0000 (2.6s)
2026-06-24 18:13:17,349 - INFO - Test instance 0.2500, class 0.2500
Test instance 0.2500, class 0.2500
2026-06-24 18:13:17,349 - INFO - Best instance 0.2750, class 0.2750 (epoch 4)
Best instance 0.2750, class 0.2750 (epoch 4)
2026-06-24 18:13:17,374 - INFO - Epoch 139/200:
Epoch 139/200:
2026-06-24 18:13:20,057 - INFO - Train loss: 0.0000 (2.7s)
Train loss: 0.0000 (2.7s)
2026-06-24 18:13:20,313 - INFO - Test instance 0.2500, class 0.2500
Test instance 0.2500, class 0.2500
2026-06-24 18:13:20,314 - INFO - Best instance 0.2750, class 0.2750 (epoch 4)
Best instance 0.2750, class 0.2750 (epoch 4)
2026-06-24 18:13:20,338 - INFO - Epoch 140/200:
Epoch 140/200:
2026-06-24 18:13:22,981 - INFO - Train loss: 0.0000 (2.6s)
Train loss: 0.0000 (2.6s)
2026-06-24 18:13:23,232 - INFO - Test instance 0.2500, class 0.2500
Test instance 0.2500, class 0.2500
2026-06-24 18:13:23,232 - INFO - Best instance 0.2750, class 0.2750 (epoch 4)
Best instance 0.2750, class 0.2750 (epoch 4)
2026-06-24 18:13:23,256 - INFO - Epoch 141/200:
Epoch 141/200:
2026-06-24 18:13:25,896 - INFO - Train loss: 0.0000 (2.6s)
Train loss: 0.0000 (2.6s)
2026-06-24 18:13:26,146 - INFO - Test instance 0.2500, class 0.2500
Test instance 0.2500, class 0.2500
2026-06-24 18:13:26,147 - INFO - Best instance 0.2750, class 0.2750 (epoch 4)
Best instance 0.2750, class 0.2750 (epoch 4)
2026-06-24 18:13:26,170 - INFO - Epoch 142/200:
Epoch 142/200:
2026-06-24 18:13:28,817 - INFO - Train loss: 0.0000 (2.6s)
Train loss: 0.0000 (2.6s)
2026-06-24 18:13:29,070 - INFO - Test instance 0.2500, class 0.2500
Test instance 0.2500, class 0.2500
2026-06-24 18:13:29,071 - INFO - Best instance 0.2750, class 0.2750 (epoch 4)
Best instance 0.2750, class 0.2750 (epoch 4)
2026-06-24 18:13:29,094 - INFO - Epoch 143/200:
Epoch 143/200:
2026-06-24 18:13:31,736 - INFO - Train loss: 0.0000 (2.6s)
Train loss: 0.0000 (2.6s)
2026-06-24 18:13:31,994 - INFO - Test instance 0.2500, class 0.2500
Test instance 0.2500, class 0.2500
2026-06-24 18:13:31,994 - INFO - Best instance 0.2750, class 0.2750 (epoch 4)
Best instance 0.2750, class 0.2750 (epoch 4)
2026-06-24 18:13:32,017 - INFO - Epoch 144/200:
Epoch 144/200:
2026-06-24 18:13:34,637 - INFO - Train loss: 0.0000 (2.6s)
Train loss: 0.0000 (2.6s)
2026-06-24 18:13:34,888 - INFO - Test instance 0.2500, class 0.2500
Test instance 0.2500, class 0.2500
2026-06-24 18:13:34,888 - INFO - Best instance 0.2750, class 0.2750 (epoch 4)
Best instance 0.2750, class 0.2750 (epoch 4)
2026-06-24 18:13:34,913 - INFO - Epoch 145/200:
Epoch 145/200:
2026-06-24 18:13:37,540 - INFO - Train loss: 0.0000 (2.6s)
Train loss: 0.0000 (2.6s)
2026-06-24 18:13:37,794 - INFO - Test instance 0.2500, class 0.2500
Test instance 0.2500, class 0.2500
2026-06-24 18:13:37,795 - INFO - Best instance 0.2750, class 0.2750 (epoch 4)
Best instance 0.2750, class 0.2750 (epoch 4)
2026-06-24 18:13:37,818 - INFO - Epoch 146/200:
Epoch 146/200:
2026-06-24 18:13:40,465 - INFO - Train loss: 0.0000 (2.6s)
Train loss: 0.0000 (2.6s)
2026-06-24 18:13:40,716 - INFO - Test instance 0.2500, class 0.2500
Test instance 0.2500, class 0.2500
2026-06-24 18:13:40,717 - INFO - Best instance 0.2750, class 0.2750 (epoch 4)
Best instance 0.2750, class 0.2750 (epoch 4)
2026-06-24 18:13:40,740 - INFO - Epoch 147/200:
Epoch 147/200:
2026-06-24 18:13:43,381 - INFO - Train loss: 0.0000 (2.6s)
Train loss: 0.0000 (2.6s)
2026-06-24 18:13:43,628 - INFO - Test instance 0.2500, class 0.2500
Test instance 0.2500, class 0.2500
2026-06-24 18:13:43,628 - INFO - Best instance 0.2750, class 0.2750 (epoch 4)
Best instance 0.2750, class 0.2750 (epoch 4)
2026-06-24 18:13:43,652 - INFO - Epoch 148/200:
Epoch 148/200:
2026-06-24 18:13:46,314 - INFO - Train loss: 0.0000 (2.7s)
Train loss: 0.0000 (2.7s)
2026-06-24 18:13:46,567 - INFO - Test instance 0.2500, class 0.2500
Test instance 0.2500, class 0.2500
2026-06-24 18:13:46,567 - INFO - Best instance 0.2750, class 0.2750 (epoch 4)
Best instance 0.2750, class 0.2750 (epoch 4)
2026-06-24 18:13:46,591 - INFO - Epoch 149/200:
Epoch 149/200:
2026-06-24 18:13:49,258 - INFO - Train loss: 0.0000 (2.7s)
Train loss: 0.0000 (2.7s)
2026-06-24 18:13:49,507 - INFO - Test instance 0.2500, class 0.2500
Test instance 0.2500, class 0.2500
2026-06-24 18:13:49,508 - INFO - Best instance 0.2750, class 0.2750 (epoch 4)
Best instance 0.2750, class 0.2750 (epoch 4)
2026-06-24 18:13:49,532 - INFO - Epoch 150/200:
Epoch 150/200:
2026-06-24 18:13:52,181 - INFO - Train loss: 0.0000 (2.6s)
Train loss: 0.0000 (2.6s)
2026-06-24 18:13:52,430 - INFO - Test instance 0.2500, class 0.2500
Test instance 0.2500, class 0.2500
2026-06-24 18:13:52,430 - INFO - Best instance 0.2750, class 0.2750 (epoch 4)
Best instance 0.2750, class 0.2750 (epoch 4)
2026-06-24 18:13:52,454 - INFO - Epoch 151/200:
Epoch 151/200:
2026-06-24 18:13:55,093 - INFO - Train loss: 0.0000 (2.6s)
Train loss: 0.0000 (2.6s)
2026-06-24 18:13:55,346 - INFO - Test instance 0.2500, class 0.2500
Test instance 0.2500, class 0.2500
2026-06-24 18:13:55,347 - INFO - Best instance 0.2750, class 0.2750 (epoch 4)
Best instance 0.2750, class 0.2750 (epoch 4)
2026-06-24 18:13:55,371 - INFO - Epoch 152/200:
Epoch 152/200:
2026-06-24 18:13:58,010 - INFO - Train loss: 0.0000 (2.6s)
Train loss: 0.0000 (2.6s)
2026-06-24 18:13:58,260 - INFO - Test instance 0.2500, class 0.2500
Test instance 0.2500, class 0.2500
2026-06-24 18:13:58,260 - INFO - Best instance 0.2750, class 0.2750 (epoch 4)
Best instance 0.2750, class 0.2750 (epoch 4)
2026-06-24 18:13:58,284 - INFO - Epoch 153/200:
Epoch 153/200:
2026-06-24 18:14:00,932 - INFO - Train loss: 0.0000 (2.6s)
Train loss: 0.0000 (2.6s)
2026-06-24 18:14:01,204 - INFO - Test instance 0.2500, class 0.2500
Test instance 0.2500, class 0.2500
2026-06-24 18:14:01,204 - INFO - Best instance 0.2750, class 0.2750 (epoch 4)
Best instance 0.2750, class 0.2750 (epoch 4)
2026-06-24 18:14:01,236 - INFO - Epoch 154/200:
Epoch 154/200:
2026-06-24 18:14:03,948 - INFO - Train loss: 0.0000 (2.7s)
Train loss: 0.0000 (2.7s)
2026-06-24 18:14:04,203 - INFO - Test instance 0.2500, class 0.2500
Test instance 0.2500, class 0.2500
2026-06-24 18:14:04,203 - INFO - Best instance 0.2750, class 0.2750 (epoch 4)
Best instance 0.2750, class 0.2750 (epoch 4)
2026-06-24 18:14:04,228 - INFO - Epoch 155/200:
Epoch 155/200:
2026-06-24 18:14:06,875 - INFO - Train loss: 0.0000 (2.6s)
Train loss: 0.0000 (2.6s)
2026-06-24 18:14:07,133 - INFO - Test instance 0.2500, class 0.2500
Test instance 0.2500, class 0.2500
2026-06-24 18:14:07,134 - INFO - Best instance 0.2750, class 0.2750 (epoch 4)
Best instance 0.2750, class 0.2750 (epoch 4)
2026-06-24 18:14:07,158 - INFO - Epoch 156/200:
Epoch 156/200:
2026-06-24 18:14:09,830 - INFO - Train loss: 0.0000 (2.7s)
Train loss: 0.0000 (2.7s)
2026-06-24 18:14:10,083 - INFO - Test instance 0.2500, class 0.2500
Test instance 0.2500, class 0.2500
2026-06-24 18:14:10,083 - INFO - Best instance 0.2750, class 0.2750 (epoch 4)
Best instance 0.2750, class 0.2750 (epoch 4)
2026-06-24 18:14:10,107 - INFO - Epoch 157/200:
Epoch 157/200:
2026-06-24 18:14:12,779 - INFO - Train loss: 0.0000 (2.7s)
Train loss: 0.0000 (2.7s)
2026-06-24 18:14:13,025 - INFO - Test instance 0.2500, class 0.2500
Test instance 0.2500, class 0.2500
2026-06-24 18:14:13,026 - INFO - Best instance 0.2750, class 0.2750 (epoch 4)
Best instance 0.2750, class 0.2750 (epoch 4)
2026-06-24 18:14:13,049 - INFO - Epoch 158/200:
Epoch 158/200:
2026-06-24 18:14:15,706 - INFO - Train loss: 0.0000 (2.7s)
Train loss: 0.0000 (2.7s)
2026-06-24 18:14:15,957 - INFO - Test instance 0.2500, class 0.2500
Test instance 0.2500, class 0.2500
2026-06-24 18:14:15,958 - INFO - Best instance 0.2750, class 0.2750 (epoch 4)
Best instance 0.2750, class 0.2750 (epoch 4)
2026-06-24 18:14:15,981 - INFO - Epoch 159/200:
Epoch 159/200:
2026-06-24 18:14:18,647 - INFO - Train loss: 0.0000 (2.7s)
Train loss: 0.0000 (2.7s)
2026-06-24 18:14:18,900 - INFO - Test instance 0.2500, class 0.2500
Test instance 0.2500, class 0.2500
2026-06-24 18:14:18,900 - INFO - Best instance 0.2750, class 0.2750 (epoch 4)
Best instance 0.2750, class 0.2750 (epoch 4)
2026-06-24 18:14:18,924 - INFO - Epoch 160/200:
Epoch 160/200:
2026-06-24 18:14:21,577 - INFO - Train loss: 0.0000 (2.7s)
Train loss: 0.0000 (2.7s)
2026-06-24 18:14:21,831 - INFO - Test instance 0.2500, class 0.2500
Test instance 0.2500, class 0.2500
2026-06-24 18:14:21,831 - INFO - Best instance 0.2750, class 0.2750 (epoch 4)
Best instance 0.2750, class 0.2750 (epoch 4)
2026-06-24 18:14:21,854 - INFO - Epoch 161/200:
Epoch 161/200:
2026-06-24 18:14:24,512 - INFO - Train loss: 0.0000 (2.7s)
Train loss: 0.0000 (2.7s)
2026-06-24 18:14:24,762 - INFO - Test instance 0.2500, class 0.2500
Test instance 0.2500, class 0.2500
2026-06-24 18:14:24,762 - INFO - Best instance 0.2750, class 0.2750 (epoch 4)
Best instance 0.2750, class 0.2750 (epoch 4)
2026-06-24 18:14:24,786 - INFO - Epoch 162/200:
Epoch 162/200:
2026-06-24 18:14:27,428 - INFO - Train loss: 0.0000 (2.6s)
Train loss: 0.0000 (2.6s)
2026-06-24 18:14:27,676 - INFO - Test instance 0.2500, class 0.2500
Test instance 0.2500, class 0.2500
2026-06-24 18:14:27,676 - INFO - Best instance 0.2750, class 0.2750 (epoch 4)
Best instance 0.2750, class 0.2750 (epoch 4)
2026-06-24 18:14:27,701 - INFO - Epoch 163/200:
Epoch 163/200:
2026-06-24 18:14:30,362 - INFO - Train loss: 0.0000 (2.7s)
Train loss: 0.0000 (2.7s)
2026-06-24 18:14:30,617 - INFO - Test instance 0.2500, class 0.2500
Test instance 0.2500, class 0.2500
2026-06-24 18:14:30,618 - INFO - Best instance 0.2750, class 0.2750 (epoch 4)
Best instance 0.2750, class 0.2750 (epoch 4)
2026-06-24 18:14:30,641 - INFO - Epoch 164/200:
Epoch 164/200:
2026-06-24 18:14:33,288 - INFO - Train loss: 0.0000 (2.6s)
Train loss: 0.0000 (2.6s)
2026-06-24 18:14:33,543 - INFO - Test instance 0.2500, class 0.2500
Test instance 0.2500, class 0.2500
2026-06-24 18:14:33,543 - INFO - Best instance 0.2750, class 0.2750 (epoch 4)
Best instance 0.2750, class 0.2750 (epoch 4)
2026-06-24 18:14:33,567 - INFO - Epoch 165/200:
Epoch 165/200:
2026-06-24 18:14:36,209 - INFO - Train loss: 0.0000 (2.6s)
Train loss: 0.0000 (2.6s)
2026-06-24 18:14:36,470 - INFO - Test instance 0.2500, class 0.2500
Test instance 0.2500, class 0.2500
2026-06-24 18:14:36,470 - INFO - Best instance 0.2750, class 0.2750 (epoch 4)
Best instance 0.2750, class 0.2750 (epoch 4)
2026-06-24 18:14:36,494 - INFO - Epoch 166/200:
Epoch 166/200:
2026-06-24 18:14:39,145 - INFO - Train loss: 0.0000 (2.7s)
Train loss: 0.0000 (2.7s)
2026-06-24 18:14:39,389 - INFO - Test instance 0.2500, class 0.2500
Test instance 0.2500, class 0.2500
2026-06-24 18:14:39,389 - INFO - Best instance 0.2750, class 0.2750 (epoch 4)
Best instance 0.2750, class 0.2750 (epoch 4)
2026-06-24 18:14:39,412 - INFO - Epoch 167/200:
Epoch 167/200:
2026-06-24 18:14:42,050 - INFO - Train loss: 0.0000 (2.6s)
Train loss: 0.0000 (2.6s)
2026-06-24 18:14:42,302 - INFO - Test instance 0.2500, class 0.2500
Test instance 0.2500, class 0.2500
2026-06-24 18:14:42,302 - INFO - Best instance 0.2750, class 0.2750 (epoch 4)
Best instance 0.2750, class 0.2750 (epoch 4)
2026-06-24 18:14:42,326 - INFO - Epoch 168/200:
Epoch 168/200:
2026-06-24 18:14:44,989 - INFO - Train loss: 0.0000 (2.7s)
Train loss: 0.0000 (2.7s)
2026-06-24 18:14:45,241 - INFO - Test instance 0.2500, class 0.2500
Test instance 0.2500, class 0.2500
2026-06-24 18:14:45,241 - INFO - Best instance 0.2750, class 0.2750 (epoch 4)
Best instance 0.2750, class 0.2750 (epoch 4)
2026-06-24 18:14:45,265 - INFO - Epoch 169/200:
Epoch 169/200:
2026-06-24 18:14:47,922 - INFO - Train loss: 0.0000 (2.7s)
Train loss: 0.0000 (2.7s)
2026-06-24 18:14:48,182 - INFO - Test instance 0.2500, class 0.2500
Test instance 0.2500, class 0.2500
2026-06-24 18:14:48,182 - INFO - Best instance 0.2750, class 0.2750 (epoch 4)
Best instance 0.2750, class 0.2750 (epoch 4)
2026-06-24 18:14:48,206 - INFO - Epoch 170/200:
Epoch 170/200:
2026-06-24 18:14:50,878 - INFO - Train loss: 0.0000 (2.7s)
Train loss: 0.0000 (2.7s)
2026-06-24 18:14:51,131 - INFO - Test instance 0.2500, class 0.2500
Test instance 0.2500, class 0.2500
2026-06-24 18:14:51,131 - INFO - Best instance 0.2750, class 0.2750 (epoch 4)
Best instance 0.2750, class 0.2750 (epoch 4)
2026-06-24 18:14:51,155 - INFO - Epoch 171/200:
Epoch 171/200:
2026-06-24 18:14:53,813 - INFO - Train loss: 0.0000 (2.7s)
Train loss: 0.0000 (2.7s)
2026-06-24 18:14:54,067 - INFO - Test instance 0.2500, class 0.2500
Test instance 0.2500, class 0.2500
2026-06-24 18:14:54,067 - INFO - Best instance 0.2750, class 0.2750 (epoch 4)
Best instance 0.2750, class 0.2750 (epoch 4)
2026-06-24 18:14:54,090 - INFO - Epoch 172/200:
Epoch 172/200:
2026-06-24 18:14:56,738 - INFO - Train loss: 0.0000 (2.6s)
Train loss: 0.0000 (2.6s)
2026-06-24 18:14:56,995 - INFO - Test instance 0.2500, class 0.2500
Test instance 0.2500, class 0.2500
2026-06-24 18:14:56,996 - INFO - Best instance 0.2750, class 0.2750 (epoch 4)
Best instance 0.2750, class 0.2750 (epoch 4)
2026-06-24 18:14:57,020 - INFO - Epoch 173/200:
Epoch 173/200:
2026-06-24 18:14:59,645 - INFO - Train loss: 0.0000 (2.6s)
Train loss: 0.0000 (2.6s)
2026-06-24 18:14:59,901 - INFO - Test instance 0.2500, class 0.2500
Test instance 0.2500, class 0.2500
2026-06-24 18:14:59,901 - INFO - Best instance 0.2750, class 0.2750 (epoch 4)
Best instance 0.2750, class 0.2750 (epoch 4)
2026-06-24 18:14:59,925 - INFO - Epoch 174/200:
Epoch 174/200:
2026-06-24 18:15:02,610 - INFO - Train loss: 0.0000 (2.7s)
Train loss: 0.0000 (2.7s)
2026-06-24 18:15:02,887 - INFO - Test instance 0.2500, class 0.2500
Test instance 0.2500, class 0.2500
2026-06-24 18:15:02,887 - INFO - Best instance 0.2750, class 0.2750 (epoch 4)
Best instance 0.2750, class 0.2750 (epoch 4)
2026-06-24 18:15:02,913 - INFO - Epoch 175/200:
Epoch 175/200:
2026-06-24 18:15:05,579 - INFO - Train loss: 0.0000 (2.7s)
Train loss: 0.0000 (2.7s)
2026-06-24 18:15:05,839 - INFO - Test instance 0.2500, class 0.2500
Test instance 0.2500, class 0.2500
2026-06-24 18:15:05,840 - INFO - Best instance 0.2750, class 0.2750 (epoch 4)
Best instance 0.2750, class 0.2750 (epoch 4)
2026-06-24 18:15:05,863 - INFO - Epoch 176/200:
Epoch 176/200:
2026-06-24 18:15:08,545 - INFO - Train loss: 0.0000 (2.7s)
Train loss: 0.0000 (2.7s)
2026-06-24 18:15:08,800 - INFO - Test instance 0.2500, class 0.2500
Test instance 0.2500, class 0.2500
2026-06-24 18:15:08,800 - INFO - Best instance 0.2750, class 0.2750 (epoch 4)
Best instance 0.2750, class 0.2750 (epoch 4)
2026-06-24 18:15:08,824 - INFO - Epoch 177/200:
Epoch 177/200:
2026-06-24 18:15:11,524 - INFO - Train loss: 0.0000 (2.7s)
Train loss: 0.0000 (2.7s)
2026-06-24 18:15:11,775 - INFO - Test instance 0.2500, class 0.2500
Test instance 0.2500, class 0.2500
2026-06-24 18:15:11,776 - INFO - Best instance 0.2750, class 0.2750 (epoch 4)
Best instance 0.2750, class 0.2750 (epoch 4)
2026-06-24 18:15:11,801 - INFO - Epoch 178/200:
Epoch 178/200:
2026-06-24 18:15:14,490 - INFO - Train loss: 0.0000 (2.7s)
Train loss: 0.0000 (2.7s)
2026-06-24 18:15:14,743 - INFO - Test instance 0.2500, class 0.2500
Test instance 0.2500, class 0.2500
2026-06-24 18:15:14,743 - INFO - Best instance 0.2750, class 0.2750 (epoch 4)
Best instance 0.2750, class 0.2750 (epoch 4)
2026-06-24 18:15:14,767 - INFO - Epoch 179/200:
Epoch 179/200:
2026-06-24 18:15:17,445 - INFO - Train loss: 0.0000 (2.7s)
Train loss: 0.0000 (2.7s)
2026-06-24 18:15:17,705 - INFO - Test instance 0.2500, class 0.2500
Test instance 0.2500, class 0.2500
2026-06-24 18:15:17,705 - INFO - Best instance 0.2750, class 0.2750 (epoch 4)
Best instance 0.2750, class 0.2750 (epoch 4)
2026-06-24 18:15:17,729 - INFO - Epoch 180/200:
Epoch 180/200:
2026-06-24 18:15:20,417 - INFO - Train loss: 0.0000 (2.7s)
Train loss: 0.0000 (2.7s)
2026-06-24 18:15:20,672 - INFO - Test instance 0.2500, class 0.2500
Test instance 0.2500, class 0.2500
2026-06-24 18:15:20,672 - INFO - Best instance 0.2750, class 0.2750 (epoch 4)
Best instance 0.2750, class 0.2750 (epoch 4)
2026-06-24 18:15:20,697 - INFO - Epoch 181/200:
Epoch 181/200:
2026-06-24 18:15:23,387 - INFO - Train loss: 0.0000 (2.7s)
Train loss: 0.0000 (2.7s)
2026-06-24 18:15:23,638 - INFO - Test instance 0.2500, class 0.2500
Test instance 0.2500, class 0.2500
2026-06-24 18:15:23,639 - INFO - Best instance 0.2750, class 0.2750 (epoch 4)
Best instance 0.2750, class 0.2750 (epoch 4)
2026-06-24 18:15:23,665 - INFO - Epoch 182/200:
Epoch 182/200:
2026-06-24 18:15:26,348 - INFO - Train loss: 0.0000 (2.7s)
Train loss: 0.0000 (2.7s)
2026-06-24 18:15:26,609 - INFO - Test instance 0.2500, class 0.2500
Test instance 0.2500, class 0.2500
2026-06-24 18:15:26,610 - INFO - Best instance 0.2750, class 0.2750 (epoch 4)
Best instance 0.2750, class 0.2750 (epoch 4)
2026-06-24 18:15:26,635 - INFO - Epoch 183/200:
Epoch 183/200:
2026-06-24 18:15:29,314 - INFO - Train loss: 0.0000 (2.7s)
Train loss: 0.0000 (2.7s)
2026-06-24 18:15:29,580 - INFO - Test instance 0.2500, class 0.2500
Test instance 0.2500, class 0.2500
2026-06-24 18:15:29,580 - INFO - Best instance 0.2750, class 0.2750 (epoch 4)
Best instance 0.2750, class 0.2750 (epoch 4)
2026-06-24 18:15:29,604 - INFO - Epoch 184/200:
Epoch 184/200:
2026-06-24 18:15:32,304 - INFO - Train loss: 0.0000 (2.7s)
Train loss: 0.0000 (2.7s)
2026-06-24 18:15:32,559 - INFO - Test instance 0.2500, class 0.2500
Test instance 0.2500, class 0.2500
2026-06-24 18:15:32,559 - INFO - Best instance 0.2750, class 0.2750 (epoch 4)
Best instance 0.2750, class 0.2750 (epoch 4)
2026-06-24 18:15:32,584 - INFO - Epoch 185/200:
Epoch 185/200:
2026-06-24 18:15:35,238 - INFO - Train loss: 0.0000 (2.7s)
Train loss: 0.0000 (2.7s)
2026-06-24 18:15:35,491 - INFO - Test instance 0.2500, class 0.2500
Test instance 0.2500, class 0.2500
2026-06-24 18:15:35,492 - INFO - Best instance 0.2750, class 0.2750 (epoch 4)
Best instance 0.2750, class 0.2750 (epoch 4)
2026-06-24 18:15:35,517 - INFO - Epoch 186/200:
Epoch 186/200:
2026-06-24 18:15:38,137 - INFO - Train loss: 0.0000 (2.6s)
Train loss: 0.0000 (2.6s)
2026-06-24 18:15:38,385 - INFO - Test instance 0.2500, class 0.2500
Test instance 0.2500, class 0.2500
2026-06-24 18:15:38,385 - INFO - Best instance 0.2750, class 0.2750 (epoch 4)
Best instance 0.2750, class 0.2750 (epoch 4)
2026-06-24 18:15:38,410 - INFO - Epoch 187/200:
Epoch 187/200:
2026-06-24 18:15:41,039 - INFO - Train loss: 0.0000 (2.6s)
Train loss: 0.0000 (2.6s)
2026-06-24 18:15:41,294 - INFO - Test instance 0.2500, class 0.2500
Test instance 0.2500, class 0.2500
2026-06-24 18:15:41,294 - INFO - Best instance 0.2750, class 0.2750 (epoch 4)
Best instance 0.2750, class 0.2750 (epoch 4)
2026-06-24 18:15:41,318 - INFO - Epoch 188/200:
Epoch 188/200:
2026-06-24 18:15:43,942 - INFO - Train loss: 0.0000 (2.6s)
Train loss: 0.0000 (2.6s)
2026-06-24 18:15:44,190 - INFO - Test instance 0.2500, class 0.2500
Test instance 0.2500, class 0.2500
2026-06-24 18:15:44,191 - INFO - Best instance 0.2750, class 0.2750 (epoch 4)
Best instance 0.2750, class 0.2750 (epoch 4)
2026-06-24 18:15:44,214 - INFO - Epoch 189/200:
Epoch 189/200:
2026-06-24 18:15:46,851 - INFO - Train loss: 0.0000 (2.6s)
Train loss: 0.0000 (2.6s)
2026-06-24 18:15:47,103 - INFO - Test instance 0.2500, class 0.2500
Test instance 0.2500, class 0.2500
2026-06-24 18:15:47,104 - INFO - Best instance 0.2750, class 0.2750 (epoch 4)
Best instance 0.2750, class 0.2750 (epoch 4)
2026-06-24 18:15:47,128 - INFO - Epoch 190/200:
Epoch 190/200:
2026-06-24 18:15:49,774 - INFO - Train loss: 0.0000 (2.6s)
Train loss: 0.0000 (2.6s)
2026-06-24 18:15:50,027 - INFO - Test instance 0.2500, class 0.2500
Test instance 0.2500, class 0.2500
2026-06-24 18:15:50,028 - INFO - Best instance 0.2750, class 0.2750 (epoch 4)
Best instance 0.2750, class 0.2750 (epoch 4)
2026-06-24 18:15:50,052 - INFO - Epoch 191/200:
Epoch 191/200:
2026-06-24 18:15:52,695 - INFO - Train loss: 0.0000 (2.6s)
Train loss: 0.0000 (2.6s)
2026-06-24 18:15:52,946 - INFO - Test instance 0.2500, class 0.2500
Test instance 0.2500, class 0.2500
2026-06-24 18:15:52,946 - INFO - Best instance 0.2750, class 0.2750 (epoch 4)
Best instance 0.2750, class 0.2750 (epoch 4)
2026-06-24 18:15:52,970 - INFO - Epoch 192/200:
Epoch 192/200:
2026-06-24 18:15:55,608 - INFO - Train loss: 0.0000 (2.6s)
Train loss: 0.0000 (2.6s)
2026-06-24 18:15:55,861 - INFO - Test instance 0.2500, class 0.2500
Test instance 0.2500, class 0.2500
2026-06-24 18:15:55,861 - INFO - Best instance 0.2750, class 0.2750 (epoch 4)
Best instance 0.2750, class 0.2750 (epoch 4)
2026-06-24 18:15:55,885 - INFO - Epoch 193/200:
Epoch 193/200:
2026-06-24 18:15:58,534 - INFO - Train loss: 0.0000 (2.6s)
Train loss: 0.0000 (2.6s)
2026-06-24 18:15:58,787 - INFO - Test instance 0.2500, class 0.2500
Test instance 0.2500, class 0.2500
2026-06-24 18:15:58,787 - INFO - Best instance 0.2750, class 0.2750 (epoch 4)
Best instance 0.2750, class 0.2750 (epoch 4)
2026-06-24 18:15:58,811 - INFO - Epoch 194/200:
Epoch 194/200:
2026-06-24 18:16:01,478 - INFO - Train loss: 0.0000 (2.7s)
Train loss: 0.0000 (2.7s)
2026-06-24 18:16:01,731 - INFO - Test instance 0.2500, class 0.2500
Test instance 0.2500, class 0.2500
2026-06-24 18:16:01,731 - INFO - Best instance 0.2750, class 0.2750 (epoch 4)
Best instance 0.2750, class 0.2750 (epoch 4)
2026-06-24 18:16:01,755 - INFO - Epoch 195/200:
Epoch 195/200:
2026-06-24 18:16:04,457 - INFO - Train loss: 0.0000 (2.7s)
Train loss: 0.0000 (2.7s)
2026-06-24 18:16:04,715 - INFO - Test instance 0.2500, class 0.2500
Test instance 0.2500, class 0.2500
2026-06-24 18:16:04,716 - INFO - Best instance 0.2750, class 0.2750 (epoch 4)
Best instance 0.2750, class 0.2750 (epoch 4)
2026-06-24 18:16:04,740 - INFO - Epoch 196/200:
Epoch 196/200:
2026-06-24 18:16:07,371 - INFO - Train loss: 0.0000 (2.6s)
Train loss: 0.0000 (2.6s)
2026-06-24 18:16:07,633 - INFO - Test instance 0.2500, class 0.2500
Test instance 0.2500, class 0.2500
2026-06-24 18:16:07,633 - INFO - Best instance 0.2750, class 0.2750 (epoch 4)
Best instance 0.2750, class 0.2750 (epoch 4)
2026-06-24 18:16:07,657 - INFO - Epoch 197/200:
Epoch 197/200:
2026-06-24 18:16:10,288 - INFO - Train loss: 0.0000 (2.6s)
Train loss: 0.0000 (2.6s)
2026-06-24 18:16:10,543 - INFO - Test instance 0.2500, class 0.2500
Test instance 0.2500, class 0.2500
2026-06-24 18:16:10,543 - INFO - Best instance 0.2750, class 0.2750 (epoch 4)
Best instance 0.2750, class 0.2750 (epoch 4)
2026-06-24 18:16:10,568 - INFO - Epoch 198/200:
Epoch 198/200:
2026-06-24 18:16:13,208 - INFO - Train loss: 0.0000 (2.6s)
Train loss: 0.0000 (2.6s)
2026-06-24 18:16:13,462 - INFO - Test instance 0.2500, class 0.2500
Test instance 0.2500, class 0.2500
2026-06-24 18:16:13,462 - INFO - Best instance 0.2750, class 0.2750 (epoch 4)
Best instance 0.2750, class 0.2750 (epoch 4)
2026-06-24 18:16:13,487 - INFO - Epoch 199/200:
Epoch 199/200:
2026-06-24 18:16:16,139 - INFO - Train loss: 0.0000 (2.7s)
Train loss: 0.0000 (2.7s)
2026-06-24 18:16:16,398 - INFO - Test instance 0.2500, class 0.2500
Test instance 0.2500, class 0.2500
2026-06-24 18:16:16,399 - INFO - Best instance 0.2750, class 0.2750 (epoch 4)
Best instance 0.2750, class 0.2750 (epoch 4)
2026-06-24 18:16:16,423 - INFO - Epoch 200/200:
Epoch 200/200:
2026-06-24 18:16:19,073 - INFO - Train loss: 0.0000 (2.6s)
Train loss: 0.0000 (2.6s)
2026-06-24 18:16:19,321 - INFO - Test instance 0.2500, class 0.2500
Test instance 0.2500, class 0.2500
2026-06-24 18:16:19,321 - INFO - Best instance 0.2750, class 0.2750 (epoch 4)
Best instance 0.2750, class 0.2750 (epoch 4)
2026-06-24 18:16:39,769 - INFO - Student 1.42 MB, 60.15 ms
Student 1.42 MB, 60.15 ms
