[Thu Jun 25 06:54:18 EDT 2026] task 73 on GPU 0: python flkd/advanced_kd_train_classification.py --teacher_model pointnet2_cls_ssg --student_model small_pointnet2 --kd_strategy logit_mse --dataset modelnet40 --seed 42 --batch_size 48 --epoch 200 --num_point 1024 --teacher_path "outputs/modelnet40/flkd/federated/classification/fl_pointnet2_cls_ssg_scaffold_s42/checkpoints/best_model.pth" --log_dir kd_pointnet2_cls_ssg_scaffold+logit_mse_small_pointnet2_s42  --data_root data --output_root outputs --num_workers -1 --max_runtime_hours 166.0
The size of train data is 9843
The size of test data is 2468
Loaded teacher from outputs/modelnet40/flkd/federated/classification/fl_pointnet2_cls_ssg_scaffold_s42/checkpoints/best_model.pth
2026-06-25 06:54:22,342 - INFO - PARAMETER ...
2026-06-25 06:54:22,342 - INFO - {'use_cpu': False, 'no_amp': False, 'gpu': '0', 'num_workers': -1, 'batch_size': 48, 'teacher_model': 'pointnet2_cls_ssg', 'student_model': 'small_pointnet2', 'num_category': 40, 'dataset': 'modelnet40', 'data_root': 'data', 'output_root': 'outputs', 'train_split': 0.8, 'dataset_seed': 0, 'cache_dataset': True, 'min_class_samples': 1, 'epoch': 200, 'learning_rate': 0.001, 'num_point': 1024, 'optimizer': 'Adam', 'log_dir': 'kd_pointnet2_cls_ssg_scaffold+logit_mse_small_pointnet2_s42', 'decay_rate': 0.0001, 'use_normals': False, 'process_data': False, 'use_uniform_sample': False, 'resume': True, 'kd_strategy': 'logit_mse', 'alpha': 0.5, 'temperature': 2.0, 'beta': 0.5, 'dkd_alpha': 1.0, 'dkd_beta': 8.0, 'crd_temperature': 0.07, 'teacher_path': 'outputs/modelnet40/flkd/federated/classification/fl_pointnet2_cls_ssg_scaffold_s42/checkpoints/best_model.pth', 'teacher_paths': None, 'teacher_weights': None, 'use_hard_labels': 'on', 'unlabeled': False, 'temperature_sweep': None, 'seed': 42, 'max_runtime_hours': 166.0}
2026-06-25 06:54:22,343 - INFO - KD=logit_mse student=small_pointnet2 AMP=False use_hard=True unlabeled=False T=2.0
KD=logit_mse student=small_pointnet2 AMP=False use_hard=True unlabeled=False T=2.0
2026-06-25 06:54:22,351 - INFO - Epoch 1/200:
Epoch 1/200:
2026-06-25 06:55:58,933 - INFO - Train loss: 2.1355 (96.6s)
Train loss: 2.1355 (96.6s)
2026-06-25 06:56:23,005 - INFO - Test instance 0.3343, class 0.2693
Test instance 0.3343, class 0.2693
2026-06-25 06:56:23,035 - INFO - Best instance 0.3343, class 0.2693 (epoch 1)
Best instance 0.3343, class 0.2693 (epoch 1)
2026-06-25 06:56:23,056 - INFO - Epoch 2/200:
Epoch 2/200:
2026-06-25 06:57:58,974 - INFO - Train loss: 1.4823 (95.9s)
Train loss: 1.4823 (95.9s)
2026-06-25 06:58:22,370 - INFO - Test instance 0.5891, class 0.4535
Test instance 0.5891, class 0.4535
2026-06-25 06:58:22,389 - INFO - Best instance 0.5891, class 0.4535 (epoch 2)
Best instance 0.5891, class 0.4535 (epoch 2)
2026-06-25 06:58:22,406 - INFO - Epoch 3/200:
Epoch 3/200:
2026-06-25 06:59:57,987 - INFO - Train loss: 1.3482 (95.6s)
Train loss: 1.3482 (95.6s)
2026-06-25 07:00:21,370 - INFO - Test instance 0.5438, class 0.4323
Test instance 0.5438, class 0.4323
2026-06-25 07:00:21,370 - INFO - Best instance 0.5891, class 0.4535 (epoch 2)
Best instance 0.5891, class 0.4535 (epoch 2)
2026-06-25 07:00:21,391 - INFO - Epoch 4/200:
Epoch 4/200:
2026-06-25 07:01:57,076 - INFO - Train loss: 1.2668 (95.7s)
Train loss: 1.2668 (95.7s)
2026-06-25 07:02:20,460 - INFO - Test instance 0.6507, class 0.5095
Test instance 0.6507, class 0.5095
2026-06-25 07:02:20,482 - INFO - Best instance 0.6507, class 0.5095 (epoch 4)
Best instance 0.6507, class 0.5095 (epoch 4)
2026-06-25 07:02:20,500 - INFO - Epoch 5/200:
Epoch 5/200:
2026-06-25 07:03:55,680 - INFO - Train loss: 1.1994 (95.2s)
Train loss: 1.1994 (95.2s)
2026-06-25 07:04:18,878 - INFO - Test instance 0.6803, class 0.5460
Test instance 0.6803, class 0.5460
2026-06-25 07:04:18,896 - INFO - Best instance 0.6803, class 0.5460 (epoch 5)
Best instance 0.6803, class 0.5460 (epoch 5)
2026-06-25 07:04:18,912 - INFO - Epoch 6/200:
Epoch 6/200:
2026-06-25 07:05:54,675 - INFO - Train loss: 1.1805 (95.8s)
Train loss: 1.1805 (95.8s)
2026-06-25 07:06:17,987 - INFO - Test instance 0.6900, class 0.5293
Test instance 0.6900, class 0.5293
2026-06-25 07:06:18,007 - INFO - Best instance 0.6900, class 0.5293 (epoch 6)
Best instance 0.6900, class 0.5293 (epoch 6)
2026-06-25 07:06:18,026 - INFO - Epoch 7/200:
Epoch 7/200:
2026-06-25 07:07:53,767 - INFO - Train loss: 1.1540 (95.7s)
Train loss: 1.1540 (95.7s)
2026-06-25 07:08:17,066 - INFO - Test instance 0.7200, class 0.5859
Test instance 0.7200, class 0.5859
2026-06-25 07:08:17,084 - INFO - Best instance 0.7200, class 0.5859 (epoch 7)
Best instance 0.7200, class 0.5859 (epoch 7)
2026-06-25 07:08:17,100 - INFO - Epoch 8/200:
Epoch 8/200:
2026-06-25 07:09:52,947 - INFO - Train loss: 1.1419 (95.8s)
Train loss: 1.1419 (95.8s)
2026-06-25 07:10:16,273 - INFO - Test instance 0.7249, class 0.5844
Test instance 0.7249, class 0.5844
2026-06-25 07:10:16,290 - INFO - Best instance 0.7249, class 0.5844 (epoch 8)
Best instance 0.7249, class 0.5844 (epoch 8)
2026-06-25 07:10:16,306 - INFO - Epoch 9/200:
Epoch 9/200:
2026-06-25 07:11:52,141 - INFO - Train loss: 1.1213 (95.8s)
Train loss: 1.1213 (95.8s)
2026-06-25 07:12:15,533 - INFO - Test instance 0.7605, class 0.6037
Test instance 0.7605, class 0.6037
2026-06-25 07:12:15,552 - INFO - Best instance 0.7605, class 0.6037 (epoch 9)
Best instance 0.7605, class 0.6037 (epoch 9)
2026-06-25 07:12:15,568 - INFO - Epoch 10/200:
Epoch 10/200:
2026-06-25 07:13:51,138 - INFO - Train loss: 1.0932 (95.6s)
Train loss: 1.0932 (95.6s)
2026-06-25 07:14:14,379 - INFO - Test instance 0.7622, class 0.6296
Test instance 0.7622, class 0.6296
2026-06-25 07:14:14,396 - INFO - Best instance 0.7622, class 0.6296 (epoch 10)
Best instance 0.7622, class 0.6296 (epoch 10)
2026-06-25 07:14:14,412 - INFO - Epoch 11/200:
Epoch 11/200:
2026-06-25 07:15:49,920 - INFO - Train loss: 1.0985 (95.5s)
Train loss: 1.0985 (95.5s)
2026-06-25 07:16:13,366 - INFO - Test instance 0.7658, class 0.6415
Test instance 0.7658, class 0.6415
2026-06-25 07:16:13,383 - INFO - Best instance 0.7658, class 0.6415 (epoch 11)
Best instance 0.7658, class 0.6415 (epoch 11)
2026-06-25 07:16:13,399 - INFO - Epoch 12/200:
Epoch 12/200:
2026-06-25 07:17:48,855 - INFO - Train loss: 1.0693 (95.5s)
Train loss: 1.0693 (95.5s)
2026-06-25 07:18:12,031 - INFO - Test instance 0.7638, class 0.6374
Test instance 0.7638, class 0.6374
2026-06-25 07:18:12,032 - INFO - Best instance 0.7658, class 0.6415 (epoch 11)
Best instance 0.7658, class 0.6415 (epoch 11)
2026-06-25 07:18:12,050 - INFO - Epoch 13/200:
Epoch 13/200:
2026-06-25 07:19:47,298 - INFO - Train loss: 1.0650 (95.2s)
Train loss: 1.0650 (95.2s)
2026-06-25 07:20:10,696 - INFO - Test instance 0.7925, class 0.6730
Test instance 0.7925, class 0.6730
2026-06-25 07:20:10,712 - INFO - Best instance 0.7925, class 0.6730 (epoch 13)
Best instance 0.7925, class 0.6730 (epoch 13)
2026-06-25 07:20:10,728 - INFO - Epoch 14/200:
Epoch 14/200:
2026-06-25 07:21:46,236 - INFO - Train loss: 1.0558 (95.5s)
Train loss: 1.0558 (95.5s)
2026-06-25 07:22:09,526 - INFO - Test instance 0.7877, class 0.6652
Test instance 0.7877, class 0.6652
2026-06-25 07:22:09,526 - INFO - Best instance 0.7925, class 0.6730 (epoch 13)
Best instance 0.7925, class 0.6730 (epoch 13)
2026-06-25 07:22:09,544 - INFO - Epoch 15/200:
Epoch 15/200:
2026-06-25 07:23:44,757 - INFO - Train loss: 1.0457 (95.2s)
Train loss: 1.0457 (95.2s)
2026-06-25 07:24:07,996 - INFO - Test instance 0.8096, class 0.6931
Test instance 0.8096, class 0.6931
2026-06-25 07:24:08,013 - INFO - Best instance 0.8096, class 0.6931 (epoch 15)
Best instance 0.8096, class 0.6931 (epoch 15)
2026-06-25 07:24:08,029 - INFO - Epoch 16/200:
Epoch 16/200:
2026-06-25 07:25:43,299 - INFO - Train loss: 1.0373 (95.3s)
Train loss: 1.0373 (95.3s)
2026-06-25 07:26:06,569 - INFO - Test instance 0.8002, class 0.6854
Test instance 0.8002, class 0.6854
2026-06-25 07:26:06,569 - INFO - Best instance 0.8096, class 0.6931 (epoch 15)
Best instance 0.8096, class 0.6931 (epoch 15)
2026-06-25 07:26:06,586 - INFO - Epoch 17/200:
Epoch 17/200:
2026-06-25 07:27:41,894 - INFO - Train loss: 1.0341 (95.3s)
Train loss: 1.0341 (95.3s)
2026-06-25 07:28:05,127 - INFO - Test instance 0.8051, class 0.7037
Test instance 0.8051, class 0.7037
2026-06-25 07:28:05,128 - INFO - Best instance 0.8096, class 0.6931 (epoch 15)
Best instance 0.8096, class 0.6931 (epoch 15)
2026-06-25 07:28:05,146 - INFO - Epoch 18/200:
Epoch 18/200:
2026-06-25 07:29:40,804 - INFO - Train loss: 1.0198 (95.7s)
Train loss: 1.0198 (95.7s)
2026-06-25 07:30:04,252 - INFO - Test instance 0.8197, class 0.6932
Test instance 0.8197, class 0.6932
2026-06-25 07:30:04,270 - INFO - Best instance 0.8197, class 0.6932 (epoch 18)
Best instance 0.8197, class 0.6932 (epoch 18)
2026-06-25 07:30:04,287 - INFO - Epoch 19/200:
Epoch 19/200:
2026-06-25 07:31:39,771 - INFO - Train loss: 1.0230 (95.5s)
Train loss: 1.0230 (95.5s)
2026-06-25 07:32:03,196 - INFO - Test instance 0.8327, class 0.7333
Test instance 0.8327, class 0.7333
2026-06-25 07:32:03,214 - INFO - Best instance 0.8327, class 0.7333 (epoch 19)
Best instance 0.8327, class 0.7333 (epoch 19)
2026-06-25 07:32:03,229 - INFO - Epoch 20/200:
Epoch 20/200:
2026-06-25 07:33:39,125 - INFO - Train loss: 1.0135 (95.9s)
Train loss: 1.0135 (95.9s)
2026-06-25 07:34:02,483 - INFO - Test instance 0.8120, class 0.6947
Test instance 0.8120, class 0.6947
2026-06-25 07:34:02,484 - INFO - Best instance 0.8327, class 0.7333 (epoch 19)
Best instance 0.8327, class 0.7333 (epoch 19)
2026-06-25 07:34:02,502 - INFO - Epoch 21/200:
Epoch 21/200:
2026-06-25 07:35:38,173 - INFO - Train loss: 0.9947 (95.7s)
Train loss: 0.9947 (95.7s)
2026-06-25 07:36:01,511 - INFO - Test instance 0.8404, class 0.7334
Test instance 0.8404, class 0.7334
2026-06-25 07:36:01,528 - INFO - Best instance 0.8404, class 0.7334 (epoch 21)
Best instance 0.8404, class 0.7334 (epoch 21)
2026-06-25 07:36:01,544 - INFO - Epoch 22/200:
Epoch 22/200:
2026-06-25 07:37:37,769 - INFO - Train loss: 0.9789 (96.2s)
Train loss: 0.9789 (96.2s)
2026-06-25 07:38:01,066 - INFO - Test instance 0.8351, class 0.7291
Test instance 0.8351, class 0.7291
2026-06-25 07:38:01,067 - INFO - Best instance 0.8404, class 0.7334 (epoch 21)
Best instance 0.8404, class 0.7334 (epoch 21)
2026-06-25 07:38:01,085 - INFO - Epoch 23/200:
Epoch 23/200:
2026-06-25 07:39:36,801 - INFO - Train loss: 0.9812 (95.7s)
Train loss: 0.9812 (95.7s)
2026-06-25 07:39:59,971 - INFO - Test instance 0.8400, class 0.7362
Test instance 0.8400, class 0.7362
2026-06-25 07:39:59,972 - INFO - Best instance 0.8404, class 0.7334 (epoch 21)
Best instance 0.8404, class 0.7334 (epoch 21)
2026-06-25 07:39:59,990 - INFO - Epoch 24/200:
Epoch 24/200:
2026-06-25 07:41:35,512 - INFO - Train loss: 0.9748 (95.5s)
Train loss: 0.9748 (95.5s)
2026-06-25 07:41:58,777 - INFO - Test instance 0.8448, class 0.7425
Test instance 0.8448, class 0.7425
2026-06-25 07:41:58,795 - INFO - Best instance 0.8448, class 0.7425 (epoch 24)
Best instance 0.8448, class 0.7425 (epoch 24)
2026-06-25 07:41:58,816 - INFO - Epoch 25/200:
Epoch 25/200:
2026-06-25 07:43:34,239 - INFO - Train loss: 0.9722 (95.4s)
Train loss: 0.9722 (95.4s)
2026-06-25 07:43:57,715 - INFO - Test instance 0.8387, class 0.7447
Test instance 0.8387, class 0.7447
2026-06-25 07:43:57,715 - INFO - Best instance 0.8448, class 0.7425 (epoch 24)
Best instance 0.8448, class 0.7425 (epoch 24)
2026-06-25 07:43:57,734 - INFO - Epoch 26/200:
Epoch 26/200:
2026-06-25 07:45:33,019 - INFO - Train loss: 0.9804 (95.3s)
Train loss: 0.9804 (95.3s)
2026-06-25 07:45:56,818 - INFO - Test instance 0.8391, class 0.7330
Test instance 0.8391, class 0.7330
2026-06-25 07:45:56,818 - INFO - Best instance 0.8448, class 0.7425 (epoch 24)
Best instance 0.8448, class 0.7425 (epoch 24)
2026-06-25 07:45:56,835 - INFO - Epoch 27/200:
Epoch 27/200:
2026-06-25 07:47:32,472 - INFO - Train loss: 0.9725 (95.6s)
Train loss: 0.9725 (95.6s)
2026-06-25 07:47:56,010 - INFO - Test instance 0.8472, class 0.7430
Test instance 0.8472, class 0.7430
2026-06-25 07:47:56,029 - INFO - Best instance 0.8472, class 0.7430 (epoch 27)
Best instance 0.8472, class 0.7430 (epoch 27)
2026-06-25 07:47:56,047 - INFO - Epoch 28/200:
Epoch 28/200:
2026-06-25 07:49:32,039 - INFO - Train loss: 0.9740 (96.0s)
Train loss: 0.9740 (96.0s)
2026-06-25 07:49:55,253 - INFO - Test instance 0.8355, class 0.7537
Test instance 0.8355, class 0.7537
2026-06-25 07:49:55,278 - INFO - Best instance 0.8472, class 0.7430 (epoch 27)
Best instance 0.8472, class 0.7430 (epoch 27)
2026-06-25 07:49:55,307 - INFO - Epoch 29/200:
Epoch 29/200:
2026-06-25 07:51:30,997 - INFO - Train loss: 0.9614 (95.7s)
Train loss: 0.9614 (95.7s)
2026-06-25 07:51:54,291 - INFO - Test instance 0.8553, class 0.7543
Test instance 0.8553, class 0.7543
2026-06-25 07:51:54,308 - INFO - Best instance 0.8553, class 0.7543 (epoch 29)
Best instance 0.8553, class 0.7543 (epoch 29)
2026-06-25 07:51:54,324 - INFO - Epoch 30/200:
Epoch 30/200:
2026-06-25 07:53:29,798 - INFO - Train loss: 0.9637 (95.5s)
Train loss: 0.9637 (95.5s)
2026-06-25 07:53:52,914 - INFO - Test instance 0.8545, class 0.7443
Test instance 0.8545, class 0.7443
2026-06-25 07:53:52,914 - INFO - Best instance 0.8553, class 0.7543 (epoch 29)
Best instance 0.8553, class 0.7543 (epoch 29)
2026-06-25 07:53:52,932 - INFO - Epoch 31/200:
Epoch 31/200:
2026-06-25 07:55:28,338 - INFO - Train loss: 0.9554 (95.4s)
Train loss: 0.9554 (95.4s)
2026-06-25 07:55:51,726 - INFO - Test instance 0.8647, class 0.7727
Test instance 0.8647, class 0.7727
2026-06-25 07:55:51,746 - INFO - Best instance 0.8647, class 0.7727 (epoch 31)
Best instance 0.8647, class 0.7727 (epoch 31)
2026-06-25 07:55:51,766 - INFO - Epoch 32/200:
Epoch 32/200:
2026-06-25 07:57:27,838 - INFO - Train loss: 0.9587 (96.1s)
Train loss: 0.9587 (96.1s)
2026-06-25 07:57:51,080 - INFO - Test instance 0.8460, class 0.7422
Test instance 0.8460, class 0.7422
2026-06-25 07:57:51,080 - INFO - Best instance 0.8647, class 0.7727 (epoch 31)
Best instance 0.8647, class 0.7727 (epoch 31)
2026-06-25 07:57:51,099 - INFO - Epoch 33/200:
Epoch 33/200:
2026-06-25 07:59:26,915 - INFO - Train loss: 0.9553 (95.8s)
Train loss: 0.9553 (95.8s)
2026-06-25 07:59:50,057 - INFO - Test instance 0.8485, class 0.7616
Test instance 0.8485, class 0.7616
2026-06-25 07:59:50,057 - INFO - Best instance 0.8647, class 0.7727 (epoch 31)
Best instance 0.8647, class 0.7727 (epoch 31)
2026-06-25 07:59:50,098 - INFO - Epoch 34/200:
Epoch 34/200:
2026-06-25 08:01:26,045 - INFO - Train loss: 0.9573 (95.9s)
Train loss: 0.9573 (95.9s)
2026-06-25 08:01:49,200 - INFO - Test instance 0.8521, class 0.7574
Test instance 0.8521, class 0.7574
2026-06-25 08:01:49,201 - INFO - Best instance 0.8647, class 0.7727 (epoch 31)
Best instance 0.8647, class 0.7727 (epoch 31)
2026-06-25 08:01:49,218 - INFO - Epoch 35/200:
Epoch 35/200:
2026-06-25 08:03:25,052 - INFO - Train loss: 0.9447 (95.8s)
Train loss: 0.9447 (95.8s)
2026-06-25 08:03:48,339 - INFO - Test instance 0.8663, class 0.7837
Test instance 0.8663, class 0.7837
2026-06-25 08:03:48,356 - INFO - Best instance 0.8663, class 0.7837 (epoch 35)
Best instance 0.8663, class 0.7837 (epoch 35)
2026-06-25 08:03:48,372 - INFO - Epoch 36/200:
Epoch 36/200:
2026-06-25 08:05:24,067 - INFO - Train loss: 0.9531 (95.7s)
Train loss: 0.9531 (95.7s)
2026-06-25 08:05:47,365 - INFO - Test instance 0.8574, class 0.7606
Test instance 0.8574, class 0.7606
2026-06-25 08:05:47,365 - INFO - Best instance 0.8663, class 0.7837 (epoch 35)
Best instance 0.8663, class 0.7837 (epoch 35)
2026-06-25 08:05:47,383 - INFO - Epoch 37/200:
Epoch 37/200:
2026-06-25 08:07:22,948 - INFO - Train loss: 0.9499 (95.6s)
Train loss: 0.9499 (95.6s)
2026-06-25 08:07:46,257 - INFO - Test instance 0.8562, class 0.7522
Test instance 0.8562, class 0.7522
2026-06-25 08:07:46,257 - INFO - Best instance 0.8663, class 0.7837 (epoch 35)
Best instance 0.8663, class 0.7837 (epoch 35)
2026-06-25 08:07:46,275 - INFO - Epoch 38/200:
Epoch 38/200:
2026-06-25 08:09:21,865 - INFO - Train loss: 0.9514 (95.6s)
Train loss: 0.9514 (95.6s)
2026-06-25 08:09:45,199 - INFO - Test instance 0.8570, class 0.7633
Test instance 0.8570, class 0.7633
2026-06-25 08:09:45,200 - INFO - Best instance 0.8663, class 0.7837 (epoch 35)
Best instance 0.8663, class 0.7837 (epoch 35)
2026-06-25 08:09:45,218 - INFO - Epoch 39/200:
Epoch 39/200:
2026-06-25 08:11:20,614 - INFO - Train loss: 0.9355 (95.4s)
Train loss: 0.9355 (95.4s)
2026-06-25 08:11:44,003 - INFO - Test instance 0.8695, class 0.7849
Test instance 0.8695, class 0.7849
2026-06-25 08:11:44,022 - INFO - Best instance 0.8695, class 0.7849 (epoch 39)
Best instance 0.8695, class 0.7849 (epoch 39)
2026-06-25 08:11:44,038 - INFO - Epoch 40/200:
Epoch 40/200:
2026-06-25 08:13:19,229 - INFO - Train loss: 0.9377 (95.2s)
Train loss: 0.9377 (95.2s)
2026-06-25 08:13:42,447 - INFO - Test instance 0.8691, class 0.7731
Test instance 0.8691, class 0.7731
2026-06-25 08:13:42,449 - INFO - Best instance 0.8695, class 0.7849 (epoch 39)
Best instance 0.8695, class 0.7849 (epoch 39)
2026-06-25 08:13:42,467 - INFO - Epoch 41/200:
Epoch 41/200:
2026-06-25 08:15:18,367 - INFO - Train loss: 0.9180 (95.9s)
Train loss: 0.9180 (95.9s)
2026-06-25 08:15:41,635 - INFO - Test instance 0.8703, class 0.7892
Test instance 0.8703, class 0.7892
2026-06-25 08:15:41,653 - INFO - Best instance 0.8703, class 0.7892 (epoch 41)
Best instance 0.8703, class 0.7892 (epoch 41)
2026-06-25 08:15:41,669 - INFO - Epoch 42/200:
Epoch 42/200:
2026-06-25 08:17:17,080 - INFO - Train loss: 0.9209 (95.4s)
Train loss: 0.9209 (95.4s)
2026-06-25 08:17:40,447 - INFO - Test instance 0.8736, class 0.7854
Test instance 0.8736, class 0.7854
2026-06-25 08:17:40,470 - INFO - Best instance 0.8736, class 0.7854 (epoch 42)
Best instance 0.8736, class 0.7854 (epoch 42)
2026-06-25 08:17:40,488 - INFO - Epoch 43/200:
Epoch 43/200:
2026-06-25 08:19:16,197 - INFO - Train loss: 0.9159 (95.7s)
Train loss: 0.9159 (95.7s)
2026-06-25 08:19:39,499 - INFO - Test instance 0.8797, class 0.7938
Test instance 0.8797, class 0.7938
2026-06-25 08:19:39,520 - INFO - Best instance 0.8797, class 0.7938 (epoch 43)
Best instance 0.8797, class 0.7938 (epoch 43)
2026-06-25 08:19:39,535 - INFO - Epoch 44/200:
Epoch 44/200:
2026-06-25 08:21:15,039 - INFO - Train loss: 0.9199 (95.5s)
Train loss: 0.9199 (95.5s)
2026-06-25 08:21:38,281 - INFO - Test instance 0.8784, class 0.7996
Test instance 0.8784, class 0.7996
2026-06-25 08:21:38,282 - INFO - Best instance 0.8797, class 0.7938 (epoch 43)
Best instance 0.8797, class 0.7938 (epoch 43)
2026-06-25 08:21:38,301 - INFO - Epoch 45/200:
Epoch 45/200:
2026-06-25 08:23:13,508 - INFO - Train loss: 0.9123 (95.2s)
Train loss: 0.9123 (95.2s)
2026-06-25 08:23:36,708 - INFO - Test instance 0.8833, class 0.8030
Test instance 0.8833, class 0.8030
2026-06-25 08:23:36,726 - INFO - Best instance 0.8833, class 0.8030 (epoch 45)
Best instance 0.8833, class 0.8030 (epoch 45)
2026-06-25 08:23:36,741 - INFO - Epoch 46/200:
Epoch 46/200:
2026-06-25 08:25:11,971 - INFO - Train loss: 0.9115 (95.2s)
Train loss: 0.9115 (95.2s)
2026-06-25 08:25:35,296 - INFO - Test instance 0.8805, class 0.8021
Test instance 0.8805, class 0.8021
2026-06-25 08:25:35,296 - INFO - Best instance 0.8833, class 0.8030 (epoch 45)
Best instance 0.8833, class 0.8030 (epoch 45)
2026-06-25 08:25:35,315 - INFO - Epoch 47/200:
Epoch 47/200:
2026-06-25 08:27:10,824 - INFO - Train loss: 0.9220 (95.5s)
Train loss: 0.9220 (95.5s)
2026-06-25 08:27:34,077 - INFO - Test instance 0.8817, class 0.7987
Test instance 0.8817, class 0.7987
2026-06-25 08:27:34,078 - INFO - Best instance 0.8833, class 0.8030 (epoch 45)
Best instance 0.8833, class 0.8030 (epoch 45)
2026-06-25 08:27:34,098 - INFO - Epoch 48/200:
Epoch 48/200:
2026-06-25 08:29:09,805 - INFO - Train loss: 0.9110 (95.7s)
Train loss: 0.9110 (95.7s)
2026-06-25 08:29:33,065 - INFO - Test instance 0.8740, class 0.7855
Test instance 0.8740, class 0.7855
2026-06-25 08:29:33,065 - INFO - Best instance 0.8833, class 0.8030 (epoch 45)
Best instance 0.8833, class 0.8030 (epoch 45)
2026-06-25 08:29:33,083 - INFO - Epoch 49/200:
Epoch 49/200:
2026-06-25 08:31:08,305 - INFO - Train loss: 0.9069 (95.2s)
Train loss: 0.9069 (95.2s)
2026-06-25 08:31:31,570 - INFO - Test instance 0.8817, class 0.8005
Test instance 0.8817, class 0.8005
2026-06-25 08:31:31,571 - INFO - Best instance 0.8833, class 0.8030 (epoch 45)
Best instance 0.8833, class 0.8030 (epoch 45)
2026-06-25 08:31:31,589 - INFO - Epoch 50/200:
Epoch 50/200:
2026-06-25 08:33:06,658 - INFO - Train loss: 0.9064 (95.1s)
Train loss: 0.9064 (95.1s)
2026-06-25 08:33:30,085 - INFO - Test instance 0.8845, class 0.7968
Test instance 0.8845, class 0.7968
2026-06-25 08:33:30,103 - INFO - Best instance 0.8845, class 0.7968 (epoch 50)
Best instance 0.8845, class 0.7968 (epoch 50)
2026-06-25 08:33:30,119 - INFO - Epoch 51/200:
Epoch 51/200:
2026-06-25 08:35:05,493 - INFO - Train loss: 0.9090 (95.4s)
Train loss: 0.9090 (95.4s)
2026-06-25 08:35:28,745 - INFO - Test instance 0.8845, class 0.8071
Test instance 0.8845, class 0.8071
2026-06-25 08:35:28,747 - INFO - Best instance 0.8845, class 0.7968 (epoch 50)
Best instance 0.8845, class 0.7968 (epoch 50)
2026-06-25 08:35:28,764 - INFO - Epoch 52/200:
Epoch 52/200:
2026-06-25 08:37:04,635 - INFO - Train loss: 0.9087 (95.9s)
Train loss: 0.9087 (95.9s)
2026-06-25 08:37:27,826 - INFO - Test instance 0.8784, class 0.8085
Test instance 0.8784, class 0.8085
2026-06-25 08:37:27,827 - INFO - Best instance 0.8845, class 0.7968 (epoch 50)
Best instance 0.8845, class 0.7968 (epoch 50)
2026-06-25 08:37:27,844 - INFO - Epoch 53/200:
Epoch 53/200:
2026-06-25 08:39:03,009 - INFO - Train loss: 0.9068 (95.2s)
Train loss: 0.9068 (95.2s)
2026-06-25 08:39:26,294 - INFO - Test instance 0.8784, class 0.8004
Test instance 0.8784, class 0.8004
2026-06-25 08:39:26,295 - INFO - Best instance 0.8845, class 0.7968 (epoch 50)
Best instance 0.8845, class 0.7968 (epoch 50)
2026-06-25 08:39:26,316 - INFO - Epoch 54/200:
Epoch 54/200:
2026-06-25 08:41:02,128 - INFO - Train loss: 0.9146 (95.8s)
Train loss: 0.9146 (95.8s)
2026-06-25 08:41:25,471 - INFO - Test instance 0.8776, class 0.7962
Test instance 0.8776, class 0.7962
2026-06-25 08:41:25,471 - INFO - Best instance 0.8845, class 0.7968 (epoch 50)
Best instance 0.8845, class 0.7968 (epoch 50)
2026-06-25 08:41:25,490 - INFO - Epoch 55/200:
Epoch 55/200:
2026-06-25 08:43:00,999 - INFO - Train loss: 0.9009 (95.5s)
Train loss: 0.9009 (95.5s)
2026-06-25 08:43:24,286 - INFO - Test instance 0.8853, class 0.8059
Test instance 0.8853, class 0.8059
2026-06-25 08:43:24,304 - INFO - Best instance 0.8853, class 0.8059 (epoch 55)
Best instance 0.8853, class 0.8059 (epoch 55)
2026-06-25 08:43:24,319 - INFO - Epoch 56/200:
Epoch 56/200:
2026-06-25 08:45:00,188 - INFO - Train loss: 0.9046 (95.9s)
Train loss: 0.9046 (95.9s)
2026-06-25 08:45:23,472 - INFO - Test instance 0.8845, class 0.7957
Test instance 0.8845, class 0.7957
2026-06-25 08:45:23,472 - INFO - Best instance 0.8853, class 0.8059 (epoch 55)
Best instance 0.8853, class 0.8059 (epoch 55)
2026-06-25 08:45:23,491 - INFO - Epoch 57/200:
Epoch 57/200:
2026-06-25 08:46:58,876 - INFO - Train loss: 0.9004 (95.4s)
Train loss: 0.9004 (95.4s)
2026-06-25 08:47:22,197 - INFO - Test instance 0.8882, class 0.8032
Test instance 0.8882, class 0.8032
2026-06-25 08:47:22,217 - INFO - Best instance 0.8882, class 0.8032 (epoch 57)
Best instance 0.8882, class 0.8032 (epoch 57)
2026-06-25 08:47:22,235 - INFO - Epoch 58/200:
Epoch 58/200:
2026-06-25 08:48:57,090 - INFO - Train loss: 0.8950 (94.9s)
Train loss: 0.8950 (94.9s)
2026-06-25 08:49:20,508 - INFO - Test instance 0.8930, class 0.8153
Test instance 0.8930, class 0.8153
2026-06-25 08:49:20,527 - INFO - Best instance 0.8930, class 0.8153 (epoch 58)
Best instance 0.8930, class 0.8153 (epoch 58)
2026-06-25 08:49:20,542 - INFO - Epoch 59/200:
Epoch 59/200:
2026-06-25 08:50:56,258 - INFO - Train loss: 0.8916 (95.7s)
Train loss: 0.8916 (95.7s)
2026-06-25 08:51:19,583 - INFO - Test instance 0.8894, class 0.8058
Test instance 0.8894, class 0.8058
2026-06-25 08:51:19,583 - INFO - Best instance 0.8930, class 0.8153 (epoch 58)
Best instance 0.8930, class 0.8153 (epoch 58)
2026-06-25 08:51:19,602 - INFO - Epoch 60/200:
Epoch 60/200:
2026-06-25 08:52:54,784 - INFO - Train loss: 0.9039 (95.2s)
Train loss: 0.9039 (95.2s)
2026-06-25 08:53:18,118 - INFO - Test instance 0.8886, class 0.8153
Test instance 0.8886, class 0.8153
2026-06-25 08:53:18,118 - INFO - Best instance 0.8930, class 0.8153 (epoch 58)
Best instance 0.8930, class 0.8153 (epoch 58)
2026-06-25 08:53:18,136 - INFO - Epoch 61/200:
Epoch 61/200:
2026-06-25 08:54:53,134 - INFO - Train loss: 0.8844 (95.0s)
Train loss: 0.8844 (95.0s)
2026-06-25 08:55:16,444 - INFO - Test instance 0.8870, class 0.8111
Test instance 0.8870, class 0.8111
2026-06-25 08:55:16,445 - INFO - Best instance 0.8930, class 0.8153 (epoch 58)
Best instance 0.8930, class 0.8153 (epoch 58)
2026-06-25 08:55:16,464 - INFO - Epoch 62/200:
Epoch 62/200:
2026-06-25 08:56:52,029 - INFO - Train loss: 0.8798 (95.6s)
Train loss: 0.8798 (95.6s)
2026-06-25 08:57:15,290 - INFO - Test instance 0.8942, class 0.8206
Test instance 0.8942, class 0.8206
2026-06-25 08:57:15,311 - INFO - Best instance 0.8942, class 0.8206 (epoch 62)
Best instance 0.8942, class 0.8206 (epoch 62)
2026-06-25 08:57:15,330 - INFO - Epoch 63/200:
Epoch 63/200:
2026-06-25 08:58:50,768 - INFO - Train loss: 0.8902 (95.4s)
Train loss: 0.8902 (95.4s)
2026-06-25 08:59:14,042 - INFO - Test instance 0.8914, class 0.8109
Test instance 0.8914, class 0.8109
2026-06-25 08:59:14,043 - INFO - Best instance 0.8942, class 0.8206 (epoch 62)
Best instance 0.8942, class 0.8206 (epoch 62)
2026-06-25 08:59:14,059 - INFO - Epoch 64/200:
Epoch 64/200:
2026-06-25 09:00:49,427 - INFO - Train loss: 0.8780 (95.4s)
Train loss: 0.8780 (95.4s)
2026-06-25 09:01:12,679 - INFO - Test instance 0.8906, class 0.8157
Test instance 0.8906, class 0.8157
2026-06-25 09:01:12,679 - INFO - Best instance 0.8942, class 0.8206 (epoch 62)
Best instance 0.8942, class 0.8206 (epoch 62)
2026-06-25 09:01:12,698 - INFO - Epoch 65/200:
Epoch 65/200:
2026-06-25 09:02:48,320 - INFO - Train loss: 0.8797 (95.6s)
Train loss: 0.8797 (95.6s)
2026-06-25 09:03:11,613 - INFO - Test instance 0.8963, class 0.8241
Test instance 0.8963, class 0.8241
2026-06-25 09:03:11,631 - INFO - Best instance 0.8963, class 0.8241 (epoch 65)
Best instance 0.8963, class 0.8241 (epoch 65)
2026-06-25 09:03:11,649 - INFO - Epoch 66/200:
Epoch 66/200:
2026-06-25 09:04:47,511 - INFO - Train loss: 0.8793 (95.9s)
Train loss: 0.8793 (95.9s)
2026-06-25 09:05:10,785 - INFO - Test instance 0.8951, class 0.8213
Test instance 0.8951, class 0.8213
2026-06-25 09:05:10,785 - INFO - Best instance 0.8963, class 0.8241 (epoch 65)
Best instance 0.8963, class 0.8241 (epoch 65)
2026-06-25 09:05:10,805 - INFO - Epoch 67/200:
Epoch 67/200:
2026-06-25 09:06:46,416 - INFO - Train loss: 0.8841 (95.6s)
Train loss: 0.8841 (95.6s)
2026-06-25 09:07:09,799 - INFO - Test instance 0.8902, class 0.8144
Test instance 0.8902, class 0.8144
2026-06-25 09:07:09,799 - INFO - Best instance 0.8963, class 0.8241 (epoch 65)
Best instance 0.8963, class 0.8241 (epoch 65)
2026-06-25 09:07:09,818 - INFO - Epoch 68/200:
Epoch 68/200:
2026-06-25 09:08:44,880 - INFO - Train loss: 0.8722 (95.1s)
Train loss: 0.8722 (95.1s)
2026-06-25 09:09:08,365 - INFO - Test instance 0.8991, class 0.8265
Test instance 0.8991, class 0.8265
2026-06-25 09:09:08,381 - INFO - Best instance 0.8991, class 0.8265 (epoch 68)
Best instance 0.8991, class 0.8265 (epoch 68)
2026-06-25 09:09:08,396 - INFO - Epoch 69/200:
Epoch 69/200:
2026-06-25 09:10:44,331 - INFO - Train loss: 0.8744 (95.9s)
Train loss: 0.8744 (95.9s)
2026-06-25 09:11:07,614 - INFO - Test instance 0.8902, class 0.8099
Test instance 0.8902, class 0.8099
2026-06-25 09:11:07,615 - INFO - Best instance 0.8991, class 0.8265 (epoch 68)
Best instance 0.8991, class 0.8265 (epoch 68)
2026-06-25 09:11:07,632 - INFO - Epoch 70/200:
Epoch 70/200:
2026-06-25 09:12:43,208 - INFO - Train loss: 0.8788 (95.6s)
Train loss: 0.8788 (95.6s)
2026-06-25 09:13:06,434 - INFO - Test instance 0.8995, class 0.8269
Test instance 0.8995, class 0.8269
2026-06-25 09:13:06,454 - INFO - Best instance 0.8995, class 0.8269 (epoch 70)
Best instance 0.8995, class 0.8269 (epoch 70)
2026-06-25 09:13:06,471 - INFO - Epoch 71/200:
Epoch 71/200:
2026-06-25 09:14:41,965 - INFO - Train loss: 0.8713 (95.5s)
Train loss: 0.8713 (95.5s)
2026-06-25 09:15:05,238 - INFO - Test instance 0.8878, class 0.8042
Test instance 0.8878, class 0.8042
2026-06-25 09:15:05,238 - INFO - Best instance 0.8995, class 0.8269 (epoch 70)
Best instance 0.8995, class 0.8269 (epoch 70)
2026-06-25 09:15:05,256 - INFO - Epoch 72/200:
Epoch 72/200:
2026-06-25 09:16:41,049 - INFO - Train loss: 0.8688 (95.8s)
Train loss: 0.8688 (95.8s)
2026-06-25 09:17:04,258 - INFO - Test instance 0.8894, class 0.8211
Test instance 0.8894, class 0.8211
2026-06-25 09:17:04,258 - INFO - Best instance 0.8995, class 0.8269 (epoch 70)
Best instance 0.8995, class 0.8269 (epoch 70)
2026-06-25 09:17:04,275 - INFO - Epoch 73/200:
Epoch 73/200:
2026-06-25 09:18:40,155 - INFO - Train loss: 0.8719 (95.9s)
Train loss: 0.8719 (95.9s)
2026-06-25 09:19:03,351 - INFO - Test instance 0.8942, class 0.8261
Test instance 0.8942, class 0.8261
2026-06-25 09:19:03,351 - INFO - Best instance 0.8995, class 0.8269 (epoch 70)
Best instance 0.8995, class 0.8269 (epoch 70)
2026-06-25 09:19:03,369 - INFO - Epoch 74/200:
Epoch 74/200:
2026-06-25 09:20:38,842 - INFO - Train loss: 0.8757 (95.5s)
Train loss: 0.8757 (95.5s)
2026-06-25 09:21:02,203 - INFO - Test instance 0.8951, class 0.8222
Test instance 0.8951, class 0.8222
2026-06-25 09:21:02,203 - INFO - Best instance 0.8995, class 0.8269 (epoch 70)
Best instance 0.8995, class 0.8269 (epoch 70)
2026-06-25 09:21:02,224 - INFO - Epoch 75/200:
Epoch 75/200:
2026-06-25 09:22:37,857 - INFO - Train loss: 0.8645 (95.6s)
Train loss: 0.8645 (95.6s)
2026-06-25 09:23:02,108 - INFO - Test instance 0.8983, class 0.8277
Test instance 0.8983, class 0.8277
2026-06-25 09:23:02,108 - INFO - Best instance 0.8995, class 0.8269 (epoch 70)
Best instance 0.8995, class 0.8269 (epoch 70)
2026-06-25 09:23:02,135 - INFO - Epoch 76/200:
Epoch 76/200:
2026-06-25 09:24:37,823 - INFO - Train loss: 0.8714 (95.7s)
Train loss: 0.8714 (95.7s)
2026-06-25 09:25:01,382 - INFO - Test instance 0.8975, class 0.8266
Test instance 0.8975, class 0.8266
2026-06-25 09:25:01,383 - INFO - Best instance 0.8995, class 0.8269 (epoch 70)
Best instance 0.8995, class 0.8269 (epoch 70)
2026-06-25 09:25:01,404 - INFO - Epoch 77/200:
Epoch 77/200:
2026-06-25 09:26:37,266 - INFO - Train loss: 0.8687 (95.9s)
Train loss: 0.8687 (95.9s)
2026-06-25 09:27:00,582 - INFO - Test instance 0.8906, class 0.8193
Test instance 0.8906, class 0.8193
2026-06-25 09:27:00,582 - INFO - Best instance 0.8995, class 0.8269 (epoch 70)
Best instance 0.8995, class 0.8269 (epoch 70)
2026-06-25 09:27:00,601 - INFO - Epoch 78/200:
Epoch 78/200:
2026-06-25 09:28:36,267 - INFO - Train loss: 0.8698 (95.7s)
Train loss: 0.8698 (95.7s)
2026-06-25 09:28:59,305 - INFO - Test instance 0.8959, class 0.8235
Test instance 0.8959, class 0.8235
2026-06-25 09:28:59,305 - INFO - Best instance 0.8995, class 0.8269 (epoch 70)
Best instance 0.8995, class 0.8269 (epoch 70)
2026-06-25 09:28:59,325 - INFO - Epoch 79/200:
Epoch 79/200:
2026-06-25 09:30:34,541 - INFO - Train loss: 0.8664 (95.2s)
Train loss: 0.8664 (95.2s)
2026-06-25 09:30:57,599 - INFO - Test instance 0.8975, class 0.8280
Test instance 0.8975, class 0.8280
2026-06-25 09:30:57,600 - INFO - Best instance 0.8995, class 0.8269 (epoch 70)
Best instance 0.8995, class 0.8269 (epoch 70)
2026-06-25 09:30:57,618 - INFO - Epoch 80/200:
Epoch 80/200:
2026-06-25 09:32:33,335 - INFO - Train loss: 0.8703 (95.7s)
Train loss: 0.8703 (95.7s)
2026-06-25 09:32:56,378 - INFO - Test instance 0.8938, class 0.8194
Test instance 0.8938, class 0.8194
2026-06-25 09:32:56,379 - INFO - Best instance 0.8995, class 0.8269 (epoch 70)
Best instance 0.8995, class 0.8269 (epoch 70)
2026-06-25 09:32:56,396 - INFO - Epoch 81/200:
Epoch 81/200:
2026-06-25 09:34:32,181 - INFO - Train loss: 0.8631 (95.8s)
Train loss: 0.8631 (95.8s)
2026-06-25 09:34:55,346 - INFO - Test instance 0.8979, class 0.8305
Test instance 0.8979, class 0.8305
2026-06-25 09:34:55,346 - INFO - Best instance 0.8995, class 0.8269 (epoch 70)
Best instance 0.8995, class 0.8269 (epoch 70)
2026-06-25 09:34:55,365 - INFO - Epoch 82/200:
Epoch 82/200:
2026-06-25 09:36:30,648 - INFO - Train loss: 0.8583 (95.3s)
Train loss: 0.8583 (95.3s)
2026-06-25 09:36:53,796 - INFO - Test instance 0.8999, class 0.8317
Test instance 0.8999, class 0.8317
2026-06-25 09:36:53,816 - INFO - Best instance 0.8999, class 0.8317 (epoch 82)
Best instance 0.8999, class 0.8317 (epoch 82)
2026-06-25 09:36:53,836 - INFO - Epoch 83/200:
Epoch 83/200:
2026-06-25 09:38:29,337 - INFO - Train loss: 0.8614 (95.5s)
Train loss: 0.8614 (95.5s)
2026-06-25 09:38:52,610 - INFO - Test instance 0.9007, class 0.8280
Test instance 0.9007, class 0.8280
2026-06-25 09:38:52,630 - INFO - Best instance 0.9007, class 0.8280 (epoch 83)
Best instance 0.9007, class 0.8280 (epoch 83)
2026-06-25 09:38:52,647 - INFO - Epoch 84/200:
Epoch 84/200:
2026-06-25 09:40:28,555 - INFO - Train loss: 0.8586 (95.9s)
Train loss: 0.8586 (95.9s)
2026-06-25 09:40:51,626 - INFO - Test instance 0.9056, class 0.8362
Test instance 0.9056, class 0.8362
2026-06-25 09:40:51,644 - INFO - Best instance 0.9056, class 0.8362 (epoch 84)
Best instance 0.9056, class 0.8362 (epoch 84)
2026-06-25 09:40:51,660 - INFO - Epoch 85/200:
Epoch 85/200:
2026-06-25 09:42:26,796 - INFO - Train loss: 0.8528 (95.1s)
Train loss: 0.8528 (95.1s)
2026-06-25 09:42:49,771 - INFO - Test instance 0.9011, class 0.8276
Test instance 0.9011, class 0.8276
2026-06-25 09:42:49,771 - INFO - Best instance 0.9056, class 0.8362 (epoch 84)
Best instance 0.9056, class 0.8362 (epoch 84)
2026-06-25 09:42:49,789 - INFO - Epoch 86/200:
Epoch 86/200:
2026-06-25 09:44:25,156 - INFO - Train loss: 0.8472 (95.4s)
Train loss: 0.8472 (95.4s)
2026-06-25 09:44:48,432 - INFO - Test instance 0.8955, class 0.8191
Test instance 0.8955, class 0.8191
2026-06-25 09:44:48,432 - INFO - Best instance 0.9056, class 0.8362 (epoch 84)
Best instance 0.9056, class 0.8362 (epoch 84)
2026-06-25 09:44:48,453 - INFO - Epoch 87/200:
Epoch 87/200:
2026-06-25 09:46:23,712 - INFO - Train loss: 0.8503 (95.3s)
Train loss: 0.8503 (95.3s)
2026-06-25 09:46:46,876 - INFO - Test instance 0.8999, class 0.8315
Test instance 0.8999, class 0.8315
2026-06-25 09:46:46,876 - INFO - Best instance 0.9056, class 0.8362 (epoch 84)
Best instance 0.9056, class 0.8362 (epoch 84)
2026-06-25 09:46:46,895 - INFO - Epoch 88/200:
Epoch 88/200:
2026-06-25 09:48:22,264 - INFO - Train loss: 0.8581 (95.4s)
Train loss: 0.8581 (95.4s)
2026-06-25 09:48:45,366 - INFO - Test instance 0.8991, class 0.8362
Test instance 0.8991, class 0.8362
2026-06-25 09:48:45,367 - INFO - Best instance 0.9056, class 0.8362 (epoch 84)
Best instance 0.9056, class 0.8362 (epoch 84)
2026-06-25 09:48:45,385 - INFO - Epoch 89/200:
Epoch 89/200:
2026-06-25 09:50:21,321 - INFO - Train loss: 0.8516 (95.9s)
Train loss: 0.8516 (95.9s)
2026-06-25 09:50:44,456 - INFO - Test instance 0.9003, class 0.8325
Test instance 0.9003, class 0.8325
2026-06-25 09:50:44,456 - INFO - Best instance 0.9056, class 0.8362 (epoch 84)
Best instance 0.9056, class 0.8362 (epoch 84)
2026-06-25 09:50:44,475 - INFO - Epoch 90/200:
Epoch 90/200:
2026-06-25 09:52:19,448 - INFO - Train loss: 0.8546 (95.0s)
Train loss: 0.8546 (95.0s)
2026-06-25 09:52:42,595 - INFO - Test instance 0.9007, class 0.8361
Test instance 0.9007, class 0.8361
2026-06-25 09:52:42,595 - INFO - Best instance 0.9056, class 0.8362 (epoch 84)
Best instance 0.9056, class 0.8362 (epoch 84)
2026-06-25 09:52:42,612 - INFO - Epoch 91/200:
Epoch 91/200:
2026-06-25 09:54:17,682 - INFO - Train loss: 0.8527 (95.1s)
Train loss: 0.8527 (95.1s)
2026-06-25 09:54:40,855 - INFO - Test instance 0.8987, class 0.8335
Test instance 0.8987, class 0.8335
2026-06-25 09:54:40,855 - INFO - Best instance 0.9056, class 0.8362 (epoch 84)
Best instance 0.9056, class 0.8362 (epoch 84)
2026-06-25 09:54:40,874 - INFO - Epoch 92/200:
Epoch 92/200:
2026-06-25 09:56:16,461 - INFO - Train loss: 0.8518 (95.6s)
Train loss: 0.8518 (95.6s)
2026-06-25 09:56:39,587 - INFO - Test instance 0.9032, class 0.8401
Test instance 0.9032, class 0.8401
2026-06-25 09:56:39,588 - INFO - Best instance 0.9056, class 0.8362 (epoch 84)
Best instance 0.9056, class 0.8362 (epoch 84)
2026-06-25 09:56:39,607 - INFO - Epoch 93/200:
Epoch 93/200:
2026-06-25 09:58:14,798 - INFO - Train loss: 0.8424 (95.2s)
Train loss: 0.8424 (95.2s)
2026-06-25 09:58:37,947 - INFO - Test instance 0.9052, class 0.8391
Test instance 0.9052, class 0.8391
2026-06-25 09:58:37,947 - INFO - Best instance 0.9056, class 0.8362 (epoch 84)
Best instance 0.9056, class 0.8362 (epoch 84)
2026-06-25 09:58:37,967 - INFO - Epoch 94/200:
Epoch 94/200:
2026-06-25 10:00:13,668 - INFO - Train loss: 0.8470 (95.7s)
Train loss: 0.8470 (95.7s)
2026-06-25 10:00:36,928 - INFO - Test instance 0.9084, class 0.8481
Test instance 0.9084, class 0.8481
2026-06-25 10:00:36,946 - INFO - Best instance 0.9084, class 0.8481 (epoch 94)
Best instance 0.9084, class 0.8481 (epoch 94)
2026-06-25 10:00:36,961 - INFO - Epoch 95/200:
Epoch 95/200:
2026-06-25 10:02:12,055 - INFO - Train loss: 0.8469 (95.1s)
Train loss: 0.8469 (95.1s)
2026-06-25 10:02:35,428 - INFO - Test instance 0.9076, class 0.8453
Test instance 0.9076, class 0.8453
2026-06-25 10:02:35,429 - INFO - Best instance 0.9084, class 0.8481 (epoch 94)
Best instance 0.9084, class 0.8481 (epoch 94)
2026-06-25 10:02:35,446 - INFO - Epoch 96/200:
Epoch 96/200:
2026-06-25 10:04:11,290 - INFO - Train loss: 0.8503 (95.8s)
Train loss: 0.8503 (95.8s)
2026-06-25 10:04:34,371 - INFO - Test instance 0.9052, class 0.8390
Test instance 0.9052, class 0.8390
2026-06-25 10:04:34,371 - INFO - Best instance 0.9084, class 0.8481 (epoch 94)
Best instance 0.9084, class 0.8481 (epoch 94)
2026-06-25 10:04:34,389 - INFO - Epoch 97/200:
Epoch 97/200:
2026-06-25 10:06:09,531 - INFO - Train loss: 0.8469 (95.1s)
Train loss: 0.8469 (95.1s)
2026-06-25 10:06:32,737 - INFO - Test instance 0.9052, class 0.8421
Test instance 0.9052, class 0.8421
2026-06-25 10:06:32,737 - INFO - Best instance 0.9084, class 0.8481 (epoch 94)
Best instance 0.9084, class 0.8481 (epoch 94)
2026-06-25 10:06:32,756 - INFO - Epoch 98/200:
Epoch 98/200:
2026-06-25 10:08:08,032 - INFO - Train loss: 0.8519 (95.3s)
Train loss: 0.8519 (95.3s)
2026-06-25 10:08:31,198 - INFO - Test instance 0.8975, class 0.8317
Test instance 0.8975, class 0.8317
2026-06-25 10:08:31,198 - INFO - Best instance 0.9084, class 0.8481 (epoch 94)
Best instance 0.9084, class 0.8481 (epoch 94)
2026-06-25 10:08:31,217 - INFO - Epoch 99/200:
Epoch 99/200:
2026-06-25 10:10:06,314 - INFO - Train loss: 0.8548 (95.1s)
Train loss: 0.8548 (95.1s)
2026-06-25 10:10:29,571 - INFO - Test instance 0.9007, class 0.8314
Test instance 0.9007, class 0.8314
2026-06-25 10:10:29,571 - INFO - Best instance 0.9084, class 0.8481 (epoch 94)
Best instance 0.9084, class 0.8481 (epoch 94)
2026-06-25 10:10:29,589 - INFO - Epoch 100/200:
Epoch 100/200:
2026-06-25 10:12:04,956 - INFO - Train loss: 0.8413 (95.4s)
Train loss: 0.8413 (95.4s)
2026-06-25 10:12:28,313 - INFO - Test instance 0.9011, class 0.8350
Test instance 0.9011, class 0.8350
2026-06-25 10:12:28,314 - INFO - Best instance 0.9084, class 0.8481 (epoch 94)
Best instance 0.9084, class 0.8481 (epoch 94)
2026-06-25 10:12:28,332 - INFO - Epoch 101/200:
Epoch 101/200:
2026-06-25 10:14:03,479 - INFO - Train loss: 0.8446 (95.1s)
Train loss: 0.8446 (95.1s)
2026-06-25 10:14:26,626 - INFO - Test instance 0.9036, class 0.8347
Test instance 0.9036, class 0.8347
2026-06-25 10:14:26,627 - INFO - Best instance 0.9084, class 0.8481 (epoch 94)
Best instance 0.9084, class 0.8481 (epoch 94)
2026-06-25 10:14:26,646 - INFO - Epoch 102/200:
Epoch 102/200:
2026-06-25 10:16:01,613 - INFO - Train loss: 0.8380 (95.0s)
Train loss: 0.8380 (95.0s)
2026-06-25 10:16:24,835 - INFO - Test instance 0.9028, class 0.8365
Test instance 0.9028, class 0.8365
2026-06-25 10:16:24,835 - INFO - Best instance 0.9084, class 0.8481 (epoch 94)
Best instance 0.9084, class 0.8481 (epoch 94)
2026-06-25 10:16:24,852 - INFO - Epoch 103/200:
Epoch 103/200:
2026-06-25 10:18:00,243 - INFO - Train loss: 0.8374 (95.4s)
Train loss: 0.8374 (95.4s)
2026-06-25 10:18:23,593 - INFO - Test instance 0.9060, class 0.8397
Test instance 0.9060, class 0.8397
2026-06-25 10:18:23,594 - INFO - Best instance 0.9084, class 0.8481 (epoch 94)
Best instance 0.9084, class 0.8481 (epoch 94)
2026-06-25 10:18:23,612 - INFO - Epoch 104/200:
Epoch 104/200:
2026-06-25 10:19:58,578 - INFO - Train loss: 0.8434 (95.0s)
Train loss: 0.8434 (95.0s)
2026-06-25 10:20:21,818 - INFO - Test instance 0.8995, class 0.8361
Test instance 0.8995, class 0.8361
2026-06-25 10:20:21,819 - INFO - Best instance 0.9084, class 0.8481 (epoch 94)
Best instance 0.9084, class 0.8481 (epoch 94)
2026-06-25 10:20:21,836 - INFO - Epoch 105/200:
Epoch 105/200:
2026-06-25 10:21:57,126 - INFO - Train loss: 0.8362 (95.3s)
Train loss: 0.8362 (95.3s)
2026-06-25 10:22:20,388 - INFO - Test instance 0.9044, class 0.8437
Test instance 0.9044, class 0.8437
2026-06-25 10:22:20,388 - INFO - Best instance 0.9084, class 0.8481 (epoch 94)
Best instance 0.9084, class 0.8481 (epoch 94)
2026-06-25 10:22:20,405 - INFO - Epoch 106/200:
Epoch 106/200:
2026-06-25 10:23:55,747 - INFO - Train loss: 0.8395 (95.3s)
Train loss: 0.8395 (95.3s)
2026-06-25 10:24:18,964 - INFO - Test instance 0.9088, class 0.8483
Test instance 0.9088, class 0.8483
2026-06-25 10:24:18,981 - INFO - Best instance 0.9088, class 0.8483 (epoch 106)
Best instance 0.9088, class 0.8483 (epoch 106)
2026-06-25 10:24:18,997 - INFO - Epoch 107/200:
Epoch 107/200:
2026-06-25 10:25:54,222 - INFO - Train loss: 0.8433 (95.2s)
Train loss: 0.8433 (95.2s)
2026-06-25 10:26:17,386 - INFO - Test instance 0.9064, class 0.8440
Test instance 0.9064, class 0.8440
2026-06-25 10:26:17,386 - INFO - Best instance 0.9088, class 0.8483 (epoch 106)
Best instance 0.9088, class 0.8483 (epoch 106)
2026-06-25 10:26:17,403 - INFO - Epoch 108/200:
Epoch 108/200:
2026-06-25 10:27:52,850 - INFO - Train loss: 0.8421 (95.4s)
Train loss: 0.8421 (95.4s)
2026-06-25 10:28:16,054 - INFO - Test instance 0.8995, class 0.8375
Test instance 0.8995, class 0.8375
2026-06-25 10:28:16,055 - INFO - Best instance 0.9088, class 0.8483 (epoch 106)
Best instance 0.9088, class 0.8483 (epoch 106)
2026-06-25 10:28:16,074 - INFO - Epoch 109/200:
Epoch 109/200:
2026-06-25 10:29:51,163 - INFO - Train loss: 0.8396 (95.1s)
Train loss: 0.8396 (95.1s)
2026-06-25 10:30:14,414 - INFO - Test instance 0.9036, class 0.8390
Test instance 0.9036, class 0.8390
2026-06-25 10:30:14,414 - INFO - Best instance 0.9088, class 0.8483 (epoch 106)
Best instance 0.9088, class 0.8483 (epoch 106)
2026-06-25 10:30:14,433 - INFO - Epoch 110/200:
Epoch 110/200:
2026-06-25 10:31:49,893 - INFO - Train loss: 0.8395 (95.5s)
Train loss: 0.8395 (95.5s)
2026-06-25 10:32:13,117 - INFO - Test instance 0.9019, class 0.8369
Test instance 0.9019, class 0.8369
2026-06-25 10:32:13,117 - INFO - Best instance 0.9088, class 0.8483 (epoch 106)
Best instance 0.9088, class 0.8483 (epoch 106)
2026-06-25 10:32:13,135 - INFO - Epoch 111/200:
Epoch 111/200:
2026-06-25 10:33:48,096 - INFO - Train loss: 0.8405 (95.0s)
Train loss: 0.8405 (95.0s)
2026-06-25 10:34:11,281 - INFO - Test instance 0.9084, class 0.8490
Test instance 0.9084, class 0.8490
2026-06-25 10:34:11,281 - INFO - Best instance 0.9088, class 0.8483 (epoch 106)
Best instance 0.9088, class 0.8483 (epoch 106)
2026-06-25 10:34:11,301 - INFO - Epoch 112/200:
Epoch 112/200:
2026-06-25 10:35:46,784 - INFO - Train loss: 0.8320 (95.5s)
Train loss: 0.8320 (95.5s)
2026-06-25 10:36:10,038 - INFO - Test instance 0.9072, class 0.8475
Test instance 0.9072, class 0.8475
2026-06-25 10:36:10,038 - INFO - Best instance 0.9088, class 0.8483 (epoch 106)
Best instance 0.9088, class 0.8483 (epoch 106)
2026-06-25 10:36:10,056 - INFO - Epoch 113/200:
Epoch 113/200:
2026-06-25 10:37:45,971 - INFO - Train loss: 0.8314 (95.9s)
Train loss: 0.8314 (95.9s)
2026-06-25 10:38:09,232 - INFO - Test instance 0.9019, class 0.8406
Test instance 0.9019, class 0.8406
2026-06-25 10:38:09,232 - INFO - Best instance 0.9088, class 0.8483 (epoch 106)
Best instance 0.9088, class 0.8483 (epoch 106)
2026-06-25 10:38:09,251 - INFO - Epoch 114/200:
Epoch 114/200:
2026-06-25 10:39:44,274 - INFO - Train loss: 0.8313 (95.0s)
Train loss: 0.8313 (95.0s)
2026-06-25 10:40:07,441 - INFO - Test instance 0.9036, class 0.8397
Test instance 0.9036, class 0.8397
2026-06-25 10:40:07,442 - INFO - Best instance 0.9088, class 0.8483 (epoch 106)
Best instance 0.9088, class 0.8483 (epoch 106)
2026-06-25 10:40:07,458 - INFO - Epoch 115/200:
Epoch 115/200:
2026-06-25 10:41:43,120 - INFO - Train loss: 0.8365 (95.7s)
Train loss: 0.8365 (95.7s)
2026-06-25 10:42:06,159 - INFO - Test instance 0.9064, class 0.8361
Test instance 0.9064, class 0.8361
2026-06-25 10:42:06,160 - INFO - Best instance 0.9088, class 0.8483 (epoch 106)
Best instance 0.9088, class 0.8483 (epoch 106)
2026-06-25 10:42:06,178 - INFO - Epoch 116/200:
Epoch 116/200:
2026-06-25 10:43:41,723 - INFO - Train loss: 0.8402 (95.5s)
Train loss: 0.8402 (95.5s)
2026-06-25 10:44:04,812 - INFO - Test instance 0.9011, class 0.8378
Test instance 0.9011, class 0.8378
2026-06-25 10:44:04,812 - INFO - Best instance 0.9088, class 0.8483 (epoch 106)
Best instance 0.9088, class 0.8483 (epoch 106)
2026-06-25 10:44:04,831 - INFO - Epoch 117/200:
Epoch 117/200:
2026-06-25 10:45:40,034 - INFO - Train loss: 0.8333 (95.2s)
Train loss: 0.8333 (95.2s)
2026-06-25 10:46:03,218 - INFO - Test instance 0.9048, class 0.8434
Test instance 0.9048, class 0.8434
2026-06-25 10:46:03,218 - INFO - Best instance 0.9088, class 0.8483 (epoch 106)
Best instance 0.9088, class 0.8483 (epoch 106)
2026-06-25 10:46:03,236 - INFO - Epoch 118/200:
Epoch 118/200:
2026-06-25 10:47:38,881 - INFO - Train loss: 0.8324 (95.6s)
Train loss: 0.8324 (95.6s)
2026-06-25 10:48:02,439 - INFO - Test instance 0.9040, class 0.8444
Test instance 0.9040, class 0.8444
2026-06-25 10:48:02,439 - INFO - Best instance 0.9088, class 0.8483 (epoch 106)
Best instance 0.9088, class 0.8483 (epoch 106)
2026-06-25 10:48:02,457 - INFO - Epoch 119/200:
Epoch 119/200:
2026-06-25 10:49:38,062 - INFO - Train loss: 0.8411 (95.6s)
Train loss: 0.8411 (95.6s)
2026-06-25 10:50:01,518 - INFO - Test instance 0.9084, class 0.8472
Test instance 0.9084, class 0.8472
2026-06-25 10:50:01,518 - INFO - Best instance 0.9088, class 0.8483 (epoch 106)
Best instance 0.9088, class 0.8483 (epoch 106)
2026-06-25 10:50:01,536 - INFO - Epoch 120/200:
Epoch 120/200:
2026-06-25 10:51:37,280 - INFO - Train loss: 0.8337 (95.7s)
Train loss: 0.8337 (95.7s)
2026-06-25 10:52:00,980 - INFO - Test instance 0.9080, class 0.8480
Test instance 0.9080, class 0.8480
2026-06-25 10:52:00,981 - INFO - Best instance 0.9088, class 0.8483 (epoch 106)
Best instance 0.9088, class 0.8483 (epoch 106)
2026-06-25 10:52:01,004 - INFO - Epoch 121/200:
Epoch 121/200:
2026-06-25 10:53:36,469 - INFO - Train loss: 0.8306 (95.5s)
Train loss: 0.8306 (95.5s)
2026-06-25 10:53:59,525 - INFO - Test instance 0.9092, class 0.8516
Test instance 0.9092, class 0.8516
2026-06-25 10:53:59,543 - INFO - Best instance 0.9092, class 0.8516 (epoch 121)
Best instance 0.9092, class 0.8516 (epoch 121)
2026-06-25 10:53:59,560 - INFO - Epoch 122/200:
Epoch 122/200:
2026-06-25 10:55:35,352 - INFO - Train loss: 0.8298 (95.8s)
Train loss: 0.8298 (95.8s)
2026-06-25 10:55:58,429 - INFO - Test instance 0.9056, class 0.8509
Test instance 0.9056, class 0.8509
2026-06-25 10:55:58,430 - INFO - Best instance 0.9092, class 0.8516 (epoch 121)
Best instance 0.9092, class 0.8516 (epoch 121)
2026-06-25 10:55:58,447 - INFO - Epoch 123/200:
Epoch 123/200:
2026-06-25 10:57:34,585 - INFO - Train loss: 0.8286 (96.1s)
Train loss: 0.8286 (96.1s)
2026-06-25 10:57:57,660 - INFO - Test instance 0.9109, class 0.8548
Test instance 0.9109, class 0.8548
2026-06-25 10:57:57,677 - INFO - Best instance 0.9109, class 0.8548 (epoch 123)
Best instance 0.9109, class 0.8548 (epoch 123)
2026-06-25 10:57:57,692 - INFO - Epoch 124/200:
Epoch 124/200:
2026-06-25 10:59:33,168 - INFO - Train loss: 0.8283 (95.5s)
Train loss: 0.8283 (95.5s)
2026-06-25 10:59:56,164 - INFO - Test instance 0.9076, class 0.8412
Test instance 0.9076, class 0.8412
2026-06-25 10:59:56,164 - INFO - Best instance 0.9109, class 0.8548 (epoch 123)
Best instance 0.9109, class 0.8548 (epoch 123)
2026-06-25 10:59:56,182 - INFO - Epoch 125/200:
Epoch 125/200:
2026-06-25 11:01:31,820 - INFO - Train loss: 0.8222 (95.6s)
Train loss: 0.8222 (95.6s)
2026-06-25 11:01:54,903 - INFO - Test instance 0.9056, class 0.8453
Test instance 0.9056, class 0.8453
2026-06-25 11:01:54,903 - INFO - Best instance 0.9109, class 0.8548 (epoch 123)
Best instance 0.9109, class 0.8548 (epoch 123)
2026-06-25 11:01:54,923 - INFO - Epoch 126/200:
Epoch 126/200:
2026-06-25 11:03:29,942 - INFO - Train loss: 0.8259 (95.0s)
Train loss: 0.8259 (95.0s)
2026-06-25 11:03:52,899 - INFO - Test instance 0.9096, class 0.8503
Test instance 0.9096, class 0.8503
2026-06-25 11:03:52,900 - INFO - Best instance 0.9109, class 0.8548 (epoch 123)
Best instance 0.9109, class 0.8548 (epoch 123)
2026-06-25 11:03:52,919 - INFO - Epoch 127/200:
Epoch 127/200:
2026-06-25 11:05:28,587 - INFO - Train loss: 0.8417 (95.7s)
Train loss: 0.8417 (95.7s)
2026-06-25 11:05:51,652 - INFO - Test instance 0.9105, class 0.8490
Test instance 0.9105, class 0.8490
2026-06-25 11:05:51,652 - INFO - Best instance 0.9109, class 0.8548 (epoch 123)
Best instance 0.9109, class 0.8548 (epoch 123)
2026-06-25 11:05:51,669 - INFO - Epoch 128/200:
Epoch 128/200:
2026-06-25 11:07:27,571 - INFO - Train loss: 0.8261 (95.9s)
Train loss: 0.8261 (95.9s)
2026-06-25 11:07:50,681 - INFO - Test instance 0.9088, class 0.8513
Test instance 0.9088, class 0.8513
2026-06-25 11:07:50,681 - INFO - Best instance 0.9109, class 0.8548 (epoch 123)
Best instance 0.9109, class 0.8548 (epoch 123)
2026-06-25 11:07:50,700 - INFO - Epoch 129/200:
Epoch 129/200:
2026-06-25 11:09:26,288 - INFO - Train loss: 0.8258 (95.6s)
Train loss: 0.8258 (95.6s)
2026-06-25 11:09:49,570 - INFO - Test instance 0.9084, class 0.8516
Test instance 0.9084, class 0.8516
2026-06-25 11:09:49,571 - INFO - Best instance 0.9109, class 0.8548 (epoch 123)
Best instance 0.9109, class 0.8548 (epoch 123)
2026-06-25 11:09:49,589 - INFO - Epoch 130/200:
Epoch 130/200:
2026-06-25 11:11:25,232 - INFO - Train loss: 0.8213 (95.6s)
Train loss: 0.8213 (95.6s)
2026-06-25 11:11:48,247 - INFO - Test instance 0.9100, class 0.8498
Test instance 0.9100, class 0.8498
2026-06-25 11:11:48,247 - INFO - Best instance 0.9109, class 0.8548 (epoch 123)
Best instance 0.9109, class 0.8548 (epoch 123)
2026-06-25 11:11:48,265 - INFO - Epoch 131/200:
Epoch 131/200:
2026-06-25 11:13:23,462 - INFO - Train loss: 0.8213 (95.2s)
Train loss: 0.8213 (95.2s)
2026-06-25 11:13:46,607 - INFO - Test instance 0.9084, class 0.8520
Test instance 0.9084, class 0.8520
2026-06-25 11:13:46,607 - INFO - Best instance 0.9109, class 0.8548 (epoch 123)
Best instance 0.9109, class 0.8548 (epoch 123)
2026-06-25 11:13:46,625 - INFO - Epoch 132/200:
Epoch 132/200:
2026-06-25 11:15:22,058 - INFO - Train loss: 0.8191 (95.4s)
Train loss: 0.8191 (95.4s)
2026-06-25 11:15:45,068 - INFO - Test instance 0.9100, class 0.8559
Test instance 0.9100, class 0.8559
2026-06-25 11:15:45,069 - INFO - Best instance 0.9109, class 0.8548 (epoch 123)
Best instance 0.9109, class 0.8548 (epoch 123)
2026-06-25 11:15:45,087 - INFO - Epoch 133/200:
Epoch 133/200:
2026-06-25 11:17:20,604 - INFO - Train loss: 0.8244 (95.5s)
Train loss: 0.8244 (95.5s)
2026-06-25 11:17:43,856 - INFO - Test instance 0.9080, class 0.8475
Test instance 0.9080, class 0.8475
2026-06-25 11:17:43,856 - INFO - Best instance 0.9109, class 0.8548 (epoch 123)
Best instance 0.9109, class 0.8548 (epoch 123)
2026-06-25 11:17:43,873 - INFO - Epoch 134/200:
Epoch 134/200:
2026-06-25 11:19:18,951 - INFO - Train loss: 0.8180 (95.1s)
Train loss: 0.8180 (95.1s)
2026-06-25 11:19:42,056 - INFO - Test instance 0.9121, class 0.8554
Test instance 0.9121, class 0.8554
2026-06-25 11:19:42,072 - INFO - Best instance 0.9121, class 0.8554 (epoch 134)
Best instance 0.9121, class 0.8554 (epoch 134)
2026-06-25 11:19:42,088 - INFO - Epoch 135/200:
Epoch 135/200:
2026-06-25 11:21:17,213 - INFO - Train loss: 0.8239 (95.1s)
Train loss: 0.8239 (95.1s)
2026-06-25 11:21:40,301 - INFO - Test instance 0.9109, class 0.8530
Test instance 0.9109, class 0.8530
2026-06-25 11:21:40,301 - INFO - Best instance 0.9121, class 0.8554 (epoch 134)
Best instance 0.9121, class 0.8554 (epoch 134)
2026-06-25 11:21:40,320 - INFO - Epoch 136/200:
Epoch 136/200:
2026-06-25 11:23:15,457 - INFO - Train loss: 0.8277 (95.1s)
Train loss: 0.8277 (95.1s)
2026-06-25 11:23:38,596 - INFO - Test instance 0.9125, class 0.8561
Test instance 0.9125, class 0.8561
2026-06-25 11:23:38,614 - INFO - Best instance 0.9125, class 0.8561 (epoch 136)
Best instance 0.9125, class 0.8561 (epoch 136)
2026-06-25 11:23:38,629 - INFO - Epoch 137/200:
Epoch 137/200:
2026-06-25 11:25:13,941 - INFO - Train loss: 0.8281 (95.3s)
Train loss: 0.8281 (95.3s)
2026-06-25 11:25:37,158 - INFO - Test instance 0.9072, class 0.8498
Test instance 0.9072, class 0.8498
2026-06-25 11:25:37,158 - INFO - Best instance 0.9125, class 0.8561 (epoch 136)
Best instance 0.9125, class 0.8561 (epoch 136)
2026-06-25 11:25:37,175 - INFO - Epoch 138/200:
Epoch 138/200:
2026-06-25 11:27:12,665 - INFO - Train loss: 0.8245 (95.5s)
Train loss: 0.8245 (95.5s)
2026-06-25 11:27:35,881 - INFO - Test instance 0.9052, class 0.8495
Test instance 0.9052, class 0.8495
2026-06-25 11:27:35,882 - INFO - Best instance 0.9125, class 0.8561 (epoch 136)
Best instance 0.9125, class 0.8561 (epoch 136)
2026-06-25 11:27:35,902 - INFO - Epoch 139/200:
Epoch 139/200:
2026-06-25 11:29:11,104 - INFO - Train loss: 0.8193 (95.2s)
Train loss: 0.8193 (95.2s)
2026-06-25 11:29:34,186 - INFO - Test instance 0.9096, class 0.8519
Test instance 0.9096, class 0.8519
2026-06-25 11:29:34,186 - INFO - Best instance 0.9125, class 0.8561 (epoch 136)
Best instance 0.9125, class 0.8561 (epoch 136)
2026-06-25 11:29:34,204 - INFO - Epoch 140/200:
Epoch 140/200:
2026-06-25 11:31:09,701 - INFO - Train loss: 0.8237 (95.5s)
Train loss: 0.8237 (95.5s)
2026-06-25 11:31:32,862 - INFO - Test instance 0.9141, class 0.8565
Test instance 0.9141, class 0.8565
2026-06-25 11:31:32,879 - INFO - Best instance 0.9141, class 0.8565 (epoch 140)
Best instance 0.9141, class 0.8565 (epoch 140)
2026-06-25 11:31:32,895 - INFO - Epoch 141/200:
Epoch 141/200:
2026-06-25 11:33:07,973 - INFO - Train loss: 0.8148 (95.1s)
Train loss: 0.8148 (95.1s)
2026-06-25 11:33:31,329 - INFO - Test instance 0.9121, class 0.8583
Test instance 0.9121, class 0.8583
2026-06-25 11:33:31,329 - INFO - Best instance 0.9141, class 0.8565 (epoch 140)
Best instance 0.9141, class 0.8565 (epoch 140)
2026-06-25 11:33:31,347 - INFO - Epoch 142/200:
Epoch 142/200:
2026-06-25 11:35:06,468 - INFO - Train loss: 0.8097 (95.1s)
Train loss: 0.8097 (95.1s)
2026-06-25 11:35:29,582 - INFO - Test instance 0.9080, class 0.8491
Test instance 0.9080, class 0.8491
2026-06-25 11:35:29,582 - INFO - Best instance 0.9141, class 0.8565 (epoch 140)
Best instance 0.9141, class 0.8565 (epoch 140)
2026-06-25 11:35:29,600 - INFO - Epoch 143/200:
Epoch 143/200:
2026-06-25 11:37:04,553 - INFO - Train loss: 0.8136 (95.0s)
Train loss: 0.8136 (95.0s)
2026-06-25 11:37:27,651 - INFO - Test instance 0.9125, class 0.8543
Test instance 0.9125, class 0.8543
2026-06-25 11:37:27,652 - INFO - Best instance 0.9141, class 0.8565 (epoch 140)
Best instance 0.9141, class 0.8565 (epoch 140)
2026-06-25 11:37:27,671 - INFO - Epoch 144/200:
Epoch 144/200:
2026-06-25 11:39:03,472 - INFO - Train loss: 0.8195 (95.8s)
Train loss: 0.8195 (95.8s)
2026-06-25 11:39:26,737 - INFO - Test instance 0.9117, class 0.8524
Test instance 0.9117, class 0.8524
2026-06-25 11:39:26,738 - INFO - Best instance 0.9141, class 0.8565 (epoch 140)
Best instance 0.9141, class 0.8565 (epoch 140)
2026-06-25 11:39:26,757 - INFO - Epoch 145/200:
Epoch 145/200:
2026-06-25 11:41:02,422 - INFO - Train loss: 0.8120 (95.7s)
Train loss: 0.8120 (95.7s)
2026-06-25 11:41:25,552 - INFO - Test instance 0.9088, class 0.8477
Test instance 0.9088, class 0.8477
2026-06-25 11:41:25,552 - INFO - Best instance 0.9141, class 0.8565 (epoch 140)
Best instance 0.9141, class 0.8565 (epoch 140)
2026-06-25 11:41:25,569 - INFO - Epoch 146/200:
Epoch 146/200:
2026-06-25 11:43:01,001 - INFO - Train loss: 0.8179 (95.4s)
Train loss: 0.8179 (95.4s)
2026-06-25 11:43:24,188 - INFO - Test instance 0.9100, class 0.8541
Test instance 0.9100, class 0.8541
2026-06-25 11:43:24,188 - INFO - Best instance 0.9141, class 0.8565 (epoch 140)
Best instance 0.9141, class 0.8565 (epoch 140)
2026-06-25 11:43:24,206 - INFO - Epoch 147/200:
Epoch 147/200:
2026-06-25 11:44:59,472 - INFO - Train loss: 0.8153 (95.3s)
Train loss: 0.8153 (95.3s)
2026-06-25 11:45:22,654 - INFO - Test instance 0.9125, class 0.8573
Test instance 0.9125, class 0.8573
2026-06-25 11:45:22,655 - INFO - Best instance 0.9141, class 0.8565 (epoch 140)
Best instance 0.9141, class 0.8565 (epoch 140)
2026-06-25 11:45:22,673 - INFO - Epoch 148/200:
Epoch 148/200:
2026-06-25 11:46:58,084 - INFO - Train loss: 0.8160 (95.4s)
Train loss: 0.8160 (95.4s)
2026-06-25 11:47:21,193 - INFO - Test instance 0.9109, class 0.8575
Test instance 0.9109, class 0.8575
2026-06-25 11:47:21,193 - INFO - Best instance 0.9141, class 0.8565 (epoch 140)
Best instance 0.9141, class 0.8565 (epoch 140)
2026-06-25 11:47:21,213 - INFO - Epoch 149/200:
Epoch 149/200:
2026-06-25 11:48:57,025 - INFO - Train loss: 0.8174 (95.8s)
Train loss: 0.8174 (95.8s)
2026-06-25 11:49:20,338 - INFO - Test instance 0.9105, class 0.8530
Test instance 0.9105, class 0.8530
2026-06-25 11:49:20,338 - INFO - Best instance 0.9141, class 0.8565 (epoch 140)
Best instance 0.9141, class 0.8565 (epoch 140)
2026-06-25 11:49:20,357 - INFO - Epoch 150/200:
Epoch 150/200:
2026-06-25 11:50:55,664 - INFO - Train loss: 0.8230 (95.3s)
Train loss: 0.8230 (95.3s)
2026-06-25 11:51:18,847 - INFO - Test instance 0.9105, class 0.8516
Test instance 0.9105, class 0.8516
2026-06-25 11:51:18,848 - INFO - Best instance 0.9141, class 0.8565 (epoch 140)
Best instance 0.9141, class 0.8565 (epoch 140)
2026-06-25 11:51:18,867 - INFO - Epoch 151/200:
Epoch 151/200:
2026-06-25 11:52:54,407 - INFO - Train loss: 0.8139 (95.5s)
Train loss: 0.8139 (95.5s)
2026-06-25 11:53:17,652 - INFO - Test instance 0.9161, class 0.8609
Test instance 0.9161, class 0.8609
2026-06-25 11:53:17,669 - INFO - Best instance 0.9161, class 0.8609 (epoch 151)
Best instance 0.9161, class 0.8609 (epoch 151)
2026-06-25 11:53:17,685 - INFO - Epoch 152/200:
Epoch 152/200:
2026-06-25 11:54:53,170 - INFO - Train loss: 0.8145 (95.5s)
Train loss: 0.8145 (95.5s)
2026-06-25 11:55:16,472 - INFO - Test instance 0.9149, class 0.8585
Test instance 0.9149, class 0.8585
2026-06-25 11:55:16,473 - INFO - Best instance 0.9161, class 0.8609 (epoch 151)
Best instance 0.9161, class 0.8609 (epoch 151)
2026-06-25 11:55:16,492 - INFO - Epoch 153/200:
Epoch 153/200:
2026-06-25 11:56:51,951 - INFO - Train loss: 0.8228 (95.5s)
Train loss: 0.8228 (95.5s)
2026-06-25 11:57:15,112 - INFO - Test instance 0.9084, class 0.8536
Test instance 0.9084, class 0.8536
2026-06-25 11:57:15,112 - INFO - Best instance 0.9161, class 0.8609 (epoch 151)
Best instance 0.9161, class 0.8609 (epoch 151)
2026-06-25 11:57:15,130 - INFO - Epoch 154/200:
Epoch 154/200:
2026-06-25 11:58:50,886 - INFO - Train loss: 0.8186 (95.8s)
Train loss: 0.8186 (95.8s)
2026-06-25 11:59:14,007 - INFO - Test instance 0.9088, class 0.8466
Test instance 0.9088, class 0.8466
2026-06-25 11:59:14,007 - INFO - Best instance 0.9161, class 0.8609 (epoch 151)
Best instance 0.9161, class 0.8609 (epoch 151)
2026-06-25 11:59:14,024 - INFO - Epoch 155/200:
Epoch 155/200:
2026-06-25 12:00:49,070 - INFO - Train loss: 0.8179 (95.0s)
Train loss: 0.8179 (95.0s)
2026-06-25 12:01:12,243 - INFO - Test instance 0.9084, class 0.8544
Test instance 0.9084, class 0.8544
2026-06-25 12:01:12,244 - INFO - Best instance 0.9161, class 0.8609 (epoch 151)
Best instance 0.9161, class 0.8609 (epoch 151)
2026-06-25 12:01:12,261 - INFO - Epoch 156/200:
Epoch 156/200:
2026-06-25 12:02:46,989 - INFO - Train loss: 0.8153 (94.7s)
Train loss: 0.8153 (94.7s)
2026-06-25 12:03:10,166 - INFO - Test instance 0.9109, class 0.8546
Test instance 0.9109, class 0.8546
2026-06-25 12:03:10,167 - INFO - Best instance 0.9161, class 0.8609 (epoch 151)
Best instance 0.9161, class 0.8609 (epoch 151)
2026-06-25 12:03:10,185 - INFO - Epoch 157/200:
Epoch 157/200:
2026-06-25 12:04:45,374 - INFO - Train loss: 0.8230 (95.2s)
Train loss: 0.8230 (95.2s)
2026-06-25 12:05:08,652 - INFO - Test instance 0.9113, class 0.8534
Test instance 0.9113, class 0.8534
2026-06-25 12:05:08,652 - INFO - Best instance 0.9161, class 0.8609 (epoch 151)
Best instance 0.9161, class 0.8609 (epoch 151)
2026-06-25 12:05:08,672 - INFO - Epoch 158/200:
Epoch 158/200:
2026-06-25 12:06:44,391 - INFO - Train loss: 0.8112 (95.7s)
Train loss: 0.8112 (95.7s)
2026-06-25 12:07:07,531 - INFO - Test instance 0.9092, class 0.8533
Test instance 0.9092, class 0.8533
2026-06-25 12:07:07,542 - INFO - Best instance 0.9161, class 0.8609 (epoch 151)
Best instance 0.9161, class 0.8609 (epoch 151)
2026-06-25 12:07:07,562 - INFO - Epoch 159/200:
Epoch 159/200:
2026-06-25 12:08:43,314 - INFO - Train loss: 0.8219 (95.8s)
Train loss: 0.8219 (95.8s)
2026-06-25 12:09:06,494 - INFO - Test instance 0.9141, class 0.8574
Test instance 0.9141, class 0.8574
2026-06-25 12:09:06,494 - INFO - Best instance 0.9161, class 0.8609 (epoch 151)
Best instance 0.9161, class 0.8609 (epoch 151)
2026-06-25 12:09:06,512 - INFO - Epoch 160/200:
Epoch 160/200:
2026-06-25 12:10:41,800 - INFO - Train loss: 0.8198 (95.3s)
Train loss: 0.8198 (95.3s)
2026-06-25 12:11:04,891 - INFO - Test instance 0.9125, class 0.8498
Test instance 0.9125, class 0.8498
2026-06-25 12:11:04,891 - INFO - Best instance 0.9161, class 0.8609 (epoch 151)
Best instance 0.9161, class 0.8609 (epoch 151)
2026-06-25 12:11:04,909 - INFO - Epoch 161/200:
Epoch 161/200:
2026-06-25 12:12:40,196 - INFO - Train loss: 0.8141 (95.3s)
Train loss: 0.8141 (95.3s)
2026-06-25 12:13:03,285 - INFO - Test instance 0.9113, class 0.8559
Test instance 0.9113, class 0.8559
2026-06-25 12:13:03,285 - INFO - Best instance 0.9161, class 0.8609 (epoch 151)
Best instance 0.9161, class 0.8609 (epoch 151)
2026-06-25 12:13:03,305 - INFO - Epoch 162/200:
Epoch 162/200:
2026-06-25 12:14:39,046 - INFO - Train loss: 0.8107 (95.7s)
Train loss: 0.8107 (95.7s)
2026-06-25 12:15:02,174 - INFO - Test instance 0.9100, class 0.8560
Test instance 0.9100, class 0.8560
2026-06-25 12:15:02,175 - INFO - Best instance 0.9161, class 0.8609 (epoch 151)
Best instance 0.9161, class 0.8609 (epoch 151)
2026-06-25 12:15:02,193 - INFO - Epoch 163/200:
Epoch 163/200:
2026-06-25 12:16:37,755 - INFO - Train loss: 0.8114 (95.6s)
Train loss: 0.8114 (95.6s)
2026-06-25 12:17:00,806 - INFO - Test instance 0.9133, class 0.8600
Test instance 0.9133, class 0.8600
2026-06-25 12:17:00,807 - INFO - Best instance 0.9161, class 0.8609 (epoch 151)
Best instance 0.9161, class 0.8609 (epoch 151)
2026-06-25 12:17:00,824 - INFO - Epoch 164/200:
Epoch 164/200:
2026-06-25 12:18:36,635 - INFO - Train loss: 0.8067 (95.8s)
Train loss: 0.8067 (95.8s)
2026-06-25 12:19:00,486 - INFO - Test instance 0.9105, class 0.8572
Test instance 0.9105, class 0.8572
2026-06-25 12:19:00,486 - INFO - Best instance 0.9161, class 0.8609 (epoch 151)
Best instance 0.9161, class 0.8609 (epoch 151)
2026-06-25 12:19:00,507 - INFO - Epoch 165/200:
Epoch 165/200:
2026-06-25 12:20:36,162 - INFO - Train loss: 0.8070 (95.7s)
Train loss: 0.8070 (95.7s)
2026-06-25 12:20:59,667 - INFO - Test instance 0.9125, class 0.8586
Test instance 0.9125, class 0.8586
2026-06-25 12:20:59,667 - INFO - Best instance 0.9161, class 0.8609 (epoch 151)
Best instance 0.9161, class 0.8609 (epoch 151)
2026-06-25 12:20:59,687 - INFO - Epoch 166/200:
Epoch 166/200:
2026-06-25 12:22:35,284 - INFO - Train loss: 0.8138 (95.6s)
Train loss: 0.8138 (95.6s)
2026-06-25 12:22:58,895 - INFO - Test instance 0.9113, class 0.8588
Test instance 0.9113, class 0.8588
2026-06-25 12:22:58,895 - INFO - Best instance 0.9161, class 0.8609 (epoch 151)
Best instance 0.9161, class 0.8609 (epoch 151)
2026-06-25 12:22:58,913 - INFO - Epoch 167/200:
Epoch 167/200:
2026-06-25 12:24:35,183 - INFO - Train loss: 0.8153 (96.3s)
Train loss: 0.8153 (96.3s)
2026-06-25 12:24:58,290 - INFO - Test instance 0.9121, class 0.8568
Test instance 0.9121, class 0.8568
2026-06-25 12:24:58,290 - INFO - Best instance 0.9161, class 0.8609 (epoch 151)
Best instance 0.9161, class 0.8609 (epoch 151)
2026-06-25 12:24:58,309 - INFO - Epoch 168/200:
Epoch 168/200:
2026-06-25 12:26:34,024 - INFO - Train loss: 0.8049 (95.7s)
Train loss: 0.8049 (95.7s)
2026-06-25 12:26:57,105 - INFO - Test instance 0.9117, class 0.8585
Test instance 0.9117, class 0.8585
2026-06-25 12:26:57,105 - INFO - Best instance 0.9161, class 0.8609 (epoch 151)
Best instance 0.9161, class 0.8609 (epoch 151)
2026-06-25 12:26:57,123 - INFO - Epoch 169/200:
Epoch 169/200:
2026-06-25 12:28:32,259 - INFO - Train loss: 0.8103 (95.1s)
Train loss: 0.8103 (95.1s)
2026-06-25 12:28:55,416 - INFO - Test instance 0.9117, class 0.8569
Test instance 0.9117, class 0.8569
2026-06-25 12:28:55,418 - INFO - Best instance 0.9161, class 0.8609 (epoch 151)
Best instance 0.9161, class 0.8609 (epoch 151)
2026-06-25 12:28:55,440 - INFO - Epoch 170/200:
Epoch 170/200:
2026-06-25 12:30:31,024 - INFO - Train loss: 0.8129 (95.6s)
Train loss: 0.8129 (95.6s)
2026-06-25 12:30:53,983 - INFO - Test instance 0.9121, class 0.8545
Test instance 0.9121, class 0.8545
2026-06-25 12:30:53,983 - INFO - Best instance 0.9161, class 0.8609 (epoch 151)
Best instance 0.9161, class 0.8609 (epoch 151)
2026-06-25 12:30:54,020 - INFO - Epoch 171/200:
Epoch 171/200:
2026-06-25 12:32:29,341 - INFO - Train loss: 0.8090 (95.3s)
Train loss: 0.8090 (95.3s)
2026-06-25 12:32:52,536 - INFO - Test instance 0.9137, class 0.8625
Test instance 0.9137, class 0.8625
2026-06-25 12:32:52,537 - INFO - Best instance 0.9161, class 0.8609 (epoch 151)
Best instance 0.9161, class 0.8609 (epoch 151)
2026-06-25 12:32:52,554 - INFO - Epoch 172/200:
Epoch 172/200:
2026-06-25 12:34:28,381 - INFO - Train loss: 0.8050 (95.8s)
Train loss: 0.8050 (95.8s)
2026-06-25 12:34:51,365 - INFO - Test instance 0.9096, class 0.8547
Test instance 0.9096, class 0.8547
2026-06-25 12:34:51,366 - INFO - Best instance 0.9161, class 0.8609 (epoch 151)
Best instance 0.9161, class 0.8609 (epoch 151)
2026-06-25 12:34:51,386 - INFO - Epoch 173/200:
Epoch 173/200:
2026-06-25 12:36:26,806 - INFO - Train loss: 0.8095 (95.4s)
Train loss: 0.8095 (95.4s)
2026-06-25 12:36:49,873 - INFO - Test instance 0.9121, class 0.8566
Test instance 0.9121, class 0.8566
2026-06-25 12:36:49,873 - INFO - Best instance 0.9161, class 0.8609 (epoch 151)
Best instance 0.9161, class 0.8609 (epoch 151)
2026-06-25 12:36:49,893 - INFO - Epoch 174/200:
Epoch 174/200:
2026-06-25 12:38:25,697 - INFO - Train loss: 0.8077 (95.8s)
Train loss: 0.8077 (95.8s)
2026-06-25 12:38:48,819 - INFO - Test instance 0.9113, class 0.8607
Test instance 0.9113, class 0.8607
2026-06-25 12:38:48,820 - INFO - Best instance 0.9161, class 0.8609 (epoch 151)
Best instance 0.9161, class 0.8609 (epoch 151)
2026-06-25 12:38:48,839 - INFO - Epoch 175/200:
Epoch 175/200:
2026-06-25 12:40:24,494 - INFO - Train loss: 0.8117 (95.7s)
Train loss: 0.8117 (95.7s)
2026-06-25 12:40:47,544 - INFO - Test instance 0.9141, class 0.8628
Test instance 0.9141, class 0.8628
2026-06-25 12:40:47,545 - INFO - Best instance 0.9161, class 0.8609 (epoch 151)
Best instance 0.9161, class 0.8609 (epoch 151)
2026-06-25 12:40:47,565 - INFO - Epoch 176/200:
Epoch 176/200:
2026-06-25 12:42:22,550 - INFO - Train loss: 0.8226 (95.0s)
Train loss: 0.8226 (95.0s)
2026-06-25 12:42:45,605 - INFO - Test instance 0.9125, class 0.8557
Test instance 0.9125, class 0.8557
2026-06-25 12:42:45,605 - INFO - Best instance 0.9161, class 0.8609 (epoch 151)
Best instance 0.9161, class 0.8609 (epoch 151)
2026-06-25 12:42:45,624 - INFO - Epoch 177/200:
Epoch 177/200:
2026-06-25 12:44:20,949 - INFO - Train loss: 0.8026 (95.3s)
Train loss: 0.8026 (95.3s)
2026-06-25 12:44:44,183 - INFO - Test instance 0.9125, class 0.8537
Test instance 0.9125, class 0.8537
2026-06-25 12:44:44,183 - INFO - Best instance 0.9161, class 0.8609 (epoch 151)
Best instance 0.9161, class 0.8609 (epoch 151)
2026-06-25 12:44:44,200 - INFO - Epoch 178/200:
Epoch 178/200:
2026-06-25 12:46:19,281 - INFO - Train loss: 0.8070 (95.1s)
Train loss: 0.8070 (95.1s)
2026-06-25 12:46:42,595 - INFO - Test instance 0.9109, class 0.8528
Test instance 0.9109, class 0.8528
2026-06-25 12:46:42,596 - INFO - Best instance 0.9161, class 0.8609 (epoch 151)
Best instance 0.9161, class 0.8609 (epoch 151)
2026-06-25 12:46:42,613 - INFO - Epoch 179/200:
Epoch 179/200:
2026-06-25 12:48:18,151 - INFO - Train loss: 0.8157 (95.5s)
Train loss: 0.8157 (95.5s)
2026-06-25 12:48:41,230 - INFO - Test instance 0.9133, class 0.8579
Test instance 0.9133, class 0.8579
2026-06-25 12:48:41,230 - INFO - Best instance 0.9161, class 0.8609 (epoch 151)
Best instance 0.9161, class 0.8609 (epoch 151)
2026-06-25 12:48:41,248 - INFO - Epoch 180/200:
Epoch 180/200:
2026-06-25 12:50:16,639 - INFO - Train loss: 0.8131 (95.4s)
Train loss: 0.8131 (95.4s)
2026-06-25 12:50:39,699 - INFO - Test instance 0.9117, class 0.8590
Test instance 0.9117, class 0.8590
2026-06-25 12:50:39,699 - INFO - Best instance 0.9161, class 0.8609 (epoch 151)
Best instance 0.9161, class 0.8609 (epoch 151)
2026-06-25 12:50:39,718 - INFO - Epoch 181/200:
Epoch 181/200:
2026-06-25 12:52:15,369 - INFO - Train loss: 0.8097 (95.7s)
Train loss: 0.8097 (95.7s)
2026-06-25 12:52:38,571 - INFO - Test instance 0.9109, class 0.8555
Test instance 0.9109, class 0.8555
2026-06-25 12:52:38,571 - INFO - Best instance 0.9161, class 0.8609 (epoch 151)
Best instance 0.9161, class 0.8609 (epoch 151)
2026-06-25 12:52:38,590 - INFO - Epoch 182/200:
Epoch 182/200:
2026-06-25 12:54:14,538 - INFO - Train loss: 0.8024 (95.9s)
Train loss: 0.8024 (95.9s)
2026-06-25 12:54:37,654 - INFO - Test instance 0.9141, class 0.8613
Test instance 0.9141, class 0.8613
2026-06-25 12:54:37,654 - INFO - Best instance 0.9161, class 0.8609 (epoch 151)
Best instance 0.9161, class 0.8609 (epoch 151)
2026-06-25 12:54:37,673 - INFO - Epoch 183/200:
Epoch 183/200:
2026-06-25 12:56:13,035 - INFO - Train loss: 0.8067 (95.4s)
Train loss: 0.8067 (95.4s)
2026-06-25 12:56:36,116 - INFO - Test instance 0.9105, class 0.8543
Test instance 0.9105, class 0.8543
2026-06-25 12:56:36,117 - INFO - Best instance 0.9161, class 0.8609 (epoch 151)
Best instance 0.9161, class 0.8609 (epoch 151)
2026-06-25 12:56:36,135 - INFO - Epoch 184/200:
Epoch 184/200:
2026-06-25 12:58:11,662 - INFO - Train loss: 0.8074 (95.5s)
Train loss: 0.8074 (95.5s)
2026-06-25 12:58:34,789 - INFO - Test instance 0.9137, class 0.8588
Test instance 0.9137, class 0.8588
2026-06-25 12:58:34,789 - INFO - Best instance 0.9161, class 0.8609 (epoch 151)
Best instance 0.9161, class 0.8609 (epoch 151)
2026-06-25 12:58:34,808 - INFO - Epoch 185/200:
Epoch 185/200:
2026-06-25 13:00:10,344 - INFO - Train loss: 0.8013 (95.5s)
Train loss: 0.8013 (95.5s)
2026-06-25 13:00:33,456 - INFO - Test instance 0.9113, class 0.8532
Test instance 0.9113, class 0.8532
2026-06-25 13:00:33,457 - INFO - Best instance 0.9161, class 0.8609 (epoch 151)
Best instance 0.9161, class 0.8609 (epoch 151)
2026-06-25 13:00:33,476 - INFO - Epoch 186/200:
Epoch 186/200:
2026-06-25 13:02:09,106 - INFO - Train loss: 0.8134 (95.6s)
Train loss: 0.8134 (95.6s)
2026-06-25 13:02:32,318 - INFO - Test instance 0.9105, class 0.8570
Test instance 0.9105, class 0.8570
2026-06-25 13:02:32,318 - INFO - Best instance 0.9161, class 0.8609 (epoch 151)
Best instance 0.9161, class 0.8609 (epoch 151)
2026-06-25 13:02:32,337 - INFO - Epoch 187/200:
Epoch 187/200:
2026-06-25 13:04:07,576 - INFO - Train loss: 0.8078 (95.2s)
Train loss: 0.8078 (95.2s)
2026-06-25 13:04:30,759 - INFO - Test instance 0.9100, class 0.8550
Test instance 0.9100, class 0.8550
2026-06-25 13:04:30,759 - INFO - Best instance 0.9161, class 0.8609 (epoch 151)
Best instance 0.9161, class 0.8609 (epoch 151)
2026-06-25 13:04:30,779 - INFO - Epoch 188/200:
Epoch 188/200:
2026-06-25 13:06:06,189 - INFO - Train loss: 0.8012 (95.4s)
Train loss: 0.8012 (95.4s)
2026-06-25 13:06:29,331 - INFO - Test instance 0.9109, class 0.8575
Test instance 0.9109, class 0.8575
2026-06-25 13:06:29,331 - INFO - Best instance 0.9161, class 0.8609 (epoch 151)
Best instance 0.9161, class 0.8609 (epoch 151)
2026-06-25 13:06:29,353 - INFO - Epoch 189/200:
Epoch 189/200:
2026-06-25 13:08:04,794 - INFO - Train loss: 0.8035 (95.4s)
Train loss: 0.8035 (95.4s)
2026-06-25 13:08:27,872 - INFO - Test instance 0.9113, class 0.8557
Test instance 0.9113, class 0.8557
2026-06-25 13:08:27,872 - INFO - Best instance 0.9161, class 0.8609 (epoch 151)
Best instance 0.9161, class 0.8609 (epoch 151)
2026-06-25 13:08:27,899 - INFO - Epoch 190/200:
Epoch 190/200:
2026-06-25 13:10:03,195 - INFO - Train loss: 0.8065 (95.3s)
Train loss: 0.8065 (95.3s)
2026-06-25 13:10:26,324 - INFO - Test instance 0.9121, class 0.8583
Test instance 0.9121, class 0.8583
2026-06-25 13:10:26,324 - INFO - Best instance 0.9161, class 0.8609 (epoch 151)
Best instance 0.9161, class 0.8609 (epoch 151)
2026-06-25 13:10:26,344 - INFO - Epoch 191/200:
Epoch 191/200:
2026-06-25 13:12:01,907 - INFO - Train loss: 0.7994 (95.6s)
Train loss: 0.7994 (95.6s)
2026-06-25 13:12:25,261 - INFO - Test instance 0.9109, class 0.8583
Test instance 0.9109, class 0.8583
2026-06-25 13:12:25,262 - INFO - Best instance 0.9161, class 0.8609 (epoch 151)
Best instance 0.9161, class 0.8609 (epoch 151)
2026-06-25 13:12:25,283 - INFO - Epoch 192/200:
Epoch 192/200:
2026-06-25 13:14:00,392 - INFO - Train loss: 0.8050 (95.1s)
Train loss: 0.8050 (95.1s)
2026-06-25 13:14:23,603 - INFO - Test instance 0.9129, class 0.8560
Test instance 0.9129, class 0.8560
2026-06-25 13:14:23,603 - INFO - Best instance 0.9161, class 0.8609 (epoch 151)
Best instance 0.9161, class 0.8609 (epoch 151)
2026-06-25 13:14:23,621 - INFO - Epoch 193/200:
Epoch 193/200:
2026-06-25 13:15:58,800 - INFO - Train loss: 0.8080 (95.2s)
Train loss: 0.8080 (95.2s)
2026-06-25 13:16:21,968 - INFO - Test instance 0.9105, class 0.8534
Test instance 0.9105, class 0.8534
2026-06-25 13:16:21,968 - INFO - Best instance 0.9161, class 0.8609 (epoch 151)
Best instance 0.9161, class 0.8609 (epoch 151)
2026-06-25 13:16:21,986 - INFO - Epoch 194/200:
Epoch 194/200:
2026-06-25 13:17:57,254 - INFO - Train loss: 0.8013 (95.3s)
Train loss: 0.8013 (95.3s)
2026-06-25 13:18:20,454 - INFO - Test instance 0.9092, class 0.8522
Test instance 0.9092, class 0.8522
2026-06-25 13:18:20,455 - INFO - Best instance 0.9161, class 0.8609 (epoch 151)
Best instance 0.9161, class 0.8609 (epoch 151)
2026-06-25 13:18:20,472 - INFO - Epoch 195/200:
Epoch 195/200:
2026-06-25 13:19:55,437 - INFO - Train loss: 0.8069 (95.0s)
Train loss: 0.8069 (95.0s)
2026-06-25 13:20:18,745 - INFO - Test instance 0.9149, class 0.8598
Test instance 0.9149, class 0.8598
2026-06-25 13:20:18,746 - INFO - Best instance 0.9161, class 0.8609 (epoch 151)
Best instance 0.9161, class 0.8609 (epoch 151)
2026-06-25 13:20:18,764 - INFO - Epoch 196/200:
Epoch 196/200:
2026-06-25 13:21:53,982 - INFO - Train loss: 0.8037 (95.2s)
Train loss: 0.8037 (95.2s)
2026-06-25 13:22:17,254 - INFO - Test instance 0.9113, class 0.8569
Test instance 0.9113, class 0.8569
2026-06-25 13:22:17,255 - INFO - Best instance 0.9161, class 0.8609 (epoch 151)
Best instance 0.9161, class 0.8609 (epoch 151)
2026-06-25 13:22:17,273 - INFO - Epoch 197/200:
Epoch 197/200:
2026-06-25 13:23:52,629 - INFO - Train loss: 0.7963 (95.4s)
Train loss: 0.7963 (95.4s)
2026-06-25 13:24:15,789 - INFO - Test instance 0.9117, class 0.8581
Test instance 0.9117, class 0.8581
2026-06-25 13:24:15,789 - INFO - Best instance 0.9161, class 0.8609 (epoch 151)
Best instance 0.9161, class 0.8609 (epoch 151)
2026-06-25 13:24:15,807 - INFO - Epoch 198/200:
Epoch 198/200:
2026-06-25 13:25:50,950 - INFO - Train loss: 0.7986 (95.1s)
Train loss: 0.7986 (95.1s)
2026-06-25 13:26:14,085 - INFO - Test instance 0.9153, class 0.8645
Test instance 0.9153, class 0.8645
2026-06-25 13:26:14,087 - INFO - Best instance 0.9161, class 0.8609 (epoch 151)
Best instance 0.9161, class 0.8609 (epoch 151)
2026-06-25 13:26:14,104 - INFO - Epoch 199/200:
Epoch 199/200:
2026-06-25 13:27:49,374 - INFO - Train loss: 0.8134 (95.3s)
Train loss: 0.8134 (95.3s)
2026-06-25 13:28:12,731 - INFO - Test instance 0.9088, class 0.8530
Test instance 0.9088, class 0.8530
2026-06-25 13:28:12,731 - INFO - Best instance 0.9161, class 0.8609 (epoch 151)
Best instance 0.9161, class 0.8609 (epoch 151)
2026-06-25 13:28:12,749 - INFO - Epoch 200/200:
Epoch 200/200:
2026-06-25 13:29:48,200 - INFO - Train loss: 0.8020 (95.5s)
Train loss: 0.8020 (95.5s)
2026-06-25 13:30:11,494 - INFO - Test instance 0.9105, class 0.8552
Test instance 0.9105, class 0.8552
2026-06-25 13:30:11,495 - INFO - Best instance 0.9161, class 0.8609 (epoch 151)
Best instance 0.9161, class 0.8609 (epoch 151)
2026-06-25 13:30:52,574 - INFO - Student 1.44 MB, 117.20 ms
Student 1.44 MB, 117.20 ms
