[Thu Jun 25 00:17:58 EDT 2026] task 58 on GPU 0: python flkd/advanced_kd_train_classification.py --teacher_model pointnet2_cls_ssg --student_model small_pointnet2 --kd_strategy sp --dataset modelnet40 --seed 42 --batch_size 48 --epoch 200 --num_point 1024 --teacher_path "outputs/modelnet40/flkd/federated/classification/fl_pointnet2_cls_ssg_fedprox_s42/checkpoints/best_model.pth" --log_dir kd_pointnet2_cls_ssg_fedprox+sp_small_pointnet2_s42 --beta 0.5 --data_root data --output_root outputs --num_workers -1 --max_runtime_hours 166.0
The size of train data is 9843
The size of test data is 2468
Loaded teacher from outputs/modelnet40/flkd/federated/classification/fl_pointnet2_cls_ssg_fedprox_s42/checkpoints/best_model.pth
2026-06-25 00:18:00,753 - INFO - PARAMETER ...
2026-06-25 00:18:00,754 - INFO - {'use_cpu': False, 'no_amp': False, 'gpu': '0', 'num_workers': -1, 'batch_size': 48, 'teacher_model': 'pointnet2_cls_ssg', 'student_model': 'small_pointnet2', 'num_category': 40, 'dataset': 'modelnet40', 'data_root': 'data', 'output_root': 'outputs', 'train_split': 0.8, 'dataset_seed': 0, 'cache_dataset': True, 'min_class_samples': 1, 'epoch': 200, 'learning_rate': 0.001, 'num_point': 1024, 'optimizer': 'Adam', 'log_dir': 'kd_pointnet2_cls_ssg_fedprox+sp_small_pointnet2_s42', 'decay_rate': 0.0001, 'use_normals': False, 'process_data': False, 'use_uniform_sample': False, 'resume': True, 'kd_strategy': 'sp', 'alpha': 0.5, 'temperature': 2.0, 'beta': 0.5, 'dkd_alpha': 1.0, 'dkd_beta': 8.0, 'crd_temperature': 0.07, 'teacher_path': 'outputs/modelnet40/flkd/federated/classification/fl_pointnet2_cls_ssg_fedprox_s42/checkpoints/best_model.pth', 'teacher_paths': None, 'teacher_weights': None, 'use_hard_labels': 'on', 'unlabeled': False, 'temperature_sweep': None, 'seed': 42, 'max_runtime_hours': 166.0}
2026-06-25 00:18:00,772 - INFO - KD=sp student=small_pointnet2 AMP=False use_hard=True unlabeled=False T=2.0
KD=sp student=small_pointnet2 AMP=False use_hard=True unlabeled=False T=2.0
2026-06-25 00:18:07,564 - INFO - Epoch 1/200:
Epoch 1/200:
2026-06-25 00:20:07,533 - INFO - Train loss: 0.3665 (120.0s)
Train loss: 0.3665 (120.0s)
2026-06-25 00:20:35,210 - INFO - Test instance 0.3493, class 0.3000
Test instance 0.3493, class 0.3000
2026-06-25 00:20:35,240 - INFO - Best instance 0.3493, class 0.3000 (epoch 1)
Best instance 0.3493, class 0.3000 (epoch 1)
2026-06-25 00:20:35,259 - INFO - Epoch 2/200:
Epoch 2/200:
2026-06-25 00:22:20,421 - INFO - Train loss: 0.1927 (105.2s)
Train loss: 0.1927 (105.2s)
2026-06-25 00:22:47,076 - INFO - Test instance 0.4692, class 0.4073
Test instance 0.4692, class 0.4073
2026-06-25 00:22:47,101 - INFO - Best instance 0.4692, class 0.4073 (epoch 2)
Best instance 0.4692, class 0.4073 (epoch 2)
2026-06-25 00:22:47,119 - INFO - Epoch 3/200:
Epoch 3/200:
2026-06-25 00:24:33,397 - INFO - Train loss: 0.1494 (106.3s)
Train loss: 0.1494 (106.3s)
2026-06-25 00:25:00,327 - INFO - Test instance 0.5340, class 0.4669
Test instance 0.5340, class 0.4669
2026-06-25 00:25:00,353 - INFO - Best instance 0.5340, class 0.4669 (epoch 3)
Best instance 0.5340, class 0.4669 (epoch 3)
2026-06-25 00:25:00,370 - INFO - Epoch 4/200:
Epoch 4/200:
2026-06-25 00:26:46,090 - INFO - Train loss: 0.1292 (105.7s)
Train loss: 0.1292 (105.7s)
2026-06-25 00:27:13,828 - INFO - Test instance 0.5608, class 0.5044
Test instance 0.5608, class 0.5044
2026-06-25 00:27:13,853 - INFO - Best instance 0.5608, class 0.5044 (epoch 4)
Best instance 0.5608, class 0.5044 (epoch 4)
2026-06-25 00:27:13,871 - INFO - Epoch 5/200:
Epoch 5/200:
2026-06-25 00:28:59,215 - INFO - Train loss: 0.1161 (105.3s)
Train loss: 0.1161 (105.3s)
2026-06-25 00:29:26,509 - INFO - Test instance 0.5798, class 0.5025
Test instance 0.5798, class 0.5025
2026-06-25 00:29:26,535 - INFO - Best instance 0.5798, class 0.5025 (epoch 5)
Best instance 0.5798, class 0.5025 (epoch 5)
2026-06-25 00:29:26,552 - INFO - Epoch 6/200:
Epoch 6/200:
2026-06-25 00:31:14,152 - INFO - Train loss: 0.1080 (107.6s)
Train loss: 0.1080 (107.6s)
2026-06-25 00:31:41,333 - INFO - Test instance 0.5733, class 0.5171
Test instance 0.5733, class 0.5171
2026-06-25 00:31:41,336 - INFO - Best instance 0.5798, class 0.5025 (epoch 5)
Best instance 0.5798, class 0.5025 (epoch 5)
2026-06-25 00:31:41,356 - INFO - Epoch 7/200:
Epoch 7/200:
2026-06-25 00:33:28,425 - INFO - Train loss: 0.1052 (107.1s)
Train loss: 0.1052 (107.1s)
2026-06-25 00:33:54,936 - INFO - Test instance 0.5944, class 0.5197
Test instance 0.5944, class 0.5197
2026-06-25 00:33:54,959 - INFO - Best instance 0.5944, class 0.5197 (epoch 7)
Best instance 0.5944, class 0.5197 (epoch 7)
2026-06-25 00:33:54,975 - INFO - Epoch 8/200:
Epoch 8/200:
2026-06-25 00:35:42,238 - INFO - Train loss: 0.1016 (107.3s)
Train loss: 0.1016 (107.3s)
2026-06-25 00:36:09,092 - INFO - Test instance 0.6155, class 0.5556
Test instance 0.6155, class 0.5556
2026-06-25 00:36:09,112 - INFO - Best instance 0.6155, class 0.5556 (epoch 8)
Best instance 0.6155, class 0.5556 (epoch 8)
2026-06-25 00:36:09,128 - INFO - Epoch 9/200:
Epoch 9/200:
2026-06-25 00:37:55,846 - INFO - Train loss: 0.1010 (106.7s)
Train loss: 0.1010 (106.7s)
2026-06-25 00:38:22,818 - INFO - Test instance 0.6252, class 0.5586
Test instance 0.6252, class 0.5586
2026-06-25 00:38:22,840 - INFO - Best instance 0.6252, class 0.5586 (epoch 9)
Best instance 0.6252, class 0.5586 (epoch 9)
2026-06-25 00:38:22,857 - INFO - Epoch 10/200:
Epoch 10/200:
2026-06-25 00:40:09,445 - INFO - Train loss: 0.0962 (106.6s)
Train loss: 0.0962 (106.6s)
2026-06-25 00:40:36,263 - INFO - Test instance 0.6199, class 0.5837
Test instance 0.6199, class 0.5837
2026-06-25 00:40:36,266 - INFO - Best instance 0.6252, class 0.5586 (epoch 9)
Best instance 0.6252, class 0.5586 (epoch 9)
2026-06-25 00:40:36,287 - INFO - Epoch 11/200:
Epoch 11/200:
2026-06-25 00:42:23,428 - INFO - Train loss: 0.0966 (107.1s)
Train loss: 0.0966 (107.1s)
2026-06-25 00:42:50,411 - INFO - Test instance 0.6199, class 0.5546
Test instance 0.6199, class 0.5546
2026-06-25 00:42:50,414 - INFO - Best instance 0.6252, class 0.5586 (epoch 9)
Best instance 0.6252, class 0.5586 (epoch 9)
2026-06-25 00:42:50,433 - INFO - Epoch 12/200:
Epoch 12/200:
2026-06-25 00:44:37,845 - INFO - Train loss: 0.0948 (107.4s)
Train loss: 0.0948 (107.4s)
2026-06-25 00:45:04,720 - INFO - Test instance 0.6414, class 0.5940
Test instance 0.6414, class 0.5940
2026-06-25 00:45:04,741 - INFO - Best instance 0.6414, class 0.5940 (epoch 12)
Best instance 0.6414, class 0.5940 (epoch 12)
2026-06-25 00:45:04,758 - INFO - Epoch 13/200:
Epoch 13/200:
2026-06-25 00:46:51,760 - INFO - Train loss: 0.0942 (107.0s)
Train loss: 0.0942 (107.0s)
2026-06-25 00:47:18,873 - INFO - Test instance 0.6126, class 0.5591
Test instance 0.6126, class 0.5591
2026-06-25 00:47:18,876 - INFO - Best instance 0.6414, class 0.5940 (epoch 12)
Best instance 0.6414, class 0.5940 (epoch 12)
2026-06-25 00:47:18,897 - INFO - Epoch 14/200:
Epoch 14/200:
2026-06-25 00:49:05,326 - INFO - Train loss: 0.0944 (106.4s)
Train loss: 0.0944 (106.4s)
2026-06-25 00:49:32,238 - INFO - Test instance 0.6301, class 0.5596
Test instance 0.6301, class 0.5596
2026-06-25 00:49:32,241 - INFO - Best instance 0.6414, class 0.5940 (epoch 12)
Best instance 0.6414, class 0.5940 (epoch 12)
2026-06-25 00:49:32,262 - INFO - Epoch 15/200:
Epoch 15/200:
2026-06-25 00:51:19,537 - INFO - Train loss: 0.0932 (107.3s)
Train loss: 0.0932 (107.3s)
2026-06-25 00:51:46,273 - INFO - Test instance 0.6276, class 0.5579
Test instance 0.6276, class 0.5579
2026-06-25 00:51:46,277 - INFO - Best instance 0.6414, class 0.5940 (epoch 12)
Best instance 0.6414, class 0.5940 (epoch 12)
2026-06-25 00:51:46,298 - INFO - Epoch 16/200:
Epoch 16/200:
2026-06-25 00:53:31,620 - INFO - Train loss: 0.0928 (105.3s)
Train loss: 0.0928 (105.3s)
2026-06-25 00:53:58,271 - INFO - Test instance 0.6394, class 0.5566
Test instance 0.6394, class 0.5566
2026-06-25 00:53:58,274 - INFO - Best instance 0.6414, class 0.5940 (epoch 12)
Best instance 0.6414, class 0.5940 (epoch 12)
2026-06-25 00:53:58,299 - INFO - Epoch 17/200:
Epoch 17/200:
2026-06-25 00:55:43,859 - INFO - Train loss: 0.0921 (105.6s)
Train loss: 0.0921 (105.6s)
2026-06-25 00:56:10,853 - INFO - Test instance 0.6507, class 0.6035
Test instance 0.6507, class 0.6035
2026-06-25 00:56:10,874 - INFO - Best instance 0.6507, class 0.6035 (epoch 17)
Best instance 0.6507, class 0.6035 (epoch 17)
2026-06-25 00:56:10,890 - INFO - Epoch 18/200:
Epoch 18/200:
2026-06-25 00:57:57,903 - INFO - Train loss: 0.0926 (107.0s)
Train loss: 0.0926 (107.0s)
2026-06-25 00:58:25,010 - INFO - Test instance 0.6313, class 0.5778
Test instance 0.6313, class 0.5778
2026-06-25 00:58:25,013 - INFO - Best instance 0.6507, class 0.6035 (epoch 17)
Best instance 0.6507, class 0.6035 (epoch 17)
2026-06-25 00:58:25,032 - INFO - Epoch 19/200:
Epoch 19/200:
2026-06-25 01:00:10,187 - INFO - Train loss: 0.0909 (105.2s)
Train loss: 0.0909 (105.2s)
2026-06-25 01:00:37,203 - INFO - Test instance 0.6382, class 0.5896
Test instance 0.6382, class 0.5896
2026-06-25 01:00:37,206 - INFO - Best instance 0.6507, class 0.6035 (epoch 17)
Best instance 0.6507, class 0.6035 (epoch 17)
2026-06-25 01:00:37,229 - INFO - Epoch 20/200:
Epoch 20/200:
2026-06-25 01:02:22,552 - INFO - Train loss: 0.0904 (105.3s)
Train loss: 0.0904 (105.3s)
2026-06-25 01:02:49,049 - INFO - Test instance 0.6438, class 0.5920
Test instance 0.6438, class 0.5920
2026-06-25 01:02:49,052 - INFO - Best instance 0.6507, class 0.6035 (epoch 17)
Best instance 0.6507, class 0.6035 (epoch 17)
2026-06-25 01:02:49,070 - INFO - Epoch 21/200:
Epoch 21/200:
2026-06-25 01:04:34,952 - INFO - Train loss: 0.0875 (105.9s)
Train loss: 0.0875 (105.9s)
2026-06-25 01:05:01,514 - INFO - Test instance 0.6365, class 0.5736
Test instance 0.6365, class 0.5736
2026-06-25 01:05:01,518 - INFO - Best instance 0.6507, class 0.6035 (epoch 17)
Best instance 0.6507, class 0.6035 (epoch 17)
2026-06-25 01:05:01,538 - INFO - Epoch 22/200:
Epoch 22/200:
2026-06-25 01:06:46,834 - INFO - Train loss: 0.0856 (105.3s)
Train loss: 0.0856 (105.3s)
2026-06-25 01:07:13,501 - INFO - Test instance 0.6617, class 0.5993
Test instance 0.6617, class 0.5993
2026-06-25 01:07:13,522 - INFO - Best instance 0.6617, class 0.5993 (epoch 22)
Best instance 0.6617, class 0.5993 (epoch 22)
2026-06-25 01:07:13,539 - INFO - Epoch 23/200:
Epoch 23/200:
2026-06-25 01:08:59,092 - INFO - Train loss: 0.0848 (105.6s)
Train loss: 0.0848 (105.6s)
2026-06-25 01:09:25,976 - INFO - Test instance 0.6596, class 0.5960
Test instance 0.6596, class 0.5960
2026-06-25 01:09:25,979 - INFO - Best instance 0.6617, class 0.5993 (epoch 22)
Best instance 0.6617, class 0.5993 (epoch 22)
2026-06-25 01:09:25,998 - INFO - Epoch 24/200:
Epoch 24/200:
2026-06-25 01:11:10,730 - INFO - Train loss: 0.0876 (104.7s)
Train loss: 0.0876 (104.7s)
2026-06-25 01:11:37,955 - INFO - Test instance 0.6451, class 0.5932
Test instance 0.6451, class 0.5932
2026-06-25 01:11:37,959 - INFO - Best instance 0.6617, class 0.5993 (epoch 22)
Best instance 0.6617, class 0.5993 (epoch 22)
2026-06-25 01:11:37,977 - INFO - Epoch 25/200:
Epoch 25/200:
2026-06-25 01:13:23,107 - INFO - Train loss: 0.0855 (105.1s)
Train loss: 0.0855 (105.1s)
2026-06-25 01:13:49,961 - INFO - Test instance 0.6584, class 0.6055
Test instance 0.6584, class 0.6055
2026-06-25 01:13:49,978 - INFO - Best instance 0.6617, class 0.5993 (epoch 22)
Best instance 0.6617, class 0.5993 (epoch 22)
2026-06-25 01:13:50,007 - INFO - Epoch 26/200:
Epoch 26/200:
2026-06-25 01:15:37,269 - INFO - Train loss: 0.0857 (107.3s)
Train loss: 0.0857 (107.3s)
2026-06-25 01:16:04,335 - INFO - Test instance 0.6544, class 0.5900
Test instance 0.6544, class 0.5900
2026-06-25 01:16:04,338 - INFO - Best instance 0.6617, class 0.5993 (epoch 22)
Best instance 0.6617, class 0.5993 (epoch 22)
2026-06-25 01:16:04,359 - INFO - Epoch 27/200:
Epoch 27/200:
2026-06-25 01:17:49,620 - INFO - Train loss: 0.0853 (105.3s)
Train loss: 0.0853 (105.3s)
2026-06-25 01:18:16,515 - INFO - Test instance 0.6556, class 0.5869
Test instance 0.6556, class 0.5869
2026-06-25 01:18:16,518 - INFO - Best instance 0.6617, class 0.5993 (epoch 22)
Best instance 0.6617, class 0.5993 (epoch 22)
2026-06-25 01:18:16,536 - INFO - Epoch 28/200:
Epoch 28/200:
2026-06-25 01:20:01,320 - INFO - Train loss: 0.0869 (104.8s)
Train loss: 0.0869 (104.8s)
2026-06-25 01:20:28,437 - INFO - Test instance 0.6515, class 0.5808
Test instance 0.6515, class 0.5808
2026-06-25 01:20:28,440 - INFO - Best instance 0.6617, class 0.5993 (epoch 22)
Best instance 0.6617, class 0.5993 (epoch 22)
2026-06-25 01:20:28,486 - INFO - Epoch 29/200:
Epoch 29/200:
2026-06-25 01:22:14,158 - INFO - Train loss: 0.0860 (105.7s)
Train loss: 0.0860 (105.7s)
2026-06-25 01:22:40,981 - INFO - Test instance 0.6487, class 0.5749
Test instance 0.6487, class 0.5749
2026-06-25 01:22:40,985 - INFO - Best instance 0.6617, class 0.5993 (epoch 22)
Best instance 0.6617, class 0.5993 (epoch 22)
2026-06-25 01:22:41,006 - INFO - Epoch 30/200:
Epoch 30/200:
2026-06-25 01:24:26,530 - INFO - Train loss: 0.0853 (105.5s)
Train loss: 0.0853 (105.5s)
2026-06-25 01:24:53,480 - INFO - Test instance 0.6621, class 0.5821
Test instance 0.6621, class 0.5821
2026-06-25 01:24:53,502 - INFO - Best instance 0.6621, class 0.5821 (epoch 30)
Best instance 0.6621, class 0.5821 (epoch 30)
2026-06-25 01:24:53,518 - INFO - Epoch 31/200:
Epoch 31/200:
2026-06-25 01:26:39,020 - INFO - Train loss: 0.0857 (105.5s)
Train loss: 0.0857 (105.5s)
2026-06-25 01:27:06,026 - INFO - Test instance 0.6430, class 0.5806
Test instance 0.6430, class 0.5806
2026-06-25 01:27:06,029 - INFO - Best instance 0.6621, class 0.5821 (epoch 30)
Best instance 0.6621, class 0.5821 (epoch 30)
2026-06-25 01:27:06,047 - INFO - Epoch 32/200:
Epoch 32/200:
2026-06-25 01:28:50,983 - INFO - Train loss: 0.0851 (104.9s)
Train loss: 0.0851 (104.9s)
2026-06-25 01:29:18,192 - INFO - Test instance 0.6321, class 0.5792
Test instance 0.6321, class 0.5792
2026-06-25 01:29:18,195 - INFO - Best instance 0.6621, class 0.5821 (epoch 30)
Best instance 0.6621, class 0.5821 (epoch 30)
2026-06-25 01:29:18,215 - INFO - Epoch 33/200:
Epoch 33/200:
2026-06-25 01:31:06,694 - INFO - Train loss: 0.0861 (108.5s)
Train loss: 0.0861 (108.5s)
2026-06-25 01:31:33,542 - INFO - Test instance 0.6742, class 0.6096
Test instance 0.6742, class 0.6096
2026-06-25 01:31:33,569 - INFO - Best instance 0.6742, class 0.6096 (epoch 33)
Best instance 0.6742, class 0.6096 (epoch 33)
2026-06-25 01:31:33,585 - INFO - Epoch 34/200:
Epoch 34/200:
2026-06-25 01:33:20,502 - INFO - Train loss: 0.0856 (106.9s)
Train loss: 0.0856 (106.9s)
2026-06-25 01:33:47,186 - INFO - Test instance 0.6463, class 0.5862
Test instance 0.6463, class 0.5862
2026-06-25 01:33:47,190 - INFO - Best instance 0.6742, class 0.6096 (epoch 33)
Best instance 0.6742, class 0.6096 (epoch 33)
2026-06-25 01:33:47,213 - INFO - Epoch 35/200:
Epoch 35/200:
2026-06-25 01:35:34,749 - INFO - Train loss: 0.0843 (107.5s)
Train loss: 0.0843 (107.5s)
2026-06-25 01:36:01,911 - INFO - Test instance 0.6406, class 0.5746
Test instance 0.6406, class 0.5746
2026-06-25 01:36:01,914 - INFO - Best instance 0.6742, class 0.6096 (epoch 33)
Best instance 0.6742, class 0.6096 (epoch 33)
2026-06-25 01:36:01,933 - INFO - Epoch 36/200:
Epoch 36/200:
2026-06-25 01:37:50,881 - INFO - Train loss: 0.0836 (108.9s)
Train loss: 0.0836 (108.9s)
2026-06-25 01:38:17,727 - INFO - Test instance 0.6572, class 0.5942
Test instance 0.6572, class 0.5942
2026-06-25 01:38:17,731 - INFO - Best instance 0.6742, class 0.6096 (epoch 33)
Best instance 0.6742, class 0.6096 (epoch 33)
2026-06-25 01:38:17,749 - INFO - Epoch 37/200:
Epoch 37/200:
2026-06-25 01:40:06,363 - INFO - Train loss: 0.0855 (108.6s)
Train loss: 0.0855 (108.6s)
2026-06-25 01:40:33,533 - INFO - Test instance 0.6451, class 0.5764
Test instance 0.6451, class 0.5764
2026-06-25 01:40:33,536 - INFO - Best instance 0.6742, class 0.6096 (epoch 33)
Best instance 0.6742, class 0.6096 (epoch 33)
2026-06-25 01:40:33,554 - INFO - Epoch 38/200:
Epoch 38/200:
2026-06-25 01:42:21,820 - INFO - Train loss: 0.0847 (108.3s)
Train loss: 0.0847 (108.3s)
2026-06-25 01:42:48,929 - INFO - Test instance 0.6686, class 0.6072
Test instance 0.6686, class 0.6072
2026-06-25 01:42:48,932 - INFO - Best instance 0.6742, class 0.6096 (epoch 33)
Best instance 0.6742, class 0.6096 (epoch 33)
2026-06-25 01:42:48,949 - INFO - Epoch 39/200:
Epoch 39/200:
2026-06-25 01:44:36,391 - INFO - Train loss: 0.0839 (107.4s)
Train loss: 0.0839 (107.4s)
2026-06-25 01:45:02,947 - INFO - Test instance 0.6588, class 0.5818
Test instance 0.6588, class 0.5818
2026-06-25 01:45:02,951 - INFO - Best instance 0.6742, class 0.6096 (epoch 33)
Best instance 0.6742, class 0.6096 (epoch 33)
2026-06-25 01:45:02,969 - INFO - Epoch 40/200:
Epoch 40/200:
2026-06-25 01:46:51,000 - INFO - Train loss: 0.0848 (108.0s)
Train loss: 0.0848 (108.0s)
2026-06-25 01:47:18,997 - INFO - Test instance 0.6827, class 0.6072
Test instance 0.6827, class 0.6072
2026-06-25 01:47:19,017 - INFO - Best instance 0.6827, class 0.6072 (epoch 40)
Best instance 0.6827, class 0.6072 (epoch 40)
2026-06-25 01:47:19,033 - INFO - Epoch 41/200:
Epoch 41/200:
2026-06-25 01:49:06,091 - INFO - Train loss: 0.0821 (107.1s)
Train loss: 0.0821 (107.1s)
2026-06-25 01:49:32,690 - INFO - Test instance 0.6665, class 0.6108
Test instance 0.6665, class 0.6108
2026-06-25 01:49:32,693 - INFO - Best instance 0.6827, class 0.6072 (epoch 40)
Best instance 0.6827, class 0.6072 (epoch 40)
2026-06-25 01:49:32,710 - INFO - Epoch 42/200:
Epoch 42/200:
2026-06-25 01:51:19,847 - INFO - Train loss: 0.0805 (107.1s)
Train loss: 0.0805 (107.1s)
2026-06-25 01:51:45,382 - INFO - Test instance 0.6686, class 0.6075
Test instance 0.6686, class 0.6075
2026-06-25 01:51:45,386 - INFO - Best instance 0.6827, class 0.6072 (epoch 40)
Best instance 0.6827, class 0.6072 (epoch 40)
2026-06-25 01:51:45,403 - INFO - Epoch 43/200:
Epoch 43/200:
2026-06-25 01:53:32,826 - INFO - Train loss: 0.0821 (107.4s)
Train loss: 0.0821 (107.4s)
2026-06-25 01:53:58,775 - INFO - Test instance 0.6564, class 0.6066
Test instance 0.6564, class 0.6066
2026-06-25 01:53:58,779 - INFO - Best instance 0.6827, class 0.6072 (epoch 40)
Best instance 0.6827, class 0.6072 (epoch 40)
2026-06-25 01:53:58,798 - INFO - Epoch 44/200:
Epoch 44/200:
2026-06-25 01:55:46,115 - INFO - Train loss: 0.0822 (107.3s)
Train loss: 0.0822 (107.3s)
2026-06-25 01:56:12,134 - INFO - Test instance 0.6844, class 0.6127
Test instance 0.6844, class 0.6127
2026-06-25 01:56:12,155 - INFO - Best instance 0.6844, class 0.6127 (epoch 44)
Best instance 0.6844, class 0.6127 (epoch 44)
2026-06-25 01:56:12,171 - INFO - Epoch 45/200:
Epoch 45/200:
2026-06-25 01:57:59,303 - INFO - Train loss: 0.0801 (107.1s)
Train loss: 0.0801 (107.1s)
2026-06-25 01:58:25,051 - INFO - Test instance 0.6706, class 0.6095
Test instance 0.6706, class 0.6095
2026-06-25 01:58:25,054 - INFO - Best instance 0.6844, class 0.6127 (epoch 44)
Best instance 0.6844, class 0.6127 (epoch 44)
2026-06-25 01:58:25,073 - INFO - Epoch 46/200:
Epoch 46/200:
2026-06-25 02:00:12,441 - INFO - Train loss: 0.0820 (107.4s)
Train loss: 0.0820 (107.4s)
2026-06-25 02:00:38,361 - INFO - Test instance 0.6600, class 0.6082
Test instance 0.6600, class 0.6082
2026-06-25 02:00:38,364 - INFO - Best instance 0.6844, class 0.6127 (epoch 44)
Best instance 0.6844, class 0.6127 (epoch 44)
2026-06-25 02:00:38,383 - INFO - Epoch 47/200:
Epoch 47/200:
2026-06-25 02:02:26,673 - INFO - Train loss: 0.0815 (108.3s)
Train loss: 0.0815 (108.3s)
2026-06-25 02:03:05,083 - INFO - Test instance 0.6759, class 0.6092
Test instance 0.6759, class 0.6092
2026-06-25 02:03:05,086 - INFO - Best instance 0.6844, class 0.6127 (epoch 44)
Best instance 0.6844, class 0.6127 (epoch 44)
2026-06-25 02:03:05,103 - INFO - Epoch 48/200:
Epoch 48/200:
2026-06-25 02:04:53,519 - INFO - Train loss: 0.0806 (108.4s)
Train loss: 0.0806 (108.4s)
2026-06-25 02:05:19,378 - INFO - Test instance 0.6625, class 0.6020
Test instance 0.6625, class 0.6020
2026-06-25 02:05:19,381 - INFO - Best instance 0.6844, class 0.6127 (epoch 44)
Best instance 0.6844, class 0.6127 (epoch 44)
2026-06-25 02:05:19,402 - INFO - Epoch 49/200:
Epoch 49/200:
2026-06-25 02:07:08,879 - INFO - Train loss: 0.0806 (109.5s)
Train loss: 0.0806 (109.5s)
2026-06-25 02:07:34,513 - INFO - Test instance 0.6694, class 0.6156
Test instance 0.6694, class 0.6156
2026-06-25 02:07:34,517 - INFO - Best instance 0.6844, class 0.6127 (epoch 44)
Best instance 0.6844, class 0.6127 (epoch 44)
2026-06-25 02:07:34,540 - INFO - Epoch 50/200:
Epoch 50/200:
2026-06-25 02:09:21,751 - INFO - Train loss: 0.0806 (107.2s)
Train loss: 0.0806 (107.2s)
2026-06-25 02:09:47,658 - INFO - Test instance 0.6617, class 0.5915
Test instance 0.6617, class 0.5915
2026-06-25 02:09:47,662 - INFO - Best instance 0.6844, class 0.6127 (epoch 44)
Best instance 0.6844, class 0.6127 (epoch 44)
2026-06-25 02:09:47,679 - INFO - Epoch 51/200:
Epoch 51/200:
2026-06-25 02:11:36,214 - INFO - Train loss: 0.0814 (108.5s)
Train loss: 0.0814 (108.5s)
2026-06-25 02:12:01,970 - INFO - Test instance 0.6742, class 0.6082
Test instance 0.6742, class 0.6082
2026-06-25 02:12:01,973 - INFO - Best instance 0.6844, class 0.6127 (epoch 44)
Best instance 0.6844, class 0.6127 (epoch 44)
2026-06-25 02:12:01,995 - INFO - Epoch 52/200:
Epoch 52/200:
2026-06-25 02:13:50,314 - INFO - Train loss: 0.0798 (108.3s)
Train loss: 0.0798 (108.3s)
2026-06-25 02:14:15,895 - INFO - Test instance 0.6803, class 0.6224
Test instance 0.6803, class 0.6224
2026-06-25 02:14:15,897 - INFO - Best instance 0.6844, class 0.6127 (epoch 44)
Best instance 0.6844, class 0.6127 (epoch 44)
2026-06-25 02:14:15,914 - INFO - Epoch 53/200:
Epoch 53/200:
2026-06-25 02:16:02,536 - INFO - Train loss: 0.0802 (106.6s)
Train loss: 0.0802 (106.6s)
2026-06-25 02:16:29,071 - INFO - Test instance 0.6694, class 0.6110
Test instance 0.6694, class 0.6110
2026-06-25 02:16:29,074 - INFO - Best instance 0.6844, class 0.6127 (epoch 44)
Best instance 0.6844, class 0.6127 (epoch 44)
2026-06-25 02:16:29,094 - INFO - Epoch 54/200:
Epoch 54/200:
2026-06-25 02:18:18,406 - INFO - Train loss: 0.0807 (109.3s)
Train loss: 0.0807 (109.3s)
2026-06-25 02:18:44,352 - INFO - Test instance 0.6823, class 0.6218
Test instance 0.6823, class 0.6218
2026-06-25 02:18:44,355 - INFO - Best instance 0.6844, class 0.6127 (epoch 44)
Best instance 0.6844, class 0.6127 (epoch 44)
2026-06-25 02:18:44,372 - INFO - Epoch 55/200:
Epoch 55/200:
2026-06-25 02:20:34,483 - INFO - Train loss: 0.0793 (110.1s)
Train loss: 0.0793 (110.1s)
2026-06-25 02:21:00,448 - INFO - Test instance 0.6633, class 0.6101
Test instance 0.6633, class 0.6101
2026-06-25 02:21:00,452 - INFO - Best instance 0.6844, class 0.6127 (epoch 44)
Best instance 0.6844, class 0.6127 (epoch 44)
2026-06-25 02:21:00,470 - INFO - Epoch 56/200:
Epoch 56/200:
2026-06-25 02:22:48,825 - INFO - Train loss: 0.0811 (108.4s)
Train loss: 0.0811 (108.4s)
2026-06-25 02:23:15,166 - INFO - Test instance 0.6507, class 0.5896
Test instance 0.6507, class 0.5896
2026-06-25 02:23:15,169 - INFO - Best instance 0.6844, class 0.6127 (epoch 44)
Best instance 0.6844, class 0.6127 (epoch 44)
2026-06-25 02:23:15,188 - INFO - Epoch 57/200:
Epoch 57/200:
2026-06-25 02:25:05,130 - INFO - Train loss: 0.0804 (109.9s)
Train loss: 0.0804 (109.9s)
2026-06-25 02:25:30,998 - INFO - Test instance 0.6750, class 0.6204
Test instance 0.6750, class 0.6204
2026-06-25 02:25:31,000 - INFO - Best instance 0.6844, class 0.6127 (epoch 44)
Best instance 0.6844, class 0.6127 (epoch 44)
2026-06-25 02:25:31,018 - INFO - Epoch 58/200:
Epoch 58/200:
2026-06-25 02:27:20,701 - INFO - Train loss: 0.0810 (109.7s)
Train loss: 0.0810 (109.7s)
2026-06-25 02:27:46,769 - INFO - Test instance 0.6560, class 0.6008
Test instance 0.6560, class 0.6008
2026-06-25 02:27:46,772 - INFO - Best instance 0.6844, class 0.6127 (epoch 44)
Best instance 0.6844, class 0.6127 (epoch 44)
2026-06-25 02:27:46,790 - INFO - Epoch 59/200:
Epoch 59/200:
2026-06-25 02:29:36,909 - INFO - Train loss: 0.0796 (110.1s)
Train loss: 0.0796 (110.1s)
2026-06-25 02:30:02,740 - INFO - Test instance 0.6779, class 0.6238
Test instance 0.6779, class 0.6238
2026-06-25 02:30:02,743 - INFO - Best instance 0.6844, class 0.6127 (epoch 44)
Best instance 0.6844, class 0.6127 (epoch 44)
2026-06-25 02:30:02,760 - INFO - Epoch 60/200:
Epoch 60/200:
2026-06-25 02:31:51,948 - INFO - Train loss: 0.0784 (109.2s)
Train loss: 0.0784 (109.2s)
2026-06-25 02:32:17,946 - INFO - Test instance 0.6815, class 0.6216
Test instance 0.6815, class 0.6216
2026-06-25 02:32:17,950 - INFO - Best instance 0.6844, class 0.6127 (epoch 44)
Best instance 0.6844, class 0.6127 (epoch 44)
2026-06-25 02:32:17,969 - INFO - Epoch 61/200:
Epoch 61/200:
2026-06-25 02:34:08,904 - INFO - Train loss: 0.0784 (110.9s)
Train loss: 0.0784 (110.9s)
2026-06-25 02:34:34,878 - INFO - Test instance 0.6771, class 0.6189
Test instance 0.6771, class 0.6189
2026-06-25 02:34:34,881 - INFO - Best instance 0.6844, class 0.6127 (epoch 44)
Best instance 0.6844, class 0.6127 (epoch 44)
2026-06-25 02:34:34,901 - INFO - Epoch 62/200:
Epoch 62/200:
2026-06-25 02:36:23,189 - INFO - Train loss: 0.0787 (108.3s)
Train loss: 0.0787 (108.3s)
2026-06-25 02:36:49,295 - INFO - Test instance 0.6714, class 0.6143
Test instance 0.6714, class 0.6143
2026-06-25 02:36:49,299 - INFO - Best instance 0.6844, class 0.6127 (epoch 44)
Best instance 0.6844, class 0.6127 (epoch 44)
2026-06-25 02:36:49,320 - INFO - Epoch 63/200:
Epoch 63/200:
2026-06-25 02:38:36,394 - INFO - Train loss: 0.0781 (107.1s)
Train loss: 0.0781 (107.1s)
2026-06-25 02:39:02,531 - INFO - Test instance 0.6876, class 0.6155
Test instance 0.6876, class 0.6155
2026-06-25 02:39:02,552 - INFO - Best instance 0.6876, class 0.6155 (epoch 63)
Best instance 0.6876, class 0.6155 (epoch 63)
2026-06-25 02:39:02,568 - INFO - Epoch 64/200:
Epoch 64/200:
2026-06-25 02:40:49,146 - INFO - Train loss: 0.0778 (106.6s)
Train loss: 0.0778 (106.6s)
2026-06-25 02:41:15,151 - INFO - Test instance 0.6783, class 0.6246
Test instance 0.6783, class 0.6246
2026-06-25 02:41:15,154 - INFO - Best instance 0.6876, class 0.6155 (epoch 63)
Best instance 0.6876, class 0.6155 (epoch 63)
2026-06-25 02:41:15,172 - INFO - Epoch 65/200:
Epoch 65/200:
2026-06-25 02:43:02,223 - INFO - Train loss: 0.0777 (107.1s)
Train loss: 0.0777 (107.1s)
2026-06-25 02:43:28,346 - INFO - Test instance 0.6844, class 0.6294
Test instance 0.6844, class 0.6294
2026-06-25 02:43:28,349 - INFO - Best instance 0.6876, class 0.6155 (epoch 63)
Best instance 0.6876, class 0.6155 (epoch 63)
2026-06-25 02:43:28,370 - INFO - Epoch 66/200:
Epoch 66/200:
2026-06-25 02:45:17,733 - INFO - Train loss: 0.0773 (109.4s)
Train loss: 0.0773 (109.4s)
2026-06-25 02:45:43,791 - INFO - Test instance 0.6746, class 0.6014
Test instance 0.6746, class 0.6014
2026-06-25 02:45:43,794 - INFO - Best instance 0.6876, class 0.6155 (epoch 63)
Best instance 0.6876, class 0.6155 (epoch 63)
2026-06-25 02:45:43,811 - INFO - Epoch 67/200:
Epoch 67/200:
2026-06-25 02:47:31,299 - INFO - Train loss: 0.0772 (107.5s)
Train loss: 0.0772 (107.5s)
2026-06-25 02:47:57,256 - INFO - Test instance 0.6969, class 0.6298
Test instance 0.6969, class 0.6298
2026-06-25 02:47:57,275 - INFO - Best instance 0.6969, class 0.6298 (epoch 67)
Best instance 0.6969, class 0.6298 (epoch 67)
2026-06-25 02:47:57,291 - INFO - Epoch 68/200:
Epoch 68/200:
2026-06-25 02:49:46,360 - INFO - Train loss: 0.0788 (109.1s)
Train loss: 0.0788 (109.1s)
2026-06-25 02:50:12,417 - INFO - Test instance 0.6819, class 0.6190
Test instance 0.6819, class 0.6190
2026-06-25 02:50:12,419 - INFO - Best instance 0.6969, class 0.6298 (epoch 67)
Best instance 0.6969, class 0.6298 (epoch 67)
2026-06-25 02:50:12,439 - INFO - Epoch 69/200:
Epoch 69/200:
2026-06-25 02:52:00,257 - INFO - Train loss: 0.0780 (107.8s)
Train loss: 0.0780 (107.8s)
2026-06-25 02:52:26,354 - INFO - Test instance 0.6811, class 0.6173
Test instance 0.6811, class 0.6173
2026-06-25 02:52:26,357 - INFO - Best instance 0.6969, class 0.6298 (epoch 67)
Best instance 0.6969, class 0.6298 (epoch 67)
2026-06-25 02:52:26,376 - INFO - Epoch 70/200:
Epoch 70/200:
2026-06-25 02:54:13,261 - INFO - Train loss: 0.0774 (106.9s)
Train loss: 0.0774 (106.9s)
2026-06-25 02:54:39,198 - INFO - Test instance 0.6771, class 0.6163
Test instance 0.6771, class 0.6163
2026-06-25 02:54:39,201 - INFO - Best instance 0.6969, class 0.6298 (epoch 67)
Best instance 0.6969, class 0.6298 (epoch 67)
2026-06-25 02:54:39,223 - INFO - Epoch 71/200:
Epoch 71/200:
2026-06-25 02:56:25,289 - INFO - Train loss: 0.0774 (106.1s)
Train loss: 0.0774 (106.1s)
2026-06-25 02:56:50,819 - INFO - Test instance 0.6722, class 0.6120
Test instance 0.6722, class 0.6120
2026-06-25 02:56:50,821 - INFO - Best instance 0.6969, class 0.6298 (epoch 67)
Best instance 0.6969, class 0.6298 (epoch 67)
2026-06-25 02:56:50,865 - INFO - Epoch 72/200:
Epoch 72/200:
2026-06-25 02:58:37,577 - INFO - Train loss: 0.0779 (106.7s)
Train loss: 0.0779 (106.7s)
2026-06-25 02:59:03,398 - INFO - Test instance 0.6775, class 0.6156
Test instance 0.6775, class 0.6156
2026-06-25 02:59:03,403 - INFO - Best instance 0.6969, class 0.6298 (epoch 67)
Best instance 0.6969, class 0.6298 (epoch 67)
2026-06-25 02:59:03,420 - INFO - Epoch 73/200:
Epoch 73/200:
2026-06-25 03:00:49,381 - INFO - Train loss: 0.0770 (106.0s)
Train loss: 0.0770 (106.0s)
2026-06-25 03:01:15,074 - INFO - Test instance 0.6815, class 0.6210
Test instance 0.6815, class 0.6210
2026-06-25 03:01:15,078 - INFO - Best instance 0.6969, class 0.6298 (epoch 67)
Best instance 0.6969, class 0.6298 (epoch 67)
2026-06-25 03:01:15,097 - INFO - Epoch 74/200:
Epoch 74/200:
2026-06-25 03:03:01,383 - INFO - Train loss: 0.0771 (106.3s)
Train loss: 0.0771 (106.3s)
2026-06-25 03:03:27,125 - INFO - Test instance 0.6868, class 0.6274
Test instance 0.6868, class 0.6274
2026-06-25 03:03:27,128 - INFO - Best instance 0.6969, class 0.6298 (epoch 67)
Best instance 0.6969, class 0.6298 (epoch 67)
2026-06-25 03:03:27,147 - INFO - Epoch 75/200:
Epoch 75/200:
2026-06-25 03:05:13,685 - INFO - Train loss: 0.0773 (106.5s)
Train loss: 0.0773 (106.5s)
2026-06-25 03:05:39,089 - INFO - Test instance 0.6718, class 0.6233
Test instance 0.6718, class 0.6233
2026-06-25 03:05:39,092 - INFO - Best instance 0.6969, class 0.6298 (epoch 67)
Best instance 0.6969, class 0.6298 (epoch 67)
2026-06-25 03:05:39,111 - INFO - Epoch 76/200:
Epoch 76/200:
2026-06-25 03:07:25,593 - INFO - Train loss: 0.0772 (106.5s)
Train loss: 0.0772 (106.5s)
2026-06-25 03:07:50,983 - INFO - Test instance 0.6734, class 0.6183
Test instance 0.6734, class 0.6183
2026-06-25 03:07:50,987 - INFO - Best instance 0.6969, class 0.6298 (epoch 67)
Best instance 0.6969, class 0.6298 (epoch 67)
2026-06-25 03:07:51,004 - INFO - Epoch 77/200:
Epoch 77/200:
2026-06-25 03:09:36,896 - INFO - Train loss: 0.0779 (105.9s)
Train loss: 0.0779 (105.9s)
2026-06-25 03:10:02,713 - INFO - Test instance 0.6900, class 0.6195
Test instance 0.6900, class 0.6195
2026-06-25 03:10:02,717 - INFO - Best instance 0.6969, class 0.6298 (epoch 67)
Best instance 0.6969, class 0.6298 (epoch 67)
2026-06-25 03:10:02,734 - INFO - Epoch 78/200:
Epoch 78/200:
2026-06-25 03:11:49,233 - INFO - Train loss: 0.0781 (106.5s)
Train loss: 0.0781 (106.5s)
2026-06-25 03:12:14,696 - INFO - Test instance 0.6600, class 0.6110
Test instance 0.6600, class 0.6110
2026-06-25 03:12:14,700 - INFO - Best instance 0.6969, class 0.6298 (epoch 67)
Best instance 0.6969, class 0.6298 (epoch 67)
2026-06-25 03:12:14,718 - INFO - Epoch 79/200:
Epoch 79/200:
2026-06-25 03:14:00,819 - INFO - Train loss: 0.0773 (106.1s)
Train loss: 0.0773 (106.1s)
2026-06-25 03:14:26,471 - INFO - Test instance 0.6977, class 0.6395
Test instance 0.6977, class 0.6395
2026-06-25 03:14:26,494 - INFO - Best instance 0.6977, class 0.6395 (epoch 79)
Best instance 0.6977, class 0.6395 (epoch 79)
2026-06-25 03:14:26,510 - INFO - Epoch 80/200:
Epoch 80/200:
2026-06-25 03:16:13,001 - INFO - Train loss: 0.0770 (106.5s)
Train loss: 0.0770 (106.5s)
2026-06-25 03:16:38,504 - INFO - Test instance 0.6896, class 0.6198
Test instance 0.6896, class 0.6198
2026-06-25 03:16:38,508 - INFO - Best instance 0.6977, class 0.6395 (epoch 79)
Best instance 0.6977, class 0.6395 (epoch 79)
2026-06-25 03:16:38,525 - INFO - Epoch 81/200:
Epoch 81/200:
2026-06-25 03:18:24,813 - INFO - Train loss: 0.0758 (106.3s)
Train loss: 0.0758 (106.3s)
2026-06-25 03:18:50,669 - INFO - Test instance 0.6888, class 0.6302
Test instance 0.6888, class 0.6302
2026-06-25 03:18:50,673 - INFO - Best instance 0.6977, class 0.6395 (epoch 79)
Best instance 0.6977, class 0.6395 (epoch 79)
2026-06-25 03:18:50,692 - INFO - Epoch 82/200:
Epoch 82/200:
2026-06-25 03:20:36,121 - INFO - Train loss: 0.0759 (105.4s)
Train loss: 0.0759 (105.4s)
2026-06-25 03:21:01,617 - INFO - Test instance 0.6835, class 0.6167
Test instance 0.6835, class 0.6167
2026-06-25 03:21:01,621 - INFO - Best instance 0.6977, class 0.6395 (epoch 79)
Best instance 0.6977, class 0.6395 (epoch 79)
2026-06-25 03:21:01,644 - INFO - Epoch 83/200:
Epoch 83/200:
2026-06-25 03:22:47,438 - INFO - Train loss: 0.0765 (105.8s)
Train loss: 0.0765 (105.8s)
2026-06-25 03:23:13,024 - INFO - Test instance 0.6609, class 0.6063
Test instance 0.6609, class 0.6063
2026-06-25 03:23:13,028 - INFO - Best instance 0.6977, class 0.6395 (epoch 79)
Best instance 0.6977, class 0.6395 (epoch 79)
2026-06-25 03:23:13,045 - INFO - Epoch 84/200:
Epoch 84/200:
2026-06-25 03:24:58,647 - INFO - Train loss: 0.0751 (105.6s)
Train loss: 0.0751 (105.6s)
2026-06-25 03:25:24,329 - INFO - Test instance 0.6823, class 0.6236
Test instance 0.6823, class 0.6236
2026-06-25 03:25:24,333 - INFO - Best instance 0.6977, class 0.6395 (epoch 79)
Best instance 0.6977, class 0.6395 (epoch 79)
2026-06-25 03:25:24,354 - INFO - Epoch 85/200:
Epoch 85/200:
2026-06-25 03:27:11,016 - INFO - Train loss: 0.0758 (106.7s)
Train loss: 0.0758 (106.7s)
2026-06-25 03:27:36,716 - INFO - Test instance 0.6868, class 0.6207
Test instance 0.6868, class 0.6207
2026-06-25 03:27:36,720 - INFO - Best instance 0.6977, class 0.6395 (epoch 79)
Best instance 0.6977, class 0.6395 (epoch 79)
2026-06-25 03:27:36,740 - INFO - Epoch 86/200:
Epoch 86/200:
2026-06-25 03:29:22,902 - INFO - Train loss: 0.0757 (106.2s)
Train loss: 0.0757 (106.2s)
2026-06-25 03:29:48,515 - INFO - Test instance 0.6734, class 0.6115
Test instance 0.6734, class 0.6115
2026-06-25 03:29:48,519 - INFO - Best instance 0.6977, class 0.6395 (epoch 79)
Best instance 0.6977, class 0.6395 (epoch 79)
2026-06-25 03:29:48,540 - INFO - Epoch 87/200:
Epoch 87/200:
2026-06-25 03:31:35,472 - INFO - Train loss: 0.0748 (106.9s)
Train loss: 0.0748 (106.9s)
2026-06-25 03:32:01,173 - INFO - Test instance 0.6929, class 0.6352
Test instance 0.6929, class 0.6352
2026-06-25 03:32:01,177 - INFO - Best instance 0.6977, class 0.6395 (epoch 79)
Best instance 0.6977, class 0.6395 (epoch 79)
2026-06-25 03:32:01,195 - INFO - Epoch 88/200:
Epoch 88/200:
2026-06-25 03:33:47,444 - INFO - Train loss: 0.0760 (106.2s)
Train loss: 0.0760 (106.2s)
2026-06-25 03:34:13,169 - INFO - Test instance 0.6876, class 0.6289
Test instance 0.6876, class 0.6289
2026-06-25 03:34:13,173 - INFO - Best instance 0.6977, class 0.6395 (epoch 79)
Best instance 0.6977, class 0.6395 (epoch 79)
2026-06-25 03:34:13,192 - INFO - Epoch 89/200:
Epoch 89/200:
2026-06-25 03:36:01,162 - INFO - Train loss: 0.0762 (108.0s)
Train loss: 0.0762 (108.0s)
2026-06-25 03:36:26,835 - INFO - Test instance 0.6803, class 0.6136
Test instance 0.6803, class 0.6136
2026-06-25 03:36:26,839 - INFO - Best instance 0.6977, class 0.6395 (epoch 79)
Best instance 0.6977, class 0.6395 (epoch 79)
2026-06-25 03:36:26,858 - INFO - Epoch 90/200:
Epoch 90/200:
2026-06-25 03:38:15,045 - INFO - Train loss: 0.0759 (108.2s)
Train loss: 0.0759 (108.2s)
2026-06-25 03:38:40,658 - INFO - Test instance 0.6799, class 0.6174
Test instance 0.6799, class 0.6174
2026-06-25 03:38:40,663 - INFO - Best instance 0.6977, class 0.6395 (epoch 79)
Best instance 0.6977, class 0.6395 (epoch 79)
2026-06-25 03:38:40,680 - INFO - Epoch 91/200:
Epoch 91/200:
2026-06-25 03:40:29,113 - INFO - Train loss: 0.0750 (108.4s)
Train loss: 0.0750 (108.4s)
2026-06-25 03:40:54,489 - INFO - Test instance 0.6763, class 0.6111
Test instance 0.6763, class 0.6111
2026-06-25 03:40:54,492 - INFO - Best instance 0.6977, class 0.6395 (epoch 79)
Best instance 0.6977, class 0.6395 (epoch 79)
2026-06-25 03:40:54,516 - INFO - Epoch 92/200:
Epoch 92/200:
2026-06-25 03:42:42,590 - INFO - Train loss: 0.0753 (108.1s)
Train loss: 0.0753 (108.1s)
2026-06-25 03:43:08,143 - INFO - Test instance 0.6864, class 0.6246
Test instance 0.6864, class 0.6246
2026-06-25 03:43:08,147 - INFO - Best instance 0.6977, class 0.6395 (epoch 79)
Best instance 0.6977, class 0.6395 (epoch 79)
2026-06-25 03:43:08,166 - INFO - Epoch 93/200:
Epoch 93/200:
2026-06-25 03:44:57,455 - INFO - Train loss: 0.0753 (109.3s)
Train loss: 0.0753 (109.3s)
2026-06-25 03:45:23,373 - INFO - Test instance 0.6856, class 0.6295
Test instance 0.6856, class 0.6295
2026-06-25 03:45:23,378 - INFO - Best instance 0.6977, class 0.6395 (epoch 79)
Best instance 0.6977, class 0.6395 (epoch 79)
2026-06-25 03:45:23,401 - INFO - Epoch 94/200:
Epoch 94/200:
2026-06-25 03:47:11,395 - INFO - Train loss: 0.0746 (108.0s)
Train loss: 0.0746 (108.0s)
2026-06-25 03:47:36,872 - INFO - Test instance 0.6771, class 0.6137
Test instance 0.6771, class 0.6137
2026-06-25 03:47:36,876 - INFO - Best instance 0.6977, class 0.6395 (epoch 79)
Best instance 0.6977, class 0.6395 (epoch 79)
2026-06-25 03:47:36,895 - INFO - Epoch 95/200:
Epoch 95/200:
2026-06-25 03:49:24,780 - INFO - Train loss: 0.0747 (107.9s)
Train loss: 0.0747 (107.9s)
2026-06-25 03:49:50,635 - INFO - Test instance 0.6815, class 0.6169
Test instance 0.6815, class 0.6169
2026-06-25 03:49:50,640 - INFO - Best instance 0.6977, class 0.6395 (epoch 79)
Best instance 0.6977, class 0.6395 (epoch 79)
2026-06-25 03:49:50,658 - INFO - Epoch 96/200:
Epoch 96/200:
2026-06-25 03:51:39,224 - INFO - Train loss: 0.0746 (108.6s)
Train loss: 0.0746 (108.6s)
2026-06-25 03:52:05,102 - INFO - Test instance 0.6888, class 0.6247
Test instance 0.6888, class 0.6247
2026-06-25 03:52:05,106 - INFO - Best instance 0.6977, class 0.6395 (epoch 79)
Best instance 0.6977, class 0.6395 (epoch 79)
2026-06-25 03:52:05,124 - INFO - Epoch 97/200:
Epoch 97/200:
2026-06-25 03:53:52,058 - INFO - Train loss: 0.0752 (106.9s)
Train loss: 0.0752 (106.9s)
2026-06-25 03:54:17,767 - INFO - Test instance 0.6917, class 0.6308
Test instance 0.6917, class 0.6308
2026-06-25 03:54:17,771 - INFO - Best instance 0.6977, class 0.6395 (epoch 79)
Best instance 0.6977, class 0.6395 (epoch 79)
2026-06-25 03:54:17,792 - INFO - Epoch 98/200:
Epoch 98/200:
2026-06-25 03:56:06,248 - INFO - Train loss: 0.0751 (108.5s)
Train loss: 0.0751 (108.5s)
2026-06-25 03:56:31,819 - INFO - Test instance 0.6848, class 0.6283
Test instance 0.6848, class 0.6283
2026-06-25 03:56:31,823 - INFO - Best instance 0.6977, class 0.6395 (epoch 79)
Best instance 0.6977, class 0.6395 (epoch 79)
2026-06-25 03:56:31,841 - INFO - Epoch 99/200:
Epoch 99/200:
2026-06-25 03:58:20,137 - INFO - Train loss: 0.0762 (108.3s)
Train loss: 0.0762 (108.3s)
2026-06-25 03:58:45,981 - INFO - Test instance 0.6912, class 0.6205
Test instance 0.6912, class 0.6205
2026-06-25 03:58:45,986 - INFO - Best instance 0.6977, class 0.6395 (epoch 79)
Best instance 0.6977, class 0.6395 (epoch 79)
2026-06-25 03:58:46,003 - INFO - Epoch 100/200:
Epoch 100/200:
2026-06-25 04:00:32,589 - INFO - Train loss: 0.0750 (106.6s)
Train loss: 0.0750 (106.6s)
2026-06-25 04:00:59,289 - INFO - Test instance 0.6912, class 0.6330
Test instance 0.6912, class 0.6330
2026-06-25 04:00:59,294 - INFO - Best instance 0.6977, class 0.6395 (epoch 79)
Best instance 0.6977, class 0.6395 (epoch 79)
2026-06-25 04:00:59,313 - INFO - Epoch 101/200:
Epoch 101/200:
2026-06-25 04:02:46,740 - INFO - Train loss: 0.0745 (107.4s)
Train loss: 0.0745 (107.4s)
2026-06-25 04:03:12,239 - INFO - Test instance 0.6848, class 0.6348
Test instance 0.6848, class 0.6348
2026-06-25 04:03:12,244 - INFO - Best instance 0.6977, class 0.6395 (epoch 79)
Best instance 0.6977, class 0.6395 (epoch 79)
2026-06-25 04:03:12,261 - INFO - Epoch 102/200:
Epoch 102/200:
2026-06-25 04:05:00,270 - INFO - Train loss: 0.0747 (108.0s)
Train loss: 0.0747 (108.0s)
2026-06-25 04:05:25,838 - INFO - Test instance 0.6831, class 0.6282
Test instance 0.6831, class 0.6282
2026-06-25 04:05:25,842 - INFO - Best instance 0.6977, class 0.6395 (epoch 79)
Best instance 0.6977, class 0.6395 (epoch 79)
2026-06-25 04:05:25,862 - INFO - Epoch 103/200:
Epoch 103/200:
2026-06-25 04:07:14,123 - INFO - Train loss: 0.0750 (108.3s)
Train loss: 0.0750 (108.3s)
2026-06-25 04:07:39,899 - INFO - Test instance 0.6941, class 0.6347
Test instance 0.6941, class 0.6347
2026-06-25 04:07:39,903 - INFO - Best instance 0.6977, class 0.6395 (epoch 79)
Best instance 0.6977, class 0.6395 (epoch 79)
2026-06-25 04:07:39,921 - INFO - Epoch 104/200:
Epoch 104/200:
2026-06-25 04:09:26,982 - INFO - Train loss: 0.0740 (107.1s)
Train loss: 0.0740 (107.1s)
2026-06-25 04:09:52,584 - INFO - Test instance 0.6912, class 0.6252
Test instance 0.6912, class 0.6252
2026-06-25 04:09:52,589 - INFO - Best instance 0.6977, class 0.6395 (epoch 79)
Best instance 0.6977, class 0.6395 (epoch 79)
2026-06-25 04:09:52,609 - INFO - Epoch 105/200:
Epoch 105/200:
2026-06-25 04:11:39,982 - INFO - Train loss: 0.0744 (107.4s)
Train loss: 0.0744 (107.4s)
2026-06-25 04:12:05,426 - INFO - Test instance 0.6831, class 0.6315
Test instance 0.6831, class 0.6315
2026-06-25 04:12:05,430 - INFO - Best instance 0.6977, class 0.6395 (epoch 79)
Best instance 0.6977, class 0.6395 (epoch 79)
2026-06-25 04:12:05,449 - INFO - Epoch 106/200:
Epoch 106/200:
2026-06-25 04:13:53,904 - INFO - Train loss: 0.0745 (108.5s)
Train loss: 0.0745 (108.5s)
2026-06-25 04:14:19,485 - INFO - Test instance 0.6904, class 0.6376
Test instance 0.6904, class 0.6376
2026-06-25 04:14:19,489 - INFO - Best instance 0.6977, class 0.6395 (epoch 79)
Best instance 0.6977, class 0.6395 (epoch 79)
2026-06-25 04:14:19,508 - INFO - Epoch 107/200:
Epoch 107/200:
2026-06-25 04:16:07,221 - INFO - Train loss: 0.0743 (107.7s)
Train loss: 0.0743 (107.7s)
2026-06-25 04:16:32,718 - INFO - Test instance 0.6803, class 0.6229
Test instance 0.6803, class 0.6229
2026-06-25 04:16:32,723 - INFO - Best instance 0.6977, class 0.6395 (epoch 79)
Best instance 0.6977, class 0.6395 (epoch 79)
2026-06-25 04:16:32,743 - INFO - Epoch 108/200:
Epoch 108/200:
2026-06-25 04:18:21,466 - INFO - Train loss: 0.0739 (108.7s)
Train loss: 0.0739 (108.7s)
2026-06-25 04:18:47,249 - INFO - Test instance 0.6795, class 0.6168
Test instance 0.6795, class 0.6168
2026-06-25 04:18:47,253 - INFO - Best instance 0.6977, class 0.6395 (epoch 79)
Best instance 0.6977, class 0.6395 (epoch 79)
2026-06-25 04:18:47,314 - INFO - Epoch 109/200:
Epoch 109/200:
2026-06-25 04:20:34,969 - INFO - Train loss: 0.0742 (107.7s)
Train loss: 0.0742 (107.7s)
2026-06-25 04:21:00,634 - INFO - Test instance 0.6827, class 0.6328
Test instance 0.6827, class 0.6328
2026-06-25 04:21:00,638 - INFO - Best instance 0.6977, class 0.6395 (epoch 79)
Best instance 0.6977, class 0.6395 (epoch 79)
2026-06-25 04:21:00,655 - INFO - Epoch 110/200:
Epoch 110/200:
2026-06-25 04:22:47,280 - INFO - Train loss: 0.0745 (106.6s)
Train loss: 0.0745 (106.6s)
2026-06-25 04:23:13,907 - INFO - Test instance 0.6917, class 0.6375
Test instance 0.6917, class 0.6375
2026-06-25 04:23:13,911 - INFO - Best instance 0.6977, class 0.6395 (epoch 79)
Best instance 0.6977, class 0.6395 (epoch 79)
2026-06-25 04:23:13,931 - INFO - Epoch 111/200:
Epoch 111/200:
2026-06-25 04:25:01,763 - INFO - Train loss: 0.0743 (107.8s)
Train loss: 0.0743 (107.8s)
2026-06-25 04:25:27,139 - INFO - Test instance 0.6884, class 0.6348
Test instance 0.6884, class 0.6348
2026-06-25 04:25:27,143 - INFO - Best instance 0.6977, class 0.6395 (epoch 79)
Best instance 0.6977, class 0.6395 (epoch 79)
2026-06-25 04:25:27,162 - INFO - Epoch 112/200:
Epoch 112/200:
2026-06-25 04:27:14,908 - INFO - Train loss: 0.0739 (107.7s)
Train loss: 0.0739 (107.7s)
2026-06-25 04:27:40,480 - INFO - Test instance 0.6937, class 0.6355
Test instance 0.6937, class 0.6355
2026-06-25 04:27:40,485 - INFO - Best instance 0.6977, class 0.6395 (epoch 79)
Best instance 0.6977, class 0.6395 (epoch 79)
2026-06-25 04:27:40,508 - INFO - Epoch 113/200:
Epoch 113/200:
2026-06-25 04:29:29,559 - INFO - Train loss: 0.0733 (109.1s)
Train loss: 0.0733 (109.1s)
2026-06-25 04:29:54,807 - INFO - Test instance 0.6904, class 0.6310
Test instance 0.6904, class 0.6310
2026-06-25 04:29:54,812 - INFO - Best instance 0.6977, class 0.6395 (epoch 79)
Best instance 0.6977, class 0.6395 (epoch 79)
2026-06-25 04:29:54,834 - INFO - Epoch 114/200:
Epoch 114/200:
2026-06-25 04:31:43,972 - INFO - Train loss: 0.0739 (109.1s)
Train loss: 0.0739 (109.1s)
2026-06-25 04:32:09,909 - INFO - Test instance 0.6823, class 0.6290
Test instance 0.6823, class 0.6290
2026-06-25 04:32:09,913 - INFO - Best instance 0.6977, class 0.6395 (epoch 79)
Best instance 0.6977, class 0.6395 (epoch 79)
2026-06-25 04:32:09,934 - INFO - Epoch 115/200:
Epoch 115/200:
2026-06-25 04:33:57,975 - INFO - Train loss: 0.0730 (108.0s)
Train loss: 0.0730 (108.0s)
2026-06-25 04:34:23,705 - INFO - Test instance 0.6844, class 0.6278
Test instance 0.6844, class 0.6278
2026-06-25 04:34:23,709 - INFO - Best instance 0.6977, class 0.6395 (epoch 79)
Best instance 0.6977, class 0.6395 (epoch 79)
2026-06-25 04:34:23,729 - INFO - Epoch 116/200:
Epoch 116/200:
2026-06-25 04:36:10,632 - INFO - Train loss: 0.0732 (106.9s)
Train loss: 0.0732 (106.9s)
2026-06-25 04:36:36,309 - INFO - Test instance 0.6969, class 0.6415
Test instance 0.6969, class 0.6415
2026-06-25 04:36:36,313 - INFO - Best instance 0.6977, class 0.6395 (epoch 79)
Best instance 0.6977, class 0.6395 (epoch 79)
2026-06-25 04:36:36,331 - INFO - Epoch 117/200:
Epoch 117/200:
2026-06-25 04:38:22,741 - INFO - Train loss: 0.0744 (106.4s)
Train loss: 0.0744 (106.4s)
2026-06-25 04:38:48,304 - INFO - Test instance 0.6844, class 0.6282
Test instance 0.6844, class 0.6282
2026-06-25 04:38:48,308 - INFO - Best instance 0.6977, class 0.6395 (epoch 79)
Best instance 0.6977, class 0.6395 (epoch 79)
2026-06-25 04:38:48,327 - INFO - Epoch 118/200:
Epoch 118/200:
2026-06-25 04:40:34,734 - INFO - Train loss: 0.0731 (106.4s)
Train loss: 0.0731 (106.4s)
2026-06-25 04:41:00,395 - INFO - Test instance 0.6937, class 0.6306
Test instance 0.6937, class 0.6306
2026-06-25 04:41:00,399 - INFO - Best instance 0.6977, class 0.6395 (epoch 79)
Best instance 0.6977, class 0.6395 (epoch 79)
2026-06-25 04:41:00,419 - INFO - Epoch 119/200:
Epoch 119/200:
2026-06-25 04:42:46,486 - INFO - Train loss: 0.0725 (106.1s)
Train loss: 0.0725 (106.1s)
2026-06-25 04:43:12,123 - INFO - Test instance 0.6856, class 0.6265
Test instance 0.6856, class 0.6265
2026-06-25 04:43:12,127 - INFO - Best instance 0.6977, class 0.6395 (epoch 79)
Best instance 0.6977, class 0.6395 (epoch 79)
2026-06-25 04:43:12,147 - INFO - Epoch 120/200:
Epoch 120/200:
2026-06-25 04:44:58,775 - INFO - Train loss: 0.0734 (106.6s)
Train loss: 0.0734 (106.6s)
2026-06-25 04:45:24,705 - INFO - Test instance 0.6917, class 0.6352
Test instance 0.6917, class 0.6352
2026-06-25 04:45:24,709 - INFO - Best instance 0.6977, class 0.6395 (epoch 79)
Best instance 0.6977, class 0.6395 (epoch 79)
2026-06-25 04:45:24,726 - INFO - Epoch 121/200:
Epoch 121/200:
2026-06-25 04:47:12,982 - INFO - Train loss: 0.0722 (108.3s)
Train loss: 0.0722 (108.3s)
2026-06-25 04:47:38,492 - INFO - Test instance 0.6941, class 0.6386
Test instance 0.6941, class 0.6386
2026-06-25 04:47:38,496 - INFO - Best instance 0.6977, class 0.6395 (epoch 79)
Best instance 0.6977, class 0.6395 (epoch 79)
2026-06-25 04:47:38,515 - INFO - Epoch 122/200:
Epoch 122/200:
2026-06-25 04:49:26,376 - INFO - Train loss: 0.0734 (107.9s)
Train loss: 0.0734 (107.9s)
2026-06-25 04:49:51,748 - INFO - Test instance 0.6900, class 0.6280
Test instance 0.6900, class 0.6280
2026-06-25 04:49:51,753 - INFO - Best instance 0.6977, class 0.6395 (epoch 79)
Best instance 0.6977, class 0.6395 (epoch 79)
2026-06-25 04:49:51,773 - INFO - Epoch 123/200:
Epoch 123/200:
2026-06-25 04:51:40,140 - INFO - Train loss: 0.0726 (108.4s)
Train loss: 0.0726 (108.4s)
2026-06-25 04:52:05,833 - INFO - Test instance 0.6896, class 0.6288
Test instance 0.6896, class 0.6288
2026-06-25 04:52:05,837 - INFO - Best instance 0.6977, class 0.6395 (epoch 79)
Best instance 0.6977, class 0.6395 (epoch 79)
2026-06-25 04:52:05,859 - INFO - Epoch 124/200:
Epoch 124/200:
2026-06-25 04:53:56,039 - INFO - Train loss: 0.0733 (110.2s)
Train loss: 0.0733 (110.2s)
2026-06-25 04:54:21,701 - INFO - Test instance 0.6961, class 0.6348
Test instance 0.6961, class 0.6348
2026-06-25 04:54:21,705 - INFO - Best instance 0.6977, class 0.6395 (epoch 79)
Best instance 0.6977, class 0.6395 (epoch 79)
2026-06-25 04:54:21,725 - INFO - Epoch 125/200:
Epoch 125/200:
2026-06-25 04:56:09,652 - INFO - Train loss: 0.0727 (107.9s)
Train loss: 0.0727 (107.9s)
2026-06-25 04:56:35,222 - INFO - Test instance 0.6868, class 0.6208
Test instance 0.6868, class 0.6208
2026-06-25 04:56:35,227 - INFO - Best instance 0.6977, class 0.6395 (epoch 79)
Best instance 0.6977, class 0.6395 (epoch 79)
2026-06-25 04:56:35,248 - INFO - Epoch 126/200:
Epoch 126/200:
2026-06-25 04:58:23,578 - INFO - Train loss: 0.0728 (108.3s)
Train loss: 0.0728 (108.3s)
2026-06-25 04:58:49,076 - INFO - Test instance 0.6884, class 0.6378
Test instance 0.6884, class 0.6378
2026-06-25 04:58:49,083 - INFO - Best instance 0.6977, class 0.6395 (epoch 79)
Best instance 0.6977, class 0.6395 (epoch 79)
2026-06-25 04:58:49,100 - INFO - Epoch 127/200:
Epoch 127/200:
2026-06-25 05:00:37,169 - INFO - Train loss: 0.0729 (108.1s)
Train loss: 0.0729 (108.1s)
2026-06-25 05:01:02,937 - INFO - Test instance 0.6998, class 0.6394
Test instance 0.6998, class 0.6394
2026-06-25 05:01:02,960 - INFO - Best instance 0.6998, class 0.6394 (epoch 127)
Best instance 0.6998, class 0.6394 (epoch 127)
2026-06-25 05:01:02,978 - INFO - Epoch 128/200:
Epoch 128/200:
2026-06-25 05:02:47,842 - INFO - Train loss: 0.0722 (104.9s)
Train loss: 0.0722 (104.9s)
2026-06-25 05:03:13,481 - INFO - Test instance 0.6840, class 0.6239
Test instance 0.6840, class 0.6239
2026-06-25 05:03:13,486 - INFO - Best instance 0.6998, class 0.6394 (epoch 127)
Best instance 0.6998, class 0.6394 (epoch 127)
2026-06-25 05:03:13,504 - INFO - Epoch 129/200:
Epoch 129/200:
2026-06-25 05:04:58,435 - INFO - Train loss: 0.0725 (104.9s)
Train loss: 0.0725 (104.9s)
2026-06-25 05:05:24,053 - INFO - Test instance 0.6945, class 0.6355
Test instance 0.6945, class 0.6355
2026-06-25 05:05:24,058 - INFO - Best instance 0.6998, class 0.6394 (epoch 127)
Best instance 0.6998, class 0.6394 (epoch 127)
2026-06-25 05:05:24,077 - INFO - Epoch 130/200:
Epoch 130/200:
2026-06-25 05:07:09,499 - INFO - Train loss: 0.0721 (105.4s)
Train loss: 0.0721 (105.4s)
2026-06-25 05:07:35,060 - INFO - Test instance 0.6864, class 0.6289
Test instance 0.6864, class 0.6289
2026-06-25 05:07:35,065 - INFO - Best instance 0.6998, class 0.6394 (epoch 127)
Best instance 0.6998, class 0.6394 (epoch 127)
2026-06-25 05:07:35,083 - INFO - Epoch 131/200:
Epoch 131/200:
2026-06-25 05:09:20,763 - INFO - Train loss: 0.0717 (105.7s)
Train loss: 0.0717 (105.7s)
2026-06-25 05:09:46,381 - INFO - Test instance 0.6933, class 0.6383
Test instance 0.6933, class 0.6383
2026-06-25 05:09:46,385 - INFO - Best instance 0.6998, class 0.6394 (epoch 127)
Best instance 0.6998, class 0.6394 (epoch 127)
2026-06-25 05:09:46,404 - INFO - Epoch 132/200:
Epoch 132/200:
2026-06-25 05:11:31,446 - INFO - Train loss: 0.0720 (105.0s)
Train loss: 0.0720 (105.0s)
2026-06-25 05:11:57,178 - INFO - Test instance 0.6957, class 0.6340
Test instance 0.6957, class 0.6340
2026-06-25 05:11:57,182 - INFO - Best instance 0.6998, class 0.6394 (epoch 127)
Best instance 0.6998, class 0.6394 (epoch 127)
2026-06-25 05:11:57,202 - INFO - Epoch 133/200:
Epoch 133/200:
2026-06-25 05:13:42,292 - INFO - Train loss: 0.0733 (105.1s)
Train loss: 0.0733 (105.1s)
2026-06-25 05:14:08,035 - INFO - Test instance 0.6953, class 0.6344
Test instance 0.6953, class 0.6344
2026-06-25 05:14:08,039 - INFO - Best instance 0.6998, class 0.6394 (epoch 127)
Best instance 0.6998, class 0.6394 (epoch 127)
2026-06-25 05:14:08,057 - INFO - Epoch 134/200:
Epoch 134/200:
2026-06-25 05:15:54,722 - INFO - Train loss: 0.0723 (106.7s)
Train loss: 0.0723 (106.7s)
2026-06-25 05:16:20,258 - INFO - Test instance 0.6852, class 0.6262
Test instance 0.6852, class 0.6262
2026-06-25 05:16:20,262 - INFO - Best instance 0.6998, class 0.6394 (epoch 127)
Best instance 0.6998, class 0.6394 (epoch 127)
2026-06-25 05:16:20,279 - INFO - Epoch 135/200:
Epoch 135/200:
2026-06-25 05:18:05,809 - INFO - Train loss: 0.0729 (105.5s)
Train loss: 0.0729 (105.5s)
2026-06-25 05:18:31,509 - INFO - Test instance 0.6860, class 0.6280
Test instance 0.6860, class 0.6280
2026-06-25 05:18:31,514 - INFO - Best instance 0.6998, class 0.6394 (epoch 127)
Best instance 0.6998, class 0.6394 (epoch 127)
2026-06-25 05:18:31,532 - INFO - Epoch 136/200:
Epoch 136/200:
2026-06-25 05:20:17,898 - INFO - Train loss: 0.0728 (106.4s)
Train loss: 0.0728 (106.4s)
2026-06-25 05:20:43,404 - INFO - Test instance 0.6969, class 0.6388
Test instance 0.6969, class 0.6388
2026-06-25 05:20:43,410 - INFO - Best instance 0.6998, class 0.6394 (epoch 127)
Best instance 0.6998, class 0.6394 (epoch 127)
2026-06-25 05:20:43,434 - INFO - Epoch 137/200:
Epoch 137/200:
2026-06-25 05:22:28,667 - INFO - Train loss: 0.0721 (105.2s)
Train loss: 0.0721 (105.2s)
2026-06-25 05:22:54,499 - INFO - Test instance 0.6799, class 0.6151
Test instance 0.6799, class 0.6151
2026-06-25 05:22:54,503 - INFO - Best instance 0.6998, class 0.6394 (epoch 127)
Best instance 0.6998, class 0.6394 (epoch 127)
2026-06-25 05:22:54,521 - INFO - Epoch 138/200:
Epoch 138/200:
2026-06-25 05:24:40,250 - INFO - Train loss: 0.0722 (105.7s)
Train loss: 0.0722 (105.7s)
2026-06-25 05:25:06,171 - INFO - Test instance 0.7002, class 0.6342
Test instance 0.7002, class 0.6342
2026-06-25 05:25:06,192 - INFO - Best instance 0.7002, class 0.6342 (epoch 138)
Best instance 0.7002, class 0.6342 (epoch 138)
2026-06-25 05:25:06,208 - INFO - Epoch 139/200:
Epoch 139/200:
2026-06-25 05:26:51,215 - INFO - Train loss: 0.0728 (105.0s)
Train loss: 0.0728 (105.0s)
2026-06-25 05:27:16,990 - INFO - Test instance 0.7018, class 0.6533
Test instance 0.7018, class 0.6533
2026-06-25 05:27:17,010 - INFO - Best instance 0.7018, class 0.6533 (epoch 139)
Best instance 0.7018, class 0.6533 (epoch 139)
2026-06-25 05:27:17,030 - INFO - Epoch 140/200:
Epoch 140/200:
2026-06-25 05:29:02,855 - INFO - Train loss: 0.0730 (105.8s)
Train loss: 0.0730 (105.8s)
2026-06-25 05:29:28,746 - INFO - Test instance 0.6949, class 0.6404
Test instance 0.6949, class 0.6404
2026-06-25 05:29:28,750 - INFO - Best instance 0.7018, class 0.6533 (epoch 139)
Best instance 0.7018, class 0.6533 (epoch 139)
2026-06-25 05:29:28,771 - INFO - Epoch 141/200:
Epoch 141/200:
2026-06-25 05:31:14,518 - INFO - Train loss: 0.0725 (105.7s)
Train loss: 0.0725 (105.7s)
2026-06-25 05:31:40,041 - INFO - Test instance 0.6977, class 0.6450
Test instance 0.6977, class 0.6450
2026-06-25 05:31:40,046 - INFO - Best instance 0.7018, class 0.6533 (epoch 139)
Best instance 0.7018, class 0.6533 (epoch 139)
2026-06-25 05:31:40,068 - INFO - Epoch 142/200:
Epoch 142/200:
2026-06-25 05:33:25,516 - INFO - Train loss: 0.0714 (105.4s)
Train loss: 0.0714 (105.4s)
2026-06-25 05:33:51,188 - INFO - Test instance 0.6977, class 0.6392
Test instance 0.6977, class 0.6392
2026-06-25 05:33:51,192 - INFO - Best instance 0.7018, class 0.6533 (epoch 139)
Best instance 0.7018, class 0.6533 (epoch 139)
2026-06-25 05:33:51,213 - INFO - Epoch 143/200:
Epoch 143/200:
2026-06-25 05:35:36,056 - INFO - Train loss: 0.0724 (104.8s)
Train loss: 0.0724 (104.8s)
2026-06-25 05:36:01,727 - INFO - Test instance 0.6961, class 0.6396
Test instance 0.6961, class 0.6396
2026-06-25 05:36:01,731 - INFO - Best instance 0.7018, class 0.6533 (epoch 139)
Best instance 0.7018, class 0.6533 (epoch 139)
2026-06-25 05:36:01,752 - INFO - Epoch 144/200:
Epoch 144/200:
2026-06-25 05:37:48,127 - INFO - Train loss: 0.0726 (106.4s)
Train loss: 0.0726 (106.4s)
2026-06-25 05:38:14,471 - INFO - Test instance 0.6896, class 0.6300
Test instance 0.6896, class 0.6300
2026-06-25 05:38:14,476 - INFO - Best instance 0.7018, class 0.6533 (epoch 139)
Best instance 0.7018, class 0.6533 (epoch 139)
2026-06-25 05:38:14,494 - INFO - Epoch 145/200:
Epoch 145/200:
2026-06-25 05:40:00,146 - INFO - Train loss: 0.0718 (105.7s)
Train loss: 0.0718 (105.7s)
2026-06-25 05:40:25,622 - INFO - Test instance 0.6965, class 0.6386
Test instance 0.6965, class 0.6386
2026-06-25 05:40:25,626 - INFO - Best instance 0.7018, class 0.6533 (epoch 139)
Best instance 0.7018, class 0.6533 (epoch 139)
2026-06-25 05:40:25,645 - INFO - Epoch 146/200:
Epoch 146/200:
2026-06-25 05:42:10,980 - INFO - Train loss: 0.0722 (105.3s)
Train loss: 0.0722 (105.3s)
2026-06-25 05:42:36,638 - INFO - Test instance 0.6900, class 0.6306
Test instance 0.6900, class 0.6306
2026-06-25 05:42:36,642 - INFO - Best instance 0.7018, class 0.6533 (epoch 139)
Best instance 0.7018, class 0.6533 (epoch 139)
2026-06-25 05:42:36,662 - INFO - Epoch 147/200:
Epoch 147/200:
2026-06-25 05:44:22,708 - INFO - Train loss: 0.0718 (106.0s)
Train loss: 0.0718 (106.0s)
2026-06-25 05:44:48,472 - INFO - Test instance 0.6917, class 0.6325
Test instance 0.6917, class 0.6325
2026-06-25 05:44:48,477 - INFO - Best instance 0.7018, class 0.6533 (epoch 139)
Best instance 0.7018, class 0.6533 (epoch 139)
2026-06-25 05:44:48,495 - INFO - Epoch 148/200:
Epoch 148/200:
2026-06-25 05:46:34,887 - INFO - Train loss: 0.0719 (106.4s)
Train loss: 0.0719 (106.4s)
2026-06-25 05:47:00,815 - INFO - Test instance 0.6953, class 0.6454
Test instance 0.6953, class 0.6454
2026-06-25 05:47:00,819 - INFO - Best instance 0.7018, class 0.6533 (epoch 139)
Best instance 0.7018, class 0.6533 (epoch 139)
2026-06-25 05:47:00,838 - INFO - Epoch 149/200:
Epoch 149/200:
2026-06-25 05:48:46,856 - INFO - Train loss: 0.0729 (106.0s)
Train loss: 0.0729 (106.0s)
2026-06-25 05:49:12,695 - INFO - Test instance 0.6819, class 0.6290
Test instance 0.6819, class 0.6290
2026-06-25 05:49:12,699 - INFO - Best instance 0.7018, class 0.6533 (epoch 139)
Best instance 0.7018, class 0.6533 (epoch 139)
2026-06-25 05:49:12,717 - INFO - Epoch 150/200:
Epoch 150/200:
2026-06-25 05:50:57,831 - INFO - Train loss: 0.0721 (105.1s)
Train loss: 0.0721 (105.1s)
2026-06-25 05:51:23,702 - INFO - Test instance 0.6973, class 0.6373
Test instance 0.6973, class 0.6373
2026-06-25 05:51:23,707 - INFO - Best instance 0.7018, class 0.6533 (epoch 139)
Best instance 0.7018, class 0.6533 (epoch 139)
2026-06-25 05:51:23,725 - INFO - Epoch 151/200:
Epoch 151/200:
2026-06-25 05:53:09,264 - INFO - Train loss: 0.0714 (105.5s)
Train loss: 0.0714 (105.5s)
2026-06-25 05:53:35,115 - INFO - Test instance 0.6925, class 0.6397
Test instance 0.6925, class 0.6397
2026-06-25 05:53:35,120 - INFO - Best instance 0.7018, class 0.6533 (epoch 139)
Best instance 0.7018, class 0.6533 (epoch 139)
2026-06-25 05:53:35,138 - INFO - Epoch 152/200:
Epoch 152/200:
2026-06-25 05:55:21,324 - INFO - Train loss: 0.0713 (106.2s)
Train loss: 0.0713 (106.2s)
2026-06-25 05:55:47,073 - INFO - Test instance 0.7030, class 0.6443
Test instance 0.7030, class 0.6443
2026-06-25 05:55:47,095 - INFO - Best instance 0.7030, class 0.6443 (epoch 152)
Best instance 0.7030, class 0.6443 (epoch 152)
2026-06-25 05:55:47,111 - INFO - Epoch 153/200:
Epoch 153/200:
2026-06-25 05:57:32,480 - INFO - Train loss: 0.0715 (105.4s)
Train loss: 0.0715 (105.4s)
2026-06-25 05:57:57,862 - INFO - Test instance 0.7026, class 0.6456
Test instance 0.7026, class 0.6456
2026-06-25 05:57:57,867 - INFO - Best instance 0.7030, class 0.6443 (epoch 152)
Best instance 0.7030, class 0.6443 (epoch 152)
2026-06-25 05:57:57,889 - INFO - Epoch 154/200:
Epoch 154/200:
2026-06-25 05:59:42,721 - INFO - Train loss: 0.0721 (104.8s)
Train loss: 0.0721 (104.8s)
2026-06-25 06:00:08,372 - INFO - Test instance 0.6892, class 0.6307
Test instance 0.6892, class 0.6307
2026-06-25 06:00:08,375 - INFO - Best instance 0.7030, class 0.6443 (epoch 152)
Best instance 0.7030, class 0.6443 (epoch 152)
2026-06-25 06:00:08,395 - INFO - Epoch 155/200:
Epoch 155/200:
2026-06-25 06:01:54,839 - INFO - Train loss: 0.0724 (106.4s)
Train loss: 0.0724 (106.4s)
2026-06-25 06:02:20,639 - INFO - Test instance 0.6945, class 0.6409
Test instance 0.6945, class 0.6409
2026-06-25 06:02:20,643 - INFO - Best instance 0.7030, class 0.6443 (epoch 152)
Best instance 0.7030, class 0.6443 (epoch 152)
2026-06-25 06:02:20,660 - INFO - Epoch 156/200:
Epoch 156/200:
2026-06-25 06:04:05,314 - INFO - Train loss: 0.0712 (104.7s)
Train loss: 0.0712 (104.7s)
2026-06-25 06:04:30,773 - INFO - Test instance 0.6892, class 0.6302
Test instance 0.6892, class 0.6302
2026-06-25 06:04:30,778 - INFO - Best instance 0.7030, class 0.6443 (epoch 152)
Best instance 0.7030, class 0.6443 (epoch 152)
2026-06-25 06:04:30,796 - INFO - Epoch 157/200:
Epoch 157/200:
2026-06-25 06:06:18,697 - INFO - Train loss: 0.0718 (107.9s)
Train loss: 0.0718 (107.9s)
2026-06-25 06:06:44,185 - INFO - Test instance 0.6884, class 0.6255
Test instance 0.6884, class 0.6255
2026-06-25 06:06:44,190 - INFO - Best instance 0.7030, class 0.6443 (epoch 152)
Best instance 0.7030, class 0.6443 (epoch 152)
2026-06-25 06:06:44,207 - INFO - Epoch 158/200:
Epoch 158/200:
2026-06-25 06:08:31,812 - INFO - Train loss: 0.0714 (107.6s)
Train loss: 0.0714 (107.6s)
2026-06-25 06:08:57,347 - INFO - Test instance 0.6921, class 0.6322
Test instance 0.6921, class 0.6322
2026-06-25 06:08:57,350 - INFO - Best instance 0.7030, class 0.6443 (epoch 152)
Best instance 0.7030, class 0.6443 (epoch 152)
2026-06-25 06:08:57,369 - INFO - Epoch 159/200:
Epoch 159/200:
2026-06-25 06:10:44,434 - INFO - Train loss: 0.0720 (107.1s)
Train loss: 0.0720 (107.1s)
2026-06-25 06:11:10,343 - INFO - Test instance 0.6989, class 0.6429
Test instance 0.6989, class 0.6429
2026-06-25 06:11:10,347 - INFO - Best instance 0.7030, class 0.6443 (epoch 152)
Best instance 0.7030, class 0.6443 (epoch 152)
2026-06-25 06:11:10,366 - INFO - Epoch 160/200:
Epoch 160/200:
2026-06-25 06:12:57,443 - INFO - Train loss: 0.0706 (107.1s)
Train loss: 0.0706 (107.1s)
2026-06-25 06:13:23,063 - INFO - Test instance 0.6969, class 0.6395
Test instance 0.6969, class 0.6395
2026-06-25 06:13:23,067 - INFO - Best instance 0.7030, class 0.6443 (epoch 152)
Best instance 0.7030, class 0.6443 (epoch 152)
2026-06-25 06:13:23,085 - INFO - Epoch 161/200:
Epoch 161/200:
2026-06-25 06:15:11,410 - INFO - Train loss: 0.0708 (108.3s)
Train loss: 0.0708 (108.3s)
2026-06-25 06:15:37,100 - INFO - Test instance 0.6888, class 0.6301
Test instance 0.6888, class 0.6301
2026-06-25 06:15:37,105 - INFO - Best instance 0.7030, class 0.6443 (epoch 152)
Best instance 0.7030, class 0.6443 (epoch 152)
2026-06-25 06:15:37,122 - INFO - Epoch 162/200:
Epoch 162/200:
2026-06-25 06:17:24,445 - INFO - Train loss: 0.0713 (107.3s)
Train loss: 0.0713 (107.3s)
2026-06-25 06:17:50,021 - INFO - Test instance 0.6929, class 0.6286
Test instance 0.6929, class 0.6286
2026-06-25 06:17:50,026 - INFO - Best instance 0.7030, class 0.6443 (epoch 152)
Best instance 0.7030, class 0.6443 (epoch 152)
2026-06-25 06:17:50,056 - INFO - Epoch 163/200:
Epoch 163/200:
2026-06-25 06:19:37,181 - INFO - Train loss: 0.0709 (107.1s)
Train loss: 0.0709 (107.1s)
2026-06-25 06:20:02,788 - INFO - Test instance 0.6917, class 0.6384
Test instance 0.6917, class 0.6384
2026-06-25 06:20:02,797 - INFO - Best instance 0.7030, class 0.6443 (epoch 152)
Best instance 0.7030, class 0.6443 (epoch 152)
2026-06-25 06:20:02,819 - INFO - Epoch 164/200:
Epoch 164/200:
2026-06-25 06:21:51,106 - INFO - Train loss: 0.0711 (108.3s)
Train loss: 0.0711 (108.3s)
2026-06-25 06:22:16,762 - INFO - Test instance 0.6921, class 0.6373
Test instance 0.6921, class 0.6373
2026-06-25 06:22:16,766 - INFO - Best instance 0.7030, class 0.6443 (epoch 152)
Best instance 0.7030, class 0.6443 (epoch 152)
2026-06-25 06:22:16,787 - INFO - Epoch 165/200:
Epoch 165/200:
2026-06-25 06:24:04,329 - INFO - Train loss: 0.0707 (107.5s)
Train loss: 0.0707 (107.5s)
2026-06-25 06:24:29,950 - INFO - Test instance 0.6896, class 0.6312
Test instance 0.6896, class 0.6312
2026-06-25 06:24:29,954 - INFO - Best instance 0.7030, class 0.6443 (epoch 152)
Best instance 0.7030, class 0.6443 (epoch 152)
2026-06-25 06:24:29,979 - INFO - Epoch 166/200:
Epoch 166/200:
2026-06-25 06:26:18,305 - INFO - Train loss: 0.0691 (108.3s)
Train loss: 0.0691 (108.3s)
2026-06-25 06:26:44,072 - INFO - Test instance 0.6896, class 0.6318
Test instance 0.6896, class 0.6318
2026-06-25 06:26:44,076 - INFO - Best instance 0.7030, class 0.6443 (epoch 152)
Best instance 0.7030, class 0.6443 (epoch 152)
2026-06-25 06:26:44,097 - INFO - Epoch 167/200:
Epoch 167/200:
2026-06-25 06:28:32,205 - INFO - Train loss: 0.0705 (108.1s)
Train loss: 0.0705 (108.1s)
2026-06-25 06:28:57,800 - INFO - Test instance 0.6937, class 0.6320
Test instance 0.6937, class 0.6320
2026-06-25 06:28:57,805 - INFO - Best instance 0.7030, class 0.6443 (epoch 152)
Best instance 0.7030, class 0.6443 (epoch 152)
2026-06-25 06:28:57,822 - INFO - Epoch 168/200:
Epoch 168/200:
2026-06-25 06:30:46,416 - INFO - Train loss: 0.0705 (108.6s)
Train loss: 0.0705 (108.6s)
2026-06-25 06:31:12,252 - INFO - Test instance 0.6892, class 0.6340
Test instance 0.6892, class 0.6340
2026-06-25 06:31:12,256 - INFO - Best instance 0.7030, class 0.6443 (epoch 152)
Best instance 0.7030, class 0.6443 (epoch 152)
2026-06-25 06:31:12,274 - INFO - Epoch 169/200:
Epoch 169/200:
2026-06-25 06:32:59,668 - INFO - Train loss: 0.0697 (107.4s)
Train loss: 0.0697 (107.4s)
2026-06-25 06:33:25,240 - INFO - Test instance 0.6945, class 0.6407
Test instance 0.6945, class 0.6407
2026-06-25 06:33:25,244 - INFO - Best instance 0.7030, class 0.6443 (epoch 152)
Best instance 0.7030, class 0.6443 (epoch 152)
2026-06-25 06:33:25,265 - INFO - Epoch 170/200:
Epoch 170/200:
2026-06-25 06:35:12,966 - INFO - Train loss: 0.0717 (107.7s)
Train loss: 0.0717 (107.7s)
2026-06-25 06:35:38,677 - INFO - Test instance 0.6994, class 0.6442
Test instance 0.6994, class 0.6442
2026-06-25 06:35:38,681 - INFO - Best instance 0.7030, class 0.6443 (epoch 152)
Best instance 0.7030, class 0.6443 (epoch 152)
2026-06-25 06:35:38,700 - INFO - Epoch 171/200:
Epoch 171/200:
2026-06-25 06:37:26,883 - INFO - Train loss: 0.0707 (108.2s)
Train loss: 0.0707 (108.2s)
2026-06-25 06:37:52,643 - INFO - Test instance 0.6941, class 0.6347
Test instance 0.6941, class 0.6347
2026-06-25 06:37:52,647 - INFO - Best instance 0.7030, class 0.6443 (epoch 152)
Best instance 0.7030, class 0.6443 (epoch 152)
2026-06-25 06:37:52,665 - INFO - Epoch 172/200:
Epoch 172/200:
2026-06-25 06:39:39,026 - INFO - Train loss: 0.0714 (106.4s)
Train loss: 0.0714 (106.4s)
2026-06-25 06:40:04,554 - INFO - Test instance 0.6921, class 0.6377
Test instance 0.6921, class 0.6377
2026-06-25 06:40:04,559 - INFO - Best instance 0.7030, class 0.6443 (epoch 152)
Best instance 0.7030, class 0.6443 (epoch 152)
2026-06-25 06:40:04,579 - INFO - Epoch 173/200:
Epoch 173/200:
2026-06-25 06:41:49,964 - INFO - Train loss: 0.0711 (105.4s)
Train loss: 0.0711 (105.4s)
2026-06-25 06:42:15,331 - INFO - Test instance 0.6945, class 0.6430
Test instance 0.6945, class 0.6430
2026-06-25 06:42:15,335 - INFO - Best instance 0.7030, class 0.6443 (epoch 152)
Best instance 0.7030, class 0.6443 (epoch 152)
2026-06-25 06:42:15,353 - INFO - Epoch 174/200:
Epoch 174/200:
2026-06-25 06:44:01,322 - INFO - Train loss: 0.0706 (106.0s)
Train loss: 0.0706 (106.0s)
2026-06-25 06:44:27,066 - INFO - Test instance 0.7018, class 0.6487
Test instance 0.7018, class 0.6487
2026-06-25 06:44:27,071 - INFO - Best instance 0.7030, class 0.6443 (epoch 152)
Best instance 0.7030, class 0.6443 (epoch 152)
2026-06-25 06:44:27,111 - INFO - Epoch 175/200:
Epoch 175/200:
2026-06-25 06:46:13,501 - INFO - Train loss: 0.0707 (106.4s)
Train loss: 0.0707 (106.4s)
2026-06-25 06:46:38,926 - INFO - Test instance 0.6941, class 0.6445
Test instance 0.6941, class 0.6445
2026-06-25 06:46:38,930 - INFO - Best instance 0.7030, class 0.6443 (epoch 152)
Best instance 0.7030, class 0.6443 (epoch 152)
2026-06-25 06:46:38,950 - INFO - Epoch 176/200:
Epoch 176/200:
2026-06-25 06:48:27,233 - INFO - Train loss: 0.0707 (108.3s)
Train loss: 0.0707 (108.3s)
2026-06-25 06:48:51,741 - INFO - Test instance 0.6945, class 0.6379
Test instance 0.6945, class 0.6379
2026-06-25 06:48:51,746 - INFO - Best instance 0.7030, class 0.6443 (epoch 152)
Best instance 0.7030, class 0.6443 (epoch 152)
2026-06-25 06:48:51,766 - INFO - Epoch 177/200:
Epoch 177/200:
2026-06-25 06:50:39,288 - INFO - Train loss: 0.0711 (107.5s)
Train loss: 0.0711 (107.5s)
2026-06-25 06:51:04,660 - INFO - Test instance 0.6945, class 0.6419
Test instance 0.6945, class 0.6419
2026-06-25 06:51:04,664 - INFO - Best instance 0.7030, class 0.6443 (epoch 152)
Best instance 0.7030, class 0.6443 (epoch 152)
2026-06-25 06:51:04,689 - INFO - Epoch 178/200:
Epoch 178/200:
2026-06-25 06:52:52,744 - INFO - Train loss: 0.0711 (108.1s)
Train loss: 0.0711 (108.1s)
2026-06-25 06:53:18,504 - INFO - Test instance 0.6900, class 0.6368
Test instance 0.6900, class 0.6368
2026-06-25 06:53:18,508 - INFO - Best instance 0.7030, class 0.6443 (epoch 152)
Best instance 0.7030, class 0.6443 (epoch 152)
2026-06-25 06:53:18,527 - INFO - Epoch 179/200:
Epoch 179/200:
2026-06-25 06:55:06,116 - INFO - Train loss: 0.0717 (107.6s)
Train loss: 0.0717 (107.6s)
2026-06-25 06:55:31,644 - INFO - Test instance 0.6945, class 0.6356
Test instance 0.6945, class 0.6356
2026-06-25 06:55:31,649 - INFO - Best instance 0.7030, class 0.6443 (epoch 152)
Best instance 0.7030, class 0.6443 (epoch 152)
2026-06-25 06:55:31,670 - INFO - Epoch 180/200:
Epoch 180/200:
2026-06-25 06:57:18,981 - INFO - Train loss: 0.0708 (107.3s)
Train loss: 0.0708 (107.3s)
2026-06-25 06:57:44,746 - INFO - Test instance 0.6925, class 0.6335
Test instance 0.6925, class 0.6335
2026-06-25 06:57:44,750 - INFO - Best instance 0.7030, class 0.6443 (epoch 152)
Best instance 0.7030, class 0.6443 (epoch 152)
2026-06-25 06:57:44,772 - INFO - Epoch 181/200:
Epoch 181/200:
2026-06-25 06:59:31,593 - INFO - Train loss: 0.0716 (106.8s)
Train loss: 0.0716 (106.8s)
2026-06-25 06:59:57,040 - INFO - Test instance 0.6965, class 0.6435
Test instance 0.6965, class 0.6435
2026-06-25 06:59:57,045 - INFO - Best instance 0.7030, class 0.6443 (epoch 152)
Best instance 0.7030, class 0.6443 (epoch 152)
2026-06-25 06:59:57,068 - INFO - Epoch 182/200:
Epoch 182/200:
2026-06-25 07:01:42,503 - INFO - Train loss: 0.0703 (105.4s)
Train loss: 0.0703 (105.4s)
2026-06-25 07:02:08,496 - INFO - Test instance 0.6965, class 0.6464
Test instance 0.6965, class 0.6464
2026-06-25 07:02:08,500 - INFO - Best instance 0.7030, class 0.6443 (epoch 152)
Best instance 0.7030, class 0.6443 (epoch 152)
2026-06-25 07:02:08,523 - INFO - Epoch 183/200:
Epoch 183/200:
2026-06-25 07:03:53,958 - INFO - Train loss: 0.0706 (105.4s)
Train loss: 0.0706 (105.4s)
2026-06-25 07:04:19,507 - INFO - Test instance 0.6953, class 0.6342
Test instance 0.6953, class 0.6342
2026-06-25 07:04:19,510 - INFO - Best instance 0.7030, class 0.6443 (epoch 152)
Best instance 0.7030, class 0.6443 (epoch 152)
2026-06-25 07:04:19,528 - INFO - Epoch 184/200:
Epoch 184/200:
2026-06-25 07:06:06,394 - INFO - Train loss: 0.0702 (106.9s)
Train loss: 0.0702 (106.9s)
2026-06-25 07:06:32,000 - INFO - Test instance 0.6933, class 0.6397
Test instance 0.6933, class 0.6397
2026-06-25 07:06:32,004 - INFO - Best instance 0.7030, class 0.6443 (epoch 152)
Best instance 0.7030, class 0.6443 (epoch 152)
2026-06-25 07:06:32,027 - INFO - Epoch 185/200:
Epoch 185/200:
2026-06-25 07:08:18,901 - INFO - Train loss: 0.0706 (106.9s)
Train loss: 0.0706 (106.9s)
2026-06-25 07:08:44,823 - INFO - Test instance 0.6941, class 0.6368
Test instance 0.6941, class 0.6368
2026-06-25 07:08:44,827 - INFO - Best instance 0.7030, class 0.6443 (epoch 152)
Best instance 0.7030, class 0.6443 (epoch 152)
2026-06-25 07:08:44,847 - INFO - Epoch 186/200:
Epoch 186/200:
2026-06-25 07:10:33,223 - INFO - Train loss: 0.0708 (108.4s)
Train loss: 0.0708 (108.4s)
2026-06-25 07:10:58,792 - INFO - Test instance 0.7014, class 0.6520
Test instance 0.7014, class 0.6520
2026-06-25 07:10:58,796 - INFO - Best instance 0.7030, class 0.6443 (epoch 152)
Best instance 0.7030, class 0.6443 (epoch 152)
2026-06-25 07:10:58,814 - INFO - Epoch 187/200:
Epoch 187/200:
2026-06-25 07:12:46,950 - INFO - Train loss: 0.0696 (108.1s)
Train loss: 0.0696 (108.1s)
2026-06-25 07:13:12,582 - INFO - Test instance 0.6985, class 0.6402
Test instance 0.6985, class 0.6402
2026-06-25 07:13:12,587 - INFO - Best instance 0.7030, class 0.6443 (epoch 152)
Best instance 0.7030, class 0.6443 (epoch 152)
2026-06-25 07:13:12,605 - INFO - Epoch 188/200:
Epoch 188/200:
2026-06-25 07:15:00,126 - INFO - Train loss: 0.0712 (107.5s)
Train loss: 0.0712 (107.5s)
2026-06-25 07:15:26,040 - INFO - Test instance 0.7010, class 0.6443
Test instance 0.7010, class 0.6443
2026-06-25 07:15:26,045 - INFO - Best instance 0.7030, class 0.6443 (epoch 152)
Best instance 0.7030, class 0.6443 (epoch 152)
2026-06-25 07:15:26,063 - INFO - Epoch 189/200:
Epoch 189/200:
2026-06-25 07:17:13,501 - INFO - Train loss: 0.0699 (107.4s)
Train loss: 0.0699 (107.4s)
2026-06-25 07:17:39,032 - INFO - Test instance 0.6981, class 0.6455
Test instance 0.6981, class 0.6455
2026-06-25 07:17:39,036 - INFO - Best instance 0.7030, class 0.6443 (epoch 152)
Best instance 0.7030, class 0.6443 (epoch 152)
2026-06-25 07:17:39,055 - INFO - Epoch 190/200:
Epoch 190/200:
2026-06-25 07:19:26,560 - INFO - Train loss: 0.0696 (107.5s)
Train loss: 0.0696 (107.5s)
2026-06-25 07:19:52,443 - INFO - Test instance 0.6917, class 0.6379
Test instance 0.6917, class 0.6379
2026-06-25 07:19:52,448 - INFO - Best instance 0.7030, class 0.6443 (epoch 152)
Best instance 0.7030, class 0.6443 (epoch 152)
2026-06-25 07:19:52,466 - INFO - Epoch 191/200:
Epoch 191/200:
2026-06-25 07:21:39,684 - INFO - Train loss: 0.0699 (107.2s)
Train loss: 0.0699 (107.2s)
2026-06-25 07:22:06,456 - INFO - Test instance 0.6961, class 0.6395
Test instance 0.6961, class 0.6395
2026-06-25 07:22:06,460 - INFO - Best instance 0.7030, class 0.6443 (epoch 152)
Best instance 0.7030, class 0.6443 (epoch 152)
2026-06-25 07:22:06,479 - INFO - Epoch 192/200:
Epoch 192/200:
2026-06-25 07:23:54,570 - INFO - Train loss: 0.0707 (108.1s)
Train loss: 0.0707 (108.1s)
2026-06-25 07:24:20,407 - INFO - Test instance 0.6969, class 0.6370
Test instance 0.6969, class 0.6370
2026-06-25 07:24:20,412 - INFO - Best instance 0.7030, class 0.6443 (epoch 152)
Best instance 0.7030, class 0.6443 (epoch 152)
2026-06-25 07:24:20,433 - INFO - Epoch 193/200:
Epoch 193/200:
2026-06-25 07:26:08,144 - INFO - Train loss: 0.0713 (107.7s)
Train loss: 0.0713 (107.7s)
2026-06-25 07:26:33,655 - INFO - Test instance 0.6969, class 0.6453
Test instance 0.6969, class 0.6453
2026-06-25 07:26:33,658 - INFO - Best instance 0.7030, class 0.6443 (epoch 152)
Best instance 0.7030, class 0.6443 (epoch 152)
2026-06-25 07:26:33,681 - INFO - Epoch 194/200:
Epoch 194/200:
2026-06-25 07:28:21,632 - INFO - Train loss: 0.0698 (108.0s)
Train loss: 0.0698 (108.0s)
2026-06-25 07:28:47,428 - INFO - Test instance 0.6945, class 0.6384
Test instance 0.6945, class 0.6384
2026-06-25 07:28:47,432 - INFO - Best instance 0.7030, class 0.6443 (epoch 152)
Best instance 0.7030, class 0.6443 (epoch 152)
2026-06-25 07:28:47,452 - INFO - Epoch 195/200:
Epoch 195/200:
2026-06-25 07:30:34,955 - INFO - Train loss: 0.0707 (107.5s)
Train loss: 0.0707 (107.5s)
2026-06-25 07:31:00,389 - INFO - Test instance 0.6985, class 0.6471
Test instance 0.6985, class 0.6471
2026-06-25 07:31:00,393 - INFO - Best instance 0.7030, class 0.6443 (epoch 152)
Best instance 0.7030, class 0.6443 (epoch 152)
2026-06-25 07:31:00,413 - INFO - Epoch 196/200:
Epoch 196/200:
2026-06-25 07:32:47,254 - INFO - Train loss: 0.0704 (106.8s)
Train loss: 0.0704 (106.8s)
2026-06-25 07:33:12,934 - INFO - Test instance 0.6945, class 0.6336
Test instance 0.6945, class 0.6336
2026-06-25 07:33:12,939 - INFO - Best instance 0.7030, class 0.6443 (epoch 152)
Best instance 0.7030, class 0.6443 (epoch 152)
2026-06-25 07:33:12,962 - INFO - Epoch 197/200:
Epoch 197/200:
2026-06-25 07:35:00,182 - INFO - Train loss: 0.0700 (107.2s)
Train loss: 0.0700 (107.2s)
2026-06-25 07:35:25,842 - INFO - Test instance 0.6973, class 0.6425
Test instance 0.6973, class 0.6425
2026-06-25 07:35:25,845 - INFO - Best instance 0.7030, class 0.6443 (epoch 152)
Best instance 0.7030, class 0.6443 (epoch 152)
2026-06-25 07:35:25,863 - INFO - Epoch 198/200:
Epoch 198/200:
2026-06-25 07:37:12,895 - INFO - Train loss: 0.0700 (107.0s)
Train loss: 0.0700 (107.0s)
2026-06-25 07:37:38,665 - INFO - Test instance 0.7010, class 0.6441
Test instance 0.7010, class 0.6441
2026-06-25 07:37:38,669 - INFO - Best instance 0.7030, class 0.6443 (epoch 152)
Best instance 0.7030, class 0.6443 (epoch 152)
2026-06-25 07:37:38,690 - INFO - Epoch 199/200:
Epoch 199/200:
2026-06-25 07:39:25,948 - INFO - Train loss: 0.0707 (107.3s)
Train loss: 0.0707 (107.3s)
2026-06-25 07:39:51,512 - INFO - Test instance 0.6957, class 0.6371
Test instance 0.6957, class 0.6371
2026-06-25 07:39:51,516 - INFO - Best instance 0.7030, class 0.6443 (epoch 152)
Best instance 0.7030, class 0.6443 (epoch 152)
2026-06-25 07:39:51,534 - INFO - Epoch 200/200:
Epoch 200/200:
2026-06-25 07:41:38,808 - INFO - Train loss: 0.0703 (107.3s)
Train loss: 0.0703 (107.3s)
2026-06-25 07:42:04,816 - INFO - Test instance 0.6969, class 0.6362
Test instance 0.6969, class 0.6362
2026-06-25 07:42:04,821 - INFO - Best instance 0.7030, class 0.6443 (epoch 152)
Best instance 0.7030, class 0.6443 (epoch 152)
2026-06-25 07:42:49,164 - INFO - Student 1.44 MB, 124.82 ms
Student 1.44 MB, 124.82 ms
