[Thu Jun 25 00:17:58 EDT 2026] task 59 on GPU 0: python flkd/advanced_kd_train_classification.py --teacher_model pointnet2_cls_ssg --student_model small_pointnet2 --kd_strategy sp --dataset modelnet40 --seed 7 --batch_size 48 --epoch 200 --num_point 1024 --teacher_path "outputs/modelnet40/flkd/federated/classification/fl_pointnet2_cls_ssg_fedprox_s7/checkpoints/best_model.pth" --log_dir kd_pointnet2_cls_ssg_fedprox+sp_small_pointnet2_s7 --beta 0.5 --data_root data --output_root outputs --num_workers -1 --max_runtime_hours 166.0
The size of train data is 9843
The size of test data is 2468
Loaded teacher from outputs/modelnet40/flkd/federated/classification/fl_pointnet2_cls_ssg_fedprox_s7/checkpoints/best_model.pth
2026-06-25 00:18:00,610 - INFO - PARAMETER ...
2026-06-25 00:18:00,611 - INFO - {'use_cpu': False, 'no_amp': False, 'gpu': '0', 'num_workers': -1, 'batch_size': 48, 'teacher_model': 'pointnet2_cls_ssg', 'student_model': 'small_pointnet2', 'num_category': 40, 'dataset': 'modelnet40', 'data_root': 'data', 'output_root': 'outputs', 'train_split': 0.8, 'dataset_seed': 0, 'cache_dataset': True, 'min_class_samples': 1, 'epoch': 200, 'learning_rate': 0.001, 'num_point': 1024, 'optimizer': 'Adam', 'log_dir': 'kd_pointnet2_cls_ssg_fedprox+sp_small_pointnet2_s7', 'decay_rate': 0.0001, 'use_normals': False, 'process_data': False, 'use_uniform_sample': False, 'resume': True, 'kd_strategy': 'sp', 'alpha': 0.5, 'temperature': 2.0, 'beta': 0.5, 'dkd_alpha': 1.0, 'dkd_beta': 8.0, 'crd_temperature': 0.07, 'teacher_path': 'outputs/modelnet40/flkd/federated/classification/fl_pointnet2_cls_ssg_fedprox_s7/checkpoints/best_model.pth', 'teacher_paths': None, 'teacher_weights': None, 'use_hard_labels': 'on', 'unlabeled': False, 'temperature_sweep': None, 'seed': 7, 'max_runtime_hours': 166.0}
2026-06-25 00:18:00,689 - INFO - KD=sp student=small_pointnet2 AMP=False use_hard=True unlabeled=False T=2.0
KD=sp student=small_pointnet2 AMP=False use_hard=True unlabeled=False T=2.0
2026-06-25 00:18:07,805 - INFO - Epoch 1/200:
Epoch 1/200:
2026-06-25 00:20:06,607 - INFO - Train loss: 0.3083 (118.8s)
Train loss: 0.3083 (118.8s)
2026-06-25 00:20:32,263 - INFO - Test instance 0.2759, class 0.2309
Test instance 0.2759, class 0.2309
2026-06-25 00:20:32,285 - INFO - Best instance 0.2759, class 0.2309 (epoch 1)
Best instance 0.2759, class 0.2309 (epoch 1)
2026-06-25 00:20:32,302 - INFO - Epoch 2/200:
Epoch 2/200:
2026-06-25 00:22:15,987 - INFO - Train loss: 0.1655 (103.7s)
Train loss: 0.1655 (103.7s)
2026-06-25 00:22:41,315 - INFO - Test instance 0.4911, class 0.4061
Test instance 0.4911, class 0.4061
2026-06-25 00:22:41,339 - INFO - Best instance 0.4911, class 0.4061 (epoch 2)
Best instance 0.4911, class 0.4061 (epoch 2)
2026-06-25 00:22:41,357 - INFO - Epoch 3/200:
Epoch 3/200:
2026-06-25 00:24:25,639 - INFO - Train loss: 0.1254 (104.3s)
Train loss: 0.1254 (104.3s)
2026-06-25 00:24:51,069 - INFO - Test instance 0.5454, class 0.4644
Test instance 0.5454, class 0.4644
2026-06-25 00:24:51,093 - INFO - Best instance 0.5454, class 0.4644 (epoch 3)
Best instance 0.5454, class 0.4644 (epoch 3)
2026-06-25 00:24:51,109 - INFO - Epoch 4/200:
Epoch 4/200:
2026-06-25 00:26:36,023 - INFO - Train loss: 0.1112 (104.9s)
Train loss: 0.1112 (104.9s)
2026-06-25 00:27:01,712 - INFO - Test instance 0.5936, class 0.5094
Test instance 0.5936, class 0.5094
2026-06-25 00:27:01,737 - INFO - Best instance 0.5936, class 0.5094 (epoch 4)
Best instance 0.5936, class 0.5094 (epoch 4)
2026-06-25 00:27:01,754 - INFO - Epoch 5/200:
Epoch 5/200:
2026-06-25 00:28:47,070 - INFO - Train loss: 0.1012 (105.3s)
Train loss: 0.1012 (105.3s)
2026-06-25 00:29:12,364 - INFO - Test instance 0.5733, class 0.4844
Test instance 0.5733, class 0.4844
2026-06-25 00:29:12,369 - INFO - Best instance 0.5936, class 0.5094 (epoch 4)
Best instance 0.5936, class 0.5094 (epoch 4)
2026-06-25 00:29:12,388 - INFO - Epoch 6/200:
Epoch 6/200:
2026-06-25 00:30:56,585 - INFO - Train loss: 0.0976 (104.2s)
Train loss: 0.0976 (104.2s)
2026-06-25 00:31:21,973 - INFO - Test instance 0.6228, class 0.5527
Test instance 0.6228, class 0.5527
2026-06-25 00:31:21,994 - INFO - Best instance 0.6228, class 0.5527 (epoch 6)
Best instance 0.6228, class 0.5527 (epoch 6)
2026-06-25 00:31:22,011 - INFO - Epoch 7/200:
Epoch 7/200:
2026-06-25 00:33:06,213 - INFO - Train loss: 0.0927 (104.2s)
Train loss: 0.0927 (104.2s)
2026-06-25 00:33:31,519 - INFO - Test instance 0.6167, class 0.5342
Test instance 0.6167, class 0.5342
2026-06-25 00:33:31,522 - INFO - Best instance 0.6228, class 0.5527 (epoch 6)
Best instance 0.6228, class 0.5527 (epoch 6)
2026-06-25 00:33:31,540 - INFO - Epoch 8/200:
Epoch 8/200:
2026-06-25 00:35:17,880 - INFO - Train loss: 0.0910 (106.3s)
Train loss: 0.0910 (106.3s)
2026-06-25 00:35:43,503 - INFO - Test instance 0.6199, class 0.5277
Test instance 0.6199, class 0.5277
2026-06-25 00:35:43,507 - INFO - Best instance 0.6228, class 0.5527 (epoch 6)
Best instance 0.6228, class 0.5527 (epoch 6)
2026-06-25 00:35:43,527 - INFO - Epoch 9/200:
Epoch 9/200:
2026-06-25 00:37:28,418 - INFO - Train loss: 0.0895 (104.9s)
Train loss: 0.0895 (104.9s)
2026-06-25 00:37:53,800 - INFO - Test instance 0.6102, class 0.5237
Test instance 0.6102, class 0.5237
2026-06-25 00:37:53,804 - INFO - Best instance 0.6228, class 0.5527 (epoch 6)
Best instance 0.6228, class 0.5527 (epoch 6)
2026-06-25 00:37:53,823 - INFO - Epoch 10/200:
Epoch 10/200:
2026-06-25 00:39:38,558 - INFO - Train loss: 0.0883 (104.7s)
Train loss: 0.0883 (104.7s)
2026-06-25 00:40:04,325 - INFO - Test instance 0.6191, class 0.5436
Test instance 0.6191, class 0.5436
2026-06-25 00:40:04,327 - INFO - Best instance 0.6228, class 0.5527 (epoch 6)
Best instance 0.6228, class 0.5527 (epoch 6)
2026-06-25 00:40:04,349 - INFO - Epoch 11/200:
Epoch 11/200:
2026-06-25 00:41:50,682 - INFO - Train loss: 0.0871 (106.3s)
Train loss: 0.0871 (106.3s)
2026-06-25 00:42:16,773 - INFO - Test instance 0.6167, class 0.5516
Test instance 0.6167, class 0.5516
2026-06-25 00:42:16,776 - INFO - Best instance 0.6228, class 0.5527 (epoch 6)
Best instance 0.6228, class 0.5527 (epoch 6)
2026-06-25 00:42:16,801 - INFO - Epoch 12/200:
Epoch 12/200:
2026-06-25 00:44:03,015 - INFO - Train loss: 0.0852 (106.2s)
Train loss: 0.0852 (106.2s)
2026-06-25 00:44:28,284 - INFO - Test instance 0.6147, class 0.5352
Test instance 0.6147, class 0.5352
2026-06-25 00:44:28,287 - INFO - Best instance 0.6228, class 0.5527 (epoch 6)
Best instance 0.6228, class 0.5527 (epoch 6)
2026-06-25 00:44:28,307 - INFO - Epoch 13/200:
Epoch 13/200:
2026-06-25 00:46:14,049 - INFO - Train loss: 0.0844 (105.7s)
Train loss: 0.0844 (105.7s)
2026-06-25 00:46:39,495 - INFO - Test instance 0.6341, class 0.5731
Test instance 0.6341, class 0.5731
2026-06-25 00:46:39,517 - INFO - Best instance 0.6341, class 0.5731 (epoch 13)
Best instance 0.6341, class 0.5731 (epoch 13)
2026-06-25 00:46:39,533 - INFO - Epoch 14/200:
Epoch 14/200:
2026-06-25 00:48:24,332 - INFO - Train loss: 0.0854 (104.8s)
Train loss: 0.0854 (104.8s)
2026-06-25 00:48:49,886 - INFO - Test instance 0.6297, class 0.5512
Test instance 0.6297, class 0.5512
2026-06-25 00:48:49,889 - INFO - Best instance 0.6341, class 0.5731 (epoch 13)
Best instance 0.6341, class 0.5731 (epoch 13)
2026-06-25 00:48:49,908 - INFO - Epoch 15/200:
Epoch 15/200:
2026-06-25 00:50:34,479 - INFO - Train loss: 0.0837 (104.6s)
Train loss: 0.0837 (104.6s)
2026-06-25 00:50:59,819 - INFO - Test instance 0.6272, class 0.5473
Test instance 0.6272, class 0.5473
2026-06-25 00:50:59,822 - INFO - Best instance 0.6341, class 0.5731 (epoch 13)
Best instance 0.6341, class 0.5731 (epoch 13)
2026-06-25 00:50:59,842 - INFO - Epoch 16/200:
Epoch 16/200:
2026-06-25 00:52:45,212 - INFO - Train loss: 0.0832 (105.4s)
Train loss: 0.0832 (105.4s)
2026-06-25 00:53:10,934 - INFO - Test instance 0.6305, class 0.5476
Test instance 0.6305, class 0.5476
2026-06-25 00:53:10,938 - INFO - Best instance 0.6341, class 0.5731 (epoch 13)
Best instance 0.6341, class 0.5731 (epoch 13)
2026-06-25 00:53:10,959 - INFO - Epoch 17/200:
Epoch 17/200:
2026-06-25 00:54:55,775 - INFO - Train loss: 0.0849 (104.8s)
Train loss: 0.0849 (104.8s)
2026-06-25 00:55:21,369 - INFO - Test instance 0.6390, class 0.5548
Test instance 0.6390, class 0.5548
2026-06-25 00:55:21,393 - INFO - Best instance 0.6390, class 0.5548 (epoch 17)
Best instance 0.6390, class 0.5548 (epoch 17)
2026-06-25 00:55:21,410 - INFO - Epoch 18/200:
Epoch 18/200:
2026-06-25 00:57:07,010 - INFO - Train loss: 0.0838 (105.6s)
Train loss: 0.0838 (105.6s)
2026-06-25 00:57:32,561 - INFO - Test instance 0.6337, class 0.5662
Test instance 0.6337, class 0.5662
2026-06-25 00:57:32,564 - INFO - Best instance 0.6390, class 0.5548 (epoch 17)
Best instance 0.6390, class 0.5548 (epoch 17)
2026-06-25 00:57:32,588 - INFO - Epoch 19/200:
Epoch 19/200:
2026-06-25 00:59:18,763 - INFO - Train loss: 0.0835 (106.2s)
Train loss: 0.0835 (106.2s)
2026-06-25 00:59:44,296 - INFO - Test instance 0.6143, class 0.5376
Test instance 0.6143, class 0.5376
2026-06-25 00:59:44,299 - INFO - Best instance 0.6390, class 0.5548 (epoch 17)
Best instance 0.6390, class 0.5548 (epoch 17)
2026-06-25 00:59:44,320 - INFO - Epoch 20/200:
Epoch 20/200:
2026-06-25 01:01:29,882 - INFO - Train loss: 0.0837 (105.6s)
Train loss: 0.0837 (105.6s)
2026-06-25 01:01:55,061 - INFO - Test instance 0.6297, class 0.5578
Test instance 0.6297, class 0.5578
2026-06-25 01:01:55,065 - INFO - Best instance 0.6390, class 0.5548 (epoch 17)
Best instance 0.6390, class 0.5548 (epoch 17)
2026-06-25 01:01:55,089 - INFO - Epoch 21/200:
Epoch 21/200:
2026-06-25 01:03:42,636 - INFO - Train loss: 0.0792 (107.5s)
Train loss: 0.0792 (107.5s)
2026-06-25 01:04:08,225 - INFO - Test instance 0.6645, class 0.5997
Test instance 0.6645, class 0.5997
2026-06-25 01:04:08,248 - INFO - Best instance 0.6645, class 0.5997 (epoch 21)
Best instance 0.6645, class 0.5997 (epoch 21)
2026-06-25 01:04:08,266 - INFO - Epoch 22/200:
Epoch 22/200:
2026-06-25 01:05:55,941 - INFO - Train loss: 0.0780 (107.7s)
Train loss: 0.0780 (107.7s)
2026-06-25 01:06:21,158 - INFO - Test instance 0.6532, class 0.5759
Test instance 0.6532, class 0.5759
2026-06-25 01:06:21,163 - INFO - Best instance 0.6645, class 0.5997 (epoch 21)
Best instance 0.6645, class 0.5997 (epoch 21)
2026-06-25 01:06:21,181 - INFO - Epoch 23/200:
Epoch 23/200:
2026-06-25 01:08:08,732 - INFO - Train loss: 0.0785 (107.6s)
Train loss: 0.0785 (107.6s)
2026-06-25 01:08:34,301 - INFO - Test instance 0.6390, class 0.5550
Test instance 0.6390, class 0.5550
2026-06-25 01:08:34,305 - INFO - Best instance 0.6645, class 0.5997 (epoch 21)
Best instance 0.6645, class 0.5997 (epoch 21)
2026-06-25 01:08:34,327 - INFO - Epoch 24/200:
Epoch 24/200:
2026-06-25 01:10:20,929 - INFO - Train loss: 0.0795 (106.6s)
Train loss: 0.0795 (106.6s)
2026-06-25 01:10:46,147 - INFO - Test instance 0.6349, class 0.5725
Test instance 0.6349, class 0.5725
2026-06-25 01:10:46,151 - INFO - Best instance 0.6645, class 0.5997 (epoch 21)
Best instance 0.6645, class 0.5997 (epoch 21)
2026-06-25 01:10:46,171 - INFO - Epoch 25/200:
Epoch 25/200:
2026-06-25 01:12:30,805 - INFO - Train loss: 0.0793 (104.6s)
Train loss: 0.0793 (104.6s)
2026-06-25 01:12:56,179 - INFO - Test instance 0.6159, class 0.5483
Test instance 0.6159, class 0.5483
2026-06-25 01:12:56,182 - INFO - Best instance 0.6645, class 0.5997 (epoch 21)
Best instance 0.6645, class 0.5997 (epoch 21)
2026-06-25 01:12:56,201 - INFO - Epoch 26/200:
Epoch 26/200:
2026-06-25 01:14:39,976 - INFO - Train loss: 0.0781 (103.8s)
Train loss: 0.0781 (103.8s)
2026-06-25 01:15:05,124 - INFO - Test instance 0.6370, class 0.5592
Test instance 0.6370, class 0.5592
2026-06-25 01:15:05,128 - INFO - Best instance 0.6645, class 0.5997 (epoch 21)
Best instance 0.6645, class 0.5997 (epoch 21)
2026-06-25 01:15:05,150 - INFO - Epoch 27/200:
Epoch 27/200:
2026-06-25 01:16:49,849 - INFO - Train loss: 0.0785 (104.7s)
Train loss: 0.0785 (104.7s)
2026-06-25 01:17:15,373 - INFO - Test instance 0.6734, class 0.5969
Test instance 0.6734, class 0.5969
2026-06-25 01:17:15,395 - INFO - Best instance 0.6734, class 0.5969 (epoch 27)
Best instance 0.6734, class 0.5969 (epoch 27)
2026-06-25 01:17:15,412 - INFO - Epoch 28/200:
Epoch 28/200:
2026-06-25 01:19:00,060 - INFO - Train loss: 0.0786 (104.6s)
Train loss: 0.0786 (104.6s)
2026-06-25 01:19:25,457 - INFO - Test instance 0.6406, class 0.5599
Test instance 0.6406, class 0.5599
2026-06-25 01:19:25,462 - INFO - Best instance 0.6734, class 0.5969 (epoch 27)
Best instance 0.6734, class 0.5969 (epoch 27)
2026-06-25 01:19:25,482 - INFO - Epoch 29/200:
Epoch 29/200:
2026-06-25 01:21:09,523 - INFO - Train loss: 0.0777 (104.0s)
Train loss: 0.0777 (104.0s)
2026-06-25 01:21:35,024 - INFO - Test instance 0.6418, class 0.5754
Test instance 0.6418, class 0.5754
2026-06-25 01:21:35,028 - INFO - Best instance 0.6734, class 0.5969 (epoch 27)
Best instance 0.6734, class 0.5969 (epoch 27)
2026-06-25 01:21:35,050 - INFO - Epoch 30/200:
Epoch 30/200:
2026-06-25 01:23:17,884 - INFO - Train loss: 0.0790 (102.8s)
Train loss: 0.0790 (102.8s)
2026-06-25 01:23:43,377 - INFO - Test instance 0.6374, class 0.5738
Test instance 0.6374, class 0.5738
2026-06-25 01:23:43,381 - INFO - Best instance 0.6734, class 0.5969 (epoch 27)
Best instance 0.6734, class 0.5969 (epoch 27)
2026-06-25 01:23:43,431 - INFO - Epoch 31/200:
Epoch 31/200:
2026-06-25 01:25:27,621 - INFO - Train loss: 0.0786 (104.2s)
Train loss: 0.0786 (104.2s)
2026-06-25 01:25:53,208 - INFO - Test instance 0.6528, class 0.5791
Test instance 0.6528, class 0.5791
2026-06-25 01:25:53,213 - INFO - Best instance 0.6734, class 0.5969 (epoch 27)
Best instance 0.6734, class 0.5969 (epoch 27)
2026-06-25 01:25:53,232 - INFO - Epoch 32/200:
Epoch 32/200:
2026-06-25 01:27:37,012 - INFO - Train loss: 0.0782 (103.8s)
Train loss: 0.0782 (103.8s)
2026-06-25 01:28:02,306 - INFO - Test instance 0.6682, class 0.5850
Test instance 0.6682, class 0.5850
2026-06-25 01:28:02,310 - INFO - Best instance 0.6734, class 0.5969 (epoch 27)
Best instance 0.6734, class 0.5969 (epoch 27)
2026-06-25 01:28:02,330 - INFO - Epoch 33/200:
Epoch 33/200:
2026-06-25 01:29:45,625 - INFO - Train loss: 0.0781 (103.3s)
Train loss: 0.0781 (103.3s)
2026-06-25 01:30:11,814 - INFO - Test instance 0.6463, class 0.5636
Test instance 0.6463, class 0.5636
2026-06-25 01:30:11,818 - INFO - Best instance 0.6734, class 0.5969 (epoch 27)
Best instance 0.6734, class 0.5969 (epoch 27)
2026-06-25 01:30:11,837 - INFO - Epoch 34/200:
Epoch 34/200:
2026-06-25 01:31:55,422 - INFO - Train loss: 0.0784 (103.6s)
Train loss: 0.0784 (103.6s)
2026-06-25 01:32:20,895 - INFO - Test instance 0.6669, class 0.5843
Test instance 0.6669, class 0.5843
2026-06-25 01:32:20,899 - INFO - Best instance 0.6734, class 0.5969 (epoch 27)
Best instance 0.6734, class 0.5969 (epoch 27)
2026-06-25 01:32:20,921 - INFO - Epoch 35/200:
Epoch 35/200:
2026-06-25 01:34:04,426 - INFO - Train loss: 0.0783 (103.5s)
Train loss: 0.0783 (103.5s)
2026-06-25 01:34:29,718 - INFO - Test instance 0.6759, class 0.5960
Test instance 0.6759, class 0.5960
2026-06-25 01:34:29,744 - INFO - Best instance 0.6759, class 0.5960 (epoch 35)
Best instance 0.6759, class 0.5960 (epoch 35)
2026-06-25 01:34:29,760 - INFO - Epoch 36/200:
Epoch 36/200:
2026-06-25 01:36:13,490 - INFO - Train loss: 0.0776 (103.7s)
Train loss: 0.0776 (103.7s)
2026-06-25 01:36:39,156 - INFO - Test instance 0.6386, class 0.5711
Test instance 0.6386, class 0.5711
2026-06-25 01:36:39,160 - INFO - Best instance 0.6759, class 0.5960 (epoch 35)
Best instance 0.6759, class 0.5960 (epoch 35)
2026-06-25 01:36:39,183 - INFO - Epoch 37/200:
Epoch 37/200:
2026-06-25 01:38:22,876 - INFO - Train loss: 0.0786 (103.7s)
Train loss: 0.0786 (103.7s)
2026-06-25 01:38:48,636 - INFO - Test instance 0.6361, class 0.5481
Test instance 0.6361, class 0.5481
2026-06-25 01:38:48,641 - INFO - Best instance 0.6759, class 0.5960 (epoch 35)
Best instance 0.6759, class 0.5960 (epoch 35)
2026-06-25 01:38:48,663 - INFO - Epoch 38/200:
Epoch 38/200:
2026-06-25 01:40:33,835 - INFO - Train loss: 0.0771 (105.2s)
Train loss: 0.0771 (105.2s)
2026-06-25 01:40:59,392 - INFO - Test instance 0.6511, class 0.5677
Test instance 0.6511, class 0.5677
2026-06-25 01:40:59,396 - INFO - Best instance 0.6759, class 0.5960 (epoch 35)
Best instance 0.6759, class 0.5960 (epoch 35)
2026-06-25 01:40:59,415 - INFO - Epoch 39/200:
Epoch 39/200:
2026-06-25 01:42:43,479 - INFO - Train loss: 0.0777 (104.1s)
Train loss: 0.0777 (104.1s)
2026-06-25 01:43:09,341 - INFO - Test instance 0.6394, class 0.5720
Test instance 0.6394, class 0.5720
2026-06-25 01:43:09,346 - INFO - Best instance 0.6759, class 0.5960 (epoch 35)
Best instance 0.6759, class 0.5960 (epoch 35)
2026-06-25 01:43:09,365 - INFO - Epoch 40/200:
Epoch 40/200:
2026-06-25 01:44:52,954 - INFO - Train loss: 0.0776 (103.6s)
Train loss: 0.0776 (103.6s)
2026-06-25 01:45:18,467 - INFO - Test instance 0.6524, class 0.5724
Test instance 0.6524, class 0.5724
2026-06-25 01:45:18,471 - INFO - Best instance 0.6759, class 0.5960 (epoch 35)
Best instance 0.6759, class 0.5960 (epoch 35)
2026-06-25 01:45:18,497 - INFO - Epoch 41/200:
Epoch 41/200:
2026-06-25 01:47:02,197 - INFO - Train loss: 0.0752 (103.7s)
Train loss: 0.0752 (103.7s)
2026-06-25 01:47:27,594 - INFO - Test instance 0.6665, class 0.5990
Test instance 0.6665, class 0.5990
2026-06-25 01:47:27,598 - INFO - Best instance 0.6759, class 0.5960 (epoch 35)
Best instance 0.6759, class 0.5960 (epoch 35)
2026-06-25 01:47:27,620 - INFO - Epoch 42/200:
Epoch 42/200:
2026-06-25 01:49:11,836 - INFO - Train loss: 0.0740 (104.2s)
Train loss: 0.0740 (104.2s)
2026-06-25 01:49:37,425 - INFO - Test instance 0.6609, class 0.5850
Test instance 0.6609, class 0.5850
2026-06-25 01:49:37,429 - INFO - Best instance 0.6759, class 0.5960 (epoch 35)
Best instance 0.6759, class 0.5960 (epoch 35)
2026-06-25 01:49:37,451 - INFO - Epoch 43/200:
Epoch 43/200:
2026-06-25 01:51:21,835 - INFO - Train loss: 0.0742 (104.4s)
Train loss: 0.0742 (104.4s)
2026-06-25 01:51:47,132 - INFO - Test instance 0.6560, class 0.5893
Test instance 0.6560, class 0.5893
2026-06-25 01:51:47,136 - INFO - Best instance 0.6759, class 0.5960 (epoch 35)
Best instance 0.6759, class 0.5960 (epoch 35)
2026-06-25 01:51:47,154 - INFO - Epoch 44/200:
Epoch 44/200:
2026-06-25 01:53:30,689 - INFO - Train loss: 0.0749 (103.5s)
Train loss: 0.0749 (103.5s)
2026-06-25 01:53:56,091 - INFO - Test instance 0.6503, class 0.5816
Test instance 0.6503, class 0.5816
2026-06-25 01:53:56,097 - INFO - Best instance 0.6759, class 0.5960 (epoch 35)
Best instance 0.6759, class 0.5960 (epoch 35)
2026-06-25 01:53:56,126 - INFO - Epoch 45/200:
Epoch 45/200:
2026-06-25 01:55:40,079 - INFO - Train loss: 0.0746 (104.0s)
Train loss: 0.0746 (104.0s)
2026-06-25 01:56:05,542 - INFO - Test instance 0.6718, class 0.5904
Test instance 0.6718, class 0.5904
2026-06-25 01:56:05,546 - INFO - Best instance 0.6759, class 0.5960 (epoch 35)
Best instance 0.6759, class 0.5960 (epoch 35)
2026-06-25 01:56:05,564 - INFO - Epoch 46/200:
Epoch 46/200:
2026-06-25 01:57:49,083 - INFO - Train loss: 0.0753 (103.5s)
Train loss: 0.0753 (103.5s)
2026-06-25 01:58:14,632 - INFO - Test instance 0.6738, class 0.6006
Test instance 0.6738, class 0.6006
2026-06-25 01:58:14,636 - INFO - Best instance 0.6759, class 0.5960 (epoch 35)
Best instance 0.6759, class 0.5960 (epoch 35)
2026-06-25 01:58:14,655 - INFO - Epoch 47/200:
Epoch 47/200:
2026-06-25 01:59:58,495 - INFO - Train loss: 0.0746 (103.8s)
Train loss: 0.0746 (103.8s)
2026-06-25 02:00:23,982 - INFO - Test instance 0.6775, class 0.6085
Test instance 0.6775, class 0.6085
2026-06-25 02:00:24,006 - INFO - Best instance 0.6775, class 0.6085 (epoch 47)
Best instance 0.6775, class 0.6085 (epoch 47)
2026-06-25 02:00:24,025 - INFO - Epoch 48/200:
Epoch 48/200:
2026-06-25 02:02:08,381 - INFO - Train loss: 0.0739 (104.4s)
Train loss: 0.0739 (104.4s)
2026-06-25 02:02:33,868 - INFO - Test instance 0.6584, class 0.5707
Test instance 0.6584, class 0.5707
2026-06-25 02:02:33,871 - INFO - Best instance 0.6775, class 0.6085 (epoch 47)
Best instance 0.6775, class 0.6085 (epoch 47)
2026-06-25 02:02:33,895 - INFO - Epoch 49/200:
Epoch 49/200:
2026-06-25 02:04:30,323 - INFO - Train loss: 0.0750 (116.4s)
Train loss: 0.0750 (116.4s)
2026-06-25 02:04:55,878 - INFO - Test instance 0.6811, class 0.6182
Test instance 0.6811, class 0.6182
2026-06-25 02:04:55,905 - INFO - Best instance 0.6811, class 0.6182 (epoch 49)
Best instance 0.6811, class 0.6182 (epoch 49)
2026-06-25 02:04:55,922 - INFO - Epoch 50/200:
Epoch 50/200:
2026-06-25 02:06:40,123 - INFO - Train loss: 0.0745 (104.2s)
Train loss: 0.0745 (104.2s)
2026-06-25 02:07:05,758 - INFO - Test instance 0.6759, class 0.6040
Test instance 0.6759, class 0.6040
2026-06-25 02:07:05,762 - INFO - Best instance 0.6811, class 0.6182 (epoch 49)
Best instance 0.6811, class 0.6182 (epoch 49)
2026-06-25 02:07:05,785 - INFO - Epoch 51/200:
Epoch 51/200:
2026-06-25 02:08:49,590 - INFO - Train loss: 0.0739 (103.8s)
Train loss: 0.0739 (103.8s)
2026-06-25 02:09:14,987 - INFO - Test instance 0.6738, class 0.6040
Test instance 0.6738, class 0.6040
2026-06-25 02:09:14,991 - INFO - Best instance 0.6811, class 0.6182 (epoch 49)
Best instance 0.6811, class 0.6182 (epoch 49)
2026-06-25 02:09:15,011 - INFO - Epoch 52/200:
Epoch 52/200:
2026-06-25 02:10:58,156 - INFO - Train loss: 0.0743 (103.1s)
Train loss: 0.0743 (103.1s)
2026-06-25 02:11:23,824 - INFO - Test instance 0.6584, class 0.5863
Test instance 0.6584, class 0.5863
2026-06-25 02:11:23,829 - INFO - Best instance 0.6811, class 0.6182 (epoch 49)
Best instance 0.6811, class 0.6182 (epoch 49)
2026-06-25 02:11:23,851 - INFO - Epoch 53/200:
Epoch 53/200:
2026-06-25 02:13:07,507 - INFO - Train loss: 0.0736 (103.7s)
Train loss: 0.0736 (103.7s)
2026-06-25 02:13:32,938 - INFO - Test instance 0.6511, class 0.5778
Test instance 0.6511, class 0.5778
2026-06-25 02:13:32,942 - INFO - Best instance 0.6811, class 0.6182 (epoch 49)
Best instance 0.6811, class 0.6182 (epoch 49)
2026-06-25 02:13:32,961 - INFO - Epoch 54/200:
Epoch 54/200:
2026-06-25 02:15:16,610 - INFO - Train loss: 0.0742 (103.6s)
Train loss: 0.0742 (103.6s)
2026-06-25 02:15:43,004 - INFO - Test instance 0.6556, class 0.5730
Test instance 0.6556, class 0.5730
2026-06-25 02:15:43,009 - INFO - Best instance 0.6811, class 0.6182 (epoch 49)
Best instance 0.6811, class 0.6182 (epoch 49)
2026-06-25 02:15:43,027 - INFO - Epoch 55/200:
Epoch 55/200:
2026-06-25 02:17:28,256 - INFO - Train loss: 0.0744 (105.2s)
Train loss: 0.0744 (105.2s)
2026-06-25 02:17:54,319 - INFO - Test instance 0.6511, class 0.5729
Test instance 0.6511, class 0.5729
2026-06-25 02:17:54,323 - INFO - Best instance 0.6811, class 0.6182 (epoch 49)
Best instance 0.6811, class 0.6182 (epoch 49)
2026-06-25 02:17:54,341 - INFO - Epoch 56/200:
Epoch 56/200:
2026-06-25 02:19:39,661 - INFO - Train loss: 0.0730 (105.3s)
Train loss: 0.0730 (105.3s)
2026-06-25 02:20:05,456 - INFO - Test instance 0.6657, class 0.6045
Test instance 0.6657, class 0.6045
2026-06-25 02:20:05,460 - INFO - Best instance 0.6811, class 0.6182 (epoch 49)
Best instance 0.6811, class 0.6182 (epoch 49)
2026-06-25 02:20:05,492 - INFO - Epoch 57/200:
Epoch 57/200:
2026-06-25 02:21:52,285 - INFO - Train loss: 0.0741 (106.8s)
Train loss: 0.0741 (106.8s)
2026-06-25 02:22:18,217 - INFO - Test instance 0.6734, class 0.6107
Test instance 0.6734, class 0.6107
2026-06-25 02:22:18,222 - INFO - Best instance 0.6811, class 0.6182 (epoch 49)
Best instance 0.6811, class 0.6182 (epoch 49)
2026-06-25 02:22:18,241 - INFO - Epoch 58/200:
Epoch 58/200:
2026-06-25 02:24:03,329 - INFO - Train loss: 0.0733 (105.1s)
Train loss: 0.0733 (105.1s)
2026-06-25 02:24:29,096 - INFO - Test instance 0.6637, class 0.6033
Test instance 0.6637, class 0.6033
2026-06-25 02:24:29,100 - INFO - Best instance 0.6811, class 0.6182 (epoch 49)
Best instance 0.6811, class 0.6182 (epoch 49)
2026-06-25 02:24:29,123 - INFO - Epoch 59/200:
Epoch 59/200:
2026-06-25 02:26:14,953 - INFO - Train loss: 0.0731 (105.8s)
Train loss: 0.0731 (105.8s)
2026-06-25 02:26:40,533 - INFO - Test instance 0.6596, class 0.5779
Test instance 0.6596, class 0.5779
2026-06-25 02:26:40,537 - INFO - Best instance 0.6811, class 0.6182 (epoch 49)
Best instance 0.6811, class 0.6182 (epoch 49)
2026-06-25 02:26:40,557 - INFO - Epoch 60/200:
Epoch 60/200:
2026-06-25 02:28:24,955 - INFO - Train loss: 0.0733 (104.4s)
Train loss: 0.0733 (104.4s)
2026-06-25 02:28:50,737 - INFO - Test instance 0.6734, class 0.6020
Test instance 0.6734, class 0.6020
2026-06-25 02:28:50,741 - INFO - Best instance 0.6811, class 0.6182 (epoch 49)
Best instance 0.6811, class 0.6182 (epoch 49)
2026-06-25 02:28:50,761 - INFO - Epoch 61/200:
Epoch 61/200:
2026-06-25 02:30:35,387 - INFO - Train loss: 0.0720 (104.6s)
Train loss: 0.0720 (104.6s)
2026-06-25 02:31:02,556 - INFO - Test instance 0.6750, class 0.5978
Test instance 0.6750, class 0.5978
2026-06-25 02:31:02,560 - INFO - Best instance 0.6811, class 0.6182 (epoch 49)
Best instance 0.6811, class 0.6182 (epoch 49)
2026-06-25 02:31:02,579 - INFO - Epoch 62/200:
Epoch 62/200:
2026-06-25 02:32:47,064 - INFO - Train loss: 0.0723 (104.5s)
Train loss: 0.0723 (104.5s)
2026-06-25 02:33:12,980 - INFO - Test instance 0.6900, class 0.6222
Test instance 0.6900, class 0.6222
2026-06-25 02:33:13,001 - INFO - Best instance 0.6900, class 0.6222 (epoch 62)
Best instance 0.6900, class 0.6222 (epoch 62)
2026-06-25 02:33:13,018 - INFO - Epoch 63/200:
Epoch 63/200:
2026-06-25 02:34:57,971 - INFO - Train loss: 0.0730 (105.0s)
Train loss: 0.0730 (105.0s)
2026-06-25 02:35:24,774 - INFO - Test instance 0.6775, class 0.6108
Test instance 0.6775, class 0.6108
2026-06-25 02:35:24,779 - INFO - Best instance 0.6900, class 0.6222 (epoch 62)
Best instance 0.6900, class 0.6222 (epoch 62)
2026-06-25 02:35:24,798 - INFO - Epoch 64/200:
Epoch 64/200:
2026-06-25 02:37:12,209 - INFO - Train loss: 0.0725 (107.4s)
Train loss: 0.0725 (107.4s)
2026-06-25 02:37:38,050 - INFO - Test instance 0.6718, class 0.6040
Test instance 0.6718, class 0.6040
2026-06-25 02:37:38,054 - INFO - Best instance 0.6900, class 0.6222 (epoch 62)
Best instance 0.6900, class 0.6222 (epoch 62)
2026-06-25 02:37:38,076 - INFO - Epoch 65/200:
Epoch 65/200:
2026-06-25 02:39:23,082 - INFO - Train loss: 0.0723 (105.0s)
Train loss: 0.0723 (105.0s)
2026-06-25 02:39:48,621 - INFO - Test instance 0.6714, class 0.5972
Test instance 0.6714, class 0.5972
2026-06-25 02:39:48,626 - INFO - Best instance 0.6900, class 0.6222 (epoch 62)
Best instance 0.6900, class 0.6222 (epoch 62)
2026-06-25 02:39:48,653 - INFO - Epoch 66/200:
Epoch 66/200:
2026-06-25 02:41:32,176 - INFO - Train loss: 0.0718 (103.5s)
Train loss: 0.0718 (103.5s)
2026-06-25 02:41:57,731 - INFO - Test instance 0.6791, class 0.6070
Test instance 0.6791, class 0.6070
2026-06-25 02:41:57,736 - INFO - Best instance 0.6900, class 0.6222 (epoch 62)
Best instance 0.6900, class 0.6222 (epoch 62)
2026-06-25 02:41:57,755 - INFO - Epoch 67/200:
Epoch 67/200:
2026-06-25 02:43:42,086 - INFO - Train loss: 0.0717 (104.3s)
Train loss: 0.0717 (104.3s)
2026-06-25 02:44:07,801 - INFO - Test instance 0.6742, class 0.5992
Test instance 0.6742, class 0.5992
2026-06-25 02:44:07,805 - INFO - Best instance 0.6900, class 0.6222 (epoch 62)
Best instance 0.6900, class 0.6222 (epoch 62)
2026-06-25 02:44:07,824 - INFO - Epoch 68/200:
Epoch 68/200:
2026-06-25 02:45:51,358 - INFO - Train loss: 0.0712 (103.5s)
Train loss: 0.0712 (103.5s)
2026-06-25 02:46:16,760 - INFO - Test instance 0.6734, class 0.6063
Test instance 0.6734, class 0.6063
2026-06-25 02:46:16,764 - INFO - Best instance 0.6900, class 0.6222 (epoch 62)
Best instance 0.6900, class 0.6222 (epoch 62)
2026-06-25 02:46:16,784 - INFO - Epoch 69/200:
Epoch 69/200:
2026-06-25 02:48:00,848 - INFO - Train loss: 0.0716 (104.1s)
Train loss: 0.0716 (104.1s)
2026-06-25 02:48:26,313 - INFO - Test instance 0.6718, class 0.6124
Test instance 0.6718, class 0.6124
2026-06-25 02:48:26,317 - INFO - Best instance 0.6900, class 0.6222 (epoch 62)
Best instance 0.6900, class 0.6222 (epoch 62)
2026-06-25 02:48:26,336 - INFO - Epoch 70/200:
Epoch 70/200:
2026-06-25 02:50:09,744 - INFO - Train loss: 0.0722 (103.4s)
Train loss: 0.0722 (103.4s)
2026-06-25 02:50:34,896 - INFO - Test instance 0.6742, class 0.6047
Test instance 0.6742, class 0.6047
2026-06-25 02:50:34,900 - INFO - Best instance 0.6900, class 0.6222 (epoch 62)
Best instance 0.6900, class 0.6222 (epoch 62)
2026-06-25 02:50:34,918 - INFO - Epoch 71/200:
Epoch 71/200:
2026-06-25 02:52:18,735 - INFO - Train loss: 0.0717 (103.8s)
Train loss: 0.0717 (103.8s)
2026-06-25 02:52:43,997 - INFO - Test instance 0.6524, class 0.5760
Test instance 0.6524, class 0.5760
2026-06-25 02:52:44,002 - INFO - Best instance 0.6900, class 0.6222 (epoch 62)
Best instance 0.6900, class 0.6222 (epoch 62)
2026-06-25 02:52:44,038 - INFO - Epoch 72/200:
Epoch 72/200:
2026-06-25 02:54:27,772 - INFO - Train loss: 0.0732 (103.7s)
Train loss: 0.0732 (103.7s)
2026-06-25 02:54:53,375 - INFO - Test instance 0.6815, class 0.6169
Test instance 0.6815, class 0.6169
2026-06-25 02:54:53,379 - INFO - Best instance 0.6900, class 0.6222 (epoch 62)
Best instance 0.6900, class 0.6222 (epoch 62)
2026-06-25 02:54:53,398 - INFO - Epoch 73/200:
Epoch 73/200:
2026-06-25 02:56:36,724 - INFO - Train loss: 0.0710 (103.3s)
Train loss: 0.0710 (103.3s)
2026-06-25 02:57:01,960 - INFO - Test instance 0.6754, class 0.5966
Test instance 0.6754, class 0.5966
2026-06-25 02:57:01,964 - INFO - Best instance 0.6900, class 0.6222 (epoch 62)
Best instance 0.6900, class 0.6222 (epoch 62)
2026-06-25 02:57:01,983 - INFO - Epoch 74/200:
Epoch 74/200:
2026-06-25 02:58:45,483 - INFO - Train loss: 0.0710 (103.5s)
Train loss: 0.0710 (103.5s)
2026-06-25 02:59:11,090 - INFO - Test instance 0.6702, class 0.5951
Test instance 0.6702, class 0.5951
2026-06-25 02:59:11,094 - INFO - Best instance 0.6900, class 0.6222 (epoch 62)
Best instance 0.6900, class 0.6222 (epoch 62)
2026-06-25 02:59:11,117 - INFO - Epoch 75/200:
Epoch 75/200:
2026-06-25 03:00:54,611 - INFO - Train loss: 0.0709 (103.5s)
Train loss: 0.0709 (103.5s)
2026-06-25 03:01:20,080 - INFO - Test instance 0.6718, class 0.5950
Test instance 0.6718, class 0.5950
2026-06-25 03:01:20,084 - INFO - Best instance 0.6900, class 0.6222 (epoch 62)
Best instance 0.6900, class 0.6222 (epoch 62)
2026-06-25 03:01:20,104 - INFO - Epoch 76/200:
Epoch 76/200:
2026-06-25 03:03:04,085 - INFO - Train loss: 0.0719 (104.0s)
Train loss: 0.0719 (104.0s)
2026-06-25 03:03:29,496 - INFO - Test instance 0.6779, class 0.6027
Test instance 0.6779, class 0.6027
2026-06-25 03:03:29,502 - INFO - Best instance 0.6900, class 0.6222 (epoch 62)
Best instance 0.6900, class 0.6222 (epoch 62)
2026-06-25 03:03:29,520 - INFO - Epoch 77/200:
Epoch 77/200:
2026-06-25 03:05:12,999 - INFO - Train loss: 0.0708 (103.5s)
Train loss: 0.0708 (103.5s)
2026-06-25 03:05:38,471 - INFO - Test instance 0.6613, class 0.5787
Test instance 0.6613, class 0.5787
2026-06-25 03:05:38,475 - INFO - Best instance 0.6900, class 0.6222 (epoch 62)
Best instance 0.6900, class 0.6222 (epoch 62)
2026-06-25 03:05:38,497 - INFO - Epoch 78/200:
Epoch 78/200:
2026-06-25 03:07:22,566 - INFO - Train loss: 0.0713 (104.1s)
Train loss: 0.0713 (104.1s)
2026-06-25 03:07:48,060 - INFO - Test instance 0.6819, class 0.6027
Test instance 0.6819, class 0.6027
2026-06-25 03:07:48,064 - INFO - Best instance 0.6900, class 0.6222 (epoch 62)
Best instance 0.6900, class 0.6222 (epoch 62)
2026-06-25 03:07:48,085 - INFO - Epoch 79/200:
Epoch 79/200:
2026-06-25 03:09:31,949 - INFO - Train loss: 0.0710 (103.9s)
Train loss: 0.0710 (103.9s)
2026-06-25 03:09:57,447 - INFO - Test instance 0.6771, class 0.6082
Test instance 0.6771, class 0.6082
2026-06-25 03:09:57,451 - INFO - Best instance 0.6900, class 0.6222 (epoch 62)
Best instance 0.6900, class 0.6222 (epoch 62)
2026-06-25 03:09:57,470 - INFO - Epoch 80/200:
Epoch 80/200:
2026-06-25 03:11:41,608 - INFO - Train loss: 0.0713 (104.1s)
Train loss: 0.0713 (104.1s)
2026-06-25 03:12:07,337 - INFO - Test instance 0.6600, class 0.5919
Test instance 0.6600, class 0.5919
2026-06-25 03:12:07,341 - INFO - Best instance 0.6900, class 0.6222 (epoch 62)
Best instance 0.6900, class 0.6222 (epoch 62)
2026-06-25 03:12:07,359 - INFO - Epoch 81/200:
Epoch 81/200:
2026-06-25 03:13:50,882 - INFO - Train loss: 0.0698 (103.5s)
Train loss: 0.0698 (103.5s)
2026-06-25 03:14:16,370 - INFO - Test instance 0.6669, class 0.5966
Test instance 0.6669, class 0.5966
2026-06-25 03:14:16,374 - INFO - Best instance 0.6900, class 0.6222 (epoch 62)
Best instance 0.6900, class 0.6222 (epoch 62)
2026-06-25 03:14:16,394 - INFO - Epoch 82/200:
Epoch 82/200:
2026-06-25 03:16:00,062 - INFO - Train loss: 0.0696 (103.7s)
Train loss: 0.0696 (103.7s)
2026-06-25 03:16:25,622 - INFO - Test instance 0.6714, class 0.6068
Test instance 0.6714, class 0.6068
2026-06-25 03:16:25,627 - INFO - Best instance 0.6900, class 0.6222 (epoch 62)
Best instance 0.6900, class 0.6222 (epoch 62)
2026-06-25 03:16:25,647 - INFO - Epoch 83/200:
Epoch 83/200:
2026-06-25 03:18:09,555 - INFO - Train loss: 0.0697 (103.9s)
Train loss: 0.0697 (103.9s)
2026-06-25 03:18:35,308 - INFO - Test instance 0.6690, class 0.5953
Test instance 0.6690, class 0.5953
2026-06-25 03:18:35,312 - INFO - Best instance 0.6900, class 0.6222 (epoch 62)
Best instance 0.6900, class 0.6222 (epoch 62)
2026-06-25 03:18:35,332 - INFO - Epoch 84/200:
Epoch 84/200:
2026-06-25 03:20:19,428 - INFO - Train loss: 0.0690 (104.1s)
Train loss: 0.0690 (104.1s)
2026-06-25 03:20:45,024 - INFO - Test instance 0.6791, class 0.6050
Test instance 0.6791, class 0.6050
2026-06-25 03:20:45,029 - INFO - Best instance 0.6900, class 0.6222 (epoch 62)
Best instance 0.6900, class 0.6222 (epoch 62)
2026-06-25 03:20:45,048 - INFO - Epoch 85/200:
Epoch 85/200:
2026-06-25 03:22:28,571 - INFO - Train loss: 0.0696 (103.5s)
Train loss: 0.0696 (103.5s)
2026-06-25 03:22:53,995 - INFO - Test instance 0.6957, class 0.6260
Test instance 0.6957, class 0.6260
2026-06-25 03:22:54,017 - INFO - Best instance 0.6957, class 0.6260 (epoch 85)
Best instance 0.6957, class 0.6260 (epoch 85)
2026-06-25 03:22:54,033 - INFO - Epoch 86/200:
Epoch 86/200:
2026-06-25 03:24:37,505 - INFO - Train loss: 0.0692 (103.5s)
Train loss: 0.0692 (103.5s)
2026-06-25 03:25:02,934 - INFO - Test instance 0.6706, class 0.6038
Test instance 0.6706, class 0.6038
2026-06-25 03:25:02,938 - INFO - Best instance 0.6957, class 0.6260 (epoch 85)
Best instance 0.6957, class 0.6260 (epoch 85)
2026-06-25 03:25:02,956 - INFO - Epoch 87/200:
Epoch 87/200:
2026-06-25 03:26:46,492 - INFO - Train loss: 0.0690 (103.5s)
Train loss: 0.0690 (103.5s)
2026-06-25 03:27:11,975 - INFO - Test instance 0.6933, class 0.6162
Test instance 0.6933, class 0.6162
2026-06-25 03:27:11,979 - INFO - Best instance 0.6957, class 0.6260 (epoch 85)
Best instance 0.6957, class 0.6260 (epoch 85)
2026-06-25 03:27:11,998 - INFO - Epoch 88/200:
Epoch 88/200:
2026-06-25 03:28:55,911 - INFO - Train loss: 0.0697 (103.9s)
Train loss: 0.0697 (103.9s)
2026-06-25 03:29:21,110 - INFO - Test instance 0.6783, class 0.6059
Test instance 0.6783, class 0.6059
2026-06-25 03:29:21,114 - INFO - Best instance 0.6957, class 0.6260 (epoch 85)
Best instance 0.6957, class 0.6260 (epoch 85)
2026-06-25 03:29:21,132 - INFO - Epoch 89/200:
Epoch 89/200:
2026-06-25 03:31:04,668 - INFO - Train loss: 0.0691 (103.5s)
Train loss: 0.0691 (103.5s)
2026-06-25 03:31:30,224 - INFO - Test instance 0.6783, class 0.6044
Test instance 0.6783, class 0.6044
2026-06-25 03:31:30,228 - INFO - Best instance 0.6957, class 0.6260 (epoch 85)
Best instance 0.6957, class 0.6260 (epoch 85)
2026-06-25 03:31:30,248 - INFO - Epoch 90/200:
Epoch 90/200:
2026-06-25 03:33:13,902 - INFO - Train loss: 0.0684 (103.7s)
Train loss: 0.0684 (103.7s)
2026-06-25 03:33:39,337 - INFO - Test instance 0.6694, class 0.5999
Test instance 0.6694, class 0.5999
2026-06-25 03:33:39,341 - INFO - Best instance 0.6957, class 0.6260 (epoch 85)
Best instance 0.6957, class 0.6260 (epoch 85)
2026-06-25 03:33:39,365 - INFO - Epoch 91/200:
Epoch 91/200:
2026-06-25 03:35:22,372 - INFO - Train loss: 0.0688 (103.0s)
Train loss: 0.0688 (103.0s)
2026-06-25 03:35:47,664 - INFO - Test instance 0.6779, class 0.6058
Test instance 0.6779, class 0.6058
2026-06-25 03:35:47,668 - INFO - Best instance 0.6957, class 0.6260 (epoch 85)
Best instance 0.6957, class 0.6260 (epoch 85)
2026-06-25 03:35:47,688 - INFO - Epoch 92/200:
Epoch 92/200:
2026-06-25 03:37:30,864 - INFO - Train loss: 0.0698 (103.2s)
Train loss: 0.0698 (103.2s)
2026-06-25 03:37:56,440 - INFO - Test instance 0.6629, class 0.5880
Test instance 0.6629, class 0.5880
2026-06-25 03:37:56,444 - INFO - Best instance 0.6957, class 0.6260 (epoch 85)
Best instance 0.6957, class 0.6260 (epoch 85)
2026-06-25 03:37:56,464 - INFO - Epoch 93/200:
Epoch 93/200:
2026-06-25 03:39:39,839 - INFO - Train loss: 0.0687 (103.4s)
Train loss: 0.0687 (103.4s)
2026-06-25 03:40:05,319 - INFO - Test instance 0.6726, class 0.6016
Test instance 0.6726, class 0.6016
2026-06-25 03:40:05,324 - INFO - Best instance 0.6957, class 0.6260 (epoch 85)
Best instance 0.6957, class 0.6260 (epoch 85)
2026-06-25 03:40:05,342 - INFO - Epoch 94/200:
Epoch 94/200:
2026-06-25 03:41:48,848 - INFO - Train loss: 0.0693 (103.5s)
Train loss: 0.0693 (103.5s)
2026-06-25 03:42:14,553 - INFO - Test instance 0.6698, class 0.6009
Test instance 0.6698, class 0.6009
2026-06-25 03:42:14,557 - INFO - Best instance 0.6957, class 0.6260 (epoch 85)
Best instance 0.6957, class 0.6260 (epoch 85)
2026-06-25 03:42:14,581 - INFO - Epoch 95/200:
Epoch 95/200:
2026-06-25 03:43:58,044 - INFO - Train loss: 0.0694 (103.5s)
Train loss: 0.0694 (103.5s)
2026-06-25 03:44:24,426 - INFO - Test instance 0.6726, class 0.6024
Test instance 0.6726, class 0.6024
2026-06-25 03:44:24,429 - INFO - Best instance 0.6957, class 0.6260 (epoch 85)
Best instance 0.6957, class 0.6260 (epoch 85)
2026-06-25 03:44:24,450 - INFO - Epoch 96/200:
Epoch 96/200:
2026-06-25 03:46:08,082 - INFO - Train loss: 0.0683 (103.6s)
Train loss: 0.0683 (103.6s)
2026-06-25 03:46:33,417 - INFO - Test instance 0.6864, class 0.6214
Test instance 0.6864, class 0.6214
2026-06-25 03:46:33,422 - INFO - Best instance 0.6957, class 0.6260 (epoch 85)
Best instance 0.6957, class 0.6260 (epoch 85)
2026-06-25 03:46:33,444 - INFO - Epoch 97/200:
Epoch 97/200:
2026-06-25 03:48:16,626 - INFO - Train loss: 0.0683 (103.2s)
Train loss: 0.0683 (103.2s)
2026-06-25 03:48:42,100 - INFO - Test instance 0.6799, class 0.6138
Test instance 0.6799, class 0.6138
2026-06-25 03:48:42,104 - INFO - Best instance 0.6957, class 0.6260 (epoch 85)
Best instance 0.6957, class 0.6260 (epoch 85)
2026-06-25 03:48:42,126 - INFO - Epoch 98/200:
Epoch 98/200:
2026-06-25 03:50:25,805 - INFO - Train loss: 0.0692 (103.7s)
Train loss: 0.0692 (103.7s)
2026-06-25 03:50:51,225 - INFO - Test instance 0.6763, class 0.6090
Test instance 0.6763, class 0.6090
2026-06-25 03:50:51,229 - INFO - Best instance 0.6957, class 0.6260 (epoch 85)
Best instance 0.6957, class 0.6260 (epoch 85)
2026-06-25 03:50:51,249 - INFO - Epoch 99/200:
Epoch 99/200:
2026-06-25 03:52:34,361 - INFO - Train loss: 0.0687 (103.1s)
Train loss: 0.0687 (103.1s)
2026-06-25 03:52:59,544 - INFO - Test instance 0.6835, class 0.6112
Test instance 0.6835, class 0.6112
2026-06-25 03:52:59,549 - INFO - Best instance 0.6957, class 0.6260 (epoch 85)
Best instance 0.6957, class 0.6260 (epoch 85)
2026-06-25 03:52:59,569 - INFO - Epoch 100/200:
Epoch 100/200:
2026-06-25 03:54:42,629 - INFO - Train loss: 0.0697 (103.1s)
Train loss: 0.0697 (103.1s)
2026-06-25 03:55:08,045 - INFO - Test instance 0.6799, class 0.6083
Test instance 0.6799, class 0.6083
2026-06-25 03:55:08,049 - INFO - Best instance 0.6957, class 0.6260 (epoch 85)
Best instance 0.6957, class 0.6260 (epoch 85)
2026-06-25 03:55:08,070 - INFO - Epoch 101/200:
Epoch 101/200:
2026-06-25 03:56:52,153 - INFO - Train loss: 0.0688 (104.1s)
Train loss: 0.0688 (104.1s)
2026-06-25 03:57:17,793 - INFO - Test instance 0.6791, class 0.6059
Test instance 0.6791, class 0.6059
2026-06-25 03:57:17,797 - INFO - Best instance 0.6957, class 0.6260 (epoch 85)
Best instance 0.6957, class 0.6260 (epoch 85)
2026-06-25 03:57:17,820 - INFO - Epoch 102/200:
Epoch 102/200:
2026-06-25 03:59:01,427 - INFO - Train loss: 0.0685 (103.6s)
Train loss: 0.0685 (103.6s)
2026-06-25 03:59:26,755 - INFO - Test instance 0.6904, class 0.6174
Test instance 0.6904, class 0.6174
2026-06-25 03:59:26,759 - INFO - Best instance 0.6957, class 0.6260 (epoch 85)
Best instance 0.6957, class 0.6260 (epoch 85)
2026-06-25 03:59:26,779 - INFO - Epoch 103/200:
Epoch 103/200:
2026-06-25 04:01:10,678 - INFO - Train loss: 0.0677 (103.9s)
Train loss: 0.0677 (103.9s)
2026-06-25 04:01:36,204 - INFO - Test instance 0.6827, class 0.6072
Test instance 0.6827, class 0.6072
2026-06-25 04:01:36,208 - INFO - Best instance 0.6957, class 0.6260 (epoch 85)
Best instance 0.6957, class 0.6260 (epoch 85)
2026-06-25 04:01:36,227 - INFO - Epoch 104/200:
Epoch 104/200:
2026-06-25 04:03:19,681 - INFO - Train loss: 0.0681 (103.5s)
Train loss: 0.0681 (103.5s)
2026-06-25 04:03:45,132 - INFO - Test instance 0.6941, class 0.6193
Test instance 0.6941, class 0.6193
2026-06-25 04:03:45,137 - INFO - Best instance 0.6957, class 0.6260 (epoch 85)
Best instance 0.6957, class 0.6260 (epoch 85)
2026-06-25 04:03:45,156 - INFO - Epoch 105/200:
Epoch 105/200:
2026-06-25 04:05:28,338 - INFO - Train loss: 0.0691 (103.2s)
Train loss: 0.0691 (103.2s)
2026-06-25 04:05:53,711 - INFO - Test instance 0.6856, class 0.6153
Test instance 0.6856, class 0.6153
2026-06-25 04:05:53,715 - INFO - Best instance 0.6957, class 0.6260 (epoch 85)
Best instance 0.6957, class 0.6260 (epoch 85)
2026-06-25 04:05:53,735 - INFO - Epoch 106/200:
Epoch 106/200:
2026-06-25 04:07:37,717 - INFO - Train loss: 0.0681 (104.0s)
Train loss: 0.0681 (104.0s)
2026-06-25 04:08:03,041 - INFO - Test instance 0.6710, class 0.5922
Test instance 0.6710, class 0.5922
2026-06-25 04:08:03,045 - INFO - Best instance 0.6957, class 0.6260 (epoch 85)
Best instance 0.6957, class 0.6260 (epoch 85)
2026-06-25 04:08:03,062 - INFO - Epoch 107/200:
Epoch 107/200:
2026-06-25 04:09:47,107 - INFO - Train loss: 0.0679 (104.0s)
Train loss: 0.0679 (104.0s)
2026-06-25 04:10:12,604 - INFO - Test instance 0.6673, class 0.5958
Test instance 0.6673, class 0.5958
2026-06-25 04:10:12,608 - INFO - Best instance 0.6957, class 0.6260 (epoch 85)
Best instance 0.6957, class 0.6260 (epoch 85)
2026-06-25 04:10:12,626 - INFO - Epoch 108/200:
Epoch 108/200:
2026-06-25 04:11:56,279 - INFO - Train loss: 0.0683 (103.7s)
Train loss: 0.0683 (103.7s)
2026-06-25 04:12:22,007 - INFO - Test instance 0.6856, class 0.6135
Test instance 0.6856, class 0.6135
2026-06-25 04:12:22,011 - INFO - Best instance 0.6957, class 0.6260 (epoch 85)
Best instance 0.6957, class 0.6260 (epoch 85)
2026-06-25 04:12:22,042 - INFO - Epoch 109/200:
Epoch 109/200:
2026-06-25 04:14:05,477 - INFO - Train loss: 0.0683 (103.4s)
Train loss: 0.0683 (103.4s)
2026-06-25 04:14:30,975 - INFO - Test instance 0.6767, class 0.6124
Test instance 0.6767, class 0.6124
2026-06-25 04:14:30,979 - INFO - Best instance 0.6957, class 0.6260 (epoch 85)
Best instance 0.6957, class 0.6260 (epoch 85)
2026-06-25 04:14:30,999 - INFO - Epoch 110/200:
Epoch 110/200:
2026-06-25 04:16:14,696 - INFO - Train loss: 0.0678 (103.7s)
Train loss: 0.0678 (103.7s)
2026-06-25 04:16:40,103 - INFO - Test instance 0.6759, class 0.6101
Test instance 0.6759, class 0.6101
2026-06-25 04:16:40,107 - INFO - Best instance 0.6957, class 0.6260 (epoch 85)
Best instance 0.6957, class 0.6260 (epoch 85)
2026-06-25 04:16:40,135 - INFO - Epoch 111/200:
Epoch 111/200:
2026-06-25 04:18:23,469 - INFO - Train loss: 0.0681 (103.3s)
Train loss: 0.0681 (103.3s)
2026-06-25 04:18:48,772 - INFO - Test instance 0.6827, class 0.6138
Test instance 0.6827, class 0.6138
2026-06-25 04:18:48,776 - INFO - Best instance 0.6957, class 0.6260 (epoch 85)
Best instance 0.6957, class 0.6260 (epoch 85)
2026-06-25 04:18:48,799 - INFO - Epoch 112/200:
Epoch 112/200:
2026-06-25 04:20:31,559 - INFO - Train loss: 0.0675 (102.8s)
Train loss: 0.0675 (102.8s)
2026-06-25 04:20:56,884 - INFO - Test instance 0.6795, class 0.6098
Test instance 0.6795, class 0.6098
2026-06-25 04:20:56,888 - INFO - Best instance 0.6957, class 0.6260 (epoch 85)
Best instance 0.6957, class 0.6260 (epoch 85)
2026-06-25 04:20:56,908 - INFO - Epoch 113/200:
Epoch 113/200:
2026-06-25 04:22:39,940 - INFO - Train loss: 0.0688 (103.0s)
Train loss: 0.0688 (103.0s)
2026-06-25 04:23:05,324 - INFO - Test instance 0.6807, class 0.6158
Test instance 0.6807, class 0.6158
2026-06-25 04:23:05,328 - INFO - Best instance 0.6957, class 0.6260 (epoch 85)
Best instance 0.6957, class 0.6260 (epoch 85)
2026-06-25 04:23:05,348 - INFO - Epoch 114/200:
Epoch 114/200:
2026-06-25 04:24:48,787 - INFO - Train loss: 0.0679 (103.4s)
Train loss: 0.0679 (103.4s)
2026-06-25 04:25:14,347 - INFO - Test instance 0.6767, class 0.6093
Test instance 0.6767, class 0.6093
2026-06-25 04:25:14,351 - INFO - Best instance 0.6957, class 0.6260 (epoch 85)
Best instance 0.6957, class 0.6260 (epoch 85)
2026-06-25 04:25:14,374 - INFO - Epoch 115/200:
Epoch 115/200:
2026-06-25 04:26:57,452 - INFO - Train loss: 0.0681 (103.1s)
Train loss: 0.0681 (103.1s)
2026-06-25 04:27:22,795 - INFO - Test instance 0.6823, class 0.6193
Test instance 0.6823, class 0.6193
2026-06-25 04:27:22,799 - INFO - Best instance 0.6957, class 0.6260 (epoch 85)
Best instance 0.6957, class 0.6260 (epoch 85)
2026-06-25 04:27:22,817 - INFO - Epoch 116/200:
Epoch 116/200:
2026-06-25 04:29:06,606 - INFO - Train loss: 0.0676 (103.8s)
Train loss: 0.0676 (103.8s)
2026-06-25 04:29:31,726 - INFO - Test instance 0.6795, class 0.6096
Test instance 0.6795, class 0.6096
2026-06-25 04:29:31,729 - INFO - Best instance 0.6957, class 0.6260 (epoch 85)
Best instance 0.6957, class 0.6260 (epoch 85)
2026-06-25 04:29:31,747 - INFO - Epoch 117/200:
Epoch 117/200:
2026-06-25 04:31:15,272 - INFO - Train loss: 0.0673 (103.5s)
Train loss: 0.0673 (103.5s)
2026-06-25 04:31:40,303 - INFO - Test instance 0.6908, class 0.6175
Test instance 0.6908, class 0.6175
2026-06-25 04:31:40,307 - INFO - Best instance 0.6957, class 0.6260 (epoch 85)
Best instance 0.6957, class 0.6260 (epoch 85)
2026-06-25 04:31:40,328 - INFO - Epoch 118/200:
Epoch 118/200:
2026-06-25 04:33:27,225 - INFO - Train loss: 0.0673 (106.9s)
Train loss: 0.0673 (106.9s)
2026-06-25 04:33:52,942 - INFO - Test instance 0.6864, class 0.6197
Test instance 0.6864, class 0.6197
2026-06-25 04:33:52,946 - INFO - Best instance 0.6957, class 0.6260 (epoch 85)
Best instance 0.6957, class 0.6260 (epoch 85)
2026-06-25 04:33:52,965 - INFO - Epoch 119/200:
Epoch 119/200:
2026-06-25 04:35:37,619 - INFO - Train loss: 0.0682 (104.7s)
Train loss: 0.0682 (104.7s)
2026-06-25 04:36:02,863 - INFO - Test instance 0.6698, class 0.6013
Test instance 0.6698, class 0.6013
2026-06-25 04:36:02,866 - INFO - Best instance 0.6957, class 0.6260 (epoch 85)
Best instance 0.6957, class 0.6260 (epoch 85)
2026-06-25 04:36:02,884 - INFO - Epoch 120/200:
Epoch 120/200:
2026-06-25 04:37:48,495 - INFO - Train loss: 0.0679 (105.6s)
Train loss: 0.0679 (105.6s)
2026-06-25 04:38:13,932 - INFO - Test instance 0.6844, class 0.6179
Test instance 0.6844, class 0.6179
2026-06-25 04:38:13,936 - INFO - Best instance 0.6957, class 0.6260 (epoch 85)
Best instance 0.6957, class 0.6260 (epoch 85)
2026-06-25 04:38:13,955 - INFO - Epoch 121/200:
Epoch 121/200:
2026-06-25 04:39:58,538 - INFO - Train loss: 0.0677 (104.6s)
Train loss: 0.0677 (104.6s)
2026-06-25 04:40:24,198 - INFO - Test instance 0.6864, class 0.6125
Test instance 0.6864, class 0.6125
2026-06-25 04:40:24,202 - INFO - Best instance 0.6957, class 0.6260 (epoch 85)
Best instance 0.6957, class 0.6260 (epoch 85)
2026-06-25 04:40:24,219 - INFO - Epoch 122/200:
Epoch 122/200:
2026-06-25 04:42:10,217 - INFO - Train loss: 0.0669 (106.0s)
Train loss: 0.0669 (106.0s)
2026-06-25 04:42:35,842 - INFO - Test instance 0.6767, class 0.6029
Test instance 0.6767, class 0.6029
2026-06-25 04:42:35,846 - INFO - Best instance 0.6957, class 0.6260 (epoch 85)
Best instance 0.6957, class 0.6260 (epoch 85)
2026-06-25 04:42:35,864 - INFO - Epoch 123/200:
Epoch 123/200:
2026-06-25 04:44:20,837 - INFO - Train loss: 0.0673 (105.0s)
Train loss: 0.0673 (105.0s)
2026-06-25 04:44:46,233 - INFO - Test instance 0.6840, class 0.6067
Test instance 0.6840, class 0.6067
2026-06-25 04:44:46,238 - INFO - Best instance 0.6957, class 0.6260 (epoch 85)
Best instance 0.6957, class 0.6260 (epoch 85)
2026-06-25 04:44:46,265 - INFO - Epoch 124/200:
Epoch 124/200:
2026-06-25 04:46:32,450 - INFO - Train loss: 0.0665 (106.2s)
Train loss: 0.0665 (106.2s)
2026-06-25 04:46:57,831 - INFO - Test instance 0.6844, class 0.6148
Test instance 0.6844, class 0.6148
2026-06-25 04:46:57,836 - INFO - Best instance 0.6957, class 0.6260 (epoch 85)
Best instance 0.6957, class 0.6260 (epoch 85)
2026-06-25 04:46:57,876 - INFO - Epoch 125/200:
Epoch 125/200:
2026-06-25 04:48:43,792 - INFO - Train loss: 0.0664 (105.9s)
Train loss: 0.0664 (105.9s)
2026-06-25 04:49:09,161 - INFO - Test instance 0.6852, class 0.6123
Test instance 0.6852, class 0.6123
2026-06-25 04:49:09,165 - INFO - Best instance 0.6957, class 0.6260 (epoch 85)
Best instance 0.6957, class 0.6260 (epoch 85)
2026-06-25 04:49:09,191 - INFO - Epoch 126/200:
Epoch 126/200:
2026-06-25 04:50:55,288 - INFO - Train loss: 0.0673 (106.1s)
Train loss: 0.0673 (106.1s)
2026-06-25 04:51:20,983 - INFO - Test instance 0.6726, class 0.5987
Test instance 0.6726, class 0.5987
2026-06-25 04:51:20,988 - INFO - Best instance 0.6957, class 0.6260 (epoch 85)
Best instance 0.6957, class 0.6260 (epoch 85)
2026-06-25 04:51:21,006 - INFO - Epoch 127/200:
Epoch 127/200:
2026-06-25 04:53:06,704 - INFO - Train loss: 0.0668 (105.7s)
Train loss: 0.0668 (105.7s)
2026-06-25 04:53:32,231 - INFO - Test instance 0.6848, class 0.6164
Test instance 0.6848, class 0.6164
2026-06-25 04:53:32,236 - INFO - Best instance 0.6957, class 0.6260 (epoch 85)
Best instance 0.6957, class 0.6260 (epoch 85)
2026-06-25 04:53:32,255 - INFO - Epoch 128/200:
Epoch 128/200:
2026-06-25 04:55:17,334 - INFO - Train loss: 0.0675 (105.1s)
Train loss: 0.0675 (105.1s)
2026-06-25 04:55:42,729 - INFO - Test instance 0.6840, class 0.6115
Test instance 0.6840, class 0.6115
2026-06-25 04:55:42,733 - INFO - Best instance 0.6957, class 0.6260 (epoch 85)
Best instance 0.6957, class 0.6260 (epoch 85)
2026-06-25 04:55:42,752 - INFO - Epoch 129/200:
Epoch 129/200:
2026-06-25 04:57:28,426 - INFO - Train loss: 0.0662 (105.7s)
Train loss: 0.0662 (105.7s)
2026-06-25 04:57:53,888 - INFO - Test instance 0.6908, class 0.6228
Test instance 0.6908, class 0.6228
2026-06-25 04:57:53,892 - INFO - Best instance 0.6957, class 0.6260 (epoch 85)
Best instance 0.6957, class 0.6260 (epoch 85)
2026-06-25 04:57:53,914 - INFO - Epoch 130/200:
Epoch 130/200:
2026-06-25 04:59:37,083 - INFO - Train loss: 0.0663 (103.2s)
Train loss: 0.0663 (103.2s)
2026-06-25 05:00:02,599 - INFO - Test instance 0.6827, class 0.6139
Test instance 0.6827, class 0.6139
2026-06-25 05:00:02,602 - INFO - Best instance 0.6957, class 0.6260 (epoch 85)
Best instance 0.6957, class 0.6260 (epoch 85)
2026-06-25 05:00:02,620 - INFO - Epoch 131/200:
Epoch 131/200:
2026-06-25 05:01:46,011 - INFO - Train loss: 0.0672 (103.4s)
Train loss: 0.0672 (103.4s)
2026-06-25 05:02:11,281 - INFO - Test instance 0.6896, class 0.6212
Test instance 0.6896, class 0.6212
2026-06-25 05:02:11,285 - INFO - Best instance 0.6957, class 0.6260 (epoch 85)
Best instance 0.6957, class 0.6260 (epoch 85)
2026-06-25 05:02:11,308 - INFO - Epoch 132/200:
Epoch 132/200:
2026-06-25 05:03:54,297 - INFO - Train loss: 0.0670 (103.0s)
Train loss: 0.0670 (103.0s)
2026-06-25 05:04:19,493 - INFO - Test instance 0.6767, class 0.6003
Test instance 0.6767, class 0.6003
2026-06-25 05:04:19,498 - INFO - Best instance 0.6957, class 0.6260 (epoch 85)
Best instance 0.6957, class 0.6260 (epoch 85)
2026-06-25 05:04:19,523 - INFO - Epoch 133/200:
Epoch 133/200:
2026-06-25 05:06:02,706 - INFO - Train loss: 0.0666 (103.2s)
Train loss: 0.0666 (103.2s)
2026-06-25 05:06:28,354 - INFO - Test instance 0.6811, class 0.6160
Test instance 0.6811, class 0.6160
2026-06-25 05:06:28,359 - INFO - Best instance 0.6957, class 0.6260 (epoch 85)
Best instance 0.6957, class 0.6260 (epoch 85)
2026-06-25 05:06:28,377 - INFO - Epoch 134/200:
Epoch 134/200:
2026-06-25 05:08:11,631 - INFO - Train loss: 0.0669 (103.3s)
Train loss: 0.0669 (103.3s)
2026-06-25 05:08:37,027 - INFO - Test instance 0.6791, class 0.6115
Test instance 0.6791, class 0.6115
2026-06-25 05:08:37,031 - INFO - Best instance 0.6957, class 0.6260 (epoch 85)
Best instance 0.6957, class 0.6260 (epoch 85)
2026-06-25 05:08:37,052 - INFO - Epoch 135/200:
Epoch 135/200:
2026-06-25 05:10:20,132 - INFO - Train loss: 0.0671 (103.1s)
Train loss: 0.0671 (103.1s)
2026-06-25 05:10:45,575 - INFO - Test instance 0.6840, class 0.6169
Test instance 0.6840, class 0.6169
2026-06-25 05:10:45,579 - INFO - Best instance 0.6957, class 0.6260 (epoch 85)
Best instance 0.6957, class 0.6260 (epoch 85)
2026-06-25 05:10:45,598 - INFO - Epoch 136/200:
Epoch 136/200:
2026-06-25 05:12:28,493 - INFO - Train loss: 0.0665 (102.9s)
Train loss: 0.0665 (102.9s)
2026-06-25 05:12:53,637 - INFO - Test instance 0.6803, class 0.6135
Test instance 0.6803, class 0.6135
2026-06-25 05:12:53,641 - INFO - Best instance 0.6957, class 0.6260 (epoch 85)
Best instance 0.6957, class 0.6260 (epoch 85)
2026-06-25 05:12:53,661 - INFO - Epoch 137/200:
Epoch 137/200:
2026-06-25 05:14:37,132 - INFO - Train loss: 0.0666 (103.5s)
Train loss: 0.0666 (103.5s)
2026-06-25 05:15:02,366 - INFO - Test instance 0.6917, class 0.6174
Test instance 0.6917, class 0.6174
2026-06-25 05:15:02,370 - INFO - Best instance 0.6957, class 0.6260 (epoch 85)
Best instance 0.6957, class 0.6260 (epoch 85)
2026-06-25 05:15:02,389 - INFO - Epoch 138/200:
Epoch 138/200:
2026-06-25 05:16:46,187 - INFO - Train loss: 0.0666 (103.8s)
Train loss: 0.0666 (103.8s)
2026-06-25 05:17:11,740 - INFO - Test instance 0.6884, class 0.6201
Test instance 0.6884, class 0.6201
2026-06-25 05:17:11,745 - INFO - Best instance 0.6957, class 0.6260 (epoch 85)
Best instance 0.6957, class 0.6260 (epoch 85)
2026-06-25 05:17:11,766 - INFO - Epoch 139/200:
Epoch 139/200:
2026-06-25 05:18:55,902 - INFO - Train loss: 0.0663 (104.1s)
Train loss: 0.0663 (104.1s)
2026-06-25 05:19:21,537 - INFO - Test instance 0.6908, class 0.6215
Test instance 0.6908, class 0.6215
2026-06-25 05:19:21,541 - INFO - Best instance 0.6957, class 0.6260 (epoch 85)
Best instance 0.6957, class 0.6260 (epoch 85)
2026-06-25 05:19:21,566 - INFO - Epoch 140/200:
Epoch 140/200:
2026-06-25 05:21:04,895 - INFO - Train loss: 0.0665 (103.3s)
Train loss: 0.0665 (103.3s)
2026-06-25 05:21:30,427 - INFO - Test instance 0.6925, class 0.6194
Test instance 0.6925, class 0.6194
2026-06-25 05:21:30,431 - INFO - Best instance 0.6957, class 0.6260 (epoch 85)
Best instance 0.6957, class 0.6260 (epoch 85)
2026-06-25 05:21:30,469 - INFO - Epoch 141/200:
Epoch 141/200:
2026-06-25 05:23:13,815 - INFO - Train loss: 0.0658 (103.3s)
Train loss: 0.0658 (103.3s)
2026-06-25 05:23:39,323 - INFO - Test instance 0.6848, class 0.6055
Test instance 0.6848, class 0.6055
2026-06-25 05:23:39,327 - INFO - Best instance 0.6957, class 0.6260 (epoch 85)
Best instance 0.6957, class 0.6260 (epoch 85)
2026-06-25 05:23:39,345 - INFO - Epoch 142/200:
Epoch 142/200:
2026-06-25 05:25:23,476 - INFO - Train loss: 0.0655 (104.1s)
Train loss: 0.0655 (104.1s)
2026-06-25 05:25:48,949 - INFO - Test instance 0.6965, class 0.6201
Test instance 0.6965, class 0.6201
2026-06-25 05:25:48,972 - INFO - Best instance 0.6965, class 0.6201 (epoch 142)
Best instance 0.6965, class 0.6201 (epoch 142)
2026-06-25 05:25:48,988 - INFO - Epoch 143/200:
Epoch 143/200:
2026-06-25 05:27:32,884 - INFO - Train loss: 0.0663 (103.9s)
Train loss: 0.0663 (103.9s)
2026-06-25 05:27:58,407 - INFO - Test instance 0.6888, class 0.6184
Test instance 0.6888, class 0.6184
2026-06-25 05:27:58,411 - INFO - Best instance 0.6965, class 0.6201 (epoch 142)
Best instance 0.6965, class 0.6201 (epoch 142)
2026-06-25 05:27:58,432 - INFO - Epoch 144/200:
Epoch 144/200:
2026-06-25 05:29:42,580 - INFO - Train loss: 0.0651 (104.1s)
Train loss: 0.0651 (104.1s)
2026-06-25 05:30:07,912 - INFO - Test instance 0.6868, class 0.6134
Test instance 0.6868, class 0.6134
2026-06-25 05:30:07,916 - INFO - Best instance 0.6965, class 0.6201 (epoch 142)
Best instance 0.6965, class 0.6201 (epoch 142)
2026-06-25 05:30:07,935 - INFO - Epoch 145/200:
Epoch 145/200:
2026-06-25 05:31:52,562 - INFO - Train loss: 0.0672 (104.6s)
Train loss: 0.0672 (104.6s)
2026-06-25 05:32:18,116 - INFO - Test instance 0.6868, class 0.6171
Test instance 0.6868, class 0.6171
2026-06-25 05:32:18,121 - INFO - Best instance 0.6965, class 0.6201 (epoch 142)
Best instance 0.6965, class 0.6201 (epoch 142)
2026-06-25 05:32:18,139 - INFO - Epoch 146/200:
Epoch 146/200:
2026-06-25 05:34:04,034 - INFO - Train loss: 0.0662 (105.9s)
Train loss: 0.0662 (105.9s)
2026-06-25 05:34:29,161 - INFO - Test instance 0.6795, class 0.6034
Test instance 0.6795, class 0.6034
2026-06-25 05:34:29,165 - INFO - Best instance 0.6965, class 0.6201 (epoch 142)
Best instance 0.6965, class 0.6201 (epoch 142)
2026-06-25 05:34:29,185 - INFO - Epoch 147/200:
Epoch 147/200:
2026-06-25 05:36:15,794 - INFO - Train loss: 0.0658 (106.6s)
Train loss: 0.0658 (106.6s)
2026-06-25 05:36:41,132 - INFO - Test instance 0.6864, class 0.6185
Test instance 0.6864, class 0.6185
2026-06-25 05:36:41,137 - INFO - Best instance 0.6965, class 0.6201 (epoch 142)
Best instance 0.6965, class 0.6201 (epoch 142)
2026-06-25 05:36:41,157 - INFO - Epoch 148/200:
Epoch 148/200:
2026-06-25 05:38:29,065 - INFO - Train loss: 0.0651 (107.9s)
Train loss: 0.0651 (107.9s)
2026-06-25 05:38:54,664 - INFO - Test instance 0.6791, class 0.6106
Test instance 0.6791, class 0.6106
2026-06-25 05:38:54,668 - INFO - Best instance 0.6965, class 0.6201 (epoch 142)
Best instance 0.6965, class 0.6201 (epoch 142)
2026-06-25 05:38:54,687 - INFO - Epoch 149/200:
Epoch 149/200:
2026-06-25 05:40:42,072 - INFO - Train loss: 0.0666 (107.4s)
Train loss: 0.0666 (107.4s)
2026-06-25 05:41:07,531 - INFO - Test instance 0.6904, class 0.6245
Test instance 0.6904, class 0.6245
2026-06-25 05:41:07,535 - INFO - Best instance 0.6965, class 0.6201 (epoch 142)
Best instance 0.6965, class 0.6201 (epoch 142)
2026-06-25 05:41:07,552 - INFO - Epoch 150/200:
Epoch 150/200:
2026-06-25 05:42:53,649 - INFO - Train loss: 0.0658 (106.1s)
Train loss: 0.0658 (106.1s)
2026-06-25 05:43:19,216 - INFO - Test instance 0.6864, class 0.6121
Test instance 0.6864, class 0.6121
2026-06-25 05:43:19,220 - INFO - Best instance 0.6965, class 0.6201 (epoch 142)
Best instance 0.6965, class 0.6201 (epoch 142)
2026-06-25 05:43:19,240 - INFO - Epoch 151/200:
Epoch 151/200:
2026-06-25 05:45:05,194 - INFO - Train loss: 0.0657 (106.0s)
Train loss: 0.0657 (106.0s)
2026-06-25 05:45:30,568 - INFO - Test instance 0.6941, class 0.6265
Test instance 0.6941, class 0.6265
2026-06-25 05:45:30,573 - INFO - Best instance 0.6965, class 0.6201 (epoch 142)
Best instance 0.6965, class 0.6201 (epoch 142)
2026-06-25 05:45:30,591 - INFO - Epoch 152/200:
Epoch 152/200:
2026-06-25 05:47:17,414 - INFO - Train loss: 0.0665 (106.8s)
Train loss: 0.0665 (106.8s)
2026-06-25 05:47:42,980 - INFO - Test instance 0.6941, class 0.6227
Test instance 0.6941, class 0.6227
2026-06-25 05:47:42,984 - INFO - Best instance 0.6965, class 0.6201 (epoch 142)
Best instance 0.6965, class 0.6201 (epoch 142)
2026-06-25 05:47:43,006 - INFO - Epoch 153/200:
Epoch 153/200:
2026-06-25 05:49:29,308 - INFO - Train loss: 0.0661 (106.3s)
Train loss: 0.0661 (106.3s)
2026-06-25 05:49:54,672 - INFO - Test instance 0.6787, class 0.6113
Test instance 0.6787, class 0.6113
2026-06-25 05:49:54,677 - INFO - Best instance 0.6965, class 0.6201 (epoch 142)
Best instance 0.6965, class 0.6201 (epoch 142)
2026-06-25 05:49:54,701 - INFO - Epoch 154/200:
Epoch 154/200:
2026-06-25 05:51:40,717 - INFO - Train loss: 0.0662 (106.0s)
Train loss: 0.0662 (106.0s)
2026-06-25 05:52:06,334 - INFO - Test instance 0.6884, class 0.6221
Test instance 0.6884, class 0.6221
2026-06-25 05:52:06,338 - INFO - Best instance 0.6965, class 0.6201 (epoch 142)
Best instance 0.6965, class 0.6201 (epoch 142)
2026-06-25 05:52:06,356 - INFO - Epoch 155/200:
Epoch 155/200:
2026-06-25 05:53:50,897 - INFO - Train loss: 0.0653 (104.5s)
Train loss: 0.0653 (104.5s)
2026-06-25 05:54:16,474 - INFO - Test instance 0.6949, class 0.6166
Test instance 0.6949, class 0.6166
2026-06-25 05:54:16,478 - INFO - Best instance 0.6965, class 0.6201 (epoch 142)
Best instance 0.6965, class 0.6201 (epoch 142)
2026-06-25 05:54:16,498 - INFO - Epoch 156/200:
Epoch 156/200:
2026-06-25 05:56:01,285 - INFO - Train loss: 0.0672 (104.8s)
Train loss: 0.0672 (104.8s)
2026-06-25 05:56:26,804 - INFO - Test instance 0.6856, class 0.6156
Test instance 0.6856, class 0.6156
2026-06-25 05:56:26,809 - INFO - Best instance 0.6965, class 0.6201 (epoch 142)
Best instance 0.6965, class 0.6201 (epoch 142)
2026-06-25 05:56:26,833 - INFO - Epoch 157/200:
Epoch 157/200:
2026-06-25 05:58:10,935 - INFO - Train loss: 0.0661 (104.1s)
Train loss: 0.0661 (104.1s)
2026-06-25 05:58:36,489 - INFO - Test instance 0.6921, class 0.6285
Test instance 0.6921, class 0.6285
2026-06-25 05:58:36,493 - INFO - Best instance 0.6965, class 0.6201 (epoch 142)
Best instance 0.6965, class 0.6201 (epoch 142)
2026-06-25 05:58:36,513 - INFO - Epoch 158/200:
Epoch 158/200:
2026-06-25 06:00:22,371 - INFO - Train loss: 0.0656 (105.8s)
Train loss: 0.0656 (105.8s)
2026-06-25 06:00:47,812 - INFO - Test instance 0.6888, class 0.6150
Test instance 0.6888, class 0.6150
2026-06-25 06:00:47,816 - INFO - Best instance 0.6965, class 0.6201 (epoch 142)
Best instance 0.6965, class 0.6201 (epoch 142)
2026-06-25 06:00:47,833 - INFO - Epoch 159/200:
Epoch 159/200:
2026-06-25 06:02:34,012 - INFO - Train loss: 0.0649 (106.2s)
Train loss: 0.0649 (106.2s)
2026-06-25 06:02:59,900 - INFO - Test instance 0.6791, class 0.6065
Test instance 0.6791, class 0.6065
2026-06-25 06:02:59,904 - INFO - Best instance 0.6965, class 0.6201 (epoch 142)
Best instance 0.6965, class 0.6201 (epoch 142)
2026-06-25 06:02:59,923 - INFO - Epoch 160/200:
Epoch 160/200:
2026-06-25 06:04:45,360 - INFO - Train loss: 0.0653 (105.4s)
Train loss: 0.0653 (105.4s)
2026-06-25 06:05:10,927 - INFO - Test instance 0.6884, class 0.6177
Test instance 0.6884, class 0.6177
2026-06-25 06:05:10,931 - INFO - Best instance 0.6965, class 0.6201 (epoch 142)
Best instance 0.6965, class 0.6201 (epoch 142)
2026-06-25 06:05:10,950 - INFO - Epoch 161/200:
Epoch 161/200:
2026-06-25 06:06:56,241 - INFO - Train loss: 0.0656 (105.3s)
Train loss: 0.0656 (105.3s)
2026-06-25 06:07:21,961 - INFO - Test instance 0.6864, class 0.6105
Test instance 0.6864, class 0.6105
2026-06-25 06:07:21,965 - INFO - Best instance 0.6965, class 0.6201 (epoch 142)
Best instance 0.6965, class 0.6201 (epoch 142)
2026-06-25 06:07:21,984 - INFO - Epoch 162/200:
Epoch 162/200:
2026-06-25 06:09:07,951 - INFO - Train loss: 0.0658 (106.0s)
Train loss: 0.0658 (106.0s)
2026-06-25 06:09:33,615 - INFO - Test instance 0.6848, class 0.6220
Test instance 0.6848, class 0.6220
2026-06-25 06:09:33,619 - INFO - Best instance 0.6965, class 0.6201 (epoch 142)
Best instance 0.6965, class 0.6201 (epoch 142)
2026-06-25 06:09:33,640 - INFO - Epoch 163/200:
Epoch 163/200:
2026-06-25 06:11:19,557 - INFO - Train loss: 0.0652 (105.9s)
Train loss: 0.0652 (105.9s)
2026-06-25 06:11:44,674 - INFO - Test instance 0.6912, class 0.6217
Test instance 0.6912, class 0.6217
2026-06-25 06:11:44,678 - INFO - Best instance 0.6965, class 0.6201 (epoch 142)
Best instance 0.6965, class 0.6201 (epoch 142)
2026-06-25 06:11:44,697 - INFO - Epoch 164/200:
Epoch 164/200:
2026-06-25 06:13:31,020 - INFO - Train loss: 0.0658 (106.3s)
Train loss: 0.0658 (106.3s)
2026-06-25 06:13:56,511 - INFO - Test instance 0.6896, class 0.6179
Test instance 0.6896, class 0.6179
2026-06-25 06:13:56,516 - INFO - Best instance 0.6965, class 0.6201 (epoch 142)
Best instance 0.6965, class 0.6201 (epoch 142)
2026-06-25 06:13:56,539 - INFO - Epoch 165/200:
Epoch 165/200:
2026-06-25 06:15:42,410 - INFO - Train loss: 0.0661 (105.9s)
Train loss: 0.0661 (105.9s)
2026-06-25 06:16:08,040 - INFO - Test instance 0.6929, class 0.6244
Test instance 0.6929, class 0.6244
2026-06-25 06:16:08,044 - INFO - Best instance 0.6965, class 0.6201 (epoch 142)
Best instance 0.6965, class 0.6201 (epoch 142)
2026-06-25 06:16:08,064 - INFO - Epoch 166/200:
Epoch 166/200:
2026-06-25 06:17:51,980 - INFO - Train loss: 0.0659 (103.9s)
Train loss: 0.0659 (103.9s)
2026-06-25 06:18:17,589 - INFO - Test instance 0.6783, class 0.6126
Test instance 0.6783, class 0.6126
2026-06-25 06:18:17,593 - INFO - Best instance 0.6965, class 0.6201 (epoch 142)
Best instance 0.6965, class 0.6201 (epoch 142)
2026-06-25 06:18:17,612 - INFO - Epoch 167/200:
Epoch 167/200:
2026-06-25 06:20:00,895 - INFO - Train loss: 0.0659 (103.3s)
Train loss: 0.0659 (103.3s)
2026-06-25 06:20:26,337 - INFO - Test instance 0.6835, class 0.6162
Test instance 0.6835, class 0.6162
2026-06-25 06:20:26,341 - INFO - Best instance 0.6965, class 0.6201 (epoch 142)
Best instance 0.6965, class 0.6201 (epoch 142)
2026-06-25 06:20:26,360 - INFO - Epoch 168/200:
Epoch 168/200:
2026-06-25 06:22:10,476 - INFO - Train loss: 0.0658 (104.1s)
Train loss: 0.0658 (104.1s)
2026-06-25 06:22:35,831 - INFO - Test instance 0.6892, class 0.6185
Test instance 0.6892, class 0.6185
2026-06-25 06:22:35,835 - INFO - Best instance 0.6965, class 0.6201 (epoch 142)
Best instance 0.6965, class 0.6201 (epoch 142)
2026-06-25 06:22:35,854 - INFO - Epoch 169/200:
Epoch 169/200:
2026-06-25 06:24:18,837 - INFO - Train loss: 0.0649 (103.0s)
Train loss: 0.0649 (103.0s)
2026-06-25 06:24:44,182 - INFO - Test instance 0.6835, class 0.6137
Test instance 0.6835, class 0.6137
2026-06-25 06:24:44,186 - INFO - Best instance 0.6965, class 0.6201 (epoch 142)
Best instance 0.6965, class 0.6201 (epoch 142)
2026-06-25 06:24:44,204 - INFO - Epoch 170/200:
Epoch 170/200:
2026-06-25 06:26:27,167 - INFO - Train loss: 0.0651 (103.0s)
Train loss: 0.0651 (103.0s)
2026-06-25 06:26:52,663 - INFO - Test instance 0.6880, class 0.6147
Test instance 0.6880, class 0.6147
2026-06-25 06:26:52,667 - INFO - Best instance 0.6965, class 0.6201 (epoch 142)
Best instance 0.6965, class 0.6201 (epoch 142)
2026-06-25 06:26:52,685 - INFO - Epoch 171/200:
Epoch 171/200:
2026-06-25 06:28:36,094 - INFO - Train loss: 0.0658 (103.4s)
Train loss: 0.0658 (103.4s)
2026-06-25 06:29:01,576 - INFO - Test instance 0.6876, class 0.6189
Test instance 0.6876, class 0.6189
2026-06-25 06:29:01,580 - INFO - Best instance 0.6965, class 0.6201 (epoch 142)
Best instance 0.6965, class 0.6201 (epoch 142)
2026-06-25 06:29:01,598 - INFO - Epoch 172/200:
Epoch 172/200:
2026-06-25 06:30:44,526 - INFO - Train loss: 0.0654 (102.9s)
Train loss: 0.0654 (102.9s)
2026-06-25 06:31:10,079 - INFO - Test instance 0.6900, class 0.6164
Test instance 0.6900, class 0.6164
2026-06-25 06:31:10,084 - INFO - Best instance 0.6965, class 0.6201 (epoch 142)
Best instance 0.6965, class 0.6201 (epoch 142)
2026-06-25 06:31:10,102 - INFO - Epoch 173/200:
Epoch 173/200:
2026-06-25 06:32:55,017 - INFO - Train loss: 0.0656 (104.9s)
Train loss: 0.0656 (104.9s)
2026-06-25 06:33:20,558 - INFO - Test instance 0.6876, class 0.6175
Test instance 0.6876, class 0.6175
2026-06-25 06:33:20,562 - INFO - Best instance 0.6965, class 0.6201 (epoch 142)
Best instance 0.6965, class 0.6201 (epoch 142)
2026-06-25 06:33:20,579 - INFO - Epoch 174/200:
Epoch 174/200:
2026-06-25 06:35:03,400 - INFO - Train loss: 0.0652 (102.8s)
Train loss: 0.0652 (102.8s)
2026-06-25 06:35:28,770 - INFO - Test instance 0.6904, class 0.6223
Test instance 0.6904, class 0.6223
2026-06-25 06:35:28,773 - INFO - Best instance 0.6965, class 0.6201 (epoch 142)
Best instance 0.6965, class 0.6201 (epoch 142)
2026-06-25 06:35:28,793 - INFO - Epoch 175/200:
Epoch 175/200:
2026-06-25 06:37:12,454 - INFO - Train loss: 0.0657 (103.7s)
Train loss: 0.0657 (103.7s)
2026-06-25 06:37:37,939 - INFO - Test instance 0.6941, class 0.6321
Test instance 0.6941, class 0.6321
2026-06-25 06:37:37,944 - INFO - Best instance 0.6965, class 0.6201 (epoch 142)
Best instance 0.6965, class 0.6201 (epoch 142)
2026-06-25 06:37:37,967 - INFO - Epoch 176/200:
Epoch 176/200:
2026-06-25 06:39:21,071 - INFO - Train loss: 0.0651 (103.1s)
Train loss: 0.0651 (103.1s)
2026-06-25 06:39:46,556 - INFO - Test instance 0.6852, class 0.6030
Test instance 0.6852, class 0.6030
2026-06-25 06:39:46,561 - INFO - Best instance 0.6965, class 0.6201 (epoch 142)
Best instance 0.6965, class 0.6201 (epoch 142)
2026-06-25 06:39:46,582 - INFO - Epoch 177/200:
Epoch 177/200:
2026-06-25 06:41:29,380 - INFO - Train loss: 0.0658 (102.8s)
Train loss: 0.0658 (102.8s)
2026-06-25 06:41:54,912 - INFO - Test instance 0.6876, class 0.6129
Test instance 0.6876, class 0.6129
2026-06-25 06:41:54,916 - INFO - Best instance 0.6965, class 0.6201 (epoch 142)
Best instance 0.6965, class 0.6201 (epoch 142)
2026-06-25 06:41:54,934 - INFO - Epoch 178/200:
Epoch 178/200:
2026-06-25 06:43:38,319 - INFO - Train loss: 0.0654 (103.4s)
Train loss: 0.0654 (103.4s)
2026-06-25 06:44:03,753 - INFO - Test instance 0.6908, class 0.6208
Test instance 0.6908, class 0.6208
2026-06-25 06:44:03,756 - INFO - Best instance 0.6965, class 0.6201 (epoch 142)
Best instance 0.6965, class 0.6201 (epoch 142)
2026-06-25 06:44:03,776 - INFO - Epoch 179/200:
Epoch 179/200:
2026-06-25 06:45:46,836 - INFO - Train loss: 0.0657 (103.1s)
Train loss: 0.0657 (103.1s)
2026-06-25 06:46:14,163 - INFO - Test instance 0.6860, class 0.6135
Test instance 0.6860, class 0.6135
2026-06-25 06:46:14,168 - INFO - Best instance 0.6965, class 0.6201 (epoch 142)
Best instance 0.6965, class 0.6201 (epoch 142)
2026-06-25 06:46:14,186 - INFO - Epoch 180/200:
Epoch 180/200:
2026-06-25 06:47:57,975 - INFO - Train loss: 0.0650 (103.8s)
Train loss: 0.0650 (103.8s)
2026-06-25 06:48:23,426 - INFO - Test instance 0.6945, class 0.6242
Test instance 0.6945, class 0.6242
2026-06-25 06:48:23,430 - INFO - Best instance 0.6965, class 0.6201 (epoch 142)
Best instance 0.6965, class 0.6201 (epoch 142)
2026-06-25 06:48:23,451 - INFO - Epoch 181/200:
Epoch 181/200:
2026-06-25 06:50:07,410 - INFO - Train loss: 0.0648 (104.0s)
Train loss: 0.0648 (104.0s)
2026-06-25 06:50:32,711 - INFO - Test instance 0.6929, class 0.6268
Test instance 0.6929, class 0.6268
2026-06-25 06:50:32,715 - INFO - Best instance 0.6965, class 0.6201 (epoch 142)
Best instance 0.6965, class 0.6201 (epoch 142)
2026-06-25 06:50:32,734 - INFO - Epoch 182/200:
Epoch 182/200:
2026-06-25 06:52:16,571 - INFO - Train loss: 0.0645 (103.8s)
Train loss: 0.0645 (103.8s)
2026-06-25 06:52:42,111 - INFO - Test instance 0.6856, class 0.6158
Test instance 0.6856, class 0.6158
2026-06-25 06:52:42,115 - INFO - Best instance 0.6965, class 0.6201 (epoch 142)
Best instance 0.6965, class 0.6201 (epoch 142)
2026-06-25 06:52:42,134 - INFO - Epoch 183/200:
Epoch 183/200:
2026-06-25 06:54:25,977 - INFO - Train loss: 0.0653 (103.8s)
Train loss: 0.0653 (103.8s)
2026-06-25 06:54:51,564 - INFO - Test instance 0.6933, class 0.6230
Test instance 0.6933, class 0.6230
2026-06-25 06:54:51,569 - INFO - Best instance 0.6965, class 0.6201 (epoch 142)
Best instance 0.6965, class 0.6201 (epoch 142)
2026-06-25 06:54:51,586 - INFO - Epoch 184/200:
Epoch 184/200:
2026-06-25 06:56:34,682 - INFO - Train loss: 0.0653 (103.1s)
Train loss: 0.0653 (103.1s)
2026-06-25 06:57:00,246 - INFO - Test instance 0.6860, class 0.6177
Test instance 0.6860, class 0.6177
2026-06-25 06:57:00,250 - INFO - Best instance 0.6965, class 0.6201 (epoch 142)
Best instance 0.6965, class 0.6201 (epoch 142)
2026-06-25 06:57:00,271 - INFO - Epoch 185/200:
Epoch 185/200:
2026-06-25 06:58:43,646 - INFO - Train loss: 0.0652 (103.4s)
Train loss: 0.0652 (103.4s)
2026-06-25 06:59:08,863 - INFO - Test instance 0.6884, class 0.6224
Test instance 0.6884, class 0.6224
2026-06-25 06:59:08,867 - INFO - Best instance 0.6965, class 0.6201 (epoch 142)
Best instance 0.6965, class 0.6201 (epoch 142)
2026-06-25 06:59:08,886 - INFO - Epoch 186/200:
Epoch 186/200:
2026-06-25 07:00:52,186 - INFO - Train loss: 0.0652 (103.3s)
Train loss: 0.0652 (103.3s)
2026-06-25 07:01:17,688 - INFO - Test instance 0.6981, class 0.6244
Test instance 0.6981, class 0.6244
2026-06-25 07:01:17,709 - INFO - Best instance 0.6981, class 0.6244 (epoch 186)
Best instance 0.6981, class 0.6244 (epoch 186)
2026-06-25 07:01:17,726 - INFO - Epoch 187/200:
Epoch 187/200:
2026-06-25 07:03:00,587 - INFO - Train loss: 0.0656 (102.9s)
Train loss: 0.0656 (102.9s)
2026-06-25 07:03:26,068 - INFO - Test instance 0.6912, class 0.6208
Test instance 0.6912, class 0.6208
2026-06-25 07:03:26,073 - INFO - Best instance 0.6981, class 0.6244 (epoch 186)
Best instance 0.6981, class 0.6244 (epoch 186)
2026-06-25 07:03:26,093 - INFO - Epoch 188/200:
Epoch 188/200:
2026-06-25 07:05:09,631 - INFO - Train loss: 0.0642 (103.5s)
Train loss: 0.0642 (103.5s)
2026-06-25 07:05:35,052 - INFO - Test instance 0.6852, class 0.6178
Test instance 0.6852, class 0.6178
2026-06-25 07:05:35,057 - INFO - Best instance 0.6981, class 0.6244 (epoch 186)
Best instance 0.6981, class 0.6244 (epoch 186)
2026-06-25 07:05:35,080 - INFO - Epoch 189/200:
Epoch 189/200:
2026-06-25 07:07:18,721 - INFO - Train loss: 0.0646 (103.6s)
Train loss: 0.0646 (103.6s)
2026-06-25 07:07:44,077 - INFO - Test instance 0.6844, class 0.6104
Test instance 0.6844, class 0.6104
2026-06-25 07:07:44,082 - INFO - Best instance 0.6981, class 0.6244 (epoch 186)
Best instance 0.6981, class 0.6244 (epoch 186)
2026-06-25 07:07:44,100 - INFO - Epoch 190/200:
Epoch 190/200:
2026-06-25 07:09:27,971 - INFO - Train loss: 0.0647 (103.9s)
Train loss: 0.0647 (103.9s)
2026-06-25 07:09:53,302 - INFO - Test instance 0.6880, class 0.6129
Test instance 0.6880, class 0.6129
2026-06-25 07:09:53,306 - INFO - Best instance 0.6981, class 0.6244 (epoch 186)
Best instance 0.6981, class 0.6244 (epoch 186)
2026-06-25 07:09:53,325 - INFO - Epoch 191/200:
Epoch 191/200:
2026-06-25 07:11:37,252 - INFO - Train loss: 0.0651 (103.9s)
Train loss: 0.0651 (103.9s)
2026-06-25 07:12:02,626 - INFO - Test instance 0.6917, class 0.6203
Test instance 0.6917, class 0.6203
2026-06-25 07:12:02,630 - INFO - Best instance 0.6981, class 0.6244 (epoch 186)
Best instance 0.6981, class 0.6244 (epoch 186)
2026-06-25 07:12:02,648 - INFO - Epoch 192/200:
Epoch 192/200:
2026-06-25 07:13:44,767 - INFO - Train loss: 0.0648 (102.1s)
Train loss: 0.0648 (102.1s)
2026-06-25 07:14:10,282 - INFO - Test instance 0.6933, class 0.6225
Test instance 0.6933, class 0.6225
2026-06-25 07:14:10,286 - INFO - Best instance 0.6981, class 0.6244 (epoch 186)
Best instance 0.6981, class 0.6244 (epoch 186)
2026-06-25 07:14:10,305 - INFO - Epoch 193/200:
Epoch 193/200:
2026-06-25 07:15:52,649 - INFO - Train loss: 0.0652 (102.3s)
Train loss: 0.0652 (102.3s)
2026-06-25 07:16:17,932 - INFO - Test instance 0.6884, class 0.6162
Test instance 0.6884, class 0.6162
2026-06-25 07:16:17,935 - INFO - Best instance 0.6981, class 0.6244 (epoch 186)
Best instance 0.6981, class 0.6244 (epoch 186)
2026-06-25 07:16:17,954 - INFO - Epoch 194/200:
Epoch 194/200:
2026-06-25 07:18:00,221 - INFO - Train loss: 0.0647 (102.3s)
Train loss: 0.0647 (102.3s)
2026-06-25 07:18:25,674 - INFO - Test instance 0.6835, class 0.6156
Test instance 0.6835, class 0.6156
2026-06-25 07:18:25,678 - INFO - Best instance 0.6981, class 0.6244 (epoch 186)
Best instance 0.6981, class 0.6244 (epoch 186)
2026-06-25 07:18:25,726 - INFO - Epoch 195/200:
Epoch 195/200:
2026-06-25 07:20:08,493 - INFO - Train loss: 0.0647 (102.8s)
Train loss: 0.0647 (102.8s)
2026-06-25 07:20:33,870 - INFO - Test instance 0.6929, class 0.6269
Test instance 0.6929, class 0.6269
2026-06-25 07:20:33,875 - INFO - Best instance 0.6981, class 0.6244 (epoch 186)
Best instance 0.6981, class 0.6244 (epoch 186)
2026-06-25 07:20:33,896 - INFO - Epoch 196/200:
Epoch 196/200:
2026-06-25 07:22:18,397 - INFO - Train loss: 0.0662 (104.5s)
Train loss: 0.0662 (104.5s)
2026-06-25 07:22:43,850 - INFO - Test instance 0.6896, class 0.6181
Test instance 0.6896, class 0.6181
2026-06-25 07:22:43,854 - INFO - Best instance 0.6981, class 0.6244 (epoch 186)
Best instance 0.6981, class 0.6244 (epoch 186)
2026-06-25 07:22:43,877 - INFO - Epoch 197/200:
Epoch 197/200:
2026-06-25 07:24:28,192 - INFO - Train loss: 0.0648 (104.3s)
Train loss: 0.0648 (104.3s)
2026-06-25 07:24:53,547 - INFO - Test instance 0.6876, class 0.6184
Test instance 0.6876, class 0.6184
2026-06-25 07:24:53,551 - INFO - Best instance 0.6981, class 0.6244 (epoch 186)
Best instance 0.6981, class 0.6244 (epoch 186)
2026-06-25 07:24:53,571 - INFO - Epoch 198/200:
Epoch 198/200:
2026-06-25 07:26:36,807 - INFO - Train loss: 0.0651 (103.2s)
Train loss: 0.0651 (103.2s)
2026-06-25 07:27:02,281 - INFO - Test instance 0.6795, class 0.6140
Test instance 0.6795, class 0.6140
2026-06-25 07:27:02,286 - INFO - Best instance 0.6981, class 0.6244 (epoch 186)
Best instance 0.6981, class 0.6244 (epoch 186)
2026-06-25 07:27:02,305 - INFO - Epoch 199/200:
Epoch 199/200:
2026-06-25 07:28:45,816 - INFO - Train loss: 0.0647 (103.5s)
Train loss: 0.0647 (103.5s)
2026-06-25 07:29:11,246 - INFO - Test instance 0.6807, class 0.6148
Test instance 0.6807, class 0.6148
2026-06-25 07:29:11,250 - INFO - Best instance 0.6981, class 0.6244 (epoch 186)
Best instance 0.6981, class 0.6244 (epoch 186)
2026-06-25 07:29:11,268 - INFO - Epoch 200/200:
Epoch 200/200:
2026-06-25 07:30:54,016 - INFO - Train loss: 0.0653 (102.7s)
Train loss: 0.0653 (102.7s)
2026-06-25 07:31:19,409 - INFO - Test instance 0.6880, class 0.6168
Test instance 0.6880, class 0.6168
2026-06-25 07:31:19,413 - INFO - Best instance 0.6981, class 0.6244 (epoch 186)
Best instance 0.6981, class 0.6244 (epoch 186)
2026-06-25 07:32:03,679 - INFO - Student 1.44 MB, 121.78 ms
Student 1.44 MB, 121.78 ms
