[Thu Jun 25 00:17:58 EDT 2026] task 47 on GPU 0: python flkd/advanced_kd_train_classification.py --teacher_model pointnet2_cls_ssg --student_model small_pointnet2 --kd_strategy cosine --dataset modelnet40 --seed 7 --batch_size 48 --epoch 200 --num_point 1024 --teacher_path "outputs/modelnet40/flkd/federated/classification/fl_pointnet2_cls_ssg_fedprox_s7/checkpoints/best_model.pth" --log_dir kd_pointnet2_cls_ssg_fedprox+cosine_small_pointnet2_s7  --data_root data --output_root outputs --num_workers -1 --max_runtime_hours 166.0
The size of train data is 9843
The size of test data is 2468
Loaded teacher from outputs/modelnet40/flkd/federated/classification/fl_pointnet2_cls_ssg_fedprox_s7/checkpoints/best_model.pth
2026-06-25 00:18:00,676 - INFO - PARAMETER ...
2026-06-25 00:18:00,677 - INFO - {'use_cpu': False, 'no_amp': False, 'gpu': '0', 'num_workers': -1, 'batch_size': 48, 'teacher_model': 'pointnet2_cls_ssg', 'student_model': 'small_pointnet2', 'num_category': 40, 'dataset': 'modelnet40', 'data_root': 'data', 'output_root': 'outputs', 'train_split': 0.8, 'dataset_seed': 0, 'cache_dataset': True, 'min_class_samples': 1, 'epoch': 200, 'learning_rate': 0.001, 'num_point': 1024, 'optimizer': 'Adam', 'log_dir': 'kd_pointnet2_cls_ssg_fedprox+cosine_small_pointnet2_s7', 'decay_rate': 0.0001, 'use_normals': False, 'process_data': False, 'use_uniform_sample': False, 'resume': True, 'kd_strategy': 'cosine', 'alpha': 0.5, 'temperature': 2.0, 'beta': 0.5, 'dkd_alpha': 1.0, 'dkd_beta': 8.0, 'crd_temperature': 0.07, 'teacher_path': 'outputs/modelnet40/flkd/federated/classification/fl_pointnet2_cls_ssg_fedprox_s7/checkpoints/best_model.pth', 'teacher_paths': None, 'teacher_weights': None, 'use_hard_labels': 'on', 'unlabeled': False, 'temperature_sweep': None, 'seed': 7, 'max_runtime_hours': 166.0}
2026-06-25 00:18:00,712 - INFO - KD=cosine student=small_pointnet2 AMP=False use_hard=True unlabeled=False T=2.0
KD=cosine student=small_pointnet2 AMP=False use_hard=True unlabeled=False T=2.0
2026-06-25 00:18:00,770 - INFO - Epoch 1/200:
Epoch 1/200:
2026-06-25 00:19:48,940 - INFO - Train loss: 1.1947 (108.2s)
Train loss: 1.1947 (108.2s)
2026-06-25 00:20:16,554 - INFO - Test instance 0.4611, class 0.3399
Test instance 0.4611, class 0.3399
2026-06-25 00:20:16,576 - INFO - Best instance 0.4611, class 0.3399 (epoch 1)
Best instance 0.4611, class 0.3399 (epoch 1)
2026-06-25 00:20:16,594 - INFO - Epoch 2/200:
Epoch 2/200:
2026-06-25 00:22:02,101 - INFO - Train loss: 0.7437 (105.5s)
Train loss: 0.7437 (105.5s)
2026-06-25 00:22:28,001 - INFO - Test instance 0.6110, class 0.4976
Test instance 0.6110, class 0.4976
2026-06-25 00:22:28,025 - INFO - Best instance 0.6110, class 0.4976 (epoch 2)
Best instance 0.6110, class 0.4976 (epoch 2)
2026-06-25 00:22:28,043 - INFO - Epoch 3/200:
Epoch 3/200:
2026-06-25 00:24:13,602 - INFO - Train loss: 0.5758 (105.6s)
Train loss: 0.5758 (105.6s)
2026-06-25 00:24:40,019 - INFO - Test instance 0.7229, class 0.6431
Test instance 0.7229, class 0.6431
2026-06-25 00:24:40,041 - INFO - Best instance 0.7229, class 0.6431 (epoch 3)
Best instance 0.7229, class 0.6431 (epoch 3)
2026-06-25 00:24:40,058 - INFO - Epoch 4/200:
Epoch 4/200:
2026-06-25 00:26:25,574 - INFO - Train loss: 0.4901 (105.5s)
Train loss: 0.4901 (105.5s)
2026-06-25 00:26:51,880 - INFO - Test instance 0.7958, class 0.7072
Test instance 0.7958, class 0.7072
2026-06-25 00:26:51,904 - INFO - Best instance 0.7958, class 0.7072 (epoch 4)
Best instance 0.7958, class 0.7072 (epoch 4)
2026-06-25 00:26:51,923 - INFO - Epoch 5/200:
Epoch 5/200:
2026-06-25 00:28:37,602 - INFO - Train loss: 0.4407 (105.7s)
Train loss: 0.4407 (105.7s)
2026-06-25 00:29:03,752 - INFO - Test instance 0.7836, class 0.6836
Test instance 0.7836, class 0.6836
2026-06-25 00:29:03,757 - INFO - Best instance 0.7958, class 0.7072 (epoch 4)
Best instance 0.7958, class 0.7072 (epoch 4)
2026-06-25 00:29:03,776 - INFO - Epoch 6/200:
Epoch 6/200:
2026-06-25 00:30:49,351 - INFO - Train loss: 0.3986 (105.6s)
Train loss: 0.3986 (105.6s)
2026-06-25 00:31:16,381 - INFO - Test instance 0.8047, class 0.7489
Test instance 0.8047, class 0.7489
2026-06-25 00:31:16,401 - INFO - Best instance 0.8047, class 0.7489 (epoch 6)
Best instance 0.8047, class 0.7489 (epoch 6)
2026-06-25 00:31:16,419 - INFO - Epoch 7/200:
Epoch 7/200:
2026-06-25 00:33:01,682 - INFO - Train loss: 0.3685 (105.3s)
Train loss: 0.3685 (105.3s)
2026-06-25 00:33:27,724 - INFO - Test instance 0.8375, class 0.7645
Test instance 0.8375, class 0.7645
2026-06-25 00:33:27,745 - INFO - Best instance 0.8375, class 0.7645 (epoch 7)
Best instance 0.8375, class 0.7645 (epoch 7)
2026-06-25 00:33:27,765 - INFO - Epoch 8/200:
Epoch 8/200:
2026-06-25 00:35:13,077 - INFO - Train loss: 0.3427 (105.3s)
Train loss: 0.3427 (105.3s)
2026-06-25 00:35:38,690 - INFO - Test instance 0.8391, class 0.7884
Test instance 0.8391, class 0.7884
2026-06-25 00:35:38,710 - INFO - Best instance 0.8391, class 0.7884 (epoch 8)
Best instance 0.8391, class 0.7884 (epoch 8)
2026-06-25 00:35:38,727 - INFO - Epoch 9/200:
Epoch 9/200:
2026-06-25 00:37:24,403 - INFO - Train loss: 0.3285 (105.7s)
Train loss: 0.3285 (105.7s)
2026-06-25 00:37:50,223 - INFO - Test instance 0.8521, class 0.8105
Test instance 0.8521, class 0.8105
2026-06-25 00:37:50,244 - INFO - Best instance 0.8521, class 0.8105 (epoch 9)
Best instance 0.8521, class 0.8105 (epoch 9)
2026-06-25 00:37:50,261 - INFO - Epoch 10/200:
Epoch 10/200:
2026-06-25 00:39:35,962 - INFO - Train loss: 0.3124 (105.7s)
Train loss: 0.3124 (105.7s)
2026-06-25 00:40:01,650 - INFO - Test instance 0.8695, class 0.8147
Test instance 0.8695, class 0.8147
2026-06-25 00:40:01,670 - INFO - Best instance 0.8695, class 0.8147 (epoch 10)
Best instance 0.8695, class 0.8147 (epoch 10)
2026-06-25 00:40:01,687 - INFO - Epoch 11/200:
Epoch 11/200:
2026-06-25 00:41:47,741 - INFO - Train loss: 0.3076 (106.1s)
Train loss: 0.3076 (106.1s)
2026-06-25 00:42:13,251 - INFO - Test instance 0.8517, class 0.8140
Test instance 0.8517, class 0.8140
2026-06-25 00:42:13,254 - INFO - Best instance 0.8695, class 0.8147 (epoch 10)
Best instance 0.8695, class 0.8147 (epoch 10)
2026-06-25 00:42:13,273 - INFO - Epoch 12/200:
Epoch 12/200:
2026-06-25 00:43:58,512 - INFO - Train loss: 0.2845 (105.2s)
Train loss: 0.2845 (105.2s)
2026-06-25 00:44:24,124 - INFO - Test instance 0.8525, class 0.7899
Test instance 0.8525, class 0.7899
2026-06-25 00:44:24,127 - INFO - Best instance 0.8695, class 0.8147 (epoch 10)
Best instance 0.8695, class 0.8147 (epoch 10)
2026-06-25 00:44:24,145 - INFO - Epoch 13/200:
Epoch 13/200:
2026-06-25 00:46:09,492 - INFO - Train loss: 0.2853 (105.3s)
Train loss: 0.2853 (105.3s)
2026-06-25 00:46:35,534 - INFO - Test instance 0.8655, class 0.8188
Test instance 0.8655, class 0.8188
2026-06-25 00:46:35,538 - INFO - Best instance 0.8695, class 0.8147 (epoch 10)
Best instance 0.8695, class 0.8147 (epoch 10)
2026-06-25 00:46:35,557 - INFO - Epoch 14/200:
Epoch 14/200:
2026-06-25 00:48:20,943 - INFO - Train loss: 0.2705 (105.4s)
Train loss: 0.2705 (105.4s)
2026-06-25 00:48:46,546 - INFO - Test instance 0.8736, class 0.8223
Test instance 0.8736, class 0.8223
2026-06-25 00:48:46,567 - INFO - Best instance 0.8736, class 0.8223 (epoch 14)
Best instance 0.8736, class 0.8223 (epoch 14)
2026-06-25 00:48:46,583 - INFO - Epoch 15/200:
Epoch 15/200:
2026-06-25 00:50:32,273 - INFO - Train loss: 0.2663 (105.7s)
Train loss: 0.2663 (105.7s)
2026-06-25 00:50:58,149 - INFO - Test instance 0.8772, class 0.8265
Test instance 0.8772, class 0.8265
2026-06-25 00:50:58,171 - INFO - Best instance 0.8772, class 0.8265 (epoch 15)
Best instance 0.8772, class 0.8265 (epoch 15)
2026-06-25 00:50:58,187 - INFO - Epoch 16/200:
Epoch 16/200:
2026-06-25 00:52:44,113 - INFO - Train loss: 0.2625 (105.9s)
Train loss: 0.2625 (105.9s)
2026-06-25 00:53:09,889 - INFO - Test instance 0.8837, class 0.8177
Test instance 0.8837, class 0.8177
2026-06-25 00:53:09,909 - INFO - Best instance 0.8837, class 0.8177 (epoch 16)
Best instance 0.8837, class 0.8177 (epoch 16)
2026-06-25 00:53:09,926 - INFO - Epoch 17/200:
Epoch 17/200:
2026-06-25 00:54:55,273 - INFO - Train loss: 0.2543 (105.3s)
Train loss: 0.2543 (105.3s)
2026-06-25 00:55:20,956 - INFO - Test instance 0.8817, class 0.8260
Test instance 0.8817, class 0.8260
2026-06-25 00:55:20,960 - INFO - Best instance 0.8837, class 0.8177 (epoch 16)
Best instance 0.8837, class 0.8177 (epoch 16)
2026-06-25 00:55:20,978 - INFO - Epoch 18/200:
Epoch 18/200:
2026-06-25 00:57:06,230 - INFO - Train loss: 0.2443 (105.3s)
Train loss: 0.2443 (105.3s)
2026-06-25 00:57:32,020 - INFO - Test instance 0.8776, class 0.8236
Test instance 0.8776, class 0.8236
2026-06-25 00:57:32,022 - INFO - Best instance 0.8837, class 0.8177 (epoch 16)
Best instance 0.8837, class 0.8177 (epoch 16)
2026-06-25 00:57:32,041 - INFO - Epoch 19/200:
Epoch 19/200:
2026-06-25 00:59:18,176 - INFO - Train loss: 0.2464 (106.1s)
Train loss: 0.2464 (106.1s)
2026-06-25 00:59:43,829 - INFO - Test instance 0.8914, class 0.8533
Test instance 0.8914, class 0.8533
2026-06-25 00:59:43,851 - INFO - Best instance 0.8914, class 0.8533 (epoch 19)
Best instance 0.8914, class 0.8533 (epoch 19)
2026-06-25 00:59:43,869 - INFO - Epoch 20/200:
Epoch 20/200:
2026-06-25 01:01:29,335 - INFO - Train loss: 0.2252 (105.5s)
Train loss: 0.2252 (105.5s)
2026-06-25 01:01:55,210 - INFO - Test instance 0.8691, class 0.8299
Test instance 0.8691, class 0.8299
2026-06-25 01:01:55,213 - INFO - Best instance 0.8914, class 0.8533 (epoch 19)
Best instance 0.8914, class 0.8533 (epoch 19)
2026-06-25 01:01:55,231 - INFO - Epoch 21/200:
Epoch 21/200:
2026-06-25 01:03:41,085 - INFO - Train loss: 0.2179 (105.9s)
Train loss: 0.2179 (105.9s)
2026-06-25 01:04:06,907 - INFO - Test instance 0.8971, class 0.8468
Test instance 0.8971, class 0.8468
2026-06-25 01:04:06,928 - INFO - Best instance 0.8971, class 0.8468 (epoch 21)
Best instance 0.8971, class 0.8468 (epoch 21)
2026-06-25 01:04:06,945 - INFO - Epoch 22/200:
Epoch 22/200:
2026-06-25 01:05:52,653 - INFO - Train loss: 0.2078 (105.7s)
Train loss: 0.2078 (105.7s)
2026-06-25 01:06:18,244 - INFO - Test instance 0.8934, class 0.8460
Test instance 0.8934, class 0.8460
2026-06-25 01:06:18,247 - INFO - Best instance 0.8971, class 0.8468 (epoch 21)
Best instance 0.8971, class 0.8468 (epoch 21)
2026-06-25 01:06:18,266 - INFO - Epoch 23/200:
Epoch 23/200:
2026-06-25 01:08:04,369 - INFO - Train loss: 0.2061 (106.1s)
Train loss: 0.2061 (106.1s)
2026-06-25 01:08:29,938 - INFO - Test instance 0.8922, class 0.8532
Test instance 0.8922, class 0.8532
2026-06-25 01:08:29,941 - INFO - Best instance 0.8971, class 0.8468 (epoch 21)
Best instance 0.8971, class 0.8468 (epoch 21)
2026-06-25 01:08:29,960 - INFO - Epoch 24/200:
Epoch 24/200:
2026-06-25 01:10:15,583 - INFO - Train loss: 0.2015 (105.6s)
Train loss: 0.2015 (105.6s)
2026-06-25 01:10:41,391 - INFO - Test instance 0.8890, class 0.8492
Test instance 0.8890, class 0.8492
2026-06-25 01:10:41,395 - INFO - Best instance 0.8971, class 0.8468 (epoch 21)
Best instance 0.8971, class 0.8468 (epoch 21)
2026-06-25 01:10:41,413 - INFO - Epoch 25/200:
Epoch 25/200:
2026-06-25 01:12:27,602 - INFO - Train loss: 0.2012 (106.2s)
Train loss: 0.2012 (106.2s)
2026-06-25 01:12:53,428 - INFO - Test instance 0.9015, class 0.8541
Test instance 0.9015, class 0.8541
2026-06-25 01:12:53,451 - INFO - Best instance 0.9015, class 0.8541 (epoch 25)
Best instance 0.9015, class 0.8541 (epoch 25)
2026-06-25 01:12:53,469 - INFO - Epoch 26/200:
Epoch 26/200:
2026-06-25 01:14:38,826 - INFO - Train loss: 0.1985 (105.4s)
Train loss: 0.1985 (105.4s)
2026-06-25 01:15:04,447 - INFO - Test instance 0.8890, class 0.8362
Test instance 0.8890, class 0.8362
2026-06-25 01:15:04,451 - INFO - Best instance 0.9015, class 0.8541 (epoch 25)
Best instance 0.9015, class 0.8541 (epoch 25)
2026-06-25 01:15:04,469 - INFO - Epoch 27/200:
Epoch 27/200:
2026-06-25 01:16:49,668 - INFO - Train loss: 0.1891 (105.2s)
Train loss: 0.1891 (105.2s)
2026-06-25 01:17:15,485 - INFO - Test instance 0.8955, class 0.8516
Test instance 0.8955, class 0.8516
2026-06-25 01:17:15,488 - INFO - Best instance 0.9015, class 0.8541 (epoch 25)
Best instance 0.9015, class 0.8541 (epoch 25)
2026-06-25 01:17:15,507 - INFO - Epoch 28/200:
Epoch 28/200:
2026-06-25 01:19:01,397 - INFO - Train loss: 0.1918 (105.9s)
Train loss: 0.1918 (105.9s)
2026-06-25 01:19:27,313 - INFO - Test instance 0.8861, class 0.8441
Test instance 0.8861, class 0.8441
2026-06-25 01:19:27,319 - INFO - Best instance 0.9015, class 0.8541 (epoch 25)
Best instance 0.9015, class 0.8541 (epoch 25)
2026-06-25 01:19:27,339 - INFO - Epoch 29/200:
Epoch 29/200:
2026-06-25 01:21:12,750 - INFO - Train loss: 0.1962 (105.4s)
Train loss: 0.1962 (105.4s)
2026-06-25 01:21:38,584 - INFO - Test instance 0.8825, class 0.8384
Test instance 0.8825, class 0.8384
2026-06-25 01:21:38,588 - INFO - Best instance 0.9015, class 0.8541 (epoch 25)
Best instance 0.9015, class 0.8541 (epoch 25)
2026-06-25 01:21:38,606 - INFO - Epoch 30/200:
Epoch 30/200:
2026-06-25 01:23:24,172 - INFO - Train loss: 0.1841 (105.6s)
Train loss: 0.1841 (105.6s)
2026-06-25 01:23:50,590 - INFO - Test instance 0.8942, class 0.8563
Test instance 0.8942, class 0.8563
2026-06-25 01:23:50,594 - INFO - Best instance 0.9015, class 0.8541 (epoch 25)
Best instance 0.9015, class 0.8541 (epoch 25)
2026-06-25 01:23:50,613 - INFO - Epoch 31/200:
Epoch 31/200:
2026-06-25 01:25:36,213 - INFO - Train loss: 0.1923 (105.6s)
Train loss: 0.1923 (105.6s)
2026-06-25 01:26:02,048 - INFO - Test instance 0.8959, class 0.8555
Test instance 0.8959, class 0.8555
2026-06-25 01:26:02,052 - INFO - Best instance 0.9015, class 0.8541 (epoch 25)
Best instance 0.9015, class 0.8541 (epoch 25)
2026-06-25 01:26:02,071 - INFO - Epoch 32/200:
Epoch 32/200:
2026-06-25 01:27:48,561 - INFO - Train loss: 0.1842 (106.5s)
Train loss: 0.1842 (106.5s)
2026-06-25 01:28:14,557 - INFO - Test instance 0.9028, class 0.8610
Test instance 0.9028, class 0.8610
2026-06-25 01:28:14,579 - INFO - Best instance 0.9028, class 0.8610 (epoch 32)
Best instance 0.9028, class 0.8610 (epoch 32)
2026-06-25 01:28:14,597 - INFO - Epoch 33/200:
Epoch 33/200:
2026-06-25 01:30:00,634 - INFO - Train loss: 0.1807 (106.0s)
Train loss: 0.1807 (106.0s)
2026-06-25 01:30:26,741 - INFO - Test instance 0.8959, class 0.8568
Test instance 0.8959, class 0.8568
2026-06-25 01:30:26,745 - INFO - Best instance 0.9028, class 0.8610 (epoch 32)
Best instance 0.9028, class 0.8610 (epoch 32)
2026-06-25 01:30:26,764 - INFO - Epoch 34/200:
Epoch 34/200:
2026-06-25 01:32:12,121 - INFO - Train loss: 0.1837 (105.4s)
Train loss: 0.1837 (105.4s)
2026-06-25 01:32:38,339 - INFO - Test instance 0.8947, class 0.8519
Test instance 0.8947, class 0.8519
2026-06-25 01:32:38,343 - INFO - Best instance 0.9028, class 0.8610 (epoch 32)
Best instance 0.9028, class 0.8610 (epoch 32)
2026-06-25 01:32:38,361 - INFO - Epoch 35/200:
Epoch 35/200:
2026-06-25 01:34:23,694 - INFO - Train loss: 0.1853 (105.3s)
Train loss: 0.1853 (105.3s)
2026-06-25 01:34:49,478 - INFO - Test instance 0.9028, class 0.8627
Test instance 0.9028, class 0.8627
2026-06-25 01:34:49,482 - INFO - Best instance 0.9028, class 0.8610 (epoch 32)
Best instance 0.9028, class 0.8610 (epoch 32)
2026-06-25 01:34:49,500 - INFO - Epoch 36/200:
Epoch 36/200:
2026-06-25 01:36:34,584 - INFO - Train loss: 0.1785 (105.1s)
Train loss: 0.1785 (105.1s)
2026-06-25 01:37:00,728 - INFO - Test instance 0.8906, class 0.8619
Test instance 0.8906, class 0.8619
2026-06-25 01:37:00,733 - INFO - Best instance 0.9028, class 0.8610 (epoch 32)
Best instance 0.9028, class 0.8610 (epoch 32)
2026-06-25 01:37:00,778 - INFO - Epoch 37/200:
Epoch 37/200:
2026-06-25 01:38:46,265 - INFO - Train loss: 0.1821 (105.5s)
Train loss: 0.1821 (105.5s)
2026-06-25 01:39:12,047 - INFO - Test instance 0.8930, class 0.8531
Test instance 0.8930, class 0.8531
2026-06-25 01:39:12,051 - INFO - Best instance 0.9028, class 0.8610 (epoch 32)
Best instance 0.9028, class 0.8610 (epoch 32)
2026-06-25 01:39:12,070 - INFO - Epoch 38/200:
Epoch 38/200:
2026-06-25 01:40:57,042 - INFO - Train loss: 0.1734 (105.0s)
Train loss: 0.1734 (105.0s)
2026-06-25 01:41:22,742 - INFO - Test instance 0.9036, class 0.8578
Test instance 0.9036, class 0.8578
2026-06-25 01:41:22,764 - INFO - Best instance 0.9036, class 0.8578 (epoch 38)
Best instance 0.9036, class 0.8578 (epoch 38)
2026-06-25 01:41:22,781 - INFO - Epoch 39/200:
Epoch 39/200:
2026-06-25 01:43:08,411 - INFO - Train loss: 0.1737 (105.6s)
Train loss: 0.1737 (105.6s)
2026-06-25 01:43:34,278 - INFO - Test instance 0.8999, class 0.8564
Test instance 0.8999, class 0.8564
2026-06-25 01:43:34,283 - INFO - Best instance 0.9036, class 0.8578 (epoch 38)
Best instance 0.9036, class 0.8578 (epoch 38)
2026-06-25 01:43:34,302 - INFO - Epoch 40/200:
Epoch 40/200:
2026-06-25 01:45:19,507 - INFO - Train loss: 0.1722 (105.2s)
Train loss: 0.1722 (105.2s)
2026-06-25 01:45:45,218 - INFO - Test instance 0.8926, class 0.8488
Test instance 0.8926, class 0.8488
2026-06-25 01:45:45,223 - INFO - Best instance 0.9036, class 0.8578 (epoch 38)
Best instance 0.9036, class 0.8578 (epoch 38)
2026-06-25 01:45:45,241 - INFO - Epoch 41/200:
Epoch 41/200:
2026-06-25 01:47:30,408 - INFO - Train loss: 0.1590 (105.2s)
Train loss: 0.1590 (105.2s)
2026-06-25 01:47:56,128 - INFO - Test instance 0.9028, class 0.8676
Test instance 0.9028, class 0.8676
2026-06-25 01:47:56,132 - INFO - Best instance 0.9036, class 0.8578 (epoch 38)
Best instance 0.9036, class 0.8578 (epoch 38)
2026-06-25 01:47:56,150 - INFO - Epoch 42/200:
Epoch 42/200:
2026-06-25 01:49:41,662 - INFO - Train loss: 0.1598 (105.5s)
Train loss: 0.1598 (105.5s)
2026-06-25 01:50:07,416 - INFO - Test instance 0.9060, class 0.8611
Test instance 0.9060, class 0.8611
2026-06-25 01:50:07,438 - INFO - Best instance 0.9060, class 0.8611 (epoch 42)
Best instance 0.9060, class 0.8611 (epoch 42)
2026-06-25 01:50:07,458 - INFO - Epoch 43/200:
Epoch 43/200:
2026-06-25 01:51:52,718 - INFO - Train loss: 0.1583 (105.3s)
Train loss: 0.1583 (105.3s)
2026-06-25 01:52:18,794 - INFO - Test instance 0.9003, class 0.8667
Test instance 0.9003, class 0.8667
2026-06-25 01:52:18,798 - INFO - Best instance 0.9060, class 0.8611 (epoch 42)
Best instance 0.9060, class 0.8611 (epoch 42)
2026-06-25 01:52:18,817 - INFO - Epoch 44/200:
Epoch 44/200:
2026-06-25 01:54:03,882 - INFO - Train loss: 0.1566 (105.1s)
Train loss: 0.1566 (105.1s)
2026-06-25 01:54:30,134 - INFO - Test instance 0.9015, class 0.8728
Test instance 0.9015, class 0.8728
2026-06-25 01:54:30,139 - INFO - Best instance 0.9060, class 0.8611 (epoch 42)
Best instance 0.9060, class 0.8611 (epoch 42)
2026-06-25 01:54:30,158 - INFO - Epoch 45/200:
Epoch 45/200:
2026-06-25 01:56:16,118 - INFO - Train loss: 0.1522 (106.0s)
Train loss: 0.1522 (106.0s)
2026-06-25 01:56:42,067 - INFO - Test instance 0.9052, class 0.8697
Test instance 0.9052, class 0.8697
2026-06-25 01:56:42,070 - INFO - Best instance 0.9060, class 0.8611 (epoch 42)
Best instance 0.9060, class 0.8611 (epoch 42)
2026-06-25 01:56:42,088 - INFO - Epoch 46/200:
Epoch 46/200:
2026-06-25 01:58:27,212 - INFO - Train loss: 0.1523 (105.1s)
Train loss: 0.1523 (105.1s)
2026-06-25 01:58:53,075 - INFO - Test instance 0.9024, class 0.8663
Test instance 0.9024, class 0.8663
2026-06-25 01:58:53,078 - INFO - Best instance 0.9060, class 0.8611 (epoch 42)
Best instance 0.9060, class 0.8611 (epoch 42)
2026-06-25 01:58:53,096 - INFO - Epoch 47/200:
Epoch 47/200:
2026-06-25 02:00:38,370 - INFO - Train loss: 0.1491 (105.3s)
Train loss: 0.1491 (105.3s)
2026-06-25 02:01:04,321 - INFO - Test instance 0.9036, class 0.8620
Test instance 0.9036, class 0.8620
2026-06-25 02:01:04,326 - INFO - Best instance 0.9060, class 0.8611 (epoch 42)
Best instance 0.9060, class 0.8611 (epoch 42)
2026-06-25 02:01:04,344 - INFO - Epoch 48/200:
Epoch 48/200:
2026-06-25 02:02:49,791 - INFO - Train loss: 0.1470 (105.4s)
Train loss: 0.1470 (105.4s)
2026-06-25 02:03:21,952 - INFO - Test instance 0.9048, class 0.8616
Test instance 0.9048, class 0.8616
2026-06-25 02:03:21,956 - INFO - Best instance 0.9060, class 0.8611 (epoch 42)
Best instance 0.9060, class 0.8611 (epoch 42)
2026-06-25 02:03:21,976 - INFO - Epoch 49/200:
Epoch 49/200:
2026-06-25 02:05:07,111 - INFO - Train loss: 0.1500 (105.1s)
Train loss: 0.1500 (105.1s)
2026-06-25 02:05:32,972 - INFO - Test instance 0.9011, class 0.8553
Test instance 0.9011, class 0.8553
2026-06-25 02:05:32,976 - INFO - Best instance 0.9060, class 0.8611 (epoch 42)
Best instance 0.9060, class 0.8611 (epoch 42)
2026-06-25 02:05:32,997 - INFO - Epoch 50/200:
Epoch 50/200:
2026-06-25 02:07:18,040 - INFO - Train loss: 0.1474 (105.0s)
Train loss: 0.1474 (105.0s)
2026-06-25 02:07:43,990 - INFO - Test instance 0.9040, class 0.8583
Test instance 0.9040, class 0.8583
2026-06-25 02:07:43,994 - INFO - Best instance 0.9060, class 0.8611 (epoch 42)
Best instance 0.9060, class 0.8611 (epoch 42)
2026-06-25 02:07:44,014 - INFO - Epoch 51/200:
Epoch 51/200:
2026-06-25 02:09:29,471 - INFO - Train loss: 0.1466 (105.5s)
Train loss: 0.1466 (105.5s)
2026-06-25 02:09:55,510 - INFO - Test instance 0.9032, class 0.8615
Test instance 0.9032, class 0.8615
2026-06-25 02:09:55,514 - INFO - Best instance 0.9060, class 0.8611 (epoch 42)
Best instance 0.9060, class 0.8611 (epoch 42)
2026-06-25 02:09:55,533 - INFO - Epoch 52/200:
Epoch 52/200:
2026-06-25 02:11:40,818 - INFO - Train loss: 0.1410 (105.3s)
Train loss: 0.1410 (105.3s)
2026-06-25 02:12:06,934 - INFO - Test instance 0.8951, class 0.8551
Test instance 0.8951, class 0.8551
2026-06-25 02:12:06,938 - INFO - Best instance 0.9060, class 0.8611 (epoch 42)
Best instance 0.9060, class 0.8611 (epoch 42)
2026-06-25 02:12:06,956 - INFO - Epoch 53/200:
Epoch 53/200:
2026-06-25 02:13:52,462 - INFO - Train loss: 0.1396 (105.5s)
Train loss: 0.1396 (105.5s)
2026-06-25 02:14:18,368 - INFO - Test instance 0.9040, class 0.8600
Test instance 0.9040, class 0.8600
2026-06-25 02:14:18,373 - INFO - Best instance 0.9060, class 0.8611 (epoch 42)
Best instance 0.9060, class 0.8611 (epoch 42)
2026-06-25 02:14:18,393 - INFO - Epoch 54/200:
Epoch 54/200:
2026-06-25 02:16:04,637 - INFO - Train loss: 0.1441 (106.2s)
Train loss: 0.1441 (106.2s)
2026-06-25 02:16:31,003 - INFO - Test instance 0.9032, class 0.8630
Test instance 0.9032, class 0.8630
2026-06-25 02:16:31,007 - INFO - Best instance 0.9060, class 0.8611 (epoch 42)
Best instance 0.9060, class 0.8611 (epoch 42)
2026-06-25 02:16:31,027 - INFO - Epoch 55/200:
Epoch 55/200:
2026-06-25 02:18:17,889 - INFO - Train loss: 0.1392 (106.9s)
Train loss: 0.1392 (106.9s)
2026-06-25 02:18:44,515 - INFO - Test instance 0.9109, class 0.8767
Test instance 0.9109, class 0.8767
2026-06-25 02:18:44,539 - INFO - Best instance 0.9109, class 0.8767 (epoch 55)
Best instance 0.9109, class 0.8767 (epoch 55)
2026-06-25 02:18:44,555 - INFO - Epoch 56/200:
Epoch 56/200:
2026-06-25 02:20:31,851 - INFO - Train loss: 0.1451 (107.3s)
Train loss: 0.1451 (107.3s)
2026-06-25 02:20:58,571 - INFO - Test instance 0.9036, class 0.8734
Test instance 0.9036, class 0.8734
2026-06-25 02:20:58,574 - INFO - Best instance 0.9109, class 0.8767 (epoch 55)
Best instance 0.9109, class 0.8767 (epoch 55)
2026-06-25 02:20:58,592 - INFO - Epoch 57/200:
Epoch 57/200:
2026-06-25 02:22:45,869 - INFO - Train loss: 0.1461 (107.3s)
Train loss: 0.1461 (107.3s)
2026-06-25 02:23:12,293 - INFO - Test instance 0.9072, class 0.8731
Test instance 0.9072, class 0.8731
2026-06-25 02:23:12,296 - INFO - Best instance 0.9109, class 0.8767 (epoch 55)
Best instance 0.9109, class 0.8767 (epoch 55)
2026-06-25 02:23:12,314 - INFO - Epoch 58/200:
Epoch 58/200:
2026-06-25 02:25:00,169 - INFO - Train loss: 0.1438 (107.9s)
Train loss: 0.1438 (107.9s)
2026-06-25 02:25:26,532 - INFO - Test instance 0.9052, class 0.8687
Test instance 0.9052, class 0.8687
2026-06-25 02:25:26,536 - INFO - Best instance 0.9109, class 0.8767 (epoch 55)
Best instance 0.9109, class 0.8767 (epoch 55)
2026-06-25 02:25:26,553 - INFO - Epoch 59/200:
Epoch 59/200:
2026-06-25 02:27:14,036 - INFO - Train loss: 0.1374 (107.5s)
Train loss: 0.1374 (107.5s)
2026-06-25 02:27:40,552 - INFO - Test instance 0.9015, class 0.8698
Test instance 0.9015, class 0.8698
2026-06-25 02:27:40,556 - INFO - Best instance 0.9109, class 0.8767 (epoch 55)
Best instance 0.9109, class 0.8767 (epoch 55)
2026-06-25 02:27:40,576 - INFO - Epoch 60/200:
Epoch 60/200:
2026-06-25 02:29:28,100 - INFO - Train loss: 0.1420 (107.5s)
Train loss: 0.1420 (107.5s)
2026-06-25 02:29:54,740 - INFO - Test instance 0.9056, class 0.8729
Test instance 0.9056, class 0.8729
2026-06-25 02:29:54,744 - INFO - Best instance 0.9109, class 0.8767 (epoch 55)
Best instance 0.9109, class 0.8767 (epoch 55)
2026-06-25 02:29:54,763 - INFO - Epoch 61/200:
Epoch 61/200:
2026-06-25 02:31:42,060 - INFO - Train loss: 0.1280 (107.3s)
Train loss: 0.1280 (107.3s)
2026-06-25 02:32:08,679 - INFO - Test instance 0.9056, class 0.8672
Test instance 0.9056, class 0.8672
2026-06-25 02:32:08,682 - INFO - Best instance 0.9109, class 0.8767 (epoch 55)
Best instance 0.9109, class 0.8767 (epoch 55)
2026-06-25 02:32:08,700 - INFO - Epoch 62/200:
Epoch 62/200:
2026-06-25 02:33:55,936 - INFO - Train loss: 0.1246 (107.2s)
Train loss: 0.1246 (107.2s)
2026-06-25 02:34:22,591 - INFO - Test instance 0.9092, class 0.8768
Test instance 0.9092, class 0.8768
2026-06-25 02:34:22,595 - INFO - Best instance 0.9109, class 0.8767 (epoch 55)
Best instance 0.9109, class 0.8767 (epoch 55)
2026-06-25 02:34:22,615 - INFO - Epoch 63/200:
Epoch 63/200:
2026-06-25 02:36:10,323 - INFO - Train loss: 0.1289 (107.7s)
Train loss: 0.1289 (107.7s)
2026-06-25 02:36:36,874 - INFO - Test instance 0.9072, class 0.8622
Test instance 0.9072, class 0.8622
2026-06-25 02:36:36,878 - INFO - Best instance 0.9109, class 0.8767 (epoch 55)
Best instance 0.9109, class 0.8767 (epoch 55)
2026-06-25 02:36:36,898 - INFO - Epoch 64/200:
Epoch 64/200:
2026-06-25 02:38:24,275 - INFO - Train loss: 0.1187 (107.4s)
Train loss: 0.1187 (107.4s)
2026-06-25 02:38:50,750 - INFO - Test instance 0.9165, class 0.8747
Test instance 0.9165, class 0.8747
2026-06-25 02:38:50,773 - INFO - Best instance 0.9165, class 0.8747 (epoch 64)
Best instance 0.9165, class 0.8747 (epoch 64)
2026-06-25 02:38:50,790 - INFO - Epoch 65/200:
Epoch 65/200:
2026-06-25 02:40:37,453 - INFO - Train loss: 0.1197 (106.7s)
Train loss: 0.1197 (106.7s)
2026-06-25 02:41:03,649 - INFO - Test instance 0.9198, class 0.8819
Test instance 0.9198, class 0.8819
2026-06-25 02:41:03,671 - INFO - Best instance 0.9198, class 0.8819 (epoch 65)
Best instance 0.9198, class 0.8819 (epoch 65)
2026-06-25 02:41:03,688 - INFO - Epoch 66/200:
Epoch 66/200:
2026-06-25 02:42:50,494 - INFO - Train loss: 0.1159 (106.8s)
Train loss: 0.1159 (106.8s)
2026-06-25 02:43:16,920 - INFO - Test instance 0.9129, class 0.8797
Test instance 0.9129, class 0.8797
2026-06-25 02:43:16,923 - INFO - Best instance 0.9198, class 0.8819 (epoch 65)
Best instance 0.9198, class 0.8819 (epoch 65)
2026-06-25 02:43:16,942 - INFO - Epoch 67/200:
Epoch 67/200:
2026-06-25 02:45:03,628 - INFO - Train loss: 0.1223 (106.7s)
Train loss: 0.1223 (106.7s)
2026-06-25 02:45:29,996 - INFO - Test instance 0.9024, class 0.8678
Test instance 0.9024, class 0.8678
2026-06-25 02:45:30,000 - INFO - Best instance 0.9198, class 0.8819 (epoch 65)
Best instance 0.9198, class 0.8819 (epoch 65)
2026-06-25 02:45:30,019 - INFO - Epoch 68/200:
Epoch 68/200:
2026-06-25 02:47:16,607 - INFO - Train loss: 0.1186 (106.6s)
Train loss: 0.1186 (106.6s)
2026-06-25 02:47:42,877 - INFO - Test instance 0.9084, class 0.8810
Test instance 0.9084, class 0.8810
2026-06-25 02:47:42,880 - INFO - Best instance 0.9198, class 0.8819 (epoch 65)
Best instance 0.9198, class 0.8819 (epoch 65)
2026-06-25 02:47:42,899 - INFO - Epoch 69/200:
Epoch 69/200:
2026-06-25 02:49:28,499 - INFO - Train loss: 0.1216 (105.6s)
Train loss: 0.1216 (105.6s)
2026-06-25 02:49:54,354 - INFO - Test instance 0.9092, class 0.8787
Test instance 0.9092, class 0.8787
2026-06-25 02:49:54,358 - INFO - Best instance 0.9198, class 0.8819 (epoch 65)
Best instance 0.9198, class 0.8819 (epoch 65)
2026-06-25 02:49:54,377 - INFO - Epoch 70/200:
Epoch 70/200:
2026-06-25 02:51:39,498 - INFO - Train loss: 0.1171 (105.1s)
Train loss: 0.1171 (105.1s)
2026-06-25 02:52:05,568 - INFO - Test instance 0.9133, class 0.8748
Test instance 0.9133, class 0.8748
2026-06-25 02:52:05,572 - INFO - Best instance 0.9198, class 0.8819 (epoch 65)
Best instance 0.9198, class 0.8819 (epoch 65)
2026-06-25 02:52:05,590 - INFO - Epoch 71/200:
Epoch 71/200:
2026-06-25 02:53:50,630 - INFO - Train loss: 0.1204 (105.0s)
Train loss: 0.1204 (105.0s)
2026-06-25 02:54:16,672 - INFO - Test instance 0.9133, class 0.8804
Test instance 0.9133, class 0.8804
2026-06-25 02:54:16,677 - INFO - Best instance 0.9198, class 0.8819 (epoch 65)
Best instance 0.9198, class 0.8819 (epoch 65)
2026-06-25 02:54:16,712 - INFO - Epoch 72/200:
Epoch 72/200:
2026-06-25 02:56:02,321 - INFO - Train loss: 0.1177 (105.6s)
Train loss: 0.1177 (105.6s)
2026-06-25 02:56:28,118 - INFO - Test instance 0.9121, class 0.8752
Test instance 0.9121, class 0.8752
2026-06-25 02:56:28,122 - INFO - Best instance 0.9198, class 0.8819 (epoch 65)
Best instance 0.9198, class 0.8819 (epoch 65)
2026-06-25 02:56:28,141 - INFO - Epoch 73/200:
Epoch 73/200:
2026-06-25 02:58:13,593 - INFO - Train loss: 0.1171 (105.5s)
Train loss: 0.1171 (105.5s)
2026-06-25 02:58:39,465 - INFO - Test instance 0.9072, class 0.8732
Test instance 0.9072, class 0.8732
2026-06-25 02:58:39,469 - INFO - Best instance 0.9198, class 0.8819 (epoch 65)
Best instance 0.9198, class 0.8819 (epoch 65)
2026-06-25 02:58:39,488 - INFO - Epoch 74/200:
Epoch 74/200:
2026-06-25 03:00:25,081 - INFO - Train loss: 0.1172 (105.6s)
Train loss: 0.1172 (105.6s)
2026-06-25 03:00:51,106 - INFO - Test instance 0.9044, class 0.8668
Test instance 0.9044, class 0.8668
2026-06-25 03:00:51,110 - INFO - Best instance 0.9198, class 0.8819 (epoch 65)
Best instance 0.9198, class 0.8819 (epoch 65)
2026-06-25 03:00:51,129 - INFO - Epoch 75/200:
Epoch 75/200:
2026-06-25 03:02:36,465 - INFO - Train loss: 0.1143 (105.3s)
Train loss: 0.1143 (105.3s)
2026-06-25 03:03:02,395 - INFO - Test instance 0.9088, class 0.8820
Test instance 0.9088, class 0.8820
2026-06-25 03:03:02,398 - INFO - Best instance 0.9198, class 0.8819 (epoch 65)
Best instance 0.9198, class 0.8819 (epoch 65)
2026-06-25 03:03:02,418 - INFO - Epoch 76/200:
Epoch 76/200:
2026-06-25 03:04:48,068 - INFO - Train loss: 0.1172 (105.6s)
Train loss: 0.1172 (105.6s)
2026-06-25 03:05:13,922 - INFO - Test instance 0.9141, class 0.8806
Test instance 0.9141, class 0.8806
2026-06-25 03:05:13,928 - INFO - Best instance 0.9198, class 0.8819 (epoch 65)
Best instance 0.9198, class 0.8819 (epoch 65)
2026-06-25 03:05:13,946 - INFO - Epoch 77/200:
Epoch 77/200:
2026-06-25 03:06:59,582 - INFO - Train loss: 0.1151 (105.6s)
Train loss: 0.1151 (105.6s)
2026-06-25 03:07:25,724 - INFO - Test instance 0.9028, class 0.8704
Test instance 0.9028, class 0.8704
2026-06-25 03:07:25,729 - INFO - Best instance 0.9198, class 0.8819 (epoch 65)
Best instance 0.9198, class 0.8819 (epoch 65)
2026-06-25 03:07:25,748 - INFO - Epoch 78/200:
Epoch 78/200:
2026-06-25 03:09:11,231 - INFO - Train loss: 0.1152 (105.5s)
Train loss: 0.1152 (105.5s)
2026-06-25 03:09:37,115 - INFO - Test instance 0.9100, class 0.8782
Test instance 0.9100, class 0.8782
2026-06-25 03:09:37,119 - INFO - Best instance 0.9198, class 0.8819 (epoch 65)
Best instance 0.9198, class 0.8819 (epoch 65)
2026-06-25 03:09:37,138 - INFO - Epoch 79/200:
Epoch 79/200:
2026-06-25 03:11:22,444 - INFO - Train loss: 0.1120 (105.3s)
Train loss: 0.1120 (105.3s)
2026-06-25 03:11:48,324 - INFO - Test instance 0.9109, class 0.8794
Test instance 0.9109, class 0.8794
2026-06-25 03:11:48,328 - INFO - Best instance 0.9198, class 0.8819 (epoch 65)
Best instance 0.9198, class 0.8819 (epoch 65)
2026-06-25 03:11:48,348 - INFO - Epoch 80/200:
Epoch 80/200:
2026-06-25 03:13:33,793 - INFO - Train loss: 0.1170 (105.4s)
Train loss: 0.1170 (105.4s)
2026-06-25 03:13:59,937 - INFO - Test instance 0.9129, class 0.8758
Test instance 0.9129, class 0.8758
2026-06-25 03:13:59,941 - INFO - Best instance 0.9198, class 0.8819 (epoch 65)
Best instance 0.9198, class 0.8819 (epoch 65)
2026-06-25 03:13:59,961 - INFO - Epoch 81/200:
Epoch 81/200:
2026-06-25 03:15:45,354 - INFO - Train loss: 0.1069 (105.4s)
Train loss: 0.1069 (105.4s)
2026-06-25 03:16:11,381 - INFO - Test instance 0.9109, class 0.8750
Test instance 0.9109, class 0.8750
2026-06-25 03:16:11,385 - INFO - Best instance 0.9198, class 0.8819 (epoch 65)
Best instance 0.9198, class 0.8819 (epoch 65)
2026-06-25 03:16:11,403 - INFO - Epoch 82/200:
Epoch 82/200:
2026-06-25 03:17:56,439 - INFO - Train loss: 0.1052 (105.0s)
Train loss: 0.1052 (105.0s)
2026-06-25 03:18:22,412 - INFO - Test instance 0.9040, class 0.8787
Test instance 0.9040, class 0.8787
2026-06-25 03:18:22,416 - INFO - Best instance 0.9198, class 0.8819 (epoch 65)
Best instance 0.9198, class 0.8819 (epoch 65)
2026-06-25 03:18:22,436 - INFO - Epoch 83/200:
Epoch 83/200:
2026-06-25 03:20:08,419 - INFO - Train loss: 0.1092 (106.0s)
Train loss: 0.1092 (106.0s)
2026-06-25 03:20:34,383 - INFO - Test instance 0.9096, class 0.8870
Test instance 0.9096, class 0.8870
2026-06-25 03:20:34,387 - INFO - Best instance 0.9198, class 0.8819 (epoch 65)
Best instance 0.9198, class 0.8819 (epoch 65)
2026-06-25 03:20:34,406 - INFO - Epoch 84/200:
Epoch 84/200:
2026-06-25 03:22:19,702 - INFO - Train loss: 0.1018 (105.3s)
Train loss: 0.1018 (105.3s)
2026-06-25 03:22:45,627 - INFO - Test instance 0.9080, class 0.8793
Test instance 0.9080, class 0.8793
2026-06-25 03:22:45,631 - INFO - Best instance 0.9198, class 0.8819 (epoch 65)
Best instance 0.9198, class 0.8819 (epoch 65)
2026-06-25 03:22:45,650 - INFO - Epoch 85/200:
Epoch 85/200:
2026-06-25 03:24:31,516 - INFO - Train loss: 0.1037 (105.9s)
Train loss: 0.1037 (105.9s)
2026-06-25 03:24:57,597 - INFO - Test instance 0.9064, class 0.8714
Test instance 0.9064, class 0.8714
2026-06-25 03:24:57,601 - INFO - Best instance 0.9198, class 0.8819 (epoch 65)
Best instance 0.9198, class 0.8819 (epoch 65)
2026-06-25 03:24:57,620 - INFO - Epoch 86/200:
Epoch 86/200:
2026-06-25 03:26:43,558 - INFO - Train loss: 0.1009 (105.9s)
Train loss: 0.1009 (105.9s)
2026-06-25 03:27:09,287 - INFO - Test instance 0.9080, class 0.8704
Test instance 0.9080, class 0.8704
2026-06-25 03:27:09,291 - INFO - Best instance 0.9198, class 0.8819 (epoch 65)
Best instance 0.9198, class 0.8819 (epoch 65)
2026-06-25 03:27:09,308 - INFO - Epoch 87/200:
Epoch 87/200:
2026-06-25 03:28:55,063 - INFO - Train loss: 0.1022 (105.8s)
Train loss: 0.1022 (105.8s)
2026-06-25 03:29:20,883 - INFO - Test instance 0.9125, class 0.8775
Test instance 0.9125, class 0.8775
2026-06-25 03:29:20,887 - INFO - Best instance 0.9198, class 0.8819 (epoch 65)
Best instance 0.9198, class 0.8819 (epoch 65)
2026-06-25 03:29:20,906 - INFO - Epoch 88/200:
Epoch 88/200:
2026-06-25 03:31:06,442 - INFO - Train loss: 0.1020 (105.5s)
Train loss: 0.1020 (105.5s)
2026-06-25 03:31:32,280 - INFO - Test instance 0.9088, class 0.8792
Test instance 0.9088, class 0.8792
2026-06-25 03:31:32,284 - INFO - Best instance 0.9198, class 0.8819 (epoch 65)
Best instance 0.9198, class 0.8819 (epoch 65)
2026-06-25 03:31:32,303 - INFO - Epoch 89/200:
Epoch 89/200:
2026-06-25 03:33:17,269 - INFO - Train loss: 0.1058 (105.0s)
Train loss: 0.1058 (105.0s)
2026-06-25 03:33:43,171 - INFO - Test instance 0.9121, class 0.8824
Test instance 0.9121, class 0.8824
2026-06-25 03:33:43,175 - INFO - Best instance 0.9198, class 0.8819 (epoch 65)
Best instance 0.9198, class 0.8819 (epoch 65)
2026-06-25 03:33:43,194 - INFO - Epoch 90/200:
Epoch 90/200:
2026-06-25 03:35:28,359 - INFO - Train loss: 0.1026 (105.2s)
Train loss: 0.1026 (105.2s)
2026-06-25 03:35:54,624 - INFO - Test instance 0.9100, class 0.8757
Test instance 0.9100, class 0.8757
2026-06-25 03:35:54,628 - INFO - Best instance 0.9198, class 0.8819 (epoch 65)
Best instance 0.9198, class 0.8819 (epoch 65)
2026-06-25 03:35:54,647 - INFO - Epoch 91/200:
Epoch 91/200:
2026-06-25 03:37:40,852 - INFO - Train loss: 0.1010 (106.2s)
Train loss: 0.1010 (106.2s)
2026-06-25 03:38:06,806 - INFO - Test instance 0.9121, class 0.8809
Test instance 0.9121, class 0.8809
2026-06-25 03:38:06,809 - INFO - Best instance 0.9198, class 0.8819 (epoch 65)
Best instance 0.9198, class 0.8819 (epoch 65)
2026-06-25 03:38:06,828 - INFO - Epoch 92/200:
Epoch 92/200:
2026-06-25 03:39:51,701 - INFO - Train loss: 0.0976 (104.9s)
Train loss: 0.0976 (104.9s)
2026-06-25 03:40:17,610 - INFO - Test instance 0.9109, class 0.8818
Test instance 0.9109, class 0.8818
2026-06-25 03:40:17,614 - INFO - Best instance 0.9198, class 0.8819 (epoch 65)
Best instance 0.9198, class 0.8819 (epoch 65)
2026-06-25 03:40:17,632 - INFO - Epoch 93/200:
Epoch 93/200:
2026-06-25 03:42:02,454 - INFO - Train loss: 0.1006 (104.8s)
Train loss: 0.1006 (104.8s)
2026-06-25 03:42:28,905 - INFO - Test instance 0.9121, class 0.8763
Test instance 0.9121, class 0.8763
2026-06-25 03:42:28,910 - INFO - Best instance 0.9198, class 0.8819 (epoch 65)
Best instance 0.9198, class 0.8819 (epoch 65)
2026-06-25 03:42:28,928 - INFO - Epoch 94/200:
Epoch 94/200:
2026-06-25 03:44:14,474 - INFO - Train loss: 0.1007 (105.5s)
Train loss: 0.1007 (105.5s)
2026-06-25 03:44:40,723 - INFO - Test instance 0.9137, class 0.8810
Test instance 0.9137, class 0.8810
2026-06-25 03:44:40,727 - INFO - Best instance 0.9198, class 0.8819 (epoch 65)
Best instance 0.9198, class 0.8819 (epoch 65)
2026-06-25 03:44:40,746 - INFO - Epoch 95/200:
Epoch 95/200:
2026-06-25 03:46:25,518 - INFO - Train loss: 0.0990 (104.8s)
Train loss: 0.0990 (104.8s)
2026-06-25 03:46:51,577 - INFO - Test instance 0.9064, class 0.8681
Test instance 0.9064, class 0.8681
2026-06-25 03:46:51,581 - INFO - Best instance 0.9198, class 0.8819 (epoch 65)
Best instance 0.9198, class 0.8819 (epoch 65)
2026-06-25 03:46:51,600 - INFO - Epoch 96/200:
Epoch 96/200:
2026-06-25 03:48:36,671 - INFO - Train loss: 0.0969 (105.1s)
Train loss: 0.0969 (105.1s)
2026-06-25 03:49:02,883 - INFO - Test instance 0.9076, class 0.8747
Test instance 0.9076, class 0.8747
2026-06-25 03:49:02,887 - INFO - Best instance 0.9198, class 0.8819 (epoch 65)
Best instance 0.9198, class 0.8819 (epoch 65)
2026-06-25 03:49:02,905 - INFO - Epoch 97/200:
Epoch 97/200:
2026-06-25 03:50:47,941 - INFO - Train loss: 0.1024 (105.0s)
Train loss: 0.1024 (105.0s)
2026-06-25 03:51:13,774 - INFO - Test instance 0.9133, class 0.8806
Test instance 0.9133, class 0.8806
2026-06-25 03:51:13,778 - INFO - Best instance 0.9198, class 0.8819 (epoch 65)
Best instance 0.9198, class 0.8819 (epoch 65)
2026-06-25 03:51:13,795 - INFO - Epoch 98/200:
Epoch 98/200:
2026-06-25 03:52:58,985 - INFO - Train loss: 0.0960 (105.2s)
Train loss: 0.0960 (105.2s)
2026-06-25 03:53:24,840 - INFO - Test instance 0.9072, class 0.8742
Test instance 0.9072, class 0.8742
2026-06-25 03:53:24,844 - INFO - Best instance 0.9198, class 0.8819 (epoch 65)
Best instance 0.9198, class 0.8819 (epoch 65)
2026-06-25 03:53:24,860 - INFO - Epoch 99/200:
Epoch 99/200:
2026-06-25 03:55:09,720 - INFO - Train loss: 0.0961 (104.9s)
Train loss: 0.0961 (104.9s)
2026-06-25 03:55:35,611 - INFO - Test instance 0.9113, class 0.8804
Test instance 0.9113, class 0.8804
2026-06-25 03:55:35,615 - INFO - Best instance 0.9198, class 0.8819 (epoch 65)
Best instance 0.9198, class 0.8819 (epoch 65)
2026-06-25 03:55:35,632 - INFO - Epoch 100/200:
Epoch 100/200:
2026-06-25 03:57:20,954 - INFO - Train loss: 0.0937 (105.3s)
Train loss: 0.0937 (105.3s)
2026-06-25 03:57:46,787 - INFO - Test instance 0.9190, class 0.8834
Test instance 0.9190, class 0.8834
2026-06-25 03:57:46,791 - INFO - Best instance 0.9198, class 0.8819 (epoch 65)
Best instance 0.9198, class 0.8819 (epoch 65)
2026-06-25 03:57:46,811 - INFO - Epoch 101/200:
Epoch 101/200:
2026-06-25 03:59:32,079 - INFO - Train loss: 0.0921 (105.3s)
Train loss: 0.0921 (105.3s)
2026-06-25 03:59:57,871 - INFO - Test instance 0.9121, class 0.8841
Test instance 0.9121, class 0.8841
2026-06-25 03:59:57,876 - INFO - Best instance 0.9198, class 0.8819 (epoch 65)
Best instance 0.9198, class 0.8819 (epoch 65)
2026-06-25 03:59:57,894 - INFO - Epoch 102/200:
Epoch 102/200:
2026-06-25 04:01:43,096 - INFO - Train loss: 0.0906 (105.2s)
Train loss: 0.0906 (105.2s)
2026-06-25 04:02:08,827 - INFO - Test instance 0.9117, class 0.8767
Test instance 0.9117, class 0.8767
2026-06-25 04:02:08,831 - INFO - Best instance 0.9198, class 0.8819 (epoch 65)
Best instance 0.9198, class 0.8819 (epoch 65)
2026-06-25 04:02:08,850 - INFO - Epoch 103/200:
Epoch 103/200:
2026-06-25 04:03:54,090 - INFO - Train loss: 0.0892 (105.2s)
Train loss: 0.0892 (105.2s)
2026-06-25 04:04:20,028 - INFO - Test instance 0.9096, class 0.8789
Test instance 0.9096, class 0.8789
2026-06-25 04:04:20,031 - INFO - Best instance 0.9198, class 0.8819 (epoch 65)
Best instance 0.9198, class 0.8819 (epoch 65)
2026-06-25 04:04:20,049 - INFO - Epoch 104/200:
Epoch 104/200:
2026-06-25 04:06:05,200 - INFO - Train loss: 0.0907 (105.1s)
Train loss: 0.0907 (105.1s)
2026-06-25 04:06:30,920 - INFO - Test instance 0.9190, class 0.8848
Test instance 0.9190, class 0.8848
2026-06-25 04:06:30,923 - INFO - Best instance 0.9198, class 0.8819 (epoch 65)
Best instance 0.9198, class 0.8819 (epoch 65)
2026-06-25 04:06:30,941 - INFO - Epoch 105/200:
Epoch 105/200:
2026-06-25 04:08:16,580 - INFO - Train loss: 0.0888 (105.6s)
Train loss: 0.0888 (105.6s)
2026-06-25 04:08:42,534 - INFO - Test instance 0.9137, class 0.8818
Test instance 0.9137, class 0.8818
2026-06-25 04:08:42,538 - INFO - Best instance 0.9198, class 0.8819 (epoch 65)
Best instance 0.9198, class 0.8819 (epoch 65)
2026-06-25 04:08:42,557 - INFO - Epoch 106/200:
Epoch 106/200:
2026-06-25 04:10:27,492 - INFO - Train loss: 0.0906 (104.9s)
Train loss: 0.0906 (104.9s)
2026-06-25 04:10:53,346 - INFO - Test instance 0.9141, class 0.8798
Test instance 0.9141, class 0.8798
2026-06-25 04:10:53,350 - INFO - Best instance 0.9198, class 0.8819 (epoch 65)
Best instance 0.9198, class 0.8819 (epoch 65)
2026-06-25 04:10:53,369 - INFO - Epoch 107/200:
Epoch 107/200:
2026-06-25 04:12:38,643 - INFO - Train loss: 0.0894 (105.3s)
Train loss: 0.0894 (105.3s)
2026-06-25 04:13:04,239 - INFO - Test instance 0.9182, class 0.8822
Test instance 0.9182, class 0.8822
2026-06-25 04:13:04,243 - INFO - Best instance 0.9198, class 0.8819 (epoch 65)
Best instance 0.9198, class 0.8819 (epoch 65)
2026-06-25 04:13:04,261 - INFO - Epoch 108/200:
Epoch 108/200:
2026-06-25 04:14:49,306 - INFO - Train loss: 0.0886 (105.0s)
Train loss: 0.0886 (105.0s)
2026-06-25 04:15:14,820 - INFO - Test instance 0.9145, class 0.8814
Test instance 0.9145, class 0.8814
2026-06-25 04:15:14,825 - INFO - Best instance 0.9198, class 0.8819 (epoch 65)
Best instance 0.9198, class 0.8819 (epoch 65)
2026-06-25 04:15:14,864 - INFO - Epoch 109/200:
Epoch 109/200:
2026-06-25 04:17:00,120 - INFO - Train loss: 0.0912 (105.3s)
Train loss: 0.0912 (105.3s)
2026-06-25 04:17:25,674 - INFO - Test instance 0.9125, class 0.8786
Test instance 0.9125, class 0.8786
2026-06-25 04:17:25,678 - INFO - Best instance 0.9198, class 0.8819 (epoch 65)
Best instance 0.9198, class 0.8819 (epoch 65)
2026-06-25 04:17:25,697 - INFO - Epoch 110/200:
Epoch 110/200:
2026-06-25 04:19:11,130 - INFO - Train loss: 0.0949 (105.4s)
Train loss: 0.0949 (105.4s)
2026-06-25 04:19:37,076 - INFO - Test instance 0.9117, class 0.8778
Test instance 0.9117, class 0.8778
2026-06-25 04:19:37,081 - INFO - Best instance 0.9198, class 0.8819 (epoch 65)
Best instance 0.9198, class 0.8819 (epoch 65)
2026-06-25 04:19:37,100 - INFO - Epoch 111/200:
Epoch 111/200:
2026-06-25 04:21:22,410 - INFO - Train loss: 0.0898 (105.3s)
Train loss: 0.0898 (105.3s)
2026-06-25 04:21:47,837 - INFO - Test instance 0.9145, class 0.8828
Test instance 0.9145, class 0.8828
2026-06-25 04:21:47,841 - INFO - Best instance 0.9198, class 0.8819 (epoch 65)
Best instance 0.9198, class 0.8819 (epoch 65)
2026-06-25 04:21:47,861 - INFO - Epoch 112/200:
Epoch 112/200:
2026-06-25 04:23:33,197 - INFO - Train loss: 0.0876 (105.3s)
Train loss: 0.0876 (105.3s)
2026-06-25 04:23:59,100 - INFO - Test instance 0.9182, class 0.8875
Test instance 0.9182, class 0.8875
2026-06-25 04:23:59,105 - INFO - Best instance 0.9198, class 0.8819 (epoch 65)
Best instance 0.9198, class 0.8819 (epoch 65)
2026-06-25 04:23:59,124 - INFO - Epoch 113/200:
Epoch 113/200:
2026-06-25 04:25:44,440 - INFO - Train loss: 0.0885 (105.3s)
Train loss: 0.0885 (105.3s)
2026-06-25 04:26:10,247 - INFO - Test instance 0.9169, class 0.8843
Test instance 0.9169, class 0.8843
2026-06-25 04:26:10,251 - INFO - Best instance 0.9198, class 0.8819 (epoch 65)
Best instance 0.9198, class 0.8819 (epoch 65)
2026-06-25 04:26:10,269 - INFO - Epoch 114/200:
Epoch 114/200:
2026-06-25 04:27:55,468 - INFO - Train loss: 0.0897 (105.2s)
Train loss: 0.0897 (105.2s)
2026-06-25 04:28:21,146 - INFO - Test instance 0.9121, class 0.8785
Test instance 0.9121, class 0.8785
2026-06-25 04:28:21,149 - INFO - Best instance 0.9198, class 0.8819 (epoch 65)
Best instance 0.9198, class 0.8819 (epoch 65)
2026-06-25 04:28:21,167 - INFO - Epoch 115/200:
Epoch 115/200:
2026-06-25 04:30:06,580 - INFO - Train loss: 0.0860 (105.4s)
Train loss: 0.0860 (105.4s)
2026-06-25 04:30:32,520 - INFO - Test instance 0.9149, class 0.8770
Test instance 0.9149, class 0.8770
2026-06-25 04:30:32,525 - INFO - Best instance 0.9198, class 0.8819 (epoch 65)
Best instance 0.9198, class 0.8819 (epoch 65)
2026-06-25 04:30:32,543 - INFO - Epoch 116/200:
Epoch 116/200:
2026-06-25 04:32:17,053 - INFO - Train loss: 0.0843 (104.5s)
Train loss: 0.0843 (104.5s)
2026-06-25 04:32:42,923 - INFO - Test instance 0.9121, class 0.8826
Test instance 0.9121, class 0.8826
2026-06-25 04:32:42,928 - INFO - Best instance 0.9198, class 0.8819 (epoch 65)
Best instance 0.9198, class 0.8819 (epoch 65)
2026-06-25 04:32:42,946 - INFO - Epoch 117/200:
Epoch 117/200:
2026-06-25 04:34:28,180 - INFO - Train loss: 0.0875 (105.2s)
Train loss: 0.0875 (105.2s)
2026-06-25 04:34:53,993 - INFO - Test instance 0.9161, class 0.8812
Test instance 0.9161, class 0.8812
2026-06-25 04:34:53,997 - INFO - Best instance 0.9198, class 0.8819 (epoch 65)
Best instance 0.9198, class 0.8819 (epoch 65)
2026-06-25 04:34:54,016 - INFO - Epoch 118/200:
Epoch 118/200:
2026-06-25 04:36:39,135 - INFO - Train loss: 0.0843 (105.1s)
Train loss: 0.0843 (105.1s)
2026-06-25 04:37:04,848 - INFO - Test instance 0.9133, class 0.8777
Test instance 0.9133, class 0.8777
2026-06-25 04:37:04,851 - INFO - Best instance 0.9198, class 0.8819 (epoch 65)
Best instance 0.9198, class 0.8819 (epoch 65)
2026-06-25 04:37:04,869 - INFO - Epoch 119/200:
Epoch 119/200:
2026-06-25 04:38:49,931 - INFO - Train loss: 0.0880 (105.1s)
Train loss: 0.0880 (105.1s)
2026-06-25 04:39:15,704 - INFO - Test instance 0.9129, class 0.8821
Test instance 0.9129, class 0.8821
2026-06-25 04:39:15,708 - INFO - Best instance 0.9198, class 0.8819 (epoch 65)
Best instance 0.9198, class 0.8819 (epoch 65)
2026-06-25 04:39:15,727 - INFO - Epoch 120/200:
Epoch 120/200:
2026-06-25 04:41:01,480 - INFO - Train loss: 0.0858 (105.8s)
Train loss: 0.0858 (105.8s)
2026-06-25 04:41:27,421 - INFO - Test instance 0.9133, class 0.8802
Test instance 0.9133, class 0.8802
2026-06-25 04:41:27,425 - INFO - Best instance 0.9198, class 0.8819 (epoch 65)
Best instance 0.9198, class 0.8819 (epoch 65)
2026-06-25 04:41:27,443 - INFO - Epoch 121/200:
Epoch 121/200:
2026-06-25 04:43:12,988 - INFO - Train loss: 0.0811 (105.5s)
Train loss: 0.0811 (105.5s)
2026-06-25 04:43:38,808 - INFO - Test instance 0.9129, class 0.8782
Test instance 0.9129, class 0.8782
2026-06-25 04:43:38,813 - INFO - Best instance 0.9198, class 0.8819 (epoch 65)
Best instance 0.9198, class 0.8819 (epoch 65)
2026-06-25 04:43:38,831 - INFO - Epoch 122/200:
Epoch 122/200:
2026-06-25 04:45:24,419 - INFO - Train loss: 0.0820 (105.6s)
Train loss: 0.0820 (105.6s)
2026-06-25 04:45:50,357 - INFO - Test instance 0.9214, class 0.8877
Test instance 0.9214, class 0.8877
2026-06-25 04:45:50,380 - INFO - Best instance 0.9214, class 0.8877 (epoch 122)
Best instance 0.9214, class 0.8877 (epoch 122)
2026-06-25 04:45:50,397 - INFO - Epoch 123/200:
Epoch 123/200:
2026-06-25 04:47:35,731 - INFO - Train loss: 0.0788 (105.3s)
Train loss: 0.0788 (105.3s)
2026-06-25 04:48:01,499 - INFO - Test instance 0.9121, class 0.8841
Test instance 0.9121, class 0.8841
2026-06-25 04:48:01,503 - INFO - Best instance 0.9214, class 0.8877 (epoch 122)
Best instance 0.9214, class 0.8877 (epoch 122)
2026-06-25 04:48:01,522 - INFO - Epoch 124/200:
Epoch 124/200:
2026-06-25 04:49:46,724 - INFO - Train loss: 0.0832 (105.2s)
Train loss: 0.0832 (105.2s)
2026-06-25 04:50:12,397 - INFO - Test instance 0.9121, class 0.8803
Test instance 0.9121, class 0.8803
2026-06-25 04:50:12,401 - INFO - Best instance 0.9214, class 0.8877 (epoch 122)
Best instance 0.9214, class 0.8877 (epoch 122)
2026-06-25 04:50:12,419 - INFO - Epoch 125/200:
Epoch 125/200:
2026-06-25 04:51:57,672 - INFO - Train loss: 0.0796 (105.3s)
Train loss: 0.0796 (105.3s)
2026-06-25 04:52:23,179 - INFO - Test instance 0.9125, class 0.8792
Test instance 0.9125, class 0.8792
2026-06-25 04:52:23,183 - INFO - Best instance 0.9214, class 0.8877 (epoch 122)
Best instance 0.9214, class 0.8877 (epoch 122)
2026-06-25 04:52:23,200 - INFO - Epoch 126/200:
Epoch 126/200:
2026-06-25 04:54:08,082 - INFO - Train loss: 0.0796 (104.9s)
Train loss: 0.0796 (104.9s)
2026-06-25 04:54:33,430 - INFO - Test instance 0.9133, class 0.8805
Test instance 0.9133, class 0.8805
2026-06-25 04:54:33,434 - INFO - Best instance 0.9214, class 0.8877 (epoch 122)
Best instance 0.9214, class 0.8877 (epoch 122)
2026-06-25 04:54:33,451 - INFO - Epoch 127/200:
Epoch 127/200:
2026-06-25 04:56:18,267 - INFO - Train loss: 0.0812 (104.8s)
Train loss: 0.0812 (104.8s)
2026-06-25 04:56:43,885 - INFO - Test instance 0.9137, class 0.8829
Test instance 0.9137, class 0.8829
2026-06-25 04:56:43,889 - INFO - Best instance 0.9214, class 0.8877 (epoch 122)
Best instance 0.9214, class 0.8877 (epoch 122)
2026-06-25 04:56:43,908 - INFO - Epoch 128/200:
Epoch 128/200:
2026-06-25 04:58:29,362 - INFO - Train loss: 0.0772 (105.5s)
Train loss: 0.0772 (105.5s)
2026-06-25 04:58:55,141 - INFO - Test instance 0.9117, class 0.8868
Test instance 0.9117, class 0.8868
2026-06-25 04:58:55,145 - INFO - Best instance 0.9214, class 0.8877 (epoch 122)
Best instance 0.9214, class 0.8877 (epoch 122)
2026-06-25 04:58:55,164 - INFO - Epoch 129/200:
Epoch 129/200:
2026-06-25 05:00:40,574 - INFO - Train loss: 0.0811 (105.4s)
Train loss: 0.0811 (105.4s)
2026-06-25 05:01:06,695 - INFO - Test instance 0.9121, class 0.8808
Test instance 0.9121, class 0.8808
2026-06-25 05:01:06,699 - INFO - Best instance 0.9214, class 0.8877 (epoch 122)
Best instance 0.9214, class 0.8877 (epoch 122)
2026-06-25 05:01:06,717 - INFO - Epoch 130/200:
Epoch 130/200:
2026-06-25 05:02:52,671 - INFO - Train loss: 0.0761 (106.0s)
Train loss: 0.0761 (106.0s)
2026-06-25 05:03:18,516 - INFO - Test instance 0.9100, class 0.8743
Test instance 0.9100, class 0.8743
2026-06-25 05:03:18,520 - INFO - Best instance 0.9214, class 0.8877 (epoch 122)
Best instance 0.9214, class 0.8877 (epoch 122)
2026-06-25 05:03:18,538 - INFO - Epoch 131/200:
Epoch 131/200:
2026-06-25 05:05:03,995 - INFO - Train loss: 0.0758 (105.5s)
Train loss: 0.0758 (105.5s)
2026-06-25 05:05:29,527 - INFO - Test instance 0.9149, class 0.8873
Test instance 0.9149, class 0.8873
2026-06-25 05:05:29,531 - INFO - Best instance 0.9214, class 0.8877 (epoch 122)
Best instance 0.9214, class 0.8877 (epoch 122)
2026-06-25 05:05:29,550 - INFO - Epoch 132/200:
Epoch 132/200:
2026-06-25 05:07:14,593 - INFO - Train loss: 0.0771 (105.0s)
Train loss: 0.0771 (105.0s)
2026-06-25 05:07:40,004 - INFO - Test instance 0.9177, class 0.8847
Test instance 0.9177, class 0.8847
2026-06-25 05:07:40,008 - INFO - Best instance 0.9214, class 0.8877 (epoch 122)
Best instance 0.9214, class 0.8877 (epoch 122)
2026-06-25 05:07:40,026 - INFO - Epoch 133/200:
Epoch 133/200:
2026-06-25 05:09:24,982 - INFO - Train loss: 0.0766 (105.0s)
Train loss: 0.0766 (105.0s)
2026-06-25 05:09:50,475 - INFO - Test instance 0.9145, class 0.8892
Test instance 0.9145, class 0.8892
2026-06-25 05:09:50,479 - INFO - Best instance 0.9214, class 0.8877 (epoch 122)
Best instance 0.9214, class 0.8877 (epoch 122)
2026-06-25 05:09:50,497 - INFO - Epoch 134/200:
Epoch 134/200:
2026-06-25 05:11:35,277 - INFO - Train loss: 0.0784 (104.8s)
Train loss: 0.0784 (104.8s)
2026-06-25 05:12:00,620 - INFO - Test instance 0.9133, class 0.8832
Test instance 0.9133, class 0.8832
2026-06-25 05:12:00,624 - INFO - Best instance 0.9214, class 0.8877 (epoch 122)
Best instance 0.9214, class 0.8877 (epoch 122)
2026-06-25 05:12:00,641 - INFO - Epoch 135/200:
Epoch 135/200:
2026-06-25 05:13:45,591 - INFO - Train loss: 0.0755 (104.9s)
Train loss: 0.0755 (104.9s)
2026-06-25 05:14:11,176 - INFO - Test instance 0.9157, class 0.8919
Test instance 0.9157, class 0.8919
2026-06-25 05:14:11,180 - INFO - Best instance 0.9214, class 0.8877 (epoch 122)
Best instance 0.9214, class 0.8877 (epoch 122)
2026-06-25 05:14:11,198 - INFO - Epoch 136/200:
Epoch 136/200:
2026-06-25 05:15:56,272 - INFO - Train loss: 0.0752 (105.1s)
Train loss: 0.0752 (105.1s)
2026-06-25 05:16:22,062 - INFO - Test instance 0.9133, class 0.8801
Test instance 0.9133, class 0.8801
2026-06-25 05:16:22,066 - INFO - Best instance 0.9214, class 0.8877 (epoch 122)
Best instance 0.9214, class 0.8877 (epoch 122)
2026-06-25 05:16:22,085 - INFO - Epoch 137/200:
Epoch 137/200:
2026-06-25 05:18:06,902 - INFO - Train loss: 0.0737 (104.8s)
Train loss: 0.0737 (104.8s)
2026-06-25 05:18:32,388 - INFO - Test instance 0.9100, class 0.8833
Test instance 0.9100, class 0.8833
2026-06-25 05:18:32,392 - INFO - Best instance 0.9214, class 0.8877 (epoch 122)
Best instance 0.9214, class 0.8877 (epoch 122)
2026-06-25 05:18:32,410 - INFO - Epoch 138/200:
Epoch 138/200:
2026-06-25 05:20:18,228 - INFO - Train loss: 0.0724 (105.8s)
Train loss: 0.0724 (105.8s)
2026-06-25 05:20:44,073 - INFO - Test instance 0.9145, class 0.8831
Test instance 0.9145, class 0.8831
2026-06-25 05:20:44,077 - INFO - Best instance 0.9214, class 0.8877 (epoch 122)
Best instance 0.9214, class 0.8877 (epoch 122)
2026-06-25 05:20:44,094 - INFO - Epoch 139/200:
Epoch 139/200:
2026-06-25 05:22:29,779 - INFO - Train loss: 0.0761 (105.7s)
Train loss: 0.0761 (105.7s)
2026-06-25 05:22:55,291 - INFO - Test instance 0.9129, class 0.8826
Test instance 0.9129, class 0.8826
2026-06-25 05:22:55,295 - INFO - Best instance 0.9214, class 0.8877 (epoch 122)
Best instance 0.9214, class 0.8877 (epoch 122)
2026-06-25 05:22:55,313 - INFO - Epoch 140/200:
Epoch 140/200:
2026-06-25 05:24:40,275 - INFO - Train loss: 0.0763 (105.0s)
Train loss: 0.0763 (105.0s)
2026-06-25 05:25:05,972 - INFO - Test instance 0.9145, class 0.8837
Test instance 0.9145, class 0.8837
2026-06-25 05:25:05,976 - INFO - Best instance 0.9214, class 0.8877 (epoch 122)
Best instance 0.9214, class 0.8877 (epoch 122)
2026-06-25 05:25:05,995 - INFO - Epoch 141/200:
Epoch 141/200:
2026-06-25 05:26:50,796 - INFO - Train loss: 0.0745 (104.8s)
Train loss: 0.0745 (104.8s)
2026-06-25 05:27:16,537 - INFO - Test instance 0.9145, class 0.8900
Test instance 0.9145, class 0.8900
2026-06-25 05:27:16,540 - INFO - Best instance 0.9214, class 0.8877 (epoch 122)
Best instance 0.9214, class 0.8877 (epoch 122)
2026-06-25 05:27:16,559 - INFO - Epoch 142/200:
Epoch 142/200:
2026-06-25 05:29:01,756 - INFO - Train loss: 0.0774 (105.2s)
Train loss: 0.0774 (105.2s)
2026-06-25 05:29:27,375 - INFO - Test instance 0.9133, class 0.8843
Test instance 0.9133, class 0.8843
2026-06-25 05:29:27,379 - INFO - Best instance 0.9214, class 0.8877 (epoch 122)
Best instance 0.9214, class 0.8877 (epoch 122)
2026-06-25 05:29:27,397 - INFO - Epoch 143/200:
Epoch 143/200:
2026-06-25 05:31:12,262 - INFO - Train loss: 0.0731 (104.9s)
Train loss: 0.0731 (104.9s)
2026-06-25 05:31:38,085 - INFO - Test instance 0.9084, class 0.8812
Test instance 0.9084, class 0.8812
2026-06-25 05:31:38,088 - INFO - Best instance 0.9214, class 0.8877 (epoch 122)
Best instance 0.9214, class 0.8877 (epoch 122)
2026-06-25 05:31:38,106 - INFO - Epoch 144/200:
Epoch 144/200:
2026-06-25 05:33:23,296 - INFO - Train loss: 0.0717 (105.2s)
Train loss: 0.0717 (105.2s)
2026-06-25 05:33:49,026 - INFO - Test instance 0.9137, class 0.8862
Test instance 0.9137, class 0.8862
2026-06-25 05:33:49,030 - INFO - Best instance 0.9214, class 0.8877 (epoch 122)
Best instance 0.9214, class 0.8877 (epoch 122)
2026-06-25 05:33:49,047 - INFO - Epoch 145/200:
Epoch 145/200:
2026-06-25 05:35:34,324 - INFO - Train loss: 0.0756 (105.3s)
Train loss: 0.0756 (105.3s)
2026-06-25 05:36:00,224 - INFO - Test instance 0.9190, class 0.8861
Test instance 0.9190, class 0.8861
2026-06-25 05:36:00,229 - INFO - Best instance 0.9214, class 0.8877 (epoch 122)
Best instance 0.9214, class 0.8877 (epoch 122)
2026-06-25 05:36:00,246 - INFO - Epoch 146/200:
Epoch 146/200:
2026-06-25 05:37:45,800 - INFO - Train loss: 0.0702 (105.6s)
Train loss: 0.0702 (105.6s)
2026-06-25 05:38:12,350 - INFO - Test instance 0.9100, class 0.8830
Test instance 0.9100, class 0.8830
2026-06-25 05:38:12,354 - INFO - Best instance 0.9214, class 0.8877 (epoch 122)
Best instance 0.9214, class 0.8877 (epoch 122)
2026-06-25 05:38:12,372 - INFO - Epoch 147/200:
Epoch 147/200:
2026-06-25 05:39:57,619 - INFO - Train loss: 0.0715 (105.2s)
Train loss: 0.0715 (105.2s)
2026-06-25 05:40:24,673 - INFO - Test instance 0.9153, class 0.8860
Test instance 0.9153, class 0.8860
2026-06-25 05:40:24,678 - INFO - Best instance 0.9214, class 0.8877 (epoch 122)
Best instance 0.9214, class 0.8877 (epoch 122)
2026-06-25 05:40:24,696 - INFO - Epoch 148/200:
Epoch 148/200:
2026-06-25 05:42:09,563 - INFO - Train loss: 0.0714 (104.9s)
Train loss: 0.0714 (104.9s)
2026-06-25 05:42:36,193 - INFO - Test instance 0.9137, class 0.8865
Test instance 0.9137, class 0.8865
2026-06-25 05:42:36,197 - INFO - Best instance 0.9214, class 0.8877 (epoch 122)
Best instance 0.9214, class 0.8877 (epoch 122)
2026-06-25 05:42:36,215 - INFO - Epoch 149/200:
Epoch 149/200:
2026-06-25 05:44:20,917 - INFO - Train loss: 0.0728 (104.7s)
Train loss: 0.0728 (104.7s)
2026-06-25 05:44:47,091 - INFO - Test instance 0.9149, class 0.8893
Test instance 0.9149, class 0.8893
2026-06-25 05:44:47,095 - INFO - Best instance 0.9214, class 0.8877 (epoch 122)
Best instance 0.9214, class 0.8877 (epoch 122)
2026-06-25 05:44:47,112 - INFO - Epoch 150/200:
Epoch 150/200:
2026-06-25 05:46:32,672 - INFO - Train loss: 0.0725 (105.6s)
Train loss: 0.0725 (105.6s)
2026-06-25 05:46:58,457 - INFO - Test instance 0.9137, class 0.8809
Test instance 0.9137, class 0.8809
2026-06-25 05:46:58,461 - INFO - Best instance 0.9214, class 0.8877 (epoch 122)
Best instance 0.9214, class 0.8877 (epoch 122)
2026-06-25 05:46:58,480 - INFO - Epoch 151/200:
Epoch 151/200:
2026-06-25 05:48:43,626 - INFO - Train loss: 0.0728 (105.1s)
Train loss: 0.0728 (105.1s)
2026-06-25 05:49:09,366 - INFO - Test instance 0.9190, class 0.8836
Test instance 0.9190, class 0.8836
2026-06-25 05:49:09,371 - INFO - Best instance 0.9214, class 0.8877 (epoch 122)
Best instance 0.9214, class 0.8877 (epoch 122)
2026-06-25 05:49:09,388 - INFO - Epoch 152/200:
Epoch 152/200:
2026-06-25 05:50:54,768 - INFO - Train loss: 0.0733 (105.4s)
Train loss: 0.0733 (105.4s)
2026-06-25 05:51:20,548 - INFO - Test instance 0.9145, class 0.8763
Test instance 0.9145, class 0.8763
2026-06-25 05:51:20,551 - INFO - Best instance 0.9214, class 0.8877 (epoch 122)
Best instance 0.9214, class 0.8877 (epoch 122)
2026-06-25 05:51:20,570 - INFO - Epoch 153/200:
Epoch 153/200:
2026-06-25 05:53:05,310 - INFO - Train loss: 0.0691 (104.7s)
Train loss: 0.0691 (104.7s)
2026-06-25 05:53:31,217 - INFO - Test instance 0.9161, class 0.8843
Test instance 0.9161, class 0.8843
2026-06-25 05:53:31,221 - INFO - Best instance 0.9214, class 0.8877 (epoch 122)
Best instance 0.9214, class 0.8877 (epoch 122)
2026-06-25 05:53:31,240 - INFO - Epoch 154/200:
Epoch 154/200:
2026-06-25 05:55:16,551 - INFO - Train loss: 0.0679 (105.3s)
Train loss: 0.0679 (105.3s)
2026-06-25 05:55:42,450 - INFO - Test instance 0.9129, class 0.8830
Test instance 0.9129, class 0.8830
2026-06-25 05:55:42,454 - INFO - Best instance 0.9214, class 0.8877 (epoch 122)
Best instance 0.9214, class 0.8877 (epoch 122)
2026-06-25 05:55:42,473 - INFO - Epoch 155/200:
Epoch 155/200:
2026-06-25 05:57:27,521 - INFO - Train loss: 0.0692 (105.0s)
Train loss: 0.0692 (105.0s)
2026-06-25 05:57:53,349 - INFO - Test instance 0.9177, class 0.8842
Test instance 0.9177, class 0.8842
2026-06-25 05:57:53,353 - INFO - Best instance 0.9214, class 0.8877 (epoch 122)
Best instance 0.9214, class 0.8877 (epoch 122)
2026-06-25 05:57:53,371 - INFO - Epoch 156/200:
Epoch 156/200:
2026-06-25 05:59:38,443 - INFO - Train loss: 0.0678 (105.1s)
Train loss: 0.0678 (105.1s)
2026-06-25 06:00:04,009 - INFO - Test instance 0.9157, class 0.8814
Test instance 0.9157, class 0.8814
2026-06-25 06:00:04,029 - INFO - Best instance 0.9214, class 0.8877 (epoch 122)
Best instance 0.9214, class 0.8877 (epoch 122)
2026-06-25 06:00:04,051 - INFO - Epoch 157/200:
Epoch 157/200:
2026-06-25 06:01:49,694 - INFO - Train loss: 0.0694 (105.6s)
Train loss: 0.0694 (105.6s)
2026-06-25 06:02:15,494 - INFO - Test instance 0.9125, class 0.8801
Test instance 0.9125, class 0.8801
2026-06-25 06:02:15,497 - INFO - Best instance 0.9214, class 0.8877 (epoch 122)
Best instance 0.9214, class 0.8877 (epoch 122)
2026-06-25 06:02:15,532 - INFO - Epoch 158/200:
Epoch 158/200:
2026-06-25 06:04:00,703 - INFO - Train loss: 0.0719 (105.2s)
Train loss: 0.0719 (105.2s)
2026-06-25 06:04:26,212 - INFO - Test instance 0.9133, class 0.8812
Test instance 0.9133, class 0.8812
2026-06-25 06:04:26,216 - INFO - Best instance 0.9214, class 0.8877 (epoch 122)
Best instance 0.9214, class 0.8877 (epoch 122)
2026-06-25 06:04:26,234 - INFO - Epoch 159/200:
Epoch 159/200:
2026-06-25 06:06:11,533 - INFO - Train loss: 0.0677 (105.3s)
Train loss: 0.0677 (105.3s)
2026-06-25 06:06:37,115 - INFO - Test instance 0.9137, class 0.8795
Test instance 0.9137, class 0.8795
2026-06-25 06:06:37,119 - INFO - Best instance 0.9214, class 0.8877 (epoch 122)
Best instance 0.9214, class 0.8877 (epoch 122)
2026-06-25 06:06:37,138 - INFO - Epoch 160/200:
Epoch 160/200:
2026-06-25 06:08:22,066 - INFO - Train loss: 0.0697 (104.9s)
Train loss: 0.0697 (104.9s)
2026-06-25 06:08:47,636 - INFO - Test instance 0.9117, class 0.8829
Test instance 0.9117, class 0.8829
2026-06-25 06:08:47,640 - INFO - Best instance 0.9214, class 0.8877 (epoch 122)
Best instance 0.9214, class 0.8877 (epoch 122)
2026-06-25 06:08:47,658 - INFO - Epoch 161/200:
Epoch 161/200:
2026-06-25 06:10:32,994 - INFO - Train loss: 0.0659 (105.3s)
Train loss: 0.0659 (105.3s)
2026-06-25 06:10:58,540 - INFO - Test instance 0.9149, class 0.8795
Test instance 0.9149, class 0.8795
2026-06-25 06:10:58,545 - INFO - Best instance 0.9214, class 0.8877 (epoch 122)
Best instance 0.9214, class 0.8877 (epoch 122)
2026-06-25 06:10:58,564 - INFO - Epoch 162/200:
Epoch 162/200:
2026-06-25 06:12:44,661 - INFO - Train loss: 0.0694 (106.1s)
Train loss: 0.0694 (106.1s)
2026-06-25 06:13:10,241 - INFO - Test instance 0.9210, class 0.8885
Test instance 0.9210, class 0.8885
2026-06-25 06:13:10,246 - INFO - Best instance 0.9214, class 0.8877 (epoch 122)
Best instance 0.9214, class 0.8877 (epoch 122)
2026-06-25 06:13:10,275 - INFO - Epoch 163/200:
Epoch 163/200:
2026-06-25 06:14:55,503 - INFO - Train loss: 0.0674 (105.2s)
Train loss: 0.0674 (105.2s)
2026-06-25 06:15:21,238 - INFO - Test instance 0.9182, class 0.8899
Test instance 0.9182, class 0.8899
2026-06-25 06:15:21,241 - INFO - Best instance 0.9214, class 0.8877 (epoch 122)
Best instance 0.9214, class 0.8877 (epoch 122)
2026-06-25 06:15:21,260 - INFO - Epoch 164/200:
Epoch 164/200:
2026-06-25 06:17:06,217 - INFO - Train loss: 0.0666 (105.0s)
Train loss: 0.0666 (105.0s)
2026-06-25 06:17:32,184 - INFO - Test instance 0.9182, class 0.8887
Test instance 0.9182, class 0.8887
2026-06-25 06:17:32,188 - INFO - Best instance 0.9214, class 0.8877 (epoch 122)
Best instance 0.9214, class 0.8877 (epoch 122)
2026-06-25 06:17:32,208 - INFO - Epoch 165/200:
Epoch 165/200:
2026-06-25 06:19:17,597 - INFO - Train loss: 0.0680 (105.4s)
Train loss: 0.0680 (105.4s)
2026-06-25 06:19:43,180 - INFO - Test instance 0.9153, class 0.8807
Test instance 0.9153, class 0.8807
2026-06-25 06:19:43,183 - INFO - Best instance 0.9214, class 0.8877 (epoch 122)
Best instance 0.9214, class 0.8877 (epoch 122)
2026-06-25 06:19:43,201 - INFO - Epoch 166/200:
Epoch 166/200:
2026-06-25 06:21:28,576 - INFO - Train loss: 0.0702 (105.4s)
Train loss: 0.0702 (105.4s)
2026-06-25 06:21:54,401 - INFO - Test instance 0.9149, class 0.8906
Test instance 0.9149, class 0.8906
2026-06-25 06:21:54,404 - INFO - Best instance 0.9214, class 0.8877 (epoch 122)
Best instance 0.9214, class 0.8877 (epoch 122)
2026-06-25 06:21:54,422 - INFO - Epoch 167/200:
Epoch 167/200:
2026-06-25 06:23:40,168 - INFO - Train loss: 0.0661 (105.7s)
Train loss: 0.0661 (105.7s)
2026-06-25 06:24:06,102 - INFO - Test instance 0.9145, class 0.8832
Test instance 0.9145, class 0.8832
2026-06-25 06:24:06,106 - INFO - Best instance 0.9214, class 0.8877 (epoch 122)
Best instance 0.9214, class 0.8877 (epoch 122)
2026-06-25 06:24:06,124 - INFO - Epoch 168/200:
Epoch 168/200:
2026-06-25 06:25:51,631 - INFO - Train loss: 0.0670 (105.5s)
Train loss: 0.0670 (105.5s)
2026-06-25 06:26:17,444 - INFO - Test instance 0.9129, class 0.8803
Test instance 0.9129, class 0.8803
2026-06-25 06:26:17,448 - INFO - Best instance 0.9214, class 0.8877 (epoch 122)
Best instance 0.9214, class 0.8877 (epoch 122)
2026-06-25 06:26:17,467 - INFO - Epoch 169/200:
Epoch 169/200:
2026-06-25 06:28:02,667 - INFO - Train loss: 0.0659 (105.2s)
Train loss: 0.0659 (105.2s)
2026-06-25 06:28:28,264 - INFO - Test instance 0.9149, class 0.8832
Test instance 0.9149, class 0.8832
2026-06-25 06:28:28,268 - INFO - Best instance 0.9214, class 0.8877 (epoch 122)
Best instance 0.9214, class 0.8877 (epoch 122)
2026-06-25 06:28:28,287 - INFO - Epoch 170/200:
Epoch 170/200:
2026-06-25 06:30:13,985 - INFO - Train loss: 0.0669 (105.7s)
Train loss: 0.0669 (105.7s)
2026-06-25 06:30:39,458 - INFO - Test instance 0.9117, class 0.8811
Test instance 0.9117, class 0.8811
2026-06-25 06:30:39,462 - INFO - Best instance 0.9214, class 0.8877 (epoch 122)
Best instance 0.9214, class 0.8877 (epoch 122)
2026-06-25 06:30:39,481 - INFO - Epoch 171/200:
Epoch 171/200:
2026-06-25 06:32:24,469 - INFO - Train loss: 0.0651 (105.0s)
Train loss: 0.0651 (105.0s)
2026-06-25 06:32:49,847 - INFO - Test instance 0.9121, class 0.8845
Test instance 0.9121, class 0.8845
2026-06-25 06:32:49,850 - INFO - Best instance 0.9214, class 0.8877 (epoch 122)
Best instance 0.9214, class 0.8877 (epoch 122)
2026-06-25 06:32:49,868 - INFO - Epoch 172/200:
Epoch 172/200:
2026-06-25 06:34:35,307 - INFO - Train loss: 0.0669 (105.4s)
Train loss: 0.0669 (105.4s)
2026-06-25 06:35:01,042 - INFO - Test instance 0.9141, class 0.8816
Test instance 0.9141, class 0.8816
2026-06-25 06:35:01,057 - INFO - Best instance 0.9214, class 0.8877 (epoch 122)
Best instance 0.9214, class 0.8877 (epoch 122)
2026-06-25 06:35:01,078 - INFO - Epoch 173/200:
Epoch 173/200:
2026-06-25 06:36:46,244 - INFO - Train loss: 0.0667 (105.2s)
Train loss: 0.0667 (105.2s)
2026-06-25 06:37:11,963 - INFO - Test instance 0.9133, class 0.8827
Test instance 0.9133, class 0.8827
2026-06-25 06:37:11,967 - INFO - Best instance 0.9214, class 0.8877 (epoch 122)
Best instance 0.9214, class 0.8877 (epoch 122)
2026-06-25 06:37:11,986 - INFO - Epoch 174/200:
Epoch 174/200:
2026-06-25 06:38:57,193 - INFO - Train loss: 0.0659 (105.2s)
Train loss: 0.0659 (105.2s)
2026-06-25 06:39:22,847 - INFO - Test instance 0.9100, class 0.8760
Test instance 0.9100, class 0.8760
2026-06-25 06:39:22,852 - INFO - Best instance 0.9214, class 0.8877 (epoch 122)
Best instance 0.9214, class 0.8877 (epoch 122)
2026-06-25 06:39:22,892 - INFO - Epoch 175/200:
Epoch 175/200:
2026-06-25 06:41:08,198 - INFO - Train loss: 0.0667 (105.3s)
Train loss: 0.0667 (105.3s)
2026-06-25 06:41:33,984 - INFO - Test instance 0.9169, class 0.8894
Test instance 0.9169, class 0.8894
2026-06-25 06:41:33,988 - INFO - Best instance 0.9214, class 0.8877 (epoch 122)
Best instance 0.9214, class 0.8877 (epoch 122)
2026-06-25 06:41:34,008 - INFO - Epoch 176/200:
Epoch 176/200:
2026-06-25 06:43:18,659 - INFO - Train loss: 0.0658 (104.7s)
Train loss: 0.0658 (104.7s)
2026-06-25 06:43:44,450 - INFO - Test instance 0.9141, class 0.8830
Test instance 0.9141, class 0.8830
2026-06-25 06:43:44,456 - INFO - Best instance 0.9214, class 0.8877 (epoch 122)
Best instance 0.9214, class 0.8877 (epoch 122)
2026-06-25 06:43:44,474 - INFO - Epoch 177/200:
Epoch 177/200:
2026-06-25 06:45:29,102 - INFO - Train loss: 0.0632 (104.6s)
Train loss: 0.0632 (104.6s)
2026-06-25 06:45:54,749 - INFO - Test instance 0.9153, class 0.8885
Test instance 0.9153, class 0.8885
2026-06-25 06:45:54,753 - INFO - Best instance 0.9214, class 0.8877 (epoch 122)
Best instance 0.9214, class 0.8877 (epoch 122)
2026-06-25 06:45:54,772 - INFO - Epoch 178/200:
Epoch 178/200:
2026-06-25 06:47:39,652 - INFO - Train loss: 0.0641 (104.9s)
Train loss: 0.0641 (104.9s)
2026-06-25 06:48:05,406 - INFO - Test instance 0.9125, class 0.8829
Test instance 0.9125, class 0.8829
2026-06-25 06:48:05,410 - INFO - Best instance 0.9214, class 0.8877 (epoch 122)
Best instance 0.9214, class 0.8877 (epoch 122)
2026-06-25 06:48:05,428 - INFO - Epoch 179/200:
Epoch 179/200:
2026-06-25 06:49:50,371 - INFO - Train loss: 0.0649 (104.9s)
Train loss: 0.0649 (104.9s)
2026-06-25 06:50:16,064 - INFO - Test instance 0.9149, class 0.8836
Test instance 0.9149, class 0.8836
2026-06-25 06:50:16,069 - INFO - Best instance 0.9214, class 0.8877 (epoch 122)
Best instance 0.9214, class 0.8877 (epoch 122)
2026-06-25 06:50:16,087 - INFO - Epoch 180/200:
Epoch 180/200:
2026-06-25 06:52:01,350 - INFO - Train loss: 0.0628 (105.3s)
Train loss: 0.0628 (105.3s)
2026-06-25 06:52:27,255 - INFO - Test instance 0.9194, class 0.8849
Test instance 0.9194, class 0.8849
2026-06-25 06:52:27,260 - INFO - Best instance 0.9214, class 0.8877 (epoch 122)
Best instance 0.9214, class 0.8877 (epoch 122)
2026-06-25 06:52:27,279 - INFO - Epoch 181/200:
Epoch 181/200:
2026-06-25 06:54:12,196 - INFO - Train loss: 0.0633 (104.9s)
Train loss: 0.0633 (104.9s)
2026-06-25 06:54:37,897 - INFO - Test instance 0.9117, class 0.8790
Test instance 0.9117, class 0.8790
2026-06-25 06:54:37,901 - INFO - Best instance 0.9214, class 0.8877 (epoch 122)
Best instance 0.9214, class 0.8877 (epoch 122)
2026-06-25 06:54:37,919 - INFO - Epoch 182/200:
Epoch 182/200:
2026-06-25 06:56:23,562 - INFO - Train loss: 0.0654 (105.6s)
Train loss: 0.0654 (105.6s)
2026-06-25 06:56:49,516 - INFO - Test instance 0.9113, class 0.8791
Test instance 0.9113, class 0.8791
2026-06-25 06:56:49,521 - INFO - Best instance 0.9214, class 0.8877 (epoch 122)
Best instance 0.9214, class 0.8877 (epoch 122)
2026-06-25 06:56:49,539 - INFO - Epoch 183/200:
Epoch 183/200:
2026-06-25 06:58:34,667 - INFO - Train loss: 0.0633 (105.1s)
Train loss: 0.0633 (105.1s)
2026-06-25 06:59:00,483 - INFO - Test instance 0.9133, class 0.8803
Test instance 0.9133, class 0.8803
2026-06-25 06:59:00,488 - INFO - Best instance 0.9214, class 0.8877 (epoch 122)
Best instance 0.9214, class 0.8877 (epoch 122)
2026-06-25 06:59:00,506 - INFO - Epoch 184/200:
Epoch 184/200:
2026-06-25 07:00:45,858 - INFO - Train loss: 0.0631 (105.4s)
Train loss: 0.0631 (105.4s)
2026-06-25 07:01:11,654 - INFO - Test instance 0.9149, class 0.8870
Test instance 0.9149, class 0.8870
2026-06-25 07:01:11,658 - INFO - Best instance 0.9214, class 0.8877 (epoch 122)
Best instance 0.9214, class 0.8877 (epoch 122)
2026-06-25 07:01:11,676 - INFO - Epoch 185/200:
Epoch 185/200:
2026-06-25 07:02:57,202 - INFO - Train loss: 0.0636 (105.5s)
Train loss: 0.0636 (105.5s)
2026-06-25 07:03:22,791 - INFO - Test instance 0.9129, class 0.8796
Test instance 0.9129, class 0.8796
2026-06-25 07:03:22,797 - INFO - Best instance 0.9214, class 0.8877 (epoch 122)
Best instance 0.9214, class 0.8877 (epoch 122)
2026-06-25 07:03:22,816 - INFO - Epoch 186/200:
Epoch 186/200:
2026-06-25 07:05:07,722 - INFO - Train loss: 0.0617 (104.9s)
Train loss: 0.0617 (104.9s)
2026-06-25 07:05:33,391 - INFO - Test instance 0.9100, class 0.8823
Test instance 0.9100, class 0.8823
2026-06-25 07:05:33,396 - INFO - Best instance 0.9214, class 0.8877 (epoch 122)
Best instance 0.9214, class 0.8877 (epoch 122)
2026-06-25 07:05:33,415 - INFO - Epoch 187/200:
Epoch 187/200:
2026-06-25 07:07:18,746 - INFO - Train loss: 0.0646 (105.3s)
Train loss: 0.0646 (105.3s)
2026-06-25 07:07:44,387 - INFO - Test instance 0.9129, class 0.8852
Test instance 0.9129, class 0.8852
2026-06-25 07:07:44,391 - INFO - Best instance 0.9214, class 0.8877 (epoch 122)
Best instance 0.9214, class 0.8877 (epoch 122)
2026-06-25 07:07:44,410 - INFO - Epoch 188/200:
Epoch 188/200:
2026-06-25 07:09:29,493 - INFO - Train loss: 0.0631 (105.1s)
Train loss: 0.0631 (105.1s)
2026-06-25 07:09:55,467 - INFO - Test instance 0.9133, class 0.8809
Test instance 0.9133, class 0.8809
2026-06-25 07:09:55,472 - INFO - Best instance 0.9214, class 0.8877 (epoch 122)
Best instance 0.9214, class 0.8877 (epoch 122)
2026-06-25 07:09:55,491 - INFO - Epoch 189/200:
Epoch 189/200:
2026-06-25 07:11:40,446 - INFO - Train loss: 0.0614 (105.0s)
Train loss: 0.0614 (105.0s)
2026-06-25 07:12:06,538 - INFO - Test instance 0.9182, class 0.8863
Test instance 0.9182, class 0.8863
2026-06-25 07:12:06,542 - INFO - Best instance 0.9214, class 0.8877 (epoch 122)
Best instance 0.9214, class 0.8877 (epoch 122)
2026-06-25 07:12:06,561 - INFO - Epoch 190/200:
Epoch 190/200:
2026-06-25 07:13:51,237 - INFO - Train loss: 0.0609 (104.7s)
Train loss: 0.0609 (104.7s)
2026-06-25 07:14:17,103 - INFO - Test instance 0.9153, class 0.8806
Test instance 0.9153, class 0.8806
2026-06-25 07:14:17,107 - INFO - Best instance 0.9214, class 0.8877 (epoch 122)
Best instance 0.9214, class 0.8877 (epoch 122)
2026-06-25 07:14:17,125 - INFO - Epoch 191/200:
Epoch 191/200:
2026-06-25 07:16:02,326 - INFO - Train loss: 0.0648 (105.2s)
Train loss: 0.0648 (105.2s)
2026-06-25 07:16:28,081 - INFO - Test instance 0.9145, class 0.8841
Test instance 0.9145, class 0.8841
2026-06-25 07:16:28,085 - INFO - Best instance 0.9214, class 0.8877 (epoch 122)
Best instance 0.9214, class 0.8877 (epoch 122)
2026-06-25 07:16:28,105 - INFO - Epoch 192/200:
Epoch 192/200:
2026-06-25 07:18:13,215 - INFO - Train loss: 0.0646 (105.1s)
Train loss: 0.0646 (105.1s)
2026-06-25 07:18:39,034 - INFO - Test instance 0.9165, class 0.8841
Test instance 0.9165, class 0.8841
2026-06-25 07:18:39,037 - INFO - Best instance 0.9214, class 0.8877 (epoch 122)
Best instance 0.9214, class 0.8877 (epoch 122)
2026-06-25 07:18:39,056 - INFO - Epoch 193/200:
Epoch 193/200:
2026-06-25 07:20:23,644 - INFO - Train loss: 0.0619 (104.6s)
Train loss: 0.0619 (104.6s)
2026-06-25 07:20:49,407 - INFO - Test instance 0.9121, class 0.8848
Test instance 0.9121, class 0.8848
2026-06-25 07:20:49,411 - INFO - Best instance 0.9214, class 0.8877 (epoch 122)
Best instance 0.9214, class 0.8877 (epoch 122)
2026-06-25 07:20:49,430 - INFO - Epoch 194/200:
Epoch 194/200:
2026-06-25 07:22:34,591 - INFO - Train loss: 0.0623 (105.2s)
Train loss: 0.0623 (105.2s)
2026-06-25 07:23:00,281 - INFO - Test instance 0.9133, class 0.8844
Test instance 0.9133, class 0.8844
2026-06-25 07:23:00,284 - INFO - Best instance 0.9214, class 0.8877 (epoch 122)
Best instance 0.9214, class 0.8877 (epoch 122)
2026-06-25 07:23:00,302 - INFO - Epoch 195/200:
Epoch 195/200:
2026-06-25 07:24:45,469 - INFO - Train loss: 0.0614 (105.2s)
Train loss: 0.0614 (105.2s)
2026-06-25 07:25:11,194 - INFO - Test instance 0.9105, class 0.8789
Test instance 0.9105, class 0.8789
2026-06-25 07:25:11,197 - INFO - Best instance 0.9214, class 0.8877 (epoch 122)
Best instance 0.9214, class 0.8877 (epoch 122)
2026-06-25 07:25:11,217 - INFO - Epoch 196/200:
Epoch 196/200:
2026-06-25 07:26:55,936 - INFO - Train loss: 0.0644 (104.7s)
Train loss: 0.0644 (104.7s)
2026-06-25 07:27:21,934 - INFO - Test instance 0.9145, class 0.8851
Test instance 0.9145, class 0.8851
2026-06-25 07:27:21,937 - INFO - Best instance 0.9214, class 0.8877 (epoch 122)
Best instance 0.9214, class 0.8877 (epoch 122)
2026-06-25 07:27:21,956 - INFO - Epoch 197/200:
Epoch 197/200:
2026-06-25 07:29:06,913 - INFO - Train loss: 0.0624 (105.0s)
Train loss: 0.0624 (105.0s)
2026-06-25 07:29:32,785 - INFO - Test instance 0.9117, class 0.8811
Test instance 0.9117, class 0.8811
2026-06-25 07:29:32,789 - INFO - Best instance 0.9214, class 0.8877 (epoch 122)
Best instance 0.9214, class 0.8877 (epoch 122)
2026-06-25 07:29:32,809 - INFO - Epoch 198/200:
Epoch 198/200:
2026-06-25 07:31:18,275 - INFO - Train loss: 0.0594 (105.5s)
Train loss: 0.0594 (105.5s)
2026-06-25 07:31:44,312 - INFO - Test instance 0.9137, class 0.8838
Test instance 0.9137, class 0.8838
2026-06-25 07:31:44,316 - INFO - Best instance 0.9214, class 0.8877 (epoch 122)
Best instance 0.9214, class 0.8877 (epoch 122)
2026-06-25 07:31:44,335 - INFO - Epoch 199/200:
Epoch 199/200:
2026-06-25 07:33:29,097 - INFO - Train loss: 0.0616 (104.8s)
Train loss: 0.0616 (104.8s)
2026-06-25 07:33:54,499 - INFO - Test instance 0.9129, class 0.8789
Test instance 0.9129, class 0.8789
2026-06-25 07:33:54,503 - INFO - Best instance 0.9214, class 0.8877 (epoch 122)
Best instance 0.9214, class 0.8877 (epoch 122)
2026-06-25 07:33:54,522 - INFO - Epoch 200/200:
Epoch 200/200:
2026-06-25 07:35:38,516 - INFO - Train loss: 0.0623 (104.0s)
Train loss: 0.0623 (104.0s)
2026-06-25 07:36:04,192 - INFO - Test instance 0.9165, class 0.8883
Test instance 0.9165, class 0.8883
2026-06-25 07:36:04,195 - INFO - Best instance 0.9214, class 0.8877 (epoch 122)
Best instance 0.9214, class 0.8877 (epoch 122)
2026-06-25 07:36:47,800 - INFO - Student 1.44 MB, 118.41 ms
Student 1.44 MB, 118.41 ms
