[Fri Jun 26 16:04:21 EDT 2026] task 362 on GPU 0: python flkd/advanced_kd_train_classification.py --teacher_model pointnet2_cls_ssg --student_model small_pointnet2 --kd_strategy vanilla --dataset modelnet40 --seed 7 --batch_size 48 --epoch 200 --num_point 1024 --teacher_path "outputs/modelnet40/flkd/federated/classification/fl_pointnet2_cls_ssg_fednova_s7/checkpoints/best_model.pth" --log_dir kd_pointnet2_cls_ssg_fednova+vanilla_small_pointnet2_s7  --data_root data --output_root outputs --num_workers -1 --max_runtime_hours 166.0
The size of train data is 9843
The size of test data is 2468
Loaded teacher from outputs/modelnet40/flkd/federated/classification/fl_pointnet2_cls_ssg_fednova_s7/checkpoints/best_model.pth
2026-06-26 16:04:24,247 - INFO - PARAMETER ...
2026-06-26 16:04:24,247 - INFO - {'use_cpu': False, 'no_amp': False, 'gpu': '0', 'num_workers': -1, 'batch_size': 48, 'teacher_model': 'pointnet2_cls_ssg', 'student_model': 'small_pointnet2', 'num_category': 40, 'dataset': 'modelnet40', 'data_root': 'data', 'output_root': 'outputs', 'train_split': 0.8, 'dataset_seed': 0, 'cache_dataset': True, 'min_class_samples': 1, 'epoch': 200, 'learning_rate': 0.001, 'num_point': 1024, 'optimizer': 'Adam', 'log_dir': 'kd_pointnet2_cls_ssg_fednova+vanilla_small_pointnet2_s7', 'decay_rate': 0.0001, 'use_normals': False, 'process_data': False, 'use_uniform_sample': False, 'resume': True, 'kd_strategy': 'vanilla', 'alpha': 0.5, 'temperature': 2.0, 'beta': 0.5, 'dkd_alpha': 1.0, 'dkd_beta': 8.0, 'crd_temperature': 0.07, 'teacher_path': 'outputs/modelnet40/flkd/federated/classification/fl_pointnet2_cls_ssg_fednova_s7/checkpoints/best_model.pth', 'teacher_paths': None, 'teacher_weights': None, 'use_hard_labels': 'on', 'unlabeled': False, 'temperature_sweep': None, 'seed': 7, 'max_runtime_hours': 166.0}
2026-06-26 16:04:24,248 - INFO - KD=vanilla student=small_pointnet2 AMP=False use_hard=True unlabeled=False T=2.0
KD=vanilla student=small_pointnet2 AMP=False use_hard=True unlabeled=False T=2.0
2026-06-26 16:04:24,260 - INFO - Epoch 1/200:
Epoch 1/200:
2026-06-26 16:06:21,149 - INFO - Train loss: 1.6689 (116.9s)
Train loss: 1.6689 (116.9s)
2026-06-26 16:06:50,242 - INFO - Test instance 0.4964, class 0.3726
Test instance 0.4964, class 0.3726
2026-06-26 16:06:50,266 - INFO - Best instance 0.4964, class 0.3726 (epoch 1)
Best instance 0.4964, class 0.3726 (epoch 1)
2026-06-26 16:06:50,285 - INFO - Epoch 2/200:
Epoch 2/200:
2026-06-26 16:08:45,660 - INFO - Train loss: 1.0717 (115.4s)
Train loss: 1.0717 (115.4s)
2026-06-26 16:09:14,172 - INFO - Test instance 0.6544, class 0.5357
Test instance 0.6544, class 0.5357
2026-06-26 16:09:14,194 - INFO - Best instance 0.6544, class 0.5357 (epoch 2)
Best instance 0.6544, class 0.5357 (epoch 2)
2026-06-26 16:09:14,211 - INFO - Epoch 3/200:
Epoch 3/200:
2026-06-26 16:11:09,260 - INFO - Train loss: 0.8921 (115.0s)
Train loss: 0.8921 (115.0s)
2026-06-26 16:11:37,793 - INFO - Test instance 0.7168, class 0.6287
Test instance 0.7168, class 0.6287
2026-06-26 16:11:37,814 - INFO - Best instance 0.7168, class 0.6287 (epoch 3)
Best instance 0.7168, class 0.6287 (epoch 3)
2026-06-26 16:11:37,832 - INFO - Epoch 4/200:
Epoch 4/200:
2026-06-26 16:13:33,037 - INFO - Train loss: 0.8114 (115.2s)
Train loss: 0.8114 (115.2s)
2026-06-26 16:14:01,598 - INFO - Test instance 0.7553, class 0.6692
Test instance 0.7553, class 0.6692
2026-06-26 16:14:01,628 - INFO - Best instance 0.7553, class 0.6692 (epoch 4)
Best instance 0.7553, class 0.6692 (epoch 4)
2026-06-26 16:14:01,647 - INFO - Epoch 5/200:
Epoch 5/200:
2026-06-26 16:15:56,575 - INFO - Train loss: 0.7639 (114.9s)
Train loss: 0.7639 (114.9s)
2026-06-26 16:16:25,056 - INFO - Test instance 0.8173, class 0.7219
Test instance 0.8173, class 0.7219
2026-06-26 16:16:25,076 - INFO - Best instance 0.8173, class 0.7219 (epoch 5)
Best instance 0.8173, class 0.7219 (epoch 5)
2026-06-26 16:16:25,094 - INFO - Epoch 6/200:
Epoch 6/200:
2026-06-26 16:18:20,978 - INFO - Train loss: 0.7267 (115.9s)
Train loss: 0.7267 (115.9s)
2026-06-26 16:18:49,313 - INFO - Test instance 0.8181, class 0.7386
Test instance 0.8181, class 0.7386
2026-06-26 16:18:49,334 - INFO - Best instance 0.8181, class 0.7386 (epoch 6)
Best instance 0.8181, class 0.7386 (epoch 6)
2026-06-26 16:18:49,352 - INFO - Epoch 7/200:
Epoch 7/200:
2026-06-26 16:20:44,698 - INFO - Train loss: 0.6960 (115.3s)
Train loss: 0.6960 (115.3s)
2026-06-26 16:21:13,365 - INFO - Test instance 0.8452, class 0.7711
Test instance 0.8452, class 0.7711
2026-06-26 16:21:13,387 - INFO - Best instance 0.8452, class 0.7711 (epoch 7)
Best instance 0.8452, class 0.7711 (epoch 7)
2026-06-26 16:21:13,408 - INFO - Epoch 8/200:
Epoch 8/200:
2026-06-26 16:23:08,540 - INFO - Train loss: 0.6794 (115.1s)
Train loss: 0.6794 (115.1s)
2026-06-26 16:23:37,086 - INFO - Test instance 0.8440, class 0.7712
Test instance 0.8440, class 0.7712
2026-06-26 16:23:37,086 - INFO - Best instance 0.8452, class 0.7711 (epoch 7)
Best instance 0.8452, class 0.7711 (epoch 7)
2026-06-26 16:23:37,106 - INFO - Epoch 9/200:
Epoch 9/200:
2026-06-26 16:25:32,517 - INFO - Train loss: 0.6575 (115.4s)
Train loss: 0.6575 (115.4s)
2026-06-26 16:26:01,009 - INFO - Test instance 0.8343, class 0.7671
Test instance 0.8343, class 0.7671
2026-06-26 16:26:01,011 - INFO - Best instance 0.8452, class 0.7711 (epoch 7)
Best instance 0.8452, class 0.7711 (epoch 7)
2026-06-26 16:26:01,031 - INFO - Epoch 10/200:
Epoch 10/200:
2026-06-26 16:27:56,287 - INFO - Train loss: 0.6491 (115.3s)
Train loss: 0.6491 (115.3s)
2026-06-26 16:28:24,788 - INFO - Test instance 0.8655, class 0.7940
Test instance 0.8655, class 0.7940
2026-06-26 16:28:24,809 - INFO - Best instance 0.8655, class 0.7940 (epoch 10)
Best instance 0.8655, class 0.7940 (epoch 10)
2026-06-26 16:28:24,826 - INFO - Epoch 11/200:
Epoch 11/200:
2026-06-26 16:30:19,717 - INFO - Train loss: 0.6361 (114.9s)
Train loss: 0.6361 (114.9s)
2026-06-26 16:30:47,889 - INFO - Test instance 0.8821, class 0.8226
Test instance 0.8821, class 0.8226
2026-06-26 16:30:47,910 - INFO - Best instance 0.8821, class 0.8226 (epoch 11)
Best instance 0.8821, class 0.8226 (epoch 11)
2026-06-26 16:30:47,928 - INFO - Epoch 12/200:
Epoch 12/200:
2026-06-26 16:32:42,196 - INFO - Train loss: 0.6267 (114.3s)
Train loss: 0.6267 (114.3s)
2026-06-26 16:33:10,061 - INFO - Test instance 0.8675, class 0.8041
Test instance 0.8675, class 0.8041
2026-06-26 16:33:10,061 - INFO - Best instance 0.8821, class 0.8226 (epoch 11)
Best instance 0.8821, class 0.8226 (epoch 11)
2026-06-26 16:33:10,083 - INFO - Epoch 13/200:
Epoch 13/200:
2026-06-26 16:35:05,268 - INFO - Train loss: 0.6252 (115.2s)
Train loss: 0.6252 (115.2s)
2026-06-26 16:35:33,214 - INFO - Test instance 0.8639, class 0.7950
Test instance 0.8639, class 0.7950
2026-06-26 16:35:33,214 - INFO - Best instance 0.8821, class 0.8226 (epoch 11)
Best instance 0.8821, class 0.8226 (epoch 11)
2026-06-26 16:35:33,236 - INFO - Epoch 14/200:
Epoch 14/200:
2026-06-26 16:37:28,790 - INFO - Train loss: 0.6123 (115.6s)
Train loss: 0.6123 (115.6s)
2026-06-26 16:37:56,859 - INFO - Test instance 0.8793, class 0.8279
Test instance 0.8793, class 0.8279
2026-06-26 16:37:56,859 - INFO - Best instance 0.8821, class 0.8226 (epoch 11)
Best instance 0.8821, class 0.8226 (epoch 11)
2026-06-26 16:37:56,880 - INFO - Epoch 15/200:
Epoch 15/200:
2026-06-26 16:39:52,456 - INFO - Train loss: 0.6021 (115.6s)
Train loss: 0.6021 (115.6s)
2026-06-26 16:40:20,531 - INFO - Test instance 0.8724, class 0.8094
Test instance 0.8724, class 0.8094
2026-06-26 16:40:20,531 - INFO - Best instance 0.8821, class 0.8226 (epoch 11)
Best instance 0.8821, class 0.8226 (epoch 11)
2026-06-26 16:40:20,553 - INFO - Epoch 16/200:
Epoch 16/200:
2026-06-26 16:42:15,986 - INFO - Train loss: 0.6018 (115.4s)
Train loss: 0.6018 (115.4s)
2026-06-26 16:42:43,958 - INFO - Test instance 0.8578, class 0.8041
Test instance 0.8578, class 0.8041
2026-06-26 16:42:43,958 - INFO - Best instance 0.8821, class 0.8226 (epoch 11)
Best instance 0.8821, class 0.8226 (epoch 11)
2026-06-26 16:42:43,981 - INFO - Epoch 17/200:
Epoch 17/200:
2026-06-26 16:44:38,963 - INFO - Train loss: 0.5965 (115.0s)
Train loss: 0.5965 (115.0s)
2026-06-26 16:45:07,097 - INFO - Test instance 0.8841, class 0.8277
Test instance 0.8841, class 0.8277
2026-06-26 16:45:07,125 - INFO - Best instance 0.8841, class 0.8277 (epoch 17)
Best instance 0.8841, class 0.8277 (epoch 17)
2026-06-26 16:45:07,143 - INFO - Epoch 18/200:
Epoch 18/200:
2026-06-26 16:47:02,025 - INFO - Train loss: 0.5913 (114.9s)
Train loss: 0.5913 (114.9s)
2026-06-26 16:47:30,436 - INFO - Test instance 0.8695, class 0.8153
Test instance 0.8695, class 0.8153
2026-06-26 16:47:30,438 - INFO - Best instance 0.8841, class 0.8277 (epoch 17)
Best instance 0.8841, class 0.8277 (epoch 17)
2026-06-26 16:47:30,457 - INFO - Epoch 19/200:
Epoch 19/200:
2026-06-26 16:49:25,469 - INFO - Train loss: 0.5879 (115.0s)
Train loss: 0.5879 (115.0s)
2026-06-26 16:49:54,055 - INFO - Test instance 0.8841, class 0.8384
Test instance 0.8841, class 0.8384
2026-06-26 16:49:54,057 - INFO - Best instance 0.8841, class 0.8277 (epoch 17)
Best instance 0.8841, class 0.8277 (epoch 17)
2026-06-26 16:49:54,078 - INFO - Epoch 20/200:
Epoch 20/200:
2026-06-26 16:51:48,780 - INFO - Train loss: 0.5809 (114.7s)
Train loss: 0.5809 (114.7s)
2026-06-26 16:52:17,070 - INFO - Test instance 0.8886, class 0.8336
Test instance 0.8886, class 0.8336
2026-06-26 16:52:17,093 - INFO - Best instance 0.8886, class 0.8336 (epoch 20)
Best instance 0.8886, class 0.8336 (epoch 20)
2026-06-26 16:52:17,110 - INFO - Epoch 21/200:
Epoch 21/200:
2026-06-26 16:54:12,087 - INFO - Train loss: 0.5621 (115.0s)
Train loss: 0.5621 (115.0s)
2026-06-26 16:54:40,348 - INFO - Test instance 0.8922, class 0.8446
Test instance 0.8922, class 0.8446
2026-06-26 16:54:40,368 - INFO - Best instance 0.8922, class 0.8446 (epoch 21)
Best instance 0.8922, class 0.8446 (epoch 21)
2026-06-26 16:54:40,387 - INFO - Epoch 22/200:
Epoch 22/200:
2026-06-26 16:56:36,097 - INFO - Train loss: 0.5588 (115.7s)
Train loss: 0.5588 (115.7s)
2026-06-26 16:57:04,395 - INFO - Test instance 0.8890, class 0.8370
Test instance 0.8890, class 0.8370
2026-06-26 16:57:04,395 - INFO - Best instance 0.8922, class 0.8446 (epoch 21)
Best instance 0.8922, class 0.8446 (epoch 21)
2026-06-26 16:57:04,417 - INFO - Epoch 23/200:
Epoch 23/200:
2026-06-26 16:58:59,392 - INFO - Train loss: 0.5592 (115.0s)
Train loss: 0.5592 (115.0s)
2026-06-26 16:59:27,772 - INFO - Test instance 0.8865, class 0.8249
Test instance 0.8865, class 0.8249
2026-06-26 16:59:27,772 - INFO - Best instance 0.8922, class 0.8446 (epoch 21)
Best instance 0.8922, class 0.8446 (epoch 21)
2026-06-26 16:59:27,794 - INFO - Epoch 24/200:
Epoch 24/200:
2026-06-26 17:01:22,424 - INFO - Train loss: 0.5532 (114.6s)
Train loss: 0.5532 (114.6s)
2026-06-26 17:01:50,799 - INFO - Test instance 0.8951, class 0.8445
Test instance 0.8951, class 0.8445
2026-06-26 17:01:50,820 - INFO - Best instance 0.8951, class 0.8445 (epoch 24)
Best instance 0.8951, class 0.8445 (epoch 24)
2026-06-26 17:01:50,838 - INFO - Epoch 25/200:
Epoch 25/200:
2026-06-26 17:03:46,232 - INFO - Train loss: 0.5539 (115.4s)
Train loss: 0.5539 (115.4s)
2026-06-26 17:04:14,555 - INFO - Test instance 0.8890, class 0.8393
Test instance 0.8890, class 0.8393
2026-06-26 17:04:14,556 - INFO - Best instance 0.8951, class 0.8445 (epoch 24)
Best instance 0.8951, class 0.8445 (epoch 24)
2026-06-26 17:04:14,576 - INFO - Epoch 26/200:
Epoch 26/200:
2026-06-26 17:06:09,335 - INFO - Train loss: 0.5531 (114.8s)
Train loss: 0.5531 (114.8s)
2026-06-26 17:06:37,635 - INFO - Test instance 0.8942, class 0.8402
Test instance 0.8942, class 0.8402
2026-06-26 17:06:37,636 - INFO - Best instance 0.8951, class 0.8445 (epoch 24)
Best instance 0.8951, class 0.8445 (epoch 24)
2026-06-26 17:06:37,658 - INFO - Epoch 27/200:
Epoch 27/200:
2026-06-26 17:08:32,782 - INFO - Train loss: 0.5430 (115.1s)
Train loss: 0.5430 (115.1s)
2026-06-26 17:09:01,400 - INFO - Test instance 0.8930, class 0.8427
Test instance 0.8930, class 0.8427
2026-06-26 17:09:01,401 - INFO - Best instance 0.8951, class 0.8445 (epoch 24)
Best instance 0.8951, class 0.8445 (epoch 24)
2026-06-26 17:09:01,423 - INFO - Epoch 28/200:
Epoch 28/200:
2026-06-26 17:10:56,738 - INFO - Train loss: 0.5485 (115.3s)
Train loss: 0.5485 (115.3s)
2026-06-26 17:11:25,028 - INFO - Test instance 0.8918, class 0.8421
Test instance 0.8918, class 0.8421
2026-06-26 17:11:25,030 - INFO - Best instance 0.8951, class 0.8445 (epoch 24)
Best instance 0.8951, class 0.8445 (epoch 24)
2026-06-26 17:11:25,052 - INFO - Epoch 29/200:
Epoch 29/200:
2026-06-26 17:13:20,581 - INFO - Train loss: 0.5493 (115.5s)
Train loss: 0.5493 (115.5s)
2026-06-26 17:13:48,776 - INFO - Test instance 0.8829, class 0.8425
Test instance 0.8829, class 0.8425
2026-06-26 17:13:48,776 - INFO - Best instance 0.8951, class 0.8445 (epoch 24)
Best instance 0.8951, class 0.8445 (epoch 24)
2026-06-26 17:13:48,798 - INFO - Epoch 30/200:
Epoch 30/200:
2026-06-26 17:15:43,471 - INFO - Train loss: 0.5450 (114.7s)
Train loss: 0.5450 (114.7s)
2026-06-26 17:16:11,746 - INFO - Test instance 0.8853, class 0.8384
Test instance 0.8853, class 0.8384
2026-06-26 17:16:11,746 - INFO - Best instance 0.8951, class 0.8445 (epoch 24)
Best instance 0.8951, class 0.8445 (epoch 24)
2026-06-26 17:16:11,767 - INFO - Epoch 31/200:
Epoch 31/200:
2026-06-26 17:18:07,208 - INFO - Train loss: 0.5437 (115.4s)
Train loss: 0.5437 (115.4s)
2026-06-26 17:18:35,531 - INFO - Test instance 0.8902, class 0.8377
Test instance 0.8902, class 0.8377
2026-06-26 17:18:35,531 - INFO - Best instance 0.8951, class 0.8445 (epoch 24)
Best instance 0.8951, class 0.8445 (epoch 24)
2026-06-26 17:18:35,552 - INFO - Epoch 32/200:
Epoch 32/200:
2026-06-26 17:20:31,076 - INFO - Train loss: 0.5434 (115.5s)
Train loss: 0.5434 (115.5s)
2026-06-26 17:20:59,271 - INFO - Test instance 0.8963, class 0.8476
Test instance 0.8963, class 0.8476
2026-06-26 17:20:59,291 - INFO - Best instance 0.8963, class 0.8476 (epoch 32)
Best instance 0.8963, class 0.8476 (epoch 32)
2026-06-26 17:20:59,311 - INFO - Epoch 33/200:
Epoch 33/200:
2026-06-26 17:22:54,671 - INFO - Train loss: 0.5399 (115.4s)
Train loss: 0.5399 (115.4s)
2026-06-26 17:23:22,894 - INFO - Test instance 0.8930, class 0.8473
Test instance 0.8930, class 0.8473
2026-06-26 17:23:22,894 - INFO - Best instance 0.8963, class 0.8476 (epoch 32)
Best instance 0.8963, class 0.8476 (epoch 32)
2026-06-26 17:23:22,915 - INFO - Epoch 34/200:
Epoch 34/200:
2026-06-26 17:25:17,887 - INFO - Train loss: 0.5410 (115.0s)
Train loss: 0.5410 (115.0s)
2026-06-26 17:25:46,160 - INFO - Test instance 0.8971, class 0.8551
Test instance 0.8971, class 0.8551
2026-06-26 17:25:46,183 - INFO - Best instance 0.8971, class 0.8551 (epoch 34)
Best instance 0.8971, class 0.8551 (epoch 34)
2026-06-26 17:25:46,201 - INFO - Epoch 35/200:
Epoch 35/200:
2026-06-26 17:27:41,095 - INFO - Train loss: 0.5378 (114.9s)
Train loss: 0.5378 (114.9s)
2026-06-26 17:28:09,595 - INFO - Test instance 0.9011, class 0.8548
Test instance 0.9011, class 0.8548
2026-06-26 17:28:09,616 - INFO - Best instance 0.9011, class 0.8548 (epoch 35)
Best instance 0.9011, class 0.8548 (epoch 35)
2026-06-26 17:28:09,634 - INFO - Epoch 36/200:
Epoch 36/200:
2026-06-26 17:30:05,169 - INFO - Train loss: 0.5403 (115.5s)
Train loss: 0.5403 (115.5s)
2026-06-26 17:30:33,627 - INFO - Test instance 0.9072, class 0.8627
Test instance 0.9072, class 0.8627
2026-06-26 17:30:33,679 - INFO - Best instance 0.9072, class 0.8627 (epoch 36)
Best instance 0.9072, class 0.8627 (epoch 36)
2026-06-26 17:30:33,697 - INFO - Epoch 37/200:
Epoch 37/200:
2026-06-26 17:32:29,667 - INFO - Train loss: 0.5407 (116.0s)
Train loss: 0.5407 (116.0s)
2026-06-26 17:32:58,104 - INFO - Test instance 0.8967, class 0.8529
Test instance 0.8967, class 0.8529
2026-06-26 17:32:58,104 - INFO - Best instance 0.9072, class 0.8627 (epoch 36)
Best instance 0.9072, class 0.8627 (epoch 36)
2026-06-26 17:32:58,134 - INFO - Epoch 38/200:
Epoch 38/200:
2026-06-26 17:34:53,441 - INFO - Train loss: 0.5354 (115.3s)
Train loss: 0.5354 (115.3s)
2026-06-26 17:35:21,979 - INFO - Test instance 0.8979, class 0.8500
Test instance 0.8979, class 0.8500
2026-06-26 17:35:21,979 - INFO - Best instance 0.9072, class 0.8627 (epoch 36)
Best instance 0.9072, class 0.8627 (epoch 36)
2026-06-26 17:35:22,001 - INFO - Epoch 39/200:
Epoch 39/200:
2026-06-26 17:37:17,118 - INFO - Train loss: 0.5335 (115.1s)
Train loss: 0.5335 (115.1s)
2026-06-26 17:37:45,578 - INFO - Test instance 0.8999, class 0.8578
Test instance 0.8999, class 0.8578
2026-06-26 17:37:45,578 - INFO - Best instance 0.9072, class 0.8627 (epoch 36)
Best instance 0.9072, class 0.8627 (epoch 36)
2026-06-26 17:37:45,599 - INFO - Epoch 40/200:
Epoch 40/200:
2026-06-26 17:39:40,738 - INFO - Train loss: 0.5300 (115.1s)
Train loss: 0.5300 (115.1s)
2026-06-26 17:40:09,492 - INFO - Test instance 0.8967, class 0.8458
Test instance 0.8967, class 0.8458
2026-06-26 17:40:09,493 - INFO - Best instance 0.9072, class 0.8627 (epoch 36)
Best instance 0.9072, class 0.8627 (epoch 36)
2026-06-26 17:40:09,515 - INFO - Epoch 41/200:
Epoch 41/200:
2026-06-26 17:42:04,808 - INFO - Train loss: 0.5230 (115.3s)
Train loss: 0.5230 (115.3s)
2026-06-26 17:42:33,444 - INFO - Test instance 0.9048, class 0.8568
Test instance 0.9048, class 0.8568
2026-06-26 17:42:33,445 - INFO - Best instance 0.9072, class 0.8627 (epoch 36)
Best instance 0.9072, class 0.8627 (epoch 36)
2026-06-26 17:42:33,468 - INFO - Epoch 42/200:
Epoch 42/200:
2026-06-26 17:44:29,336 - INFO - Train loss: 0.5220 (115.9s)
Train loss: 0.5220 (115.9s)
2026-06-26 17:44:57,786 - INFO - Test instance 0.9060, class 0.8620
Test instance 0.9060, class 0.8620
2026-06-26 17:44:57,786 - INFO - Best instance 0.9072, class 0.8627 (epoch 36)
Best instance 0.9072, class 0.8627 (epoch 36)
2026-06-26 17:44:57,809 - INFO - Epoch 43/200:
Epoch 43/200:
2026-06-26 17:46:52,900 - INFO - Train loss: 0.5190 (115.1s)
Train loss: 0.5190 (115.1s)
2026-06-26 17:47:21,129 - INFO - Test instance 0.9072, class 0.8609
Test instance 0.9072, class 0.8609
2026-06-26 17:47:21,130 - INFO - Best instance 0.9072, class 0.8627 (epoch 36)
Best instance 0.9072, class 0.8627 (epoch 36)
2026-06-26 17:47:21,151 - INFO - Epoch 44/200:
Epoch 44/200:
2026-06-26 17:49:16,536 - INFO - Train loss: 0.5168 (115.4s)
Train loss: 0.5168 (115.4s)
2026-06-26 17:49:44,776 - INFO - Test instance 0.9007, class 0.8625
Test instance 0.9007, class 0.8625
2026-06-26 17:49:44,778 - INFO - Best instance 0.9072, class 0.8627 (epoch 36)
Best instance 0.9072, class 0.8627 (epoch 36)
2026-06-26 17:49:44,806 - INFO - Epoch 45/200:
Epoch 45/200:
2026-06-26 17:51:40,746 - INFO - Train loss: 0.5167 (115.9s)
Train loss: 0.5167 (115.9s)
2026-06-26 17:52:09,058 - INFO - Test instance 0.9036, class 0.8584
Test instance 0.9036, class 0.8584
2026-06-26 17:52:09,058 - INFO - Best instance 0.9072, class 0.8627 (epoch 36)
Best instance 0.9072, class 0.8627 (epoch 36)
2026-06-26 17:52:09,080 - INFO - Epoch 46/200:
Epoch 46/200:
2026-06-26 17:54:04,497 - INFO - Train loss: 0.5155 (115.4s)
Train loss: 0.5155 (115.4s)
2026-06-26 17:54:32,966 - INFO - Test instance 0.8942, class 0.8430
Test instance 0.8942, class 0.8430
2026-06-26 17:54:32,966 - INFO - Best instance 0.9072, class 0.8627 (epoch 36)
Best instance 0.9072, class 0.8627 (epoch 36)
2026-06-26 17:54:32,989 - INFO - Epoch 47/200:
Epoch 47/200:
2026-06-26 17:56:28,014 - INFO - Train loss: 0.5139 (115.0s)
Train loss: 0.5139 (115.0s)
2026-06-26 17:56:56,193 - INFO - Test instance 0.8975, class 0.8520
Test instance 0.8975, class 0.8520
2026-06-26 17:56:56,193 - INFO - Best instance 0.9072, class 0.8627 (epoch 36)
Best instance 0.9072, class 0.8627 (epoch 36)
2026-06-26 17:56:56,213 - INFO - Epoch 48/200:
Epoch 48/200:
2026-06-26 17:58:51,084 - INFO - Train loss: 0.5107 (114.9s)
Train loss: 0.5107 (114.9s)
2026-06-26 17:59:19,331 - INFO - Test instance 0.8979, class 0.8511
Test instance 0.8979, class 0.8511
2026-06-26 17:59:19,331 - INFO - Best instance 0.9072, class 0.8627 (epoch 36)
Best instance 0.9072, class 0.8627 (epoch 36)
2026-06-26 17:59:19,352 - INFO - Epoch 49/200:
Epoch 49/200:
2026-06-26 18:01:14,612 - INFO - Train loss: 0.5124 (115.3s)
Train loss: 0.5124 (115.3s)
2026-06-26 18:01:42,821 - INFO - Test instance 0.9056, class 0.8609
Test instance 0.9056, class 0.8609
2026-06-26 18:01:42,822 - INFO - Best instance 0.9072, class 0.8627 (epoch 36)
Best instance 0.9072, class 0.8627 (epoch 36)
2026-06-26 18:01:42,843 - INFO - Epoch 50/200:
Epoch 50/200:
2026-06-26 18:03:37,748 - INFO - Train loss: 0.5110 (114.9s)
Train loss: 0.5110 (114.9s)
2026-06-26 18:04:05,971 - INFO - Test instance 0.9011, class 0.8562
Test instance 0.9011, class 0.8562
2026-06-26 18:04:05,971 - INFO - Best instance 0.9072, class 0.8627 (epoch 36)
Best instance 0.9072, class 0.8627 (epoch 36)
2026-06-26 18:04:05,993 - INFO - Epoch 51/200:
Epoch 51/200:
2026-06-26 18:06:00,467 - INFO - Train loss: 0.5121 (114.5s)
Train loss: 0.5121 (114.5s)
2026-06-26 18:06:28,578 - INFO - Test instance 0.9088, class 0.8638
Test instance 0.9088, class 0.8638
2026-06-26 18:06:28,598 - INFO - Best instance 0.9088, class 0.8638 (epoch 51)
Best instance 0.9088, class 0.8638 (epoch 51)
2026-06-26 18:06:28,616 - INFO - Epoch 52/200:
Epoch 52/200:
2026-06-26 18:08:23,409 - INFO - Train loss: 0.5098 (114.8s)
Train loss: 0.5098 (114.8s)
2026-06-26 18:08:51,968 - INFO - Test instance 0.9096, class 0.8657
Test instance 0.9096, class 0.8657
2026-06-26 18:08:51,988 - INFO - Best instance 0.9096, class 0.8657 (epoch 52)
Best instance 0.9096, class 0.8657 (epoch 52)
2026-06-26 18:08:52,007 - INFO - Epoch 53/200:
Epoch 53/200:
2026-06-26 18:10:47,461 - INFO - Train loss: 0.5066 (115.5s)
Train loss: 0.5066 (115.5s)
2026-06-26 18:11:15,616 - INFO - Test instance 0.8987, class 0.8513
Test instance 0.8987, class 0.8513
2026-06-26 18:11:15,616 - INFO - Best instance 0.9096, class 0.8657 (epoch 52)
Best instance 0.9096, class 0.8657 (epoch 52)
2026-06-26 18:11:15,638 - INFO - Epoch 54/200:
Epoch 54/200:
2026-06-26 18:13:10,943 - INFO - Train loss: 0.5096 (115.3s)
Train loss: 0.5096 (115.3s)
2026-06-26 18:13:39,317 - INFO - Test instance 0.8995, class 0.8614
Test instance 0.8995, class 0.8614
2026-06-26 18:13:39,318 - INFO - Best instance 0.9096, class 0.8657 (epoch 52)
Best instance 0.9096, class 0.8657 (epoch 52)
2026-06-26 18:13:39,338 - INFO - Epoch 55/200:
Epoch 55/200:
2026-06-26 18:15:34,244 - INFO - Train loss: 0.5050 (114.9s)
Train loss: 0.5050 (114.9s)
2026-06-26 18:16:02,797 - INFO - Test instance 0.9028, class 0.8602
Test instance 0.9028, class 0.8602
2026-06-26 18:16:02,797 - INFO - Best instance 0.9096, class 0.8657 (epoch 52)
Best instance 0.9096, class 0.8657 (epoch 52)
2026-06-26 18:16:02,819 - INFO - Epoch 56/200:
Epoch 56/200:
2026-06-26 18:17:57,940 - INFO - Train loss: 0.5113 (115.1s)
Train loss: 0.5113 (115.1s)
2026-06-26 18:18:26,381 - INFO - Test instance 0.9084, class 0.8648
Test instance 0.9084, class 0.8648
2026-06-26 18:18:26,381 - INFO - Best instance 0.9096, class 0.8657 (epoch 52)
Best instance 0.9096, class 0.8657 (epoch 52)
2026-06-26 18:18:26,403 - INFO - Epoch 57/200:
Epoch 57/200:
2026-06-26 18:20:22,193 - INFO - Train loss: 0.5086 (115.8s)
Train loss: 0.5086 (115.8s)
2026-06-26 18:20:50,748 - INFO - Test instance 0.9068, class 0.8642
Test instance 0.9068, class 0.8642
2026-06-26 18:20:50,748 - INFO - Best instance 0.9096, class 0.8657 (epoch 52)
Best instance 0.9096, class 0.8657 (epoch 52)
2026-06-26 18:20:50,770 - INFO - Epoch 58/200:
Epoch 58/200:
2026-06-26 18:22:45,203 - INFO - Train loss: 0.5080 (114.4s)
Train loss: 0.5080 (114.4s)
2026-06-26 18:23:13,481 - INFO - Test instance 0.9040, class 0.8540
Test instance 0.9040, class 0.8540
2026-06-26 18:23:13,482 - INFO - Best instance 0.9096, class 0.8657 (epoch 52)
Best instance 0.9096, class 0.8657 (epoch 52)
2026-06-26 18:23:13,504 - INFO - Epoch 59/200:
Epoch 59/200:
2026-06-26 18:25:08,341 - INFO - Train loss: 0.5058 (114.8s)
Train loss: 0.5058 (114.8s)
2026-06-26 18:25:36,845 - INFO - Test instance 0.9040, class 0.8620
Test instance 0.9040, class 0.8620
2026-06-26 18:25:36,845 - INFO - Best instance 0.9096, class 0.8657 (epoch 52)
Best instance 0.9096, class 0.8657 (epoch 52)
2026-06-26 18:25:36,867 - INFO - Epoch 60/200:
Epoch 60/200:
2026-06-26 18:27:33,493 - INFO - Train loss: 0.5067 (116.6s)
Train loss: 0.5067 (116.6s)
2026-06-26 18:28:01,822 - INFO - Test instance 0.9048, class 0.8625
Test instance 0.9048, class 0.8625
2026-06-26 18:28:01,823 - INFO - Best instance 0.9096, class 0.8657 (epoch 52)
Best instance 0.9096, class 0.8657 (epoch 52)
2026-06-26 18:28:01,845 - INFO - Epoch 61/200:
Epoch 61/200:
2026-06-26 18:29:57,566 - INFO - Train loss: 0.4986 (115.7s)
Train loss: 0.4986 (115.7s)
2026-06-26 18:30:25,868 - INFO - Test instance 0.9141, class 0.8682
Test instance 0.9141, class 0.8682
2026-06-26 18:30:25,888 - INFO - Best instance 0.9141, class 0.8682 (epoch 61)
Best instance 0.9141, class 0.8682 (epoch 61)
2026-06-26 18:30:25,907 - INFO - Epoch 62/200:
Epoch 62/200:
2026-06-26 18:32:21,678 - INFO - Train loss: 0.4968 (115.8s)
Train loss: 0.4968 (115.8s)
2026-06-26 18:32:49,940 - INFO - Test instance 0.9113, class 0.8740
Test instance 0.9113, class 0.8740
2026-06-26 18:32:49,941 - INFO - Best instance 0.9141, class 0.8682 (epoch 61)
Best instance 0.9141, class 0.8682 (epoch 61)
2026-06-26 18:32:49,962 - INFO - Epoch 63/200:
Epoch 63/200:
2026-06-26 18:34:46,034 - INFO - Train loss: 0.4946 (116.1s)
Train loss: 0.4946 (116.1s)
2026-06-26 18:35:14,329 - INFO - Test instance 0.9100, class 0.8680
Test instance 0.9100, class 0.8680
2026-06-26 18:35:14,329 - INFO - Best instance 0.9141, class 0.8682 (epoch 61)
Best instance 0.9141, class 0.8682 (epoch 61)
2026-06-26 18:35:14,352 - INFO - Epoch 64/200:
Epoch 64/200:
2026-06-26 18:37:09,938 - INFO - Train loss: 0.4900 (115.6s)
Train loss: 0.4900 (115.6s)
2026-06-26 18:37:38,181 - INFO - Test instance 0.9149, class 0.8677
Test instance 0.9149, class 0.8677
2026-06-26 18:37:38,202 - INFO - Best instance 0.9149, class 0.8677 (epoch 64)
Best instance 0.9149, class 0.8677 (epoch 64)
2026-06-26 18:37:38,221 - INFO - Epoch 65/200:
Epoch 65/200:
2026-06-26 18:39:33,854 - INFO - Train loss: 0.4926 (115.6s)
Train loss: 0.4926 (115.6s)
2026-06-26 18:40:02,366 - INFO - Test instance 0.9169, class 0.8766
Test instance 0.9169, class 0.8766
2026-06-26 18:40:02,386 - INFO - Best instance 0.9169, class 0.8766 (epoch 65)
Best instance 0.9169, class 0.8766 (epoch 65)
2026-06-26 18:40:02,405 - INFO - Epoch 66/200:
Epoch 66/200:
2026-06-26 18:41:57,662 - INFO - Train loss: 0.4866 (115.3s)
Train loss: 0.4866 (115.3s)
2026-06-26 18:42:26,128 - INFO - Test instance 0.9161, class 0.8789
Test instance 0.9161, class 0.8789
2026-06-26 18:42:26,129 - INFO - Best instance 0.9169, class 0.8766 (epoch 65)
Best instance 0.9169, class 0.8766 (epoch 65)
2026-06-26 18:42:26,155 - INFO - Epoch 67/200:
Epoch 67/200:
2026-06-26 18:44:21,218 - INFO - Train loss: 0.4922 (115.1s)
Train loss: 0.4922 (115.1s)
2026-06-26 18:44:49,525 - INFO - Test instance 0.9092, class 0.8776
Test instance 0.9092, class 0.8776
2026-06-26 18:44:49,526 - INFO - Best instance 0.9169, class 0.8766 (epoch 65)
Best instance 0.9169, class 0.8766 (epoch 65)
2026-06-26 18:44:49,549 - INFO - Epoch 68/200:
Epoch 68/200:
2026-06-26 18:46:45,385 - INFO - Train loss: 0.4892 (115.8s)
Train loss: 0.4892 (115.8s)
2026-06-26 18:47:13,837 - INFO - Test instance 0.9169, class 0.8740
Test instance 0.9169, class 0.8740
2026-06-26 18:47:13,838 - INFO - Best instance 0.9169, class 0.8766 (epoch 65)
Best instance 0.9169, class 0.8766 (epoch 65)
2026-06-26 18:47:13,858 - INFO - Epoch 69/200:
Epoch 69/200:
2026-06-26 18:49:09,017 - INFO - Train loss: 0.4908 (115.2s)
Train loss: 0.4908 (115.2s)
2026-06-26 18:49:37,557 - INFO - Test instance 0.9157, class 0.8799
Test instance 0.9157, class 0.8799
2026-06-26 18:49:37,557 - INFO - Best instance 0.9169, class 0.8766 (epoch 65)
Best instance 0.9169, class 0.8766 (epoch 65)
2026-06-26 18:49:37,586 - INFO - Epoch 70/200:
Epoch 70/200:
2026-06-26 18:51:32,849 - INFO - Train loss: 0.4897 (115.3s)
Train loss: 0.4897 (115.3s)
2026-06-26 18:52:01,151 - INFO - Test instance 0.9149, class 0.8738
Test instance 0.9149, class 0.8738
2026-06-26 18:52:01,152 - INFO - Best instance 0.9169, class 0.8766 (epoch 65)
Best instance 0.9169, class 0.8766 (epoch 65)
2026-06-26 18:52:01,175 - INFO - Epoch 71/200:
Epoch 71/200:
2026-06-26 18:53:56,492 - INFO - Train loss: 0.4910 (115.3s)
Train loss: 0.4910 (115.3s)
2026-06-26 18:54:24,773 - INFO - Test instance 0.9117, class 0.8755
Test instance 0.9117, class 0.8755
2026-06-26 18:54:24,773 - INFO - Best instance 0.9169, class 0.8766 (epoch 65)
Best instance 0.9169, class 0.8766 (epoch 65)
2026-06-26 18:54:24,820 - INFO - Epoch 72/200:
Epoch 72/200:
2026-06-26 18:56:19,980 - INFO - Train loss: 0.4885 (115.2s)
Train loss: 0.4885 (115.2s)
2026-06-26 18:56:48,184 - INFO - Test instance 0.9109, class 0.8691
Test instance 0.9109, class 0.8691
2026-06-26 18:56:48,185 - INFO - Best instance 0.9169, class 0.8766 (epoch 65)
Best instance 0.9169, class 0.8766 (epoch 65)
2026-06-26 18:56:48,206 - INFO - Epoch 73/200:
Epoch 73/200:
2026-06-26 18:58:43,710 - INFO - Train loss: 0.4874 (115.5s)
Train loss: 0.4874 (115.5s)
2026-06-26 18:59:11,757 - INFO - Test instance 0.9145, class 0.8740
Test instance 0.9145, class 0.8740
2026-06-26 18:59:11,758 - INFO - Best instance 0.9169, class 0.8766 (epoch 65)
Best instance 0.9169, class 0.8766 (epoch 65)
2026-06-26 18:59:11,779 - INFO - Epoch 74/200:
Epoch 74/200:
2026-06-26 19:01:06,885 - INFO - Train loss: 0.4917 (115.1s)
Train loss: 0.4917 (115.1s)
2026-06-26 19:01:35,082 - INFO - Test instance 0.9080, class 0.8607
Test instance 0.9080, class 0.8607
2026-06-26 19:01:35,082 - INFO - Best instance 0.9169, class 0.8766 (epoch 65)
Best instance 0.9169, class 0.8766 (epoch 65)
2026-06-26 19:01:35,104 - INFO - Epoch 75/200:
Epoch 75/200:
2026-06-26 19:03:30,063 - INFO - Train loss: 0.4898 (115.0s)
Train loss: 0.4898 (115.0s)
2026-06-26 19:03:58,618 - INFO - Test instance 0.9210, class 0.8832
Test instance 0.9210, class 0.8832
2026-06-26 19:03:58,638 - INFO - Best instance 0.9210, class 0.8832 (epoch 75)
Best instance 0.9210, class 0.8832 (epoch 75)
2026-06-26 19:03:58,656 - INFO - Epoch 76/200:
Epoch 76/200:
2026-06-26 19:05:53,811 - INFO - Train loss: 0.4915 (115.2s)
Train loss: 0.4915 (115.2s)
2026-06-26 19:06:22,039 - INFO - Test instance 0.9117, class 0.8737
Test instance 0.9117, class 0.8737
2026-06-26 19:06:22,043 - INFO - Best instance 0.9210, class 0.8832 (epoch 75)
Best instance 0.9210, class 0.8832 (epoch 75)
2026-06-26 19:06:22,061 - INFO - Epoch 77/200:
Epoch 77/200:
2026-06-26 19:08:17,640 - INFO - Train loss: 0.4855 (115.6s)
Train loss: 0.4855 (115.6s)
2026-06-26 19:08:45,809 - INFO - Test instance 0.9096, class 0.8711
Test instance 0.9096, class 0.8711
2026-06-26 19:08:45,809 - INFO - Best instance 0.9210, class 0.8832 (epoch 75)
Best instance 0.9210, class 0.8832 (epoch 75)
2026-06-26 19:08:45,830 - INFO - Epoch 78/200:
Epoch 78/200:
2026-06-26 19:10:41,401 - INFO - Train loss: 0.4900 (115.6s)
Train loss: 0.4900 (115.6s)
2026-06-26 19:11:09,759 - INFO - Test instance 0.9109, class 0.8718
Test instance 0.9109, class 0.8718
2026-06-26 19:11:09,759 - INFO - Best instance 0.9210, class 0.8832 (epoch 75)
Best instance 0.9210, class 0.8832 (epoch 75)
2026-06-26 19:11:09,780 - INFO - Epoch 79/200:
Epoch 79/200:
2026-06-26 19:13:04,769 - INFO - Train loss: 0.4851 (115.0s)
Train loss: 0.4851 (115.0s)
2026-06-26 19:13:32,949 - INFO - Test instance 0.9133, class 0.8720
Test instance 0.9133, class 0.8720
2026-06-26 19:13:32,949 - INFO - Best instance 0.9210, class 0.8832 (epoch 75)
Best instance 0.9210, class 0.8832 (epoch 75)
2026-06-26 19:13:32,969 - INFO - Epoch 80/200:
Epoch 80/200:
2026-06-26 19:15:27,727 - INFO - Train loss: 0.4878 (114.8s)
Train loss: 0.4878 (114.8s)
2026-06-26 19:15:56,040 - INFO - Test instance 0.9141, class 0.8737
Test instance 0.9141, class 0.8737
2026-06-26 19:15:56,040 - INFO - Best instance 0.9210, class 0.8832 (epoch 75)
Best instance 0.9210, class 0.8832 (epoch 75)
2026-06-26 19:15:56,062 - INFO - Epoch 81/200:
Epoch 81/200:
2026-06-26 19:17:50,820 - INFO - Train loss: 0.4834 (114.8s)
Train loss: 0.4834 (114.8s)
2026-06-26 19:18:19,109 - INFO - Test instance 0.9105, class 0.8648
Test instance 0.9105, class 0.8648
2026-06-26 19:18:19,109 - INFO - Best instance 0.9210, class 0.8832 (epoch 75)
Best instance 0.9210, class 0.8832 (epoch 75)
2026-06-26 19:18:19,131 - INFO - Epoch 82/200:
Epoch 82/200:
2026-06-26 19:20:13,853 - INFO - Train loss: 0.4782 (114.7s)
Train loss: 0.4782 (114.7s)
2026-06-26 19:20:42,313 - INFO - Test instance 0.9165, class 0.8820
Test instance 0.9165, class 0.8820
2026-06-26 19:20:42,314 - INFO - Best instance 0.9210, class 0.8832 (epoch 75)
Best instance 0.9210, class 0.8832 (epoch 75)
2026-06-26 19:20:42,335 - INFO - Epoch 83/200:
Epoch 83/200:
2026-06-26 19:22:38,191 - INFO - Train loss: 0.4825 (115.9s)
Train loss: 0.4825 (115.9s)
2026-06-26 19:23:06,734 - INFO - Test instance 0.9149, class 0.8744
Test instance 0.9149, class 0.8744
2026-06-26 19:23:06,734 - INFO - Best instance 0.9210, class 0.8832 (epoch 75)
Best instance 0.9210, class 0.8832 (epoch 75)
2026-06-26 19:23:06,755 - INFO - Epoch 84/200:
Epoch 84/200:
2026-06-26 19:25:02,417 - INFO - Train loss: 0.4782 (115.7s)
Train loss: 0.4782 (115.7s)
2026-06-26 19:25:30,789 - INFO - Test instance 0.9177, class 0.8789
Test instance 0.9177, class 0.8789
2026-06-26 19:25:30,789 - INFO - Best instance 0.9210, class 0.8832 (epoch 75)
Best instance 0.9210, class 0.8832 (epoch 75)
2026-06-26 19:25:30,810 - INFO - Epoch 85/200:
Epoch 85/200:
2026-06-26 19:27:26,056 - INFO - Train loss: 0.4754 (115.2s)
Train loss: 0.4754 (115.2s)
2026-06-26 19:27:54,456 - INFO - Test instance 0.9157, class 0.8778
Test instance 0.9157, class 0.8778
2026-06-26 19:27:54,456 - INFO - Best instance 0.9210, class 0.8832 (epoch 75)
Best instance 0.9210, class 0.8832 (epoch 75)
2026-06-26 19:27:54,479 - INFO - Epoch 86/200:
Epoch 86/200:
2026-06-26 19:29:49,189 - INFO - Train loss: 0.4735 (114.7s)
Train loss: 0.4735 (114.7s)
2026-06-26 19:30:17,448 - INFO - Test instance 0.9145, class 0.8676
Test instance 0.9145, class 0.8676
2026-06-26 19:30:17,448 - INFO - Best instance 0.9210, class 0.8832 (epoch 75)
Best instance 0.9210, class 0.8832 (epoch 75)
2026-06-26 19:30:17,470 - INFO - Epoch 87/200:
Epoch 87/200:
2026-06-26 19:32:12,582 - INFO - Train loss: 0.4740 (115.1s)
Train loss: 0.4740 (115.1s)
2026-06-26 19:32:40,727 - INFO - Test instance 0.9121, class 0.8730
Test instance 0.9121, class 0.8730
2026-06-26 19:32:40,727 - INFO - Best instance 0.9210, class 0.8832 (epoch 75)
Best instance 0.9210, class 0.8832 (epoch 75)
2026-06-26 19:32:40,751 - INFO - Epoch 88/200:
Epoch 88/200:
2026-06-26 19:34:36,223 - INFO - Train loss: 0.4745 (115.5s)
Train loss: 0.4745 (115.5s)
2026-06-26 19:35:04,494 - INFO - Test instance 0.9129, class 0.8787
Test instance 0.9129, class 0.8787
2026-06-26 19:35:04,494 - INFO - Best instance 0.9210, class 0.8832 (epoch 75)
Best instance 0.9210, class 0.8832 (epoch 75)
2026-06-26 19:35:04,516 - INFO - Epoch 89/200:
Epoch 89/200:
2026-06-26 19:37:00,851 - INFO - Train loss: 0.4754 (116.3s)
Train loss: 0.4754 (116.3s)
2026-06-26 19:37:28,772 - INFO - Test instance 0.9133, class 0.8688
Test instance 0.9133, class 0.8688
2026-06-26 19:37:28,772 - INFO - Best instance 0.9210, class 0.8832 (epoch 75)
Best instance 0.9210, class 0.8832 (epoch 75)
2026-06-26 19:37:28,795 - INFO - Epoch 90/200:
Epoch 90/200:
2026-06-26 19:39:23,434 - INFO - Train loss: 0.4762 (114.6s)
Train loss: 0.4762 (114.6s)
2026-06-26 19:39:51,565 - INFO - Test instance 0.9141, class 0.8788
Test instance 0.9141, class 0.8788
2026-06-26 19:39:51,565 - INFO - Best instance 0.9210, class 0.8832 (epoch 75)
Best instance 0.9210, class 0.8832 (epoch 75)
2026-06-26 19:39:51,586 - INFO - Epoch 91/200:
Epoch 91/200:
2026-06-26 19:41:46,598 - INFO - Train loss: 0.4741 (115.0s)
Train loss: 0.4741 (115.0s)
2026-06-26 19:42:14,920 - INFO - Test instance 0.9161, class 0.8763
Test instance 0.9161, class 0.8763
2026-06-26 19:42:14,920 - INFO - Best instance 0.9210, class 0.8832 (epoch 75)
Best instance 0.9210, class 0.8832 (epoch 75)
2026-06-26 19:42:14,942 - INFO - Epoch 92/200:
Epoch 92/200:
2026-06-26 19:44:11,024 - INFO - Train loss: 0.4728 (116.1s)
Train loss: 0.4728 (116.1s)
2026-06-26 19:44:39,225 - INFO - Test instance 0.9145, class 0.8783
Test instance 0.9145, class 0.8783
2026-06-26 19:44:39,226 - INFO - Best instance 0.9210, class 0.8832 (epoch 75)
Best instance 0.9210, class 0.8832 (epoch 75)
2026-06-26 19:44:39,247 - INFO - Epoch 93/200:
Epoch 93/200:
2026-06-26 19:46:34,532 - INFO - Train loss: 0.4763 (115.3s)
Train loss: 0.4763 (115.3s)
2026-06-26 19:47:02,867 - INFO - Test instance 0.9182, class 0.8782
Test instance 0.9182, class 0.8782
2026-06-26 19:47:02,868 - INFO - Best instance 0.9210, class 0.8832 (epoch 75)
Best instance 0.9210, class 0.8832 (epoch 75)
2026-06-26 19:47:02,890 - INFO - Epoch 94/200:
Epoch 94/200:
2026-06-26 19:48:57,574 - INFO - Train loss: 0.4723 (114.7s)
Train loss: 0.4723 (114.7s)
2026-06-26 19:49:25,757 - INFO - Test instance 0.9129, class 0.8750
Test instance 0.9129, class 0.8750
2026-06-26 19:49:25,758 - INFO - Best instance 0.9210, class 0.8832 (epoch 75)
Best instance 0.9210, class 0.8832 (epoch 75)
2026-06-26 19:49:25,779 - INFO - Epoch 95/200:
Epoch 95/200:
2026-06-26 19:51:20,448 - INFO - Train loss: 0.4706 (114.7s)
Train loss: 0.4706 (114.7s)
2026-06-26 19:51:48,917 - INFO - Test instance 0.9149, class 0.8757
Test instance 0.9149, class 0.8757
2026-06-26 19:51:48,917 - INFO - Best instance 0.9210, class 0.8832 (epoch 75)
Best instance 0.9210, class 0.8832 (epoch 75)
2026-06-26 19:51:48,939 - INFO - Epoch 96/200:
Epoch 96/200:
2026-06-26 19:53:44,519 - INFO - Train loss: 0.4721 (115.6s)
Train loss: 0.4721 (115.6s)
2026-06-26 19:54:13,066 - INFO - Test instance 0.9161, class 0.8764
Test instance 0.9161, class 0.8764
2026-06-26 19:54:13,067 - INFO - Best instance 0.9210, class 0.8832 (epoch 75)
Best instance 0.9210, class 0.8832 (epoch 75)
2026-06-26 19:54:13,088 - INFO - Epoch 97/200:
Epoch 97/200:
2026-06-26 19:56:07,386 - INFO - Train loss: 0.4762 (114.3s)
Train loss: 0.4762 (114.3s)
2026-06-26 19:56:35,529 - INFO - Test instance 0.9206, class 0.8830
Test instance 0.9206, class 0.8830
2026-06-26 19:56:35,529 - INFO - Best instance 0.9210, class 0.8832 (epoch 75)
Best instance 0.9210, class 0.8832 (epoch 75)
2026-06-26 19:56:35,551 - INFO - Epoch 98/200:
Epoch 98/200:
2026-06-26 19:58:31,039 - INFO - Train loss: 0.4737 (115.5s)
Train loss: 0.4737 (115.5s)
2026-06-26 19:58:59,483 - INFO - Test instance 0.9169, class 0.8804
Test instance 0.9169, class 0.8804
2026-06-26 19:58:59,484 - INFO - Best instance 0.9210, class 0.8832 (epoch 75)
Best instance 0.9210, class 0.8832 (epoch 75)
2026-06-26 19:58:59,505 - INFO - Epoch 99/200:
Epoch 99/200:
2026-06-26 20:00:54,927 - INFO - Train loss: 0.4711 (115.4s)
Train loss: 0.4711 (115.4s)
2026-06-26 20:01:23,259 - INFO - Test instance 0.9141, class 0.8725
Test instance 0.9141, class 0.8725
2026-06-26 20:01:23,259 - INFO - Best instance 0.9210, class 0.8832 (epoch 75)
Best instance 0.9210, class 0.8832 (epoch 75)
2026-06-26 20:01:23,281 - INFO - Epoch 100/200:
Epoch 100/200:
2026-06-26 20:03:18,730 - INFO - Train loss: 0.4705 (115.4s)
Train loss: 0.4705 (115.4s)
2026-06-26 20:03:47,288 - INFO - Test instance 0.9173, class 0.8763
Test instance 0.9173, class 0.8763
2026-06-26 20:03:47,288 - INFO - Best instance 0.9210, class 0.8832 (epoch 75)
Best instance 0.9210, class 0.8832 (epoch 75)
2026-06-26 20:03:47,309 - INFO - Epoch 101/200:
Epoch 101/200:
2026-06-26 20:05:42,046 - INFO - Train loss: 0.4711 (114.7s)
Train loss: 0.4711 (114.7s)
2026-06-26 20:06:10,337 - INFO - Test instance 0.9157, class 0.8810
Test instance 0.9157, class 0.8810
2026-06-26 20:06:10,343 - INFO - Best instance 0.9210, class 0.8832 (epoch 75)
Best instance 0.9210, class 0.8832 (epoch 75)
2026-06-26 20:06:10,362 - INFO - Epoch 102/200:
Epoch 102/200:
2026-06-26 20:08:06,723 - INFO - Train loss: 0.4680 (116.4s)
Train loss: 0.4680 (116.4s)
2026-06-26 20:08:35,244 - INFO - Test instance 0.9113, class 0.8733
Test instance 0.9113, class 0.8733
2026-06-26 20:08:35,244 - INFO - Best instance 0.9210, class 0.8832 (epoch 75)
Best instance 0.9210, class 0.8832 (epoch 75)
2026-06-26 20:08:35,265 - INFO - Epoch 103/200:
Epoch 103/200:
2026-06-26 20:10:31,036 - INFO - Train loss: 0.4668 (115.8s)
Train loss: 0.4668 (115.8s)
2026-06-26 20:10:59,303 - INFO - Test instance 0.9190, class 0.8817
Test instance 0.9190, class 0.8817
2026-06-26 20:10:59,303 - INFO - Best instance 0.9210, class 0.8832 (epoch 75)
Best instance 0.9210, class 0.8832 (epoch 75)
2026-06-26 20:10:59,324 - INFO - Epoch 104/200:
Epoch 104/200:
2026-06-26 20:12:54,582 - INFO - Train loss: 0.4684 (115.3s)
Train loss: 0.4684 (115.3s)
2026-06-26 20:13:22,795 - INFO - Test instance 0.9153, class 0.8758
Test instance 0.9153, class 0.8758
2026-06-26 20:13:22,795 - INFO - Best instance 0.9210, class 0.8832 (epoch 75)
Best instance 0.9210, class 0.8832 (epoch 75)
2026-06-26 20:13:22,817 - INFO - Epoch 105/200:
Epoch 105/200:
2026-06-26 20:15:18,513 - INFO - Train loss: 0.4680 (115.7s)
Train loss: 0.4680 (115.7s)
2026-06-26 20:15:47,024 - INFO - Test instance 0.9177, class 0.8765
Test instance 0.9177, class 0.8765
2026-06-26 20:15:47,024 - INFO - Best instance 0.9210, class 0.8832 (epoch 75)
Best instance 0.9210, class 0.8832 (epoch 75)
2026-06-26 20:15:47,045 - INFO - Epoch 106/200:
Epoch 106/200:
2026-06-26 20:17:43,116 - INFO - Train loss: 0.4663 (116.1s)
Train loss: 0.4663 (116.1s)
2026-06-26 20:18:11,368 - INFO - Test instance 0.9194, class 0.8811
Test instance 0.9194, class 0.8811
2026-06-26 20:18:11,369 - INFO - Best instance 0.9210, class 0.8832 (epoch 75)
Best instance 0.9210, class 0.8832 (epoch 75)
2026-06-26 20:18:11,391 - INFO - Epoch 107/200:
Epoch 107/200:
2026-06-26 20:20:07,028 - INFO - Train loss: 0.4655 (115.6s)
Train loss: 0.4655 (115.6s)
2026-06-26 20:20:35,303 - INFO - Test instance 0.9177, class 0.8741
Test instance 0.9177, class 0.8741
2026-06-26 20:20:35,303 - INFO - Best instance 0.9210, class 0.8832 (epoch 75)
Best instance 0.9210, class 0.8832 (epoch 75)
2026-06-26 20:20:35,324 - INFO - Epoch 108/200:
Epoch 108/200:
2026-06-26 20:22:31,089 - INFO - Train loss: 0.4657 (115.8s)
Train loss: 0.4657 (115.8s)
2026-06-26 20:22:59,263 - INFO - Test instance 0.9165, class 0.8772
Test instance 0.9165, class 0.8772
2026-06-26 20:22:59,263 - INFO - Best instance 0.9210, class 0.8832 (epoch 75)
Best instance 0.9210, class 0.8832 (epoch 75)
2026-06-26 20:22:59,296 - INFO - Epoch 109/200:
Epoch 109/200:
2026-06-26 20:24:55,066 - INFO - Train loss: 0.4667 (115.8s)
Train loss: 0.4667 (115.8s)
2026-06-26 20:25:23,601 - INFO - Test instance 0.9210, class 0.8790
Test instance 0.9210, class 0.8790
2026-06-26 20:25:23,602 - INFO - Best instance 0.9210, class 0.8832 (epoch 75)
Best instance 0.9210, class 0.8832 (epoch 75)
2026-06-26 20:25:23,623 - INFO - Epoch 110/200:
Epoch 110/200:
2026-06-26 20:27:19,042 - INFO - Train loss: 0.4686 (115.4s)
Train loss: 0.4686 (115.4s)
2026-06-26 20:27:47,533 - INFO - Test instance 0.9141, class 0.8698
Test instance 0.9141, class 0.8698
2026-06-26 20:27:47,534 - INFO - Best instance 0.9210, class 0.8832 (epoch 75)
Best instance 0.9210, class 0.8832 (epoch 75)
2026-06-26 20:27:47,555 - INFO - Epoch 111/200:
Epoch 111/200:
2026-06-26 20:29:43,324 - INFO - Train loss: 0.4660 (115.8s)
Train loss: 0.4660 (115.8s)
2026-06-26 20:30:11,769 - INFO - Test instance 0.9137, class 0.8727
Test instance 0.9137, class 0.8727
2026-06-26 20:30:11,770 - INFO - Best instance 0.9210, class 0.8832 (epoch 75)
Best instance 0.9210, class 0.8832 (epoch 75)
2026-06-26 20:30:11,791 - INFO - Epoch 112/200:
Epoch 112/200:
2026-06-26 20:32:06,998 - INFO - Train loss: 0.4642 (115.2s)
Train loss: 0.4642 (115.2s)
2026-06-26 20:32:35,415 - INFO - Test instance 0.9165, class 0.8736
Test instance 0.9165, class 0.8736
2026-06-26 20:32:35,416 - INFO - Best instance 0.9210, class 0.8832 (epoch 75)
Best instance 0.9210, class 0.8832 (epoch 75)
2026-06-26 20:32:35,438 - INFO - Epoch 113/200:
Epoch 113/200:
2026-06-26 20:34:30,986 - INFO - Train loss: 0.4628 (115.5s)
Train loss: 0.4628 (115.5s)
2026-06-26 20:34:59,409 - INFO - Test instance 0.9218, class 0.8835
Test instance 0.9218, class 0.8835
2026-06-26 20:34:59,431 - INFO - Best instance 0.9218, class 0.8835 (epoch 113)
Best instance 0.9218, class 0.8835 (epoch 113)
2026-06-26 20:34:59,449 - INFO - Epoch 114/200:
Epoch 114/200:
2026-06-26 20:36:55,264 - INFO - Train loss: 0.4660 (115.8s)
Train loss: 0.4660 (115.8s)
2026-06-26 20:37:23,911 - INFO - Test instance 0.9145, class 0.8730
Test instance 0.9145, class 0.8730
2026-06-26 20:37:23,912 - INFO - Best instance 0.9218, class 0.8835 (epoch 113)
Best instance 0.9218, class 0.8835 (epoch 113)
2026-06-26 20:37:23,934 - INFO - Epoch 115/200:
Epoch 115/200:
2026-06-26 20:39:20,200 - INFO - Train loss: 0.4640 (116.3s)
Train loss: 0.4640 (116.3s)
2026-06-26 20:39:48,833 - INFO - Test instance 0.9153, class 0.8809
Test instance 0.9153, class 0.8809
2026-06-26 20:39:48,834 - INFO - Best instance 0.9218, class 0.8835 (epoch 113)
Best instance 0.9218, class 0.8835 (epoch 113)
2026-06-26 20:39:48,859 - INFO - Epoch 116/200:
Epoch 116/200:
2026-06-26 20:41:44,815 - INFO - Train loss: 0.4648 (116.0s)
Train loss: 0.4648 (116.0s)
2026-06-26 20:42:13,203 - INFO - Test instance 0.9117, class 0.8779
Test instance 0.9117, class 0.8779
2026-06-26 20:42:13,203 - INFO - Best instance 0.9218, class 0.8835 (epoch 113)
Best instance 0.9218, class 0.8835 (epoch 113)
2026-06-26 20:42:13,226 - INFO - Epoch 117/200:
Epoch 117/200:
2026-06-26 20:44:08,873 - INFO - Train loss: 0.4655 (115.6s)
Train loss: 0.4655 (115.6s)
2026-06-26 20:44:37,247 - INFO - Test instance 0.9145, class 0.8739
Test instance 0.9145, class 0.8739
2026-06-26 20:44:37,248 - INFO - Best instance 0.9218, class 0.8835 (epoch 113)
Best instance 0.9218, class 0.8835 (epoch 113)
2026-06-26 20:44:37,268 - INFO - Epoch 118/200:
Epoch 118/200:
2026-06-26 20:46:31,442 - INFO - Train loss: 0.4634 (114.2s)
Train loss: 0.4634 (114.2s)
2026-06-26 20:47:00,281 - INFO - Test instance 0.9165, class 0.8812
Test instance 0.9165, class 0.8812
2026-06-26 20:47:00,281 - INFO - Best instance 0.9218, class 0.8835 (epoch 113)
Best instance 0.9218, class 0.8835 (epoch 113)
2026-06-26 20:47:00,304 - INFO - Epoch 119/200:
Epoch 119/200:
2026-06-26 20:48:55,705 - INFO - Train loss: 0.4637 (115.4s)
Train loss: 0.4637 (115.4s)
2026-06-26 20:49:24,075 - INFO - Test instance 0.9133, class 0.8772
Test instance 0.9133, class 0.8772
2026-06-26 20:49:24,076 - INFO - Best instance 0.9218, class 0.8835 (epoch 113)
Best instance 0.9218, class 0.8835 (epoch 113)
2026-06-26 20:49:24,098 - INFO - Epoch 120/200:
Epoch 120/200:
2026-06-26 20:51:19,938 - INFO - Train loss: 0.4591 (115.8s)
Train loss: 0.4591 (115.8s)
2026-06-26 20:51:48,573 - INFO - Test instance 0.9194, class 0.8779
Test instance 0.9194, class 0.8779
2026-06-26 20:51:48,573 - INFO - Best instance 0.9218, class 0.8835 (epoch 113)
Best instance 0.9218, class 0.8835 (epoch 113)
2026-06-26 20:51:48,594 - INFO - Epoch 121/200:
Epoch 121/200:
2026-06-26 20:53:44,622 - INFO - Train loss: 0.4603 (116.0s)
Train loss: 0.4603 (116.0s)
2026-06-26 20:54:13,027 - INFO - Test instance 0.9161, class 0.8819
Test instance 0.9161, class 0.8819
2026-06-26 20:54:13,027 - INFO - Best instance 0.9218, class 0.8835 (epoch 113)
Best instance 0.9218, class 0.8835 (epoch 113)
2026-06-26 20:54:13,049 - INFO - Epoch 122/200:
Epoch 122/200:
2026-06-26 20:56:07,891 - INFO - Train loss: 0.4601 (114.8s)
Train loss: 0.4601 (114.8s)
2026-06-26 20:56:36,438 - INFO - Test instance 0.9198, class 0.8823
Test instance 0.9198, class 0.8823
2026-06-26 20:56:36,439 - INFO - Best instance 0.9218, class 0.8835 (epoch 113)
Best instance 0.9218, class 0.8835 (epoch 113)
2026-06-26 20:56:36,461 - INFO - Epoch 123/200:
Epoch 123/200:
2026-06-26 20:58:31,037 - INFO - Train loss: 0.4591 (114.6s)
Train loss: 0.4591 (114.6s)
2026-06-26 20:58:59,217 - INFO - Test instance 0.9177, class 0.8792
Test instance 0.9177, class 0.8792
2026-06-26 20:58:59,217 - INFO - Best instance 0.9218, class 0.8835 (epoch 113)
Best instance 0.9218, class 0.8835 (epoch 113)
2026-06-26 20:58:59,240 - INFO - Epoch 124/200:
Epoch 124/200:
2026-06-26 21:00:55,400 - INFO - Train loss: 0.4625 (116.2s)
Train loss: 0.4625 (116.2s)
2026-06-26 21:01:23,748 - INFO - Test instance 0.9177, class 0.8830
Test instance 0.9177, class 0.8830
2026-06-26 21:01:23,749 - INFO - Best instance 0.9218, class 0.8835 (epoch 113)
Best instance 0.9218, class 0.8835 (epoch 113)
2026-06-26 21:01:23,770 - INFO - Epoch 125/200:
Epoch 125/200:
2026-06-26 21:03:19,210 - INFO - Train loss: 0.4622 (115.4s)
Train loss: 0.4622 (115.4s)
2026-06-26 21:03:47,730 - INFO - Test instance 0.9177, class 0.8835
Test instance 0.9177, class 0.8835
2026-06-26 21:03:47,730 - INFO - Best instance 0.9218, class 0.8835 (epoch 113)
Best instance 0.9218, class 0.8835 (epoch 113)
2026-06-26 21:03:47,752 - INFO - Epoch 126/200:
Epoch 126/200:
2026-06-26 21:05:43,499 - INFO - Train loss: 0.4609 (115.7s)
Train loss: 0.4609 (115.7s)
2026-06-26 21:06:12,110 - INFO - Test instance 0.9210, class 0.8817
Test instance 0.9210, class 0.8817
2026-06-26 21:06:12,111 - INFO - Best instance 0.9218, class 0.8835 (epoch 113)
Best instance 0.9218, class 0.8835 (epoch 113)
2026-06-26 21:06:12,132 - INFO - Epoch 127/200:
Epoch 127/200:
2026-06-26 21:08:07,157 - INFO - Train loss: 0.4608 (115.0s)
Train loss: 0.4608 (115.0s)
2026-06-26 21:08:35,409 - INFO - Test instance 0.9198, class 0.8773
Test instance 0.9198, class 0.8773
2026-06-26 21:08:35,409 - INFO - Best instance 0.9218, class 0.8835 (epoch 113)
Best instance 0.9218, class 0.8835 (epoch 113)
2026-06-26 21:08:35,430 - INFO - Epoch 128/200:
Epoch 128/200:
2026-06-26 21:10:31,158 - INFO - Train loss: 0.4570 (115.7s)
Train loss: 0.4570 (115.7s)
2026-06-26 21:10:59,434 - INFO - Test instance 0.9186, class 0.8835
Test instance 0.9186, class 0.8835
2026-06-26 21:10:59,435 - INFO - Best instance 0.9218, class 0.8835 (epoch 113)
Best instance 0.9218, class 0.8835 (epoch 113)
2026-06-26 21:10:59,458 - INFO - Epoch 129/200:
Epoch 129/200:
2026-06-26 21:12:55,142 - INFO - Train loss: 0.4596 (115.7s)
Train loss: 0.4596 (115.7s)
2026-06-26 21:13:23,364 - INFO - Test instance 0.9186, class 0.8792
Test instance 0.9186, class 0.8792
2026-06-26 21:13:23,364 - INFO - Best instance 0.9218, class 0.8835 (epoch 113)
Best instance 0.9218, class 0.8835 (epoch 113)
2026-06-26 21:13:23,385 - INFO - Epoch 130/200:
Epoch 130/200:
2026-06-26 21:15:19,741 - INFO - Train loss: 0.4565 (116.4s)
Train loss: 0.4565 (116.4s)
2026-06-26 21:15:47,861 - INFO - Test instance 0.9186, class 0.8792
Test instance 0.9186, class 0.8792
2026-06-26 21:15:47,862 - INFO - Best instance 0.9218, class 0.8835 (epoch 113)
Best instance 0.9218, class 0.8835 (epoch 113)
2026-06-26 21:15:47,884 - INFO - Epoch 131/200:
Epoch 131/200:
2026-06-26 21:17:42,866 - INFO - Train loss: 0.4542 (115.0s)
Train loss: 0.4542 (115.0s)
2026-06-26 21:18:11,012 - INFO - Test instance 0.9182, class 0.8806
Test instance 0.9182, class 0.8806
2026-06-26 21:18:11,013 - INFO - Best instance 0.9218, class 0.8835 (epoch 113)
Best instance 0.9218, class 0.8835 (epoch 113)
2026-06-26 21:18:11,034 - INFO - Epoch 132/200:
Epoch 132/200:
2026-06-26 21:20:07,350 - INFO - Train loss: 0.4602 (116.3s)
Train loss: 0.4602 (116.3s)
2026-06-26 21:20:35,671 - INFO - Test instance 0.9198, class 0.8812
Test instance 0.9198, class 0.8812
2026-06-26 21:20:35,671 - INFO - Best instance 0.9218, class 0.8835 (epoch 113)
Best instance 0.9218, class 0.8835 (epoch 113)
2026-06-26 21:20:35,693 - INFO - Epoch 133/200:
Epoch 133/200:
2026-06-26 21:22:31,524 - INFO - Train loss: 0.4580 (115.8s)
Train loss: 0.4580 (115.8s)
2026-06-26 21:22:59,815 - INFO - Test instance 0.9186, class 0.8824
Test instance 0.9186, class 0.8824
2026-06-26 21:22:59,815 - INFO - Best instance 0.9218, class 0.8835 (epoch 113)
Best instance 0.9218, class 0.8835 (epoch 113)
2026-06-26 21:22:59,838 - INFO - Epoch 134/200:
Epoch 134/200:
2026-06-26 21:24:55,007 - INFO - Train loss: 0.4561 (115.2s)
Train loss: 0.4561 (115.2s)
2026-06-26 21:25:23,283 - INFO - Test instance 0.9242, class 0.8890
Test instance 0.9242, class 0.8890
2026-06-26 21:25:23,304 - INFO - Best instance 0.9242, class 0.8890 (epoch 134)
Best instance 0.9242, class 0.8890 (epoch 134)
2026-06-26 21:25:23,322 - INFO - Epoch 135/200:
Epoch 135/200:
2026-06-26 21:27:18,584 - INFO - Train loss: 0.4558 (115.3s)
Train loss: 0.4558 (115.3s)
2026-06-26 21:27:47,175 - INFO - Test instance 0.9214, class 0.8842
Test instance 0.9214, class 0.8842
2026-06-26 21:27:47,175 - INFO - Best instance 0.9242, class 0.8890 (epoch 134)
Best instance 0.9242, class 0.8890 (epoch 134)
2026-06-26 21:27:47,196 - INFO - Epoch 136/200:
Epoch 136/200:
2026-06-26 21:29:42,181 - INFO - Train loss: 0.4574 (115.0s)
Train loss: 0.4574 (115.0s)
2026-06-26 21:30:10,695 - INFO - Test instance 0.9173, class 0.8825
Test instance 0.9173, class 0.8825
2026-06-26 21:30:10,696 - INFO - Best instance 0.9242, class 0.8890 (epoch 134)
Best instance 0.9242, class 0.8890 (epoch 134)
2026-06-26 21:30:10,717 - INFO - Epoch 137/200:
Epoch 137/200:
2026-06-26 21:32:07,053 - INFO - Train loss: 0.4562 (116.3s)
Train loss: 0.4562 (116.3s)
2026-06-26 21:32:35,603 - INFO - Test instance 0.9145, class 0.8751
Test instance 0.9145, class 0.8751
2026-06-26 21:32:35,603 - INFO - Best instance 0.9242, class 0.8890 (epoch 134)
Best instance 0.9242, class 0.8890 (epoch 134)
2026-06-26 21:32:35,625 - INFO - Epoch 138/200:
Epoch 138/200:
2026-06-26 21:34:30,759 - INFO - Train loss: 0.4571 (115.1s)
Train loss: 0.4571 (115.1s)
2026-06-26 21:34:59,371 - INFO - Test instance 0.9161, class 0.8738
Test instance 0.9161, class 0.8738
2026-06-26 21:34:59,372 - INFO - Best instance 0.9242, class 0.8890 (epoch 134)
Best instance 0.9242, class 0.8890 (epoch 134)
2026-06-26 21:34:59,393 - INFO - Epoch 139/200:
Epoch 139/200:
2026-06-26 21:36:54,649 - INFO - Train loss: 0.4562 (115.3s)
Train loss: 0.4562 (115.3s)
2026-06-26 21:37:23,147 - INFO - Test instance 0.9202, class 0.8817
Test instance 0.9202, class 0.8817
2026-06-26 21:37:23,147 - INFO - Best instance 0.9242, class 0.8890 (epoch 134)
Best instance 0.9242, class 0.8890 (epoch 134)
2026-06-26 21:37:23,168 - INFO - Epoch 140/200:
Epoch 140/200:
2026-06-26 21:39:18,986 - INFO - Train loss: 0.4579 (115.8s)
Train loss: 0.4579 (115.8s)
2026-06-26 21:39:47,347 - INFO - Test instance 0.9161, class 0.8755
Test instance 0.9161, class 0.8755
2026-06-26 21:39:47,348 - INFO - Best instance 0.9242, class 0.8890 (epoch 134)
Best instance 0.9242, class 0.8890 (epoch 134)
2026-06-26 21:39:47,371 - INFO - Epoch 141/200:
Epoch 141/200:
2026-06-26 21:41:42,527 - INFO - Train loss: 0.4576 (115.2s)
Train loss: 0.4576 (115.2s)
2026-06-26 21:42:10,992 - INFO - Test instance 0.9198, class 0.8872
Test instance 0.9198, class 0.8872
2026-06-26 21:42:10,993 - INFO - Best instance 0.9242, class 0.8890 (epoch 134)
Best instance 0.9242, class 0.8890 (epoch 134)
2026-06-26 21:42:11,015 - INFO - Epoch 142/200:
Epoch 142/200:
2026-06-26 21:44:05,920 - INFO - Train loss: 0.4557 (114.9s)
Train loss: 0.4557 (114.9s)
2026-06-26 21:44:34,120 - INFO - Test instance 0.9153, class 0.8812
Test instance 0.9153, class 0.8812
2026-06-26 21:44:34,120 - INFO - Best instance 0.9242, class 0.8890 (epoch 134)
Best instance 0.9242, class 0.8890 (epoch 134)
2026-06-26 21:44:34,142 - INFO - Epoch 143/200:
Epoch 143/200:
2026-06-26 21:46:29,601 - INFO - Train loss: 0.4499 (115.5s)
Train loss: 0.4499 (115.5s)
2026-06-26 21:46:58,356 - INFO - Test instance 0.9157, class 0.8789
Test instance 0.9157, class 0.8789
2026-06-26 21:46:58,356 - INFO - Best instance 0.9242, class 0.8890 (epoch 134)
Best instance 0.9242, class 0.8890 (epoch 134)
2026-06-26 21:46:58,378 - INFO - Epoch 144/200:
Epoch 144/200:
2026-06-26 21:48:52,728 - INFO - Train loss: 0.4506 (114.3s)
Train loss: 0.4506 (114.3s)
2026-06-26 21:49:21,122 - INFO - Test instance 0.9214, class 0.8836
Test instance 0.9214, class 0.8836
2026-06-26 21:49:21,123 - INFO - Best instance 0.9242, class 0.8890 (epoch 134)
Best instance 0.9242, class 0.8890 (epoch 134)
2026-06-26 21:49:21,144 - INFO - Epoch 145/200:
Epoch 145/200:
2026-06-26 21:51:16,048 - INFO - Train loss: 0.4557 (114.9s)
Train loss: 0.4557 (114.9s)
2026-06-26 21:51:44,417 - INFO - Test instance 0.9169, class 0.8793
Test instance 0.9169, class 0.8793
2026-06-26 21:51:44,417 - INFO - Best instance 0.9242, class 0.8890 (epoch 134)
Best instance 0.9242, class 0.8890 (epoch 134)
2026-06-26 21:51:44,439 - INFO - Epoch 146/200:
Epoch 146/200:
2026-06-26 21:53:39,680 - INFO - Train loss: 0.4510 (115.2s)
Train loss: 0.4510 (115.2s)
2026-06-26 21:54:07,902 - INFO - Test instance 0.9218, class 0.8864
Test instance 0.9218, class 0.8864
2026-06-26 21:54:07,902 - INFO - Best instance 0.9242, class 0.8890 (epoch 134)
Best instance 0.9242, class 0.8890 (epoch 134)
2026-06-26 21:54:07,923 - INFO - Epoch 147/200:
Epoch 147/200:
2026-06-26 21:56:03,616 - INFO - Train loss: 0.4518 (115.7s)
Train loss: 0.4518 (115.7s)
2026-06-26 21:56:31,640 - INFO - Test instance 0.9186, class 0.8808
Test instance 0.9186, class 0.8808
2026-06-26 21:56:31,640 - INFO - Best instance 0.9242, class 0.8890 (epoch 134)
Best instance 0.9242, class 0.8890 (epoch 134)
2026-06-26 21:56:31,662 - INFO - Epoch 148/200:
Epoch 148/200:
2026-06-26 21:58:27,797 - INFO - Train loss: 0.4512 (116.1s)
Train loss: 0.4512 (116.1s)
2026-06-26 21:58:55,780 - INFO - Test instance 0.9177, class 0.8784
Test instance 0.9177, class 0.8784
2026-06-26 21:58:55,780 - INFO - Best instance 0.9242, class 0.8890 (epoch 134)
Best instance 0.9242, class 0.8890 (epoch 134)
2026-06-26 21:58:55,801 - INFO - Epoch 149/200:
Epoch 149/200:
2026-06-26 22:00:51,185 - INFO - Train loss: 0.4532 (115.4s)
Train loss: 0.4532 (115.4s)
2026-06-26 22:01:19,479 - INFO - Test instance 0.9226, class 0.8892
Test instance 0.9226, class 0.8892
2026-06-26 22:01:19,479 - INFO - Best instance 0.9242, class 0.8890 (epoch 134)
Best instance 0.9242, class 0.8890 (epoch 134)
2026-06-26 22:01:19,499 - INFO - Epoch 150/200:
Epoch 150/200:
2026-06-26 22:03:15,296 - INFO - Train loss: 0.4521 (115.8s)
Train loss: 0.4521 (115.8s)
2026-06-26 22:03:43,699 - INFO - Test instance 0.9194, class 0.8849
Test instance 0.9194, class 0.8849
2026-06-26 22:03:43,699 - INFO - Best instance 0.9242, class 0.8890 (epoch 134)
Best instance 0.9242, class 0.8890 (epoch 134)
2026-06-26 22:03:43,719 - INFO - Epoch 151/200:
Epoch 151/200:
2026-06-26 22:05:39,308 - INFO - Train loss: 0.4516 (115.6s)
Train loss: 0.4516 (115.6s)
2026-06-26 22:06:07,613 - INFO - Test instance 0.9222, class 0.8840
Test instance 0.9222, class 0.8840
2026-06-26 22:06:07,614 - INFO - Best instance 0.9242, class 0.8890 (epoch 134)
Best instance 0.9242, class 0.8890 (epoch 134)
2026-06-26 22:06:07,634 - INFO - Epoch 152/200:
Epoch 152/200:
2026-06-26 22:08:02,917 - INFO - Train loss: 0.4517 (115.3s)
Train loss: 0.4517 (115.3s)
2026-06-26 22:08:31,320 - INFO - Test instance 0.9202, class 0.8856
Test instance 0.9202, class 0.8856
2026-06-26 22:08:31,321 - INFO - Best instance 0.9242, class 0.8890 (epoch 134)
Best instance 0.9242, class 0.8890 (epoch 134)
2026-06-26 22:08:31,342 - INFO - Epoch 153/200:
Epoch 153/200:
2026-06-26 22:10:26,809 - INFO - Train loss: 0.4494 (115.5s)
Train loss: 0.4494 (115.5s)
2026-06-26 22:10:55,382 - INFO - Test instance 0.9246, class 0.8886
Test instance 0.9246, class 0.8886
2026-06-26 22:10:55,404 - INFO - Best instance 0.9246, class 0.8886 (epoch 153)
Best instance 0.9246, class 0.8886 (epoch 153)
2026-06-26 22:10:55,423 - INFO - Epoch 154/200:
Epoch 154/200:
2026-06-26 22:12:51,783 - INFO - Train loss: 0.4552 (116.4s)
Train loss: 0.4552 (116.4s)
2026-06-26 22:13:20,326 - INFO - Test instance 0.9230, class 0.8872
Test instance 0.9230, class 0.8872
2026-06-26 22:13:20,326 - INFO - Best instance 0.9246, class 0.8886 (epoch 153)
Best instance 0.9246, class 0.8886 (epoch 153)
2026-06-26 22:13:20,348 - INFO - Epoch 155/200:
Epoch 155/200:
2026-06-26 22:15:15,572 - INFO - Train loss: 0.4492 (115.2s)
Train loss: 0.4492 (115.2s)
2026-06-26 22:15:44,112 - INFO - Test instance 0.9177, class 0.8790
Test instance 0.9177, class 0.8790
2026-06-26 22:15:44,113 - INFO - Best instance 0.9246, class 0.8886 (epoch 153)
Best instance 0.9246, class 0.8886 (epoch 153)
2026-06-26 22:15:44,134 - INFO - Epoch 156/200:
Epoch 156/200:
2026-06-26 22:17:39,836 - INFO - Train loss: 0.4505 (115.7s)
Train loss: 0.4505 (115.7s)
2026-06-26 22:18:08,302 - INFO - Test instance 0.9186, class 0.8805
Test instance 0.9186, class 0.8805
2026-06-26 22:18:08,303 - INFO - Best instance 0.9246, class 0.8886 (epoch 153)
Best instance 0.9246, class 0.8886 (epoch 153)
2026-06-26 22:18:08,323 - INFO - Epoch 157/200:
Epoch 157/200:
2026-06-26 22:20:04,340 - INFO - Train loss: 0.4499 (116.0s)
Train loss: 0.4499 (116.0s)
2026-06-26 22:20:32,721 - INFO - Test instance 0.9153, class 0.8760
Test instance 0.9153, class 0.8760
2026-06-26 22:20:32,721 - INFO - Best instance 0.9246, class 0.8886 (epoch 153)
Best instance 0.9246, class 0.8886 (epoch 153)
2026-06-26 22:20:32,762 - INFO - Epoch 158/200:
Epoch 158/200:
2026-06-26 22:22:28,374 - INFO - Train loss: 0.4526 (115.6s)
Train loss: 0.4526 (115.6s)
2026-06-26 22:22:57,080 - INFO - Test instance 0.9190, class 0.8830
Test instance 0.9190, class 0.8830
2026-06-26 22:22:57,080 - INFO - Best instance 0.9246, class 0.8886 (epoch 153)
Best instance 0.9246, class 0.8886 (epoch 153)
2026-06-26 22:22:57,102 - INFO - Epoch 159/200:
Epoch 159/200:
2026-06-26 22:24:52,565 - INFO - Train loss: 0.4503 (115.5s)
Train loss: 0.4503 (115.5s)
2026-06-26 22:25:21,081 - INFO - Test instance 0.9198, class 0.8817
Test instance 0.9198, class 0.8817
2026-06-26 22:25:21,082 - INFO - Best instance 0.9246, class 0.8886 (epoch 153)
Best instance 0.9246, class 0.8886 (epoch 153)
2026-06-26 22:25:21,103 - INFO - Epoch 160/200:
Epoch 160/200:
2026-06-26 22:27:16,343 - INFO - Train loss: 0.4524 (115.2s)
Train loss: 0.4524 (115.2s)
2026-06-26 22:27:44,689 - INFO - Test instance 0.9113, class 0.8710
Test instance 0.9113, class 0.8710
2026-06-26 22:27:44,690 - INFO - Best instance 0.9246, class 0.8886 (epoch 153)
Best instance 0.9246, class 0.8886 (epoch 153)
2026-06-26 22:27:44,710 - INFO - Epoch 161/200:
Epoch 161/200:
2026-06-26 22:29:40,135 - INFO - Train loss: 0.4455 (115.4s)
Train loss: 0.4455 (115.4s)
2026-06-26 22:30:08,327 - INFO - Test instance 0.9157, class 0.8789
Test instance 0.9157, class 0.8789
2026-06-26 22:30:08,328 - INFO - Best instance 0.9246, class 0.8886 (epoch 153)
Best instance 0.9246, class 0.8886 (epoch 153)
2026-06-26 22:30:08,356 - INFO - Epoch 162/200:
Epoch 162/200:
2026-06-26 22:32:04,069 - INFO - Train loss: 0.4493 (115.7s)
Train loss: 0.4493 (115.7s)
2026-06-26 22:32:32,569 - INFO - Test instance 0.9226, class 0.8832
Test instance 0.9226, class 0.8832
2026-06-26 22:32:32,569 - INFO - Best instance 0.9246, class 0.8886 (epoch 153)
Best instance 0.9246, class 0.8886 (epoch 153)
2026-06-26 22:32:32,591 - INFO - Epoch 163/200:
Epoch 163/200:
2026-06-26 22:34:28,492 - INFO - Train loss: 0.4478 (115.9s)
Train loss: 0.4478 (115.9s)
2026-06-26 22:34:56,960 - INFO - Test instance 0.9238, class 0.8910
Test instance 0.9238, class 0.8910
2026-06-26 22:34:56,960 - INFO - Best instance 0.9246, class 0.8886 (epoch 153)
Best instance 0.9246, class 0.8886 (epoch 153)
2026-06-26 22:34:56,982 - INFO - Epoch 164/200:
Epoch 164/200:
2026-06-26 22:36:52,872 - INFO - Train loss: 0.4471 (115.9s)
Train loss: 0.4471 (115.9s)
2026-06-26 22:37:21,228 - INFO - Test instance 0.9190, class 0.8839
Test instance 0.9190, class 0.8839
2026-06-26 22:37:21,229 - INFO - Best instance 0.9246, class 0.8886 (epoch 153)
Best instance 0.9246, class 0.8886 (epoch 153)
2026-06-26 22:37:21,250 - INFO - Epoch 165/200:
Epoch 165/200:
2026-06-26 22:39:16,944 - INFO - Train loss: 0.4482 (115.7s)
Train loss: 0.4482 (115.7s)
2026-06-26 22:39:45,237 - INFO - Test instance 0.9198, class 0.8762
Test instance 0.9198, class 0.8762
2026-06-26 22:39:45,238 - INFO - Best instance 0.9246, class 0.8886 (epoch 153)
Best instance 0.9246, class 0.8886 (epoch 153)
2026-06-26 22:39:45,260 - INFO - Epoch 166/200:
Epoch 166/200:
2026-06-26 22:41:41,618 - INFO - Train loss: 0.4511 (116.4s)
Train loss: 0.4511 (116.4s)
2026-06-26 22:42:10,167 - INFO - Test instance 0.9238, class 0.8861
Test instance 0.9238, class 0.8861
2026-06-26 22:42:10,168 - INFO - Best instance 0.9246, class 0.8886 (epoch 153)
Best instance 0.9246, class 0.8886 (epoch 153)
2026-06-26 22:42:10,189 - INFO - Epoch 167/200:
Epoch 167/200:
2026-06-26 22:44:06,337 - INFO - Train loss: 0.4478 (116.1s)
Train loss: 0.4478 (116.1s)
2026-06-26 22:44:34,796 - INFO - Test instance 0.9226, class 0.8891
Test instance 0.9226, class 0.8891
2026-06-26 22:44:34,797 - INFO - Best instance 0.9246, class 0.8886 (epoch 153)
Best instance 0.9246, class 0.8886 (epoch 153)
2026-06-26 22:44:34,817 - INFO - Epoch 168/200:
Epoch 168/200:
2026-06-26 22:46:30,546 - INFO - Train loss: 0.4477 (115.7s)
Train loss: 0.4477 (115.7s)
2026-06-26 22:46:59,145 - INFO - Test instance 0.9218, class 0.8878
Test instance 0.9218, class 0.8878
2026-06-26 22:46:59,146 - INFO - Best instance 0.9246, class 0.8886 (epoch 153)
Best instance 0.9246, class 0.8886 (epoch 153)
2026-06-26 22:46:59,167 - INFO - Epoch 169/200:
Epoch 169/200:
2026-06-26 22:48:55,029 - INFO - Train loss: 0.4508 (115.9s)
Train loss: 0.4508 (115.9s)
2026-06-26 22:49:23,522 - INFO - Test instance 0.9161, class 0.8798
Test instance 0.9161, class 0.8798
2026-06-26 22:49:23,522 - INFO - Best instance 0.9246, class 0.8886 (epoch 153)
Best instance 0.9246, class 0.8886 (epoch 153)
2026-06-26 22:49:23,544 - INFO - Epoch 170/200:
Epoch 170/200:
2026-06-26 22:51:19,333 - INFO - Train loss: 0.4472 (115.8s)
Train loss: 0.4472 (115.8s)
2026-06-26 22:51:47,624 - INFO - Test instance 0.9169, class 0.8816
Test instance 0.9169, class 0.8816
2026-06-26 22:51:47,624 - INFO - Best instance 0.9246, class 0.8886 (epoch 153)
Best instance 0.9246, class 0.8886 (epoch 153)
2026-06-26 22:51:47,645 - INFO - Epoch 171/200:
Epoch 171/200:
2026-06-26 22:53:43,749 - INFO - Train loss: 0.4496 (116.1s)
Train loss: 0.4496 (116.1s)
2026-06-26 22:54:12,168 - INFO - Test instance 0.9149, class 0.8831
Test instance 0.9149, class 0.8831
2026-06-26 22:54:12,168 - INFO - Best instance 0.9246, class 0.8886 (epoch 153)
Best instance 0.9246, class 0.8886 (epoch 153)
2026-06-26 22:54:12,190 - INFO - Epoch 172/200:
Epoch 172/200:
2026-06-26 22:56:08,188 - INFO - Train loss: 0.4476 (116.0s)
Train loss: 0.4476 (116.0s)
2026-06-26 22:56:36,613 - INFO - Test instance 0.9210, class 0.8839
Test instance 0.9210, class 0.8839
2026-06-26 22:56:36,614 - INFO - Best instance 0.9246, class 0.8886 (epoch 153)
Best instance 0.9246, class 0.8886 (epoch 153)
2026-06-26 22:56:36,635 - INFO - Epoch 173/200:
Epoch 173/200:
2026-06-26 22:58:32,568 - INFO - Train loss: 0.4464 (115.9s)
Train loss: 0.4464 (115.9s)
2026-06-26 22:59:00,595 - INFO - Test instance 0.9182, class 0.8852
Test instance 0.9182, class 0.8852
2026-06-26 22:59:00,595 - INFO - Best instance 0.9246, class 0.8886 (epoch 153)
Best instance 0.9246, class 0.8886 (epoch 153)
2026-06-26 22:59:00,618 - INFO - Epoch 174/200:
Epoch 174/200:
2026-06-26 23:00:56,399 - INFO - Train loss: 0.4486 (115.8s)
Train loss: 0.4486 (115.8s)
2026-06-26 23:01:24,540 - INFO - Test instance 0.9234, class 0.8828
Test instance 0.9234, class 0.8828
2026-06-26 23:01:24,541 - INFO - Best instance 0.9246, class 0.8886 (epoch 153)
Best instance 0.9246, class 0.8886 (epoch 153)
2026-06-26 23:01:24,562 - INFO - Epoch 175/200:
Epoch 175/200:
2026-06-26 23:03:20,354 - INFO - Train loss: 0.4473 (115.8s)
Train loss: 0.4473 (115.8s)
2026-06-26 23:03:48,510 - INFO - Test instance 0.9218, class 0.8847
Test instance 0.9218, class 0.8847
2026-06-26 23:03:48,511 - INFO - Best instance 0.9246, class 0.8886 (epoch 153)
Best instance 0.9246, class 0.8886 (epoch 153)
2026-06-26 23:03:48,531 - INFO - Epoch 176/200:
Epoch 176/200:
2026-06-26 23:05:44,110 - INFO - Train loss: 0.4479 (115.6s)
Train loss: 0.4479 (115.6s)
2026-06-26 23:06:12,367 - INFO - Test instance 0.9177, class 0.8801
Test instance 0.9177, class 0.8801
2026-06-26 23:06:12,368 - INFO - Best instance 0.9246, class 0.8886 (epoch 153)
Best instance 0.9246, class 0.8886 (epoch 153)
2026-06-26 23:06:12,388 - INFO - Epoch 177/200:
Epoch 177/200:
2026-06-26 23:08:08,611 - INFO - Train loss: 0.4481 (116.2s)
Train loss: 0.4481 (116.2s)
2026-06-26 23:08:36,972 - INFO - Test instance 0.9218, class 0.8847
Test instance 0.9218, class 0.8847
2026-06-26 23:08:36,973 - INFO - Best instance 0.9246, class 0.8886 (epoch 153)
Best instance 0.9246, class 0.8886 (epoch 153)
2026-06-26 23:08:36,991 - INFO - Epoch 178/200:
Epoch 178/200:
2026-06-26 23:10:33,091 - INFO - Train loss: 0.4496 (116.1s)
Train loss: 0.4496 (116.1s)
2026-06-26 23:11:01,156 - INFO - Test instance 0.9246, class 0.8884
Test instance 0.9246, class 0.8884
2026-06-26 23:11:01,156 - INFO - Best instance 0.9246, class 0.8886 (epoch 153)
Best instance 0.9246, class 0.8886 (epoch 153)
2026-06-26 23:11:01,176 - INFO - Epoch 179/200:
Epoch 179/200:
2026-06-26 23:12:57,277 - INFO - Train loss: 0.4461 (116.1s)
Train loss: 0.4461 (116.1s)
2026-06-26 23:13:25,727 - INFO - Test instance 0.9161, class 0.8781
Test instance 0.9161, class 0.8781
2026-06-26 23:13:25,728 - INFO - Best instance 0.9246, class 0.8886 (epoch 153)
Best instance 0.9246, class 0.8886 (epoch 153)
2026-06-26 23:13:25,749 - INFO - Epoch 180/200:
Epoch 180/200:
2026-06-26 23:15:21,601 - INFO - Train loss: 0.4466 (115.9s)
Train loss: 0.4466 (115.9s)
2026-06-26 23:15:49,834 - INFO - Test instance 0.9190, class 0.8800
Test instance 0.9190, class 0.8800
2026-06-26 23:15:49,834 - INFO - Best instance 0.9246, class 0.8886 (epoch 153)
Best instance 0.9246, class 0.8886 (epoch 153)
2026-06-26 23:15:49,853 - INFO - Epoch 181/200:
Epoch 181/200:
2026-06-26 23:17:45,520 - INFO - Train loss: 0.4489 (115.7s)
Train loss: 0.4489 (115.7s)
2026-06-26 23:18:13,877 - INFO - Test instance 0.9210, class 0.8862
Test instance 0.9210, class 0.8862
2026-06-26 23:18:13,877 - INFO - Best instance 0.9246, class 0.8886 (epoch 153)
Best instance 0.9246, class 0.8886 (epoch 153)
2026-06-26 23:18:13,905 - INFO - Epoch 182/200:
Epoch 182/200:
2026-06-26 23:20:09,655 - INFO - Train loss: 0.4489 (115.7s)
Train loss: 0.4489 (115.7s)
2026-06-26 23:20:38,166 - INFO - Test instance 0.9246, class 0.8905
Test instance 0.9246, class 0.8905
2026-06-26 23:20:38,166 - INFO - Best instance 0.9246, class 0.8886 (epoch 153)
Best instance 0.9246, class 0.8886 (epoch 153)
2026-06-26 23:20:38,207 - INFO - Epoch 183/200:
Epoch 183/200:
2026-06-26 23:22:33,425 - INFO - Train loss: 0.4483 (115.2s)
Train loss: 0.4483 (115.2s)
2026-06-26 23:23:01,657 - INFO - Test instance 0.9218, class 0.8815
Test instance 0.9218, class 0.8815
2026-06-26 23:23:01,657 - INFO - Best instance 0.9246, class 0.8886 (epoch 153)
Best instance 0.9246, class 0.8886 (epoch 153)
2026-06-26 23:23:01,677 - INFO - Epoch 184/200:
Epoch 184/200:
2026-06-26 23:24:57,902 - INFO - Train loss: 0.4475 (116.2s)
Train loss: 0.4475 (116.2s)
2026-06-26 23:25:26,055 - INFO - Test instance 0.9210, class 0.8862
Test instance 0.9210, class 0.8862
2026-06-26 23:25:26,056 - INFO - Best instance 0.9246, class 0.8886 (epoch 153)
Best instance 0.9246, class 0.8886 (epoch 153)
2026-06-26 23:25:26,079 - INFO - Epoch 185/200:
Epoch 185/200:
2026-06-26 23:27:21,769 - INFO - Train loss: 0.4451 (115.7s)
Train loss: 0.4451 (115.7s)
2026-06-26 23:27:49,882 - INFO - Test instance 0.9218, class 0.8876
Test instance 0.9218, class 0.8876
2026-06-26 23:27:49,883 - INFO - Best instance 0.9246, class 0.8886 (epoch 153)
Best instance 0.9246, class 0.8886 (epoch 153)
2026-06-26 23:27:49,903 - INFO - Epoch 186/200:
Epoch 186/200:
2026-06-26 23:29:45,755 - INFO - Train loss: 0.4438 (115.9s)
Train loss: 0.4438 (115.9s)
2026-06-26 23:30:14,070 - INFO - Test instance 0.9198, class 0.8831
Test instance 0.9198, class 0.8831
2026-06-26 23:30:14,070 - INFO - Best instance 0.9246, class 0.8886 (epoch 153)
Best instance 0.9246, class 0.8886 (epoch 153)
2026-06-26 23:30:14,095 - INFO - Epoch 187/200:
Epoch 187/200:
2026-06-26 23:32:10,406 - INFO - Train loss: 0.4472 (116.3s)
Train loss: 0.4472 (116.3s)
2026-06-26 23:32:38,469 - INFO - Test instance 0.9214, class 0.8835
Test instance 0.9214, class 0.8835
2026-06-26 23:32:38,470 - INFO - Best instance 0.9246, class 0.8886 (epoch 153)
Best instance 0.9246, class 0.8886 (epoch 153)
2026-06-26 23:32:38,491 - INFO - Epoch 188/200:
Epoch 188/200:
2026-06-26 23:34:35,515 - INFO - Train loss: 0.4485 (117.0s)
Train loss: 0.4485 (117.0s)
2026-06-26 23:35:03,347 - INFO - Test instance 0.9173, class 0.8818
Test instance 0.9173, class 0.8818
2026-06-26 23:35:03,348 - INFO - Best instance 0.9246, class 0.8886 (epoch 153)
Best instance 0.9246, class 0.8886 (epoch 153)
2026-06-26 23:35:03,367 - INFO - Epoch 189/200:
Epoch 189/200:
2026-06-26 23:36:59,808 - INFO - Train loss: 0.4434 (116.4s)
Train loss: 0.4434 (116.4s)
2026-06-26 23:37:27,744 - INFO - Test instance 0.9214, class 0.8854
Test instance 0.9214, class 0.8854
2026-06-26 23:37:27,744 - INFO - Best instance 0.9246, class 0.8886 (epoch 153)
Best instance 0.9246, class 0.8886 (epoch 153)
2026-06-26 23:37:27,765 - INFO - Epoch 190/200:
Epoch 190/200:
2026-06-26 23:39:24,697 - INFO - Train loss: 0.4417 (116.9s)
Train loss: 0.4417 (116.9s)
2026-06-26 23:39:52,447 - INFO - Test instance 0.9214, class 0.8867
Test instance 0.9214, class 0.8867
2026-06-26 23:39:52,447 - INFO - Best instance 0.9246, class 0.8886 (epoch 153)
Best instance 0.9246, class 0.8886 (epoch 153)
2026-06-26 23:39:52,469 - INFO - Epoch 191/200:
Epoch 191/200:
2026-06-26 23:41:49,144 - INFO - Train loss: 0.4467 (116.7s)
Train loss: 0.4467 (116.7s)
2026-06-26 23:42:17,196 - INFO - Test instance 0.9222, class 0.8850
Test instance 0.9222, class 0.8850
2026-06-26 23:42:17,197 - INFO - Best instance 0.9246, class 0.8886 (epoch 153)
Best instance 0.9246, class 0.8886 (epoch 153)
2026-06-26 23:42:17,217 - INFO - Epoch 192/200:
Epoch 192/200:
2026-06-26 23:44:13,731 - INFO - Train loss: 0.4477 (116.5s)
Train loss: 0.4477 (116.5s)
2026-06-26 23:44:41,505 - INFO - Test instance 0.9177, class 0.8779
Test instance 0.9177, class 0.8779
2026-06-26 23:44:41,505 - INFO - Best instance 0.9246, class 0.8886 (epoch 153)
Best instance 0.9246, class 0.8886 (epoch 153)
2026-06-26 23:44:41,526 - INFO - Epoch 193/200:
Epoch 193/200:
2026-06-26 23:46:29,571 - INFO - Train loss: 0.4455 (108.0s)
Train loss: 0.4455 (108.0s)
2026-06-26 23:46:53,387 - INFO - Test instance 0.9194, class 0.8832
Test instance 0.9194, class 0.8832
2026-06-26 23:46:53,388 - INFO - Best instance 0.9246, class 0.8886 (epoch 153)
Best instance 0.9246, class 0.8886 (epoch 153)
2026-06-26 23:46:53,407 - INFO - Epoch 194/200:
Epoch 194/200:
2026-06-26 23:48:31,048 - INFO - Train loss: 0.4439 (97.6s)
Train loss: 0.4439 (97.6s)
2026-06-26 23:48:54,892 - INFO - Test instance 0.9173, class 0.8847
Test instance 0.9173, class 0.8847
2026-06-26 23:48:54,892 - INFO - Best instance 0.9246, class 0.8886 (epoch 153)
Best instance 0.9246, class 0.8886 (epoch 153)
2026-06-26 23:48:54,911 - INFO - Epoch 195/200:
Epoch 195/200:
2026-06-26 23:50:32,765 - INFO - Train loss: 0.4441 (97.9s)
Train loss: 0.4441 (97.9s)
2026-06-26 23:50:56,642 - INFO - Test instance 0.9129, class 0.8759
Test instance 0.9129, class 0.8759
2026-06-26 23:50:56,642 - INFO - Best instance 0.9246, class 0.8886 (epoch 153)
Best instance 0.9246, class 0.8886 (epoch 153)
2026-06-26 23:50:56,661 - INFO - Epoch 196/200:
Epoch 196/200:
2026-06-26 23:52:34,067 - INFO - Train loss: 0.4453 (97.4s)
Train loss: 0.4453 (97.4s)
2026-06-26 23:52:58,131 - INFO - Test instance 0.9210, class 0.8880
Test instance 0.9210, class 0.8880
2026-06-26 23:52:58,132 - INFO - Best instance 0.9246, class 0.8886 (epoch 153)
Best instance 0.9246, class 0.8886 (epoch 153)
2026-06-26 23:52:58,154 - INFO - Epoch 197/200:
Epoch 197/200:
2026-06-26 23:54:36,064 - INFO - Train loss: 0.4414 (97.9s)
Train loss: 0.4414 (97.9s)
2026-06-26 23:55:00,078 - INFO - Test instance 0.9194, class 0.8808
Test instance 0.9194, class 0.8808
2026-06-26 23:55:00,078 - INFO - Best instance 0.9246, class 0.8886 (epoch 153)
Best instance 0.9246, class 0.8886 (epoch 153)
2026-06-26 23:55:00,097 - INFO - Epoch 198/200:
Epoch 198/200:
2026-06-26 23:56:37,982 - INFO - Train loss: 0.4426 (97.9s)
Train loss: 0.4426 (97.9s)
2026-06-26 23:57:01,886 - INFO - Test instance 0.9169, class 0.8752
Test instance 0.9169, class 0.8752
2026-06-26 23:57:01,886 - INFO - Best instance 0.9246, class 0.8886 (epoch 153)
Best instance 0.9246, class 0.8886 (epoch 153)
2026-06-26 23:57:01,908 - INFO - Epoch 199/200:
Epoch 199/200:
2026-06-26 23:58:39,697 - INFO - Train loss: 0.4422 (97.8s)
Train loss: 0.4422 (97.8s)
2026-06-26 23:59:03,483 - INFO - Test instance 0.9141, class 0.8748
Test instance 0.9141, class 0.8748
2026-06-26 23:59:03,483 - INFO - Best instance 0.9246, class 0.8886 (epoch 153)
Best instance 0.9246, class 0.8886 (epoch 153)
2026-06-26 23:59:03,502 - INFO - Epoch 200/200:
Epoch 200/200:
2026-06-27 00:00:41,102 - INFO - Train loss: 0.4461 (97.6s)
Train loss: 0.4461 (97.6s)
2026-06-27 00:01:04,988 - INFO - Test instance 0.9194, class 0.8812
Test instance 0.9194, class 0.8812
2026-06-27 00:01:04,988 - INFO - Best instance 0.9246, class 0.8886 (epoch 153)
Best instance 0.9246, class 0.8886 (epoch 153)
2026-06-27 00:01:46,793 - INFO - Student 1.44 MB, 121.58 ms
Student 1.44 MB, 121.58 ms
