[Wed Jun 24 18:45:56 EDT 2026] task 246 on GPU 0: python flkd/advanced_kd_train_classification.py --teacher_model pointnet2_cls_ssg --student_model small_pointnet2 --kd_strategy feature --dataset craniosynostosis --seed 123 --batch_size 24 --epoch 200 --num_point 1024 --teacher_path "outputs/craniosynostosis/flkd/federated/classification/fl_pointnet2_cls_ssg_fedmedian_s123/checkpoints/best_model.pth" --log_dir kd_pointnet2_cls_ssg_fedmedian+feature_small_pointnet2_s123 --beta 0.5 --data_root data --output_root outputs --num_workers -1 --max_runtime_hours 166.0
Loaded teacher from outputs/craniosynostosis/flkd/federated/classification/fl_pointnet2_cls_ssg_fedmedian_s123/checkpoints/best_model.pth
2026-06-24 18:49:52,126 - INFO - PARAMETER ...
2026-06-24 18:49:52,127 - INFO - {'use_cpu': False, 'no_amp': False, 'gpu': '0', 'num_workers': -1, 'batch_size': 24, 'teacher_model': 'pointnet2_cls_ssg', 'student_model': 'small_pointnet2', 'num_category': 4, 'dataset': 'craniosynostosis', 'data_root': 'data', 'output_root': 'outputs', 'train_split': 0.8, 'dataset_seed': 0, 'cache_dataset': True, 'min_class_samples': 1, 'epoch': 200, 'learning_rate': 0.001, 'num_point': 1024, 'optimizer': 'Adam', 'log_dir': 'kd_pointnet2_cls_ssg_fedmedian+feature_small_pointnet2_s123', 'decay_rate': 0.0001, 'use_normals': False, 'process_data': False, 'use_uniform_sample': False, 'resume': True, 'kd_strategy': 'feature', 'alpha': 0.5, 'temperature': 2.0, 'beta': 0.5, 'dkd_alpha': 1.0, 'dkd_beta': 8.0, 'crd_temperature': 0.07, 'teacher_path': 'outputs/craniosynostosis/flkd/federated/classification/fl_pointnet2_cls_ssg_fedmedian_s123/checkpoints/best_model.pth', 'teacher_paths': None, 'teacher_weights': None, 'use_hard_labels': 'on', 'unlabeled': False, 'temperature_sweep': None, 'seed': 123, 'max_runtime_hours': 166.0}
2026-06-24 18:49:52,128 - INFO - KD=feature student=small_pointnet2 AMP=False use_hard=True unlabeled=False T=2.0
KD=feature student=small_pointnet2 AMP=False use_hard=True unlabeled=False T=2.0
2026-06-24 18:49:54,631 - INFO - Added 525312 KD-adapter params to optimiser.
Added 525312 KD-adapter params to optimiser.
2026-06-24 18:49:54,633 - INFO - Epoch 1/200:
Epoch 1/200:
2026-06-24 18:49:57,764 - INFO - Train loss: 0.0815 (3.1s)
Train loss: 0.0815 (3.1s)
2026-06-24 18:49:58,417 - INFO - Test instance 0.2500, class 0.2500
Test instance 0.2500, class 0.2500
2026-06-24 18:49:58,448 - INFO - Best instance 0.2500, class 0.2500 (epoch 1)
Best instance 0.2500, class 0.2500 (epoch 1)
2026-06-24 18:49:58,474 - INFO - Epoch 2/200:
Epoch 2/200:
2026-06-24 18:50:01,230 - INFO - Train loss: 0.0641 (2.8s)
Train loss: 0.0641 (2.8s)
2026-06-24 18:50:01,505 - INFO - Test instance 0.2500, class 0.2500
Test instance 0.2500, class 0.2500
2026-06-24 18:50:01,505 - INFO - Best instance 0.2500, class 0.2500 (epoch 1)
Best instance 0.2500, class 0.2500 (epoch 1)
2026-06-24 18:50:01,530 - INFO - Epoch 3/200:
Epoch 3/200:
2026-06-24 18:50:05,016 - INFO - Train loss: 0.0706 (3.5s)
Train loss: 0.0706 (3.5s)
2026-06-24 18:50:05,285 - INFO - Test instance 0.2500, class 0.2500
Test instance 0.2500, class 0.2500
2026-06-24 18:50:05,285 - INFO - Best instance 0.2500, class 0.2500 (epoch 1)
Best instance 0.2500, class 0.2500 (epoch 1)
2026-06-24 18:50:05,310 - INFO - Epoch 4/200:
Epoch 4/200:
2026-06-24 18:50:08,068 - INFO - Train loss: 0.0571 (2.8s)
Train loss: 0.0571 (2.8s)
2026-06-24 18:50:08,406 - INFO - Test instance 0.2125, class 0.2125
Test instance 0.2125, class 0.2125
2026-06-24 18:50:08,406 - INFO - Best instance 0.2500, class 0.2500 (epoch 1)
Best instance 0.2500, class 0.2500 (epoch 1)
2026-06-24 18:50:08,434 - INFO - Epoch 5/200:
Epoch 5/200:
2026-06-24 18:50:11,168 - INFO - Train loss: 0.0551 (2.7s)
Train loss: 0.0551 (2.7s)
2026-06-24 18:50:11,520 - INFO - Test instance 0.2625, class 0.2625
Test instance 0.2625, class 0.2625
2026-06-24 18:50:11,546 - INFO - Best instance 0.2625, class 0.2625 (epoch 5)
Best instance 0.2625, class 0.2625 (epoch 5)
2026-06-24 18:50:11,574 - INFO - Epoch 6/200:
Epoch 6/200:
2026-06-24 18:50:14,337 - INFO - Train loss: 0.0473 (2.8s)
Train loss: 0.0473 (2.8s)
2026-06-24 18:50:14,599 - INFO - Test instance 0.2625, class 0.2625
Test instance 0.2625, class 0.2625
2026-06-24 18:50:14,599 - INFO - Best instance 0.2625, class 0.2625 (epoch 5)
Best instance 0.2625, class 0.2625 (epoch 5)
2026-06-24 18:50:14,633 - INFO - Epoch 7/200:
Epoch 7/200:
2026-06-24 18:50:17,388 - INFO - Train loss: 0.0468 (2.8s)
Train loss: 0.0468 (2.8s)
2026-06-24 18:50:17,651 - INFO - Test instance 0.2750, class 0.2750
Test instance 0.2750, class 0.2750
2026-06-24 18:50:17,673 - INFO - Best instance 0.2750, class 0.2750 (epoch 7)
Best instance 0.2750, class 0.2750 (epoch 7)
2026-06-24 18:50:17,698 - INFO - Epoch 8/200:
Epoch 8/200:
2026-06-24 18:50:21,188 - INFO - Train loss: 0.0418 (3.5s)
Train loss: 0.0418 (3.5s)
2026-06-24 18:50:21,458 - INFO - Test instance 0.4125, class 0.4125
Test instance 0.4125, class 0.4125
2026-06-24 18:50:21,481 - INFO - Best instance 0.4125, class 0.4125 (epoch 8)
Best instance 0.4125, class 0.4125 (epoch 8)
2026-06-24 18:50:21,506 - INFO - Epoch 9/200:
Epoch 9/200:
2026-06-24 18:50:24,262 - INFO - Train loss: 0.0336 (2.8s)
Train loss: 0.0336 (2.8s)
2026-06-24 18:50:24,598 - INFO - Test instance 0.3875, class 0.3875
Test instance 0.3875, class 0.3875
2026-06-24 18:50:24,599 - INFO - Best instance 0.4125, class 0.4125 (epoch 8)
Best instance 0.4125, class 0.4125 (epoch 8)
2026-06-24 18:50:24,626 - INFO - Epoch 10/200:
Epoch 10/200:
2026-06-24 18:50:27,382 - INFO - Train loss: 0.0376 (2.8s)
Train loss: 0.0376 (2.8s)
2026-06-24 18:50:27,642 - INFO - Test instance 0.2500, class 0.2500
Test instance 0.2500, class 0.2500
2026-06-24 18:50:27,642 - INFO - Best instance 0.4125, class 0.4125 (epoch 8)
Best instance 0.4125, class 0.4125 (epoch 8)
2026-06-24 18:50:27,674 - INFO - Epoch 11/200:
Epoch 11/200:
2026-06-24 18:50:30,407 - INFO - Train loss: 0.0332 (2.7s)
Train loss: 0.0332 (2.7s)
2026-06-24 18:50:30,672 - INFO - Test instance 0.4250, class 0.4250
Test instance 0.4250, class 0.4250
2026-06-24 18:50:30,697 - INFO - Best instance 0.4250, class 0.4250 (epoch 11)
Best instance 0.4250, class 0.4250 (epoch 11)
2026-06-24 18:50:30,720 - INFO - Epoch 12/200:
Epoch 12/200:
2026-06-24 18:50:33,486 - INFO - Train loss: 0.0290 (2.8s)
Train loss: 0.0290 (2.8s)
2026-06-24 18:50:33,748 - INFO - Test instance 0.4750, class 0.4750
Test instance 0.4750, class 0.4750
2026-06-24 18:50:33,770 - INFO - Best instance 0.4750, class 0.4750 (epoch 12)
Best instance 0.4750, class 0.4750 (epoch 12)
2026-06-24 18:50:33,800 - INFO - Epoch 13/200:
Epoch 13/200:
2026-06-24 18:50:36,555 - INFO - Train loss: 0.0288 (2.8s)
Train loss: 0.0288 (2.8s)
2026-06-24 18:50:36,817 - INFO - Test instance 0.5750, class 0.5750
Test instance 0.5750, class 0.5750
2026-06-24 18:50:36,838 - INFO - Best instance 0.5750, class 0.5750 (epoch 13)
Best instance 0.5750, class 0.5750 (epoch 13)
2026-06-24 18:50:36,863 - INFO - Epoch 14/200:
Epoch 14/200:
2026-06-24 18:50:39,642 - INFO - Train loss: 0.0298 (2.8s)
Train loss: 0.0298 (2.8s)
2026-06-24 18:50:39,904 - INFO - Test instance 0.4250, class 0.4250
Test instance 0.4250, class 0.4250
2026-06-24 18:50:39,905 - INFO - Best instance 0.5750, class 0.5750 (epoch 13)
Best instance 0.5750, class 0.5750 (epoch 13)
2026-06-24 18:50:39,931 - INFO - Epoch 15/200:
Epoch 15/200:
2026-06-24 18:50:42,705 - INFO - Train loss: 0.0242 (2.8s)
Train loss: 0.0242 (2.8s)
2026-06-24 18:50:42,975 - INFO - Test instance 0.4250, class 0.4250
Test instance 0.4250, class 0.4250
2026-06-24 18:50:42,976 - INFO - Best instance 0.5750, class 0.5750 (epoch 13)
Best instance 0.5750, class 0.5750 (epoch 13)
2026-06-24 18:50:43,003 - INFO - Epoch 16/200:
Epoch 16/200:
2026-06-24 18:50:46,489 - INFO - Train loss: 0.0219 (3.5s)
Train loss: 0.0219 (3.5s)
2026-06-24 18:50:46,754 - INFO - Test instance 0.4375, class 0.4375
Test instance 0.4375, class 0.4375
2026-06-24 18:50:46,754 - INFO - Best instance 0.5750, class 0.5750 (epoch 13)
Best instance 0.5750, class 0.5750 (epoch 13)
2026-06-24 18:50:46,781 - INFO - Epoch 17/200:
Epoch 17/200:
2026-06-24 18:50:49,504 - INFO - Train loss: 0.0258 (2.7s)
Train loss: 0.0258 (2.7s)
2026-06-24 18:50:49,777 - INFO - Test instance 0.4875, class 0.4875
Test instance 0.4875, class 0.4875
2026-06-24 18:50:49,777 - INFO - Best instance 0.5750, class 0.5750 (epoch 13)
Best instance 0.5750, class 0.5750 (epoch 13)
2026-06-24 18:50:49,804 - INFO - Epoch 18/200:
Epoch 18/200:
2026-06-24 18:50:52,545 - INFO - Train loss: 0.0242 (2.7s)
Train loss: 0.0242 (2.7s)
2026-06-24 18:50:52,796 - INFO - Test instance 0.4750, class 0.4750
Test instance 0.4750, class 0.4750
2026-06-24 18:50:52,796 - INFO - Best instance 0.5750, class 0.5750 (epoch 13)
Best instance 0.5750, class 0.5750 (epoch 13)
2026-06-24 18:50:52,822 - INFO - Epoch 19/200:
Epoch 19/200:
2026-06-24 18:50:55,570 - INFO - Train loss: 0.0202 (2.7s)
Train loss: 0.0202 (2.7s)
2026-06-24 18:50:55,836 - INFO - Test instance 0.4875, class 0.4875
Test instance 0.4875, class 0.4875
2026-06-24 18:50:55,837 - INFO - Best instance 0.5750, class 0.5750 (epoch 13)
Best instance 0.5750, class 0.5750 (epoch 13)
2026-06-24 18:50:55,861 - INFO - Epoch 20/200:
Epoch 20/200:
2026-06-24 18:50:59,355 - INFO - Train loss: 0.0192 (3.5s)
Train loss: 0.0192 (3.5s)
2026-06-24 18:50:59,620 - INFO - Test instance 0.4625, class 0.4625
Test instance 0.4625, class 0.4625
2026-06-24 18:50:59,620 - INFO - Best instance 0.5750, class 0.5750 (epoch 13)
Best instance 0.5750, class 0.5750 (epoch 13)
2026-06-24 18:50:59,648 - INFO - Epoch 21/200:
Epoch 21/200:
2026-06-24 18:51:03,205 - INFO - Train loss: 0.0169 (3.6s)
Train loss: 0.0169 (3.6s)
2026-06-24 18:51:03,475 - INFO - Test instance 0.4875, class 0.4875
Test instance 0.4875, class 0.4875
2026-06-24 18:51:03,475 - INFO - Best instance 0.5750, class 0.5750 (epoch 13)
Best instance 0.5750, class 0.5750 (epoch 13)
2026-06-24 18:51:03,500 - INFO - Epoch 22/200:
Epoch 22/200:
2026-06-24 18:51:06,258 - INFO - Train loss: 0.0179 (2.8s)
Train loss: 0.0179 (2.8s)
2026-06-24 18:51:06,531 - INFO - Test instance 0.4500, class 0.4500
Test instance 0.4500, class 0.4500
2026-06-24 18:51:06,532 - INFO - Best instance 0.5750, class 0.5750 (epoch 13)
Best instance 0.5750, class 0.5750 (epoch 13)
2026-06-24 18:51:06,566 - INFO - Epoch 23/200:
Epoch 23/200:
2026-06-24 18:51:10,040 - INFO - Train loss: 0.0219 (3.5s)
Train loss: 0.0219 (3.5s)
2026-06-24 18:51:10,377 - INFO - Test instance 0.5125, class 0.5125
Test instance 0.5125, class 0.5125
2026-06-24 18:51:10,378 - INFO - Best instance 0.5750, class 0.5750 (epoch 13)
Best instance 0.5750, class 0.5750 (epoch 13)
2026-06-24 18:51:10,405 - INFO - Epoch 24/200:
Epoch 24/200:
2026-06-24 18:51:13,185 - INFO - Train loss: 0.0190 (2.8s)
Train loss: 0.0190 (2.8s)
2026-06-24 18:51:13,457 - INFO - Test instance 0.4875, class 0.4875
Test instance 0.4875, class 0.4875
2026-06-24 18:51:13,457 - INFO - Best instance 0.5750, class 0.5750 (epoch 13)
Best instance 0.5750, class 0.5750 (epoch 13)
2026-06-24 18:51:13,483 - INFO - Epoch 25/200:
Epoch 25/200:
2026-06-24 18:51:16,250 - INFO - Train loss: 0.0153 (2.8s)
Train loss: 0.0153 (2.8s)
2026-06-24 18:51:16,508 - INFO - Test instance 0.5125, class 0.5125
Test instance 0.5125, class 0.5125
2026-06-24 18:51:16,508 - INFO - Best instance 0.5750, class 0.5750 (epoch 13)
Best instance 0.5750, class 0.5750 (epoch 13)
2026-06-24 18:51:16,533 - INFO - Epoch 26/200:
Epoch 26/200:
2026-06-24 18:51:19,309 - INFO - Train loss: 0.0160 (2.8s)
Train loss: 0.0160 (2.8s)
2026-06-24 18:51:19,568 - INFO - Test instance 0.5250, class 0.5250
Test instance 0.5250, class 0.5250
2026-06-24 18:51:19,569 - INFO - Best instance 0.5750, class 0.5750 (epoch 13)
Best instance 0.5750, class 0.5750 (epoch 13)
2026-06-24 18:51:19,596 - INFO - Epoch 27/200:
Epoch 27/200:
2026-06-24 18:51:22,354 - INFO - Train loss: 0.0181 (2.8s)
Train loss: 0.0181 (2.8s)
2026-06-24 18:51:22,615 - INFO - Test instance 0.5375, class 0.5375
Test instance 0.5375, class 0.5375
2026-06-24 18:51:22,615 - INFO - Best instance 0.5750, class 0.5750 (epoch 13)
Best instance 0.5750, class 0.5750 (epoch 13)
2026-06-24 18:51:22,645 - INFO - Epoch 28/200:
Epoch 28/200:
2026-06-24 18:51:25,412 - INFO - Train loss: 0.0153 (2.8s)
Train loss: 0.0153 (2.8s)
2026-06-24 18:51:25,679 - INFO - Test instance 0.5875, class 0.5875
Test instance 0.5875, class 0.5875
2026-06-24 18:51:25,701 - INFO - Best instance 0.5875, class 0.5875 (epoch 28)
Best instance 0.5875, class 0.5875 (epoch 28)
2026-06-24 18:51:25,726 - INFO - Epoch 29/200:
Epoch 29/200:
2026-06-24 18:51:28,524 - INFO - Train loss: 0.0164 (2.8s)
Train loss: 0.0164 (2.8s)
2026-06-24 18:51:28,788 - INFO - Test instance 0.4875, class 0.4875
Test instance 0.4875, class 0.4875
2026-06-24 18:51:28,789 - INFO - Best instance 0.5875, class 0.5875 (epoch 28)
Best instance 0.5875, class 0.5875 (epoch 28)
2026-06-24 18:51:28,816 - INFO - Epoch 30/200:
Epoch 30/200:
2026-06-24 18:51:32,299 - INFO - Train loss: 0.0145 (3.5s)
Train loss: 0.0145 (3.5s)
2026-06-24 18:51:32,568 - INFO - Test instance 0.4125, class 0.4125
Test instance 0.4125, class 0.4125
2026-06-24 18:51:32,568 - INFO - Best instance 0.5875, class 0.5875 (epoch 28)
Best instance 0.5875, class 0.5875 (epoch 28)
2026-06-24 18:51:32,597 - INFO - Epoch 31/200:
Epoch 31/200:
2026-06-24 18:51:35,357 - INFO - Train loss: 0.0154 (2.8s)
Train loss: 0.0154 (2.8s)
2026-06-24 18:51:35,620 - INFO - Test instance 0.5000, class 0.5000
Test instance 0.5000, class 0.5000
2026-06-24 18:51:35,621 - INFO - Best instance 0.5875, class 0.5875 (epoch 28)
Best instance 0.5875, class 0.5875 (epoch 28)
2026-06-24 18:51:35,648 - INFO - Epoch 32/200:
Epoch 32/200:
2026-06-24 18:51:38,426 - INFO - Train loss: 0.0139 (2.8s)
Train loss: 0.0139 (2.8s)
2026-06-24 18:51:38,700 - INFO - Test instance 0.5500, class 0.5500
Test instance 0.5500, class 0.5500
2026-06-24 18:51:38,701 - INFO - Best instance 0.5875, class 0.5875 (epoch 28)
Best instance 0.5875, class 0.5875 (epoch 28)
2026-06-24 18:51:38,729 - INFO - Epoch 33/200:
Epoch 33/200:
2026-06-24 18:51:41,485 - INFO - Train loss: 0.0151 (2.8s)
Train loss: 0.0151 (2.8s)
2026-06-24 18:51:41,821 - INFO - Test instance 0.4875, class 0.4875
Test instance 0.4875, class 0.4875
2026-06-24 18:51:41,821 - INFO - Best instance 0.5875, class 0.5875 (epoch 28)
Best instance 0.5875, class 0.5875 (epoch 28)
2026-06-24 18:51:41,848 - INFO - Epoch 34/200:
Epoch 34/200:
2026-06-24 18:51:44,587 - INFO - Train loss: 0.0165 (2.7s)
Train loss: 0.0165 (2.7s)
2026-06-24 18:51:44,845 - INFO - Test instance 0.4750, class 0.4750
Test instance 0.4750, class 0.4750
2026-06-24 18:51:44,846 - INFO - Best instance 0.5875, class 0.5875 (epoch 28)
Best instance 0.5875, class 0.5875 (epoch 28)
2026-06-24 18:51:44,874 - INFO - Epoch 35/200:
Epoch 35/200:
2026-06-24 18:51:47,663 - INFO - Train loss: 0.0154 (2.8s)
Train loss: 0.0154 (2.8s)
2026-06-24 18:51:47,924 - INFO - Test instance 0.4875, class 0.4875
Test instance 0.4875, class 0.4875
2026-06-24 18:51:47,925 - INFO - Best instance 0.5875, class 0.5875 (epoch 28)
Best instance 0.5875, class 0.5875 (epoch 28)
2026-06-24 18:51:47,950 - INFO - Epoch 36/200:
Epoch 36/200:
2026-06-24 18:51:50,706 - INFO - Train loss: 0.0153 (2.8s)
Train loss: 0.0153 (2.8s)
2026-06-24 18:51:50,965 - INFO - Test instance 0.4375, class 0.4375
Test instance 0.4375, class 0.4375
2026-06-24 18:51:50,965 - INFO - Best instance 0.5875, class 0.5875 (epoch 28)
Best instance 0.5875, class 0.5875 (epoch 28)
2026-06-24 18:51:50,992 - INFO - Epoch 37/200:
Epoch 37/200:
2026-06-24 18:51:53,756 - INFO - Train loss: 0.0145 (2.8s)
Train loss: 0.0145 (2.8s)
2026-06-24 18:51:54,029 - INFO - Test instance 0.4375, class 0.4375
Test instance 0.4375, class 0.4375
2026-06-24 18:51:54,030 - INFO - Best instance 0.5875, class 0.5875 (epoch 28)
Best instance 0.5875, class 0.5875 (epoch 28)
2026-06-24 18:51:54,055 - INFO - Epoch 38/200:
Epoch 38/200:
2026-06-24 18:51:56,836 - INFO - Train loss: 0.0147 (2.8s)
Train loss: 0.0147 (2.8s)
2026-06-24 18:51:57,099 - INFO - Test instance 0.4875, class 0.4875
Test instance 0.4875, class 0.4875
2026-06-24 18:51:57,103 - INFO - Best instance 0.5875, class 0.5875 (epoch 28)
Best instance 0.5875, class 0.5875 (epoch 28)
2026-06-24 18:51:57,127 - INFO - Epoch 39/200:
Epoch 39/200:
2026-06-24 18:51:59,901 - INFO - Train loss: 0.0141 (2.8s)
Train loss: 0.0141 (2.8s)
2026-06-24 18:52:00,173 - INFO - Test instance 0.5250, class 0.5250
Test instance 0.5250, class 0.5250
2026-06-24 18:52:00,173 - INFO - Best instance 0.5875, class 0.5875 (epoch 28)
Best instance 0.5875, class 0.5875 (epoch 28)
2026-06-24 18:52:00,201 - INFO - Epoch 40/200:
Epoch 40/200:
2026-06-24 18:52:03,017 - INFO - Train loss: 0.0124 (2.8s)
Train loss: 0.0124 (2.8s)
2026-06-24 18:52:03,280 - INFO - Test instance 0.4625, class 0.4625
Test instance 0.4625, class 0.4625
2026-06-24 18:52:03,281 - INFO - Best instance 0.5875, class 0.5875 (epoch 28)
Best instance 0.5875, class 0.5875 (epoch 28)
2026-06-24 18:52:03,305 - INFO - Epoch 41/200:
Epoch 41/200:
2026-06-24 18:52:06,024 - INFO - Train loss: 0.0137 (2.7s)
Train loss: 0.0137 (2.7s)
2026-06-24 18:52:06,295 - INFO - Test instance 0.4750, class 0.4750
Test instance 0.4750, class 0.4750
2026-06-24 18:52:06,295 - INFO - Best instance 0.5875, class 0.5875 (epoch 28)
Best instance 0.5875, class 0.5875 (epoch 28)
2026-06-24 18:52:06,321 - INFO - Epoch 42/200:
Epoch 42/200:
2026-06-24 18:52:09,061 - INFO - Train loss: 0.0155 (2.7s)
Train loss: 0.0155 (2.7s)
2026-06-24 18:52:09,316 - INFO - Test instance 0.4875, class 0.4875
Test instance 0.4875, class 0.4875
2026-06-24 18:52:09,317 - INFO - Best instance 0.5875, class 0.5875 (epoch 28)
Best instance 0.5875, class 0.5875 (epoch 28)
2026-06-24 18:52:09,343 - INFO - Epoch 43/200:
Epoch 43/200:
2026-06-24 18:52:12,138 - INFO - Train loss: 0.0148 (2.8s)
Train loss: 0.0148 (2.8s)
2026-06-24 18:52:12,409 - INFO - Test instance 0.5125, class 0.5125
Test instance 0.5125, class 0.5125
2026-06-24 18:52:12,409 - INFO - Best instance 0.5875, class 0.5875 (epoch 28)
Best instance 0.5875, class 0.5875 (epoch 28)
2026-06-24 18:52:12,435 - INFO - Epoch 44/200:
Epoch 44/200:
2026-06-24 18:52:15,200 - INFO - Train loss: 0.0127 (2.8s)
Train loss: 0.0127 (2.8s)
2026-06-24 18:52:15,461 - INFO - Test instance 0.5125, class 0.5125
Test instance 0.5125, class 0.5125
2026-06-24 18:52:15,462 - INFO - Best instance 0.5875, class 0.5875 (epoch 28)
Best instance 0.5875, class 0.5875 (epoch 28)
2026-06-24 18:52:15,487 - INFO - Epoch 45/200:
Epoch 45/200:
2026-06-24 18:52:18,262 - INFO - Train loss: 0.0132 (2.8s)
Train loss: 0.0132 (2.8s)
2026-06-24 18:52:18,528 - INFO - Test instance 0.5250, class 0.5250
Test instance 0.5250, class 0.5250
2026-06-24 18:52:18,528 - INFO - Best instance 0.5875, class 0.5875 (epoch 28)
Best instance 0.5875, class 0.5875 (epoch 28)
2026-06-24 18:52:18,553 - INFO - Epoch 46/200:
Epoch 46/200:
2026-06-24 18:52:21,319 - INFO - Train loss: 0.0130 (2.8s)
Train loss: 0.0130 (2.8s)
2026-06-24 18:52:21,593 - INFO - Test instance 0.5000, class 0.5000
Test instance 0.5000, class 0.5000
2026-06-24 18:52:21,593 - INFO - Best instance 0.5875, class 0.5875 (epoch 28)
Best instance 0.5875, class 0.5875 (epoch 28)
2026-06-24 18:52:21,618 - INFO - Epoch 47/200:
Epoch 47/200:
2026-06-24 18:52:24,375 - INFO - Train loss: 0.0134 (2.8s)
Train loss: 0.0134 (2.8s)
2026-06-24 18:52:24,642 - INFO - Test instance 0.4625, class 0.4625
Test instance 0.4625, class 0.4625
2026-06-24 18:52:24,643 - INFO - Best instance 0.5875, class 0.5875 (epoch 28)
Best instance 0.5875, class 0.5875 (epoch 28)
2026-06-24 18:52:24,670 - INFO - Epoch 48/200:
Epoch 48/200:
2026-06-24 18:52:27,653 - INFO - Train loss: 0.0130 (3.0s)
Train loss: 0.0130 (3.0s)
2026-06-24 18:52:27,927 - INFO - Test instance 0.5375, class 0.5375
Test instance 0.5375, class 0.5375
2026-06-24 18:52:27,927 - INFO - Best instance 0.5875, class 0.5875 (epoch 28)
Best instance 0.5875, class 0.5875 (epoch 28)
2026-06-24 18:52:27,954 - INFO - Epoch 49/200:
Epoch 49/200:
2026-06-24 18:52:30,719 - INFO - Train loss: 0.0133 (2.8s)
Train loss: 0.0133 (2.8s)
2026-06-24 18:52:30,978 - INFO - Test instance 0.5250, class 0.5250
Test instance 0.5250, class 0.5250
2026-06-24 18:52:30,979 - INFO - Best instance 0.5875, class 0.5875 (epoch 28)
Best instance 0.5875, class 0.5875 (epoch 28)
2026-06-24 18:52:31,005 - INFO - Epoch 50/200:
Epoch 50/200:
2026-06-24 18:52:33,766 - INFO - Train loss: 0.0133 (2.8s)
Train loss: 0.0133 (2.8s)
2026-06-24 18:52:34,031 - INFO - Test instance 0.5000, class 0.5000
Test instance 0.5000, class 0.5000
2026-06-24 18:52:34,031 - INFO - Best instance 0.5875, class 0.5875 (epoch 28)
Best instance 0.5875, class 0.5875 (epoch 28)
2026-06-24 18:52:34,056 - INFO - Epoch 51/200:
Epoch 51/200:
2026-06-24 18:52:36,831 - INFO - Train loss: 0.0134 (2.8s)
Train loss: 0.0134 (2.8s)
2026-06-24 18:52:37,094 - INFO - Test instance 0.5000, class 0.5000
Test instance 0.5000, class 0.5000
2026-06-24 18:52:37,094 - INFO - Best instance 0.5875, class 0.5875 (epoch 28)
Best instance 0.5875, class 0.5875 (epoch 28)
2026-06-24 18:52:37,120 - INFO - Epoch 52/200:
Epoch 52/200:
2026-06-24 18:52:40,616 - INFO - Train loss: 0.0130 (3.5s)
Train loss: 0.0130 (3.5s)
2026-06-24 18:52:40,883 - INFO - Test instance 0.5250, class 0.5250
Test instance 0.5250, class 0.5250
2026-06-24 18:52:40,884 - INFO - Best instance 0.5875, class 0.5875 (epoch 28)
Best instance 0.5875, class 0.5875 (epoch 28)
2026-06-24 18:52:40,910 - INFO - Epoch 53/200:
Epoch 53/200:
2026-06-24 18:52:43,677 - INFO - Train loss: 0.0129 (2.8s)
Train loss: 0.0129 (2.8s)
2026-06-24 18:52:43,940 - INFO - Test instance 0.5000, class 0.5000
Test instance 0.5000, class 0.5000
2026-06-24 18:52:43,941 - INFO - Best instance 0.5875, class 0.5875 (epoch 28)
Best instance 0.5875, class 0.5875 (epoch 28)
2026-06-24 18:52:43,968 - INFO - Epoch 54/200:
Epoch 54/200:
2026-06-24 18:52:47,424 - INFO - Train loss: 0.0127 (3.5s)
Train loss: 0.0127 (3.5s)
2026-06-24 18:52:47,690 - INFO - Test instance 0.6500, class 0.6500
Test instance 0.6500, class 0.6500
2026-06-24 18:52:47,713 - INFO - Best instance 0.6500, class 0.6500 (epoch 54)
Best instance 0.6500, class 0.6500 (epoch 54)
2026-06-24 18:52:47,738 - INFO - Epoch 55/200:
Epoch 55/200:
2026-06-24 18:52:50,485 - INFO - Train loss: 0.0130 (2.7s)
Train loss: 0.0130 (2.7s)
2026-06-24 18:52:50,749 - INFO - Test instance 0.5125, class 0.5125
Test instance 0.5125, class 0.5125
2026-06-24 18:52:50,749 - INFO - Best instance 0.6500, class 0.6500 (epoch 54)
Best instance 0.6500, class 0.6500 (epoch 54)
2026-06-24 18:52:50,774 - INFO - Epoch 56/200:
Epoch 56/200:
2026-06-24 18:52:53,524 - INFO - Train loss: 0.0118 (2.7s)
Train loss: 0.0118 (2.7s)
2026-06-24 18:52:53,784 - INFO - Test instance 0.5125, class 0.5125
Test instance 0.5125, class 0.5125
2026-06-24 18:52:53,784 - INFO - Best instance 0.6500, class 0.6500 (epoch 54)
Best instance 0.6500, class 0.6500 (epoch 54)
2026-06-24 18:52:53,810 - INFO - Epoch 57/200:
Epoch 57/200:
2026-06-24 18:52:56,583 - INFO - Train loss: 0.0140 (2.8s)
Train loss: 0.0140 (2.8s)
2026-06-24 18:52:56,847 - INFO - Test instance 0.5000, class 0.5000
Test instance 0.5000, class 0.5000
2026-06-24 18:52:56,848 - INFO - Best instance 0.6500, class 0.6500 (epoch 54)
Best instance 0.6500, class 0.6500 (epoch 54)
2026-06-24 18:52:56,872 - INFO - Epoch 58/200:
Epoch 58/200:
2026-06-24 18:52:59,654 - INFO - Train loss: 0.0127 (2.8s)
Train loss: 0.0127 (2.8s)
2026-06-24 18:52:59,925 - INFO - Test instance 0.5000, class 0.5000
Test instance 0.5000, class 0.5000
2026-06-24 18:52:59,926 - INFO - Best instance 0.6500, class 0.6500 (epoch 54)
Best instance 0.6500, class 0.6500 (epoch 54)
2026-06-24 18:52:59,990 - INFO - Epoch 59/200:
Epoch 59/200:
2026-06-24 18:53:03,547 - INFO - Train loss: 0.0132 (3.6s)
Train loss: 0.0132 (3.6s)
2026-06-24 18:53:03,815 - INFO - Test instance 0.5000, class 0.5000
Test instance 0.5000, class 0.5000
2026-06-24 18:53:03,815 - INFO - Best instance 0.6500, class 0.6500 (epoch 54)
Best instance 0.6500, class 0.6500 (epoch 54)
2026-06-24 18:53:03,844 - INFO - Epoch 60/200:
Epoch 60/200:
2026-06-24 18:53:06,585 - INFO - Train loss: 0.0150 (2.7s)
Train loss: 0.0150 (2.7s)
2026-06-24 18:53:06,854 - INFO - Test instance 0.5625, class 0.5625
Test instance 0.5625, class 0.5625
2026-06-24 18:53:06,855 - INFO - Best instance 0.6500, class 0.6500 (epoch 54)
Best instance 0.6500, class 0.6500 (epoch 54)
2026-06-24 18:53:06,880 - INFO - Epoch 61/200:
Epoch 61/200:
2026-06-24 18:53:09,657 - INFO - Train loss: 0.0118 (2.8s)
Train loss: 0.0118 (2.8s)
2026-06-24 18:53:09,916 - INFO - Test instance 0.5625, class 0.5625
Test instance 0.5625, class 0.5625
2026-06-24 18:53:09,916 - INFO - Best instance 0.6500, class 0.6500 (epoch 54)
Best instance 0.6500, class 0.6500 (epoch 54)
2026-06-24 18:53:09,942 - INFO - Epoch 62/200:
Epoch 62/200:
2026-06-24 18:53:12,728 - INFO - Train loss: 0.0127 (2.8s)
Train loss: 0.0127 (2.8s)
2026-06-24 18:53:12,994 - INFO - Test instance 0.5250, class 0.5250
Test instance 0.5250, class 0.5250
2026-06-24 18:53:12,994 - INFO - Best instance 0.6500, class 0.6500 (epoch 54)
Best instance 0.6500, class 0.6500 (epoch 54)
2026-06-24 18:53:13,021 - INFO - Epoch 63/200:
Epoch 63/200:
2026-06-24 18:53:15,829 - INFO - Train loss: 0.0121 (2.8s)
Train loss: 0.0121 (2.8s)
2026-06-24 18:53:16,092 - INFO - Test instance 0.5000, class 0.5000
Test instance 0.5000, class 0.5000
2026-06-24 18:53:16,092 - INFO - Best instance 0.6500, class 0.6500 (epoch 54)
Best instance 0.6500, class 0.6500 (epoch 54)
2026-06-24 18:53:16,117 - INFO - Epoch 64/200:
Epoch 64/200:
2026-06-24 18:53:18,894 - INFO - Train loss: 0.0111 (2.8s)
Train loss: 0.0111 (2.8s)
2026-06-24 18:53:19,157 - INFO - Test instance 0.5000, class 0.5000
Test instance 0.5000, class 0.5000
2026-06-24 18:53:19,158 - INFO - Best instance 0.6500, class 0.6500 (epoch 54)
Best instance 0.6500, class 0.6500 (epoch 54)
2026-06-24 18:53:19,183 - INFO - Epoch 65/200:
Epoch 65/200:
2026-06-24 18:53:21,954 - INFO - Train loss: 0.0106 (2.8s)
Train loss: 0.0106 (2.8s)
2026-06-24 18:53:22,217 - INFO - Test instance 0.5000, class 0.5000
Test instance 0.5000, class 0.5000
2026-06-24 18:53:22,218 - INFO - Best instance 0.6500, class 0.6500 (epoch 54)
Best instance 0.6500, class 0.6500 (epoch 54)
2026-06-24 18:53:22,243 - INFO - Epoch 66/200:
Epoch 66/200:
2026-06-24 18:53:25,039 - INFO - Train loss: 0.0118 (2.8s)
Train loss: 0.0118 (2.8s)
2026-06-24 18:53:25,318 - INFO - Test instance 0.5125, class 0.5125
Test instance 0.5125, class 0.5125
2026-06-24 18:53:25,318 - INFO - Best instance 0.6500, class 0.6500 (epoch 54)
Best instance 0.6500, class 0.6500 (epoch 54)
2026-06-24 18:53:25,345 - INFO - Epoch 67/200:
Epoch 67/200:
2026-06-24 18:53:28,115 - INFO - Train loss: 0.0124 (2.8s)
Train loss: 0.0124 (2.8s)
2026-06-24 18:53:28,383 - INFO - Test instance 0.5000, class 0.5000
Test instance 0.5000, class 0.5000
2026-06-24 18:53:28,383 - INFO - Best instance 0.6500, class 0.6500 (epoch 54)
Best instance 0.6500, class 0.6500 (epoch 54)
2026-06-24 18:53:28,411 - INFO - Epoch 68/200:
Epoch 68/200:
2026-06-24 18:53:31,139 - INFO - Train loss: 0.0127 (2.7s)
Train loss: 0.0127 (2.7s)
2026-06-24 18:53:31,397 - INFO - Test instance 0.4875, class 0.4875
Test instance 0.4875, class 0.4875
2026-06-24 18:53:31,397 - INFO - Best instance 0.6500, class 0.6500 (epoch 54)
Best instance 0.6500, class 0.6500 (epoch 54)
2026-06-24 18:53:31,425 - INFO - Epoch 69/200:
Epoch 69/200:
2026-06-24 18:53:34,168 - INFO - Train loss: 0.0117 (2.7s)
Train loss: 0.0117 (2.7s)
2026-06-24 18:53:34,431 - INFO - Test instance 0.5125, class 0.5125
Test instance 0.5125, class 0.5125
2026-06-24 18:53:34,432 - INFO - Best instance 0.6500, class 0.6500 (epoch 54)
Best instance 0.6500, class 0.6500 (epoch 54)
2026-06-24 18:53:34,457 - INFO - Epoch 70/200:
Epoch 70/200:
2026-06-24 18:53:37,220 - INFO - Train loss: 0.0131 (2.8s)
Train loss: 0.0131 (2.8s)
2026-06-24 18:53:37,482 - INFO - Test instance 0.5000, class 0.5000
Test instance 0.5000, class 0.5000
2026-06-24 18:53:37,482 - INFO - Best instance 0.6500, class 0.6500 (epoch 54)
Best instance 0.6500, class 0.6500 (epoch 54)
2026-06-24 18:53:37,507 - INFO - Epoch 71/200:
Epoch 71/200:
2026-06-24 18:53:40,306 - INFO - Train loss: 0.0127 (2.8s)
Train loss: 0.0127 (2.8s)
2026-06-24 18:53:40,574 - INFO - Test instance 0.4875, class 0.4875
Test instance 0.4875, class 0.4875
2026-06-24 18:53:40,574 - INFO - Best instance 0.6500, class 0.6500 (epoch 54)
Best instance 0.6500, class 0.6500 (epoch 54)
2026-06-24 18:53:40,603 - INFO - Epoch 72/200:
Epoch 72/200:
2026-06-24 18:53:43,411 - INFO - Train loss: 0.0123 (2.8s)
Train loss: 0.0123 (2.8s)
2026-06-24 18:53:43,671 - INFO - Test instance 0.5000, class 0.5000
Test instance 0.5000, class 0.5000
2026-06-24 18:53:43,671 - INFO - Best instance 0.6500, class 0.6500 (epoch 54)
Best instance 0.6500, class 0.6500 (epoch 54)
2026-06-24 18:53:43,695 - INFO - Epoch 73/200:
Epoch 73/200:
2026-06-24 18:53:46,472 - INFO - Train loss: 0.0131 (2.8s)
Train loss: 0.0131 (2.8s)
2026-06-24 18:53:46,745 - INFO - Test instance 0.5375, class 0.5375
Test instance 0.5375, class 0.5375
2026-06-24 18:53:46,746 - INFO - Best instance 0.6500, class 0.6500 (epoch 54)
Best instance 0.6500, class 0.6500 (epoch 54)
2026-06-24 18:53:46,770 - INFO - Epoch 74/200:
Epoch 74/200:
2026-06-24 18:53:49,533 - INFO - Train loss: 0.0137 (2.8s)
Train loss: 0.0137 (2.8s)
2026-06-24 18:53:49,797 - INFO - Test instance 0.5000, class 0.5000
Test instance 0.5000, class 0.5000
2026-06-24 18:53:49,798 - INFO - Best instance 0.6500, class 0.6500 (epoch 54)
Best instance 0.6500, class 0.6500 (epoch 54)
2026-06-24 18:53:49,822 - INFO - Epoch 75/200:
Epoch 75/200:
2026-06-24 18:53:52,552 - INFO - Train loss: 0.0131 (2.7s)
Train loss: 0.0131 (2.7s)
2026-06-24 18:53:52,813 - INFO - Test instance 0.4875, class 0.4875
Test instance 0.4875, class 0.4875
2026-06-24 18:53:52,813 - INFO - Best instance 0.6500, class 0.6500 (epoch 54)
Best instance 0.6500, class 0.6500 (epoch 54)
2026-06-24 18:53:52,838 - INFO - Epoch 76/200:
Epoch 76/200:
2026-06-24 18:53:55,585 - INFO - Train loss: 0.0113 (2.7s)
Train loss: 0.0113 (2.7s)
2026-06-24 18:53:55,859 - INFO - Test instance 0.4750, class 0.4750
Test instance 0.4750, class 0.4750
2026-06-24 18:53:55,860 - INFO - Best instance 0.6500, class 0.6500 (epoch 54)
Best instance 0.6500, class 0.6500 (epoch 54)
2026-06-24 18:53:55,885 - INFO - Epoch 77/200:
Epoch 77/200:
2026-06-24 18:53:58,667 - INFO - Train loss: 0.0141 (2.8s)
Train loss: 0.0141 (2.8s)
2026-06-24 18:53:58,922 - INFO - Test instance 0.5250, class 0.5250
Test instance 0.5250, class 0.5250
2026-06-24 18:53:58,923 - INFO - Best instance 0.6500, class 0.6500 (epoch 54)
Best instance 0.6500, class 0.6500 (epoch 54)
2026-06-24 18:53:58,948 - INFO - Epoch 78/200:
Epoch 78/200:
2026-06-24 18:54:01,747 - INFO - Train loss: 0.0116 (2.8s)
Train loss: 0.0116 (2.8s)
2026-06-24 18:54:02,024 - INFO - Test instance 0.5250, class 0.5250
Test instance 0.5250, class 0.5250
2026-06-24 18:54:02,025 - INFO - Best instance 0.6500, class 0.6500 (epoch 54)
Best instance 0.6500, class 0.6500 (epoch 54)
2026-06-24 18:54:02,052 - INFO - Epoch 79/200:
Epoch 79/200:
2026-06-24 18:54:04,862 - INFO - Train loss: 0.0109 (2.8s)
Train loss: 0.0109 (2.8s)
2026-06-24 18:54:05,126 - INFO - Test instance 0.5375, class 0.5375
Test instance 0.5375, class 0.5375
2026-06-24 18:54:05,126 - INFO - Best instance 0.6500, class 0.6500 (epoch 54)
Best instance 0.6500, class 0.6500 (epoch 54)
2026-06-24 18:54:05,153 - INFO - Epoch 80/200:
Epoch 80/200:
2026-06-24 18:54:08,645 - INFO - Train loss: 0.0108 (3.5s)
Train loss: 0.0108 (3.5s)
2026-06-24 18:54:08,971 - INFO - Test instance 0.5250, class 0.5250
Test instance 0.5250, class 0.5250
2026-06-24 18:54:08,971 - INFO - Best instance 0.6500, class 0.6500 (epoch 54)
Best instance 0.6500, class 0.6500 (epoch 54)
2026-06-24 18:54:08,999 - INFO - Epoch 81/200:
Epoch 81/200:
2026-06-24 18:54:11,752 - INFO - Train loss: 0.0138 (2.8s)
Train loss: 0.0138 (2.8s)
2026-06-24 18:54:12,014 - INFO - Test instance 0.5125, class 0.5125
Test instance 0.5125, class 0.5125
2026-06-24 18:54:12,014 - INFO - Best instance 0.6500, class 0.6500 (epoch 54)
Best instance 0.6500, class 0.6500 (epoch 54)
2026-06-24 18:54:12,040 - INFO - Epoch 82/200:
Epoch 82/200:
2026-06-24 18:54:14,761 - INFO - Train loss: 0.0104 (2.7s)
Train loss: 0.0104 (2.7s)
2026-06-24 18:54:15,096 - INFO - Test instance 0.5500, class 0.5500
Test instance 0.5500, class 0.5500
2026-06-24 18:54:15,096 - INFO - Best instance 0.6500, class 0.6500 (epoch 54)
Best instance 0.6500, class 0.6500 (epoch 54)
2026-06-24 18:54:15,124 - INFO - Epoch 83/200:
Epoch 83/200:
2026-06-24 18:54:17,872 - INFO - Train loss: 0.0112 (2.7s)
Train loss: 0.0112 (2.7s)
2026-06-24 18:54:18,137 - INFO - Test instance 0.5250, class 0.5250
Test instance 0.5250, class 0.5250
2026-06-24 18:54:18,137 - INFO - Best instance 0.6500, class 0.6500 (epoch 54)
Best instance 0.6500, class 0.6500 (epoch 54)
2026-06-24 18:54:18,164 - INFO - Epoch 84/200:
Epoch 84/200:
2026-06-24 18:54:21,640 - INFO - Train loss: 0.0096 (3.5s)
Train loss: 0.0096 (3.5s)
2026-06-24 18:54:21,895 - INFO - Test instance 0.5250, class 0.5250
Test instance 0.5250, class 0.5250
2026-06-24 18:54:21,895 - INFO - Best instance 0.6500, class 0.6500 (epoch 54)
Best instance 0.6500, class 0.6500 (epoch 54)
2026-06-24 18:54:21,920 - INFO - Epoch 85/200:
Epoch 85/200:
2026-06-24 18:54:24,698 - INFO - Train loss: 0.0095 (2.8s)
Train loss: 0.0095 (2.8s)
2026-06-24 18:54:24,957 - INFO - Test instance 0.5125, class 0.5125
Test instance 0.5125, class 0.5125
2026-06-24 18:54:24,957 - INFO - Best instance 0.6500, class 0.6500 (epoch 54)
Best instance 0.6500, class 0.6500 (epoch 54)
2026-06-24 18:54:24,983 - INFO - Epoch 86/200:
Epoch 86/200:
2026-06-24 18:54:28,477 - INFO - Train loss: 0.0127 (3.5s)
Train loss: 0.0127 (3.5s)
2026-06-24 18:54:28,812 - INFO - Test instance 0.5125, class 0.5125
Test instance 0.5125, class 0.5125
2026-06-24 18:54:28,813 - INFO - Best instance 0.6500, class 0.6500 (epoch 54)
Best instance 0.6500, class 0.6500 (epoch 54)
2026-06-24 18:54:28,841 - INFO - Epoch 87/200:
Epoch 87/200:
2026-06-24 18:54:32,311 - INFO - Train loss: 0.0110 (3.5s)
Train loss: 0.0110 (3.5s)
2026-06-24 18:54:32,639 - INFO - Test instance 0.4875, class 0.4875
Test instance 0.4875, class 0.4875
2026-06-24 18:54:32,639 - INFO - Best instance 0.6500, class 0.6500 (epoch 54)
Best instance 0.6500, class 0.6500 (epoch 54)
2026-06-24 18:54:32,669 - INFO - Epoch 88/200:
Epoch 88/200:
2026-06-24 18:54:36,118 - INFO - Train loss: 0.0103 (3.4s)
Train loss: 0.0103 (3.4s)
2026-06-24 18:54:36,382 - INFO - Test instance 0.5250, class 0.5250
Test instance 0.5250, class 0.5250
2026-06-24 18:54:36,382 - INFO - Best instance 0.6500, class 0.6500 (epoch 54)
Best instance 0.6500, class 0.6500 (epoch 54)
2026-06-24 18:54:36,410 - INFO - Epoch 89/200:
Epoch 89/200:
2026-06-24 18:54:39,189 - INFO - Train loss: 0.0117 (2.8s)
Train loss: 0.0117 (2.8s)
2026-06-24 18:54:39,455 - INFO - Test instance 0.5375, class 0.5375
Test instance 0.5375, class 0.5375
2026-06-24 18:54:39,455 - INFO - Best instance 0.6500, class 0.6500 (epoch 54)
Best instance 0.6500, class 0.6500 (epoch 54)
2026-06-24 18:54:39,492 - INFO - Epoch 90/200:
Epoch 90/200:
2026-06-24 18:54:42,261 - INFO - Train loss: 0.0130 (2.8s)
Train loss: 0.0130 (2.8s)
2026-06-24 18:54:42,523 - INFO - Test instance 0.5250, class 0.5250
Test instance 0.5250, class 0.5250
2026-06-24 18:54:42,524 - INFO - Best instance 0.6500, class 0.6500 (epoch 54)
Best instance 0.6500, class 0.6500 (epoch 54)
2026-06-24 18:54:42,552 - INFO - Epoch 91/200:
Epoch 91/200:
2026-06-24 18:54:45,316 - INFO - Train loss: 0.0114 (2.8s)
Train loss: 0.0114 (2.8s)
2026-06-24 18:54:45,594 - INFO - Test instance 0.5000, class 0.5000
Test instance 0.5000, class 0.5000
2026-06-24 18:54:45,594 - INFO - Best instance 0.6500, class 0.6500 (epoch 54)
Best instance 0.6500, class 0.6500 (epoch 54)
2026-06-24 18:54:45,622 - INFO - Epoch 92/200:
Epoch 92/200:
2026-06-24 18:54:48,388 - INFO - Train loss: 0.0108 (2.8s)
Train loss: 0.0108 (2.8s)
2026-06-24 18:54:48,659 - INFO - Test instance 0.5000, class 0.5000
Test instance 0.5000, class 0.5000
2026-06-24 18:54:48,660 - INFO - Best instance 0.6500, class 0.6500 (epoch 54)
Best instance 0.6500, class 0.6500 (epoch 54)
2026-06-24 18:54:48,688 - INFO - Epoch 93/200:
Epoch 93/200:
2026-06-24 18:54:51,447 - INFO - Train loss: 0.0093 (2.8s)
Train loss: 0.0093 (2.8s)
2026-06-24 18:54:51,782 - INFO - Test instance 0.5000, class 0.5000
Test instance 0.5000, class 0.5000
2026-06-24 18:54:51,782 - INFO - Best instance 0.6500, class 0.6500 (epoch 54)
Best instance 0.6500, class 0.6500 (epoch 54)
2026-06-24 18:54:51,813 - INFO - Epoch 94/200:
Epoch 94/200:
2026-06-24 18:54:54,559 - INFO - Train loss: 0.0121 (2.7s)
Train loss: 0.0121 (2.7s)
2026-06-24 18:54:54,818 - INFO - Test instance 0.5000, class 0.5000
Test instance 0.5000, class 0.5000
2026-06-24 18:54:54,818 - INFO - Best instance 0.6500, class 0.6500 (epoch 54)
Best instance 0.6500, class 0.6500 (epoch 54)
2026-06-24 18:54:54,845 - INFO - Epoch 95/200:
Epoch 95/200:
2026-06-24 18:54:57,593 - INFO - Train loss: 0.0099 (2.7s)
Train loss: 0.0099 (2.7s)
2026-06-24 18:54:57,856 - INFO - Test instance 0.5000, class 0.5000
Test instance 0.5000, class 0.5000
2026-06-24 18:54:57,856 - INFO - Best instance 0.6500, class 0.6500 (epoch 54)
Best instance 0.6500, class 0.6500 (epoch 54)
2026-06-24 18:54:57,885 - INFO - Epoch 96/200:
Epoch 96/200:
2026-06-24 18:55:00,681 - INFO - Train loss: 0.0105 (2.8s)
Train loss: 0.0105 (2.8s)
2026-06-24 18:55:00,946 - INFO - Test instance 0.5000, class 0.5000
Test instance 0.5000, class 0.5000
2026-06-24 18:55:00,947 - INFO - Best instance 0.6500, class 0.6500 (epoch 54)
Best instance 0.6500, class 0.6500 (epoch 54)
2026-06-24 18:55:00,973 - INFO - Epoch 97/200:
Epoch 97/200:
2026-06-24 18:55:03,808 - INFO - Train loss: 0.0111 (2.8s)
Train loss: 0.0111 (2.8s)
2026-06-24 18:55:04,070 - INFO - Test instance 0.5000, class 0.5000
Test instance 0.5000, class 0.5000
2026-06-24 18:55:04,070 - INFO - Best instance 0.6500, class 0.6500 (epoch 54)
Best instance 0.6500, class 0.6500 (epoch 54)
2026-06-24 18:55:04,103 - INFO - Epoch 98/200:
Epoch 98/200:
2026-06-24 18:55:07,573 - INFO - Train loss: 0.0093 (3.5s)
Train loss: 0.0093 (3.5s)
2026-06-24 18:55:07,911 - INFO - Test instance 0.5000, class 0.5000
Test instance 0.5000, class 0.5000
2026-06-24 18:55:07,911 - INFO - Best instance 0.6500, class 0.6500 (epoch 54)
Best instance 0.6500, class 0.6500 (epoch 54)
2026-06-24 18:55:07,943 - INFO - Epoch 99/200:
Epoch 99/200:
2026-06-24 18:55:11,461 - INFO - Train loss: 0.0104 (3.5s)
Train loss: 0.0104 (3.5s)
2026-06-24 18:55:11,799 - INFO - Test instance 0.4750, class 0.4750
Test instance 0.4750, class 0.4750
2026-06-24 18:55:11,799 - INFO - Best instance 0.6500, class 0.6500 (epoch 54)
Best instance 0.6500, class 0.6500 (epoch 54)
2026-06-24 18:55:11,827 - INFO - Epoch 100/200:
Epoch 100/200:
2026-06-24 18:55:14,573 - INFO - Train loss: 0.0118 (2.7s)
Train loss: 0.0118 (2.7s)
2026-06-24 18:55:14,836 - INFO - Test instance 0.5000, class 0.5000
Test instance 0.5000, class 0.5000
2026-06-24 18:55:14,836 - INFO - Best instance 0.6500, class 0.6500 (epoch 54)
Best instance 0.6500, class 0.6500 (epoch 54)
2026-06-24 18:55:14,864 - INFO - Epoch 101/200:
Epoch 101/200:
2026-06-24 18:55:17,597 - INFO - Train loss: 0.0113 (2.7s)
Train loss: 0.0113 (2.7s)
2026-06-24 18:55:17,860 - INFO - Test instance 0.5000, class 0.5000
Test instance 0.5000, class 0.5000
2026-06-24 18:55:17,861 - INFO - Best instance 0.6500, class 0.6500 (epoch 54)
Best instance 0.6500, class 0.6500 (epoch 54)
2026-06-24 18:55:17,891 - INFO - Epoch 102/200:
Epoch 102/200:
2026-06-24 18:55:21,368 - INFO - Train loss: 0.0104 (3.5s)
Train loss: 0.0104 (3.5s)
2026-06-24 18:55:21,706 - INFO - Test instance 0.5000, class 0.5000
Test instance 0.5000, class 0.5000
2026-06-24 18:55:21,706 - INFO - Best instance 0.6500, class 0.6500 (epoch 54)
Best instance 0.6500, class 0.6500 (epoch 54)
2026-06-24 18:55:21,734 - INFO - Epoch 103/200:
Epoch 103/200:
2026-06-24 18:55:24,499 - INFO - Train loss: 0.0106 (2.8s)
Train loss: 0.0106 (2.8s)
2026-06-24 18:55:24,758 - INFO - Test instance 0.4875, class 0.4875
Test instance 0.4875, class 0.4875
2026-06-24 18:55:24,758 - INFO - Best instance 0.6500, class 0.6500 (epoch 54)
Best instance 0.6500, class 0.6500 (epoch 54)
2026-06-24 18:55:24,786 - INFO - Epoch 104/200:
Epoch 104/200:
2026-06-24 18:55:27,543 - INFO - Train loss: 0.0120 (2.8s)
Train loss: 0.0120 (2.8s)
2026-06-24 18:55:27,815 - INFO - Test instance 0.5125, class 0.5125
Test instance 0.5125, class 0.5125
2026-06-24 18:55:27,815 - INFO - Best instance 0.6500, class 0.6500 (epoch 54)
Best instance 0.6500, class 0.6500 (epoch 54)
2026-06-24 18:55:27,842 - INFO - Epoch 105/200:
Epoch 105/200:
2026-06-24 18:55:31,331 - INFO - Train loss: 0.0110 (3.5s)
Train loss: 0.0110 (3.5s)
2026-06-24 18:55:31,599 - INFO - Test instance 0.5125, class 0.5125
Test instance 0.5125, class 0.5125
2026-06-24 18:55:31,599 - INFO - Best instance 0.6500, class 0.6500 (epoch 54)
Best instance 0.6500, class 0.6500 (epoch 54)
2026-06-24 18:55:31,632 - INFO - Epoch 106/200:
Epoch 106/200:
2026-06-24 18:55:35,175 - INFO - Train loss: 0.0116 (3.5s)
Train loss: 0.0116 (3.5s)
2026-06-24 18:55:35,448 - INFO - Test instance 0.5250, class 0.5250
Test instance 0.5250, class 0.5250
2026-06-24 18:55:35,448 - INFO - Best instance 0.6500, class 0.6500 (epoch 54)
Best instance 0.6500, class 0.6500 (epoch 54)
2026-06-24 18:55:35,477 - INFO - Epoch 107/200:
Epoch 107/200:
2026-06-24 18:55:38,255 - INFO - Train loss: 0.0110 (2.8s)
Train loss: 0.0110 (2.8s)
2026-06-24 18:55:38,520 - INFO - Test instance 0.5375, class 0.5375
Test instance 0.5375, class 0.5375
2026-06-24 18:55:38,521 - INFO - Best instance 0.6500, class 0.6500 (epoch 54)
Best instance 0.6500, class 0.6500 (epoch 54)
2026-06-24 18:55:38,550 - INFO - Epoch 108/200:
Epoch 108/200:
2026-06-24 18:55:41,326 - INFO - Train loss: 0.0103 (2.8s)
Train loss: 0.0103 (2.8s)
2026-06-24 18:55:41,594 - INFO - Test instance 0.5375, class 0.5375
Test instance 0.5375, class 0.5375
2026-06-24 18:55:41,595 - INFO - Best instance 0.6500, class 0.6500 (epoch 54)
Best instance 0.6500, class 0.6500 (epoch 54)
2026-06-24 18:55:41,622 - INFO - Epoch 109/200:
Epoch 109/200:
2026-06-24 18:55:44,385 - INFO - Train loss: 0.0114 (2.8s)
Train loss: 0.0114 (2.8s)
2026-06-24 18:55:44,734 - INFO - Test instance 0.4875, class 0.4875
Test instance 0.4875, class 0.4875
2026-06-24 18:55:44,735 - INFO - Best instance 0.6500, class 0.6500 (epoch 54)
Best instance 0.6500, class 0.6500 (epoch 54)
2026-06-24 18:55:44,771 - INFO - Epoch 110/200:
Epoch 110/200:
2026-06-24 18:55:47,518 - INFO - Train loss: 0.0118 (2.7s)
Train loss: 0.0118 (2.7s)
2026-06-24 18:55:47,786 - INFO - Test instance 0.4875, class 0.4875
Test instance 0.4875, class 0.4875
2026-06-24 18:55:47,786 - INFO - Best instance 0.6500, class 0.6500 (epoch 54)
Best instance 0.6500, class 0.6500 (epoch 54)
2026-06-24 18:55:47,811 - INFO - Epoch 111/200:
Epoch 111/200:
2026-06-24 18:55:50,575 - INFO - Train loss: 0.0098 (2.8s)
Train loss: 0.0098 (2.8s)
2026-06-24 18:55:50,846 - INFO - Test instance 0.5125, class 0.5125
Test instance 0.5125, class 0.5125
2026-06-24 18:55:50,846 - INFO - Best instance 0.6500, class 0.6500 (epoch 54)
Best instance 0.6500, class 0.6500 (epoch 54)
2026-06-24 18:55:50,876 - INFO - Epoch 112/200:
Epoch 112/200:
2026-06-24 18:55:53,640 - INFO - Train loss: 0.0113 (2.8s)
Train loss: 0.0113 (2.8s)
2026-06-24 18:55:53,903 - INFO - Test instance 0.5125, class 0.5125
Test instance 0.5125, class 0.5125
2026-06-24 18:55:53,904 - INFO - Best instance 0.6500, class 0.6500 (epoch 54)
Best instance 0.6500, class 0.6500 (epoch 54)
2026-06-24 18:55:53,940 - INFO - Epoch 113/200:
Epoch 113/200:
2026-06-24 18:55:56,718 - INFO - Train loss: 0.0124 (2.8s)
Train loss: 0.0124 (2.8s)
2026-06-24 18:55:56,977 - INFO - Test instance 0.5250, class 0.5250
Test instance 0.5250, class 0.5250
2026-06-24 18:55:56,977 - INFO - Best instance 0.6500, class 0.6500 (epoch 54)
Best instance 0.6500, class 0.6500 (epoch 54)
2026-06-24 18:55:57,002 - INFO - Epoch 114/200:
Epoch 114/200:
2026-06-24 18:55:59,741 - INFO - Train loss: 0.0116 (2.7s)
Train loss: 0.0116 (2.7s)
2026-06-24 18:56:00,000 - INFO - Test instance 0.5250, class 0.5250
Test instance 0.5250, class 0.5250
2026-06-24 18:56:00,001 - INFO - Best instance 0.6500, class 0.6500 (epoch 54)
Best instance 0.6500, class 0.6500 (epoch 54)
2026-06-24 18:56:00,030 - INFO - Epoch 115/200:
Epoch 115/200:
2026-06-24 18:56:02,805 - INFO - Train loss: 0.0117 (2.8s)
Train loss: 0.0117 (2.8s)
2026-06-24 18:56:03,071 - INFO - Test instance 0.5500, class 0.5500
Test instance 0.5500, class 0.5500
2026-06-24 18:56:03,072 - INFO - Best instance 0.6500, class 0.6500 (epoch 54)
Best instance 0.6500, class 0.6500 (epoch 54)
2026-06-24 18:56:03,104 - INFO - Epoch 116/200:
Epoch 116/200:
2026-06-24 18:56:06,585 - INFO - Train loss: 0.0126 (3.5s)
Train loss: 0.0126 (3.5s)
2026-06-24 18:56:06,930 - INFO - Test instance 0.5375, class 0.5375
Test instance 0.5375, class 0.5375
2026-06-24 18:56:06,930 - INFO - Best instance 0.6500, class 0.6500 (epoch 54)
Best instance 0.6500, class 0.6500 (epoch 54)
2026-06-24 18:56:06,958 - INFO - Epoch 117/200:
Epoch 117/200:
2026-06-24 18:56:09,730 - INFO - Train loss: 0.0109 (2.8s)
Train loss: 0.0109 (2.8s)
2026-06-24 18:56:10,062 - INFO - Test instance 0.5000, class 0.5000
Test instance 0.5000, class 0.5000
2026-06-24 18:56:10,062 - INFO - Best instance 0.6500, class 0.6500 (epoch 54)
Best instance 0.6500, class 0.6500 (epoch 54)
2026-06-24 18:56:10,092 - INFO - Epoch 118/200:
Epoch 118/200:
2026-06-24 18:56:13,572 - INFO - Train loss: 0.0098 (3.5s)
Train loss: 0.0098 (3.5s)
2026-06-24 18:56:13,835 - INFO - Test instance 0.5000, class 0.5000
Test instance 0.5000, class 0.5000
2026-06-24 18:56:13,835 - INFO - Best instance 0.6500, class 0.6500 (epoch 54)
Best instance 0.6500, class 0.6500 (epoch 54)
2026-06-24 18:56:13,860 - INFO - Epoch 119/200:
Epoch 119/200:
2026-06-24 18:56:16,623 - INFO - Train loss: 0.0103 (2.8s)
Train loss: 0.0103 (2.8s)
2026-06-24 18:56:16,882 - INFO - Test instance 0.5125, class 0.5125
Test instance 0.5125, class 0.5125
2026-06-24 18:56:16,882 - INFO - Best instance 0.6500, class 0.6500 (epoch 54)
Best instance 0.6500, class 0.6500 (epoch 54)
2026-06-24 18:56:16,909 - INFO - Epoch 120/200:
Epoch 120/200:
2026-06-24 18:56:19,704 - INFO - Train loss: 0.0103 (2.8s)
Train loss: 0.0103 (2.8s)
2026-06-24 18:56:19,964 - INFO - Test instance 0.5000, class 0.5000
Test instance 0.5000, class 0.5000
2026-06-24 18:56:19,965 - INFO - Best instance 0.6500, class 0.6500 (epoch 54)
Best instance 0.6500, class 0.6500 (epoch 54)
2026-06-24 18:56:19,990 - INFO - Epoch 121/200:
Epoch 121/200:
2026-06-24 18:56:22,719 - INFO - Train loss: 0.0111 (2.7s)
Train loss: 0.0111 (2.7s)
2026-06-24 18:56:23,042 - INFO - Test instance 0.5125, class 0.5125
Test instance 0.5125, class 0.5125
2026-06-24 18:56:23,042 - INFO - Best instance 0.6500, class 0.6500 (epoch 54)
Best instance 0.6500, class 0.6500 (epoch 54)
2026-06-24 18:56:23,070 - INFO - Epoch 122/200:
Epoch 122/200:
2026-06-24 18:56:26,558 - INFO - Train loss: 0.0116 (3.5s)
Train loss: 0.0116 (3.5s)
2026-06-24 18:56:26,835 - INFO - Test instance 0.5250, class 0.5250
Test instance 0.5250, class 0.5250
2026-06-24 18:56:26,836 - INFO - Best instance 0.6500, class 0.6500 (epoch 54)
Best instance 0.6500, class 0.6500 (epoch 54)
2026-06-24 18:56:26,864 - INFO - Epoch 123/200:
Epoch 123/200:
2026-06-24 18:56:29,650 - INFO - Train loss: 0.0103 (2.8s)
Train loss: 0.0103 (2.8s)
2026-06-24 18:56:29,909 - INFO - Test instance 0.5125, class 0.5125
Test instance 0.5125, class 0.5125
2026-06-24 18:56:29,910 - INFO - Best instance 0.6500, class 0.6500 (epoch 54)
Best instance 0.6500, class 0.6500 (epoch 54)
2026-06-24 18:56:29,935 - INFO - Epoch 124/200:
Epoch 124/200:
2026-06-24 18:56:32,696 - INFO - Train loss: 0.0110 (2.8s)
Train loss: 0.0110 (2.8s)
2026-06-24 18:56:32,954 - INFO - Test instance 0.5250, class 0.5250
Test instance 0.5250, class 0.5250
2026-06-24 18:56:32,954 - INFO - Best instance 0.6500, class 0.6500 (epoch 54)
Best instance 0.6500, class 0.6500 (epoch 54)
2026-06-24 18:56:32,979 - INFO - Epoch 125/200:
Epoch 125/200:
2026-06-24 18:56:35,741 - INFO - Train loss: 0.0102 (2.8s)
Train loss: 0.0102 (2.8s)
2026-06-24 18:56:36,000 - INFO - Test instance 0.5250, class 0.5250
Test instance 0.5250, class 0.5250
2026-06-24 18:56:36,000 - INFO - Best instance 0.6500, class 0.6500 (epoch 54)
Best instance 0.6500, class 0.6500 (epoch 54)
2026-06-24 18:56:36,035 - INFO - Epoch 126/200:
Epoch 126/200:
2026-06-24 18:56:38,800 - INFO - Train loss: 0.0106 (2.8s)
Train loss: 0.0106 (2.8s)
2026-06-24 18:56:39,063 - INFO - Test instance 0.5250, class 0.5250
Test instance 0.5250, class 0.5250
2026-06-24 18:56:39,064 - INFO - Best instance 0.6500, class 0.6500 (epoch 54)
Best instance 0.6500, class 0.6500 (epoch 54)
2026-06-24 18:56:39,096 - INFO - Epoch 127/200:
Epoch 127/200:
2026-06-24 18:56:41,866 - INFO - Train loss: 0.0105 (2.8s)
Train loss: 0.0105 (2.8s)
2026-06-24 18:56:42,133 - INFO - Test instance 0.5125, class 0.5125
Test instance 0.5125, class 0.5125
2026-06-24 18:56:42,133 - INFO - Best instance 0.6500, class 0.6500 (epoch 54)
Best instance 0.6500, class 0.6500 (epoch 54)
2026-06-24 18:56:42,160 - INFO - Epoch 128/200:
Epoch 128/200:
2026-06-24 18:56:44,881 - INFO - Train loss: 0.0103 (2.7s)
Train loss: 0.0103 (2.7s)
2026-06-24 18:56:45,141 - INFO - Test instance 0.5500, class 0.5500
Test instance 0.5500, class 0.5500
2026-06-24 18:56:45,141 - INFO - Best instance 0.6500, class 0.6500 (epoch 54)
Best instance 0.6500, class 0.6500 (epoch 54)
2026-06-24 18:56:45,166 - INFO - Epoch 129/200:
Epoch 129/200:
2026-06-24 18:56:47,886 - INFO - Train loss: 0.0123 (2.7s)
Train loss: 0.0123 (2.7s)
2026-06-24 18:56:48,149 - INFO - Test instance 0.5250, class 0.5250
Test instance 0.5250, class 0.5250
2026-06-24 18:56:48,149 - INFO - Best instance 0.6500, class 0.6500 (epoch 54)
Best instance 0.6500, class 0.6500 (epoch 54)
2026-06-24 18:56:48,174 - INFO - Epoch 130/200:
Epoch 130/200:
2026-06-24 18:56:50,933 - INFO - Train loss: 0.0109 (2.8s)
Train loss: 0.0109 (2.8s)
2026-06-24 18:56:51,193 - INFO - Test instance 0.5375, class 0.5375
Test instance 0.5375, class 0.5375
2026-06-24 18:56:51,194 - INFO - Best instance 0.6500, class 0.6500 (epoch 54)
Best instance 0.6500, class 0.6500 (epoch 54)
2026-06-24 18:56:51,219 - INFO - Epoch 131/200:
Epoch 131/200:
2026-06-24 18:56:53,963 - INFO - Train loss: 0.0095 (2.7s)
Train loss: 0.0095 (2.7s)
2026-06-24 18:56:54,229 - INFO - Test instance 0.5625, class 0.5625
Test instance 0.5625, class 0.5625
2026-06-24 18:56:54,229 - INFO - Best instance 0.6500, class 0.6500 (epoch 54)
Best instance 0.6500, class 0.6500 (epoch 54)
2026-06-24 18:56:54,255 - INFO - Epoch 132/200:
Epoch 132/200:
2026-06-24 18:56:57,003 - INFO - Train loss: 0.0094 (2.7s)
Train loss: 0.0094 (2.7s)
2026-06-24 18:56:57,264 - INFO - Test instance 0.5500, class 0.5500
Test instance 0.5500, class 0.5500
2026-06-24 18:56:57,264 - INFO - Best instance 0.6500, class 0.6500 (epoch 54)
Best instance 0.6500, class 0.6500 (epoch 54)
2026-06-24 18:56:57,291 - INFO - Epoch 133/200:
Epoch 133/200:
2026-06-24 18:57:00,060 - INFO - Train loss: 0.0114 (2.8s)
Train loss: 0.0114 (2.8s)
2026-06-24 18:57:00,325 - INFO - Test instance 0.5000, class 0.5000
Test instance 0.5000, class 0.5000
2026-06-24 18:57:00,325 - INFO - Best instance 0.6500, class 0.6500 (epoch 54)
Best instance 0.6500, class 0.6500 (epoch 54)
2026-06-24 18:57:00,353 - INFO - Epoch 134/200:
Epoch 134/200:
2026-06-24 18:57:03,160 - INFO - Train loss: 0.0124 (2.8s)
Train loss: 0.0124 (2.8s)
2026-06-24 18:57:03,431 - INFO - Test instance 0.5250, class 0.5250
Test instance 0.5250, class 0.5250
2026-06-24 18:57:03,431 - INFO - Best instance 0.6500, class 0.6500 (epoch 54)
Best instance 0.6500, class 0.6500 (epoch 54)
2026-06-24 18:57:03,459 - INFO - Epoch 135/200:
Epoch 135/200:
2026-06-24 18:57:06,197 - INFO - Train loss: 0.0098 (2.7s)
Train loss: 0.0098 (2.7s)
2026-06-24 18:57:06,463 - INFO - Test instance 0.5000, class 0.5000
Test instance 0.5000, class 0.5000
2026-06-24 18:57:06,464 - INFO - Best instance 0.6500, class 0.6500 (epoch 54)
Best instance 0.6500, class 0.6500 (epoch 54)
2026-06-24 18:57:06,489 - INFO - Epoch 136/200:
Epoch 136/200:
2026-06-24 18:57:09,213 - INFO - Train loss: 0.0099 (2.7s)
Train loss: 0.0099 (2.7s)
2026-06-24 18:57:09,467 - INFO - Test instance 0.5125, class 0.5125
Test instance 0.5125, class 0.5125
2026-06-24 18:57:09,467 - INFO - Best instance 0.6500, class 0.6500 (epoch 54)
Best instance 0.6500, class 0.6500 (epoch 54)
2026-06-24 18:57:09,493 - INFO - Epoch 137/200:
Epoch 137/200:
2026-06-24 18:57:12,280 - INFO - Train loss: 0.0115 (2.8s)
Train loss: 0.0115 (2.8s)
2026-06-24 18:57:12,546 - INFO - Test instance 0.5125, class 0.5125
Test instance 0.5125, class 0.5125
2026-06-24 18:57:12,547 - INFO - Best instance 0.6500, class 0.6500 (epoch 54)
Best instance 0.6500, class 0.6500 (epoch 54)
2026-06-24 18:57:12,572 - INFO - Epoch 138/200:
Epoch 138/200:
2026-06-24 18:57:15,338 - INFO - Train loss: 0.0112 (2.8s)
Train loss: 0.0112 (2.8s)
2026-06-24 18:57:15,599 - INFO - Test instance 0.5125, class 0.5125
Test instance 0.5125, class 0.5125
2026-06-24 18:57:15,599 - INFO - Best instance 0.6500, class 0.6500 (epoch 54)
Best instance 0.6500, class 0.6500 (epoch 54)
2026-06-24 18:57:15,631 - INFO - Epoch 139/200:
Epoch 139/200:
2026-06-24 18:57:18,384 - INFO - Train loss: 0.0099 (2.8s)
Train loss: 0.0099 (2.8s)
2026-06-24 18:57:18,652 - INFO - Test instance 0.5000, class 0.5000
Test instance 0.5000, class 0.5000
2026-06-24 18:57:18,652 - INFO - Best instance 0.6500, class 0.6500 (epoch 54)
Best instance 0.6500, class 0.6500 (epoch 54)
2026-06-24 18:57:18,677 - INFO - Epoch 140/200:
Epoch 140/200:
2026-06-24 18:57:21,441 - INFO - Train loss: 0.0098 (2.8s)
Train loss: 0.0098 (2.8s)
2026-06-24 18:57:21,712 - INFO - Test instance 0.4875, class 0.4875
Test instance 0.4875, class 0.4875
2026-06-24 18:57:21,712 - INFO - Best instance 0.6500, class 0.6500 (epoch 54)
Best instance 0.6500, class 0.6500 (epoch 54)
2026-06-24 18:57:21,741 - INFO - Epoch 141/200:
Epoch 141/200:
2026-06-24 18:57:24,506 - INFO - Train loss: 0.0115 (2.8s)
Train loss: 0.0115 (2.8s)
2026-06-24 18:57:24,776 - INFO - Test instance 0.5250, class 0.5250
Test instance 0.5250, class 0.5250
2026-06-24 18:57:24,777 - INFO - Best instance 0.6500, class 0.6500 (epoch 54)
Best instance 0.6500, class 0.6500 (epoch 54)
2026-06-24 18:57:24,802 - INFO - Epoch 142/200:
Epoch 142/200:
2026-06-24 18:57:27,547 - INFO - Train loss: 0.0101 (2.7s)
Train loss: 0.0101 (2.7s)
2026-06-24 18:57:27,802 - INFO - Test instance 0.5375, class 0.5375
Test instance 0.5375, class 0.5375
2026-06-24 18:57:27,803 - INFO - Best instance 0.6500, class 0.6500 (epoch 54)
Best instance 0.6500, class 0.6500 (epoch 54)
2026-06-24 18:57:27,828 - INFO - Epoch 143/200:
Epoch 143/200:
2026-06-24 18:57:30,543 - INFO - Train loss: 0.0110 (2.7s)
Train loss: 0.0110 (2.7s)
2026-06-24 18:57:30,804 - INFO - Test instance 0.5250, class 0.5250
Test instance 0.5250, class 0.5250
2026-06-24 18:57:30,804 - INFO - Best instance 0.6500, class 0.6500 (epoch 54)
Best instance 0.6500, class 0.6500 (epoch 54)
2026-06-24 18:57:30,829 - INFO - Epoch 144/200:
Epoch 144/200:
2026-06-24 18:57:33,613 - INFO - Train loss: 0.0128 (2.8s)
Train loss: 0.0128 (2.8s)
2026-06-24 18:57:33,877 - INFO - Test instance 0.5250, class 0.5250
Test instance 0.5250, class 0.5250
2026-06-24 18:57:33,878 - INFO - Best instance 0.6500, class 0.6500 (epoch 54)
Best instance 0.6500, class 0.6500 (epoch 54)
2026-06-24 18:57:33,903 - INFO - Epoch 145/200:
Epoch 145/200:
2026-06-24 18:57:36,672 - INFO - Train loss: 0.0096 (2.8s)
Train loss: 0.0096 (2.8s)
2026-06-24 18:57:36,932 - INFO - Test instance 0.5250, class 0.5250
Test instance 0.5250, class 0.5250
2026-06-24 18:57:36,933 - INFO - Best instance 0.6500, class 0.6500 (epoch 54)
Best instance 0.6500, class 0.6500 (epoch 54)
2026-06-24 18:57:36,957 - INFO - Epoch 146/200:
Epoch 146/200:
2026-06-24 18:57:39,712 - INFO - Train loss: 0.0107 (2.8s)
Train loss: 0.0107 (2.8s)
2026-06-24 18:57:39,977 - INFO - Test instance 0.5125, class 0.5125
Test instance 0.5125, class 0.5125
2026-06-24 18:57:39,977 - INFO - Best instance 0.6500, class 0.6500 (epoch 54)
Best instance 0.6500, class 0.6500 (epoch 54)
2026-06-24 18:57:40,011 - INFO - Epoch 147/200:
Epoch 147/200:
2026-06-24 18:57:43,492 - INFO - Train loss: 0.0102 (3.5s)
Train loss: 0.0102 (3.5s)
2026-06-24 18:57:43,827 - INFO - Test instance 0.5375, class 0.5375
Test instance 0.5375, class 0.5375
2026-06-24 18:57:43,827 - INFO - Best instance 0.6500, class 0.6500 (epoch 54)
Best instance 0.6500, class 0.6500 (epoch 54)
2026-06-24 18:57:43,855 - INFO - Epoch 148/200:
Epoch 148/200:
2026-06-24 18:57:46,632 - INFO - Train loss: 0.0089 (2.8s)
Train loss: 0.0089 (2.8s)
2026-06-24 18:57:46,900 - INFO - Test instance 0.5125, class 0.5125
Test instance 0.5125, class 0.5125
2026-06-24 18:57:46,901 - INFO - Best instance 0.6500, class 0.6500 (epoch 54)
Best instance 0.6500, class 0.6500 (epoch 54)
2026-06-24 18:57:46,928 - INFO - Epoch 149/200:
Epoch 149/200:
2026-06-24 18:57:49,704 - INFO - Train loss: 0.0107 (2.8s)
Train loss: 0.0107 (2.8s)
2026-06-24 18:57:50,034 - INFO - Test instance 0.5250, class 0.5250
Test instance 0.5250, class 0.5250
2026-06-24 18:57:50,035 - INFO - Best instance 0.6500, class 0.6500 (epoch 54)
Best instance 0.6500, class 0.6500 (epoch 54)
2026-06-24 18:57:50,062 - INFO - Epoch 150/200:
Epoch 150/200:
2026-06-24 18:57:52,811 - INFO - Train loss: 0.0106 (2.7s)
Train loss: 0.0106 (2.7s)
2026-06-24 18:57:53,078 - INFO - Test instance 0.5125, class 0.5125
Test instance 0.5125, class 0.5125
2026-06-24 18:57:53,079 - INFO - Best instance 0.6500, class 0.6500 (epoch 54)
Best instance 0.6500, class 0.6500 (epoch 54)
2026-06-24 18:57:53,104 - INFO - Epoch 151/200:
Epoch 151/200:
2026-06-24 18:57:55,869 - INFO - Train loss: 0.0105 (2.8s)
Train loss: 0.0105 (2.8s)
2026-06-24 18:57:56,126 - INFO - Test instance 0.5375, class 0.5375
Test instance 0.5375, class 0.5375
2026-06-24 18:57:56,126 - INFO - Best instance 0.6500, class 0.6500 (epoch 54)
Best instance 0.6500, class 0.6500 (epoch 54)
2026-06-24 18:57:56,151 - INFO - Epoch 152/200:
Epoch 152/200:
2026-06-24 18:57:59,646 - INFO - Train loss: 0.0105 (3.5s)
Train loss: 0.0105 (3.5s)
2026-06-24 18:57:59,909 - INFO - Test instance 0.5250, class 0.5250
Test instance 0.5250, class 0.5250
2026-06-24 18:57:59,909 - INFO - Best instance 0.6500, class 0.6500 (epoch 54)
Best instance 0.6500, class 0.6500 (epoch 54)
2026-06-24 18:57:59,934 - INFO - Epoch 153/200:
Epoch 153/200:
2026-06-24 18:58:02,751 - INFO - Train loss: 0.0122 (2.8s)
Train loss: 0.0122 (2.8s)
2026-06-24 18:58:03,015 - INFO - Test instance 0.5000, class 0.5000
Test instance 0.5000, class 0.5000
2026-06-24 18:58:03,016 - INFO - Best instance 0.6500, class 0.6500 (epoch 54)
Best instance 0.6500, class 0.6500 (epoch 54)
2026-06-24 18:58:03,040 - INFO - Epoch 154/200:
Epoch 154/200:
2026-06-24 18:58:06,542 - INFO - Train loss: 0.0108 (3.5s)
Train loss: 0.0108 (3.5s)
2026-06-24 18:58:06,880 - INFO - Test instance 0.5125, class 0.5125
Test instance 0.5125, class 0.5125
2026-06-24 18:58:06,880 - INFO - Best instance 0.6500, class 0.6500 (epoch 54)
Best instance 0.6500, class 0.6500 (epoch 54)
2026-06-24 18:58:06,907 - INFO - Epoch 155/200:
Epoch 155/200:
2026-06-24 18:58:09,664 - INFO - Train loss: 0.0136 (2.8s)
Train loss: 0.0136 (2.8s)
2026-06-24 18:58:09,930 - INFO - Test instance 0.5125, class 0.5125
Test instance 0.5125, class 0.5125
2026-06-24 18:58:09,930 - INFO - Best instance 0.6500, class 0.6500 (epoch 54)
Best instance 0.6500, class 0.6500 (epoch 54)
2026-06-24 18:58:09,955 - INFO - Epoch 156/200:
Epoch 156/200:
2026-06-24 18:58:12,659 - INFO - Train loss: 0.0115 (2.7s)
Train loss: 0.0115 (2.7s)
2026-06-24 18:58:12,915 - INFO - Test instance 0.5375, class 0.5375
Test instance 0.5375, class 0.5375
2026-06-24 18:58:12,916 - INFO - Best instance 0.6500, class 0.6500 (epoch 54)
Best instance 0.6500, class 0.6500 (epoch 54)
2026-06-24 18:58:12,939 - INFO - Epoch 157/200:
Epoch 157/200:
2026-06-24 18:58:15,666 - INFO - Train loss: 0.0100 (2.7s)
Train loss: 0.0100 (2.7s)
2026-06-24 18:58:16,004 - INFO - Test instance 0.5000, class 0.5000
Test instance 0.5000, class 0.5000
2026-06-24 18:58:16,005 - INFO - Best instance 0.6500, class 0.6500 (epoch 54)
Best instance 0.6500, class 0.6500 (epoch 54)
2026-06-24 18:58:16,033 - INFO - Epoch 158/200:
Epoch 158/200:
2026-06-24 18:58:18,791 - INFO - Train loss: 0.0101 (2.8s)
Train loss: 0.0101 (2.8s)
2026-06-24 18:58:19,061 - INFO - Test instance 0.5375, class 0.5375
Test instance 0.5375, class 0.5375
2026-06-24 18:58:19,061 - INFO - Best instance 0.6500, class 0.6500 (epoch 54)
Best instance 0.6500, class 0.6500 (epoch 54)
2026-06-24 18:58:19,085 - INFO - Epoch 159/200:
Epoch 159/200:
2026-06-24 18:58:21,817 - INFO - Train loss: 0.0096 (2.7s)
Train loss: 0.0096 (2.7s)
2026-06-24 18:58:22,078 - INFO - Test instance 0.5250, class 0.5250
Test instance 0.5250, class 0.5250
2026-06-24 18:58:22,088 - INFO - Best instance 0.6500, class 0.6500 (epoch 54)
Best instance 0.6500, class 0.6500 (epoch 54)
2026-06-24 18:58:22,115 - INFO - Epoch 160/200:
Epoch 160/200:
2026-06-24 18:58:24,883 - INFO - Train loss: 0.0111 (2.8s)
Train loss: 0.0111 (2.8s)
2026-06-24 18:58:25,143 - INFO - Test instance 0.5250, class 0.5250
Test instance 0.5250, class 0.5250
2026-06-24 18:58:25,144 - INFO - Best instance 0.6500, class 0.6500 (epoch 54)
Best instance 0.6500, class 0.6500 (epoch 54)
2026-06-24 18:58:25,169 - INFO - Epoch 161/200:
Epoch 161/200:
2026-06-24 18:58:27,943 - INFO - Train loss: 0.0099 (2.8s)
Train loss: 0.0099 (2.8s)
2026-06-24 18:58:28,209 - INFO - Test instance 0.5250, class 0.5250
Test instance 0.5250, class 0.5250
2026-06-24 18:58:28,210 - INFO - Best instance 0.6500, class 0.6500 (epoch 54)
Best instance 0.6500, class 0.6500 (epoch 54)
2026-06-24 18:58:28,236 - INFO - Epoch 162/200:
Epoch 162/200:
2026-06-24 18:58:31,000 - INFO - Train loss: 0.0096 (2.8s)
Train loss: 0.0096 (2.8s)
2026-06-24 18:58:31,262 - INFO - Test instance 0.5000, class 0.5000
Test instance 0.5000, class 0.5000
2026-06-24 18:58:31,263 - INFO - Best instance 0.6500, class 0.6500 (epoch 54)
Best instance 0.6500, class 0.6500 (epoch 54)
2026-06-24 18:58:31,287 - INFO - Epoch 163/200:
Epoch 163/200:
2026-06-24 18:58:34,008 - INFO - Train loss: 0.0099 (2.7s)
Train loss: 0.0099 (2.7s)
2026-06-24 18:58:34,350 - INFO - Test instance 0.5125, class 0.5125
Test instance 0.5125, class 0.5125
2026-06-24 18:58:34,351 - INFO - Best instance 0.6500, class 0.6500 (epoch 54)
Best instance 0.6500, class 0.6500 (epoch 54)
2026-06-24 18:58:34,377 - INFO - Epoch 164/200:
Epoch 164/200:
2026-06-24 18:58:37,845 - INFO - Train loss: 0.0099 (3.5s)
Train loss: 0.0099 (3.5s)
2026-06-24 18:58:38,174 - INFO - Test instance 0.5000, class 0.5000
Test instance 0.5000, class 0.5000
2026-06-24 18:58:38,174 - INFO - Best instance 0.6500, class 0.6500 (epoch 54)
Best instance 0.6500, class 0.6500 (epoch 54)
2026-06-24 18:58:38,201 - INFO - Epoch 165/200:
Epoch 165/200:
2026-06-24 18:58:40,992 - INFO - Train loss: 0.0111 (2.8s)
Train loss: 0.0111 (2.8s)
2026-06-24 18:58:41,258 - INFO - Test instance 0.5125, class 0.5125
Test instance 0.5125, class 0.5125
2026-06-24 18:58:41,259 - INFO - Best instance 0.6500, class 0.6500 (epoch 54)
Best instance 0.6500, class 0.6500 (epoch 54)
2026-06-24 18:58:41,285 - INFO - Epoch 166/200:
Epoch 166/200:
2026-06-24 18:58:44,048 - INFO - Train loss: 0.0093 (2.8s)
Train loss: 0.0093 (2.8s)
2026-06-24 18:58:44,310 - INFO - Test instance 0.5000, class 0.5000
Test instance 0.5000, class 0.5000
2026-06-24 18:58:44,310 - INFO - Best instance 0.6500, class 0.6500 (epoch 54)
Best instance 0.6500, class 0.6500 (epoch 54)
2026-06-24 18:58:44,335 - INFO - Epoch 167/200:
Epoch 167/200:
2026-06-24 18:58:47,078 - INFO - Train loss: 0.0106 (2.7s)
Train loss: 0.0106 (2.7s)
2026-06-24 18:58:47,344 - INFO - Test instance 0.5375, class 0.5375
Test instance 0.5375, class 0.5375
2026-06-24 18:58:47,344 - INFO - Best instance 0.6500, class 0.6500 (epoch 54)
Best instance 0.6500, class 0.6500 (epoch 54)
2026-06-24 18:58:47,369 - INFO - Epoch 168/200:
Epoch 168/200:
2026-06-24 18:58:50,138 - INFO - Train loss: 0.0112 (2.8s)
Train loss: 0.0112 (2.8s)
2026-06-24 18:58:50,399 - INFO - Test instance 0.5125, class 0.5125
Test instance 0.5125, class 0.5125
2026-06-24 18:58:50,399 - INFO - Best instance 0.6500, class 0.6500 (epoch 54)
Best instance 0.6500, class 0.6500 (epoch 54)
2026-06-24 18:58:50,424 - INFO - Epoch 169/200:
Epoch 169/200:
2026-06-24 18:58:53,204 - INFO - Train loss: 0.0116 (2.8s)
Train loss: 0.0116 (2.8s)
2026-06-24 18:58:53,470 - INFO - Test instance 0.5375, class 0.5375
Test instance 0.5375, class 0.5375
2026-06-24 18:58:53,470 - INFO - Best instance 0.6500, class 0.6500 (epoch 54)
Best instance 0.6500, class 0.6500 (epoch 54)
2026-06-24 18:58:53,498 - INFO - Epoch 170/200:
Epoch 170/200:
2026-06-24 18:58:56,231 - INFO - Train loss: 0.0095 (2.7s)
Train loss: 0.0095 (2.7s)
2026-06-24 18:58:56,487 - INFO - Test instance 0.5000, class 0.5000
Test instance 0.5000, class 0.5000
2026-06-24 18:58:56,488 - INFO - Best instance 0.6500, class 0.6500 (epoch 54)
Best instance 0.6500, class 0.6500 (epoch 54)
2026-06-24 18:58:56,513 - INFO - Epoch 171/200:
Epoch 171/200:
2026-06-24 18:58:59,995 - INFO - Train loss: 0.0108 (3.5s)
Train loss: 0.0108 (3.5s)
2026-06-24 18:59:00,330 - INFO - Test instance 0.5250, class 0.5250
Test instance 0.5250, class 0.5250
2026-06-24 18:59:00,330 - INFO - Best instance 0.6500, class 0.6500 (epoch 54)
Best instance 0.6500, class 0.6500 (epoch 54)
2026-06-24 18:59:00,357 - INFO - Epoch 172/200:
Epoch 172/200:
2026-06-24 18:59:03,178 - INFO - Train loss: 0.0118 (2.8s)
Train loss: 0.0118 (2.8s)
2026-06-24 18:59:03,441 - INFO - Test instance 0.5250, class 0.5250
Test instance 0.5250, class 0.5250
2026-06-24 18:59:03,442 - INFO - Best instance 0.6500, class 0.6500 (epoch 54)
Best instance 0.6500, class 0.6500 (epoch 54)
2026-06-24 18:59:03,468 - INFO - Epoch 173/200:
Epoch 173/200:
2026-06-24 18:59:06,235 - INFO - Train loss: 0.0102 (2.8s)
Train loss: 0.0102 (2.8s)
2026-06-24 18:59:06,501 - INFO - Test instance 0.5125, class 0.5125
Test instance 0.5125, class 0.5125
2026-06-24 18:59:06,501 - INFO - Best instance 0.6500, class 0.6500 (epoch 54)
Best instance 0.6500, class 0.6500 (epoch 54)
2026-06-24 18:59:06,537 - INFO - Epoch 174/200:
Epoch 174/200:
2026-06-24 18:59:09,303 - INFO - Train loss: 0.0101 (2.8s)
Train loss: 0.0101 (2.8s)
2026-06-24 18:59:09,567 - INFO - Test instance 0.5125, class 0.5125
Test instance 0.5125, class 0.5125
2026-06-24 18:59:09,568 - INFO - Best instance 0.6500, class 0.6500 (epoch 54)
Best instance 0.6500, class 0.6500 (epoch 54)
2026-06-24 18:59:09,593 - INFO - Epoch 175/200:
Epoch 175/200:
2026-06-24 18:59:12,372 - INFO - Train loss: 0.0091 (2.8s)
Train loss: 0.0091 (2.8s)
2026-06-24 18:59:12,636 - INFO - Test instance 0.5250, class 0.5250
Test instance 0.5250, class 0.5250
2026-06-24 18:59:12,637 - INFO - Best instance 0.6500, class 0.6500 (epoch 54)
Best instance 0.6500, class 0.6500 (epoch 54)
2026-06-24 18:59:12,662 - INFO - Epoch 176/200:
Epoch 176/200:
2026-06-24 18:59:15,425 - INFO - Train loss: 0.0104 (2.8s)
Train loss: 0.0104 (2.8s)
2026-06-24 18:59:15,689 - INFO - Test instance 0.4875, class 0.4875
Test instance 0.4875, class 0.4875
2026-06-24 18:59:15,689 - INFO - Best instance 0.6500, class 0.6500 (epoch 54)
Best instance 0.6500, class 0.6500 (epoch 54)
2026-06-24 18:59:15,714 - INFO - Epoch 177/200:
Epoch 177/200:
2026-06-24 18:59:18,474 - INFO - Train loss: 0.0112 (2.8s)
Train loss: 0.0112 (2.8s)
2026-06-24 18:59:18,740 - INFO - Test instance 0.5000, class 0.5000
Test instance 0.5000, class 0.5000
2026-06-24 18:59:18,741 - INFO - Best instance 0.6500, class 0.6500 (epoch 54)
Best instance 0.6500, class 0.6500 (epoch 54)
2026-06-24 18:59:18,766 - INFO - Epoch 178/200:
Epoch 178/200:
2026-06-24 18:59:21,519 - INFO - Train loss: 0.0100 (2.8s)
Train loss: 0.0100 (2.8s)
2026-06-24 18:59:21,777 - INFO - Test instance 0.5000, class 0.5000
Test instance 0.5000, class 0.5000
2026-06-24 18:59:21,777 - INFO - Best instance 0.6500, class 0.6500 (epoch 54)
Best instance 0.6500, class 0.6500 (epoch 54)
2026-06-24 18:59:21,802 - INFO - Epoch 179/200:
Epoch 179/200:
2026-06-24 18:59:24,583 - INFO - Train loss: 0.0113 (2.8s)
Train loss: 0.0113 (2.8s)
2026-06-24 18:59:24,851 - INFO - Test instance 0.5375, class 0.5375
Test instance 0.5375, class 0.5375
2026-06-24 18:59:24,851 - INFO - Best instance 0.6500, class 0.6500 (epoch 54)
Best instance 0.6500, class 0.6500 (epoch 54)
2026-06-24 18:59:24,876 - INFO - Epoch 180/200:
Epoch 180/200:
2026-06-24 18:59:27,666 - INFO - Train loss: 0.0118 (2.8s)
Train loss: 0.0118 (2.8s)
2026-06-24 18:59:27,931 - INFO - Test instance 0.5000, class 0.5000
Test instance 0.5000, class 0.5000
2026-06-24 18:59:27,931 - INFO - Best instance 0.6500, class 0.6500 (epoch 54)
Best instance 0.6500, class 0.6500 (epoch 54)
2026-06-24 18:59:27,956 - INFO - Epoch 181/200:
Epoch 181/200:
2026-06-24 18:59:30,716 - INFO - Train loss: 0.0097 (2.8s)
Train loss: 0.0097 (2.8s)
2026-06-24 18:59:30,987 - INFO - Test instance 0.5000, class 0.5000
Test instance 0.5000, class 0.5000
2026-06-24 18:59:30,988 - INFO - Best instance 0.6500, class 0.6500 (epoch 54)
Best instance 0.6500, class 0.6500 (epoch 54)
2026-06-24 18:59:31,015 - INFO - Epoch 182/200:
Epoch 182/200:
2026-06-24 18:59:33,769 - INFO - Train loss: 0.0093 (2.8s)
Train loss: 0.0093 (2.8s)
2026-06-24 18:59:34,038 - INFO - Test instance 0.5000, class 0.5000
Test instance 0.5000, class 0.5000
2026-06-24 18:59:34,039 - INFO - Best instance 0.6500, class 0.6500 (epoch 54)
Best instance 0.6500, class 0.6500 (epoch 54)
2026-06-24 18:59:34,064 - INFO - Epoch 183/200:
Epoch 183/200:
2026-06-24 18:59:36,813 - INFO - Train loss: 0.0095 (2.7s)
Train loss: 0.0095 (2.7s)
2026-06-24 18:59:37,078 - INFO - Test instance 0.5125, class 0.5125
Test instance 0.5125, class 0.5125
2026-06-24 18:59:37,078 - INFO - Best instance 0.6500, class 0.6500 (epoch 54)
Best instance 0.6500, class 0.6500 (epoch 54)
2026-06-24 18:59:37,103 - INFO - Epoch 184/200:
Epoch 184/200:
2026-06-24 18:59:39,857 - INFO - Train loss: 0.0114 (2.8s)
Train loss: 0.0114 (2.8s)
2026-06-24 18:59:40,116 - INFO - Test instance 0.5250, class 0.5250
Test instance 0.5250, class 0.5250
2026-06-24 18:59:40,116 - INFO - Best instance 0.6500, class 0.6500 (epoch 54)
Best instance 0.6500, class 0.6500 (epoch 54)
2026-06-24 18:59:40,142 - INFO - Epoch 185/200:
Epoch 185/200:
2026-06-24 18:59:42,904 - INFO - Train loss: 0.0101 (2.8s)
Train loss: 0.0101 (2.8s)
2026-06-24 18:59:43,166 - INFO - Test instance 0.5250, class 0.5250
Test instance 0.5250, class 0.5250
2026-06-24 18:59:43,166 - INFO - Best instance 0.6500, class 0.6500 (epoch 54)
Best instance 0.6500, class 0.6500 (epoch 54)
2026-06-24 18:59:43,190 - INFO - Epoch 186/200:
Epoch 186/200:
2026-06-24 18:59:45,953 - INFO - Train loss: 0.0115 (2.8s)
Train loss: 0.0115 (2.8s)
2026-06-24 18:59:46,213 - INFO - Test instance 0.5125, class 0.5125
Test instance 0.5125, class 0.5125
2026-06-24 18:59:46,213 - INFO - Best instance 0.6500, class 0.6500 (epoch 54)
Best instance 0.6500, class 0.6500 (epoch 54)
2026-06-24 18:59:46,239 - INFO - Epoch 187/200:
Epoch 187/200:
2026-06-24 18:59:49,000 - INFO - Train loss: 0.0096 (2.8s)
Train loss: 0.0096 (2.8s)
2026-06-24 18:59:49,264 - INFO - Test instance 0.5250, class 0.5250
Test instance 0.5250, class 0.5250
2026-06-24 18:59:49,265 - INFO - Best instance 0.6500, class 0.6500 (epoch 54)
Best instance 0.6500, class 0.6500 (epoch 54)
2026-06-24 18:59:49,294 - INFO - Epoch 188/200:
Epoch 188/200:
2026-06-24 18:59:52,054 - INFO - Train loss: 0.0100 (2.8s)
Train loss: 0.0100 (2.8s)
2026-06-24 18:59:52,336 - INFO - Test instance 0.5125, class 0.5125
Test instance 0.5125, class 0.5125
2026-06-24 18:59:52,336 - INFO - Best instance 0.6500, class 0.6500 (epoch 54)
Best instance 0.6500, class 0.6500 (epoch 54)
2026-06-24 18:59:52,362 - INFO - Epoch 189/200:
Epoch 189/200:
2026-06-24 18:59:55,093 - INFO - Train loss: 0.0114 (2.7s)
Train loss: 0.0114 (2.7s)
2026-06-24 18:59:55,351 - INFO - Test instance 0.5125, class 0.5125
Test instance 0.5125, class 0.5125
2026-06-24 18:59:55,351 - INFO - Best instance 0.6500, class 0.6500 (epoch 54)
Best instance 0.6500, class 0.6500 (epoch 54)
2026-06-24 18:59:55,377 - INFO - Epoch 190/200:
Epoch 190/200:
2026-06-24 18:59:58,895 - INFO - Train loss: 0.0096 (3.5s)
Train loss: 0.0096 (3.5s)
2026-06-24 18:59:59,229 - INFO - Test instance 0.5250, class 0.5250
Test instance 0.5250, class 0.5250
2026-06-24 18:59:59,230 - INFO - Best instance 0.6500, class 0.6500 (epoch 54)
Best instance 0.6500, class 0.6500 (epoch 54)
2026-06-24 18:59:59,259 - INFO - Epoch 191/200:
Epoch 191/200:
2026-06-24 19:00:02,027 - INFO - Train loss: 0.0105 (2.8s)
Train loss: 0.0105 (2.8s)
2026-06-24 19:00:02,293 - INFO - Test instance 0.5375, class 0.5375
Test instance 0.5375, class 0.5375
2026-06-24 19:00:02,293 - INFO - Best instance 0.6500, class 0.6500 (epoch 54)
Best instance 0.6500, class 0.6500 (epoch 54)
2026-06-24 19:00:02,322 - INFO - Epoch 192/200:
Epoch 192/200:
2026-06-24 19:00:05,083 - INFO - Train loss: 0.0111 (2.8s)
Train loss: 0.0111 (2.8s)
2026-06-24 19:00:05,346 - INFO - Test instance 0.5125, class 0.5125
Test instance 0.5125, class 0.5125
2026-06-24 19:00:05,346 - INFO - Best instance 0.6500, class 0.6500 (epoch 54)
Best instance 0.6500, class 0.6500 (epoch 54)
2026-06-24 19:00:05,373 - INFO - Epoch 193/200:
Epoch 193/200:
2026-06-24 19:00:08,123 - INFO - Train loss: 0.0097 (2.7s)
Train loss: 0.0097 (2.7s)
2026-06-24 19:00:08,395 - INFO - Test instance 0.5250, class 0.5250
Test instance 0.5250, class 0.5250
2026-06-24 19:00:08,395 - INFO - Best instance 0.6500, class 0.6500 (epoch 54)
Best instance 0.6500, class 0.6500 (epoch 54)
2026-06-24 19:00:08,423 - INFO - Epoch 194/200:
Epoch 194/200:
2026-06-24 19:00:11,215 - INFO - Train loss: 0.0107 (2.8s)
Train loss: 0.0107 (2.8s)
2026-06-24 19:00:11,485 - INFO - Test instance 0.5250, class 0.5250
Test instance 0.5250, class 0.5250
2026-06-24 19:00:11,485 - INFO - Best instance 0.6500, class 0.6500 (epoch 54)
Best instance 0.6500, class 0.6500 (epoch 54)
2026-06-24 19:00:11,521 - INFO - Epoch 195/200:
Epoch 195/200:
2026-06-24 19:00:14,292 - INFO - Train loss: 0.0087 (2.8s)
Train loss: 0.0087 (2.8s)
2026-06-24 19:00:14,554 - INFO - Test instance 0.5125, class 0.5125
Test instance 0.5125, class 0.5125
2026-06-24 19:00:14,554 - INFO - Best instance 0.6500, class 0.6500 (epoch 54)
Best instance 0.6500, class 0.6500 (epoch 54)
2026-06-24 19:00:14,589 - INFO - Epoch 196/200:
Epoch 196/200:
2026-06-24 19:00:17,353 - INFO - Train loss: 0.0107 (2.8s)
Train loss: 0.0107 (2.8s)
2026-06-24 19:00:17,613 - INFO - Test instance 0.5250, class 0.5250
Test instance 0.5250, class 0.5250
2026-06-24 19:00:17,614 - INFO - Best instance 0.6500, class 0.6500 (epoch 54)
Best instance 0.6500, class 0.6500 (epoch 54)
2026-06-24 19:00:17,642 - INFO - Epoch 197/200:
Epoch 197/200:
2026-06-24 19:00:20,425 - INFO - Train loss: 0.0098 (2.8s)
Train loss: 0.0098 (2.8s)
2026-06-24 19:00:20,700 - INFO - Test instance 0.5125, class 0.5125
Test instance 0.5125, class 0.5125
2026-06-24 19:00:20,700 - INFO - Best instance 0.6500, class 0.6500 (epoch 54)
Best instance 0.6500, class 0.6500 (epoch 54)
2026-06-24 19:00:20,731 - INFO - Epoch 198/200:
Epoch 198/200:
2026-06-24 19:00:23,505 - INFO - Train loss: 0.0114 (2.8s)
Train loss: 0.0114 (2.8s)
2026-06-24 19:00:23,770 - INFO - Test instance 0.5125, class 0.5125
Test instance 0.5125, class 0.5125
2026-06-24 19:00:23,771 - INFO - Best instance 0.6500, class 0.6500 (epoch 54)
Best instance 0.6500, class 0.6500 (epoch 54)
2026-06-24 19:00:23,806 - INFO - Epoch 199/200:
Epoch 199/200:
2026-06-24 19:00:26,574 - INFO - Train loss: 0.0106 (2.8s)
Train loss: 0.0106 (2.8s)
2026-06-24 19:00:26,841 - INFO - Test instance 0.5000, class 0.5000
Test instance 0.5000, class 0.5000
2026-06-24 19:00:26,842 - INFO - Best instance 0.6500, class 0.6500 (epoch 54)
Best instance 0.6500, class 0.6500 (epoch 54)
2026-06-24 19:00:26,875 - INFO - Epoch 200/200:
Epoch 200/200:
2026-06-24 19:00:29,654 - INFO - Train loss: 0.0105 (2.8s)
Train loss: 0.0105 (2.8s)
2026-06-24 19:00:29,989 - INFO - Test instance 0.5250, class 0.5250
Test instance 0.5250, class 0.5250
2026-06-24 19:00:29,989 - INFO - Best instance 0.6500, class 0.6500 (epoch 54)
Best instance 0.6500, class 0.6500 (epoch 54)
2026-06-24 19:00:51,396 - INFO - Student 1.42 MB, 63.51 ms
Student 1.42 MB, 63.51 ms
