[Wed Jun 24 17:32:15 EDT 2026] task 93 on GPU 0: python flkd/advanced_kd_train_classification.py --teacher_model pointnet2_cls_ssg --student_model small_pointnet2 --kd_strategy vanilla --dataset craniosynostosis --seed 123 --batch_size 24 --epoch 200 --num_point 1024 --teacher_path "outputs/craniosynostosis/flkd/federated/classification/fl_pointnet2_cls_ssg_feddyn_s123/checkpoints/best_model.pth" --log_dir kd_pointnet2_cls_ssg_feddyn+vanilla_small_pointnet2_s123  --data_root data --output_root outputs --num_workers -1 --max_runtime_hours 166.0
Loaded teacher from outputs/craniosynostosis/flkd/federated/classification/fl_pointnet2_cls_ssg_feddyn_s123/checkpoints/best_model.pth
2026-06-24 17:36:13,654 - INFO - PARAMETER ...
2026-06-24 17:36:13,654 - INFO - {'use_cpu': False, 'no_amp': False, 'gpu': '0', 'num_workers': -1, 'batch_size': 24, 'teacher_model': 'pointnet2_cls_ssg', 'student_model': 'small_pointnet2', 'num_category': 4, 'dataset': 'craniosynostosis', 'data_root': 'data', 'output_root': 'outputs', 'train_split': 0.8, 'dataset_seed': 0, 'cache_dataset': True, 'min_class_samples': 1, 'epoch': 200, 'learning_rate': 0.001, 'num_point': 1024, 'optimizer': 'Adam', 'log_dir': 'kd_pointnet2_cls_ssg_feddyn+vanilla_small_pointnet2_s123', 'decay_rate': 0.0001, 'use_normals': False, 'process_data': False, 'use_uniform_sample': False, 'resume': True, 'kd_strategy': 'vanilla', 'alpha': 0.5, 'temperature': 2.0, 'beta': 0.5, 'dkd_alpha': 1.0, 'dkd_beta': 8.0, 'crd_temperature': 0.07, 'teacher_path': 'outputs/craniosynostosis/flkd/federated/classification/fl_pointnet2_cls_ssg_feddyn_s123/checkpoints/best_model.pth', 'teacher_paths': None, 'teacher_weights': None, 'use_hard_labels': 'on', 'unlabeled': False, 'temperature_sweep': None, 'seed': 123, 'max_runtime_hours': 166.0}
2026-06-24 17:36:13,657 - INFO - KD=vanilla student=small_pointnet2 AMP=False use_hard=True unlabeled=False T=2.0
KD=vanilla student=small_pointnet2 AMP=False use_hard=True unlabeled=False T=2.0
2026-06-24 17:36:13,668 - INFO - Epoch 1/200:
Epoch 1/200:
2026-06-24 17:36:19,050 - INFO - Train loss: 1.1207 (5.4s)
Train loss: 1.1207 (5.4s)
2026-06-24 17:36:19,784 - INFO - Test instance 0.2500, class 0.2500
Test instance 0.2500, class 0.2500
2026-06-24 17:36:19,810 - INFO - Best instance 0.2500, class 0.2500 (epoch 1)
Best instance 0.2500, class 0.2500 (epoch 1)
2026-06-24 17:36:19,830 - INFO - Epoch 2/200:
Epoch 2/200:
2026-06-24 17:36:22,650 - INFO - Train loss: 1.1101 (2.8s)
Train loss: 1.1101 (2.8s)
2026-06-24 17:36:22,918 - INFO - Test instance 0.2500, class 0.2500
Test instance 0.2500, class 0.2500
2026-06-24 17:36:22,919 - INFO - Best instance 0.2500, class 0.2500 (epoch 1)
Best instance 0.2500, class 0.2500 (epoch 1)
2026-06-24 17:36:22,939 - INFO - Epoch 3/200:
Epoch 3/200:
2026-06-24 17:36:26,473 - INFO - Train loss: 1.0227 (3.5s)
Train loss: 1.0227 (3.5s)
2026-06-24 17:36:26,757 - INFO - Test instance 0.2500, class 0.2500
Test instance 0.2500, class 0.2500
2026-06-24 17:36:26,757 - INFO - Best instance 0.2500, class 0.2500 (epoch 1)
Best instance 0.2500, class 0.2500 (epoch 1)
2026-06-24 17:36:26,776 - INFO - Epoch 4/200:
Epoch 4/200:
2026-06-24 17:36:29,554 - INFO - Train loss: 1.0066 (2.8s)
Train loss: 1.0066 (2.8s)
2026-06-24 17:36:29,828 - INFO - Test instance 0.2500, class 0.2500
Test instance 0.2500, class 0.2500
2026-06-24 17:36:29,828 - INFO - Best instance 0.2500, class 0.2500 (epoch 1)
Best instance 0.2500, class 0.2500 (epoch 1)
2026-06-24 17:36:29,848 - INFO - Epoch 5/200:
Epoch 5/200:
2026-06-24 17:36:32,615 - INFO - Train loss: 0.9888 (2.8s)
Train loss: 0.9888 (2.8s)
2026-06-24 17:36:32,896 - INFO - Test instance 0.2750, class 0.2750
Test instance 0.2750, class 0.2750
2026-06-24 17:36:32,915 - INFO - Best instance 0.2750, class 0.2750 (epoch 5)
Best instance 0.2750, class 0.2750 (epoch 5)
2026-06-24 17:36:32,934 - INFO - Epoch 6/200:
Epoch 6/200:
2026-06-24 17:36:35,705 - INFO - Train loss: 0.9984 (2.8s)
Train loss: 0.9984 (2.8s)
2026-06-24 17:36:35,977 - INFO - Test instance 0.3375, class 0.3375
Test instance 0.3375, class 0.3375
2026-06-24 17:36:35,995 - INFO - Best instance 0.3375, class 0.3375 (epoch 6)
Best instance 0.3375, class 0.3375 (epoch 6)
2026-06-24 17:36:36,012 - INFO - Epoch 7/200:
Epoch 7/200:
2026-06-24 17:36:38,801 - INFO - Train loss: 0.9520 (2.8s)
Train loss: 0.9520 (2.8s)
2026-06-24 17:36:39,076 - INFO - Test instance 0.3625, class 0.3625
Test instance 0.3625, class 0.3625
2026-06-24 17:36:39,094 - INFO - Best instance 0.3625, class 0.3625 (epoch 7)
Best instance 0.3625, class 0.3625 (epoch 7)
2026-06-24 17:36:39,111 - INFO - Epoch 8/200:
Epoch 8/200:
2026-06-24 17:36:41,907 - INFO - Train loss: 0.9268 (2.8s)
Train loss: 0.9268 (2.8s)
2026-06-24 17:36:42,195 - INFO - Test instance 0.4750, class 0.4750
Test instance 0.4750, class 0.4750
2026-06-24 17:36:42,215 - INFO - Best instance 0.4750, class 0.4750 (epoch 8)
Best instance 0.4750, class 0.4750 (epoch 8)
2026-06-24 17:36:42,233 - INFO - Epoch 9/200:
Epoch 9/200:
2026-06-24 17:36:45,038 - INFO - Train loss: 0.8772 (2.8s)
Train loss: 0.8772 (2.8s)
2026-06-24 17:36:45,310 - INFO - Test instance 0.4125, class 0.4125
Test instance 0.4125, class 0.4125
2026-06-24 17:36:45,311 - INFO - Best instance 0.4750, class 0.4750 (epoch 8)
Best instance 0.4750, class 0.4750 (epoch 8)
2026-06-24 17:36:45,330 - INFO - Epoch 10/200:
Epoch 10/200:
2026-06-24 17:36:48,142 - INFO - Train loss: 0.8188 (2.8s)
Train loss: 0.8188 (2.8s)
2026-06-24 17:36:48,414 - INFO - Test instance 0.3125, class 0.3125
Test instance 0.3125, class 0.3125
2026-06-24 17:36:48,415 - INFO - Best instance 0.4750, class 0.4750 (epoch 8)
Best instance 0.4750, class 0.4750 (epoch 8)
2026-06-24 17:36:48,434 - INFO - Epoch 11/200:
Epoch 11/200:
2026-06-24 17:36:51,216 - INFO - Train loss: 0.8097 (2.8s)
Train loss: 0.8097 (2.8s)
2026-06-24 17:36:51,481 - INFO - Test instance 0.4625, class 0.4625
Test instance 0.4625, class 0.4625
2026-06-24 17:36:51,482 - INFO - Best instance 0.4750, class 0.4750 (epoch 8)
Best instance 0.4750, class 0.4750 (epoch 8)
2026-06-24 17:36:51,501 - INFO - Epoch 12/200:
Epoch 12/200:
2026-06-24 17:36:54,309 - INFO - Train loss: 0.7803 (2.8s)
Train loss: 0.7803 (2.8s)
2026-06-24 17:36:54,587 - INFO - Test instance 0.5375, class 0.5375
Test instance 0.5375, class 0.5375
2026-06-24 17:36:54,606 - INFO - Best instance 0.5375, class 0.5375 (epoch 12)
Best instance 0.5375, class 0.5375 (epoch 12)
2026-06-24 17:36:54,625 - INFO - Epoch 13/200:
Epoch 13/200:
2026-06-24 17:36:57,441 - INFO - Train loss: 0.7587 (2.8s)
Train loss: 0.7587 (2.8s)
2026-06-24 17:36:57,720 - INFO - Test instance 0.4625, class 0.4625
Test instance 0.4625, class 0.4625
2026-06-24 17:36:57,720 - INFO - Best instance 0.5375, class 0.5375 (epoch 12)
Best instance 0.5375, class 0.5375 (epoch 12)
2026-06-24 17:36:57,739 - INFO - Epoch 14/200:
Epoch 14/200:
2026-06-24 17:37:00,558 - INFO - Train loss: 0.7009 (2.8s)
Train loss: 0.7009 (2.8s)
2026-06-24 17:37:00,831 - INFO - Test instance 0.4750, class 0.4750
Test instance 0.4750, class 0.4750
2026-06-24 17:37:00,832 - INFO - Best instance 0.5375, class 0.5375 (epoch 12)
Best instance 0.5375, class 0.5375 (epoch 12)
2026-06-24 17:37:00,851 - INFO - Epoch 15/200:
Epoch 15/200:
2026-06-24 17:37:03,756 - INFO - Train loss: 0.7305 (2.9s)
Train loss: 0.7305 (2.9s)
2026-06-24 17:37:04,022 - INFO - Test instance 0.4875, class 0.4875
Test instance 0.4875, class 0.4875
2026-06-24 17:37:04,022 - INFO - Best instance 0.5375, class 0.5375 (epoch 12)
Best instance 0.5375, class 0.5375 (epoch 12)
2026-06-24 17:37:04,041 - INFO - Epoch 16/200:
Epoch 16/200:
2026-06-24 17:37:06,922 - INFO - Train loss: 0.6765 (2.9s)
Train loss: 0.6765 (2.9s)
2026-06-24 17:37:07,189 - INFO - Test instance 0.5125, class 0.5125
Test instance 0.5125, class 0.5125
2026-06-24 17:37:07,189 - INFO - Best instance 0.5375, class 0.5375 (epoch 12)
Best instance 0.5375, class 0.5375 (epoch 12)
2026-06-24 17:37:07,208 - INFO - Epoch 17/200:
Epoch 17/200:
2026-06-24 17:37:10,016 - INFO - Train loss: 0.7288 (2.8s)
Train loss: 0.7288 (2.8s)
2026-06-24 17:37:10,281 - INFO - Test instance 0.7500, class 0.7500
Test instance 0.7500, class 0.7500
2026-06-24 17:37:10,300 - INFO - Best instance 0.7500, class 0.7500 (epoch 17)
Best instance 0.7500, class 0.7500 (epoch 17)
2026-06-24 17:37:10,317 - INFO - Epoch 18/200:
Epoch 18/200:
2026-06-24 17:37:13,083 - INFO - Train loss: 0.6730 (2.8s)
Train loss: 0.6730 (2.8s)
2026-06-24 17:37:13,356 - INFO - Test instance 0.6875, class 0.6875
Test instance 0.6875, class 0.6875
2026-06-24 17:37:13,356 - INFO - Best instance 0.7500, class 0.7500 (epoch 17)
Best instance 0.7500, class 0.7500 (epoch 17)
2026-06-24 17:37:13,375 - INFO - Epoch 19/200:
Epoch 19/200:
2026-06-24 17:37:16,145 - INFO - Train loss: 0.6591 (2.8s)
Train loss: 0.6591 (2.8s)
2026-06-24 17:37:16,411 - INFO - Test instance 0.7375, class 0.7375
Test instance 0.7375, class 0.7375
2026-06-24 17:37:16,412 - INFO - Best instance 0.7500, class 0.7500 (epoch 17)
Best instance 0.7500, class 0.7500 (epoch 17)
2026-06-24 17:37:16,431 - INFO - Epoch 20/200:
Epoch 20/200:
2026-06-24 17:37:19,194 - INFO - Train loss: 0.6279 (2.8s)
Train loss: 0.6279 (2.8s)
2026-06-24 17:37:19,533 - INFO - Test instance 0.8125, class 0.8125
Test instance 0.8125, class 0.8125
2026-06-24 17:37:19,554 - INFO - Best instance 0.8125, class 0.8125 (epoch 20)
Best instance 0.8125, class 0.8125 (epoch 20)
2026-06-24 17:37:19,574 - INFO - Epoch 21/200:
Epoch 21/200:
2026-06-24 17:37:23,060 - INFO - Train loss: 0.6175 (3.5s)
Train loss: 0.6175 (3.5s)
2026-06-24 17:37:23,401 - INFO - Test instance 0.6000, class 0.6000
Test instance 0.6000, class 0.6000
2026-06-24 17:37:23,402 - INFO - Best instance 0.8125, class 0.8125 (epoch 20)
Best instance 0.8125, class 0.8125 (epoch 20)
2026-06-24 17:37:23,423 - INFO - Epoch 22/200:
Epoch 22/200:
2026-06-24 17:37:26,146 - INFO - Train loss: 0.6248 (2.7s)
Train loss: 0.6248 (2.7s)
2026-06-24 17:37:26,417 - INFO - Test instance 0.8250, class 0.8250
Test instance 0.8250, class 0.8250
2026-06-24 17:37:26,435 - INFO - Best instance 0.8250, class 0.8250 (epoch 22)
Best instance 0.8250, class 0.8250 (epoch 22)
2026-06-24 17:37:26,463 - INFO - Epoch 23/200:
Epoch 23/200:
2026-06-24 17:37:29,203 - INFO - Train loss: 0.5907 (2.7s)
Train loss: 0.5907 (2.7s)
2026-06-24 17:37:29,471 - INFO - Test instance 0.7250, class 0.7250
Test instance 0.7250, class 0.7250
2026-06-24 17:37:29,472 - INFO - Best instance 0.8250, class 0.8250 (epoch 22)
Best instance 0.8250, class 0.8250 (epoch 22)
2026-06-24 17:37:29,491 - INFO - Epoch 24/200:
Epoch 24/200:
2026-06-24 17:37:32,221 - INFO - Train loss: 0.6087 (2.7s)
Train loss: 0.6087 (2.7s)
2026-06-24 17:37:32,485 - INFO - Test instance 0.8125, class 0.8125
Test instance 0.8125, class 0.8125
2026-06-24 17:37:32,485 - INFO - Best instance 0.8250, class 0.8250 (epoch 22)
Best instance 0.8250, class 0.8250 (epoch 22)
2026-06-24 17:37:32,504 - INFO - Epoch 25/200:
Epoch 25/200:
2026-06-24 17:37:35,248 - INFO - Train loss: 0.5689 (2.7s)
Train loss: 0.5689 (2.7s)
2026-06-24 17:37:35,519 - INFO - Test instance 0.8250, class 0.8250
Test instance 0.8250, class 0.8250
2026-06-24 17:37:35,520 - INFO - Best instance 0.8250, class 0.8250 (epoch 22)
Best instance 0.8250, class 0.8250 (epoch 22)
2026-06-24 17:37:35,539 - INFO - Epoch 26/200:
Epoch 26/200:
2026-06-24 17:37:38,264 - INFO - Train loss: 0.5724 (2.7s)
Train loss: 0.5724 (2.7s)
2026-06-24 17:37:38,522 - INFO - Test instance 0.7625, class 0.7625
Test instance 0.7625, class 0.7625
2026-06-24 17:37:38,523 - INFO - Best instance 0.8250, class 0.8250 (epoch 22)
Best instance 0.8250, class 0.8250 (epoch 22)
2026-06-24 17:37:38,541 - INFO - Epoch 27/200:
Epoch 27/200:
2026-06-24 17:37:41,999 - INFO - Train loss: 0.5738 (3.5s)
Train loss: 0.5738 (3.5s)
2026-06-24 17:37:42,330 - INFO - Test instance 0.7375, class 0.7375
Test instance 0.7375, class 0.7375
2026-06-24 17:37:42,331 - INFO - Best instance 0.8250, class 0.8250 (epoch 22)
Best instance 0.8250, class 0.8250 (epoch 22)
2026-06-24 17:37:42,352 - INFO - Epoch 28/200:
Epoch 28/200:
2026-06-24 17:37:45,090 - INFO - Train loss: 0.5839 (2.7s)
Train loss: 0.5839 (2.7s)
2026-06-24 17:37:45,356 - INFO - Test instance 0.6750, class 0.6750
Test instance 0.6750, class 0.6750
2026-06-24 17:37:45,357 - INFO - Best instance 0.8250, class 0.8250 (epoch 22)
Best instance 0.8250, class 0.8250 (epoch 22)
2026-06-24 17:37:45,375 - INFO - Epoch 29/200:
Epoch 29/200:
2026-06-24 17:37:48,086 - INFO - Train loss: 0.5360 (2.7s)
Train loss: 0.5360 (2.7s)
2026-06-24 17:37:48,350 - INFO - Test instance 0.7500, class 0.7500
Test instance 0.7500, class 0.7500
2026-06-24 17:37:48,351 - INFO - Best instance 0.8250, class 0.8250 (epoch 22)
Best instance 0.8250, class 0.8250 (epoch 22)
2026-06-24 17:37:48,370 - INFO - Epoch 30/200:
Epoch 30/200:
2026-06-24 17:37:51,106 - INFO - Train loss: 0.5761 (2.7s)
Train loss: 0.5761 (2.7s)
2026-06-24 17:37:51,375 - INFO - Test instance 0.7875, class 0.7875
Test instance 0.7875, class 0.7875
2026-06-24 17:37:51,376 - INFO - Best instance 0.8250, class 0.8250 (epoch 22)
Best instance 0.8250, class 0.8250 (epoch 22)
2026-06-24 17:37:51,394 - INFO - Epoch 31/200:
Epoch 31/200:
2026-06-24 17:37:54,139 - INFO - Train loss: 0.5659 (2.7s)
Train loss: 0.5659 (2.7s)
2026-06-24 17:37:54,477 - INFO - Test instance 0.5625, class 0.5625
Test instance 0.5625, class 0.5625
2026-06-24 17:37:54,478 - INFO - Best instance 0.8250, class 0.8250 (epoch 22)
Best instance 0.8250, class 0.8250 (epoch 22)
2026-06-24 17:37:54,506 - INFO - Epoch 32/200:
Epoch 32/200:
2026-06-24 17:37:57,994 - INFO - Train loss: 0.5345 (3.5s)
Train loss: 0.5345 (3.5s)
2026-06-24 17:37:58,338 - INFO - Test instance 0.7500, class 0.7500
Test instance 0.7500, class 0.7500
2026-06-24 17:37:58,339 - INFO - Best instance 0.8250, class 0.8250 (epoch 22)
Best instance 0.8250, class 0.8250 (epoch 22)
2026-06-24 17:37:58,359 - INFO - Epoch 33/200:
Epoch 33/200:
2026-06-24 17:38:01,093 - INFO - Train loss: 0.5685 (2.7s)
Train loss: 0.5685 (2.7s)
2026-06-24 17:38:01,360 - INFO - Test instance 0.6375, class 0.6375
Test instance 0.6375, class 0.6375
2026-06-24 17:38:01,360 - INFO - Best instance 0.8250, class 0.8250 (epoch 22)
Best instance 0.8250, class 0.8250 (epoch 22)
2026-06-24 17:38:01,379 - INFO - Epoch 34/200:
Epoch 34/200:
2026-06-24 17:38:04,912 - INFO - Train loss: 0.5207 (3.5s)
Train loss: 0.5207 (3.5s)
2026-06-24 17:38:05,181 - INFO - Test instance 0.5250, class 0.5250
Test instance 0.5250, class 0.5250
2026-06-24 17:38:05,182 - INFO - Best instance 0.8250, class 0.8250 (epoch 22)
Best instance 0.8250, class 0.8250 (epoch 22)
2026-06-24 17:38:05,200 - INFO - Epoch 35/200:
Epoch 35/200:
2026-06-24 17:38:07,953 - INFO - Train loss: 0.5291 (2.8s)
Train loss: 0.5291 (2.8s)
2026-06-24 17:38:08,221 - INFO - Test instance 0.8375, class 0.8375
Test instance 0.8375, class 0.8375
2026-06-24 17:38:08,238 - INFO - Best instance 0.8375, class 0.8375 (epoch 35)
Best instance 0.8375, class 0.8375 (epoch 35)
2026-06-24 17:38:08,255 - INFO - Epoch 36/200:
Epoch 36/200:
2026-06-24 17:38:11,005 - INFO - Train loss: 0.5383 (2.7s)
Train loss: 0.5383 (2.7s)
2026-06-24 17:38:11,264 - INFO - Test instance 0.7250, class 0.7250
Test instance 0.7250, class 0.7250
2026-06-24 17:38:11,264 - INFO - Best instance 0.8375, class 0.8375 (epoch 35)
Best instance 0.8375, class 0.8375 (epoch 35)
2026-06-24 17:38:11,283 - INFO - Epoch 37/200:
Epoch 37/200:
2026-06-24 17:38:14,031 - INFO - Train loss: 0.5497 (2.7s)
Train loss: 0.5497 (2.7s)
2026-06-24 17:38:14,291 - INFO - Test instance 0.7875, class 0.7875
Test instance 0.7875, class 0.7875
2026-06-24 17:38:14,292 - INFO - Best instance 0.8375, class 0.8375 (epoch 35)
Best instance 0.8375, class 0.8375 (epoch 35)
2026-06-24 17:38:14,311 - INFO - Epoch 38/200:
Epoch 38/200:
2026-06-24 17:38:17,061 - INFO - Train loss: 0.5309 (2.7s)
Train loss: 0.5309 (2.7s)
2026-06-24 17:38:17,324 - INFO - Test instance 0.8125, class 0.8125
Test instance 0.8125, class 0.8125
2026-06-24 17:38:17,324 - INFO - Best instance 0.8375, class 0.8375 (epoch 35)
Best instance 0.8375, class 0.8375 (epoch 35)
2026-06-24 17:38:17,343 - INFO - Epoch 39/200:
Epoch 39/200:
2026-06-24 17:38:20,056 - INFO - Train loss: 0.5072 (2.7s)
Train loss: 0.5072 (2.7s)
2026-06-24 17:38:20,316 - INFO - Test instance 0.8375, class 0.8375
Test instance 0.8375, class 0.8375
2026-06-24 17:38:20,316 - INFO - Best instance 0.8375, class 0.8375 (epoch 35)
Best instance 0.8375, class 0.8375 (epoch 35)
2026-06-24 17:38:20,334 - INFO - Epoch 40/200:
Epoch 40/200:
2026-06-24 17:38:23,016 - INFO - Train loss: 0.5250 (2.7s)
Train loss: 0.5250 (2.7s)
2026-06-24 17:38:23,287 - INFO - Test instance 0.6125, class 0.6125
Test instance 0.6125, class 0.6125
2026-06-24 17:38:23,287 - INFO - Best instance 0.8375, class 0.8375 (epoch 35)
Best instance 0.8375, class 0.8375 (epoch 35)
2026-06-24 17:38:23,305 - INFO - Epoch 41/200:
Epoch 41/200:
2026-06-24 17:38:26,020 - INFO - Train loss: 0.5385 (2.7s)
Train loss: 0.5385 (2.7s)
2026-06-24 17:38:26,287 - INFO - Test instance 0.8875, class 0.8875
Test instance 0.8875, class 0.8875
2026-06-24 17:38:26,305 - INFO - Best instance 0.8875, class 0.8875 (epoch 41)
Best instance 0.8875, class 0.8875 (epoch 41)
2026-06-24 17:38:26,322 - INFO - Epoch 42/200:
Epoch 42/200:
2026-06-24 17:38:29,774 - INFO - Train loss: 0.4957 (3.5s)
Train loss: 0.4957 (3.5s)
2026-06-24 17:38:30,044 - INFO - Test instance 0.7625, class 0.7625
Test instance 0.7625, class 0.7625
2026-06-24 17:38:30,044 - INFO - Best instance 0.8875, class 0.8875 (epoch 41)
Best instance 0.8875, class 0.8875 (epoch 41)
2026-06-24 17:38:30,063 - INFO - Epoch 43/200:
Epoch 43/200:
2026-06-24 17:38:32,787 - INFO - Train loss: 0.4929 (2.7s)
Train loss: 0.4929 (2.7s)
2026-06-24 17:38:33,058 - INFO - Test instance 0.9250, class 0.9250
Test instance 0.9250, class 0.9250
2026-06-24 17:38:33,077 - INFO - Best instance 0.9250, class 0.9250 (epoch 43)
Best instance 0.9250, class 0.9250 (epoch 43)
2026-06-24 17:38:33,095 - INFO - Epoch 44/200:
Epoch 44/200:
2026-06-24 17:38:35,823 - INFO - Train loss: 0.5044 (2.7s)
Train loss: 0.5044 (2.7s)
2026-06-24 17:38:36,097 - INFO - Test instance 0.8625, class 0.8625
Test instance 0.8625, class 0.8625
2026-06-24 17:38:36,097 - INFO - Best instance 0.9250, class 0.9250 (epoch 43)
Best instance 0.9250, class 0.9250 (epoch 43)
2026-06-24 17:38:36,115 - INFO - Epoch 45/200:
Epoch 45/200:
2026-06-24 17:38:38,855 - INFO - Train loss: 0.5011 (2.7s)
Train loss: 0.5011 (2.7s)
2026-06-24 17:38:39,137 - INFO - Test instance 0.8875, class 0.8875
Test instance 0.8875, class 0.8875
2026-06-24 17:38:39,137 - INFO - Best instance 0.9250, class 0.9250 (epoch 43)
Best instance 0.9250, class 0.9250 (epoch 43)
2026-06-24 17:38:39,157 - INFO - Epoch 46/200:
Epoch 46/200:
2026-06-24 17:38:41,858 - INFO - Train loss: 0.5200 (2.7s)
Train loss: 0.5200 (2.7s)
2026-06-24 17:38:42,124 - INFO - Test instance 0.8375, class 0.8375
Test instance 0.8375, class 0.8375
2026-06-24 17:38:42,124 - INFO - Best instance 0.9250, class 0.9250 (epoch 43)
Best instance 0.9250, class 0.9250 (epoch 43)
2026-06-24 17:38:42,144 - INFO - Epoch 47/200:
Epoch 47/200:
2026-06-24 17:38:44,854 - INFO - Train loss: 0.5090 (2.7s)
Train loss: 0.5090 (2.7s)
2026-06-24 17:38:45,119 - INFO - Test instance 0.9750, class 0.9750
Test instance 0.9750, class 0.9750
2026-06-24 17:38:45,136 - INFO - Best instance 0.9750, class 0.9750 (epoch 47)
Best instance 0.9750, class 0.9750 (epoch 47)
2026-06-24 17:38:45,154 - INFO - Epoch 48/200:
Epoch 48/200:
2026-06-24 17:38:47,887 - INFO - Train loss: 0.5200 (2.7s)
Train loss: 0.5200 (2.7s)
2026-06-24 17:38:48,152 - INFO - Test instance 0.8875, class 0.8875
Test instance 0.8875, class 0.8875
2026-06-24 17:38:48,153 - INFO - Best instance 0.9750, class 0.9750 (epoch 47)
Best instance 0.9750, class 0.9750 (epoch 47)
2026-06-24 17:38:48,172 - INFO - Epoch 49/200:
Epoch 49/200:
2026-06-24 17:38:50,894 - INFO - Train loss: 0.4825 (2.7s)
Train loss: 0.4825 (2.7s)
2026-06-24 17:38:51,243 - INFO - Test instance 0.9125, class 0.9125
Test instance 0.9125, class 0.9125
2026-06-24 17:38:51,243 - INFO - Best instance 0.9750, class 0.9750 (epoch 47)
Best instance 0.9750, class 0.9750 (epoch 47)
2026-06-24 17:38:51,264 - INFO - Epoch 50/200:
Epoch 50/200:
2026-06-24 17:38:54,736 - INFO - Train loss: 0.5063 (3.5s)
Train loss: 0.5063 (3.5s)
2026-06-24 17:38:55,072 - INFO - Test instance 0.9250, class 0.9250
Test instance 0.9250, class 0.9250
2026-06-24 17:38:55,072 - INFO - Best instance 0.9750, class 0.9750 (epoch 47)
Best instance 0.9750, class 0.9750 (epoch 47)
2026-06-24 17:38:55,093 - INFO - Epoch 51/200:
Epoch 51/200:
2026-06-24 17:38:58,546 - INFO - Train loss: 0.4912 (3.5s)
Train loss: 0.4912 (3.5s)
2026-06-24 17:38:58,817 - INFO - Test instance 0.8500, class 0.8500
Test instance 0.8500, class 0.8500
2026-06-24 17:38:58,817 - INFO - Best instance 0.9750, class 0.9750 (epoch 47)
Best instance 0.9750, class 0.9750 (epoch 47)
2026-06-24 17:38:58,835 - INFO - Epoch 52/200:
Epoch 52/200:
2026-06-24 17:39:01,572 - INFO - Train loss: 0.4846 (2.7s)
Train loss: 0.4846 (2.7s)
2026-06-24 17:39:01,849 - INFO - Test instance 0.9625, class 0.9625
Test instance 0.9625, class 0.9625
2026-06-24 17:39:01,849 - INFO - Best instance 0.9750, class 0.9750 (epoch 47)
Best instance 0.9750, class 0.9750 (epoch 47)
2026-06-24 17:39:01,869 - INFO - Epoch 53/200:
Epoch 53/200:
2026-06-24 17:39:05,384 - INFO - Train loss: 0.4865 (3.5s)
Train loss: 0.4865 (3.5s)
2026-06-24 17:39:05,648 - INFO - Test instance 0.9375, class 0.9375
Test instance 0.9375, class 0.9375
2026-06-24 17:39:05,649 - INFO - Best instance 0.9750, class 0.9750 (epoch 47)
Best instance 0.9750, class 0.9750 (epoch 47)
2026-06-24 17:39:05,676 - INFO - Epoch 54/200:
Epoch 54/200:
2026-06-24 17:39:08,424 - INFO - Train loss: 0.4937 (2.7s)
Train loss: 0.4937 (2.7s)
2026-06-24 17:39:08,683 - INFO - Test instance 0.9125, class 0.9125
Test instance 0.9125, class 0.9125
2026-06-24 17:39:08,683 - INFO - Best instance 0.9750, class 0.9750 (epoch 47)
Best instance 0.9750, class 0.9750 (epoch 47)
2026-06-24 17:39:08,702 - INFO - Epoch 55/200:
Epoch 55/200:
2026-06-24 17:39:11,439 - INFO - Train loss: 0.5023 (2.7s)
Train loss: 0.5023 (2.7s)
2026-06-24 17:39:11,702 - INFO - Test instance 0.7750, class 0.7750
Test instance 0.7750, class 0.7750
2026-06-24 17:39:11,702 - INFO - Best instance 0.9750, class 0.9750 (epoch 47)
Best instance 0.9750, class 0.9750 (epoch 47)
2026-06-24 17:39:11,754 - INFO - Epoch 56/200:
Epoch 56/200:
2026-06-24 17:39:14,498 - INFO - Train loss: 0.4917 (2.7s)
Train loss: 0.4917 (2.7s)
2026-06-24 17:39:14,765 - INFO - Test instance 0.8250, class 0.8250
Test instance 0.8250, class 0.8250
2026-06-24 17:39:14,765 - INFO - Best instance 0.9750, class 0.9750 (epoch 47)
Best instance 0.9750, class 0.9750 (epoch 47)
2026-06-24 17:39:14,784 - INFO - Epoch 57/200:
Epoch 57/200:
2026-06-24 17:39:18,253 - INFO - Train loss: 0.4861 (3.5s)
Train loss: 0.4861 (3.5s)
2026-06-24 17:39:18,589 - INFO - Test instance 0.9125, class 0.9125
Test instance 0.9125, class 0.9125
2026-06-24 17:39:18,590 - INFO - Best instance 0.9750, class 0.9750 (epoch 47)
Best instance 0.9750, class 0.9750 (epoch 47)
2026-06-24 17:39:18,611 - INFO - Epoch 58/200:
Epoch 58/200:
2026-06-24 17:39:21,348 - INFO - Train loss: 0.4933 (2.7s)
Train loss: 0.4933 (2.7s)
2026-06-24 17:39:21,615 - INFO - Test instance 0.9250, class 0.9250
Test instance 0.9250, class 0.9250
2026-06-24 17:39:21,615 - INFO - Best instance 0.9750, class 0.9750 (epoch 47)
Best instance 0.9750, class 0.9750 (epoch 47)
2026-06-24 17:39:21,640 - INFO - Epoch 59/200:
Epoch 59/200:
2026-06-24 17:39:24,392 - INFO - Train loss: 0.4717 (2.8s)
Train loss: 0.4717 (2.8s)
2026-06-24 17:39:24,660 - INFO - Test instance 0.9125, class 0.9125
Test instance 0.9125, class 0.9125
2026-06-24 17:39:24,660 - INFO - Best instance 0.9750, class 0.9750 (epoch 47)
Best instance 0.9750, class 0.9750 (epoch 47)
2026-06-24 17:39:24,679 - INFO - Epoch 60/200:
Epoch 60/200:
2026-06-24 17:39:27,400 - INFO - Train loss: 0.4788 (2.7s)
Train loss: 0.4788 (2.7s)
2026-06-24 17:39:27,661 - INFO - Test instance 0.9375, class 0.9375
Test instance 0.9375, class 0.9375
2026-06-24 17:39:27,662 - INFO - Best instance 0.9750, class 0.9750 (epoch 47)
Best instance 0.9750, class 0.9750 (epoch 47)
2026-06-24 17:39:27,681 - INFO - Epoch 61/200:
Epoch 61/200:
2026-06-24 17:39:30,430 - INFO - Train loss: 0.5212 (2.7s)
Train loss: 0.5212 (2.7s)
2026-06-24 17:39:30,689 - INFO - Test instance 0.8625, class 0.8625
Test instance 0.8625, class 0.8625
2026-06-24 17:39:30,690 - INFO - Best instance 0.9750, class 0.9750 (epoch 47)
Best instance 0.9750, class 0.9750 (epoch 47)
2026-06-24 17:39:30,708 - INFO - Epoch 62/200:
Epoch 62/200:
2026-06-24 17:39:33,434 - INFO - Train loss: 0.4990 (2.7s)
Train loss: 0.4990 (2.7s)
2026-06-24 17:39:33,709 - INFO - Test instance 0.8750, class 0.8750
Test instance 0.8750, class 0.8750
2026-06-24 17:39:33,709 - INFO - Best instance 0.9750, class 0.9750 (epoch 47)
Best instance 0.9750, class 0.9750 (epoch 47)
2026-06-24 17:39:33,729 - INFO - Epoch 63/200:
Epoch 63/200:
2026-06-24 17:39:36,453 - INFO - Train loss: 0.4909 (2.7s)
Train loss: 0.4909 (2.7s)
2026-06-24 17:39:36,712 - INFO - Test instance 0.8625, class 0.8625
Test instance 0.8625, class 0.8625
2026-06-24 17:39:36,712 - INFO - Best instance 0.9750, class 0.9750 (epoch 47)
Best instance 0.9750, class 0.9750 (epoch 47)
2026-06-24 17:39:36,731 - INFO - Epoch 64/200:
Epoch 64/200:
2026-06-24 17:39:39,497 - INFO - Train loss: 0.4727 (2.8s)
Train loss: 0.4727 (2.8s)
2026-06-24 17:39:39,768 - INFO - Test instance 0.8875, class 0.8875
Test instance 0.8875, class 0.8875
2026-06-24 17:39:39,769 - INFO - Best instance 0.9750, class 0.9750 (epoch 47)
Best instance 0.9750, class 0.9750 (epoch 47)
2026-06-24 17:39:39,788 - INFO - Epoch 65/200:
Epoch 65/200:
2026-06-24 17:39:42,524 - INFO - Train loss: 0.5129 (2.7s)
Train loss: 0.5129 (2.7s)
2026-06-24 17:39:42,792 - INFO - Test instance 0.9125, class 0.9125
Test instance 0.9125, class 0.9125
2026-06-24 17:39:42,793 - INFO - Best instance 0.9750, class 0.9750 (epoch 47)
Best instance 0.9750, class 0.9750 (epoch 47)
2026-06-24 17:39:42,812 - INFO - Epoch 66/200:
Epoch 66/200:
2026-06-24 17:39:45,554 - INFO - Train loss: 0.4629 (2.7s)
Train loss: 0.4629 (2.7s)
2026-06-24 17:39:45,816 - INFO - Test instance 0.9625, class 0.9625
Test instance 0.9625, class 0.9625
2026-06-24 17:39:45,816 - INFO - Best instance 0.9750, class 0.9750 (epoch 47)
Best instance 0.9750, class 0.9750 (epoch 47)
2026-06-24 17:39:45,836 - INFO - Epoch 67/200:
Epoch 67/200:
2026-06-24 17:39:48,565 - INFO - Train loss: 0.4920 (2.7s)
Train loss: 0.4920 (2.7s)
2026-06-24 17:39:48,825 - INFO - Test instance 0.9125, class 0.9125
Test instance 0.9125, class 0.9125
2026-06-24 17:39:48,825 - INFO - Best instance 0.9750, class 0.9750 (epoch 47)
Best instance 0.9750, class 0.9750 (epoch 47)
2026-06-24 17:39:48,844 - INFO - Epoch 68/200:
Epoch 68/200:
2026-06-24 17:39:51,587 - INFO - Train loss: 0.4490 (2.7s)
Train loss: 0.4490 (2.7s)
2026-06-24 17:39:51,851 - INFO - Test instance 0.8875, class 0.8875
Test instance 0.8875, class 0.8875
2026-06-24 17:39:51,852 - INFO - Best instance 0.9750, class 0.9750 (epoch 47)
Best instance 0.9750, class 0.9750 (epoch 47)
2026-06-24 17:39:51,871 - INFO - Epoch 69/200:
Epoch 69/200:
2026-06-24 17:39:54,616 - INFO - Train loss: 0.4778 (2.7s)
Train loss: 0.4778 (2.7s)
2026-06-24 17:39:54,887 - INFO - Test instance 0.8875, class 0.8875
Test instance 0.8875, class 0.8875
2026-06-24 17:39:54,888 - INFO - Best instance 0.9750, class 0.9750 (epoch 47)
Best instance 0.9750, class 0.9750 (epoch 47)
2026-06-24 17:39:54,906 - INFO - Epoch 70/200:
Epoch 70/200:
2026-06-24 17:39:57,646 - INFO - Train loss: 0.4687 (2.7s)
Train loss: 0.4687 (2.7s)
2026-06-24 17:39:57,915 - INFO - Test instance 0.8125, class 0.8125
Test instance 0.8125, class 0.8125
2026-06-24 17:39:57,915 - INFO - Best instance 0.9750, class 0.9750 (epoch 47)
Best instance 0.9750, class 0.9750 (epoch 47)
2026-06-24 17:39:57,935 - INFO - Epoch 71/200:
Epoch 71/200:
2026-06-24 17:40:00,669 - INFO - Train loss: 0.4673 (2.7s)
Train loss: 0.4673 (2.7s)
2026-06-24 17:40:01,013 - INFO - Test instance 0.8875, class 0.8875
Test instance 0.8875, class 0.8875
2026-06-24 17:40:01,013 - INFO - Best instance 0.9750, class 0.9750 (epoch 47)
Best instance 0.9750, class 0.9750 (epoch 47)
2026-06-24 17:40:01,035 - INFO - Epoch 72/200:
Epoch 72/200:
2026-06-24 17:40:03,830 - INFO - Train loss: 0.4600 (2.8s)
Train loss: 0.4600 (2.8s)
2026-06-24 17:40:04,097 - INFO - Test instance 0.9250, class 0.9250
Test instance 0.9250, class 0.9250
2026-06-24 17:40:04,097 - INFO - Best instance 0.9750, class 0.9750 (epoch 47)
Best instance 0.9750, class 0.9750 (epoch 47)
2026-06-24 17:40:04,116 - INFO - Epoch 73/200:
Epoch 73/200:
2026-06-24 17:40:06,876 - INFO - Train loss: 0.4649 (2.8s)
Train loss: 0.4649 (2.8s)
2026-06-24 17:40:07,145 - INFO - Test instance 0.9125, class 0.9125
Test instance 0.9125, class 0.9125
2026-06-24 17:40:07,145 - INFO - Best instance 0.9750, class 0.9750 (epoch 47)
Best instance 0.9750, class 0.9750 (epoch 47)
2026-06-24 17:40:07,164 - INFO - Epoch 74/200:
Epoch 74/200:
2026-06-24 17:40:09,894 - INFO - Train loss: 0.4976 (2.7s)
Train loss: 0.4976 (2.7s)
2026-06-24 17:40:10,163 - INFO - Test instance 0.9125, class 0.9125
Test instance 0.9125, class 0.9125
2026-06-24 17:40:10,164 - INFO - Best instance 0.9750, class 0.9750 (epoch 47)
Best instance 0.9750, class 0.9750 (epoch 47)
2026-06-24 17:40:10,185 - INFO - Epoch 75/200:
Epoch 75/200:
2026-06-24 17:40:12,892 - INFO - Train loss: 0.4642 (2.7s)
Train loss: 0.4642 (2.7s)
2026-06-24 17:40:13,159 - INFO - Test instance 0.9625, class 0.9625
Test instance 0.9625, class 0.9625
2026-06-24 17:40:13,159 - INFO - Best instance 0.9750, class 0.9750 (epoch 47)
Best instance 0.9750, class 0.9750 (epoch 47)
2026-06-24 17:40:13,178 - INFO - Epoch 76/200:
Epoch 76/200:
2026-06-24 17:40:15,932 - INFO - Train loss: 0.4565 (2.8s)
Train loss: 0.4565 (2.8s)
2026-06-24 17:40:16,200 - INFO - Test instance 0.9000, class 0.9000
Test instance 0.9000, class 0.9000
2026-06-24 17:40:16,201 - INFO - Best instance 0.9750, class 0.9750 (epoch 47)
Best instance 0.9750, class 0.9750 (epoch 47)
2026-06-24 17:40:16,220 - INFO - Epoch 77/200:
Epoch 77/200:
2026-06-24 17:40:19,682 - INFO - Train loss: 0.4681 (3.5s)
Train loss: 0.4681 (3.5s)
2026-06-24 17:40:20,024 - INFO - Test instance 0.8750, class 0.8750
Test instance 0.8750, class 0.8750
2026-06-24 17:40:20,024 - INFO - Best instance 0.9750, class 0.9750 (epoch 47)
Best instance 0.9750, class 0.9750 (epoch 47)
2026-06-24 17:40:20,046 - INFO - Epoch 78/200:
Epoch 78/200:
2026-06-24 17:40:23,481 - INFO - Train loss: 0.4708 (3.4s)
Train loss: 0.4708 (3.4s)
2026-06-24 17:40:23,752 - INFO - Test instance 0.9000, class 0.9000
Test instance 0.9000, class 0.9000
2026-06-24 17:40:23,752 - INFO - Best instance 0.9750, class 0.9750 (epoch 47)
Best instance 0.9750, class 0.9750 (epoch 47)
2026-06-24 17:40:23,772 - INFO - Epoch 79/200:
Epoch 79/200:
2026-06-24 17:40:27,224 - INFO - Train loss: 0.4969 (3.5s)
Train loss: 0.4969 (3.5s)
2026-06-24 17:40:27,500 - INFO - Test instance 0.9250, class 0.9250
Test instance 0.9250, class 0.9250
2026-06-24 17:40:27,500 - INFO - Best instance 0.9750, class 0.9750 (epoch 47)
Best instance 0.9750, class 0.9750 (epoch 47)
2026-06-24 17:40:27,519 - INFO - Epoch 80/200:
Epoch 80/200:
2026-06-24 17:40:30,240 - INFO - Train loss: 0.4969 (2.7s)
Train loss: 0.4969 (2.7s)
2026-06-24 17:40:30,517 - INFO - Test instance 0.9500, class 0.9500
Test instance 0.9500, class 0.9500
2026-06-24 17:40:30,517 - INFO - Best instance 0.9750, class 0.9750 (epoch 47)
Best instance 0.9750, class 0.9750 (epoch 47)
2026-06-24 17:40:30,535 - INFO - Epoch 81/200:
Epoch 81/200:
2026-06-24 17:40:33,275 - INFO - Train loss: 0.4950 (2.7s)
Train loss: 0.4950 (2.7s)
2026-06-24 17:40:33,543 - INFO - Test instance 0.9500, class 0.9500
Test instance 0.9500, class 0.9500
2026-06-24 17:40:33,543 - INFO - Best instance 0.9750, class 0.9750 (epoch 47)
Best instance 0.9750, class 0.9750 (epoch 47)
2026-06-24 17:40:33,563 - INFO - Epoch 82/200:
Epoch 82/200:
2026-06-24 17:40:36,332 - INFO - Train loss: 0.4616 (2.8s)
Train loss: 0.4616 (2.8s)
2026-06-24 17:40:36,602 - INFO - Test instance 0.8875, class 0.8875
Test instance 0.8875, class 0.8875
2026-06-24 17:40:36,602 - INFO - Best instance 0.9750, class 0.9750 (epoch 47)
Best instance 0.9750, class 0.9750 (epoch 47)
2026-06-24 17:40:36,619 - INFO - Epoch 83/200:
Epoch 83/200:
2026-06-24 17:40:39,390 - INFO - Train loss: 0.4652 (2.8s)
Train loss: 0.4652 (2.8s)
2026-06-24 17:40:39,648 - INFO - Test instance 0.9625, class 0.9625
Test instance 0.9625, class 0.9625
2026-06-24 17:40:39,649 - INFO - Best instance 0.9750, class 0.9750 (epoch 47)
Best instance 0.9750, class 0.9750 (epoch 47)
2026-06-24 17:40:39,667 - INFO - Epoch 84/200:
Epoch 84/200:
2026-06-24 17:40:42,439 - INFO - Train loss: 0.4737 (2.8s)
Train loss: 0.4737 (2.8s)
2026-06-24 17:40:42,713 - INFO - Test instance 0.9500, class 0.9500
Test instance 0.9500, class 0.9500
2026-06-24 17:40:42,713 - INFO - Best instance 0.9750, class 0.9750 (epoch 47)
Best instance 0.9750, class 0.9750 (epoch 47)
2026-06-24 17:40:42,731 - INFO - Epoch 85/200:
Epoch 85/200:
2026-06-24 17:40:45,494 - INFO - Train loss: 0.4543 (2.8s)
Train loss: 0.4543 (2.8s)
2026-06-24 17:40:45,839 - INFO - Test instance 0.9375, class 0.9375
Test instance 0.9375, class 0.9375
2026-06-24 17:40:45,840 - INFO - Best instance 0.9750, class 0.9750 (epoch 47)
Best instance 0.9750, class 0.9750 (epoch 47)
2026-06-24 17:40:45,862 - INFO - Epoch 86/200:
Epoch 86/200:
2026-06-24 17:40:48,621 - INFO - Train loss: 0.4695 (2.8s)
Train loss: 0.4695 (2.8s)
2026-06-24 17:40:48,883 - INFO - Test instance 0.9500, class 0.9500
Test instance 0.9500, class 0.9500
2026-06-24 17:40:48,883 - INFO - Best instance 0.9750, class 0.9750 (epoch 47)
Best instance 0.9750, class 0.9750 (epoch 47)
2026-06-24 17:40:48,901 - INFO - Epoch 87/200:
Epoch 87/200:
2026-06-24 17:40:52,352 - INFO - Train loss: 0.4795 (3.5s)
Train loss: 0.4795 (3.5s)
2026-06-24 17:40:52,690 - INFO - Test instance 0.9625, class 0.9625
Test instance 0.9625, class 0.9625
2026-06-24 17:40:52,691 - INFO - Best instance 0.9750, class 0.9750 (epoch 47)
Best instance 0.9750, class 0.9750 (epoch 47)
2026-06-24 17:40:52,710 - INFO - Epoch 88/200:
Epoch 88/200:
2026-06-24 17:40:55,448 - INFO - Train loss: 0.4562 (2.7s)
Train loss: 0.4562 (2.7s)
2026-06-24 17:40:55,792 - INFO - Test instance 0.9750, class 0.9750
Test instance 0.9750, class 0.9750
2026-06-24 17:40:55,792 - INFO - Best instance 0.9750, class 0.9750 (epoch 47)
Best instance 0.9750, class 0.9750 (epoch 47)
2026-06-24 17:40:55,812 - INFO - Epoch 89/200:
Epoch 89/200:
2026-06-24 17:40:59,274 - INFO - Train loss: 0.4806 (3.5s)
Train loss: 0.4806 (3.5s)
2026-06-24 17:40:59,546 - INFO - Test instance 0.9625, class 0.9625
Test instance 0.9625, class 0.9625
2026-06-24 17:40:59,546 - INFO - Best instance 0.9750, class 0.9750 (epoch 47)
Best instance 0.9750, class 0.9750 (epoch 47)
2026-06-24 17:40:59,565 - INFO - Epoch 90/200:
Epoch 90/200:
2026-06-24 17:41:02,344 - INFO - Train loss: 0.4762 (2.8s)
Train loss: 0.4762 (2.8s)
2026-06-24 17:41:02,635 - INFO - Test instance 0.9000, class 0.9000
Test instance 0.9000, class 0.9000
2026-06-24 17:41:02,635 - INFO - Best instance 0.9750, class 0.9750 (epoch 47)
Best instance 0.9750, class 0.9750 (epoch 47)
2026-06-24 17:41:02,654 - INFO - Epoch 91/200:
Epoch 91/200:
2026-06-24 17:41:05,397 - INFO - Train loss: 0.4904 (2.7s)
Train loss: 0.4904 (2.7s)
2026-06-24 17:41:05,673 - INFO - Test instance 0.9750, class 0.9750
Test instance 0.9750, class 0.9750
2026-06-24 17:41:05,673 - INFO - Best instance 0.9750, class 0.9750 (epoch 47)
Best instance 0.9750, class 0.9750 (epoch 47)
2026-06-24 17:41:05,692 - INFO - Epoch 92/200:
Epoch 92/200:
2026-06-24 17:41:08,451 - INFO - Train loss: 0.4502 (2.8s)
Train loss: 0.4502 (2.8s)
2026-06-24 17:41:08,718 - INFO - Test instance 0.9250, class 0.9250
Test instance 0.9250, class 0.9250
2026-06-24 17:41:08,719 - INFO - Best instance 0.9750, class 0.9750 (epoch 47)
Best instance 0.9750, class 0.9750 (epoch 47)
2026-06-24 17:41:08,737 - INFO - Epoch 93/200:
Epoch 93/200:
2026-06-24 17:41:11,446 - INFO - Train loss: 0.4857 (2.7s)
Train loss: 0.4857 (2.7s)
2026-06-24 17:41:11,704 - INFO - Test instance 0.9125, class 0.9125
Test instance 0.9125, class 0.9125
2026-06-24 17:41:11,704 - INFO - Best instance 0.9750, class 0.9750 (epoch 47)
Best instance 0.9750, class 0.9750 (epoch 47)
2026-06-24 17:41:11,722 - INFO - Epoch 94/200:
Epoch 94/200:
2026-06-24 17:41:14,439 - INFO - Train loss: 0.4459 (2.7s)
Train loss: 0.4459 (2.7s)
2026-06-24 17:41:14,702 - INFO - Test instance 0.9500, class 0.9500
Test instance 0.9500, class 0.9500
2026-06-24 17:41:14,703 - INFO - Best instance 0.9750, class 0.9750 (epoch 47)
Best instance 0.9750, class 0.9750 (epoch 47)
2026-06-24 17:41:14,724 - INFO - Epoch 95/200:
Epoch 95/200:
2026-06-24 17:41:18,184 - INFO - Train loss: 0.4685 (3.5s)
Train loss: 0.4685 (3.5s)
2026-06-24 17:41:18,456 - INFO - Test instance 0.9375, class 0.9375
Test instance 0.9375, class 0.9375
2026-06-24 17:41:18,456 - INFO - Best instance 0.9750, class 0.9750 (epoch 47)
Best instance 0.9750, class 0.9750 (epoch 47)
2026-06-24 17:41:18,474 - INFO - Epoch 96/200:
Epoch 96/200:
2026-06-24 17:41:21,209 - INFO - Train loss: 0.4663 (2.7s)
Train loss: 0.4663 (2.7s)
2026-06-24 17:41:21,483 - INFO - Test instance 0.8750, class 0.8750
Test instance 0.8750, class 0.8750
2026-06-24 17:41:21,483 - INFO - Best instance 0.9750, class 0.9750 (epoch 47)
Best instance 0.9750, class 0.9750 (epoch 47)
2026-06-24 17:41:21,502 - INFO - Epoch 97/200:
Epoch 97/200:
2026-06-24 17:41:24,236 - INFO - Train loss: 0.4839 (2.7s)
Train loss: 0.4839 (2.7s)
2026-06-24 17:41:24,505 - INFO - Test instance 0.8875, class 0.8875
Test instance 0.8875, class 0.8875
2026-06-24 17:41:24,506 - INFO - Best instance 0.9750, class 0.9750 (epoch 47)
Best instance 0.9750, class 0.9750 (epoch 47)
2026-06-24 17:41:24,523 - INFO - Epoch 98/200:
Epoch 98/200:
2026-06-24 17:41:27,250 - INFO - Train loss: 0.4709 (2.7s)
Train loss: 0.4709 (2.7s)
2026-06-24 17:41:27,518 - INFO - Test instance 0.9250, class 0.9250
Test instance 0.9250, class 0.9250
2026-06-24 17:41:27,518 - INFO - Best instance 0.9750, class 0.9750 (epoch 47)
Best instance 0.9750, class 0.9750 (epoch 47)
2026-06-24 17:41:27,536 - INFO - Epoch 99/200:
Epoch 99/200:
2026-06-24 17:41:30,269 - INFO - Train loss: 0.4446 (2.7s)
Train loss: 0.4446 (2.7s)
2026-06-24 17:41:30,530 - INFO - Test instance 0.8625, class 0.8625
Test instance 0.8625, class 0.8625
2026-06-24 17:41:30,530 - INFO - Best instance 0.9750, class 0.9750 (epoch 47)
Best instance 0.9750, class 0.9750 (epoch 47)
2026-06-24 17:41:30,548 - INFO - Epoch 100/200:
Epoch 100/200:
2026-06-24 17:41:33,929 - INFO - Train loss: 0.4554 (3.4s)
Train loss: 0.4554 (3.4s)
2026-06-24 17:41:34,198 - INFO - Test instance 0.9250, class 0.9250
Test instance 0.9250, class 0.9250
2026-06-24 17:41:34,198 - INFO - Best instance 0.9750, class 0.9750 (epoch 47)
Best instance 0.9750, class 0.9750 (epoch 47)
2026-06-24 17:41:34,216 - INFO - Epoch 101/200:
Epoch 101/200:
2026-06-24 17:41:36,948 - INFO - Train loss: 0.4331 (2.7s)
Train loss: 0.4331 (2.7s)
2026-06-24 17:41:37,221 - INFO - Test instance 0.9250, class 0.9250
Test instance 0.9250, class 0.9250
2026-06-24 17:41:37,221 - INFO - Best instance 0.9750, class 0.9750 (epoch 47)
Best instance 0.9750, class 0.9750 (epoch 47)
2026-06-24 17:41:37,240 - INFO - Epoch 102/200:
Epoch 102/200:
2026-06-24 17:41:39,982 - INFO - Train loss: 0.4592 (2.7s)
Train loss: 0.4592 (2.7s)
2026-06-24 17:41:40,238 - INFO - Test instance 0.9250, class 0.9250
Test instance 0.9250, class 0.9250
2026-06-24 17:41:40,238 - INFO - Best instance 0.9750, class 0.9750 (epoch 47)
Best instance 0.9750, class 0.9750 (epoch 47)
2026-06-24 17:41:40,255 - INFO - Epoch 103/200:
Epoch 103/200:
2026-06-24 17:41:42,981 - INFO - Train loss: 0.4512 (2.7s)
Train loss: 0.4512 (2.7s)
2026-06-24 17:41:43,321 - INFO - Test instance 0.9125, class 0.9125
Test instance 0.9125, class 0.9125
2026-06-24 17:41:43,321 - INFO - Best instance 0.9750, class 0.9750 (epoch 47)
Best instance 0.9750, class 0.9750 (epoch 47)
2026-06-24 17:41:43,341 - INFO - Epoch 104/200:
Epoch 104/200:
2026-06-24 17:41:46,809 - INFO - Train loss: 0.4383 (3.5s)
Train loss: 0.4383 (3.5s)
2026-06-24 17:41:47,147 - INFO - Test instance 0.9500, class 0.9500
Test instance 0.9500, class 0.9500
2026-06-24 17:41:47,147 - INFO - Best instance 0.9750, class 0.9750 (epoch 47)
Best instance 0.9750, class 0.9750 (epoch 47)
2026-06-24 17:41:47,166 - INFO - Epoch 105/200:
Epoch 105/200:
2026-06-24 17:41:49,934 - INFO - Train loss: 0.4504 (2.8s)
Train loss: 0.4504 (2.8s)
2026-06-24 17:41:50,210 - INFO - Test instance 0.9125, class 0.9125
Test instance 0.9125, class 0.9125
2026-06-24 17:41:50,211 - INFO - Best instance 0.9750, class 0.9750 (epoch 47)
Best instance 0.9750, class 0.9750 (epoch 47)
2026-06-24 17:41:50,228 - INFO - Epoch 106/200:
Epoch 106/200:
2026-06-24 17:41:52,983 - INFO - Train loss: 0.4698 (2.8s)
Train loss: 0.4698 (2.8s)
2026-06-24 17:41:53,263 - INFO - Test instance 0.9625, class 0.9625
Test instance 0.9625, class 0.9625
2026-06-24 17:41:53,264 - INFO - Best instance 0.9750, class 0.9750 (epoch 47)
Best instance 0.9750, class 0.9750 (epoch 47)
2026-06-24 17:41:53,281 - INFO - Epoch 107/200:
Epoch 107/200:
2026-06-24 17:41:56,017 - INFO - Train loss: 0.4504 (2.7s)
Train loss: 0.4504 (2.7s)
2026-06-24 17:41:56,279 - INFO - Test instance 0.9875, class 0.9875
Test instance 0.9875, class 0.9875
2026-06-24 17:41:56,296 - INFO - Best instance 0.9875, class 0.9875 (epoch 107)
Best instance 0.9875, class 0.9875 (epoch 107)
2026-06-24 17:41:56,312 - INFO - Epoch 108/200:
Epoch 108/200:
2026-06-24 17:41:59,078 - INFO - Train loss: 0.4501 (2.8s)
Train loss: 0.4501 (2.8s)
2026-06-24 17:41:59,343 - INFO - Test instance 0.9750, class 0.9750
Test instance 0.9750, class 0.9750
2026-06-24 17:41:59,344 - INFO - Best instance 0.9875, class 0.9875 (epoch 107)
Best instance 0.9875, class 0.9875 (epoch 107)
2026-06-24 17:41:59,362 - INFO - Epoch 109/200:
Epoch 109/200:
2026-06-24 17:42:02,175 - INFO - Train loss: 0.4283 (2.8s)
Train loss: 0.4283 (2.8s)
2026-06-24 17:42:02,459 - INFO - Test instance 0.9500, class 0.9500
Test instance 0.9500, class 0.9500
2026-06-24 17:42:02,460 - INFO - Best instance 0.9875, class 0.9875 (epoch 107)
Best instance 0.9875, class 0.9875 (epoch 107)
2026-06-24 17:42:02,478 - INFO - Epoch 110/200:
Epoch 110/200:
2026-06-24 17:42:05,231 - INFO - Train loss: 0.4454 (2.8s)
Train loss: 0.4454 (2.8s)
2026-06-24 17:42:05,496 - INFO - Test instance 0.9250, class 0.9250
Test instance 0.9250, class 0.9250
2026-06-24 17:42:05,497 - INFO - Best instance 0.9875, class 0.9875 (epoch 107)
Best instance 0.9875, class 0.9875 (epoch 107)
2026-06-24 17:42:05,514 - INFO - Epoch 111/200:
Epoch 111/200:
2026-06-24 17:42:08,279 - INFO - Train loss: 0.4547 (2.8s)
Train loss: 0.4547 (2.8s)
2026-06-24 17:42:08,549 - INFO - Test instance 0.9625, class 0.9625
Test instance 0.9625, class 0.9625
2026-06-24 17:42:08,550 - INFO - Best instance 0.9875, class 0.9875 (epoch 107)
Best instance 0.9875, class 0.9875 (epoch 107)
2026-06-24 17:42:08,567 - INFO - Epoch 112/200:
Epoch 112/200:
2026-06-24 17:42:11,330 - INFO - Train loss: 0.4578 (2.8s)
Train loss: 0.4578 (2.8s)
2026-06-24 17:42:11,607 - INFO - Test instance 0.9375, class 0.9375
Test instance 0.9375, class 0.9375
2026-06-24 17:42:11,608 - INFO - Best instance 0.9875, class 0.9875 (epoch 107)
Best instance 0.9875, class 0.9875 (epoch 107)
2026-06-24 17:42:11,627 - INFO - Epoch 113/200:
Epoch 113/200:
2026-06-24 17:42:15,054 - INFO - Train loss: 0.4412 (3.4s)
Train loss: 0.4412 (3.4s)
2026-06-24 17:42:15,326 - INFO - Test instance 0.9750, class 0.9750
Test instance 0.9750, class 0.9750
2026-06-24 17:42:15,327 - INFO - Best instance 0.9875, class 0.9875 (epoch 107)
Best instance 0.9875, class 0.9875 (epoch 107)
2026-06-24 17:42:15,344 - INFO - Epoch 114/200:
Epoch 114/200:
2026-06-24 17:42:18,085 - INFO - Train loss: 0.4599 (2.7s)
Train loss: 0.4599 (2.7s)
2026-06-24 17:42:18,432 - INFO - Test instance 0.9625, class 0.9625
Test instance 0.9625, class 0.9625
2026-06-24 17:42:18,432 - INFO - Best instance 0.9875, class 0.9875 (epoch 107)
Best instance 0.9875, class 0.9875 (epoch 107)
2026-06-24 17:42:18,453 - INFO - Epoch 115/200:
Epoch 115/200:
2026-06-24 17:42:21,214 - INFO - Train loss: 0.4451 (2.8s)
Train loss: 0.4451 (2.8s)
2026-06-24 17:42:21,555 - INFO - Test instance 0.9625, class 0.9625
Test instance 0.9625, class 0.9625
2026-06-24 17:42:21,556 - INFO - Best instance 0.9875, class 0.9875 (epoch 107)
Best instance 0.9875, class 0.9875 (epoch 107)
2026-06-24 17:42:21,578 - INFO - Epoch 116/200:
Epoch 116/200:
2026-06-24 17:42:24,315 - INFO - Train loss: 0.4597 (2.7s)
Train loss: 0.4597 (2.7s)
2026-06-24 17:42:24,666 - INFO - Test instance 0.9125, class 0.9125
Test instance 0.9125, class 0.9125
2026-06-24 17:42:24,666 - INFO - Best instance 0.9875, class 0.9875 (epoch 107)
Best instance 0.9875, class 0.9875 (epoch 107)
2026-06-24 17:42:24,687 - INFO - Epoch 117/200:
Epoch 117/200:
2026-06-24 17:42:28,165 - INFO - Train loss: 0.4561 (3.5s)
Train loss: 0.4561 (3.5s)
2026-06-24 17:42:28,510 - INFO - Test instance 0.9625, class 0.9625
Test instance 0.9625, class 0.9625
2026-06-24 17:42:28,511 - INFO - Best instance 0.9875, class 0.9875 (epoch 107)
Best instance 0.9875, class 0.9875 (epoch 107)
2026-06-24 17:42:28,532 - INFO - Epoch 118/200:
Epoch 118/200:
2026-06-24 17:42:31,320 - INFO - Train loss: 0.4255 (2.8s)
Train loss: 0.4255 (2.8s)
2026-06-24 17:42:31,587 - INFO - Test instance 0.9375, class 0.9375
Test instance 0.9375, class 0.9375
2026-06-24 17:42:31,587 - INFO - Best instance 0.9875, class 0.9875 (epoch 107)
Best instance 0.9875, class 0.9875 (epoch 107)
2026-06-24 17:42:31,605 - INFO - Epoch 119/200:
Epoch 119/200:
2026-06-24 17:42:35,103 - INFO - Train loss: 0.4505 (3.5s)
Train loss: 0.4505 (3.5s)
2026-06-24 17:42:35,436 - INFO - Test instance 0.9750, class 0.9750
Test instance 0.9750, class 0.9750
2026-06-24 17:42:35,436 - INFO - Best instance 0.9875, class 0.9875 (epoch 107)
Best instance 0.9875, class 0.9875 (epoch 107)
2026-06-24 17:42:35,458 - INFO - Epoch 120/200:
Epoch 120/200:
2026-06-24 17:42:38,191 - INFO - Train loss: 0.4483 (2.7s)
Train loss: 0.4483 (2.7s)
2026-06-24 17:42:38,457 - INFO - Test instance 0.9375, class 0.9375
Test instance 0.9375, class 0.9375
2026-06-24 17:42:38,457 - INFO - Best instance 0.9875, class 0.9875 (epoch 107)
Best instance 0.9875, class 0.9875 (epoch 107)
2026-06-24 17:42:38,476 - INFO - Epoch 121/200:
Epoch 121/200:
2026-06-24 17:42:41,235 - INFO - Train loss: 0.4634 (2.8s)
Train loss: 0.4634 (2.8s)
2026-06-24 17:42:41,503 - INFO - Test instance 0.9750, class 0.9750
Test instance 0.9750, class 0.9750
2026-06-24 17:42:41,503 - INFO - Best instance 0.9875, class 0.9875 (epoch 107)
Best instance 0.9875, class 0.9875 (epoch 107)
2026-06-24 17:42:41,520 - INFO - Epoch 122/200:
Epoch 122/200:
2026-06-24 17:42:44,294 - INFO - Train loss: 0.4388 (2.8s)
Train loss: 0.4388 (2.8s)
2026-06-24 17:42:44,563 - INFO - Test instance 0.8875, class 0.8875
Test instance 0.8875, class 0.8875
2026-06-24 17:42:44,563 - INFO - Best instance 0.9875, class 0.9875 (epoch 107)
Best instance 0.9875, class 0.9875 (epoch 107)
2026-06-24 17:42:44,582 - INFO - Epoch 123/200:
Epoch 123/200:
2026-06-24 17:42:47,372 - INFO - Train loss: 0.4360 (2.8s)
Train loss: 0.4360 (2.8s)
2026-06-24 17:42:47,646 - INFO - Test instance 0.9500, class 0.9500
Test instance 0.9500, class 0.9500
2026-06-24 17:42:47,647 - INFO - Best instance 0.9875, class 0.9875 (epoch 107)
Best instance 0.9875, class 0.9875 (epoch 107)
2026-06-24 17:42:47,664 - INFO - Epoch 124/200:
Epoch 124/200:
2026-06-24 17:42:50,408 - INFO - Train loss: 0.4171 (2.7s)
Train loss: 0.4171 (2.7s)
2026-06-24 17:42:50,681 - INFO - Test instance 0.9750, class 0.9750
Test instance 0.9750, class 0.9750
2026-06-24 17:42:50,681 - INFO - Best instance 0.9875, class 0.9875 (epoch 107)
Best instance 0.9875, class 0.9875 (epoch 107)
2026-06-24 17:42:50,699 - INFO - Epoch 125/200:
Epoch 125/200:
2026-06-24 17:42:53,437 - INFO - Train loss: 0.4345 (2.7s)
Train loss: 0.4345 (2.7s)
2026-06-24 17:42:53,782 - INFO - Test instance 0.9125, class 0.9125
Test instance 0.9125, class 0.9125
2026-06-24 17:42:53,782 - INFO - Best instance 0.9875, class 0.9875 (epoch 107)
Best instance 0.9875, class 0.9875 (epoch 107)
2026-06-24 17:42:53,803 - INFO - Epoch 126/200:
Epoch 126/200:
2026-06-24 17:42:57,280 - INFO - Train loss: 0.4436 (3.5s)
Train loss: 0.4436 (3.5s)
2026-06-24 17:42:57,626 - INFO - Test instance 0.9250, class 0.9250
Test instance 0.9250, class 0.9250
2026-06-24 17:42:57,627 - INFO - Best instance 0.9875, class 0.9875 (epoch 107)
Best instance 0.9875, class 0.9875 (epoch 107)
2026-06-24 17:42:57,647 - INFO - Epoch 127/200:
Epoch 127/200:
2026-06-24 17:43:00,394 - INFO - Train loss: 0.4320 (2.7s)
Train loss: 0.4320 (2.7s)
2026-06-24 17:43:00,735 - INFO - Test instance 0.9250, class 0.9250
Test instance 0.9250, class 0.9250
2026-06-24 17:43:00,735 - INFO - Best instance 0.9875, class 0.9875 (epoch 107)
Best instance 0.9875, class 0.9875 (epoch 107)
2026-06-24 17:43:00,755 - INFO - Epoch 128/200:
Epoch 128/200:
2026-06-24 17:43:03,566 - INFO - Train loss: 0.4273 (2.8s)
Train loss: 0.4273 (2.8s)
2026-06-24 17:43:03,830 - INFO - Test instance 0.9500, class 0.9500
Test instance 0.9500, class 0.9500
2026-06-24 17:43:03,830 - INFO - Best instance 0.9875, class 0.9875 (epoch 107)
Best instance 0.9875, class 0.9875 (epoch 107)
2026-06-24 17:43:03,849 - INFO - Epoch 129/200:
Epoch 129/200:
2026-06-24 17:43:06,589 - INFO - Train loss: 0.4643 (2.7s)
Train loss: 0.4643 (2.7s)
2026-06-24 17:43:06,850 - INFO - Test instance 0.9750, class 0.9750
Test instance 0.9750, class 0.9750
2026-06-24 17:43:06,850 - INFO - Best instance 0.9875, class 0.9875 (epoch 107)
Best instance 0.9875, class 0.9875 (epoch 107)
2026-06-24 17:43:06,869 - INFO - Epoch 130/200:
Epoch 130/200:
2026-06-24 17:43:09,620 - INFO - Train loss: 0.4498 (2.8s)
Train loss: 0.4498 (2.8s)
2026-06-24 17:43:09,898 - INFO - Test instance 0.9750, class 0.9750
Test instance 0.9750, class 0.9750
2026-06-24 17:43:09,899 - INFO - Best instance 0.9875, class 0.9875 (epoch 107)
Best instance 0.9875, class 0.9875 (epoch 107)
2026-06-24 17:43:09,918 - INFO - Epoch 131/200:
Epoch 131/200:
2026-06-24 17:43:12,648 - INFO - Train loss: 0.4511 (2.7s)
Train loss: 0.4511 (2.7s)
2026-06-24 17:43:12,930 - INFO - Test instance 0.9625, class 0.9625
Test instance 0.9625, class 0.9625
2026-06-24 17:43:12,931 - INFO - Best instance 0.9875, class 0.9875 (epoch 107)
Best instance 0.9875, class 0.9875 (epoch 107)
2026-06-24 17:43:12,948 - INFO - Epoch 132/200:
Epoch 132/200:
2026-06-24 17:43:16,403 - INFO - Train loss: 0.4118 (3.5s)
Train loss: 0.4118 (3.5s)
2026-06-24 17:43:16,678 - INFO - Test instance 0.9625, class 0.9625
Test instance 0.9625, class 0.9625
2026-06-24 17:43:16,678 - INFO - Best instance 0.9875, class 0.9875 (epoch 107)
Best instance 0.9875, class 0.9875 (epoch 107)
2026-06-24 17:43:16,698 - INFO - Epoch 133/200:
Epoch 133/200:
2026-06-24 17:43:19,433 - INFO - Train loss: 0.4585 (2.7s)
Train loss: 0.4585 (2.7s)
2026-06-24 17:43:19,694 - INFO - Test instance 0.9750, class 0.9750
Test instance 0.9750, class 0.9750
2026-06-24 17:43:19,694 - INFO - Best instance 0.9875, class 0.9875 (epoch 107)
Best instance 0.9875, class 0.9875 (epoch 107)
2026-06-24 17:43:19,713 - INFO - Epoch 134/200:
Epoch 134/200:
2026-06-24 17:43:22,476 - INFO - Train loss: 0.4404 (2.8s)
Train loss: 0.4404 (2.8s)
2026-06-24 17:43:22,738 - INFO - Test instance 0.9750, class 0.9750
Test instance 0.9750, class 0.9750
2026-06-24 17:43:22,738 - INFO - Best instance 0.9875, class 0.9875 (epoch 107)
Best instance 0.9875, class 0.9875 (epoch 107)
2026-06-24 17:43:22,757 - INFO - Epoch 135/200:
Epoch 135/200:
2026-06-24 17:43:25,536 - INFO - Train loss: 0.4411 (2.8s)
Train loss: 0.4411 (2.8s)
2026-06-24 17:43:25,799 - INFO - Test instance 0.9500, class 0.9500
Test instance 0.9500, class 0.9500
2026-06-24 17:43:25,800 - INFO - Best instance 0.9875, class 0.9875 (epoch 107)
Best instance 0.9875, class 0.9875 (epoch 107)
2026-06-24 17:43:25,818 - INFO - Epoch 136/200:
Epoch 136/200:
2026-06-24 17:43:28,558 - INFO - Train loss: 0.4407 (2.7s)
Train loss: 0.4407 (2.7s)
2026-06-24 17:43:28,821 - INFO - Test instance 0.9625, class 0.9625
Test instance 0.9625, class 0.9625
2026-06-24 17:43:28,821 - INFO - Best instance 0.9875, class 0.9875 (epoch 107)
Best instance 0.9875, class 0.9875 (epoch 107)
2026-06-24 17:43:28,839 - INFO - Epoch 137/200:
Epoch 137/200:
2026-06-24 17:43:31,556 - INFO - Train loss: 0.4289 (2.7s)
Train loss: 0.4289 (2.7s)
2026-06-24 17:43:31,818 - INFO - Test instance 0.9125, class 0.9125
Test instance 0.9125, class 0.9125
2026-06-24 17:43:31,819 - INFO - Best instance 0.9875, class 0.9875 (epoch 107)
Best instance 0.9875, class 0.9875 (epoch 107)
2026-06-24 17:43:31,838 - INFO - Epoch 138/200:
Epoch 138/200:
2026-06-24 17:43:34,596 - INFO - Train loss: 0.4517 (2.8s)
Train loss: 0.4517 (2.8s)
2026-06-24 17:43:34,867 - INFO - Test instance 0.9500, class 0.9500
Test instance 0.9500, class 0.9500
2026-06-24 17:43:34,868 - INFO - Best instance 0.9875, class 0.9875 (epoch 107)
Best instance 0.9875, class 0.9875 (epoch 107)
2026-06-24 17:43:34,886 - INFO - Epoch 139/200:
Epoch 139/200:
2026-06-24 17:43:37,650 - INFO - Train loss: 0.4275 (2.8s)
Train loss: 0.4275 (2.8s)
2026-06-24 17:43:37,912 - INFO - Test instance 0.9875, class 0.9875
Test instance 0.9875, class 0.9875
2026-06-24 17:43:37,912 - INFO - Best instance 0.9875, class 0.9875 (epoch 107)
Best instance 0.9875, class 0.9875 (epoch 107)
2026-06-24 17:43:37,931 - INFO - Epoch 140/200:
Epoch 140/200:
2026-06-24 17:43:40,681 - INFO - Train loss: 0.4540 (2.7s)
Train loss: 0.4540 (2.7s)
2026-06-24 17:43:40,937 - INFO - Test instance 0.9375, class 0.9375
Test instance 0.9375, class 0.9375
2026-06-24 17:43:40,938 - INFO - Best instance 0.9875, class 0.9875 (epoch 107)
Best instance 0.9875, class 0.9875 (epoch 107)
2026-06-24 17:43:40,954 - INFO - Epoch 141/200:
Epoch 141/200:
2026-06-24 17:43:43,696 - INFO - Train loss: 0.4567 (2.7s)
Train loss: 0.4567 (2.7s)
2026-06-24 17:43:43,966 - INFO - Test instance 0.9875, class 0.9875
Test instance 0.9875, class 0.9875
2026-06-24 17:43:43,966 - INFO - Best instance 0.9875, class 0.9875 (epoch 107)
Best instance 0.9875, class 0.9875 (epoch 107)
2026-06-24 17:43:43,985 - INFO - Epoch 142/200:
Epoch 142/200:
2026-06-24 17:43:46,748 - INFO - Train loss: 0.4364 (2.8s)
Train loss: 0.4364 (2.8s)
2026-06-24 17:43:47,005 - INFO - Test instance 0.9750, class 0.9750
Test instance 0.9750, class 0.9750
2026-06-24 17:43:47,006 - INFO - Best instance 0.9875, class 0.9875 (epoch 107)
Best instance 0.9875, class 0.9875 (epoch 107)
2026-06-24 17:43:47,023 - INFO - Epoch 143/200:
Epoch 143/200:
2026-06-24 17:43:49,794 - INFO - Train loss: 0.4204 (2.8s)
Train loss: 0.4204 (2.8s)
2026-06-24 17:43:50,076 - INFO - Test instance 0.9500, class 0.9500
Test instance 0.9500, class 0.9500
2026-06-24 17:43:50,077 - INFO - Best instance 0.9875, class 0.9875 (epoch 107)
Best instance 0.9875, class 0.9875 (epoch 107)
2026-06-24 17:43:50,094 - INFO - Epoch 144/200:
Epoch 144/200:
2026-06-24 17:43:52,826 - INFO - Train loss: 0.4206 (2.7s)
Train loss: 0.4206 (2.7s)
2026-06-24 17:43:53,087 - INFO - Test instance 0.9625, class 0.9625
Test instance 0.9625, class 0.9625
2026-06-24 17:43:53,088 - INFO - Best instance 0.9875, class 0.9875 (epoch 107)
Best instance 0.9875, class 0.9875 (epoch 107)
2026-06-24 17:43:53,106 - INFO - Epoch 145/200:
Epoch 145/200:
2026-06-24 17:43:55,817 - INFO - Train loss: 0.4331 (2.7s)
Train loss: 0.4331 (2.7s)
2026-06-24 17:43:56,073 - INFO - Test instance 0.9750, class 0.9750
Test instance 0.9750, class 0.9750
2026-06-24 17:43:56,073 - INFO - Best instance 0.9875, class 0.9875 (epoch 107)
Best instance 0.9875, class 0.9875 (epoch 107)
2026-06-24 17:43:56,090 - INFO - Epoch 146/200:
Epoch 146/200:
2026-06-24 17:43:58,814 - INFO - Train loss: 0.4577 (2.7s)
Train loss: 0.4577 (2.7s)
2026-06-24 17:43:59,081 - INFO - Test instance 0.9625, class 0.9625
Test instance 0.9625, class 0.9625
2026-06-24 17:43:59,082 - INFO - Best instance 0.9875, class 0.9875 (epoch 107)
Best instance 0.9875, class 0.9875 (epoch 107)
2026-06-24 17:43:59,098 - INFO - Epoch 147/200:
Epoch 147/200:
2026-06-24 17:44:01,832 - INFO - Train loss: 0.4620 (2.7s)
Train loss: 0.4620 (2.7s)
2026-06-24 17:44:02,188 - INFO - Test instance 0.9750, class 0.9750
Test instance 0.9750, class 0.9750
2026-06-24 17:44:02,189 - INFO - Best instance 0.9875, class 0.9875 (epoch 107)
Best instance 0.9875, class 0.9875 (epoch 107)
2026-06-24 17:44:02,210 - INFO - Epoch 148/200:
Epoch 148/200:
2026-06-24 17:44:05,619 - INFO - Train loss: 0.4311 (3.4s)
Train loss: 0.4311 (3.4s)
2026-06-24 17:44:05,886 - INFO - Test instance 0.9375, class 0.9375
Test instance 0.9375, class 0.9375
2026-06-24 17:44:05,886 - INFO - Best instance 0.9875, class 0.9875 (epoch 107)
Best instance 0.9875, class 0.9875 (epoch 107)
2026-06-24 17:44:05,904 - INFO - Epoch 149/200:
Epoch 149/200:
2026-06-24 17:44:08,597 - INFO - Train loss: 0.4396 (2.7s)
Train loss: 0.4396 (2.7s)
2026-06-24 17:44:08,852 - INFO - Test instance 0.9250, class 0.9250
Test instance 0.9250, class 0.9250
2026-06-24 17:44:08,852 - INFO - Best instance 0.9875, class 0.9875 (epoch 107)
Best instance 0.9875, class 0.9875 (epoch 107)
2026-06-24 17:44:08,872 - INFO - Epoch 150/200:
Epoch 150/200:
2026-06-24 17:44:11,602 - INFO - Train loss: 0.4347 (2.7s)
Train loss: 0.4347 (2.7s)
2026-06-24 17:44:11,863 - INFO - Test instance 0.9500, class 0.9500
Test instance 0.9500, class 0.9500
2026-06-24 17:44:11,864 - INFO - Best instance 0.9875, class 0.9875 (epoch 107)
Best instance 0.9875, class 0.9875 (epoch 107)
2026-06-24 17:44:11,880 - INFO - Epoch 151/200:
Epoch 151/200:
2026-06-24 17:44:14,605 - INFO - Train loss: 0.4442 (2.7s)
Train loss: 0.4442 (2.7s)
2026-06-24 17:44:14,871 - INFO - Test instance 0.9750, class 0.9750
Test instance 0.9750, class 0.9750
2026-06-24 17:44:14,872 - INFO - Best instance 0.9875, class 0.9875 (epoch 107)
Best instance 0.9875, class 0.9875 (epoch 107)
2026-06-24 17:44:14,888 - INFO - Epoch 152/200:
Epoch 152/200:
2026-06-24 17:44:17,681 - INFO - Train loss: 0.4371 (2.8s)
Train loss: 0.4371 (2.8s)
2026-06-24 17:44:17,938 - INFO - Test instance 0.9500, class 0.9500
Test instance 0.9500, class 0.9500
2026-06-24 17:44:17,939 - INFO - Best instance 0.9875, class 0.9875 (epoch 107)
Best instance 0.9875, class 0.9875 (epoch 107)
2026-06-24 17:44:17,957 - INFO - Epoch 153/200:
Epoch 153/200:
2026-06-24 17:44:20,734 - INFO - Train loss: 0.4196 (2.8s)
Train loss: 0.4196 (2.8s)
2026-06-24 17:44:20,992 - INFO - Test instance 0.9625, class 0.9625
Test instance 0.9625, class 0.9625
2026-06-24 17:44:20,992 - INFO - Best instance 0.9875, class 0.9875 (epoch 107)
Best instance 0.9875, class 0.9875 (epoch 107)
2026-06-24 17:44:21,011 - INFO - Epoch 154/200:
Epoch 154/200:
2026-06-24 17:44:23,750 - INFO - Train loss: 0.4437 (2.7s)
Train loss: 0.4437 (2.7s)
2026-06-24 17:44:24,028 - INFO - Test instance 0.9875, class 0.9875
Test instance 0.9875, class 0.9875
2026-06-24 17:44:24,028 - INFO - Best instance 0.9875, class 0.9875 (epoch 107)
Best instance 0.9875, class 0.9875 (epoch 107)
2026-06-24 17:44:24,046 - INFO - Epoch 155/200:
Epoch 155/200:
2026-06-24 17:44:26,797 - INFO - Train loss: 0.4158 (2.8s)
Train loss: 0.4158 (2.8s)
2026-06-24 17:44:27,062 - INFO - Test instance 1.0000, class 1.0000
Test instance 1.0000, class 1.0000
2026-06-24 17:44:27,080 - INFO - Best instance 1.0000, class 1.0000 (epoch 155)
Best instance 1.0000, class 1.0000 (epoch 155)
2026-06-24 17:44:27,098 - INFO - Epoch 156/200:
Epoch 156/200:
2026-06-24 17:44:29,880 - INFO - Train loss: 0.4245 (2.8s)
Train loss: 0.4245 (2.8s)
2026-06-24 17:44:30,143 - INFO - Test instance 0.9625, class 0.9625
Test instance 0.9625, class 0.9625
2026-06-24 17:44:30,143 - INFO - Best instance 1.0000, class 1.0000 (epoch 155)
Best instance 1.0000, class 1.0000 (epoch 155)
2026-06-24 17:44:30,161 - INFO - Epoch 157/200:
Epoch 157/200:
2026-06-24 17:44:32,927 - INFO - Train loss: 0.4409 (2.8s)
Train loss: 0.4409 (2.8s)
2026-06-24 17:44:33,188 - INFO - Test instance 0.9625, class 0.9625
Test instance 0.9625, class 0.9625
2026-06-24 17:44:33,189 - INFO - Best instance 1.0000, class 1.0000 (epoch 155)
Best instance 1.0000, class 1.0000 (epoch 155)
2026-06-24 17:44:33,206 - INFO - Epoch 158/200:
Epoch 158/200:
2026-06-24 17:44:35,987 - INFO - Train loss: 0.4234 (2.8s)
Train loss: 0.4234 (2.8s)
2026-06-24 17:44:36,246 - INFO - Test instance 0.9125, class 0.9125
Test instance 0.9125, class 0.9125
2026-06-24 17:44:36,246 - INFO - Best instance 1.0000, class 1.0000 (epoch 155)
Best instance 1.0000, class 1.0000 (epoch 155)
2026-06-24 17:44:36,264 - INFO - Epoch 159/200:
Epoch 159/200:
2026-06-24 17:44:39,734 - INFO - Train loss: 0.4338 (3.5s)
Train loss: 0.4338 (3.5s)
2026-06-24 17:44:40,010 - INFO - Test instance 0.9500, class 0.9500
Test instance 0.9500, class 0.9500
2026-06-24 17:44:40,010 - INFO - Best instance 1.0000, class 1.0000 (epoch 155)
Best instance 1.0000, class 1.0000 (epoch 155)
2026-06-24 17:44:40,029 - INFO - Epoch 160/200:
Epoch 160/200:
2026-06-24 17:44:42,778 - INFO - Train loss: 0.4644 (2.7s)
Train loss: 0.4644 (2.7s)
2026-06-24 17:44:43,042 - INFO - Test instance 0.9500, class 0.9500
Test instance 0.9500, class 0.9500
2026-06-24 17:44:43,042 - INFO - Best instance 1.0000, class 1.0000 (epoch 155)
Best instance 1.0000, class 1.0000 (epoch 155)
2026-06-24 17:44:43,060 - INFO - Epoch 161/200:
Epoch 161/200:
2026-06-24 17:44:45,763 - INFO - Train loss: 0.4424 (2.7s)
Train loss: 0.4424 (2.7s)
2026-06-24 17:44:46,022 - INFO - Test instance 0.9500, class 0.9500
Test instance 0.9500, class 0.9500
2026-06-24 17:44:46,022 - INFO - Best instance 1.0000, class 1.0000 (epoch 155)
Best instance 1.0000, class 1.0000 (epoch 155)
2026-06-24 17:44:46,040 - INFO - Epoch 162/200:
Epoch 162/200:
2026-06-24 17:44:49,496 - INFO - Train loss: 0.4207 (3.5s)
Train loss: 0.4207 (3.5s)
2026-06-24 17:44:49,764 - INFO - Test instance 0.9250, class 0.9250
Test instance 0.9250, class 0.9250
2026-06-24 17:44:49,764 - INFO - Best instance 1.0000, class 1.0000 (epoch 155)
Best instance 1.0000, class 1.0000 (epoch 155)
2026-06-24 17:44:49,781 - INFO - Epoch 163/200:
Epoch 163/200:
2026-06-24 17:44:52,539 - INFO - Train loss: 0.4176 (2.8s)
Train loss: 0.4176 (2.8s)
2026-06-24 17:44:52,802 - INFO - Test instance 0.9500, class 0.9500
Test instance 0.9500, class 0.9500
2026-06-24 17:44:52,802 - INFO - Best instance 1.0000, class 1.0000 (epoch 155)
Best instance 1.0000, class 1.0000 (epoch 155)
2026-06-24 17:44:52,821 - INFO - Epoch 164/200:
Epoch 164/200:
2026-06-24 17:44:56,284 - INFO - Train loss: 0.4276 (3.5s)
Train loss: 0.4276 (3.5s)
2026-06-24 17:44:56,551 - INFO - Test instance 0.9375, class 0.9375
Test instance 0.9375, class 0.9375
2026-06-24 17:44:56,552 - INFO - Best instance 1.0000, class 1.0000 (epoch 155)
Best instance 1.0000, class 1.0000 (epoch 155)
2026-06-24 17:44:56,569 - INFO - Epoch 165/200:
Epoch 165/200:
2026-06-24 17:44:59,302 - INFO - Train loss: 0.4212 (2.7s)
Train loss: 0.4212 (2.7s)
2026-06-24 17:44:59,570 - INFO - Test instance 0.9625, class 0.9625
Test instance 0.9625, class 0.9625
2026-06-24 17:44:59,570 - INFO - Best instance 1.0000, class 1.0000 (epoch 155)
Best instance 1.0000, class 1.0000 (epoch 155)
2026-06-24 17:44:59,587 - INFO - Epoch 166/200:
Epoch 166/200:
2026-06-24 17:45:02,395 - INFO - Train loss: 0.4229 (2.8s)
Train loss: 0.4229 (2.8s)
2026-06-24 17:45:02,653 - INFO - Test instance 0.9750, class 0.9750
Test instance 0.9750, class 0.9750
2026-06-24 17:45:02,654 - INFO - Best instance 1.0000, class 1.0000 (epoch 155)
Best instance 1.0000, class 1.0000 (epoch 155)
2026-06-24 17:45:02,672 - INFO - Epoch 167/200:
Epoch 167/200:
2026-06-24 17:45:05,402 - INFO - Train loss: 0.4484 (2.7s)
Train loss: 0.4484 (2.7s)
2026-06-24 17:45:05,675 - INFO - Test instance 0.9625, class 0.9625
Test instance 0.9625, class 0.9625
2026-06-24 17:45:05,675 - INFO - Best instance 1.0000, class 1.0000 (epoch 155)
Best instance 1.0000, class 1.0000 (epoch 155)
2026-06-24 17:45:05,692 - INFO - Epoch 168/200:
Epoch 168/200:
2026-06-24 17:45:08,454 - INFO - Train loss: 0.4254 (2.8s)
Train loss: 0.4254 (2.8s)
2026-06-24 17:45:08,796 - INFO - Test instance 0.9500, class 0.9500
Test instance 0.9500, class 0.9500
2026-06-24 17:45:08,796 - INFO - Best instance 1.0000, class 1.0000 (epoch 155)
Best instance 1.0000, class 1.0000 (epoch 155)
2026-06-24 17:45:08,815 - INFO - Epoch 169/200:
Epoch 169/200:
2026-06-24 17:45:11,546 - INFO - Train loss: 0.4232 (2.7s)
Train loss: 0.4232 (2.7s)
2026-06-24 17:45:11,813 - INFO - Test instance 0.9625, class 0.9625
Test instance 0.9625, class 0.9625
2026-06-24 17:45:11,814 - INFO - Best instance 1.0000, class 1.0000 (epoch 155)
Best instance 1.0000, class 1.0000 (epoch 155)
2026-06-24 17:45:11,831 - INFO - Epoch 170/200:
Epoch 170/200:
2026-06-24 17:45:14,564 - INFO - Train loss: 0.4377 (2.7s)
Train loss: 0.4377 (2.7s)
2026-06-24 17:45:14,823 - INFO - Test instance 0.9625, class 0.9625
Test instance 0.9625, class 0.9625
2026-06-24 17:45:14,823 - INFO - Best instance 1.0000, class 1.0000 (epoch 155)
Best instance 1.0000, class 1.0000 (epoch 155)
2026-06-24 17:45:14,842 - INFO - Epoch 171/200:
Epoch 171/200:
2026-06-24 17:45:17,580 - INFO - Train loss: 0.4282 (2.7s)
Train loss: 0.4282 (2.7s)
2026-06-24 17:45:17,837 - INFO - Test instance 0.9500, class 0.9500
Test instance 0.9500, class 0.9500
2026-06-24 17:45:17,837 - INFO - Best instance 1.0000, class 1.0000 (epoch 155)
Best instance 1.0000, class 1.0000 (epoch 155)
2026-06-24 17:45:17,855 - INFO - Epoch 172/200:
Epoch 172/200:
2026-06-24 17:45:20,582 - INFO - Train loss: 0.4838 (2.7s)
Train loss: 0.4838 (2.7s)
2026-06-24 17:45:20,845 - INFO - Test instance 0.9500, class 0.9500
Test instance 0.9500, class 0.9500
2026-06-24 17:45:20,845 - INFO - Best instance 1.0000, class 1.0000 (epoch 155)
Best instance 1.0000, class 1.0000 (epoch 155)
2026-06-24 17:45:20,863 - INFO - Epoch 173/200:
Epoch 173/200:
2026-06-24 17:45:23,612 - INFO - Train loss: 0.4597 (2.7s)
Train loss: 0.4597 (2.7s)
2026-06-24 17:45:23,878 - INFO - Test instance 0.9625, class 0.9625
Test instance 0.9625, class 0.9625
2026-06-24 17:45:23,878 - INFO - Best instance 1.0000, class 1.0000 (epoch 155)
Best instance 1.0000, class 1.0000 (epoch 155)
2026-06-24 17:45:23,895 - INFO - Epoch 174/200:
Epoch 174/200:
2026-06-24 17:45:27,326 - INFO - Train loss: 0.4487 (3.4s)
Train loss: 0.4487 (3.4s)
2026-06-24 17:45:27,587 - INFO - Test instance 0.9375, class 0.9375
Test instance 0.9375, class 0.9375
2026-06-24 17:45:27,587 - INFO - Best instance 1.0000, class 1.0000 (epoch 155)
Best instance 1.0000, class 1.0000 (epoch 155)
2026-06-24 17:45:27,605 - INFO - Epoch 175/200:
Epoch 175/200:
2026-06-24 17:45:30,360 - INFO - Train loss: 0.4387 (2.8s)
Train loss: 0.4387 (2.8s)
2026-06-24 17:45:30,636 - INFO - Test instance 0.9375, class 0.9375
Test instance 0.9375, class 0.9375
2026-06-24 17:45:30,636 - INFO - Best instance 1.0000, class 1.0000 (epoch 155)
Best instance 1.0000, class 1.0000 (epoch 155)
2026-06-24 17:45:30,654 - INFO - Epoch 176/200:
Epoch 176/200:
2026-06-24 17:45:33,378 - INFO - Train loss: 0.4567 (2.7s)
Train loss: 0.4567 (2.7s)
2026-06-24 17:45:33,650 - INFO - Test instance 0.9375, class 0.9375
Test instance 0.9375, class 0.9375
2026-06-24 17:45:33,650 - INFO - Best instance 1.0000, class 1.0000 (epoch 155)
Best instance 1.0000, class 1.0000 (epoch 155)
2026-06-24 17:45:33,667 - INFO - Epoch 177/200:
Epoch 177/200:
2026-06-24 17:45:36,399 - INFO - Train loss: 0.4162 (2.7s)
Train loss: 0.4162 (2.7s)
2026-06-24 17:45:36,661 - INFO - Test instance 0.9750, class 0.9750
Test instance 0.9750, class 0.9750
2026-06-24 17:45:36,662 - INFO - Best instance 1.0000, class 1.0000 (epoch 155)
Best instance 1.0000, class 1.0000 (epoch 155)
2026-06-24 17:45:36,678 - INFO - Epoch 178/200:
Epoch 178/200:
2026-06-24 17:45:39,410 - INFO - Train loss: 0.4233 (2.7s)
Train loss: 0.4233 (2.7s)
2026-06-24 17:45:39,674 - INFO - Test instance 0.9250, class 0.9250
Test instance 0.9250, class 0.9250
2026-06-24 17:45:39,674 - INFO - Best instance 1.0000, class 1.0000 (epoch 155)
Best instance 1.0000, class 1.0000 (epoch 155)
2026-06-24 17:45:39,692 - INFO - Epoch 179/200:
Epoch 179/200:
2026-06-24 17:45:43,177 - INFO - Train loss: 0.4253 (3.5s)
Train loss: 0.4253 (3.5s)
2026-06-24 17:45:43,515 - INFO - Test instance 0.9500, class 0.9500
Test instance 0.9500, class 0.9500
2026-06-24 17:45:43,516 - INFO - Best instance 1.0000, class 1.0000 (epoch 155)
Best instance 1.0000, class 1.0000 (epoch 155)
2026-06-24 17:45:43,535 - INFO - Epoch 180/200:
Epoch 180/200:
2026-06-24 17:45:46,277 - INFO - Train loss: 0.4092 (2.7s)
Train loss: 0.4092 (2.7s)
2026-06-24 17:45:46,540 - INFO - Test instance 0.9750, class 0.9750
Test instance 0.9750, class 0.9750
2026-06-24 17:45:46,540 - INFO - Best instance 1.0000, class 1.0000 (epoch 155)
Best instance 1.0000, class 1.0000 (epoch 155)
2026-06-24 17:45:46,557 - INFO - Epoch 181/200:
Epoch 181/200:
2026-06-24 17:45:49,298 - INFO - Train loss: 0.4077 (2.7s)
Train loss: 0.4077 (2.7s)
2026-06-24 17:45:49,568 - INFO - Test instance 0.9625, class 0.9625
Test instance 0.9625, class 0.9625
2026-06-24 17:45:49,568 - INFO - Best instance 1.0000, class 1.0000 (epoch 155)
Best instance 1.0000, class 1.0000 (epoch 155)
2026-06-24 17:45:49,586 - INFO - Epoch 182/200:
Epoch 182/200:
2026-06-24 17:45:52,329 - INFO - Train loss: 0.4237 (2.7s)
Train loss: 0.4237 (2.7s)
2026-06-24 17:45:52,596 - INFO - Test instance 0.9875, class 0.9875
Test instance 0.9875, class 0.9875
2026-06-24 17:45:52,597 - INFO - Best instance 1.0000, class 1.0000 (epoch 155)
Best instance 1.0000, class 1.0000 (epoch 155)
2026-06-24 17:45:52,614 - INFO - Epoch 183/200:
Epoch 183/200:
2026-06-24 17:45:55,348 - INFO - Train loss: 0.4418 (2.7s)
Train loss: 0.4418 (2.7s)
2026-06-24 17:45:55,618 - INFO - Test instance 0.9750, class 0.9750
Test instance 0.9750, class 0.9750
2026-06-24 17:45:55,618 - INFO - Best instance 1.0000, class 1.0000 (epoch 155)
Best instance 1.0000, class 1.0000 (epoch 155)
2026-06-24 17:45:55,636 - INFO - Epoch 184/200:
Epoch 184/200:
2026-06-24 17:45:58,358 - INFO - Train loss: 0.4276 (2.7s)
Train loss: 0.4276 (2.7s)
2026-06-24 17:45:58,623 - INFO - Test instance 0.9625, class 0.9625
Test instance 0.9625, class 0.9625
2026-06-24 17:45:58,624 - INFO - Best instance 1.0000, class 1.0000 (epoch 155)
Best instance 1.0000, class 1.0000 (epoch 155)
2026-06-24 17:45:58,642 - INFO - Epoch 185/200:
Epoch 185/200:
2026-06-24 17:46:01,391 - INFO - Train loss: 0.4467 (2.7s)
Train loss: 0.4467 (2.7s)
2026-06-24 17:46:01,758 - INFO - Test instance 0.9500, class 0.9500
Test instance 0.9500, class 0.9500
2026-06-24 17:46:01,759 - INFO - Best instance 1.0000, class 1.0000 (epoch 155)
Best instance 1.0000, class 1.0000 (epoch 155)
2026-06-24 17:46:01,780 - INFO - Epoch 186/200:
Epoch 186/200:
2026-06-24 17:46:04,557 - INFO - Train loss: 0.4310 (2.8s)
Train loss: 0.4310 (2.8s)
2026-06-24 17:46:04,826 - INFO - Test instance 0.9625, class 0.9625
Test instance 0.9625, class 0.9625
2026-06-24 17:46:04,827 - INFO - Best instance 1.0000, class 1.0000 (epoch 155)
Best instance 1.0000, class 1.0000 (epoch 155)
2026-06-24 17:46:04,845 - INFO - Epoch 187/200:
Epoch 187/200:
2026-06-24 17:46:07,596 - INFO - Train loss: 0.4316 (2.8s)
Train loss: 0.4316 (2.8s)
2026-06-24 17:46:07,863 - INFO - Test instance 0.9875, class 0.9875
Test instance 0.9875, class 0.9875
2026-06-24 17:46:07,863 - INFO - Best instance 1.0000, class 1.0000 (epoch 155)
Best instance 1.0000, class 1.0000 (epoch 155)
2026-06-24 17:46:07,881 - INFO - Epoch 188/200:
Epoch 188/200:
2026-06-24 17:46:10,618 - INFO - Train loss: 0.4243 (2.7s)
Train loss: 0.4243 (2.7s)
2026-06-24 17:46:10,887 - INFO - Test instance 0.9750, class 0.9750
Test instance 0.9750, class 0.9750
2026-06-24 17:46:10,887 - INFO - Best instance 1.0000, class 1.0000 (epoch 155)
Best instance 1.0000, class 1.0000 (epoch 155)
2026-06-24 17:46:10,905 - INFO - Epoch 189/200:
Epoch 189/200:
2026-06-24 17:46:13,646 - INFO - Train loss: 0.4372 (2.7s)
Train loss: 0.4372 (2.7s)
2026-06-24 17:46:13,904 - INFO - Test instance 0.9875, class 0.9875
Test instance 0.9875, class 0.9875
2026-06-24 17:46:13,904 - INFO - Best instance 1.0000, class 1.0000 (epoch 155)
Best instance 1.0000, class 1.0000 (epoch 155)
2026-06-24 17:46:13,922 - INFO - Epoch 190/200:
Epoch 190/200:
2026-06-24 17:46:16,665 - INFO - Train loss: 0.4000 (2.7s)
Train loss: 0.4000 (2.7s)
2026-06-24 17:46:16,939 - INFO - Test instance 0.9625, class 0.9625
Test instance 0.9625, class 0.9625
2026-06-24 17:46:16,939 - INFO - Best instance 1.0000, class 1.0000 (epoch 155)
Best instance 1.0000, class 1.0000 (epoch 155)
2026-06-24 17:46:16,957 - INFO - Epoch 191/200:
Epoch 191/200:
2026-06-24 17:46:19,736 - INFO - Train loss: 0.4625 (2.8s)
Train loss: 0.4625 (2.8s)
2026-06-24 17:46:20,017 - INFO - Test instance 0.9625, class 0.9625
Test instance 0.9625, class 0.9625
2026-06-24 17:46:20,018 - INFO - Best instance 1.0000, class 1.0000 (epoch 155)
Best instance 1.0000, class 1.0000 (epoch 155)
2026-06-24 17:46:20,041 - INFO - Epoch 192/200:
Epoch 192/200:
2026-06-24 17:46:22,790 - INFO - Train loss: 0.4300 (2.7s)
Train loss: 0.4300 (2.7s)
2026-06-24 17:46:23,055 - INFO - Test instance 0.9750, class 0.9750
Test instance 0.9750, class 0.9750
2026-06-24 17:46:23,055 - INFO - Best instance 1.0000, class 1.0000 (epoch 155)
Best instance 1.0000, class 1.0000 (epoch 155)
2026-06-24 17:46:23,073 - INFO - Epoch 193/200:
Epoch 193/200:
2026-06-24 17:46:25,831 - INFO - Train loss: 0.4425 (2.8s)
Train loss: 0.4425 (2.8s)
2026-06-24 17:46:26,107 - INFO - Test instance 0.9875, class 0.9875
Test instance 0.9875, class 0.9875
2026-06-24 17:46:26,108 - INFO - Best instance 1.0000, class 1.0000 (epoch 155)
Best instance 1.0000, class 1.0000 (epoch 155)
2026-06-24 17:46:26,126 - INFO - Epoch 194/200:
Epoch 194/200:
2026-06-24 17:46:28,893 - INFO - Train loss: 0.4659 (2.8s)
Train loss: 0.4659 (2.8s)
2026-06-24 17:46:29,160 - INFO - Test instance 0.9625, class 0.9625
Test instance 0.9625, class 0.9625
2026-06-24 17:46:29,160 - INFO - Best instance 1.0000, class 1.0000 (epoch 155)
Best instance 1.0000, class 1.0000 (epoch 155)
2026-06-24 17:46:29,179 - INFO - Epoch 195/200:
Epoch 195/200:
2026-06-24 17:46:31,924 - INFO - Train loss: 0.4423 (2.7s)
Train loss: 0.4423 (2.7s)
2026-06-24 17:46:32,188 - INFO - Test instance 0.9625, class 0.9625
Test instance 0.9625, class 0.9625
2026-06-24 17:46:32,189 - INFO - Best instance 1.0000, class 1.0000 (epoch 155)
Best instance 1.0000, class 1.0000 (epoch 155)
2026-06-24 17:46:32,207 - INFO - Epoch 196/200:
Epoch 196/200:
2026-06-24 17:46:34,972 - INFO - Train loss: 0.4353 (2.8s)
Train loss: 0.4353 (2.8s)
2026-06-24 17:46:35,235 - INFO - Test instance 0.9250, class 0.9250
Test instance 0.9250, class 0.9250
2026-06-24 17:46:35,236 - INFO - Best instance 1.0000, class 1.0000 (epoch 155)
Best instance 1.0000, class 1.0000 (epoch 155)
2026-06-24 17:46:35,254 - INFO - Epoch 197/200:
Epoch 197/200:
2026-06-24 17:46:37,972 - INFO - Train loss: 0.4432 (2.7s)
Train loss: 0.4432 (2.7s)
2026-06-24 17:46:38,249 - INFO - Test instance 0.9250, class 0.9250
Test instance 0.9250, class 0.9250
2026-06-24 17:46:38,250 - INFO - Best instance 1.0000, class 1.0000 (epoch 155)
Best instance 1.0000, class 1.0000 (epoch 155)
2026-06-24 17:46:38,268 - INFO - Epoch 198/200:
Epoch 198/200:
2026-06-24 17:46:41,026 - INFO - Train loss: 0.4464 (2.8s)
Train loss: 0.4464 (2.8s)
2026-06-24 17:46:41,300 - INFO - Test instance 0.9375, class 0.9375
Test instance 0.9375, class 0.9375
2026-06-24 17:46:41,300 - INFO - Best instance 1.0000, class 1.0000 (epoch 155)
Best instance 1.0000, class 1.0000 (epoch 155)
2026-06-24 17:46:41,319 - INFO - Epoch 199/200:
Epoch 199/200:
2026-06-24 17:46:44,046 - INFO - Train loss: 0.4645 (2.7s)
Train loss: 0.4645 (2.7s)
2026-06-24 17:46:44,312 - INFO - Test instance 0.9500, class 0.9500
Test instance 0.9500, class 0.9500
2026-06-24 17:46:44,312 - INFO - Best instance 1.0000, class 1.0000 (epoch 155)
Best instance 1.0000, class 1.0000 (epoch 155)
2026-06-24 17:46:44,330 - INFO - Epoch 200/200:
Epoch 200/200:
2026-06-24 17:46:47,113 - INFO - Train loss: 0.4289 (2.8s)
Train loss: 0.4289 (2.8s)
2026-06-24 17:46:47,376 - INFO - Test instance 0.9625, class 0.9625
Test instance 0.9625, class 0.9625
2026-06-24 17:46:47,376 - INFO - Best instance 1.0000, class 1.0000 (epoch 155)
Best instance 1.0000, class 1.0000 (epoch 155)
2026-06-24 17:47:08,934 - INFO - Student 1.42 MB, 63.75 ms
Student 1.42 MB, 63.75 ms
