[Wed Jun 24 17:35:15 EDT 2026] task 99 on GPU 0: python flkd/advanced_kd_train_classification.py --teacher_model pointnet2_cls_ssg --student_model small_pointnet2 --kd_strategy attention --dataset craniosynostosis --seed 123 --batch_size 24 --epoch 200 --num_point 1024 --teacher_path "outputs/craniosynostosis/flkd/federated/classification/fl_pointnet2_cls_ssg_feddyn_s123/checkpoints/best_model.pth" --log_dir kd_pointnet2_cls_ssg_feddyn+attention_small_pointnet2_s123 --beta 0.5 --data_root data --output_root outputs --num_workers -1 --max_runtime_hours 166.0
Loaded teacher from outputs/craniosynostosis/flkd/federated/classification/fl_pointnet2_cls_ssg_feddyn_s123/checkpoints/best_model.pth
2026-06-24 17:39:37,808 - INFO - PARAMETER ...
2026-06-24 17:39:37,808 - INFO - {'use_cpu': False, 'no_amp': False, 'gpu': '0', 'num_workers': -1, 'batch_size': 24, 'teacher_model': 'pointnet2_cls_ssg', 'student_model': 'small_pointnet2', 'num_category': 4, 'dataset': 'craniosynostosis', 'data_root': 'data', 'output_root': 'outputs', 'train_split': 0.8, 'dataset_seed': 0, 'cache_dataset': True, 'min_class_samples': 1, 'epoch': 200, 'learning_rate': 0.001, 'num_point': 1024, 'optimizer': 'Adam', 'log_dir': 'kd_pointnet2_cls_ssg_feddyn+attention_small_pointnet2_s123', 'decay_rate': 0.0001, 'use_normals': False, 'process_data': False, 'use_uniform_sample': False, 'resume': True, 'kd_strategy': 'attention', 'alpha': 0.5, 'temperature': 2.0, 'beta': 0.5, 'dkd_alpha': 1.0, 'dkd_beta': 8.0, 'crd_temperature': 0.07, 'teacher_path': 'outputs/craniosynostosis/flkd/federated/classification/fl_pointnet2_cls_ssg_feddyn_s123/checkpoints/best_model.pth', 'teacher_paths': None, 'teacher_weights': None, 'use_hard_labels': 'on', 'unlabeled': False, 'temperature_sweep': None, 'seed': 123, 'max_runtime_hours': 166.0}
2026-06-24 17:39:37,809 - INFO - KD=attention student=small_pointnet2 AMP=False use_hard=True unlabeled=False T=2.0
KD=attention student=small_pointnet2 AMP=False use_hard=True unlabeled=False T=2.0
2026-06-24 17:39:40,303 - INFO - Added 525312 KD-adapter params to optimiser.
Added 525312 KD-adapter params to optimiser.
2026-06-24 17:39:40,304 - INFO - Epoch 1/200:
Epoch 1/200:
2026-06-24 17:39:43,442 - INFO - Train loss: 0.3643 (3.1s)
Train loss: 0.3643 (3.1s)
2026-06-24 17:39:44,087 - INFO - Test instance 0.2500, class 0.2500
Test instance 0.2500, class 0.2500
2026-06-24 17:39:44,124 - INFO - Best instance 0.2500, class 0.2500 (epoch 1)
Best instance 0.2500, class 0.2500 (epoch 1)
2026-06-24 17:39:44,154 - INFO - Epoch 2/200:
Epoch 2/200:
2026-06-24 17:39:46,933 - INFO - Train loss: 0.3152 (2.8s)
Train loss: 0.3152 (2.8s)
2026-06-24 17:39:47,195 - INFO - Test instance 0.2500, class 0.2500
Test instance 0.2500, class 0.2500
2026-06-24 17:39:47,195 - INFO - Best instance 0.2500, class 0.2500 (epoch 1)
Best instance 0.2500, class 0.2500 (epoch 1)
2026-06-24 17:39:47,222 - INFO - Epoch 3/200:
Epoch 3/200:
2026-06-24 17:39:49,973 - INFO - Train loss: 0.3423 (2.8s)
Train loss: 0.3423 (2.8s)
2026-06-24 17:39:50,246 - INFO - Test instance 0.3125, class 0.3125
Test instance 0.3125, class 0.3125
2026-06-24 17:39:50,270 - INFO - Best instance 0.3125, class 0.3125 (epoch 3)
Best instance 0.3125, class 0.3125 (epoch 3)
2026-06-24 17:39:50,293 - INFO - Epoch 4/200:
Epoch 4/200:
2026-06-24 17:39:53,070 - INFO - Train loss: 0.2945 (2.8s)
Train loss: 0.2945 (2.8s)
2026-06-24 17:39:53,333 - INFO - Test instance 0.2500, class 0.2500
Test instance 0.2500, class 0.2500
2026-06-24 17:39:53,333 - INFO - Best instance 0.3125, class 0.3125 (epoch 3)
Best instance 0.3125, class 0.3125 (epoch 3)
2026-06-24 17:39:53,359 - INFO - Epoch 5/200:
Epoch 5/200:
2026-06-24 17:39:56,099 - INFO - Train loss: 0.2802 (2.7s)
Train loss: 0.2802 (2.7s)
2026-06-24 17:39:56,364 - INFO - Test instance 0.2625, class 0.2625
Test instance 0.2625, class 0.2625
2026-06-24 17:39:56,364 - INFO - Best instance 0.3125, class 0.3125 (epoch 3)
Best instance 0.3125, class 0.3125 (epoch 3)
2026-06-24 17:39:56,390 - INFO - Epoch 6/200:
Epoch 6/200:
2026-06-24 17:39:59,120 - INFO - Train loss: 0.2289 (2.7s)
Train loss: 0.2289 (2.7s)
2026-06-24 17:39:59,390 - INFO - Test instance 0.2500, class 0.2500
Test instance 0.2500, class 0.2500
2026-06-24 17:39:59,390 - INFO - Best instance 0.3125, class 0.3125 (epoch 3)
Best instance 0.3125, class 0.3125 (epoch 3)
2026-06-24 17:39:59,416 - INFO - Epoch 7/200:
Epoch 7/200:
2026-06-24 17:40:02,215 - INFO - Train loss: 0.2411 (2.8s)
Train loss: 0.2411 (2.8s)
2026-06-24 17:40:02,485 - INFO - Test instance 0.2500, class 0.2500
Test instance 0.2500, class 0.2500
2026-06-24 17:40:02,485 - INFO - Best instance 0.3125, class 0.3125 (epoch 3)
Best instance 0.3125, class 0.3125 (epoch 3)
2026-06-24 17:40:02,511 - INFO - Epoch 8/200:
Epoch 8/200:
2026-06-24 17:40:05,309 - INFO - Train loss: 0.2264 (2.8s)
Train loss: 0.2264 (2.8s)
2026-06-24 17:40:05,568 - INFO - Test instance 0.4125, class 0.4125
Test instance 0.4125, class 0.4125
2026-06-24 17:40:05,590 - INFO - Best instance 0.4125, class 0.4125 (epoch 8)
Best instance 0.4125, class 0.4125 (epoch 8)
2026-06-24 17:40:05,616 - INFO - Epoch 9/200:
Epoch 9/200:
2026-06-24 17:40:08,391 - INFO - Train loss: 0.1926 (2.8s)
Train loss: 0.1926 (2.8s)
2026-06-24 17:40:08,661 - INFO - Test instance 0.2625, class 0.2625
Test instance 0.2625, class 0.2625
2026-06-24 17:40:08,661 - INFO - Best instance 0.4125, class 0.4125 (epoch 8)
Best instance 0.4125, class 0.4125 (epoch 8)
2026-06-24 17:40:08,686 - INFO - Epoch 10/200:
Epoch 10/200:
2026-06-24 17:40:11,488 - INFO - Train loss: 0.1663 (2.8s)
Train loss: 0.1663 (2.8s)
2026-06-24 17:40:11,754 - INFO - Test instance 0.3375, class 0.3375
Test instance 0.3375, class 0.3375
2026-06-24 17:40:11,754 - INFO - Best instance 0.4125, class 0.4125 (epoch 8)
Best instance 0.4125, class 0.4125 (epoch 8)
2026-06-24 17:40:11,779 - INFO - Epoch 11/200:
Epoch 11/200:
2026-06-24 17:40:14,533 - INFO - Train loss: 0.1757 (2.8s)
Train loss: 0.1757 (2.8s)
2026-06-24 17:40:14,802 - INFO - Test instance 0.4000, class 0.4000
Test instance 0.4000, class 0.4000
2026-06-24 17:40:14,803 - INFO - Best instance 0.4125, class 0.4125 (epoch 8)
Best instance 0.4125, class 0.4125 (epoch 8)
2026-06-24 17:40:14,828 - INFO - Epoch 12/200:
Epoch 12/200:
2026-06-24 17:40:17,562 - INFO - Train loss: 0.1559 (2.7s)
Train loss: 0.1559 (2.7s)
2026-06-24 17:40:17,827 - INFO - Test instance 0.3625, class 0.3625
Test instance 0.3625, class 0.3625
2026-06-24 17:40:17,828 - INFO - Best instance 0.4125, class 0.4125 (epoch 8)
Best instance 0.4125, class 0.4125 (epoch 8)
2026-06-24 17:40:17,853 - INFO - Epoch 13/200:
Epoch 13/200:
2026-06-24 17:40:20,625 - INFO - Train loss: 0.1634 (2.8s)
Train loss: 0.1634 (2.8s)
2026-06-24 17:40:20,892 - INFO - Test instance 0.4500, class 0.4500
Test instance 0.4500, class 0.4500
2026-06-24 17:40:20,914 - INFO - Best instance 0.4500, class 0.4500 (epoch 13)
Best instance 0.4500, class 0.4500 (epoch 13)
2026-06-24 17:40:20,939 - INFO - Epoch 14/200:
Epoch 14/200:
2026-06-24 17:40:23,706 - INFO - Train loss: 0.1597 (2.8s)
Train loss: 0.1597 (2.8s)
2026-06-24 17:40:23,980 - INFO - Test instance 0.3125, class 0.3125
Test instance 0.3125, class 0.3125
2026-06-24 17:40:23,981 - INFO - Best instance 0.4500, class 0.4500 (epoch 13)
Best instance 0.4500, class 0.4500 (epoch 13)
2026-06-24 17:40:24,007 - INFO - Epoch 15/200:
Epoch 15/200:
2026-06-24 17:40:26,781 - INFO - Train loss: 0.1393 (2.8s)
Train loss: 0.1393 (2.8s)
2026-06-24 17:40:27,054 - INFO - Test instance 0.4250, class 0.4250
Test instance 0.4250, class 0.4250
2026-06-24 17:40:27,054 - INFO - Best instance 0.4500, class 0.4500 (epoch 13)
Best instance 0.4500, class 0.4500 (epoch 13)
2026-06-24 17:40:27,080 - INFO - Epoch 16/200:
Epoch 16/200:
2026-06-24 17:40:29,859 - INFO - Train loss: 0.1399 (2.8s)
Train loss: 0.1399 (2.8s)
2026-06-24 17:40:30,135 - INFO - Test instance 0.3750, class 0.3750
Test instance 0.3750, class 0.3750
2026-06-24 17:40:30,136 - INFO - Best instance 0.4500, class 0.4500 (epoch 13)
Best instance 0.4500, class 0.4500 (epoch 13)
2026-06-24 17:40:30,161 - INFO - Epoch 17/200:
Epoch 17/200:
2026-06-24 17:40:32,934 - INFO - Train loss: 0.1211 (2.8s)
Train loss: 0.1211 (2.8s)
2026-06-24 17:40:33,207 - INFO - Test instance 0.4125, class 0.4125
Test instance 0.4125, class 0.4125
2026-06-24 17:40:33,207 - INFO - Best instance 0.4500, class 0.4500 (epoch 13)
Best instance 0.4500, class 0.4500 (epoch 13)
2026-06-24 17:40:33,232 - INFO - Epoch 18/200:
Epoch 18/200:
2026-06-24 17:40:36,005 - INFO - Train loss: 0.1199 (2.8s)
Train loss: 0.1199 (2.8s)
2026-06-24 17:40:36,275 - INFO - Test instance 0.4625, class 0.4625
Test instance 0.4625, class 0.4625
2026-06-24 17:40:36,298 - INFO - Best instance 0.4625, class 0.4625 (epoch 18)
Best instance 0.4625, class 0.4625 (epoch 18)
2026-06-24 17:40:36,323 - INFO - Epoch 19/200:
Epoch 19/200:
2026-06-24 17:40:39,086 - INFO - Train loss: 0.1241 (2.8s)
Train loss: 0.1241 (2.8s)
2026-06-24 17:40:39,341 - INFO - Test instance 0.4000, class 0.4000
Test instance 0.4000, class 0.4000
2026-06-24 17:40:39,342 - INFO - Best instance 0.4625, class 0.4625 (epoch 18)
Best instance 0.4625, class 0.4625 (epoch 18)
2026-06-24 17:40:39,368 - INFO - Epoch 20/200:
Epoch 20/200:
2026-06-24 17:40:42,119 - INFO - Train loss: 0.1245 (2.8s)
Train loss: 0.1245 (2.8s)
2026-06-24 17:40:42,378 - INFO - Test instance 0.4625, class 0.4625
Test instance 0.4625, class 0.4625
2026-06-24 17:40:42,378 - INFO - Best instance 0.4625, class 0.4625 (epoch 18)
Best instance 0.4625, class 0.4625 (epoch 18)
2026-06-24 17:40:42,405 - INFO - Epoch 21/200:
Epoch 21/200:
2026-06-24 17:40:45,170 - INFO - Train loss: 0.1132 (2.8s)
Train loss: 0.1132 (2.8s)
2026-06-24 17:40:45,439 - INFO - Test instance 0.4625, class 0.4625
Test instance 0.4625, class 0.4625
2026-06-24 17:40:45,439 - INFO - Best instance 0.4625, class 0.4625 (epoch 18)
Best instance 0.4625, class 0.4625 (epoch 18)
2026-06-24 17:40:45,465 - INFO - Epoch 22/200:
Epoch 22/200:
2026-06-24 17:40:48,244 - INFO - Train loss: 0.1262 (2.8s)
Train loss: 0.1262 (2.8s)
2026-06-24 17:40:48,518 - INFO - Test instance 0.4250, class 0.4250
Test instance 0.4250, class 0.4250
2026-06-24 17:40:48,518 - INFO - Best instance 0.4625, class 0.4625 (epoch 18)
Best instance 0.4625, class 0.4625 (epoch 18)
2026-06-24 17:40:48,543 - INFO - Epoch 23/200:
Epoch 23/200:
2026-06-24 17:40:51,319 - INFO - Train loss: 0.1314 (2.8s)
Train loss: 0.1314 (2.8s)
2026-06-24 17:40:51,583 - INFO - Test instance 0.5000, class 0.5000
Test instance 0.5000, class 0.5000
2026-06-24 17:40:51,606 - INFO - Best instance 0.5000, class 0.5000 (epoch 23)
Best instance 0.5000, class 0.5000 (epoch 23)
2026-06-24 17:40:51,630 - INFO - Epoch 24/200:
Epoch 24/200:
2026-06-24 17:40:54,418 - INFO - Train loss: 0.1017 (2.8s)
Train loss: 0.1017 (2.8s)
2026-06-24 17:40:54,686 - INFO - Test instance 0.4750, class 0.4750
Test instance 0.4750, class 0.4750
2026-06-24 17:40:54,687 - INFO - Best instance 0.5000, class 0.5000 (epoch 23)
Best instance 0.5000, class 0.5000 (epoch 23)
2026-06-24 17:40:54,713 - INFO - Epoch 25/200:
Epoch 25/200:
2026-06-24 17:40:57,468 - INFO - Train loss: 0.1102 (2.8s)
Train loss: 0.1102 (2.8s)
2026-06-24 17:40:57,730 - INFO - Test instance 0.4750, class 0.4750
Test instance 0.4750, class 0.4750
2026-06-24 17:40:57,731 - INFO - Best instance 0.5000, class 0.5000 (epoch 23)
Best instance 0.5000, class 0.5000 (epoch 23)
2026-06-24 17:40:57,756 - INFO - Epoch 26/200:
Epoch 26/200:
2026-06-24 17:41:00,515 - INFO - Train loss: 0.1074 (2.8s)
Train loss: 0.1074 (2.8s)
2026-06-24 17:41:00,778 - INFO - Test instance 0.4875, class 0.4875
Test instance 0.4875, class 0.4875
2026-06-24 17:41:00,779 - INFO - Best instance 0.5000, class 0.5000 (epoch 23)
Best instance 0.5000, class 0.5000 (epoch 23)
2026-06-24 17:41:00,804 - INFO - Epoch 27/200:
Epoch 27/200:
2026-06-24 17:41:03,676 - INFO - Train loss: 0.1087 (2.9s)
Train loss: 0.1087 (2.9s)
2026-06-24 17:41:03,945 - INFO - Test instance 0.4875, class 0.4875
Test instance 0.4875, class 0.4875
2026-06-24 17:41:03,946 - INFO - Best instance 0.5000, class 0.5000 (epoch 23)
Best instance 0.5000, class 0.5000 (epoch 23)
2026-06-24 17:41:03,973 - INFO - Epoch 28/200:
Epoch 28/200:
2026-06-24 17:41:06,753 - INFO - Train loss: 0.0946 (2.8s)
Train loss: 0.0946 (2.8s)
2026-06-24 17:41:07,010 - INFO - Test instance 0.5000, class 0.5000
Test instance 0.5000, class 0.5000
2026-06-24 17:41:07,010 - INFO - Best instance 0.5000, class 0.5000 (epoch 23)
Best instance 0.5000, class 0.5000 (epoch 23)
2026-06-24 17:41:07,035 - INFO - Epoch 29/200:
Epoch 29/200:
2026-06-24 17:41:09,846 - INFO - Train loss: 0.1042 (2.8s)
Train loss: 0.1042 (2.8s)
2026-06-24 17:41:10,108 - INFO - Test instance 0.4500, class 0.4500
Test instance 0.4500, class 0.4500
2026-06-24 17:41:10,110 - INFO - Best instance 0.5000, class 0.5000 (epoch 23)
Best instance 0.5000, class 0.5000 (epoch 23)
2026-06-24 17:41:10,137 - INFO - Epoch 30/200:
Epoch 30/200:
2026-06-24 17:41:12,914 - INFO - Train loss: 0.0998 (2.8s)
Train loss: 0.0998 (2.8s)
2026-06-24 17:41:13,178 - INFO - Test instance 0.4875, class 0.4875
Test instance 0.4875, class 0.4875
2026-06-24 17:41:13,178 - INFO - Best instance 0.5000, class 0.5000 (epoch 23)
Best instance 0.5000, class 0.5000 (epoch 23)
2026-06-24 17:41:13,203 - INFO - Epoch 31/200:
Epoch 31/200:
2026-06-24 17:41:16,005 - INFO - Train loss: 0.1201 (2.8s)
Train loss: 0.1201 (2.8s)
2026-06-24 17:41:16,275 - INFO - Test instance 0.3750, class 0.3750
Test instance 0.3750, class 0.3750
2026-06-24 17:41:16,275 - INFO - Best instance 0.5000, class 0.5000 (epoch 23)
Best instance 0.5000, class 0.5000 (epoch 23)
2026-06-24 17:41:16,301 - INFO - Epoch 32/200:
Epoch 32/200:
2026-06-24 17:41:19,069 - INFO - Train loss: 0.0975 (2.8s)
Train loss: 0.0975 (2.8s)
2026-06-24 17:41:19,344 - INFO - Test instance 0.4125, class 0.4125
Test instance 0.4125, class 0.4125
2026-06-24 17:41:19,345 - INFO - Best instance 0.5000, class 0.5000 (epoch 23)
Best instance 0.5000, class 0.5000 (epoch 23)
2026-06-24 17:41:19,370 - INFO - Epoch 33/200:
Epoch 33/200:
2026-06-24 17:41:22,096 - INFO - Train loss: 0.1013 (2.7s)
Train loss: 0.1013 (2.7s)
2026-06-24 17:41:22,358 - INFO - Test instance 0.4875, class 0.4875
Test instance 0.4875, class 0.4875
2026-06-24 17:41:22,358 - INFO - Best instance 0.5000, class 0.5000 (epoch 23)
Best instance 0.5000, class 0.5000 (epoch 23)
2026-06-24 17:41:22,383 - INFO - Epoch 34/200:
Epoch 34/200:
2026-06-24 17:41:25,144 - INFO - Train loss: 0.0987 (2.8s)
Train loss: 0.0987 (2.8s)
2026-06-24 17:41:25,408 - INFO - Test instance 0.4875, class 0.4875
Test instance 0.4875, class 0.4875
2026-06-24 17:41:25,409 - INFO - Best instance 0.5000, class 0.5000 (epoch 23)
Best instance 0.5000, class 0.5000 (epoch 23)
2026-06-24 17:41:25,433 - INFO - Epoch 35/200:
Epoch 35/200:
2026-06-24 17:41:28,205 - INFO - Train loss: 0.0942 (2.8s)
Train loss: 0.0942 (2.8s)
2026-06-24 17:41:28,463 - INFO - Test instance 0.4125, class 0.4125
Test instance 0.4125, class 0.4125
2026-06-24 17:41:28,463 - INFO - Best instance 0.5000, class 0.5000 (epoch 23)
Best instance 0.5000, class 0.5000 (epoch 23)
2026-06-24 17:41:28,487 - INFO - Epoch 36/200:
Epoch 36/200:
2026-06-24 17:41:31,258 - INFO - Train loss: 0.1056 (2.8s)
Train loss: 0.1056 (2.8s)
2026-06-24 17:41:31,517 - INFO - Test instance 0.4625, class 0.4625
Test instance 0.4625, class 0.4625
2026-06-24 17:41:31,518 - INFO - Best instance 0.5000, class 0.5000 (epoch 23)
Best instance 0.5000, class 0.5000 (epoch 23)
2026-06-24 17:41:31,544 - INFO - Epoch 37/200:
Epoch 37/200:
2026-06-24 17:41:34,308 - INFO - Train loss: 0.1064 (2.8s)
Train loss: 0.1064 (2.8s)
2026-06-24 17:41:34,571 - INFO - Test instance 0.4250, class 0.4250
Test instance 0.4250, class 0.4250
2026-06-24 17:41:34,572 - INFO - Best instance 0.5000, class 0.5000 (epoch 23)
Best instance 0.5000, class 0.5000 (epoch 23)
2026-06-24 17:41:34,597 - INFO - Epoch 38/200:
Epoch 38/200:
2026-06-24 17:41:37,396 - INFO - Train loss: 0.0998 (2.8s)
Train loss: 0.0998 (2.8s)
2026-06-24 17:41:37,662 - INFO - Test instance 0.5000, class 0.5000
Test instance 0.5000, class 0.5000
2026-06-24 17:41:37,663 - INFO - Best instance 0.5000, class 0.5000 (epoch 23)
Best instance 0.5000, class 0.5000 (epoch 23)
2026-06-24 17:41:37,688 - INFO - Epoch 39/200:
Epoch 39/200:
2026-06-24 17:41:40,472 - INFO - Train loss: 0.1010 (2.8s)
Train loss: 0.1010 (2.8s)
2026-06-24 17:41:40,755 - INFO - Test instance 0.4875, class 0.4875
Test instance 0.4875, class 0.4875
2026-06-24 17:41:40,756 - INFO - Best instance 0.5000, class 0.5000 (epoch 23)
Best instance 0.5000, class 0.5000 (epoch 23)
2026-06-24 17:41:40,780 - INFO - Epoch 40/200:
Epoch 40/200:
2026-06-24 17:41:43,510 - INFO - Train loss: 0.0879 (2.7s)
Train loss: 0.0879 (2.7s)
2026-06-24 17:41:43,781 - INFO - Test instance 0.5000, class 0.5000
Test instance 0.5000, class 0.5000
2026-06-24 17:41:43,781 - INFO - Best instance 0.5000, class 0.5000 (epoch 23)
Best instance 0.5000, class 0.5000 (epoch 23)
2026-06-24 17:41:43,807 - INFO - Epoch 41/200:
Epoch 41/200:
2026-06-24 17:41:46,589 - INFO - Train loss: 0.0966 (2.8s)
Train loss: 0.0966 (2.8s)
2026-06-24 17:41:46,859 - INFO - Test instance 0.4875, class 0.4875
Test instance 0.4875, class 0.4875
2026-06-24 17:41:46,859 - INFO - Best instance 0.5000, class 0.5000 (epoch 23)
Best instance 0.5000, class 0.5000 (epoch 23)
2026-06-24 17:41:46,885 - INFO - Epoch 42/200:
Epoch 42/200:
2026-06-24 17:41:49,637 - INFO - Train loss: 0.0943 (2.8s)
Train loss: 0.0943 (2.8s)
2026-06-24 17:41:49,896 - INFO - Test instance 0.4875, class 0.4875
Test instance 0.4875, class 0.4875
2026-06-24 17:41:49,896 - INFO - Best instance 0.5000, class 0.5000 (epoch 23)
Best instance 0.5000, class 0.5000 (epoch 23)
2026-06-24 17:41:49,921 - INFO - Epoch 43/200:
Epoch 43/200:
2026-06-24 17:41:52,692 - INFO - Train loss: 0.0893 (2.8s)
Train loss: 0.0893 (2.8s)
2026-06-24 17:41:52,956 - INFO - Test instance 0.4625, class 0.4625
Test instance 0.4625, class 0.4625
2026-06-24 17:41:52,957 - INFO - Best instance 0.5000, class 0.5000 (epoch 23)
Best instance 0.5000, class 0.5000 (epoch 23)
2026-06-24 17:41:52,983 - INFO - Epoch 44/200:
Epoch 44/200:
2026-06-24 17:41:55,753 - INFO - Train loss: 0.0855 (2.8s)
Train loss: 0.0855 (2.8s)
2026-06-24 17:41:56,019 - INFO - Test instance 0.4875, class 0.4875
Test instance 0.4875, class 0.4875
2026-06-24 17:41:56,019 - INFO - Best instance 0.5000, class 0.5000 (epoch 23)
Best instance 0.5000, class 0.5000 (epoch 23)
2026-06-24 17:41:56,045 - INFO - Epoch 45/200:
Epoch 45/200:
2026-06-24 17:41:58,824 - INFO - Train loss: 0.1012 (2.8s)
Train loss: 0.1012 (2.8s)
2026-06-24 17:41:59,100 - INFO - Test instance 0.4875, class 0.4875
Test instance 0.4875, class 0.4875
2026-06-24 17:41:59,101 - INFO - Best instance 0.5000, class 0.5000 (epoch 23)
Best instance 0.5000, class 0.5000 (epoch 23)
2026-06-24 17:41:59,126 - INFO - Epoch 46/200:
Epoch 46/200:
2026-06-24 17:42:01,916 - INFO - Train loss: 0.0899 (2.8s)
Train loss: 0.0899 (2.8s)
2026-06-24 17:42:02,199 - INFO - Test instance 0.5000, class 0.5000
Test instance 0.5000, class 0.5000
2026-06-24 17:42:02,200 - INFO - Best instance 0.5000, class 0.5000 (epoch 23)
Best instance 0.5000, class 0.5000 (epoch 23)
2026-06-24 17:42:02,226 - INFO - Epoch 47/200:
Epoch 47/200:
2026-06-24 17:42:04,993 - INFO - Train loss: 0.0947 (2.8s)
Train loss: 0.0947 (2.8s)
2026-06-24 17:42:05,262 - INFO - Test instance 0.4750, class 0.4750
Test instance 0.4750, class 0.4750
2026-06-24 17:42:05,262 - INFO - Best instance 0.5000, class 0.5000 (epoch 23)
Best instance 0.5000, class 0.5000 (epoch 23)
2026-06-24 17:42:05,290 - INFO - Epoch 48/200:
Epoch 48/200:
2026-06-24 17:42:08,033 - INFO - Train loss: 0.0892 (2.7s)
Train loss: 0.0892 (2.7s)
2026-06-24 17:42:08,290 - INFO - Test instance 0.4875, class 0.4875
Test instance 0.4875, class 0.4875
2026-06-24 17:42:08,290 - INFO - Best instance 0.5000, class 0.5000 (epoch 23)
Best instance 0.5000, class 0.5000 (epoch 23)
2026-06-24 17:42:08,316 - INFO - Epoch 49/200:
Epoch 49/200:
2026-06-24 17:42:11,090 - INFO - Train loss: 0.0845 (2.8s)
Train loss: 0.0845 (2.8s)
2026-06-24 17:42:11,360 - INFO - Test instance 0.4875, class 0.4875
Test instance 0.4875, class 0.4875
2026-06-24 17:42:11,361 - INFO - Best instance 0.5000, class 0.5000 (epoch 23)
Best instance 0.5000, class 0.5000 (epoch 23)
2026-06-24 17:42:11,386 - INFO - Epoch 50/200:
Epoch 50/200:
2026-06-24 17:42:14,155 - INFO - Train loss: 0.1100 (2.8s)
Train loss: 0.1100 (2.8s)
2026-06-24 17:42:14,420 - INFO - Test instance 0.4875, class 0.4875
Test instance 0.4875, class 0.4875
2026-06-24 17:42:14,420 - INFO - Best instance 0.5000, class 0.5000 (epoch 23)
Best instance 0.5000, class 0.5000 (epoch 23)
2026-06-24 17:42:14,445 - INFO - Epoch 51/200:
Epoch 51/200:
2026-06-24 17:42:17,227 - INFO - Train loss: 0.0870 (2.8s)
Train loss: 0.0870 (2.8s)
2026-06-24 17:42:17,489 - INFO - Test instance 0.4500, class 0.4500
Test instance 0.4500, class 0.4500
2026-06-24 17:42:17,490 - INFO - Best instance 0.5000, class 0.5000 (epoch 23)
Best instance 0.5000, class 0.5000 (epoch 23)
2026-06-24 17:42:17,516 - INFO - Epoch 52/200:
Epoch 52/200:
2026-06-24 17:42:20,316 - INFO - Train loss: 0.0909 (2.8s)
Train loss: 0.0909 (2.8s)
2026-06-24 17:42:20,582 - INFO - Test instance 0.2750, class 0.2750
Test instance 0.2750, class 0.2750
2026-06-24 17:42:20,582 - INFO - Best instance 0.5000, class 0.5000 (epoch 23)
Best instance 0.5000, class 0.5000 (epoch 23)
2026-06-24 17:42:20,607 - INFO - Epoch 53/200:
Epoch 53/200:
2026-06-24 17:42:23,362 - INFO - Train loss: 0.1044 (2.8s)
Train loss: 0.1044 (2.8s)
2026-06-24 17:42:23,638 - INFO - Test instance 0.5000, class 0.5000
Test instance 0.5000, class 0.5000
2026-06-24 17:42:23,639 - INFO - Best instance 0.5000, class 0.5000 (epoch 23)
Best instance 0.5000, class 0.5000 (epoch 23)
2026-06-24 17:42:23,665 - INFO - Epoch 54/200:
Epoch 54/200:
2026-06-24 17:42:26,436 - INFO - Train loss: 0.0839 (2.8s)
Train loss: 0.0839 (2.8s)
2026-06-24 17:42:26,698 - INFO - Test instance 0.4375, class 0.4375
Test instance 0.4375, class 0.4375
2026-06-24 17:42:26,698 - INFO - Best instance 0.5000, class 0.5000 (epoch 23)
Best instance 0.5000, class 0.5000 (epoch 23)
2026-06-24 17:42:26,724 - INFO - Epoch 55/200:
Epoch 55/200:
2026-06-24 17:42:29,468 - INFO - Train loss: 0.0874 (2.7s)
Train loss: 0.0874 (2.7s)
2026-06-24 17:42:29,732 - INFO - Test instance 0.4875, class 0.4875
Test instance 0.4875, class 0.4875
2026-06-24 17:42:29,732 - INFO - Best instance 0.5000, class 0.5000 (epoch 23)
Best instance 0.5000, class 0.5000 (epoch 23)
2026-06-24 17:42:29,757 - INFO - Epoch 56/200:
Epoch 56/200:
2026-06-24 17:42:32,544 - INFO - Train loss: 0.0787 (2.8s)
Train loss: 0.0787 (2.8s)
2026-06-24 17:42:32,809 - INFO - Test instance 0.4625, class 0.4625
Test instance 0.4625, class 0.4625
2026-06-24 17:42:32,810 - INFO - Best instance 0.5000, class 0.5000 (epoch 23)
Best instance 0.5000, class 0.5000 (epoch 23)
2026-06-24 17:42:32,835 - INFO - Epoch 57/200:
Epoch 57/200:
2026-06-24 17:42:35,650 - INFO - Train loss: 0.1063 (2.8s)
Train loss: 0.1063 (2.8s)
2026-06-24 17:42:35,911 - INFO - Test instance 0.4625, class 0.4625
Test instance 0.4625, class 0.4625
2026-06-24 17:42:35,911 - INFO - Best instance 0.5000, class 0.5000 (epoch 23)
Best instance 0.5000, class 0.5000 (epoch 23)
2026-06-24 17:42:35,936 - INFO - Epoch 58/200:
Epoch 58/200:
2026-06-24 17:42:38,721 - INFO - Train loss: 0.0765 (2.8s)
Train loss: 0.0765 (2.8s)
2026-06-24 17:42:38,990 - INFO - Test instance 0.5000, class 0.5000
Test instance 0.5000, class 0.5000
2026-06-24 17:42:38,990 - INFO - Best instance 0.5000, class 0.5000 (epoch 23)
Best instance 0.5000, class 0.5000 (epoch 23)
2026-06-24 17:42:39,016 - INFO - Epoch 59/200:
Epoch 59/200:
2026-06-24 17:42:41,780 - INFO - Train loss: 0.0751 (2.8s)
Train loss: 0.0751 (2.8s)
2026-06-24 17:42:42,052 - INFO - Test instance 0.4875, class 0.4875
Test instance 0.4875, class 0.4875
2026-06-24 17:42:42,053 - INFO - Best instance 0.5000, class 0.5000 (epoch 23)
Best instance 0.5000, class 0.5000 (epoch 23)
2026-06-24 17:42:42,081 - INFO - Epoch 60/200:
Epoch 60/200:
2026-06-24 17:42:44,846 - INFO - Train loss: 0.0871 (2.8s)
Train loss: 0.0871 (2.8s)
2026-06-24 17:42:45,121 - INFO - Test instance 0.4750, class 0.4750
Test instance 0.4750, class 0.4750
2026-06-24 17:42:45,121 - INFO - Best instance 0.5000, class 0.5000 (epoch 23)
Best instance 0.5000, class 0.5000 (epoch 23)
2026-06-24 17:42:45,146 - INFO - Epoch 61/200:
Epoch 61/200:
2026-06-24 17:42:47,878 - INFO - Train loss: 0.0831 (2.7s)
Train loss: 0.0831 (2.7s)
2026-06-24 17:42:48,139 - INFO - Test instance 0.4875, class 0.4875
Test instance 0.4875, class 0.4875
2026-06-24 17:42:48,140 - INFO - Best instance 0.5000, class 0.5000 (epoch 23)
Best instance 0.5000, class 0.5000 (epoch 23)
2026-06-24 17:42:48,197 - INFO - Epoch 62/200:
Epoch 62/200:
2026-06-24 17:42:50,961 - INFO - Train loss: 0.0779 (2.8s)
Train loss: 0.0779 (2.8s)
2026-06-24 17:42:51,219 - INFO - Test instance 0.5000, class 0.5000
Test instance 0.5000, class 0.5000
2026-06-24 17:42:51,219 - INFO - Best instance 0.5000, class 0.5000 (epoch 23)
Best instance 0.5000, class 0.5000 (epoch 23)
2026-06-24 17:42:51,244 - INFO - Epoch 63/200:
Epoch 63/200:
2026-06-24 17:42:54,030 - INFO - Train loss: 0.0864 (2.8s)
Train loss: 0.0864 (2.8s)
2026-06-24 17:42:54,305 - INFO - Test instance 0.4750, class 0.4750
Test instance 0.4750, class 0.4750
2026-06-24 17:42:54,305 - INFO - Best instance 0.5000, class 0.5000 (epoch 23)
Best instance 0.5000, class 0.5000 (epoch 23)
2026-06-24 17:42:54,339 - INFO - Epoch 64/200:
Epoch 64/200:
2026-06-24 17:42:57,120 - INFO - Train loss: 0.0734 (2.8s)
Train loss: 0.0734 (2.8s)
2026-06-24 17:42:57,393 - INFO - Test instance 0.4875, class 0.4875
Test instance 0.4875, class 0.4875
2026-06-24 17:42:57,393 - INFO - Best instance 0.5000, class 0.5000 (epoch 23)
Best instance 0.5000, class 0.5000 (epoch 23)
2026-06-24 17:42:57,418 - INFO - Epoch 65/200:
Epoch 65/200:
2026-06-24 17:43:00,207 - INFO - Train loss: 0.0803 (2.8s)
Train loss: 0.0803 (2.8s)
2026-06-24 17:43:00,476 - INFO - Test instance 0.4875, class 0.4875
Test instance 0.4875, class 0.4875
2026-06-24 17:43:00,477 - INFO - Best instance 0.5000, class 0.5000 (epoch 23)
Best instance 0.5000, class 0.5000 (epoch 23)
2026-06-24 17:43:00,503 - INFO - Epoch 66/200:
Epoch 66/200:
2026-06-24 17:43:03,327 - INFO - Train loss: 0.0751 (2.8s)
Train loss: 0.0751 (2.8s)
2026-06-24 17:43:03,601 - INFO - Test instance 0.4875, class 0.4875
Test instance 0.4875, class 0.4875
2026-06-24 17:43:03,601 - INFO - Best instance 0.5000, class 0.5000 (epoch 23)
Best instance 0.5000, class 0.5000 (epoch 23)
2026-06-24 17:43:03,627 - INFO - Epoch 67/200:
Epoch 67/200:
2026-06-24 17:43:06,391 - INFO - Train loss: 0.0776 (2.8s)
Train loss: 0.0776 (2.8s)
2026-06-24 17:43:06,663 - INFO - Test instance 0.4875, class 0.4875
Test instance 0.4875, class 0.4875
2026-06-24 17:43:06,663 - INFO - Best instance 0.5000, class 0.5000 (epoch 23)
Best instance 0.5000, class 0.5000 (epoch 23)
2026-06-24 17:43:06,688 - INFO - Epoch 68/200:
Epoch 68/200:
2026-06-24 17:43:09,417 - INFO - Train loss: 0.0913 (2.7s)
Train loss: 0.0913 (2.7s)
2026-06-24 17:43:09,675 - INFO - Test instance 0.4750, class 0.4750
Test instance 0.4750, class 0.4750
2026-06-24 17:43:09,675 - INFO - Best instance 0.5000, class 0.5000 (epoch 23)
Best instance 0.5000, class 0.5000 (epoch 23)
2026-06-24 17:43:09,700 - INFO - Epoch 69/200:
Epoch 69/200:
2026-06-24 17:43:12,443 - INFO - Train loss: 0.0705 (2.7s)
Train loss: 0.0705 (2.7s)
2026-06-24 17:43:12,721 - INFO - Test instance 0.5000, class 0.5000
Test instance 0.5000, class 0.5000
2026-06-24 17:43:12,722 - INFO - Best instance 0.5000, class 0.5000 (epoch 23)
Best instance 0.5000, class 0.5000 (epoch 23)
2026-06-24 17:43:12,747 - INFO - Epoch 70/200:
Epoch 70/200:
2026-06-24 17:43:15,518 - INFO - Train loss: 0.0794 (2.8s)
Train loss: 0.0794 (2.8s)
2026-06-24 17:43:15,787 - INFO - Test instance 0.5000, class 0.5000
Test instance 0.5000, class 0.5000
2026-06-24 17:43:15,787 - INFO - Best instance 0.5000, class 0.5000 (epoch 23)
Best instance 0.5000, class 0.5000 (epoch 23)
2026-06-24 17:43:15,813 - INFO - Epoch 71/200:
Epoch 71/200:
2026-06-24 17:43:18,578 - INFO - Train loss: 0.0752 (2.8s)
Train loss: 0.0752 (2.8s)
2026-06-24 17:43:18,844 - INFO - Test instance 0.4500, class 0.4500
Test instance 0.4500, class 0.4500
2026-06-24 17:43:18,844 - INFO - Best instance 0.5000, class 0.5000 (epoch 23)
Best instance 0.5000, class 0.5000 (epoch 23)
2026-06-24 17:43:18,870 - INFO - Epoch 72/200:
Epoch 72/200:
2026-06-24 17:43:21,632 - INFO - Train loss: 0.0851 (2.8s)
Train loss: 0.0851 (2.8s)
2026-06-24 17:43:21,903 - INFO - Test instance 0.4875, class 0.4875
Test instance 0.4875, class 0.4875
2026-06-24 17:43:21,904 - INFO - Best instance 0.5000, class 0.5000 (epoch 23)
Best instance 0.5000, class 0.5000 (epoch 23)
2026-06-24 17:43:21,929 - INFO - Epoch 73/200:
Epoch 73/200:
2026-06-24 17:43:24,693 - INFO - Train loss: 0.0881 (2.8s)
Train loss: 0.0881 (2.8s)
2026-06-24 17:43:24,951 - INFO - Test instance 0.5000, class 0.5000
Test instance 0.5000, class 0.5000
2026-06-24 17:43:24,951 - INFO - Best instance 0.5000, class 0.5000 (epoch 23)
Best instance 0.5000, class 0.5000 (epoch 23)
2026-06-24 17:43:24,977 - INFO - Epoch 74/200:
Epoch 74/200:
2026-06-24 17:43:27,716 - INFO - Train loss: 0.0807 (2.7s)
Train loss: 0.0807 (2.7s)
2026-06-24 17:43:27,976 - INFO - Test instance 0.4750, class 0.4750
Test instance 0.4750, class 0.4750
2026-06-24 17:43:27,977 - INFO - Best instance 0.5000, class 0.5000 (epoch 23)
Best instance 0.5000, class 0.5000 (epoch 23)
2026-06-24 17:43:28,001 - INFO - Epoch 75/200:
Epoch 75/200:
2026-06-24 17:43:30,734 - INFO - Train loss: 0.0738 (2.7s)
Train loss: 0.0738 (2.7s)
2026-06-24 17:43:30,993 - INFO - Test instance 0.4875, class 0.4875
Test instance 0.4875, class 0.4875
2026-06-24 17:43:30,993 - INFO - Best instance 0.5000, class 0.5000 (epoch 23)
Best instance 0.5000, class 0.5000 (epoch 23)
2026-06-24 17:43:31,018 - INFO - Epoch 76/200:
Epoch 76/200:
2026-06-24 17:43:33,793 - INFO - Train loss: 0.0801 (2.8s)
Train loss: 0.0801 (2.8s)
2026-06-24 17:43:34,058 - INFO - Test instance 0.4875, class 0.4875
Test instance 0.4875, class 0.4875
2026-06-24 17:43:34,059 - INFO - Best instance 0.5000, class 0.5000 (epoch 23)
Best instance 0.5000, class 0.5000 (epoch 23)
2026-06-24 17:43:34,085 - INFO - Epoch 77/200:
Epoch 77/200:
2026-06-24 17:43:36,844 - INFO - Train loss: 0.0967 (2.8s)
Train loss: 0.0967 (2.8s)
2026-06-24 17:43:37,112 - INFO - Test instance 0.5000, class 0.5000
Test instance 0.5000, class 0.5000
2026-06-24 17:43:37,112 - INFO - Best instance 0.5000, class 0.5000 (epoch 23)
Best instance 0.5000, class 0.5000 (epoch 23)
2026-06-24 17:43:37,138 - INFO - Epoch 78/200:
Epoch 78/200:
2026-06-24 17:43:39,912 - INFO - Train loss: 0.0799 (2.8s)
Train loss: 0.0799 (2.8s)
2026-06-24 17:43:40,178 - INFO - Test instance 0.4875, class 0.4875
Test instance 0.4875, class 0.4875
2026-06-24 17:43:40,179 - INFO - Best instance 0.5000, class 0.5000 (epoch 23)
Best instance 0.5000, class 0.5000 (epoch 23)
2026-06-24 17:43:40,204 - INFO - Epoch 79/200:
Epoch 79/200:
2026-06-24 17:43:42,975 - INFO - Train loss: 0.0650 (2.8s)
Train loss: 0.0650 (2.8s)
2026-06-24 17:43:43,239 - INFO - Test instance 0.4250, class 0.4250
Test instance 0.4250, class 0.4250
2026-06-24 17:43:43,240 - INFO - Best instance 0.5000, class 0.5000 (epoch 23)
Best instance 0.5000, class 0.5000 (epoch 23)
2026-06-24 17:43:43,265 - INFO - Epoch 80/200:
Epoch 80/200:
2026-06-24 17:43:46,045 - INFO - Train loss: 0.0785 (2.8s)
Train loss: 0.0785 (2.8s)
2026-06-24 17:43:46,311 - INFO - Test instance 0.4875, class 0.4875
Test instance 0.4875, class 0.4875
2026-06-24 17:43:46,312 - INFO - Best instance 0.5000, class 0.5000 (epoch 23)
Best instance 0.5000, class 0.5000 (epoch 23)
2026-06-24 17:43:46,337 - INFO - Epoch 81/200:
Epoch 81/200:
2026-06-24 17:43:49,090 - INFO - Train loss: 0.0981 (2.8s)
Train loss: 0.0981 (2.8s)
2026-06-24 17:43:49,353 - INFO - Test instance 0.5000, class 0.5000
Test instance 0.5000, class 0.5000
2026-06-24 17:43:49,353 - INFO - Best instance 0.5000, class 0.5000 (epoch 23)
Best instance 0.5000, class 0.5000 (epoch 23)
2026-06-24 17:43:49,378 - INFO - Epoch 82/200:
Epoch 82/200:
2026-06-24 17:43:52,125 - INFO - Train loss: 0.0735 (2.7s)
Train loss: 0.0735 (2.7s)
2026-06-24 17:43:52,395 - INFO - Test instance 0.4750, class 0.4750
Test instance 0.4750, class 0.4750
2026-06-24 17:43:52,395 - INFO - Best instance 0.5000, class 0.5000 (epoch 23)
Best instance 0.5000, class 0.5000 (epoch 23)
2026-06-24 17:43:52,422 - INFO - Epoch 83/200:
Epoch 83/200:
2026-06-24 17:43:55,178 - INFO - Train loss: 0.0756 (2.8s)
Train loss: 0.0756 (2.8s)
2026-06-24 17:43:55,439 - INFO - Test instance 0.5000, class 0.5000
Test instance 0.5000, class 0.5000
2026-06-24 17:43:55,439 - INFO - Best instance 0.5000, class 0.5000 (epoch 23)
Best instance 0.5000, class 0.5000 (epoch 23)
2026-06-24 17:43:55,464 - INFO - Epoch 84/200:
Epoch 84/200:
2026-06-24 17:43:58,257 - INFO - Train loss: 0.0767 (2.8s)
Train loss: 0.0767 (2.8s)
2026-06-24 17:43:58,517 - INFO - Test instance 0.5000, class 0.5000
Test instance 0.5000, class 0.5000
2026-06-24 17:43:58,518 - INFO - Best instance 0.5000, class 0.5000 (epoch 23)
Best instance 0.5000, class 0.5000 (epoch 23)
2026-06-24 17:43:58,544 - INFO - Epoch 85/200:
Epoch 85/200:
2026-06-24 17:44:01,309 - INFO - Train loss: 0.0663 (2.8s)
Train loss: 0.0663 (2.8s)
2026-06-24 17:44:01,572 - INFO - Test instance 0.4875, class 0.4875
Test instance 0.4875, class 0.4875
2026-06-24 17:44:01,572 - INFO - Best instance 0.5000, class 0.5000 (epoch 23)
Best instance 0.5000, class 0.5000 (epoch 23)
2026-06-24 17:44:01,598 - INFO - Epoch 86/200:
Epoch 86/200:
2026-06-24 17:44:04,448 - INFO - Train loss: 0.0849 (2.8s)
Train loss: 0.0849 (2.8s)
2026-06-24 17:44:04,712 - INFO - Test instance 0.4875, class 0.4875
Test instance 0.4875, class 0.4875
2026-06-24 17:44:04,713 - INFO - Best instance 0.5000, class 0.5000 (epoch 23)
Best instance 0.5000, class 0.5000 (epoch 23)
2026-06-24 17:44:04,740 - INFO - Epoch 87/200:
Epoch 87/200:
2026-06-24 17:44:07,495 - INFO - Train loss: 0.0720 (2.8s)
Train loss: 0.0720 (2.8s)
2026-06-24 17:44:07,757 - INFO - Test instance 0.4875, class 0.4875
Test instance 0.4875, class 0.4875
2026-06-24 17:44:07,758 - INFO - Best instance 0.5000, class 0.5000 (epoch 23)
Best instance 0.5000, class 0.5000 (epoch 23)
2026-06-24 17:44:07,784 - INFO - Epoch 88/200:
Epoch 88/200:
2026-06-24 17:44:10,567 - INFO - Train loss: 0.0710 (2.8s)
Train loss: 0.0710 (2.8s)
2026-06-24 17:44:10,826 - INFO - Test instance 0.5000, class 0.5000
Test instance 0.5000, class 0.5000
2026-06-24 17:44:10,826 - INFO - Best instance 0.5000, class 0.5000 (epoch 23)
Best instance 0.5000, class 0.5000 (epoch 23)
2026-06-24 17:44:10,851 - INFO - Epoch 89/200:
Epoch 89/200:
2026-06-24 17:44:13,613 - INFO - Train loss: 0.0788 (2.8s)
Train loss: 0.0788 (2.8s)
2026-06-24 17:44:13,870 - INFO - Test instance 0.4750, class 0.4750
Test instance 0.4750, class 0.4750
2026-06-24 17:44:13,871 - INFO - Best instance 0.5000, class 0.5000 (epoch 23)
Best instance 0.5000, class 0.5000 (epoch 23)
2026-06-24 17:44:13,896 - INFO - Epoch 90/200:
Epoch 90/200:
2026-06-24 17:44:16,691 - INFO - Train loss: 0.0903 (2.8s)
Train loss: 0.0903 (2.8s)
2026-06-24 17:44:16,948 - INFO - Test instance 0.4750, class 0.4750
Test instance 0.4750, class 0.4750
2026-06-24 17:44:16,949 - INFO - Best instance 0.5000, class 0.5000 (epoch 23)
Best instance 0.5000, class 0.5000 (epoch 23)
2026-06-24 17:44:16,974 - INFO - Epoch 91/200:
Epoch 91/200:
2026-06-24 17:44:19,747 - INFO - Train loss: 0.0735 (2.8s)
Train loss: 0.0735 (2.8s)
2026-06-24 17:44:20,017 - INFO - Test instance 0.4875, class 0.4875
Test instance 0.4875, class 0.4875
2026-06-24 17:44:20,017 - INFO - Best instance 0.5000, class 0.5000 (epoch 23)
Best instance 0.5000, class 0.5000 (epoch 23)
2026-06-24 17:44:20,042 - INFO - Epoch 92/200:
Epoch 92/200:
2026-06-24 17:44:22,817 - INFO - Train loss: 0.0866 (2.8s)
Train loss: 0.0866 (2.8s)
2026-06-24 17:44:23,078 - INFO - Test instance 0.5000, class 0.5000
Test instance 0.5000, class 0.5000
2026-06-24 17:44:23,079 - INFO - Best instance 0.5000, class 0.5000 (epoch 23)
Best instance 0.5000, class 0.5000 (epoch 23)
2026-06-24 17:44:23,104 - INFO - Epoch 93/200:
Epoch 93/200:
2026-06-24 17:44:25,882 - INFO - Train loss: 0.0658 (2.8s)
Train loss: 0.0658 (2.8s)
2026-06-24 17:44:26,136 - INFO - Test instance 0.4875, class 0.4875
Test instance 0.4875, class 0.4875
2026-06-24 17:44:26,136 - INFO - Best instance 0.5000, class 0.5000 (epoch 23)
Best instance 0.5000, class 0.5000 (epoch 23)
2026-06-24 17:44:26,161 - INFO - Epoch 94/200:
Epoch 94/200:
2026-06-24 17:44:28,957 - INFO - Train loss: 0.0912 (2.8s)
Train loss: 0.0912 (2.8s)
2026-06-24 17:44:29,223 - INFO - Test instance 0.5000, class 0.5000
Test instance 0.5000, class 0.5000
2026-06-24 17:44:29,223 - INFO - Best instance 0.5000, class 0.5000 (epoch 23)
Best instance 0.5000, class 0.5000 (epoch 23)
2026-06-24 17:44:29,249 - INFO - Epoch 95/200:
Epoch 95/200:
2026-06-24 17:44:31,986 - INFO - Train loss: 0.0709 (2.7s)
Train loss: 0.0709 (2.7s)
2026-06-24 17:44:32,250 - INFO - Test instance 0.4875, class 0.4875
Test instance 0.4875, class 0.4875
2026-06-24 17:44:32,251 - INFO - Best instance 0.5000, class 0.5000 (epoch 23)
Best instance 0.5000, class 0.5000 (epoch 23)
2026-06-24 17:44:32,277 - INFO - Epoch 96/200:
Epoch 96/200:
2026-06-24 17:44:35,020 - INFO - Train loss: 0.0782 (2.7s)
Train loss: 0.0782 (2.7s)
2026-06-24 17:44:35,280 - INFO - Test instance 0.5000, class 0.5000
Test instance 0.5000, class 0.5000
2026-06-24 17:44:35,280 - INFO - Best instance 0.5000, class 0.5000 (epoch 23)
Best instance 0.5000, class 0.5000 (epoch 23)
2026-06-24 17:44:35,305 - INFO - Epoch 97/200:
Epoch 97/200:
2026-06-24 17:44:38,059 - INFO - Train loss: 0.0772 (2.8s)
Train loss: 0.0772 (2.8s)
2026-06-24 17:44:38,323 - INFO - Test instance 0.5000, class 0.5000
Test instance 0.5000, class 0.5000
2026-06-24 17:44:38,323 - INFO - Best instance 0.5000, class 0.5000 (epoch 23)
Best instance 0.5000, class 0.5000 (epoch 23)
2026-06-24 17:44:38,349 - INFO - Epoch 98/200:
Epoch 98/200:
2026-06-24 17:44:41,139 - INFO - Train loss: 0.0758 (2.8s)
Train loss: 0.0758 (2.8s)
2026-06-24 17:44:41,396 - INFO - Test instance 0.4875, class 0.4875
Test instance 0.4875, class 0.4875
2026-06-24 17:44:41,396 - INFO - Best instance 0.5000, class 0.5000 (epoch 23)
Best instance 0.5000, class 0.5000 (epoch 23)
2026-06-24 17:44:41,421 - INFO - Epoch 99/200:
Epoch 99/200:
2026-06-24 17:44:44,201 - INFO - Train loss: 0.0694 (2.8s)
Train loss: 0.0694 (2.8s)
2026-06-24 17:44:44,475 - INFO - Test instance 0.4875, class 0.4875
Test instance 0.4875, class 0.4875
2026-06-24 17:44:44,475 - INFO - Best instance 0.5000, class 0.5000 (epoch 23)
Best instance 0.5000, class 0.5000 (epoch 23)
2026-06-24 17:44:44,502 - INFO - Epoch 100/200:
Epoch 100/200:
2026-06-24 17:44:47,303 - INFO - Train loss: 0.0811 (2.8s)
Train loss: 0.0811 (2.8s)
2026-06-24 17:44:47,564 - INFO - Test instance 0.4875, class 0.4875
Test instance 0.4875, class 0.4875
2026-06-24 17:44:47,565 - INFO - Best instance 0.5000, class 0.5000 (epoch 23)
Best instance 0.5000, class 0.5000 (epoch 23)
2026-06-24 17:44:47,590 - INFO - Epoch 101/200:
Epoch 101/200:
2026-06-24 17:44:50,373 - INFO - Train loss: 0.0747 (2.8s)
Train loss: 0.0747 (2.8s)
2026-06-24 17:44:50,641 - INFO - Test instance 0.5000, class 0.5000
Test instance 0.5000, class 0.5000
2026-06-24 17:44:50,641 - INFO - Best instance 0.5000, class 0.5000 (epoch 23)
Best instance 0.5000, class 0.5000 (epoch 23)
2026-06-24 17:44:50,667 - INFO - Epoch 102/200:
Epoch 102/200:
2026-06-24 17:44:53,445 - INFO - Train loss: 0.0735 (2.8s)
Train loss: 0.0735 (2.8s)
2026-06-24 17:44:53,716 - INFO - Test instance 0.4500, class 0.4500
Test instance 0.4500, class 0.4500
2026-06-24 17:44:53,717 - INFO - Best instance 0.5000, class 0.5000 (epoch 23)
Best instance 0.5000, class 0.5000 (epoch 23)
2026-06-24 17:44:53,741 - INFO - Epoch 103/200:
Epoch 103/200:
2026-06-24 17:44:56,505 - INFO - Train loss: 0.0701 (2.8s)
Train loss: 0.0701 (2.8s)
2026-06-24 17:44:56,768 - INFO - Test instance 0.4875, class 0.4875
Test instance 0.4875, class 0.4875
2026-06-24 17:44:56,768 - INFO - Best instance 0.5000, class 0.5000 (epoch 23)
Best instance 0.5000, class 0.5000 (epoch 23)
2026-06-24 17:44:56,794 - INFO - Epoch 104/200:
Epoch 104/200:
2026-06-24 17:44:59,559 - INFO - Train loss: 0.0785 (2.8s)
Train loss: 0.0785 (2.8s)
2026-06-24 17:44:59,823 - INFO - Test instance 0.4875, class 0.4875
Test instance 0.4875, class 0.4875
2026-06-24 17:44:59,823 - INFO - Best instance 0.5000, class 0.5000 (epoch 23)
Best instance 0.5000, class 0.5000 (epoch 23)
2026-06-24 17:44:59,849 - INFO - Epoch 105/200:
Epoch 105/200:
2026-06-24 17:45:02,665 - INFO - Train loss: 0.0698 (2.8s)
Train loss: 0.0698 (2.8s)
2026-06-24 17:45:02,922 - INFO - Test instance 0.5000, class 0.5000
Test instance 0.5000, class 0.5000
2026-06-24 17:45:02,922 - INFO - Best instance 0.5000, class 0.5000 (epoch 23)
Best instance 0.5000, class 0.5000 (epoch 23)
2026-06-24 17:45:02,957 - INFO - Epoch 106/200:
Epoch 106/200:
2026-06-24 17:45:05,721 - INFO - Train loss: 0.0688 (2.8s)
Train loss: 0.0688 (2.8s)
2026-06-24 17:45:05,978 - INFO - Test instance 0.4625, class 0.4625
Test instance 0.4625, class 0.4625
2026-06-24 17:45:05,979 - INFO - Best instance 0.5000, class 0.5000 (epoch 23)
Best instance 0.5000, class 0.5000 (epoch 23)
2026-06-24 17:45:06,008 - INFO - Epoch 107/200:
Epoch 107/200:
2026-06-24 17:45:08,759 - INFO - Train loss: 0.0738 (2.8s)
Train loss: 0.0738 (2.8s)
2026-06-24 17:45:09,016 - INFO - Test instance 0.5000, class 0.5000
Test instance 0.5000, class 0.5000
2026-06-24 17:45:09,017 - INFO - Best instance 0.5000, class 0.5000 (epoch 23)
Best instance 0.5000, class 0.5000 (epoch 23)
2026-06-24 17:45:09,042 - INFO - Epoch 108/200:
Epoch 108/200:
2026-06-24 17:45:11,819 - INFO - Train loss: 0.0726 (2.8s)
Train loss: 0.0726 (2.8s)
2026-06-24 17:45:12,087 - INFO - Test instance 0.5000, class 0.5000
Test instance 0.5000, class 0.5000
2026-06-24 17:45:12,088 - INFO - Best instance 0.5000, class 0.5000 (epoch 23)
Best instance 0.5000, class 0.5000 (epoch 23)
2026-06-24 17:45:12,113 - INFO - Epoch 109/200:
Epoch 109/200:
2026-06-24 17:45:14,903 - INFO - Train loss: 0.0696 (2.8s)
Train loss: 0.0696 (2.8s)
2026-06-24 17:45:15,167 - INFO - Test instance 0.5000, class 0.5000
Test instance 0.5000, class 0.5000
2026-06-24 17:45:15,167 - INFO - Best instance 0.5000, class 0.5000 (epoch 23)
Best instance 0.5000, class 0.5000 (epoch 23)
2026-06-24 17:45:15,193 - INFO - Epoch 110/200:
Epoch 110/200:
2026-06-24 17:45:17,947 - INFO - Train loss: 0.0644 (2.8s)
Train loss: 0.0644 (2.8s)
2026-06-24 17:45:18,218 - INFO - Test instance 0.4750, class 0.4750
Test instance 0.4750, class 0.4750
2026-06-24 17:45:18,219 - INFO - Best instance 0.5000, class 0.5000 (epoch 23)
Best instance 0.5000, class 0.5000 (epoch 23)
2026-06-24 17:45:18,244 - INFO - Epoch 111/200:
Epoch 111/200:
2026-06-24 17:45:21,011 - INFO - Train loss: 0.0753 (2.8s)
Train loss: 0.0753 (2.8s)
2026-06-24 17:45:21,271 - INFO - Test instance 0.5000, class 0.5000
Test instance 0.5000, class 0.5000
2026-06-24 17:45:21,271 - INFO - Best instance 0.5000, class 0.5000 (epoch 23)
Best instance 0.5000, class 0.5000 (epoch 23)
2026-06-24 17:45:21,297 - INFO - Epoch 112/200:
Epoch 112/200:
2026-06-24 17:45:24,062 - INFO - Train loss: 0.0737 (2.8s)
Train loss: 0.0737 (2.8s)
2026-06-24 17:45:24,328 - INFO - Test instance 0.4875, class 0.4875
Test instance 0.4875, class 0.4875
2026-06-24 17:45:24,328 - INFO - Best instance 0.5000, class 0.5000 (epoch 23)
Best instance 0.5000, class 0.5000 (epoch 23)
2026-06-24 17:45:24,353 - INFO - Epoch 113/200:
Epoch 113/200:
2026-06-24 17:45:27,131 - INFO - Train loss: 0.0788 (2.8s)
Train loss: 0.0788 (2.8s)
2026-06-24 17:45:27,394 - INFO - Test instance 0.5000, class 0.5000
Test instance 0.5000, class 0.5000
2026-06-24 17:45:27,395 - INFO - Best instance 0.5000, class 0.5000 (epoch 23)
Best instance 0.5000, class 0.5000 (epoch 23)
2026-06-24 17:45:27,420 - INFO - Epoch 114/200:
Epoch 114/200:
2026-06-24 17:45:30,198 - INFO - Train loss: 0.0794 (2.8s)
Train loss: 0.0794 (2.8s)
2026-06-24 17:45:30,474 - INFO - Test instance 0.5000, class 0.5000
Test instance 0.5000, class 0.5000
2026-06-24 17:45:30,474 - INFO - Best instance 0.5000, class 0.5000 (epoch 23)
Best instance 0.5000, class 0.5000 (epoch 23)
2026-06-24 17:45:30,500 - INFO - Epoch 115/200:
Epoch 115/200:
2026-06-24 17:45:33,277 - INFO - Train loss: 0.0658 (2.8s)
Train loss: 0.0658 (2.8s)
2026-06-24 17:45:33,539 - INFO - Test instance 0.5000, class 0.5000
Test instance 0.5000, class 0.5000
2026-06-24 17:45:33,540 - INFO - Best instance 0.5000, class 0.5000 (epoch 23)
Best instance 0.5000, class 0.5000 (epoch 23)
2026-06-24 17:45:33,565 - INFO - Epoch 116/200:
Epoch 116/200:
2026-06-24 17:45:36,355 - INFO - Train loss: 0.0716 (2.8s)
Train loss: 0.0716 (2.8s)
2026-06-24 17:45:36,618 - INFO - Test instance 0.5000, class 0.5000
Test instance 0.5000, class 0.5000
2026-06-24 17:45:36,618 - INFO - Best instance 0.5000, class 0.5000 (epoch 23)
Best instance 0.5000, class 0.5000 (epoch 23)
2026-06-24 17:45:36,644 - INFO - Epoch 117/200:
Epoch 117/200:
2026-06-24 17:45:39,402 - INFO - Train loss: 0.0736 (2.8s)
Train loss: 0.0736 (2.8s)
2026-06-24 17:45:39,667 - INFO - Test instance 0.5000, class 0.5000
Test instance 0.5000, class 0.5000
2026-06-24 17:45:39,667 - INFO - Best instance 0.5000, class 0.5000 (epoch 23)
Best instance 0.5000, class 0.5000 (epoch 23)
2026-06-24 17:45:39,693 - INFO - Epoch 118/200:
Epoch 118/200:
2026-06-24 17:45:42,468 - INFO - Train loss: 0.0724 (2.8s)
Train loss: 0.0724 (2.8s)
2026-06-24 17:45:42,732 - INFO - Test instance 0.5000, class 0.5000
Test instance 0.5000, class 0.5000
2026-06-24 17:45:42,733 - INFO - Best instance 0.5000, class 0.5000 (epoch 23)
Best instance 0.5000, class 0.5000 (epoch 23)
2026-06-24 17:45:42,762 - INFO - Epoch 119/200:
Epoch 119/200:
2026-06-24 17:45:45,559 - INFO - Train loss: 0.0830 (2.8s)
Train loss: 0.0830 (2.8s)
2026-06-24 17:45:45,819 - INFO - Test instance 0.5000, class 0.5000
Test instance 0.5000, class 0.5000
2026-06-24 17:45:45,819 - INFO - Best instance 0.5000, class 0.5000 (epoch 23)
Best instance 0.5000, class 0.5000 (epoch 23)
2026-06-24 17:45:45,844 - INFO - Epoch 120/200:
Epoch 120/200:
2026-06-24 17:45:48,612 - INFO - Train loss: 0.0752 (2.8s)
Train loss: 0.0752 (2.8s)
2026-06-24 17:45:48,880 - INFO - Test instance 0.4750, class 0.4750
Test instance 0.4750, class 0.4750
2026-06-24 17:45:48,880 - INFO - Best instance 0.5000, class 0.5000 (epoch 23)
Best instance 0.5000, class 0.5000 (epoch 23)
2026-06-24 17:45:48,906 - INFO - Epoch 121/200:
Epoch 121/200:
2026-06-24 17:45:51,692 - INFO - Train loss: 0.0715 (2.8s)
Train loss: 0.0715 (2.8s)
2026-06-24 17:45:51,958 - INFO - Test instance 0.5000, class 0.5000
Test instance 0.5000, class 0.5000
2026-06-24 17:45:51,959 - INFO - Best instance 0.5000, class 0.5000 (epoch 23)
Best instance 0.5000, class 0.5000 (epoch 23)
2026-06-24 17:45:51,984 - INFO - Epoch 122/200:
Epoch 122/200:
2026-06-24 17:45:54,757 - INFO - Train loss: 0.0707 (2.8s)
Train loss: 0.0707 (2.8s)
2026-06-24 17:45:55,023 - INFO - Test instance 0.5000, class 0.5000
Test instance 0.5000, class 0.5000
2026-06-24 17:45:55,024 - INFO - Best instance 0.5000, class 0.5000 (epoch 23)
Best instance 0.5000, class 0.5000 (epoch 23)
2026-06-24 17:45:55,049 - INFO - Epoch 123/200:
Epoch 123/200:
2026-06-24 17:45:57,809 - INFO - Train loss: 0.0746 (2.8s)
Train loss: 0.0746 (2.8s)
2026-06-24 17:45:58,069 - INFO - Test instance 0.5000, class 0.5000
Test instance 0.5000, class 0.5000
2026-06-24 17:45:58,069 - INFO - Best instance 0.5000, class 0.5000 (epoch 23)
Best instance 0.5000, class 0.5000 (epoch 23)
2026-06-24 17:45:58,096 - INFO - Epoch 124/200:
Epoch 124/200:
2026-06-24 17:46:00,821 - INFO - Train loss: 0.0848 (2.7s)
Train loss: 0.0848 (2.7s)
2026-06-24 17:46:01,087 - INFO - Test instance 0.4875, class 0.4875
Test instance 0.4875, class 0.4875
2026-06-24 17:46:01,087 - INFO - Best instance 0.5000, class 0.5000 (epoch 23)
Best instance 0.5000, class 0.5000 (epoch 23)
2026-06-24 17:46:01,113 - INFO - Epoch 125/200:
Epoch 125/200:
2026-06-24 17:46:03,933 - INFO - Train loss: 0.0771 (2.8s)
Train loss: 0.0771 (2.8s)
2026-06-24 17:46:04,197 - INFO - Test instance 0.4875, class 0.4875
Test instance 0.4875, class 0.4875
2026-06-24 17:46:04,198 - INFO - Best instance 0.5000, class 0.5000 (epoch 23)
Best instance 0.5000, class 0.5000 (epoch 23)
2026-06-24 17:46:04,226 - INFO - Epoch 126/200:
Epoch 126/200:
2026-06-24 17:46:06,987 - INFO - Train loss: 0.0774 (2.8s)
Train loss: 0.0774 (2.8s)
2026-06-24 17:46:07,251 - INFO - Test instance 0.5000, class 0.5000
Test instance 0.5000, class 0.5000
2026-06-24 17:46:07,251 - INFO - Best instance 0.5000, class 0.5000 (epoch 23)
Best instance 0.5000, class 0.5000 (epoch 23)
2026-06-24 17:46:07,278 - INFO - Epoch 127/200:
Epoch 127/200:
2026-06-24 17:46:10,065 - INFO - Train loss: 0.0777 (2.8s)
Train loss: 0.0777 (2.8s)
2026-06-24 17:46:10,339 - INFO - Test instance 0.5000, class 0.5000
Test instance 0.5000, class 0.5000
2026-06-24 17:46:10,340 - INFO - Best instance 0.5000, class 0.5000 (epoch 23)
Best instance 0.5000, class 0.5000 (epoch 23)
2026-06-24 17:46:10,366 - INFO - Epoch 128/200:
Epoch 128/200:
2026-06-24 17:46:13,142 - INFO - Train loss: 0.0812 (2.8s)
Train loss: 0.0812 (2.8s)
2026-06-24 17:46:13,418 - INFO - Test instance 0.5000, class 0.5000
Test instance 0.5000, class 0.5000
2026-06-24 17:46:13,418 - INFO - Best instance 0.5000, class 0.5000 (epoch 23)
Best instance 0.5000, class 0.5000 (epoch 23)
2026-06-24 17:46:13,444 - INFO - Epoch 129/200:
Epoch 129/200:
2026-06-24 17:46:16,236 - INFO - Train loss: 0.0731 (2.8s)
Train loss: 0.0731 (2.8s)
2026-06-24 17:46:16,496 - INFO - Test instance 0.5000, class 0.5000
Test instance 0.5000, class 0.5000
2026-06-24 17:46:16,497 - INFO - Best instance 0.5000, class 0.5000 (epoch 23)
Best instance 0.5000, class 0.5000 (epoch 23)
2026-06-24 17:46:16,521 - INFO - Epoch 130/200:
Epoch 130/200:
2026-06-24 17:46:19,305 - INFO - Train loss: 0.0796 (2.8s)
Train loss: 0.0796 (2.8s)
2026-06-24 17:46:19,574 - INFO - Test instance 0.4875, class 0.4875
Test instance 0.4875, class 0.4875
2026-06-24 17:46:19,575 - INFO - Best instance 0.5000, class 0.5000 (epoch 23)
Best instance 0.5000, class 0.5000 (epoch 23)
2026-06-24 17:46:19,600 - INFO - Epoch 131/200:
Epoch 131/200:
2026-06-24 17:46:22,339 - INFO - Train loss: 0.0820 (2.7s)
Train loss: 0.0820 (2.7s)
2026-06-24 17:46:22,601 - INFO - Test instance 0.5000, class 0.5000
Test instance 0.5000, class 0.5000
2026-06-24 17:46:22,602 - INFO - Best instance 0.5000, class 0.5000 (epoch 23)
Best instance 0.5000, class 0.5000 (epoch 23)
2026-06-24 17:46:22,627 - INFO - Epoch 132/200:
Epoch 132/200:
2026-06-24 17:46:25,399 - INFO - Train loss: 0.0757 (2.8s)
Train loss: 0.0757 (2.8s)
2026-06-24 17:46:25,664 - INFO - Test instance 0.4750, class 0.4750
Test instance 0.4750, class 0.4750
2026-06-24 17:46:25,664 - INFO - Best instance 0.5000, class 0.5000 (epoch 23)
Best instance 0.5000, class 0.5000 (epoch 23)
2026-06-24 17:46:25,697 - INFO - Epoch 133/200:
Epoch 133/200:
2026-06-24 17:46:28,481 - INFO - Train loss: 0.0629 (2.8s)
Train loss: 0.0629 (2.8s)
2026-06-24 17:46:28,745 - INFO - Test instance 0.4875, class 0.4875
Test instance 0.4875, class 0.4875
2026-06-24 17:46:28,746 - INFO - Best instance 0.5000, class 0.5000 (epoch 23)
Best instance 0.5000, class 0.5000 (epoch 23)
2026-06-24 17:46:28,772 - INFO - Epoch 134/200:
Epoch 134/200:
2026-06-24 17:46:31,559 - INFO - Train loss: 0.0741 (2.8s)
Train loss: 0.0741 (2.8s)
2026-06-24 17:46:31,823 - INFO - Test instance 0.4875, class 0.4875
Test instance 0.4875, class 0.4875
2026-06-24 17:46:31,823 - INFO - Best instance 0.5000, class 0.5000 (epoch 23)
Best instance 0.5000, class 0.5000 (epoch 23)
2026-06-24 17:46:31,849 - INFO - Epoch 135/200:
Epoch 135/200:
2026-06-24 17:46:34,632 - INFO - Train loss: 0.0711 (2.8s)
Train loss: 0.0711 (2.8s)
2026-06-24 17:46:34,908 - INFO - Test instance 0.5000, class 0.5000
Test instance 0.5000, class 0.5000
2026-06-24 17:46:34,908 - INFO - Best instance 0.5000, class 0.5000 (epoch 23)
Best instance 0.5000, class 0.5000 (epoch 23)
2026-06-24 17:46:34,933 - INFO - Epoch 136/200:
Epoch 136/200:
2026-06-24 17:46:37,680 - INFO - Train loss: 0.0720 (2.7s)
Train loss: 0.0720 (2.7s)
2026-06-24 17:46:37,946 - INFO - Test instance 0.4875, class 0.4875
Test instance 0.4875, class 0.4875
2026-06-24 17:46:37,946 - INFO - Best instance 0.5000, class 0.5000 (epoch 23)
Best instance 0.5000, class 0.5000 (epoch 23)
2026-06-24 17:46:37,973 - INFO - Epoch 137/200:
Epoch 137/200:
2026-06-24 17:46:40,713 - INFO - Train loss: 0.0786 (2.7s)
Train loss: 0.0786 (2.7s)
2026-06-24 17:46:40,976 - INFO - Test instance 0.5000, class 0.5000
Test instance 0.5000, class 0.5000
2026-06-24 17:46:40,976 - INFO - Best instance 0.5000, class 0.5000 (epoch 23)
Best instance 0.5000, class 0.5000 (epoch 23)
2026-06-24 17:46:41,001 - INFO - Epoch 138/200:
Epoch 138/200:
2026-06-24 17:46:43,692 - INFO - Train loss: 0.0678 (2.7s)
Train loss: 0.0678 (2.7s)
2026-06-24 17:46:43,955 - INFO - Test instance 0.5000, class 0.5000
Test instance 0.5000, class 0.5000
2026-06-24 17:46:43,955 - INFO - Best instance 0.5000, class 0.5000 (epoch 23)
Best instance 0.5000, class 0.5000 (epoch 23)
2026-06-24 17:46:43,980 - INFO - Epoch 139/200:
Epoch 139/200:
2026-06-24 17:46:46,734 - INFO - Train loss: 0.0726 (2.8s)
Train loss: 0.0726 (2.8s)
2026-06-24 17:46:46,995 - INFO - Test instance 0.5000, class 0.5000
Test instance 0.5000, class 0.5000
2026-06-24 17:46:46,995 - INFO - Best instance 0.5000, class 0.5000 (epoch 23)
Best instance 0.5000, class 0.5000 (epoch 23)
2026-06-24 17:46:47,021 - INFO - Epoch 140/200:
Epoch 140/200:
2026-06-24 17:46:49,799 - INFO - Train loss: 0.0682 (2.8s)
Train loss: 0.0682 (2.8s)
2026-06-24 17:46:50,059 - INFO - Test instance 0.4750, class 0.4750
Test instance 0.4750, class 0.4750
2026-06-24 17:46:50,059 - INFO - Best instance 0.5000, class 0.5000 (epoch 23)
Best instance 0.5000, class 0.5000 (epoch 23)
2026-06-24 17:46:50,085 - INFO - Epoch 141/200:
Epoch 141/200:
2026-06-24 17:46:52,856 - INFO - Train loss: 0.0567 (2.8s)
Train loss: 0.0567 (2.8s)
2026-06-24 17:46:53,124 - INFO - Test instance 0.5000, class 0.5000
Test instance 0.5000, class 0.5000
2026-06-24 17:46:53,124 - INFO - Best instance 0.5000, class 0.5000 (epoch 23)
Best instance 0.5000, class 0.5000 (epoch 23)
2026-06-24 17:46:53,150 - INFO - Epoch 142/200:
Epoch 142/200:
2026-06-24 17:46:55,917 - INFO - Train loss: 0.0754 (2.8s)
Train loss: 0.0754 (2.8s)
2026-06-24 17:46:56,186 - INFO - Test instance 0.5000, class 0.5000
Test instance 0.5000, class 0.5000
2026-06-24 17:46:56,186 - INFO - Best instance 0.5000, class 0.5000 (epoch 23)
Best instance 0.5000, class 0.5000 (epoch 23)
2026-06-24 17:46:56,212 - INFO - Epoch 143/200:
Epoch 143/200:
2026-06-24 17:46:58,968 - INFO - Train loss: 0.0649 (2.8s)
Train loss: 0.0649 (2.8s)
2026-06-24 17:46:59,231 - INFO - Test instance 0.4875, class 0.4875
Test instance 0.4875, class 0.4875
2026-06-24 17:46:59,232 - INFO - Best instance 0.5000, class 0.5000 (epoch 23)
Best instance 0.5000, class 0.5000 (epoch 23)
2026-06-24 17:46:59,258 - INFO - Epoch 144/200:
Epoch 144/200:
2026-06-24 17:47:02,058 - INFO - Train loss: 0.0747 (2.8s)
Train loss: 0.0747 (2.8s)
2026-06-24 17:47:02,330 - INFO - Test instance 0.5000, class 0.5000
Test instance 0.5000, class 0.5000
2026-06-24 17:47:02,331 - INFO - Best instance 0.5000, class 0.5000 (epoch 23)
Best instance 0.5000, class 0.5000 (epoch 23)
2026-06-24 17:47:02,358 - INFO - Epoch 145/200:
Epoch 145/200:
2026-06-24 17:47:05,124 - INFO - Train loss: 0.0769 (2.8s)
Train loss: 0.0769 (2.8s)
2026-06-24 17:47:05,396 - INFO - Test instance 0.5000, class 0.5000
Test instance 0.5000, class 0.5000
2026-06-24 17:47:05,396 - INFO - Best instance 0.5000, class 0.5000 (epoch 23)
Best instance 0.5000, class 0.5000 (epoch 23)
2026-06-24 17:47:05,421 - INFO - Epoch 146/200:
Epoch 146/200:
2026-06-24 17:47:08,168 - INFO - Train loss: 0.0825 (2.7s)
Train loss: 0.0825 (2.7s)
2026-06-24 17:47:08,439 - INFO - Test instance 0.4875, class 0.4875
Test instance 0.4875, class 0.4875
2026-06-24 17:47:08,440 - INFO - Best instance 0.5000, class 0.5000 (epoch 23)
Best instance 0.5000, class 0.5000 (epoch 23)
2026-06-24 17:47:08,465 - INFO - Epoch 147/200:
Epoch 147/200:
2026-06-24 17:47:11,243 - INFO - Train loss: 0.0705 (2.8s)
Train loss: 0.0705 (2.8s)
2026-06-24 17:47:11,506 - INFO - Test instance 0.5000, class 0.5000
Test instance 0.5000, class 0.5000
2026-06-24 17:47:11,506 - INFO - Best instance 0.5000, class 0.5000 (epoch 23)
Best instance 0.5000, class 0.5000 (epoch 23)
2026-06-24 17:47:11,532 - INFO - Epoch 148/200:
Epoch 148/200:
2026-06-24 17:47:14,320 - INFO - Train loss: 0.0606 (2.8s)
Train loss: 0.0606 (2.8s)
2026-06-24 17:47:14,584 - INFO - Test instance 0.5000, class 0.5000
Test instance 0.5000, class 0.5000
2026-06-24 17:47:14,585 - INFO - Best instance 0.5000, class 0.5000 (epoch 23)
Best instance 0.5000, class 0.5000 (epoch 23)
2026-06-24 17:47:14,609 - INFO - Epoch 149/200:
Epoch 149/200:
2026-06-24 17:47:17,376 - INFO - Train loss: 0.0652 (2.8s)
Train loss: 0.0652 (2.8s)
2026-06-24 17:47:17,637 - INFO - Test instance 0.4875, class 0.4875
Test instance 0.4875, class 0.4875
2026-06-24 17:47:17,637 - INFO - Best instance 0.5000, class 0.5000 (epoch 23)
Best instance 0.5000, class 0.5000 (epoch 23)
2026-06-24 17:47:17,662 - INFO - Epoch 150/200:
Epoch 150/200:
2026-06-24 17:47:20,423 - INFO - Train loss: 0.0703 (2.8s)
Train loss: 0.0703 (2.8s)
2026-06-24 17:47:20,683 - INFO - Test instance 0.5000, class 0.5000
Test instance 0.5000, class 0.5000
2026-06-24 17:47:20,683 - INFO - Best instance 0.5000, class 0.5000 (epoch 23)
Best instance 0.5000, class 0.5000 (epoch 23)
2026-06-24 17:47:20,709 - INFO - Epoch 151/200:
Epoch 151/200:
2026-06-24 17:47:23,492 - INFO - Train loss: 0.0655 (2.8s)
Train loss: 0.0655 (2.8s)
2026-06-24 17:47:23,779 - INFO - Test instance 0.5000, class 0.5000
Test instance 0.5000, class 0.5000
2026-06-24 17:47:23,779 - INFO - Best instance 0.5000, class 0.5000 (epoch 23)
Best instance 0.5000, class 0.5000 (epoch 23)
2026-06-24 17:47:23,804 - INFO - Epoch 152/200:
Epoch 152/200:
2026-06-24 17:47:26,530 - INFO - Train loss: 0.0721 (2.7s)
Train loss: 0.0721 (2.7s)
2026-06-24 17:47:26,787 - INFO - Test instance 0.4750, class 0.4750
Test instance 0.4750, class 0.4750
2026-06-24 17:47:26,787 - INFO - Best instance 0.5000, class 0.5000 (epoch 23)
Best instance 0.5000, class 0.5000 (epoch 23)
2026-06-24 17:47:26,812 - INFO - Epoch 153/200:
Epoch 153/200:
2026-06-24 17:47:29,601 - INFO - Train loss: 0.0744 (2.8s)
Train loss: 0.0744 (2.8s)
2026-06-24 17:47:29,868 - INFO - Test instance 0.4875, class 0.4875
Test instance 0.4875, class 0.4875
2026-06-24 17:47:29,868 - INFO - Best instance 0.5000, class 0.5000 (epoch 23)
Best instance 0.5000, class 0.5000 (epoch 23)
2026-06-24 17:47:29,893 - INFO - Epoch 154/200:
Epoch 154/200:
2026-06-24 17:47:32,654 - INFO - Train loss: 0.0737 (2.8s)
Train loss: 0.0737 (2.8s)
2026-06-24 17:47:32,917 - INFO - Test instance 0.5000, class 0.5000
Test instance 0.5000, class 0.5000
2026-06-24 17:47:32,917 - INFO - Best instance 0.5000, class 0.5000 (epoch 23)
Best instance 0.5000, class 0.5000 (epoch 23)
2026-06-24 17:47:32,942 - INFO - Epoch 155/200:
Epoch 155/200:
2026-06-24 17:47:35,722 - INFO - Train loss: 0.0861 (2.8s)
Train loss: 0.0861 (2.8s)
2026-06-24 17:47:35,981 - INFO - Test instance 0.5000, class 0.5000
Test instance 0.5000, class 0.5000
2026-06-24 17:47:35,982 - INFO - Best instance 0.5000, class 0.5000 (epoch 23)
Best instance 0.5000, class 0.5000 (epoch 23)
2026-06-24 17:47:36,009 - INFO - Epoch 156/200:
Epoch 156/200:
2026-06-24 17:47:38,791 - INFO - Train loss: 0.0672 (2.8s)
Train loss: 0.0672 (2.8s)
2026-06-24 17:47:39,062 - INFO - Test instance 0.5000, class 0.5000
Test instance 0.5000, class 0.5000
2026-06-24 17:47:39,063 - INFO - Best instance 0.5000, class 0.5000 (epoch 23)
Best instance 0.5000, class 0.5000 (epoch 23)
2026-06-24 17:47:39,089 - INFO - Epoch 157/200:
Epoch 157/200:
2026-06-24 17:47:41,861 - INFO - Train loss: 0.0743 (2.8s)
Train loss: 0.0743 (2.8s)
2026-06-24 17:47:42,123 - INFO - Test instance 0.5000, class 0.5000
Test instance 0.5000, class 0.5000
2026-06-24 17:47:42,124 - INFO - Best instance 0.5000, class 0.5000 (epoch 23)
Best instance 0.5000, class 0.5000 (epoch 23)
2026-06-24 17:47:42,149 - INFO - Epoch 158/200:
Epoch 158/200:
2026-06-24 17:47:44,902 - INFO - Train loss: 0.0644 (2.8s)
Train loss: 0.0644 (2.8s)
2026-06-24 17:47:45,167 - INFO - Test instance 0.5000, class 0.5000
Test instance 0.5000, class 0.5000
2026-06-24 17:47:45,167 - INFO - Best instance 0.5000, class 0.5000 (epoch 23)
Best instance 0.5000, class 0.5000 (epoch 23)
2026-06-24 17:47:45,191 - INFO - Epoch 159/200:
Epoch 159/200:
2026-06-24 17:47:47,944 - INFO - Train loss: 0.0735 (2.8s)
Train loss: 0.0735 (2.8s)
2026-06-24 17:47:48,198 - INFO - Test instance 0.5000, class 0.5000
Test instance 0.5000, class 0.5000
2026-06-24 17:47:48,198 - INFO - Best instance 0.5000, class 0.5000 (epoch 23)
Best instance 0.5000, class 0.5000 (epoch 23)
2026-06-24 17:47:48,222 - INFO - Epoch 160/200:
Epoch 160/200:
2026-06-24 17:47:50,963 - INFO - Train loss: 0.0725 (2.7s)
Train loss: 0.0725 (2.7s)
2026-06-24 17:47:51,229 - INFO - Test instance 0.5000, class 0.5000
Test instance 0.5000, class 0.5000
2026-06-24 17:47:51,230 - INFO - Best instance 0.5000, class 0.5000 (epoch 23)
Best instance 0.5000, class 0.5000 (epoch 23)
2026-06-24 17:47:51,254 - INFO - Epoch 161/200:
Epoch 161/200:
2026-06-24 17:47:54,006 - INFO - Train loss: 0.0649 (2.8s)
Train loss: 0.0649 (2.8s)
2026-06-24 17:47:54,265 - INFO - Test instance 0.5000, class 0.5000
Test instance 0.5000, class 0.5000
2026-06-24 17:47:54,265 - INFO - Best instance 0.5000, class 0.5000 (epoch 23)
Best instance 0.5000, class 0.5000 (epoch 23)
2026-06-24 17:47:54,289 - INFO - Epoch 162/200:
Epoch 162/200:
2026-06-24 17:47:57,055 - INFO - Train loss: 0.0740 (2.8s)
Train loss: 0.0740 (2.8s)
2026-06-24 17:47:57,313 - INFO - Test instance 0.4875, class 0.4875
Test instance 0.4875, class 0.4875
2026-06-24 17:47:57,314 - INFO - Best instance 0.5000, class 0.5000 (epoch 23)
Best instance 0.5000, class 0.5000 (epoch 23)
2026-06-24 17:47:57,338 - INFO - Epoch 163/200:
Epoch 163/200:
2026-06-24 17:48:00,108 - INFO - Train loss: 0.0813 (2.8s)
Train loss: 0.0813 (2.8s)
2026-06-24 17:48:00,374 - INFO - Test instance 0.4875, class 0.4875
Test instance 0.4875, class 0.4875
2026-06-24 17:48:00,374 - INFO - Best instance 0.5000, class 0.5000 (epoch 23)
Best instance 0.5000, class 0.5000 (epoch 23)
2026-06-24 17:48:00,398 - INFO - Epoch 164/200:
Epoch 164/200:
2026-06-24 17:48:03,246 - INFO - Train loss: 0.0787 (2.8s)
Train loss: 0.0787 (2.8s)
2026-06-24 17:48:03,516 - INFO - Test instance 0.4750, class 0.4750
Test instance 0.4750, class 0.4750
2026-06-24 17:48:03,516 - INFO - Best instance 0.5000, class 0.5000 (epoch 23)
Best instance 0.5000, class 0.5000 (epoch 23)
2026-06-24 17:48:03,542 - INFO - Epoch 165/200:
Epoch 165/200:
2026-06-24 17:48:06,306 - INFO - Train loss: 0.0795 (2.8s)
Train loss: 0.0795 (2.8s)
2026-06-24 17:48:06,565 - INFO - Test instance 0.4875, class 0.4875
Test instance 0.4875, class 0.4875
2026-06-24 17:48:06,565 - INFO - Best instance 0.5000, class 0.5000 (epoch 23)
Best instance 0.5000, class 0.5000 (epoch 23)
2026-06-24 17:48:06,590 - INFO - Epoch 166/200:
Epoch 166/200:
2026-06-24 17:48:09,309 - INFO - Train loss: 0.0585 (2.7s)
Train loss: 0.0585 (2.7s)
2026-06-24 17:48:09,575 - INFO - Test instance 0.4750, class 0.4750
Test instance 0.4750, class 0.4750
2026-06-24 17:48:09,576 - INFO - Best instance 0.5000, class 0.5000 (epoch 23)
Best instance 0.5000, class 0.5000 (epoch 23)
2026-06-24 17:48:09,600 - INFO - Epoch 167/200:
Epoch 167/200:
2026-06-24 17:48:12,382 - INFO - Train loss: 0.0614 (2.8s)
Train loss: 0.0614 (2.8s)
2026-06-24 17:48:12,638 - INFO - Test instance 0.5000, class 0.5000
Test instance 0.5000, class 0.5000
2026-06-24 17:48:12,638 - INFO - Best instance 0.5000, class 0.5000 (epoch 23)
Best instance 0.5000, class 0.5000 (epoch 23)
2026-06-24 17:48:12,664 - INFO - Epoch 168/200:
Epoch 168/200:
2026-06-24 17:48:15,416 - INFO - Train loss: 0.0721 (2.8s)
Train loss: 0.0721 (2.8s)
2026-06-24 17:48:15,685 - INFO - Test instance 0.5000, class 0.5000
Test instance 0.5000, class 0.5000
2026-06-24 17:48:15,685 - INFO - Best instance 0.5000, class 0.5000 (epoch 23)
Best instance 0.5000, class 0.5000 (epoch 23)
2026-06-24 17:48:15,710 - INFO - Epoch 169/200:
Epoch 169/200:
2026-06-24 17:48:18,461 - INFO - Train loss: 0.0718 (2.8s)
Train loss: 0.0718 (2.8s)
2026-06-24 17:48:18,714 - INFO - Test instance 0.5000, class 0.5000
Test instance 0.5000, class 0.5000
2026-06-24 17:48:18,715 - INFO - Best instance 0.5000, class 0.5000 (epoch 23)
Best instance 0.5000, class 0.5000 (epoch 23)
2026-06-24 17:48:18,740 - INFO - Epoch 170/200:
Epoch 170/200:
2026-06-24 17:48:21,533 - INFO - Train loss: 0.0592 (2.8s)
Train loss: 0.0592 (2.8s)
2026-06-24 17:48:21,799 - INFO - Test instance 0.4875, class 0.4875
Test instance 0.4875, class 0.4875
2026-06-24 17:48:21,799 - INFO - Best instance 0.5000, class 0.5000 (epoch 23)
Best instance 0.5000, class 0.5000 (epoch 23)
2026-06-24 17:48:21,824 - INFO - Epoch 171/200:
Epoch 171/200:
2026-06-24 17:48:24,619 - INFO - Train loss: 0.0715 (2.8s)
Train loss: 0.0715 (2.8s)
2026-06-24 17:48:24,886 - INFO - Test instance 0.5000, class 0.5000
Test instance 0.5000, class 0.5000
2026-06-24 17:48:24,886 - INFO - Best instance 0.5000, class 0.5000 (epoch 23)
Best instance 0.5000, class 0.5000 (epoch 23)
2026-06-24 17:48:24,914 - INFO - Epoch 172/200:
Epoch 172/200:
2026-06-24 17:48:27,707 - INFO - Train loss: 0.0769 (2.8s)
Train loss: 0.0769 (2.8s)
2026-06-24 17:48:27,969 - INFO - Test instance 0.4875, class 0.4875
Test instance 0.4875, class 0.4875
2026-06-24 17:48:27,969 - INFO - Best instance 0.5000, class 0.5000 (epoch 23)
Best instance 0.5000, class 0.5000 (epoch 23)
2026-06-24 17:48:27,994 - INFO - Epoch 173/200:
Epoch 173/200:
2026-06-24 17:48:30,724 - INFO - Train loss: 0.0686 (2.7s)
Train loss: 0.0686 (2.7s)
2026-06-24 17:48:30,979 - INFO - Test instance 0.4875, class 0.4875
Test instance 0.4875, class 0.4875
2026-06-24 17:48:30,979 - INFO - Best instance 0.5000, class 0.5000 (epoch 23)
Best instance 0.5000, class 0.5000 (epoch 23)
2026-06-24 17:48:31,003 - INFO - Epoch 174/200:
Epoch 174/200:
2026-06-24 17:48:33,739 - INFO - Train loss: 0.0730 (2.7s)
Train loss: 0.0730 (2.7s)
2026-06-24 17:48:34,002 - INFO - Test instance 0.5000, class 0.5000
Test instance 0.5000, class 0.5000
2026-06-24 17:48:34,002 - INFO - Best instance 0.5000, class 0.5000 (epoch 23)
Best instance 0.5000, class 0.5000 (epoch 23)
2026-06-24 17:48:34,029 - INFO - Epoch 175/200:
Epoch 175/200:
2026-06-24 17:48:36,780 - INFO - Train loss: 0.0709 (2.8s)
Train loss: 0.0709 (2.8s)
2026-06-24 17:48:37,036 - INFO - Test instance 0.4875, class 0.4875
Test instance 0.4875, class 0.4875
2026-06-24 17:48:37,037 - INFO - Best instance 0.5000, class 0.5000 (epoch 23)
Best instance 0.5000, class 0.5000 (epoch 23)
2026-06-24 17:48:37,064 - INFO - Epoch 176/200:
Epoch 176/200:
2026-06-24 17:48:39,831 - INFO - Train loss: 0.0691 (2.8s)
Train loss: 0.0691 (2.8s)
2026-06-24 17:48:40,094 - INFO - Test instance 0.5000, class 0.5000
Test instance 0.5000, class 0.5000
2026-06-24 17:48:40,095 - INFO - Best instance 0.5000, class 0.5000 (epoch 23)
Best instance 0.5000, class 0.5000 (epoch 23)
2026-06-24 17:48:40,120 - INFO - Epoch 177/200:
Epoch 177/200:
2026-06-24 17:48:42,890 - INFO - Train loss: 0.0687 (2.8s)
Train loss: 0.0687 (2.8s)
2026-06-24 17:48:43,160 - INFO - Test instance 0.5000, class 0.5000
Test instance 0.5000, class 0.5000
2026-06-24 17:48:43,161 - INFO - Best instance 0.5000, class 0.5000 (epoch 23)
Best instance 0.5000, class 0.5000 (epoch 23)
2026-06-24 17:48:43,185 - INFO - Epoch 178/200:
Epoch 178/200:
2026-06-24 17:48:45,940 - INFO - Train loss: 0.0783 (2.8s)
Train loss: 0.0783 (2.8s)
2026-06-24 17:48:46,207 - INFO - Test instance 0.4875, class 0.4875
Test instance 0.4875, class 0.4875
2026-06-24 17:48:46,207 - INFO - Best instance 0.5000, class 0.5000 (epoch 23)
Best instance 0.5000, class 0.5000 (epoch 23)
2026-06-24 17:48:46,240 - INFO - Epoch 179/200:
Epoch 179/200:
2026-06-24 17:48:49,007 - INFO - Train loss: 0.0798 (2.8s)
Train loss: 0.0798 (2.8s)
2026-06-24 17:48:49,279 - INFO - Test instance 0.5000, class 0.5000
Test instance 0.5000, class 0.5000
2026-06-24 17:48:49,279 - INFO - Best instance 0.5000, class 0.5000 (epoch 23)
Best instance 0.5000, class 0.5000 (epoch 23)
2026-06-24 17:48:49,304 - INFO - Epoch 180/200:
Epoch 180/200:
2026-06-24 17:48:52,054 - INFO - Train loss: 0.0800 (2.7s)
Train loss: 0.0800 (2.7s)
2026-06-24 17:48:52,319 - INFO - Test instance 0.4875, class 0.4875
Test instance 0.4875, class 0.4875
2026-06-24 17:48:52,319 - INFO - Best instance 0.5000, class 0.5000 (epoch 23)
Best instance 0.5000, class 0.5000 (epoch 23)
2026-06-24 17:48:52,345 - INFO - Epoch 181/200:
Epoch 181/200:
2026-06-24 17:48:55,134 - INFO - Train loss: 0.0729 (2.8s)
Train loss: 0.0729 (2.8s)
2026-06-24 17:48:55,394 - INFO - Test instance 0.4875, class 0.4875
Test instance 0.4875, class 0.4875
2026-06-24 17:48:55,394 - INFO - Best instance 0.5000, class 0.5000 (epoch 23)
Best instance 0.5000, class 0.5000 (epoch 23)
2026-06-24 17:48:55,419 - INFO - Epoch 182/200:
Epoch 182/200:
2026-06-24 17:48:58,196 - INFO - Train loss: 0.0821 (2.8s)
Train loss: 0.0821 (2.8s)
2026-06-24 17:48:58,457 - INFO - Test instance 0.5000, class 0.5000
Test instance 0.5000, class 0.5000
2026-06-24 17:48:58,457 - INFO - Best instance 0.5000, class 0.5000 (epoch 23)
Best instance 0.5000, class 0.5000 (epoch 23)
2026-06-24 17:48:58,482 - INFO - Epoch 183/200:
Epoch 183/200:
2026-06-24 17:49:01,269 - INFO - Train loss: 0.0720 (2.8s)
Train loss: 0.0720 (2.8s)
2026-06-24 17:49:01,555 - INFO - Test instance 0.5000, class 0.5000
Test instance 0.5000, class 0.5000
2026-06-24 17:49:01,555 - INFO - Best instance 0.5000, class 0.5000 (epoch 23)
Best instance 0.5000, class 0.5000 (epoch 23)
2026-06-24 17:49:01,582 - INFO - Epoch 184/200:
Epoch 184/200:
2026-06-24 17:49:04,408 - INFO - Train loss: 0.0718 (2.8s)
Train loss: 0.0718 (2.8s)
2026-06-24 17:49:04,666 - INFO - Test instance 0.5000, class 0.5000
Test instance 0.5000, class 0.5000
2026-06-24 17:49:04,667 - INFO - Best instance 0.5000, class 0.5000 (epoch 23)
Best instance 0.5000, class 0.5000 (epoch 23)
2026-06-24 17:49:04,691 - INFO - Epoch 185/200:
Epoch 185/200:
2026-06-24 17:49:07,467 - INFO - Train loss: 0.0686 (2.8s)
Train loss: 0.0686 (2.8s)
2026-06-24 17:49:07,731 - INFO - Test instance 0.4875, class 0.4875
Test instance 0.4875, class 0.4875
2026-06-24 17:49:07,731 - INFO - Best instance 0.5000, class 0.5000 (epoch 23)
Best instance 0.5000, class 0.5000 (epoch 23)
2026-06-24 17:49:07,756 - INFO - Epoch 186/200:
Epoch 186/200:
2026-06-24 17:49:10,524 - INFO - Train loss: 0.0739 (2.8s)
Train loss: 0.0739 (2.8s)
2026-06-24 17:49:10,779 - INFO - Test instance 0.5000, class 0.5000
Test instance 0.5000, class 0.5000
2026-06-24 17:49:10,779 - INFO - Best instance 0.5000, class 0.5000 (epoch 23)
Best instance 0.5000, class 0.5000 (epoch 23)
2026-06-24 17:49:10,803 - INFO - Epoch 187/200:
Epoch 187/200:
2026-06-24 17:49:13,540 - INFO - Train loss: 0.0687 (2.7s)
Train loss: 0.0687 (2.7s)
2026-06-24 17:49:13,794 - INFO - Test instance 0.5000, class 0.5000
Test instance 0.5000, class 0.5000
2026-06-24 17:49:13,795 - INFO - Best instance 0.5000, class 0.5000 (epoch 23)
Best instance 0.5000, class 0.5000 (epoch 23)
2026-06-24 17:49:13,820 - INFO - Epoch 188/200:
Epoch 188/200:
2026-06-24 17:49:16,594 - INFO - Train loss: 0.0742 (2.8s)
Train loss: 0.0742 (2.8s)
2026-06-24 17:49:16,856 - INFO - Test instance 0.4875, class 0.4875
Test instance 0.4875, class 0.4875
2026-06-24 17:49:16,856 - INFO - Best instance 0.5000, class 0.5000 (epoch 23)
Best instance 0.5000, class 0.5000 (epoch 23)
2026-06-24 17:49:16,882 - INFO - Epoch 189/200:
Epoch 189/200:
2026-06-24 17:49:19,659 - INFO - Train loss: 0.0615 (2.8s)
Train loss: 0.0615 (2.8s)
2026-06-24 17:49:19,917 - INFO - Test instance 0.5000, class 0.5000
Test instance 0.5000, class 0.5000
2026-06-24 17:49:19,917 - INFO - Best instance 0.5000, class 0.5000 (epoch 23)
Best instance 0.5000, class 0.5000 (epoch 23)
2026-06-24 17:49:19,943 - INFO - Epoch 190/200:
Epoch 190/200:
2026-06-24 17:49:22,700 - INFO - Train loss: 0.0791 (2.8s)
Train loss: 0.0791 (2.8s)
2026-06-24 17:49:22,956 - INFO - Test instance 0.5000, class 0.5000
Test instance 0.5000, class 0.5000
2026-06-24 17:49:22,956 - INFO - Best instance 0.5000, class 0.5000 (epoch 23)
Best instance 0.5000, class 0.5000 (epoch 23)
2026-06-24 17:49:22,981 - INFO - Epoch 191/200:
Epoch 191/200:
2026-06-24 17:49:25,781 - INFO - Train loss: 0.0676 (2.8s)
Train loss: 0.0676 (2.8s)
2026-06-24 17:49:26,046 - INFO - Test instance 0.4875, class 0.4875
Test instance 0.4875, class 0.4875
2026-06-24 17:49:26,047 - INFO - Best instance 0.5000, class 0.5000 (epoch 23)
Best instance 0.5000, class 0.5000 (epoch 23)
2026-06-24 17:49:26,071 - INFO - Epoch 192/200:
Epoch 192/200:
2026-06-24 17:49:28,849 - INFO - Train loss: 0.0689 (2.8s)
Train loss: 0.0689 (2.8s)
2026-06-24 17:49:29,110 - INFO - Test instance 0.5000, class 0.5000
Test instance 0.5000, class 0.5000
2026-06-24 17:49:29,110 - INFO - Best instance 0.5000, class 0.5000 (epoch 23)
Best instance 0.5000, class 0.5000 (epoch 23)
2026-06-24 17:49:29,135 - INFO - Epoch 193/200:
Epoch 193/200:
2026-06-24 17:49:31,901 - INFO - Train loss: 0.0680 (2.8s)
Train loss: 0.0680 (2.8s)
2026-06-24 17:49:32,162 - INFO - Test instance 0.5000, class 0.5000
Test instance 0.5000, class 0.5000
2026-06-24 17:49:32,162 - INFO - Best instance 0.5000, class 0.5000 (epoch 23)
Best instance 0.5000, class 0.5000 (epoch 23)
2026-06-24 17:49:32,187 - INFO - Epoch 194/200:
Epoch 194/200:
2026-06-24 17:49:34,975 - INFO - Train loss: 0.0702 (2.8s)
Train loss: 0.0702 (2.8s)
2026-06-24 17:49:35,246 - INFO - Test instance 0.5000, class 0.5000
Test instance 0.5000, class 0.5000
2026-06-24 17:49:35,247 - INFO - Best instance 0.5000, class 0.5000 (epoch 23)
Best instance 0.5000, class 0.5000 (epoch 23)
2026-06-24 17:49:35,270 - INFO - Epoch 195/200:
Epoch 195/200:
2026-06-24 17:49:38,035 - INFO - Train loss: 0.0635 (2.8s)
Train loss: 0.0635 (2.8s)
2026-06-24 17:49:38,303 - INFO - Test instance 0.5000, class 0.5000
Test instance 0.5000, class 0.5000
2026-06-24 17:49:38,304 - INFO - Best instance 0.5000, class 0.5000 (epoch 23)
Best instance 0.5000, class 0.5000 (epoch 23)
2026-06-24 17:49:38,329 - INFO - Epoch 196/200:
Epoch 196/200:
2026-06-24 17:49:41,122 - INFO - Train loss: 0.0836 (2.8s)
Train loss: 0.0836 (2.8s)
2026-06-24 17:49:41,388 - INFO - Test instance 0.5000, class 0.5000
Test instance 0.5000, class 0.5000
2026-06-24 17:49:41,389 - INFO - Best instance 0.5000, class 0.5000 (epoch 23)
Best instance 0.5000, class 0.5000 (epoch 23)
2026-06-24 17:49:41,413 - INFO - Epoch 197/200:
Epoch 197/200:
2026-06-24 17:49:44,209 - INFO - Train loss: 0.0588 (2.8s)
Train loss: 0.0588 (2.8s)
2026-06-24 17:49:44,482 - INFO - Test instance 0.5000, class 0.5000
Test instance 0.5000, class 0.5000
2026-06-24 17:49:44,482 - INFO - Best instance 0.5000, class 0.5000 (epoch 23)
Best instance 0.5000, class 0.5000 (epoch 23)
2026-06-24 17:49:44,507 - INFO - Epoch 198/200:
Epoch 198/200:
2026-06-24 17:49:47,298 - INFO - Train loss: 0.0735 (2.8s)
Train loss: 0.0735 (2.8s)
2026-06-24 17:49:47,561 - INFO - Test instance 0.4875, class 0.4875
Test instance 0.4875, class 0.4875
2026-06-24 17:49:47,561 - INFO - Best instance 0.5000, class 0.5000 (epoch 23)
Best instance 0.5000, class 0.5000 (epoch 23)
2026-06-24 17:49:47,586 - INFO - Epoch 199/200:
Epoch 199/200:
2026-06-24 17:49:50,364 - INFO - Train loss: 0.0760 (2.8s)
Train loss: 0.0760 (2.8s)
2026-06-24 17:49:50,628 - INFO - Test instance 0.5000, class 0.5000
Test instance 0.5000, class 0.5000
2026-06-24 17:49:50,628 - INFO - Best instance 0.5000, class 0.5000 (epoch 23)
Best instance 0.5000, class 0.5000 (epoch 23)
2026-06-24 17:49:50,653 - INFO - Epoch 200/200:
Epoch 200/200:
2026-06-24 17:49:53,402 - INFO - Train loss: 0.0763 (2.7s)
Train loss: 0.0763 (2.7s)
2026-06-24 17:49:53,656 - INFO - Test instance 0.5000, class 0.5000
Test instance 0.5000, class 0.5000
2026-06-24 17:49:53,657 - INFO - Best instance 0.5000, class 0.5000 (epoch 23)
Best instance 0.5000, class 0.5000 (epoch 23)
2026-06-24 17:50:15,023 - INFO - Student 1.42 MB, 62.97 ms
Student 1.42 MB, 62.97 ms
