[Wed Jun 24 18:23:23 EDT 2026] task 206 on GPU 0: python flkd/advanced_kd_train_classification.py --teacher_model pointnet2_cls_ssg --student_model small_pointnet2 --kd_strategy rkd --dataset craniosynostosis --seed 7 --batch_size 24 --epoch 200 --num_point 1024 --teacher_path "outputs/craniosynostosis/flkd/federated/classification/fl_pointnet2_cls_ssg_fedyogi_s7/checkpoints/best_model.pth" --log_dir kd_pointnet2_cls_ssg_fedyogi+rkd_small_pointnet2_s7 --beta 0.5 --data_root data --output_root outputs --num_workers -1 --max_runtime_hours 166.0
Loaded teacher from outputs/craniosynostosis/flkd/federated/classification/fl_pointnet2_cls_ssg_fedyogi_s7/checkpoints/best_model.pth
2026-06-24 18:27:03,294 - INFO - PARAMETER ...
2026-06-24 18:27:03,294 - INFO - {'use_cpu': False, 'no_amp': False, 'gpu': '0', 'num_workers': -1, 'batch_size': 24, 'teacher_model': 'pointnet2_cls_ssg', 'student_model': 'small_pointnet2', 'num_category': 4, 'dataset': 'craniosynostosis', 'data_root': 'data', 'output_root': 'outputs', 'train_split': 0.8, 'dataset_seed': 0, 'cache_dataset': True, 'min_class_samples': 1, 'epoch': 200, 'learning_rate': 0.001, 'num_point': 1024, 'optimizer': 'Adam', 'log_dir': 'kd_pointnet2_cls_ssg_fedyogi+rkd_small_pointnet2_s7', 'decay_rate': 0.0001, 'use_normals': False, 'process_data': False, 'use_uniform_sample': False, 'resume': True, 'kd_strategy': 'rkd', 'alpha': 0.5, 'temperature': 2.0, 'beta': 0.5, 'dkd_alpha': 1.0, 'dkd_beta': 8.0, 'crd_temperature': 0.07, 'teacher_path': 'outputs/craniosynostosis/flkd/federated/classification/fl_pointnet2_cls_ssg_fedyogi_s7/checkpoints/best_model.pth', 'teacher_paths': None, 'teacher_weights': None, 'use_hard_labels': 'on', 'unlabeled': False, 'temperature_sweep': None, 'seed': 7, 'max_runtime_hours': 166.0}
2026-06-24 18:27:03,296 - INFO - KD=rkd student=small_pointnet2 AMP=False use_hard=True unlabeled=False T=2.0
KD=rkd student=small_pointnet2 AMP=False use_hard=True unlabeled=False T=2.0
2026-06-24 18:27:05,712 - INFO - Epoch 1/200:
Epoch 1/200:
2026-06-24 18:27:08,753 - INFO - Train loss: 0.1205 (3.0s)
Train loss: 0.1205 (3.0s)
2026-06-24 18:27:09,382 - INFO - Test instance 0.2500, class 0.2500
Test instance 0.2500, class 0.2500
2026-06-24 18:27:09,401 - INFO - Best instance 0.2500, class 0.2500 (epoch 1)
Best instance 0.2500, class 0.2500 (epoch 1)
2026-06-24 18:27:09,418 - INFO - Epoch 2/200:
Epoch 2/200:
2026-06-24 18:27:12,086 - INFO - Train loss: 0.0984 (2.7s)
Train loss: 0.0984 (2.7s)
2026-06-24 18:27:12,422 - INFO - Test instance 0.2500, class 0.2500
Test instance 0.2500, class 0.2500
2026-06-24 18:27:12,422 - INFO - Best instance 0.2500, class 0.2500 (epoch 1)
Best instance 0.2500, class 0.2500 (epoch 1)
2026-06-24 18:27:12,441 - INFO - Epoch 3/200:
Epoch 3/200:
2026-06-24 18:27:15,807 - INFO - Train loss: 0.0698 (3.4s)
Train loss: 0.0698 (3.4s)
2026-06-24 18:27:16,123 - INFO - Test instance 0.2625, class 0.2625
Test instance 0.2625, class 0.2625
2026-06-24 18:27:16,142 - INFO - Best instance 0.2625, class 0.2625 (epoch 3)
Best instance 0.2625, class 0.2625 (epoch 3)
2026-06-24 18:27:16,159 - INFO - Epoch 4/200:
Epoch 4/200:
2026-06-24 18:27:18,852 - INFO - Train loss: 0.0614 (2.7s)
Train loss: 0.0614 (2.7s)
2026-06-24 18:27:19,099 - INFO - Test instance 0.2500, class 0.2500
Test instance 0.2500, class 0.2500
2026-06-24 18:27:19,100 - INFO - Best instance 0.2625, class 0.2625 (epoch 3)
Best instance 0.2625, class 0.2625 (epoch 3)
2026-06-24 18:27:19,116 - INFO - Epoch 5/200:
Epoch 5/200:
2026-06-24 18:27:21,791 - INFO - Train loss: 0.0508 (2.7s)
Train loss: 0.0508 (2.7s)
2026-06-24 18:27:22,050 - INFO - Test instance 0.2500, class 0.2500
Test instance 0.2500, class 0.2500
2026-06-24 18:27:22,050 - INFO - Best instance 0.2625, class 0.2625 (epoch 3)
Best instance 0.2625, class 0.2625 (epoch 3)
2026-06-24 18:27:22,067 - INFO - Epoch 6/200:
Epoch 6/200:
2026-06-24 18:27:24,741 - INFO - Train loss: 0.0556 (2.7s)
Train loss: 0.0556 (2.7s)
2026-06-24 18:27:24,997 - INFO - Test instance 0.1125, class 0.1125
Test instance 0.1125, class 0.1125
2026-06-24 18:27:24,997 - INFO - Best instance 0.2625, class 0.2625 (epoch 3)
Best instance 0.2625, class 0.2625 (epoch 3)
2026-06-24 18:27:25,015 - INFO - Epoch 7/200:
Epoch 7/200:
2026-06-24 18:27:27,686 - INFO - Train loss: 0.0487 (2.7s)
Train loss: 0.0487 (2.7s)
2026-06-24 18:27:27,942 - INFO - Test instance 0.2375, class 0.2375
Test instance 0.2375, class 0.2375
2026-06-24 18:27:27,942 - INFO - Best instance 0.2625, class 0.2625 (epoch 3)
Best instance 0.2625, class 0.2625 (epoch 3)
2026-06-24 18:27:27,959 - INFO - Epoch 8/200:
Epoch 8/200:
2026-06-24 18:27:30,634 - INFO - Train loss: 0.0468 (2.7s)
Train loss: 0.0468 (2.7s)
2026-06-24 18:27:30,897 - INFO - Test instance 0.2500, class 0.2500
Test instance 0.2500, class 0.2500
2026-06-24 18:27:30,898 - INFO - Best instance 0.2625, class 0.2625 (epoch 3)
Best instance 0.2625, class 0.2625 (epoch 3)
2026-06-24 18:27:30,914 - INFO - Epoch 9/200:
Epoch 9/200:
2026-06-24 18:27:33,594 - INFO - Train loss: 0.0389 (2.7s)
Train loss: 0.0389 (2.7s)
2026-06-24 18:27:33,846 - INFO - Test instance 0.2500, class 0.2500
Test instance 0.2500, class 0.2500
2026-06-24 18:27:33,846 - INFO - Best instance 0.2625, class 0.2625 (epoch 3)
Best instance 0.2625, class 0.2625 (epoch 3)
2026-06-24 18:27:33,863 - INFO - Epoch 10/200:
Epoch 10/200:
2026-06-24 18:27:37,222 - INFO - Train loss: 0.0367 (3.4s)
Train loss: 0.0367 (3.4s)
2026-06-24 18:27:37,485 - INFO - Test instance 0.2625, class 0.2625
Test instance 0.2625, class 0.2625
2026-06-24 18:27:37,485 - INFO - Best instance 0.2625, class 0.2625 (epoch 3)
Best instance 0.2625, class 0.2625 (epoch 3)
2026-06-24 18:27:37,502 - INFO - Epoch 11/200:
Epoch 11/200:
2026-06-24 18:27:40,163 - INFO - Train loss: 0.0386 (2.7s)
Train loss: 0.0386 (2.7s)
2026-06-24 18:27:40,412 - INFO - Test instance 0.2375, class 0.2375
Test instance 0.2375, class 0.2375
2026-06-24 18:27:40,412 - INFO - Best instance 0.2625, class 0.2625 (epoch 3)
Best instance 0.2625, class 0.2625 (epoch 3)
2026-06-24 18:27:40,429 - INFO - Epoch 12/200:
Epoch 12/200:
2026-06-24 18:27:43,089 - INFO - Train loss: 0.0382 (2.7s)
Train loss: 0.0382 (2.7s)
2026-06-24 18:27:43,338 - INFO - Test instance 0.2625, class 0.2625
Test instance 0.2625, class 0.2625
2026-06-24 18:27:43,338 - INFO - Best instance 0.2625, class 0.2625 (epoch 3)
Best instance 0.2625, class 0.2625 (epoch 3)
2026-06-24 18:27:43,355 - INFO - Epoch 13/200:
Epoch 13/200:
2026-06-24 18:27:46,687 - INFO - Train loss: 0.0351 (3.3s)
Train loss: 0.0351 (3.3s)
2026-06-24 18:27:46,939 - INFO - Test instance 0.2375, class 0.2375
Test instance 0.2375, class 0.2375
2026-06-24 18:27:46,939 - INFO - Best instance 0.2625, class 0.2625 (epoch 3)
Best instance 0.2625, class 0.2625 (epoch 3)
2026-06-24 18:27:46,956 - INFO - Epoch 14/200:
Epoch 14/200:
2026-06-24 18:27:49,609 - INFO - Train loss: 0.0366 (2.7s)
Train loss: 0.0366 (2.7s)
2026-06-24 18:27:49,864 - INFO - Test instance 0.2500, class 0.2500
Test instance 0.2500, class 0.2500
2026-06-24 18:27:49,865 - INFO - Best instance 0.2625, class 0.2625 (epoch 3)
Best instance 0.2625, class 0.2625 (epoch 3)
2026-06-24 18:27:49,881 - INFO - Epoch 15/200:
Epoch 15/200:
2026-06-24 18:27:52,576 - INFO - Train loss: 0.0356 (2.7s)
Train loss: 0.0356 (2.7s)
2026-06-24 18:27:52,835 - INFO - Test instance 0.2500, class 0.2500
Test instance 0.2500, class 0.2500
2026-06-24 18:27:52,835 - INFO - Best instance 0.2625, class 0.2625 (epoch 3)
Best instance 0.2625, class 0.2625 (epoch 3)
2026-06-24 18:27:52,852 - INFO - Epoch 16/200:
Epoch 16/200:
2026-06-24 18:27:55,525 - INFO - Train loss: 0.0364 (2.7s)
Train loss: 0.0364 (2.7s)
2026-06-24 18:27:55,780 - INFO - Test instance 0.2500, class 0.2500
Test instance 0.2500, class 0.2500
2026-06-24 18:27:55,781 - INFO - Best instance 0.2625, class 0.2625 (epoch 3)
Best instance 0.2625, class 0.2625 (epoch 3)
2026-06-24 18:27:55,797 - INFO - Epoch 17/200:
Epoch 17/200:
2026-06-24 18:27:58,527 - INFO - Train loss: 0.0352 (2.7s)
Train loss: 0.0352 (2.7s)
2026-06-24 18:27:58,855 - INFO - Test instance 0.2500, class 0.2500
Test instance 0.2500, class 0.2500
2026-06-24 18:27:58,856 - INFO - Best instance 0.2625, class 0.2625 (epoch 3)
Best instance 0.2625, class 0.2625 (epoch 3)
2026-06-24 18:27:58,875 - INFO - Epoch 18/200:
Epoch 18/200:
2026-06-24 18:28:01,600 - INFO - Train loss: 0.0354 (2.7s)
Train loss: 0.0354 (2.7s)
2026-06-24 18:28:01,882 - INFO - Test instance 0.2500, class 0.2500
Test instance 0.2500, class 0.2500
2026-06-24 18:28:01,882 - INFO - Best instance 0.2625, class 0.2625 (epoch 3)
Best instance 0.2625, class 0.2625 (epoch 3)
2026-06-24 18:28:01,900 - INFO - Epoch 19/200:
Epoch 19/200:
2026-06-24 18:28:04,634 - INFO - Train loss: 0.0323 (2.7s)
Train loss: 0.0323 (2.7s)
2026-06-24 18:28:04,889 - INFO - Test instance 0.2500, class 0.2500
Test instance 0.2500, class 0.2500
2026-06-24 18:28:04,889 - INFO - Best instance 0.2625, class 0.2625 (epoch 3)
Best instance 0.2625, class 0.2625 (epoch 3)
2026-06-24 18:28:04,906 - INFO - Epoch 20/200:
Epoch 20/200:
2026-06-24 18:28:08,249 - INFO - Train loss: 0.0316 (3.3s)
Train loss: 0.0316 (3.3s)
2026-06-24 18:28:08,506 - INFO - Test instance 0.2500, class 0.2500
Test instance 0.2500, class 0.2500
2026-06-24 18:28:08,506 - INFO - Best instance 0.2625, class 0.2625 (epoch 3)
Best instance 0.2625, class 0.2625 (epoch 3)
2026-06-24 18:28:08,523 - INFO - Epoch 21/200:
Epoch 21/200:
2026-06-24 18:28:11,190 - INFO - Train loss: 0.0297 (2.7s)
Train loss: 0.0297 (2.7s)
2026-06-24 18:28:11,438 - INFO - Test instance 0.2500, class 0.2500
Test instance 0.2500, class 0.2500
2026-06-24 18:28:11,438 - INFO - Best instance 0.2625, class 0.2625 (epoch 3)
Best instance 0.2625, class 0.2625 (epoch 3)
2026-06-24 18:28:11,455 - INFO - Epoch 22/200:
Epoch 22/200:
2026-06-24 18:28:14,146 - INFO - Train loss: 0.0310 (2.7s)
Train loss: 0.0310 (2.7s)
2026-06-24 18:28:14,402 - INFO - Test instance 0.2500, class 0.2500
Test instance 0.2500, class 0.2500
2026-06-24 18:28:14,403 - INFO - Best instance 0.2625, class 0.2625 (epoch 3)
Best instance 0.2625, class 0.2625 (epoch 3)
2026-06-24 18:28:14,419 - INFO - Epoch 23/200:
Epoch 23/200:
2026-06-24 18:28:17,104 - INFO - Train loss: 0.0377 (2.7s)
Train loss: 0.0377 (2.7s)
2026-06-24 18:28:17,365 - INFO - Test instance 0.2500, class 0.2500
Test instance 0.2500, class 0.2500
2026-06-24 18:28:17,365 - INFO - Best instance 0.2625, class 0.2625 (epoch 3)
Best instance 0.2625, class 0.2625 (epoch 3)
2026-06-24 18:28:17,382 - INFO - Epoch 24/200:
Epoch 24/200:
2026-06-24 18:28:20,088 - INFO - Train loss: 0.0290 (2.7s)
Train loss: 0.0290 (2.7s)
2026-06-24 18:28:20,336 - INFO - Test instance 0.2500, class 0.2500
Test instance 0.2500, class 0.2500
2026-06-24 18:28:20,337 - INFO - Best instance 0.2625, class 0.2625 (epoch 3)
Best instance 0.2625, class 0.2625 (epoch 3)
2026-06-24 18:28:20,353 - INFO - Epoch 25/200:
Epoch 25/200:
2026-06-24 18:28:23,053 - INFO - Train loss: 0.0282 (2.7s)
Train loss: 0.0282 (2.7s)
2026-06-24 18:28:23,315 - INFO - Test instance 0.2500, class 0.2500
Test instance 0.2500, class 0.2500
2026-06-24 18:28:23,315 - INFO - Best instance 0.2625, class 0.2625 (epoch 3)
Best instance 0.2625, class 0.2625 (epoch 3)
2026-06-24 18:28:23,331 - INFO - Epoch 26/200:
Epoch 26/200:
2026-06-24 18:28:26,000 - INFO - Train loss: 0.0281 (2.7s)
Train loss: 0.0281 (2.7s)
2026-06-24 18:28:26,251 - INFO - Test instance 0.2500, class 0.2500
Test instance 0.2500, class 0.2500
2026-06-24 18:28:26,251 - INFO - Best instance 0.2625, class 0.2625 (epoch 3)
Best instance 0.2625, class 0.2625 (epoch 3)
2026-06-24 18:28:26,270 - INFO - Epoch 27/200:
Epoch 27/200:
2026-06-24 18:28:28,934 - INFO - Train loss: 0.0322 (2.7s)
Train loss: 0.0322 (2.7s)
2026-06-24 18:28:29,188 - INFO - Test instance 0.2500, class 0.2500
Test instance 0.2500, class 0.2500
2026-06-24 18:28:29,188 - INFO - Best instance 0.2625, class 0.2625 (epoch 3)
Best instance 0.2625, class 0.2625 (epoch 3)
2026-06-24 18:28:29,205 - INFO - Epoch 28/200:
Epoch 28/200:
2026-06-24 18:28:31,869 - INFO - Train loss: 0.0308 (2.7s)
Train loss: 0.0308 (2.7s)
2026-06-24 18:28:32,126 - INFO - Test instance 0.2500, class 0.2500
Test instance 0.2500, class 0.2500
2026-06-24 18:28:32,126 - INFO - Best instance 0.2625, class 0.2625 (epoch 3)
Best instance 0.2625, class 0.2625 (epoch 3)
2026-06-24 18:28:32,144 - INFO - Epoch 29/200:
Epoch 29/200:
2026-06-24 18:28:34,817 - INFO - Train loss: 0.0335 (2.7s)
Train loss: 0.0335 (2.7s)
2026-06-24 18:28:35,067 - INFO - Test instance 0.2500, class 0.2500
Test instance 0.2500, class 0.2500
2026-06-24 18:28:35,067 - INFO - Best instance 0.2625, class 0.2625 (epoch 3)
Best instance 0.2625, class 0.2625 (epoch 3)
2026-06-24 18:28:35,083 - INFO - Epoch 30/200:
Epoch 30/200:
2026-06-24 18:28:37,743 - INFO - Train loss: 0.0305 (2.7s)
Train loss: 0.0305 (2.7s)
2026-06-24 18:28:38,007 - INFO - Test instance 0.2500, class 0.2500
Test instance 0.2500, class 0.2500
2026-06-24 18:28:38,007 - INFO - Best instance 0.2625, class 0.2625 (epoch 3)
Best instance 0.2625, class 0.2625 (epoch 3)
2026-06-24 18:28:38,024 - INFO - Epoch 31/200:
Epoch 31/200:
2026-06-24 18:28:40,692 - INFO - Train loss: 0.0278 (2.7s)
Train loss: 0.0278 (2.7s)
2026-06-24 18:28:41,020 - INFO - Test instance 0.2500, class 0.2500
Test instance 0.2500, class 0.2500
2026-06-24 18:28:41,021 - INFO - Best instance 0.2625, class 0.2625 (epoch 3)
Best instance 0.2625, class 0.2625 (epoch 3)
2026-06-24 18:28:41,040 - INFO - Epoch 32/200:
Epoch 32/200:
2026-06-24 18:28:43,728 - INFO - Train loss: 0.0283 (2.7s)
Train loss: 0.0283 (2.7s)
2026-06-24 18:28:43,980 - INFO - Test instance 0.2500, class 0.2500
Test instance 0.2500, class 0.2500
2026-06-24 18:28:43,981 - INFO - Best instance 0.2625, class 0.2625 (epoch 3)
Best instance 0.2625, class 0.2625 (epoch 3)
2026-06-24 18:28:43,997 - INFO - Epoch 33/200:
Epoch 33/200:
2026-06-24 18:28:46,689 - INFO - Train loss: 0.0276 (2.7s)
Train loss: 0.0276 (2.7s)
2026-06-24 18:28:46,940 - INFO - Test instance 0.2500, class 0.2500
Test instance 0.2500, class 0.2500
2026-06-24 18:28:46,941 - INFO - Best instance 0.2625, class 0.2625 (epoch 3)
Best instance 0.2625, class 0.2625 (epoch 3)
2026-06-24 18:28:46,963 - INFO - Epoch 34/200:
Epoch 34/200:
2026-06-24 18:28:49,622 - INFO - Train loss: 0.0299 (2.7s)
Train loss: 0.0299 (2.7s)
2026-06-24 18:28:49,874 - INFO - Test instance 0.2500, class 0.2500
Test instance 0.2500, class 0.2500
2026-06-24 18:28:49,874 - INFO - Best instance 0.2625, class 0.2625 (epoch 3)
Best instance 0.2625, class 0.2625 (epoch 3)
2026-06-24 18:28:49,891 - INFO - Epoch 35/200:
Epoch 35/200:
2026-06-24 18:28:52,547 - INFO - Train loss: 0.0244 (2.7s)
Train loss: 0.0244 (2.7s)
2026-06-24 18:28:52,800 - INFO - Test instance 0.2500, class 0.2500
Test instance 0.2500, class 0.2500
2026-06-24 18:28:52,800 - INFO - Best instance 0.2625, class 0.2625 (epoch 3)
Best instance 0.2625, class 0.2625 (epoch 3)
2026-06-24 18:28:52,817 - INFO - Epoch 36/200:
Epoch 36/200:
2026-06-24 18:28:55,502 - INFO - Train loss: 0.0258 (2.7s)
Train loss: 0.0258 (2.7s)
2026-06-24 18:28:55,757 - INFO - Test instance 0.2500, class 0.2500
Test instance 0.2500, class 0.2500
2026-06-24 18:28:55,757 - INFO - Best instance 0.2625, class 0.2625 (epoch 3)
Best instance 0.2625, class 0.2625 (epoch 3)
2026-06-24 18:28:55,774 - INFO - Epoch 37/200:
Epoch 37/200:
2026-06-24 18:28:58,454 - INFO - Train loss: 0.0248 (2.7s)
Train loss: 0.0248 (2.7s)
2026-06-24 18:28:58,714 - INFO - Test instance 0.2500, class 0.2500
Test instance 0.2500, class 0.2500
2026-06-24 18:28:58,714 - INFO - Best instance 0.2625, class 0.2625 (epoch 3)
Best instance 0.2625, class 0.2625 (epoch 3)
2026-06-24 18:28:58,731 - INFO - Epoch 38/200:
Epoch 38/200:
2026-06-24 18:29:01,397 - INFO - Train loss: 0.0299 (2.7s)
Train loss: 0.0299 (2.7s)
2026-06-24 18:29:01,657 - INFO - Test instance 0.2500, class 0.2500
Test instance 0.2500, class 0.2500
2026-06-24 18:29:01,657 - INFO - Best instance 0.2625, class 0.2625 (epoch 3)
Best instance 0.2625, class 0.2625 (epoch 3)
2026-06-24 18:29:01,676 - INFO - Epoch 39/200:
Epoch 39/200:
2026-06-24 18:29:04,385 - INFO - Train loss: 0.0298 (2.7s)
Train loss: 0.0298 (2.7s)
2026-06-24 18:29:04,642 - INFO - Test instance 0.2500, class 0.2500
Test instance 0.2500, class 0.2500
2026-06-24 18:29:04,642 - INFO - Best instance 0.2625, class 0.2625 (epoch 3)
Best instance 0.2625, class 0.2625 (epoch 3)
2026-06-24 18:29:04,659 - INFO - Epoch 40/200:
Epoch 40/200:
2026-06-24 18:29:07,333 - INFO - Train loss: 0.0294 (2.7s)
Train loss: 0.0294 (2.7s)
2026-06-24 18:29:07,592 - INFO - Test instance 0.2500, class 0.2500
Test instance 0.2500, class 0.2500
2026-06-24 18:29:07,593 - INFO - Best instance 0.2625, class 0.2625 (epoch 3)
Best instance 0.2625, class 0.2625 (epoch 3)
2026-06-24 18:29:07,610 - INFO - Epoch 41/200:
Epoch 41/200:
2026-06-24 18:29:10,270 - INFO - Train loss: 0.0265 (2.7s)
Train loss: 0.0265 (2.7s)
2026-06-24 18:29:10,517 - INFO - Test instance 0.2500, class 0.2500
Test instance 0.2500, class 0.2500
2026-06-24 18:29:10,517 - INFO - Best instance 0.2625, class 0.2625 (epoch 3)
Best instance 0.2625, class 0.2625 (epoch 3)
2026-06-24 18:29:10,534 - INFO - Epoch 42/200:
Epoch 42/200:
2026-06-24 18:29:13,187 - INFO - Train loss: 0.0277 (2.7s)
Train loss: 0.0277 (2.7s)
2026-06-24 18:29:13,445 - INFO - Test instance 0.2500, class 0.2500
Test instance 0.2500, class 0.2500
2026-06-24 18:29:13,445 - INFO - Best instance 0.2625, class 0.2625 (epoch 3)
Best instance 0.2625, class 0.2625 (epoch 3)
2026-06-24 18:29:13,462 - INFO - Epoch 43/200:
Epoch 43/200:
2026-06-24 18:29:16,130 - INFO - Train loss: 0.0271 (2.7s)
Train loss: 0.0271 (2.7s)
2026-06-24 18:29:16,462 - INFO - Test instance 0.2500, class 0.2500
Test instance 0.2500, class 0.2500
2026-06-24 18:29:16,462 - INFO - Best instance 0.2625, class 0.2625 (epoch 3)
Best instance 0.2625, class 0.2625 (epoch 3)
2026-06-24 18:29:16,481 - INFO - Epoch 44/200:
Epoch 44/200:
2026-06-24 18:29:19,824 - INFO - Train loss: 0.0281 (3.3s)
Train loss: 0.0281 (3.3s)
2026-06-24 18:29:20,081 - INFO - Test instance 0.2500, class 0.2500
Test instance 0.2500, class 0.2500
2026-06-24 18:29:20,082 - INFO - Best instance 0.2625, class 0.2625 (epoch 3)
Best instance 0.2625, class 0.2625 (epoch 3)
2026-06-24 18:29:20,099 - INFO - Epoch 45/200:
Epoch 45/200:
2026-06-24 18:29:22,787 - INFO - Train loss: 0.0259 (2.7s)
Train loss: 0.0259 (2.7s)
2026-06-24 18:29:23,044 - INFO - Test instance 0.2500, class 0.2500
Test instance 0.2500, class 0.2500
2026-06-24 18:29:23,044 - INFO - Best instance 0.2625, class 0.2625 (epoch 3)
Best instance 0.2625, class 0.2625 (epoch 3)
2026-06-24 18:29:23,061 - INFO - Epoch 46/200:
Epoch 46/200:
2026-06-24 18:29:25,719 - INFO - Train loss: 0.0288 (2.7s)
Train loss: 0.0288 (2.7s)
2026-06-24 18:29:25,968 - INFO - Test instance 0.2500, class 0.2500
Test instance 0.2500, class 0.2500
2026-06-24 18:29:25,968 - INFO - Best instance 0.2625, class 0.2625 (epoch 3)
Best instance 0.2625, class 0.2625 (epoch 3)
2026-06-24 18:29:25,985 - INFO - Epoch 47/200:
Epoch 47/200:
2026-06-24 18:29:28,649 - INFO - Train loss: 0.0293 (2.7s)
Train loss: 0.0293 (2.7s)
2026-06-24 18:29:28,972 - INFO - Test instance 0.2500, class 0.2500
Test instance 0.2500, class 0.2500
2026-06-24 18:29:28,972 - INFO - Best instance 0.2625, class 0.2625 (epoch 3)
Best instance 0.2625, class 0.2625 (epoch 3)
2026-06-24 18:29:28,991 - INFO - Epoch 48/200:
Epoch 48/200:
2026-06-24 18:29:31,654 - INFO - Train loss: 0.0273 (2.7s)
Train loss: 0.0273 (2.7s)
2026-06-24 18:29:31,985 - INFO - Test instance 0.2500, class 0.2500
Test instance 0.2500, class 0.2500
2026-06-24 18:29:31,986 - INFO - Best instance 0.2625, class 0.2625 (epoch 3)
Best instance 0.2625, class 0.2625 (epoch 3)
2026-06-24 18:29:32,005 - INFO - Epoch 49/200:
Epoch 49/200:
2026-06-24 18:29:34,658 - INFO - Train loss: 0.0257 (2.7s)
Train loss: 0.0257 (2.7s)
2026-06-24 18:29:34,904 - INFO - Test instance 0.2500, class 0.2500
Test instance 0.2500, class 0.2500
2026-06-24 18:29:34,905 - INFO - Best instance 0.2625, class 0.2625 (epoch 3)
Best instance 0.2625, class 0.2625 (epoch 3)
2026-06-24 18:29:34,921 - INFO - Epoch 50/200:
Epoch 50/200:
2026-06-24 18:29:37,570 - INFO - Train loss: 0.0247 (2.6s)
Train loss: 0.0247 (2.6s)
2026-06-24 18:29:37,820 - INFO - Test instance 0.2500, class 0.2500
Test instance 0.2500, class 0.2500
2026-06-24 18:29:37,821 - INFO - Best instance 0.2625, class 0.2625 (epoch 3)
Best instance 0.2625, class 0.2625 (epoch 3)
2026-06-24 18:29:37,837 - INFO - Epoch 51/200:
Epoch 51/200:
2026-06-24 18:29:40,496 - INFO - Train loss: 0.0303 (2.7s)
Train loss: 0.0303 (2.7s)
2026-06-24 18:29:40,753 - INFO - Test instance 0.2500, class 0.2500
Test instance 0.2500, class 0.2500
2026-06-24 18:29:40,753 - INFO - Best instance 0.2625, class 0.2625 (epoch 3)
Best instance 0.2625, class 0.2625 (epoch 3)
2026-06-24 18:29:40,770 - INFO - Epoch 52/200:
Epoch 52/200:
2026-06-24 18:29:43,425 - INFO - Train loss: 0.0267 (2.7s)
Train loss: 0.0267 (2.7s)
2026-06-24 18:29:43,679 - INFO - Test instance 0.2500, class 0.2500
Test instance 0.2500, class 0.2500
2026-06-24 18:29:43,679 - INFO - Best instance 0.2625, class 0.2625 (epoch 3)
Best instance 0.2625, class 0.2625 (epoch 3)
2026-06-24 18:29:43,696 - INFO - Epoch 53/200:
Epoch 53/200:
2026-06-24 18:29:46,355 - INFO - Train loss: 0.0259 (2.7s)
Train loss: 0.0259 (2.7s)
2026-06-24 18:29:46,617 - INFO - Test instance 0.2500, class 0.2500
Test instance 0.2500, class 0.2500
2026-06-24 18:29:46,617 - INFO - Best instance 0.2625, class 0.2625 (epoch 3)
Best instance 0.2625, class 0.2625 (epoch 3)
2026-06-24 18:29:46,633 - INFO - Epoch 54/200:
Epoch 54/200:
2026-06-24 18:29:49,285 - INFO - Train loss: 0.0270 (2.7s)
Train loss: 0.0270 (2.7s)
2026-06-24 18:29:49,543 - INFO - Test instance 0.2500, class 0.2500
Test instance 0.2500, class 0.2500
2026-06-24 18:29:49,544 - INFO - Best instance 0.2625, class 0.2625 (epoch 3)
Best instance 0.2625, class 0.2625 (epoch 3)
2026-06-24 18:29:49,561 - INFO - Epoch 55/200:
Epoch 55/200:
2026-06-24 18:29:52,219 - INFO - Train loss: 0.0258 (2.7s)
Train loss: 0.0258 (2.7s)
2026-06-24 18:29:52,472 - INFO - Test instance 0.2500, class 0.2500
Test instance 0.2500, class 0.2500
2026-06-24 18:29:52,472 - INFO - Best instance 0.2625, class 0.2625 (epoch 3)
Best instance 0.2625, class 0.2625 (epoch 3)
2026-06-24 18:29:52,489 - INFO - Epoch 56/200:
Epoch 56/200:
2026-06-24 18:29:55,850 - INFO - Train loss: 0.0250 (3.4s)
Train loss: 0.0250 (3.4s)
2026-06-24 18:29:56,173 - INFO - Test instance 0.2500, class 0.2500
Test instance 0.2500, class 0.2500
2026-06-24 18:29:56,173 - INFO - Best instance 0.2625, class 0.2625 (epoch 3)
Best instance 0.2625, class 0.2625 (epoch 3)
2026-06-24 18:29:56,192 - INFO - Epoch 57/200:
Epoch 57/200:
2026-06-24 18:29:59,540 - INFO - Train loss: 0.0278 (3.3s)
Train loss: 0.0278 (3.3s)
2026-06-24 18:29:59,800 - INFO - Test instance 0.2500, class 0.2500
Test instance 0.2500, class 0.2500
2026-06-24 18:29:59,801 - INFO - Best instance 0.2625, class 0.2625 (epoch 3)
Best instance 0.2625, class 0.2625 (epoch 3)
2026-06-24 18:29:59,818 - INFO - Epoch 58/200:
Epoch 58/200:
2026-06-24 18:30:02,544 - INFO - Train loss: 0.0279 (2.7s)
Train loss: 0.0279 (2.7s)
2026-06-24 18:30:02,790 - INFO - Test instance 0.2500, class 0.2500
Test instance 0.2500, class 0.2500
2026-06-24 18:30:02,791 - INFO - Best instance 0.2625, class 0.2625 (epoch 3)
Best instance 0.2625, class 0.2625 (epoch 3)
2026-06-24 18:30:02,807 - INFO - Epoch 59/200:
Epoch 59/200:
2026-06-24 18:30:05,481 - INFO - Train loss: 0.0287 (2.7s)
Train loss: 0.0287 (2.7s)
2026-06-24 18:30:05,738 - INFO - Test instance 0.2500, class 0.2500
Test instance 0.2500, class 0.2500
2026-06-24 18:30:05,738 - INFO - Best instance 0.2625, class 0.2625 (epoch 3)
Best instance 0.2625, class 0.2625 (epoch 3)
2026-06-24 18:30:05,755 - INFO - Epoch 60/200:
Epoch 60/200:
2026-06-24 18:30:09,098 - INFO - Train loss: 0.0246 (3.3s)
Train loss: 0.0246 (3.3s)
2026-06-24 18:30:09,412 - INFO - Test instance 0.2500, class 0.2500
Test instance 0.2500, class 0.2500
2026-06-24 18:30:09,412 - INFO - Best instance 0.2625, class 0.2625 (epoch 3)
Best instance 0.2625, class 0.2625 (epoch 3)
2026-06-24 18:30:09,430 - INFO - Epoch 61/200:
Epoch 61/200:
2026-06-24 18:30:12,109 - INFO - Train loss: 0.0251 (2.7s)
Train loss: 0.0251 (2.7s)
2026-06-24 18:30:12,358 - INFO - Test instance 0.2500, class 0.2500
Test instance 0.2500, class 0.2500
2026-06-24 18:30:12,358 - INFO - Best instance 0.2625, class 0.2625 (epoch 3)
Best instance 0.2625, class 0.2625 (epoch 3)
2026-06-24 18:30:12,375 - INFO - Epoch 62/200:
Epoch 62/200:
2026-06-24 18:30:15,051 - INFO - Train loss: 0.0279 (2.7s)
Train loss: 0.0279 (2.7s)
2026-06-24 18:30:15,300 - INFO - Test instance 0.2500, class 0.2500
Test instance 0.2500, class 0.2500
2026-06-24 18:30:15,301 - INFO - Best instance 0.2625, class 0.2625 (epoch 3)
Best instance 0.2625, class 0.2625 (epoch 3)
2026-06-24 18:30:15,317 - INFO - Epoch 63/200:
Epoch 63/200:
2026-06-24 18:30:17,976 - INFO - Train loss: 0.0215 (2.7s)
Train loss: 0.0215 (2.7s)
2026-06-24 18:30:18,228 - INFO - Test instance 0.2500, class 0.2500
Test instance 0.2500, class 0.2500
2026-06-24 18:30:18,228 - INFO - Best instance 0.2625, class 0.2625 (epoch 3)
Best instance 0.2625, class 0.2625 (epoch 3)
2026-06-24 18:30:18,244 - INFO - Epoch 64/200:
Epoch 64/200:
2026-06-24 18:30:20,911 - INFO - Train loss: 0.0267 (2.7s)
Train loss: 0.0267 (2.7s)
2026-06-24 18:30:21,166 - INFO - Test instance 0.2500, class 0.2500
Test instance 0.2500, class 0.2500
2026-06-24 18:30:21,167 - INFO - Best instance 0.2625, class 0.2625 (epoch 3)
Best instance 0.2625, class 0.2625 (epoch 3)
2026-06-24 18:30:21,184 - INFO - Epoch 65/200:
Epoch 65/200:
2026-06-24 18:30:23,863 - INFO - Train loss: 0.0282 (2.7s)
Train loss: 0.0282 (2.7s)
2026-06-24 18:30:24,120 - INFO - Test instance 0.2500, class 0.2500
Test instance 0.2500, class 0.2500
2026-06-24 18:30:24,120 - INFO - Best instance 0.2625, class 0.2625 (epoch 3)
Best instance 0.2625, class 0.2625 (epoch 3)
2026-06-24 18:30:24,169 - INFO - Epoch 66/200:
Epoch 66/200:
2026-06-24 18:30:26,859 - INFO - Train loss: 0.0255 (2.7s)
Train loss: 0.0255 (2.7s)
2026-06-24 18:30:27,112 - INFO - Test instance 0.2500, class 0.2500
Test instance 0.2500, class 0.2500
2026-06-24 18:30:27,112 - INFO - Best instance 0.2625, class 0.2625 (epoch 3)
Best instance 0.2625, class 0.2625 (epoch 3)
2026-06-24 18:30:27,128 - INFO - Epoch 67/200:
Epoch 67/200:
2026-06-24 18:30:29,800 - INFO - Train loss: 0.0242 (2.7s)
Train loss: 0.0242 (2.7s)
2026-06-24 18:30:30,053 - INFO - Test instance 0.2500, class 0.2500
Test instance 0.2500, class 0.2500
2026-06-24 18:30:30,053 - INFO - Best instance 0.2625, class 0.2625 (epoch 3)
Best instance 0.2625, class 0.2625 (epoch 3)
2026-06-24 18:30:30,070 - INFO - Epoch 68/200:
Epoch 68/200:
2026-06-24 18:30:32,740 - INFO - Train loss: 0.0245 (2.7s)
Train loss: 0.0245 (2.7s)
2026-06-24 18:30:32,992 - INFO - Test instance 0.2500, class 0.2500
Test instance 0.2500, class 0.2500
2026-06-24 18:30:32,992 - INFO - Best instance 0.2625, class 0.2625 (epoch 3)
Best instance 0.2625, class 0.2625 (epoch 3)
2026-06-24 18:30:33,009 - INFO - Epoch 69/200:
Epoch 69/200:
2026-06-24 18:30:35,696 - INFO - Train loss: 0.0242 (2.7s)
Train loss: 0.0242 (2.7s)
2026-06-24 18:30:35,944 - INFO - Test instance 0.2500, class 0.2500
Test instance 0.2500, class 0.2500
2026-06-24 18:30:35,945 - INFO - Best instance 0.2625, class 0.2625 (epoch 3)
Best instance 0.2625, class 0.2625 (epoch 3)
2026-06-24 18:30:35,961 - INFO - Epoch 70/200:
Epoch 70/200:
2026-06-24 18:30:38,628 - INFO - Train loss: 0.0267 (2.7s)
Train loss: 0.0267 (2.7s)
2026-06-24 18:30:38,890 - INFO - Test instance 0.2500, class 0.2500
Test instance 0.2500, class 0.2500
2026-06-24 18:30:38,890 - INFO - Best instance 0.2625, class 0.2625 (epoch 3)
Best instance 0.2625, class 0.2625 (epoch 3)
2026-06-24 18:30:38,907 - INFO - Epoch 71/200:
Epoch 71/200:
2026-06-24 18:30:42,240 - INFO - Train loss: 0.0221 (3.3s)
Train loss: 0.0221 (3.3s)
2026-06-24 18:30:42,558 - INFO - Test instance 0.2500, class 0.2500
Test instance 0.2500, class 0.2500
2026-06-24 18:30:42,558 - INFO - Best instance 0.2625, class 0.2625 (epoch 3)
Best instance 0.2625, class 0.2625 (epoch 3)
2026-06-24 18:30:42,577 - INFO - Epoch 72/200:
Epoch 72/200:
2026-06-24 18:30:45,886 - INFO - Train loss: 0.0255 (3.3s)
Train loss: 0.0255 (3.3s)
2026-06-24 18:30:46,209 - INFO - Test instance 0.2500, class 0.2500
Test instance 0.2500, class 0.2500
2026-06-24 18:30:46,209 - INFO - Best instance 0.2625, class 0.2625 (epoch 3)
Best instance 0.2625, class 0.2625 (epoch 3)
2026-06-24 18:30:46,228 - INFO - Epoch 73/200:
Epoch 73/200:
2026-06-24 18:30:49,556 - INFO - Train loss: 0.0241 (3.3s)
Train loss: 0.0241 (3.3s)
2026-06-24 18:30:49,878 - INFO - Test instance 0.2500, class 0.2500
Test instance 0.2500, class 0.2500
2026-06-24 18:30:49,878 - INFO - Best instance 0.2625, class 0.2625 (epoch 3)
Best instance 0.2625, class 0.2625 (epoch 3)
2026-06-24 18:30:49,898 - INFO - Epoch 74/200:
Epoch 74/200:
2026-06-24 18:30:52,552 - INFO - Train loss: 0.0225 (2.7s)
Train loss: 0.0225 (2.7s)
2026-06-24 18:30:52,876 - INFO - Test instance 0.2500, class 0.2500
Test instance 0.2500, class 0.2500
2026-06-24 18:30:52,876 - INFO - Best instance 0.2625, class 0.2625 (epoch 3)
Best instance 0.2625, class 0.2625 (epoch 3)
2026-06-24 18:30:52,895 - INFO - Epoch 75/200:
Epoch 75/200:
2026-06-24 18:30:55,580 - INFO - Train loss: 0.0232 (2.7s)
Train loss: 0.0232 (2.7s)
2026-06-24 18:30:55,838 - INFO - Test instance 0.2500, class 0.2500
Test instance 0.2500, class 0.2500
2026-06-24 18:30:55,838 - INFO - Best instance 0.2625, class 0.2625 (epoch 3)
Best instance 0.2625, class 0.2625 (epoch 3)
2026-06-24 18:30:55,854 - INFO - Epoch 76/200:
Epoch 76/200:
2026-06-24 18:30:58,515 - INFO - Train loss: 0.0240 (2.7s)
Train loss: 0.0240 (2.7s)
2026-06-24 18:30:58,766 - INFO - Test instance 0.2500, class 0.2500
Test instance 0.2500, class 0.2500
2026-06-24 18:30:58,766 - INFO - Best instance 0.2625, class 0.2625 (epoch 3)
Best instance 0.2625, class 0.2625 (epoch 3)
2026-06-24 18:30:58,783 - INFO - Epoch 77/200:
Epoch 77/200:
2026-06-24 18:31:01,453 - INFO - Train loss: 0.0246 (2.7s)
Train loss: 0.0246 (2.7s)
2026-06-24 18:31:01,731 - INFO - Test instance 0.2500, class 0.2500
Test instance 0.2500, class 0.2500
2026-06-24 18:31:01,731 - INFO - Best instance 0.2625, class 0.2625 (epoch 3)
Best instance 0.2625, class 0.2625 (epoch 3)
2026-06-24 18:31:01,748 - INFO - Epoch 78/200:
Epoch 78/200:
2026-06-24 18:31:04,420 - INFO - Train loss: 0.0227 (2.7s)
Train loss: 0.0227 (2.7s)
2026-06-24 18:31:04,667 - INFO - Test instance 0.2500, class 0.2500
Test instance 0.2500, class 0.2500
2026-06-24 18:31:04,667 - INFO - Best instance 0.2625, class 0.2625 (epoch 3)
Best instance 0.2625, class 0.2625 (epoch 3)
2026-06-24 18:31:04,683 - INFO - Epoch 79/200:
Epoch 79/200:
2026-06-24 18:31:07,345 - INFO - Train loss: 0.0229 (2.7s)
Train loss: 0.0229 (2.7s)
2026-06-24 18:31:07,592 - INFO - Test instance 0.2500, class 0.2500
Test instance 0.2500, class 0.2500
2026-06-24 18:31:07,592 - INFO - Best instance 0.2625, class 0.2625 (epoch 3)
Best instance 0.2625, class 0.2625 (epoch 3)
2026-06-24 18:31:07,611 - INFO - Epoch 80/200:
Epoch 80/200:
2026-06-24 18:31:10,267 - INFO - Train loss: 0.0207 (2.7s)
Train loss: 0.0207 (2.7s)
2026-06-24 18:31:10,518 - INFO - Test instance 0.2500, class 0.2500
Test instance 0.2500, class 0.2500
2026-06-24 18:31:10,518 - INFO - Best instance 0.2625, class 0.2625 (epoch 3)
Best instance 0.2625, class 0.2625 (epoch 3)
2026-06-24 18:31:10,535 - INFO - Epoch 81/200:
Epoch 81/200:
2026-06-24 18:31:13,189 - INFO - Train loss: 0.0229 (2.7s)
Train loss: 0.0229 (2.7s)
2026-06-24 18:31:13,440 - INFO - Test instance 0.2500, class 0.2500
Test instance 0.2500, class 0.2500
2026-06-24 18:31:13,441 - INFO - Best instance 0.2625, class 0.2625 (epoch 3)
Best instance 0.2625, class 0.2625 (epoch 3)
2026-06-24 18:31:13,457 - INFO - Epoch 82/200:
Epoch 82/200:
2026-06-24 18:31:16,117 - INFO - Train loss: 0.0235 (2.7s)
Train loss: 0.0235 (2.7s)
2026-06-24 18:31:16,366 - INFO - Test instance 0.2500, class 0.2500
Test instance 0.2500, class 0.2500
2026-06-24 18:31:16,366 - INFO - Best instance 0.2625, class 0.2625 (epoch 3)
Best instance 0.2625, class 0.2625 (epoch 3)
2026-06-24 18:31:16,383 - INFO - Epoch 83/200:
Epoch 83/200:
2026-06-24 18:31:19,032 - INFO - Train loss: 0.0229 (2.6s)
Train loss: 0.0229 (2.6s)
2026-06-24 18:31:19,283 - INFO - Test instance 0.2500, class 0.2500
Test instance 0.2500, class 0.2500
2026-06-24 18:31:19,284 - INFO - Best instance 0.2625, class 0.2625 (epoch 3)
Best instance 0.2625, class 0.2625 (epoch 3)
2026-06-24 18:31:19,301 - INFO - Epoch 84/200:
Epoch 84/200:
2026-06-24 18:31:22,608 - INFO - Train loss: 0.0207 (3.3s)
Train loss: 0.0207 (3.3s)
2026-06-24 18:31:22,865 - INFO - Test instance 0.2500, class 0.2500
Test instance 0.2500, class 0.2500
2026-06-24 18:31:22,866 - INFO - Best instance 0.2625, class 0.2625 (epoch 3)
Best instance 0.2625, class 0.2625 (epoch 3)
2026-06-24 18:31:22,882 - INFO - Epoch 85/200:
Epoch 85/200:
2026-06-24 18:31:26,273 - INFO - Train loss: 0.0210 (3.4s)
Train loss: 0.0210 (3.4s)
2026-06-24 18:31:26,595 - INFO - Test instance 0.2500, class 0.2500
Test instance 0.2500, class 0.2500
2026-06-24 18:31:26,595 - INFO - Best instance 0.2625, class 0.2625 (epoch 3)
Best instance 0.2625, class 0.2625 (epoch 3)
2026-06-24 18:31:26,614 - INFO - Epoch 86/200:
Epoch 86/200:
2026-06-24 18:31:29,267 - INFO - Train loss: 0.0260 (2.7s)
Train loss: 0.0260 (2.7s)
2026-06-24 18:31:29,513 - INFO - Test instance 0.2500, class 0.2500
Test instance 0.2500, class 0.2500
2026-06-24 18:31:29,515 - INFO - Best instance 0.2625, class 0.2625 (epoch 3)
Best instance 0.2625, class 0.2625 (epoch 3)
2026-06-24 18:31:29,532 - INFO - Epoch 87/200:
Epoch 87/200:
2026-06-24 18:31:32,210 - INFO - Train loss: 0.0202 (2.7s)
Train loss: 0.0202 (2.7s)
2026-06-24 18:31:32,534 - INFO - Test instance 0.2500, class 0.2500
Test instance 0.2500, class 0.2500
2026-06-24 18:31:32,534 - INFO - Best instance 0.2625, class 0.2625 (epoch 3)
Best instance 0.2625, class 0.2625 (epoch 3)
2026-06-24 18:31:32,553 - INFO - Epoch 88/200:
Epoch 88/200:
2026-06-24 18:31:35,202 - INFO - Train loss: 0.0198 (2.6s)
Train loss: 0.0198 (2.6s)
2026-06-24 18:31:35,452 - INFO - Test instance 0.2500, class 0.2500
Test instance 0.2500, class 0.2500
2026-06-24 18:31:35,452 - INFO - Best instance 0.2625, class 0.2625 (epoch 3)
Best instance 0.2625, class 0.2625 (epoch 3)
2026-06-24 18:31:35,470 - INFO - Epoch 89/200:
Epoch 89/200:
2026-06-24 18:31:38,145 - INFO - Train loss: 0.0225 (2.7s)
Train loss: 0.0225 (2.7s)
2026-06-24 18:31:38,400 - INFO - Test instance 0.2500, class 0.2500
Test instance 0.2500, class 0.2500
2026-06-24 18:31:38,400 - INFO - Best instance 0.2625, class 0.2625 (epoch 3)
Best instance 0.2625, class 0.2625 (epoch 3)
2026-06-24 18:31:38,417 - INFO - Epoch 90/200:
Epoch 90/200:
2026-06-24 18:31:41,066 - INFO - Train loss: 0.0208 (2.6s)
Train loss: 0.0208 (2.6s)
2026-06-24 18:31:41,314 - INFO - Test instance 0.2500, class 0.2500
Test instance 0.2500, class 0.2500
2026-06-24 18:31:41,314 - INFO - Best instance 0.2625, class 0.2625 (epoch 3)
Best instance 0.2625, class 0.2625 (epoch 3)
2026-06-24 18:31:41,332 - INFO - Epoch 91/200:
Epoch 91/200:
2026-06-24 18:31:44,670 - INFO - Train loss: 0.0230 (3.3s)
Train loss: 0.0230 (3.3s)
2026-06-24 18:31:44,988 - INFO - Test instance 0.2500, class 0.2500
Test instance 0.2500, class 0.2500
2026-06-24 18:31:44,988 - INFO - Best instance 0.2625, class 0.2625 (epoch 3)
Best instance 0.2625, class 0.2625 (epoch 3)
2026-06-24 18:31:45,007 - INFO - Epoch 92/200:
Epoch 92/200:
2026-06-24 18:31:47,665 - INFO - Train loss: 0.0217 (2.7s)
Train loss: 0.0217 (2.7s)
2026-06-24 18:31:47,912 - INFO - Test instance 0.2500, class 0.2500
Test instance 0.2500, class 0.2500
2026-06-24 18:31:47,912 - INFO - Best instance 0.2625, class 0.2625 (epoch 3)
Best instance 0.2625, class 0.2625 (epoch 3)
2026-06-24 18:31:47,929 - INFO - Epoch 93/200:
Epoch 93/200:
2026-06-24 18:31:50,589 - INFO - Train loss: 0.0223 (2.7s)
Train loss: 0.0223 (2.7s)
2026-06-24 18:31:50,839 - INFO - Test instance 0.2500, class 0.2500
Test instance 0.2500, class 0.2500
2026-06-24 18:31:50,839 - INFO - Best instance 0.2625, class 0.2625 (epoch 3)
Best instance 0.2625, class 0.2625 (epoch 3)
2026-06-24 18:31:50,857 - INFO - Epoch 94/200:
Epoch 94/200:
2026-06-24 18:31:53,533 - INFO - Train loss: 0.0242 (2.7s)
Train loss: 0.0242 (2.7s)
2026-06-24 18:31:53,787 - INFO - Test instance 0.2500, class 0.2500
Test instance 0.2500, class 0.2500
2026-06-24 18:31:53,787 - INFO - Best instance 0.2625, class 0.2625 (epoch 3)
Best instance 0.2625, class 0.2625 (epoch 3)
2026-06-24 18:31:53,805 - INFO - Epoch 95/200:
Epoch 95/200:
2026-06-24 18:31:56,489 - INFO - Train loss: 0.0222 (2.7s)
Train loss: 0.0222 (2.7s)
2026-06-24 18:31:56,820 - INFO - Test instance 0.2500, class 0.2500
Test instance 0.2500, class 0.2500
2026-06-24 18:31:56,821 - INFO - Best instance 0.2625, class 0.2625 (epoch 3)
Best instance 0.2625, class 0.2625 (epoch 3)
2026-06-24 18:31:56,840 - INFO - Epoch 96/200:
Epoch 96/200:
2026-06-24 18:31:59,506 - INFO - Train loss: 0.0222 (2.7s)
Train loss: 0.0222 (2.7s)
2026-06-24 18:31:59,759 - INFO - Test instance 0.2500, class 0.2500
Test instance 0.2500, class 0.2500
2026-06-24 18:31:59,759 - INFO - Best instance 0.2625, class 0.2625 (epoch 3)
Best instance 0.2625, class 0.2625 (epoch 3)
2026-06-24 18:31:59,778 - INFO - Epoch 97/200:
Epoch 97/200:
2026-06-24 18:32:03,172 - INFO - Train loss: 0.0216 (3.4s)
Train loss: 0.0216 (3.4s)
2026-06-24 18:32:03,432 - INFO - Test instance 0.2500, class 0.2500
Test instance 0.2500, class 0.2500
2026-06-24 18:32:03,432 - INFO - Best instance 0.2625, class 0.2625 (epoch 3)
Best instance 0.2625, class 0.2625 (epoch 3)
2026-06-24 18:32:03,450 - INFO - Epoch 98/200:
Epoch 98/200:
2026-06-24 18:32:06,109 - INFO - Train loss: 0.0226 (2.7s)
Train loss: 0.0226 (2.7s)
2026-06-24 18:32:06,378 - INFO - Test instance 0.2500, class 0.2500
Test instance 0.2500, class 0.2500
2026-06-24 18:32:06,379 - INFO - Best instance 0.2625, class 0.2625 (epoch 3)
Best instance 0.2625, class 0.2625 (epoch 3)
2026-06-24 18:32:06,398 - INFO - Epoch 99/200:
Epoch 99/200:
2026-06-24 18:32:09,386 - INFO - Train loss: 0.0218 (3.0s)
Train loss: 0.0218 (3.0s)
2026-06-24 18:32:09,712 - INFO - Test instance 0.2500, class 0.2500
Test instance 0.2500, class 0.2500
2026-06-24 18:32:09,712 - INFO - Best instance 0.2625, class 0.2625 (epoch 3)
Best instance 0.2625, class 0.2625 (epoch 3)
2026-06-24 18:32:09,730 - INFO - Epoch 100/200:
Epoch 100/200:
2026-06-24 18:32:12,376 - INFO - Train loss: 0.0220 (2.6s)
Train loss: 0.0220 (2.6s)
2026-06-24 18:32:12,627 - INFO - Test instance 0.2500, class 0.2500
Test instance 0.2500, class 0.2500
2026-06-24 18:32:12,628 - INFO - Best instance 0.2625, class 0.2625 (epoch 3)
Best instance 0.2625, class 0.2625 (epoch 3)
2026-06-24 18:32:12,645 - INFO - Epoch 101/200:
Epoch 101/200:
2026-06-24 18:32:15,322 - INFO - Train loss: 0.0214 (2.7s)
Train loss: 0.0214 (2.7s)
2026-06-24 18:32:15,650 - INFO - Test instance 0.2500, class 0.2500
Test instance 0.2500, class 0.2500
2026-06-24 18:32:15,650 - INFO - Best instance 0.2625, class 0.2625 (epoch 3)
Best instance 0.2625, class 0.2625 (epoch 3)
2026-06-24 18:32:15,670 - INFO - Epoch 102/200:
Epoch 102/200:
2026-06-24 18:32:18,353 - INFO - Train loss: 0.0190 (2.7s)
Train loss: 0.0190 (2.7s)
2026-06-24 18:32:18,615 - INFO - Test instance 0.2500, class 0.2500
Test instance 0.2500, class 0.2500
2026-06-24 18:32:18,615 - INFO - Best instance 0.2625, class 0.2625 (epoch 3)
Best instance 0.2625, class 0.2625 (epoch 3)
2026-06-24 18:32:18,634 - INFO - Epoch 103/200:
Epoch 103/200:
2026-06-24 18:32:21,292 - INFO - Train loss: 0.0228 (2.7s)
Train loss: 0.0228 (2.7s)
2026-06-24 18:32:21,548 - INFO - Test instance 0.2500, class 0.2500
Test instance 0.2500, class 0.2500
2026-06-24 18:32:21,548 - INFO - Best instance 0.2625, class 0.2625 (epoch 3)
Best instance 0.2625, class 0.2625 (epoch 3)
2026-06-24 18:32:21,566 - INFO - Epoch 104/200:
Epoch 104/200:
2026-06-24 18:32:24,232 - INFO - Train loss: 0.0225 (2.7s)
Train loss: 0.0225 (2.7s)
2026-06-24 18:32:24,491 - INFO - Test instance 0.2500, class 0.2500
Test instance 0.2500, class 0.2500
2026-06-24 18:32:24,491 - INFO - Best instance 0.2625, class 0.2625 (epoch 3)
Best instance 0.2625, class 0.2625 (epoch 3)
2026-06-24 18:32:24,509 - INFO - Epoch 105/200:
Epoch 105/200:
2026-06-24 18:32:27,196 - INFO - Train loss: 0.0201 (2.7s)
Train loss: 0.0201 (2.7s)
2026-06-24 18:32:27,448 - INFO - Test instance 0.2500, class 0.2500
Test instance 0.2500, class 0.2500
2026-06-24 18:32:27,448 - INFO - Best instance 0.2625, class 0.2625 (epoch 3)
Best instance 0.2625, class 0.2625 (epoch 3)
2026-06-24 18:32:27,467 - INFO - Epoch 106/200:
Epoch 106/200:
2026-06-24 18:32:30,142 - INFO - Train loss: 0.0207 (2.7s)
Train loss: 0.0207 (2.7s)
2026-06-24 18:32:30,391 - INFO - Test instance 0.2500, class 0.2500
Test instance 0.2500, class 0.2500
2026-06-24 18:32:30,391 - INFO - Best instance 0.2625, class 0.2625 (epoch 3)
Best instance 0.2625, class 0.2625 (epoch 3)
2026-06-24 18:32:30,409 - INFO - Epoch 107/200:
Epoch 107/200:
2026-06-24 18:32:33,059 - INFO - Train loss: 0.0212 (2.6s)
Train loss: 0.0212 (2.6s)
2026-06-24 18:32:33,309 - INFO - Test instance 0.2500, class 0.2500
Test instance 0.2500, class 0.2500
2026-06-24 18:32:33,309 - INFO - Best instance 0.2625, class 0.2625 (epoch 3)
Best instance 0.2625, class 0.2625 (epoch 3)
2026-06-24 18:32:33,329 - INFO - Epoch 108/200:
Epoch 108/200:
2026-06-24 18:32:36,366 - INFO - Train loss: 0.0216 (3.0s)
Train loss: 0.0216 (3.0s)
2026-06-24 18:32:36,612 - INFO - Test instance 0.2500, class 0.2500
Test instance 0.2500, class 0.2500
2026-06-24 18:32:36,612 - INFO - Best instance 0.2625, class 0.2625 (epoch 3)
Best instance 0.2625, class 0.2625 (epoch 3)
2026-06-24 18:32:36,629 - INFO - Epoch 109/200:
Epoch 109/200:
2026-06-24 18:32:39,288 - INFO - Train loss: 0.0185 (2.7s)
Train loss: 0.0185 (2.7s)
2026-06-24 18:32:39,613 - INFO - Test instance 0.2500, class 0.2500
Test instance 0.2500, class 0.2500
2026-06-24 18:32:39,613 - INFO - Best instance 0.2625, class 0.2625 (epoch 3)
Best instance 0.2625, class 0.2625 (epoch 3)
2026-06-24 18:32:39,632 - INFO - Epoch 110/200:
Epoch 110/200:
2026-06-24 18:32:42,284 - INFO - Train loss: 0.0186 (2.7s)
Train loss: 0.0186 (2.7s)
2026-06-24 18:32:42,542 - INFO - Test instance 0.2500, class 0.2500
Test instance 0.2500, class 0.2500
2026-06-24 18:32:42,542 - INFO - Best instance 0.2625, class 0.2625 (epoch 3)
Best instance 0.2625, class 0.2625 (epoch 3)
2026-06-24 18:32:42,561 - INFO - Epoch 111/200:
Epoch 111/200:
2026-06-24 18:32:45,204 - INFO - Train loss: 0.0209 (2.6s)
Train loss: 0.0209 (2.6s)
2026-06-24 18:32:45,467 - INFO - Test instance 0.2500, class 0.2500
Test instance 0.2500, class 0.2500
2026-06-24 18:32:45,468 - INFO - Best instance 0.2625, class 0.2625 (epoch 3)
Best instance 0.2625, class 0.2625 (epoch 3)
2026-06-24 18:32:45,485 - INFO - Epoch 112/200:
Epoch 112/200:
2026-06-24 18:32:48,143 - INFO - Train loss: 0.0218 (2.7s)
Train loss: 0.0218 (2.7s)
2026-06-24 18:32:48,394 - INFO - Test instance 0.2500, class 0.2500
Test instance 0.2500, class 0.2500
2026-06-24 18:32:48,394 - INFO - Best instance 0.2625, class 0.2625 (epoch 3)
Best instance 0.2625, class 0.2625 (epoch 3)
2026-06-24 18:32:48,412 - INFO - Epoch 113/200:
Epoch 113/200:
2026-06-24 18:32:51,084 - INFO - Train loss: 0.0180 (2.7s)
Train loss: 0.0180 (2.7s)
2026-06-24 18:32:51,334 - INFO - Test instance 0.2500, class 0.2500
Test instance 0.2500, class 0.2500
2026-06-24 18:32:51,334 - INFO - Best instance 0.2625, class 0.2625 (epoch 3)
Best instance 0.2625, class 0.2625 (epoch 3)
2026-06-24 18:32:51,352 - INFO - Epoch 114/200:
Epoch 114/200:
2026-06-24 18:32:54,015 - INFO - Train loss: 0.0176 (2.7s)
Train loss: 0.0176 (2.7s)
2026-06-24 18:32:54,281 - INFO - Test instance 0.2500, class 0.2500
Test instance 0.2500, class 0.2500
2026-06-24 18:32:54,283 - INFO - Best instance 0.2625, class 0.2625 (epoch 3)
Best instance 0.2625, class 0.2625 (epoch 3)
2026-06-24 18:32:54,300 - INFO - Epoch 115/200:
Epoch 115/200:
2026-06-24 18:32:56,992 - INFO - Train loss: 0.0199 (2.7s)
Train loss: 0.0199 (2.7s)
2026-06-24 18:32:57,321 - INFO - Test instance 0.2500, class 0.2500
Test instance 0.2500, class 0.2500
2026-06-24 18:32:57,322 - INFO - Best instance 0.2625, class 0.2625 (epoch 3)
Best instance 0.2625, class 0.2625 (epoch 3)
2026-06-24 18:32:57,341 - INFO - Epoch 116/200:
Epoch 116/200:
2026-06-24 18:33:00,685 - INFO - Train loss: 0.0196 (3.3s)
Train loss: 0.0196 (3.3s)
2026-06-24 18:33:00,948 - INFO - Test instance 0.2500, class 0.2500
Test instance 0.2500, class 0.2500
2026-06-24 18:33:00,949 - INFO - Best instance 0.2625, class 0.2625 (epoch 3)
Best instance 0.2625, class 0.2625 (epoch 3)
2026-06-24 18:33:00,966 - INFO - Epoch 117/200:
Epoch 117/200:
2026-06-24 18:33:03,675 - INFO - Train loss: 0.0198 (2.7s)
Train loss: 0.0198 (2.7s)
2026-06-24 18:33:03,921 - INFO - Test instance 0.2500, class 0.2500
Test instance 0.2500, class 0.2500
2026-06-24 18:33:03,921 - INFO - Best instance 0.2625, class 0.2625 (epoch 3)
Best instance 0.2625, class 0.2625 (epoch 3)
2026-06-24 18:33:03,938 - INFO - Epoch 118/200:
Epoch 118/200:
2026-06-24 18:33:06,629 - INFO - Train loss: 0.0202 (2.7s)
Train loss: 0.0202 (2.7s)
2026-06-24 18:33:06,886 - INFO - Test instance 0.2500, class 0.2500
Test instance 0.2500, class 0.2500
2026-06-24 18:33:06,886 - INFO - Best instance 0.2625, class 0.2625 (epoch 3)
Best instance 0.2625, class 0.2625 (epoch 3)
2026-06-24 18:33:06,903 - INFO - Epoch 119/200:
Epoch 119/200:
2026-06-24 18:33:09,570 - INFO - Train loss: 0.0185 (2.7s)
Train loss: 0.0185 (2.7s)
2026-06-24 18:33:09,830 - INFO - Test instance 0.2500, class 0.2500
Test instance 0.2500, class 0.2500
2026-06-24 18:33:09,830 - INFO - Best instance 0.2625, class 0.2625 (epoch 3)
Best instance 0.2625, class 0.2625 (epoch 3)
2026-06-24 18:33:09,847 - INFO - Epoch 120/200:
Epoch 120/200:
2026-06-24 18:33:12,526 - INFO - Train loss: 0.0191 (2.7s)
Train loss: 0.0191 (2.7s)
2026-06-24 18:33:12,784 - INFO - Test instance 0.2500, class 0.2500
Test instance 0.2500, class 0.2500
2026-06-24 18:33:12,785 - INFO - Best instance 0.2625, class 0.2625 (epoch 3)
Best instance 0.2625, class 0.2625 (epoch 3)
2026-06-24 18:33:12,803 - INFO - Epoch 121/200:
Epoch 121/200:
2026-06-24 18:33:15,515 - INFO - Train loss: 0.0199 (2.7s)
Train loss: 0.0199 (2.7s)
2026-06-24 18:33:15,773 - INFO - Test instance 0.2500, class 0.2500
Test instance 0.2500, class 0.2500
2026-06-24 18:33:15,773 - INFO - Best instance 0.2625, class 0.2625 (epoch 3)
Best instance 0.2625, class 0.2625 (epoch 3)
2026-06-24 18:33:15,791 - INFO - Epoch 122/200:
Epoch 122/200:
2026-06-24 18:33:19,136 - INFO - Train loss: 0.0197 (3.3s)
Train loss: 0.0197 (3.3s)
2026-06-24 18:33:19,453 - INFO - Test instance 0.2500, class 0.2500
Test instance 0.2500, class 0.2500
2026-06-24 18:33:19,453 - INFO - Best instance 0.2625, class 0.2625 (epoch 3)
Best instance 0.2625, class 0.2625 (epoch 3)
2026-06-24 18:33:19,473 - INFO - Epoch 123/200:
Epoch 123/200:
2026-06-24 18:33:22,170 - INFO - Train loss: 0.0168 (2.7s)
Train loss: 0.0168 (2.7s)
2026-06-24 18:33:22,425 - INFO - Test instance 0.2500, class 0.2500
Test instance 0.2500, class 0.2500
2026-06-24 18:33:22,425 - INFO - Best instance 0.2625, class 0.2625 (epoch 3)
Best instance 0.2625, class 0.2625 (epoch 3)
2026-06-24 18:33:22,442 - INFO - Epoch 124/200:
Epoch 124/200:
2026-06-24 18:33:25,131 - INFO - Train loss: 0.0175 (2.7s)
Train loss: 0.0175 (2.7s)
2026-06-24 18:33:25,381 - INFO - Test instance 0.2500, class 0.2500
Test instance 0.2500, class 0.2500
2026-06-24 18:33:25,381 - INFO - Best instance 0.2625, class 0.2625 (epoch 3)
Best instance 0.2625, class 0.2625 (epoch 3)
2026-06-24 18:33:25,398 - INFO - Epoch 125/200:
Epoch 125/200:
2026-06-24 18:33:28,060 - INFO - Train loss: 0.0162 (2.7s)
Train loss: 0.0162 (2.7s)
2026-06-24 18:33:28,384 - INFO - Test instance 0.2500, class 0.2500
Test instance 0.2500, class 0.2500
2026-06-24 18:33:28,385 - INFO - Best instance 0.2625, class 0.2625 (epoch 3)
Best instance 0.2625, class 0.2625 (epoch 3)
2026-06-24 18:33:28,405 - INFO - Epoch 126/200:
Epoch 126/200:
2026-06-24 18:33:31,066 - INFO - Train loss: 0.0186 (2.7s)
Train loss: 0.0186 (2.7s)
2026-06-24 18:33:31,398 - INFO - Test instance 0.2500, class 0.2500
Test instance 0.2500, class 0.2500
2026-06-24 18:33:31,398 - INFO - Best instance 0.2625, class 0.2625 (epoch 3)
Best instance 0.2625, class 0.2625 (epoch 3)
2026-06-24 18:33:31,417 - INFO - Epoch 127/200:
Epoch 127/200:
2026-06-24 18:33:34,092 - INFO - Train loss: 0.0200 (2.7s)
Train loss: 0.0200 (2.7s)
2026-06-24 18:33:34,356 - INFO - Test instance 0.2500, class 0.2500
Test instance 0.2500, class 0.2500
2026-06-24 18:33:34,356 - INFO - Best instance 0.2625, class 0.2625 (epoch 3)
Best instance 0.2625, class 0.2625 (epoch 3)
2026-06-24 18:33:34,373 - INFO - Epoch 128/200:
Epoch 128/200:
2026-06-24 18:33:37,728 - INFO - Train loss: 0.0164 (3.4s)
Train loss: 0.0164 (3.4s)
2026-06-24 18:33:38,050 - INFO - Test instance 0.2500, class 0.2500
Test instance 0.2500, class 0.2500
2026-06-24 18:33:38,050 - INFO - Best instance 0.2625, class 0.2625 (epoch 3)
Best instance 0.2625, class 0.2625 (epoch 3)
2026-06-24 18:33:38,070 - INFO - Epoch 129/200:
Epoch 129/200:
2026-06-24 18:33:40,765 - INFO - Train loss: 0.0191 (2.7s)
Train loss: 0.0191 (2.7s)
2026-06-24 18:33:41,015 - INFO - Test instance 0.2500, class 0.2500
Test instance 0.2500, class 0.2500
2026-06-24 18:33:41,015 - INFO - Best instance 0.2625, class 0.2625 (epoch 3)
Best instance 0.2625, class 0.2625 (epoch 3)
2026-06-24 18:33:41,034 - INFO - Epoch 130/200:
Epoch 130/200:
2026-06-24 18:33:43,703 - INFO - Train loss: 0.0196 (2.7s)
Train loss: 0.0196 (2.7s)
2026-06-24 18:33:43,955 - INFO - Test instance 0.2500, class 0.2500
Test instance 0.2500, class 0.2500
2026-06-24 18:33:43,955 - INFO - Best instance 0.2625, class 0.2625 (epoch 3)
Best instance 0.2625, class 0.2625 (epoch 3)
2026-06-24 18:33:43,973 - INFO - Epoch 131/200:
Epoch 131/200:
2026-06-24 18:33:46,658 - INFO - Train loss: 0.0169 (2.7s)
Train loss: 0.0169 (2.7s)
2026-06-24 18:33:46,905 - INFO - Test instance 0.2500, class 0.2500
Test instance 0.2500, class 0.2500
2026-06-24 18:33:46,905 - INFO - Best instance 0.2625, class 0.2625 (epoch 3)
Best instance 0.2625, class 0.2625 (epoch 3)
2026-06-24 18:33:46,924 - INFO - Epoch 132/200:
Epoch 132/200:
2026-06-24 18:33:49,586 - INFO - Train loss: 0.0172 (2.7s)
Train loss: 0.0172 (2.7s)
2026-06-24 18:33:49,841 - INFO - Test instance 0.2500, class 0.2500
Test instance 0.2500, class 0.2500
2026-06-24 18:33:49,841 - INFO - Best instance 0.2625, class 0.2625 (epoch 3)
Best instance 0.2625, class 0.2625 (epoch 3)
2026-06-24 18:33:49,859 - INFO - Epoch 133/200:
Epoch 133/200:
2026-06-24 18:33:52,524 - INFO - Train loss: 0.0171 (2.7s)
Train loss: 0.0171 (2.7s)
2026-06-24 18:33:52,781 - INFO - Test instance 0.2500, class 0.2500
Test instance 0.2500, class 0.2500
2026-06-24 18:33:52,781 - INFO - Best instance 0.2625, class 0.2625 (epoch 3)
Best instance 0.2625, class 0.2625 (epoch 3)
2026-06-24 18:33:52,799 - INFO - Epoch 134/200:
Epoch 134/200:
2026-06-24 18:33:55,487 - INFO - Train loss: 0.0182 (2.7s)
Train loss: 0.0182 (2.7s)
2026-06-24 18:33:55,736 - INFO - Test instance 0.2500, class 0.2500
Test instance 0.2500, class 0.2500
2026-06-24 18:33:55,737 - INFO - Best instance 0.2625, class 0.2625 (epoch 3)
Best instance 0.2625, class 0.2625 (epoch 3)
2026-06-24 18:33:55,755 - INFO - Epoch 135/200:
Epoch 135/200:
2026-06-24 18:33:58,444 - INFO - Train loss: 0.0173 (2.7s)
Train loss: 0.0173 (2.7s)
2026-06-24 18:33:58,698 - INFO - Test instance 0.2500, class 0.2500
Test instance 0.2500, class 0.2500
2026-06-24 18:33:58,698 - INFO - Best instance 0.2625, class 0.2625 (epoch 3)
Best instance 0.2625, class 0.2625 (epoch 3)
2026-06-24 18:33:58,717 - INFO - Epoch 136/200:
Epoch 136/200:
2026-06-24 18:34:01,391 - INFO - Train loss: 0.0183 (2.7s)
Train loss: 0.0183 (2.7s)
2026-06-24 18:34:01,666 - INFO - Test instance 0.2500, class 0.2500
Test instance 0.2500, class 0.2500
2026-06-24 18:34:01,666 - INFO - Best instance 0.2625, class 0.2625 (epoch 3)
Best instance 0.2625, class 0.2625 (epoch 3)
2026-06-24 18:34:01,685 - INFO - Epoch 137/200:
Epoch 137/200:
2026-06-24 18:34:04,378 - INFO - Train loss: 0.0181 (2.7s)
Train loss: 0.0181 (2.7s)
2026-06-24 18:34:04,634 - INFO - Test instance 0.2500, class 0.2500
Test instance 0.2500, class 0.2500
2026-06-24 18:34:04,635 - INFO - Best instance 0.2625, class 0.2625 (epoch 3)
Best instance 0.2625, class 0.2625 (epoch 3)
2026-06-24 18:34:04,652 - INFO - Epoch 138/200:
Epoch 138/200:
2026-06-24 18:34:07,315 - INFO - Train loss: 0.0179 (2.7s)
Train loss: 0.0179 (2.7s)
2026-06-24 18:34:07,574 - INFO - Test instance 0.2500, class 0.2500
Test instance 0.2500, class 0.2500
2026-06-24 18:34:07,574 - INFO - Best instance 0.2625, class 0.2625 (epoch 3)
Best instance 0.2625, class 0.2625 (epoch 3)
2026-06-24 18:34:07,593 - INFO - Epoch 139/200:
Epoch 139/200:
2026-06-24 18:34:10,302 - INFO - Train loss: 0.0180 (2.7s)
Train loss: 0.0180 (2.7s)
2026-06-24 18:34:10,556 - INFO - Test instance 0.2500, class 0.2500
Test instance 0.2500, class 0.2500
2026-06-24 18:34:10,556 - INFO - Best instance 0.2625, class 0.2625 (epoch 3)
Best instance 0.2625, class 0.2625 (epoch 3)
2026-06-24 18:34:10,575 - INFO - Epoch 140/200:
Epoch 140/200:
2026-06-24 18:34:13,240 - INFO - Train loss: 0.0159 (2.7s)
Train loss: 0.0159 (2.7s)
2026-06-24 18:34:13,494 - INFO - Test instance 0.2500, class 0.2500
Test instance 0.2500, class 0.2500
2026-06-24 18:34:13,494 - INFO - Best instance 0.2625, class 0.2625 (epoch 3)
Best instance 0.2625, class 0.2625 (epoch 3)
2026-06-24 18:34:13,513 - INFO - Epoch 141/200:
Epoch 141/200:
2026-06-24 18:34:16,223 - INFO - Train loss: 0.0149 (2.7s)
Train loss: 0.0149 (2.7s)
2026-06-24 18:34:16,475 - INFO - Test instance 0.2500, class 0.2500
Test instance 0.2500, class 0.2500
2026-06-24 18:34:16,475 - INFO - Best instance 0.2625, class 0.2625 (epoch 3)
Best instance 0.2625, class 0.2625 (epoch 3)
2026-06-24 18:34:16,494 - INFO - Epoch 142/200:
Epoch 142/200:
2026-06-24 18:34:19,865 - INFO - Train loss: 0.0157 (3.4s)
Train loss: 0.0157 (3.4s)
2026-06-24 18:34:20,123 - INFO - Test instance 0.2500, class 0.2500
Test instance 0.2500, class 0.2500
2026-06-24 18:34:20,123 - INFO - Best instance 0.2625, class 0.2625 (epoch 3)
Best instance 0.2625, class 0.2625 (epoch 3)
2026-06-24 18:34:20,142 - INFO - Epoch 143/200:
Epoch 143/200:
2026-06-24 18:34:22,851 - INFO - Train loss: 0.0169 (2.7s)
Train loss: 0.0169 (2.7s)
2026-06-24 18:34:23,112 - INFO - Test instance 0.2500, class 0.2500
Test instance 0.2500, class 0.2500
2026-06-24 18:34:23,112 - INFO - Best instance 0.2625, class 0.2625 (epoch 3)
Best instance 0.2625, class 0.2625 (epoch 3)
2026-06-24 18:34:23,131 - INFO - Epoch 144/200:
Epoch 144/200:
2026-06-24 18:34:25,853 - INFO - Train loss: 0.0176 (2.7s)
Train loss: 0.0176 (2.7s)
2026-06-24 18:34:26,183 - INFO - Test instance 0.2500, class 0.2500
Test instance 0.2500, class 0.2500
2026-06-24 18:34:26,184 - INFO - Best instance 0.2625, class 0.2625 (epoch 3)
Best instance 0.2625, class 0.2625 (epoch 3)
2026-06-24 18:34:26,203 - INFO - Epoch 145/200:
Epoch 145/200:
2026-06-24 18:34:28,894 - INFO - Train loss: 0.0176 (2.7s)
Train loss: 0.0176 (2.7s)
2026-06-24 18:34:29,152 - INFO - Test instance 0.2500, class 0.2500
Test instance 0.2500, class 0.2500
2026-06-24 18:34:29,152 - INFO - Best instance 0.2625, class 0.2625 (epoch 3)
Best instance 0.2625, class 0.2625 (epoch 3)
2026-06-24 18:34:29,170 - INFO - Epoch 146/200:
Epoch 146/200:
2026-06-24 18:34:31,834 - INFO - Train loss: 0.0161 (2.7s)
Train loss: 0.0161 (2.7s)
2026-06-24 18:34:32,084 - INFO - Test instance 0.2500, class 0.2500
Test instance 0.2500, class 0.2500
2026-06-24 18:34:32,085 - INFO - Best instance 0.2625, class 0.2625 (epoch 3)
Best instance 0.2625, class 0.2625 (epoch 3)
2026-06-24 18:34:32,103 - INFO - Epoch 147/200:
Epoch 147/200:
2026-06-24 18:34:34,764 - INFO - Train loss: 0.0169 (2.7s)
Train loss: 0.0169 (2.7s)
2026-06-24 18:34:35,012 - INFO - Test instance 0.2500, class 0.2500
Test instance 0.2500, class 0.2500
2026-06-24 18:34:35,013 - INFO - Best instance 0.2625, class 0.2625 (epoch 3)
Best instance 0.2625, class 0.2625 (epoch 3)
2026-06-24 18:34:35,031 - INFO - Epoch 148/200:
Epoch 148/200:
2026-06-24 18:34:37,742 - INFO - Train loss: 0.0148 (2.7s)
Train loss: 0.0148 (2.7s)
2026-06-24 18:34:37,999 - INFO - Test instance 0.2500, class 0.2500
Test instance 0.2500, class 0.2500
2026-06-24 18:34:37,999 - INFO - Best instance 0.2625, class 0.2625 (epoch 3)
Best instance 0.2625, class 0.2625 (epoch 3)
2026-06-24 18:34:38,017 - INFO - Epoch 149/200:
Epoch 149/200:
2026-06-24 18:34:40,745 - INFO - Train loss: 0.0156 (2.7s)
Train loss: 0.0156 (2.7s)
2026-06-24 18:34:41,009 - INFO - Test instance 0.2500, class 0.2500
Test instance 0.2500, class 0.2500
2026-06-24 18:34:41,009 - INFO - Best instance 0.2625, class 0.2625 (epoch 3)
Best instance 0.2625, class 0.2625 (epoch 3)
2026-06-24 18:34:41,027 - INFO - Epoch 150/200:
Epoch 150/200:
2026-06-24 18:34:43,695 - INFO - Train loss: 0.0162 (2.7s)
Train loss: 0.0162 (2.7s)
2026-06-24 18:34:43,951 - INFO - Test instance 0.2500, class 0.2500
Test instance 0.2500, class 0.2500
2026-06-24 18:34:43,951 - INFO - Best instance 0.2625, class 0.2625 (epoch 3)
Best instance 0.2625, class 0.2625 (epoch 3)
2026-06-24 18:34:43,969 - INFO - Epoch 151/200:
Epoch 151/200:
2026-06-24 18:34:47,336 - INFO - Train loss: 0.0150 (3.4s)
Train loss: 0.0150 (3.4s)
2026-06-24 18:34:47,593 - INFO - Test instance 0.2500, class 0.2500
Test instance 0.2500, class 0.2500
2026-06-24 18:34:47,593 - INFO - Best instance 0.2625, class 0.2625 (epoch 3)
Best instance 0.2625, class 0.2625 (epoch 3)
2026-06-24 18:34:47,610 - INFO - Epoch 152/200:
Epoch 152/200:
2026-06-24 18:34:50,277 - INFO - Train loss: 0.0146 (2.7s)
Train loss: 0.0146 (2.7s)
2026-06-24 18:34:50,536 - INFO - Test instance 0.2500, class 0.2500
Test instance 0.2500, class 0.2500
2026-06-24 18:34:50,536 - INFO - Best instance 0.2625, class 0.2625 (epoch 3)
Best instance 0.2625, class 0.2625 (epoch 3)
2026-06-24 18:34:50,552 - INFO - Epoch 153/200:
Epoch 153/200:
2026-06-24 18:34:53,228 - INFO - Train loss: 0.0149 (2.7s)
Train loss: 0.0149 (2.7s)
2026-06-24 18:34:53,559 - INFO - Test instance 0.2500, class 0.2500
Test instance 0.2500, class 0.2500
2026-06-24 18:34:53,559 - INFO - Best instance 0.2625, class 0.2625 (epoch 3)
Best instance 0.2625, class 0.2625 (epoch 3)
2026-06-24 18:34:53,578 - INFO - Epoch 154/200:
Epoch 154/200:
2026-06-24 18:34:56,247 - INFO - Train loss: 0.0171 (2.7s)
Train loss: 0.0171 (2.7s)
2026-06-24 18:34:56,582 - INFO - Test instance 0.2500, class 0.2500
Test instance 0.2500, class 0.2500
2026-06-24 18:34:56,583 - INFO - Best instance 0.2625, class 0.2625 (epoch 3)
Best instance 0.2625, class 0.2625 (epoch 3)
2026-06-24 18:34:56,602 - INFO - Epoch 155/200:
Epoch 155/200:
2026-06-24 18:34:59,265 - INFO - Train loss: 0.0148 (2.7s)
Train loss: 0.0148 (2.7s)
2026-06-24 18:34:59,521 - INFO - Test instance 0.2500, class 0.2500
Test instance 0.2500, class 0.2500
2026-06-24 18:34:59,522 - INFO - Best instance 0.2625, class 0.2625 (epoch 3)
Best instance 0.2625, class 0.2625 (epoch 3)
2026-06-24 18:34:59,538 - INFO - Epoch 156/200:
Epoch 156/200:
2026-06-24 18:35:02,269 - INFO - Train loss: 0.0143 (2.7s)
Train loss: 0.0143 (2.7s)
2026-06-24 18:35:02,522 - INFO - Test instance 0.2500, class 0.2500
Test instance 0.2500, class 0.2500
2026-06-24 18:35:02,523 - INFO - Best instance 0.2625, class 0.2625 (epoch 3)
Best instance 0.2625, class 0.2625 (epoch 3)
2026-06-24 18:35:02,539 - INFO - Epoch 157/200:
Epoch 157/200:
2026-06-24 18:35:05,225 - INFO - Train loss: 0.0156 (2.7s)
Train loss: 0.0156 (2.7s)
2026-06-24 18:35:05,480 - INFO - Test instance 0.2500, class 0.2500
Test instance 0.2500, class 0.2500
2026-06-24 18:35:05,480 - INFO - Best instance 0.2625, class 0.2625 (epoch 3)
Best instance 0.2625, class 0.2625 (epoch 3)
2026-06-24 18:35:05,498 - INFO - Epoch 158/200:
Epoch 158/200:
2026-06-24 18:35:08,875 - INFO - Train loss: 0.0154 (3.4s)
Train loss: 0.0154 (3.4s)
2026-06-24 18:35:09,139 - INFO - Test instance 0.2500, class 0.2500
Test instance 0.2500, class 0.2500
2026-06-24 18:35:09,140 - INFO - Best instance 0.2625, class 0.2625 (epoch 3)
Best instance 0.2625, class 0.2625 (epoch 3)
2026-06-24 18:35:09,158 - INFO - Epoch 159/200:
Epoch 159/200:
2026-06-24 18:35:11,899 - INFO - Train loss: 0.0144 (2.7s)
Train loss: 0.0144 (2.7s)
2026-06-24 18:35:12,153 - INFO - Test instance 0.2500, class 0.2500
Test instance 0.2500, class 0.2500
2026-06-24 18:35:12,153 - INFO - Best instance 0.2625, class 0.2625 (epoch 3)
Best instance 0.2625, class 0.2625 (epoch 3)
2026-06-24 18:35:12,171 - INFO - Epoch 160/200:
Epoch 160/200:
2026-06-24 18:35:14,836 - INFO - Train loss: 0.0146 (2.7s)
Train loss: 0.0146 (2.7s)
2026-06-24 18:35:15,098 - INFO - Test instance 0.2500, class 0.2500
Test instance 0.2500, class 0.2500
2026-06-24 18:35:15,099 - INFO - Best instance 0.2625, class 0.2625 (epoch 3)
Best instance 0.2625, class 0.2625 (epoch 3)
2026-06-24 18:35:15,117 - INFO - Epoch 161/200:
Epoch 161/200:
2026-06-24 18:35:17,810 - INFO - Train loss: 0.0143 (2.7s)
Train loss: 0.0143 (2.7s)
2026-06-24 18:35:18,067 - INFO - Test instance 0.2500, class 0.2500
Test instance 0.2500, class 0.2500
2026-06-24 18:35:18,068 - INFO - Best instance 0.2625, class 0.2625 (epoch 3)
Best instance 0.2625, class 0.2625 (epoch 3)
2026-06-24 18:35:18,085 - INFO - Epoch 162/200:
Epoch 162/200:
2026-06-24 18:35:20,767 - INFO - Train loss: 0.0161 (2.7s)
Train loss: 0.0161 (2.7s)
2026-06-24 18:35:21,024 - INFO - Test instance 0.2500, class 0.2500
Test instance 0.2500, class 0.2500
2026-06-24 18:35:21,024 - INFO - Best instance 0.2625, class 0.2625 (epoch 3)
Best instance 0.2625, class 0.2625 (epoch 3)
2026-06-24 18:35:21,041 - INFO - Epoch 163/200:
Epoch 163/200:
2026-06-24 18:35:23,732 - INFO - Train loss: 0.0139 (2.7s)
Train loss: 0.0139 (2.7s)
2026-06-24 18:35:23,989 - INFO - Test instance 0.2500, class 0.2500
Test instance 0.2500, class 0.2500
2026-06-24 18:35:23,989 - INFO - Best instance 0.2625, class 0.2625 (epoch 3)
Best instance 0.2625, class 0.2625 (epoch 3)
2026-06-24 18:35:24,006 - INFO - Epoch 164/200:
Epoch 164/200:
2026-06-24 18:35:26,727 - INFO - Train loss: 0.0141 (2.7s)
Train loss: 0.0141 (2.7s)
2026-06-24 18:35:26,990 - INFO - Test instance 0.2500, class 0.2500
Test instance 0.2500, class 0.2500
2026-06-24 18:35:26,990 - INFO - Best instance 0.2625, class 0.2625 (epoch 3)
Best instance 0.2625, class 0.2625 (epoch 3)
2026-06-24 18:35:27,007 - INFO - Epoch 165/200:
Epoch 165/200:
2026-06-24 18:35:29,747 - INFO - Train loss: 0.0150 (2.7s)
Train loss: 0.0150 (2.7s)
2026-06-24 18:35:30,002 - INFO - Test instance 0.2500, class 0.2500
Test instance 0.2500, class 0.2500
2026-06-24 18:35:30,002 - INFO - Best instance 0.2625, class 0.2625 (epoch 3)
Best instance 0.2625, class 0.2625 (epoch 3)
2026-06-24 18:35:30,019 - INFO - Epoch 166/200:
Epoch 166/200:
2026-06-24 18:35:32,703 - INFO - Train loss: 0.0137 (2.7s)
Train loss: 0.0137 (2.7s)
2026-06-24 18:35:32,958 - INFO - Test instance 0.2500, class 0.2500
Test instance 0.2500, class 0.2500
2026-06-24 18:35:32,959 - INFO - Best instance 0.2625, class 0.2625 (epoch 3)
Best instance 0.2625, class 0.2625 (epoch 3)
2026-06-24 18:35:32,976 - INFO - Epoch 167/200:
Epoch 167/200:
2026-06-24 18:35:36,329 - INFO - Train loss: 0.0132 (3.4s)
Train loss: 0.0132 (3.4s)
2026-06-24 18:35:36,596 - INFO - Test instance 0.2500, class 0.2500
Test instance 0.2500, class 0.2500
2026-06-24 18:35:36,596 - INFO - Best instance 0.2625, class 0.2625 (epoch 3)
Best instance 0.2625, class 0.2625 (epoch 3)
2026-06-24 18:35:36,615 - INFO - Epoch 168/200:
Epoch 168/200:
2026-06-24 18:35:39,284 - INFO - Train loss: 0.0137 (2.7s)
Train loss: 0.0137 (2.7s)
2026-06-24 18:35:39,620 - INFO - Test instance 0.2500, class 0.2500
Test instance 0.2500, class 0.2500
2026-06-24 18:35:39,620 - INFO - Best instance 0.2625, class 0.2625 (epoch 3)
Best instance 0.2625, class 0.2625 (epoch 3)
2026-06-24 18:35:39,640 - INFO - Epoch 169/200:
Epoch 169/200:
2026-06-24 18:35:42,363 - INFO - Train loss: 0.0145 (2.7s)
Train loss: 0.0145 (2.7s)
2026-06-24 18:35:42,623 - INFO - Test instance 0.2500, class 0.2500
Test instance 0.2500, class 0.2500
2026-06-24 18:35:42,623 - INFO - Best instance 0.2625, class 0.2625 (epoch 3)
Best instance 0.2625, class 0.2625 (epoch 3)
2026-06-24 18:35:42,641 - INFO - Epoch 170/200:
Epoch 170/200:
2026-06-24 18:35:45,307 - INFO - Train loss: 0.0145 (2.7s)
Train loss: 0.0145 (2.7s)
2026-06-24 18:35:45,563 - INFO - Test instance 0.2500, class 0.2500
Test instance 0.2500, class 0.2500
2026-06-24 18:35:45,564 - INFO - Best instance 0.2625, class 0.2625 (epoch 3)
Best instance 0.2625, class 0.2625 (epoch 3)
2026-06-24 18:35:45,581 - INFO - Epoch 171/200:
Epoch 171/200:
2026-06-24 18:35:48,312 - INFO - Train loss: 0.0136 (2.7s)
Train loss: 0.0136 (2.7s)
2026-06-24 18:35:48,651 - INFO - Test instance 0.2500, class 0.2500
Test instance 0.2500, class 0.2500
2026-06-24 18:35:48,654 - INFO - Best instance 0.2625, class 0.2625 (epoch 3)
Best instance 0.2625, class 0.2625 (epoch 3)
2026-06-24 18:35:48,674 - INFO - Epoch 172/200:
Epoch 172/200:
2026-06-24 18:35:51,365 - INFO - Train loss: 0.0138 (2.7s)
Train loss: 0.0138 (2.7s)
2026-06-24 18:35:51,627 - INFO - Test instance 0.2500, class 0.2500
Test instance 0.2500, class 0.2500
2026-06-24 18:35:51,628 - INFO - Best instance 0.2625, class 0.2625 (epoch 3)
Best instance 0.2625, class 0.2625 (epoch 3)
2026-06-24 18:35:51,646 - INFO - Epoch 173/200:
Epoch 173/200:
2026-06-24 18:35:55,060 - INFO - Train loss: 0.0147 (3.4s)
Train loss: 0.0147 (3.4s)
2026-06-24 18:35:55,319 - INFO - Test instance 0.2500, class 0.2500
Test instance 0.2500, class 0.2500
2026-06-24 18:35:55,319 - INFO - Best instance 0.2625, class 0.2625 (epoch 3)
Best instance 0.2625, class 0.2625 (epoch 3)
2026-06-24 18:35:55,337 - INFO - Epoch 174/200:
Epoch 174/200:
2026-06-24 18:35:58,070 - INFO - Train loss: 0.0146 (2.7s)
Train loss: 0.0146 (2.7s)
2026-06-24 18:35:58,331 - INFO - Test instance 0.2500, class 0.2500
Test instance 0.2500, class 0.2500
2026-06-24 18:35:58,331 - INFO - Best instance 0.2625, class 0.2625 (epoch 3)
Best instance 0.2625, class 0.2625 (epoch 3)
2026-06-24 18:35:58,349 - INFO - Epoch 175/200:
Epoch 175/200:
2026-06-24 18:36:01,059 - INFO - Train loss: 0.0139 (2.7s)
Train loss: 0.0139 (2.7s)
2026-06-24 18:36:01,325 - INFO - Test instance 0.2500, class 0.2500
Test instance 0.2500, class 0.2500
2026-06-24 18:36:01,325 - INFO - Best instance 0.2625, class 0.2625 (epoch 3)
Best instance 0.2625, class 0.2625 (epoch 3)
2026-06-24 18:36:01,345 - INFO - Epoch 176/200:
Epoch 176/200:
2026-06-24 18:36:04,107 - INFO - Train loss: 0.0143 (2.8s)
Train loss: 0.0143 (2.8s)
2026-06-24 18:36:04,366 - INFO - Test instance 0.2500, class 0.2500
Test instance 0.2500, class 0.2500
2026-06-24 18:36:04,367 - INFO - Best instance 0.2625, class 0.2625 (epoch 3)
Best instance 0.2625, class 0.2625 (epoch 3)
2026-06-24 18:36:04,386 - INFO - Epoch 177/200:
Epoch 177/200:
2026-06-24 18:36:07,094 - INFO - Train loss: 0.0136 (2.7s)
Train loss: 0.0136 (2.7s)
2026-06-24 18:36:07,351 - INFO - Test instance 0.2500, class 0.2500
Test instance 0.2500, class 0.2500
2026-06-24 18:36:07,351 - INFO - Best instance 0.2625, class 0.2625 (epoch 3)
Best instance 0.2625, class 0.2625 (epoch 3)
2026-06-24 18:36:07,369 - INFO - Epoch 178/200:
Epoch 178/200:
2026-06-24 18:36:10,042 - INFO - Train loss: 0.0133 (2.7s)
Train loss: 0.0133 (2.7s)
2026-06-24 18:36:10,289 - INFO - Test instance 0.2500, class 0.2500
Test instance 0.2500, class 0.2500
2026-06-24 18:36:10,289 - INFO - Best instance 0.2625, class 0.2625 (epoch 3)
Best instance 0.2625, class 0.2625 (epoch 3)
2026-06-24 18:36:10,306 - INFO - Epoch 179/200:
Epoch 179/200:
2026-06-24 18:36:13,676 - INFO - Train loss: 0.0137 (3.4s)
Train loss: 0.0137 (3.4s)
2026-06-24 18:36:13,998 - INFO - Test instance 0.2500, class 0.2500
Test instance 0.2500, class 0.2500
2026-06-24 18:36:13,998 - INFO - Best instance 0.2625, class 0.2625 (epoch 3)
Best instance 0.2625, class 0.2625 (epoch 3)
2026-06-24 18:36:14,018 - INFO - Epoch 180/200:
Epoch 180/200:
2026-06-24 18:36:17,388 - INFO - Train loss: 0.0130 (3.4s)
Train loss: 0.0130 (3.4s)
2026-06-24 18:36:17,713 - INFO - Test instance 0.2500, class 0.2500
Test instance 0.2500, class 0.2500
2026-06-24 18:36:17,714 - INFO - Best instance 0.2625, class 0.2625 (epoch 3)
Best instance 0.2625, class 0.2625 (epoch 3)
2026-06-24 18:36:17,733 - INFO - Epoch 181/200:
Epoch 181/200:
2026-06-24 18:36:21,088 - INFO - Train loss: 0.0139 (3.4s)
Train loss: 0.0139 (3.4s)
2026-06-24 18:36:21,349 - INFO - Test instance 0.2500, class 0.2500
Test instance 0.2500, class 0.2500
2026-06-24 18:36:21,349 - INFO - Best instance 0.2625, class 0.2625 (epoch 3)
Best instance 0.2625, class 0.2625 (epoch 3)
2026-06-24 18:36:21,368 - INFO - Epoch 182/200:
Epoch 182/200:
2026-06-24 18:36:24,047 - INFO - Train loss: 0.0117 (2.7s)
Train loss: 0.0117 (2.7s)
2026-06-24 18:36:24,306 - INFO - Test instance 0.2500, class 0.2500
Test instance 0.2500, class 0.2500
2026-06-24 18:36:24,306 - INFO - Best instance 0.2625, class 0.2625 (epoch 3)
Best instance 0.2625, class 0.2625 (epoch 3)
2026-06-24 18:36:24,324 - INFO - Epoch 183/200:
Epoch 183/200:
2026-06-24 18:36:27,047 - INFO - Train loss: 0.0130 (2.7s)
Train loss: 0.0130 (2.7s)
2026-06-24 18:36:27,303 - INFO - Test instance 0.2500, class 0.2500
Test instance 0.2500, class 0.2500
2026-06-24 18:36:27,303 - INFO - Best instance 0.2625, class 0.2625 (epoch 3)
Best instance 0.2625, class 0.2625 (epoch 3)
2026-06-24 18:36:27,320 - INFO - Epoch 184/200:
Epoch 184/200:
2026-06-24 18:36:30,002 - INFO - Train loss: 0.0122 (2.7s)
Train loss: 0.0122 (2.7s)
2026-06-24 18:36:30,259 - INFO - Test instance 0.2500, class 0.2500
Test instance 0.2500, class 0.2500
2026-06-24 18:36:30,259 - INFO - Best instance 0.2625, class 0.2625 (epoch 3)
Best instance 0.2625, class 0.2625 (epoch 3)
2026-06-24 18:36:30,278 - INFO - Epoch 185/200:
Epoch 185/200:
2026-06-24 18:36:33,655 - INFO - Train loss: 0.0129 (3.4s)
Train loss: 0.0129 (3.4s)
2026-06-24 18:36:33,919 - INFO - Test instance 0.2500, class 0.2500
Test instance 0.2500, class 0.2500
2026-06-24 18:36:33,920 - INFO - Best instance 0.2625, class 0.2625 (epoch 3)
Best instance 0.2625, class 0.2625 (epoch 3)
2026-06-24 18:36:33,938 - INFO - Epoch 186/200:
Epoch 186/200:
2026-06-24 18:36:36,611 - INFO - Train loss: 0.0131 (2.7s)
Train loss: 0.0131 (2.7s)
2026-06-24 18:36:36,864 - INFO - Test instance 0.2500, class 0.2500
Test instance 0.2500, class 0.2500
2026-06-24 18:36:36,864 - INFO - Best instance 0.2625, class 0.2625 (epoch 3)
Best instance 0.2625, class 0.2625 (epoch 3)
2026-06-24 18:36:36,881 - INFO - Epoch 187/200:
Epoch 187/200:
2026-06-24 18:36:39,563 - INFO - Train loss: 0.0133 (2.7s)
Train loss: 0.0133 (2.7s)
2026-06-24 18:36:39,818 - INFO - Test instance 0.2500, class 0.2500
Test instance 0.2500, class 0.2500
2026-06-24 18:36:39,819 - INFO - Best instance 0.2625, class 0.2625 (epoch 3)
Best instance 0.2625, class 0.2625 (epoch 3)
2026-06-24 18:36:39,836 - INFO - Epoch 188/200:
Epoch 188/200:
2026-06-24 18:36:42,545 - INFO - Train loss: 0.0125 (2.7s)
Train loss: 0.0125 (2.7s)
2026-06-24 18:36:42,801 - INFO - Test instance 0.2500, class 0.2500
Test instance 0.2500, class 0.2500
2026-06-24 18:36:42,801 - INFO - Best instance 0.2625, class 0.2625 (epoch 3)
Best instance 0.2625, class 0.2625 (epoch 3)
2026-06-24 18:36:42,819 - INFO - Epoch 189/200:
Epoch 189/200:
2026-06-24 18:36:46,187 - INFO - Train loss: 0.0131 (3.4s)
Train loss: 0.0131 (3.4s)
2026-06-24 18:36:46,449 - INFO - Test instance 0.2500, class 0.2500
Test instance 0.2500, class 0.2500
2026-06-24 18:36:46,450 - INFO - Best instance 0.2625, class 0.2625 (epoch 3)
Best instance 0.2625, class 0.2625 (epoch 3)
2026-06-24 18:36:46,467 - INFO - Epoch 190/200:
Epoch 190/200:
2026-06-24 18:36:49,126 - INFO - Train loss: 0.0119 (2.7s)
Train loss: 0.0119 (2.7s)
2026-06-24 18:36:49,375 - INFO - Test instance 0.2500, class 0.2500
Test instance 0.2500, class 0.2500
2026-06-24 18:36:49,376 - INFO - Best instance 0.2625, class 0.2625 (epoch 3)
Best instance 0.2625, class 0.2625 (epoch 3)
2026-06-24 18:36:49,394 - INFO - Epoch 191/200:
Epoch 191/200:
2026-06-24 18:36:52,082 - INFO - Train loss: 0.0121 (2.7s)
Train loss: 0.0121 (2.7s)
2026-06-24 18:36:52,333 - INFO - Test instance 0.2500, class 0.2500
Test instance 0.2500, class 0.2500
2026-06-24 18:36:52,333 - INFO - Best instance 0.2625, class 0.2625 (epoch 3)
Best instance 0.2625, class 0.2625 (epoch 3)
2026-06-24 18:36:52,351 - INFO - Epoch 192/200:
Epoch 192/200:
2026-06-24 18:36:55,054 - INFO - Train loss: 0.0137 (2.7s)
Train loss: 0.0137 (2.7s)
2026-06-24 18:36:55,305 - INFO - Test instance 0.2500, class 0.2500
Test instance 0.2500, class 0.2500
2026-06-24 18:36:55,305 - INFO - Best instance 0.2625, class 0.2625 (epoch 3)
Best instance 0.2625, class 0.2625 (epoch 3)
2026-06-24 18:36:55,322 - INFO - Epoch 193/200:
Epoch 193/200:
2026-06-24 18:36:58,012 - INFO - Train loss: 0.0121 (2.7s)
Train loss: 0.0121 (2.7s)
2026-06-24 18:36:58,270 - INFO - Test instance 0.2500, class 0.2500
Test instance 0.2500, class 0.2500
2026-06-24 18:36:58,270 - INFO - Best instance 0.2625, class 0.2625 (epoch 3)
Best instance 0.2625, class 0.2625 (epoch 3)
2026-06-24 18:36:58,288 - INFO - Epoch 194/200:
Epoch 194/200:
2026-06-24 18:37:00,945 - INFO - Train loss: 0.0112 (2.7s)
Train loss: 0.0112 (2.7s)
2026-06-24 18:37:01,193 - INFO - Test instance 0.2500, class 0.2500
Test instance 0.2500, class 0.2500
2026-06-24 18:37:01,194 - INFO - Best instance 0.2625, class 0.2625 (epoch 3)
Best instance 0.2625, class 0.2625 (epoch 3)
2026-06-24 18:37:01,211 - INFO - Epoch 195/200:
Epoch 195/200:
2026-06-24 18:37:03,953 - INFO - Train loss: 0.0130 (2.7s)
Train loss: 0.0130 (2.7s)
2026-06-24 18:37:04,214 - INFO - Test instance 0.2500, class 0.2500
Test instance 0.2500, class 0.2500
2026-06-24 18:37:04,214 - INFO - Best instance 0.2625, class 0.2625 (epoch 3)
Best instance 0.2625, class 0.2625 (epoch 3)
2026-06-24 18:37:04,232 - INFO - Epoch 196/200:
Epoch 196/200:
2026-06-24 18:37:06,919 - INFO - Train loss: 0.0113 (2.7s)
Train loss: 0.0113 (2.7s)
2026-06-24 18:37:07,170 - INFO - Test instance 0.2500, class 0.2500
Test instance 0.2500, class 0.2500
2026-06-24 18:37:07,170 - INFO - Best instance 0.2625, class 0.2625 (epoch 3)
Best instance 0.2625, class 0.2625 (epoch 3)
2026-06-24 18:37:07,188 - INFO - Epoch 197/200:
Epoch 197/200:
2026-06-24 18:37:09,869 - INFO - Train loss: 0.0114 (2.7s)
Train loss: 0.0114 (2.7s)
2026-06-24 18:37:10,125 - INFO - Test instance 0.2500, class 0.2500
Test instance 0.2500, class 0.2500
2026-06-24 18:37:10,126 - INFO - Best instance 0.2625, class 0.2625 (epoch 3)
Best instance 0.2625, class 0.2625 (epoch 3)
2026-06-24 18:37:10,143 - INFO - Epoch 198/200:
Epoch 198/200:
2026-06-24 18:37:12,823 - INFO - Train loss: 0.0120 (2.7s)
Train loss: 0.0120 (2.7s)
2026-06-24 18:37:13,079 - INFO - Test instance 0.2500, class 0.2500
Test instance 0.2500, class 0.2500
2026-06-24 18:37:13,079 - INFO - Best instance 0.2625, class 0.2625 (epoch 3)
Best instance 0.2625, class 0.2625 (epoch 3)
2026-06-24 18:37:13,098 - INFO - Epoch 199/200:
Epoch 199/200:
2026-06-24 18:37:15,797 - INFO - Train loss: 0.0122 (2.7s)
Train loss: 0.0122 (2.7s)
2026-06-24 18:37:16,061 - INFO - Test instance 0.2500, class 0.2500
Test instance 0.2500, class 0.2500
2026-06-24 18:37:16,064 - INFO - Best instance 0.2625, class 0.2625 (epoch 3)
Best instance 0.2625, class 0.2625 (epoch 3)
2026-06-24 18:37:16,082 - INFO - Epoch 200/200:
Epoch 200/200:
2026-06-24 18:37:18,754 - INFO - Train loss: 0.0116 (2.7s)
Train loss: 0.0116 (2.7s)
2026-06-24 18:37:19,015 - INFO - Test instance 0.2500, class 0.2500
Test instance 0.2500, class 0.2500
2026-06-24 18:37:19,015 - INFO - Best instance 0.2625, class 0.2625 (epoch 3)
Best instance 0.2625, class 0.2625 (epoch 3)
2026-06-24 18:37:39,763 - INFO - Student 1.42 MB, 61.18 ms
Student 1.42 MB, 61.18 ms
