[Thu Jun 25 07:37:37 EDT 2026] task 90 on GPU 0: python flkd/advanced_kd_train_classification.py --teacher_model pointnet2_cls_ssg --student_model small_pointnet2 --kd_strategy sp --dataset modelnet40 --seed 123 --batch_size 48 --epoch 200 --num_point 1024 --teacher_path "outputs/modelnet40/flkd/federated/classification/fl_pointnet2_cls_ssg_scaffold_s123/checkpoints/best_model.pth" --log_dir kd_pointnet2_cls_ssg_scaffold+sp_small_pointnet2_s123 --beta 0.5 --data_root data --output_root outputs --num_workers -1 --max_runtime_hours 166.0
The size of train data is 9843
The size of test data is 2468
Loaded teacher from outputs/modelnet40/flkd/federated/classification/fl_pointnet2_cls_ssg_scaffold_s123/checkpoints/best_model.pth
2026-06-25 07:37:41,131 - INFO - PARAMETER ...
2026-06-25 07:37:41,132 - INFO - {'use_cpu': False, 'no_amp': False, 'gpu': '0', 'num_workers': -1, 'batch_size': 48, 'teacher_model': 'pointnet2_cls_ssg', 'student_model': 'small_pointnet2', 'num_category': 40, 'dataset': 'modelnet40', 'data_root': 'data', 'output_root': 'outputs', 'train_split': 0.8, 'dataset_seed': 0, 'cache_dataset': True, 'min_class_samples': 1, 'epoch': 200, 'learning_rate': 0.001, 'num_point': 1024, 'optimizer': 'Adam', 'log_dir': 'kd_pointnet2_cls_ssg_scaffold+sp_small_pointnet2_s123', 'decay_rate': 0.0001, 'use_normals': False, 'process_data': False, 'use_uniform_sample': False, 'resume': True, 'kd_strategy': 'sp', 'alpha': 0.5, 'temperature': 2.0, 'beta': 0.5, 'dkd_alpha': 1.0, 'dkd_beta': 8.0, 'crd_temperature': 0.07, 'teacher_path': 'outputs/modelnet40/flkd/federated/classification/fl_pointnet2_cls_ssg_scaffold_s123/checkpoints/best_model.pth', 'teacher_paths': None, 'teacher_weights': None, 'use_hard_labels': 'on', 'unlabeled': False, 'temperature_sweep': None, 'seed': 123, 'max_runtime_hours': 166.0}
2026-06-25 07:37:41,132 - INFO - KD=sp student=small_pointnet2 AMP=False use_hard=True unlabeled=False T=2.0
KD=sp student=small_pointnet2 AMP=False use_hard=True unlabeled=False T=2.0
2026-06-25 07:37:47,858 - INFO - Epoch 1/200:
Epoch 1/200:
2026-06-25 07:39:52,076 - INFO - Train loss: 0.3098 (124.2s)
Train loss: 0.3098 (124.2s)
2026-06-25 07:40:20,511 - INFO - Test instance 0.4283, class 0.3293
Test instance 0.4283, class 0.3293
2026-06-25 07:40:20,534 - INFO - Best instance 0.4283, class 0.3293 (epoch 1)
Best instance 0.4283, class 0.3293 (epoch 1)
2026-06-25 07:40:20,553 - INFO - Epoch 2/200:
Epoch 2/200:
2026-06-25 07:42:07,921 - INFO - Train loss: 0.1654 (107.4s)
Train loss: 0.1654 (107.4s)
2026-06-25 07:42:35,710 - INFO - Test instance 0.4911, class 0.3781
Test instance 0.4911, class 0.3781
2026-06-25 07:42:35,732 - INFO - Best instance 0.4911, class 0.3781 (epoch 2)
Best instance 0.4911, class 0.3781 (epoch 2)
2026-06-25 07:42:35,750 - INFO - Epoch 3/200:
Epoch 3/200:
2026-06-25 07:44:23,087 - INFO - Train loss: 0.1408 (107.3s)
Train loss: 0.1408 (107.3s)
2026-06-25 07:44:50,167 - INFO - Test instance 0.5130, class 0.3994
Test instance 0.5130, class 0.3994
2026-06-25 07:44:50,186 - INFO - Best instance 0.5130, class 0.3994 (epoch 3)
Best instance 0.5130, class 0.3994 (epoch 3)
2026-06-25 07:44:50,203 - INFO - Epoch 4/200:
Epoch 4/200:
2026-06-25 07:46:37,661 - INFO - Train loss: 0.1299 (107.5s)
Train loss: 0.1299 (107.5s)
2026-06-25 07:47:04,685 - INFO - Test instance 0.5401, class 0.4084
Test instance 0.5401, class 0.4084
2026-06-25 07:47:04,703 - INFO - Best instance 0.5401, class 0.4084 (epoch 4)
Best instance 0.5401, class 0.4084 (epoch 4)
2026-06-25 07:47:04,721 - INFO - Epoch 5/200:
Epoch 5/200:
2026-06-25 07:48:53,809 - INFO - Train loss: 0.1274 (109.1s)
Train loss: 0.1274 (109.1s)
2026-06-25 07:49:21,208 - INFO - Test instance 0.5397, class 0.4128
Test instance 0.5397, class 0.4128
2026-06-25 07:49:21,209 - INFO - Best instance 0.5401, class 0.4084 (epoch 4)
Best instance 0.5401, class 0.4084 (epoch 4)
2026-06-25 07:49:21,229 - INFO - Epoch 6/200:
Epoch 6/200:
2026-06-25 07:51:07,818 - INFO - Train loss: 0.1222 (106.6s)
Train loss: 0.1222 (106.6s)
2026-06-25 07:51:34,473 - INFO - Test instance 0.5624, class 0.4397
Test instance 0.5624, class 0.4397
2026-06-25 07:51:34,494 - INFO - Best instance 0.5624, class 0.4397 (epoch 6)
Best instance 0.5624, class 0.4397 (epoch 6)
2026-06-25 07:51:34,515 - INFO - Epoch 7/200:
Epoch 7/200:
2026-06-25 07:53:22,025 - INFO - Train loss: 0.1176 (107.5s)
Train loss: 0.1176 (107.5s)
2026-06-25 07:53:48,835 - INFO - Test instance 0.5519, class 0.4343
Test instance 0.5519, class 0.4343
2026-06-25 07:53:48,835 - INFO - Best instance 0.5624, class 0.4397 (epoch 6)
Best instance 0.5624, class 0.4397 (epoch 6)
2026-06-25 07:53:48,857 - INFO - Epoch 8/200:
Epoch 8/200:
2026-06-25 07:55:35,831 - INFO - Train loss: 0.1141 (107.0s)
Train loss: 0.1141 (107.0s)
2026-06-25 07:56:02,505 - INFO - Test instance 0.5531, class 0.4321
Test instance 0.5531, class 0.4321
2026-06-25 07:56:02,506 - INFO - Best instance 0.5624, class 0.4397 (epoch 6)
Best instance 0.5624, class 0.4397 (epoch 6)
2026-06-25 07:56:02,524 - INFO - Epoch 9/200:
Epoch 9/200:
2026-06-25 07:57:47,568 - INFO - Train loss: 0.1146 (105.0s)
Train loss: 0.1146 (105.0s)
2026-06-25 07:58:14,534 - INFO - Test instance 0.5470, class 0.4317
Test instance 0.5470, class 0.4317
2026-06-25 07:58:14,535 - INFO - Best instance 0.5624, class 0.4397 (epoch 6)
Best instance 0.5624, class 0.4397 (epoch 6)
2026-06-25 07:58:14,558 - INFO - Epoch 10/200:
Epoch 10/200:
2026-06-25 08:00:00,256 - INFO - Train loss: 0.1129 (105.7s)
Train loss: 0.1129 (105.7s)
2026-06-25 08:00:26,959 - INFO - Test instance 0.5802, class 0.4539
Test instance 0.5802, class 0.4539
2026-06-25 08:00:26,989 - INFO - Best instance 0.5802, class 0.4539 (epoch 10)
Best instance 0.5802, class 0.4539 (epoch 10)
2026-06-25 08:00:27,005 - INFO - Epoch 11/200:
Epoch 11/200:
2026-06-25 08:02:12,172 - INFO - Train loss: 0.1121 (105.2s)
Train loss: 0.1121 (105.2s)
2026-06-25 08:02:38,788 - INFO - Test instance 0.5709, class 0.4486
Test instance 0.5709, class 0.4486
2026-06-25 08:02:38,788 - INFO - Best instance 0.5802, class 0.4539 (epoch 10)
Best instance 0.5802, class 0.4539 (epoch 10)
2026-06-25 08:02:38,810 - INFO - Epoch 12/200:
Epoch 12/200:
2026-06-25 08:04:23,355 - INFO - Train loss: 0.1112 (104.5s)
Train loss: 0.1112 (104.5s)
2026-06-25 08:04:50,047 - INFO - Test instance 0.5673, class 0.4336
Test instance 0.5673, class 0.4336
2026-06-25 08:04:50,048 - INFO - Best instance 0.5802, class 0.4539 (epoch 10)
Best instance 0.5802, class 0.4539 (epoch 10)
2026-06-25 08:04:50,068 - INFO - Epoch 13/200:
Epoch 13/200:
2026-06-25 08:06:35,549 - INFO - Train loss: 0.1108 (105.5s)
Train loss: 0.1108 (105.5s)
2026-06-25 08:07:02,424 - INFO - Test instance 0.5669, class 0.4395
Test instance 0.5669, class 0.4395
2026-06-25 08:07:02,425 - INFO - Best instance 0.5802, class 0.4539 (epoch 10)
Best instance 0.5802, class 0.4539 (epoch 10)
2026-06-25 08:07:02,445 - INFO - Epoch 14/200:
Epoch 14/200:
2026-06-25 08:08:49,286 - INFO - Train loss: 0.1103 (106.8s)
Train loss: 0.1103 (106.8s)
2026-06-25 08:09:16,193 - INFO - Test instance 0.5729, class 0.4396
Test instance 0.5729, class 0.4396
2026-06-25 08:09:16,195 - INFO - Best instance 0.5802, class 0.4539 (epoch 10)
Best instance 0.5802, class 0.4539 (epoch 10)
2026-06-25 08:09:16,214 - INFO - Epoch 15/200:
Epoch 15/200:
2026-06-25 08:11:00,605 - INFO - Train loss: 0.1087 (104.4s)
Train loss: 0.1087 (104.4s)
2026-06-25 08:11:27,277 - INFO - Test instance 0.5644, class 0.4362
Test instance 0.5644, class 0.4362
2026-06-25 08:11:27,278 - INFO - Best instance 0.5802, class 0.4539 (epoch 10)
Best instance 0.5802, class 0.4539 (epoch 10)
2026-06-25 08:11:27,298 - INFO - Epoch 16/200:
Epoch 16/200:
2026-06-25 08:13:11,827 - INFO - Train loss: 0.1096 (104.5s)
Train loss: 0.1096 (104.5s)
2026-06-25 08:13:39,242 - INFO - Test instance 0.5648, class 0.4389
Test instance 0.5648, class 0.4389
2026-06-25 08:13:39,244 - INFO - Best instance 0.5802, class 0.4539 (epoch 10)
Best instance 0.5802, class 0.4539 (epoch 10)
2026-06-25 08:13:39,266 - INFO - Epoch 17/200:
Epoch 17/200:
2026-06-25 08:15:23,114 - INFO - Train loss: 0.1100 (103.8s)
Train loss: 0.1100 (103.8s)
2026-06-25 08:15:50,286 - INFO - Test instance 0.5421, class 0.4175
Test instance 0.5421, class 0.4175
2026-06-25 08:15:50,288 - INFO - Best instance 0.5802, class 0.4539 (epoch 10)
Best instance 0.5802, class 0.4539 (epoch 10)
2026-06-25 08:15:50,311 - INFO - Epoch 18/200:
Epoch 18/200:
2026-06-25 08:17:34,434 - INFO - Train loss: 0.1076 (104.1s)
Train loss: 0.1076 (104.1s)
2026-06-25 08:18:00,448 - INFO - Test instance 0.5814, class 0.4518
Test instance 0.5814, class 0.4518
2026-06-25 08:18:00,466 - INFO - Best instance 0.5814, class 0.4518 (epoch 18)
Best instance 0.5814, class 0.4518 (epoch 18)
2026-06-25 08:18:00,483 - INFO - Epoch 19/200:
Epoch 19/200:
2026-06-25 08:19:44,766 - INFO - Train loss: 0.1077 (104.3s)
Train loss: 0.1077 (104.3s)
2026-06-25 08:20:10,265 - INFO - Test instance 0.5928, class 0.4725
Test instance 0.5928, class 0.4725
2026-06-25 08:20:10,283 - INFO - Best instance 0.5928, class 0.4725 (epoch 19)
Best instance 0.5928, class 0.4725 (epoch 19)
2026-06-25 08:20:10,300 - INFO - Epoch 20/200:
Epoch 20/200:
2026-06-25 08:21:54,549 - INFO - Train loss: 0.1085 (104.2s)
Train loss: 0.1085 (104.2s)
2026-06-25 08:22:20,099 - INFO - Test instance 0.5567, class 0.4233
Test instance 0.5567, class 0.4233
2026-06-25 08:22:20,100 - INFO - Best instance 0.5928, class 0.4725 (epoch 19)
Best instance 0.5928, class 0.4725 (epoch 19)
2026-06-25 08:22:20,119 - INFO - Epoch 21/200:
Epoch 21/200:
2026-06-25 08:24:04,115 - INFO - Train loss: 0.1031 (104.0s)
Train loss: 0.1031 (104.0s)
2026-06-25 08:24:29,521 - INFO - Test instance 0.5790, class 0.4545
Test instance 0.5790, class 0.4545
2026-06-25 08:24:29,521 - INFO - Best instance 0.5928, class 0.4725 (epoch 19)
Best instance 0.5928, class 0.4725 (epoch 19)
2026-06-25 08:24:29,542 - INFO - Epoch 22/200:
Epoch 22/200:
2026-06-25 08:26:14,874 - INFO - Train loss: 0.1036 (105.3s)
Train loss: 0.1036 (105.3s)
2026-06-25 08:26:40,377 - INFO - Test instance 0.5924, class 0.4672
Test instance 0.5924, class 0.4672
2026-06-25 08:26:40,378 - INFO - Best instance 0.5928, class 0.4725 (epoch 19)
Best instance 0.5928, class 0.4725 (epoch 19)
2026-06-25 08:26:40,398 - INFO - Epoch 23/200:
Epoch 23/200:
2026-06-25 08:28:24,626 - INFO - Train loss: 0.1014 (104.2s)
Train loss: 0.1014 (104.2s)
2026-06-25 08:28:49,955 - INFO - Test instance 0.5758, class 0.4510
Test instance 0.5758, class 0.4510
2026-06-25 08:28:49,955 - INFO - Best instance 0.5928, class 0.4725 (epoch 19)
Best instance 0.5928, class 0.4725 (epoch 19)
2026-06-25 08:28:49,975 - INFO - Epoch 24/200:
Epoch 24/200:
2026-06-25 08:30:34,861 - INFO - Train loss: 0.1031 (104.9s)
Train loss: 0.1031 (104.9s)
2026-06-25 08:31:00,560 - INFO - Test instance 0.5818, class 0.4500
Test instance 0.5818, class 0.4500
2026-06-25 08:31:00,561 - INFO - Best instance 0.5928, class 0.4725 (epoch 19)
Best instance 0.5928, class 0.4725 (epoch 19)
2026-06-25 08:31:00,580 - INFO - Epoch 25/200:
Epoch 25/200:
2026-06-25 08:32:45,360 - INFO - Train loss: 0.1019 (104.8s)
Train loss: 0.1019 (104.8s)
2026-06-25 08:33:10,860 - INFO - Test instance 0.5798, class 0.4527
Test instance 0.5798, class 0.4527
2026-06-25 08:33:10,861 - INFO - Best instance 0.5928, class 0.4725 (epoch 19)
Best instance 0.5928, class 0.4725 (epoch 19)
2026-06-25 08:33:10,881 - INFO - Epoch 26/200:
Epoch 26/200:
2026-06-25 08:34:55,854 - INFO - Train loss: 0.1020 (105.0s)
Train loss: 0.1020 (105.0s)
2026-06-25 08:35:21,673 - INFO - Test instance 0.5502, class 0.4227
Test instance 0.5502, class 0.4227
2026-06-25 08:35:21,674 - INFO - Best instance 0.5928, class 0.4725 (epoch 19)
Best instance 0.5928, class 0.4725 (epoch 19)
2026-06-25 08:35:21,693 - INFO - Epoch 27/200:
Epoch 27/200:
2026-06-25 08:37:05,326 - INFO - Train loss: 0.1019 (103.6s)
Train loss: 0.1019 (103.6s)
2026-06-25 08:37:30,629 - INFO - Test instance 0.5895, class 0.4598
Test instance 0.5895, class 0.4598
2026-06-25 08:37:30,630 - INFO - Best instance 0.5928, class 0.4725 (epoch 19)
Best instance 0.5928, class 0.4725 (epoch 19)
2026-06-25 08:37:30,653 - INFO - Epoch 28/200:
Epoch 28/200:
2026-06-25 08:39:16,093 - INFO - Train loss: 0.1033 (105.4s)
Train loss: 0.1033 (105.4s)
2026-06-25 08:39:41,548 - INFO - Test instance 0.5766, class 0.4557
Test instance 0.5766, class 0.4557
2026-06-25 08:39:41,550 - INFO - Best instance 0.5928, class 0.4725 (epoch 19)
Best instance 0.5928, class 0.4725 (epoch 19)
2026-06-25 08:39:41,571 - INFO - Epoch 29/200:
Epoch 29/200:
2026-06-25 08:41:26,474 - INFO - Train loss: 0.1022 (104.9s)
Train loss: 0.1022 (104.9s)
2026-06-25 08:41:51,935 - INFO - Test instance 0.5665, class 0.4425
Test instance 0.5665, class 0.4425
2026-06-25 08:41:51,935 - INFO - Best instance 0.5928, class 0.4725 (epoch 19)
Best instance 0.5928, class 0.4725 (epoch 19)
2026-06-25 08:41:51,959 - INFO - Epoch 30/200:
Epoch 30/200:
2026-06-25 08:43:36,927 - INFO - Train loss: 0.1030 (105.0s)
Train loss: 0.1030 (105.0s)
2026-06-25 08:44:02,382 - INFO - Test instance 0.5697, class 0.4413
Test instance 0.5697, class 0.4413
2026-06-25 08:44:02,383 - INFO - Best instance 0.5928, class 0.4725 (epoch 19)
Best instance 0.5928, class 0.4725 (epoch 19)
2026-06-25 08:44:02,433 - INFO - Epoch 31/200:
Epoch 31/200:
2026-06-25 08:45:47,266 - INFO - Train loss: 0.1017 (104.8s)
Train loss: 0.1017 (104.8s)
2026-06-25 08:46:12,697 - INFO - Test instance 0.5583, class 0.4333
Test instance 0.5583, class 0.4333
2026-06-25 08:46:12,698 - INFO - Best instance 0.5928, class 0.4725 (epoch 19)
Best instance 0.5928, class 0.4725 (epoch 19)
2026-06-25 08:46:12,717 - INFO - Epoch 32/200:
Epoch 32/200:
2026-06-25 08:47:57,336 - INFO - Train loss: 0.1029 (104.6s)
Train loss: 0.1029 (104.6s)
2026-06-25 08:48:23,409 - INFO - Test instance 0.5660, class 0.4351
Test instance 0.5660, class 0.4351
2026-06-25 08:48:23,409 - INFO - Best instance 0.5928, class 0.4725 (epoch 19)
Best instance 0.5928, class 0.4725 (epoch 19)
2026-06-25 08:48:23,428 - INFO - Epoch 33/200:
Epoch 33/200:
2026-06-25 08:50:08,568 - INFO - Train loss: 0.1027 (105.1s)
Train loss: 0.1027 (105.1s)
2026-06-25 08:50:33,894 - INFO - Test instance 0.5474, class 0.4185
Test instance 0.5474, class 0.4185
2026-06-25 08:50:33,894 - INFO - Best instance 0.5928, class 0.4725 (epoch 19)
Best instance 0.5928, class 0.4725 (epoch 19)
2026-06-25 08:50:33,914 - INFO - Epoch 34/200:
Epoch 34/200:
2026-06-25 08:52:20,110 - INFO - Train loss: 0.1012 (106.2s)
Train loss: 0.1012 (106.2s)
2026-06-25 08:52:45,661 - INFO - Test instance 0.5798, class 0.4604
Test instance 0.5798, class 0.4604
2026-06-25 08:52:45,662 - INFO - Best instance 0.5928, class 0.4725 (epoch 19)
Best instance 0.5928, class 0.4725 (epoch 19)
2026-06-25 08:52:45,684 - INFO - Epoch 35/200:
Epoch 35/200:
2026-06-25 08:54:29,726 - INFO - Train loss: 0.1010 (104.0s)
Train loss: 0.1010 (104.0s)
2026-06-25 08:54:54,978 - INFO - Test instance 0.5705, class 0.4455
Test instance 0.5705, class 0.4455
2026-06-25 08:54:54,979 - INFO - Best instance 0.5928, class 0.4725 (epoch 19)
Best instance 0.5928, class 0.4725 (epoch 19)
2026-06-25 08:54:54,997 - INFO - Epoch 36/200:
Epoch 36/200:
2026-06-25 08:56:40,720 - INFO - Train loss: 0.1012 (105.7s)
Train loss: 0.1012 (105.7s)
2026-06-25 08:57:06,249 - INFO - Test instance 0.5754, class 0.4450
Test instance 0.5754, class 0.4450
2026-06-25 08:57:06,250 - INFO - Best instance 0.5928, class 0.4725 (epoch 19)
Best instance 0.5928, class 0.4725 (epoch 19)
2026-06-25 08:57:06,269 - INFO - Epoch 37/200:
Epoch 37/200:
2026-06-25 08:58:50,659 - INFO - Train loss: 0.1027 (104.4s)
Train loss: 0.1027 (104.4s)
2026-06-25 08:59:16,535 - INFO - Test instance 0.5616, class 0.4376
Test instance 0.5616, class 0.4376
2026-06-25 08:59:16,536 - INFO - Best instance 0.5928, class 0.4725 (epoch 19)
Best instance 0.5928, class 0.4725 (epoch 19)
2026-06-25 08:59:16,558 - INFO - Epoch 38/200:
Epoch 38/200:
2026-06-25 09:01:01,937 - INFO - Train loss: 0.0997 (105.4s)
Train loss: 0.0997 (105.4s)
2026-06-25 09:01:27,096 - INFO - Test instance 0.6029, class 0.4661
Test instance 0.6029, class 0.4661
2026-06-25 09:01:27,115 - INFO - Best instance 0.6029, class 0.4661 (epoch 38)
Best instance 0.6029, class 0.4661 (epoch 38)
2026-06-25 09:01:27,134 - INFO - Epoch 39/200:
Epoch 39/200:
2026-06-25 09:03:12,211 - INFO - Train loss: 0.1016 (105.1s)
Train loss: 0.1016 (105.1s)
2026-06-25 09:03:38,352 - INFO - Test instance 0.5920, class 0.4628
Test instance 0.5920, class 0.4628
2026-06-25 09:03:38,353 - INFO - Best instance 0.6029, class 0.4661 (epoch 38)
Best instance 0.6029, class 0.4661 (epoch 38)
2026-06-25 09:03:38,373 - INFO - Epoch 40/200:
Epoch 40/200:
2026-06-25 09:05:21,982 - INFO - Train loss: 0.1007 (103.6s)
Train loss: 0.1007 (103.6s)
2026-06-25 09:05:47,445 - INFO - Test instance 0.5685, class 0.4430
Test instance 0.5685, class 0.4430
2026-06-25 09:05:47,445 - INFO - Best instance 0.6029, class 0.4661 (epoch 38)
Best instance 0.6029, class 0.4661 (epoch 38)
2026-06-25 09:05:47,465 - INFO - Epoch 41/200:
Epoch 41/200:
2026-06-25 09:07:31,923 - INFO - Train loss: 0.0971 (104.5s)
Train loss: 0.0971 (104.5s)
2026-06-25 09:07:57,150 - INFO - Test instance 0.5818, class 0.4510
Test instance 0.5818, class 0.4510
2026-06-25 09:07:57,150 - INFO - Best instance 0.6029, class 0.4661 (epoch 38)
Best instance 0.6029, class 0.4661 (epoch 38)
2026-06-25 09:07:57,169 - INFO - Epoch 42/200:
Epoch 42/200:
2026-06-25 09:09:41,238 - INFO - Train loss: 0.0972 (104.1s)
Train loss: 0.0972 (104.1s)
2026-06-25 09:10:06,543 - INFO - Test instance 0.5750, class 0.4647
Test instance 0.5750, class 0.4647
2026-06-25 09:10:06,544 - INFO - Best instance 0.6029, class 0.4661 (epoch 38)
Best instance 0.6029, class 0.4661 (epoch 38)
2026-06-25 09:10:06,562 - INFO - Epoch 43/200:
Epoch 43/200:
2026-06-25 09:11:51,920 - INFO - Train loss: 0.0972 (105.4s)
Train loss: 0.0972 (105.4s)
2026-06-25 09:12:17,362 - INFO - Test instance 0.5835, class 0.4535
Test instance 0.5835, class 0.4535
2026-06-25 09:12:17,363 - INFO - Best instance 0.6029, class 0.4661 (epoch 38)
Best instance 0.6029, class 0.4661 (epoch 38)
2026-06-25 09:12:17,382 - INFO - Epoch 44/200:
Epoch 44/200:
2026-06-25 09:14:03,026 - INFO - Train loss: 0.0994 (105.6s)
Train loss: 0.0994 (105.6s)
2026-06-25 09:14:28,304 - INFO - Test instance 0.5729, class 0.4502
Test instance 0.5729, class 0.4502
2026-06-25 09:14:28,305 - INFO - Best instance 0.6029, class 0.4661 (epoch 38)
Best instance 0.6029, class 0.4661 (epoch 38)
2026-06-25 09:14:28,332 - INFO - Epoch 45/200:
Epoch 45/200:
2026-06-25 09:16:14,003 - INFO - Train loss: 0.0972 (105.7s)
Train loss: 0.0972 (105.7s)
2026-06-25 09:16:39,181 - INFO - Test instance 0.5952, class 0.4587
Test instance 0.5952, class 0.4587
2026-06-25 09:16:39,182 - INFO - Best instance 0.6029, class 0.4661 (epoch 38)
Best instance 0.6029, class 0.4661 (epoch 38)
2026-06-25 09:16:39,201 - INFO - Epoch 46/200:
Epoch 46/200:
2026-06-25 09:18:24,469 - INFO - Train loss: 0.0960 (105.3s)
Train loss: 0.0960 (105.3s)
2026-06-25 09:18:49,965 - INFO - Test instance 0.6013, class 0.4704
Test instance 0.6013, class 0.4704
2026-06-25 09:18:49,966 - INFO - Best instance 0.6029, class 0.4661 (epoch 38)
Best instance 0.6029, class 0.4661 (epoch 38)
2026-06-25 09:18:49,988 - INFO - Epoch 47/200:
Epoch 47/200:
2026-06-25 09:20:34,876 - INFO - Train loss: 0.0981 (104.9s)
Train loss: 0.0981 (104.9s)
2026-06-25 09:21:00,261 - INFO - Test instance 0.5665, class 0.4423
Test instance 0.5665, class 0.4423
2026-06-25 09:21:00,262 - INFO - Best instance 0.6029, class 0.4661 (epoch 38)
Best instance 0.6029, class 0.4661 (epoch 38)
2026-06-25 09:21:00,281 - INFO - Epoch 48/200:
Epoch 48/200:
2026-06-25 09:22:45,643 - INFO - Train loss: 0.0956 (105.4s)
Train loss: 0.0956 (105.4s)
2026-06-25 09:23:11,348 - INFO - Test instance 0.6017, class 0.4680
Test instance 0.6017, class 0.4680
2026-06-25 09:23:11,349 - INFO - Best instance 0.6029, class 0.4661 (epoch 38)
Best instance 0.6029, class 0.4661 (epoch 38)
2026-06-25 09:23:11,368 - INFO - Epoch 49/200:
Epoch 49/200:
2026-06-25 09:24:55,456 - INFO - Train loss: 0.0966 (104.1s)
Train loss: 0.0966 (104.1s)
2026-06-25 09:25:20,827 - INFO - Test instance 0.5709, class 0.4471
Test instance 0.5709, class 0.4471
2026-06-25 09:25:20,828 - INFO - Best instance 0.6029, class 0.4661 (epoch 38)
Best instance 0.6029, class 0.4661 (epoch 38)
2026-06-25 09:25:20,847 - INFO - Epoch 50/200:
Epoch 50/200:
2026-06-25 09:27:05,391 - INFO - Train loss: 0.0979 (104.5s)
Train loss: 0.0979 (104.5s)
2026-06-25 09:27:30,853 - INFO - Test instance 0.5725, class 0.4534
Test instance 0.5725, class 0.4534
2026-06-25 09:27:30,854 - INFO - Best instance 0.6029, class 0.4661 (epoch 38)
Best instance 0.6029, class 0.4661 (epoch 38)
2026-06-25 09:27:30,875 - INFO - Epoch 51/200:
Epoch 51/200:
2026-06-25 09:29:15,786 - INFO - Train loss: 0.0982 (104.9s)
Train loss: 0.0982 (104.9s)
2026-06-25 09:29:41,095 - INFO - Test instance 0.5920, class 0.4663
Test instance 0.5920, class 0.4663
2026-06-25 09:29:41,096 - INFO - Best instance 0.6029, class 0.4661 (epoch 38)
Best instance 0.6029, class 0.4661 (epoch 38)
2026-06-25 09:29:41,114 - INFO - Epoch 52/200:
Epoch 52/200:
2026-06-25 09:31:25,026 - INFO - Train loss: 0.0964 (103.9s)
Train loss: 0.0964 (103.9s)
2026-06-25 09:31:50,542 - INFO - Test instance 0.5924, class 0.4659
Test instance 0.5924, class 0.4659
2026-06-25 09:31:50,543 - INFO - Best instance 0.6029, class 0.4661 (epoch 38)
Best instance 0.6029, class 0.4661 (epoch 38)
2026-06-25 09:31:50,562 - INFO - Epoch 53/200:
Epoch 53/200:
2026-06-25 09:33:35,694 - INFO - Train loss: 0.0966 (105.1s)
Train loss: 0.0966 (105.1s)
2026-06-25 09:34:01,072 - INFO - Test instance 0.5887, class 0.4666
Test instance 0.5887, class 0.4666
2026-06-25 09:34:01,072 - INFO - Best instance 0.6029, class 0.4661 (epoch 38)
Best instance 0.6029, class 0.4661 (epoch 38)
2026-06-25 09:34:01,093 - INFO - Epoch 54/200:
Epoch 54/200:
2026-06-25 09:35:46,830 - INFO - Train loss: 0.0960 (105.7s)
Train loss: 0.0960 (105.7s)
2026-06-25 09:36:12,235 - INFO - Test instance 0.5843, class 0.4644
Test instance 0.5843, class 0.4644
2026-06-25 09:36:12,235 - INFO - Best instance 0.6029, class 0.4661 (epoch 38)
Best instance 0.6029, class 0.4661 (epoch 38)
2026-06-25 09:36:12,255 - INFO - Epoch 55/200:
Epoch 55/200:
2026-06-25 09:37:58,096 - INFO - Train loss: 0.0965 (105.8s)
Train loss: 0.0965 (105.8s)
2026-06-25 09:38:23,678 - INFO - Test instance 0.5778, class 0.4416
Test instance 0.5778, class 0.4416
2026-06-25 09:38:23,679 - INFO - Best instance 0.6029, class 0.4661 (epoch 38)
Best instance 0.6029, class 0.4661 (epoch 38)
2026-06-25 09:38:23,699 - INFO - Epoch 56/200:
Epoch 56/200:
2026-06-25 09:40:09,131 - INFO - Train loss: 0.0970 (105.4s)
Train loss: 0.0970 (105.4s)
2026-06-25 09:40:34,833 - INFO - Test instance 0.5859, class 0.4526
Test instance 0.5859, class 0.4526
2026-06-25 09:40:34,834 - INFO - Best instance 0.6029, class 0.4661 (epoch 38)
Best instance 0.6029, class 0.4661 (epoch 38)
2026-06-25 09:40:34,853 - INFO - Epoch 57/200:
Epoch 57/200:
2026-06-25 09:42:20,316 - INFO - Train loss: 0.0953 (105.5s)
Train loss: 0.0953 (105.5s)
2026-06-25 09:42:45,664 - INFO - Test instance 0.5895, class 0.4726
Test instance 0.5895, class 0.4726
2026-06-25 09:42:45,665 - INFO - Best instance 0.6029, class 0.4661 (epoch 38)
Best instance 0.6029, class 0.4661 (epoch 38)
2026-06-25 09:42:45,684 - INFO - Epoch 58/200:
Epoch 58/200:
2026-06-25 09:44:30,218 - INFO - Train loss: 0.0969 (104.5s)
Train loss: 0.0969 (104.5s)
2026-06-25 09:44:55,659 - INFO - Test instance 0.5944, class 0.4647
Test instance 0.5944, class 0.4647
2026-06-25 09:44:55,660 - INFO - Best instance 0.6029, class 0.4661 (epoch 38)
Best instance 0.6029, class 0.4661 (epoch 38)
2026-06-25 09:44:55,682 - INFO - Epoch 59/200:
Epoch 59/200:
2026-06-25 09:46:40,333 - INFO - Train loss: 0.0982 (104.7s)
Train loss: 0.0982 (104.7s)
2026-06-25 09:47:06,049 - INFO - Test instance 0.6074, class 0.4701
Test instance 0.6074, class 0.4701
2026-06-25 09:47:06,068 - INFO - Best instance 0.6074, class 0.4701 (epoch 59)
Best instance 0.6074, class 0.4701 (epoch 59)
2026-06-25 09:47:06,084 - INFO - Epoch 60/200:
Epoch 60/200:
2026-06-25 09:48:49,520 - INFO - Train loss: 0.0966 (103.4s)
Train loss: 0.0966 (103.4s)
2026-06-25 09:49:15,180 - INFO - Test instance 0.5993, class 0.4650
Test instance 0.5993, class 0.4650
2026-06-25 09:49:15,181 - INFO - Best instance 0.6074, class 0.4701 (epoch 59)
Best instance 0.6074, class 0.4701 (epoch 59)
2026-06-25 09:49:15,200 - INFO - Epoch 61/200:
Epoch 61/200:
2026-06-25 09:50:59,756 - INFO - Train loss: 0.0947 (104.6s)
Train loss: 0.0947 (104.6s)
2026-06-25 09:51:25,106 - INFO - Test instance 0.5778, class 0.4525
Test instance 0.5778, class 0.4525
2026-06-25 09:51:25,107 - INFO - Best instance 0.6074, class 0.4701 (epoch 59)
Best instance 0.6074, class 0.4701 (epoch 59)
2026-06-25 09:51:25,127 - INFO - Epoch 62/200:
Epoch 62/200:
2026-06-25 09:53:08,613 - INFO - Train loss: 0.0937 (103.5s)
Train loss: 0.0937 (103.5s)
2026-06-25 09:53:33,860 - INFO - Test instance 0.5737, class 0.4459
Test instance 0.5737, class 0.4459
2026-06-25 09:53:33,861 - INFO - Best instance 0.6074, class 0.4701 (epoch 59)
Best instance 0.6074, class 0.4701 (epoch 59)
2026-06-25 09:53:33,881 - INFO - Epoch 63/200:
Epoch 63/200:
2026-06-25 09:55:18,203 - INFO - Train loss: 0.0948 (104.3s)
Train loss: 0.0948 (104.3s)
2026-06-25 09:55:43,467 - INFO - Test instance 0.5976, class 0.4650
Test instance 0.5976, class 0.4650
2026-06-25 09:55:43,468 - INFO - Best instance 0.6074, class 0.4701 (epoch 59)
Best instance 0.6074, class 0.4701 (epoch 59)
2026-06-25 09:55:43,487 - INFO - Epoch 64/200:
Epoch 64/200:
2026-06-25 09:57:28,896 - INFO - Train loss: 0.0937 (105.4s)
Train loss: 0.0937 (105.4s)
2026-06-25 09:57:54,400 - INFO - Test instance 0.5863, class 0.4549
Test instance 0.5863, class 0.4549
2026-06-25 09:57:54,400 - INFO - Best instance 0.6074, class 0.4701 (epoch 59)
Best instance 0.6074, class 0.4701 (epoch 59)
2026-06-25 09:57:54,420 - INFO - Epoch 65/200:
Epoch 65/200:
2026-06-25 09:59:39,832 - INFO - Train loss: 0.0933 (105.4s)
Train loss: 0.0933 (105.4s)
2026-06-25 10:00:05,285 - INFO - Test instance 0.5932, class 0.4669
Test instance 0.5932, class 0.4669
2026-06-25 10:00:05,286 - INFO - Best instance 0.6074, class 0.4701 (epoch 59)
Best instance 0.6074, class 0.4701 (epoch 59)
2026-06-25 10:00:05,305 - INFO - Epoch 66/200:
Epoch 66/200:
2026-06-25 10:01:50,425 - INFO - Train loss: 0.0932 (105.1s)
Train loss: 0.0932 (105.1s)
2026-06-25 10:02:15,887 - INFO - Test instance 0.5827, class 0.4621
Test instance 0.5827, class 0.4621
2026-06-25 10:02:15,888 - INFO - Best instance 0.6074, class 0.4701 (epoch 59)
Best instance 0.6074, class 0.4701 (epoch 59)
2026-06-25 10:02:15,908 - INFO - Epoch 67/200:
Epoch 67/200:
2026-06-25 10:04:00,795 - INFO - Train loss: 0.0939 (104.9s)
Train loss: 0.0939 (104.9s)
2026-06-25 10:04:26,228 - INFO - Test instance 0.5741, class 0.4537
Test instance 0.5741, class 0.4537
2026-06-25 10:04:26,229 - INFO - Best instance 0.6074, class 0.4701 (epoch 59)
Best instance 0.6074, class 0.4701 (epoch 59)
2026-06-25 10:04:26,250 - INFO - Epoch 68/200:
Epoch 68/200:
2026-06-25 10:06:11,726 - INFO - Train loss: 0.0933 (105.5s)
Train loss: 0.0933 (105.5s)
2026-06-25 10:06:37,068 - INFO - Test instance 0.5956, class 0.4660
Test instance 0.5956, class 0.4660
2026-06-25 10:06:37,069 - INFO - Best instance 0.6074, class 0.4701 (epoch 59)
Best instance 0.6074, class 0.4701 (epoch 59)
2026-06-25 10:06:37,089 - INFO - Epoch 69/200:
Epoch 69/200:
2026-06-25 10:08:21,420 - INFO - Train loss: 0.0929 (104.3s)
Train loss: 0.0929 (104.3s)
2026-06-25 10:08:46,753 - INFO - Test instance 0.5940, class 0.4773
Test instance 0.5940, class 0.4773
2026-06-25 10:08:46,754 - INFO - Best instance 0.6074, class 0.4701 (epoch 59)
Best instance 0.6074, class 0.4701 (epoch 59)
2026-06-25 10:08:46,775 - INFO - Epoch 70/200:
Epoch 70/200:
2026-06-25 10:10:31,152 - INFO - Train loss: 0.0938 (104.4s)
Train loss: 0.0938 (104.4s)
2026-06-25 10:10:56,838 - INFO - Test instance 0.5940, class 0.4649
Test instance 0.5940, class 0.4649
2026-06-25 10:10:56,839 - INFO - Best instance 0.6074, class 0.4701 (epoch 59)
Best instance 0.6074, class 0.4701 (epoch 59)
2026-06-25 10:10:56,859 - INFO - Epoch 71/200:
Epoch 71/200:
2026-06-25 10:12:41,802 - INFO - Train loss: 0.0932 (104.9s)
Train loss: 0.0932 (104.9s)
2026-06-25 10:13:07,833 - INFO - Test instance 0.5940, class 0.4657
Test instance 0.5940, class 0.4657
2026-06-25 10:13:07,833 - INFO - Best instance 0.6074, class 0.4701 (epoch 59)
Best instance 0.6074, class 0.4701 (epoch 59)
2026-06-25 10:13:07,879 - INFO - Epoch 72/200:
Epoch 72/200:
2026-06-25 10:14:53,070 - INFO - Train loss: 0.0917 (105.2s)
Train loss: 0.0917 (105.2s)
2026-06-25 10:15:18,785 - INFO - Test instance 0.5701, class 0.4410
Test instance 0.5701, class 0.4410
2026-06-25 10:15:18,786 - INFO - Best instance 0.6074, class 0.4701 (epoch 59)
Best instance 0.6074, class 0.4701 (epoch 59)
2026-06-25 10:15:18,804 - INFO - Epoch 73/200:
Epoch 73/200:
2026-06-25 10:17:03,537 - INFO - Train loss: 0.0923 (104.7s)
Train loss: 0.0923 (104.7s)
2026-06-25 10:17:28,918 - INFO - Test instance 0.6130, class 0.4817
Test instance 0.6130, class 0.4817
2026-06-25 10:17:28,937 - INFO - Best instance 0.6130, class 0.4817 (epoch 73)
Best instance 0.6130, class 0.4817 (epoch 73)
2026-06-25 10:17:28,955 - INFO - Epoch 74/200:
Epoch 74/200:
2026-06-25 10:19:13,460 - INFO - Train loss: 0.0923 (104.5s)
Train loss: 0.0923 (104.5s)
2026-06-25 10:19:39,622 - INFO - Test instance 0.6106, class 0.4928
Test instance 0.6106, class 0.4928
2026-06-25 10:19:39,623 - INFO - Best instance 0.6130, class 0.4817 (epoch 73)
Best instance 0.6130, class 0.4817 (epoch 73)
2026-06-25 10:19:39,643 - INFO - Epoch 75/200:
Epoch 75/200:
2026-06-25 10:21:23,803 - INFO - Train loss: 0.0940 (104.2s)
Train loss: 0.0940 (104.2s)
2026-06-25 10:21:48,859 - INFO - Test instance 0.6029, class 0.4773
Test instance 0.6029, class 0.4773
2026-06-25 10:21:48,860 - INFO - Best instance 0.6130, class 0.4817 (epoch 73)
Best instance 0.6130, class 0.4817 (epoch 73)
2026-06-25 10:21:48,879 - INFO - Epoch 76/200:
Epoch 76/200:
2026-06-25 10:23:34,111 - INFO - Train loss: 0.0934 (105.2s)
Train loss: 0.0934 (105.2s)
2026-06-25 10:23:59,467 - INFO - Test instance 0.5964, class 0.4654
Test instance 0.5964, class 0.4654
2026-06-25 10:23:59,469 - INFO - Best instance 0.6130, class 0.4817 (epoch 73)
Best instance 0.6130, class 0.4817 (epoch 73)
2026-06-25 10:23:59,492 - INFO - Epoch 77/200:
Epoch 77/200:
2026-06-25 10:25:43,696 - INFO - Train loss: 0.0913 (104.2s)
Train loss: 0.0913 (104.2s)
2026-06-25 10:26:09,265 - INFO - Test instance 0.5952, class 0.4649
Test instance 0.5952, class 0.4649
2026-06-25 10:26:09,265 - INFO - Best instance 0.6130, class 0.4817 (epoch 73)
Best instance 0.6130, class 0.4817 (epoch 73)
2026-06-25 10:26:09,285 - INFO - Epoch 78/200:
Epoch 78/200:
2026-06-25 10:27:53,870 - INFO - Train loss: 0.0923 (104.6s)
Train loss: 0.0923 (104.6s)
2026-06-25 10:28:19,608 - INFO - Test instance 0.5904, class 0.4665
Test instance 0.5904, class 0.4665
2026-06-25 10:28:19,609 - INFO - Best instance 0.6130, class 0.4817 (epoch 73)
Best instance 0.6130, class 0.4817 (epoch 73)
2026-06-25 10:28:19,632 - INFO - Epoch 79/200:
Epoch 79/200:
2026-06-25 10:30:03,851 - INFO - Train loss: 0.0931 (104.2s)
Train loss: 0.0931 (104.2s)
2026-06-25 10:30:29,257 - INFO - Test instance 0.5997, class 0.4780
Test instance 0.5997, class 0.4780
2026-06-25 10:30:29,257 - INFO - Best instance 0.6130, class 0.4817 (epoch 73)
Best instance 0.6130, class 0.4817 (epoch 73)
2026-06-25 10:30:29,277 - INFO - Epoch 80/200:
Epoch 80/200:
2026-06-25 10:32:13,094 - INFO - Train loss: 0.0920 (103.8s)
Train loss: 0.0920 (103.8s)
2026-06-25 10:32:38,593 - INFO - Test instance 0.6005, class 0.4723
Test instance 0.6005, class 0.4723
2026-06-25 10:32:38,593 - INFO - Best instance 0.6130, class 0.4817 (epoch 73)
Best instance 0.6130, class 0.4817 (epoch 73)
2026-06-25 10:32:38,613 - INFO - Epoch 81/200:
Epoch 81/200:
2026-06-25 10:34:22,525 - INFO - Train loss: 0.0927 (103.9s)
Train loss: 0.0927 (103.9s)
2026-06-25 10:34:47,745 - INFO - Test instance 0.6049, class 0.4783
Test instance 0.6049, class 0.4783
2026-06-25 10:34:47,746 - INFO - Best instance 0.6130, class 0.4817 (epoch 73)
Best instance 0.6130, class 0.4817 (epoch 73)
2026-06-25 10:34:47,766 - INFO - Epoch 82/200:
Epoch 82/200:
2026-06-25 10:36:32,247 - INFO - Train loss: 0.0912 (104.5s)
Train loss: 0.0912 (104.5s)
2026-06-25 10:36:57,748 - INFO - Test instance 0.6264, class 0.5039
Test instance 0.6264, class 0.5039
2026-06-25 10:36:57,769 - INFO - Best instance 0.6264, class 0.5039 (epoch 82)
Best instance 0.6264, class 0.5039 (epoch 82)
2026-06-25 10:36:57,785 - INFO - Epoch 83/200:
Epoch 83/200:
2026-06-25 10:38:42,872 - INFO - Train loss: 0.0912 (105.1s)
Train loss: 0.0912 (105.1s)
2026-06-25 10:39:08,322 - INFO - Test instance 0.6062, class 0.4754
Test instance 0.6062, class 0.4754
2026-06-25 10:39:08,323 - INFO - Best instance 0.6264, class 0.5039 (epoch 82)
Best instance 0.6264, class 0.5039 (epoch 82)
2026-06-25 10:39:08,342 - INFO - Epoch 84/200:
Epoch 84/200:
2026-06-25 10:40:52,230 - INFO - Train loss: 0.0918 (103.9s)
Train loss: 0.0918 (103.9s)
2026-06-25 10:41:17,892 - INFO - Test instance 0.6045, class 0.4751
Test instance 0.6045, class 0.4751
2026-06-25 10:41:17,893 - INFO - Best instance 0.6264, class 0.5039 (epoch 82)
Best instance 0.6264, class 0.5039 (epoch 82)
2026-06-25 10:41:17,913 - INFO - Epoch 85/200:
Epoch 85/200:
2026-06-25 10:43:02,341 - INFO - Train loss: 0.0906 (104.4s)
Train loss: 0.0906 (104.4s)
2026-06-25 10:43:27,539 - INFO - Test instance 0.6025, class 0.4789
Test instance 0.6025, class 0.4789
2026-06-25 10:43:27,540 - INFO - Best instance 0.6264, class 0.5039 (epoch 82)
Best instance 0.6264, class 0.5039 (epoch 82)
2026-06-25 10:43:27,559 - INFO - Epoch 86/200:
Epoch 86/200:
2026-06-25 10:45:12,138 - INFO - Train loss: 0.0898 (104.6s)
Train loss: 0.0898 (104.6s)
2026-06-25 10:45:37,333 - INFO - Test instance 0.5883, class 0.4688
Test instance 0.5883, class 0.4688
2026-06-25 10:45:37,334 - INFO - Best instance 0.6264, class 0.5039 (epoch 82)
Best instance 0.6264, class 0.5039 (epoch 82)
2026-06-25 10:45:37,354 - INFO - Epoch 87/200:
Epoch 87/200:
2026-06-25 10:47:21,997 - INFO - Train loss: 0.0900 (104.6s)
Train loss: 0.0900 (104.6s)
2026-06-25 10:47:47,094 - INFO - Test instance 0.5928, class 0.4688
Test instance 0.5928, class 0.4688
2026-06-25 10:47:47,094 - INFO - Best instance 0.6264, class 0.5039 (epoch 82)
Best instance 0.6264, class 0.5039 (epoch 82)
2026-06-25 10:47:47,113 - INFO - Epoch 88/200:
Epoch 88/200:
2026-06-25 10:49:31,484 - INFO - Train loss: 0.0908 (104.4s)
Train loss: 0.0908 (104.4s)
2026-06-25 10:49:56,694 - INFO - Test instance 0.6118, class 0.4824
Test instance 0.6118, class 0.4824
2026-06-25 10:49:56,694 - INFO - Best instance 0.6264, class 0.5039 (epoch 82)
Best instance 0.6264, class 0.5039 (epoch 82)
2026-06-25 10:49:56,713 - INFO - Epoch 89/200:
Epoch 89/200:
2026-06-25 10:51:40,546 - INFO - Train loss: 0.0902 (103.8s)
Train loss: 0.0902 (103.8s)
2026-06-25 10:52:05,818 - INFO - Test instance 0.5997, class 0.4719
Test instance 0.5997, class 0.4719
2026-06-25 10:52:05,818 - INFO - Best instance 0.6264, class 0.5039 (epoch 82)
Best instance 0.6264, class 0.5039 (epoch 82)
2026-06-25 10:52:05,837 - INFO - Epoch 90/200:
Epoch 90/200:
2026-06-25 10:53:49,951 - INFO - Train loss: 0.0906 (104.1s)
Train loss: 0.0906 (104.1s)
2026-06-25 10:54:15,422 - INFO - Test instance 0.5912, class 0.4710
Test instance 0.5912, class 0.4710
2026-06-25 10:54:15,423 - INFO - Best instance 0.6264, class 0.5039 (epoch 82)
Best instance 0.6264, class 0.5039 (epoch 82)
2026-06-25 10:54:15,442 - INFO - Epoch 91/200:
Epoch 91/200:
2026-06-25 10:56:00,454 - INFO - Train loss: 0.0911 (105.0s)
Train loss: 0.0911 (105.0s)
2026-06-25 10:56:25,771 - INFO - Test instance 0.5956, class 0.4700
Test instance 0.5956, class 0.4700
2026-06-25 10:56:25,772 - INFO - Best instance 0.6264, class 0.5039 (epoch 82)
Best instance 0.6264, class 0.5039 (epoch 82)
2026-06-25 10:56:25,792 - INFO - Epoch 92/200:
Epoch 92/200:
2026-06-25 10:58:11,611 - INFO - Train loss: 0.0900 (105.8s)
Train loss: 0.0900 (105.8s)
2026-06-25 10:58:37,165 - INFO - Test instance 0.6033, class 0.4701
Test instance 0.6033, class 0.4701
2026-06-25 10:58:37,165 - INFO - Best instance 0.6264, class 0.5039 (epoch 82)
Best instance 0.6264, class 0.5039 (epoch 82)
2026-06-25 10:58:37,185 - INFO - Epoch 93/200:
Epoch 93/200:
2026-06-25 11:00:22,357 - INFO - Train loss: 0.0897 (105.2s)
Train loss: 0.0897 (105.2s)
2026-06-25 11:00:47,630 - INFO - Test instance 0.6135, class 0.4871
Test instance 0.6135, class 0.4871
2026-06-25 11:00:47,631 - INFO - Best instance 0.6264, class 0.5039 (epoch 82)
Best instance 0.6264, class 0.5039 (epoch 82)
2026-06-25 11:00:47,651 - INFO - Epoch 94/200:
Epoch 94/200:
2026-06-25 11:02:32,979 - INFO - Train loss: 0.0911 (105.3s)
Train loss: 0.0911 (105.3s)
2026-06-25 11:02:58,264 - INFO - Test instance 0.5997, class 0.4757
Test instance 0.5997, class 0.4757
2026-06-25 11:02:58,264 - INFO - Best instance 0.6264, class 0.5039 (epoch 82)
Best instance 0.6264, class 0.5039 (epoch 82)
2026-06-25 11:02:58,283 - INFO - Epoch 95/200:
Epoch 95/200:
2026-06-25 11:04:43,415 - INFO - Train loss: 0.0907 (105.1s)
Train loss: 0.0907 (105.1s)
2026-06-25 11:05:08,954 - INFO - Test instance 0.6066, class 0.4827
Test instance 0.6066, class 0.4827
2026-06-25 11:05:08,955 - INFO - Best instance 0.6264, class 0.5039 (epoch 82)
Best instance 0.6264, class 0.5039 (epoch 82)
2026-06-25 11:05:08,974 - INFO - Epoch 96/200:
Epoch 96/200:
2026-06-25 11:06:54,707 - INFO - Train loss: 0.0900 (105.7s)
Train loss: 0.0900 (105.7s)
2026-06-25 11:07:20,053 - INFO - Test instance 0.5972, class 0.4687
Test instance 0.5972, class 0.4687
2026-06-25 11:07:20,053 - INFO - Best instance 0.6264, class 0.5039 (epoch 82)
Best instance 0.6264, class 0.5039 (epoch 82)
2026-06-25 11:07:20,076 - INFO - Epoch 97/200:
Epoch 97/200:
2026-06-25 11:09:05,559 - INFO - Train loss: 0.0906 (105.5s)
Train loss: 0.0906 (105.5s)
2026-06-25 11:09:30,946 - INFO - Test instance 0.5985, class 0.4702
Test instance 0.5985, class 0.4702
2026-06-25 11:09:30,947 - INFO - Best instance 0.6264, class 0.5039 (epoch 82)
Best instance 0.6264, class 0.5039 (epoch 82)
2026-06-25 11:09:30,965 - INFO - Epoch 98/200:
Epoch 98/200:
2026-06-25 11:11:17,894 - INFO - Train loss: 0.0913 (106.9s)
Train loss: 0.0913 (106.9s)
2026-06-25 11:11:43,291 - INFO - Test instance 0.6017, class 0.4696
Test instance 0.6017, class 0.4696
2026-06-25 11:11:43,291 - INFO - Best instance 0.6264, class 0.5039 (epoch 82)
Best instance 0.6264, class 0.5039 (epoch 82)
2026-06-25 11:11:43,311 - INFO - Epoch 99/200:
Epoch 99/200:
2026-06-25 11:13:29,267 - INFO - Train loss: 0.0906 (106.0s)
Train loss: 0.0906 (106.0s)
2026-06-25 11:13:54,416 - INFO - Test instance 0.5879, class 0.4676
Test instance 0.5879, class 0.4676
2026-06-25 11:13:54,417 - INFO - Best instance 0.6264, class 0.5039 (epoch 82)
Best instance 0.6264, class 0.5039 (epoch 82)
2026-06-25 11:13:54,436 - INFO - Epoch 100/200:
Epoch 100/200:
2026-06-25 11:15:38,488 - INFO - Train loss: 0.0902 (104.1s)
Train loss: 0.0902 (104.1s)
2026-06-25 11:16:03,793 - INFO - Test instance 0.6171, class 0.4802
Test instance 0.6171, class 0.4802
2026-06-25 11:16:03,794 - INFO - Best instance 0.6264, class 0.5039 (epoch 82)
Best instance 0.6264, class 0.5039 (epoch 82)
2026-06-25 11:16:03,813 - INFO - Epoch 101/200:
Epoch 101/200:
2026-06-25 11:17:47,382 - INFO - Train loss: 0.0898 (103.6s)
Train loss: 0.0898 (103.6s)
2026-06-25 11:18:12,804 - INFO - Test instance 0.5891, class 0.4620
Test instance 0.5891, class 0.4620
2026-06-25 11:18:12,806 - INFO - Best instance 0.6264, class 0.5039 (epoch 82)
Best instance 0.6264, class 0.5039 (epoch 82)
2026-06-25 11:18:12,827 - INFO - Epoch 102/200:
Epoch 102/200:
2026-06-25 11:19:57,468 - INFO - Train loss: 0.0872 (104.6s)
Train loss: 0.0872 (104.6s)
2026-06-25 11:20:23,276 - INFO - Test instance 0.6179, class 0.4881
Test instance 0.6179, class 0.4881
2026-06-25 11:20:23,277 - INFO - Best instance 0.6264, class 0.5039 (epoch 82)
Best instance 0.6264, class 0.5039 (epoch 82)
2026-06-25 11:20:23,303 - INFO - Epoch 103/200:
Epoch 103/200:
2026-06-25 11:22:08,681 - INFO - Train loss: 0.0884 (105.4s)
Train loss: 0.0884 (105.4s)
2026-06-25 11:22:33,833 - INFO - Test instance 0.6228, class 0.4939
Test instance 0.6228, class 0.4939
2026-06-25 11:22:33,833 - INFO - Best instance 0.6264, class 0.5039 (epoch 82)
Best instance 0.6264, class 0.5039 (epoch 82)
2026-06-25 11:22:33,852 - INFO - Epoch 104/200:
Epoch 104/200:
2026-06-25 11:24:19,417 - INFO - Train loss: 0.0885 (105.6s)
Train loss: 0.0885 (105.6s)
2026-06-25 11:24:44,536 - INFO - Test instance 0.6037, class 0.4765
Test instance 0.6037, class 0.4765
2026-06-25 11:24:44,537 - INFO - Best instance 0.6264, class 0.5039 (epoch 82)
Best instance 0.6264, class 0.5039 (epoch 82)
2026-06-25 11:24:44,556 - INFO - Epoch 105/200:
Epoch 105/200:
2026-06-25 11:26:30,293 - INFO - Train loss: 0.0882 (105.7s)
Train loss: 0.0882 (105.7s)
2026-06-25 11:26:55,610 - INFO - Test instance 0.6074, class 0.4862
Test instance 0.6074, class 0.4862
2026-06-25 11:26:55,611 - INFO - Best instance 0.6264, class 0.5039 (epoch 82)
Best instance 0.6264, class 0.5039 (epoch 82)
2026-06-25 11:26:55,632 - INFO - Epoch 106/200:
Epoch 106/200:
2026-06-25 11:28:40,936 - INFO - Train loss: 0.0878 (105.3s)
Train loss: 0.0878 (105.3s)
2026-06-25 11:29:06,490 - INFO - Test instance 0.5989, class 0.4689
Test instance 0.5989, class 0.4689
2026-06-25 11:29:06,490 - INFO - Best instance 0.6264, class 0.5039 (epoch 82)
Best instance 0.6264, class 0.5039 (epoch 82)
2026-06-25 11:29:06,509 - INFO - Epoch 107/200:
Epoch 107/200:
2026-06-25 11:30:52,086 - INFO - Train loss: 0.0891 (105.6s)
Train loss: 0.0891 (105.6s)
2026-06-25 11:31:17,595 - INFO - Test instance 0.6009, class 0.4722
Test instance 0.6009, class 0.4722
2026-06-25 11:31:17,596 - INFO - Best instance 0.6264, class 0.5039 (epoch 82)
Best instance 0.6264, class 0.5039 (epoch 82)
2026-06-25 11:31:17,615 - INFO - Epoch 108/200:
Epoch 108/200:
2026-06-25 11:33:02,632 - INFO - Train loss: 0.0878 (105.0s)
Train loss: 0.0878 (105.0s)
2026-06-25 11:33:27,893 - INFO - Test instance 0.6021, class 0.4766
Test instance 0.6021, class 0.4766
2026-06-25 11:33:27,894 - INFO - Best instance 0.6264, class 0.5039 (epoch 82)
Best instance 0.6264, class 0.5039 (epoch 82)
2026-06-25 11:33:27,954 - INFO - Epoch 109/200:
Epoch 109/200:
2026-06-25 11:35:13,559 - INFO - Train loss: 0.0879 (105.6s)
Train loss: 0.0879 (105.6s)
2026-06-25 11:35:38,575 - INFO - Test instance 0.5944, class 0.4715
Test instance 0.5944, class 0.4715
2026-06-25 11:35:38,576 - INFO - Best instance 0.6264, class 0.5039 (epoch 82)
Best instance 0.6264, class 0.5039 (epoch 82)
2026-06-25 11:35:38,595 - INFO - Epoch 110/200:
Epoch 110/200:
2026-06-25 11:37:24,624 - INFO - Train loss: 0.0888 (106.0s)
Train loss: 0.0888 (106.0s)
2026-06-25 11:37:49,682 - INFO - Test instance 0.6025, class 0.4692
Test instance 0.6025, class 0.4692
2026-06-25 11:37:49,683 - INFO - Best instance 0.6264, class 0.5039 (epoch 82)
Best instance 0.6264, class 0.5039 (epoch 82)
2026-06-25 11:37:49,701 - INFO - Epoch 111/200:
Epoch 111/200:
2026-06-25 11:39:35,795 - INFO - Train loss: 0.0879 (106.1s)
Train loss: 0.0879 (106.1s)
2026-06-25 11:40:01,131 - INFO - Test instance 0.5981, class 0.4663
Test instance 0.5981, class 0.4663
2026-06-25 11:40:01,132 - INFO - Best instance 0.6264, class 0.5039 (epoch 82)
Best instance 0.6264, class 0.5039 (epoch 82)
2026-06-25 11:40:01,154 - INFO - Epoch 112/200:
Epoch 112/200:
2026-06-25 11:41:46,599 - INFO - Train loss: 0.0883 (105.4s)
Train loss: 0.0883 (105.4s)
2026-06-25 11:42:12,027 - INFO - Test instance 0.5916, class 0.4747
Test instance 0.5916, class 0.4747
2026-06-25 11:42:12,027 - INFO - Best instance 0.6264, class 0.5039 (epoch 82)
Best instance 0.6264, class 0.5039 (epoch 82)
2026-06-25 11:42:12,049 - INFO - Epoch 113/200:
Epoch 113/200:
2026-06-25 11:43:57,509 - INFO - Train loss: 0.0894 (105.5s)
Train loss: 0.0894 (105.5s)
2026-06-25 11:44:23,269 - INFO - Test instance 0.6001, class 0.4735
Test instance 0.6001, class 0.4735
2026-06-25 11:44:23,270 - INFO - Best instance 0.6264, class 0.5039 (epoch 82)
Best instance 0.6264, class 0.5039 (epoch 82)
2026-06-25 11:44:23,289 - INFO - Epoch 114/200:
Epoch 114/200:
2026-06-25 11:46:10,164 - INFO - Train loss: 0.0890 (106.9s)
Train loss: 0.0890 (106.9s)
2026-06-25 11:46:35,636 - INFO - Test instance 0.6041, class 0.4791
Test instance 0.6041, class 0.4791
2026-06-25 11:46:35,636 - INFO - Best instance 0.6264, class 0.5039 (epoch 82)
Best instance 0.6264, class 0.5039 (epoch 82)
2026-06-25 11:46:35,656 - INFO - Epoch 115/200:
Epoch 115/200:
2026-06-25 11:48:23,215 - INFO - Train loss: 0.0866 (107.6s)
Train loss: 0.0866 (107.6s)
2026-06-25 11:48:48,347 - INFO - Test instance 0.6045, class 0.4802
Test instance 0.6045, class 0.4802
2026-06-25 11:48:48,348 - INFO - Best instance 0.6264, class 0.5039 (epoch 82)
Best instance 0.6264, class 0.5039 (epoch 82)
2026-06-25 11:48:48,368 - INFO - Epoch 116/200:
Epoch 116/200:
2026-06-25 11:50:35,389 - INFO - Train loss: 0.0871 (107.0s)
Train loss: 0.0871 (107.0s)
2026-06-25 11:51:00,566 - INFO - Test instance 0.6058, class 0.4820
Test instance 0.6058, class 0.4820
2026-06-25 11:51:00,567 - INFO - Best instance 0.6264, class 0.5039 (epoch 82)
Best instance 0.6264, class 0.5039 (epoch 82)
2026-06-25 11:51:00,586 - INFO - Epoch 117/200:
Epoch 117/200:
2026-06-25 11:52:47,538 - INFO - Train loss: 0.0867 (107.0s)
Train loss: 0.0867 (107.0s)
2026-06-25 11:53:12,842 - INFO - Test instance 0.6025, class 0.4761
Test instance 0.6025, class 0.4761
2026-06-25 11:53:12,844 - INFO - Best instance 0.6264, class 0.5039 (epoch 82)
Best instance 0.6264, class 0.5039 (epoch 82)
2026-06-25 11:53:12,872 - INFO - Epoch 118/200:
Epoch 118/200:
2026-06-25 11:54:58,889 - INFO - Train loss: 0.0886 (106.0s)
Train loss: 0.0886 (106.0s)
2026-06-25 11:55:24,570 - INFO - Test instance 0.6094, class 0.4878
Test instance 0.6094, class 0.4878
2026-06-25 11:55:24,571 - INFO - Best instance 0.6264, class 0.5039 (epoch 82)
Best instance 0.6264, class 0.5039 (epoch 82)
2026-06-25 11:55:24,591 - INFO - Epoch 119/200:
Epoch 119/200:
2026-06-25 11:57:11,825 - INFO - Train loss: 0.0884 (107.2s)
Train loss: 0.0884 (107.2s)
2026-06-25 11:57:36,779 - INFO - Test instance 0.6070, class 0.4819
Test instance 0.6070, class 0.4819
2026-06-25 11:57:36,780 - INFO - Best instance 0.6264, class 0.5039 (epoch 82)
Best instance 0.6264, class 0.5039 (epoch 82)
2026-06-25 11:57:36,801 - INFO - Epoch 120/200:
Epoch 120/200:
2026-06-25 11:59:23,371 - INFO - Train loss: 0.0889 (106.6s)
Train loss: 0.0889 (106.6s)
2026-06-25 11:59:48,409 - INFO - Test instance 0.5981, class 0.4818
Test instance 0.5981, class 0.4818
2026-06-25 11:59:48,410 - INFO - Best instance 0.6264, class 0.5039 (epoch 82)
Best instance 0.6264, class 0.5039 (epoch 82)
2026-06-25 11:59:48,428 - INFO - Epoch 121/200:
Epoch 121/200:
2026-06-25 12:01:35,279 - INFO - Train loss: 0.0887 (106.9s)
Train loss: 0.0887 (106.9s)
2026-06-25 12:02:00,354 - INFO - Test instance 0.6001, class 0.4742
Test instance 0.6001, class 0.4742
2026-06-25 12:02:00,355 - INFO - Best instance 0.6264, class 0.5039 (epoch 82)
Best instance 0.6264, class 0.5039 (epoch 82)
2026-06-25 12:02:00,374 - INFO - Epoch 122/200:
Epoch 122/200:
2026-06-25 12:03:47,110 - INFO - Train loss: 0.0882 (106.7s)
Train loss: 0.0882 (106.7s)
2026-06-25 12:04:12,309 - INFO - Test instance 0.6102, class 0.4869
Test instance 0.6102, class 0.4869
2026-06-25 12:04:12,309 - INFO - Best instance 0.6264, class 0.5039 (epoch 82)
Best instance 0.6264, class 0.5039 (epoch 82)
2026-06-25 12:04:12,328 - INFO - Epoch 123/200:
Epoch 123/200:
2026-06-25 12:05:57,431 - INFO - Train loss: 0.0860 (105.1s)
Train loss: 0.0860 (105.1s)
2026-06-25 12:06:22,752 - INFO - Test instance 0.5985, class 0.4758
Test instance 0.5985, class 0.4758
2026-06-25 12:06:22,753 - INFO - Best instance 0.6264, class 0.5039 (epoch 82)
Best instance 0.6264, class 0.5039 (epoch 82)
2026-06-25 12:06:22,773 - INFO - Epoch 124/200:
Epoch 124/200:
2026-06-25 12:08:10,277 - INFO - Train loss: 0.0885 (107.5s)
Train loss: 0.0885 (107.5s)
2026-06-25 12:08:35,356 - INFO - Test instance 0.5989, class 0.4792
Test instance 0.5989, class 0.4792
2026-06-25 12:08:35,357 - INFO - Best instance 0.6264, class 0.5039 (epoch 82)
Best instance 0.6264, class 0.5039 (epoch 82)
2026-06-25 12:08:35,377 - INFO - Epoch 125/200:
Epoch 125/200:
2026-06-25 12:10:21,574 - INFO - Train loss: 0.0874 (106.2s)
Train loss: 0.0874 (106.2s)
2026-06-25 12:10:47,057 - INFO - Test instance 0.5981, class 0.4775
Test instance 0.5981, class 0.4775
2026-06-25 12:10:47,058 - INFO - Best instance 0.6264, class 0.5039 (epoch 82)
Best instance 0.6264, class 0.5039 (epoch 82)
2026-06-25 12:10:47,080 - INFO - Epoch 126/200:
Epoch 126/200:
2026-06-25 12:12:32,948 - INFO - Train loss: 0.0881 (105.9s)
Train loss: 0.0881 (105.9s)
2026-06-25 12:12:58,204 - INFO - Test instance 0.6013, class 0.4750
Test instance 0.6013, class 0.4750
2026-06-25 12:12:58,206 - INFO - Best instance 0.6264, class 0.5039 (epoch 82)
Best instance 0.6264, class 0.5039 (epoch 82)
2026-06-25 12:12:58,230 - INFO - Epoch 127/200:
Epoch 127/200:
2026-06-25 12:14:44,453 - INFO - Train loss: 0.0867 (106.2s)
Train loss: 0.0867 (106.2s)
2026-06-25 12:15:09,806 - INFO - Test instance 0.6094, class 0.4865
Test instance 0.6094, class 0.4865
2026-06-25 12:15:09,807 - INFO - Best instance 0.6264, class 0.5039 (epoch 82)
Best instance 0.6264, class 0.5039 (epoch 82)
2026-06-25 12:15:09,826 - INFO - Epoch 128/200:
Epoch 128/200:
2026-06-25 12:16:55,703 - INFO - Train loss: 0.0863 (105.9s)
Train loss: 0.0863 (105.9s)
2026-06-25 12:17:21,315 - INFO - Test instance 0.5887, class 0.4629
Test instance 0.5887, class 0.4629
2026-06-25 12:17:21,316 - INFO - Best instance 0.6264, class 0.5039 (epoch 82)
Best instance 0.6264, class 0.5039 (epoch 82)
2026-06-25 12:17:21,336 - INFO - Epoch 129/200:
Epoch 129/200:
2026-06-25 12:19:08,252 - INFO - Train loss: 0.0866 (106.9s)
Train loss: 0.0866 (106.9s)
2026-06-25 12:19:33,431 - INFO - Test instance 0.6110, class 0.4880
Test instance 0.6110, class 0.4880
2026-06-25 12:19:33,432 - INFO - Best instance 0.6264, class 0.5039 (epoch 82)
Best instance 0.6264, class 0.5039 (epoch 82)
2026-06-25 12:19:33,452 - INFO - Epoch 130/200:
Epoch 130/200:
2026-06-25 12:21:20,316 - INFO - Train loss: 0.0861 (106.9s)
Train loss: 0.0861 (106.9s)
2026-06-25 12:21:45,556 - INFO - Test instance 0.6130, class 0.4920
Test instance 0.6130, class 0.4920
2026-06-25 12:21:45,557 - INFO - Best instance 0.6264, class 0.5039 (epoch 82)
Best instance 0.6264, class 0.5039 (epoch 82)
2026-06-25 12:21:45,576 - INFO - Epoch 131/200:
Epoch 131/200:
2026-06-25 12:23:30,952 - INFO - Train loss: 0.0882 (105.4s)
Train loss: 0.0882 (105.4s)
2026-06-25 12:23:56,471 - INFO - Test instance 0.6175, class 0.4950
Test instance 0.6175, class 0.4950
2026-06-25 12:23:56,472 - INFO - Best instance 0.6264, class 0.5039 (epoch 82)
Best instance 0.6264, class 0.5039 (epoch 82)
2026-06-25 12:23:56,491 - INFO - Epoch 132/200:
Epoch 132/200:
2026-06-25 12:25:42,298 - INFO - Train loss: 0.0873 (105.8s)
Train loss: 0.0873 (105.8s)
2026-06-25 12:26:07,618 - INFO - Test instance 0.6203, class 0.5023
Test instance 0.6203, class 0.5023
2026-06-25 12:26:07,619 - INFO - Best instance 0.6264, class 0.5039 (epoch 82)
Best instance 0.6264, class 0.5039 (epoch 82)
2026-06-25 12:26:07,637 - INFO - Epoch 133/200:
Epoch 133/200:
2026-06-25 12:27:52,699 - INFO - Train loss: 0.0876 (105.1s)
Train loss: 0.0876 (105.1s)
2026-06-25 12:28:17,551 - INFO - Test instance 0.6017, class 0.4774
Test instance 0.6017, class 0.4774
2026-06-25 12:28:17,552 - INFO - Best instance 0.6264, class 0.5039 (epoch 82)
Best instance 0.6264, class 0.5039 (epoch 82)
2026-06-25 12:28:17,571 - INFO - Epoch 134/200:
Epoch 134/200:
2026-06-25 12:30:03,138 - INFO - Train loss: 0.0865 (105.6s)
Train loss: 0.0865 (105.6s)
2026-06-25 12:30:28,225 - INFO - Test instance 0.6135, class 0.4774
Test instance 0.6135, class 0.4774
2026-06-25 12:30:28,225 - INFO - Best instance 0.6264, class 0.5039 (epoch 82)
Best instance 0.6264, class 0.5039 (epoch 82)
2026-06-25 12:30:28,244 - INFO - Epoch 135/200:
Epoch 135/200:
2026-06-25 12:32:13,842 - INFO - Train loss: 0.0866 (105.6s)
Train loss: 0.0866 (105.6s)
2026-06-25 12:32:38,741 - INFO - Test instance 0.6114, class 0.4895
Test instance 0.6114, class 0.4895
2026-06-25 12:32:38,741 - INFO - Best instance 0.6264, class 0.5039 (epoch 82)
Best instance 0.6264, class 0.5039 (epoch 82)
2026-06-25 12:32:38,764 - INFO - Epoch 136/200:
Epoch 136/200:
2026-06-25 12:34:24,293 - INFO - Train loss: 0.0858 (105.5s)
Train loss: 0.0858 (105.5s)
2026-06-25 12:34:49,266 - INFO - Test instance 0.6013, class 0.4738
Test instance 0.6013, class 0.4738
2026-06-25 12:34:49,268 - INFO - Best instance 0.6264, class 0.5039 (epoch 82)
Best instance 0.6264, class 0.5039 (epoch 82)
2026-06-25 12:34:49,289 - INFO - Epoch 137/200:
Epoch 137/200:
2026-06-25 12:36:34,845 - INFO - Train loss: 0.0885 (105.6s)
Train loss: 0.0885 (105.6s)
2026-06-25 12:36:59,958 - INFO - Test instance 0.6135, class 0.4761
Test instance 0.6135, class 0.4761
2026-06-25 12:36:59,959 - INFO - Best instance 0.6264, class 0.5039 (epoch 82)
Best instance 0.6264, class 0.5039 (epoch 82)
2026-06-25 12:36:59,978 - INFO - Epoch 138/200:
Epoch 138/200:
2026-06-25 12:38:45,117 - INFO - Train loss: 0.0860 (105.1s)
Train loss: 0.0860 (105.1s)
2026-06-25 12:39:10,265 - INFO - Test instance 0.6195, class 0.4993
Test instance 0.6195, class 0.4993
2026-06-25 12:39:10,266 - INFO - Best instance 0.6264, class 0.5039 (epoch 82)
Best instance 0.6264, class 0.5039 (epoch 82)
2026-06-25 12:39:10,284 - INFO - Epoch 139/200:
Epoch 139/200:
2026-06-25 12:40:56,143 - INFO - Train loss: 0.0873 (105.9s)
Train loss: 0.0873 (105.9s)
2026-06-25 12:41:21,495 - INFO - Test instance 0.6159, class 0.4900
Test instance 0.6159, class 0.4900
2026-06-25 12:41:21,496 - INFO - Best instance 0.6264, class 0.5039 (epoch 82)
Best instance 0.6264, class 0.5039 (epoch 82)
2026-06-25 12:41:21,515 - INFO - Epoch 140/200:
Epoch 140/200:
2026-06-25 12:43:07,449 - INFO - Train loss: 0.0882 (105.9s)
Train loss: 0.0882 (105.9s)
2026-06-25 12:43:32,602 - INFO - Test instance 0.5972, class 0.4706
Test instance 0.5972, class 0.4706
2026-06-25 12:43:32,603 - INFO - Best instance 0.6264, class 0.5039 (epoch 82)
Best instance 0.6264, class 0.5039 (epoch 82)
2026-06-25 12:43:32,626 - INFO - Epoch 141/200:
Epoch 141/200:
2026-06-25 12:45:18,250 - INFO - Train loss: 0.0873 (105.6s)
Train loss: 0.0873 (105.6s)
2026-06-25 12:45:43,484 - INFO - Test instance 0.6102, class 0.4836
Test instance 0.6102, class 0.4836
2026-06-25 12:45:43,485 - INFO - Best instance 0.6264, class 0.5039 (epoch 82)
Best instance 0.6264, class 0.5039 (epoch 82)
2026-06-25 12:45:43,504 - INFO - Epoch 142/200:
Epoch 142/200:
2026-06-25 12:47:29,862 - INFO - Train loss: 0.0857 (106.4s)
Train loss: 0.0857 (106.4s)
2026-06-25 12:47:55,384 - INFO - Test instance 0.6070, class 0.4780
Test instance 0.6070, class 0.4780
2026-06-25 12:47:55,385 - INFO - Best instance 0.6264, class 0.5039 (epoch 82)
Best instance 0.6264, class 0.5039 (epoch 82)
2026-06-25 12:47:55,405 - INFO - Epoch 143/200:
Epoch 143/200:
2026-06-25 12:49:40,872 - INFO - Train loss: 0.0868 (105.5s)
Train loss: 0.0868 (105.5s)
2026-06-25 12:50:06,319 - INFO - Test instance 0.6216, class 0.4908
Test instance 0.6216, class 0.4908
2026-06-25 12:50:06,320 - INFO - Best instance 0.6264, class 0.5039 (epoch 82)
Best instance 0.6264, class 0.5039 (epoch 82)
2026-06-25 12:50:06,341 - INFO - Epoch 144/200:
Epoch 144/200:
2026-06-25 12:51:52,005 - INFO - Train loss: 0.0854 (105.7s)
Train loss: 0.0854 (105.7s)
2026-06-25 12:52:17,352 - INFO - Test instance 0.6106, class 0.4778
Test instance 0.6106, class 0.4778
2026-06-25 12:52:17,353 - INFO - Best instance 0.6264, class 0.5039 (epoch 82)
Best instance 0.6264, class 0.5039 (epoch 82)
2026-06-25 12:52:17,374 - INFO - Epoch 145/200:
Epoch 145/200:
2026-06-25 12:54:03,997 - INFO - Train loss: 0.0855 (106.6s)
Train loss: 0.0855 (106.6s)
2026-06-25 12:54:29,141 - INFO - Test instance 0.6183, class 0.4975
Test instance 0.6183, class 0.4975
2026-06-25 12:54:29,142 - INFO - Best instance 0.6264, class 0.5039 (epoch 82)
Best instance 0.6264, class 0.5039 (epoch 82)
2026-06-25 12:54:29,163 - INFO - Epoch 146/200:
Epoch 146/200:
2026-06-25 12:56:14,689 - INFO - Train loss: 0.0848 (105.5s)
Train loss: 0.0848 (105.5s)
2026-06-25 12:56:39,748 - INFO - Test instance 0.6086, class 0.4787
Test instance 0.6086, class 0.4787
2026-06-25 12:56:39,749 - INFO - Best instance 0.6264, class 0.5039 (epoch 82)
Best instance 0.6264, class 0.5039 (epoch 82)
2026-06-25 12:56:39,770 - INFO - Epoch 147/200:
Epoch 147/200:
2026-06-25 12:58:25,442 - INFO - Train loss: 0.0866 (105.7s)
Train loss: 0.0866 (105.7s)
2026-06-25 12:58:50,249 - INFO - Test instance 0.6130, class 0.4870
Test instance 0.6130, class 0.4870
2026-06-25 12:58:50,251 - INFO - Best instance 0.6264, class 0.5039 (epoch 82)
Best instance 0.6264, class 0.5039 (epoch 82)
2026-06-25 12:58:50,270 - INFO - Epoch 148/200:
Epoch 148/200:
2026-06-25 13:00:35,662 - INFO - Train loss: 0.0866 (105.4s)
Train loss: 0.0866 (105.4s)
2026-06-25 13:01:00,886 - INFO - Test instance 0.6110, class 0.4857
Test instance 0.6110, class 0.4857
2026-06-25 13:01:00,887 - INFO - Best instance 0.6264, class 0.5039 (epoch 82)
Best instance 0.6264, class 0.5039 (epoch 82)
2026-06-25 13:01:00,907 - INFO - Epoch 149/200:
Epoch 149/200:
2026-06-25 13:02:46,595 - INFO - Train loss: 0.0859 (105.7s)
Train loss: 0.0859 (105.7s)
2026-06-25 13:03:12,122 - INFO - Test instance 0.5993, class 0.4726
Test instance 0.5993, class 0.4726
2026-06-25 13:03:12,123 - INFO - Best instance 0.6264, class 0.5039 (epoch 82)
Best instance 0.6264, class 0.5039 (epoch 82)
2026-06-25 13:03:12,142 - INFO - Epoch 150/200:
Epoch 150/200:
2026-06-25 13:04:56,675 - INFO - Train loss: 0.0854 (104.5s)
Train loss: 0.0854 (104.5s)
2026-06-25 13:05:22,056 - INFO - Test instance 0.6021, class 0.4718
Test instance 0.6021, class 0.4718
2026-06-25 13:05:22,056 - INFO - Best instance 0.6264, class 0.5039 (epoch 82)
Best instance 0.6264, class 0.5039 (epoch 82)
2026-06-25 13:05:22,075 - INFO - Epoch 151/200:
Epoch 151/200:
2026-06-25 13:07:06,766 - INFO - Train loss: 0.0864 (104.7s)
Train loss: 0.0864 (104.7s)
2026-06-25 13:07:31,703 - INFO - Test instance 0.6175, class 0.4878
Test instance 0.6175, class 0.4878
2026-06-25 13:07:31,706 - INFO - Best instance 0.6264, class 0.5039 (epoch 82)
Best instance 0.6264, class 0.5039 (epoch 82)
2026-06-25 13:07:31,724 - INFO - Epoch 152/200:
Epoch 152/200:
2026-06-25 13:09:17,185 - INFO - Train loss: 0.0867 (105.5s)
Train loss: 0.0867 (105.5s)
2026-06-25 13:09:42,171 - INFO - Test instance 0.6005, class 0.4767
Test instance 0.6005, class 0.4767
2026-06-25 13:09:42,172 - INFO - Best instance 0.6264, class 0.5039 (epoch 82)
Best instance 0.6264, class 0.5039 (epoch 82)
2026-06-25 13:09:42,191 - INFO - Epoch 153/200:
Epoch 153/200:
2026-06-25 13:11:27,248 - INFO - Train loss: 0.0856 (105.1s)
Train loss: 0.0856 (105.1s)
2026-06-25 13:11:52,399 - INFO - Test instance 0.6058, class 0.4776
Test instance 0.6058, class 0.4776
2026-06-25 13:11:52,399 - INFO - Best instance 0.6264, class 0.5039 (epoch 82)
Best instance 0.6264, class 0.5039 (epoch 82)
2026-06-25 13:11:52,418 - INFO - Epoch 154/200:
Epoch 154/200:
2026-06-25 13:13:37,535 - INFO - Train loss: 0.0861 (105.1s)
Train loss: 0.0861 (105.1s)
2026-06-25 13:14:02,881 - INFO - Test instance 0.6187, class 0.4990
Test instance 0.6187, class 0.4990
2026-06-25 13:14:02,882 - INFO - Best instance 0.6264, class 0.5039 (epoch 82)
Best instance 0.6264, class 0.5039 (epoch 82)
2026-06-25 13:14:02,903 - INFO - Epoch 155/200:
Epoch 155/200:
2026-06-25 13:15:48,391 - INFO - Train loss: 0.0852 (105.5s)
Train loss: 0.0852 (105.5s)
2026-06-25 13:16:13,555 - INFO - Test instance 0.6062, class 0.4770
Test instance 0.6062, class 0.4770
2026-06-25 13:16:13,556 - INFO - Best instance 0.6264, class 0.5039 (epoch 82)
Best instance 0.6264, class 0.5039 (epoch 82)
2026-06-25 13:16:13,577 - INFO - Epoch 156/200:
Epoch 156/200:
2026-06-25 13:17:58,464 - INFO - Train loss: 0.0857 (104.9s)
Train loss: 0.0857 (104.9s)
2026-06-25 13:18:23,633 - INFO - Test instance 0.6082, class 0.4850
Test instance 0.6082, class 0.4850
2026-06-25 13:18:23,634 - INFO - Best instance 0.6264, class 0.5039 (epoch 82)
Best instance 0.6264, class 0.5039 (epoch 82)
2026-06-25 13:18:23,655 - INFO - Epoch 157/200:
Epoch 157/200:
2026-06-25 13:20:07,740 - INFO - Train loss: 0.0860 (104.1s)
Train loss: 0.0860 (104.1s)
2026-06-25 13:20:33,140 - INFO - Test instance 0.6106, class 0.4792
Test instance 0.6106, class 0.4792
2026-06-25 13:20:33,140 - INFO - Best instance 0.6264, class 0.5039 (epoch 82)
Best instance 0.6264, class 0.5039 (epoch 82)
2026-06-25 13:20:33,160 - INFO - Epoch 158/200:
Epoch 158/200:
2026-06-25 13:22:17,508 - INFO - Train loss: 0.0869 (104.3s)
Train loss: 0.0869 (104.3s)
2026-06-25 13:22:42,536 - INFO - Test instance 0.6135, class 0.4851
Test instance 0.6135, class 0.4851
2026-06-25 13:22:42,537 - INFO - Best instance 0.6264, class 0.5039 (epoch 82)
Best instance 0.6264, class 0.5039 (epoch 82)
2026-06-25 13:22:42,556 - INFO - Epoch 159/200:
Epoch 159/200:
2026-06-25 13:24:26,858 - INFO - Train loss: 0.0855 (104.3s)
Train loss: 0.0855 (104.3s)
2026-06-25 13:24:52,493 - INFO - Test instance 0.6078, class 0.4908
Test instance 0.6078, class 0.4908
2026-06-25 13:24:52,493 - INFO - Best instance 0.6264, class 0.5039 (epoch 82)
Best instance 0.6264, class 0.5039 (epoch 82)
2026-06-25 13:24:52,516 - INFO - Epoch 160/200:
Epoch 160/200:
2026-06-25 13:26:35,974 - INFO - Train loss: 0.0853 (103.5s)
Train loss: 0.0853 (103.5s)
2026-06-25 13:27:00,867 - INFO - Test instance 0.6106, class 0.4807
Test instance 0.6106, class 0.4807
2026-06-25 13:27:00,868 - INFO - Best instance 0.6264, class 0.5039 (epoch 82)
Best instance 0.6264, class 0.5039 (epoch 82)
2026-06-25 13:27:00,887 - INFO - Epoch 161/200:
Epoch 161/200:
2026-06-25 13:28:45,226 - INFO - Train loss: 0.0855 (104.3s)
Train loss: 0.0855 (104.3s)
2026-06-25 13:29:10,373 - INFO - Test instance 0.6086, class 0.4751
Test instance 0.6086, class 0.4751
2026-06-25 13:29:10,374 - INFO - Best instance 0.6264, class 0.5039 (epoch 82)
Best instance 0.6264, class 0.5039 (epoch 82)
2026-06-25 13:29:10,393 - INFO - Epoch 162/200:
Epoch 162/200:
2026-06-25 13:30:53,847 - INFO - Train loss: 0.0857 (103.5s)
Train loss: 0.0857 (103.5s)
2026-06-25 13:31:19,020 - INFO - Test instance 0.6175, class 0.4916
Test instance 0.6175, class 0.4916
2026-06-25 13:31:19,022 - INFO - Best instance 0.6264, class 0.5039 (epoch 82)
Best instance 0.6264, class 0.5039 (epoch 82)
2026-06-25 13:31:19,040 - INFO - Epoch 163/200:
Epoch 163/200:
2026-06-25 13:33:03,226 - INFO - Train loss: 0.0842 (104.2s)
Train loss: 0.0842 (104.2s)
2026-06-25 13:33:28,354 - INFO - Test instance 0.6102, class 0.4817
Test instance 0.6102, class 0.4817
2026-06-25 13:33:28,355 - INFO - Best instance 0.6264, class 0.5039 (epoch 82)
Best instance 0.6264, class 0.5039 (epoch 82)
2026-06-25 13:33:28,375 - INFO - Epoch 164/200:
Epoch 164/200:
2026-06-25 13:35:11,786 - INFO - Train loss: 0.0851 (103.4s)
Train loss: 0.0851 (103.4s)
2026-06-25 13:35:36,786 - INFO - Test instance 0.6207, class 0.4906
Test instance 0.6207, class 0.4906
2026-06-25 13:35:36,786 - INFO - Best instance 0.6264, class 0.5039 (epoch 82)
Best instance 0.6264, class 0.5039 (epoch 82)
2026-06-25 13:35:36,807 - INFO - Epoch 165/200:
Epoch 165/200:
2026-06-25 13:37:20,885 - INFO - Train loss: 0.0855 (104.1s)
Train loss: 0.0855 (104.1s)
2026-06-25 13:37:46,096 - INFO - Test instance 0.6155, class 0.4888
Test instance 0.6155, class 0.4888
2026-06-25 13:37:46,097 - INFO - Best instance 0.6264, class 0.5039 (epoch 82)
Best instance 0.6264, class 0.5039 (epoch 82)
2026-06-25 13:37:46,118 - INFO - Epoch 166/200:
Epoch 166/200:
2026-06-25 13:39:32,049 - INFO - Train loss: 0.0858 (105.9s)
Train loss: 0.0858 (105.9s)
2026-06-25 13:39:57,320 - INFO - Test instance 0.6147, class 0.4853
Test instance 0.6147, class 0.4853
2026-06-25 13:39:57,321 - INFO - Best instance 0.6264, class 0.5039 (epoch 82)
Best instance 0.6264, class 0.5039 (epoch 82)
2026-06-25 13:39:57,342 - INFO - Epoch 167/200:
Epoch 167/200:
2026-06-25 13:41:42,663 - INFO - Train loss: 0.0854 (105.3s)
Train loss: 0.0854 (105.3s)
2026-06-25 13:42:07,731 - INFO - Test instance 0.6199, class 0.4887
Test instance 0.6199, class 0.4887
2026-06-25 13:42:07,732 - INFO - Best instance 0.6264, class 0.5039 (epoch 82)
Best instance 0.6264, class 0.5039 (epoch 82)
2026-06-25 13:42:07,751 - INFO - Epoch 168/200:
Epoch 168/200:
2026-06-25 13:43:53,580 - INFO - Train loss: 0.0856 (105.8s)
Train loss: 0.0856 (105.8s)
2026-06-25 13:44:18,847 - INFO - Test instance 0.6102, class 0.4851
Test instance 0.6102, class 0.4851
2026-06-25 13:44:18,848 - INFO - Best instance 0.6264, class 0.5039 (epoch 82)
Best instance 0.6264, class 0.5039 (epoch 82)
2026-06-25 13:44:18,867 - INFO - Epoch 169/200:
Epoch 169/200:
2026-06-25 13:46:04,170 - INFO - Train loss: 0.0839 (105.3s)
Train loss: 0.0839 (105.3s)
2026-06-25 13:46:29,205 - INFO - Test instance 0.6009, class 0.4766
Test instance 0.6009, class 0.4766
2026-06-25 13:46:29,206 - INFO - Best instance 0.6264, class 0.5039 (epoch 82)
Best instance 0.6264, class 0.5039 (epoch 82)
2026-06-25 13:46:29,225 - INFO - Epoch 170/200:
Epoch 170/200:
2026-06-25 13:48:14,961 - INFO - Train loss: 0.0854 (105.7s)
Train loss: 0.0854 (105.7s)
2026-06-25 13:48:40,133 - INFO - Test instance 0.6045, class 0.4812
Test instance 0.6045, class 0.4812
2026-06-25 13:48:40,134 - INFO - Best instance 0.6264, class 0.5039 (epoch 82)
Best instance 0.6264, class 0.5039 (epoch 82)
2026-06-25 13:48:40,153 - INFO - Epoch 171/200:
Epoch 171/200:
2026-06-25 13:50:27,538 - INFO - Train loss: 0.0847 (107.4s)
Train loss: 0.0847 (107.4s)
2026-06-25 13:50:52,426 - INFO - Test instance 0.6135, class 0.4868
Test instance 0.6135, class 0.4868
2026-06-25 13:50:52,426 - INFO - Best instance 0.6264, class 0.5039 (epoch 82)
Best instance 0.6264, class 0.5039 (epoch 82)
2026-06-25 13:50:52,446 - INFO - Epoch 172/200:
Epoch 172/200:
2026-06-25 13:52:39,452 - INFO - Train loss: 0.0865 (107.0s)
Train loss: 0.0865 (107.0s)
2026-06-25 13:53:04,523 - INFO - Test instance 0.6070, class 0.4818
Test instance 0.6070, class 0.4818
2026-06-25 13:53:04,523 - INFO - Best instance 0.6264, class 0.5039 (epoch 82)
Best instance 0.6264, class 0.5039 (epoch 82)
2026-06-25 13:53:04,542 - INFO - Epoch 173/200:
Epoch 173/200:
2026-06-25 13:54:51,535 - INFO - Train loss: 0.0855 (107.0s)
Train loss: 0.0855 (107.0s)
2026-06-25 13:55:16,676 - INFO - Test instance 0.6240, class 0.4965
Test instance 0.6240, class 0.4965
2026-06-25 13:55:16,677 - INFO - Best instance 0.6264, class 0.5039 (epoch 82)
Best instance 0.6264, class 0.5039 (epoch 82)
2026-06-25 13:55:16,695 - INFO - Epoch 174/200:
Epoch 174/200:
2026-06-25 13:57:03,175 - INFO - Train loss: 0.0855 (106.5s)
Train loss: 0.0855 (106.5s)
2026-06-25 13:57:28,259 - INFO - Test instance 0.6029, class 0.4808
Test instance 0.6029, class 0.4808
2026-06-25 13:57:28,259 - INFO - Best instance 0.6264, class 0.5039 (epoch 82)
Best instance 0.6264, class 0.5039 (epoch 82)
2026-06-25 13:57:28,309 - INFO - Epoch 175/200:
Epoch 175/200:
2026-06-25 13:59:14,312 - INFO - Train loss: 0.0858 (106.0s)
Train loss: 0.0858 (106.0s)
2026-06-25 13:59:39,314 - INFO - Test instance 0.6086, class 0.4802
Test instance 0.6086, class 0.4802
2026-06-25 13:59:39,315 - INFO - Best instance 0.6264, class 0.5039 (epoch 82)
Best instance 0.6264, class 0.5039 (epoch 82)
2026-06-25 13:59:39,333 - INFO - Epoch 176/200:
Epoch 176/200:
2026-06-25 14:01:24,745 - INFO - Train loss: 0.0845 (105.4s)
Train loss: 0.0845 (105.4s)
2026-06-25 14:01:49,795 - INFO - Test instance 0.6082, class 0.4853
Test instance 0.6082, class 0.4853
2026-06-25 14:01:49,796 - INFO - Best instance 0.6264, class 0.5039 (epoch 82)
Best instance 0.6264, class 0.5039 (epoch 82)
2026-06-25 14:01:49,817 - INFO - Epoch 177/200:
Epoch 177/200:
2026-06-25 14:03:35,744 - INFO - Train loss: 0.0838 (105.9s)
Train loss: 0.0838 (105.9s)
2026-06-25 14:04:01,685 - INFO - Test instance 0.5985, class 0.4749
Test instance 0.5985, class 0.4749
2026-06-25 14:04:01,686 - INFO - Best instance 0.6264, class 0.5039 (epoch 82)
Best instance 0.6264, class 0.5039 (epoch 82)
2026-06-25 14:04:01,711 - INFO - Epoch 178/200:
Epoch 178/200:
2026-06-25 14:05:53,284 - INFO - Train loss: 0.0857 (111.6s)
Train loss: 0.0857 (111.6s)
2026-06-25 14:06:19,239 - INFO - Test instance 0.6175, class 0.4860
Test instance 0.6175, class 0.4860
2026-06-25 14:06:19,240 - INFO - Best instance 0.6264, class 0.5039 (epoch 82)
Best instance 0.6264, class 0.5039 (epoch 82)
2026-06-25 14:06:19,261 - INFO - Epoch 179/200:
Epoch 179/200:
2026-06-25 14:08:08,639 - INFO - Train loss: 0.0835 (109.4s)
Train loss: 0.0835 (109.4s)
2026-06-25 14:08:34,049 - INFO - Test instance 0.6175, class 0.4873
Test instance 0.6175, class 0.4873
2026-06-25 14:08:34,050 - INFO - Best instance 0.6264, class 0.5039 (epoch 82)
Best instance 0.6264, class 0.5039 (epoch 82)
2026-06-25 14:08:34,071 - INFO - Epoch 180/200:
Epoch 180/200:
2026-06-25 14:10:19,132 - INFO - Train loss: 0.0847 (105.1s)
Train loss: 0.0847 (105.1s)
2026-06-25 14:10:45,040 - INFO - Test instance 0.6232, class 0.4988
Test instance 0.6232, class 0.4988
2026-06-25 14:10:45,041 - INFO - Best instance 0.6264, class 0.5039 (epoch 82)
Best instance 0.6264, class 0.5039 (epoch 82)
2026-06-25 14:10:45,064 - INFO - Epoch 181/200:
Epoch 181/200:
2026-06-25 14:12:29,949 - INFO - Train loss: 0.0838 (104.9s)
Train loss: 0.0838 (104.9s)
2026-06-25 14:12:54,445 - INFO - Test instance 0.6114, class 0.4849
Test instance 0.6114, class 0.4849
2026-06-25 14:12:54,446 - INFO - Best instance 0.6264, class 0.5039 (epoch 82)
Best instance 0.6264, class 0.5039 (epoch 82)
2026-06-25 14:12:54,467 - INFO - Epoch 182/200:
Epoch 182/200:
2026-06-25 14:14:40,709 - INFO - Train loss: 0.0854 (106.2s)
Train loss: 0.0854 (106.2s)
2026-06-25 14:15:05,301 - INFO - Test instance 0.6094, class 0.4790
Test instance 0.6094, class 0.4790
2026-06-25 14:15:05,302 - INFO - Best instance 0.6264, class 0.5039 (epoch 82)
Best instance 0.6264, class 0.5039 (epoch 82)
2026-06-25 14:15:05,322 - INFO - Epoch 183/200:
Epoch 183/200:
2026-06-25 14:16:53,904 - INFO - Train loss: 0.0844 (108.6s)
Train loss: 0.0844 (108.6s)
2026-06-25 14:17:19,814 - INFO - Test instance 0.6139, class 0.4932
Test instance 0.6139, class 0.4932
2026-06-25 14:17:19,815 - INFO - Best instance 0.6264, class 0.5039 (epoch 82)
Best instance 0.6264, class 0.5039 (epoch 82)
2026-06-25 14:17:19,836 - INFO - Epoch 184/200:
Epoch 184/200:
2026-06-25 14:19:08,623 - INFO - Train loss: 0.0836 (108.8s)
Train loss: 0.0836 (108.8s)
2026-06-25 14:19:34,016 - INFO - Test instance 0.6118, class 0.4820
Test instance 0.6118, class 0.4820
2026-06-25 14:19:34,017 - INFO - Best instance 0.6264, class 0.5039 (epoch 82)
Best instance 0.6264, class 0.5039 (epoch 82)
2026-06-25 14:19:34,037 - INFO - Epoch 185/200:
Epoch 185/200:
2026-06-25 14:21:22,882 - INFO - Train loss: 0.0846 (108.8s)
Train loss: 0.0846 (108.8s)
2026-06-25 14:21:48,540 - INFO - Test instance 0.6074, class 0.4785
Test instance 0.6074, class 0.4785
2026-06-25 14:21:48,540 - INFO - Best instance 0.6264, class 0.5039 (epoch 82)
Best instance 0.6264, class 0.5039 (epoch 82)
2026-06-25 14:21:48,560 - INFO - Epoch 186/200:
Epoch 186/200:
2026-06-25 14:23:36,873 - INFO - Train loss: 0.0834 (108.3s)
Train loss: 0.0834 (108.3s)
2026-06-25 14:24:02,795 - INFO - Test instance 0.6143, class 0.4896
Test instance 0.6143, class 0.4896
2026-06-25 14:24:02,795 - INFO - Best instance 0.6264, class 0.5039 (epoch 82)
Best instance 0.6264, class 0.5039 (epoch 82)
2026-06-25 14:24:02,818 - INFO - Epoch 187/200:
Epoch 187/200:
2026-06-25 14:25:52,423 - INFO - Train loss: 0.0833 (109.6s)
Train loss: 0.0833 (109.6s)
2026-06-25 14:26:18,566 - INFO - Test instance 0.6070, class 0.4807
Test instance 0.6070, class 0.4807
2026-06-25 14:26:18,567 - INFO - Best instance 0.6264, class 0.5039 (epoch 82)
Best instance 0.6264, class 0.5039 (epoch 82)
2026-06-25 14:26:18,588 - INFO - Epoch 188/200:
Epoch 188/200:
2026-06-25 14:28:06,954 - INFO - Train loss: 0.0843 (108.4s)
Train loss: 0.0843 (108.4s)
2026-06-25 14:28:32,638 - INFO - Test instance 0.6139, class 0.4860
Test instance 0.6139, class 0.4860
2026-06-25 14:28:32,640 - INFO - Best instance 0.6264, class 0.5039 (epoch 82)
Best instance 0.6264, class 0.5039 (epoch 82)
2026-06-25 14:28:32,669 - INFO - Epoch 189/200:
Epoch 189/200:
2026-06-25 14:30:21,029 - INFO - Train loss: 0.0855 (108.4s)
Train loss: 0.0855 (108.4s)
2026-06-25 14:30:46,787 - INFO - Test instance 0.6037, class 0.4720
Test instance 0.6037, class 0.4720
2026-06-25 14:30:46,789 - INFO - Best instance 0.6264, class 0.5039 (epoch 82)
Best instance 0.6264, class 0.5039 (epoch 82)
2026-06-25 14:30:46,812 - INFO - Epoch 190/200:
Epoch 190/200:
2026-06-25 14:32:34,464 - INFO - Train loss: 0.0843 (107.7s)
Train loss: 0.0843 (107.7s)
2026-06-25 14:32:59,971 - INFO - Test instance 0.6135, class 0.4836
Test instance 0.6135, class 0.4836
2026-06-25 14:32:59,972 - INFO - Best instance 0.6264, class 0.5039 (epoch 82)
Best instance 0.6264, class 0.5039 (epoch 82)
2026-06-25 14:32:59,994 - INFO - Epoch 191/200:
Epoch 191/200:
2026-06-25 14:34:48,494 - INFO - Train loss: 0.0843 (108.5s)
Train loss: 0.0843 (108.5s)
2026-06-25 14:35:14,489 - INFO - Test instance 0.6130, class 0.4845
Test instance 0.6130, class 0.4845
2026-06-25 14:35:14,489 - INFO - Best instance 0.6264, class 0.5039 (epoch 82)
Best instance 0.6264, class 0.5039 (epoch 82)
2026-06-25 14:35:14,509 - INFO - Epoch 192/200:
Epoch 192/200:
2026-06-25 14:37:02,668 - INFO - Train loss: 0.0842 (108.2s)
Train loss: 0.0842 (108.2s)
2026-06-25 14:37:28,111 - INFO - Test instance 0.6207, class 0.4922
Test instance 0.6207, class 0.4922
2026-06-25 14:37:28,111 - INFO - Best instance 0.6264, class 0.5039 (epoch 82)
Best instance 0.6264, class 0.5039 (epoch 82)
2026-06-25 14:37:28,132 - INFO - Epoch 193/200:
Epoch 193/200:
2026-06-25 14:39:14,559 - INFO - Train loss: 0.0849 (106.4s)
Train loss: 0.0849 (106.4s)
2026-06-25 14:39:39,320 - INFO - Test instance 0.6094, class 0.4832
Test instance 0.6094, class 0.4832
2026-06-25 14:39:39,320 - INFO - Best instance 0.6264, class 0.5039 (epoch 82)
Best instance 0.6264, class 0.5039 (epoch 82)
2026-06-25 14:39:39,340 - INFO - Epoch 194/200:
Epoch 194/200:
2026-06-25 14:41:27,843 - INFO - Train loss: 0.0840 (108.5s)
Train loss: 0.0840 (108.5s)
2026-06-25 14:41:52,493 - INFO - Test instance 0.6090, class 0.4805
Test instance 0.6090, class 0.4805
2026-06-25 14:41:52,494 - INFO - Best instance 0.6264, class 0.5039 (epoch 82)
Best instance 0.6264, class 0.5039 (epoch 82)
2026-06-25 14:41:52,515 - INFO - Epoch 195/200:
Epoch 195/200:
2026-06-25 14:43:40,435 - INFO - Train loss: 0.0844 (107.9s)
Train loss: 0.0844 (107.9s)
2026-06-25 14:44:05,838 - INFO - Test instance 0.6171, class 0.4875
Test instance 0.6171, class 0.4875
2026-06-25 14:44:05,838 - INFO - Best instance 0.6264, class 0.5039 (epoch 82)
Best instance 0.6264, class 0.5039 (epoch 82)
2026-06-25 14:44:05,861 - INFO - Epoch 196/200:
Epoch 196/200:
2026-06-25 14:45:55,185 - INFO - Train loss: 0.0834 (109.3s)
Train loss: 0.0834 (109.3s)
2026-06-25 14:46:20,662 - INFO - Test instance 0.6118, class 0.4836
Test instance 0.6118, class 0.4836
2026-06-25 14:46:20,662 - INFO - Best instance 0.6264, class 0.5039 (epoch 82)
Best instance 0.6264, class 0.5039 (epoch 82)
2026-06-25 14:46:20,681 - INFO - Epoch 197/200:
Epoch 197/200:
2026-06-25 14:48:10,832 - INFO - Train loss: 0.0838 (110.2s)
Train loss: 0.0838 (110.2s)
2026-06-25 14:48:36,530 - INFO - Test instance 0.6212, class 0.5000
Test instance 0.6212, class 0.5000
2026-06-25 14:48:36,531 - INFO - Best instance 0.6264, class 0.5039 (epoch 82)
Best instance 0.6264, class 0.5039 (epoch 82)
2026-06-25 14:48:36,554 - INFO - Epoch 198/200:
Epoch 198/200:
2026-06-25 14:50:25,365 - INFO - Train loss: 0.0857 (108.8s)
Train loss: 0.0857 (108.8s)
2026-06-25 14:50:50,827 - INFO - Test instance 0.6155, class 0.4950
Test instance 0.6155, class 0.4950
2026-06-25 14:50:50,828 - INFO - Best instance 0.6264, class 0.5039 (epoch 82)
Best instance 0.6264, class 0.5039 (epoch 82)
2026-06-25 14:50:50,847 - INFO - Epoch 199/200:
Epoch 199/200:
2026-06-25 14:52:42,049 - INFO - Train loss: 0.0850 (111.2s)
Train loss: 0.0850 (111.2s)
2026-06-25 14:53:07,872 - INFO - Test instance 0.6114, class 0.4924
Test instance 0.6114, class 0.4924
2026-06-25 14:53:07,873 - INFO - Best instance 0.6264, class 0.5039 (epoch 82)
Best instance 0.6264, class 0.5039 (epoch 82)
2026-06-25 14:53:07,893 - INFO - Epoch 200/200:
Epoch 200/200:
2026-06-25 14:54:58,227 - INFO - Train loss: 0.0840 (110.3s)
Train loss: 0.0840 (110.3s)
2026-06-25 14:55:24,242 - INFO - Test instance 0.6082, class 0.4805
Test instance 0.6082, class 0.4805
2026-06-25 14:55:24,243 - INFO - Best instance 0.6264, class 0.5039 (epoch 82)
Best instance 0.6264, class 0.5039 (epoch 82)
2026-06-25 14:56:09,668 - INFO - Student 1.44 MB, 124.63 ms
Student 1.44 MB, 124.63 ms
