[Wed Jun 24 19:25:03 EDT 2026] task 361 on GPU 0: python flkd/advanced_kd_train_classification.py --teacher_model pointnet2_cls_ssg --student_model small_pointnet2 --kd_strategy vanilla --dataset craniosynostosis --seed 42 --batch_size 24 --epoch 200 --num_point 1024 --teacher_path "outputs/craniosynostosis/flkd/federated/classification/fl_pointnet2_cls_ssg_fednova_s42/checkpoints/best_model.pth" --log_dir kd_pointnet2_cls_ssg_fednova+vanilla_small_pointnet2_s42  --data_root data --output_root outputs --num_workers -1 --max_runtime_hours 166.0
Loaded teacher from outputs/craniosynostosis/flkd/federated/classification/fl_pointnet2_cls_ssg_fednova_s42/checkpoints/best_model.pth
2026-06-24 19:28:39,533 - INFO - PARAMETER ...
2026-06-24 19:28:39,534 - INFO - {'use_cpu': False, 'no_amp': False, 'gpu': '0', 'num_workers': -1, 'batch_size': 24, 'teacher_model': 'pointnet2_cls_ssg', 'student_model': 'small_pointnet2', 'num_category': 4, 'dataset': 'craniosynostosis', 'data_root': 'data', 'output_root': 'outputs', 'train_split': 0.8, 'dataset_seed': 0, 'cache_dataset': True, 'min_class_samples': 1, 'epoch': 200, 'learning_rate': 0.001, 'num_point': 1024, 'optimizer': 'Adam', 'log_dir': 'kd_pointnet2_cls_ssg_fednova+vanilla_small_pointnet2_s42', 'decay_rate': 0.0001, 'use_normals': False, 'process_data': False, 'use_uniform_sample': False, 'resume': True, 'kd_strategy': 'vanilla', 'alpha': 0.5, 'temperature': 2.0, 'beta': 0.5, 'dkd_alpha': 1.0, 'dkd_beta': 8.0, 'crd_temperature': 0.07, 'teacher_path': 'outputs/craniosynostosis/flkd/federated/classification/fl_pointnet2_cls_ssg_fednova_s42/checkpoints/best_model.pth', 'teacher_paths': None, 'teacher_weights': None, 'use_hard_labels': 'on', 'unlabeled': False, 'temperature_sweep': None, 'seed': 42, 'max_runtime_hours': 166.0}
2026-06-24 19:28:39,536 - INFO - KD=vanilla student=small_pointnet2 AMP=False use_hard=True unlabeled=False T=2.0
KD=vanilla student=small_pointnet2 AMP=False use_hard=True unlabeled=False T=2.0
2026-06-24 19:28:39,548 - INFO - Epoch 1/200:
Epoch 1/200:
2026-06-24 19:28:44,735 - INFO - Train loss: 0.7873 (5.2s)
Train loss: 0.7873 (5.2s)
2026-06-24 19:28:45,340 - INFO - Test instance 0.2500, class 0.2500
Test instance 0.2500, class 0.2500
2026-06-24 19:28:45,363 - INFO - Best instance 0.2500, class 0.2500 (epoch 1)
Best instance 0.2500, class 0.2500 (epoch 1)
2026-06-24 19:28:45,378 - INFO - Epoch 2/200:
Epoch 2/200:
2026-06-24 19:28:48,609 - INFO - Train loss: 0.7461 (3.2s)
Train loss: 0.7461 (3.2s)
2026-06-24 19:28:48,868 - INFO - Test instance 0.2500, class 0.2500
Test instance 0.2500, class 0.2500
2026-06-24 19:28:48,868 - INFO - Best instance 0.2500, class 0.2500 (epoch 1)
Best instance 0.2500, class 0.2500 (epoch 1)
2026-06-24 19:28:48,884 - INFO - Epoch 3/200:
Epoch 3/200:
2026-06-24 19:28:51,469 - INFO - Train loss: 0.7404 (2.6s)
Train loss: 0.7404 (2.6s)
2026-06-24 19:28:51,718 - INFO - Test instance 0.2500, class 0.2500
Test instance 0.2500, class 0.2500
2026-06-24 19:28:51,718 - INFO - Best instance 0.2500, class 0.2500 (epoch 1)
Best instance 0.2500, class 0.2500 (epoch 1)
2026-06-24 19:28:51,734 - INFO - Epoch 4/200:
Epoch 4/200:
2026-06-24 19:28:54,338 - INFO - Train loss: 0.7360 (2.6s)
Train loss: 0.7360 (2.6s)
2026-06-24 19:28:54,596 - INFO - Test instance 0.2500, class 0.2500
Test instance 0.2500, class 0.2500
2026-06-24 19:28:54,596 - INFO - Best instance 0.2500, class 0.2500 (epoch 1)
Best instance 0.2500, class 0.2500 (epoch 1)
2026-06-24 19:28:54,614 - INFO - Epoch 5/200:
Epoch 5/200:
2026-06-24 19:28:57,213 - INFO - Train loss: 0.7339 (2.6s)
Train loss: 0.7339 (2.6s)
2026-06-24 19:28:57,462 - INFO - Test instance 0.2750, class 0.2750
Test instance 0.2750, class 0.2750
2026-06-24 19:28:57,479 - INFO - Best instance 0.2750, class 0.2750 (epoch 5)
Best instance 0.2750, class 0.2750 (epoch 5)
2026-06-24 19:28:57,497 - INFO - Epoch 6/200:
Epoch 6/200:
2026-06-24 19:29:00,112 - INFO - Train loss: 0.7099 (2.6s)
Train loss: 0.7099 (2.6s)
2026-06-24 19:29:00,362 - INFO - Test instance 0.2875, class 0.2875
Test instance 0.2875, class 0.2875
2026-06-24 19:29:00,380 - INFO - Best instance 0.2875, class 0.2875 (epoch 6)
Best instance 0.2875, class 0.2875 (epoch 6)
2026-06-24 19:29:00,397 - INFO - Epoch 7/200:
Epoch 7/200:
2026-06-24 19:29:03,045 - INFO - Train loss: 0.6810 (2.6s)
Train loss: 0.6810 (2.6s)
2026-06-24 19:29:03,291 - INFO - Test instance 0.4750, class 0.4750
Test instance 0.4750, class 0.4750
2026-06-24 19:29:03,308 - INFO - Best instance 0.4750, class 0.4750 (epoch 7)
Best instance 0.4750, class 0.4750 (epoch 7)
2026-06-24 19:29:03,325 - INFO - Epoch 8/200:
Epoch 8/200:
2026-06-24 19:29:06,543 - INFO - Train loss: 0.6945 (3.2s)
Train loss: 0.6945 (3.2s)
2026-06-24 19:29:06,851 - INFO - Test instance 0.2625, class 0.2625
Test instance 0.2625, class 0.2625
2026-06-24 19:29:06,852 - INFO - Best instance 0.4750, class 0.4750 (epoch 7)
Best instance 0.4750, class 0.4750 (epoch 7)
2026-06-24 19:29:06,870 - INFO - Epoch 9/200:
Epoch 9/200:
2026-06-24 19:29:10,095 - INFO - Train loss: 0.6608 (3.2s)
Train loss: 0.6608 (3.2s)
2026-06-24 19:29:10,407 - INFO - Test instance 0.2750, class 0.2750
Test instance 0.2750, class 0.2750
2026-06-24 19:29:10,409 - INFO - Best instance 0.4750, class 0.4750 (epoch 7)
Best instance 0.4750, class 0.4750 (epoch 7)
2026-06-24 19:29:10,430 - INFO - Epoch 10/200:
Epoch 10/200:
2026-06-24 19:29:13,007 - INFO - Train loss: 0.6548 (2.6s)
Train loss: 0.6548 (2.6s)
2026-06-24 19:29:13,254 - INFO - Test instance 0.4375, class 0.4375
Test instance 0.4375, class 0.4375
2026-06-24 19:29:13,255 - INFO - Best instance 0.4750, class 0.4750 (epoch 7)
Best instance 0.4750, class 0.4750 (epoch 7)
2026-06-24 19:29:13,274 - INFO - Epoch 11/200:
Epoch 11/200:
2026-06-24 19:29:15,830 - INFO - Train loss: 0.6324 (2.6s)
Train loss: 0.6324 (2.6s)
2026-06-24 19:29:16,079 - INFO - Test instance 0.6000, class 0.6000
Test instance 0.6000, class 0.6000
2026-06-24 19:29:16,098 - INFO - Best instance 0.6000, class 0.6000 (epoch 11)
Best instance 0.6000, class 0.6000 (epoch 11)
2026-06-24 19:29:16,116 - INFO - Epoch 12/200:
Epoch 12/200:
2026-06-24 19:29:18,667 - INFO - Train loss: 0.6392 (2.6s)
Train loss: 0.6392 (2.6s)
2026-06-24 19:29:18,915 - INFO - Test instance 0.5500, class 0.5500
Test instance 0.5500, class 0.5500
2026-06-24 19:29:18,915 - INFO - Best instance 0.6000, class 0.6000 (epoch 11)
Best instance 0.6000, class 0.6000 (epoch 11)
2026-06-24 19:29:18,933 - INFO - Epoch 13/200:
Epoch 13/200:
2026-06-24 19:29:21,502 - INFO - Train loss: 0.6264 (2.6s)
Train loss: 0.6264 (2.6s)
2026-06-24 19:29:21,751 - INFO - Test instance 0.4000, class 0.4000
Test instance 0.4000, class 0.4000
2026-06-24 19:29:21,752 - INFO - Best instance 0.6000, class 0.6000 (epoch 11)
Best instance 0.6000, class 0.6000 (epoch 11)
2026-06-24 19:29:21,768 - INFO - Epoch 14/200:
Epoch 14/200:
2026-06-24 19:29:24,344 - INFO - Train loss: 0.6112 (2.6s)
Train loss: 0.6112 (2.6s)
2026-06-24 19:29:24,591 - INFO - Test instance 0.5875, class 0.5875
Test instance 0.5875, class 0.5875
2026-06-24 19:29:24,592 - INFO - Best instance 0.6000, class 0.6000 (epoch 11)
Best instance 0.6000, class 0.6000 (epoch 11)
2026-06-24 19:29:24,610 - INFO - Epoch 15/200:
Epoch 15/200:
2026-06-24 19:29:27,158 - INFO - Train loss: 0.6072 (2.5s)
Train loss: 0.6072 (2.5s)
2026-06-24 19:29:27,478 - INFO - Test instance 0.6125, class 0.6125
Test instance 0.6125, class 0.6125
2026-06-24 19:29:27,500 - INFO - Best instance 0.6125, class 0.6125 (epoch 15)
Best instance 0.6125, class 0.6125 (epoch 15)
2026-06-24 19:29:27,520 - INFO - Epoch 16/200:
Epoch 16/200:
2026-06-24 19:29:30,125 - INFO - Train loss: 0.5874 (2.6s)
Train loss: 0.5874 (2.6s)
2026-06-24 19:29:30,438 - INFO - Test instance 0.6125, class 0.6125
Test instance 0.6125, class 0.6125
2026-06-24 19:29:30,439 - INFO - Best instance 0.6125, class 0.6125 (epoch 15)
Best instance 0.6125, class 0.6125 (epoch 15)
2026-06-24 19:29:30,459 - INFO - Epoch 17/200:
Epoch 17/200:
2026-06-24 19:29:33,043 - INFO - Train loss: 0.5755 (2.6s)
Train loss: 0.5755 (2.6s)
2026-06-24 19:29:33,294 - INFO - Test instance 0.5375, class 0.5375
Test instance 0.5375, class 0.5375
2026-06-24 19:29:33,294 - INFO - Best instance 0.6125, class 0.6125 (epoch 15)
Best instance 0.6125, class 0.6125 (epoch 15)
2026-06-24 19:29:33,312 - INFO - Epoch 18/200:
Epoch 18/200:
2026-06-24 19:29:35,899 - INFO - Train loss: 0.5944 (2.6s)
Train loss: 0.5944 (2.6s)
2026-06-24 19:29:36,145 - INFO - Test instance 0.6250, class 0.6250
Test instance 0.6250, class 0.6250
2026-06-24 19:29:36,166 - INFO - Best instance 0.6250, class 0.6250 (epoch 18)
Best instance 0.6250, class 0.6250 (epoch 18)
2026-06-24 19:29:36,183 - INFO - Epoch 19/200:
Epoch 19/200:
2026-06-24 19:29:38,742 - INFO - Train loss: 0.5618 (2.6s)
Train loss: 0.5618 (2.6s)
2026-06-24 19:29:38,986 - INFO - Test instance 0.6250, class 0.6250
Test instance 0.6250, class 0.6250
2026-06-24 19:29:38,987 - INFO - Best instance 0.6250, class 0.6250 (epoch 18)
Best instance 0.6250, class 0.6250 (epoch 18)
2026-06-24 19:29:39,004 - INFO - Epoch 20/200:
Epoch 20/200:
2026-06-24 19:29:41,568 - INFO - Train loss: 0.5717 (2.6s)
Train loss: 0.5717 (2.6s)
2026-06-24 19:29:41,822 - INFO - Test instance 0.7750, class 0.7750
Test instance 0.7750, class 0.7750
2026-06-24 19:29:41,839 - INFO - Best instance 0.7750, class 0.7750 (epoch 20)
Best instance 0.7750, class 0.7750 (epoch 20)
2026-06-24 19:29:41,856 - INFO - Epoch 21/200:
Epoch 21/200:
2026-06-24 19:29:44,406 - INFO - Train loss: 0.5636 (2.5s)
Train loss: 0.5636 (2.5s)
2026-06-24 19:29:44,650 - INFO - Test instance 0.8125, class 0.8125
Test instance 0.8125, class 0.8125
2026-06-24 19:29:44,668 - INFO - Best instance 0.8125, class 0.8125 (epoch 21)
Best instance 0.8125, class 0.8125 (epoch 21)
2026-06-24 19:29:44,687 - INFO - Epoch 22/200:
Epoch 22/200:
2026-06-24 19:29:47,218 - INFO - Train loss: 0.5689 (2.5s)
Train loss: 0.5689 (2.5s)
2026-06-24 19:29:47,460 - INFO - Test instance 0.6500, class 0.6500
Test instance 0.6500, class 0.6500
2026-06-24 19:29:47,460 - INFO - Best instance 0.8125, class 0.8125 (epoch 21)
Best instance 0.8125, class 0.8125 (epoch 21)
2026-06-24 19:29:47,477 - INFO - Epoch 23/200:
Epoch 23/200:
2026-06-24 19:29:50,020 - INFO - Train loss: 0.5479 (2.5s)
Train loss: 0.5479 (2.5s)
2026-06-24 19:29:50,266 - INFO - Test instance 0.7750, class 0.7750
Test instance 0.7750, class 0.7750
2026-06-24 19:29:50,266 - INFO - Best instance 0.8125, class 0.8125 (epoch 21)
Best instance 0.8125, class 0.8125 (epoch 21)
2026-06-24 19:29:50,284 - INFO - Epoch 24/200:
Epoch 24/200:
2026-06-24 19:29:52,825 - INFO - Train loss: 0.5513 (2.5s)
Train loss: 0.5513 (2.5s)
2026-06-24 19:29:53,072 - INFO - Test instance 0.8000, class 0.8000
Test instance 0.8000, class 0.8000
2026-06-24 19:29:53,072 - INFO - Best instance 0.8125, class 0.8125 (epoch 21)
Best instance 0.8125, class 0.8125 (epoch 21)
2026-06-24 19:29:53,090 - INFO - Epoch 25/200:
Epoch 25/200:
2026-06-24 19:29:55,641 - INFO - Train loss: 0.5664 (2.6s)
Train loss: 0.5664 (2.6s)
2026-06-24 19:29:55,890 - INFO - Test instance 0.5500, class 0.5500
Test instance 0.5500, class 0.5500
2026-06-24 19:29:55,890 - INFO - Best instance 0.8125, class 0.8125 (epoch 21)
Best instance 0.8125, class 0.8125 (epoch 21)
2026-06-24 19:29:55,908 - INFO - Epoch 26/200:
Epoch 26/200:
2026-06-24 19:29:59,127 - INFO - Train loss: 0.5615 (3.2s)
Train loss: 0.5615 (3.2s)
2026-06-24 19:29:59,378 - INFO - Test instance 0.5125, class 0.5125
Test instance 0.5125, class 0.5125
2026-06-24 19:29:59,379 - INFO - Best instance 0.8125, class 0.8125 (epoch 21)
Best instance 0.8125, class 0.8125 (epoch 21)
2026-06-24 19:29:59,397 - INFO - Epoch 27/200:
Epoch 27/200:
2026-06-24 19:30:01,982 - INFO - Train loss: 0.5619 (2.6s)
Train loss: 0.5619 (2.6s)
2026-06-24 19:30:02,237 - INFO - Test instance 0.8125, class 0.8125
Test instance 0.8125, class 0.8125
2026-06-24 19:30:02,238 - INFO - Best instance 0.8125, class 0.8125 (epoch 21)
Best instance 0.8125, class 0.8125 (epoch 21)
2026-06-24 19:30:02,256 - INFO - Epoch 28/200:
Epoch 28/200:
2026-06-24 19:30:04,825 - INFO - Train loss: 0.5361 (2.6s)
Train loss: 0.5361 (2.6s)
2026-06-24 19:30:05,073 - INFO - Test instance 0.7625, class 0.7625
Test instance 0.7625, class 0.7625
2026-06-24 19:30:05,073 - INFO - Best instance 0.8125, class 0.8125 (epoch 21)
Best instance 0.8125, class 0.8125 (epoch 21)
2026-06-24 19:30:05,091 - INFO - Epoch 29/200:
Epoch 29/200:
2026-06-24 19:30:07,678 - INFO - Train loss: 0.5443 (2.6s)
Train loss: 0.5443 (2.6s)
2026-06-24 19:30:07,928 - INFO - Test instance 0.7125, class 0.7125
Test instance 0.7125, class 0.7125
2026-06-24 19:30:07,929 - INFO - Best instance 0.8125, class 0.8125 (epoch 21)
Best instance 0.8125, class 0.8125 (epoch 21)
2026-06-24 19:30:07,947 - INFO - Epoch 30/200:
Epoch 30/200:
2026-06-24 19:30:10,538 - INFO - Train loss: 0.5315 (2.6s)
Train loss: 0.5315 (2.6s)
2026-06-24 19:30:10,784 - INFO - Test instance 0.8375, class 0.8375
Test instance 0.8375, class 0.8375
2026-06-24 19:30:10,802 - INFO - Best instance 0.8375, class 0.8375 (epoch 30)
Best instance 0.8375, class 0.8375 (epoch 30)
2026-06-24 19:30:10,820 - INFO - Epoch 31/200:
Epoch 31/200:
2026-06-24 19:30:13,419 - INFO - Train loss: 0.5264 (2.6s)
Train loss: 0.5264 (2.6s)
2026-06-24 19:30:13,664 - INFO - Test instance 0.7250, class 0.7250
Test instance 0.7250, class 0.7250
2026-06-24 19:30:13,664 - INFO - Best instance 0.8375, class 0.8375 (epoch 30)
Best instance 0.8375, class 0.8375 (epoch 30)
2026-06-24 19:30:13,682 - INFO - Epoch 32/200:
Epoch 32/200:
2026-06-24 19:30:16,273 - INFO - Train loss: 0.5289 (2.6s)
Train loss: 0.5289 (2.6s)
2026-06-24 19:30:16,527 - INFO - Test instance 0.6875, class 0.6875
Test instance 0.6875, class 0.6875
2026-06-24 19:30:16,527 - INFO - Best instance 0.8375, class 0.8375 (epoch 30)
Best instance 0.8375, class 0.8375 (epoch 30)
2026-06-24 19:30:16,545 - INFO - Epoch 33/200:
Epoch 33/200:
2026-06-24 19:30:19,107 - INFO - Train loss: 0.5192 (2.6s)
Train loss: 0.5192 (2.6s)
2026-06-24 19:30:19,351 - INFO - Test instance 0.7500, class 0.7500
Test instance 0.7500, class 0.7500
2026-06-24 19:30:19,351 - INFO - Best instance 0.8375, class 0.8375 (epoch 30)
Best instance 0.8375, class 0.8375 (epoch 30)
2026-06-24 19:30:19,369 - INFO - Epoch 34/200:
Epoch 34/200:
2026-06-24 19:30:21,926 - INFO - Train loss: 0.5164 (2.6s)
Train loss: 0.5164 (2.6s)
2026-06-24 19:30:22,172 - INFO - Test instance 0.7750, class 0.7750
Test instance 0.7750, class 0.7750
2026-06-24 19:30:22,173 - INFO - Best instance 0.8375, class 0.8375 (epoch 30)
Best instance 0.8375, class 0.8375 (epoch 30)
2026-06-24 19:30:22,190 - INFO - Epoch 35/200:
Epoch 35/200:
2026-06-24 19:30:25,405 - INFO - Train loss: 0.5164 (3.2s)
Train loss: 0.5164 (3.2s)
2026-06-24 19:30:25,718 - INFO - Test instance 0.7625, class 0.7625
Test instance 0.7625, class 0.7625
2026-06-24 19:30:25,718 - INFO - Best instance 0.8375, class 0.8375 (epoch 30)
Best instance 0.8375, class 0.8375 (epoch 30)
2026-06-24 19:30:25,737 - INFO - Epoch 36/200:
Epoch 36/200:
2026-06-24 19:30:28,973 - INFO - Train loss: 0.5509 (3.2s)
Train loss: 0.5509 (3.2s)
2026-06-24 19:30:29,286 - INFO - Test instance 0.7250, class 0.7250
Test instance 0.7250, class 0.7250
2026-06-24 19:30:29,286 - INFO - Best instance 0.8375, class 0.8375 (epoch 30)
Best instance 0.8375, class 0.8375 (epoch 30)
2026-06-24 19:30:29,305 - INFO - Epoch 37/200:
Epoch 37/200:
2026-06-24 19:30:32,530 - INFO - Train loss: 0.5138 (3.2s)
Train loss: 0.5138 (3.2s)
2026-06-24 19:30:32,783 - INFO - Test instance 0.7875, class 0.7875
Test instance 0.7875, class 0.7875
2026-06-24 19:30:32,783 - INFO - Best instance 0.8375, class 0.8375 (epoch 30)
Best instance 0.8375, class 0.8375 (epoch 30)
2026-06-24 19:30:32,801 - INFO - Epoch 38/200:
Epoch 38/200:
2026-06-24 19:30:35,362 - INFO - Train loss: 0.5006 (2.6s)
Train loss: 0.5006 (2.6s)
2026-06-24 19:30:35,608 - INFO - Test instance 0.7375, class 0.7375
Test instance 0.7375, class 0.7375
2026-06-24 19:30:35,609 - INFO - Best instance 0.8375, class 0.8375 (epoch 30)
Best instance 0.8375, class 0.8375 (epoch 30)
2026-06-24 19:30:35,629 - INFO - Epoch 39/200:
Epoch 39/200:
2026-06-24 19:30:38,177 - INFO - Train loss: 0.5291 (2.5s)
Train loss: 0.5291 (2.5s)
2026-06-24 19:30:38,419 - INFO - Test instance 0.8500, class 0.8500
Test instance 0.8500, class 0.8500
2026-06-24 19:30:38,437 - INFO - Best instance 0.8500, class 0.8500 (epoch 39)
Best instance 0.8500, class 0.8500 (epoch 39)
2026-06-24 19:30:38,454 - INFO - Epoch 40/200:
Epoch 40/200:
2026-06-24 19:30:40,996 - INFO - Train loss: 0.5078 (2.5s)
Train loss: 0.5078 (2.5s)
2026-06-24 19:30:41,236 - INFO - Test instance 0.8500, class 0.8500
Test instance 0.8500, class 0.8500
2026-06-24 19:30:41,237 - INFO - Best instance 0.8500, class 0.8500 (epoch 39)
Best instance 0.8500, class 0.8500 (epoch 39)
2026-06-24 19:30:41,254 - INFO - Epoch 41/200:
Epoch 41/200:
2026-06-24 19:30:43,812 - INFO - Train loss: 0.5154 (2.6s)
Train loss: 0.5154 (2.6s)
2026-06-24 19:30:44,065 - INFO - Test instance 0.7750, class 0.7750
Test instance 0.7750, class 0.7750
2026-06-24 19:30:44,065 - INFO - Best instance 0.8500, class 0.8500 (epoch 39)
Best instance 0.8500, class 0.8500 (epoch 39)
2026-06-24 19:30:44,084 - INFO - Epoch 42/200:
Epoch 42/200:
2026-06-24 19:30:46,627 - INFO - Train loss: 0.4911 (2.5s)
Train loss: 0.4911 (2.5s)
2026-06-24 19:30:46,888 - INFO - Test instance 0.8375, class 0.8375
Test instance 0.8375, class 0.8375
2026-06-24 19:30:46,888 - INFO - Best instance 0.8500, class 0.8500 (epoch 39)
Best instance 0.8500, class 0.8500 (epoch 39)
2026-06-24 19:30:46,905 - INFO - Epoch 43/200:
Epoch 43/200:
2026-06-24 19:30:50,145 - INFO - Train loss: 0.5106 (3.2s)
Train loss: 0.5106 (3.2s)
2026-06-24 19:30:50,462 - INFO - Test instance 0.8250, class 0.8250
Test instance 0.8250, class 0.8250
2026-06-24 19:30:50,462 - INFO - Best instance 0.8500, class 0.8500 (epoch 39)
Best instance 0.8500, class 0.8500 (epoch 39)
2026-06-24 19:30:50,484 - INFO - Epoch 44/200:
Epoch 44/200:
2026-06-24 19:30:53,043 - INFO - Train loss: 0.4877 (2.6s)
Train loss: 0.4877 (2.6s)
2026-06-24 19:30:53,295 - INFO - Test instance 0.8125, class 0.8125
Test instance 0.8125, class 0.8125
2026-06-24 19:30:53,295 - INFO - Best instance 0.8500, class 0.8500 (epoch 39)
Best instance 0.8500, class 0.8500 (epoch 39)
2026-06-24 19:30:53,313 - INFO - Epoch 45/200:
Epoch 45/200:
2026-06-24 19:30:55,862 - INFO - Train loss: 0.5087 (2.5s)
Train loss: 0.5087 (2.5s)
2026-06-24 19:30:56,104 - INFO - Test instance 0.8125, class 0.8125
Test instance 0.8125, class 0.8125
2026-06-24 19:30:56,104 - INFO - Best instance 0.8500, class 0.8500 (epoch 39)
Best instance 0.8500, class 0.8500 (epoch 39)
2026-06-24 19:30:56,122 - INFO - Epoch 46/200:
Epoch 46/200:
2026-06-24 19:30:58,677 - INFO - Train loss: 0.5029 (2.6s)
Train loss: 0.5029 (2.6s)
2026-06-24 19:30:58,926 - INFO - Test instance 0.7500, class 0.7500
Test instance 0.7500, class 0.7500
2026-06-24 19:30:58,926 - INFO - Best instance 0.8500, class 0.8500 (epoch 39)
Best instance 0.8500, class 0.8500 (epoch 39)
2026-06-24 19:30:58,944 - INFO - Epoch 47/200:
Epoch 47/200:
2026-06-24 19:31:02,201 - INFO - Train loss: 0.5003 (3.3s)
Train loss: 0.5003 (3.3s)
2026-06-24 19:31:02,533 - INFO - Test instance 0.8125, class 0.8125
Test instance 0.8125, class 0.8125
2026-06-24 19:31:02,534 - INFO - Best instance 0.8500, class 0.8500 (epoch 39)
Best instance 0.8500, class 0.8500 (epoch 39)
2026-06-24 19:31:02,554 - INFO - Epoch 48/200:
Epoch 48/200:
2026-06-24 19:31:05,139 - INFO - Train loss: 0.4944 (2.6s)
Train loss: 0.4944 (2.6s)
2026-06-24 19:31:05,385 - INFO - Test instance 0.8375, class 0.8375
Test instance 0.8375, class 0.8375
2026-06-24 19:31:05,386 - INFO - Best instance 0.8500, class 0.8500 (epoch 39)
Best instance 0.8500, class 0.8500 (epoch 39)
2026-06-24 19:31:05,406 - INFO - Epoch 49/200:
Epoch 49/200:
2026-06-24 19:31:08,653 - INFO - Train loss: 0.4906 (3.2s)
Train loss: 0.4906 (3.2s)
2026-06-24 19:31:08,966 - INFO - Test instance 0.8000, class 0.8000
Test instance 0.8000, class 0.8000
2026-06-24 19:31:08,966 - INFO - Best instance 0.8500, class 0.8500 (epoch 39)
Best instance 0.8500, class 0.8500 (epoch 39)
2026-06-24 19:31:08,985 - INFO - Epoch 50/200:
Epoch 50/200:
2026-06-24 19:31:11,544 - INFO - Train loss: 0.5032 (2.6s)
Train loss: 0.5032 (2.6s)
2026-06-24 19:31:11,795 - INFO - Test instance 0.7500, class 0.7500
Test instance 0.7500, class 0.7500
2026-06-24 19:31:11,796 - INFO - Best instance 0.8500, class 0.8500 (epoch 39)
Best instance 0.8500, class 0.8500 (epoch 39)
2026-06-24 19:31:11,814 - INFO - Epoch 51/200:
Epoch 51/200:
2026-06-24 19:31:14,377 - INFO - Train loss: 0.4880 (2.6s)
Train loss: 0.4880 (2.6s)
2026-06-24 19:31:14,630 - INFO - Test instance 0.8250, class 0.8250
Test instance 0.8250, class 0.8250
2026-06-24 19:31:14,631 - INFO - Best instance 0.8500, class 0.8500 (epoch 39)
Best instance 0.8500, class 0.8500 (epoch 39)
2026-06-24 19:31:14,648 - INFO - Epoch 52/200:
Epoch 52/200:
2026-06-24 19:31:17,199 - INFO - Train loss: 0.5004 (2.6s)
Train loss: 0.5004 (2.6s)
2026-06-24 19:31:17,441 - INFO - Test instance 0.8625, class 0.8625
Test instance 0.8625, class 0.8625
2026-06-24 19:31:17,458 - INFO - Best instance 0.8625, class 0.8625 (epoch 52)
Best instance 0.8625, class 0.8625 (epoch 52)
2026-06-24 19:31:17,475 - INFO - Epoch 53/200:
Epoch 53/200:
2026-06-24 19:31:20,030 - INFO - Train loss: 0.4995 (2.6s)
Train loss: 0.4995 (2.6s)
2026-06-24 19:31:20,277 - INFO - Test instance 0.8125, class 0.8125
Test instance 0.8125, class 0.8125
2026-06-24 19:31:20,277 - INFO - Best instance 0.8625, class 0.8625 (epoch 52)
Best instance 0.8625, class 0.8625 (epoch 52)
2026-06-24 19:31:20,295 - INFO - Epoch 54/200:
Epoch 54/200:
2026-06-24 19:31:22,865 - INFO - Train loss: 0.4990 (2.6s)
Train loss: 0.4990 (2.6s)
2026-06-24 19:31:23,112 - INFO - Test instance 0.8500, class 0.8500
Test instance 0.8500, class 0.8500
2026-06-24 19:31:23,112 - INFO - Best instance 0.8625, class 0.8625 (epoch 52)
Best instance 0.8625, class 0.8625 (epoch 52)
2026-06-24 19:31:23,129 - INFO - Epoch 55/200:
Epoch 55/200:
2026-06-24 19:31:25,691 - INFO - Train loss: 0.4940 (2.6s)
Train loss: 0.4940 (2.6s)
2026-06-24 19:31:25,932 - INFO - Test instance 0.8375, class 0.8375
Test instance 0.8375, class 0.8375
2026-06-24 19:31:25,932 - INFO - Best instance 0.8625, class 0.8625 (epoch 52)
Best instance 0.8625, class 0.8625 (epoch 52)
2026-06-24 19:31:25,950 - INFO - Epoch 56/200:
Epoch 56/200:
2026-06-24 19:31:28,498 - INFO - Train loss: 0.4997 (2.5s)
Train loss: 0.4997 (2.5s)
2026-06-24 19:31:28,747 - INFO - Test instance 0.8625, class 0.8625
Test instance 0.8625, class 0.8625
2026-06-24 19:31:28,747 - INFO - Best instance 0.8625, class 0.8625 (epoch 52)
Best instance 0.8625, class 0.8625 (epoch 52)
2026-06-24 19:31:28,795 - INFO - Epoch 57/200:
Epoch 57/200:
2026-06-24 19:31:32,027 - INFO - Train loss: 0.5112 (3.2s)
Train loss: 0.5112 (3.2s)
2026-06-24 19:31:32,288 - INFO - Test instance 0.8875, class 0.8875
Test instance 0.8875, class 0.8875
2026-06-24 19:31:32,307 - INFO - Best instance 0.8875, class 0.8875 (epoch 57)
Best instance 0.8875, class 0.8875 (epoch 57)
2026-06-24 19:31:32,323 - INFO - Epoch 58/200:
Epoch 58/200:
2026-06-24 19:31:34,900 - INFO - Train loss: 0.4914 (2.6s)
Train loss: 0.4914 (2.6s)
2026-06-24 19:31:35,149 - INFO - Test instance 0.8625, class 0.8625
Test instance 0.8625, class 0.8625
2026-06-24 19:31:35,149 - INFO - Best instance 0.8875, class 0.8875 (epoch 57)
Best instance 0.8875, class 0.8875 (epoch 57)
2026-06-24 19:31:35,170 - INFO - Epoch 59/200:
Epoch 59/200:
2026-06-24 19:31:38,399 - INFO - Train loss: 0.4963 (3.2s)
Train loss: 0.4963 (3.2s)
2026-06-24 19:31:38,714 - INFO - Test instance 0.7500, class 0.7500
Test instance 0.7500, class 0.7500
2026-06-24 19:31:38,714 - INFO - Best instance 0.8875, class 0.8875 (epoch 57)
Best instance 0.8875, class 0.8875 (epoch 57)
2026-06-24 19:31:38,736 - INFO - Epoch 60/200:
Epoch 60/200:
2026-06-24 19:31:41,279 - INFO - Train loss: 0.4765 (2.5s)
Train loss: 0.4765 (2.5s)
2026-06-24 19:31:41,523 - INFO - Test instance 0.8125, class 0.8125
Test instance 0.8125, class 0.8125
2026-06-24 19:31:41,524 - INFO - Best instance 0.8875, class 0.8875 (epoch 57)
Best instance 0.8875, class 0.8875 (epoch 57)
2026-06-24 19:31:41,543 - INFO - Epoch 61/200:
Epoch 61/200:
2026-06-24 19:31:44,112 - INFO - Train loss: 0.4778 (2.6s)
Train loss: 0.4778 (2.6s)
2026-06-24 19:31:44,356 - INFO - Test instance 0.8375, class 0.8375
Test instance 0.8375, class 0.8375
2026-06-24 19:31:44,356 - INFO - Best instance 0.8875, class 0.8875 (epoch 57)
Best instance 0.8875, class 0.8875 (epoch 57)
2026-06-24 19:31:44,374 - INFO - Epoch 62/200:
Epoch 62/200:
2026-06-24 19:31:46,932 - INFO - Train loss: 0.4806 (2.6s)
Train loss: 0.4806 (2.6s)
2026-06-24 19:31:47,177 - INFO - Test instance 0.8875, class 0.8875
Test instance 0.8875, class 0.8875
2026-06-24 19:31:47,177 - INFO - Best instance 0.8875, class 0.8875 (epoch 57)
Best instance 0.8875, class 0.8875 (epoch 57)
2026-06-24 19:31:47,195 - INFO - Epoch 63/200:
Epoch 63/200:
2026-06-24 19:31:49,746 - INFO - Train loss: 0.4888 (2.6s)
Train loss: 0.4888 (2.6s)
2026-06-24 19:31:49,999 - INFO - Test instance 0.9125, class 0.9125
Test instance 0.9125, class 0.9125
2026-06-24 19:31:50,020 - INFO - Best instance 0.9125, class 0.9125 (epoch 63)
Best instance 0.9125, class 0.9125 (epoch 63)
2026-06-24 19:31:50,037 - INFO - Epoch 64/200:
Epoch 64/200:
2026-06-24 19:31:52,593 - INFO - Train loss: 0.4882 (2.6s)
Train loss: 0.4882 (2.6s)
2026-06-24 19:31:52,841 - INFO - Test instance 0.9125, class 0.9125
Test instance 0.9125, class 0.9125
2026-06-24 19:31:52,841 - INFO - Best instance 0.9125, class 0.9125 (epoch 63)
Best instance 0.9125, class 0.9125 (epoch 63)
2026-06-24 19:31:52,860 - INFO - Epoch 65/200:
Epoch 65/200:
2026-06-24 19:31:55,434 - INFO - Train loss: 0.4782 (2.6s)
Train loss: 0.4782 (2.6s)
2026-06-24 19:31:55,751 - INFO - Test instance 0.9000, class 0.9000
Test instance 0.9000, class 0.9000
2026-06-24 19:31:55,752 - INFO - Best instance 0.9125, class 0.9125 (epoch 63)
Best instance 0.9125, class 0.9125 (epoch 63)
2026-06-24 19:31:55,771 - INFO - Epoch 66/200:
Epoch 66/200:
2026-06-24 19:31:58,336 - INFO - Train loss: 0.4642 (2.6s)
Train loss: 0.4642 (2.6s)
2026-06-24 19:31:58,577 - INFO - Test instance 0.9000, class 0.9000
Test instance 0.9000, class 0.9000
2026-06-24 19:31:58,577 - INFO - Best instance 0.9125, class 0.9125 (epoch 63)
Best instance 0.9125, class 0.9125 (epoch 63)
2026-06-24 19:31:58,596 - INFO - Epoch 67/200:
Epoch 67/200:
2026-06-24 19:32:01,139 - INFO - Train loss: 0.4988 (2.5s)
Train loss: 0.4988 (2.5s)
2026-06-24 19:32:01,386 - INFO - Test instance 0.8625, class 0.8625
Test instance 0.8625, class 0.8625
2026-06-24 19:32:01,386 - INFO - Best instance 0.9125, class 0.9125 (epoch 63)
Best instance 0.9125, class 0.9125 (epoch 63)
2026-06-24 19:32:01,404 - INFO - Epoch 68/200:
Epoch 68/200:
2026-06-24 19:32:04,032 - INFO - Train loss: 0.4613 (2.6s)
Train loss: 0.4613 (2.6s)
2026-06-24 19:32:04,274 - INFO - Test instance 0.9000, class 0.9000
Test instance 0.9000, class 0.9000
2026-06-24 19:32:04,275 - INFO - Best instance 0.9125, class 0.9125 (epoch 63)
Best instance 0.9125, class 0.9125 (epoch 63)
2026-06-24 19:32:04,292 - INFO - Epoch 69/200:
Epoch 69/200:
2026-06-24 19:32:06,832 - INFO - Train loss: 0.4823 (2.5s)
Train loss: 0.4823 (2.5s)
2026-06-24 19:32:07,078 - INFO - Test instance 0.8250, class 0.8250
Test instance 0.8250, class 0.8250
2026-06-24 19:32:07,079 - INFO - Best instance 0.9125, class 0.9125 (epoch 63)
Best instance 0.9125, class 0.9125 (epoch 63)
2026-06-24 19:32:07,095 - INFO - Epoch 70/200:
Epoch 70/200:
2026-06-24 19:32:09,654 - INFO - Train loss: 0.4722 (2.6s)
Train loss: 0.4722 (2.6s)
2026-06-24 19:32:09,898 - INFO - Test instance 0.9375, class 0.9375
Test instance 0.9375, class 0.9375
2026-06-24 19:32:09,916 - INFO - Best instance 0.9375, class 0.9375 (epoch 70)
Best instance 0.9375, class 0.9375 (epoch 70)
2026-06-24 19:32:09,933 - INFO - Epoch 71/200:
Epoch 71/200:
2026-06-24 19:32:13,165 - INFO - Train loss: 0.4616 (3.2s)
Train loss: 0.4616 (3.2s)
2026-06-24 19:32:13,421 - INFO - Test instance 0.8875, class 0.8875
Test instance 0.8875, class 0.8875
2026-06-24 19:32:13,421 - INFO - Best instance 0.9375, class 0.9375 (epoch 70)
Best instance 0.9375, class 0.9375 (epoch 70)
2026-06-24 19:32:13,439 - INFO - Epoch 72/200:
Epoch 72/200:
2026-06-24 19:32:16,002 - INFO - Train loss: 0.4926 (2.6s)
Train loss: 0.4926 (2.6s)
2026-06-24 19:32:16,250 - INFO - Test instance 0.8375, class 0.8375
Test instance 0.8375, class 0.8375
2026-06-24 19:32:16,251 - INFO - Best instance 0.9375, class 0.9375 (epoch 70)
Best instance 0.9375, class 0.9375 (epoch 70)
2026-06-24 19:32:16,268 - INFO - Epoch 73/200:
Epoch 73/200:
2026-06-24 19:32:18,818 - INFO - Train loss: 0.4704 (2.5s)
Train loss: 0.4704 (2.5s)
2026-06-24 19:32:19,075 - INFO - Test instance 0.8625, class 0.8625
Test instance 0.8625, class 0.8625
2026-06-24 19:32:19,075 - INFO - Best instance 0.9375, class 0.9375 (epoch 70)
Best instance 0.9375, class 0.9375 (epoch 70)
2026-06-24 19:32:19,093 - INFO - Epoch 74/200:
Epoch 74/200:
2026-06-24 19:32:21,643 - INFO - Train loss: 0.4890 (2.5s)
Train loss: 0.4890 (2.5s)
2026-06-24 19:32:21,961 - INFO - Test instance 0.8500, class 0.8500
Test instance 0.8500, class 0.8500
2026-06-24 19:32:21,962 - INFO - Best instance 0.9375, class 0.9375 (epoch 70)
Best instance 0.9375, class 0.9375 (epoch 70)
2026-06-24 19:32:21,981 - INFO - Epoch 75/200:
Epoch 75/200:
2026-06-24 19:32:24,518 - INFO - Train loss: 0.4782 (2.5s)
Train loss: 0.4782 (2.5s)
2026-06-24 19:32:24,772 - INFO - Test instance 0.8875, class 0.8875
Test instance 0.8875, class 0.8875
2026-06-24 19:32:24,772 - INFO - Best instance 0.9375, class 0.9375 (epoch 70)
Best instance 0.9375, class 0.9375 (epoch 70)
2026-06-24 19:32:24,789 - INFO - Epoch 76/200:
Epoch 76/200:
2026-06-24 19:32:27,348 - INFO - Train loss: 0.4742 (2.6s)
Train loss: 0.4742 (2.6s)
2026-06-24 19:32:27,599 - INFO - Test instance 0.8875, class 0.8875
Test instance 0.8875, class 0.8875
2026-06-24 19:32:27,600 - INFO - Best instance 0.9375, class 0.9375 (epoch 70)
Best instance 0.9375, class 0.9375 (epoch 70)
2026-06-24 19:32:27,617 - INFO - Epoch 77/200:
Epoch 77/200:
2026-06-24 19:32:30,167 - INFO - Train loss: 0.4619 (2.5s)
Train loss: 0.4619 (2.5s)
2026-06-24 19:32:30,425 - INFO - Test instance 0.9500, class 0.9500
Test instance 0.9500, class 0.9500
2026-06-24 19:32:30,445 - INFO - Best instance 0.9500, class 0.9500 (epoch 77)
Best instance 0.9500, class 0.9500 (epoch 77)
2026-06-24 19:32:30,462 - INFO - Epoch 78/200:
Epoch 78/200:
2026-06-24 19:32:33,013 - INFO - Train loss: 0.4567 (2.6s)
Train loss: 0.4567 (2.6s)
2026-06-24 19:32:33,336 - INFO - Test instance 0.8375, class 0.8375
Test instance 0.8375, class 0.8375
2026-06-24 19:32:33,337 - INFO - Best instance 0.9500, class 0.9500 (epoch 77)
Best instance 0.9500, class 0.9500 (epoch 77)
2026-06-24 19:32:33,356 - INFO - Epoch 79/200:
Epoch 79/200:
2026-06-24 19:32:36,590 - INFO - Train loss: 0.4723 (3.2s)
Train loss: 0.4723 (3.2s)
2026-06-24 19:32:36,906 - INFO - Test instance 0.8875, class 0.8875
Test instance 0.8875, class 0.8875
2026-06-24 19:32:36,906 - INFO - Best instance 0.9500, class 0.9500 (epoch 77)
Best instance 0.9500, class 0.9500 (epoch 77)
2026-06-24 19:32:36,926 - INFO - Epoch 80/200:
Epoch 80/200:
2026-06-24 19:32:39,491 - INFO - Train loss: 0.4809 (2.6s)
Train loss: 0.4809 (2.6s)
2026-06-24 19:32:39,738 - INFO - Test instance 0.8875, class 0.8875
Test instance 0.8875, class 0.8875
2026-06-24 19:32:39,739 - INFO - Best instance 0.9500, class 0.9500 (epoch 77)
Best instance 0.9500, class 0.9500 (epoch 77)
2026-06-24 19:32:39,757 - INFO - Epoch 81/200:
Epoch 81/200:
2026-06-24 19:32:42,306 - INFO - Train loss: 0.4665 (2.5s)
Train loss: 0.4665 (2.5s)
2026-06-24 19:32:42,563 - INFO - Test instance 0.9125, class 0.9125
Test instance 0.9125, class 0.9125
2026-06-24 19:32:42,563 - INFO - Best instance 0.9500, class 0.9500 (epoch 77)
Best instance 0.9500, class 0.9500 (epoch 77)
2026-06-24 19:32:42,582 - INFO - Epoch 82/200:
Epoch 82/200:
2026-06-24 19:32:45,138 - INFO - Train loss: 0.4615 (2.6s)
Train loss: 0.4615 (2.6s)
2026-06-24 19:32:45,457 - INFO - Test instance 0.8625, class 0.8625
Test instance 0.8625, class 0.8625
2026-06-24 19:32:45,457 - INFO - Best instance 0.9500, class 0.9500 (epoch 77)
Best instance 0.9500, class 0.9500 (epoch 77)
2026-06-24 19:32:45,477 - INFO - Epoch 83/200:
Epoch 83/200:
2026-06-24 19:32:48,020 - INFO - Train loss: 0.4681 (2.5s)
Train loss: 0.4681 (2.5s)
2026-06-24 19:32:48,266 - INFO - Test instance 0.9750, class 0.9750
Test instance 0.9750, class 0.9750
2026-06-24 19:32:48,283 - INFO - Best instance 0.9750, class 0.9750 (epoch 83)
Best instance 0.9750, class 0.9750 (epoch 83)
2026-06-24 19:32:48,300 - INFO - Epoch 84/200:
Epoch 84/200:
2026-06-24 19:32:50,839 - INFO - Train loss: 0.4541 (2.5s)
Train loss: 0.4541 (2.5s)
2026-06-24 19:32:51,162 - INFO - Test instance 0.9250, class 0.9250
Test instance 0.9250, class 0.9250
2026-06-24 19:32:51,162 - INFO - Best instance 0.9750, class 0.9750 (epoch 83)
Best instance 0.9750, class 0.9750 (epoch 83)
2026-06-24 19:32:51,182 - INFO - Epoch 85/200:
Epoch 85/200:
2026-06-24 19:32:53,727 - INFO - Train loss: 0.4643 (2.5s)
Train loss: 0.4643 (2.5s)
2026-06-24 19:32:53,982 - INFO - Test instance 0.9250, class 0.9250
Test instance 0.9250, class 0.9250
2026-06-24 19:32:53,982 - INFO - Best instance 0.9750, class 0.9750 (epoch 83)
Best instance 0.9750, class 0.9750 (epoch 83)
2026-06-24 19:32:53,999 - INFO - Epoch 86/200:
Epoch 86/200:
2026-06-24 19:32:56,564 - INFO - Train loss: 0.4545 (2.6s)
Train loss: 0.4545 (2.6s)
2026-06-24 19:32:56,821 - INFO - Test instance 0.9000, class 0.9000
Test instance 0.9000, class 0.9000
2026-06-24 19:32:56,822 - INFO - Best instance 0.9750, class 0.9750 (epoch 83)
Best instance 0.9750, class 0.9750 (epoch 83)
2026-06-24 19:32:56,839 - INFO - Epoch 87/200:
Epoch 87/200:
2026-06-24 19:32:59,407 - INFO - Train loss: 0.4605 (2.6s)
Train loss: 0.4605 (2.6s)
2026-06-24 19:32:59,650 - INFO - Test instance 0.9125, class 0.9125
Test instance 0.9125, class 0.9125
2026-06-24 19:32:59,650 - INFO - Best instance 0.9750, class 0.9750 (epoch 83)
Best instance 0.9750, class 0.9750 (epoch 83)
2026-06-24 19:32:59,669 - INFO - Epoch 88/200:
Epoch 88/200:
2026-06-24 19:33:02,275 - INFO - Train loss: 0.4597 (2.6s)
Train loss: 0.4597 (2.6s)
2026-06-24 19:33:02,529 - INFO - Test instance 0.9500, class 0.9500
Test instance 0.9500, class 0.9500
2026-06-24 19:33:02,533 - INFO - Best instance 0.9750, class 0.9750 (epoch 83)
Best instance 0.9750, class 0.9750 (epoch 83)
2026-06-24 19:33:02,557 - INFO - Epoch 89/200:
Epoch 89/200:
2026-06-24 19:33:05,125 - INFO - Train loss: 0.4654 (2.6s)
Train loss: 0.4654 (2.6s)
2026-06-24 19:33:05,372 - INFO - Test instance 0.9000, class 0.9000
Test instance 0.9000, class 0.9000
2026-06-24 19:33:05,373 - INFO - Best instance 0.9750, class 0.9750 (epoch 83)
Best instance 0.9750, class 0.9750 (epoch 83)
2026-06-24 19:33:05,392 - INFO - Epoch 90/200:
Epoch 90/200:
2026-06-24 19:33:07,933 - INFO - Train loss: 0.4587 (2.5s)
Train loss: 0.4587 (2.5s)
2026-06-24 19:33:08,183 - INFO - Test instance 0.8750, class 0.8750
Test instance 0.8750, class 0.8750
2026-06-24 19:33:08,183 - INFO - Best instance 0.9750, class 0.9750 (epoch 83)
Best instance 0.9750, class 0.9750 (epoch 83)
2026-06-24 19:33:08,200 - INFO - Epoch 91/200:
Epoch 91/200:
2026-06-24 19:33:10,767 - INFO - Train loss: 0.4508 (2.6s)
Train loss: 0.4508 (2.6s)
2026-06-24 19:33:11,012 - INFO - Test instance 0.9000, class 0.9000
Test instance 0.9000, class 0.9000
2026-06-24 19:33:11,012 - INFO - Best instance 0.9750, class 0.9750 (epoch 83)
Best instance 0.9750, class 0.9750 (epoch 83)
2026-06-24 19:33:11,030 - INFO - Epoch 92/200:
Epoch 92/200:
2026-06-24 19:33:13,587 - INFO - Train loss: 0.4478 (2.6s)
Train loss: 0.4478 (2.6s)
2026-06-24 19:33:13,831 - INFO - Test instance 0.9000, class 0.9000
Test instance 0.9000, class 0.9000
2026-06-24 19:33:13,831 - INFO - Best instance 0.9750, class 0.9750 (epoch 83)
Best instance 0.9750, class 0.9750 (epoch 83)
2026-06-24 19:33:13,848 - INFO - Epoch 93/200:
Epoch 93/200:
2026-06-24 19:33:16,416 - INFO - Train loss: 0.4616 (2.6s)
Train loss: 0.4616 (2.6s)
2026-06-24 19:33:16,663 - INFO - Test instance 0.9250, class 0.9250
Test instance 0.9250, class 0.9250
2026-06-24 19:33:16,663 - INFO - Best instance 0.9750, class 0.9750 (epoch 83)
Best instance 0.9750, class 0.9750 (epoch 83)
2026-06-24 19:33:16,680 - INFO - Epoch 94/200:
Epoch 94/200:
2026-06-24 19:33:19,216 - INFO - Train loss: 0.4684 (2.5s)
Train loss: 0.4684 (2.5s)
2026-06-24 19:33:19,465 - INFO - Test instance 0.9000, class 0.9000
Test instance 0.9000, class 0.9000
2026-06-24 19:33:19,466 - INFO - Best instance 0.9750, class 0.9750 (epoch 83)
Best instance 0.9750, class 0.9750 (epoch 83)
2026-06-24 19:33:19,484 - INFO - Epoch 95/200:
Epoch 95/200:
2026-06-24 19:33:22,044 - INFO - Train loss: 0.4665 (2.6s)
Train loss: 0.4665 (2.6s)
2026-06-24 19:33:22,294 - INFO - Test instance 0.9250, class 0.9250
Test instance 0.9250, class 0.9250
2026-06-24 19:33:22,294 - INFO - Best instance 0.9750, class 0.9750 (epoch 83)
Best instance 0.9750, class 0.9750 (epoch 83)
2026-06-24 19:33:22,313 - INFO - Epoch 96/200:
Epoch 96/200:
2026-06-24 19:33:24,861 - INFO - Train loss: 0.4727 (2.5s)
Train loss: 0.4727 (2.5s)
2026-06-24 19:33:25,105 - INFO - Test instance 0.9250, class 0.9250
Test instance 0.9250, class 0.9250
2026-06-24 19:33:25,105 - INFO - Best instance 0.9750, class 0.9750 (epoch 83)
Best instance 0.9750, class 0.9750 (epoch 83)
2026-06-24 19:33:25,120 - INFO - Epoch 97/200:
Epoch 97/200:
2026-06-24 19:33:27,670 - INFO - Train loss: 0.4666 (2.5s)
Train loss: 0.4666 (2.5s)
2026-06-24 19:33:27,926 - INFO - Test instance 0.9000, class 0.9000
Test instance 0.9000, class 0.9000
2026-06-24 19:33:27,927 - INFO - Best instance 0.9750, class 0.9750 (epoch 83)
Best instance 0.9750, class 0.9750 (epoch 83)
2026-06-24 19:33:27,944 - INFO - Epoch 98/200:
Epoch 98/200:
2026-06-24 19:33:30,493 - INFO - Train loss: 0.4571 (2.5s)
Train loss: 0.4571 (2.5s)
2026-06-24 19:33:30,738 - INFO - Test instance 0.8875, class 0.8875
Test instance 0.8875, class 0.8875
2026-06-24 19:33:30,738 - INFO - Best instance 0.9750, class 0.9750 (epoch 83)
Best instance 0.9750, class 0.9750 (epoch 83)
2026-06-24 19:33:30,754 - INFO - Epoch 99/200:
Epoch 99/200:
2026-06-24 19:33:33,307 - INFO - Train loss: 0.4611 (2.6s)
Train loss: 0.4611 (2.6s)
2026-06-24 19:33:33,564 - INFO - Test instance 0.9125, class 0.9125
Test instance 0.9125, class 0.9125
2026-06-24 19:33:33,564 - INFO - Best instance 0.9750, class 0.9750 (epoch 83)
Best instance 0.9750, class 0.9750 (epoch 83)
2026-06-24 19:33:33,580 - INFO - Epoch 100/200:
Epoch 100/200:
2026-06-24 19:33:36,144 - INFO - Train loss: 0.4551 (2.6s)
Train loss: 0.4551 (2.6s)
2026-06-24 19:33:36,398 - INFO - Test instance 0.9125, class 0.9125
Test instance 0.9125, class 0.9125
2026-06-24 19:33:36,398 - INFO - Best instance 0.9750, class 0.9750 (epoch 83)
Best instance 0.9750, class 0.9750 (epoch 83)
2026-06-24 19:33:36,414 - INFO - Epoch 101/200:
Epoch 101/200:
2026-06-24 19:33:38,955 - INFO - Train loss: 0.4496 (2.5s)
Train loss: 0.4496 (2.5s)
2026-06-24 19:33:39,210 - INFO - Test instance 0.9125, class 0.9125
Test instance 0.9125, class 0.9125
2026-06-24 19:33:39,211 - INFO - Best instance 0.9750, class 0.9750 (epoch 83)
Best instance 0.9750, class 0.9750 (epoch 83)
2026-06-24 19:33:39,227 - INFO - Epoch 102/200:
Epoch 102/200:
2026-06-24 19:33:41,786 - INFO - Train loss: 0.4635 (2.6s)
Train loss: 0.4635 (2.6s)
2026-06-24 19:33:42,035 - INFO - Test instance 0.9000, class 0.9000
Test instance 0.9000, class 0.9000
2026-06-24 19:33:42,035 - INFO - Best instance 0.9750, class 0.9750 (epoch 83)
Best instance 0.9750, class 0.9750 (epoch 83)
2026-06-24 19:33:42,052 - INFO - Epoch 103/200:
Epoch 103/200:
2026-06-24 19:33:44,614 - INFO - Train loss: 0.4458 (2.6s)
Train loss: 0.4458 (2.6s)
2026-06-24 19:33:44,867 - INFO - Test instance 0.9000, class 0.9000
Test instance 0.9000, class 0.9000
2026-06-24 19:33:44,867 - INFO - Best instance 0.9750, class 0.9750 (epoch 83)
Best instance 0.9750, class 0.9750 (epoch 83)
2026-06-24 19:33:44,884 - INFO - Epoch 104/200:
Epoch 104/200:
2026-06-24 19:33:47,446 - INFO - Train loss: 0.4472 (2.6s)
Train loss: 0.4472 (2.6s)
2026-06-24 19:33:47,691 - INFO - Test instance 0.9250, class 0.9250
Test instance 0.9250, class 0.9250
2026-06-24 19:33:47,691 - INFO - Best instance 0.9750, class 0.9750 (epoch 83)
Best instance 0.9750, class 0.9750 (epoch 83)
2026-06-24 19:33:47,707 - INFO - Epoch 105/200:
Epoch 105/200:
2026-06-24 19:33:50,242 - INFO - Train loss: 0.4620 (2.5s)
Train loss: 0.4620 (2.5s)
2026-06-24 19:33:50,490 - INFO - Test instance 0.8625, class 0.8625
Test instance 0.8625, class 0.8625
2026-06-24 19:33:50,490 - INFO - Best instance 0.9750, class 0.9750 (epoch 83)
Best instance 0.9750, class 0.9750 (epoch 83)
2026-06-24 19:33:50,506 - INFO - Epoch 106/200:
Epoch 106/200:
2026-06-24 19:33:53,060 - INFO - Train loss: 0.4560 (2.6s)
Train loss: 0.4560 (2.6s)
2026-06-24 19:33:53,302 - INFO - Test instance 0.9000, class 0.9000
Test instance 0.9000, class 0.9000
2026-06-24 19:33:53,303 - INFO - Best instance 0.9750, class 0.9750 (epoch 83)
Best instance 0.9750, class 0.9750 (epoch 83)
2026-06-24 19:33:53,319 - INFO - Epoch 107/200:
Epoch 107/200:
2026-06-24 19:33:55,857 - INFO - Train loss: 0.4597 (2.5s)
Train loss: 0.4597 (2.5s)
2026-06-24 19:33:56,104 - INFO - Test instance 0.8750, class 0.8750
Test instance 0.8750, class 0.8750
2026-06-24 19:33:56,104 - INFO - Best instance 0.9750, class 0.9750 (epoch 83)
Best instance 0.9750, class 0.9750 (epoch 83)
2026-06-24 19:33:56,120 - INFO - Epoch 108/200:
Epoch 108/200:
2026-06-24 19:33:58,696 - INFO - Train loss: 0.4498 (2.6s)
Train loss: 0.4498 (2.6s)
2026-06-24 19:33:58,943 - INFO - Test instance 0.9250, class 0.9250
Test instance 0.9250, class 0.9250
2026-06-24 19:33:58,943 - INFO - Best instance 0.9750, class 0.9750 (epoch 83)
Best instance 0.9750, class 0.9750 (epoch 83)
2026-06-24 19:33:58,959 - INFO - Epoch 109/200:
Epoch 109/200:
2026-06-24 19:34:02,219 - INFO - Train loss: 0.4593 (3.3s)
Train loss: 0.4593 (3.3s)
2026-06-24 19:34:02,481 - INFO - Test instance 0.9250, class 0.9250
Test instance 0.9250, class 0.9250
2026-06-24 19:34:02,481 - INFO - Best instance 0.9750, class 0.9750 (epoch 83)
Best instance 0.9750, class 0.9750 (epoch 83)
2026-06-24 19:34:02,498 - INFO - Epoch 110/200:
Epoch 110/200:
2026-06-24 19:34:05,055 - INFO - Train loss: 0.4489 (2.6s)
Train loss: 0.4489 (2.6s)
2026-06-24 19:34:05,307 - INFO - Test instance 0.8875, class 0.8875
Test instance 0.8875, class 0.8875
2026-06-24 19:34:05,307 - INFO - Best instance 0.9750, class 0.9750 (epoch 83)
Best instance 0.9750, class 0.9750 (epoch 83)
2026-06-24 19:34:05,324 - INFO - Epoch 111/200:
Epoch 111/200:
2026-06-24 19:34:07,884 - INFO - Train loss: 0.4474 (2.6s)
Train loss: 0.4474 (2.6s)
2026-06-24 19:34:08,129 - INFO - Test instance 0.8875, class 0.8875
Test instance 0.8875, class 0.8875
2026-06-24 19:34:08,130 - INFO - Best instance 0.9750, class 0.9750 (epoch 83)
Best instance 0.9750, class 0.9750 (epoch 83)
2026-06-24 19:34:08,145 - INFO - Epoch 112/200:
Epoch 112/200:
2026-06-24 19:34:10,693 - INFO - Train loss: 0.4717 (2.5s)
Train loss: 0.4717 (2.5s)
2026-06-24 19:34:10,939 - INFO - Test instance 0.9125, class 0.9125
Test instance 0.9125, class 0.9125
2026-06-24 19:34:10,939 - INFO - Best instance 0.9750, class 0.9750 (epoch 83)
Best instance 0.9750, class 0.9750 (epoch 83)
2026-06-24 19:34:10,955 - INFO - Epoch 113/200:
Epoch 113/200:
2026-06-24 19:34:13,516 - INFO - Train loss: 0.4546 (2.6s)
Train loss: 0.4546 (2.6s)
2026-06-24 19:34:13,768 - INFO - Test instance 0.9500, class 0.9500
Test instance 0.9500, class 0.9500
2026-06-24 19:34:13,768 - INFO - Best instance 0.9750, class 0.9750 (epoch 83)
Best instance 0.9750, class 0.9750 (epoch 83)
2026-06-24 19:34:13,784 - INFO - Epoch 114/200:
Epoch 114/200:
2026-06-24 19:34:16,351 - INFO - Train loss: 0.4552 (2.6s)
Train loss: 0.4552 (2.6s)
2026-06-24 19:34:16,610 - INFO - Test instance 0.9500, class 0.9500
Test instance 0.9500, class 0.9500
2026-06-24 19:34:16,610 - INFO - Best instance 0.9750, class 0.9750 (epoch 83)
Best instance 0.9750, class 0.9750 (epoch 83)
2026-06-24 19:34:16,627 - INFO - Epoch 115/200:
Epoch 115/200:
2026-06-24 19:34:19,213 - INFO - Train loss: 0.4598 (2.6s)
Train loss: 0.4598 (2.6s)
2026-06-24 19:34:19,462 - INFO - Test instance 0.9250, class 0.9250
Test instance 0.9250, class 0.9250
2026-06-24 19:34:19,462 - INFO - Best instance 0.9750, class 0.9750 (epoch 83)
Best instance 0.9750, class 0.9750 (epoch 83)
2026-06-24 19:34:19,478 - INFO - Epoch 116/200:
Epoch 116/200:
2026-06-24 19:34:22,012 - INFO - Train loss: 0.4436 (2.5s)
Train loss: 0.4436 (2.5s)
2026-06-24 19:34:22,260 - INFO - Test instance 0.9000, class 0.9000
Test instance 0.9000, class 0.9000
2026-06-24 19:34:22,260 - INFO - Best instance 0.9750, class 0.9750 (epoch 83)
Best instance 0.9750, class 0.9750 (epoch 83)
2026-06-24 19:34:22,277 - INFO - Epoch 117/200:
Epoch 117/200:
2026-06-24 19:34:24,828 - INFO - Train loss: 0.4425 (2.6s)
Train loss: 0.4425 (2.6s)
2026-06-24 19:34:25,074 - INFO - Test instance 0.9000, class 0.9000
Test instance 0.9000, class 0.9000
2026-06-24 19:34:25,074 - INFO - Best instance 0.9750, class 0.9750 (epoch 83)
Best instance 0.9750, class 0.9750 (epoch 83)
2026-06-24 19:34:25,090 - INFO - Epoch 118/200:
Epoch 118/200:
2026-06-24 19:34:27,630 - INFO - Train loss: 0.4647 (2.5s)
Train loss: 0.4647 (2.5s)
2026-06-24 19:34:27,879 - INFO - Test instance 0.9000, class 0.9000
Test instance 0.9000, class 0.9000
2026-06-24 19:34:27,879 - INFO - Best instance 0.9750, class 0.9750 (epoch 83)
Best instance 0.9750, class 0.9750 (epoch 83)
2026-06-24 19:34:27,896 - INFO - Epoch 119/200:
Epoch 119/200:
2026-06-24 19:34:30,455 - INFO - Train loss: 0.4397 (2.6s)
Train loss: 0.4397 (2.6s)
2026-06-24 19:34:30,763 - INFO - Test instance 0.8750, class 0.8750
Test instance 0.8750, class 0.8750
2026-06-24 19:34:30,763 - INFO - Best instance 0.9750, class 0.9750 (epoch 83)
Best instance 0.9750, class 0.9750 (epoch 83)
2026-06-24 19:34:30,782 - INFO - Epoch 120/200:
Epoch 120/200:
2026-06-24 19:34:33,454 - INFO - Train loss: 0.4586 (2.7s)
Train loss: 0.4586 (2.7s)
2026-06-24 19:34:33,767 - INFO - Test instance 0.9125, class 0.9125
Test instance 0.9125, class 0.9125
2026-06-24 19:34:33,768 - INFO - Best instance 0.9750, class 0.9750 (epoch 83)
Best instance 0.9750, class 0.9750 (epoch 83)
2026-06-24 19:34:33,786 - INFO - Epoch 121/200:
Epoch 121/200:
2026-06-24 19:34:36,330 - INFO - Train loss: 0.4574 (2.5s)
Train loss: 0.4574 (2.5s)
2026-06-24 19:34:36,577 - INFO - Test instance 0.9250, class 0.9250
Test instance 0.9250, class 0.9250
2026-06-24 19:34:36,577 - INFO - Best instance 0.9750, class 0.9750 (epoch 83)
Best instance 0.9750, class 0.9750 (epoch 83)
2026-06-24 19:34:36,593 - INFO - Epoch 122/200:
Epoch 122/200:
2026-06-24 19:34:39,151 - INFO - Train loss: 0.4676 (2.6s)
Train loss: 0.4676 (2.6s)
2026-06-24 19:34:39,401 - INFO - Test instance 0.8875, class 0.8875
Test instance 0.8875, class 0.8875
2026-06-24 19:34:39,402 - INFO - Best instance 0.9750, class 0.9750 (epoch 83)
Best instance 0.9750, class 0.9750 (epoch 83)
2026-06-24 19:34:39,418 - INFO - Epoch 123/200:
Epoch 123/200:
2026-06-24 19:34:41,979 - INFO - Train loss: 0.4400 (2.6s)
Train loss: 0.4400 (2.6s)
2026-06-24 19:34:42,230 - INFO - Test instance 0.9500, class 0.9500
Test instance 0.9500, class 0.9500
2026-06-24 19:34:42,230 - INFO - Best instance 0.9750, class 0.9750 (epoch 83)
Best instance 0.9750, class 0.9750 (epoch 83)
2026-06-24 19:34:42,246 - INFO - Epoch 124/200:
Epoch 124/200:
2026-06-24 19:34:45,466 - INFO - Train loss: 0.4577 (3.2s)
Train loss: 0.4577 (3.2s)
2026-06-24 19:34:45,779 - INFO - Test instance 0.8750, class 0.8750
Test instance 0.8750, class 0.8750
2026-06-24 19:34:45,779 - INFO - Best instance 0.9750, class 0.9750 (epoch 83)
Best instance 0.9750, class 0.9750 (epoch 83)
2026-06-24 19:34:45,798 - INFO - Epoch 125/200:
Epoch 125/200:
2026-06-24 19:34:48,359 - INFO - Train loss: 0.4560 (2.6s)
Train loss: 0.4560 (2.6s)
2026-06-24 19:34:48,610 - INFO - Test instance 0.9375, class 0.9375
Test instance 0.9375, class 0.9375
2026-06-24 19:34:48,611 - INFO - Best instance 0.9750, class 0.9750 (epoch 83)
Best instance 0.9750, class 0.9750 (epoch 83)
2026-06-24 19:34:48,627 - INFO - Epoch 126/200:
Epoch 126/200:
2026-06-24 19:34:51,189 - INFO - Train loss: 0.4537 (2.6s)
Train loss: 0.4537 (2.6s)
2026-06-24 19:34:51,448 - INFO - Test instance 0.9750, class 0.9750
Test instance 0.9750, class 0.9750
2026-06-24 19:34:51,448 - INFO - Best instance 0.9750, class 0.9750 (epoch 83)
Best instance 0.9750, class 0.9750 (epoch 83)
2026-06-24 19:34:51,465 - INFO - Epoch 127/200:
Epoch 127/200:
2026-06-24 19:34:54,022 - INFO - Train loss: 0.4510 (2.6s)
Train loss: 0.4510 (2.6s)
2026-06-24 19:34:54,268 - INFO - Test instance 0.9625, class 0.9625
Test instance 0.9625, class 0.9625
2026-06-24 19:34:54,268 - INFO - Best instance 0.9750, class 0.9750 (epoch 83)
Best instance 0.9750, class 0.9750 (epoch 83)
2026-06-24 19:34:54,285 - INFO - Epoch 128/200:
Epoch 128/200:
2026-06-24 19:34:56,849 - INFO - Train loss: 0.4387 (2.6s)
Train loss: 0.4387 (2.6s)
2026-06-24 19:34:57,093 - INFO - Test instance 0.9250, class 0.9250
Test instance 0.9250, class 0.9250
2026-06-24 19:34:57,093 - INFO - Best instance 0.9750, class 0.9750 (epoch 83)
Best instance 0.9750, class 0.9750 (epoch 83)
2026-06-24 19:34:57,109 - INFO - Epoch 129/200:
Epoch 129/200:
2026-06-24 19:34:59,673 - INFO - Train loss: 0.4672 (2.6s)
Train loss: 0.4672 (2.6s)
2026-06-24 19:34:59,927 - INFO - Test instance 0.9000, class 0.9000
Test instance 0.9000, class 0.9000
2026-06-24 19:34:59,927 - INFO - Best instance 0.9750, class 0.9750 (epoch 83)
Best instance 0.9750, class 0.9750 (epoch 83)
2026-06-24 19:34:59,943 - INFO - Epoch 130/200:
Epoch 130/200:
2026-06-24 19:35:02,571 - INFO - Train loss: 0.4535 (2.6s)
Train loss: 0.4535 (2.6s)
2026-06-24 19:35:02,817 - INFO - Test instance 0.9375, class 0.9375
Test instance 0.9375, class 0.9375
2026-06-24 19:35:02,817 - INFO - Best instance 0.9750, class 0.9750 (epoch 83)
Best instance 0.9750, class 0.9750 (epoch 83)
2026-06-24 19:35:02,833 - INFO - Epoch 131/200:
Epoch 131/200:
2026-06-24 19:35:05,388 - INFO - Train loss: 0.4564 (2.6s)
Train loss: 0.4564 (2.6s)
2026-06-24 19:35:05,636 - INFO - Test instance 0.9000, class 0.9000
Test instance 0.9000, class 0.9000
2026-06-24 19:35:05,636 - INFO - Best instance 0.9750, class 0.9750 (epoch 83)
Best instance 0.9750, class 0.9750 (epoch 83)
2026-06-24 19:35:05,652 - INFO - Epoch 132/200:
Epoch 132/200:
2026-06-24 19:35:08,870 - INFO - Train loss: 0.4540 (3.2s)
Train loss: 0.4540 (3.2s)
2026-06-24 19:35:09,126 - INFO - Test instance 0.9250, class 0.9250
Test instance 0.9250, class 0.9250
2026-06-24 19:35:09,126 - INFO - Best instance 0.9750, class 0.9750 (epoch 83)
Best instance 0.9750, class 0.9750 (epoch 83)
2026-06-24 19:35:09,142 - INFO - Epoch 133/200:
Epoch 133/200:
2026-06-24 19:35:11,695 - INFO - Train loss: 0.4365 (2.6s)
Train loss: 0.4365 (2.6s)
2026-06-24 19:35:11,945 - INFO - Test instance 0.9500, class 0.9500
Test instance 0.9500, class 0.9500
2026-06-24 19:35:11,945 - INFO - Best instance 0.9750, class 0.9750 (epoch 83)
Best instance 0.9750, class 0.9750 (epoch 83)
2026-06-24 19:35:11,961 - INFO - Epoch 134/200:
Epoch 134/200:
2026-06-24 19:35:14,508 - INFO - Train loss: 0.4603 (2.5s)
Train loss: 0.4603 (2.5s)
2026-06-24 19:35:14,760 - INFO - Test instance 0.9375, class 0.9375
Test instance 0.9375, class 0.9375
2026-06-24 19:35:14,761 - INFO - Best instance 0.9750, class 0.9750 (epoch 83)
Best instance 0.9750, class 0.9750 (epoch 83)
2026-06-24 19:35:14,777 - INFO - Epoch 135/200:
Epoch 135/200:
2026-06-24 19:35:17,343 - INFO - Train loss: 0.4420 (2.6s)
Train loss: 0.4420 (2.6s)
2026-06-24 19:35:17,592 - INFO - Test instance 0.9125, class 0.9125
Test instance 0.9125, class 0.9125
2026-06-24 19:35:17,592 - INFO - Best instance 0.9750, class 0.9750 (epoch 83)
Best instance 0.9750, class 0.9750 (epoch 83)
2026-06-24 19:35:17,608 - INFO - Epoch 136/200:
Epoch 136/200:
2026-06-24 19:35:20,178 - INFO - Train loss: 0.4305 (2.6s)
Train loss: 0.4305 (2.6s)
2026-06-24 19:35:20,490 - INFO - Test instance 0.8750, class 0.8750
Test instance 0.8750, class 0.8750
2026-06-24 19:35:20,491 - INFO - Best instance 0.9750, class 0.9750 (epoch 83)
Best instance 0.9750, class 0.9750 (epoch 83)
2026-06-24 19:35:20,509 - INFO - Epoch 137/200:
Epoch 137/200:
2026-06-24 19:35:23,073 - INFO - Train loss: 0.4553 (2.6s)
Train loss: 0.4553 (2.6s)
2026-06-24 19:35:23,328 - INFO - Test instance 0.9500, class 0.9500
Test instance 0.9500, class 0.9500
2026-06-24 19:35:23,328 - INFO - Best instance 0.9750, class 0.9750 (epoch 83)
Best instance 0.9750, class 0.9750 (epoch 83)
2026-06-24 19:35:23,344 - INFO - Epoch 138/200:
Epoch 138/200:
2026-06-24 19:35:25,901 - INFO - Train loss: 0.4446 (2.6s)
Train loss: 0.4446 (2.6s)
2026-06-24 19:35:26,160 - INFO - Test instance 0.9250, class 0.9250
Test instance 0.9250, class 0.9250
2026-06-24 19:35:26,161 - INFO - Best instance 0.9750, class 0.9750 (epoch 83)
Best instance 0.9750, class 0.9750 (epoch 83)
2026-06-24 19:35:26,177 - INFO - Epoch 139/200:
Epoch 139/200:
2026-06-24 19:35:28,742 - INFO - Train loss: 0.4452 (2.6s)
Train loss: 0.4452 (2.6s)
2026-06-24 19:35:28,987 - INFO - Test instance 0.9375, class 0.9375
Test instance 0.9375, class 0.9375
2026-06-24 19:35:28,987 - INFO - Best instance 0.9750, class 0.9750 (epoch 83)
Best instance 0.9750, class 0.9750 (epoch 83)
2026-06-24 19:35:29,003 - INFO - Epoch 140/200:
Epoch 140/200:
2026-06-24 19:35:31,569 - INFO - Train loss: 0.4629 (2.6s)
Train loss: 0.4629 (2.6s)
2026-06-24 19:35:31,817 - INFO - Test instance 0.9000, class 0.9000
Test instance 0.9000, class 0.9000
2026-06-24 19:35:31,817 - INFO - Best instance 0.9750, class 0.9750 (epoch 83)
Best instance 0.9750, class 0.9750 (epoch 83)
2026-06-24 19:35:31,833 - INFO - Epoch 141/200:
Epoch 141/200:
2026-06-24 19:35:34,393 - INFO - Train loss: 0.4399 (2.6s)
Train loss: 0.4399 (2.6s)
2026-06-24 19:35:34,640 - INFO - Test instance 0.8875, class 0.8875
Test instance 0.8875, class 0.8875
2026-06-24 19:35:34,640 - INFO - Best instance 0.9750, class 0.9750 (epoch 83)
Best instance 0.9750, class 0.9750 (epoch 83)
2026-06-24 19:35:34,656 - INFO - Epoch 142/200:
Epoch 142/200:
2026-06-24 19:35:37,198 - INFO - Train loss: 0.4611 (2.5s)
Train loss: 0.4611 (2.5s)
2026-06-24 19:35:37,441 - INFO - Test instance 0.9000, class 0.9000
Test instance 0.9000, class 0.9000
2026-06-24 19:35:37,442 - INFO - Best instance 0.9750, class 0.9750 (epoch 83)
Best instance 0.9750, class 0.9750 (epoch 83)
2026-06-24 19:35:37,458 - INFO - Epoch 143/200:
Epoch 143/200:
2026-06-24 19:35:40,027 - INFO - Train loss: 0.4475 (2.6s)
Train loss: 0.4475 (2.6s)
2026-06-24 19:35:40,275 - INFO - Test instance 0.9250, class 0.9250
Test instance 0.9250, class 0.9250
2026-06-24 19:35:40,275 - INFO - Best instance 0.9750, class 0.9750 (epoch 83)
Best instance 0.9750, class 0.9750 (epoch 83)
2026-06-24 19:35:40,294 - INFO - Epoch 144/200:
Epoch 144/200:
2026-06-24 19:35:42,861 - INFO - Train loss: 0.4447 (2.6s)
Train loss: 0.4447 (2.6s)
2026-06-24 19:35:43,106 - INFO - Test instance 0.9625, class 0.9625
Test instance 0.9625, class 0.9625
2026-06-24 19:35:43,106 - INFO - Best instance 0.9750, class 0.9750 (epoch 83)
Best instance 0.9750, class 0.9750 (epoch 83)
2026-06-24 19:35:43,123 - INFO - Epoch 145/200:
Epoch 145/200:
2026-06-24 19:35:45,658 - INFO - Train loss: 0.4499 (2.5s)
Train loss: 0.4499 (2.5s)
2026-06-24 19:35:45,901 - INFO - Test instance 0.9375, class 0.9375
Test instance 0.9375, class 0.9375
2026-06-24 19:35:45,901 - INFO - Best instance 0.9750, class 0.9750 (epoch 83)
Best instance 0.9750, class 0.9750 (epoch 83)
2026-06-24 19:35:45,917 - INFO - Epoch 146/200:
Epoch 146/200:
2026-06-24 19:35:48,457 - INFO - Train loss: 0.4626 (2.5s)
Train loss: 0.4626 (2.5s)
2026-06-24 19:35:48,704 - INFO - Test instance 0.9125, class 0.9125
Test instance 0.9125, class 0.9125
2026-06-24 19:35:48,704 - INFO - Best instance 0.9750, class 0.9750 (epoch 83)
Best instance 0.9750, class 0.9750 (epoch 83)
2026-06-24 19:35:48,721 - INFO - Epoch 147/200:
Epoch 147/200:
2026-06-24 19:35:51,276 - INFO - Train loss: 0.4425 (2.6s)
Train loss: 0.4425 (2.6s)
2026-06-24 19:35:51,521 - INFO - Test instance 0.9375, class 0.9375
Test instance 0.9375, class 0.9375
2026-06-24 19:35:51,521 - INFO - Best instance 0.9750, class 0.9750 (epoch 83)
Best instance 0.9750, class 0.9750 (epoch 83)
2026-06-24 19:35:51,538 - INFO - Epoch 148/200:
Epoch 148/200:
2026-06-24 19:35:54,102 - INFO - Train loss: 0.4349 (2.6s)
Train loss: 0.4349 (2.6s)
2026-06-24 19:35:54,350 - INFO - Test instance 0.9500, class 0.9500
Test instance 0.9500, class 0.9500
2026-06-24 19:35:54,350 - INFO - Best instance 0.9750, class 0.9750 (epoch 83)
Best instance 0.9750, class 0.9750 (epoch 83)
2026-06-24 19:35:54,367 - INFO - Epoch 149/200:
Epoch 149/200:
2026-06-24 19:35:56,912 - INFO - Train loss: 0.4483 (2.5s)
Train loss: 0.4483 (2.5s)
2026-06-24 19:35:57,159 - INFO - Test instance 0.9125, class 0.9125
Test instance 0.9125, class 0.9125
2026-06-24 19:35:57,159 - INFO - Best instance 0.9750, class 0.9750 (epoch 83)
Best instance 0.9750, class 0.9750 (epoch 83)
2026-06-24 19:35:57,175 - INFO - Epoch 150/200:
Epoch 150/200:
2026-06-24 19:35:59,724 - INFO - Train loss: 0.4470 (2.5s)
Train loss: 0.4470 (2.5s)
2026-06-24 19:35:59,971 - INFO - Test instance 0.9375, class 0.9375
Test instance 0.9375, class 0.9375
2026-06-24 19:35:59,972 - INFO - Best instance 0.9750, class 0.9750 (epoch 83)
Best instance 0.9750, class 0.9750 (epoch 83)
2026-06-24 19:35:59,988 - INFO - Epoch 151/200:
Epoch 151/200:
2026-06-24 19:36:02,585 - INFO - Train loss: 0.4467 (2.6s)
Train loss: 0.4467 (2.6s)
2026-06-24 19:36:02,839 - INFO - Test instance 0.9250, class 0.9250
Test instance 0.9250, class 0.9250
2026-06-24 19:36:02,839 - INFO - Best instance 0.9750, class 0.9750 (epoch 83)
Best instance 0.9750, class 0.9750 (epoch 83)
2026-06-24 19:36:02,855 - INFO - Epoch 152/200:
Epoch 152/200:
2026-06-24 19:36:05,415 - INFO - Train loss: 0.4528 (2.6s)
Train loss: 0.4528 (2.6s)
2026-06-24 19:36:05,661 - INFO - Test instance 0.9625, class 0.9625
Test instance 0.9625, class 0.9625
2026-06-24 19:36:05,661 - INFO - Best instance 0.9750, class 0.9750 (epoch 83)
Best instance 0.9750, class 0.9750 (epoch 83)
2026-06-24 19:36:05,678 - INFO - Epoch 153/200:
Epoch 153/200:
2026-06-24 19:36:08,212 - INFO - Train loss: 0.4405 (2.5s)
Train loss: 0.4405 (2.5s)
2026-06-24 19:36:08,465 - INFO - Test instance 0.9250, class 0.9250
Test instance 0.9250, class 0.9250
2026-06-24 19:36:08,465 - INFO - Best instance 0.9750, class 0.9750 (epoch 83)
Best instance 0.9750, class 0.9750 (epoch 83)
2026-06-24 19:36:08,481 - INFO - Epoch 154/200:
Epoch 154/200:
2026-06-24 19:36:11,032 - INFO - Train loss: 0.4542 (2.6s)
Train loss: 0.4542 (2.6s)
2026-06-24 19:36:11,276 - INFO - Test instance 0.9250, class 0.9250
Test instance 0.9250, class 0.9250
2026-06-24 19:36:11,276 - INFO - Best instance 0.9750, class 0.9750 (epoch 83)
Best instance 0.9750, class 0.9750 (epoch 83)
2026-06-24 19:36:11,292 - INFO - Epoch 155/200:
Epoch 155/200:
2026-06-24 19:36:13,845 - INFO - Train loss: 0.4530 (2.6s)
Train loss: 0.4530 (2.6s)
2026-06-24 19:36:14,098 - INFO - Test instance 0.9125, class 0.9125
Test instance 0.9125, class 0.9125
2026-06-24 19:36:14,098 - INFO - Best instance 0.9750, class 0.9750 (epoch 83)
Best instance 0.9750, class 0.9750 (epoch 83)
2026-06-24 19:36:14,114 - INFO - Epoch 156/200:
Epoch 156/200:
2026-06-24 19:36:16,657 - INFO - Train loss: 0.4382 (2.5s)
Train loss: 0.4382 (2.5s)
2026-06-24 19:36:16,980 - INFO - Test instance 0.9375, class 0.9375
Test instance 0.9375, class 0.9375
2026-06-24 19:36:16,980 - INFO - Best instance 0.9750, class 0.9750 (epoch 83)
Best instance 0.9750, class 0.9750 (epoch 83)
2026-06-24 19:36:16,998 - INFO - Epoch 157/200:
Epoch 157/200:
2026-06-24 19:36:20,230 - INFO - Train loss: 0.4334 (3.2s)
Train loss: 0.4334 (3.2s)
2026-06-24 19:36:20,482 - INFO - Test instance 0.9250, class 0.9250
Test instance 0.9250, class 0.9250
2026-06-24 19:36:20,482 - INFO - Best instance 0.9750, class 0.9750 (epoch 83)
Best instance 0.9750, class 0.9750 (epoch 83)
2026-06-24 19:36:20,499 - INFO - Epoch 158/200:
Epoch 158/200:
2026-06-24 19:36:23,062 - INFO - Train loss: 0.4369 (2.6s)
Train loss: 0.4369 (2.6s)
2026-06-24 19:36:23,308 - INFO - Test instance 0.9375, class 0.9375
Test instance 0.9375, class 0.9375
2026-06-24 19:36:23,309 - INFO - Best instance 0.9750, class 0.9750 (epoch 83)
Best instance 0.9750, class 0.9750 (epoch 83)
2026-06-24 19:36:23,324 - INFO - Epoch 159/200:
Epoch 159/200:
2026-06-24 19:36:25,873 - INFO - Train loss: 0.4456 (2.5s)
Train loss: 0.4456 (2.5s)
2026-06-24 19:36:26,121 - INFO - Test instance 0.9250, class 0.9250
Test instance 0.9250, class 0.9250
2026-06-24 19:36:26,121 - INFO - Best instance 0.9750, class 0.9750 (epoch 83)
Best instance 0.9750, class 0.9750 (epoch 83)
2026-06-24 19:36:26,137 - INFO - Epoch 160/200:
Epoch 160/200:
2026-06-24 19:36:28,719 - INFO - Train loss: 0.4485 (2.6s)
Train loss: 0.4485 (2.6s)
2026-06-24 19:36:28,972 - INFO - Test instance 0.9375, class 0.9375
Test instance 0.9375, class 0.9375
2026-06-24 19:36:28,973 - INFO - Best instance 0.9750, class 0.9750 (epoch 83)
Best instance 0.9750, class 0.9750 (epoch 83)
2026-06-24 19:36:28,989 - INFO - Epoch 161/200:
Epoch 161/200:
2026-06-24 19:36:31,549 - INFO - Train loss: 0.4384 (2.6s)
Train loss: 0.4384 (2.6s)
2026-06-24 19:36:31,798 - INFO - Test instance 0.9250, class 0.9250
Test instance 0.9250, class 0.9250
2026-06-24 19:36:31,799 - INFO - Best instance 0.9750, class 0.9750 (epoch 83)
Best instance 0.9750, class 0.9750 (epoch 83)
2026-06-24 19:36:31,815 - INFO - Epoch 162/200:
Epoch 162/200:
2026-06-24 19:36:34,405 - INFO - Train loss: 0.4435 (2.6s)
Train loss: 0.4435 (2.6s)
2026-06-24 19:36:34,658 - INFO - Test instance 0.9375, class 0.9375
Test instance 0.9375, class 0.9375
2026-06-24 19:36:34,659 - INFO - Best instance 0.9750, class 0.9750 (epoch 83)
Best instance 0.9750, class 0.9750 (epoch 83)
2026-06-24 19:36:34,675 - INFO - Epoch 163/200:
Epoch 163/200:
2026-06-24 19:36:37,902 - INFO - Train loss: 0.4388 (3.2s)
Train loss: 0.4388 (3.2s)
2026-06-24 19:36:38,217 - INFO - Test instance 0.9500, class 0.9500
Test instance 0.9500, class 0.9500
2026-06-24 19:36:38,217 - INFO - Best instance 0.9750, class 0.9750 (epoch 83)
Best instance 0.9750, class 0.9750 (epoch 83)
2026-06-24 19:36:38,235 - INFO - Epoch 164/200:
Epoch 164/200:
2026-06-24 19:36:40,787 - INFO - Train loss: 0.4393 (2.6s)
Train loss: 0.4393 (2.6s)
2026-06-24 19:36:41,034 - INFO - Test instance 0.9125, class 0.9125
Test instance 0.9125, class 0.9125
2026-06-24 19:36:41,034 - INFO - Best instance 0.9750, class 0.9750 (epoch 83)
Best instance 0.9750, class 0.9750 (epoch 83)
2026-06-24 19:36:41,051 - INFO - Epoch 165/200:
Epoch 165/200:
2026-06-24 19:36:44,286 - INFO - Train loss: 0.4432 (3.2s)
Train loss: 0.4432 (3.2s)
2026-06-24 19:36:44,539 - INFO - Test instance 0.9500, class 0.9500
Test instance 0.9500, class 0.9500
2026-06-24 19:36:44,539 - INFO - Best instance 0.9750, class 0.9750 (epoch 83)
Best instance 0.9750, class 0.9750 (epoch 83)
2026-06-24 19:36:44,556 - INFO - Epoch 166/200:
Epoch 166/200:
2026-06-24 19:36:47,106 - INFO - Train loss: 0.4372 (2.6s)
Train loss: 0.4372 (2.6s)
2026-06-24 19:36:47,355 - INFO - Test instance 0.9250, class 0.9250
Test instance 0.9250, class 0.9250
2026-06-24 19:36:47,355 - INFO - Best instance 0.9750, class 0.9750 (epoch 83)
Best instance 0.9750, class 0.9750 (epoch 83)
2026-06-24 19:36:47,371 - INFO - Epoch 167/200:
Epoch 167/200:
2026-06-24 19:36:49,934 - INFO - Train loss: 0.4398 (2.6s)
Train loss: 0.4398 (2.6s)
2026-06-24 19:36:50,184 - INFO - Test instance 0.9625, class 0.9625
Test instance 0.9625, class 0.9625
2026-06-24 19:36:50,184 - INFO - Best instance 0.9750, class 0.9750 (epoch 83)
Best instance 0.9750, class 0.9750 (epoch 83)
2026-06-24 19:36:50,200 - INFO - Epoch 168/200:
Epoch 168/200:
2026-06-24 19:36:52,777 - INFO - Train loss: 0.4309 (2.6s)
Train loss: 0.4309 (2.6s)
2026-06-24 19:36:53,023 - INFO - Test instance 0.9375, class 0.9375
Test instance 0.9375, class 0.9375
2026-06-24 19:36:53,024 - INFO - Best instance 0.9750, class 0.9750 (epoch 83)
Best instance 0.9750, class 0.9750 (epoch 83)
2026-06-24 19:36:53,040 - INFO - Epoch 169/200:
Epoch 169/200:
2026-06-24 19:36:55,605 - INFO - Train loss: 0.4439 (2.6s)
Train loss: 0.4439 (2.6s)
2026-06-24 19:36:55,861 - INFO - Test instance 0.9625, class 0.9625
Test instance 0.9625, class 0.9625
2026-06-24 19:36:55,861 - INFO - Best instance 0.9750, class 0.9750 (epoch 83)
Best instance 0.9750, class 0.9750 (epoch 83)
2026-06-24 19:36:55,878 - INFO - Epoch 170/200:
Epoch 170/200:
2026-06-24 19:36:58,428 - INFO - Train loss: 0.4460 (2.5s)
Train loss: 0.4460 (2.5s)
2026-06-24 19:36:58,677 - INFO - Test instance 0.9250, class 0.9250
Test instance 0.9250, class 0.9250
2026-06-24 19:36:58,678 - INFO - Best instance 0.9750, class 0.9750 (epoch 83)
Best instance 0.9750, class 0.9750 (epoch 83)
2026-06-24 19:36:58,694 - INFO - Epoch 171/200:
Epoch 171/200:
2026-06-24 19:37:01,250 - INFO - Train loss: 0.4478 (2.6s)
Train loss: 0.4478 (2.6s)
2026-06-24 19:37:01,516 - INFO - Test instance 0.9625, class 0.9625
Test instance 0.9625, class 0.9625
2026-06-24 19:37:01,516 - INFO - Best instance 0.9750, class 0.9750 (epoch 83)
Best instance 0.9750, class 0.9750 (epoch 83)
2026-06-24 19:37:01,544 - INFO - Epoch 172/200:
Epoch 172/200:
2026-06-24 19:37:04,177 - INFO - Train loss: 0.4452 (2.6s)
Train loss: 0.4452 (2.6s)
2026-06-24 19:37:04,428 - INFO - Test instance 0.9625, class 0.9625
Test instance 0.9625, class 0.9625
2026-06-24 19:37:04,429 - INFO - Best instance 0.9750, class 0.9750 (epoch 83)
Best instance 0.9750, class 0.9750 (epoch 83)
2026-06-24 19:37:04,445 - INFO - Epoch 173/200:
Epoch 173/200:
2026-06-24 19:37:07,045 - INFO - Train loss: 0.4419 (2.6s)
Train loss: 0.4419 (2.6s)
2026-06-24 19:37:07,295 - INFO - Test instance 0.9125, class 0.9125
Test instance 0.9125, class 0.9125
2026-06-24 19:37:07,295 - INFO - Best instance 0.9750, class 0.9750 (epoch 83)
Best instance 0.9750, class 0.9750 (epoch 83)
2026-06-24 19:37:07,312 - INFO - Epoch 174/200:
Epoch 174/200:
2026-06-24 19:37:09,893 - INFO - Train loss: 0.4370 (2.6s)
Train loss: 0.4370 (2.6s)
2026-06-24 19:37:10,147 - INFO - Test instance 0.9500, class 0.9500
Test instance 0.9500, class 0.9500
2026-06-24 19:37:10,148 - INFO - Best instance 0.9750, class 0.9750 (epoch 83)
Best instance 0.9750, class 0.9750 (epoch 83)
2026-06-24 19:37:10,163 - INFO - Epoch 175/200:
Epoch 175/200:
2026-06-24 19:37:12,756 - INFO - Train loss: 0.4254 (2.6s)
Train loss: 0.4254 (2.6s)
2026-06-24 19:37:13,001 - INFO - Test instance 0.9500, class 0.9500
Test instance 0.9500, class 0.9500
2026-06-24 19:37:13,001 - INFO - Best instance 0.9750, class 0.9750 (epoch 83)
Best instance 0.9750, class 0.9750 (epoch 83)
2026-06-24 19:37:13,018 - INFO - Epoch 176/200:
Epoch 176/200:
2026-06-24 19:37:15,589 - INFO - Train loss: 0.4379 (2.6s)
Train loss: 0.4379 (2.6s)
2026-06-24 19:37:15,837 - INFO - Test instance 0.9000, class 0.9000
Test instance 0.9000, class 0.9000
2026-06-24 19:37:15,838 - INFO - Best instance 0.9750, class 0.9750 (epoch 83)
Best instance 0.9750, class 0.9750 (epoch 83)
2026-06-24 19:37:15,854 - INFO - Epoch 177/200:
Epoch 177/200:
2026-06-24 19:37:18,424 - INFO - Train loss: 0.4402 (2.6s)
Train loss: 0.4402 (2.6s)
2026-06-24 19:37:18,673 - INFO - Test instance 0.9500, class 0.9500
Test instance 0.9500, class 0.9500
2026-06-24 19:37:18,674 - INFO - Best instance 0.9750, class 0.9750 (epoch 83)
Best instance 0.9750, class 0.9750 (epoch 83)
2026-06-24 19:37:18,691 - INFO - Epoch 178/200:
Epoch 178/200:
2026-06-24 19:37:21,271 - INFO - Train loss: 0.4447 (2.6s)
Train loss: 0.4447 (2.6s)
2026-06-24 19:37:21,526 - INFO - Test instance 0.9375, class 0.9375
Test instance 0.9375, class 0.9375
2026-06-24 19:37:21,527 - INFO - Best instance 0.9750, class 0.9750 (epoch 83)
Best instance 0.9750, class 0.9750 (epoch 83)
2026-06-24 19:37:21,543 - INFO - Epoch 179/200:
Epoch 179/200:
2026-06-24 19:37:24,121 - INFO - Train loss: 0.4357 (2.6s)
Train loss: 0.4357 (2.6s)
2026-06-24 19:37:24,368 - INFO - Test instance 0.9125, class 0.9125
Test instance 0.9125, class 0.9125
2026-06-24 19:37:24,368 - INFO - Best instance 0.9750, class 0.9750 (epoch 83)
Best instance 0.9750, class 0.9750 (epoch 83)
2026-06-24 19:37:24,385 - INFO - Epoch 180/200:
Epoch 180/200:
2026-06-24 19:37:26,933 - INFO - Train loss: 0.4462 (2.5s)
Train loss: 0.4462 (2.5s)
2026-06-24 19:37:27,176 - INFO - Test instance 0.9375, class 0.9375
Test instance 0.9375, class 0.9375
2026-06-24 19:37:27,177 - INFO - Best instance 0.9750, class 0.9750 (epoch 83)
Best instance 0.9750, class 0.9750 (epoch 83)
2026-06-24 19:37:27,193 - INFO - Epoch 181/200:
Epoch 181/200:
2026-06-24 19:37:29,757 - INFO - Train loss: 0.4512 (2.6s)
Train loss: 0.4512 (2.6s)
2026-06-24 19:37:30,002 - INFO - Test instance 0.9500, class 0.9500
Test instance 0.9500, class 0.9500
2026-06-24 19:37:30,003 - INFO - Best instance 0.9750, class 0.9750 (epoch 83)
Best instance 0.9750, class 0.9750 (epoch 83)
2026-06-24 19:37:30,019 - INFO - Epoch 182/200:
Epoch 182/200:
2026-06-24 19:37:32,604 - INFO - Train loss: 0.4408 (2.6s)
Train loss: 0.4408 (2.6s)
2026-06-24 19:37:32,854 - INFO - Test instance 0.9375, class 0.9375
Test instance 0.9375, class 0.9375
2026-06-24 19:37:32,855 - INFO - Best instance 0.9750, class 0.9750 (epoch 83)
Best instance 0.9750, class 0.9750 (epoch 83)
2026-06-24 19:37:32,871 - INFO - Epoch 183/200:
Epoch 183/200:
2026-06-24 19:37:35,429 - INFO - Train loss: 0.4540 (2.6s)
Train loss: 0.4540 (2.6s)
2026-06-24 19:37:35,676 - INFO - Test instance 0.9375, class 0.9375
Test instance 0.9375, class 0.9375
2026-06-24 19:37:35,676 - INFO - Best instance 0.9750, class 0.9750 (epoch 83)
Best instance 0.9750, class 0.9750 (epoch 83)
2026-06-24 19:37:35,693 - INFO - Epoch 184/200:
Epoch 184/200:
2026-06-24 19:37:38,257 - INFO - Train loss: 0.4353 (2.6s)
Train loss: 0.4353 (2.6s)
2026-06-24 19:37:38,504 - INFO - Test instance 0.9250, class 0.9250
Test instance 0.9250, class 0.9250
2026-06-24 19:37:38,504 - INFO - Best instance 0.9750, class 0.9750 (epoch 83)
Best instance 0.9750, class 0.9750 (epoch 83)
2026-06-24 19:37:38,521 - INFO - Epoch 185/200:
Epoch 185/200:
2026-06-24 19:37:41,069 - INFO - Train loss: 0.4401 (2.5s)
Train loss: 0.4401 (2.5s)
2026-06-24 19:37:41,318 - INFO - Test instance 0.9625, class 0.9625
Test instance 0.9625, class 0.9625
2026-06-24 19:37:41,318 - INFO - Best instance 0.9750, class 0.9750 (epoch 83)
Best instance 0.9750, class 0.9750 (epoch 83)
2026-06-24 19:37:41,336 - INFO - Epoch 186/200:
Epoch 186/200:
2026-06-24 19:37:43,895 - INFO - Train loss: 0.4410 (2.6s)
Train loss: 0.4410 (2.6s)
2026-06-24 19:37:44,143 - INFO - Test instance 0.9500, class 0.9500
Test instance 0.9500, class 0.9500
2026-06-24 19:37:44,143 - INFO - Best instance 0.9750, class 0.9750 (epoch 83)
Best instance 0.9750, class 0.9750 (epoch 83)
2026-06-24 19:37:44,160 - INFO - Epoch 187/200:
Epoch 187/200:
2026-06-24 19:37:46,721 - INFO - Train loss: 0.4442 (2.6s)
Train loss: 0.4442 (2.6s)
2026-06-24 19:37:46,972 - INFO - Test instance 0.9750, class 0.9750
Test instance 0.9750, class 0.9750
2026-06-24 19:37:46,972 - INFO - Best instance 0.9750, class 0.9750 (epoch 83)
Best instance 0.9750, class 0.9750 (epoch 83)
2026-06-24 19:37:46,989 - INFO - Epoch 188/200:
Epoch 188/200:
2026-06-24 19:37:49,538 - INFO - Train loss: 0.4248 (2.5s)
Train loss: 0.4248 (2.5s)
2026-06-24 19:37:49,782 - INFO - Test instance 0.9375, class 0.9375
Test instance 0.9375, class 0.9375
2026-06-24 19:37:49,782 - INFO - Best instance 0.9750, class 0.9750 (epoch 83)
Best instance 0.9750, class 0.9750 (epoch 83)
2026-06-24 19:37:49,799 - INFO - Epoch 189/200:
Epoch 189/200:
2026-06-24 19:37:52,358 - INFO - Train loss: 0.4353 (2.6s)
Train loss: 0.4353 (2.6s)
2026-06-24 19:37:52,616 - INFO - Test instance 0.9375, class 0.9375
Test instance 0.9375, class 0.9375
2026-06-24 19:37:52,616 - INFO - Best instance 0.9750, class 0.9750 (epoch 83)
Best instance 0.9750, class 0.9750 (epoch 83)
2026-06-24 19:37:52,634 - INFO - Epoch 190/200:
Epoch 190/200:
2026-06-24 19:37:55,165 - INFO - Train loss: 0.4430 (2.5s)
Train loss: 0.4430 (2.5s)
2026-06-24 19:37:55,421 - INFO - Test instance 0.9500, class 0.9500
Test instance 0.9500, class 0.9500
2026-06-24 19:37:55,422 - INFO - Best instance 0.9750, class 0.9750 (epoch 83)
Best instance 0.9750, class 0.9750 (epoch 83)
2026-06-24 19:37:55,439 - INFO - Epoch 191/200:
Epoch 191/200:
2026-06-24 19:37:57,989 - INFO - Train loss: 0.4319 (2.5s)
Train loss: 0.4319 (2.5s)
2026-06-24 19:37:58,235 - INFO - Test instance 0.9250, class 0.9250
Test instance 0.9250, class 0.9250
2026-06-24 19:37:58,235 - INFO - Best instance 0.9750, class 0.9750 (epoch 83)
Best instance 0.9750, class 0.9750 (epoch 83)
2026-06-24 19:37:58,253 - INFO - Epoch 192/200:
Epoch 192/200:
2026-06-24 19:38:00,820 - INFO - Train loss: 0.4393 (2.6s)
Train loss: 0.4393 (2.6s)
2026-06-24 19:38:01,063 - INFO - Test instance 0.9250, class 0.9250
Test instance 0.9250, class 0.9250
2026-06-24 19:38:01,063 - INFO - Best instance 0.9750, class 0.9750 (epoch 83)
Best instance 0.9750, class 0.9750 (epoch 83)
2026-06-24 19:38:01,080 - INFO - Epoch 193/200:
Epoch 193/200:
2026-06-24 19:38:03,681 - INFO - Train loss: 0.4422 (2.6s)
Train loss: 0.4422 (2.6s)
2026-06-24 19:38:03,925 - INFO - Test instance 0.9500, class 0.9500
Test instance 0.9500, class 0.9500
2026-06-24 19:38:03,925 - INFO - Best instance 0.9750, class 0.9750 (epoch 83)
Best instance 0.9750, class 0.9750 (epoch 83)
2026-06-24 19:38:03,944 - INFO - Epoch 194/200:
Epoch 194/200:
2026-06-24 19:38:06,497 - INFO - Train loss: 0.4498 (2.6s)
Train loss: 0.4498 (2.6s)
2026-06-24 19:38:06,742 - INFO - Test instance 0.9750, class 0.9750
Test instance 0.9750, class 0.9750
2026-06-24 19:38:06,743 - INFO - Best instance 0.9750, class 0.9750 (epoch 83)
Best instance 0.9750, class 0.9750 (epoch 83)
2026-06-24 19:38:06,759 - INFO - Epoch 195/200:
Epoch 195/200:
2026-06-24 19:38:09,971 - INFO - Train loss: 0.4535 (3.2s)
Train loss: 0.4535 (3.2s)
2026-06-24 19:38:10,281 - INFO - Test instance 0.9250, class 0.9250
Test instance 0.9250, class 0.9250
2026-06-24 19:38:10,281 - INFO - Best instance 0.9750, class 0.9750 (epoch 83)
Best instance 0.9750, class 0.9750 (epoch 83)
2026-06-24 19:38:10,299 - INFO - Epoch 196/200:
Epoch 196/200:
2026-06-24 19:38:12,849 - INFO - Train loss: 0.4360 (2.6s)
Train loss: 0.4360 (2.6s)
2026-06-24 19:38:13,099 - INFO - Test instance 0.9375, class 0.9375
Test instance 0.9375, class 0.9375
2026-06-24 19:38:13,099 - INFO - Best instance 0.9750, class 0.9750 (epoch 83)
Best instance 0.9750, class 0.9750 (epoch 83)
2026-06-24 19:38:13,116 - INFO - Epoch 197/200:
Epoch 197/200:
2026-06-24 19:38:15,674 - INFO - Train loss: 0.4463 (2.6s)
Train loss: 0.4463 (2.6s)
2026-06-24 19:38:15,922 - INFO - Test instance 0.9375, class 0.9375
Test instance 0.9375, class 0.9375
2026-06-24 19:38:15,922 - INFO - Best instance 0.9750, class 0.9750 (epoch 83)
Best instance 0.9750, class 0.9750 (epoch 83)
2026-06-24 19:38:15,940 - INFO - Epoch 198/200:
Epoch 198/200:
2026-06-24 19:38:19,146 - INFO - Train loss: 0.4343 (3.2s)
Train loss: 0.4343 (3.2s)
2026-06-24 19:38:19,393 - INFO - Test instance 0.9500, class 0.9500
Test instance 0.9500, class 0.9500
2026-06-24 19:38:19,393 - INFO - Best instance 0.9750, class 0.9750 (epoch 83)
Best instance 0.9750, class 0.9750 (epoch 83)
2026-06-24 19:38:19,410 - INFO - Epoch 199/200:
Epoch 199/200:
2026-06-24 19:38:21,954 - INFO - Train loss: 0.4447 (2.5s)
Train loss: 0.4447 (2.5s)
2026-06-24 19:38:22,202 - INFO - Test instance 0.9625, class 0.9625
Test instance 0.9625, class 0.9625
2026-06-24 19:38:22,202 - INFO - Best instance 0.9750, class 0.9750 (epoch 83)
Best instance 0.9750, class 0.9750 (epoch 83)
2026-06-24 19:38:22,219 - INFO - Epoch 200/200:
Epoch 200/200:
2026-06-24 19:38:24,780 - INFO - Train loss: 0.4484 (2.6s)
Train loss: 0.4484 (2.6s)
2026-06-24 19:38:25,023 - INFO - Test instance 0.9500, class 0.9500
Test instance 0.9500, class 0.9500
2026-06-24 19:38:25,024 - INFO - Best instance 0.9750, class 0.9750 (epoch 83)
Best instance 0.9750, class 0.9750 (epoch 83)
2026-06-24 19:38:45,200 - INFO - Student 1.42 MB, 59.20 ms
Student 1.42 MB, 59.20 ms
