[Thu Jun 25 15:25:12 EDT 2026] task 160 on GPU 0: python flkd/advanced_kd_train_classification.py --teacher_model pointnet2_cls_ssg --student_model small_pointnet2 --kd_strategy self --dataset modelnet40 --seed 42 --batch_size 48 --epoch 200 --num_point 1024 --teacher_path "outputs/modelnet40/flkd/federated/classification/fl_pointnet2_cls_ssg_fedadam_s42/checkpoints/best_model.pth" --log_dir kd_pointnet2_cls_ssg_fedadam+self_small_pointnet2_s42  --data_root data --output_root outputs --num_workers -1 --max_runtime_hours 166.0
The size of train data is 9843
The size of test data is 2468
Loaded teacher from outputs/modelnet40/flkd/federated/classification/fl_pointnet2_cls_ssg_fedadam_s42/checkpoints/best_model.pth
2026-06-25 15:25:15,745 - INFO - PARAMETER ...
2026-06-25 15:25:15,745 - INFO - {'use_cpu': False, 'no_amp': False, 'gpu': '0', 'num_workers': -1, 'batch_size': 48, 'teacher_model': 'pointnet2_cls_ssg', 'student_model': 'small_pointnet2', 'num_category': 40, 'dataset': 'modelnet40', 'data_root': 'data', 'output_root': 'outputs', 'train_split': 0.8, 'dataset_seed': 0, 'cache_dataset': True, 'min_class_samples': 1, 'epoch': 200, 'learning_rate': 0.001, 'num_point': 1024, 'optimizer': 'Adam', 'log_dir': 'kd_pointnet2_cls_ssg_fedadam+self_small_pointnet2_s42', 'decay_rate': 0.0001, 'use_normals': False, 'process_data': False, 'use_uniform_sample': False, 'resume': True, 'kd_strategy': 'self', 'alpha': 0.5, 'temperature': 2.0, 'beta': 0.5, 'dkd_alpha': 1.0, 'dkd_beta': 8.0, 'crd_temperature': 0.07, 'teacher_path': 'outputs/modelnet40/flkd/federated/classification/fl_pointnet2_cls_ssg_fedadam_s42/checkpoints/best_model.pth', 'teacher_paths': None, 'teacher_weights': None, 'use_hard_labels': 'on', 'unlabeled': False, 'temperature_sweep': None, 'seed': 42, 'max_runtime_hours': 166.0}
2026-06-25 15:25:15,747 - INFO - KD=self student=small_pointnet2 AMP=False use_hard=True unlabeled=False T=2.0
KD=self student=small_pointnet2 AMP=False use_hard=True unlabeled=False T=2.0
2026-06-25 15:25:15,756 - INFO - Epoch 1/200:
Epoch 1/200:
2026-06-25 15:27:06,756 - INFO - Train loss: 3.0247 (111.0s)
Train loss: 3.0247 (111.0s)
2026-06-25 15:27:33,919 - INFO - Test instance 0.1365, class 0.0943
Test instance 0.1365, class 0.0943
2026-06-25 15:27:33,942 - INFO - Best instance 0.1365, class 0.0943 (epoch 1)
Best instance 0.1365, class 0.0943 (epoch 1)
2026-06-25 15:27:33,960 - INFO - Epoch 2/200:
Epoch 2/200:
2026-06-25 15:29:23,931 - INFO - Train loss: 2.2393 (110.0s)
Train loss: 2.2393 (110.0s)
2026-06-25 15:29:50,411 - INFO - Test instance 0.2844, class 0.2179
Test instance 0.2844, class 0.2179
2026-06-25 15:29:50,433 - INFO - Best instance 0.2844, class 0.2179 (epoch 2)
Best instance 0.2844, class 0.2179 (epoch 2)
2026-06-25 15:29:50,449 - INFO - Epoch 3/200:
Epoch 3/200:
2026-06-25 15:31:40,754 - INFO - Train loss: 2.0123 (110.3s)
Train loss: 2.0123 (110.3s)
2026-06-25 15:32:07,652 - INFO - Test instance 0.2735, class 0.2288
Test instance 0.2735, class 0.2288
2026-06-25 15:32:07,653 - INFO - Best instance 0.2844, class 0.2179 (epoch 2)
Best instance 0.2844, class 0.2179 (epoch 2)
2026-06-25 15:32:07,686 - INFO - Epoch 4/200:
Epoch 4/200:
2026-06-25 15:33:57,205 - INFO - Train loss: 1.8821 (109.5s)
Train loss: 1.8821 (109.5s)
2026-06-25 15:34:24,134 - INFO - Test instance 0.4040, class 0.3066
Test instance 0.4040, class 0.3066
2026-06-25 15:34:24,153 - INFO - Best instance 0.4040, class 0.3066 (epoch 4)
Best instance 0.4040, class 0.3066 (epoch 4)
2026-06-25 15:34:24,170 - INFO - Epoch 5/200:
Epoch 5/200:
2026-06-25 15:36:13,693 - INFO - Train loss: 1.7938 (109.5s)
Train loss: 1.7938 (109.5s)
2026-06-25 15:36:40,794 - INFO - Test instance 0.4882, class 0.3792
Test instance 0.4882, class 0.3792
2026-06-25 15:36:40,815 - INFO - Best instance 0.4882, class 0.3792 (epoch 5)
Best instance 0.4882, class 0.3792 (epoch 5)
2026-06-25 15:36:40,832 - INFO - Epoch 6/200:
Epoch 6/200:
2026-06-25 15:38:31,300 - INFO - Train loss: 1.7357 (110.5s)
Train loss: 1.7357 (110.5s)
2026-06-25 15:38:58,107 - INFO - Test instance 0.5004, class 0.3996
Test instance 0.5004, class 0.3996
2026-06-25 15:38:58,127 - INFO - Best instance 0.5004, class 0.3996 (epoch 6)
Best instance 0.5004, class 0.3996 (epoch 6)
2026-06-25 15:38:58,145 - INFO - Epoch 7/200:
Epoch 7/200:
2026-06-25 15:40:48,319 - INFO - Train loss: 1.6854 (110.2s)
Train loss: 1.6854 (110.2s)
2026-06-25 15:41:15,197 - INFO - Test instance 0.4627, class 0.3983
Test instance 0.4627, class 0.3983
2026-06-25 15:41:15,198 - INFO - Best instance 0.5004, class 0.3996 (epoch 6)
Best instance 0.5004, class 0.3996 (epoch 6)
2026-06-25 15:41:15,218 - INFO - Epoch 8/200:
Epoch 8/200:
2026-06-25 15:43:04,448 - INFO - Train loss: 1.6651 (109.2s)
Train loss: 1.6651 (109.2s)
2026-06-25 15:43:31,166 - INFO - Test instance 0.5871, class 0.4898
Test instance 0.5871, class 0.4898
2026-06-25 15:43:31,186 - INFO - Best instance 0.5871, class 0.4898 (epoch 8)
Best instance 0.5871, class 0.4898 (epoch 8)
2026-06-25 15:43:31,204 - INFO - Epoch 9/200:
Epoch 9/200:
2026-06-25 15:45:20,554 - INFO - Train loss: 1.6378 (109.3s)
Train loss: 1.6378 (109.3s)
2026-06-25 15:45:47,261 - INFO - Test instance 0.5790, class 0.4714
Test instance 0.5790, class 0.4714
2026-06-25 15:45:47,261 - INFO - Best instance 0.5871, class 0.4898 (epoch 8)
Best instance 0.5871, class 0.4898 (epoch 8)
2026-06-25 15:45:47,283 - INFO - Epoch 10/200:
Epoch 10/200:
2026-06-25 15:47:36,757 - INFO - Train loss: 1.5956 (109.5s)
Train loss: 1.5956 (109.5s)
2026-06-25 15:48:03,342 - INFO - Test instance 0.5223, class 0.4520
Test instance 0.5223, class 0.4520
2026-06-25 15:48:03,342 - INFO - Best instance 0.5871, class 0.4898 (epoch 8)
Best instance 0.5871, class 0.4898 (epoch 8)
2026-06-25 15:48:03,363 - INFO - Epoch 11/200:
Epoch 11/200:
2026-06-25 15:49:53,062 - INFO - Train loss: 1.5878 (109.7s)
Train loss: 1.5878 (109.7s)
2026-06-25 15:50:19,535 - INFO - Test instance 0.5575, class 0.4745
Test instance 0.5575, class 0.4745
2026-06-25 15:50:19,535 - INFO - Best instance 0.5871, class 0.4898 (epoch 8)
Best instance 0.5871, class 0.4898 (epoch 8)
2026-06-25 15:50:19,558 - INFO - Epoch 12/200:
Epoch 12/200:
2026-06-25 15:52:08,725 - INFO - Train loss: 1.5685 (109.2s)
Train loss: 1.5685 (109.2s)
2026-06-25 15:52:35,474 - INFO - Test instance 0.6017, class 0.5008
Test instance 0.6017, class 0.5008
2026-06-25 15:52:35,493 - INFO - Best instance 0.6017, class 0.5008 (epoch 12)
Best instance 0.6017, class 0.5008 (epoch 12)
2026-06-25 15:52:35,510 - INFO - Epoch 13/200:
Epoch 13/200:
2026-06-25 15:54:24,818 - INFO - Train loss: 1.5535 (109.3s)
Train loss: 1.5535 (109.3s)
2026-06-25 15:54:51,701 - INFO - Test instance 0.6139, class 0.5105
Test instance 0.6139, class 0.5105
2026-06-25 15:54:51,721 - INFO - Best instance 0.6139, class 0.5105 (epoch 13)
Best instance 0.6139, class 0.5105 (epoch 13)
2026-06-25 15:54:51,738 - INFO - Epoch 14/200:
Epoch 14/200:
2026-06-25 15:56:41,222 - INFO - Train loss: 1.5355 (109.5s)
Train loss: 1.5355 (109.5s)
2026-06-25 15:57:08,034 - INFO - Test instance 0.5810, class 0.4954
Test instance 0.5810, class 0.4954
2026-06-25 15:57:08,034 - INFO - Best instance 0.6139, class 0.5105 (epoch 13)
Best instance 0.6139, class 0.5105 (epoch 13)
2026-06-25 15:57:08,055 - INFO - Epoch 15/200:
Epoch 15/200:
2026-06-25 15:58:58,597 - INFO - Train loss: 1.5335 (110.5s)
Train loss: 1.5335 (110.5s)
2026-06-25 15:59:25,401 - INFO - Test instance 0.6414, class 0.5540
Test instance 0.6414, class 0.5540
2026-06-25 15:59:25,422 - INFO - Best instance 0.6414, class 0.5540 (epoch 15)
Best instance 0.6414, class 0.5540 (epoch 15)
2026-06-25 15:59:25,439 - INFO - Epoch 16/200:
Epoch 16/200:
2026-06-25 16:01:15,701 - INFO - Train loss: 1.5201 (110.3s)
Train loss: 1.5201 (110.3s)
2026-06-25 16:01:42,651 - INFO - Test instance 0.5705, class 0.5080
Test instance 0.5705, class 0.5080
2026-06-25 16:01:42,651 - INFO - Best instance 0.6414, class 0.5540 (epoch 15)
Best instance 0.6414, class 0.5540 (epoch 15)
2026-06-25 16:01:42,672 - INFO - Epoch 17/200:
Epoch 17/200:
2026-06-25 16:03:32,589 - INFO - Train loss: 1.5104 (109.9s)
Train loss: 1.5104 (109.9s)
2026-06-25 16:03:59,288 - INFO - Test instance 0.6297, class 0.5530
Test instance 0.6297, class 0.5530
2026-06-25 16:03:59,289 - INFO - Best instance 0.6414, class 0.5540 (epoch 15)
Best instance 0.6414, class 0.5540 (epoch 15)
2026-06-25 16:03:59,310 - INFO - Epoch 18/200:
Epoch 18/200:
2026-06-25 16:05:49,895 - INFO - Train loss: 1.5013 (110.6s)
Train loss: 1.5013 (110.6s)
2026-06-25 16:06:16,627 - INFO - Test instance 0.5968, class 0.5510
Test instance 0.5968, class 0.5510
2026-06-25 16:06:16,628 - INFO - Best instance 0.6414, class 0.5540 (epoch 15)
Best instance 0.6414, class 0.5540 (epoch 15)
2026-06-25 16:06:16,648 - INFO - Epoch 19/200:
Epoch 19/200:
2026-06-25 16:08:07,862 - INFO - Train loss: 1.4872 (111.2s)
Train loss: 1.4872 (111.2s)
2026-06-25 16:08:34,541 - INFO - Test instance 0.5774, class 0.5285
Test instance 0.5774, class 0.5285
2026-06-25 16:08:34,542 - INFO - Best instance 0.6414, class 0.5540 (epoch 15)
Best instance 0.6414, class 0.5540 (epoch 15)
2026-06-25 16:08:34,562 - INFO - Epoch 20/200:
Epoch 20/200:
2026-06-25 16:10:24,886 - INFO - Train loss: 1.4849 (110.3s)
Train loss: 1.4849 (110.3s)
2026-06-25 16:10:51,432 - INFO - Test instance 0.5288, class 0.4760
Test instance 0.5288, class 0.4760
2026-06-25 16:10:51,433 - INFO - Best instance 0.6414, class 0.5540 (epoch 15)
Best instance 0.6414, class 0.5540 (epoch 15)
2026-06-25 16:10:51,453 - INFO - Epoch 21/200:
Epoch 21/200:
2026-06-25 16:12:41,166 - INFO - Train loss: 1.4565 (109.7s)
Train loss: 1.4565 (109.7s)
2026-06-25 16:13:07,900 - INFO - Test instance 0.6888, class 0.6027
Test instance 0.6888, class 0.6027
2026-06-25 16:13:07,920 - INFO - Best instance 0.6888, class 0.6027 (epoch 21)
Best instance 0.6888, class 0.6027 (epoch 21)
2026-06-25 16:13:07,948 - INFO - Epoch 22/200:
Epoch 22/200:
2026-06-25 16:14:57,331 - INFO - Train loss: 1.4384 (109.4s)
Train loss: 1.4384 (109.4s)
2026-06-25 16:15:24,224 - INFO - Test instance 0.6888, class 0.6206
Test instance 0.6888, class 0.6206
2026-06-25 16:15:24,224 - INFO - Best instance 0.6888, class 0.6027 (epoch 21)
Best instance 0.6888, class 0.6027 (epoch 21)
2026-06-25 16:15:24,247 - INFO - Epoch 23/200:
Epoch 23/200:
2026-06-25 16:17:13,886 - INFO - Train loss: 1.4355 (109.6s)
Train loss: 1.4355 (109.6s)
2026-06-25 16:17:40,620 - INFO - Test instance 0.7026, class 0.6276
Test instance 0.7026, class 0.6276
2026-06-25 16:17:40,640 - INFO - Best instance 0.7026, class 0.6276 (epoch 23)
Best instance 0.7026, class 0.6276 (epoch 23)
2026-06-25 16:17:40,657 - INFO - Epoch 24/200:
Epoch 24/200:
2026-06-25 16:19:30,916 - INFO - Train loss: 1.4338 (110.3s)
Train loss: 1.4338 (110.3s)
2026-06-25 16:19:57,692 - INFO - Test instance 0.6438, class 0.5704
Test instance 0.6438, class 0.5704
2026-06-25 16:19:57,692 - INFO - Best instance 0.7026, class 0.6276 (epoch 23)
Best instance 0.7026, class 0.6276 (epoch 23)
2026-06-25 16:19:57,712 - INFO - Epoch 25/200:
Epoch 25/200:
2026-06-25 16:21:47,986 - INFO - Train loss: 1.4278 (110.3s)
Train loss: 1.4278 (110.3s)
2026-06-25 16:22:14,685 - INFO - Test instance 0.6394, class 0.5634
Test instance 0.6394, class 0.5634
2026-06-25 16:22:14,686 - INFO - Best instance 0.7026, class 0.6276 (epoch 23)
Best instance 0.7026, class 0.6276 (epoch 23)
2026-06-25 16:22:14,708 - INFO - Epoch 26/200:
Epoch 26/200:
2026-06-25 16:24:04,352 - INFO - Train loss: 1.4313 (109.6s)
Train loss: 1.4313 (109.6s)
2026-06-25 16:24:31,168 - INFO - Test instance 0.6313, class 0.5666
Test instance 0.6313, class 0.5666
2026-06-25 16:24:31,169 - INFO - Best instance 0.7026, class 0.6276 (epoch 23)
Best instance 0.7026, class 0.6276 (epoch 23)
2026-06-25 16:24:31,189 - INFO - Epoch 27/200:
Epoch 27/200:
2026-06-25 16:26:22,058 - INFO - Train loss: 1.4197 (110.9s)
Train loss: 1.4197 (110.9s)
2026-06-25 16:26:48,374 - INFO - Test instance 0.6884, class 0.6105
Test instance 0.6884, class 0.6105
2026-06-25 16:26:48,375 - INFO - Best instance 0.7026, class 0.6276 (epoch 23)
Best instance 0.7026, class 0.6276 (epoch 23)
2026-06-25 16:26:48,398 - INFO - Epoch 28/200:
Epoch 28/200:
2026-06-25 16:28:38,639 - INFO - Train loss: 1.4152 (110.2s)
Train loss: 1.4152 (110.2s)
2026-06-25 16:29:05,586 - INFO - Test instance 0.6524, class 0.5849
Test instance 0.6524, class 0.5849
2026-06-25 16:29:05,588 - INFO - Best instance 0.7026, class 0.6276 (epoch 23)
Best instance 0.7026, class 0.6276 (epoch 23)
2026-06-25 16:29:05,608 - INFO - Epoch 29/200:
Epoch 29/200:
2026-06-25 16:30:55,252 - INFO - Train loss: 1.4156 (109.6s)
Train loss: 1.4156 (109.6s)
2026-06-25 16:31:22,035 - INFO - Test instance 0.6702, class 0.6046
Test instance 0.6702, class 0.6046
2026-06-25 16:31:22,035 - INFO - Best instance 0.7026, class 0.6276 (epoch 23)
Best instance 0.7026, class 0.6276 (epoch 23)
2026-06-25 16:31:22,055 - INFO - Epoch 30/200:
Epoch 30/200:
2026-06-25 16:33:11,267 - INFO - Train loss: 1.4101 (109.2s)
Train loss: 1.4101 (109.2s)
2026-06-25 16:33:37,930 - INFO - Test instance 0.6994, class 0.6171
Test instance 0.6994, class 0.6171
2026-06-25 16:33:37,930 - INFO - Best instance 0.7026, class 0.6276 (epoch 23)
Best instance 0.7026, class 0.6276 (epoch 23)
2026-06-25 16:33:37,952 - INFO - Epoch 31/200:
Epoch 31/200:
2026-06-25 16:35:27,423 - INFO - Train loss: 1.4028 (109.5s)
Train loss: 1.4028 (109.5s)
2026-06-25 16:35:53,956 - INFO - Test instance 0.6844, class 0.6185
Test instance 0.6844, class 0.6185
2026-06-25 16:35:53,956 - INFO - Best instance 0.7026, class 0.6276 (epoch 23)
Best instance 0.7026, class 0.6276 (epoch 23)
2026-06-25 16:35:53,976 - INFO - Epoch 32/200:
Epoch 32/200:
2026-06-25 16:37:43,288 - INFO - Train loss: 1.4030 (109.3s)
Train loss: 1.4030 (109.3s)
2026-06-25 16:38:09,917 - INFO - Test instance 0.6272, class 0.5671
Test instance 0.6272, class 0.5671
2026-06-25 16:38:09,917 - INFO - Best instance 0.7026, class 0.6276 (epoch 23)
Best instance 0.7026, class 0.6276 (epoch 23)
2026-06-25 16:38:09,938 - INFO - Epoch 33/200:
Epoch 33/200:
2026-06-25 16:39:59,892 - INFO - Train loss: 1.3955 (110.0s)
Train loss: 1.3955 (110.0s)
2026-06-25 16:40:26,500 - INFO - Test instance 0.6876, class 0.6322
Test instance 0.6876, class 0.6322
2026-06-25 16:40:26,500 - INFO - Best instance 0.7026, class 0.6276 (epoch 23)
Best instance 0.7026, class 0.6276 (epoch 23)
2026-06-25 16:40:26,521 - INFO - Epoch 34/200:
Epoch 34/200:
2026-06-25 16:42:16,388 - INFO - Train loss: 1.3937 (109.9s)
Train loss: 1.3937 (109.9s)
2026-06-25 16:42:43,155 - INFO - Test instance 0.6763, class 0.5917
Test instance 0.6763, class 0.5917
2026-06-25 16:42:43,155 - INFO - Best instance 0.7026, class 0.6276 (epoch 23)
Best instance 0.7026, class 0.6276 (epoch 23)
2026-06-25 16:42:43,179 - INFO - Epoch 35/200:
Epoch 35/200:
2026-06-25 16:44:33,380 - INFO - Train loss: 1.3802 (110.2s)
Train loss: 1.3802 (110.2s)
2026-06-25 16:45:00,074 - INFO - Test instance 0.6669, class 0.6184
Test instance 0.6669, class 0.6184
2026-06-25 16:45:00,074 - INFO - Best instance 0.7026, class 0.6276 (epoch 23)
Best instance 0.7026, class 0.6276 (epoch 23)
2026-06-25 16:45:00,094 - INFO - Epoch 36/200:
Epoch 36/200:
2026-06-25 16:46:50,273 - INFO - Train loss: 1.3929 (110.2s)
Train loss: 1.3929 (110.2s)
2026-06-25 16:47:17,277 - INFO - Test instance 0.6775, class 0.6271
Test instance 0.6775, class 0.6271
2026-06-25 16:47:17,277 - INFO - Best instance 0.7026, class 0.6276 (epoch 23)
Best instance 0.7026, class 0.6276 (epoch 23)
2026-06-25 16:47:17,297 - INFO - Epoch 37/200:
Epoch 37/200:
2026-06-25 16:49:06,575 - INFO - Train loss: 1.3921 (109.3s)
Train loss: 1.3921 (109.3s)
2026-06-25 16:49:33,361 - INFO - Test instance 0.6438, class 0.5885
Test instance 0.6438, class 0.5885
2026-06-25 16:49:33,361 - INFO - Best instance 0.7026, class 0.6276 (epoch 23)
Best instance 0.7026, class 0.6276 (epoch 23)
2026-06-25 16:49:33,383 - INFO - Epoch 38/200:
Epoch 38/200:
2026-06-25 16:51:22,935 - INFO - Train loss: 1.3803 (109.6s)
Train loss: 1.3803 (109.6s)
2026-06-25 16:51:49,379 - INFO - Test instance 0.6613, class 0.5953
Test instance 0.6613, class 0.5953
2026-06-25 16:51:49,380 - INFO - Best instance 0.7026, class 0.6276 (epoch 23)
Best instance 0.7026, class 0.6276 (epoch 23)
2026-06-25 16:51:49,401 - INFO - Epoch 39/200:
Epoch 39/200:
2026-06-25 16:53:39,424 - INFO - Train loss: 1.3803 (110.0s)
Train loss: 1.3803 (110.0s)
2026-06-25 16:54:05,991 - INFO - Test instance 0.7314, class 0.6424
Test instance 0.7314, class 0.6424
2026-06-25 16:54:06,010 - INFO - Best instance 0.7314, class 0.6424 (epoch 39)
Best instance 0.7314, class 0.6424 (epoch 39)
2026-06-25 16:54:06,027 - INFO - Epoch 40/200:
Epoch 40/200:
2026-06-25 16:55:55,001 - INFO - Train loss: 1.3799 (109.0s)
Train loss: 1.3799 (109.0s)
2026-06-25 16:56:21,951 - INFO - Test instance 0.6702, class 0.6184
Test instance 0.6702, class 0.6184
2026-06-25 16:56:21,951 - INFO - Best instance 0.7314, class 0.6424 (epoch 39)
Best instance 0.7314, class 0.6424 (epoch 39)
2026-06-25 16:56:21,996 - INFO - Epoch 41/200:
Epoch 41/200:
2026-06-25 16:58:11,276 - INFO - Train loss: 1.3638 (109.3s)
Train loss: 1.3638 (109.3s)
2026-06-25 16:58:38,239 - INFO - Test instance 0.6665, class 0.6153
Test instance 0.6665, class 0.6153
2026-06-25 16:58:38,239 - INFO - Best instance 0.7314, class 0.6424 (epoch 39)
Best instance 0.7314, class 0.6424 (epoch 39)
2026-06-25 16:58:38,260 - INFO - Epoch 42/200:
Epoch 42/200:
2026-06-25 17:00:27,812 - INFO - Train loss: 1.3606 (109.6s)
Train loss: 1.3606 (109.6s)
2026-06-25 17:00:54,402 - INFO - Test instance 0.6090, class 0.5723
Test instance 0.6090, class 0.5723
2026-06-25 17:00:54,402 - INFO - Best instance 0.7314, class 0.6424 (epoch 39)
Best instance 0.7314, class 0.6424 (epoch 39)
2026-06-25 17:00:54,422 - INFO - Epoch 43/200:
Epoch 43/200:
2026-06-25 17:02:43,522 - INFO - Train loss: 1.3569 (109.1s)
Train loss: 1.3569 (109.1s)
2026-06-25 17:03:10,724 - INFO - Test instance 0.7014, class 0.6419
Test instance 0.7014, class 0.6419
2026-06-25 17:03:10,725 - INFO - Best instance 0.7314, class 0.6424 (epoch 39)
Best instance 0.7314, class 0.6424 (epoch 39)
2026-06-25 17:03:10,745 - INFO - Epoch 44/200:
Epoch 44/200:
2026-06-25 17:05:00,411 - INFO - Train loss: 1.3497 (109.7s)
Train loss: 1.3497 (109.7s)
2026-06-25 17:05:27,529 - INFO - Test instance 0.6730, class 0.6166
Test instance 0.6730, class 0.6166
2026-06-25 17:05:27,530 - INFO - Best instance 0.7314, class 0.6424 (epoch 39)
Best instance 0.7314, class 0.6424 (epoch 39)
2026-06-25 17:05:27,550 - INFO - Epoch 45/200:
Epoch 45/200:
2026-06-25 17:07:16,370 - INFO - Train loss: 1.3545 (108.8s)
Train loss: 1.3545 (108.8s)
2026-06-25 17:07:43,442 - INFO - Test instance 0.6378, class 0.5953
Test instance 0.6378, class 0.5953
2026-06-25 17:07:43,442 - INFO - Best instance 0.7314, class 0.6424 (epoch 39)
Best instance 0.7314, class 0.6424 (epoch 39)
2026-06-25 17:07:43,463 - INFO - Epoch 46/200:
Epoch 46/200:
2026-06-25 17:09:33,817 - INFO - Train loss: 1.3464 (110.4s)
Train loss: 1.3464 (110.4s)
2026-06-25 17:10:00,667 - INFO - Test instance 0.6430, class 0.5860
Test instance 0.6430, class 0.5860
2026-06-25 17:10:00,668 - INFO - Best instance 0.7314, class 0.6424 (epoch 39)
Best instance 0.7314, class 0.6424 (epoch 39)
2026-06-25 17:10:00,690 - INFO - Epoch 47/200:
Epoch 47/200:
2026-06-25 17:11:49,606 - INFO - Train loss: 1.3479 (108.9s)
Train loss: 1.3479 (108.9s)
2026-06-25 17:12:16,773 - INFO - Test instance 0.7297, class 0.6715
Test instance 0.7297, class 0.6715
2026-06-25 17:12:16,773 - INFO - Best instance 0.7314, class 0.6424 (epoch 39)
Best instance 0.7314, class 0.6424 (epoch 39)
2026-06-25 17:12:16,793 - INFO - Epoch 48/200:
Epoch 48/200:
2026-06-25 17:14:04,730 - INFO - Train loss: 1.3480 (107.9s)
Train loss: 1.3480 (107.9s)
2026-06-25 17:14:31,849 - INFO - Test instance 0.6912, class 0.6374
Test instance 0.6912, class 0.6374
2026-06-25 17:14:31,849 - INFO - Best instance 0.7314, class 0.6424 (epoch 39)
Best instance 0.7314, class 0.6424 (epoch 39)
2026-06-25 17:14:31,870 - INFO - Epoch 49/200:
Epoch 49/200:
2026-06-25 17:16:21,541 - INFO - Train loss: 1.3460 (109.7s)
Train loss: 1.3460 (109.7s)
2026-06-25 17:16:48,572 - INFO - Test instance 0.7184, class 0.6597
Test instance 0.7184, class 0.6597
2026-06-25 17:16:48,573 - INFO - Best instance 0.7314, class 0.6424 (epoch 39)
Best instance 0.7314, class 0.6424 (epoch 39)
2026-06-25 17:16:48,593 - INFO - Epoch 50/200:
Epoch 50/200:
2026-06-25 17:18:37,635 - INFO - Train loss: 1.3420 (109.0s)
Train loss: 1.3420 (109.0s)
2026-06-25 17:19:04,776 - INFO - Test instance 0.7565, class 0.6763
Test instance 0.7565, class 0.6763
2026-06-25 17:19:04,800 - INFO - Best instance 0.7565, class 0.6763 (epoch 50)
Best instance 0.7565, class 0.6763 (epoch 50)
2026-06-25 17:19:04,818 - INFO - Epoch 51/200:
Epoch 51/200:
2026-06-25 17:20:53,617 - INFO - Train loss: 1.3380 (108.8s)
Train loss: 1.3380 (108.8s)
2026-06-25 17:21:20,610 - INFO - Test instance 0.7042, class 0.6450
Test instance 0.7042, class 0.6450
2026-06-25 17:21:20,613 - INFO - Best instance 0.7565, class 0.6763 (epoch 50)
Best instance 0.7565, class 0.6763 (epoch 50)
2026-06-25 17:21:20,633 - INFO - Epoch 52/200:
Epoch 52/200:
2026-06-25 17:23:09,274 - INFO - Train loss: 1.3376 (108.6s)
Train loss: 1.3376 (108.6s)
2026-06-25 17:23:36,333 - INFO - Test instance 0.6941, class 0.6452
Test instance 0.6941, class 0.6452
2026-06-25 17:23:36,333 - INFO - Best instance 0.7565, class 0.6763 (epoch 50)
Best instance 0.7565, class 0.6763 (epoch 50)
2026-06-25 17:23:36,355 - INFO - Epoch 53/200:
Epoch 53/200:
2026-06-25 17:25:26,717 - INFO - Train loss: 1.3370 (110.4s)
Train loss: 1.3370 (110.4s)
2026-06-25 17:25:53,683 - INFO - Test instance 0.6195, class 0.6012
Test instance 0.6195, class 0.6012
2026-06-25 17:25:53,684 - INFO - Best instance 0.7565, class 0.6763 (epoch 50)
Best instance 0.7565, class 0.6763 (epoch 50)
2026-06-25 17:25:53,705 - INFO - Epoch 54/200:
Epoch 54/200:
2026-06-25 17:27:43,429 - INFO - Train loss: 1.3362 (109.7s)
Train loss: 1.3362 (109.7s)
2026-06-25 17:28:10,649 - INFO - Test instance 0.6276, class 0.5921
Test instance 0.6276, class 0.5921
2026-06-25 17:28:10,650 - INFO - Best instance 0.7565, class 0.6763 (epoch 50)
Best instance 0.7565, class 0.6763 (epoch 50)
2026-06-25 17:28:10,671 - INFO - Epoch 55/200:
Epoch 55/200:
2026-06-25 17:29:59,020 - INFO - Train loss: 1.3367 (108.3s)
Train loss: 1.3367 (108.3s)
2026-06-25 17:30:26,144 - INFO - Test instance 0.6179, class 0.5760
Test instance 0.6179, class 0.5760
2026-06-25 17:30:26,144 - INFO - Best instance 0.7565, class 0.6763 (epoch 50)
Best instance 0.7565, class 0.6763 (epoch 50)
2026-06-25 17:30:26,165 - INFO - Epoch 56/200:
Epoch 56/200:
2026-06-25 17:32:15,093 - INFO - Train loss: 1.3388 (108.9s)
Train loss: 1.3388 (108.9s)
2026-06-25 17:32:41,739 - INFO - Test instance 0.7119, class 0.6520
Test instance 0.7119, class 0.6520
2026-06-25 17:32:41,739 - INFO - Best instance 0.7565, class 0.6763 (epoch 50)
Best instance 0.7565, class 0.6763 (epoch 50)
2026-06-25 17:32:41,760 - INFO - Epoch 57/200:
Epoch 57/200:
2026-06-25 17:34:30,875 - INFO - Train loss: 1.3267 (109.1s)
Train loss: 1.3267 (109.1s)
2026-06-25 17:34:57,972 - INFO - Test instance 0.7241, class 0.6702
Test instance 0.7241, class 0.6702
2026-06-25 17:34:57,973 - INFO - Best instance 0.7565, class 0.6763 (epoch 50)
Best instance 0.7565, class 0.6763 (epoch 50)
2026-06-25 17:34:57,997 - INFO - Epoch 58/200:
Epoch 58/200:
2026-06-25 17:36:46,243 - INFO - Train loss: 1.3284 (108.2s)
Train loss: 1.3284 (108.2s)
2026-06-25 17:37:13,403 - INFO - Test instance 0.6576, class 0.6180
Test instance 0.6576, class 0.6180
2026-06-25 17:37:13,404 - INFO - Best instance 0.7565, class 0.6763 (epoch 50)
Best instance 0.7565, class 0.6763 (epoch 50)
2026-06-25 17:37:13,424 - INFO - Epoch 59/200:
Epoch 59/200:
2026-06-25 17:39:02,976 - INFO - Train loss: 1.3260 (109.6s)
Train loss: 1.3260 (109.6s)
2026-06-25 17:39:30,074 - INFO - Test instance 0.6722, class 0.6319
Test instance 0.6722, class 0.6319
2026-06-25 17:39:30,075 - INFO - Best instance 0.7565, class 0.6763 (epoch 50)
Best instance 0.7565, class 0.6763 (epoch 50)
2026-06-25 17:39:30,095 - INFO - Epoch 60/200:
Epoch 60/200:
2026-06-25 17:41:19,836 - INFO - Train loss: 1.3262 (109.7s)
Train loss: 1.3262 (109.7s)
2026-06-25 17:41:46,833 - INFO - Test instance 0.6734, class 0.6302
Test instance 0.6734, class 0.6302
2026-06-25 17:41:46,834 - INFO - Best instance 0.7565, class 0.6763 (epoch 50)
Best instance 0.7565, class 0.6763 (epoch 50)
2026-06-25 17:41:46,856 - INFO - Epoch 61/200:
Epoch 61/200:
2026-06-25 17:43:35,531 - INFO - Train loss: 1.3165 (108.7s)
Train loss: 1.3165 (108.7s)
2026-06-25 17:44:02,734 - INFO - Test instance 0.6653, class 0.6244
Test instance 0.6653, class 0.6244
2026-06-25 17:44:02,734 - INFO - Best instance 0.7565, class 0.6763 (epoch 50)
Best instance 0.7565, class 0.6763 (epoch 50)
2026-06-25 17:44:02,755 - INFO - Epoch 62/200:
Epoch 62/200:
2026-06-25 17:45:51,632 - INFO - Train loss: 1.3176 (108.9s)
Train loss: 1.3176 (108.9s)
2026-06-25 17:46:18,602 - INFO - Test instance 0.6661, class 0.6360
Test instance 0.6661, class 0.6360
2026-06-25 17:46:18,603 - INFO - Best instance 0.7565, class 0.6763 (epoch 50)
Best instance 0.7565, class 0.6763 (epoch 50)
2026-06-25 17:46:18,625 - INFO - Epoch 63/200:
Epoch 63/200:
2026-06-25 17:48:08,570 - INFO - Train loss: 1.3094 (109.9s)
Train loss: 1.3094 (109.9s)
2026-06-25 17:48:35,436 - INFO - Test instance 0.7423, class 0.6814
Test instance 0.7423, class 0.6814
2026-06-25 17:48:35,436 - INFO - Best instance 0.7565, class 0.6763 (epoch 50)
Best instance 0.7565, class 0.6763 (epoch 50)
2026-06-25 17:48:35,456 - INFO - Epoch 64/200:
Epoch 64/200:
2026-06-25 17:50:24,700 - INFO - Train loss: 1.3075 (109.2s)
Train loss: 1.3075 (109.2s)
2026-06-25 17:50:51,516 - INFO - Test instance 0.7241, class 0.6846
Test instance 0.7241, class 0.6846
2026-06-25 17:50:51,517 - INFO - Best instance 0.7565, class 0.6763 (epoch 50)
Best instance 0.7565, class 0.6763 (epoch 50)
2026-06-25 17:50:51,538 - INFO - Epoch 65/200:
Epoch 65/200:
2026-06-25 17:52:40,527 - INFO - Train loss: 1.2974 (109.0s)
Train loss: 1.2974 (109.0s)
2026-06-25 17:53:07,666 - INFO - Test instance 0.6994, class 0.6564
Test instance 0.6994, class 0.6564
2026-06-25 17:53:07,666 - INFO - Best instance 0.7565, class 0.6763 (epoch 50)
Best instance 0.7565, class 0.6763 (epoch 50)
2026-06-25 17:53:07,686 - INFO - Epoch 66/200:
Epoch 66/200:
2026-06-25 17:54:56,924 - INFO - Train loss: 1.3118 (109.2s)
Train loss: 1.3118 (109.2s)
2026-06-25 17:55:23,662 - INFO - Test instance 0.6783, class 0.6422
Test instance 0.6783, class 0.6422
2026-06-25 17:55:23,662 - INFO - Best instance 0.7565, class 0.6763 (epoch 50)
Best instance 0.7565, class 0.6763 (epoch 50)
2026-06-25 17:55:23,684 - INFO - Epoch 67/200:
Epoch 67/200:
2026-06-25 17:57:13,599 - INFO - Train loss: 1.3086 (109.9s)
Train loss: 1.3086 (109.9s)
2026-06-25 17:57:40,862 - INFO - Test instance 0.6799, class 0.6483
Test instance 0.6799, class 0.6483
2026-06-25 17:57:40,862 - INFO - Best instance 0.7565, class 0.6763 (epoch 50)
Best instance 0.7565, class 0.6763 (epoch 50)
2026-06-25 17:57:40,883 - INFO - Epoch 68/200:
Epoch 68/200:
2026-06-25 17:59:29,329 - INFO - Train loss: 1.2996 (108.4s)
Train loss: 1.2996 (108.4s)
2026-06-25 17:59:56,669 - INFO - Test instance 0.6718, class 0.6419
Test instance 0.6718, class 0.6419
2026-06-25 17:59:56,669 - INFO - Best instance 0.7565, class 0.6763 (epoch 50)
Best instance 0.7565, class 0.6763 (epoch 50)
2026-06-25 17:59:56,690 - INFO - Epoch 69/200:
Epoch 69/200:
2026-06-25 18:01:45,443 - INFO - Train loss: 1.2978 (108.8s)
Train loss: 1.2978 (108.8s)
2026-06-25 18:02:12,279 - INFO - Test instance 0.7139, class 0.6732
Test instance 0.7139, class 0.6732
2026-06-25 18:02:12,280 - INFO - Best instance 0.7565, class 0.6763 (epoch 50)
Best instance 0.7565, class 0.6763 (epoch 50)
2026-06-25 18:02:12,300 - INFO - Epoch 70/200:
Epoch 70/200:
2026-06-25 18:04:01,178 - INFO - Train loss: 1.3033 (108.9s)
Train loss: 1.3033 (108.9s)
2026-06-25 18:04:28,106 - INFO - Test instance 0.6925, class 0.6540
Test instance 0.6925, class 0.6540
2026-06-25 18:04:28,106 - INFO - Best instance 0.7565, class 0.6763 (epoch 50)
Best instance 0.7565, class 0.6763 (epoch 50)
2026-06-25 18:04:28,126 - INFO - Epoch 71/200:
Epoch 71/200:
2026-06-25 18:06:17,191 - INFO - Train loss: 1.2984 (109.1s)
Train loss: 1.2984 (109.1s)
2026-06-25 18:06:44,430 - INFO - Test instance 0.6746, class 0.6324
Test instance 0.6746, class 0.6324
2026-06-25 18:06:44,431 - INFO - Best instance 0.7565, class 0.6763 (epoch 50)
Best instance 0.7565, class 0.6763 (epoch 50)
2026-06-25 18:06:44,484 - INFO - Epoch 72/200:
Epoch 72/200:
2026-06-25 18:08:33,786 - INFO - Train loss: 1.3018 (109.3s)
Train loss: 1.3018 (109.3s)
2026-06-25 18:09:00,843 - INFO - Test instance 0.7374, class 0.6898
Test instance 0.7374, class 0.6898
2026-06-25 18:09:00,844 - INFO - Best instance 0.7565, class 0.6763 (epoch 50)
Best instance 0.7565, class 0.6763 (epoch 50)
2026-06-25 18:09:00,865 - INFO - Epoch 73/200:
Epoch 73/200:
2026-06-25 18:10:50,915 - INFO - Train loss: 1.2964 (110.1s)
Train loss: 1.2964 (110.1s)
2026-06-25 18:11:17,817 - INFO - Test instance 0.7277, class 0.6894
Test instance 0.7277, class 0.6894
2026-06-25 18:11:17,818 - INFO - Best instance 0.7565, class 0.6763 (epoch 50)
Best instance 0.7565, class 0.6763 (epoch 50)
2026-06-25 18:11:17,838 - INFO - Epoch 74/200:
Epoch 74/200:
2026-06-25 18:13:06,876 - INFO - Train loss: 1.3015 (109.0s)
Train loss: 1.3015 (109.0s)
2026-06-25 18:13:33,845 - INFO - Test instance 0.7030, class 0.6655
Test instance 0.7030, class 0.6655
2026-06-25 18:13:33,845 - INFO - Best instance 0.7565, class 0.6763 (epoch 50)
Best instance 0.7565, class 0.6763 (epoch 50)
2026-06-25 18:13:33,865 - INFO - Epoch 75/200:
Epoch 75/200:
2026-06-25 18:15:22,572 - INFO - Train loss: 1.2938 (108.7s)
Train loss: 1.2938 (108.7s)
2026-06-25 18:15:49,432 - INFO - Test instance 0.6694, class 0.6333
Test instance 0.6694, class 0.6333
2026-06-25 18:15:49,432 - INFO - Best instance 0.7565, class 0.6763 (epoch 50)
Best instance 0.7565, class 0.6763 (epoch 50)
2026-06-25 18:15:49,453 - INFO - Epoch 76/200:
Epoch 76/200:
2026-06-25 18:17:38,904 - INFO - Train loss: 1.2943 (109.5s)
Train loss: 1.2943 (109.5s)
2026-06-25 18:18:05,705 - INFO - Test instance 0.7111, class 0.6733
Test instance 0.7111, class 0.6733
2026-06-25 18:18:05,706 - INFO - Best instance 0.7565, class 0.6763 (epoch 50)
Best instance 0.7565, class 0.6763 (epoch 50)
2026-06-25 18:18:05,726 - INFO - Epoch 77/200:
Epoch 77/200:
2026-06-25 18:19:55,107 - INFO - Train loss: 1.2986 (109.4s)
Train loss: 1.2986 (109.4s)
2026-06-25 18:20:22,272 - INFO - Test instance 0.7200, class 0.6673
Test instance 0.7200, class 0.6673
2026-06-25 18:20:22,272 - INFO - Best instance 0.7565, class 0.6763 (epoch 50)
Best instance 0.7565, class 0.6763 (epoch 50)
2026-06-25 18:20:22,293 - INFO - Epoch 78/200:
Epoch 78/200:
2026-06-25 18:22:11,581 - INFO - Train loss: 1.2934 (109.3s)
Train loss: 1.2934 (109.3s)
2026-06-25 18:22:38,610 - INFO - Test instance 0.7212, class 0.6580
Test instance 0.7212, class 0.6580
2026-06-25 18:22:38,611 - INFO - Best instance 0.7565, class 0.6763 (epoch 50)
Best instance 0.7565, class 0.6763 (epoch 50)
2026-06-25 18:22:38,631 - INFO - Epoch 79/200:
Epoch 79/200:
2026-06-25 18:24:28,517 - INFO - Train loss: 1.2927 (109.9s)
Train loss: 1.2927 (109.9s)
2026-06-25 18:24:55,355 - INFO - Test instance 0.6977, class 0.6544
Test instance 0.6977, class 0.6544
2026-06-25 18:24:55,356 - INFO - Best instance 0.7565, class 0.6763 (epoch 50)
Best instance 0.7565, class 0.6763 (epoch 50)
2026-06-25 18:24:55,376 - INFO - Epoch 80/200:
Epoch 80/200:
2026-06-25 18:26:44,844 - INFO - Train loss: 1.2927 (109.5s)
Train loss: 1.2927 (109.5s)
2026-06-25 18:27:11,978 - INFO - Test instance 0.6941, class 0.6543
Test instance 0.6941, class 0.6543
2026-06-25 18:27:11,978 - INFO - Best instance 0.7565, class 0.6763 (epoch 50)
Best instance 0.7565, class 0.6763 (epoch 50)
2026-06-25 18:27:11,999 - INFO - Epoch 81/200:
Epoch 81/200:
2026-06-25 18:29:01,096 - INFO - Train loss: 1.2863 (109.1s)
Train loss: 1.2863 (109.1s)
2026-06-25 18:29:28,229 - INFO - Test instance 0.7054, class 0.6648
Test instance 0.7054, class 0.6648
2026-06-25 18:29:28,229 - INFO - Best instance 0.7565, class 0.6763 (epoch 50)
Best instance 0.7565, class 0.6763 (epoch 50)
2026-06-25 18:29:28,250 - INFO - Epoch 82/200:
Epoch 82/200:
2026-06-25 18:31:17,190 - INFO - Train loss: 1.2818 (108.9s)
Train loss: 1.2818 (108.9s)
2026-06-25 18:31:44,111 - INFO - Test instance 0.7480, class 0.6915
Test instance 0.7480, class 0.6915
2026-06-25 18:31:44,112 - INFO - Best instance 0.7565, class 0.6763 (epoch 50)
Best instance 0.7565, class 0.6763 (epoch 50)
2026-06-25 18:31:44,132 - INFO - Epoch 83/200:
Epoch 83/200:
2026-06-25 18:33:33,931 - INFO - Train loss: 1.2825 (109.8s)
Train loss: 1.2825 (109.8s)
2026-06-25 18:34:00,996 - INFO - Test instance 0.6961, class 0.6432
Test instance 0.6961, class 0.6432
2026-06-25 18:34:00,997 - INFO - Best instance 0.7565, class 0.6763 (epoch 50)
Best instance 0.7565, class 0.6763 (epoch 50)
2026-06-25 18:34:01,017 - INFO - Epoch 84/200:
Epoch 84/200:
2026-06-25 18:35:49,830 - INFO - Train loss: 1.2721 (108.8s)
Train loss: 1.2721 (108.8s)
2026-06-25 18:36:17,134 - INFO - Test instance 0.6896, class 0.6574
Test instance 0.6896, class 0.6574
2026-06-25 18:36:17,135 - INFO - Best instance 0.7565, class 0.6763 (epoch 50)
Best instance 0.7565, class 0.6763 (epoch 50)
2026-06-25 18:36:17,155 - INFO - Epoch 85/200:
Epoch 85/200:
2026-06-25 18:38:06,398 - INFO - Train loss: 1.2807 (109.2s)
Train loss: 1.2807 (109.2s)
2026-06-25 18:38:33,515 - INFO - Test instance 0.7476, class 0.6952
Test instance 0.7476, class 0.6952
2026-06-25 18:38:33,516 - INFO - Best instance 0.7565, class 0.6763 (epoch 50)
Best instance 0.7565, class 0.6763 (epoch 50)
2026-06-25 18:38:33,537 - INFO - Epoch 86/200:
Epoch 86/200:
2026-06-25 18:40:23,803 - INFO - Train loss: 1.2725 (110.3s)
Train loss: 1.2725 (110.3s)
2026-06-25 18:40:50,718 - INFO - Test instance 0.6564, class 0.6221
Test instance 0.6564, class 0.6221
2026-06-25 18:40:50,718 - INFO - Best instance 0.7565, class 0.6763 (epoch 50)
Best instance 0.7565, class 0.6763 (epoch 50)
2026-06-25 18:40:50,739 - INFO - Epoch 87/200:
Epoch 87/200:
2026-06-25 18:42:39,349 - INFO - Train loss: 1.2723 (108.6s)
Train loss: 1.2723 (108.6s)
2026-06-25 18:43:06,561 - INFO - Test instance 0.7087, class 0.6705
Test instance 0.7087, class 0.6705
2026-06-25 18:43:06,562 - INFO - Best instance 0.7565, class 0.6763 (epoch 50)
Best instance 0.7565, class 0.6763 (epoch 50)
2026-06-25 18:43:06,581 - INFO - Epoch 88/200:
Epoch 88/200:
2026-06-25 18:44:55,612 - INFO - Train loss: 1.2709 (109.0s)
Train loss: 1.2709 (109.0s)
2026-06-25 18:45:22,743 - INFO - Test instance 0.7220, class 0.6902
Test instance 0.7220, class 0.6902
2026-06-25 18:45:22,744 - INFO - Best instance 0.7565, class 0.6763 (epoch 50)
Best instance 0.7565, class 0.6763 (epoch 50)
2026-06-25 18:45:22,764 - INFO - Epoch 89/200:
Epoch 89/200:
2026-06-25 18:47:12,286 - INFO - Train loss: 1.2740 (109.5s)
Train loss: 1.2740 (109.5s)
2026-06-25 18:47:39,065 - INFO - Test instance 0.6775, class 0.6501
Test instance 0.6775, class 0.6501
2026-06-25 18:47:39,065 - INFO - Best instance 0.7565, class 0.6763 (epoch 50)
Best instance 0.7565, class 0.6763 (epoch 50)
2026-06-25 18:47:39,087 - INFO - Epoch 90/200:
Epoch 90/200:
2026-06-25 18:49:28,110 - INFO - Train loss: 1.2743 (109.0s)
Train loss: 1.2743 (109.0s)
2026-06-25 18:49:55,531 - INFO - Test instance 0.6884, class 0.6547
Test instance 0.6884, class 0.6547
2026-06-25 18:49:55,531 - INFO - Best instance 0.7565, class 0.6763 (epoch 50)
Best instance 0.7565, class 0.6763 (epoch 50)
2026-06-25 18:49:55,552 - INFO - Epoch 91/200:
Epoch 91/200:
2026-06-25 18:51:44,377 - INFO - Train loss: 1.2714 (108.8s)
Train loss: 1.2714 (108.8s)
2026-06-25 18:52:11,548 - INFO - Test instance 0.6653, class 0.6412
Test instance 0.6653, class 0.6412
2026-06-25 18:52:11,549 - INFO - Best instance 0.7565, class 0.6763 (epoch 50)
Best instance 0.7565, class 0.6763 (epoch 50)
2026-06-25 18:52:11,570 - INFO - Epoch 92/200:
Epoch 92/200:
2026-06-25 18:54:01,369 - INFO - Train loss: 1.2716 (109.8s)
Train loss: 1.2716 (109.8s)
2026-06-25 18:54:28,238 - INFO - Test instance 0.7370, class 0.7003
Test instance 0.7370, class 0.7003
2026-06-25 18:54:28,238 - INFO - Best instance 0.7565, class 0.6763 (epoch 50)
Best instance 0.7565, class 0.6763 (epoch 50)
2026-06-25 18:54:28,261 - INFO - Epoch 93/200:
Epoch 93/200:
2026-06-25 18:56:17,156 - INFO - Train loss: 1.2723 (108.9s)
Train loss: 1.2723 (108.9s)
2026-06-25 18:56:44,147 - INFO - Test instance 0.7046, class 0.6820
Test instance 0.7046, class 0.6820
2026-06-25 18:56:44,148 - INFO - Best instance 0.7565, class 0.6763 (epoch 50)
Best instance 0.7565, class 0.6763 (epoch 50)
2026-06-25 18:56:44,170 - INFO - Epoch 94/200:
Epoch 94/200:
2026-06-25 18:58:33,319 - INFO - Train loss: 1.2757 (109.1s)
Train loss: 1.2757 (109.1s)
2026-06-25 18:59:00,459 - INFO - Test instance 0.6653, class 0.6405
Test instance 0.6653, class 0.6405
2026-06-25 18:59:00,459 - INFO - Best instance 0.7565, class 0.6763 (epoch 50)
Best instance 0.7565, class 0.6763 (epoch 50)
2026-06-25 18:59:00,482 - INFO - Epoch 95/200:
Epoch 95/200:
2026-06-25 19:00:49,860 - INFO - Train loss: 1.2706 (109.4s)
Train loss: 1.2706 (109.4s)
2026-06-25 19:01:16,628 - INFO - Test instance 0.6544, class 0.6272
Test instance 0.6544, class 0.6272
2026-06-25 19:01:16,628 - INFO - Best instance 0.7565, class 0.6763 (epoch 50)
Best instance 0.7565, class 0.6763 (epoch 50)
2026-06-25 19:01:16,648 - INFO - Epoch 96/200:
Epoch 96/200:
2026-06-25 19:03:05,737 - INFO - Train loss: 1.2670 (109.1s)
Train loss: 1.2670 (109.1s)
2026-06-25 19:03:32,883 - INFO - Test instance 0.6827, class 0.6549
Test instance 0.6827, class 0.6549
2026-06-25 19:03:32,884 - INFO - Best instance 0.7565, class 0.6763 (epoch 50)
Best instance 0.7565, class 0.6763 (epoch 50)
2026-06-25 19:03:32,907 - INFO - Epoch 97/200:
Epoch 97/200:
2026-06-25 19:05:21,858 - INFO - Train loss: 1.2681 (109.0s)
Train loss: 1.2681 (109.0s)
2026-06-25 19:05:48,913 - INFO - Test instance 0.7071, class 0.6665
Test instance 0.7071, class 0.6665
2026-06-25 19:05:48,913 - INFO - Best instance 0.7565, class 0.6763 (epoch 50)
Best instance 0.7565, class 0.6763 (epoch 50)
2026-06-25 19:05:48,933 - INFO - Epoch 98/200:
Epoch 98/200:
2026-06-25 19:07:38,935 - INFO - Train loss: 1.2675 (110.0s)
Train loss: 1.2675 (110.0s)
2026-06-25 19:08:05,883 - INFO - Test instance 0.6937, class 0.6527
Test instance 0.6937, class 0.6527
2026-06-25 19:08:05,883 - INFO - Best instance 0.7565, class 0.6763 (epoch 50)
Best instance 0.7565, class 0.6763 (epoch 50)
2026-06-25 19:08:05,903 - INFO - Epoch 99/200:
Epoch 99/200:
2026-06-25 19:09:54,932 - INFO - Train loss: 1.2708 (109.0s)
Train loss: 1.2708 (109.0s)
2026-06-25 19:10:21,964 - INFO - Test instance 0.7079, class 0.6619
Test instance 0.7079, class 0.6619
2026-06-25 19:10:21,964 - INFO - Best instance 0.7565, class 0.6763 (epoch 50)
Best instance 0.7565, class 0.6763 (epoch 50)
2026-06-25 19:10:21,986 - INFO - Epoch 100/200:
Epoch 100/200:
2026-06-25 19:12:10,316 - INFO - Train loss: 1.2661 (108.3s)
Train loss: 1.2661 (108.3s)
2026-06-25 19:12:37,564 - INFO - Test instance 0.7407, class 0.6860
Test instance 0.7407, class 0.6860
2026-06-25 19:12:37,565 - INFO - Best instance 0.7565, class 0.6763 (epoch 50)
Best instance 0.7565, class 0.6763 (epoch 50)
2026-06-25 19:12:37,587 - INFO - Epoch 101/200:
Epoch 101/200:
2026-06-25 19:14:27,070 - INFO - Train loss: 1.2595 (109.5s)
Train loss: 1.2595 (109.5s)
2026-06-25 19:14:53,835 - INFO - Test instance 0.7289, class 0.6853
Test instance 0.7289, class 0.6853
2026-06-25 19:14:53,836 - INFO - Best instance 0.7565, class 0.6763 (epoch 50)
Best instance 0.7565, class 0.6763 (epoch 50)
2026-06-25 19:14:53,857 - INFO - Epoch 102/200:
Epoch 102/200:
2026-06-25 19:16:43,255 - INFO - Train loss: 1.2618 (109.4s)
Train loss: 1.2618 (109.4s)
2026-06-25 19:17:10,315 - INFO - Test instance 0.6937, class 0.6457
Test instance 0.6937, class 0.6457
2026-06-25 19:17:10,316 - INFO - Best instance 0.7565, class 0.6763 (epoch 50)
Best instance 0.7565, class 0.6763 (epoch 50)
2026-06-25 19:17:10,344 - INFO - Epoch 103/200:
Epoch 103/200:
2026-06-25 19:18:59,031 - INFO - Train loss: 1.2536 (108.7s)
Train loss: 1.2536 (108.7s)
2026-06-25 19:19:26,368 - INFO - Test instance 0.6726, class 0.6410
Test instance 0.6726, class 0.6410
2026-06-25 19:19:26,368 - INFO - Best instance 0.7565, class 0.6763 (epoch 50)
Best instance 0.7565, class 0.6763 (epoch 50)
2026-06-25 19:19:26,389 - INFO - Epoch 104/200:
Epoch 104/200:
2026-06-25 19:21:16,008 - INFO - Train loss: 1.2606 (109.6s)
Train loss: 1.2606 (109.6s)
2026-06-25 19:21:42,779 - INFO - Test instance 0.6981, class 0.6534
Test instance 0.6981, class 0.6534
2026-06-25 19:21:42,780 - INFO - Best instance 0.7565, class 0.6763 (epoch 50)
Best instance 0.7565, class 0.6763 (epoch 50)
2026-06-25 19:21:42,802 - INFO - Epoch 105/200:
Epoch 105/200:
2026-06-25 19:23:32,279 - INFO - Train loss: 1.2560 (109.5s)
Train loss: 1.2560 (109.5s)
2026-06-25 19:23:59,548 - INFO - Test instance 0.6746, class 0.6469
Test instance 0.6746, class 0.6469
2026-06-25 19:23:59,549 - INFO - Best instance 0.7565, class 0.6763 (epoch 50)
Best instance 0.7565, class 0.6763 (epoch 50)
2026-06-25 19:23:59,569 - INFO - Epoch 106/200:
Epoch 106/200:
2026-06-25 19:25:48,524 - INFO - Train loss: 1.2507 (109.0s)
Train loss: 1.2507 (109.0s)
2026-06-25 19:26:15,605 - INFO - Test instance 0.7212, class 0.6747
Test instance 0.7212, class 0.6747
2026-06-25 19:26:15,606 - INFO - Best instance 0.7565, class 0.6763 (epoch 50)
Best instance 0.7565, class 0.6763 (epoch 50)
2026-06-25 19:26:15,626 - INFO - Epoch 107/200:
Epoch 107/200:
2026-06-25 19:28:05,073 - INFO - Train loss: 1.2572 (109.4s)
Train loss: 1.2572 (109.4s)
2026-06-25 19:28:31,850 - INFO - Test instance 0.6823, class 0.6476
Test instance 0.6823, class 0.6476
2026-06-25 19:28:31,851 - INFO - Best instance 0.7565, class 0.6763 (epoch 50)
Best instance 0.7565, class 0.6763 (epoch 50)
2026-06-25 19:28:31,870 - INFO - Epoch 108/200:
Epoch 108/200:
2026-06-25 19:30:22,179 - INFO - Train loss: 1.2606 (110.3s)
Train loss: 1.2606 (110.3s)
2026-06-25 19:30:49,418 - INFO - Test instance 0.6860, class 0.6569
Test instance 0.6860, class 0.6569
2026-06-25 19:30:49,418 - INFO - Best instance 0.7565, class 0.6763 (epoch 50)
Best instance 0.7565, class 0.6763 (epoch 50)
2026-06-25 19:30:49,453 - INFO - Epoch 109/200:
Epoch 109/200:
2026-06-25 19:32:38,162 - INFO - Train loss: 1.2536 (108.7s)
Train loss: 1.2536 (108.7s)
2026-06-25 19:33:05,196 - INFO - Test instance 0.7589, class 0.7087
Test instance 0.7589, class 0.7087
2026-06-25 19:33:05,218 - INFO - Best instance 0.7589, class 0.7087 (epoch 109)
Best instance 0.7589, class 0.7087 (epoch 109)
2026-06-25 19:33:05,236 - INFO - Epoch 110/200:
Epoch 110/200:
2026-06-25 19:34:54,599 - INFO - Train loss: 1.2533 (109.4s)
Train loss: 1.2533 (109.4s)
2026-06-25 19:35:21,230 - INFO - Test instance 0.7075, class 0.6692
Test instance 0.7075, class 0.6692
2026-06-25 19:35:21,230 - INFO - Best instance 0.7589, class 0.7087 (epoch 109)
Best instance 0.7589, class 0.7087 (epoch 109)
2026-06-25 19:35:21,250 - INFO - Epoch 111/200:
Epoch 111/200:
2026-06-25 19:37:10,301 - INFO - Train loss: 1.2505 (109.1s)
Train loss: 1.2505 (109.1s)
2026-06-25 19:37:37,423 - INFO - Test instance 0.7127, class 0.6739
Test instance 0.7127, class 0.6739
2026-06-25 19:37:37,423 - INFO - Best instance 0.7589, class 0.7087 (epoch 109)
Best instance 0.7589, class 0.7087 (epoch 109)
2026-06-25 19:37:37,445 - INFO - Epoch 112/200:
Epoch 112/200:
2026-06-25 19:39:25,896 - INFO - Train loss: 1.2477 (108.5s)
Train loss: 1.2477 (108.5s)
2026-06-25 19:39:53,101 - INFO - Test instance 0.6848, class 0.6516
Test instance 0.6848, class 0.6516
2026-06-25 19:39:53,101 - INFO - Best instance 0.7589, class 0.7087 (epoch 109)
Best instance 0.7589, class 0.7087 (epoch 109)
2026-06-25 19:39:53,122 - INFO - Epoch 113/200:
Epoch 113/200:
2026-06-25 19:41:43,040 - INFO - Train loss: 1.2520 (109.9s)
Train loss: 1.2520 (109.9s)
2026-06-25 19:42:09,891 - INFO - Test instance 0.7277, class 0.6881
Test instance 0.7277, class 0.6881
2026-06-25 19:42:09,891 - INFO - Best instance 0.7589, class 0.7087 (epoch 109)
Best instance 0.7589, class 0.7087 (epoch 109)
2026-06-25 19:42:09,912 - INFO - Epoch 114/200:
Epoch 114/200:
2026-06-25 19:43:58,621 - INFO - Train loss: 1.2503 (108.7s)
Train loss: 1.2503 (108.7s)
2026-06-25 19:44:25,714 - INFO - Test instance 0.7289, class 0.6749
Test instance 0.7289, class 0.6749
2026-06-25 19:44:25,715 - INFO - Best instance 0.7589, class 0.7087 (epoch 109)
Best instance 0.7589, class 0.7087 (epoch 109)
2026-06-25 19:44:25,737 - INFO - Epoch 115/200:
Epoch 115/200:
2026-06-25 19:46:14,637 - INFO - Train loss: 1.2478 (108.9s)
Train loss: 1.2478 (108.9s)
2026-06-25 19:46:41,612 - INFO - Test instance 0.7164, class 0.6772
Test instance 0.7164, class 0.6772
2026-06-25 19:46:41,612 - INFO - Best instance 0.7589, class 0.7087 (epoch 109)
Best instance 0.7589, class 0.7087 (epoch 109)
2026-06-25 19:46:41,632 - INFO - Epoch 116/200:
Epoch 116/200:
2026-06-25 19:48:31,580 - INFO - Train loss: 1.2493 (109.9s)
Train loss: 1.2493 (109.9s)
2026-06-25 19:48:58,516 - INFO - Test instance 0.7557, class 0.7132
Test instance 0.7557, class 0.7132
2026-06-25 19:48:58,516 - INFO - Best instance 0.7589, class 0.7087 (epoch 109)
Best instance 0.7589, class 0.7087 (epoch 109)
2026-06-25 19:48:58,536 - INFO - Epoch 117/200:
Epoch 117/200:
2026-06-25 19:50:47,415 - INFO - Train loss: 1.2511 (108.9s)
Train loss: 1.2511 (108.9s)
2026-06-25 19:51:14,402 - INFO - Test instance 0.6807, class 0.6436
Test instance 0.6807, class 0.6436
2026-06-25 19:51:14,402 - INFO - Best instance 0.7589, class 0.7087 (epoch 109)
Best instance 0.7589, class 0.7087 (epoch 109)
2026-06-25 19:51:14,422 - INFO - Epoch 118/200:
Epoch 118/200:
2026-06-25 19:53:02,925 - INFO - Train loss: 1.2480 (108.5s)
Train loss: 1.2480 (108.5s)
2026-06-25 19:53:30,275 - INFO - Test instance 0.6941, class 0.6631
Test instance 0.6941, class 0.6631
2026-06-25 19:53:30,276 - INFO - Best instance 0.7589, class 0.7087 (epoch 109)
Best instance 0.7589, class 0.7087 (epoch 109)
2026-06-25 19:53:30,297 - INFO - Epoch 119/200:
Epoch 119/200:
2026-06-25 19:55:19,654 - INFO - Train loss: 1.2559 (109.4s)
Train loss: 1.2559 (109.4s)
2026-06-25 19:55:46,810 - INFO - Test instance 0.6746, class 0.6523
Test instance 0.6746, class 0.6523
2026-06-25 19:55:46,810 - INFO - Best instance 0.7589, class 0.7087 (epoch 109)
Best instance 0.7589, class 0.7087 (epoch 109)
2026-06-25 19:55:46,831 - INFO - Epoch 120/200:
Epoch 120/200:
2026-06-25 19:57:36,021 - INFO - Train loss: 1.2494 (109.2s)
Train loss: 1.2494 (109.2s)
2026-06-25 19:58:03,234 - INFO - Test instance 0.6819, class 0.6529
Test instance 0.6819, class 0.6529
2026-06-25 19:58:03,236 - INFO - Best instance 0.7589, class 0.7087 (epoch 109)
Best instance 0.7589, class 0.7087 (epoch 109)
2026-06-25 19:58:03,255 - INFO - Epoch 121/200:
Epoch 121/200:
2026-06-25 19:59:52,886 - INFO - Train loss: 1.2448 (109.6s)
Train loss: 1.2448 (109.6s)
2026-06-25 20:00:19,617 - INFO - Test instance 0.7273, class 0.6909
Test instance 0.7273, class 0.6909
2026-06-25 20:00:19,619 - INFO - Best instance 0.7589, class 0.7087 (epoch 109)
Best instance 0.7589, class 0.7087 (epoch 109)
2026-06-25 20:00:19,638 - INFO - Epoch 122/200:
Epoch 122/200:
2026-06-25 20:02:09,592 - INFO - Train loss: 1.2482 (110.0s)
Train loss: 1.2482 (110.0s)
2026-06-25 20:02:36,829 - INFO - Test instance 0.7046, class 0.6736
Test instance 0.7046, class 0.6736
2026-06-25 20:02:36,830 - INFO - Best instance 0.7589, class 0.7087 (epoch 109)
Best instance 0.7589, class 0.7087 (epoch 109)
2026-06-25 20:02:36,849 - INFO - Epoch 123/200:
Epoch 123/200:
2026-06-25 20:04:25,836 - INFO - Train loss: 1.2448 (109.0s)
Train loss: 1.2448 (109.0s)
2026-06-25 20:04:52,884 - INFO - Test instance 0.6475, class 0.6177
Test instance 0.6475, class 0.6177
2026-06-25 20:04:52,884 - INFO - Best instance 0.7589, class 0.7087 (epoch 109)
Best instance 0.7589, class 0.7087 (epoch 109)
2026-06-25 20:04:52,906 - INFO - Epoch 124/200:
Epoch 124/200:
2026-06-25 20:06:42,279 - INFO - Train loss: 1.2387 (109.4s)
Train loss: 1.2387 (109.4s)
2026-06-25 20:07:08,932 - INFO - Test instance 0.7018, class 0.6744
Test instance 0.7018, class 0.6744
2026-06-25 20:07:08,932 - INFO - Best instance 0.7589, class 0.7087 (epoch 109)
Best instance 0.7589, class 0.7087 (epoch 109)
2026-06-25 20:07:08,955 - INFO - Epoch 125/200:
Epoch 125/200:
2026-06-25 20:08:58,153 - INFO - Train loss: 1.2389 (109.2s)
Train loss: 1.2389 (109.2s)
2026-06-25 20:09:25,164 - INFO - Test instance 0.7022, class 0.6707
Test instance 0.7022, class 0.6707
2026-06-25 20:09:25,165 - INFO - Best instance 0.7589, class 0.7087 (epoch 109)
Best instance 0.7589, class 0.7087 (epoch 109)
2026-06-25 20:09:25,185 - INFO - Epoch 126/200:
Epoch 126/200:
2026-06-25 20:11:13,516 - INFO - Train loss: 1.2430 (108.3s)
Train loss: 1.2430 (108.3s)
2026-06-25 20:11:40,656 - INFO - Test instance 0.6479, class 0.6279
Test instance 0.6479, class 0.6279
2026-06-25 20:11:40,656 - INFO - Best instance 0.7589, class 0.7087 (epoch 109)
Best instance 0.7589, class 0.7087 (epoch 109)
2026-06-25 20:11:40,678 - INFO - Epoch 127/200:
Epoch 127/200:
2026-06-25 20:13:30,569 - INFO - Train loss: 1.2426 (109.9s)
Train loss: 1.2426 (109.9s)
2026-06-25 20:13:57,274 - INFO - Test instance 0.7208, class 0.6825
Test instance 0.7208, class 0.6825
2026-06-25 20:13:57,274 - INFO - Best instance 0.7589, class 0.7087 (epoch 109)
Best instance 0.7589, class 0.7087 (epoch 109)
2026-06-25 20:13:57,295 - INFO - Epoch 128/200:
Epoch 128/200:
2026-06-25 20:15:46,641 - INFO - Train loss: 1.2418 (109.3s)
Train loss: 1.2418 (109.3s)
2026-06-25 20:16:13,756 - INFO - Test instance 0.6844, class 0.6632
Test instance 0.6844, class 0.6632
2026-06-25 20:16:13,757 - INFO - Best instance 0.7589, class 0.7087 (epoch 109)
Best instance 0.7589, class 0.7087 (epoch 109)
2026-06-25 20:16:13,778 - INFO - Epoch 129/200:
Epoch 129/200:
2026-06-25 20:18:02,875 - INFO - Train loss: 1.2442 (109.1s)
Train loss: 1.2442 (109.1s)
2026-06-25 20:18:29,819 - INFO - Test instance 0.7107, class 0.6723
Test instance 0.7107, class 0.6723
2026-06-25 20:18:29,820 - INFO - Best instance 0.7589, class 0.7087 (epoch 109)
Best instance 0.7589, class 0.7087 (epoch 109)
2026-06-25 20:18:29,840 - INFO - Epoch 130/200:
Epoch 130/200:
2026-06-25 20:20:19,360 - INFO - Train loss: 1.2380 (109.5s)
Train loss: 1.2380 (109.5s)
2026-06-25 20:20:46,132 - INFO - Test instance 0.7152, class 0.6762
Test instance 0.7152, class 0.6762
2026-06-25 20:20:46,133 - INFO - Best instance 0.7589, class 0.7087 (epoch 109)
Best instance 0.7589, class 0.7087 (epoch 109)
2026-06-25 20:20:46,153 - INFO - Epoch 131/200:
Epoch 131/200:
2026-06-25 20:22:35,303 - INFO - Train loss: 1.2418 (109.1s)
Train loss: 1.2418 (109.1s)
2026-06-25 20:23:02,591 - INFO - Test instance 0.6892, class 0.6593
Test instance 0.6892, class 0.6593
2026-06-25 20:23:02,592 - INFO - Best instance 0.7589, class 0.7087 (epoch 109)
Best instance 0.7589, class 0.7087 (epoch 109)
2026-06-25 20:23:02,614 - INFO - Epoch 132/200:
Epoch 132/200:
2026-06-25 20:24:51,568 - INFO - Train loss: 1.2356 (109.0s)
Train loss: 1.2356 (109.0s)
2026-06-25 20:25:18,522 - INFO - Test instance 0.7164, class 0.6847
Test instance 0.7164, class 0.6847
2026-06-25 20:25:18,523 - INFO - Best instance 0.7589, class 0.7087 (epoch 109)
Best instance 0.7589, class 0.7087 (epoch 109)
2026-06-25 20:25:18,544 - INFO - Epoch 133/200:
Epoch 133/200:
2026-06-25 20:27:07,217 - INFO - Train loss: 1.2429 (108.7s)
Train loss: 1.2429 (108.7s)
2026-06-25 20:27:34,437 - INFO - Test instance 0.7233, class 0.6836
Test instance 0.7233, class 0.6836
2026-06-25 20:27:34,437 - INFO - Best instance 0.7589, class 0.7087 (epoch 109)
Best instance 0.7589, class 0.7087 (epoch 109)
2026-06-25 20:27:34,457 - INFO - Epoch 134/200:
Epoch 134/200:
2026-06-25 20:29:23,044 - INFO - Train loss: 1.2361 (108.6s)
Train loss: 1.2361 (108.6s)
2026-06-25 20:29:50,217 - INFO - Test instance 0.6917, class 0.6605
Test instance 0.6917, class 0.6605
2026-06-25 20:29:50,218 - INFO - Best instance 0.7589, class 0.7087 (epoch 109)
Best instance 0.7589, class 0.7087 (epoch 109)
2026-06-25 20:29:50,237 - INFO - Epoch 135/200:
Epoch 135/200:
2026-06-25 20:31:39,347 - INFO - Train loss: 1.2393 (109.1s)
Train loss: 1.2393 (109.1s)
2026-06-25 20:32:06,265 - INFO - Test instance 0.6941, class 0.6559
Test instance 0.6941, class 0.6559
2026-06-25 20:32:06,266 - INFO - Best instance 0.7589, class 0.7087 (epoch 109)
Best instance 0.7589, class 0.7087 (epoch 109)
2026-06-25 20:32:06,288 - INFO - Epoch 136/200:
Epoch 136/200:
2026-06-25 20:33:55,104 - INFO - Train loss: 1.2365 (108.8s)
Train loss: 1.2365 (108.8s)
2026-06-25 20:34:22,333 - INFO - Test instance 0.6998, class 0.6654
Test instance 0.6998, class 0.6654
2026-06-25 20:34:22,335 - INFO - Best instance 0.7589, class 0.7087 (epoch 109)
Best instance 0.7589, class 0.7087 (epoch 109)
2026-06-25 20:34:22,355 - INFO - Epoch 137/200:
Epoch 137/200:
2026-06-25 20:36:10,788 - INFO - Train loss: 1.2369 (108.4s)
Train loss: 1.2369 (108.4s)
2026-06-25 20:36:38,056 - INFO - Test instance 0.7176, class 0.6713
Test instance 0.7176, class 0.6713
2026-06-25 20:36:38,056 - INFO - Best instance 0.7589, class 0.7087 (epoch 109)
Best instance 0.7589, class 0.7087 (epoch 109)
2026-06-25 20:36:38,078 - INFO - Epoch 138/200:
Epoch 138/200:
2026-06-25 20:38:27,614 - INFO - Train loss: 1.2307 (109.5s)
Train loss: 1.2307 (109.5s)
2026-06-25 20:38:54,546 - INFO - Test instance 0.6969, class 0.6633
Test instance 0.6969, class 0.6633
2026-06-25 20:38:54,546 - INFO - Best instance 0.7589, class 0.7087 (epoch 109)
Best instance 0.7589, class 0.7087 (epoch 109)
2026-06-25 20:38:54,567 - INFO - Epoch 139/200:
Epoch 139/200:
2026-06-25 20:40:43,353 - INFO - Train loss: 1.2344 (108.8s)
Train loss: 1.2344 (108.8s)
2026-06-25 20:41:10,402 - INFO - Test instance 0.6771, class 0.6446
Test instance 0.6771, class 0.6446
2026-06-25 20:41:10,402 - INFO - Best instance 0.7589, class 0.7087 (epoch 109)
Best instance 0.7589, class 0.7087 (epoch 109)
2026-06-25 20:41:10,422 - INFO - Epoch 140/200:
Epoch 140/200:
2026-06-25 20:42:59,452 - INFO - Train loss: 1.2309 (109.0s)
Train loss: 1.2309 (109.0s)
2026-06-25 20:43:26,262 - INFO - Test instance 0.7731, class 0.7124
Test instance 0.7731, class 0.7124
2026-06-25 20:43:26,284 - INFO - Best instance 0.7731, class 0.7124 (epoch 140)
Best instance 0.7731, class 0.7124 (epoch 140)
2026-06-25 20:43:26,303 - INFO - Epoch 141/200:
Epoch 141/200:
2026-06-25 20:45:15,839 - INFO - Train loss: 1.2320 (109.5s)
Train loss: 1.2320 (109.5s)
2026-06-25 20:45:42,960 - INFO - Test instance 0.7042, class 0.6636
Test instance 0.7042, class 0.6636
2026-06-25 20:45:42,960 - INFO - Best instance 0.7731, class 0.7124 (epoch 140)
Best instance 0.7731, class 0.7124 (epoch 140)
2026-06-25 20:45:42,981 - INFO - Epoch 142/200:
Epoch 142/200:
2026-06-25 20:47:31,351 - INFO - Train loss: 1.2317 (108.4s)
Train loss: 1.2317 (108.4s)
2026-06-25 20:47:58,426 - INFO - Test instance 0.6848, class 0.6548
Test instance 0.6848, class 0.6548
2026-06-25 20:47:58,426 - INFO - Best instance 0.7731, class 0.7124 (epoch 140)
Best instance 0.7731, class 0.7124 (epoch 140)
2026-06-25 20:47:58,449 - INFO - Epoch 143/200:
Epoch 143/200:
2026-06-25 20:49:47,567 - INFO - Train loss: 1.2306 (109.1s)
Train loss: 1.2306 (109.1s)
2026-06-25 20:50:14,243 - INFO - Test instance 0.7099, class 0.6757
Test instance 0.7099, class 0.6757
2026-06-25 20:50:14,244 - INFO - Best instance 0.7731, class 0.7124 (epoch 140)
Best instance 0.7731, class 0.7124 (epoch 140)
2026-06-25 20:50:14,265 - INFO - Epoch 144/200:
Epoch 144/200:
2026-06-25 20:52:03,445 - INFO - Train loss: 1.2289 (109.2s)
Train loss: 1.2289 (109.2s)
2026-06-25 20:52:31,015 - INFO - Test instance 0.7111, class 0.6840
Test instance 0.7111, class 0.6840
2026-06-25 20:52:31,016 - INFO - Best instance 0.7731, class 0.7124 (epoch 140)
Best instance 0.7731, class 0.7124 (epoch 140)
2026-06-25 20:52:31,037 - INFO - Epoch 145/200:
Epoch 145/200:
2026-06-25 20:54:19,830 - INFO - Train loss: 1.2287 (108.8s)
Train loss: 1.2287 (108.8s)
2026-06-25 20:54:47,002 - INFO - Test instance 0.7046, class 0.6665
Test instance 0.7046, class 0.6665
2026-06-25 20:54:47,002 - INFO - Best instance 0.7731, class 0.7124 (epoch 140)
Best instance 0.7731, class 0.7124 (epoch 140)
2026-06-25 20:54:47,024 - INFO - Epoch 146/200:
Epoch 146/200:
2026-06-25 20:56:36,625 - INFO - Train loss: 1.2336 (109.6s)
Train loss: 1.2336 (109.6s)
2026-06-25 20:57:03,672 - INFO - Test instance 0.7075, class 0.6742
Test instance 0.7075, class 0.6742
2026-06-25 20:57:03,673 - INFO - Best instance 0.7731, class 0.7124 (epoch 140)
Best instance 0.7731, class 0.7124 (epoch 140)
2026-06-25 20:57:03,693 - INFO - Epoch 147/200:
Epoch 147/200:
2026-06-25 20:58:52,703 - INFO - Train loss: 1.2245 (109.0s)
Train loss: 1.2245 (109.0s)
2026-06-25 20:59:19,856 - INFO - Test instance 0.7289, class 0.6855
Test instance 0.7289, class 0.6855
2026-06-25 20:59:19,857 - INFO - Best instance 0.7731, class 0.7124 (epoch 140)
Best instance 0.7731, class 0.7124 (epoch 140)
2026-06-25 20:59:19,877 - INFO - Epoch 148/200:
Epoch 148/200:
2026-06-25 21:01:09,400 - INFO - Train loss: 1.2296 (109.5s)
Train loss: 1.2296 (109.5s)
2026-06-25 21:01:36,409 - INFO - Test instance 0.7172, class 0.6719
Test instance 0.7172, class 0.6719
2026-06-25 21:01:36,410 - INFO - Best instance 0.7731, class 0.7124 (epoch 140)
Best instance 0.7731, class 0.7124 (epoch 140)
2026-06-25 21:01:36,430 - INFO - Epoch 149/200:
Epoch 149/200:
2026-06-25 21:03:25,774 - INFO - Train loss: 1.2286 (109.3s)
Train loss: 1.2286 (109.3s)
2026-06-25 21:03:52,894 - INFO - Test instance 0.7216, class 0.6930
Test instance 0.7216, class 0.6930
2026-06-25 21:03:52,895 - INFO - Best instance 0.7731, class 0.7124 (epoch 140)
Best instance 0.7731, class 0.7124 (epoch 140)
2026-06-25 21:03:52,915 - INFO - Epoch 150/200:
Epoch 150/200:
2026-06-25 21:05:41,748 - INFO - Train loss: 1.2283 (108.8s)
Train loss: 1.2283 (108.8s)
2026-06-25 21:06:08,825 - INFO - Test instance 0.7119, class 0.6737
Test instance 0.7119, class 0.6737
2026-06-25 21:06:08,825 - INFO - Best instance 0.7731, class 0.7124 (epoch 140)
Best instance 0.7731, class 0.7124 (epoch 140)
2026-06-25 21:06:08,846 - INFO - Epoch 151/200:
Epoch 151/200:
2026-06-25 21:07:58,320 - INFO - Train loss: 1.2299 (109.5s)
Train loss: 1.2299 (109.5s)
2026-06-25 21:08:25,068 - INFO - Test instance 0.7370, class 0.6982
Test instance 0.7370, class 0.6982
2026-06-25 21:08:25,068 - INFO - Best instance 0.7731, class 0.7124 (epoch 140)
Best instance 0.7731, class 0.7124 (epoch 140)
2026-06-25 21:08:25,088 - INFO - Epoch 152/200:
Epoch 152/200:
2026-06-25 21:10:14,283 - INFO - Train loss: 1.2296 (109.2s)
Train loss: 1.2296 (109.2s)
2026-06-25 21:10:41,371 - INFO - Test instance 0.7176, class 0.6779
Test instance 0.7176, class 0.6779
2026-06-25 21:10:41,371 - INFO - Best instance 0.7731, class 0.7124 (epoch 140)
Best instance 0.7731, class 0.7124 (epoch 140)
2026-06-25 21:10:41,393 - INFO - Epoch 153/200:
Epoch 153/200:
2026-06-25 21:12:30,234 - INFO - Train loss: 1.2256 (108.8s)
Train loss: 1.2256 (108.8s)
2026-06-25 21:12:57,209 - INFO - Test instance 0.6985, class 0.6683
Test instance 0.6985, class 0.6683
2026-06-25 21:12:57,210 - INFO - Best instance 0.7731, class 0.7124 (epoch 140)
Best instance 0.7731, class 0.7124 (epoch 140)
2026-06-25 21:12:57,231 - INFO - Epoch 154/200:
Epoch 154/200:
2026-06-25 21:14:46,790 - INFO - Train loss: 1.2331 (109.6s)
Train loss: 1.2331 (109.6s)
2026-06-25 21:15:13,523 - INFO - Test instance 0.7087, class 0.6732
Test instance 0.7087, class 0.6732
2026-06-25 21:15:13,523 - INFO - Best instance 0.7731, class 0.7124 (epoch 140)
Best instance 0.7731, class 0.7124 (epoch 140)
2026-06-25 21:15:13,543 - INFO - Epoch 155/200:
Epoch 155/200:
2026-06-25 21:17:03,190 - INFO - Train loss: 1.2316 (109.6s)
Train loss: 1.2316 (109.6s)
2026-06-25 21:17:30,275 - INFO - Test instance 0.7273, class 0.6916
Test instance 0.7273, class 0.6916
2026-06-25 21:17:30,275 - INFO - Best instance 0.7731, class 0.7124 (epoch 140)
Best instance 0.7731, class 0.7124 (epoch 140)
2026-06-25 21:17:30,296 - INFO - Epoch 156/200:
Epoch 156/200:
2026-06-25 21:19:20,205 - INFO - Train loss: 1.2253 (109.9s)
Train loss: 1.2253 (109.9s)
2026-06-25 21:19:46,829 - INFO - Test instance 0.6977, class 0.6659
Test instance 0.6977, class 0.6659
2026-06-25 21:19:46,830 - INFO - Best instance 0.7731, class 0.7124 (epoch 140)
Best instance 0.7731, class 0.7124 (epoch 140)
2026-06-25 21:19:46,848 - INFO - Epoch 157/200:
Epoch 157/200:
2026-06-25 21:21:36,465 - INFO - Train loss: 1.2297 (109.6s)
Train loss: 1.2297 (109.6s)
2026-06-25 21:22:03,223 - INFO - Test instance 0.7030, class 0.6762
Test instance 0.7030, class 0.6762
2026-06-25 21:22:03,223 - INFO - Best instance 0.7731, class 0.7124 (epoch 140)
Best instance 0.7731, class 0.7124 (epoch 140)
2026-06-25 21:22:03,251 - INFO - Epoch 158/200:
Epoch 158/200:
2026-06-25 21:23:52,703 - INFO - Train loss: 1.2263 (109.5s)
Train loss: 1.2263 (109.5s)
2026-06-25 21:24:19,472 - INFO - Test instance 0.7079, class 0.6722
Test instance 0.7079, class 0.6722
2026-06-25 21:24:19,473 - INFO - Best instance 0.7731, class 0.7124 (epoch 140)
Best instance 0.7731, class 0.7124 (epoch 140)
2026-06-25 21:24:19,494 - INFO - Epoch 159/200:
Epoch 159/200:
2026-06-25 21:26:09,523 - INFO - Train loss: 1.2222 (110.0s)
Train loss: 1.2222 (110.0s)
2026-06-25 21:26:36,262 - INFO - Test instance 0.6779, class 0.6536
Test instance 0.6779, class 0.6536
2026-06-25 21:26:36,263 - INFO - Best instance 0.7731, class 0.7124 (epoch 140)
Best instance 0.7731, class 0.7124 (epoch 140)
2026-06-25 21:26:36,283 - INFO - Epoch 160/200:
Epoch 160/200:
2026-06-25 21:28:25,732 - INFO - Train loss: 1.2259 (109.4s)
Train loss: 1.2259 (109.4s)
2026-06-25 21:28:52,780 - INFO - Test instance 0.7062, class 0.6732
Test instance 0.7062, class 0.6732
2026-06-25 21:28:52,780 - INFO - Best instance 0.7731, class 0.7124 (epoch 140)
Best instance 0.7731, class 0.7124 (epoch 140)
2026-06-25 21:28:52,800 - INFO - Epoch 161/200:
Epoch 161/200:
2026-06-25 21:30:41,699 - INFO - Train loss: 1.2223 (108.9s)
Train loss: 1.2223 (108.9s)
2026-06-25 21:31:08,440 - INFO - Test instance 0.7156, class 0.6749
Test instance 0.7156, class 0.6749
2026-06-25 21:31:08,440 - INFO - Best instance 0.7731, class 0.7124 (epoch 140)
Best instance 0.7731, class 0.7124 (epoch 140)
2026-06-25 21:31:08,461 - INFO - Epoch 162/200:
Epoch 162/200:
2026-06-25 21:32:58,022 - INFO - Train loss: 1.2206 (109.6s)
Train loss: 1.2206 (109.6s)
2026-06-25 21:33:24,772 - INFO - Test instance 0.7131, class 0.6762
Test instance 0.7131, class 0.6762
2026-06-25 21:33:24,773 - INFO - Best instance 0.7731, class 0.7124 (epoch 140)
Best instance 0.7731, class 0.7124 (epoch 140)
2026-06-25 21:33:24,793 - INFO - Epoch 163/200:
Epoch 163/200:
2026-06-25 21:35:13,856 - INFO - Train loss: 1.2261 (109.1s)
Train loss: 1.2261 (109.1s)
2026-06-25 21:35:40,850 - INFO - Test instance 0.7026, class 0.6814
Test instance 0.7026, class 0.6814
2026-06-25 21:35:40,850 - INFO - Best instance 0.7731, class 0.7124 (epoch 140)
Best instance 0.7731, class 0.7124 (epoch 140)
2026-06-25 21:35:40,871 - INFO - Epoch 164/200:
Epoch 164/200:
2026-06-25 21:37:30,888 - INFO - Train loss: 1.2253 (110.0s)
Train loss: 1.2253 (110.0s)
2026-06-25 21:37:57,664 - INFO - Test instance 0.6969, class 0.6627
Test instance 0.6969, class 0.6627
2026-06-25 21:37:57,664 - INFO - Best instance 0.7731, class 0.7124 (epoch 140)
Best instance 0.7731, class 0.7124 (epoch 140)
2026-06-25 21:37:57,684 - INFO - Epoch 165/200:
Epoch 165/200:
2026-06-25 21:39:47,320 - INFO - Train loss: 1.2222 (109.6s)
Train loss: 1.2222 (109.6s)
2026-06-25 21:40:14,123 - INFO - Test instance 0.7018, class 0.6761
Test instance 0.7018, class 0.6761
2026-06-25 21:40:14,123 - INFO - Best instance 0.7731, class 0.7124 (epoch 140)
Best instance 0.7731, class 0.7124 (epoch 140)
2026-06-25 21:40:14,145 - INFO - Epoch 166/200:
Epoch 166/200:
2026-06-25 21:42:02,841 - INFO - Train loss: 1.2278 (108.7s)
Train loss: 1.2278 (108.7s)
2026-06-25 21:42:29,862 - INFO - Test instance 0.7099, class 0.6772
Test instance 0.7099, class 0.6772
2026-06-25 21:42:29,862 - INFO - Best instance 0.7731, class 0.7124 (epoch 140)
Best instance 0.7731, class 0.7124 (epoch 140)
2026-06-25 21:42:29,882 - INFO - Epoch 167/200:
Epoch 167/200:
2026-06-25 21:44:19,641 - INFO - Train loss: 1.2198 (109.8s)
Train loss: 1.2198 (109.8s)
2026-06-25 21:44:46,627 - INFO - Test instance 0.7233, class 0.6902
Test instance 0.7233, class 0.6902
2026-06-25 21:44:46,627 - INFO - Best instance 0.7731, class 0.7124 (epoch 140)
Best instance 0.7731, class 0.7124 (epoch 140)
2026-06-25 21:44:46,647 - INFO - Epoch 168/200:
Epoch 168/200:
2026-06-25 21:46:36,416 - INFO - Train loss: 1.2213 (109.8s)
Train loss: 1.2213 (109.8s)
2026-06-25 21:47:03,421 - INFO - Test instance 0.7285, class 0.6889
Test instance 0.7285, class 0.6889
2026-06-25 21:47:03,422 - INFO - Best instance 0.7731, class 0.7124 (epoch 140)
Best instance 0.7731, class 0.7124 (epoch 140)
2026-06-25 21:47:03,442 - INFO - Epoch 169/200:
Epoch 169/200:
2026-06-25 21:48:53,772 - INFO - Train loss: 1.2203 (110.3s)
Train loss: 1.2203 (110.3s)
2026-06-25 21:49:20,403 - INFO - Test instance 0.7062, class 0.6728
Test instance 0.7062, class 0.6728
2026-06-25 21:49:20,404 - INFO - Best instance 0.7731, class 0.7124 (epoch 140)
Best instance 0.7731, class 0.7124 (epoch 140)
2026-06-25 21:49:20,426 - INFO - Epoch 170/200:
Epoch 170/200:
2026-06-25 21:51:10,919 - INFO - Train loss: 1.2219 (110.5s)
Train loss: 1.2219 (110.5s)
2026-06-25 21:51:37,895 - INFO - Test instance 0.7322, class 0.6852
Test instance 0.7322, class 0.6852
2026-06-25 21:51:37,895 - INFO - Best instance 0.7731, class 0.7124 (epoch 140)
Best instance 0.7731, class 0.7124 (epoch 140)
2026-06-25 21:51:37,916 - INFO - Epoch 171/200:
Epoch 171/200:
2026-06-25 21:53:27,554 - INFO - Train loss: 1.2220 (109.6s)
Train loss: 1.2220 (109.6s)
2026-06-25 21:53:54,582 - INFO - Test instance 0.7241, class 0.6834
Test instance 0.7241, class 0.6834
2026-06-25 21:53:54,582 - INFO - Best instance 0.7731, class 0.7124 (epoch 140)
Best instance 0.7731, class 0.7124 (epoch 140)
2026-06-25 21:53:54,604 - INFO - Epoch 172/200:
Epoch 172/200:
2026-06-25 21:55:45,914 - INFO - Train loss: 1.2239 (111.3s)
Train loss: 1.2239 (111.3s)
2026-06-25 21:56:12,584 - INFO - Test instance 0.7342, class 0.6991
Test instance 0.7342, class 0.6991
2026-06-25 21:56:12,585 - INFO - Best instance 0.7731, class 0.7124 (epoch 140)
Best instance 0.7731, class 0.7124 (epoch 140)
2026-06-25 21:56:12,604 - INFO - Epoch 173/200:
Epoch 173/200:
2026-06-25 21:58:02,413 - INFO - Train loss: 1.2225 (109.8s)
Train loss: 1.2225 (109.8s)
2026-06-25 21:58:29,399 - INFO - Test instance 0.7026, class 0.6714
Test instance 0.7026, class 0.6714
2026-06-25 21:58:29,400 - INFO - Best instance 0.7731, class 0.7124 (epoch 140)
Best instance 0.7731, class 0.7124 (epoch 140)
2026-06-25 21:58:29,421 - INFO - Epoch 174/200:
Epoch 174/200:
2026-06-25 22:00:18,847 - INFO - Train loss: 1.2184 (109.4s)
Train loss: 1.2184 (109.4s)
2026-06-25 22:00:45,823 - INFO - Test instance 0.6807, class 0.6572
Test instance 0.6807, class 0.6572
2026-06-25 22:00:45,824 - INFO - Best instance 0.7731, class 0.7124 (epoch 140)
Best instance 0.7731, class 0.7124 (epoch 140)
2026-06-25 22:00:45,845 - INFO - Epoch 175/200:
Epoch 175/200:
2026-06-25 22:02:35,818 - INFO - Train loss: 1.2245 (110.0s)
Train loss: 1.2245 (110.0s)
2026-06-25 22:03:02,735 - INFO - Test instance 0.7050, class 0.6806
Test instance 0.7050, class 0.6806
2026-06-25 22:03:02,735 - INFO - Best instance 0.7731, class 0.7124 (epoch 140)
Best instance 0.7731, class 0.7124 (epoch 140)
2026-06-25 22:03:02,756 - INFO - Epoch 176/200:
Epoch 176/200:
2026-06-25 22:04:51,740 - INFO - Train loss: 1.2228 (109.0s)
Train loss: 1.2228 (109.0s)
2026-06-25 22:05:18,377 - INFO - Test instance 0.7265, class 0.6827
Test instance 0.7265, class 0.6827
2026-06-25 22:05:18,377 - INFO - Best instance 0.7731, class 0.7124 (epoch 140)
Best instance 0.7731, class 0.7124 (epoch 140)
2026-06-25 22:05:18,399 - INFO - Epoch 177/200:
Epoch 177/200:
2026-06-25 22:07:08,414 - INFO - Train loss: 1.2219 (110.0s)
Train loss: 1.2219 (110.0s)
2026-06-25 22:07:34,937 - INFO - Test instance 0.6884, class 0.6590
Test instance 0.6884, class 0.6590
2026-06-25 22:07:34,937 - INFO - Best instance 0.7731, class 0.7124 (epoch 140)
Best instance 0.7731, class 0.7124 (epoch 140)
2026-06-25 22:07:34,958 - INFO - Epoch 178/200:
Epoch 178/200:
2026-06-25 22:09:23,648 - INFO - Train loss: 1.2204 (108.7s)
Train loss: 1.2204 (108.7s)
2026-06-25 22:09:50,543 - INFO - Test instance 0.6969, class 0.6691
Test instance 0.6969, class 0.6691
2026-06-25 22:09:50,543 - INFO - Best instance 0.7731, class 0.7124 (epoch 140)
Best instance 0.7731, class 0.7124 (epoch 140)
2026-06-25 22:09:50,563 - INFO - Epoch 179/200:
Epoch 179/200:
2026-06-25 22:11:39,612 - INFO - Train loss: 1.2206 (109.0s)
Train loss: 1.2206 (109.0s)
2026-06-25 22:12:05,956 - INFO - Test instance 0.7030, class 0.6752
Test instance 0.7030, class 0.6752
2026-06-25 22:12:05,958 - INFO - Best instance 0.7731, class 0.7124 (epoch 140)
Best instance 0.7731, class 0.7124 (epoch 140)
2026-06-25 22:12:05,978 - INFO - Epoch 180/200:
Epoch 180/200:
2026-06-25 22:13:55,810 - INFO - Train loss: 1.2174 (109.8s)
Train loss: 1.2174 (109.8s)
2026-06-25 22:14:22,525 - INFO - Test instance 0.7071, class 0.6748
Test instance 0.7071, class 0.6748
2026-06-25 22:14:22,526 - INFO - Best instance 0.7731, class 0.7124 (epoch 140)
Best instance 0.7731, class 0.7124 (epoch 140)
2026-06-25 22:14:22,545 - INFO - Epoch 181/200:
Epoch 181/200:
2026-06-25 22:16:11,313 - INFO - Train loss: 1.2238 (108.8s)
Train loss: 1.2238 (108.8s)
2026-06-25 22:16:38,057 - INFO - Test instance 0.7281, class 0.6907
Test instance 0.7281, class 0.6907
2026-06-25 22:16:38,058 - INFO - Best instance 0.7731, class 0.7124 (epoch 140)
Best instance 0.7731, class 0.7124 (epoch 140)
2026-06-25 22:16:38,079 - INFO - Epoch 182/200:
Epoch 182/200:
2026-06-25 22:18:27,652 - INFO - Train loss: 1.2159 (109.6s)
Train loss: 1.2159 (109.6s)
2026-06-25 22:18:54,345 - INFO - Test instance 0.7139, class 0.6814
Test instance 0.7139, class 0.6814
2026-06-25 22:18:54,346 - INFO - Best instance 0.7731, class 0.7124 (epoch 140)
Best instance 0.7731, class 0.7124 (epoch 140)
2026-06-25 22:18:54,365 - INFO - Epoch 183/200:
Epoch 183/200:
2026-06-25 22:20:43,582 - INFO - Train loss: 1.2167 (109.2s)
Train loss: 1.2167 (109.2s)
2026-06-25 22:21:10,341 - INFO - Test instance 0.7172, class 0.6855
Test instance 0.7172, class 0.6855
2026-06-25 22:21:10,341 - INFO - Best instance 0.7731, class 0.7124 (epoch 140)
Best instance 0.7731, class 0.7124 (epoch 140)
2026-06-25 22:21:10,362 - INFO - Epoch 184/200:
Epoch 184/200:
2026-06-25 22:22:59,530 - INFO - Train loss: 1.2117 (109.2s)
Train loss: 1.2117 (109.2s)
2026-06-25 22:23:26,055 - INFO - Test instance 0.7115, class 0.6748
Test instance 0.7115, class 0.6748
2026-06-25 22:23:26,056 - INFO - Best instance 0.7731, class 0.7124 (epoch 140)
Best instance 0.7731, class 0.7124 (epoch 140)
2026-06-25 22:23:26,076 - INFO - Epoch 185/200:
Epoch 185/200:
2026-06-25 22:25:15,481 - INFO - Train loss: 1.2181 (109.4s)
Train loss: 1.2181 (109.4s)
2026-06-25 22:25:42,308 - INFO - Test instance 0.7054, class 0.6663
Test instance 0.7054, class 0.6663
2026-06-25 22:25:42,308 - INFO - Best instance 0.7731, class 0.7124 (epoch 140)
Best instance 0.7731, class 0.7124 (epoch 140)
2026-06-25 22:25:42,330 - INFO - Epoch 186/200:
Epoch 186/200:
2026-06-25 22:27:31,352 - INFO - Train loss: 1.2158 (109.0s)
Train loss: 1.2158 (109.0s)
2026-06-25 22:27:58,037 - INFO - Test instance 0.7131, class 0.6749
Test instance 0.7131, class 0.6749
2026-06-25 22:27:58,038 - INFO - Best instance 0.7731, class 0.7124 (epoch 140)
Best instance 0.7731, class 0.7124 (epoch 140)
2026-06-25 22:27:58,079 - INFO - Epoch 187/200:
Epoch 187/200:
2026-06-25 22:29:48,150 - INFO - Train loss: 1.2227 (110.1s)
Train loss: 1.2227 (110.1s)
2026-06-25 22:30:14,951 - INFO - Test instance 0.7046, class 0.6663
Test instance 0.7046, class 0.6663
2026-06-25 22:30:14,952 - INFO - Best instance 0.7731, class 0.7124 (epoch 140)
Best instance 0.7731, class 0.7124 (epoch 140)
2026-06-25 22:30:14,972 - INFO - Epoch 188/200:
Epoch 188/200:
2026-06-25 22:32:03,560 - INFO - Train loss: 1.2122 (108.6s)
Train loss: 1.2122 (108.6s)
2026-06-25 22:32:30,476 - INFO - Test instance 0.7030, class 0.6717
Test instance 0.7030, class 0.6717
2026-06-25 22:32:30,477 - INFO - Best instance 0.7731, class 0.7124 (epoch 140)
Best instance 0.7731, class 0.7124 (epoch 140)
2026-06-25 22:32:30,498 - INFO - Epoch 189/200:
Epoch 189/200:
2026-06-25 22:34:19,975 - INFO - Train loss: 1.2160 (109.5s)
Train loss: 1.2160 (109.5s)
2026-06-25 22:34:46,447 - INFO - Test instance 0.7054, class 0.6615
Test instance 0.7054, class 0.6615
2026-06-25 22:34:46,447 - INFO - Best instance 0.7731, class 0.7124 (epoch 140)
Best instance 0.7731, class 0.7124 (epoch 140)
2026-06-25 22:34:46,466 - INFO - Epoch 190/200:
Epoch 190/200:
2026-06-25 22:36:35,853 - INFO - Train loss: 1.2188 (109.4s)
Train loss: 1.2188 (109.4s)
2026-06-25 22:37:02,984 - INFO - Test instance 0.7006, class 0.6689
Test instance 0.7006, class 0.6689
2026-06-25 22:37:02,985 - INFO - Best instance 0.7731, class 0.7124 (epoch 140)
Best instance 0.7731, class 0.7124 (epoch 140)
2026-06-25 22:37:03,005 - INFO - Epoch 191/200:
Epoch 191/200:
2026-06-25 22:38:51,983 - INFO - Train loss: 1.2169 (109.0s)
Train loss: 1.2169 (109.0s)
2026-06-25 22:39:18,712 - INFO - Test instance 0.6933, class 0.6583
Test instance 0.6933, class 0.6583
2026-06-25 22:39:18,713 - INFO - Best instance 0.7731, class 0.7124 (epoch 140)
Best instance 0.7731, class 0.7124 (epoch 140)
2026-06-25 22:39:18,735 - INFO - Epoch 192/200:
Epoch 192/200:
2026-06-25 22:41:08,687 - INFO - Train loss: 1.2173 (110.0s)
Train loss: 1.2173 (110.0s)
2026-06-25 22:41:35,685 - INFO - Test instance 0.6957, class 0.6548
Test instance 0.6957, class 0.6548
2026-06-25 22:41:35,686 - INFO - Best instance 0.7731, class 0.7124 (epoch 140)
Best instance 0.7731, class 0.7124 (epoch 140)
2026-06-25 22:41:35,706 - INFO - Epoch 193/200:
Epoch 193/200:
2026-06-25 22:43:24,367 - INFO - Train loss: 1.2161 (108.7s)
Train loss: 1.2161 (108.7s)
2026-06-25 22:43:51,312 - INFO - Test instance 0.6917, class 0.6584
Test instance 0.6917, class 0.6584
2026-06-25 22:43:51,312 - INFO - Best instance 0.7731, class 0.7124 (epoch 140)
Best instance 0.7731, class 0.7124 (epoch 140)
2026-06-25 22:43:51,333 - INFO - Epoch 194/200:
Epoch 194/200:
2026-06-25 22:45:41,687 - INFO - Train loss: 1.2134 (110.4s)
Train loss: 1.2134 (110.4s)
2026-06-25 22:46:08,565 - INFO - Test instance 0.6921, class 0.6618
Test instance 0.6921, class 0.6618
2026-06-25 22:46:08,566 - INFO - Best instance 0.7731, class 0.7124 (epoch 140)
Best instance 0.7731, class 0.7124 (epoch 140)
2026-06-25 22:46:08,588 - INFO - Epoch 195/200:
Epoch 195/200:
2026-06-25 22:47:58,986 - INFO - Train loss: 1.2189 (110.4s)
Train loss: 1.2189 (110.4s)
2026-06-25 22:48:26,032 - INFO - Test instance 0.7054, class 0.6616
Test instance 0.7054, class 0.6616
2026-06-25 22:48:26,032 - INFO - Best instance 0.7731, class 0.7124 (epoch 140)
Best instance 0.7731, class 0.7124 (epoch 140)
2026-06-25 22:48:26,053 - INFO - Epoch 196/200:
Epoch 196/200:
2026-06-25 22:50:16,280 - INFO - Train loss: 1.2163 (110.2s)
Train loss: 1.2163 (110.2s)
2026-06-25 22:50:43,216 - INFO - Test instance 0.6965, class 0.6654
Test instance 0.6965, class 0.6654
2026-06-25 22:50:43,216 - INFO - Best instance 0.7731, class 0.7124 (epoch 140)
Best instance 0.7731, class 0.7124 (epoch 140)
2026-06-25 22:50:43,238 - INFO - Epoch 197/200:
Epoch 197/200:
2026-06-25 22:52:33,476 - INFO - Train loss: 1.2143 (110.2s)
Train loss: 1.2143 (110.2s)
2026-06-25 22:53:00,415 - INFO - Test instance 0.7224, class 0.6845
Test instance 0.7224, class 0.6845
2026-06-25 22:53:00,416 - INFO - Best instance 0.7731, class 0.7124 (epoch 140)
Best instance 0.7731, class 0.7124 (epoch 140)
2026-06-25 22:53:00,436 - INFO - Epoch 198/200:
Epoch 198/200:
2026-06-25 22:54:50,061 - INFO - Train loss: 1.2164 (109.6s)
Train loss: 1.2164 (109.6s)
2026-06-25 22:55:16,652 - INFO - Test instance 0.7354, class 0.6973
Test instance 0.7354, class 0.6973
2026-06-25 22:55:16,652 - INFO - Best instance 0.7731, class 0.7124 (epoch 140)
Best instance 0.7731, class 0.7124 (epoch 140)
2026-06-25 22:55:16,671 - INFO - Epoch 199/200:
Epoch 199/200:
2026-06-25 22:57:06,703 - INFO - Train loss: 1.2218 (110.0s)
Train loss: 1.2218 (110.0s)
2026-06-25 22:57:33,261 - INFO - Test instance 0.7200, class 0.6889
Test instance 0.7200, class 0.6889
2026-06-25 22:57:33,261 - INFO - Best instance 0.7731, class 0.7124 (epoch 140)
Best instance 0.7731, class 0.7124 (epoch 140)
2026-06-25 22:57:33,282 - INFO - Epoch 200/200:
Epoch 200/200:
2026-06-25 22:59:22,815 - INFO - Train loss: 1.2153 (109.5s)
Train loss: 1.2153 (109.5s)
2026-06-25 22:59:49,438 - INFO - Test instance 0.7006, class 0.6701
Test instance 0.7006, class 0.6701
2026-06-25 22:59:49,438 - INFO - Best instance 0.7731, class 0.7124 (epoch 140)
Best instance 0.7731, class 0.7124 (epoch 140)
2026-06-25 23:00:35,359 - INFO - Student 1.44 MB, 124.92 ms
Student 1.44 MB, 124.92 ms
