[Thu Jun 25 20:16:08 EDT 2026] task 196 on GPU 0: python flkd/advanced_kd_train_classification.py --teacher_model pointnet2_cls_ssg --student_model small_pointnet2 --kd_strategy cosine --dataset modelnet40 --seed 42 --batch_size 48 --epoch 200 --num_point 1024 --teacher_path "outputs/modelnet40/flkd/federated/classification/fl_pointnet2_cls_ssg_fedyogi_s42/checkpoints/best_model.pth" --log_dir kd_pointnet2_cls_ssg_fedyogi+cosine_small_pointnet2_s42  --data_root data --output_root outputs --num_workers -1 --max_runtime_hours 166.0
The size of train data is 9843
The size of test data is 2468
Loaded teacher from outputs/modelnet40/flkd/federated/classification/fl_pointnet2_cls_ssg_fedyogi_s42/checkpoints/best_model.pth
2026-06-25 20:16:10,642 - INFO - PARAMETER ...
2026-06-25 20:16:10,642 - INFO - {'use_cpu': False, 'no_amp': False, 'gpu': '0', 'num_workers': -1, 'batch_size': 48, 'teacher_model': 'pointnet2_cls_ssg', 'student_model': 'small_pointnet2', 'num_category': 40, 'dataset': 'modelnet40', 'data_root': 'data', 'output_root': 'outputs', 'train_split': 0.8, 'dataset_seed': 0, 'cache_dataset': True, 'min_class_samples': 1, 'epoch': 200, 'learning_rate': 0.001, 'num_point': 1024, 'optimizer': 'Adam', 'log_dir': 'kd_pointnet2_cls_ssg_fedyogi+cosine_small_pointnet2_s42', 'decay_rate': 0.0001, 'use_normals': False, 'process_data': False, 'use_uniform_sample': False, 'resume': True, 'kd_strategy': 'cosine', 'alpha': 0.5, 'temperature': 2.0, 'beta': 0.5, 'dkd_alpha': 1.0, 'dkd_beta': 8.0, 'crd_temperature': 0.07, 'teacher_path': 'outputs/modelnet40/flkd/federated/classification/fl_pointnet2_cls_ssg_fedyogi_s42/checkpoints/best_model.pth', 'teacher_paths': None, 'teacher_weights': None, 'use_hard_labels': 'on', 'unlabeled': False, 'temperature_sweep': None, 'seed': 42, 'max_runtime_hours': 166.0}
2026-06-25 20:16:10,644 - INFO - KD=cosine student=small_pointnet2 AMP=False use_hard=True unlabeled=False T=2.0
KD=cosine student=small_pointnet2 AMP=False use_hard=True unlabeled=False T=2.0
2026-06-25 20:16:10,658 - INFO - Epoch 1/200:
Epoch 1/200:
2026-06-25 20:17:48,000 - INFO - Train loss: 1.2131 (97.3s)
Train loss: 1.2131 (97.3s)
2026-06-25 20:18:12,227 - INFO - Test instance 0.4801, class 0.3530
Test instance 0.4801, class 0.3530
2026-06-25 20:18:12,252 - INFO - Best instance 0.4801, class 0.3530 (epoch 1)
Best instance 0.4801, class 0.3530 (epoch 1)
2026-06-25 20:18:12,269 - INFO - Epoch 2/200:
Epoch 2/200:
2026-06-25 20:19:48,171 - INFO - Train loss: 0.7617 (95.9s)
Train loss: 0.7617 (95.9s)
2026-06-25 20:20:11,599 - INFO - Test instance 0.6763, class 0.5452
Test instance 0.6763, class 0.5452
2026-06-25 20:20:11,617 - INFO - Best instance 0.6763, class 0.5452 (epoch 2)
Best instance 0.6763, class 0.5452 (epoch 2)
2026-06-25 20:20:11,634 - INFO - Epoch 3/200:
Epoch 3/200:
2026-06-25 20:21:47,406 - INFO - Train loss: 0.6096 (95.8s)
Train loss: 0.6096 (95.8s)
2026-06-25 20:22:10,908 - INFO - Test instance 0.6568, class 0.5929
Test instance 0.6568, class 0.5929
2026-06-25 20:22:10,908 - INFO - Best instance 0.6763, class 0.5452 (epoch 2)
Best instance 0.6763, class 0.5452 (epoch 2)
2026-06-25 20:22:10,926 - INFO - Epoch 4/200:
Epoch 4/200:
2026-06-25 20:23:46,790 - INFO - Train loss: 0.5171 (95.9s)
Train loss: 0.5171 (95.9s)
2026-06-25 20:24:10,332 - INFO - Test instance 0.7751, class 0.6934
Test instance 0.7751, class 0.6934
2026-06-25 20:24:10,349 - INFO - Best instance 0.7751, class 0.6934 (epoch 4)
Best instance 0.7751, class 0.6934 (epoch 4)
2026-06-25 20:24:10,365 - INFO - Epoch 5/200:
Epoch 5/200:
2026-06-25 20:25:46,082 - INFO - Train loss: 0.4531 (95.7s)
Train loss: 0.4531 (95.7s)
2026-06-25 20:26:09,682 - INFO - Test instance 0.8096, class 0.7419
Test instance 0.8096, class 0.7419
2026-06-25 20:26:09,699 - INFO - Best instance 0.8096, class 0.7419 (epoch 5)
Best instance 0.8096, class 0.7419 (epoch 5)
2026-06-25 20:26:09,715 - INFO - Epoch 6/200:
Epoch 6/200:
2026-06-25 20:27:45,754 - INFO - Train loss: 0.4159 (96.0s)
Train loss: 0.4159 (96.0s)
2026-06-25 20:28:09,278 - INFO - Test instance 0.7917, class 0.7162
Test instance 0.7917, class 0.7162
2026-06-25 20:28:09,279 - INFO - Best instance 0.8096, class 0.7419 (epoch 5)
Best instance 0.8096, class 0.7419 (epoch 5)
2026-06-25 20:28:09,297 - INFO - Epoch 7/200:
Epoch 7/200:
2026-06-25 20:29:44,887 - INFO - Train loss: 0.3898 (95.6s)
Train loss: 0.3898 (95.6s)
2026-06-25 20:30:08,402 - INFO - Test instance 0.8314, class 0.7619
Test instance 0.8314, class 0.7619
2026-06-25 20:30:08,419 - INFO - Best instance 0.8314, class 0.7619 (epoch 7)
Best instance 0.8314, class 0.7619 (epoch 7)
2026-06-25 20:30:08,435 - INFO - Epoch 8/200:
Epoch 8/200:
2026-06-25 20:31:44,494 - INFO - Train loss: 0.3664 (96.1s)
Train loss: 0.3664 (96.1s)
2026-06-25 20:32:08,058 - INFO - Test instance 0.8274, class 0.7582
Test instance 0.8274, class 0.7582
2026-06-25 20:32:08,058 - INFO - Best instance 0.8314, class 0.7619 (epoch 7)
Best instance 0.8314, class 0.7619 (epoch 7)
2026-06-25 20:32:08,076 - INFO - Epoch 9/200:
Epoch 9/200:
2026-06-25 20:33:44,753 - INFO - Train loss: 0.3458 (96.7s)
Train loss: 0.3458 (96.7s)
2026-06-25 20:34:08,339 - INFO - Test instance 0.8663, class 0.7932
Test instance 0.8663, class 0.7932
2026-06-25 20:34:08,357 - INFO - Best instance 0.8663, class 0.7932 (epoch 9)
Best instance 0.8663, class 0.7932 (epoch 9)
2026-06-25 20:34:08,374 - INFO - Epoch 10/200:
Epoch 10/200:
2026-06-25 20:35:44,662 - INFO - Train loss: 0.3218 (96.3s)
Train loss: 0.3218 (96.3s)
2026-06-25 20:36:08,322 - INFO - Test instance 0.8566, class 0.8035
Test instance 0.8566, class 0.8035
2026-06-25 20:36:08,323 - INFO - Best instance 0.8663, class 0.7932 (epoch 9)
Best instance 0.8663, class 0.7932 (epoch 9)
2026-06-25 20:36:08,341 - INFO - Epoch 11/200:
Epoch 11/200:
2026-06-25 20:37:43,984 - INFO - Train loss: 0.3147 (95.6s)
Train loss: 0.3147 (95.6s)
2026-06-25 20:38:07,674 - INFO - Test instance 0.8679, class 0.8003
Test instance 0.8679, class 0.8003
2026-06-25 20:38:07,691 - INFO - Best instance 0.8679, class 0.8003 (epoch 11)
Best instance 0.8679, class 0.8003 (epoch 11)
2026-06-25 20:38:07,707 - INFO - Epoch 12/200:
Epoch 12/200:
2026-06-25 20:39:43,365 - INFO - Train loss: 0.3084 (95.7s)
Train loss: 0.3084 (95.7s)
2026-06-25 20:40:07,084 - INFO - Test instance 0.8699, class 0.8104
Test instance 0.8699, class 0.8104
2026-06-25 20:40:07,102 - INFO - Best instance 0.8699, class 0.8104 (epoch 12)
Best instance 0.8699, class 0.8104 (epoch 12)
2026-06-25 20:40:07,119 - INFO - Epoch 13/200:
Epoch 13/200:
2026-06-25 20:41:42,944 - INFO - Train loss: 0.2959 (95.8s)
Train loss: 0.2959 (95.8s)
2026-06-25 20:42:06,593 - INFO - Test instance 0.8768, class 0.8292
Test instance 0.8768, class 0.8292
2026-06-25 20:42:06,612 - INFO - Best instance 0.8768, class 0.8292 (epoch 13)
Best instance 0.8768, class 0.8292 (epoch 13)
2026-06-25 20:42:06,629 - INFO - Epoch 14/200:
Epoch 14/200:
2026-06-25 20:43:42,182 - INFO - Train loss: 0.2835 (95.6s)
Train loss: 0.2835 (95.6s)
2026-06-25 20:44:05,709 - INFO - Test instance 0.8691, class 0.8189
Test instance 0.8691, class 0.8189
2026-06-25 20:44:05,709 - INFO - Best instance 0.8768, class 0.8292 (epoch 13)
Best instance 0.8768, class 0.8292 (epoch 13)
2026-06-25 20:44:05,727 - INFO - Epoch 15/200:
Epoch 15/200:
2026-06-25 20:45:41,719 - INFO - Train loss: 0.2820 (96.0s)
Train loss: 0.2820 (96.0s)
2026-06-25 20:46:05,423 - INFO - Test instance 0.8878, class 0.8337
Test instance 0.8878, class 0.8337
2026-06-25 20:46:05,440 - INFO - Best instance 0.8878, class 0.8337 (epoch 15)
Best instance 0.8878, class 0.8337 (epoch 15)
2026-06-25 20:46:05,458 - INFO - Epoch 16/200:
Epoch 16/200:
2026-06-25 20:47:41,292 - INFO - Train loss: 0.2769 (95.8s)
Train loss: 0.2769 (95.8s)
2026-06-25 20:48:04,815 - INFO - Test instance 0.8736, class 0.8329
Test instance 0.8736, class 0.8329
2026-06-25 20:48:04,816 - INFO - Best instance 0.8878, class 0.8337 (epoch 15)
Best instance 0.8878, class 0.8337 (epoch 15)
2026-06-25 20:48:04,834 - INFO - Epoch 17/200:
Epoch 17/200:
2026-06-25 20:49:40,738 - INFO - Train loss: 0.2701 (95.9s)
Train loss: 0.2701 (95.9s)
2026-06-25 20:50:04,103 - INFO - Test instance 0.8574, class 0.7982
Test instance 0.8574, class 0.7982
2026-06-25 20:50:04,104 - INFO - Best instance 0.8878, class 0.8337 (epoch 15)
Best instance 0.8878, class 0.8337 (epoch 15)
2026-06-25 20:50:04,120 - INFO - Epoch 18/200:
Epoch 18/200:
2026-06-25 20:51:39,758 - INFO - Train loss: 0.2687 (95.6s)
Train loss: 0.2687 (95.6s)
2026-06-25 20:52:03,445 - INFO - Test instance 0.8849, class 0.8276
Test instance 0.8849, class 0.8276
2026-06-25 20:52:03,445 - INFO - Best instance 0.8878, class 0.8337 (epoch 15)
Best instance 0.8878, class 0.8337 (epoch 15)
2026-06-25 20:52:03,463 - INFO - Epoch 19/200:
Epoch 19/200:
2026-06-25 20:53:39,545 - INFO - Train loss: 0.2539 (96.1s)
Train loss: 0.2539 (96.1s)
2026-06-25 20:54:02,954 - INFO - Test instance 0.8805, class 0.8410
Test instance 0.8805, class 0.8410
2026-06-25 20:54:02,955 - INFO - Best instance 0.8878, class 0.8337 (epoch 15)
Best instance 0.8878, class 0.8337 (epoch 15)
2026-06-25 20:54:02,973 - INFO - Epoch 20/200:
Epoch 20/200:
2026-06-25 20:55:39,046 - INFO - Train loss: 0.2549 (96.1s)
Train loss: 0.2549 (96.1s)
2026-06-25 20:56:02,565 - INFO - Test instance 0.8695, class 0.8164
Test instance 0.8695, class 0.8164
2026-06-25 20:56:02,565 - INFO - Best instance 0.8878, class 0.8337 (epoch 15)
Best instance 0.8878, class 0.8337 (epoch 15)
2026-06-25 20:56:02,583 - INFO - Epoch 21/200:
Epoch 21/200:
2026-06-25 20:57:38,543 - INFO - Train loss: 0.2300 (96.0s)
Train loss: 0.2300 (96.0s)
2026-06-25 20:58:02,099 - INFO - Test instance 0.9048, class 0.8642
Test instance 0.9048, class 0.8642
2026-06-25 20:58:02,118 - INFO - Best instance 0.9048, class 0.8642 (epoch 21)
Best instance 0.9048, class 0.8642 (epoch 21)
2026-06-25 20:58:02,136 - INFO - Epoch 22/200:
Epoch 22/200:
2026-06-25 20:59:38,947 - INFO - Train loss: 0.2187 (96.8s)
Train loss: 0.2187 (96.8s)
2026-06-25 21:00:02,464 - INFO - Test instance 0.9032, class 0.8446
Test instance 0.9032, class 0.8446
2026-06-25 21:00:02,465 - INFO - Best instance 0.9048, class 0.8642 (epoch 21)
Best instance 0.9048, class 0.8642 (epoch 21)
2026-06-25 21:00:02,482 - INFO - Epoch 23/200:
Epoch 23/200:
2026-06-25 21:01:38,275 - INFO - Train loss: 0.2150 (95.8s)
Train loss: 0.2150 (95.8s)
2026-06-25 21:02:01,739 - INFO - Test instance 0.8926, class 0.8551
Test instance 0.8926, class 0.8551
2026-06-25 21:02:01,740 - INFO - Best instance 0.9048, class 0.8642 (epoch 21)
Best instance 0.9048, class 0.8642 (epoch 21)
2026-06-25 21:02:01,758 - INFO - Epoch 24/200:
Epoch 24/200:
2026-06-25 21:03:37,504 - INFO - Train loss: 0.2180 (95.7s)
Train loss: 0.2180 (95.7s)
2026-06-25 21:04:01,100 - INFO - Test instance 0.8987, class 0.8558
Test instance 0.8987, class 0.8558
2026-06-25 21:04:01,100 - INFO - Best instance 0.9048, class 0.8642 (epoch 21)
Best instance 0.9048, class 0.8642 (epoch 21)
2026-06-25 21:04:01,120 - INFO - Epoch 25/200:
Epoch 25/200:
2026-06-25 21:05:36,972 - INFO - Train loss: 0.2151 (95.9s)
Train loss: 0.2151 (95.9s)
2026-06-25 21:06:00,690 - INFO - Test instance 0.9015, class 0.8415
Test instance 0.9015, class 0.8415
2026-06-25 21:06:00,691 - INFO - Best instance 0.9048, class 0.8642 (epoch 21)
Best instance 0.9048, class 0.8642 (epoch 21)
2026-06-25 21:06:00,708 - INFO - Epoch 26/200:
Epoch 26/200:
2026-06-25 21:07:36,868 - INFO - Train loss: 0.2125 (96.2s)
Train loss: 0.2125 (96.2s)
2026-06-25 21:08:00,522 - INFO - Test instance 0.8938, class 0.8552
Test instance 0.8938, class 0.8552
2026-06-25 21:08:00,523 - INFO - Best instance 0.9048, class 0.8642 (epoch 21)
Best instance 0.9048, class 0.8642 (epoch 21)
2026-06-25 21:08:00,540 - INFO - Epoch 27/200:
Epoch 27/200:
2026-06-25 21:09:36,635 - INFO - Train loss: 0.2090 (96.1s)
Train loss: 0.2090 (96.1s)
2026-06-25 21:10:00,083 - INFO - Test instance 0.8894, class 0.8309
Test instance 0.8894, class 0.8309
2026-06-25 21:10:00,083 - INFO - Best instance 0.9048, class 0.8642 (epoch 21)
Best instance 0.9048, class 0.8642 (epoch 21)
2026-06-25 21:10:00,102 - INFO - Epoch 28/200:
Epoch 28/200:
2026-06-25 21:11:36,089 - INFO - Train loss: 0.2094 (96.0s)
Train loss: 0.2094 (96.0s)
2026-06-25 21:11:59,750 - INFO - Test instance 0.8898, class 0.8446
Test instance 0.8898, class 0.8446
2026-06-25 21:11:59,752 - INFO - Best instance 0.9048, class 0.8642 (epoch 21)
Best instance 0.9048, class 0.8642 (epoch 21)
2026-06-25 21:11:59,770 - INFO - Epoch 29/200:
Epoch 29/200:
2026-06-25 21:13:36,204 - INFO - Train loss: 0.2054 (96.4s)
Train loss: 0.2054 (96.4s)
2026-06-25 21:13:59,932 - INFO - Test instance 0.8922, class 0.8626
Test instance 0.8922, class 0.8626
2026-06-25 21:13:59,932 - INFO - Best instance 0.9048, class 0.8642 (epoch 21)
Best instance 0.9048, class 0.8642 (epoch 21)
2026-06-25 21:13:59,950 - INFO - Epoch 30/200:
Epoch 30/200:
2026-06-25 21:15:35,931 - INFO - Train loss: 0.1935 (96.0s)
Train loss: 0.1935 (96.0s)
2026-06-25 21:15:59,671 - INFO - Test instance 0.8882, class 0.8567
Test instance 0.8882, class 0.8567
2026-06-25 21:15:59,671 - INFO - Best instance 0.9048, class 0.8642 (epoch 21)
Best instance 0.9048, class 0.8642 (epoch 21)
2026-06-25 21:15:59,690 - INFO - Epoch 31/200:
Epoch 31/200:
2026-06-25 21:17:35,906 - INFO - Train loss: 0.1960 (96.2s)
Train loss: 0.1960 (96.2s)
2026-06-25 21:17:59,576 - INFO - Test instance 0.8963, class 0.8623
Test instance 0.8963, class 0.8623
2026-06-25 21:17:59,577 - INFO - Best instance 0.9048, class 0.8642 (epoch 21)
Best instance 0.9048, class 0.8642 (epoch 21)
2026-06-25 21:17:59,593 - INFO - Epoch 32/200:
Epoch 32/200:
2026-06-25 21:19:35,557 - INFO - Train loss: 0.2035 (96.0s)
Train loss: 0.2035 (96.0s)
2026-06-25 21:19:59,067 - INFO - Test instance 0.8934, class 0.8531
Test instance 0.8934, class 0.8531
2026-06-25 21:19:59,067 - INFO - Best instance 0.9048, class 0.8642 (epoch 21)
Best instance 0.9048, class 0.8642 (epoch 21)
2026-06-25 21:19:59,086 - INFO - Epoch 33/200:
Epoch 33/200:
2026-06-25 21:21:34,788 - INFO - Train loss: 0.1909 (95.7s)
Train loss: 0.1909 (95.7s)
2026-06-25 21:21:58,182 - INFO - Test instance 0.8882, class 0.8505
Test instance 0.8882, class 0.8505
2026-06-25 21:21:58,183 - INFO - Best instance 0.9048, class 0.8642 (epoch 21)
Best instance 0.9048, class 0.8642 (epoch 21)
2026-06-25 21:21:58,203 - INFO - Epoch 34/200:
Epoch 34/200:
2026-06-25 21:23:34,062 - INFO - Train loss: 0.1888 (95.9s)
Train loss: 0.1888 (95.9s)
2026-06-25 21:23:57,559 - INFO - Test instance 0.8898, class 0.8461
Test instance 0.8898, class 0.8461
2026-06-25 21:23:57,559 - INFO - Best instance 0.9048, class 0.8642 (epoch 21)
Best instance 0.9048, class 0.8642 (epoch 21)
2026-06-25 21:23:57,578 - INFO - Epoch 35/200:
Epoch 35/200:
2026-06-25 21:25:33,178 - INFO - Train loss: 0.1883 (95.6s)
Train loss: 0.1883 (95.6s)
2026-06-25 21:25:56,813 - INFO - Test instance 0.8967, class 0.8516
Test instance 0.8967, class 0.8516
2026-06-25 21:25:56,813 - INFO - Best instance 0.9048, class 0.8642 (epoch 21)
Best instance 0.9048, class 0.8642 (epoch 21)
2026-06-25 21:25:56,832 - INFO - Epoch 36/200:
Epoch 36/200:
2026-06-25 21:27:32,443 - INFO - Train loss: 0.1942 (95.6s)
Train loss: 0.1942 (95.6s)
2026-06-25 21:27:56,016 - INFO - Test instance 0.9068, class 0.8569
Test instance 0.9068, class 0.8569
2026-06-25 21:27:56,035 - INFO - Best instance 0.9068, class 0.8569 (epoch 36)
Best instance 0.9068, class 0.8569 (epoch 36)
2026-06-25 21:27:56,050 - INFO - Epoch 37/200:
Epoch 37/200:
2026-06-25 21:29:32,026 - INFO - Train loss: 0.1921 (96.0s)
Train loss: 0.1921 (96.0s)
2026-06-25 21:29:55,460 - INFO - Test instance 0.8914, class 0.8415
Test instance 0.8914, class 0.8415
2026-06-25 21:29:55,460 - INFO - Best instance 0.9068, class 0.8569 (epoch 36)
Best instance 0.9068, class 0.8569 (epoch 36)
2026-06-25 21:29:55,478 - INFO - Epoch 38/200:
Epoch 38/200:
2026-06-25 21:31:30,965 - INFO - Train loss: 0.1863 (95.5s)
Train loss: 0.1863 (95.5s)
2026-06-25 21:31:54,532 - INFO - Test instance 0.8922, class 0.8390
Test instance 0.8922, class 0.8390
2026-06-25 21:31:54,532 - INFO - Best instance 0.9068, class 0.8569 (epoch 36)
Best instance 0.9068, class 0.8569 (epoch 36)
2026-06-25 21:31:54,552 - INFO - Epoch 39/200:
Epoch 39/200:
2026-06-25 21:33:30,503 - INFO - Train loss: 0.1887 (96.0s)
Train loss: 0.1887 (96.0s)
2026-06-25 21:33:54,088 - INFO - Test instance 0.9003, class 0.8587
Test instance 0.9003, class 0.8587
2026-06-25 21:33:54,089 - INFO - Best instance 0.9068, class 0.8569 (epoch 36)
Best instance 0.9068, class 0.8569 (epoch 36)
2026-06-25 21:33:54,108 - INFO - Epoch 40/200:
Epoch 40/200:
2026-06-25 21:35:29,911 - INFO - Train loss: 0.1785 (95.8s)
Train loss: 0.1785 (95.8s)
2026-06-25 21:35:53,423 - INFO - Test instance 0.9044, class 0.8595
Test instance 0.9044, class 0.8595
2026-06-25 21:35:53,424 - INFO - Best instance 0.9068, class 0.8569 (epoch 36)
Best instance 0.9068, class 0.8569 (epoch 36)
2026-06-25 21:35:53,467 - INFO - Epoch 41/200:
Epoch 41/200:
2026-06-25 21:37:29,134 - INFO - Train loss: 0.1732 (95.7s)
Train loss: 0.1732 (95.7s)
2026-06-25 21:37:52,729 - INFO - Test instance 0.9190, class 0.8813
Test instance 0.9190, class 0.8813
2026-06-25 21:37:52,747 - INFO - Best instance 0.9190, class 0.8813 (epoch 41)
Best instance 0.9190, class 0.8813 (epoch 41)
2026-06-25 21:37:52,764 - INFO - Epoch 42/200:
Epoch 42/200:
2026-06-25 21:39:28,590 - INFO - Train loss: 0.1681 (95.8s)
Train loss: 0.1681 (95.8s)
2026-06-25 21:39:51,959 - INFO - Test instance 0.9048, class 0.8580
Test instance 0.9048, class 0.8580
2026-06-25 21:39:51,959 - INFO - Best instance 0.9190, class 0.8813 (epoch 41)
Best instance 0.9190, class 0.8813 (epoch 41)
2026-06-25 21:39:51,979 - INFO - Epoch 43/200:
Epoch 43/200:
2026-06-25 21:41:27,665 - INFO - Train loss: 0.1650 (95.7s)
Train loss: 0.1650 (95.7s)
2026-06-25 21:41:51,150 - INFO - Test instance 0.9113, class 0.8639
Test instance 0.9113, class 0.8639
2026-06-25 21:41:51,151 - INFO - Best instance 0.9190, class 0.8813 (epoch 41)
Best instance 0.9190, class 0.8813 (epoch 41)
2026-06-25 21:41:51,169 - INFO - Epoch 44/200:
Epoch 44/200:
2026-06-25 21:43:27,150 - INFO - Train loss: 0.1529 (96.0s)
Train loss: 0.1529 (96.0s)
2026-06-25 21:43:50,656 - INFO - Test instance 0.9076, class 0.8599
Test instance 0.9076, class 0.8599
2026-06-25 21:43:50,656 - INFO - Best instance 0.9190, class 0.8813 (epoch 41)
Best instance 0.9190, class 0.8813 (epoch 41)
2026-06-25 21:43:50,676 - INFO - Epoch 45/200:
Epoch 45/200:
2026-06-25 21:45:26,335 - INFO - Train loss: 0.1632 (95.7s)
Train loss: 0.1632 (95.7s)
2026-06-25 21:45:49,764 - INFO - Test instance 0.9149, class 0.8657
Test instance 0.9149, class 0.8657
2026-06-25 21:45:49,765 - INFO - Best instance 0.9190, class 0.8813 (epoch 41)
Best instance 0.9190, class 0.8813 (epoch 41)
2026-06-25 21:45:49,782 - INFO - Epoch 46/200:
Epoch 46/200:
2026-06-25 21:47:25,444 - INFO - Train loss: 0.1606 (95.7s)
Train loss: 0.1606 (95.7s)
2026-06-25 21:47:49,041 - INFO - Test instance 0.9003, class 0.8520
Test instance 0.9003, class 0.8520
2026-06-25 21:47:49,042 - INFO - Best instance 0.9190, class 0.8813 (epoch 41)
Best instance 0.9190, class 0.8813 (epoch 41)
2026-06-25 21:47:49,063 - INFO - Epoch 47/200:
Epoch 47/200:
2026-06-25 21:49:25,101 - INFO - Train loss: 0.1590 (96.0s)
Train loss: 0.1590 (96.0s)
2026-06-25 21:49:48,466 - INFO - Test instance 0.9129, class 0.8772
Test instance 0.9129, class 0.8772
2026-06-25 21:49:48,467 - INFO - Best instance 0.9190, class 0.8813 (epoch 41)
Best instance 0.9190, class 0.8813 (epoch 41)
2026-06-25 21:49:48,484 - INFO - Epoch 48/200:
Epoch 48/200:
2026-06-25 21:51:24,422 - INFO - Train loss: 0.1573 (95.9s)
Train loss: 0.1573 (95.9s)
2026-06-25 21:51:47,922 - INFO - Test instance 0.9096, class 0.8742
Test instance 0.9096, class 0.8742
2026-06-25 21:51:47,922 - INFO - Best instance 0.9190, class 0.8813 (epoch 41)
Best instance 0.9190, class 0.8813 (epoch 41)
2026-06-25 21:51:47,940 - INFO - Epoch 49/200:
Epoch 49/200:
2026-06-25 21:53:23,983 - INFO - Train loss: 0.1629 (96.0s)
Train loss: 0.1629 (96.0s)
2026-06-25 21:53:47,304 - INFO - Test instance 0.9137, class 0.8675
Test instance 0.9137, class 0.8675
2026-06-25 21:53:47,304 - INFO - Best instance 0.9190, class 0.8813 (epoch 41)
Best instance 0.9190, class 0.8813 (epoch 41)
2026-06-25 21:53:47,324 - INFO - Epoch 50/200:
Epoch 50/200:
2026-06-25 21:55:23,529 - INFO - Train loss: 0.1518 (96.2s)
Train loss: 0.1518 (96.2s)
2026-06-25 21:55:46,991 - INFO - Test instance 0.9109, class 0.8681
Test instance 0.9109, class 0.8681
2026-06-25 21:55:46,992 - INFO - Best instance 0.9190, class 0.8813 (epoch 41)
Best instance 0.9190, class 0.8813 (epoch 41)
2026-06-25 21:55:47,011 - INFO - Epoch 51/200:
Epoch 51/200:
2026-06-25 21:57:22,596 - INFO - Train loss: 0.1532 (95.6s)
Train loss: 0.1532 (95.6s)
2026-06-25 21:57:46,112 - INFO - Test instance 0.9084, class 0.8640
Test instance 0.9084, class 0.8640
2026-06-25 21:57:46,114 - INFO - Best instance 0.9190, class 0.8813 (epoch 41)
Best instance 0.9190, class 0.8813 (epoch 41)
2026-06-25 21:57:46,131 - INFO - Epoch 52/200:
Epoch 52/200:
2026-06-25 21:59:21,935 - INFO - Train loss: 0.1483 (95.8s)
Train loss: 0.1483 (95.8s)
2026-06-25 21:59:46,082 - INFO - Test instance 0.9125, class 0.8682
Test instance 0.9125, class 0.8682
2026-06-25 21:59:46,082 - INFO - Best instance 0.9190, class 0.8813 (epoch 41)
Best instance 0.9190, class 0.8813 (epoch 41)
2026-06-25 21:59:46,102 - INFO - Epoch 53/200:
Epoch 53/200:
2026-06-25 22:01:21,996 - INFO - Train loss: 0.1556 (95.9s)
Train loss: 0.1556 (95.9s)
2026-06-25 22:01:45,542 - INFO - Test instance 0.9133, class 0.8755
Test instance 0.9133, class 0.8755
2026-06-25 22:01:45,543 - INFO - Best instance 0.9190, class 0.8813 (epoch 41)
Best instance 0.9190, class 0.8813 (epoch 41)
2026-06-25 22:01:45,560 - INFO - Epoch 54/200:
Epoch 54/200:
2026-06-25 22:03:21,727 - INFO - Train loss: 0.1588 (96.2s)
Train loss: 0.1588 (96.2s)
2026-06-25 22:03:45,204 - INFO - Test instance 0.9052, class 0.8716
Test instance 0.9052, class 0.8716
2026-06-25 22:03:45,205 - INFO - Best instance 0.9190, class 0.8813 (epoch 41)
Best instance 0.9190, class 0.8813 (epoch 41)
2026-06-25 22:03:45,224 - INFO - Epoch 55/200:
Epoch 55/200:
2026-06-25 22:05:20,785 - INFO - Train loss: 0.1484 (95.6s)
Train loss: 0.1484 (95.6s)
2026-06-25 22:05:44,254 - INFO - Test instance 0.9121, class 0.8770
Test instance 0.9121, class 0.8770
2026-06-25 22:05:44,254 - INFO - Best instance 0.9190, class 0.8813 (epoch 41)
Best instance 0.9190, class 0.8813 (epoch 41)
2026-06-25 22:05:44,272 - INFO - Epoch 56/200:
Epoch 56/200:
2026-06-25 22:07:20,273 - INFO - Train loss: 0.1492 (96.0s)
Train loss: 0.1492 (96.0s)
2026-06-25 22:07:44,016 - INFO - Test instance 0.9100, class 0.8735
Test instance 0.9100, class 0.8735
2026-06-25 22:07:44,017 - INFO - Best instance 0.9190, class 0.8813 (epoch 41)
Best instance 0.9190, class 0.8813 (epoch 41)
2026-06-25 22:07:44,035 - INFO - Epoch 57/200:
Epoch 57/200:
2026-06-25 22:09:19,824 - INFO - Train loss: 0.1515 (95.8s)
Train loss: 0.1515 (95.8s)
2026-06-25 22:09:43,509 - INFO - Test instance 0.9105, class 0.8702
Test instance 0.9105, class 0.8702
2026-06-25 22:09:43,509 - INFO - Best instance 0.9190, class 0.8813 (epoch 41)
Best instance 0.9190, class 0.8813 (epoch 41)
2026-06-25 22:09:43,527 - INFO - Epoch 58/200:
Epoch 58/200:
2026-06-25 22:11:19,387 - INFO - Train loss: 0.1531 (95.9s)
Train loss: 0.1531 (95.9s)
2026-06-25 22:11:43,097 - INFO - Test instance 0.9153, class 0.8752
Test instance 0.9153, class 0.8752
2026-06-25 22:11:43,098 - INFO - Best instance 0.9190, class 0.8813 (epoch 41)
Best instance 0.9190, class 0.8813 (epoch 41)
2026-06-25 22:11:43,118 - INFO - Epoch 59/200:
Epoch 59/200:
2026-06-25 22:13:18,880 - INFO - Train loss: 0.1465 (95.8s)
Train loss: 0.1465 (95.8s)
2026-06-25 22:13:42,455 - INFO - Test instance 0.9149, class 0.8774
Test instance 0.9149, class 0.8774
2026-06-25 22:13:42,456 - INFO - Best instance 0.9190, class 0.8813 (epoch 41)
Best instance 0.9190, class 0.8813 (epoch 41)
2026-06-25 22:13:42,474 - INFO - Epoch 60/200:
Epoch 60/200:
2026-06-25 22:15:18,080 - INFO - Train loss: 0.1483 (95.6s)
Train loss: 0.1483 (95.6s)
2026-06-25 22:15:41,573 - INFO - Test instance 0.9105, class 0.8781
Test instance 0.9105, class 0.8781
2026-06-25 22:15:41,573 - INFO - Best instance 0.9190, class 0.8813 (epoch 41)
Best instance 0.9190, class 0.8813 (epoch 41)
2026-06-25 22:15:41,593 - INFO - Epoch 61/200:
Epoch 61/200:
2026-06-25 22:17:17,392 - INFO - Train loss: 0.1402 (95.8s)
Train loss: 0.1402 (95.8s)
2026-06-25 22:17:41,008 - INFO - Test instance 0.9092, class 0.8687
Test instance 0.9092, class 0.8687
2026-06-25 22:17:41,008 - INFO - Best instance 0.9190, class 0.8813 (epoch 41)
Best instance 0.9190, class 0.8813 (epoch 41)
2026-06-25 22:17:41,027 - INFO - Epoch 62/200:
Epoch 62/200:
2026-06-25 22:19:16,979 - INFO - Train loss: 0.1372 (96.0s)
Train loss: 0.1372 (96.0s)
2026-06-25 22:19:40,390 - INFO - Test instance 0.9137, class 0.8778
Test instance 0.9137, class 0.8778
2026-06-25 22:19:40,391 - INFO - Best instance 0.9190, class 0.8813 (epoch 41)
Best instance 0.9190, class 0.8813 (epoch 41)
2026-06-25 22:19:40,409 - INFO - Epoch 63/200:
Epoch 63/200:
2026-06-25 22:21:16,076 - INFO - Train loss: 0.1380 (95.7s)
Train loss: 0.1380 (95.7s)
2026-06-25 22:21:39,771 - INFO - Test instance 0.9096, class 0.8703
Test instance 0.9096, class 0.8703
2026-06-25 22:21:39,772 - INFO - Best instance 0.9190, class 0.8813 (epoch 41)
Best instance 0.9190, class 0.8813 (epoch 41)
2026-06-25 22:21:39,790 - INFO - Epoch 64/200:
Epoch 64/200:
2026-06-25 22:23:15,790 - INFO - Train loss: 0.1355 (96.0s)
Train loss: 0.1355 (96.0s)
2026-06-25 22:23:39,301 - INFO - Test instance 0.9177, class 0.8847
Test instance 0.9177, class 0.8847
2026-06-25 22:23:39,303 - INFO - Best instance 0.9190, class 0.8813 (epoch 41)
Best instance 0.9190, class 0.8813 (epoch 41)
2026-06-25 22:23:39,321 - INFO - Epoch 65/200:
Epoch 65/200:
2026-06-25 22:25:15,194 - INFO - Train loss: 0.1301 (95.9s)
Train loss: 0.1301 (95.9s)
2026-06-25 22:25:38,752 - INFO - Test instance 0.9145, class 0.8740
Test instance 0.9145, class 0.8740
2026-06-25 22:25:38,752 - INFO - Best instance 0.9190, class 0.8813 (epoch 41)
Best instance 0.9190, class 0.8813 (epoch 41)
2026-06-25 22:25:38,771 - INFO - Epoch 66/200:
Epoch 66/200:
2026-06-25 22:27:14,672 - INFO - Train loss: 0.1339 (95.9s)
Train loss: 0.1339 (95.9s)
2026-06-25 22:27:38,236 - INFO - Test instance 0.9117, class 0.8710
Test instance 0.9117, class 0.8710
2026-06-25 22:27:38,236 - INFO - Best instance 0.9190, class 0.8813 (epoch 41)
Best instance 0.9190, class 0.8813 (epoch 41)
2026-06-25 22:27:38,255 - INFO - Epoch 67/200:
Epoch 67/200:
2026-06-25 22:29:14,083 - INFO - Train loss: 0.1316 (95.8s)
Train loss: 0.1316 (95.8s)
2026-06-25 22:29:37,747 - INFO - Test instance 0.9060, class 0.8705
Test instance 0.9060, class 0.8705
2026-06-25 22:29:37,747 - INFO - Best instance 0.9190, class 0.8813 (epoch 41)
Best instance 0.9190, class 0.8813 (epoch 41)
2026-06-25 22:29:37,765 - INFO - Epoch 68/200:
Epoch 68/200:
2026-06-25 22:31:13,536 - INFO - Train loss: 0.1305 (95.8s)
Train loss: 0.1305 (95.8s)
2026-06-25 22:31:37,076 - INFO - Test instance 0.9100, class 0.8765
Test instance 0.9100, class 0.8765
2026-06-25 22:31:37,076 - INFO - Best instance 0.9190, class 0.8813 (epoch 41)
Best instance 0.9190, class 0.8813 (epoch 41)
2026-06-25 22:31:37,095 - INFO - Epoch 69/200:
Epoch 69/200:
2026-06-25 22:33:13,126 - INFO - Train loss: 0.1250 (96.0s)
Train loss: 0.1250 (96.0s)
2026-06-25 22:33:36,557 - INFO - Test instance 0.9100, class 0.8735
Test instance 0.9100, class 0.8735
2026-06-25 22:33:36,558 - INFO - Best instance 0.9190, class 0.8813 (epoch 41)
Best instance 0.9190, class 0.8813 (epoch 41)
2026-06-25 22:33:36,576 - INFO - Epoch 70/200:
Epoch 70/200:
2026-06-25 22:35:12,348 - INFO - Train loss: 0.1326 (95.8s)
Train loss: 0.1326 (95.8s)
2026-06-25 22:35:35,672 - INFO - Test instance 0.9186, class 0.8814
Test instance 0.9186, class 0.8814
2026-06-25 22:35:35,672 - INFO - Best instance 0.9190, class 0.8813 (epoch 41)
Best instance 0.9190, class 0.8813 (epoch 41)
2026-06-25 22:35:35,694 - INFO - Epoch 71/200:
Epoch 71/200:
2026-06-25 22:37:11,754 - INFO - Train loss: 0.1279 (96.1s)
Train loss: 0.1279 (96.1s)
2026-06-25 22:37:35,058 - INFO - Test instance 0.9161, class 0.8878
Test instance 0.9161, class 0.8878
2026-06-25 22:37:35,058 - INFO - Best instance 0.9190, class 0.8813 (epoch 41)
Best instance 0.9190, class 0.8813 (epoch 41)
2026-06-25 22:37:35,077 - INFO - Epoch 72/200:
Epoch 72/200:
2026-06-25 22:39:11,401 - INFO - Train loss: 0.1322 (96.3s)
Train loss: 0.1322 (96.3s)
2026-06-25 22:39:34,885 - INFO - Test instance 0.9149, class 0.8731
Test instance 0.9149, class 0.8731
2026-06-25 22:39:34,885 - INFO - Best instance 0.9190, class 0.8813 (epoch 41)
Best instance 0.9190, class 0.8813 (epoch 41)
2026-06-25 22:39:34,907 - INFO - Epoch 73/200:
Epoch 73/200:
2026-06-25 22:41:10,899 - INFO - Train loss: 0.1254 (96.0s)
Train loss: 0.1254 (96.0s)
2026-06-25 22:41:34,276 - INFO - Test instance 0.9125, class 0.8767
Test instance 0.9125, class 0.8767
2026-06-25 22:41:34,277 - INFO - Best instance 0.9190, class 0.8813 (epoch 41)
Best instance 0.9190, class 0.8813 (epoch 41)
2026-06-25 22:41:34,295 - INFO - Epoch 74/200:
Epoch 74/200:
2026-06-25 22:43:10,179 - INFO - Train loss: 0.1296 (95.9s)
Train loss: 0.1296 (95.9s)
2026-06-25 22:43:33,633 - INFO - Test instance 0.9117, class 0.8699
Test instance 0.9117, class 0.8699
2026-06-25 22:43:33,634 - INFO - Best instance 0.9190, class 0.8813 (epoch 41)
Best instance 0.9190, class 0.8813 (epoch 41)
2026-06-25 22:43:33,651 - INFO - Epoch 75/200:
Epoch 75/200:
2026-06-25 22:45:09,319 - INFO - Train loss: 0.1223 (95.7s)
Train loss: 0.1223 (95.7s)
2026-06-25 22:45:32,706 - INFO - Test instance 0.9100, class 0.8772
Test instance 0.9100, class 0.8772
2026-06-25 22:45:32,706 - INFO - Best instance 0.9190, class 0.8813 (epoch 41)
Best instance 0.9190, class 0.8813 (epoch 41)
2026-06-25 22:45:32,724 - INFO - Epoch 76/200:
Epoch 76/200:
2026-06-25 22:47:08,504 - INFO - Train loss: 0.1257 (95.8s)
Train loss: 0.1257 (95.8s)
2026-06-25 22:47:31,772 - INFO - Test instance 0.9056, class 0.8823
Test instance 0.9056, class 0.8823
2026-06-25 22:47:31,774 - INFO - Best instance 0.9190, class 0.8813 (epoch 41)
Best instance 0.9190, class 0.8813 (epoch 41)
2026-06-25 22:47:31,791 - INFO - Epoch 77/200:
Epoch 77/200:
2026-06-25 22:49:07,725 - INFO - Train loss: 0.1245 (95.9s)
Train loss: 0.1245 (95.9s)
2026-06-25 22:49:31,243 - INFO - Test instance 0.9145, class 0.8766
Test instance 0.9145, class 0.8766
2026-06-25 22:49:31,243 - INFO - Best instance 0.9190, class 0.8813 (epoch 41)
Best instance 0.9190, class 0.8813 (epoch 41)
2026-06-25 22:49:31,261 - INFO - Epoch 78/200:
Epoch 78/200:
2026-06-25 22:51:07,184 - INFO - Train loss: 0.1199 (95.9s)
Train loss: 0.1199 (95.9s)
2026-06-25 22:51:30,727 - INFO - Test instance 0.9157, class 0.8773
Test instance 0.9157, class 0.8773
2026-06-25 22:51:30,728 - INFO - Best instance 0.9190, class 0.8813 (epoch 41)
Best instance 0.9190, class 0.8813 (epoch 41)
2026-06-25 22:51:30,746 - INFO - Epoch 79/200:
Epoch 79/200:
2026-06-25 22:53:06,753 - INFO - Train loss: 0.1227 (96.0s)
Train loss: 0.1227 (96.0s)
2026-06-25 22:53:30,422 - INFO - Test instance 0.9161, class 0.8825
Test instance 0.9161, class 0.8825
2026-06-25 22:53:30,422 - INFO - Best instance 0.9190, class 0.8813 (epoch 41)
Best instance 0.9190, class 0.8813 (epoch 41)
2026-06-25 22:53:30,440 - INFO - Epoch 80/200:
Epoch 80/200:
2026-06-25 22:55:06,088 - INFO - Train loss: 0.1262 (95.6s)
Train loss: 0.1262 (95.6s)
2026-06-25 22:55:29,589 - INFO - Test instance 0.9153, class 0.8903
Test instance 0.9153, class 0.8903
2026-06-25 22:55:29,589 - INFO - Best instance 0.9190, class 0.8813 (epoch 41)
Best instance 0.9190, class 0.8813 (epoch 41)
2026-06-25 22:55:29,607 - INFO - Epoch 81/200:
Epoch 81/200:
2026-06-25 22:57:05,459 - INFO - Train loss: 0.1166 (95.9s)
Train loss: 0.1166 (95.9s)
2026-06-25 22:57:29,073 - INFO - Test instance 0.9117, class 0.8819
Test instance 0.9117, class 0.8819
2026-06-25 22:57:29,074 - INFO - Best instance 0.9190, class 0.8813 (epoch 41)
Best instance 0.9190, class 0.8813 (epoch 41)
2026-06-25 22:57:29,092 - INFO - Epoch 82/200:
Epoch 82/200:
2026-06-25 22:59:04,782 - INFO - Train loss: 0.1126 (95.7s)
Train loss: 0.1126 (95.7s)
2026-06-25 22:59:28,291 - INFO - Test instance 0.9145, class 0.8818
Test instance 0.9145, class 0.8818
2026-06-25 22:59:28,291 - INFO - Best instance 0.9190, class 0.8813 (epoch 41)
Best instance 0.9190, class 0.8813 (epoch 41)
2026-06-25 22:59:28,308 - INFO - Epoch 83/200:
Epoch 83/200:
2026-06-25 23:01:04,967 - INFO - Train loss: 0.1156 (96.7s)
Train loss: 0.1156 (96.7s)
2026-06-25 23:01:28,536 - INFO - Test instance 0.9100, class 0.8802
Test instance 0.9100, class 0.8802
2026-06-25 23:01:28,536 - INFO - Best instance 0.9190, class 0.8813 (epoch 41)
Best instance 0.9190, class 0.8813 (epoch 41)
2026-06-25 23:01:28,554 - INFO - Epoch 84/200:
Epoch 84/200:
2026-06-25 23:03:04,336 - INFO - Train loss: 0.1109 (95.8s)
Train loss: 0.1109 (95.8s)
2026-06-25 23:03:27,749 - INFO - Test instance 0.9165, class 0.8860
Test instance 0.9165, class 0.8860
2026-06-25 23:03:27,749 - INFO - Best instance 0.9190, class 0.8813 (epoch 41)
Best instance 0.9190, class 0.8813 (epoch 41)
2026-06-25 23:03:27,767 - INFO - Epoch 85/200:
Epoch 85/200:
2026-06-25 23:05:03,957 - INFO - Train loss: 0.1133 (96.2s)
Train loss: 0.1133 (96.2s)
2026-06-25 23:05:27,570 - INFO - Test instance 0.9121, class 0.8741
Test instance 0.9121, class 0.8741
2026-06-25 23:05:27,570 - INFO - Best instance 0.9190, class 0.8813 (epoch 41)
Best instance 0.9190, class 0.8813 (epoch 41)
2026-06-25 23:05:27,587 - INFO - Epoch 86/200:
Epoch 86/200:
2026-06-25 23:07:03,470 - INFO - Train loss: 0.1108 (95.9s)
Train loss: 0.1108 (95.9s)
2026-06-25 23:07:27,321 - INFO - Test instance 0.9198, class 0.8890
Test instance 0.9198, class 0.8890
2026-06-25 23:07:27,338 - INFO - Best instance 0.9198, class 0.8890 (epoch 86)
Best instance 0.9198, class 0.8890 (epoch 86)
2026-06-25 23:07:27,356 - INFO - Epoch 87/200:
Epoch 87/200:
2026-06-25 23:09:02,943 - INFO - Train loss: 0.1089 (95.6s)
Train loss: 0.1089 (95.6s)
2026-06-25 23:09:26,403 - INFO - Test instance 0.9092, class 0.8804
Test instance 0.9092, class 0.8804
2026-06-25 23:09:26,403 - INFO - Best instance 0.9198, class 0.8890 (epoch 86)
Best instance 0.9198, class 0.8890 (epoch 86)
2026-06-25 23:09:26,420 - INFO - Epoch 88/200:
Epoch 88/200:
2026-06-25 23:11:02,409 - INFO - Train loss: 0.1062 (96.0s)
Train loss: 0.1062 (96.0s)
2026-06-25 23:11:26,002 - INFO - Test instance 0.9153, class 0.8823
Test instance 0.9153, class 0.8823
2026-06-25 23:11:26,002 - INFO - Best instance 0.9198, class 0.8890 (epoch 86)
Best instance 0.9198, class 0.8890 (epoch 86)
2026-06-25 23:11:26,020 - INFO - Epoch 89/200:
Epoch 89/200:
2026-06-25 23:13:02,336 - INFO - Train loss: 0.1085 (96.3s)
Train loss: 0.1085 (96.3s)
2026-06-25 23:13:25,925 - INFO - Test instance 0.9165, class 0.8792
Test instance 0.9165, class 0.8792
2026-06-25 23:13:25,926 - INFO - Best instance 0.9198, class 0.8890 (epoch 86)
Best instance 0.9198, class 0.8890 (epoch 86)
2026-06-25 23:13:25,945 - INFO - Epoch 90/200:
Epoch 90/200:
2026-06-25 23:15:01,776 - INFO - Train loss: 0.1072 (95.8s)
Train loss: 0.1072 (95.8s)
2026-06-25 23:15:25,367 - INFO - Test instance 0.9113, class 0.8769
Test instance 0.9113, class 0.8769
2026-06-25 23:15:25,367 - INFO - Best instance 0.9198, class 0.8890 (epoch 86)
Best instance 0.9198, class 0.8890 (epoch 86)
2026-06-25 23:15:25,385 - INFO - Epoch 91/200:
Epoch 91/200:
2026-06-25 23:17:01,445 - INFO - Train loss: 0.1061 (96.1s)
Train loss: 0.1061 (96.1s)
2026-06-25 23:17:25,042 - INFO - Test instance 0.9121, class 0.8801
Test instance 0.9121, class 0.8801
2026-06-25 23:17:25,043 - INFO - Best instance 0.9198, class 0.8890 (epoch 86)
Best instance 0.9198, class 0.8890 (epoch 86)
2026-06-25 23:17:25,061 - INFO - Epoch 92/200:
Epoch 92/200:
2026-06-25 23:19:00,797 - INFO - Train loss: 0.1099 (95.7s)
Train loss: 0.1099 (95.7s)
2026-06-25 23:19:24,325 - INFO - Test instance 0.9137, class 0.8847
Test instance 0.9137, class 0.8847
2026-06-25 23:19:24,326 - INFO - Best instance 0.9198, class 0.8890 (epoch 86)
Best instance 0.9198, class 0.8890 (epoch 86)
2026-06-25 23:19:24,344 - INFO - Epoch 93/200:
Epoch 93/200:
2026-06-25 23:20:59,802 - INFO - Train loss: 0.1108 (95.5s)
Train loss: 0.1108 (95.5s)
2026-06-25 23:21:23,436 - INFO - Test instance 0.9100, class 0.8764
Test instance 0.9100, class 0.8764
2026-06-25 23:21:23,436 - INFO - Best instance 0.9198, class 0.8890 (epoch 86)
Best instance 0.9198, class 0.8890 (epoch 86)
2026-06-25 23:21:23,456 - INFO - Epoch 94/200:
Epoch 94/200:
2026-06-25 23:22:59,374 - INFO - Train loss: 0.1087 (95.9s)
Train loss: 0.1087 (95.9s)
2026-06-25 23:23:22,860 - INFO - Test instance 0.9105, class 0.8806
Test instance 0.9105, class 0.8806
2026-06-25 23:23:22,860 - INFO - Best instance 0.9198, class 0.8890 (epoch 86)
Best instance 0.9198, class 0.8890 (epoch 86)
2026-06-25 23:23:22,878 - INFO - Epoch 95/200:
Epoch 95/200:
2026-06-25 23:24:58,534 - INFO - Train loss: 0.1069 (95.7s)
Train loss: 0.1069 (95.7s)
2026-06-25 23:25:22,155 - INFO - Test instance 0.9161, class 0.8797
Test instance 0.9161, class 0.8797
2026-06-25 23:25:22,156 - INFO - Best instance 0.9198, class 0.8890 (epoch 86)
Best instance 0.9198, class 0.8890 (epoch 86)
2026-06-25 23:25:22,175 - INFO - Epoch 96/200:
Epoch 96/200:
2026-06-25 23:26:58,313 - INFO - Train loss: 0.1088 (96.1s)
Train loss: 0.1088 (96.1s)
2026-06-25 23:27:21,766 - INFO - Test instance 0.9137, class 0.8833
Test instance 0.9137, class 0.8833
2026-06-25 23:27:21,766 - INFO - Best instance 0.9198, class 0.8890 (epoch 86)
Best instance 0.9198, class 0.8890 (epoch 86)
2026-06-25 23:27:21,784 - INFO - Epoch 97/200:
Epoch 97/200:
2026-06-25 23:28:57,742 - INFO - Train loss: 0.1037 (96.0s)
Train loss: 0.1037 (96.0s)
2026-06-25 23:29:21,168 - INFO - Test instance 0.9169, class 0.8893
Test instance 0.9169, class 0.8893
2026-06-25 23:29:21,169 - INFO - Best instance 0.9198, class 0.8890 (epoch 86)
Best instance 0.9198, class 0.8890 (epoch 86)
2026-06-25 23:29:21,188 - INFO - Epoch 98/200:
Epoch 98/200:
2026-06-25 23:30:56,942 - INFO - Train loss: 0.1091 (95.8s)
Train loss: 0.1091 (95.8s)
2026-06-25 23:31:20,257 - INFO - Test instance 0.9137, class 0.8777
Test instance 0.9137, class 0.8777
2026-06-25 23:31:20,258 - INFO - Best instance 0.9198, class 0.8890 (epoch 86)
Best instance 0.9198, class 0.8890 (epoch 86)
2026-06-25 23:31:20,277 - INFO - Epoch 99/200:
Epoch 99/200:
2026-06-25 23:32:55,996 - INFO - Train loss: 0.1125 (95.7s)
Train loss: 0.1125 (95.7s)
2026-06-25 23:33:19,466 - INFO - Test instance 0.9088, class 0.8695
Test instance 0.9088, class 0.8695
2026-06-25 23:33:19,466 - INFO - Best instance 0.9198, class 0.8890 (epoch 86)
Best instance 0.9198, class 0.8890 (epoch 86)
2026-06-25 23:33:19,484 - INFO - Epoch 100/200:
Epoch 100/200:
2026-06-25 23:34:55,087 - INFO - Train loss: 0.1040 (95.6s)
Train loss: 0.1040 (95.6s)
2026-06-25 23:35:18,466 - INFO - Test instance 0.9182, class 0.8873
Test instance 0.9182, class 0.8873
2026-06-25 23:35:18,466 - INFO - Best instance 0.9198, class 0.8890 (epoch 86)
Best instance 0.9198, class 0.8890 (epoch 86)
2026-06-25 23:35:18,483 - INFO - Epoch 101/200:
Epoch 101/200:
2026-06-25 23:36:54,211 - INFO - Train loss: 0.1030 (95.7s)
Train loss: 0.1030 (95.7s)
2026-06-25 23:37:17,732 - INFO - Test instance 0.9210, class 0.8910
Test instance 0.9210, class 0.8910
2026-06-25 23:37:17,749 - INFO - Best instance 0.9210, class 0.8910 (epoch 101)
Best instance 0.9210, class 0.8910 (epoch 101)
2026-06-25 23:37:17,766 - INFO - Epoch 102/200:
Epoch 102/200:
2026-06-25 23:38:53,943 - INFO - Train loss: 0.1002 (96.2s)
Train loss: 0.1002 (96.2s)
2026-06-25 23:39:17,558 - INFO - Test instance 0.9141, class 0.8858
Test instance 0.9141, class 0.8858
2026-06-25 23:39:17,558 - INFO - Best instance 0.9210, class 0.8910 (epoch 101)
Best instance 0.9210, class 0.8910 (epoch 101)
2026-06-25 23:39:17,575 - INFO - Epoch 103/200:
Epoch 103/200:
2026-06-25 23:40:53,643 - INFO - Train loss: 0.0964 (96.1s)
Train loss: 0.0964 (96.1s)
2026-06-25 23:41:17,271 - INFO - Test instance 0.9157, class 0.8890
Test instance 0.9157, class 0.8890
2026-06-25 23:41:17,271 - INFO - Best instance 0.9210, class 0.8910 (epoch 101)
Best instance 0.9210, class 0.8910 (epoch 101)
2026-06-25 23:41:17,289 - INFO - Epoch 104/200:
Epoch 104/200:
2026-06-25 23:42:53,555 - INFO - Train loss: 0.0961 (96.3s)
Train loss: 0.0961 (96.3s)
2026-06-25 23:43:17,207 - INFO - Test instance 0.9230, class 0.8902
Test instance 0.9230, class 0.8902
2026-06-25 23:43:17,227 - INFO - Best instance 0.9230, class 0.8902 (epoch 104)
Best instance 0.9230, class 0.8902 (epoch 104)
2026-06-25 23:43:17,243 - INFO - Epoch 105/200:
Epoch 105/200:
2026-06-25 23:44:53,292 - INFO - Train loss: 0.1010 (96.0s)
Train loss: 0.1010 (96.0s)
2026-06-25 23:45:16,924 - INFO - Test instance 0.9186, class 0.8877
Test instance 0.9186, class 0.8877
2026-06-25 23:45:16,924 - INFO - Best instance 0.9230, class 0.8902 (epoch 104)
Best instance 0.9230, class 0.8902 (epoch 104)
2026-06-25 23:45:16,944 - INFO - Epoch 106/200:
Epoch 106/200:
2026-06-25 23:46:52,791 - INFO - Train loss: 0.0933 (95.8s)
Train loss: 0.0933 (95.8s)
2026-06-25 23:47:16,294 - INFO - Test instance 0.9133, class 0.8803
Test instance 0.9133, class 0.8803
2026-06-25 23:47:16,294 - INFO - Best instance 0.9230, class 0.8902 (epoch 104)
Best instance 0.9230, class 0.8902 (epoch 104)
2026-06-25 23:47:16,313 - INFO - Epoch 107/200:
Epoch 107/200:
2026-06-25 23:48:52,164 - INFO - Train loss: 0.0956 (95.9s)
Train loss: 0.0956 (95.9s)
2026-06-25 23:49:15,743 - INFO - Test instance 0.9190, class 0.8894
Test instance 0.9190, class 0.8894
2026-06-25 23:49:15,744 - INFO - Best instance 0.9230, class 0.8902 (epoch 104)
Best instance 0.9230, class 0.8902 (epoch 104)
2026-06-25 23:49:15,763 - INFO - Epoch 108/200:
Epoch 108/200:
2026-06-25 23:50:51,868 - INFO - Train loss: 0.0969 (96.1s)
Train loss: 0.0969 (96.1s)
2026-06-25 23:51:15,480 - INFO - Test instance 0.9096, class 0.8730
Test instance 0.9096, class 0.8730
2026-06-25 23:51:15,481 - INFO - Best instance 0.9230, class 0.8902 (epoch 104)
Best instance 0.9230, class 0.8902 (epoch 104)
2026-06-25 23:51:15,498 - INFO - Epoch 109/200:
Epoch 109/200:
2026-06-25 23:52:50,938 - INFO - Train loss: 0.0946 (95.4s)
Train loss: 0.0946 (95.4s)
2026-06-25 23:53:14,640 - INFO - Test instance 0.9149, class 0.8878
Test instance 0.9149, class 0.8878
2026-06-25 23:53:14,641 - INFO - Best instance 0.9230, class 0.8902 (epoch 104)
Best instance 0.9230, class 0.8902 (epoch 104)
2026-06-25 23:53:14,659 - INFO - Epoch 110/200:
Epoch 110/200:
2026-06-25 23:54:50,604 - INFO - Train loss: 0.0960 (95.9s)
Train loss: 0.0960 (95.9s)
2026-06-25 23:55:14,198 - INFO - Test instance 0.9141, class 0.8826
Test instance 0.9141, class 0.8826
2026-06-25 23:55:14,198 - INFO - Best instance 0.9230, class 0.8902 (epoch 104)
Best instance 0.9230, class 0.8902 (epoch 104)
2026-06-25 23:55:14,216 - INFO - Epoch 111/200:
Epoch 111/200:
2026-06-25 23:56:49,854 - INFO - Train loss: 0.0969 (95.6s)
Train loss: 0.0969 (95.6s)
2026-06-25 23:57:13,314 - INFO - Test instance 0.9242, class 0.8921
Test instance 0.9242, class 0.8921
2026-06-25 23:57:13,332 - INFO - Best instance 0.9242, class 0.8921 (epoch 111)
Best instance 0.9242, class 0.8921 (epoch 111)
2026-06-25 23:57:13,349 - INFO - Epoch 112/200:
Epoch 112/200:
2026-06-25 23:58:49,065 - INFO - Train loss: 0.0949 (95.7s)
Train loss: 0.0949 (95.7s)
2026-06-25 23:59:12,625 - INFO - Test instance 0.9194, class 0.8831
Test instance 0.9194, class 0.8831
2026-06-25 23:59:12,625 - INFO - Best instance 0.9242, class 0.8921 (epoch 111)
Best instance 0.9242, class 0.8921 (epoch 111)
2026-06-25 23:59:12,644 - INFO - Epoch 113/200:
Epoch 113/200:
2026-06-26 00:00:48,309 - INFO - Train loss: 0.0949 (95.7s)
Train loss: 0.0949 (95.7s)
2026-06-26 00:01:11,974 - INFO - Test instance 0.9153, class 0.8866
Test instance 0.9153, class 0.8866
2026-06-26 00:01:11,974 - INFO - Best instance 0.9242, class 0.8921 (epoch 111)
Best instance 0.9242, class 0.8921 (epoch 111)
2026-06-26 00:01:11,991 - INFO - Epoch 114/200:
Epoch 114/200:
2026-06-26 00:02:48,790 - INFO - Train loss: 0.0953 (96.8s)
Train loss: 0.0953 (96.8s)
2026-06-26 00:03:12,359 - INFO - Test instance 0.9165, class 0.8823
Test instance 0.9165, class 0.8823
2026-06-26 00:03:12,359 - INFO - Best instance 0.9242, class 0.8921 (epoch 111)
Best instance 0.9242, class 0.8921 (epoch 111)
2026-06-26 00:03:12,377 - INFO - Epoch 115/200:
Epoch 115/200:
2026-06-26 00:04:48,324 - INFO - Train loss: 0.0965 (95.9s)
Train loss: 0.0965 (95.9s)
2026-06-26 00:05:11,857 - INFO - Test instance 0.9145, class 0.8850
Test instance 0.9145, class 0.8850
2026-06-26 00:05:11,858 - INFO - Best instance 0.9242, class 0.8921 (epoch 111)
Best instance 0.9242, class 0.8921 (epoch 111)
2026-06-26 00:05:11,876 - INFO - Epoch 116/200:
Epoch 116/200:
2026-06-26 00:06:47,472 - INFO - Train loss: 0.0973 (95.6s)
Train loss: 0.0973 (95.6s)
2026-06-26 00:07:11,103 - INFO - Test instance 0.9149, class 0.8811
Test instance 0.9149, class 0.8811
2026-06-26 00:07:11,103 - INFO - Best instance 0.9242, class 0.8921 (epoch 111)
Best instance 0.9242, class 0.8921 (epoch 111)
2026-06-26 00:07:11,122 - INFO - Epoch 117/200:
Epoch 117/200:
2026-06-26 00:08:47,208 - INFO - Train loss: 0.0942 (96.1s)
Train loss: 0.0942 (96.1s)
2026-06-26 00:09:10,856 - INFO - Test instance 0.9121, class 0.8800
Test instance 0.9121, class 0.8800
2026-06-26 00:09:10,856 - INFO - Best instance 0.9242, class 0.8921 (epoch 111)
Best instance 0.9242, class 0.8921 (epoch 111)
2026-06-26 00:09:10,874 - INFO - Epoch 118/200:
Epoch 118/200:
2026-06-26 00:10:47,139 - INFO - Train loss: 0.0907 (96.3s)
Train loss: 0.0907 (96.3s)
2026-06-26 00:11:10,664 - INFO - Test instance 0.9117, class 0.8755
Test instance 0.9117, class 0.8755
2026-06-26 00:11:10,664 - INFO - Best instance 0.9242, class 0.8921 (epoch 111)
Best instance 0.9242, class 0.8921 (epoch 111)
2026-06-26 00:11:10,683 - INFO - Epoch 119/200:
Epoch 119/200:
2026-06-26 00:12:46,836 - INFO - Train loss: 0.0960 (96.2s)
Train loss: 0.0960 (96.2s)
2026-06-26 00:13:10,555 - INFO - Test instance 0.9145, class 0.8838
Test instance 0.9145, class 0.8838
2026-06-26 00:13:10,556 - INFO - Best instance 0.9242, class 0.8921 (epoch 111)
Best instance 0.9242, class 0.8921 (epoch 111)
2026-06-26 00:13:10,574 - INFO - Epoch 120/200:
Epoch 120/200:
2026-06-26 00:14:46,153 - INFO - Train loss: 0.0930 (95.6s)
Train loss: 0.0930 (95.6s)
2026-06-26 00:15:09,712 - INFO - Test instance 0.9161, class 0.8811
Test instance 0.9161, class 0.8811
2026-06-26 00:15:09,712 - INFO - Best instance 0.9242, class 0.8921 (epoch 111)
Best instance 0.9242, class 0.8921 (epoch 111)
2026-06-26 00:15:09,730 - INFO - Epoch 121/200:
Epoch 121/200:
2026-06-26 00:16:45,075 - INFO - Train loss: 0.0898 (95.3s)
Train loss: 0.0898 (95.3s)
2026-06-26 00:17:08,573 - INFO - Test instance 0.9242, class 0.8903
Test instance 0.9242, class 0.8903
2026-06-26 00:17:08,574 - INFO - Best instance 0.9242, class 0.8921 (epoch 111)
Best instance 0.9242, class 0.8921 (epoch 111)
2026-06-26 00:17:08,591 - INFO - Epoch 122/200:
Epoch 122/200:
2026-06-26 00:18:44,577 - INFO - Train loss: 0.0918 (96.0s)
Train loss: 0.0918 (96.0s)
2026-06-26 00:19:08,051 - INFO - Test instance 0.9186, class 0.8826
Test instance 0.9186, class 0.8826
2026-06-26 00:19:08,052 - INFO - Best instance 0.9242, class 0.8921 (epoch 111)
Best instance 0.9242, class 0.8921 (epoch 111)
2026-06-26 00:19:08,070 - INFO - Epoch 123/200:
Epoch 123/200:
2026-06-26 00:20:43,730 - INFO - Train loss: 0.0852 (95.7s)
Train loss: 0.0852 (95.7s)
2026-06-26 00:21:07,168 - INFO - Test instance 0.9125, class 0.8846
Test instance 0.9125, class 0.8846
2026-06-26 00:21:07,168 - INFO - Best instance 0.9242, class 0.8921 (epoch 111)
Best instance 0.9242, class 0.8921 (epoch 111)
2026-06-26 00:21:07,186 - INFO - Epoch 124/200:
Epoch 124/200:
2026-06-26 00:22:42,690 - INFO - Train loss: 0.0880 (95.5s)
Train loss: 0.0880 (95.5s)
2026-06-26 00:23:06,189 - INFO - Test instance 0.9194, class 0.8857
Test instance 0.9194, class 0.8857
2026-06-26 00:23:06,190 - INFO - Best instance 0.9242, class 0.8921 (epoch 111)
Best instance 0.9242, class 0.8921 (epoch 111)
2026-06-26 00:23:06,208 - INFO - Epoch 125/200:
Epoch 125/200:
2026-06-26 00:24:42,155 - INFO - Train loss: 0.0857 (95.9s)
Train loss: 0.0857 (95.9s)
2026-06-26 00:25:05,543 - INFO - Test instance 0.9173, class 0.8849
Test instance 0.9173, class 0.8849
2026-06-26 00:25:05,543 - INFO - Best instance 0.9242, class 0.8921 (epoch 111)
Best instance 0.9242, class 0.8921 (epoch 111)
2026-06-26 00:25:05,561 - INFO - Epoch 126/200:
Epoch 126/200:
2026-06-26 00:26:41,137 - INFO - Train loss: 0.0897 (95.6s)
Train loss: 0.0897 (95.6s)
2026-06-26 00:27:04,556 - INFO - Test instance 0.9157, class 0.8788
Test instance 0.9157, class 0.8788
2026-06-26 00:27:04,558 - INFO - Best instance 0.9242, class 0.8921 (epoch 111)
Best instance 0.9242, class 0.8921 (epoch 111)
2026-06-26 00:27:04,576 - INFO - Epoch 127/200:
Epoch 127/200:
2026-06-26 00:28:40,182 - INFO - Train loss: 0.0861 (95.6s)
Train loss: 0.0861 (95.6s)
2026-06-26 00:29:03,840 - INFO - Test instance 0.9186, class 0.8867
Test instance 0.9186, class 0.8867
2026-06-26 00:29:03,841 - INFO - Best instance 0.9242, class 0.8921 (epoch 111)
Best instance 0.9242, class 0.8921 (epoch 111)
2026-06-26 00:29:03,858 - INFO - Epoch 128/200:
Epoch 128/200:
2026-06-26 00:30:39,557 - INFO - Train loss: 0.0894 (95.7s)
Train loss: 0.0894 (95.7s)
2026-06-26 00:31:02,961 - INFO - Test instance 0.9145, class 0.8829
Test instance 0.9145, class 0.8829
2026-06-26 00:31:02,961 - INFO - Best instance 0.9242, class 0.8921 (epoch 111)
Best instance 0.9242, class 0.8921 (epoch 111)
2026-06-26 00:31:02,979 - INFO - Epoch 129/200:
Epoch 129/200:
2026-06-26 00:32:38,474 - INFO - Train loss: 0.0862 (95.5s)
Train loss: 0.0862 (95.5s)
2026-06-26 00:33:01,823 - INFO - Test instance 0.9177, class 0.8892
Test instance 0.9177, class 0.8892
2026-06-26 00:33:01,827 - INFO - Best instance 0.9242, class 0.8921 (epoch 111)
Best instance 0.9242, class 0.8921 (epoch 111)
2026-06-26 00:33:01,847 - INFO - Epoch 130/200:
Epoch 130/200:
2026-06-26 00:34:38,180 - INFO - Train loss: 0.0831 (96.3s)
Train loss: 0.0831 (96.3s)
2026-06-26 00:35:01,621 - INFO - Test instance 0.9165, class 0.8832
Test instance 0.9165, class 0.8832
2026-06-26 00:35:01,622 - INFO - Best instance 0.9242, class 0.8921 (epoch 111)
Best instance 0.9242, class 0.8921 (epoch 111)
2026-06-26 00:35:01,639 - INFO - Epoch 131/200:
Epoch 131/200:
2026-06-26 00:36:37,409 - INFO - Train loss: 0.0868 (95.8s)
Train loss: 0.0868 (95.8s)
2026-06-26 00:37:00,845 - INFO - Test instance 0.9137, class 0.8833
Test instance 0.9137, class 0.8833
2026-06-26 00:37:00,845 - INFO - Best instance 0.9242, class 0.8921 (epoch 111)
Best instance 0.9242, class 0.8921 (epoch 111)
2026-06-26 00:37:00,864 - INFO - Epoch 132/200:
Epoch 132/200:
2026-06-26 00:38:36,492 - INFO - Train loss: 0.0844 (95.6s)
Train loss: 0.0844 (95.6s)
2026-06-26 00:38:59,949 - INFO - Test instance 0.9186, class 0.8858
Test instance 0.9186, class 0.8858
2026-06-26 00:38:59,950 - INFO - Best instance 0.9242, class 0.8921 (epoch 111)
Best instance 0.9242, class 0.8921 (epoch 111)
2026-06-26 00:38:59,968 - INFO - Epoch 133/200:
Epoch 133/200:
2026-06-26 00:40:35,885 - INFO - Train loss: 0.0834 (95.9s)
Train loss: 0.0834 (95.9s)
2026-06-26 00:40:59,660 - INFO - Test instance 0.9202, class 0.8910
Test instance 0.9202, class 0.8910
2026-06-26 00:40:59,661 - INFO - Best instance 0.9242, class 0.8921 (epoch 111)
Best instance 0.9242, class 0.8921 (epoch 111)
2026-06-26 00:40:59,680 - INFO - Epoch 134/200:
Epoch 134/200:
2026-06-26 00:42:35,477 - INFO - Train loss: 0.0807 (95.8s)
Train loss: 0.0807 (95.8s)
2026-06-26 00:42:58,972 - INFO - Test instance 0.9153, class 0.8817
Test instance 0.9153, class 0.8817
2026-06-26 00:42:58,973 - INFO - Best instance 0.9242, class 0.8921 (epoch 111)
Best instance 0.9242, class 0.8921 (epoch 111)
2026-06-26 00:42:58,992 - INFO - Epoch 135/200:
Epoch 135/200:
2026-06-26 00:44:34,566 - INFO - Train loss: 0.0850 (95.6s)
Train loss: 0.0850 (95.6s)
2026-06-26 00:44:58,169 - INFO - Test instance 0.9173, class 0.8817
Test instance 0.9173, class 0.8817
2026-06-26 00:44:58,169 - INFO - Best instance 0.9242, class 0.8921 (epoch 111)
Best instance 0.9242, class 0.8921 (epoch 111)
2026-06-26 00:44:58,188 - INFO - Epoch 136/200:
Epoch 136/200:
2026-06-26 00:46:34,091 - INFO - Train loss: 0.0844 (95.9s)
Train loss: 0.0844 (95.9s)
2026-06-26 00:46:57,726 - INFO - Test instance 0.9145, class 0.8891
Test instance 0.9145, class 0.8891
2026-06-26 00:46:57,726 - INFO - Best instance 0.9242, class 0.8921 (epoch 111)
Best instance 0.9242, class 0.8921 (epoch 111)
2026-06-26 00:46:57,744 - INFO - Epoch 137/200:
Epoch 137/200:
2026-06-26 00:48:33,830 - INFO - Train loss: 0.0821 (96.1s)
Train loss: 0.0821 (96.1s)
2026-06-26 00:48:57,362 - INFO - Test instance 0.9117, class 0.8749
Test instance 0.9117, class 0.8749
2026-06-26 00:48:57,362 - INFO - Best instance 0.9242, class 0.8921 (epoch 111)
Best instance 0.9242, class 0.8921 (epoch 111)
2026-06-26 00:48:57,380 - INFO - Epoch 138/200:
Epoch 138/200:
2026-06-26 00:50:33,397 - INFO - Train loss: 0.0822 (96.0s)
Train loss: 0.0822 (96.0s)
2026-06-26 00:50:56,974 - INFO - Test instance 0.9161, class 0.8848
Test instance 0.9161, class 0.8848
2026-06-26 00:50:56,975 - INFO - Best instance 0.9242, class 0.8921 (epoch 111)
Best instance 0.9242, class 0.8921 (epoch 111)
2026-06-26 00:50:56,993 - INFO - Epoch 139/200:
Epoch 139/200:
2026-06-26 00:52:32,754 - INFO - Train loss: 0.0821 (95.8s)
Train loss: 0.0821 (95.8s)
2026-06-26 00:52:56,313 - INFO - Test instance 0.9190, class 0.8879
Test instance 0.9190, class 0.8879
2026-06-26 00:52:56,313 - INFO - Best instance 0.9242, class 0.8921 (epoch 111)
Best instance 0.9242, class 0.8921 (epoch 111)
2026-06-26 00:52:56,331 - INFO - Epoch 140/200:
Epoch 140/200:
2026-06-26 00:54:32,094 - INFO - Train loss: 0.0826 (95.8s)
Train loss: 0.0826 (95.8s)
2026-06-26 00:54:55,838 - INFO - Test instance 0.9141, class 0.8828
Test instance 0.9141, class 0.8828
2026-06-26 00:54:55,838 - INFO - Best instance 0.9242, class 0.8921 (epoch 111)
Best instance 0.9242, class 0.8921 (epoch 111)
2026-06-26 00:54:55,856 - INFO - Epoch 141/200:
Epoch 141/200:
2026-06-26 00:56:31,869 - INFO - Train loss: 0.0808 (96.0s)
Train loss: 0.0808 (96.0s)
2026-06-26 00:56:55,307 - INFO - Test instance 0.9190, class 0.8889
Test instance 0.9190, class 0.8889
2026-06-26 00:56:55,307 - INFO - Best instance 0.9242, class 0.8921 (epoch 111)
Best instance 0.9242, class 0.8921 (epoch 111)
2026-06-26 00:56:55,326 - INFO - Epoch 142/200:
Epoch 142/200:
2026-06-26 00:58:31,391 - INFO - Train loss: 0.0823 (96.1s)
Train loss: 0.0823 (96.1s)
2026-06-26 00:58:55,175 - INFO - Test instance 0.9202, class 0.8895
Test instance 0.9202, class 0.8895
2026-06-26 00:58:55,176 - INFO - Best instance 0.9242, class 0.8921 (epoch 111)
Best instance 0.9242, class 0.8921 (epoch 111)
2026-06-26 00:58:55,195 - INFO - Epoch 143/200:
Epoch 143/200:
2026-06-26 01:00:31,126 - INFO - Train loss: 0.0805 (95.9s)
Train loss: 0.0805 (95.9s)
2026-06-26 01:00:54,753 - INFO - Test instance 0.9169, class 0.8844
Test instance 0.9169, class 0.8844
2026-06-26 01:00:54,753 - INFO - Best instance 0.9242, class 0.8921 (epoch 111)
Best instance 0.9242, class 0.8921 (epoch 111)
2026-06-26 01:00:54,772 - INFO - Epoch 144/200:
Epoch 144/200:
2026-06-26 01:02:31,332 - INFO - Train loss: 0.0785 (96.6s)
Train loss: 0.0785 (96.6s)
2026-06-26 01:02:55,041 - INFO - Test instance 0.9182, class 0.8866
Test instance 0.9182, class 0.8866
2026-06-26 01:02:55,042 - INFO - Best instance 0.9242, class 0.8921 (epoch 111)
Best instance 0.9242, class 0.8921 (epoch 111)
2026-06-26 01:02:55,061 - INFO - Epoch 145/200:
Epoch 145/200:
2026-06-26 01:04:31,005 - INFO - Train loss: 0.0793 (95.9s)
Train loss: 0.0793 (95.9s)
2026-06-26 01:04:54,639 - INFO - Test instance 0.9214, class 0.8872
Test instance 0.9214, class 0.8872
2026-06-26 01:04:54,639 - INFO - Best instance 0.9242, class 0.8921 (epoch 111)
Best instance 0.9242, class 0.8921 (epoch 111)
2026-06-26 01:04:54,658 - INFO - Epoch 146/200:
Epoch 146/200:
2026-06-26 01:06:30,103 - INFO - Train loss: 0.0814 (95.4s)
Train loss: 0.0814 (95.4s)
2026-06-26 01:06:53,601 - INFO - Test instance 0.9177, class 0.8841
Test instance 0.9177, class 0.8841
2026-06-26 01:06:53,602 - INFO - Best instance 0.9242, class 0.8921 (epoch 111)
Best instance 0.9242, class 0.8921 (epoch 111)
2026-06-26 01:06:53,620 - INFO - Epoch 147/200:
Epoch 147/200:
2026-06-26 01:08:29,456 - INFO - Train loss: 0.0784 (95.8s)
Train loss: 0.0784 (95.8s)
2026-06-26 01:08:52,858 - INFO - Test instance 0.9129, class 0.8840
Test instance 0.9129, class 0.8840
2026-06-26 01:08:52,858 - INFO - Best instance 0.9242, class 0.8921 (epoch 111)
Best instance 0.9242, class 0.8921 (epoch 111)
2026-06-26 01:08:52,877 - INFO - Epoch 148/200:
Epoch 148/200:
2026-06-26 01:10:28,575 - INFO - Train loss: 0.0795 (95.7s)
Train loss: 0.0795 (95.7s)
2026-06-26 01:10:52,081 - INFO - Test instance 0.9210, class 0.8870
Test instance 0.9210, class 0.8870
2026-06-26 01:10:52,082 - INFO - Best instance 0.9242, class 0.8921 (epoch 111)
Best instance 0.9242, class 0.8921 (epoch 111)
2026-06-26 01:10:52,099 - INFO - Epoch 149/200:
Epoch 149/200:
2026-06-26 01:12:27,601 - INFO - Train loss: 0.0782 (95.5s)
Train loss: 0.0782 (95.5s)
2026-06-26 01:12:50,980 - INFO - Test instance 0.9161, class 0.8830
Test instance 0.9161, class 0.8830
2026-06-26 01:12:50,980 - INFO - Best instance 0.9242, class 0.8921 (epoch 111)
Best instance 0.9242, class 0.8921 (epoch 111)
2026-06-26 01:12:50,997 - INFO - Epoch 150/200:
Epoch 150/200:
2026-06-26 01:14:27,269 - INFO - Train loss: 0.0820 (96.3s)
Train loss: 0.0820 (96.3s)
2026-06-26 01:14:50,980 - INFO - Test instance 0.9218, class 0.8917
Test instance 0.9218, class 0.8917
2026-06-26 01:14:50,980 - INFO - Best instance 0.9242, class 0.8921 (epoch 111)
Best instance 0.9242, class 0.8921 (epoch 111)
2026-06-26 01:14:51,000 - INFO - Epoch 151/200:
Epoch 151/200:
2026-06-26 01:16:26,728 - INFO - Train loss: 0.0839 (95.7s)
Train loss: 0.0839 (95.7s)
2026-06-26 01:16:50,089 - INFO - Test instance 0.9222, class 0.8883
Test instance 0.9222, class 0.8883
2026-06-26 01:16:50,089 - INFO - Best instance 0.9242, class 0.8921 (epoch 111)
Best instance 0.9242, class 0.8921 (epoch 111)
2026-06-26 01:16:50,110 - INFO - Epoch 152/200:
Epoch 152/200:
2026-06-26 01:18:25,960 - INFO - Train loss: 0.0769 (95.8s)
Train loss: 0.0769 (95.8s)
2026-06-26 01:18:49,405 - INFO - Test instance 0.9145, class 0.8836
Test instance 0.9145, class 0.8836
2026-06-26 01:18:49,405 - INFO - Best instance 0.9242, class 0.8921 (epoch 111)
Best instance 0.9242, class 0.8921 (epoch 111)
2026-06-26 01:18:49,423 - INFO - Epoch 153/200:
Epoch 153/200:
2026-06-26 01:20:25,581 - INFO - Train loss: 0.0773 (96.2s)
Train loss: 0.0773 (96.2s)
2026-06-26 01:20:49,056 - INFO - Test instance 0.9177, class 0.8867
Test instance 0.9177, class 0.8867
2026-06-26 01:20:49,056 - INFO - Best instance 0.9242, class 0.8921 (epoch 111)
Best instance 0.9242, class 0.8921 (epoch 111)
2026-06-26 01:20:49,073 - INFO - Epoch 154/200:
Epoch 154/200:
2026-06-26 01:22:25,152 - INFO - Train loss: 0.0777 (96.1s)
Train loss: 0.0777 (96.1s)
2026-06-26 01:22:48,606 - INFO - Test instance 0.9125, class 0.8796
Test instance 0.9125, class 0.8796
2026-06-26 01:22:48,606 - INFO - Best instance 0.9242, class 0.8921 (epoch 111)
Best instance 0.9242, class 0.8921 (epoch 111)
2026-06-26 01:22:48,624 - INFO - Epoch 155/200:
Epoch 155/200:
2026-06-26 01:24:24,509 - INFO - Train loss: 0.0836 (95.9s)
Train loss: 0.0836 (95.9s)
2026-06-26 01:24:48,289 - INFO - Test instance 0.9157, class 0.8806
Test instance 0.9157, class 0.8806
2026-06-26 01:24:48,289 - INFO - Best instance 0.9242, class 0.8921 (epoch 111)
Best instance 0.9242, class 0.8921 (epoch 111)
2026-06-26 01:24:48,308 - INFO - Epoch 156/200:
Epoch 156/200:
2026-06-26 01:26:24,075 - INFO - Train loss: 0.0800 (95.8s)
Train loss: 0.0800 (95.8s)
2026-06-26 01:26:47,436 - INFO - Test instance 0.9177, class 0.8846
Test instance 0.9177, class 0.8846
2026-06-26 01:26:47,437 - INFO - Best instance 0.9242, class 0.8921 (epoch 111)
Best instance 0.9242, class 0.8921 (epoch 111)
2026-06-26 01:26:47,455 - INFO - Epoch 157/200:
Epoch 157/200:
2026-06-26 01:28:23,327 - INFO - Train loss: 0.0783 (95.9s)
Train loss: 0.0783 (95.9s)
2026-06-26 01:28:46,839 - INFO - Test instance 0.9182, class 0.8864
Test instance 0.9182, class 0.8864
2026-06-26 01:28:46,839 - INFO - Best instance 0.9242, class 0.8921 (epoch 111)
Best instance 0.9242, class 0.8921 (epoch 111)
2026-06-26 01:28:46,857 - INFO - Epoch 158/200:
Epoch 158/200:
2026-06-26 01:30:22,614 - INFO - Train loss: 0.0782 (95.8s)
Train loss: 0.0782 (95.8s)
2026-06-26 01:30:46,123 - INFO - Test instance 0.9153, class 0.8835
Test instance 0.9153, class 0.8835
2026-06-26 01:30:46,142 - INFO - Best instance 0.9242, class 0.8921 (epoch 111)
Best instance 0.9242, class 0.8921 (epoch 111)
2026-06-26 01:30:46,166 - INFO - Epoch 159/200:
Epoch 159/200:
2026-06-26 01:32:22,040 - INFO - Train loss: 0.0753 (95.9s)
Train loss: 0.0753 (95.9s)
2026-06-26 01:32:45,587 - INFO - Test instance 0.9157, class 0.8875
Test instance 0.9157, class 0.8875
2026-06-26 01:32:45,587 - INFO - Best instance 0.9242, class 0.8921 (epoch 111)
Best instance 0.9242, class 0.8921 (epoch 111)
2026-06-26 01:32:45,605 - INFO - Epoch 160/200:
Epoch 160/200:
2026-06-26 01:34:21,601 - INFO - Train loss: 0.0793 (96.0s)
Train loss: 0.0793 (96.0s)
2026-06-26 01:34:45,064 - INFO - Test instance 0.9157, class 0.8834
Test instance 0.9157, class 0.8834
2026-06-26 01:34:45,064 - INFO - Best instance 0.9242, class 0.8921 (epoch 111)
Best instance 0.9242, class 0.8921 (epoch 111)
2026-06-26 01:34:45,083 - INFO - Epoch 161/200:
Epoch 161/200:
2026-06-26 01:36:20,755 - INFO - Train loss: 0.0776 (95.7s)
Train loss: 0.0776 (95.7s)
2026-06-26 01:36:44,420 - INFO - Test instance 0.9177, class 0.8838
Test instance 0.9177, class 0.8838
2026-06-26 01:36:44,420 - INFO - Best instance 0.9242, class 0.8921 (epoch 111)
Best instance 0.9242, class 0.8921 (epoch 111)
2026-06-26 01:36:44,439 - INFO - Epoch 162/200:
Epoch 162/200:
2026-06-26 01:38:20,407 - INFO - Train loss: 0.0725 (96.0s)
Train loss: 0.0725 (96.0s)
2026-06-26 01:38:43,857 - INFO - Test instance 0.9190, class 0.8848
Test instance 0.9190, class 0.8848
2026-06-26 01:38:43,857 - INFO - Best instance 0.9242, class 0.8921 (epoch 111)
Best instance 0.9242, class 0.8921 (epoch 111)
2026-06-26 01:38:43,876 - INFO - Epoch 163/200:
Epoch 163/200:
2026-06-26 01:40:19,757 - INFO - Train loss: 0.0764 (95.9s)
Train loss: 0.0764 (95.9s)
2026-06-26 01:40:43,335 - INFO - Test instance 0.9194, class 0.8888
Test instance 0.9194, class 0.8888
2026-06-26 01:40:43,335 - INFO - Best instance 0.9242, class 0.8921 (epoch 111)
Best instance 0.9242, class 0.8921 (epoch 111)
2026-06-26 01:40:43,354 - INFO - Epoch 164/200:
Epoch 164/200:
2026-06-26 01:42:19,266 - INFO - Train loss: 0.0750 (95.9s)
Train loss: 0.0750 (95.9s)
2026-06-26 01:42:42,647 - INFO - Test instance 0.9194, class 0.8878
Test instance 0.9194, class 0.8878
2026-06-26 01:42:42,648 - INFO - Best instance 0.9242, class 0.8921 (epoch 111)
Best instance 0.9242, class 0.8921 (epoch 111)
2026-06-26 01:42:42,666 - INFO - Epoch 165/200:
Epoch 165/200:
2026-06-26 01:44:18,497 - INFO - Train loss: 0.0752 (95.8s)
Train loss: 0.0752 (95.8s)
2026-06-26 01:44:42,129 - INFO - Test instance 0.9198, class 0.8874
Test instance 0.9198, class 0.8874
2026-06-26 01:44:42,130 - INFO - Best instance 0.9242, class 0.8921 (epoch 111)
Best instance 0.9242, class 0.8921 (epoch 111)
2026-06-26 01:44:42,148 - INFO - Epoch 166/200:
Epoch 166/200:
2026-06-26 01:46:17,742 - INFO - Train loss: 0.0772 (95.6s)
Train loss: 0.0772 (95.6s)
2026-06-26 01:46:41,197 - INFO - Test instance 0.9202, class 0.8895
Test instance 0.9202, class 0.8895
2026-06-26 01:46:41,198 - INFO - Best instance 0.9242, class 0.8921 (epoch 111)
Best instance 0.9242, class 0.8921 (epoch 111)
2026-06-26 01:46:41,217 - INFO - Epoch 167/200:
Epoch 167/200:
2026-06-26 01:48:16,808 - INFO - Train loss: 0.0745 (95.6s)
Train loss: 0.0745 (95.6s)
2026-06-26 01:48:40,304 - INFO - Test instance 0.9214, class 0.8905
Test instance 0.9214, class 0.8905
2026-06-26 01:48:40,304 - INFO - Best instance 0.9242, class 0.8921 (epoch 111)
Best instance 0.9242, class 0.8921 (epoch 111)
2026-06-26 01:48:40,322 - INFO - Epoch 168/200:
Epoch 168/200:
2026-06-26 01:50:16,162 - INFO - Train loss: 0.0726 (95.8s)
Train loss: 0.0726 (95.8s)
2026-06-26 01:50:39,641 - INFO - Test instance 0.9210, class 0.8882
Test instance 0.9210, class 0.8882
2026-06-26 01:50:39,641 - INFO - Best instance 0.9242, class 0.8921 (epoch 111)
Best instance 0.9242, class 0.8921 (epoch 111)
2026-06-26 01:50:39,660 - INFO - Epoch 169/200:
Epoch 169/200:
2026-06-26 01:52:16,055 - INFO - Train loss: 0.0750 (96.4s)
Train loss: 0.0750 (96.4s)
2026-06-26 01:52:39,585 - INFO - Test instance 0.9153, class 0.8833
Test instance 0.9153, class 0.8833
2026-06-26 01:52:39,586 - INFO - Best instance 0.9242, class 0.8921 (epoch 111)
Best instance 0.9242, class 0.8921 (epoch 111)
2026-06-26 01:52:39,605 - INFO - Epoch 170/200:
Epoch 170/200:
2026-06-26 01:54:15,241 - INFO - Train loss: 0.0729 (95.6s)
Train loss: 0.0729 (95.6s)
2026-06-26 01:54:38,633 - INFO - Test instance 0.9182, class 0.8862
Test instance 0.9182, class 0.8862
2026-06-26 01:54:38,633 - INFO - Best instance 0.9242, class 0.8921 (epoch 111)
Best instance 0.9242, class 0.8921 (epoch 111)
2026-06-26 01:54:38,652 - INFO - Epoch 171/200:
Epoch 171/200:
2026-06-26 01:56:14,641 - INFO - Train loss: 0.0732 (96.0s)
Train loss: 0.0732 (96.0s)
2026-06-26 01:56:38,061 - INFO - Test instance 0.9173, class 0.8857
Test instance 0.9173, class 0.8857
2026-06-26 01:56:38,061 - INFO - Best instance 0.9242, class 0.8921 (epoch 111)
Best instance 0.9242, class 0.8921 (epoch 111)
2026-06-26 01:56:38,079 - INFO - Epoch 172/200:
Epoch 172/200:
2026-06-26 01:58:14,019 - INFO - Train loss: 0.0721 (95.9s)
Train loss: 0.0721 (95.9s)
2026-06-26 01:58:37,587 - INFO - Test instance 0.9173, class 0.8856
Test instance 0.9173, class 0.8856
2026-06-26 01:58:37,587 - INFO - Best instance 0.9242, class 0.8921 (epoch 111)
Best instance 0.9242, class 0.8921 (epoch 111)
2026-06-26 01:58:37,606 - INFO - Epoch 173/200:
Epoch 173/200:
2026-06-26 02:00:13,150 - INFO - Train loss: 0.0708 (95.5s)
Train loss: 0.0708 (95.5s)
2026-06-26 02:00:36,827 - INFO - Test instance 0.9222, class 0.8898
Test instance 0.9222, class 0.8898
2026-06-26 02:00:36,828 - INFO - Best instance 0.9242, class 0.8921 (epoch 111)
Best instance 0.9242, class 0.8921 (epoch 111)
2026-06-26 02:00:36,845 - INFO - Epoch 174/200:
Epoch 174/200:
2026-06-26 02:02:12,478 - INFO - Train loss: 0.0726 (95.6s)
Train loss: 0.0726 (95.6s)
2026-06-26 02:02:36,056 - INFO - Test instance 0.9149, class 0.8858
Test instance 0.9149, class 0.8858
2026-06-26 02:02:36,056 - INFO - Best instance 0.9242, class 0.8921 (epoch 111)
Best instance 0.9242, class 0.8921 (epoch 111)
2026-06-26 02:02:36,075 - INFO - Epoch 175/200:
Epoch 175/200:
2026-06-26 02:04:12,577 - INFO - Train loss: 0.0721 (96.5s)
Train loss: 0.0721 (96.5s)
2026-06-26 02:04:36,106 - INFO - Test instance 0.9226, class 0.8914
Test instance 0.9226, class 0.8914
2026-06-26 02:04:36,106 - INFO - Best instance 0.9242, class 0.8921 (epoch 111)
Best instance 0.9242, class 0.8921 (epoch 111)
2026-06-26 02:04:36,125 - INFO - Epoch 176/200:
Epoch 176/200:
2026-06-26 02:06:11,997 - INFO - Train loss: 0.0749 (95.9s)
Train loss: 0.0749 (95.9s)
2026-06-26 02:06:35,519 - INFO - Test instance 0.9190, class 0.8869
Test instance 0.9190, class 0.8869
2026-06-26 02:06:35,520 - INFO - Best instance 0.9242, class 0.8921 (epoch 111)
Best instance 0.9242, class 0.8921 (epoch 111)
2026-06-26 02:06:35,540 - INFO - Epoch 177/200:
Epoch 177/200:
2026-06-26 02:08:11,510 - INFO - Train loss: 0.0732 (96.0s)
Train loss: 0.0732 (96.0s)
2026-06-26 02:08:34,958 - INFO - Test instance 0.9182, class 0.8855
Test instance 0.9182, class 0.8855
2026-06-26 02:08:34,958 - INFO - Best instance 0.9242, class 0.8921 (epoch 111)
Best instance 0.9242, class 0.8921 (epoch 111)
2026-06-26 02:08:34,977 - INFO - Epoch 178/200:
Epoch 178/200:
2026-06-26 02:10:10,803 - INFO - Train loss: 0.0758 (95.8s)
Train loss: 0.0758 (95.8s)
2026-06-26 02:10:34,276 - INFO - Test instance 0.9145, class 0.8836
Test instance 0.9145, class 0.8836
2026-06-26 02:10:34,276 - INFO - Best instance 0.9242, class 0.8921 (epoch 111)
Best instance 0.9242, class 0.8921 (epoch 111)
2026-06-26 02:10:34,315 - INFO - Epoch 179/200:
Epoch 179/200:
2026-06-26 02:12:10,293 - INFO - Train loss: 0.0694 (96.0s)
Train loss: 0.0694 (96.0s)
2026-06-26 02:12:33,705 - INFO - Test instance 0.9157, class 0.8866
Test instance 0.9157, class 0.8866
2026-06-26 02:12:33,705 - INFO - Best instance 0.9242, class 0.8921 (epoch 111)
Best instance 0.9242, class 0.8921 (epoch 111)
2026-06-26 02:12:33,724 - INFO - Epoch 180/200:
Epoch 180/200:
2026-06-26 02:14:09,598 - INFO - Train loss: 0.0727 (95.9s)
Train loss: 0.0727 (95.9s)
2026-06-26 02:14:32,974 - INFO - Test instance 0.9153, class 0.8826
Test instance 0.9153, class 0.8826
2026-06-26 02:14:32,975 - INFO - Best instance 0.9242, class 0.8921 (epoch 111)
Best instance 0.9242, class 0.8921 (epoch 111)
2026-06-26 02:14:32,993 - INFO - Epoch 181/200:
Epoch 181/200:
2026-06-26 02:16:08,582 - INFO - Train loss: 0.0692 (95.6s)
Train loss: 0.0692 (95.6s)
2026-06-26 02:16:32,077 - INFO - Test instance 0.9186, class 0.8874
Test instance 0.9186, class 0.8874
2026-06-26 02:16:32,077 - INFO - Best instance 0.9242, class 0.8921 (epoch 111)
Best instance 0.9242, class 0.8921 (epoch 111)
2026-06-26 02:16:32,097 - INFO - Epoch 182/200:
Epoch 182/200:
2026-06-26 02:18:07,880 - INFO - Train loss: 0.0696 (95.8s)
Train loss: 0.0696 (95.8s)
2026-06-26 02:18:31,460 - INFO - Test instance 0.9169, class 0.8863
Test instance 0.9169, class 0.8863
2026-06-26 02:18:31,460 - INFO - Best instance 0.9242, class 0.8921 (epoch 111)
Best instance 0.9242, class 0.8921 (epoch 111)
2026-06-26 02:18:31,480 - INFO - Epoch 183/200:
Epoch 183/200:
2026-06-26 02:20:07,194 - INFO - Train loss: 0.0691 (95.7s)
Train loss: 0.0691 (95.7s)
2026-06-26 02:20:31,151 - INFO - Test instance 0.9157, class 0.8814
Test instance 0.9157, class 0.8814
2026-06-26 02:20:31,151 - INFO - Best instance 0.9242, class 0.8921 (epoch 111)
Best instance 0.9242, class 0.8921 (epoch 111)
2026-06-26 02:20:31,170 - INFO - Epoch 184/200:
Epoch 184/200:
2026-06-26 02:22:07,213 - INFO - Train loss: 0.0707 (96.0s)
Train loss: 0.0707 (96.0s)
2026-06-26 02:22:30,730 - INFO - Test instance 0.9141, class 0.8804
Test instance 0.9141, class 0.8804
2026-06-26 02:22:30,730 - INFO - Best instance 0.9242, class 0.8921 (epoch 111)
Best instance 0.9242, class 0.8921 (epoch 111)
2026-06-26 02:22:30,748 - INFO - Epoch 185/200:
Epoch 185/200:
2026-06-26 02:24:06,295 - INFO - Train loss: 0.0732 (95.5s)
Train loss: 0.0732 (95.5s)
2026-06-26 02:24:29,629 - INFO - Test instance 0.9153, class 0.8817
Test instance 0.9153, class 0.8817
2026-06-26 02:24:29,630 - INFO - Best instance 0.9242, class 0.8921 (epoch 111)
Best instance 0.9242, class 0.8921 (epoch 111)
2026-06-26 02:24:29,648 - INFO - Epoch 186/200:
Epoch 186/200:
2026-06-26 02:26:05,713 - INFO - Train loss: 0.0708 (96.1s)
Train loss: 0.0708 (96.1s)
2026-06-26 02:26:29,034 - INFO - Test instance 0.9157, class 0.8847
Test instance 0.9157, class 0.8847
2026-06-26 02:26:29,034 - INFO - Best instance 0.9242, class 0.8921 (epoch 111)
Best instance 0.9242, class 0.8921 (epoch 111)
2026-06-26 02:26:29,053 - INFO - Epoch 187/200:
Epoch 187/200:
2026-06-26 02:28:05,144 - INFO - Train loss: 0.0712 (96.1s)
Train loss: 0.0712 (96.1s)
2026-06-26 02:28:28,582 - INFO - Test instance 0.9173, class 0.8840
Test instance 0.9173, class 0.8840
2026-06-26 02:28:28,583 - INFO - Best instance 0.9242, class 0.8921 (epoch 111)
Best instance 0.9242, class 0.8921 (epoch 111)
2026-06-26 02:28:28,601 - INFO - Epoch 188/200:
Epoch 188/200:
2026-06-26 02:30:04,183 - INFO - Train loss: 0.0716 (95.6s)
Train loss: 0.0716 (95.6s)
2026-06-26 02:30:27,675 - INFO - Test instance 0.9165, class 0.8852
Test instance 0.9165, class 0.8852
2026-06-26 02:30:27,675 - INFO - Best instance 0.9242, class 0.8921 (epoch 111)
Best instance 0.9242, class 0.8921 (epoch 111)
2026-06-26 02:30:27,694 - INFO - Epoch 189/200:
Epoch 189/200:
2026-06-26 02:32:04,243 - INFO - Train loss: 0.0694 (96.5s)
Train loss: 0.0694 (96.5s)
2026-06-26 02:32:27,773 - INFO - Test instance 0.9206, class 0.8890
Test instance 0.9206, class 0.8890
2026-06-26 02:32:27,773 - INFO - Best instance 0.9242, class 0.8921 (epoch 111)
Best instance 0.9242, class 0.8921 (epoch 111)
2026-06-26 02:32:27,793 - INFO - Epoch 190/200:
Epoch 190/200:
2026-06-26 02:34:02,395 - INFO - Train loss: 0.0662 (94.6s)
Train loss: 0.0662 (94.6s)
2026-06-26 02:34:25,490 - INFO - Test instance 0.9161, class 0.8809
Test instance 0.9161, class 0.8809
2026-06-26 02:34:25,491 - INFO - Best instance 0.9242, class 0.8921 (epoch 111)
Best instance 0.9242, class 0.8921 (epoch 111)
2026-06-26 02:34:25,517 - INFO - Epoch 191/200:
Epoch 191/200:
2026-06-26 02:35:59,691 - INFO - Train loss: 0.0703 (94.2s)
Train loss: 0.0703 (94.2s)
2026-06-26 02:36:22,874 - INFO - Test instance 0.9194, class 0.8897
Test instance 0.9194, class 0.8897
2026-06-26 02:36:22,874 - INFO - Best instance 0.9242, class 0.8921 (epoch 111)
Best instance 0.9242, class 0.8921 (epoch 111)
2026-06-26 02:36:22,894 - INFO - Epoch 192/200:
Epoch 192/200:
2026-06-26 02:37:57,011 - INFO - Train loss: 0.0704 (94.1s)
Train loss: 0.0704 (94.1s)
2026-06-26 02:38:20,120 - INFO - Test instance 0.9177, class 0.8859
Test instance 0.9177, class 0.8859
2026-06-26 02:38:20,120 - INFO - Best instance 0.9242, class 0.8921 (epoch 111)
Best instance 0.9242, class 0.8921 (epoch 111)
2026-06-26 02:38:20,139 - INFO - Epoch 193/200:
Epoch 193/200:
2026-06-26 02:39:53,946 - INFO - Train loss: 0.0686 (93.8s)
Train loss: 0.0686 (93.8s)
2026-06-26 02:40:17,128 - INFO - Test instance 0.9165, class 0.8810
Test instance 0.9165, class 0.8810
2026-06-26 02:40:17,128 - INFO - Best instance 0.9242, class 0.8921 (epoch 111)
Best instance 0.9242, class 0.8921 (epoch 111)
2026-06-26 02:40:17,147 - INFO - Epoch 194/200:
Epoch 194/200:
2026-06-26 02:41:51,347 - INFO - Train loss: 0.0684 (94.2s)
Train loss: 0.0684 (94.2s)
2026-06-26 02:42:14,489 - INFO - Test instance 0.9137, class 0.8832
Test instance 0.9137, class 0.8832
2026-06-26 02:42:14,490 - INFO - Best instance 0.9242, class 0.8921 (epoch 111)
Best instance 0.9242, class 0.8921 (epoch 111)
2026-06-26 02:42:14,507 - INFO - Epoch 195/200:
Epoch 195/200:
2026-06-26 02:43:48,683 - INFO - Train loss: 0.0734 (94.2s)
Train loss: 0.0734 (94.2s)
2026-06-26 02:44:11,747 - INFO - Test instance 0.9186, class 0.8863
Test instance 0.9186, class 0.8863
2026-06-26 02:44:11,747 - INFO - Best instance 0.9242, class 0.8921 (epoch 111)
Best instance 0.9242, class 0.8921 (epoch 111)
2026-06-26 02:44:11,766 - INFO - Epoch 196/200:
Epoch 196/200:
2026-06-26 02:45:45,779 - INFO - Train loss: 0.0726 (94.0s)
Train loss: 0.0726 (94.0s)
2026-06-26 02:46:09,190 - INFO - Test instance 0.9153, class 0.8805
Test instance 0.9153, class 0.8805
2026-06-26 02:46:09,190 - INFO - Best instance 0.9242, class 0.8921 (epoch 111)
Best instance 0.9242, class 0.8921 (epoch 111)
2026-06-26 02:46:09,208 - INFO - Epoch 197/200:
Epoch 197/200:
2026-06-26 02:47:43,362 - INFO - Train loss: 0.0705 (94.2s)
Train loss: 0.0705 (94.2s)
2026-06-26 02:48:06,481 - INFO - Test instance 0.9214, class 0.8901
Test instance 0.9214, class 0.8901
2026-06-26 02:48:06,482 - INFO - Best instance 0.9242, class 0.8921 (epoch 111)
Best instance 0.9242, class 0.8921 (epoch 111)
2026-06-26 02:48:06,499 - INFO - Epoch 198/200:
Epoch 198/200:
2026-06-26 02:49:40,144 - INFO - Train loss: 0.0714 (93.6s)
Train loss: 0.0714 (93.6s)
2026-06-26 02:50:03,122 - INFO - Test instance 0.9165, class 0.8934
Test instance 0.9165, class 0.8934
2026-06-26 02:50:03,123 - INFO - Best instance 0.9242, class 0.8921 (epoch 111)
Best instance 0.9242, class 0.8921 (epoch 111)
2026-06-26 02:50:03,139 - INFO - Epoch 199/200:
Epoch 199/200:
2026-06-26 02:51:37,463 - INFO - Train loss: 0.0721 (94.3s)
Train loss: 0.0721 (94.3s)
2026-06-26 02:52:00,615 - INFO - Test instance 0.9105, class 0.8814
Test instance 0.9105, class 0.8814
2026-06-26 02:52:00,615 - INFO - Best instance 0.9242, class 0.8921 (epoch 111)
Best instance 0.9242, class 0.8921 (epoch 111)
2026-06-26 02:52:00,634 - INFO - Epoch 200/200:
Epoch 200/200:
2026-06-26 02:53:34,745 - INFO - Train loss: 0.0687 (94.1s)
Train loss: 0.0687 (94.1s)
2026-06-26 02:53:57,800 - INFO - Test instance 0.9186, class 0.8913
Test instance 0.9186, class 0.8913
2026-06-26 02:53:57,800 - INFO - Best instance 0.9242, class 0.8921 (epoch 111)
Best instance 0.9242, class 0.8921 (epoch 111)
2026-06-26 02:54:38,092 - INFO - Student 1.44 MB, 121.83 ms
Student 1.44 MB, 121.83 ms
