[Wed Jun 24 17:46:48 EDT 2026] task 122 on GPU 0: python flkd/advanced_kd_train_classification.py --teacher_model pointnet2_cls_ssg --student_model small_pointnet2 --kd_strategy vanilla --dataset craniosynostosis --seed 7 --batch_size 24 --epoch 200 --num_point 1024 --teacher_path "outputs/craniosynostosis/flkd/federated/classification/fl_pointnet2_cls_ssg_fedavgm_s7/checkpoints/best_model.pth" --log_dir kd_pointnet2_cls_ssg_fedavgm+vanilla_small_pointnet2_s7  --data_root data --output_root outputs --num_workers -1 --max_runtime_hours 166.0
Loaded teacher from outputs/craniosynostosis/flkd/federated/classification/fl_pointnet2_cls_ssg_fedavgm_s7/checkpoints/best_model.pth
2026-06-24 17:50:45,943 - INFO - PARAMETER ...
2026-06-24 17:50:45,944 - INFO - {'use_cpu': False, 'no_amp': False, 'gpu': '0', 'num_workers': -1, 'batch_size': 24, 'teacher_model': 'pointnet2_cls_ssg', 'student_model': 'small_pointnet2', 'num_category': 4, 'dataset': 'craniosynostosis', 'data_root': 'data', 'output_root': 'outputs', 'train_split': 0.8, 'dataset_seed': 0, 'cache_dataset': True, 'min_class_samples': 1, 'epoch': 200, 'learning_rate': 0.001, 'num_point': 1024, 'optimizer': 'Adam', 'log_dir': 'kd_pointnet2_cls_ssg_fedavgm+vanilla_small_pointnet2_s7', 'decay_rate': 0.0001, 'use_normals': False, 'process_data': False, 'use_uniform_sample': False, 'resume': True, 'kd_strategy': 'vanilla', 'alpha': 0.5, 'temperature': 2.0, 'beta': 0.5, 'dkd_alpha': 1.0, 'dkd_beta': 8.0, 'crd_temperature': 0.07, 'teacher_path': 'outputs/craniosynostosis/flkd/federated/classification/fl_pointnet2_cls_ssg_fedavgm_s7/checkpoints/best_model.pth', 'teacher_paths': None, 'teacher_weights': None, 'use_hard_labels': 'on', 'unlabeled': False, 'temperature_sweep': None, 'seed': 7, 'max_runtime_hours': 166.0}
2026-06-24 17:50:45,945 - INFO - KD=vanilla student=small_pointnet2 AMP=False use_hard=True unlabeled=False T=2.0
KD=vanilla student=small_pointnet2 AMP=False use_hard=True unlabeled=False T=2.0
2026-06-24 17:50:45,956 - INFO - Epoch 1/200:
Epoch 1/200:
2026-06-24 17:50:51,089 - INFO - Train loss: 0.7948 (5.1s)
Train loss: 0.7948 (5.1s)
2026-06-24 17:50:51,717 - INFO - Test instance 0.2500, class 0.2500
Test instance 0.2500, class 0.2500
2026-06-24 17:50:51,738 - INFO - Best instance 0.2500, class 0.2500 (epoch 1)
Best instance 0.2500, class 0.2500 (epoch 1)
2026-06-24 17:50:51,755 - INFO - Epoch 2/200:
Epoch 2/200:
2026-06-24 17:50:54,390 - INFO - Train loss: 0.7542 (2.6s)
Train loss: 0.7542 (2.6s)
2026-06-24 17:50:54,649 - INFO - Test instance 0.2500, class 0.2500
Test instance 0.2500, class 0.2500
2026-06-24 17:50:54,650 - INFO - Best instance 0.2500, class 0.2500 (epoch 1)
Best instance 0.2500, class 0.2500 (epoch 1)
2026-06-24 17:50:54,668 - INFO - Epoch 3/200:
Epoch 3/200:
2026-06-24 17:50:57,281 - INFO - Train loss: 0.7531 (2.6s)
Train loss: 0.7531 (2.6s)
2026-06-24 17:50:57,535 - INFO - Test instance 0.2500, class 0.2500
Test instance 0.2500, class 0.2500
2026-06-24 17:50:57,536 - INFO - Best instance 0.2500, class 0.2500 (epoch 1)
Best instance 0.2500, class 0.2500 (epoch 1)
2026-06-24 17:50:57,554 - INFO - Epoch 4/200:
Epoch 4/200:
2026-06-24 17:51:00,177 - INFO - Train loss: 0.7303 (2.6s)
Train loss: 0.7303 (2.6s)
2026-06-24 17:51:00,432 - INFO - Test instance 0.3500, class 0.3500
Test instance 0.3500, class 0.3500
2026-06-24 17:51:00,450 - INFO - Best instance 0.3500, class 0.3500 (epoch 4)
Best instance 0.3500, class 0.3500 (epoch 4)
2026-06-24 17:51:00,468 - INFO - Epoch 5/200:
Epoch 5/200:
2026-06-24 17:51:03,137 - INFO - Train loss: 0.7163 (2.7s)
Train loss: 0.7163 (2.7s)
2026-06-24 17:51:03,392 - INFO - Test instance 0.2625, class 0.2625
Test instance 0.2625, class 0.2625
2026-06-24 17:51:03,393 - INFO - Best instance 0.3500, class 0.3500 (epoch 4)
Best instance 0.3500, class 0.3500 (epoch 4)
2026-06-24 17:51:03,411 - INFO - Epoch 6/200:
Epoch 6/200:
2026-06-24 17:51:06,026 - INFO - Train loss: 0.7206 (2.6s)
Train loss: 0.7206 (2.6s)
2026-06-24 17:51:06,277 - INFO - Test instance 0.3875, class 0.3875
Test instance 0.3875, class 0.3875
2026-06-24 17:51:06,293 - INFO - Best instance 0.3875, class 0.3875 (epoch 6)
Best instance 0.3875, class 0.3875 (epoch 6)
2026-06-24 17:51:06,310 - INFO - Epoch 7/200:
Epoch 7/200:
2026-06-24 17:51:08,942 - INFO - Train loss: 0.7026 (2.6s)
Train loss: 0.7026 (2.6s)
2026-06-24 17:51:09,195 - INFO - Test instance 0.3375, class 0.3375
Test instance 0.3375, class 0.3375
2026-06-24 17:51:09,199 - INFO - Best instance 0.3875, class 0.3875 (epoch 6)
Best instance 0.3875, class 0.3875 (epoch 6)
2026-06-24 17:51:09,215 - INFO - Epoch 8/200:
Epoch 8/200:
2026-06-24 17:51:11,833 - INFO - Train loss: 0.6795 (2.6s)
Train loss: 0.6795 (2.6s)
2026-06-24 17:51:12,096 - INFO - Test instance 0.3375, class 0.3375
Test instance 0.3375, class 0.3375
2026-06-24 17:51:12,096 - INFO - Best instance 0.3875, class 0.3875 (epoch 6)
Best instance 0.3875, class 0.3875 (epoch 6)
2026-06-24 17:51:12,113 - INFO - Epoch 9/200:
Epoch 9/200:
2026-06-24 17:51:14,726 - INFO - Train loss: 0.6766 (2.6s)
Train loss: 0.6766 (2.6s)
2026-06-24 17:51:14,988 - INFO - Test instance 0.2750, class 0.2750
Test instance 0.2750, class 0.2750
2026-06-24 17:51:14,989 - INFO - Best instance 0.3875, class 0.3875 (epoch 6)
Best instance 0.3875, class 0.3875 (epoch 6)
2026-06-24 17:51:15,007 - INFO - Epoch 10/200:
Epoch 10/200:
2026-06-24 17:51:17,663 - INFO - Train loss: 0.6705 (2.7s)
Train loss: 0.6705 (2.7s)
2026-06-24 17:51:17,917 - INFO - Test instance 0.2625, class 0.2625
Test instance 0.2625, class 0.2625
2026-06-24 17:51:17,918 - INFO - Best instance 0.3875, class 0.3875 (epoch 6)
Best instance 0.3875, class 0.3875 (epoch 6)
2026-06-24 17:51:17,936 - INFO - Epoch 11/200:
Epoch 11/200:
2026-06-24 17:51:20,558 - INFO - Train loss: 0.6858 (2.6s)
Train loss: 0.6858 (2.6s)
2026-06-24 17:51:20,816 - INFO - Test instance 0.4375, class 0.4375
Test instance 0.4375, class 0.4375
2026-06-24 17:51:20,834 - INFO - Best instance 0.4375, class 0.4375 (epoch 11)
Best instance 0.4375, class 0.4375 (epoch 11)
2026-06-24 17:51:20,851 - INFO - Epoch 12/200:
Epoch 12/200:
2026-06-24 17:51:23,496 - INFO - Train loss: 0.6485 (2.6s)
Train loss: 0.6485 (2.6s)
2026-06-24 17:51:23,757 - INFO - Test instance 0.4250, class 0.4250
Test instance 0.4250, class 0.4250
2026-06-24 17:51:23,757 - INFO - Best instance 0.4375, class 0.4375 (epoch 11)
Best instance 0.4375, class 0.4375 (epoch 11)
2026-06-24 17:51:23,781 - INFO - Epoch 13/200:
Epoch 13/200:
2026-06-24 17:51:26,428 - INFO - Train loss: 0.6518 (2.6s)
Train loss: 0.6518 (2.6s)
2026-06-24 17:51:26,679 - INFO - Test instance 0.3125, class 0.3125
Test instance 0.3125, class 0.3125
2026-06-24 17:51:26,680 - INFO - Best instance 0.4375, class 0.4375 (epoch 11)
Best instance 0.4375, class 0.4375 (epoch 11)
2026-06-24 17:51:26,705 - INFO - Epoch 14/200:
Epoch 14/200:
2026-06-24 17:51:29,338 - INFO - Train loss: 0.6359 (2.6s)
Train loss: 0.6359 (2.6s)
2026-06-24 17:51:29,592 - INFO - Test instance 0.3500, class 0.3500
Test instance 0.3500, class 0.3500
2026-06-24 17:51:29,593 - INFO - Best instance 0.4375, class 0.4375 (epoch 11)
Best instance 0.4375, class 0.4375 (epoch 11)
2026-06-24 17:51:29,610 - INFO - Epoch 15/200:
Epoch 15/200:
2026-06-24 17:51:32,246 - INFO - Train loss: 0.6335 (2.6s)
Train loss: 0.6335 (2.6s)
2026-06-24 17:51:32,495 - INFO - Test instance 0.5125, class 0.5125
Test instance 0.5125, class 0.5125
2026-06-24 17:51:32,513 - INFO - Best instance 0.5125, class 0.5125 (epoch 15)
Best instance 0.5125, class 0.5125 (epoch 15)
2026-06-24 17:51:32,530 - INFO - Epoch 16/200:
Epoch 16/200:
2026-06-24 17:51:35,146 - INFO - Train loss: 0.6084 (2.6s)
Train loss: 0.6084 (2.6s)
2026-06-24 17:51:35,407 - INFO - Test instance 0.2625, class 0.2625
Test instance 0.2625, class 0.2625
2026-06-24 17:51:35,407 - INFO - Best instance 0.5125, class 0.5125 (epoch 15)
Best instance 0.5125, class 0.5125 (epoch 15)
2026-06-24 17:51:35,426 - INFO - Epoch 17/200:
Epoch 17/200:
2026-06-24 17:51:38,061 - INFO - Train loss: 0.6161 (2.6s)
Train loss: 0.6161 (2.6s)
2026-06-24 17:51:38,313 - INFO - Test instance 0.4375, class 0.4375
Test instance 0.4375, class 0.4375
2026-06-24 17:51:38,313 - INFO - Best instance 0.5125, class 0.5125 (epoch 15)
Best instance 0.5125, class 0.5125 (epoch 15)
2026-06-24 17:51:38,330 - INFO - Epoch 18/200:
Epoch 18/200:
2026-06-24 17:51:40,961 - INFO - Train loss: 0.6102 (2.6s)
Train loss: 0.6102 (2.6s)
2026-06-24 17:51:41,207 - INFO - Test instance 0.5250, class 0.5250
Test instance 0.5250, class 0.5250
2026-06-24 17:51:41,224 - INFO - Best instance 0.5250, class 0.5250 (epoch 18)
Best instance 0.5250, class 0.5250 (epoch 18)
2026-06-24 17:51:41,242 - INFO - Epoch 19/200:
Epoch 19/200:
2026-06-24 17:51:43,871 - INFO - Train loss: 0.6097 (2.6s)
Train loss: 0.6097 (2.6s)
2026-06-24 17:51:44,125 - INFO - Test instance 0.6625, class 0.6625
Test instance 0.6625, class 0.6625
2026-06-24 17:51:44,142 - INFO - Best instance 0.6625, class 0.6625 (epoch 19)
Best instance 0.6625, class 0.6625 (epoch 19)
2026-06-24 17:51:44,158 - INFO - Epoch 20/200:
Epoch 20/200:
2026-06-24 17:51:46,782 - INFO - Train loss: 0.5914 (2.6s)
Train loss: 0.5914 (2.6s)
2026-06-24 17:51:47,043 - INFO - Test instance 0.5375, class 0.5375
Test instance 0.5375, class 0.5375
2026-06-24 17:51:47,043 - INFO - Best instance 0.6625, class 0.6625 (epoch 19)
Best instance 0.6625, class 0.6625 (epoch 19)
2026-06-24 17:51:47,062 - INFO - Epoch 21/200:
Epoch 21/200:
2026-06-24 17:51:49,699 - INFO - Train loss: 0.5753 (2.6s)
Train loss: 0.5753 (2.6s)
2026-06-24 17:51:49,958 - INFO - Test instance 0.6375, class 0.6375
Test instance 0.6375, class 0.6375
2026-06-24 17:51:49,958 - INFO - Best instance 0.6625, class 0.6625 (epoch 19)
Best instance 0.6625, class 0.6625 (epoch 19)
2026-06-24 17:51:49,977 - INFO - Epoch 22/200:
Epoch 22/200:
2026-06-24 17:51:52,599 - INFO - Train loss: 0.5618 (2.6s)
Train loss: 0.5618 (2.6s)
2026-06-24 17:51:52,850 - INFO - Test instance 0.5625, class 0.5625
Test instance 0.5625, class 0.5625
2026-06-24 17:51:52,850 - INFO - Best instance 0.6625, class 0.6625 (epoch 19)
Best instance 0.6625, class 0.6625 (epoch 19)
2026-06-24 17:51:52,868 - INFO - Epoch 23/200:
Epoch 23/200:
2026-06-24 17:51:55,495 - INFO - Train loss: 0.5673 (2.6s)
Train loss: 0.5673 (2.6s)
2026-06-24 17:51:55,750 - INFO - Test instance 0.7750, class 0.7750
Test instance 0.7750, class 0.7750
2026-06-24 17:51:55,767 - INFO - Best instance 0.7750, class 0.7750 (epoch 23)
Best instance 0.7750, class 0.7750 (epoch 23)
2026-06-24 17:51:55,784 - INFO - Epoch 24/200:
Epoch 24/200:
2026-06-24 17:51:58,441 - INFO - Train loss: 0.5555 (2.7s)
Train loss: 0.5555 (2.7s)
2026-06-24 17:51:58,697 - INFO - Test instance 0.6375, class 0.6375
Test instance 0.6375, class 0.6375
2026-06-24 17:51:58,697 - INFO - Best instance 0.7750, class 0.7750 (epoch 23)
Best instance 0.7750, class 0.7750 (epoch 23)
2026-06-24 17:51:58,715 - INFO - Epoch 25/200:
Epoch 25/200:
2026-06-24 17:52:01,366 - INFO - Train loss: 0.5543 (2.7s)
Train loss: 0.5543 (2.7s)
2026-06-24 17:52:01,635 - INFO - Test instance 0.5250, class 0.5250
Test instance 0.5250, class 0.5250
2026-06-24 17:52:01,635 - INFO - Best instance 0.7750, class 0.7750 (epoch 23)
Best instance 0.7750, class 0.7750 (epoch 23)
2026-06-24 17:52:01,652 - INFO - Epoch 26/200:
Epoch 26/200:
2026-06-24 17:52:04,321 - INFO - Train loss: 0.5624 (2.7s)
Train loss: 0.5624 (2.7s)
2026-06-24 17:52:04,572 - INFO - Test instance 0.6250, class 0.6250
Test instance 0.6250, class 0.6250
2026-06-24 17:52:04,572 - INFO - Best instance 0.7750, class 0.7750 (epoch 23)
Best instance 0.7750, class 0.7750 (epoch 23)
2026-06-24 17:52:04,590 - INFO - Epoch 27/200:
Epoch 27/200:
2026-06-24 17:52:07,228 - INFO - Train loss: 0.5457 (2.6s)
Train loss: 0.5457 (2.6s)
2026-06-24 17:52:07,486 - INFO - Test instance 0.6375, class 0.6375
Test instance 0.6375, class 0.6375
2026-06-24 17:52:07,486 - INFO - Best instance 0.7750, class 0.7750 (epoch 23)
Best instance 0.7750, class 0.7750 (epoch 23)
2026-06-24 17:52:07,503 - INFO - Epoch 28/200:
Epoch 28/200:
2026-06-24 17:52:10,131 - INFO - Train loss: 0.5470 (2.6s)
Train loss: 0.5470 (2.6s)
2026-06-24 17:52:10,384 - INFO - Test instance 0.8125, class 0.8125
Test instance 0.8125, class 0.8125
2026-06-24 17:52:10,402 - INFO - Best instance 0.8125, class 0.8125 (epoch 28)
Best instance 0.8125, class 0.8125 (epoch 28)
2026-06-24 17:52:10,418 - INFO - Epoch 29/200:
Epoch 29/200:
2026-06-24 17:52:13,062 - INFO - Train loss: 0.5460 (2.6s)
Train loss: 0.5460 (2.6s)
2026-06-24 17:52:13,313 - INFO - Test instance 0.7250, class 0.7250
Test instance 0.7250, class 0.7250
2026-06-24 17:52:13,314 - INFO - Best instance 0.8125, class 0.8125 (epoch 28)
Best instance 0.8125, class 0.8125 (epoch 28)
2026-06-24 17:52:13,331 - INFO - Epoch 30/200:
Epoch 30/200:
2026-06-24 17:52:15,992 - INFO - Train loss: 0.5563 (2.7s)
Train loss: 0.5563 (2.7s)
2026-06-24 17:52:16,249 - INFO - Test instance 0.7750, class 0.7750
Test instance 0.7750, class 0.7750
2026-06-24 17:52:16,249 - INFO - Best instance 0.8125, class 0.8125 (epoch 28)
Best instance 0.8125, class 0.8125 (epoch 28)
2026-06-24 17:52:16,266 - INFO - Epoch 31/200:
Epoch 31/200:
2026-06-24 17:52:18,880 - INFO - Train loss: 0.5460 (2.6s)
Train loss: 0.5460 (2.6s)
2026-06-24 17:52:19,131 - INFO - Test instance 0.5500, class 0.5500
Test instance 0.5500, class 0.5500
2026-06-24 17:52:19,131 - INFO - Best instance 0.8125, class 0.8125 (epoch 28)
Best instance 0.8125, class 0.8125 (epoch 28)
2026-06-24 17:52:19,148 - INFO - Epoch 32/200:
Epoch 32/200:
2026-06-24 17:52:21,772 - INFO - Train loss: 0.5362 (2.6s)
Train loss: 0.5362 (2.6s)
2026-06-24 17:52:22,025 - INFO - Test instance 0.5875, class 0.5875
Test instance 0.5875, class 0.5875
2026-06-24 17:52:22,025 - INFO - Best instance 0.8125, class 0.8125 (epoch 28)
Best instance 0.8125, class 0.8125 (epoch 28)
2026-06-24 17:52:22,043 - INFO - Epoch 33/200:
Epoch 33/200:
2026-06-24 17:52:24,666 - INFO - Train loss: 0.5398 (2.6s)
Train loss: 0.5398 (2.6s)
2026-06-24 17:52:24,915 - INFO - Test instance 0.8000, class 0.8000
Test instance 0.8000, class 0.8000
2026-06-24 17:52:24,915 - INFO - Best instance 0.8125, class 0.8125 (epoch 28)
Best instance 0.8125, class 0.8125 (epoch 28)
2026-06-24 17:52:24,932 - INFO - Epoch 34/200:
Epoch 34/200:
2026-06-24 17:52:27,549 - INFO - Train loss: 0.5202 (2.6s)
Train loss: 0.5202 (2.6s)
2026-06-24 17:52:27,803 - INFO - Test instance 0.8250, class 0.8250
Test instance 0.8250, class 0.8250
2026-06-24 17:52:27,820 - INFO - Best instance 0.8250, class 0.8250 (epoch 34)
Best instance 0.8250, class 0.8250 (epoch 34)
2026-06-24 17:52:27,847 - INFO - Epoch 35/200:
Epoch 35/200:
2026-06-24 17:52:30,457 - INFO - Train loss: 0.5208 (2.6s)
Train loss: 0.5208 (2.6s)
2026-06-24 17:52:30,717 - INFO - Test instance 0.6750, class 0.6750
Test instance 0.6750, class 0.6750
2026-06-24 17:52:30,718 - INFO - Best instance 0.8250, class 0.8250 (epoch 34)
Best instance 0.8250, class 0.8250 (epoch 34)
2026-06-24 17:52:30,734 - INFO - Epoch 36/200:
Epoch 36/200:
2026-06-24 17:52:33,368 - INFO - Train loss: 0.5180 (2.6s)
Train loss: 0.5180 (2.6s)
2026-06-24 17:52:33,617 - INFO - Test instance 0.8625, class 0.8625
Test instance 0.8625, class 0.8625
2026-06-24 17:52:33,634 - INFO - Best instance 0.8625, class 0.8625 (epoch 36)
Best instance 0.8625, class 0.8625 (epoch 36)
2026-06-24 17:52:33,651 - INFO - Epoch 37/200:
Epoch 37/200:
2026-06-24 17:52:36,282 - INFO - Train loss: 0.5093 (2.6s)
Train loss: 0.5093 (2.6s)
2026-06-24 17:52:36,539 - INFO - Test instance 0.6125, class 0.6125
Test instance 0.6125, class 0.6125
2026-06-24 17:52:36,539 - INFO - Best instance 0.8625, class 0.8625 (epoch 36)
Best instance 0.8625, class 0.8625 (epoch 36)
2026-06-24 17:52:36,557 - INFO - Epoch 38/200:
Epoch 38/200:
2026-06-24 17:52:39,185 - INFO - Train loss: 0.5214 (2.6s)
Train loss: 0.5214 (2.6s)
2026-06-24 17:52:39,442 - INFO - Test instance 0.9250, class 0.9250
Test instance 0.9250, class 0.9250
2026-06-24 17:52:39,459 - INFO - Best instance 0.9250, class 0.9250 (epoch 38)
Best instance 0.9250, class 0.9250 (epoch 38)
2026-06-24 17:52:39,475 - INFO - Epoch 39/200:
Epoch 39/200:
2026-06-24 17:52:42,120 - INFO - Train loss: 0.5127 (2.6s)
Train loss: 0.5127 (2.6s)
2026-06-24 17:52:42,376 - INFO - Test instance 0.8375, class 0.8375
Test instance 0.8375, class 0.8375
2026-06-24 17:52:42,376 - INFO - Best instance 0.9250, class 0.9250 (epoch 38)
Best instance 0.9250, class 0.9250 (epoch 38)
2026-06-24 17:52:42,393 - INFO - Epoch 40/200:
Epoch 40/200:
2026-06-24 17:52:45,034 - INFO - Train loss: 0.5140 (2.6s)
Train loss: 0.5140 (2.6s)
2026-06-24 17:52:45,292 - INFO - Test instance 0.8250, class 0.8250
Test instance 0.8250, class 0.8250
2026-06-24 17:52:45,292 - INFO - Best instance 0.9250, class 0.9250 (epoch 38)
Best instance 0.9250, class 0.9250 (epoch 38)
2026-06-24 17:52:45,309 - INFO - Epoch 41/200:
Epoch 41/200:
2026-06-24 17:52:47,954 - INFO - Train loss: 0.5131 (2.6s)
Train loss: 0.5131 (2.6s)
2026-06-24 17:52:48,219 - INFO - Test instance 0.8750, class 0.8750
Test instance 0.8750, class 0.8750
2026-06-24 17:52:48,219 - INFO - Best instance 0.9250, class 0.9250 (epoch 38)
Best instance 0.9250, class 0.9250 (epoch 38)
2026-06-24 17:52:48,236 - INFO - Epoch 42/200:
Epoch 42/200:
2026-06-24 17:52:50,903 - INFO - Train loss: 0.5206 (2.7s)
Train loss: 0.5206 (2.7s)
2026-06-24 17:52:51,160 - INFO - Test instance 0.8125, class 0.8125
Test instance 0.8125, class 0.8125
2026-06-24 17:52:51,160 - INFO - Best instance 0.9250, class 0.9250 (epoch 38)
Best instance 0.9250, class 0.9250 (epoch 38)
2026-06-24 17:52:51,177 - INFO - Epoch 43/200:
Epoch 43/200:
2026-06-24 17:52:53,764 - INFO - Train loss: 0.5123 (2.6s)
Train loss: 0.5123 (2.6s)
2026-06-24 17:52:54,007 - INFO - Test instance 0.8000, class 0.8000
Test instance 0.8000, class 0.8000
2026-06-24 17:52:54,007 - INFO - Best instance 0.9250, class 0.9250 (epoch 38)
Best instance 0.9250, class 0.9250 (epoch 38)
2026-06-24 17:52:54,024 - INFO - Epoch 44/200:
Epoch 44/200:
2026-06-24 17:52:56,646 - INFO - Train loss: 0.5103 (2.6s)
Train loss: 0.5103 (2.6s)
2026-06-24 17:52:56,899 - INFO - Test instance 0.7750, class 0.7750
Test instance 0.7750, class 0.7750
2026-06-24 17:52:56,899 - INFO - Best instance 0.9250, class 0.9250 (epoch 38)
Best instance 0.9250, class 0.9250 (epoch 38)
2026-06-24 17:52:56,916 - INFO - Epoch 45/200:
Epoch 45/200:
2026-06-24 17:52:59,529 - INFO - Train loss: 0.5043 (2.6s)
Train loss: 0.5043 (2.6s)
2026-06-24 17:52:59,779 - INFO - Test instance 0.7250, class 0.7250
Test instance 0.7250, class 0.7250
2026-06-24 17:52:59,779 - INFO - Best instance 0.9250, class 0.9250 (epoch 38)
Best instance 0.9250, class 0.9250 (epoch 38)
2026-06-24 17:52:59,796 - INFO - Epoch 46/200:
Epoch 46/200:
2026-06-24 17:53:02,456 - INFO - Train loss: 0.5079 (2.7s)
Train loss: 0.5079 (2.7s)
2026-06-24 17:53:02,709 - INFO - Test instance 0.8375, class 0.8375
Test instance 0.8375, class 0.8375
2026-06-24 17:53:02,710 - INFO - Best instance 0.9250, class 0.9250 (epoch 38)
Best instance 0.9250, class 0.9250 (epoch 38)
2026-06-24 17:53:02,727 - INFO - Epoch 47/200:
Epoch 47/200:
2026-06-24 17:53:05,365 - INFO - Train loss: 0.5038 (2.6s)
Train loss: 0.5038 (2.6s)
2026-06-24 17:53:05,613 - INFO - Test instance 0.8250, class 0.8250
Test instance 0.8250, class 0.8250
2026-06-24 17:53:05,613 - INFO - Best instance 0.9250, class 0.9250 (epoch 38)
Best instance 0.9250, class 0.9250 (epoch 38)
2026-06-24 17:53:05,630 - INFO - Epoch 48/200:
Epoch 48/200:
2026-06-24 17:53:08,237 - INFO - Train loss: 0.4900 (2.6s)
Train loss: 0.4900 (2.6s)
2026-06-24 17:53:08,486 - INFO - Test instance 0.8500, class 0.8500
Test instance 0.8500, class 0.8500
2026-06-24 17:53:08,486 - INFO - Best instance 0.9250, class 0.9250 (epoch 38)
Best instance 0.9250, class 0.9250 (epoch 38)
2026-06-24 17:53:08,503 - INFO - Epoch 49/200:
Epoch 49/200:
2026-06-24 17:53:11,110 - INFO - Train loss: 0.5107 (2.6s)
Train loss: 0.5107 (2.6s)
2026-06-24 17:53:11,364 - INFO - Test instance 0.7625, class 0.7625
Test instance 0.7625, class 0.7625
2026-06-24 17:53:11,365 - INFO - Best instance 0.9250, class 0.9250 (epoch 38)
Best instance 0.9250, class 0.9250 (epoch 38)
2026-06-24 17:53:11,382 - INFO - Epoch 50/200:
Epoch 50/200:
2026-06-24 17:53:13,987 - INFO - Train loss: 0.5099 (2.6s)
Train loss: 0.5099 (2.6s)
2026-06-24 17:53:14,247 - INFO - Test instance 0.8750, class 0.8750
Test instance 0.8750, class 0.8750
2026-06-24 17:53:14,248 - INFO - Best instance 0.9250, class 0.9250 (epoch 38)
Best instance 0.9250, class 0.9250 (epoch 38)
2026-06-24 17:53:14,265 - INFO - Epoch 51/200:
Epoch 51/200:
2026-06-24 17:53:16,895 - INFO - Train loss: 0.4973 (2.6s)
Train loss: 0.4973 (2.6s)
2026-06-24 17:53:17,147 - INFO - Test instance 0.8875, class 0.8875
Test instance 0.8875, class 0.8875
2026-06-24 17:53:17,147 - INFO - Best instance 0.9250, class 0.9250 (epoch 38)
Best instance 0.9250, class 0.9250 (epoch 38)
2026-06-24 17:53:17,164 - INFO - Epoch 52/200:
Epoch 52/200:
2026-06-24 17:53:19,794 - INFO - Train loss: 0.4966 (2.6s)
Train loss: 0.4966 (2.6s)
2026-06-24 17:53:20,057 - INFO - Test instance 0.8000, class 0.8000
Test instance 0.8000, class 0.8000
2026-06-24 17:53:20,057 - INFO - Best instance 0.9250, class 0.9250 (epoch 38)
Best instance 0.9250, class 0.9250 (epoch 38)
2026-06-24 17:53:20,075 - INFO - Epoch 53/200:
Epoch 53/200:
2026-06-24 17:53:22,695 - INFO - Train loss: 0.5032 (2.6s)
Train loss: 0.5032 (2.6s)
2026-06-24 17:53:22,960 - INFO - Test instance 0.7375, class 0.7375
Test instance 0.7375, class 0.7375
2026-06-24 17:53:22,960 - INFO - Best instance 0.9250, class 0.9250 (epoch 38)
Best instance 0.9250, class 0.9250 (epoch 38)
2026-06-24 17:53:22,978 - INFO - Epoch 54/200:
Epoch 54/200:
2026-06-24 17:53:25,628 - INFO - Train loss: 0.4924 (2.7s)
Train loss: 0.4924 (2.7s)
2026-06-24 17:53:25,887 - INFO - Test instance 0.7875, class 0.7875
Test instance 0.7875, class 0.7875
2026-06-24 17:53:25,887 - INFO - Best instance 0.9250, class 0.9250 (epoch 38)
Best instance 0.9250, class 0.9250 (epoch 38)
2026-06-24 17:53:25,904 - INFO - Epoch 55/200:
Epoch 55/200:
2026-06-24 17:53:28,525 - INFO - Train loss: 0.4996 (2.6s)
Train loss: 0.4996 (2.6s)
2026-06-24 17:53:28,775 - INFO - Test instance 0.7375, class 0.7375
Test instance 0.7375, class 0.7375
2026-06-24 17:53:28,775 - INFO - Best instance 0.9250, class 0.9250 (epoch 38)
Best instance 0.9250, class 0.9250 (epoch 38)
2026-06-24 17:53:28,792 - INFO - Epoch 56/200:
Epoch 56/200:
2026-06-24 17:53:31,417 - INFO - Train loss: 0.5034 (2.6s)
Train loss: 0.5034 (2.6s)
2026-06-24 17:53:31,673 - INFO - Test instance 0.8625, class 0.8625
Test instance 0.8625, class 0.8625
2026-06-24 17:53:31,673 - INFO - Best instance 0.9250, class 0.9250 (epoch 38)
Best instance 0.9250, class 0.9250 (epoch 38)
2026-06-24 17:53:31,722 - INFO - Epoch 57/200:
Epoch 57/200:
2026-06-24 17:53:34,350 - INFO - Train loss: 0.4927 (2.6s)
Train loss: 0.4927 (2.6s)
2026-06-24 17:53:34,603 - INFO - Test instance 0.8375, class 0.8375
Test instance 0.8375, class 0.8375
2026-06-24 17:53:34,604 - INFO - Best instance 0.9250, class 0.9250 (epoch 38)
Best instance 0.9250, class 0.9250 (epoch 38)
2026-06-24 17:53:34,621 - INFO - Epoch 58/200:
Epoch 58/200:
2026-06-24 17:53:37,248 - INFO - Train loss: 0.5099 (2.6s)
Train loss: 0.5099 (2.6s)
2026-06-24 17:53:37,502 - INFO - Test instance 0.8000, class 0.8000
Test instance 0.8000, class 0.8000
2026-06-24 17:53:37,503 - INFO - Best instance 0.9250, class 0.9250 (epoch 38)
Best instance 0.9250, class 0.9250 (epoch 38)
2026-06-24 17:53:37,520 - INFO - Epoch 59/200:
Epoch 59/200:
2026-06-24 17:53:40,155 - INFO - Train loss: 0.4967 (2.6s)
Train loss: 0.4967 (2.6s)
2026-06-24 17:53:40,404 - INFO - Test instance 0.8875, class 0.8875
Test instance 0.8875, class 0.8875
2026-06-24 17:53:40,404 - INFO - Best instance 0.9250, class 0.9250 (epoch 38)
Best instance 0.9250, class 0.9250 (epoch 38)
2026-06-24 17:53:40,423 - INFO - Epoch 60/200:
Epoch 60/200:
2026-06-24 17:53:43,050 - INFO - Train loss: 0.5107 (2.6s)
Train loss: 0.5107 (2.6s)
2026-06-24 17:53:43,312 - INFO - Test instance 0.8125, class 0.8125
Test instance 0.8125, class 0.8125
2026-06-24 17:53:43,312 - INFO - Best instance 0.9250, class 0.9250 (epoch 38)
Best instance 0.9250, class 0.9250 (epoch 38)
2026-06-24 17:53:43,330 - INFO - Epoch 61/200:
Epoch 61/200:
2026-06-24 17:53:45,964 - INFO - Train loss: 0.4826 (2.6s)
Train loss: 0.4826 (2.6s)
2026-06-24 17:53:46,213 - INFO - Test instance 0.9125, class 0.9125
Test instance 0.9125, class 0.9125
2026-06-24 17:53:46,213 - INFO - Best instance 0.9250, class 0.9250 (epoch 38)
Best instance 0.9250, class 0.9250 (epoch 38)
2026-06-24 17:53:46,231 - INFO - Epoch 62/200:
Epoch 62/200:
2026-06-24 17:53:48,855 - INFO - Train loss: 0.4822 (2.6s)
Train loss: 0.4822 (2.6s)
2026-06-24 17:53:49,113 - INFO - Test instance 0.9125, class 0.9125
Test instance 0.9125, class 0.9125
2026-06-24 17:53:49,113 - INFO - Best instance 0.9250, class 0.9250 (epoch 38)
Best instance 0.9250, class 0.9250 (epoch 38)
2026-06-24 17:53:49,131 - INFO - Epoch 63/200:
Epoch 63/200:
2026-06-24 17:53:51,768 - INFO - Train loss: 0.4916 (2.6s)
Train loss: 0.4916 (2.6s)
2026-06-24 17:53:52,033 - INFO - Test instance 0.9250, class 0.9250
Test instance 0.9250, class 0.9250
2026-06-24 17:53:52,033 - INFO - Best instance 0.9250, class 0.9250 (epoch 38)
Best instance 0.9250, class 0.9250 (epoch 38)
2026-06-24 17:53:52,051 - INFO - Epoch 64/200:
Epoch 64/200:
2026-06-24 17:53:54,666 - INFO - Train loss: 0.4808 (2.6s)
Train loss: 0.4808 (2.6s)
2026-06-24 17:53:54,918 - INFO - Test instance 0.9250, class 0.9250
Test instance 0.9250, class 0.9250
2026-06-24 17:53:54,918 - INFO - Best instance 0.9250, class 0.9250 (epoch 38)
Best instance 0.9250, class 0.9250 (epoch 38)
2026-06-24 17:53:54,935 - INFO - Epoch 65/200:
Epoch 65/200:
2026-06-24 17:53:57,554 - INFO - Train loss: 0.4883 (2.6s)
Train loss: 0.4883 (2.6s)
2026-06-24 17:53:57,811 - INFO - Test instance 0.8875, class 0.8875
Test instance 0.8875, class 0.8875
2026-06-24 17:53:57,812 - INFO - Best instance 0.9250, class 0.9250 (epoch 38)
Best instance 0.9250, class 0.9250 (epoch 38)
2026-06-24 17:53:57,829 - INFO - Epoch 66/200:
Epoch 66/200:
2026-06-24 17:54:00,463 - INFO - Train loss: 0.4884 (2.6s)
Train loss: 0.4884 (2.6s)
2026-06-24 17:54:00,729 - INFO - Test instance 0.9250, class 0.9250
Test instance 0.9250, class 0.9250
2026-06-24 17:54:00,729 - INFO - Best instance 0.9250, class 0.9250 (epoch 38)
Best instance 0.9250, class 0.9250 (epoch 38)
2026-06-24 17:54:00,747 - INFO - Epoch 67/200:
Epoch 67/200:
2026-06-24 17:54:03,408 - INFO - Train loss: 0.4953 (2.7s)
Train loss: 0.4953 (2.7s)
2026-06-24 17:54:03,665 - INFO - Test instance 0.8750, class 0.8750
Test instance 0.8750, class 0.8750
2026-06-24 17:54:03,665 - INFO - Best instance 0.9250, class 0.9250 (epoch 38)
Best instance 0.9250, class 0.9250 (epoch 38)
2026-06-24 17:54:03,683 - INFO - Epoch 68/200:
Epoch 68/200:
2026-06-24 17:54:06,299 - INFO - Train loss: 0.4791 (2.6s)
Train loss: 0.4791 (2.6s)
2026-06-24 17:54:06,554 - INFO - Test instance 0.9000, class 0.9000
Test instance 0.9000, class 0.9000
2026-06-24 17:54:06,554 - INFO - Best instance 0.9250, class 0.9250 (epoch 38)
Best instance 0.9250, class 0.9250 (epoch 38)
2026-06-24 17:54:06,572 - INFO - Epoch 69/200:
Epoch 69/200:
2026-06-24 17:54:09,196 - INFO - Train loss: 0.4883 (2.6s)
Train loss: 0.4883 (2.6s)
2026-06-24 17:54:09,448 - INFO - Test instance 0.9625, class 0.9625
Test instance 0.9625, class 0.9625
2026-06-24 17:54:09,465 - INFO - Best instance 0.9625, class 0.9625 (epoch 69)
Best instance 0.9625, class 0.9625 (epoch 69)
2026-06-24 17:54:09,481 - INFO - Epoch 70/200:
Epoch 70/200:
2026-06-24 17:54:12,108 - INFO - Train loss: 0.4790 (2.6s)
Train loss: 0.4790 (2.6s)
2026-06-24 17:54:12,359 - INFO - Test instance 0.8375, class 0.8375
Test instance 0.8375, class 0.8375
2026-06-24 17:54:12,359 - INFO - Best instance 0.9625, class 0.9625 (epoch 69)
Best instance 0.9625, class 0.9625 (epoch 69)
2026-06-24 17:54:12,376 - INFO - Epoch 71/200:
Epoch 71/200:
2026-06-24 17:54:15,008 - INFO - Train loss: 0.4893 (2.6s)
Train loss: 0.4893 (2.6s)
2026-06-24 17:54:15,268 - INFO - Test instance 0.8375, class 0.8375
Test instance 0.8375, class 0.8375
2026-06-24 17:54:15,269 - INFO - Best instance 0.9625, class 0.9625 (epoch 69)
Best instance 0.9625, class 0.9625 (epoch 69)
2026-06-24 17:54:15,286 - INFO - Epoch 72/200:
Epoch 72/200:
2026-06-24 17:54:17,927 - INFO - Train loss: 0.4736 (2.6s)
Train loss: 0.4736 (2.6s)
2026-06-24 17:54:18,185 - INFO - Test instance 0.9375, class 0.9375
Test instance 0.9375, class 0.9375
2026-06-24 17:54:18,186 - INFO - Best instance 0.9625, class 0.9625 (epoch 69)
Best instance 0.9625, class 0.9625 (epoch 69)
2026-06-24 17:54:18,203 - INFO - Epoch 73/200:
Epoch 73/200:
2026-06-24 17:54:20,841 - INFO - Train loss: 0.4830 (2.6s)
Train loss: 0.4830 (2.6s)
2026-06-24 17:54:21,094 - INFO - Test instance 0.8250, class 0.8250
Test instance 0.8250, class 0.8250
2026-06-24 17:54:21,094 - INFO - Best instance 0.9625, class 0.9625 (epoch 69)
Best instance 0.9625, class 0.9625 (epoch 69)
2026-06-24 17:54:21,111 - INFO - Epoch 74/200:
Epoch 74/200:
2026-06-24 17:54:23,726 - INFO - Train loss: 0.4892 (2.6s)
Train loss: 0.4892 (2.6s)
2026-06-24 17:54:23,990 - INFO - Test instance 0.9375, class 0.9375
Test instance 0.9375, class 0.9375
2026-06-24 17:54:23,990 - INFO - Best instance 0.9625, class 0.9625 (epoch 69)
Best instance 0.9625, class 0.9625 (epoch 69)
2026-06-24 17:54:24,008 - INFO - Epoch 75/200:
Epoch 75/200:
2026-06-24 17:54:26,630 - INFO - Train loss: 0.4707 (2.6s)
Train loss: 0.4707 (2.6s)
2026-06-24 17:54:26,884 - INFO - Test instance 0.9375, class 0.9375
Test instance 0.9375, class 0.9375
2026-06-24 17:54:26,885 - INFO - Best instance 0.9625, class 0.9625 (epoch 69)
Best instance 0.9625, class 0.9625 (epoch 69)
2026-06-24 17:54:26,902 - INFO - Epoch 76/200:
Epoch 76/200:
2026-06-24 17:54:29,523 - INFO - Train loss: 0.4740 (2.6s)
Train loss: 0.4740 (2.6s)
2026-06-24 17:54:29,777 - INFO - Test instance 0.9125, class 0.9125
Test instance 0.9125, class 0.9125
2026-06-24 17:54:29,777 - INFO - Best instance 0.9625, class 0.9625 (epoch 69)
Best instance 0.9625, class 0.9625 (epoch 69)
2026-06-24 17:54:29,794 - INFO - Epoch 77/200:
Epoch 77/200:
2026-06-24 17:54:32,407 - INFO - Train loss: 0.4863 (2.6s)
Train loss: 0.4863 (2.6s)
2026-06-24 17:54:32,675 - INFO - Test instance 0.8500, class 0.8500
Test instance 0.8500, class 0.8500
2026-06-24 17:54:32,675 - INFO - Best instance 0.9625, class 0.9625 (epoch 69)
Best instance 0.9625, class 0.9625 (epoch 69)
2026-06-24 17:54:32,692 - INFO - Epoch 78/200:
Epoch 78/200:
2026-06-24 17:54:35,317 - INFO - Train loss: 0.4687 (2.6s)
Train loss: 0.4687 (2.6s)
2026-06-24 17:54:35,577 - INFO - Test instance 0.7875, class 0.7875
Test instance 0.7875, class 0.7875
2026-06-24 17:54:35,577 - INFO - Best instance 0.9625, class 0.9625 (epoch 69)
Best instance 0.9625, class 0.9625 (epoch 69)
2026-06-24 17:54:35,597 - INFO - Epoch 79/200:
Epoch 79/200:
2026-06-24 17:54:38,217 - INFO - Train loss: 0.4745 (2.6s)
Train loss: 0.4745 (2.6s)
2026-06-24 17:54:38,476 - INFO - Test instance 0.9625, class 0.9625
Test instance 0.9625, class 0.9625
2026-06-24 17:54:38,477 - INFO - Best instance 0.9625, class 0.9625 (epoch 69)
Best instance 0.9625, class 0.9625 (epoch 69)
2026-06-24 17:54:38,493 - INFO - Epoch 80/200:
Epoch 80/200:
2026-06-24 17:54:41,129 - INFO - Train loss: 0.4762 (2.6s)
Train loss: 0.4762 (2.6s)
2026-06-24 17:54:41,386 - INFO - Test instance 0.9500, class 0.9500
Test instance 0.9500, class 0.9500
2026-06-24 17:54:41,386 - INFO - Best instance 0.9625, class 0.9625 (epoch 69)
Best instance 0.9625, class 0.9625 (epoch 69)
2026-06-24 17:54:41,404 - INFO - Epoch 81/200:
Epoch 81/200:
2026-06-24 17:54:44,027 - INFO - Train loss: 0.4620 (2.6s)
Train loss: 0.4620 (2.6s)
2026-06-24 17:54:44,278 - INFO - Test instance 0.9250, class 0.9250
Test instance 0.9250, class 0.9250
2026-06-24 17:54:44,279 - INFO - Best instance 0.9625, class 0.9625 (epoch 69)
Best instance 0.9625, class 0.9625 (epoch 69)
2026-06-24 17:54:44,296 - INFO - Epoch 82/200:
Epoch 82/200:
2026-06-24 17:54:46,918 - INFO - Train loss: 0.4975 (2.6s)
Train loss: 0.4975 (2.6s)
2026-06-24 17:54:47,171 - INFO - Test instance 0.8750, class 0.8750
Test instance 0.8750, class 0.8750
2026-06-24 17:54:47,172 - INFO - Best instance 0.9625, class 0.9625 (epoch 69)
Best instance 0.9625, class 0.9625 (epoch 69)
2026-06-24 17:54:47,189 - INFO - Epoch 83/200:
Epoch 83/200:
2026-06-24 17:54:49,826 - INFO - Train loss: 0.4705 (2.6s)
Train loss: 0.4705 (2.6s)
2026-06-24 17:54:50,087 - INFO - Test instance 0.8875, class 0.8875
Test instance 0.8875, class 0.8875
2026-06-24 17:54:50,087 - INFO - Best instance 0.9625, class 0.9625 (epoch 69)
Best instance 0.9625, class 0.9625 (epoch 69)
2026-06-24 17:54:50,104 - INFO - Epoch 84/200:
Epoch 84/200:
2026-06-24 17:54:52,722 - INFO - Train loss: 0.4900 (2.6s)
Train loss: 0.4900 (2.6s)
2026-06-24 17:54:52,978 - INFO - Test instance 0.9000, class 0.9000
Test instance 0.9000, class 0.9000
2026-06-24 17:54:52,978 - INFO - Best instance 0.9625, class 0.9625 (epoch 69)
Best instance 0.9625, class 0.9625 (epoch 69)
2026-06-24 17:54:52,995 - INFO - Epoch 85/200:
Epoch 85/200:
2026-06-24 17:54:55,623 - INFO - Train loss: 0.4661 (2.6s)
Train loss: 0.4661 (2.6s)
2026-06-24 17:54:55,878 - INFO - Test instance 0.9000, class 0.9000
Test instance 0.9000, class 0.9000
2026-06-24 17:54:55,879 - INFO - Best instance 0.9625, class 0.9625 (epoch 69)
Best instance 0.9625, class 0.9625 (epoch 69)
2026-06-24 17:54:55,896 - INFO - Epoch 86/200:
Epoch 86/200:
2026-06-24 17:54:58,538 - INFO - Train loss: 0.4750 (2.6s)
Train loss: 0.4750 (2.6s)
2026-06-24 17:54:58,790 - INFO - Test instance 0.9000, class 0.9000
Test instance 0.9000, class 0.9000
2026-06-24 17:54:58,790 - INFO - Best instance 0.9625, class 0.9625 (epoch 69)
Best instance 0.9625, class 0.9625 (epoch 69)
2026-06-24 17:54:58,807 - INFO - Epoch 87/200:
Epoch 87/200:
2026-06-24 17:55:01,472 - INFO - Train loss: 0.4727 (2.7s)
Train loss: 0.4727 (2.7s)
2026-06-24 17:55:01,732 - INFO - Test instance 0.9500, class 0.9500
Test instance 0.9500, class 0.9500
2026-06-24 17:55:01,733 - INFO - Best instance 0.9625, class 0.9625 (epoch 69)
Best instance 0.9625, class 0.9625 (epoch 69)
2026-06-24 17:55:01,751 - INFO - Epoch 88/200:
Epoch 88/200:
2026-06-24 17:55:04,403 - INFO - Train loss: 0.4670 (2.7s)
Train loss: 0.4670 (2.7s)
2026-06-24 17:55:04,657 - INFO - Test instance 0.8750, class 0.8750
Test instance 0.8750, class 0.8750
2026-06-24 17:55:04,657 - INFO - Best instance 0.9625, class 0.9625 (epoch 69)
Best instance 0.9625, class 0.9625 (epoch 69)
2026-06-24 17:55:04,674 - INFO - Epoch 89/200:
Epoch 89/200:
2026-06-24 17:55:07,291 - INFO - Train loss: 0.4647 (2.6s)
Train loss: 0.4647 (2.6s)
2026-06-24 17:55:07,547 - INFO - Test instance 0.9250, class 0.9250
Test instance 0.9250, class 0.9250
2026-06-24 17:55:07,548 - INFO - Best instance 0.9625, class 0.9625 (epoch 69)
Best instance 0.9625, class 0.9625 (epoch 69)
2026-06-24 17:55:07,565 - INFO - Epoch 90/200:
Epoch 90/200:
2026-06-24 17:55:10,189 - INFO - Train loss: 0.4623 (2.6s)
Train loss: 0.4623 (2.6s)
2026-06-24 17:55:10,438 - INFO - Test instance 0.8875, class 0.8875
Test instance 0.8875, class 0.8875
2026-06-24 17:55:10,438 - INFO - Best instance 0.9625, class 0.9625 (epoch 69)
Best instance 0.9625, class 0.9625 (epoch 69)
2026-06-24 17:55:10,455 - INFO - Epoch 91/200:
Epoch 91/200:
2026-06-24 17:55:13,078 - INFO - Train loss: 0.4773 (2.6s)
Train loss: 0.4773 (2.6s)
2026-06-24 17:55:13,334 - INFO - Test instance 0.9250, class 0.9250
Test instance 0.9250, class 0.9250
2026-06-24 17:55:13,334 - INFO - Best instance 0.9625, class 0.9625 (epoch 69)
Best instance 0.9625, class 0.9625 (epoch 69)
2026-06-24 17:55:13,351 - INFO - Epoch 92/200:
Epoch 92/200:
2026-06-24 17:55:15,985 - INFO - Train loss: 0.4786 (2.6s)
Train loss: 0.4786 (2.6s)
2026-06-24 17:55:16,235 - INFO - Test instance 0.9500, class 0.9500
Test instance 0.9500, class 0.9500
2026-06-24 17:55:16,235 - INFO - Best instance 0.9625, class 0.9625 (epoch 69)
Best instance 0.9625, class 0.9625 (epoch 69)
2026-06-24 17:55:16,252 - INFO - Epoch 93/200:
Epoch 93/200:
2026-06-24 17:55:18,895 - INFO - Train loss: 0.4756 (2.6s)
Train loss: 0.4756 (2.6s)
2026-06-24 17:55:19,149 - INFO - Test instance 0.9625, class 0.9625
Test instance 0.9625, class 0.9625
2026-06-24 17:55:19,149 - INFO - Best instance 0.9625, class 0.9625 (epoch 69)
Best instance 0.9625, class 0.9625 (epoch 69)
2026-06-24 17:55:19,167 - INFO - Epoch 94/200:
Epoch 94/200:
2026-06-24 17:55:21,801 - INFO - Train loss: 0.4645 (2.6s)
Train loss: 0.4645 (2.6s)
2026-06-24 17:55:22,051 - INFO - Test instance 0.9125, class 0.9125
Test instance 0.9125, class 0.9125
2026-06-24 17:55:22,051 - INFO - Best instance 0.9625, class 0.9625 (epoch 69)
Best instance 0.9625, class 0.9625 (epoch 69)
2026-06-24 17:55:22,068 - INFO - Epoch 95/200:
Epoch 95/200:
2026-06-24 17:55:24,692 - INFO - Train loss: 0.4832 (2.6s)
Train loss: 0.4832 (2.6s)
2026-06-24 17:55:24,946 - INFO - Test instance 0.8750, class 0.8750
Test instance 0.8750, class 0.8750
2026-06-24 17:55:24,946 - INFO - Best instance 0.9625, class 0.9625 (epoch 69)
Best instance 0.9625, class 0.9625 (epoch 69)
2026-06-24 17:55:24,963 - INFO - Epoch 96/200:
Epoch 96/200:
2026-06-24 17:55:27,599 - INFO - Train loss: 0.4779 (2.6s)
Train loss: 0.4779 (2.6s)
2026-06-24 17:55:27,858 - INFO - Test instance 0.8875, class 0.8875
Test instance 0.8875, class 0.8875
2026-06-24 17:55:27,859 - INFO - Best instance 0.9625, class 0.9625 (epoch 69)
Best instance 0.9625, class 0.9625 (epoch 69)
2026-06-24 17:55:27,876 - INFO - Epoch 97/200:
Epoch 97/200:
2026-06-24 17:55:30,516 - INFO - Train loss: 0.4681 (2.6s)
Train loss: 0.4681 (2.6s)
2026-06-24 17:55:30,770 - INFO - Test instance 0.9375, class 0.9375
Test instance 0.9375, class 0.9375
2026-06-24 17:55:30,770 - INFO - Best instance 0.9625, class 0.9625 (epoch 69)
Best instance 0.9625, class 0.9625 (epoch 69)
2026-06-24 17:55:30,787 - INFO - Epoch 98/200:
Epoch 98/200:
2026-06-24 17:55:33,409 - INFO - Train loss: 0.4623 (2.6s)
Train loss: 0.4623 (2.6s)
2026-06-24 17:55:33,659 - INFO - Test instance 0.9000, class 0.9000
Test instance 0.9000, class 0.9000
2026-06-24 17:55:33,659 - INFO - Best instance 0.9625, class 0.9625 (epoch 69)
Best instance 0.9625, class 0.9625 (epoch 69)
2026-06-24 17:55:33,676 - INFO - Epoch 99/200:
Epoch 99/200:
2026-06-24 17:55:36,323 - INFO - Train loss: 0.4737 (2.6s)
Train loss: 0.4737 (2.6s)
2026-06-24 17:55:36,577 - INFO - Test instance 0.9375, class 0.9375
Test instance 0.9375, class 0.9375
2026-06-24 17:55:36,578 - INFO - Best instance 0.9625, class 0.9625 (epoch 69)
Best instance 0.9625, class 0.9625 (epoch 69)
2026-06-24 17:55:36,596 - INFO - Epoch 100/200:
Epoch 100/200:
2026-06-24 17:55:39,220 - INFO - Train loss: 0.4689 (2.6s)
Train loss: 0.4689 (2.6s)
2026-06-24 17:55:39,481 - INFO - Test instance 0.9500, class 0.9500
Test instance 0.9500, class 0.9500
2026-06-24 17:55:39,482 - INFO - Best instance 0.9625, class 0.9625 (epoch 69)
Best instance 0.9625, class 0.9625 (epoch 69)
2026-06-24 17:55:39,499 - INFO - Epoch 101/200:
Epoch 101/200:
2026-06-24 17:55:42,109 - INFO - Train loss: 0.4756 (2.6s)
Train loss: 0.4756 (2.6s)
2026-06-24 17:55:42,363 - INFO - Test instance 0.9000, class 0.9000
Test instance 0.9000, class 0.9000
2026-06-24 17:55:42,363 - INFO - Best instance 0.9625, class 0.9625 (epoch 69)
Best instance 0.9625, class 0.9625 (epoch 69)
2026-06-24 17:55:42,380 - INFO - Epoch 102/200:
Epoch 102/200:
2026-06-24 17:55:45,029 - INFO - Train loss: 0.4659 (2.6s)
Train loss: 0.4659 (2.6s)
2026-06-24 17:55:45,299 - INFO - Test instance 0.9250, class 0.9250
Test instance 0.9250, class 0.9250
2026-06-24 17:55:45,300 - INFO - Best instance 0.9625, class 0.9625 (epoch 69)
Best instance 0.9625, class 0.9625 (epoch 69)
2026-06-24 17:55:45,327 - INFO - Epoch 103/200:
Epoch 103/200:
2026-06-24 17:55:47,969 - INFO - Train loss: 0.4652 (2.6s)
Train loss: 0.4652 (2.6s)
2026-06-24 17:55:48,231 - INFO - Test instance 0.9375, class 0.9375
Test instance 0.9375, class 0.9375
2026-06-24 17:55:48,232 - INFO - Best instance 0.9625, class 0.9625 (epoch 69)
Best instance 0.9625, class 0.9625 (epoch 69)
2026-06-24 17:55:48,249 - INFO - Epoch 104/200:
Epoch 104/200:
2026-06-24 17:55:50,883 - INFO - Train loss: 0.4670 (2.6s)
Train loss: 0.4670 (2.6s)
2026-06-24 17:55:51,133 - INFO - Test instance 0.8875, class 0.8875
Test instance 0.8875, class 0.8875
2026-06-24 17:55:51,133 - INFO - Best instance 0.9625, class 0.9625 (epoch 69)
Best instance 0.9625, class 0.9625 (epoch 69)
2026-06-24 17:55:51,150 - INFO - Epoch 105/200:
Epoch 105/200:
2026-06-24 17:55:53,782 - INFO - Train loss: 0.4629 (2.6s)
Train loss: 0.4629 (2.6s)
2026-06-24 17:55:54,042 - INFO - Test instance 0.9125, class 0.9125
Test instance 0.9125, class 0.9125
2026-06-24 17:55:54,042 - INFO - Best instance 0.9625, class 0.9625 (epoch 69)
Best instance 0.9625, class 0.9625 (epoch 69)
2026-06-24 17:55:54,060 - INFO - Epoch 106/200:
Epoch 106/200:
2026-06-24 17:55:56,683 - INFO - Train loss: 0.4686 (2.6s)
Train loss: 0.4686 (2.6s)
2026-06-24 17:55:56,944 - INFO - Test instance 0.9500, class 0.9500
Test instance 0.9500, class 0.9500
2026-06-24 17:55:56,944 - INFO - Best instance 0.9625, class 0.9625 (epoch 69)
Best instance 0.9625, class 0.9625 (epoch 69)
2026-06-24 17:55:56,961 - INFO - Epoch 107/200:
Epoch 107/200:
2026-06-24 17:55:59,576 - INFO - Train loss: 0.4718 (2.6s)
Train loss: 0.4718 (2.6s)
2026-06-24 17:55:59,827 - INFO - Test instance 0.9375, class 0.9375
Test instance 0.9375, class 0.9375
2026-06-24 17:55:59,827 - INFO - Best instance 0.9625, class 0.9625 (epoch 69)
Best instance 0.9625, class 0.9625 (epoch 69)
2026-06-24 17:55:59,844 - INFO - Epoch 108/200:
Epoch 108/200:
2026-06-24 17:56:02,505 - INFO - Train loss: 0.4723 (2.7s)
Train loss: 0.4723 (2.7s)
2026-06-24 17:56:02,769 - INFO - Test instance 0.8875, class 0.8875
Test instance 0.8875, class 0.8875
2026-06-24 17:56:02,769 - INFO - Best instance 0.9625, class 0.9625 (epoch 69)
Best instance 0.9625, class 0.9625 (epoch 69)
2026-06-24 17:56:02,788 - INFO - Epoch 109/200:
Epoch 109/200:
2026-06-24 17:56:05,430 - INFO - Train loss: 0.4799 (2.6s)
Train loss: 0.4799 (2.6s)
2026-06-24 17:56:05,682 - INFO - Test instance 0.9625, class 0.9625
Test instance 0.9625, class 0.9625
2026-06-24 17:56:05,682 - INFO - Best instance 0.9625, class 0.9625 (epoch 69)
Best instance 0.9625, class 0.9625 (epoch 69)
2026-06-24 17:56:05,699 - INFO - Epoch 110/200:
Epoch 110/200:
2026-06-24 17:56:08,331 - INFO - Train loss: 0.4699 (2.6s)
Train loss: 0.4699 (2.6s)
2026-06-24 17:56:08,589 - INFO - Test instance 0.9375, class 0.9375
Test instance 0.9375, class 0.9375
2026-06-24 17:56:08,589 - INFO - Best instance 0.9625, class 0.9625 (epoch 69)
Best instance 0.9625, class 0.9625 (epoch 69)
2026-06-24 17:56:08,606 - INFO - Epoch 111/200:
Epoch 111/200:
2026-06-24 17:56:11,230 - INFO - Train loss: 0.4646 (2.6s)
Train loss: 0.4646 (2.6s)
2026-06-24 17:56:11,484 - INFO - Test instance 0.9000, class 0.9000
Test instance 0.9000, class 0.9000
2026-06-24 17:56:11,484 - INFO - Best instance 0.9625, class 0.9625 (epoch 69)
Best instance 0.9625, class 0.9625 (epoch 69)
2026-06-24 17:56:11,502 - INFO - Epoch 112/200:
Epoch 112/200:
2026-06-24 17:56:14,124 - INFO - Train loss: 0.4500 (2.6s)
Train loss: 0.4500 (2.6s)
2026-06-24 17:56:14,377 - INFO - Test instance 0.9250, class 0.9250
Test instance 0.9250, class 0.9250
2026-06-24 17:56:14,377 - INFO - Best instance 0.9625, class 0.9625 (epoch 69)
Best instance 0.9625, class 0.9625 (epoch 69)
2026-06-24 17:56:14,395 - INFO - Epoch 113/200:
Epoch 113/200:
2026-06-24 17:56:17,037 - INFO - Train loss: 0.4684 (2.6s)
Train loss: 0.4684 (2.6s)
2026-06-24 17:56:17,293 - INFO - Test instance 0.9000, class 0.9000
Test instance 0.9000, class 0.9000
2026-06-24 17:56:17,294 - INFO - Best instance 0.9625, class 0.9625 (epoch 69)
Best instance 0.9625, class 0.9625 (epoch 69)
2026-06-24 17:56:17,311 - INFO - Epoch 114/200:
Epoch 114/200:
2026-06-24 17:56:19,960 - INFO - Train loss: 0.4634 (2.6s)
Train loss: 0.4634 (2.6s)
2026-06-24 17:56:20,215 - INFO - Test instance 0.9000, class 0.9000
Test instance 0.9000, class 0.9000
2026-06-24 17:56:20,215 - INFO - Best instance 0.9625, class 0.9625 (epoch 69)
Best instance 0.9625, class 0.9625 (epoch 69)
2026-06-24 17:56:20,233 - INFO - Epoch 115/200:
Epoch 115/200:
2026-06-24 17:56:22,858 - INFO - Train loss: 0.4580 (2.6s)
Train loss: 0.4580 (2.6s)
2026-06-24 17:56:23,121 - INFO - Test instance 0.9250, class 0.9250
Test instance 0.9250, class 0.9250
2026-06-24 17:56:23,122 - INFO - Best instance 0.9625, class 0.9625 (epoch 69)
Best instance 0.9625, class 0.9625 (epoch 69)
2026-06-24 17:56:23,139 - INFO - Epoch 116/200:
Epoch 116/200:
2026-06-24 17:56:25,759 - INFO - Train loss: 0.4440 (2.6s)
Train loss: 0.4440 (2.6s)
2026-06-24 17:56:26,009 - INFO - Test instance 0.9125, class 0.9125
Test instance 0.9125, class 0.9125
2026-06-24 17:56:26,009 - INFO - Best instance 0.9625, class 0.9625 (epoch 69)
Best instance 0.9625, class 0.9625 (epoch 69)
2026-06-24 17:56:26,026 - INFO - Epoch 117/200:
Epoch 117/200:
2026-06-24 17:56:28,676 - INFO - Train loss: 0.4710 (2.6s)
Train loss: 0.4710 (2.6s)
2026-06-24 17:56:28,933 - INFO - Test instance 0.9375, class 0.9375
Test instance 0.9375, class 0.9375
2026-06-24 17:56:28,933 - INFO - Best instance 0.9625, class 0.9625 (epoch 69)
Best instance 0.9625, class 0.9625 (epoch 69)
2026-06-24 17:56:28,950 - INFO - Epoch 118/200:
Epoch 118/200:
2026-06-24 17:56:31,598 - INFO - Train loss: 0.4532 (2.6s)
Train loss: 0.4532 (2.6s)
2026-06-24 17:56:31,849 - INFO - Test instance 0.9375, class 0.9375
Test instance 0.9375, class 0.9375
2026-06-24 17:56:31,849 - INFO - Best instance 0.9625, class 0.9625 (epoch 69)
Best instance 0.9625, class 0.9625 (epoch 69)
2026-06-24 17:56:31,866 - INFO - Epoch 119/200:
Epoch 119/200:
2026-06-24 17:56:34,497 - INFO - Train loss: 0.4741 (2.6s)
Train loss: 0.4741 (2.6s)
2026-06-24 17:56:34,749 - INFO - Test instance 0.9375, class 0.9375
Test instance 0.9375, class 0.9375
2026-06-24 17:56:34,750 - INFO - Best instance 0.9625, class 0.9625 (epoch 69)
Best instance 0.9625, class 0.9625 (epoch 69)
2026-06-24 17:56:34,767 - INFO - Epoch 120/200:
Epoch 120/200:
2026-06-24 17:56:37,391 - INFO - Train loss: 0.4652 (2.6s)
Train loss: 0.4652 (2.6s)
2026-06-24 17:56:37,647 - INFO - Test instance 0.9375, class 0.9375
Test instance 0.9375, class 0.9375
2026-06-24 17:56:37,647 - INFO - Best instance 0.9625, class 0.9625 (epoch 69)
Best instance 0.9625, class 0.9625 (epoch 69)
2026-06-24 17:56:37,664 - INFO - Epoch 121/200:
Epoch 121/200:
2026-06-24 17:56:40,292 - INFO - Train loss: 0.4541 (2.6s)
Train loss: 0.4541 (2.6s)
2026-06-24 17:56:40,545 - INFO - Test instance 0.9625, class 0.9625
Test instance 0.9625, class 0.9625
2026-06-24 17:56:40,546 - INFO - Best instance 0.9625, class 0.9625 (epoch 69)
Best instance 0.9625, class 0.9625 (epoch 69)
2026-06-24 17:56:40,563 - INFO - Epoch 122/200:
Epoch 122/200:
2026-06-24 17:56:43,167 - INFO - Train loss: 0.4603 (2.6s)
Train loss: 0.4603 (2.6s)
2026-06-24 17:56:43,419 - INFO - Test instance 0.8750, class 0.8750
Test instance 0.8750, class 0.8750
2026-06-24 17:56:43,419 - INFO - Best instance 0.9625, class 0.9625 (epoch 69)
Best instance 0.9625, class 0.9625 (epoch 69)
2026-06-24 17:56:43,436 - INFO - Epoch 123/200:
Epoch 123/200:
2026-06-24 17:56:46,068 - INFO - Train loss: 0.4606 (2.6s)
Train loss: 0.4606 (2.6s)
2026-06-24 17:56:46,327 - INFO - Test instance 0.9625, class 0.9625
Test instance 0.9625, class 0.9625
2026-06-24 17:56:46,327 - INFO - Best instance 0.9625, class 0.9625 (epoch 69)
Best instance 0.9625, class 0.9625 (epoch 69)
2026-06-24 17:56:46,344 - INFO - Epoch 124/200:
Epoch 124/200:
2026-06-24 17:56:48,981 - INFO - Train loss: 0.4591 (2.6s)
Train loss: 0.4591 (2.6s)
2026-06-24 17:56:49,242 - INFO - Test instance 0.9625, class 0.9625
Test instance 0.9625, class 0.9625
2026-06-24 17:56:49,243 - INFO - Best instance 0.9625, class 0.9625 (epoch 69)
Best instance 0.9625, class 0.9625 (epoch 69)
2026-06-24 17:56:49,260 - INFO - Epoch 125/200:
Epoch 125/200:
2026-06-24 17:56:51,888 - INFO - Train loss: 0.4582 (2.6s)
Train loss: 0.4582 (2.6s)
2026-06-24 17:56:52,139 - INFO - Test instance 0.9250, class 0.9250
Test instance 0.9250, class 0.9250
2026-06-24 17:56:52,139 - INFO - Best instance 0.9625, class 0.9625 (epoch 69)
Best instance 0.9625, class 0.9625 (epoch 69)
2026-06-24 17:56:52,156 - INFO - Epoch 126/200:
Epoch 126/200:
2026-06-24 17:56:54,790 - INFO - Train loss: 0.4740 (2.6s)
Train loss: 0.4740 (2.6s)
2026-06-24 17:56:55,044 - INFO - Test instance 0.9375, class 0.9375
Test instance 0.9375, class 0.9375
2026-06-24 17:56:55,045 - INFO - Best instance 0.9625, class 0.9625 (epoch 69)
Best instance 0.9625, class 0.9625 (epoch 69)
2026-06-24 17:56:55,062 - INFO - Epoch 127/200:
Epoch 127/200:
2026-06-24 17:56:57,701 - INFO - Train loss: 0.4641 (2.6s)
Train loss: 0.4641 (2.6s)
2026-06-24 17:56:57,955 - INFO - Test instance 0.9125, class 0.9125
Test instance 0.9125, class 0.9125
2026-06-24 17:56:57,956 - INFO - Best instance 0.9625, class 0.9625 (epoch 69)
Best instance 0.9625, class 0.9625 (epoch 69)
2026-06-24 17:56:57,973 - INFO - Epoch 128/200:
Epoch 128/200:
2026-06-24 17:57:00,613 - INFO - Train loss: 0.4574 (2.6s)
Train loss: 0.4574 (2.6s)
2026-06-24 17:57:00,872 - INFO - Test instance 0.9500, class 0.9500
Test instance 0.9500, class 0.9500
2026-06-24 17:57:00,873 - INFO - Best instance 0.9625, class 0.9625 (epoch 69)
Best instance 0.9625, class 0.9625 (epoch 69)
2026-06-24 17:57:00,890 - INFO - Epoch 129/200:
Epoch 129/200:
2026-06-24 17:57:03,564 - INFO - Train loss: 0.4585 (2.7s)
Train loss: 0.4585 (2.7s)
2026-06-24 17:57:03,816 - INFO - Test instance 0.9625, class 0.9625
Test instance 0.9625, class 0.9625
2026-06-24 17:57:03,817 - INFO - Best instance 0.9625, class 0.9625 (epoch 69)
Best instance 0.9625, class 0.9625 (epoch 69)
2026-06-24 17:57:03,834 - INFO - Epoch 130/200:
Epoch 130/200:
2026-06-24 17:57:06,476 - INFO - Train loss: 0.4585 (2.6s)
Train loss: 0.4585 (2.6s)
2026-06-24 17:57:06,733 - INFO - Test instance 0.9625, class 0.9625
Test instance 0.9625, class 0.9625
2026-06-24 17:57:06,733 - INFO - Best instance 0.9625, class 0.9625 (epoch 69)
Best instance 0.9625, class 0.9625 (epoch 69)
2026-06-24 17:57:06,750 - INFO - Epoch 131/200:
Epoch 131/200:
2026-06-24 17:57:09,375 - INFO - Train loss: 0.4582 (2.6s)
Train loss: 0.4582 (2.6s)
2026-06-24 17:57:09,630 - INFO - Test instance 0.9250, class 0.9250
Test instance 0.9250, class 0.9250
2026-06-24 17:57:09,630 - INFO - Best instance 0.9625, class 0.9625 (epoch 69)
Best instance 0.9625, class 0.9625 (epoch 69)
2026-06-24 17:57:09,647 - INFO - Epoch 132/200:
Epoch 132/200:
2026-06-24 17:57:12,297 - INFO - Train loss: 0.4471 (2.6s)
Train loss: 0.4471 (2.6s)
2026-06-24 17:57:12,555 - INFO - Test instance 0.9625, class 0.9625
Test instance 0.9625, class 0.9625
2026-06-24 17:57:12,555 - INFO - Best instance 0.9625, class 0.9625 (epoch 69)
Best instance 0.9625, class 0.9625 (epoch 69)
2026-06-24 17:57:12,572 - INFO - Epoch 133/200:
Epoch 133/200:
2026-06-24 17:57:15,224 - INFO - Train loss: 0.4573 (2.7s)
Train loss: 0.4573 (2.7s)
2026-06-24 17:57:15,483 - INFO - Test instance 0.9250, class 0.9250
Test instance 0.9250, class 0.9250
2026-06-24 17:57:15,483 - INFO - Best instance 0.9625, class 0.9625 (epoch 69)
Best instance 0.9625, class 0.9625 (epoch 69)
2026-06-24 17:57:15,501 - INFO - Epoch 134/200:
Epoch 134/200:
2026-06-24 17:57:18,123 - INFO - Train loss: 0.4507 (2.6s)
Train loss: 0.4507 (2.6s)
2026-06-24 17:57:18,379 - INFO - Test instance 0.9500, class 0.9500
Test instance 0.9500, class 0.9500
2026-06-24 17:57:18,379 - INFO - Best instance 0.9625, class 0.9625 (epoch 69)
Best instance 0.9625, class 0.9625 (epoch 69)
2026-06-24 17:57:18,397 - INFO - Epoch 135/200:
Epoch 135/200:
2026-06-24 17:57:21,031 - INFO - Train loss: 0.4570 (2.6s)
Train loss: 0.4570 (2.6s)
2026-06-24 17:57:21,282 - INFO - Test instance 0.9500, class 0.9500
Test instance 0.9500, class 0.9500
2026-06-24 17:57:21,282 - INFO - Best instance 0.9625, class 0.9625 (epoch 69)
Best instance 0.9625, class 0.9625 (epoch 69)
2026-06-24 17:57:21,299 - INFO - Epoch 136/200:
Epoch 136/200:
2026-06-24 17:57:23,932 - INFO - Train loss: 0.4555 (2.6s)
Train loss: 0.4555 (2.6s)
2026-06-24 17:57:24,196 - INFO - Test instance 0.9125, class 0.9125
Test instance 0.9125, class 0.9125
2026-06-24 17:57:24,196 - INFO - Best instance 0.9625, class 0.9625 (epoch 69)
Best instance 0.9625, class 0.9625 (epoch 69)
2026-06-24 17:57:24,213 - INFO - Epoch 137/200:
Epoch 137/200:
2026-06-24 17:57:26,866 - INFO - Train loss: 0.4675 (2.7s)
Train loss: 0.4675 (2.7s)
2026-06-24 17:57:27,126 - INFO - Test instance 0.9125, class 0.9125
Test instance 0.9125, class 0.9125
2026-06-24 17:57:27,126 - INFO - Best instance 0.9625, class 0.9625 (epoch 69)
Best instance 0.9625, class 0.9625 (epoch 69)
2026-06-24 17:57:27,143 - INFO - Epoch 138/200:
Epoch 138/200:
2026-06-24 17:57:29,770 - INFO - Train loss: 0.4539 (2.6s)
Train loss: 0.4539 (2.6s)
2026-06-24 17:57:30,022 - INFO - Test instance 0.9750, class 0.9750
Test instance 0.9750, class 0.9750
2026-06-24 17:57:30,040 - INFO - Best instance 0.9750, class 0.9750 (epoch 138)
Best instance 0.9750, class 0.9750 (epoch 138)
2026-06-24 17:57:30,056 - INFO - Epoch 139/200:
Epoch 139/200:
2026-06-24 17:57:32,673 - INFO - Train loss: 0.4648 (2.6s)
Train loss: 0.4648 (2.6s)
2026-06-24 17:57:32,934 - INFO - Test instance 0.9750, class 0.9750
Test instance 0.9750, class 0.9750
2026-06-24 17:57:32,935 - INFO - Best instance 0.9750, class 0.9750 (epoch 138)
Best instance 0.9750, class 0.9750 (epoch 138)
2026-06-24 17:57:32,952 - INFO - Epoch 140/200:
Epoch 140/200:
2026-06-24 17:57:35,576 - INFO - Train loss: 0.4609 (2.6s)
Train loss: 0.4609 (2.6s)
2026-06-24 17:57:35,831 - INFO - Test instance 0.9375, class 0.9375
Test instance 0.9375, class 0.9375
2026-06-24 17:57:35,832 - INFO - Best instance 0.9750, class 0.9750 (epoch 138)
Best instance 0.9750, class 0.9750 (epoch 138)
2026-06-24 17:57:35,849 - INFO - Epoch 141/200:
Epoch 141/200:
2026-06-24 17:57:38,491 - INFO - Train loss: 0.4737 (2.6s)
Train loss: 0.4737 (2.6s)
2026-06-24 17:57:38,746 - INFO - Test instance 0.9125, class 0.9125
Test instance 0.9125, class 0.9125
2026-06-24 17:57:38,746 - INFO - Best instance 0.9750, class 0.9750 (epoch 138)
Best instance 0.9750, class 0.9750 (epoch 138)
2026-06-24 17:57:38,763 - INFO - Epoch 142/200:
Epoch 142/200:
2026-06-24 17:57:41,389 - INFO - Train loss: 0.4613 (2.6s)
Train loss: 0.4613 (2.6s)
2026-06-24 17:57:41,642 - INFO - Test instance 0.9500, class 0.9500
Test instance 0.9500, class 0.9500
2026-06-24 17:57:41,642 - INFO - Best instance 0.9750, class 0.9750 (epoch 138)
Best instance 0.9750, class 0.9750 (epoch 138)
2026-06-24 17:57:41,660 - INFO - Epoch 143/200:
Epoch 143/200:
2026-06-24 17:57:44,279 - INFO - Train loss: 0.4660 (2.6s)
Train loss: 0.4660 (2.6s)
2026-06-24 17:57:44,542 - INFO - Test instance 0.9625, class 0.9625
Test instance 0.9625, class 0.9625
2026-06-24 17:57:44,542 - INFO - Best instance 0.9750, class 0.9750 (epoch 138)
Best instance 0.9750, class 0.9750 (epoch 138)
2026-06-24 17:57:44,559 - INFO - Epoch 144/200:
Epoch 144/200:
2026-06-24 17:57:47,213 - INFO - Train loss: 0.4562 (2.7s)
Train loss: 0.4562 (2.7s)
2026-06-24 17:57:47,474 - INFO - Test instance 0.9500, class 0.9500
Test instance 0.9500, class 0.9500
2026-06-24 17:57:47,475 - INFO - Best instance 0.9750, class 0.9750 (epoch 138)
Best instance 0.9750, class 0.9750 (epoch 138)
2026-06-24 17:57:47,492 - INFO - Epoch 145/200:
Epoch 145/200:
2026-06-24 17:57:50,133 - INFO - Train loss: 0.4506 (2.6s)
Train loss: 0.4506 (2.6s)
2026-06-24 17:57:50,391 - INFO - Test instance 0.9750, class 0.9750
Test instance 0.9750, class 0.9750
2026-06-24 17:57:50,391 - INFO - Best instance 0.9750, class 0.9750 (epoch 138)
Best instance 0.9750, class 0.9750 (epoch 138)
2026-06-24 17:57:50,408 - INFO - Epoch 146/200:
Epoch 146/200:
2026-06-24 17:57:53,050 - INFO - Train loss: 0.4533 (2.6s)
Train loss: 0.4533 (2.6s)
2026-06-24 17:57:53,306 - INFO - Test instance 0.9375, class 0.9375
Test instance 0.9375, class 0.9375
2026-06-24 17:57:53,306 - INFO - Best instance 0.9750, class 0.9750 (epoch 138)
Best instance 0.9750, class 0.9750 (epoch 138)
2026-06-24 17:57:53,323 - INFO - Epoch 147/200:
Epoch 147/200:
2026-06-24 17:57:55,944 - INFO - Train loss: 0.4647 (2.6s)
Train loss: 0.4647 (2.6s)
2026-06-24 17:57:56,198 - INFO - Test instance 0.9375, class 0.9375
Test instance 0.9375, class 0.9375
2026-06-24 17:57:56,198 - INFO - Best instance 0.9750, class 0.9750 (epoch 138)
Best instance 0.9750, class 0.9750 (epoch 138)
2026-06-24 17:57:56,215 - INFO - Epoch 148/200:
Epoch 148/200:
2026-06-24 17:57:58,833 - INFO - Train loss: 0.4629 (2.6s)
Train loss: 0.4629 (2.6s)
2026-06-24 17:57:59,089 - INFO - Test instance 0.9250, class 0.9250
Test instance 0.9250, class 0.9250
2026-06-24 17:57:59,089 - INFO - Best instance 0.9750, class 0.9750 (epoch 138)
Best instance 0.9750, class 0.9750 (epoch 138)
2026-06-24 17:57:59,108 - INFO - Epoch 149/200:
Epoch 149/200:
2026-06-24 17:58:01,745 - INFO - Train loss: 0.4471 (2.6s)
Train loss: 0.4471 (2.6s)
2026-06-24 17:58:02,016 - INFO - Test instance 0.9250, class 0.9250
Test instance 0.9250, class 0.9250
2026-06-24 17:58:02,017 - INFO - Best instance 0.9750, class 0.9750 (epoch 138)
Best instance 0.9750, class 0.9750 (epoch 138)
2026-06-24 17:58:02,035 - INFO - Epoch 150/200:
Epoch 150/200:
2026-06-24 17:58:04,678 - INFO - Train loss: 0.4523 (2.6s)
Train loss: 0.4523 (2.6s)
2026-06-24 17:58:04,938 - INFO - Test instance 0.9625, class 0.9625
Test instance 0.9625, class 0.9625
2026-06-24 17:58:04,939 - INFO - Best instance 0.9750, class 0.9750 (epoch 138)
Best instance 0.9750, class 0.9750 (epoch 138)
2026-06-24 17:58:04,956 - INFO - Epoch 151/200:
Epoch 151/200:
2026-06-24 17:58:07,594 - INFO - Train loss: 0.4641 (2.6s)
Train loss: 0.4641 (2.6s)
2026-06-24 17:58:07,853 - INFO - Test instance 0.9125, class 0.9125
Test instance 0.9125, class 0.9125
2026-06-24 17:58:07,853 - INFO - Best instance 0.9750, class 0.9750 (epoch 138)
Best instance 0.9750, class 0.9750 (epoch 138)
2026-06-24 17:58:07,871 - INFO - Epoch 152/200:
Epoch 152/200:
2026-06-24 17:58:10,446 - INFO - Train loss: 0.4337 (2.6s)
Train loss: 0.4337 (2.6s)
2026-06-24 17:58:10,707 - INFO - Test instance 0.9500, class 0.9500
Test instance 0.9500, class 0.9500
2026-06-24 17:58:10,707 - INFO - Best instance 0.9750, class 0.9750 (epoch 138)
Best instance 0.9750, class 0.9750 (epoch 138)
2026-06-24 17:58:10,724 - INFO - Epoch 153/200:
Epoch 153/200:
2026-06-24 17:58:13,368 - INFO - Train loss: 0.4681 (2.6s)
Train loss: 0.4681 (2.6s)
2026-06-24 17:58:13,631 - INFO - Test instance 0.8875, class 0.8875
Test instance 0.8875, class 0.8875
2026-06-24 17:58:13,632 - INFO - Best instance 0.9750, class 0.9750 (epoch 138)
Best instance 0.9750, class 0.9750 (epoch 138)
2026-06-24 17:58:13,650 - INFO - Epoch 154/200:
Epoch 154/200:
2026-06-24 17:58:16,277 - INFO - Train loss: 0.4509 (2.6s)
Train loss: 0.4509 (2.6s)
2026-06-24 17:58:16,533 - INFO - Test instance 0.9625, class 0.9625
Test instance 0.9625, class 0.9625
2026-06-24 17:58:16,533 - INFO - Best instance 0.9750, class 0.9750 (epoch 138)
Best instance 0.9750, class 0.9750 (epoch 138)
2026-06-24 17:58:16,550 - INFO - Epoch 155/200:
Epoch 155/200:
2026-06-24 17:58:19,171 - INFO - Train loss: 0.4513 (2.6s)
Train loss: 0.4513 (2.6s)
2026-06-24 17:58:19,433 - INFO - Test instance 0.9625, class 0.9625
Test instance 0.9625, class 0.9625
2026-06-24 17:58:19,433 - INFO - Best instance 0.9750, class 0.9750 (epoch 138)
Best instance 0.9750, class 0.9750 (epoch 138)
2026-06-24 17:58:19,452 - INFO - Epoch 156/200:
Epoch 156/200:
2026-06-24 17:58:22,078 - INFO - Train loss: 0.4622 (2.6s)
Train loss: 0.4622 (2.6s)
2026-06-24 17:58:22,336 - INFO - Test instance 0.9500, class 0.9500
Test instance 0.9500, class 0.9500
2026-06-24 17:58:22,336 - INFO - Best instance 0.9750, class 0.9750 (epoch 138)
Best instance 0.9750, class 0.9750 (epoch 138)
2026-06-24 17:58:22,354 - INFO - Epoch 157/200:
Epoch 157/200:
2026-06-24 17:58:24,980 - INFO - Train loss: 0.4617 (2.6s)
Train loss: 0.4617 (2.6s)
2026-06-24 17:58:25,238 - INFO - Test instance 0.9500, class 0.9500
Test instance 0.9500, class 0.9500
2026-06-24 17:58:25,238 - INFO - Best instance 0.9750, class 0.9750 (epoch 138)
Best instance 0.9750, class 0.9750 (epoch 138)
2026-06-24 17:58:25,256 - INFO - Epoch 158/200:
Epoch 158/200:
2026-06-24 17:58:27,894 - INFO - Train loss: 0.4599 (2.6s)
Train loss: 0.4599 (2.6s)
2026-06-24 17:58:28,144 - INFO - Test instance 0.9375, class 0.9375
Test instance 0.9375, class 0.9375
2026-06-24 17:58:28,144 - INFO - Best instance 0.9750, class 0.9750 (epoch 138)
Best instance 0.9750, class 0.9750 (epoch 138)
2026-06-24 17:58:28,162 - INFO - Epoch 159/200:
Epoch 159/200:
2026-06-24 17:58:30,785 - INFO - Train loss: 0.4484 (2.6s)
Train loss: 0.4484 (2.6s)
2026-06-24 17:58:31,043 - INFO - Test instance 0.9625, class 0.9625
Test instance 0.9625, class 0.9625
2026-06-24 17:58:31,044 - INFO - Best instance 0.9750, class 0.9750 (epoch 138)
Best instance 0.9750, class 0.9750 (epoch 138)
2026-06-24 17:58:31,061 - INFO - Epoch 160/200:
Epoch 160/200:
2026-06-24 17:58:33,700 - INFO - Train loss: 0.4595 (2.6s)
Train loss: 0.4595 (2.6s)
2026-06-24 17:58:33,955 - INFO - Test instance 0.9500, class 0.9500
Test instance 0.9500, class 0.9500
2026-06-24 17:58:33,955 - INFO - Best instance 0.9750, class 0.9750 (epoch 138)
Best instance 0.9750, class 0.9750 (epoch 138)
2026-06-24 17:58:33,973 - INFO - Epoch 161/200:
Epoch 161/200:
2026-06-24 17:58:36,611 - INFO - Train loss: 0.4503 (2.6s)
Train loss: 0.4503 (2.6s)
2026-06-24 17:58:36,864 - INFO - Test instance 0.9375, class 0.9375
Test instance 0.9375, class 0.9375
2026-06-24 17:58:36,864 - INFO - Best instance 0.9750, class 0.9750 (epoch 138)
Best instance 0.9750, class 0.9750 (epoch 138)
2026-06-24 17:58:36,882 - INFO - Epoch 162/200:
Epoch 162/200:
2026-06-24 17:58:39,525 - INFO - Train loss: 0.4578 (2.6s)
Train loss: 0.4578 (2.6s)
2026-06-24 17:58:39,782 - INFO - Test instance 0.9625, class 0.9625
Test instance 0.9625, class 0.9625
2026-06-24 17:58:39,783 - INFO - Best instance 0.9750, class 0.9750 (epoch 138)
Best instance 0.9750, class 0.9750 (epoch 138)
2026-06-24 17:58:39,800 - INFO - Epoch 163/200:
Epoch 163/200:
2026-06-24 17:58:42,434 - INFO - Train loss: 0.4642 (2.6s)
Train loss: 0.4642 (2.6s)
2026-06-24 17:58:42,693 - INFO - Test instance 0.9250, class 0.9250
Test instance 0.9250, class 0.9250
2026-06-24 17:58:42,694 - INFO - Best instance 0.9750, class 0.9750 (epoch 138)
Best instance 0.9750, class 0.9750 (epoch 138)
2026-06-24 17:58:42,712 - INFO - Epoch 164/200:
Epoch 164/200:
2026-06-24 17:58:45,354 - INFO - Train loss: 0.4485 (2.6s)
Train loss: 0.4485 (2.6s)
2026-06-24 17:58:45,611 - INFO - Test instance 0.9500, class 0.9500
Test instance 0.9500, class 0.9500
2026-06-24 17:58:45,612 - INFO - Best instance 0.9750, class 0.9750 (epoch 138)
Best instance 0.9750, class 0.9750 (epoch 138)
2026-06-24 17:58:45,630 - INFO - Epoch 165/200:
Epoch 165/200:
2026-06-24 17:58:48,253 - INFO - Train loss: 0.4566 (2.6s)
Train loss: 0.4566 (2.6s)
2026-06-24 17:58:48,511 - INFO - Test instance 0.9625, class 0.9625
Test instance 0.9625, class 0.9625
2026-06-24 17:58:48,511 - INFO - Best instance 0.9750, class 0.9750 (epoch 138)
Best instance 0.9750, class 0.9750 (epoch 138)
2026-06-24 17:58:48,540 - INFO - Epoch 166/200:
Epoch 166/200:
2026-06-24 17:58:51,182 - INFO - Train loss: 0.4577 (2.6s)
Train loss: 0.4577 (2.6s)
2026-06-24 17:58:51,445 - INFO - Test instance 0.9375, class 0.9375
Test instance 0.9375, class 0.9375
2026-06-24 17:58:51,445 - INFO - Best instance 0.9750, class 0.9750 (epoch 138)
Best instance 0.9750, class 0.9750 (epoch 138)
2026-06-24 17:58:51,464 - INFO - Epoch 167/200:
Epoch 167/200:
2026-06-24 17:58:54,108 - INFO - Train loss: 0.4426 (2.6s)
Train loss: 0.4426 (2.6s)
2026-06-24 17:58:54,366 - INFO - Test instance 0.9875, class 0.9875
Test instance 0.9875, class 0.9875
2026-06-24 17:58:54,383 - INFO - Best instance 0.9875, class 0.9875 (epoch 167)
Best instance 0.9875, class 0.9875 (epoch 167)
2026-06-24 17:58:54,400 - INFO - Epoch 168/200:
Epoch 168/200:
2026-06-24 17:58:57,038 - INFO - Train loss: 0.4436 (2.6s)
Train loss: 0.4436 (2.6s)
2026-06-24 17:58:57,290 - INFO - Test instance 0.9625, class 0.9625
Test instance 0.9625, class 0.9625
2026-06-24 17:58:57,290 - INFO - Best instance 0.9875, class 0.9875 (epoch 167)
Best instance 0.9875, class 0.9875 (epoch 167)
2026-06-24 17:58:57,307 - INFO - Epoch 169/200:
Epoch 169/200:
2026-06-24 17:58:59,947 - INFO - Train loss: 0.4467 (2.6s)
Train loss: 0.4467 (2.6s)
2026-06-24 17:59:00,203 - INFO - Test instance 0.9750, class 0.9750
Test instance 0.9750, class 0.9750
2026-06-24 17:59:00,204 - INFO - Best instance 0.9875, class 0.9875 (epoch 167)
Best instance 0.9875, class 0.9875 (epoch 167)
2026-06-24 17:59:00,222 - INFO - Epoch 170/200:
Epoch 170/200:
2026-06-24 17:59:02,898 - INFO - Train loss: 0.4575 (2.7s)
Train loss: 0.4575 (2.7s)
2026-06-24 17:59:03,165 - INFO - Test instance 0.9750, class 0.9750
Test instance 0.9750, class 0.9750
2026-06-24 17:59:03,166 - INFO - Best instance 0.9875, class 0.9875 (epoch 167)
Best instance 0.9875, class 0.9875 (epoch 167)
2026-06-24 17:59:03,192 - INFO - Epoch 171/200:
Epoch 171/200:
2026-06-24 17:59:05,815 - INFO - Train loss: 0.4433 (2.6s)
Train loss: 0.4433 (2.6s)
2026-06-24 17:59:06,070 - INFO - Test instance 0.9750, class 0.9750
Test instance 0.9750, class 0.9750
2026-06-24 17:59:06,070 - INFO - Best instance 0.9875, class 0.9875 (epoch 167)
Best instance 0.9875, class 0.9875 (epoch 167)
2026-06-24 17:59:06,088 - INFO - Epoch 172/200:
Epoch 172/200:
2026-06-24 17:59:08,722 - INFO - Train loss: 0.4501 (2.6s)
Train loss: 0.4501 (2.6s)
2026-06-24 17:59:08,978 - INFO - Test instance 0.9625, class 0.9625
Test instance 0.9625, class 0.9625
2026-06-24 17:59:08,979 - INFO - Best instance 0.9875, class 0.9875 (epoch 167)
Best instance 0.9875, class 0.9875 (epoch 167)
2026-06-24 17:59:08,997 - INFO - Epoch 173/200:
Epoch 173/200:
2026-06-24 17:59:11,635 - INFO - Train loss: 0.4519 (2.6s)
Train loss: 0.4519 (2.6s)
2026-06-24 17:59:11,890 - INFO - Test instance 0.9500, class 0.9500
Test instance 0.9500, class 0.9500
2026-06-24 17:59:11,890 - INFO - Best instance 0.9875, class 0.9875 (epoch 167)
Best instance 0.9875, class 0.9875 (epoch 167)
2026-06-24 17:59:11,908 - INFO - Epoch 174/200:
Epoch 174/200:
2026-06-24 17:59:14,537 - INFO - Train loss: 0.4683 (2.6s)
Train loss: 0.4683 (2.6s)
2026-06-24 17:59:14,796 - INFO - Test instance 0.9625, class 0.9625
Test instance 0.9625, class 0.9625
2026-06-24 17:59:14,797 - INFO - Best instance 0.9875, class 0.9875 (epoch 167)
Best instance 0.9875, class 0.9875 (epoch 167)
2026-06-24 17:59:14,815 - INFO - Epoch 175/200:
Epoch 175/200:
2026-06-24 17:59:17,454 - INFO - Train loss: 0.4586 (2.6s)
Train loss: 0.4586 (2.6s)
2026-06-24 17:59:17,703 - INFO - Test instance 0.9750, class 0.9750
Test instance 0.9750, class 0.9750
2026-06-24 17:59:17,704 - INFO - Best instance 0.9875, class 0.9875 (epoch 167)
Best instance 0.9875, class 0.9875 (epoch 167)
2026-06-24 17:59:17,722 - INFO - Epoch 176/200:
Epoch 176/200:
2026-06-24 17:59:20,379 - INFO - Train loss: 0.4512 (2.7s)
Train loss: 0.4512 (2.7s)
2026-06-24 17:59:20,633 - INFO - Test instance 0.9750, class 0.9750
Test instance 0.9750, class 0.9750
2026-06-24 17:59:20,633 - INFO - Best instance 0.9875, class 0.9875 (epoch 167)
Best instance 0.9875, class 0.9875 (epoch 167)
2026-06-24 17:59:20,652 - INFO - Epoch 177/200:
Epoch 177/200:
2026-06-24 17:59:23,266 - INFO - Train loss: 0.4520 (2.6s)
Train loss: 0.4520 (2.6s)
2026-06-24 17:59:23,527 - INFO - Test instance 0.9000, class 0.9000
Test instance 0.9000, class 0.9000
2026-06-24 17:59:23,527 - INFO - Best instance 0.9875, class 0.9875 (epoch 167)
Best instance 0.9875, class 0.9875 (epoch 167)
2026-06-24 17:59:23,545 - INFO - Epoch 178/200:
Epoch 178/200:
2026-06-24 17:59:26,160 - INFO - Train loss: 0.4484 (2.6s)
Train loss: 0.4484 (2.6s)
2026-06-24 17:59:26,412 - INFO - Test instance 0.9625, class 0.9625
Test instance 0.9625, class 0.9625
2026-06-24 17:59:26,413 - INFO - Best instance 0.9875, class 0.9875 (epoch 167)
Best instance 0.9875, class 0.9875 (epoch 167)
2026-06-24 17:59:26,430 - INFO - Epoch 179/200:
Epoch 179/200:
2026-06-24 17:59:29,062 - INFO - Train loss: 0.4467 (2.6s)
Train loss: 0.4467 (2.6s)
2026-06-24 17:59:29,314 - INFO - Test instance 0.9375, class 0.9375
Test instance 0.9375, class 0.9375
2026-06-24 17:59:29,314 - INFO - Best instance 0.9875, class 0.9875 (epoch 167)
Best instance 0.9875, class 0.9875 (epoch 167)
2026-06-24 17:59:29,332 - INFO - Epoch 180/200:
Epoch 180/200:
2026-06-24 17:59:31,951 - INFO - Train loss: 0.4508 (2.6s)
Train loss: 0.4508 (2.6s)
2026-06-24 17:59:32,207 - INFO - Test instance 0.9625, class 0.9625
Test instance 0.9625, class 0.9625
2026-06-24 17:59:32,207 - INFO - Best instance 0.9875, class 0.9875 (epoch 167)
Best instance 0.9875, class 0.9875 (epoch 167)
2026-06-24 17:59:32,226 - INFO - Epoch 181/200:
Epoch 181/200:
2026-06-24 17:59:34,876 - INFO - Train loss: 0.4434 (2.7s)
Train loss: 0.4434 (2.7s)
2026-06-24 17:59:35,132 - INFO - Test instance 0.9750, class 0.9750
Test instance 0.9750, class 0.9750
2026-06-24 17:59:35,132 - INFO - Best instance 0.9875, class 0.9875 (epoch 167)
Best instance 0.9875, class 0.9875 (epoch 167)
2026-06-24 17:59:35,150 - INFO - Epoch 182/200:
Epoch 182/200:
2026-06-24 17:59:37,773 - INFO - Train loss: 0.4687 (2.6s)
Train loss: 0.4687 (2.6s)
2026-06-24 17:59:38,031 - INFO - Test instance 0.9750, class 0.9750
Test instance 0.9750, class 0.9750
2026-06-24 17:59:38,032 - INFO - Best instance 0.9875, class 0.9875 (epoch 167)
Best instance 0.9875, class 0.9875 (epoch 167)
2026-06-24 17:59:38,050 - INFO - Epoch 183/200:
Epoch 183/200:
2026-06-24 17:59:40,672 - INFO - Train loss: 0.4518 (2.6s)
Train loss: 0.4518 (2.6s)
2026-06-24 17:59:40,923 - INFO - Test instance 0.9625, class 0.9625
Test instance 0.9625, class 0.9625
2026-06-24 17:59:40,923 - INFO - Best instance 0.9875, class 0.9875 (epoch 167)
Best instance 0.9875, class 0.9875 (epoch 167)
2026-06-24 17:59:40,942 - INFO - Epoch 184/200:
Epoch 184/200:
2026-06-24 17:59:43,583 - INFO - Train loss: 0.4555 (2.6s)
Train loss: 0.4555 (2.6s)
2026-06-24 17:59:43,842 - INFO - Test instance 0.9625, class 0.9625
Test instance 0.9625, class 0.9625
2026-06-24 17:59:43,842 - INFO - Best instance 0.9875, class 0.9875 (epoch 167)
Best instance 0.9875, class 0.9875 (epoch 167)
2026-06-24 17:59:43,860 - INFO - Epoch 185/200:
Epoch 185/200:
2026-06-24 17:59:46,484 - INFO - Train loss: 0.4466 (2.6s)
Train loss: 0.4466 (2.6s)
2026-06-24 17:59:46,750 - INFO - Test instance 0.9500, class 0.9500
Test instance 0.9500, class 0.9500
2026-06-24 17:59:46,750 - INFO - Best instance 0.9875, class 0.9875 (epoch 167)
Best instance 0.9875, class 0.9875 (epoch 167)
2026-06-24 17:59:46,768 - INFO - Epoch 186/200:
Epoch 186/200:
2026-06-24 17:59:49,416 - INFO - Train loss: 0.4503 (2.6s)
Train loss: 0.4503 (2.6s)
2026-06-24 17:59:49,671 - INFO - Test instance 0.9375, class 0.9375
Test instance 0.9375, class 0.9375
2026-06-24 17:59:49,671 - INFO - Best instance 0.9875, class 0.9875 (epoch 167)
Best instance 0.9875, class 0.9875 (epoch 167)
2026-06-24 17:59:49,688 - INFO - Epoch 187/200:
Epoch 187/200:
2026-06-24 17:59:52,306 - INFO - Train loss: 0.4620 (2.6s)
Train loss: 0.4620 (2.6s)
2026-06-24 17:59:52,554 - INFO - Test instance 0.9750, class 0.9750
Test instance 0.9750, class 0.9750
2026-06-24 17:59:52,554 - INFO - Best instance 0.9875, class 0.9875 (epoch 167)
Best instance 0.9875, class 0.9875 (epoch 167)
2026-06-24 17:59:52,571 - INFO - Epoch 188/200:
Epoch 188/200:
2026-06-24 17:59:55,204 - INFO - Train loss: 0.4511 (2.6s)
Train loss: 0.4511 (2.6s)
2026-06-24 17:59:55,457 - INFO - Test instance 0.9625, class 0.9625
Test instance 0.9625, class 0.9625
2026-06-24 17:59:55,457 - INFO - Best instance 0.9875, class 0.9875 (epoch 167)
Best instance 0.9875, class 0.9875 (epoch 167)
2026-06-24 17:59:55,475 - INFO - Epoch 189/200:
Epoch 189/200:
2026-06-24 17:59:58,102 - INFO - Train loss: 0.4431 (2.6s)
Train loss: 0.4431 (2.6s)
2026-06-24 17:59:58,354 - INFO - Test instance 0.9500, class 0.9500
Test instance 0.9500, class 0.9500
2026-06-24 17:59:58,355 - INFO - Best instance 0.9875, class 0.9875 (epoch 167)
Best instance 0.9875, class 0.9875 (epoch 167)
2026-06-24 17:59:58,373 - INFO - Epoch 190/200:
Epoch 190/200:
2026-06-24 18:00:01,003 - INFO - Train loss: 0.4380 (2.6s)
Train loss: 0.4380 (2.6s)
2026-06-24 18:00:01,248 - INFO - Test instance 0.9875, class 0.9875
Test instance 0.9875, class 0.9875
2026-06-24 18:00:01,248 - INFO - Best instance 0.9875, class 0.9875 (epoch 167)
Best instance 0.9875, class 0.9875 (epoch 167)
2026-06-24 18:00:01,266 - INFO - Epoch 191/200:
Epoch 191/200:
2026-06-24 18:00:03,957 - INFO - Train loss: 0.4531 (2.7s)
Train loss: 0.4531 (2.7s)
2026-06-24 18:00:04,213 - INFO - Test instance 0.9750, class 0.9750
Test instance 0.9750, class 0.9750
2026-06-24 18:00:04,213 - INFO - Best instance 0.9875, class 0.9875 (epoch 167)
Best instance 0.9875, class 0.9875 (epoch 167)
2026-06-24 18:00:04,232 - INFO - Epoch 192/200:
Epoch 192/200:
2026-06-24 18:00:06,855 - INFO - Train loss: 0.4636 (2.6s)
Train loss: 0.4636 (2.6s)
2026-06-24 18:00:07,118 - INFO - Test instance 0.9625, class 0.9625
Test instance 0.9625, class 0.9625
2026-06-24 18:00:07,119 - INFO - Best instance 0.9875, class 0.9875 (epoch 167)
Best instance 0.9875, class 0.9875 (epoch 167)
2026-06-24 18:00:07,136 - INFO - Epoch 193/200:
Epoch 193/200:
2026-06-24 18:00:09,779 - INFO - Train loss: 0.4484 (2.6s)
Train loss: 0.4484 (2.6s)
2026-06-24 18:00:10,038 - INFO - Test instance 0.9625, class 0.9625
Test instance 0.9625, class 0.9625
2026-06-24 18:00:10,038 - INFO - Best instance 0.9875, class 0.9875 (epoch 167)
Best instance 0.9875, class 0.9875 (epoch 167)
2026-06-24 18:00:10,055 - INFO - Epoch 194/200:
Epoch 194/200:
2026-06-24 18:00:12,690 - INFO - Train loss: 0.4453 (2.6s)
Train loss: 0.4453 (2.6s)
2026-06-24 18:00:12,949 - INFO - Test instance 0.9750, class 0.9750
Test instance 0.9750, class 0.9750
2026-06-24 18:00:12,949 - INFO - Best instance 0.9875, class 0.9875 (epoch 167)
Best instance 0.9875, class 0.9875 (epoch 167)
2026-06-24 18:00:12,966 - INFO - Epoch 195/200:
Epoch 195/200:
2026-06-24 18:00:15,602 - INFO - Train loss: 0.4409 (2.6s)
Train loss: 0.4409 (2.6s)
2026-06-24 18:00:15,858 - INFO - Test instance 0.9625, class 0.9625
Test instance 0.9625, class 0.9625
2026-06-24 18:00:15,859 - INFO - Best instance 0.9875, class 0.9875 (epoch 167)
Best instance 0.9875, class 0.9875 (epoch 167)
2026-06-24 18:00:15,877 - INFO - Epoch 196/200:
Epoch 196/200:
2026-06-24 18:00:18,512 - INFO - Train loss: 0.4529 (2.6s)
Train loss: 0.4529 (2.6s)
2026-06-24 18:00:18,777 - INFO - Test instance 0.9750, class 0.9750
Test instance 0.9750, class 0.9750
2026-06-24 18:00:18,778 - INFO - Best instance 0.9875, class 0.9875 (epoch 167)
Best instance 0.9875, class 0.9875 (epoch 167)
2026-06-24 18:00:18,795 - INFO - Epoch 197/200:
Epoch 197/200:
2026-06-24 18:00:21,416 - INFO - Train loss: 0.4484 (2.6s)
Train loss: 0.4484 (2.6s)
2026-06-24 18:00:21,674 - INFO - Test instance 0.9875, class 0.9875
Test instance 0.9875, class 0.9875
2026-06-24 18:00:21,674 - INFO - Best instance 0.9875, class 0.9875 (epoch 167)
Best instance 0.9875, class 0.9875 (epoch 167)
2026-06-24 18:00:21,692 - INFO - Epoch 198/200:
Epoch 198/200:
2026-06-24 18:00:24,325 - INFO - Train loss: 0.4476 (2.6s)
Train loss: 0.4476 (2.6s)
2026-06-24 18:00:24,585 - INFO - Test instance 0.9375, class 0.9375
Test instance 0.9375, class 0.9375
2026-06-24 18:00:24,585 - INFO - Best instance 0.9875, class 0.9875 (epoch 167)
Best instance 0.9875, class 0.9875 (epoch 167)
2026-06-24 18:00:24,603 - INFO - Epoch 199/200:
Epoch 199/200:
2026-06-24 18:00:27,226 - INFO - Train loss: 0.4412 (2.6s)
Train loss: 0.4412 (2.6s)
2026-06-24 18:00:27,477 - INFO - Test instance 0.9375, class 0.9375
Test instance 0.9375, class 0.9375
2026-06-24 18:00:27,478 - INFO - Best instance 0.9875, class 0.9875 (epoch 167)
Best instance 0.9875, class 0.9875 (epoch 167)
2026-06-24 18:00:27,495 - INFO - Epoch 200/200:
Epoch 200/200:
2026-06-24 18:00:30,142 - INFO - Train loss: 0.4453 (2.6s)
Train loss: 0.4453 (2.6s)
2026-06-24 18:00:30,395 - INFO - Test instance 0.9625, class 0.9625
Test instance 0.9625, class 0.9625
2026-06-24 18:00:30,395 - INFO - Best instance 0.9875, class 0.9875 (epoch 167)
Best instance 0.9875, class 0.9875 (epoch 167)
2026-06-24 18:00:50,992 - INFO - Student 1.42 MB, 60.24 ms
Student 1.42 MB, 60.24 ms
