[Wed Jun 24 19:07:00 EDT 2026] task 300 on GPU 0: python flkd/advanced_kd_train_classification.py --teacher_model pointnet2_cls_ssg --student_model small_pointnet2 --kd_strategy sp --dataset craniosynostosis --seed 123 --batch_size 24 --epoch 200 --num_point 1024 --teacher_path "outputs/craniosynostosis/flkd/federated/classification/fl_pointnet2_cls_ssg_fedbn_s123/checkpoints/best_model.pth" --log_dir kd_pointnet2_cls_ssg_fedbn+sp_small_pointnet2_s123 --beta 0.5 --data_root data --output_root outputs --num_workers -1 --max_runtime_hours 166.0
Loaded teacher from outputs/craniosynostosis/flkd/federated/classification/fl_pointnet2_cls_ssg_fedbn_s123/checkpoints/best_model.pth
2026-06-24 19:10:51,731 - INFO - PARAMETER ...
2026-06-24 19:10:51,731 - INFO - {'use_cpu': False, 'no_amp': False, 'gpu': '0', 'num_workers': -1, 'batch_size': 24, 'teacher_model': 'pointnet2_cls_ssg', 'student_model': 'small_pointnet2', 'num_category': 4, 'dataset': 'craniosynostosis', 'data_root': 'data', 'output_root': 'outputs', 'train_split': 0.8, 'dataset_seed': 0, 'cache_dataset': True, 'min_class_samples': 1, 'epoch': 200, 'learning_rate': 0.001, 'num_point': 1024, 'optimizer': 'Adam', 'log_dir': 'kd_pointnet2_cls_ssg_fedbn+sp_small_pointnet2_s123', 'decay_rate': 0.0001, 'use_normals': False, 'process_data': False, 'use_uniform_sample': False, 'resume': True, 'kd_strategy': 'sp', 'alpha': 0.5, 'temperature': 2.0, 'beta': 0.5, 'dkd_alpha': 1.0, 'dkd_beta': 8.0, 'crd_temperature': 0.07, 'teacher_path': 'outputs/craniosynostosis/flkd/federated/classification/fl_pointnet2_cls_ssg_fedbn_s123/checkpoints/best_model.pth', 'teacher_paths': None, 'teacher_weights': None, 'use_hard_labels': 'on', 'unlabeled': False, 'temperature_sweep': None, 'seed': 123, 'max_runtime_hours': 166.0}
2026-06-24 19:10:51,732 - INFO - KD=sp student=small_pointnet2 AMP=False use_hard=True unlabeled=False T=2.0
KD=sp student=small_pointnet2 AMP=False use_hard=True unlabeled=False T=2.0
2026-06-24 19:10:54,223 - INFO - Epoch 1/200:
Epoch 1/200:
2026-06-24 19:10:57,895 - INFO - Train loss: 0.0655 (3.7s)
Train loss: 0.0655 (3.7s)
2026-06-24 19:10:58,554 - INFO - Test instance 0.2500, class 0.2500
Test instance 0.2500, class 0.2500
2026-06-24 19:10:58,576 - INFO - Best instance 0.2500, class 0.2500 (epoch 1)
Best instance 0.2500, class 0.2500 (epoch 1)
2026-06-24 19:10:58,594 - INFO - Epoch 2/200:
Epoch 2/200:
2026-06-24 19:11:02,007 - INFO - Train loss: 0.0526 (3.4s)
Train loss: 0.0526 (3.4s)
2026-06-24 19:11:02,332 - INFO - Test instance 0.2500, class 0.2500
Test instance 0.2500, class 0.2500
2026-06-24 19:11:02,333 - INFO - Best instance 0.2500, class 0.2500 (epoch 1)
Best instance 0.2500, class 0.2500 (epoch 1)
2026-06-24 19:11:02,353 - INFO - Epoch 3/200:
Epoch 3/200:
2026-06-24 19:11:05,018 - INFO - Train loss: 0.0501 (2.7s)
Train loss: 0.0501 (2.7s)
2026-06-24 19:11:05,275 - INFO - Test instance 0.2500, class 0.2500
Test instance 0.2500, class 0.2500
2026-06-24 19:11:05,276 - INFO - Best instance 0.2500, class 0.2500 (epoch 1)
Best instance 0.2500, class 0.2500 (epoch 1)
2026-06-24 19:11:05,293 - INFO - Epoch 4/200:
Epoch 4/200:
2026-06-24 19:11:07,941 - INFO - Train loss: 0.0426 (2.6s)
Train loss: 0.0426 (2.6s)
2026-06-24 19:11:08,194 - INFO - Test instance 0.2625, class 0.2625
Test instance 0.2625, class 0.2625
2026-06-24 19:11:08,211 - INFO - Best instance 0.2625, class 0.2625 (epoch 4)
Best instance 0.2625, class 0.2625 (epoch 4)
2026-06-24 19:11:08,228 - INFO - Epoch 5/200:
Epoch 5/200:
2026-06-24 19:11:10,885 - INFO - Train loss: 0.0387 (2.7s)
Train loss: 0.0387 (2.7s)
2026-06-24 19:11:11,144 - INFO - Test instance 0.2500, class 0.2500
Test instance 0.2500, class 0.2500
2026-06-24 19:11:11,144 - INFO - Best instance 0.2625, class 0.2625 (epoch 4)
Best instance 0.2625, class 0.2625 (epoch 4)
2026-06-24 19:11:11,161 - INFO - Epoch 6/200:
Epoch 6/200:
2026-06-24 19:11:13,811 - INFO - Train loss: 0.0401 (2.6s)
Train loss: 0.0401 (2.6s)
2026-06-24 19:11:14,139 - INFO - Test instance 0.2750, class 0.2750
Test instance 0.2750, class 0.2750
2026-06-24 19:11:14,159 - INFO - Best instance 0.2750, class 0.2750 (epoch 6)
Best instance 0.2750, class 0.2750 (epoch 6)
2026-06-24 19:11:14,177 - INFO - Epoch 7/200:
Epoch 7/200:
2026-06-24 19:11:16,850 - INFO - Train loss: 0.0328 (2.7s)
Train loss: 0.0328 (2.7s)
2026-06-24 19:11:17,109 - INFO - Test instance 0.4000, class 0.4000
Test instance 0.4000, class 0.4000
2026-06-24 19:11:17,126 - INFO - Best instance 0.4000, class 0.4000 (epoch 7)
Best instance 0.4000, class 0.4000 (epoch 7)
2026-06-24 19:11:17,142 - INFO - Epoch 8/200:
Epoch 8/200:
2026-06-24 19:11:19,793 - INFO - Train loss: 0.0313 (2.7s)
Train loss: 0.0313 (2.7s)
2026-06-24 19:11:20,043 - INFO - Test instance 0.3375, class 0.3375
Test instance 0.3375, class 0.3375
2026-06-24 19:11:20,044 - INFO - Best instance 0.4000, class 0.4000 (epoch 7)
Best instance 0.4000, class 0.4000 (epoch 7)
2026-06-24 19:11:20,061 - INFO - Epoch 9/200:
Epoch 9/200:
2026-06-24 19:11:22,707 - INFO - Train loss: 0.0290 (2.6s)
Train loss: 0.0290 (2.6s)
2026-06-24 19:11:22,959 - INFO - Test instance 0.2625, class 0.2625
Test instance 0.2625, class 0.2625
2026-06-24 19:11:22,960 - INFO - Best instance 0.4000, class 0.4000 (epoch 7)
Best instance 0.4000, class 0.4000 (epoch 7)
2026-06-24 19:11:22,977 - INFO - Epoch 10/200:
Epoch 10/200:
2026-06-24 19:11:25,637 - INFO - Train loss: 0.0277 (2.7s)
Train loss: 0.0277 (2.7s)
2026-06-24 19:11:25,888 - INFO - Test instance 0.2625, class 0.2625
Test instance 0.2625, class 0.2625
2026-06-24 19:11:25,888 - INFO - Best instance 0.4000, class 0.4000 (epoch 7)
Best instance 0.4000, class 0.4000 (epoch 7)
2026-06-24 19:11:25,907 - INFO - Epoch 11/200:
Epoch 11/200:
2026-06-24 19:11:28,564 - INFO - Train loss: 0.0242 (2.7s)
Train loss: 0.0242 (2.7s)
2026-06-24 19:11:28,819 - INFO - Test instance 0.2500, class 0.2500
Test instance 0.2500, class 0.2500
2026-06-24 19:11:28,820 - INFO - Best instance 0.4000, class 0.4000 (epoch 7)
Best instance 0.4000, class 0.4000 (epoch 7)
2026-06-24 19:11:28,837 - INFO - Epoch 12/200:
Epoch 12/200:
2026-06-24 19:11:31,499 - INFO - Train loss: 0.0214 (2.7s)
Train loss: 0.0214 (2.7s)
2026-06-24 19:11:31,824 - INFO - Test instance 0.3000, class 0.3000
Test instance 0.3000, class 0.3000
2026-06-24 19:11:31,824 - INFO - Best instance 0.4000, class 0.4000 (epoch 7)
Best instance 0.4000, class 0.4000 (epoch 7)
2026-06-24 19:11:31,843 - INFO - Epoch 13/200:
Epoch 13/200:
2026-06-24 19:11:34,487 - INFO - Train loss: 0.0277 (2.6s)
Train loss: 0.0277 (2.6s)
2026-06-24 19:11:34,751 - INFO - Test instance 0.2750, class 0.2750
Test instance 0.2750, class 0.2750
2026-06-24 19:11:34,751 - INFO - Best instance 0.4000, class 0.4000 (epoch 7)
Best instance 0.4000, class 0.4000 (epoch 7)
2026-06-24 19:11:34,768 - INFO - Epoch 14/200:
Epoch 14/200:
2026-06-24 19:11:37,412 - INFO - Train loss: 0.0211 (2.6s)
Train loss: 0.0211 (2.6s)
2026-06-24 19:11:37,665 - INFO - Test instance 0.4625, class 0.4625
Test instance 0.4625, class 0.4625
2026-06-24 19:11:37,688 - INFO - Best instance 0.4625, class 0.4625 (epoch 14)
Best instance 0.4625, class 0.4625 (epoch 14)
2026-06-24 19:11:37,707 - INFO - Epoch 15/200:
Epoch 15/200:
2026-06-24 19:11:40,784 - INFO - Train loss: 0.0206 (3.1s)
Train loss: 0.0206 (3.1s)
2026-06-24 19:11:41,102 - INFO - Test instance 0.3750, class 0.3750
Test instance 0.3750, class 0.3750
2026-06-24 19:11:41,102 - INFO - Best instance 0.4625, class 0.4625 (epoch 14)
Best instance 0.4625, class 0.4625 (epoch 14)
2026-06-24 19:11:41,121 - INFO - Epoch 16/200:
Epoch 16/200:
2026-06-24 19:11:43,773 - INFO - Train loss: 0.0184 (2.7s)
Train loss: 0.0184 (2.7s)
2026-06-24 19:11:44,023 - INFO - Test instance 0.3875, class 0.3875
Test instance 0.3875, class 0.3875
2026-06-24 19:11:44,024 - INFO - Best instance 0.4625, class 0.4625 (epoch 14)
Best instance 0.4625, class 0.4625 (epoch 14)
2026-06-24 19:11:44,040 - INFO - Epoch 17/200:
Epoch 17/200:
2026-06-24 19:11:46,707 - INFO - Train loss: 0.0202 (2.7s)
Train loss: 0.0202 (2.7s)
2026-06-24 19:11:46,957 - INFO - Test instance 0.3625, class 0.3625
Test instance 0.3625, class 0.3625
2026-06-24 19:11:46,958 - INFO - Best instance 0.4625, class 0.4625 (epoch 14)
Best instance 0.4625, class 0.4625 (epoch 14)
2026-06-24 19:11:46,975 - INFO - Epoch 18/200:
Epoch 18/200:
2026-06-24 19:11:49,622 - INFO - Train loss: 0.0204 (2.6s)
Train loss: 0.0204 (2.6s)
2026-06-24 19:11:49,873 - INFO - Test instance 0.4875, class 0.4875
Test instance 0.4875, class 0.4875
2026-06-24 19:11:49,890 - INFO - Best instance 0.4875, class 0.4875 (epoch 18)
Best instance 0.4875, class 0.4875 (epoch 18)
2026-06-24 19:11:49,906 - INFO - Epoch 19/200:
Epoch 19/200:
2026-06-24 19:11:52,539 - INFO - Train loss: 0.0177 (2.6s)
Train loss: 0.0177 (2.6s)
2026-06-24 19:11:52,786 - INFO - Test instance 0.3750, class 0.3750
Test instance 0.3750, class 0.3750
2026-06-24 19:11:52,786 - INFO - Best instance 0.4875, class 0.4875 (epoch 18)
Best instance 0.4875, class 0.4875 (epoch 18)
2026-06-24 19:11:52,803 - INFO - Epoch 20/200:
Epoch 20/200:
2026-06-24 19:11:55,435 - INFO - Train loss: 0.0176 (2.6s)
Train loss: 0.0176 (2.6s)
2026-06-24 19:11:55,683 - INFO - Test instance 0.4750, class 0.4750
Test instance 0.4750, class 0.4750
2026-06-24 19:11:55,683 - INFO - Best instance 0.4875, class 0.4875 (epoch 18)
Best instance 0.4875, class 0.4875 (epoch 18)
2026-06-24 19:11:55,700 - INFO - Epoch 21/200:
Epoch 21/200:
2026-06-24 19:11:58,354 - INFO - Train loss: 0.0149 (2.7s)
Train loss: 0.0149 (2.7s)
2026-06-24 19:11:58,605 - INFO - Test instance 0.5000, class 0.5000
Test instance 0.5000, class 0.5000
2026-06-24 19:11:58,622 - INFO - Best instance 0.5000, class 0.5000 (epoch 21)
Best instance 0.5000, class 0.5000 (epoch 21)
2026-06-24 19:11:58,638 - INFO - Epoch 22/200:
Epoch 22/200:
2026-06-24 19:12:01,310 - INFO - Train loss: 0.0143 (2.7s)
Train loss: 0.0143 (2.7s)
2026-06-24 19:12:01,572 - INFO - Test instance 0.5000, class 0.5000
Test instance 0.5000, class 0.5000
2026-06-24 19:12:01,573 - INFO - Best instance 0.5000, class 0.5000 (epoch 21)
Best instance 0.5000, class 0.5000 (epoch 21)
2026-06-24 19:12:01,590 - INFO - Epoch 23/200:
Epoch 23/200:
2026-06-24 19:12:04,248 - INFO - Train loss: 0.0152 (2.7s)
Train loss: 0.0152 (2.7s)
2026-06-24 19:12:04,514 - INFO - Test instance 0.5000, class 0.5000
Test instance 0.5000, class 0.5000
2026-06-24 19:12:04,514 - INFO - Best instance 0.5000, class 0.5000 (epoch 21)
Best instance 0.5000, class 0.5000 (epoch 21)
2026-06-24 19:12:04,531 - INFO - Epoch 24/200:
Epoch 24/200:
2026-06-24 19:12:07,170 - INFO - Train loss: 0.0154 (2.6s)
Train loss: 0.0154 (2.6s)
2026-06-24 19:12:07,427 - INFO - Test instance 0.5250, class 0.5250
Test instance 0.5250, class 0.5250
2026-06-24 19:12:07,444 - INFO - Best instance 0.5250, class 0.5250 (epoch 24)
Best instance 0.5250, class 0.5250 (epoch 24)
2026-06-24 19:12:07,460 - INFO - Epoch 25/200:
Epoch 25/200:
2026-06-24 19:12:10,097 - INFO - Train loss: 0.0172 (2.6s)
Train loss: 0.0172 (2.6s)
2026-06-24 19:12:10,357 - INFO - Test instance 0.4500, class 0.4500
Test instance 0.4500, class 0.4500
2026-06-24 19:12:10,357 - INFO - Best instance 0.5250, class 0.5250 (epoch 24)
Best instance 0.5250, class 0.5250 (epoch 24)
2026-06-24 19:12:10,374 - INFO - Epoch 26/200:
Epoch 26/200:
2026-06-24 19:12:13,015 - INFO - Train loss: 0.0170 (2.6s)
Train loss: 0.0170 (2.6s)
2026-06-24 19:12:13,268 - INFO - Test instance 0.5000, class 0.5000
Test instance 0.5000, class 0.5000
2026-06-24 19:12:13,268 - INFO - Best instance 0.5250, class 0.5250 (epoch 24)
Best instance 0.5250, class 0.5250 (epoch 24)
2026-06-24 19:12:13,286 - INFO - Epoch 27/200:
Epoch 27/200:
2026-06-24 19:12:15,946 - INFO - Train loss: 0.0168 (2.7s)
Train loss: 0.0168 (2.7s)
2026-06-24 19:12:16,207 - INFO - Test instance 0.6000, class 0.6000
Test instance 0.6000, class 0.6000
2026-06-24 19:12:16,224 - INFO - Best instance 0.6000, class 0.6000 (epoch 27)
Best instance 0.6000, class 0.6000 (epoch 27)
2026-06-24 19:12:16,240 - INFO - Epoch 28/200:
Epoch 28/200:
2026-06-24 19:12:18,877 - INFO - Train loss: 0.0160 (2.6s)
Train loss: 0.0160 (2.6s)
2026-06-24 19:12:19,126 - INFO - Test instance 0.5125, class 0.5125
Test instance 0.5125, class 0.5125
2026-06-24 19:12:19,127 - INFO - Best instance 0.6000, class 0.6000 (epoch 27)
Best instance 0.6000, class 0.6000 (epoch 27)
2026-06-24 19:12:19,143 - INFO - Epoch 29/200:
Epoch 29/200:
2026-06-24 19:12:21,791 - INFO - Train loss: 0.0129 (2.6s)
Train loss: 0.0129 (2.6s)
2026-06-24 19:12:22,123 - INFO - Test instance 0.5250, class 0.5250
Test instance 0.5250, class 0.5250
2026-06-24 19:12:22,124 - INFO - Best instance 0.6000, class 0.6000 (epoch 27)
Best instance 0.6000, class 0.6000 (epoch 27)
2026-06-24 19:12:22,142 - INFO - Epoch 30/200:
Epoch 30/200:
2026-06-24 19:12:24,800 - INFO - Train loss: 0.0133 (2.7s)
Train loss: 0.0133 (2.7s)
2026-06-24 19:12:25,060 - INFO - Test instance 0.6625, class 0.6625
Test instance 0.6625, class 0.6625
2026-06-24 19:12:25,077 - INFO - Best instance 0.6625, class 0.6625 (epoch 30)
Best instance 0.6625, class 0.6625 (epoch 30)
2026-06-24 19:12:25,094 - INFO - Epoch 31/200:
Epoch 31/200:
2026-06-24 19:12:27,754 - INFO - Train loss: 0.0141 (2.7s)
Train loss: 0.0141 (2.7s)
2026-06-24 19:12:28,006 - INFO - Test instance 0.4750, class 0.4750
Test instance 0.4750, class 0.4750
2026-06-24 19:12:28,007 - INFO - Best instance 0.6625, class 0.6625 (epoch 30)
Best instance 0.6625, class 0.6625 (epoch 30)
2026-06-24 19:12:28,023 - INFO - Epoch 32/200:
Epoch 32/200:
2026-06-24 19:12:30,682 - INFO - Train loss: 0.0130 (2.7s)
Train loss: 0.0130 (2.7s)
2026-06-24 19:12:30,941 - INFO - Test instance 0.5625, class 0.5625
Test instance 0.5625, class 0.5625
2026-06-24 19:12:30,942 - INFO - Best instance 0.6625, class 0.6625 (epoch 30)
Best instance 0.6625, class 0.6625 (epoch 30)
2026-06-24 19:12:30,959 - INFO - Epoch 33/200:
Epoch 33/200:
2026-06-24 19:12:33,614 - INFO - Train loss: 0.0128 (2.7s)
Train loss: 0.0128 (2.7s)
2026-06-24 19:12:33,866 - INFO - Test instance 0.5750, class 0.5750
Test instance 0.5750, class 0.5750
2026-06-24 19:12:33,867 - INFO - Best instance 0.6625, class 0.6625 (epoch 30)
Best instance 0.6625, class 0.6625 (epoch 30)
2026-06-24 19:12:33,884 - INFO - Epoch 34/200:
Epoch 34/200:
2026-06-24 19:12:36,553 - INFO - Train loss: 0.0136 (2.7s)
Train loss: 0.0136 (2.7s)
2026-06-24 19:12:36,804 - INFO - Test instance 0.5250, class 0.5250
Test instance 0.5250, class 0.5250
2026-06-24 19:12:36,804 - INFO - Best instance 0.6625, class 0.6625 (epoch 30)
Best instance 0.6625, class 0.6625 (epoch 30)
2026-06-24 19:12:36,822 - INFO - Epoch 35/200:
Epoch 35/200:
2026-06-24 19:12:39,482 - INFO - Train loss: 0.0134 (2.7s)
Train loss: 0.0134 (2.7s)
2026-06-24 19:12:39,739 - INFO - Test instance 0.4875, class 0.4875
Test instance 0.4875, class 0.4875
2026-06-24 19:12:39,740 - INFO - Best instance 0.6625, class 0.6625 (epoch 30)
Best instance 0.6625, class 0.6625 (epoch 30)
2026-06-24 19:12:39,757 - INFO - Epoch 36/200:
Epoch 36/200:
2026-06-24 19:12:42,405 - INFO - Train loss: 0.0133 (2.6s)
Train loss: 0.0133 (2.6s)
2026-06-24 19:12:42,663 - INFO - Test instance 0.5125, class 0.5125
Test instance 0.5125, class 0.5125
2026-06-24 19:12:42,663 - INFO - Best instance 0.6625, class 0.6625 (epoch 30)
Best instance 0.6625, class 0.6625 (epoch 30)
2026-06-24 19:12:42,680 - INFO - Epoch 37/200:
Epoch 37/200:
2026-06-24 19:12:45,349 - INFO - Train loss: 0.0128 (2.7s)
Train loss: 0.0128 (2.7s)
2026-06-24 19:12:45,678 - INFO - Test instance 0.4750, class 0.4750
Test instance 0.4750, class 0.4750
2026-06-24 19:12:45,678 - INFO - Best instance 0.6625, class 0.6625 (epoch 30)
Best instance 0.6625, class 0.6625 (epoch 30)
2026-06-24 19:12:45,698 - INFO - Epoch 38/200:
Epoch 38/200:
2026-06-24 19:12:48,340 - INFO - Train loss: 0.0133 (2.6s)
Train loss: 0.0133 (2.6s)
2026-06-24 19:12:48,590 - INFO - Test instance 0.4000, class 0.4000
Test instance 0.4000, class 0.4000
2026-06-24 19:12:48,590 - INFO - Best instance 0.6625, class 0.6625 (epoch 30)
Best instance 0.6625, class 0.6625 (epoch 30)
2026-06-24 19:12:48,607 - INFO - Epoch 39/200:
Epoch 39/200:
2026-06-24 19:12:51,247 - INFO - Train loss: 0.0149 (2.6s)
Train loss: 0.0149 (2.6s)
2026-06-24 19:12:51,499 - INFO - Test instance 0.5125, class 0.5125
Test instance 0.5125, class 0.5125
2026-06-24 19:12:51,500 - INFO - Best instance 0.6625, class 0.6625 (epoch 30)
Best instance 0.6625, class 0.6625 (epoch 30)
2026-06-24 19:12:51,518 - INFO - Epoch 40/200:
Epoch 40/200:
2026-06-24 19:12:54,161 - INFO - Train loss: 0.0121 (2.6s)
Train loss: 0.0121 (2.6s)
2026-06-24 19:12:54,413 - INFO - Test instance 0.4875, class 0.4875
Test instance 0.4875, class 0.4875
2026-06-24 19:12:54,413 - INFO - Best instance 0.6625, class 0.6625 (epoch 30)
Best instance 0.6625, class 0.6625 (epoch 30)
2026-06-24 19:12:54,430 - INFO - Epoch 41/200:
Epoch 41/200:
2026-06-24 19:12:57,089 - INFO - Train loss: 0.0123 (2.7s)
Train loss: 0.0123 (2.7s)
2026-06-24 19:12:57,334 - INFO - Test instance 0.6375, class 0.6375
Test instance 0.6375, class 0.6375
2026-06-24 19:12:57,334 - INFO - Best instance 0.6625, class 0.6625 (epoch 30)
Best instance 0.6625, class 0.6625 (epoch 30)
2026-06-24 19:12:57,351 - INFO - Epoch 42/200:
Epoch 42/200:
2026-06-24 19:12:59,995 - INFO - Train loss: 0.0124 (2.6s)
Train loss: 0.0124 (2.6s)
2026-06-24 19:13:00,249 - INFO - Test instance 0.5750, class 0.5750
Test instance 0.5750, class 0.5750
2026-06-24 19:13:00,249 - INFO - Best instance 0.6625, class 0.6625 (epoch 30)
Best instance 0.6625, class 0.6625 (epoch 30)
2026-06-24 19:13:00,266 - INFO - Epoch 43/200:
Epoch 43/200:
2026-06-24 19:13:02,955 - INFO - Train loss: 0.0135 (2.7s)
Train loss: 0.0135 (2.7s)
2026-06-24 19:13:03,214 - INFO - Test instance 0.5625, class 0.5625
Test instance 0.5625, class 0.5625
2026-06-24 19:13:03,215 - INFO - Best instance 0.6625, class 0.6625 (epoch 30)
Best instance 0.6625, class 0.6625 (epoch 30)
2026-06-24 19:13:03,231 - INFO - Epoch 44/200:
Epoch 44/200:
2026-06-24 19:13:05,889 - INFO - Train loss: 0.0120 (2.7s)
Train loss: 0.0120 (2.7s)
2026-06-24 19:13:06,150 - INFO - Test instance 0.5625, class 0.5625
Test instance 0.5625, class 0.5625
2026-06-24 19:13:06,150 - INFO - Best instance 0.6625, class 0.6625 (epoch 30)
Best instance 0.6625, class 0.6625 (epoch 30)
2026-06-24 19:13:06,168 - INFO - Epoch 45/200:
Epoch 45/200:
2026-06-24 19:13:08,835 - INFO - Train loss: 0.0136 (2.7s)
Train loss: 0.0136 (2.7s)
2026-06-24 19:13:09,090 - INFO - Test instance 0.4875, class 0.4875
Test instance 0.4875, class 0.4875
2026-06-24 19:13:09,091 - INFO - Best instance 0.6625, class 0.6625 (epoch 30)
Best instance 0.6625, class 0.6625 (epoch 30)
2026-06-24 19:13:09,108 - INFO - Epoch 46/200:
Epoch 46/200:
2026-06-24 19:13:12,433 - INFO - Train loss: 0.0119 (3.3s)
Train loss: 0.0119 (3.3s)
2026-06-24 19:13:12,690 - INFO - Test instance 0.7000, class 0.7000
Test instance 0.7000, class 0.7000
2026-06-24 19:13:12,706 - INFO - Best instance 0.7000, class 0.7000 (epoch 46)
Best instance 0.7000, class 0.7000 (epoch 46)
2026-06-24 19:13:12,722 - INFO - Epoch 47/200:
Epoch 47/200:
2026-06-24 19:13:16,075 - INFO - Train loss: 0.0113 (3.4s)
Train loss: 0.0113 (3.4s)
2026-06-24 19:13:16,336 - INFO - Test instance 0.5250, class 0.5250
Test instance 0.5250, class 0.5250
2026-06-24 19:13:16,336 - INFO - Best instance 0.7000, class 0.7000 (epoch 46)
Best instance 0.7000, class 0.7000 (epoch 46)
2026-06-24 19:13:16,354 - INFO - Epoch 48/200:
Epoch 48/200:
2026-06-24 19:13:18,986 - INFO - Train loss: 0.0111 (2.6s)
Train loss: 0.0111 (2.6s)
2026-06-24 19:13:19,233 - INFO - Test instance 0.5625, class 0.5625
Test instance 0.5625, class 0.5625
2026-06-24 19:13:19,233 - INFO - Best instance 0.7000, class 0.7000 (epoch 46)
Best instance 0.7000, class 0.7000 (epoch 46)
2026-06-24 19:13:19,249 - INFO - Epoch 49/200:
Epoch 49/200:
2026-06-24 19:13:21,879 - INFO - Train loss: 0.0114 (2.6s)
Train loss: 0.0114 (2.6s)
2026-06-24 19:13:22,135 - INFO - Test instance 0.6125, class 0.6125
Test instance 0.6125, class 0.6125
2026-06-24 19:13:22,136 - INFO - Best instance 0.7000, class 0.7000 (epoch 46)
Best instance 0.7000, class 0.7000 (epoch 46)
2026-06-24 19:13:22,153 - INFO - Epoch 50/200:
Epoch 50/200:
2026-06-24 19:13:24,804 - INFO - Train loss: 0.0124 (2.7s)
Train loss: 0.0124 (2.7s)
2026-06-24 19:13:25,134 - INFO - Test instance 0.5625, class 0.5625
Test instance 0.5625, class 0.5625
2026-06-24 19:13:25,134 - INFO - Best instance 0.7000, class 0.7000 (epoch 46)
Best instance 0.7000, class 0.7000 (epoch 46)
2026-06-24 19:13:25,153 - INFO - Epoch 51/200:
Epoch 51/200:
2026-06-24 19:13:27,800 - INFO - Train loss: 0.0123 (2.6s)
Train loss: 0.0123 (2.6s)
2026-06-24 19:13:28,062 - INFO - Test instance 0.6500, class 0.6500
Test instance 0.6500, class 0.6500
2026-06-24 19:13:28,062 - INFO - Best instance 0.7000, class 0.7000 (epoch 46)
Best instance 0.7000, class 0.7000 (epoch 46)
2026-06-24 19:13:28,080 - INFO - Epoch 52/200:
Epoch 52/200:
2026-06-24 19:13:30,727 - INFO - Train loss: 0.0108 (2.6s)
Train loss: 0.0108 (2.6s)
2026-06-24 19:13:30,988 - INFO - Test instance 0.6625, class 0.6625
Test instance 0.6625, class 0.6625
2026-06-24 19:13:30,989 - INFO - Best instance 0.7000, class 0.7000 (epoch 46)
Best instance 0.7000, class 0.7000 (epoch 46)
2026-06-24 19:13:31,005 - INFO - Epoch 53/200:
Epoch 53/200:
2026-06-24 19:13:33,651 - INFO - Train loss: 0.0103 (2.6s)
Train loss: 0.0103 (2.6s)
2026-06-24 19:13:33,916 - INFO - Test instance 0.5500, class 0.5500
Test instance 0.5500, class 0.5500
2026-06-24 19:13:33,916 - INFO - Best instance 0.7000, class 0.7000 (epoch 46)
Best instance 0.7000, class 0.7000 (epoch 46)
2026-06-24 19:13:33,932 - INFO - Epoch 54/200:
Epoch 54/200:
2026-06-24 19:13:36,563 - INFO - Train loss: 0.0117 (2.6s)
Train loss: 0.0117 (2.6s)
2026-06-24 19:13:36,815 - INFO - Test instance 0.6500, class 0.6500
Test instance 0.6500, class 0.6500
2026-06-24 19:13:36,816 - INFO - Best instance 0.7000, class 0.7000 (epoch 46)
Best instance 0.7000, class 0.7000 (epoch 46)
2026-06-24 19:13:36,832 - INFO - Epoch 55/200:
Epoch 55/200:
2026-06-24 19:13:39,476 - INFO - Train loss: 0.0122 (2.6s)
Train loss: 0.0122 (2.6s)
2026-06-24 19:13:39,739 - INFO - Test instance 0.5250, class 0.5250
Test instance 0.5250, class 0.5250
2026-06-24 19:13:39,739 - INFO - Best instance 0.7000, class 0.7000 (epoch 46)
Best instance 0.7000, class 0.7000 (epoch 46)
2026-06-24 19:13:39,757 - INFO - Epoch 56/200:
Epoch 56/200:
2026-06-24 19:13:42,391 - INFO - Train loss: 0.0104 (2.6s)
Train loss: 0.0104 (2.6s)
2026-06-24 19:13:42,648 - INFO - Test instance 0.5500, class 0.5500
Test instance 0.5500, class 0.5500
2026-06-24 19:13:42,648 - INFO - Best instance 0.7000, class 0.7000 (epoch 46)
Best instance 0.7000, class 0.7000 (epoch 46)
2026-06-24 19:13:42,698 - INFO - Epoch 57/200:
Epoch 57/200:
2026-06-24 19:13:45,343 - INFO - Train loss: 0.0113 (2.6s)
Train loss: 0.0113 (2.6s)
2026-06-24 19:13:45,682 - INFO - Test instance 0.5500, class 0.5500
Test instance 0.5500, class 0.5500
2026-06-24 19:13:45,683 - INFO - Best instance 0.7000, class 0.7000 (epoch 46)
Best instance 0.7000, class 0.7000 (epoch 46)
2026-06-24 19:13:45,703 - INFO - Epoch 58/200:
Epoch 58/200:
2026-06-24 19:13:48,337 - INFO - Train loss: 0.0115 (2.6s)
Train loss: 0.0115 (2.6s)
2026-06-24 19:13:48,593 - INFO - Test instance 0.5500, class 0.5500
Test instance 0.5500, class 0.5500
2026-06-24 19:13:48,594 - INFO - Best instance 0.7000, class 0.7000 (epoch 46)
Best instance 0.7000, class 0.7000 (epoch 46)
2026-06-24 19:13:48,610 - INFO - Epoch 59/200:
Epoch 59/200:
2026-06-24 19:13:51,243 - INFO - Train loss: 0.0106 (2.6s)
Train loss: 0.0106 (2.6s)
2026-06-24 19:13:51,498 - INFO - Test instance 0.5750, class 0.5750
Test instance 0.5750, class 0.5750
2026-06-24 19:13:51,498 - INFO - Best instance 0.7000, class 0.7000 (epoch 46)
Best instance 0.7000, class 0.7000 (epoch 46)
2026-06-24 19:13:51,515 - INFO - Epoch 60/200:
Epoch 60/200:
2026-06-24 19:13:54,151 - INFO - Train loss: 0.0106 (2.6s)
Train loss: 0.0106 (2.6s)
2026-06-24 19:13:54,408 - INFO - Test instance 0.5250, class 0.5250
Test instance 0.5250, class 0.5250
2026-06-24 19:13:54,408 - INFO - Best instance 0.7000, class 0.7000 (epoch 46)
Best instance 0.7000, class 0.7000 (epoch 46)
2026-06-24 19:13:54,425 - INFO - Epoch 61/200:
Epoch 61/200:
2026-06-24 19:13:57,802 - INFO - Train loss: 0.0124 (3.4s)
Train loss: 0.0124 (3.4s)
2026-06-24 19:13:58,058 - INFO - Test instance 0.6000, class 0.6000
Test instance 0.6000, class 0.6000
2026-06-24 19:13:58,058 - INFO - Best instance 0.7000, class 0.7000 (epoch 46)
Best instance 0.7000, class 0.7000 (epoch 46)
2026-06-24 19:13:58,076 - INFO - Epoch 62/200:
Epoch 62/200:
2026-06-24 19:14:00,724 - INFO - Train loss: 0.0103 (2.6s)
Train loss: 0.0103 (2.6s)
2026-06-24 19:14:00,989 - INFO - Test instance 0.6000, class 0.6000
Test instance 0.6000, class 0.6000
2026-06-24 19:14:00,990 - INFO - Best instance 0.7000, class 0.7000 (epoch 46)
Best instance 0.7000, class 0.7000 (epoch 46)
2026-06-24 19:14:01,007 - INFO - Epoch 63/200:
Epoch 63/200:
2026-06-24 19:14:03,713 - INFO - Train loss: 0.0109 (2.7s)
Train loss: 0.0109 (2.7s)
2026-06-24 19:14:03,984 - INFO - Test instance 0.5625, class 0.5625
Test instance 0.5625, class 0.5625
2026-06-24 19:14:03,985 - INFO - Best instance 0.7000, class 0.7000 (epoch 46)
Best instance 0.7000, class 0.7000 (epoch 46)
2026-06-24 19:14:04,004 - INFO - Epoch 64/200:
Epoch 64/200:
2026-06-24 19:14:06,651 - INFO - Train loss: 0.0112 (2.6s)
Train loss: 0.0112 (2.6s)
2026-06-24 19:14:06,916 - INFO - Test instance 0.5375, class 0.5375
Test instance 0.5375, class 0.5375
2026-06-24 19:14:06,916 - INFO - Best instance 0.7000, class 0.7000 (epoch 46)
Best instance 0.7000, class 0.7000 (epoch 46)
2026-06-24 19:14:06,934 - INFO - Epoch 65/200:
Epoch 65/200:
2026-06-24 19:14:09,568 - INFO - Train loss: 0.0093 (2.6s)
Train loss: 0.0093 (2.6s)
2026-06-24 19:14:09,827 - INFO - Test instance 0.5750, class 0.5750
Test instance 0.5750, class 0.5750
2026-06-24 19:14:09,827 - INFO - Best instance 0.7000, class 0.7000 (epoch 46)
Best instance 0.7000, class 0.7000 (epoch 46)
2026-06-24 19:14:09,845 - INFO - Epoch 66/200:
Epoch 66/200:
2026-06-24 19:14:12,478 - INFO - Train loss: 0.0128 (2.6s)
Train loss: 0.0128 (2.6s)
2026-06-24 19:14:12,729 - INFO - Test instance 0.5875, class 0.5875
Test instance 0.5875, class 0.5875
2026-06-24 19:14:12,729 - INFO - Best instance 0.7000, class 0.7000 (epoch 46)
Best instance 0.7000, class 0.7000 (epoch 46)
2026-06-24 19:14:12,746 - INFO - Epoch 67/200:
Epoch 67/200:
2026-06-24 19:14:15,409 - INFO - Train loss: 0.0117 (2.7s)
Train loss: 0.0117 (2.7s)
2026-06-24 19:14:15,666 - INFO - Test instance 0.5625, class 0.5625
Test instance 0.5625, class 0.5625
2026-06-24 19:14:15,667 - INFO - Best instance 0.7000, class 0.7000 (epoch 46)
Best instance 0.7000, class 0.7000 (epoch 46)
2026-06-24 19:14:15,684 - INFO - Epoch 68/200:
Epoch 68/200:
2026-06-24 19:14:18,647 - INFO - Train loss: 0.0105 (3.0s)
Train loss: 0.0105 (3.0s)
2026-06-24 19:14:18,896 - INFO - Test instance 0.6125, class 0.6125
Test instance 0.6125, class 0.6125
2026-06-24 19:14:18,896 - INFO - Best instance 0.7000, class 0.7000 (epoch 46)
Best instance 0.7000, class 0.7000 (epoch 46)
2026-06-24 19:14:18,916 - INFO - Epoch 69/200:
Epoch 69/200:
2026-06-24 19:14:21,552 - INFO - Train loss: 0.0119 (2.6s)
Train loss: 0.0119 (2.6s)
2026-06-24 19:14:21,805 - INFO - Test instance 0.5750, class 0.5750
Test instance 0.5750, class 0.5750
2026-06-24 19:14:21,805 - INFO - Best instance 0.7000, class 0.7000 (epoch 46)
Best instance 0.7000, class 0.7000 (epoch 46)
2026-06-24 19:14:21,822 - INFO - Epoch 70/200:
Epoch 70/200:
2026-06-24 19:14:24,458 - INFO - Train loss: 0.0130 (2.6s)
Train loss: 0.0130 (2.6s)
2026-06-24 19:14:24,718 - INFO - Test instance 0.5750, class 0.5750
Test instance 0.5750, class 0.5750
2026-06-24 19:14:24,718 - INFO - Best instance 0.7000, class 0.7000 (epoch 46)
Best instance 0.7000, class 0.7000 (epoch 46)
2026-06-24 19:14:24,735 - INFO - Epoch 71/200:
Epoch 71/200:
2026-06-24 19:14:27,385 - INFO - Train loss: 0.0108 (2.7s)
Train loss: 0.0108 (2.7s)
2026-06-24 19:14:27,654 - INFO - Test instance 0.5750, class 0.5750
Test instance 0.5750, class 0.5750
2026-06-24 19:14:27,655 - INFO - Best instance 0.7000, class 0.7000 (epoch 46)
Best instance 0.7000, class 0.7000 (epoch 46)
2026-06-24 19:14:27,675 - INFO - Epoch 72/200:
Epoch 72/200:
2026-06-24 19:14:30,333 - INFO - Train loss: 0.0120 (2.7s)
Train loss: 0.0120 (2.7s)
2026-06-24 19:14:30,584 - INFO - Test instance 0.5625, class 0.5625
Test instance 0.5625, class 0.5625
2026-06-24 19:14:30,584 - INFO - Best instance 0.7000, class 0.7000 (epoch 46)
Best instance 0.7000, class 0.7000 (epoch 46)
2026-06-24 19:14:30,601 - INFO - Epoch 73/200:
Epoch 73/200:
2026-06-24 19:14:33,278 - INFO - Train loss: 0.0091 (2.7s)
Train loss: 0.0091 (2.7s)
2026-06-24 19:14:33,531 - INFO - Test instance 0.5500, class 0.5500
Test instance 0.5500, class 0.5500
2026-06-24 19:14:33,532 - INFO - Best instance 0.7000, class 0.7000 (epoch 46)
Best instance 0.7000, class 0.7000 (epoch 46)
2026-06-24 19:14:33,549 - INFO - Epoch 74/200:
Epoch 74/200:
2026-06-24 19:14:36,167 - INFO - Train loss: 0.0092 (2.6s)
Train loss: 0.0092 (2.6s)
2026-06-24 19:14:36,422 - INFO - Test instance 0.5625, class 0.5625
Test instance 0.5625, class 0.5625
2026-06-24 19:14:36,423 - INFO - Best instance 0.7000, class 0.7000 (epoch 46)
Best instance 0.7000, class 0.7000 (epoch 46)
2026-06-24 19:14:36,440 - INFO - Epoch 75/200:
Epoch 75/200:
2026-06-24 19:14:39,054 - INFO - Train loss: 0.0095 (2.6s)
Train loss: 0.0095 (2.6s)
2026-06-24 19:14:39,313 - INFO - Test instance 0.6625, class 0.6625
Test instance 0.6625, class 0.6625
2026-06-24 19:14:39,313 - INFO - Best instance 0.7000, class 0.7000 (epoch 46)
Best instance 0.7000, class 0.7000 (epoch 46)
2026-06-24 19:14:39,331 - INFO - Epoch 76/200:
Epoch 76/200:
2026-06-24 19:14:41,952 - INFO - Train loss: 0.0103 (2.6s)
Train loss: 0.0103 (2.6s)
2026-06-24 19:14:42,204 - INFO - Test instance 0.5750, class 0.5750
Test instance 0.5750, class 0.5750
2026-06-24 19:14:42,205 - INFO - Best instance 0.7000, class 0.7000 (epoch 46)
Best instance 0.7000, class 0.7000 (epoch 46)
2026-06-24 19:14:42,223 - INFO - Epoch 77/200:
Epoch 77/200:
2026-06-24 19:14:44,862 - INFO - Train loss: 0.0105 (2.6s)
Train loss: 0.0105 (2.6s)
2026-06-24 19:14:45,117 - INFO - Test instance 0.5000, class 0.5000
Test instance 0.5000, class 0.5000
2026-06-24 19:14:45,117 - INFO - Best instance 0.7000, class 0.7000 (epoch 46)
Best instance 0.7000, class 0.7000 (epoch 46)
2026-06-24 19:14:45,135 - INFO - Epoch 78/200:
Epoch 78/200:
2026-06-24 19:14:47,769 - INFO - Train loss: 0.0096 (2.6s)
Train loss: 0.0096 (2.6s)
2026-06-24 19:14:48,028 - INFO - Test instance 0.5625, class 0.5625
Test instance 0.5625, class 0.5625
2026-06-24 19:14:48,028 - INFO - Best instance 0.7000, class 0.7000 (epoch 46)
Best instance 0.7000, class 0.7000 (epoch 46)
2026-06-24 19:14:48,046 - INFO - Epoch 79/200:
Epoch 79/200:
2026-06-24 19:14:50,678 - INFO - Train loss: 0.0096 (2.6s)
Train loss: 0.0096 (2.6s)
2026-06-24 19:14:50,942 - INFO - Test instance 0.6250, class 0.6250
Test instance 0.6250, class 0.6250
2026-06-24 19:14:50,942 - INFO - Best instance 0.7000, class 0.7000 (epoch 46)
Best instance 0.7000, class 0.7000 (epoch 46)
2026-06-24 19:14:50,960 - INFO - Epoch 80/200:
Epoch 80/200:
2026-06-24 19:14:54,264 - INFO - Train loss: 0.0101 (3.3s)
Train loss: 0.0101 (3.3s)
2026-06-24 19:14:54,520 - INFO - Test instance 0.5500, class 0.5500
Test instance 0.5500, class 0.5500
2026-06-24 19:14:54,520 - INFO - Best instance 0.7000, class 0.7000 (epoch 46)
Best instance 0.7000, class 0.7000 (epoch 46)
2026-06-24 19:14:54,537 - INFO - Epoch 81/200:
Epoch 81/200:
2026-06-24 19:14:57,876 - INFO - Train loss: 0.0099 (3.3s)
Train loss: 0.0099 (3.3s)
2026-06-24 19:14:58,131 - INFO - Test instance 0.5125, class 0.5125
Test instance 0.5125, class 0.5125
2026-06-24 19:14:58,132 - INFO - Best instance 0.7000, class 0.7000 (epoch 46)
Best instance 0.7000, class 0.7000 (epoch 46)
2026-06-24 19:14:58,149 - INFO - Epoch 82/200:
Epoch 82/200:
2026-06-24 19:15:00,779 - INFO - Train loss: 0.0106 (2.6s)
Train loss: 0.0106 (2.6s)
2026-06-24 19:15:01,031 - INFO - Test instance 0.5750, class 0.5750
Test instance 0.5750, class 0.5750
2026-06-24 19:15:01,031 - INFO - Best instance 0.7000, class 0.7000 (epoch 46)
Best instance 0.7000, class 0.7000 (epoch 46)
2026-06-24 19:15:01,048 - INFO - Epoch 83/200:
Epoch 83/200:
2026-06-24 19:15:03,753 - INFO - Train loss: 0.0112 (2.7s)
Train loss: 0.0112 (2.7s)
2026-06-24 19:15:04,006 - INFO - Test instance 0.6125, class 0.6125
Test instance 0.6125, class 0.6125
2026-06-24 19:15:04,006 - INFO - Best instance 0.7000, class 0.7000 (epoch 46)
Best instance 0.7000, class 0.7000 (epoch 46)
2026-06-24 19:15:04,023 - INFO - Epoch 84/200:
Epoch 84/200:
2026-06-24 19:15:06,654 - INFO - Train loss: 0.0109 (2.6s)
Train loss: 0.0109 (2.6s)
2026-06-24 19:15:06,902 - INFO - Test instance 0.5625, class 0.5625
Test instance 0.5625, class 0.5625
2026-06-24 19:15:06,902 - INFO - Best instance 0.7000, class 0.7000 (epoch 46)
Best instance 0.7000, class 0.7000 (epoch 46)
2026-06-24 19:15:06,918 - INFO - Epoch 85/200:
Epoch 85/200:
2026-06-24 19:15:09,558 - INFO - Train loss: 0.0111 (2.6s)
Train loss: 0.0111 (2.6s)
2026-06-24 19:15:09,818 - INFO - Test instance 0.5500, class 0.5500
Test instance 0.5500, class 0.5500
2026-06-24 19:15:09,822 - INFO - Best instance 0.7000, class 0.7000 (epoch 46)
Best instance 0.7000, class 0.7000 (epoch 46)
2026-06-24 19:15:09,840 - INFO - Epoch 86/200:
Epoch 86/200:
2026-06-24 19:15:12,479 - INFO - Train loss: 0.0100 (2.6s)
Train loss: 0.0100 (2.6s)
2026-06-24 19:15:12,741 - INFO - Test instance 0.5500, class 0.5500
Test instance 0.5500, class 0.5500
2026-06-24 19:15:12,741 - INFO - Best instance 0.7000, class 0.7000 (epoch 46)
Best instance 0.7000, class 0.7000 (epoch 46)
2026-06-24 19:15:12,759 - INFO - Epoch 87/200:
Epoch 87/200:
2026-06-24 19:15:15,538 - INFO - Train loss: 0.0101 (2.8s)
Train loss: 0.0101 (2.8s)
2026-06-24 19:15:15,799 - INFO - Test instance 0.5500, class 0.5500
Test instance 0.5500, class 0.5500
2026-06-24 19:15:15,799 - INFO - Best instance 0.7000, class 0.7000 (epoch 46)
Best instance 0.7000, class 0.7000 (epoch 46)
2026-06-24 19:15:15,816 - INFO - Epoch 88/200:
Epoch 88/200:
2026-06-24 19:15:18,455 - INFO - Train loss: 0.0113 (2.6s)
Train loss: 0.0113 (2.6s)
2026-06-24 19:15:18,707 - INFO - Test instance 0.6250, class 0.6250
Test instance 0.6250, class 0.6250
2026-06-24 19:15:18,707 - INFO - Best instance 0.7000, class 0.7000 (epoch 46)
Best instance 0.7000, class 0.7000 (epoch 46)
2026-06-24 19:15:18,724 - INFO - Epoch 89/200:
Epoch 89/200:
2026-06-24 19:15:21,377 - INFO - Train loss: 0.0094 (2.7s)
Train loss: 0.0094 (2.7s)
2026-06-24 19:15:21,633 - INFO - Test instance 0.5375, class 0.5375
Test instance 0.5375, class 0.5375
2026-06-24 19:15:21,634 - INFO - Best instance 0.7000, class 0.7000 (epoch 46)
Best instance 0.7000, class 0.7000 (epoch 46)
2026-06-24 19:15:21,650 - INFO - Epoch 90/200:
Epoch 90/200:
2026-06-24 19:15:24,958 - INFO - Train loss: 0.0114 (3.3s)
Train loss: 0.0114 (3.3s)
2026-06-24 19:15:25,282 - INFO - Test instance 0.6125, class 0.6125
Test instance 0.6125, class 0.6125
2026-06-24 19:15:25,283 - INFO - Best instance 0.7000, class 0.7000 (epoch 46)
Best instance 0.7000, class 0.7000 (epoch 46)
2026-06-24 19:15:25,302 - INFO - Epoch 91/200:
Epoch 91/200:
2026-06-24 19:15:27,965 - INFO - Train loss: 0.0105 (2.7s)
Train loss: 0.0105 (2.7s)
2026-06-24 19:15:28,221 - INFO - Test instance 0.5375, class 0.5375
Test instance 0.5375, class 0.5375
2026-06-24 19:15:28,222 - INFO - Best instance 0.7000, class 0.7000 (epoch 46)
Best instance 0.7000, class 0.7000 (epoch 46)
2026-06-24 19:15:28,239 - INFO - Epoch 92/200:
Epoch 92/200:
2026-06-24 19:15:30,879 - INFO - Train loss: 0.0099 (2.6s)
Train loss: 0.0099 (2.6s)
2026-06-24 19:15:31,208 - INFO - Test instance 0.5875, class 0.5875
Test instance 0.5875, class 0.5875
2026-06-24 19:15:31,209 - INFO - Best instance 0.7000, class 0.7000 (epoch 46)
Best instance 0.7000, class 0.7000 (epoch 46)
2026-06-24 19:15:31,227 - INFO - Epoch 93/200:
Epoch 93/200:
2026-06-24 19:15:34,552 - INFO - Train loss: 0.0109 (3.3s)
Train loss: 0.0109 (3.3s)
2026-06-24 19:15:34,813 - INFO - Test instance 0.5500, class 0.5500
Test instance 0.5500, class 0.5500
2026-06-24 19:15:34,813 - INFO - Best instance 0.7000, class 0.7000 (epoch 46)
Best instance 0.7000, class 0.7000 (epoch 46)
2026-06-24 19:15:34,830 - INFO - Epoch 94/200:
Epoch 94/200:
2026-06-24 19:15:38,166 - INFO - Train loss: 0.0109 (3.3s)
Train loss: 0.0109 (3.3s)
2026-06-24 19:15:38,421 - INFO - Test instance 0.5375, class 0.5375
Test instance 0.5375, class 0.5375
2026-06-24 19:15:38,422 - INFO - Best instance 0.7000, class 0.7000 (epoch 46)
Best instance 0.7000, class 0.7000 (epoch 46)
2026-06-24 19:15:38,438 - INFO - Epoch 95/200:
Epoch 95/200:
2026-06-24 19:15:41,060 - INFO - Train loss: 0.0119 (2.6s)
Train loss: 0.0119 (2.6s)
2026-06-24 19:15:41,314 - INFO - Test instance 0.5625, class 0.5625
Test instance 0.5625, class 0.5625
2026-06-24 19:15:41,314 - INFO - Best instance 0.7000, class 0.7000 (epoch 46)
Best instance 0.7000, class 0.7000 (epoch 46)
2026-06-24 19:15:41,331 - INFO - Epoch 96/200:
Epoch 96/200:
2026-06-24 19:15:43,970 - INFO - Train loss: 0.0106 (2.6s)
Train loss: 0.0106 (2.6s)
2026-06-24 19:15:44,224 - INFO - Test instance 0.5750, class 0.5750
Test instance 0.5750, class 0.5750
2026-06-24 19:15:44,224 - INFO - Best instance 0.7000, class 0.7000 (epoch 46)
Best instance 0.7000, class 0.7000 (epoch 46)
2026-06-24 19:15:44,242 - INFO - Epoch 97/200:
Epoch 97/200:
2026-06-24 19:15:46,911 - INFO - Train loss: 0.0098 (2.7s)
Train loss: 0.0098 (2.7s)
2026-06-24 19:15:47,165 - INFO - Test instance 0.6250, class 0.6250
Test instance 0.6250, class 0.6250
2026-06-24 19:15:47,165 - INFO - Best instance 0.7000, class 0.7000 (epoch 46)
Best instance 0.7000, class 0.7000 (epoch 46)
2026-06-24 19:15:47,182 - INFO - Epoch 98/200:
Epoch 98/200:
2026-06-24 19:15:50,517 - INFO - Train loss: 0.0087 (3.3s)
Train loss: 0.0087 (3.3s)
2026-06-24 19:15:50,774 - INFO - Test instance 0.5625, class 0.5625
Test instance 0.5625, class 0.5625
2026-06-24 19:15:50,774 - INFO - Best instance 0.7000, class 0.7000 (epoch 46)
Best instance 0.7000, class 0.7000 (epoch 46)
2026-06-24 19:15:50,791 - INFO - Epoch 99/200:
Epoch 99/200:
2026-06-24 19:15:53,432 - INFO - Train loss: 0.0097 (2.6s)
Train loss: 0.0097 (2.6s)
2026-06-24 19:15:53,685 - INFO - Test instance 0.5875, class 0.5875
Test instance 0.5875, class 0.5875
2026-06-24 19:15:53,685 - INFO - Best instance 0.7000, class 0.7000 (epoch 46)
Best instance 0.7000, class 0.7000 (epoch 46)
2026-06-24 19:15:53,702 - INFO - Epoch 100/200:
Epoch 100/200:
2026-06-24 19:15:56,356 - INFO - Train loss: 0.0118 (2.7s)
Train loss: 0.0118 (2.7s)
2026-06-24 19:15:56,614 - INFO - Test instance 0.5250, class 0.5250
Test instance 0.5250, class 0.5250
2026-06-24 19:15:56,614 - INFO - Best instance 0.7000, class 0.7000 (epoch 46)
Best instance 0.7000, class 0.7000 (epoch 46)
2026-06-24 19:15:56,633 - INFO - Epoch 101/200:
Epoch 101/200:
2026-06-24 19:15:59,303 - INFO - Train loss: 0.0100 (2.7s)
Train loss: 0.0100 (2.7s)
2026-06-24 19:15:59,559 - INFO - Test instance 0.5500, class 0.5500
Test instance 0.5500, class 0.5500
2026-06-24 19:15:59,559 - INFO - Best instance 0.7000, class 0.7000 (epoch 46)
Best instance 0.7000, class 0.7000 (epoch 46)
2026-06-24 19:15:59,578 - INFO - Epoch 102/200:
Epoch 102/200:
2026-06-24 19:16:02,260 - INFO - Train loss: 0.0102 (2.7s)
Train loss: 0.0102 (2.7s)
2026-06-24 19:16:02,518 - INFO - Test instance 0.5875, class 0.5875
Test instance 0.5875, class 0.5875
2026-06-24 19:16:02,518 - INFO - Best instance 0.7000, class 0.7000 (epoch 46)
Best instance 0.7000, class 0.7000 (epoch 46)
2026-06-24 19:16:02,538 - INFO - Epoch 103/200:
Epoch 103/200:
2026-06-24 19:16:05,590 - INFO - Train loss: 0.0099 (3.1s)
Train loss: 0.0099 (3.1s)
2026-06-24 19:16:05,848 - INFO - Test instance 0.6125, class 0.6125
Test instance 0.6125, class 0.6125
2026-06-24 19:16:05,848 - INFO - Best instance 0.7000, class 0.7000 (epoch 46)
Best instance 0.7000, class 0.7000 (epoch 46)
2026-06-24 19:16:05,867 - INFO - Epoch 104/200:
Epoch 104/200:
2026-06-24 19:16:08,519 - INFO - Train loss: 0.0095 (2.7s)
Train loss: 0.0095 (2.7s)
2026-06-24 19:16:08,774 - INFO - Test instance 0.5375, class 0.5375
Test instance 0.5375, class 0.5375
2026-06-24 19:16:08,774 - INFO - Best instance 0.7000, class 0.7000 (epoch 46)
Best instance 0.7000, class 0.7000 (epoch 46)
2026-06-24 19:16:08,793 - INFO - Epoch 105/200:
Epoch 105/200:
2026-06-24 19:16:11,456 - INFO - Train loss: 0.0105 (2.7s)
Train loss: 0.0105 (2.7s)
2026-06-24 19:16:11,783 - INFO - Test instance 0.6375, class 0.6375
Test instance 0.6375, class 0.6375
2026-06-24 19:16:11,783 - INFO - Best instance 0.7000, class 0.7000 (epoch 46)
Best instance 0.7000, class 0.7000 (epoch 46)
2026-06-24 19:16:11,805 - INFO - Epoch 106/200:
Epoch 106/200:
2026-06-24 19:16:14,454 - INFO - Train loss: 0.0097 (2.6s)
Train loss: 0.0097 (2.6s)
2026-06-24 19:16:14,711 - INFO - Test instance 0.5750, class 0.5750
Test instance 0.5750, class 0.5750
2026-06-24 19:16:14,711 - INFO - Best instance 0.7000, class 0.7000 (epoch 46)
Best instance 0.7000, class 0.7000 (epoch 46)
2026-06-24 19:16:14,730 - INFO - Epoch 107/200:
Epoch 107/200:
2026-06-24 19:16:17,384 - INFO - Train loss: 0.0093 (2.7s)
Train loss: 0.0093 (2.7s)
2026-06-24 19:16:17,640 - INFO - Test instance 0.6125, class 0.6125
Test instance 0.6125, class 0.6125
2026-06-24 19:16:17,641 - INFO - Best instance 0.7000, class 0.7000 (epoch 46)
Best instance 0.7000, class 0.7000 (epoch 46)
2026-06-24 19:16:17,659 - INFO - Epoch 108/200:
Epoch 108/200:
2026-06-24 19:16:20,324 - INFO - Train loss: 0.0100 (2.7s)
Train loss: 0.0100 (2.7s)
2026-06-24 19:16:20,582 - INFO - Test instance 0.5750, class 0.5750
Test instance 0.5750, class 0.5750
2026-06-24 19:16:20,582 - INFO - Best instance 0.7000, class 0.7000 (epoch 46)
Best instance 0.7000, class 0.7000 (epoch 46)
2026-06-24 19:16:20,601 - INFO - Epoch 109/200:
Epoch 109/200:
2026-06-24 19:16:23,251 - INFO - Train loss: 0.0097 (2.6s)
Train loss: 0.0097 (2.6s)
2026-06-24 19:16:23,504 - INFO - Test instance 0.5750, class 0.5750
Test instance 0.5750, class 0.5750
2026-06-24 19:16:23,504 - INFO - Best instance 0.7000, class 0.7000 (epoch 46)
Best instance 0.7000, class 0.7000 (epoch 46)
2026-06-24 19:16:23,522 - INFO - Epoch 110/200:
Epoch 110/200:
2026-06-24 19:16:26,169 - INFO - Train loss: 0.0099 (2.6s)
Train loss: 0.0099 (2.6s)
2026-06-24 19:16:26,437 - INFO - Test instance 0.6000, class 0.6000
Test instance 0.6000, class 0.6000
2026-06-24 19:16:26,437 - INFO - Best instance 0.7000, class 0.7000 (epoch 46)
Best instance 0.7000, class 0.7000 (epoch 46)
2026-06-24 19:16:26,455 - INFO - Epoch 111/200:
Epoch 111/200:
2026-06-24 19:16:29,114 - INFO - Train loss: 0.0094 (2.7s)
Train loss: 0.0094 (2.7s)
2026-06-24 19:16:29,371 - INFO - Test instance 0.5000, class 0.5000
Test instance 0.5000, class 0.5000
2026-06-24 19:16:29,371 - INFO - Best instance 0.7000, class 0.7000 (epoch 46)
Best instance 0.7000, class 0.7000 (epoch 46)
2026-06-24 19:16:29,390 - INFO - Epoch 112/200:
Epoch 112/200:
2026-06-24 19:16:32,031 - INFO - Train loss: 0.0098 (2.6s)
Train loss: 0.0098 (2.6s)
2026-06-24 19:16:32,290 - INFO - Test instance 0.5375, class 0.5375
Test instance 0.5375, class 0.5375
2026-06-24 19:16:32,290 - INFO - Best instance 0.7000, class 0.7000 (epoch 46)
Best instance 0.7000, class 0.7000 (epoch 46)
2026-06-24 19:16:32,309 - INFO - Epoch 113/200:
Epoch 113/200:
2026-06-24 19:16:34,957 - INFO - Train loss: 0.0091 (2.6s)
Train loss: 0.0091 (2.6s)
2026-06-24 19:16:35,217 - INFO - Test instance 0.6250, class 0.6250
Test instance 0.6250, class 0.6250
2026-06-24 19:16:35,217 - INFO - Best instance 0.7000, class 0.7000 (epoch 46)
Best instance 0.7000, class 0.7000 (epoch 46)
2026-06-24 19:16:35,236 - INFO - Epoch 114/200:
Epoch 114/200:
2026-06-24 19:16:37,884 - INFO - Train loss: 0.0090 (2.6s)
Train loss: 0.0090 (2.6s)
2026-06-24 19:16:38,138 - INFO - Test instance 0.6250, class 0.6250
Test instance 0.6250, class 0.6250
2026-06-24 19:16:38,139 - INFO - Best instance 0.7000, class 0.7000 (epoch 46)
Best instance 0.7000, class 0.7000 (epoch 46)
2026-06-24 19:16:38,157 - INFO - Epoch 115/200:
Epoch 115/200:
2026-06-24 19:16:41,491 - INFO - Train loss: 0.0096 (3.3s)
Train loss: 0.0096 (3.3s)
2026-06-24 19:16:41,747 - INFO - Test instance 0.6375, class 0.6375
Test instance 0.6375, class 0.6375
2026-06-24 19:16:41,748 - INFO - Best instance 0.7000, class 0.7000 (epoch 46)
Best instance 0.7000, class 0.7000 (epoch 46)
2026-06-24 19:16:41,768 - INFO - Epoch 116/200:
Epoch 116/200:
2026-06-24 19:16:45,105 - INFO - Train loss: 0.0080 (3.3s)
Train loss: 0.0080 (3.3s)
2026-06-24 19:16:45,366 - INFO - Test instance 0.5750, class 0.5750
Test instance 0.5750, class 0.5750
2026-06-24 19:16:45,366 - INFO - Best instance 0.7000, class 0.7000 (epoch 46)
Best instance 0.7000, class 0.7000 (epoch 46)
2026-06-24 19:16:45,384 - INFO - Epoch 117/200:
Epoch 117/200:
2026-06-24 19:16:48,036 - INFO - Train loss: 0.0101 (2.7s)
Train loss: 0.0101 (2.7s)
2026-06-24 19:16:48,289 - INFO - Test instance 0.5625, class 0.5625
Test instance 0.5625, class 0.5625
2026-06-24 19:16:48,289 - INFO - Best instance 0.7000, class 0.7000 (epoch 46)
Best instance 0.7000, class 0.7000 (epoch 46)
2026-06-24 19:16:48,307 - INFO - Epoch 118/200:
Epoch 118/200:
2026-06-24 19:16:50,940 - INFO - Train loss: 0.0096 (2.6s)
Train loss: 0.0096 (2.6s)
2026-06-24 19:16:51,199 - INFO - Test instance 0.5625, class 0.5625
Test instance 0.5625, class 0.5625
2026-06-24 19:16:51,199 - INFO - Best instance 0.7000, class 0.7000 (epoch 46)
Best instance 0.7000, class 0.7000 (epoch 46)
2026-06-24 19:16:51,219 - INFO - Epoch 119/200:
Epoch 119/200:
2026-06-24 19:16:53,876 - INFO - Train loss: 0.0094 (2.7s)
Train loss: 0.0094 (2.7s)
2026-06-24 19:16:54,203 - INFO - Test instance 0.6375, class 0.6375
Test instance 0.6375, class 0.6375
2026-06-24 19:16:54,204 - INFO - Best instance 0.7000, class 0.7000 (epoch 46)
Best instance 0.7000, class 0.7000 (epoch 46)
2026-06-24 19:16:54,224 - INFO - Epoch 120/200:
Epoch 120/200:
2026-06-24 19:16:56,910 - INFO - Train loss: 0.0090 (2.7s)
Train loss: 0.0090 (2.7s)
2026-06-24 19:16:57,177 - INFO - Test instance 0.5750, class 0.5750
Test instance 0.5750, class 0.5750
2026-06-24 19:16:57,178 - INFO - Best instance 0.7000, class 0.7000 (epoch 46)
Best instance 0.7000, class 0.7000 (epoch 46)
2026-06-24 19:16:57,196 - INFO - Epoch 121/200:
Epoch 121/200:
2026-06-24 19:16:59,866 - INFO - Train loss: 0.0094 (2.7s)
Train loss: 0.0094 (2.7s)
2026-06-24 19:17:00,123 - INFO - Test instance 0.5750, class 0.5750
Test instance 0.5750, class 0.5750
2026-06-24 19:17:00,123 - INFO - Best instance 0.7000, class 0.7000 (epoch 46)
Best instance 0.7000, class 0.7000 (epoch 46)
2026-06-24 19:17:00,141 - INFO - Epoch 122/200:
Epoch 122/200:
2026-06-24 19:17:02,823 - INFO - Train loss: 0.0098 (2.7s)
Train loss: 0.0098 (2.7s)
2026-06-24 19:17:03,080 - INFO - Test instance 0.6250, class 0.6250
Test instance 0.6250, class 0.6250
2026-06-24 19:17:03,081 - INFO - Best instance 0.7000, class 0.7000 (epoch 46)
Best instance 0.7000, class 0.7000 (epoch 46)
2026-06-24 19:17:03,098 - INFO - Epoch 123/200:
Epoch 123/200:
2026-06-24 19:17:05,760 - INFO - Train loss: 0.0100 (2.7s)
Train loss: 0.0100 (2.7s)
2026-06-24 19:17:06,030 - INFO - Test instance 0.5875, class 0.5875
Test instance 0.5875, class 0.5875
2026-06-24 19:17:06,030 - INFO - Best instance 0.7000, class 0.7000 (epoch 46)
Best instance 0.7000, class 0.7000 (epoch 46)
2026-06-24 19:17:06,048 - INFO - Epoch 124/200:
Epoch 124/200:
2026-06-24 19:17:08,704 - INFO - Train loss: 0.0095 (2.7s)
Train loss: 0.0095 (2.7s)
2026-06-24 19:17:08,958 - INFO - Test instance 0.5875, class 0.5875
Test instance 0.5875, class 0.5875
2026-06-24 19:17:08,958 - INFO - Best instance 0.7000, class 0.7000 (epoch 46)
Best instance 0.7000, class 0.7000 (epoch 46)
2026-06-24 19:17:08,975 - INFO - Epoch 125/200:
Epoch 125/200:
2026-06-24 19:17:11,616 - INFO - Train loss: 0.0097 (2.6s)
Train loss: 0.0097 (2.6s)
2026-06-24 19:17:11,868 - INFO - Test instance 0.6250, class 0.6250
Test instance 0.6250, class 0.6250
2026-06-24 19:17:11,868 - INFO - Best instance 0.7000, class 0.7000 (epoch 46)
Best instance 0.7000, class 0.7000 (epoch 46)
2026-06-24 19:17:11,887 - INFO - Epoch 126/200:
Epoch 126/200:
2026-06-24 19:17:14,530 - INFO - Train loss: 0.0098 (2.6s)
Train loss: 0.0098 (2.6s)
2026-06-24 19:17:14,788 - INFO - Test instance 0.5875, class 0.5875
Test instance 0.5875, class 0.5875
2026-06-24 19:17:14,788 - INFO - Best instance 0.7000, class 0.7000 (epoch 46)
Best instance 0.7000, class 0.7000 (epoch 46)
2026-06-24 19:17:14,806 - INFO - Epoch 127/200:
Epoch 127/200:
2026-06-24 19:17:17,472 - INFO - Train loss: 0.0101 (2.7s)
Train loss: 0.0101 (2.7s)
2026-06-24 19:17:17,730 - INFO - Test instance 0.6375, class 0.6375
Test instance 0.6375, class 0.6375
2026-06-24 19:17:17,730 - INFO - Best instance 0.7000, class 0.7000 (epoch 46)
Best instance 0.7000, class 0.7000 (epoch 46)
2026-06-24 19:17:17,748 - INFO - Epoch 128/200:
Epoch 128/200:
2026-06-24 19:17:20,395 - INFO - Train loss: 0.0090 (2.6s)
Train loss: 0.0090 (2.6s)
2026-06-24 19:17:20,647 - INFO - Test instance 0.6125, class 0.6125
Test instance 0.6125, class 0.6125
2026-06-24 19:17:20,647 - INFO - Best instance 0.7000, class 0.7000 (epoch 46)
Best instance 0.7000, class 0.7000 (epoch 46)
2026-06-24 19:17:20,666 - INFO - Epoch 129/200:
Epoch 129/200:
2026-06-24 19:17:23,300 - INFO - Train loss: 0.0098 (2.6s)
Train loss: 0.0098 (2.6s)
2026-06-24 19:17:23,552 - INFO - Test instance 0.5750, class 0.5750
Test instance 0.5750, class 0.5750
2026-06-24 19:17:23,553 - INFO - Best instance 0.7000, class 0.7000 (epoch 46)
Best instance 0.7000, class 0.7000 (epoch 46)
2026-06-24 19:17:23,571 - INFO - Epoch 130/200:
Epoch 130/200:
2026-06-24 19:17:26,233 - INFO - Train loss: 0.0090 (2.7s)
Train loss: 0.0090 (2.7s)
2026-06-24 19:17:26,496 - INFO - Test instance 0.5750, class 0.5750
Test instance 0.5750, class 0.5750
2026-06-24 19:17:26,496 - INFO - Best instance 0.7000, class 0.7000 (epoch 46)
Best instance 0.7000, class 0.7000 (epoch 46)
2026-06-24 19:17:26,514 - INFO - Epoch 131/200:
Epoch 131/200:
2026-06-24 19:17:29,167 - INFO - Train loss: 0.0098 (2.7s)
Train loss: 0.0098 (2.7s)
2026-06-24 19:17:29,495 - INFO - Test instance 0.6000, class 0.6000
Test instance 0.6000, class 0.6000
2026-06-24 19:17:29,495 - INFO - Best instance 0.7000, class 0.7000 (epoch 46)
Best instance 0.7000, class 0.7000 (epoch 46)
2026-06-24 19:17:29,516 - INFO - Epoch 132/200:
Epoch 132/200:
2026-06-24 19:17:32,150 - INFO - Train loss: 0.0087 (2.6s)
Train loss: 0.0087 (2.6s)
2026-06-24 19:17:32,406 - INFO - Test instance 0.6500, class 0.6500
Test instance 0.6500, class 0.6500
2026-06-24 19:17:32,406 - INFO - Best instance 0.7000, class 0.7000 (epoch 46)
Best instance 0.7000, class 0.7000 (epoch 46)
2026-06-24 19:17:32,424 - INFO - Epoch 133/200:
Epoch 133/200:
2026-06-24 19:17:35,065 - INFO - Train loss: 0.0095 (2.6s)
Train loss: 0.0095 (2.6s)
2026-06-24 19:17:35,322 - INFO - Test instance 0.5625, class 0.5625
Test instance 0.5625, class 0.5625
2026-06-24 19:17:35,323 - INFO - Best instance 0.7000, class 0.7000 (epoch 46)
Best instance 0.7000, class 0.7000 (epoch 46)
2026-06-24 19:17:35,341 - INFO - Epoch 134/200:
Epoch 134/200:
2026-06-24 19:17:37,987 - INFO - Train loss: 0.0094 (2.6s)
Train loss: 0.0094 (2.6s)
2026-06-24 19:17:38,239 - INFO - Test instance 0.5750, class 0.5750
Test instance 0.5750, class 0.5750
2026-06-24 19:17:38,240 - INFO - Best instance 0.7000, class 0.7000 (epoch 46)
Best instance 0.7000, class 0.7000 (epoch 46)
2026-06-24 19:17:38,258 - INFO - Epoch 135/200:
Epoch 135/200:
2026-06-24 19:17:40,900 - INFO - Train loss: 0.0094 (2.6s)
Train loss: 0.0094 (2.6s)
2026-06-24 19:17:41,167 - INFO - Test instance 0.6375, class 0.6375
Test instance 0.6375, class 0.6375
2026-06-24 19:17:41,168 - INFO - Best instance 0.7000, class 0.7000 (epoch 46)
Best instance 0.7000, class 0.7000 (epoch 46)
2026-06-24 19:17:41,186 - INFO - Epoch 136/200:
Epoch 136/200:
2026-06-24 19:17:43,881 - INFO - Train loss: 0.0089 (2.7s)
Train loss: 0.0089 (2.7s)
2026-06-24 19:17:44,131 - INFO - Test instance 0.7000, class 0.7000
Test instance 0.7000, class 0.7000
2026-06-24 19:17:44,131 - INFO - Best instance 0.7000, class 0.7000 (epoch 46)
Best instance 0.7000, class 0.7000 (epoch 46)
2026-06-24 19:17:44,151 - INFO - Epoch 137/200:
Epoch 137/200:
2026-06-24 19:17:46,847 - INFO - Train loss: 0.0093 (2.7s)
Train loss: 0.0093 (2.7s)
2026-06-24 19:17:47,094 - INFO - Test instance 0.6875, class 0.6875
Test instance 0.6875, class 0.6875
2026-06-24 19:17:47,094 - INFO - Best instance 0.7000, class 0.7000 (epoch 46)
Best instance 0.7000, class 0.7000 (epoch 46)
2026-06-24 19:17:47,112 - INFO - Epoch 138/200:
Epoch 138/200:
2026-06-24 19:17:49,781 - INFO - Train loss: 0.0098 (2.7s)
Train loss: 0.0098 (2.7s)
2026-06-24 19:17:50,039 - INFO - Test instance 0.6125, class 0.6125
Test instance 0.6125, class 0.6125
2026-06-24 19:17:50,039 - INFO - Best instance 0.7000, class 0.7000 (epoch 46)
Best instance 0.7000, class 0.7000 (epoch 46)
2026-06-24 19:17:50,058 - INFO - Epoch 139/200:
Epoch 139/200:
2026-06-24 19:17:52,732 - INFO - Train loss: 0.0102 (2.7s)
Train loss: 0.0102 (2.7s)
2026-06-24 19:17:52,982 - INFO - Test instance 0.6125, class 0.6125
Test instance 0.6125, class 0.6125
2026-06-24 19:17:52,982 - INFO - Best instance 0.7000, class 0.7000 (epoch 46)
Best instance 0.7000, class 0.7000 (epoch 46)
2026-06-24 19:17:53,000 - INFO - Epoch 140/200:
Epoch 140/200:
2026-06-24 19:17:55,677 - INFO - Train loss: 0.0099 (2.7s)
Train loss: 0.0099 (2.7s)
2026-06-24 19:17:55,937 - INFO - Test instance 0.5625, class 0.5625
Test instance 0.5625, class 0.5625
2026-06-24 19:17:55,938 - INFO - Best instance 0.7000, class 0.7000 (epoch 46)
Best instance 0.7000, class 0.7000 (epoch 46)
2026-06-24 19:17:55,956 - INFO - Epoch 141/200:
Epoch 141/200:
2026-06-24 19:17:59,313 - INFO - Train loss: 0.0085 (3.4s)
Train loss: 0.0085 (3.4s)
2026-06-24 19:17:59,567 - INFO - Test instance 0.6125, class 0.6125
Test instance 0.6125, class 0.6125
2026-06-24 19:17:59,568 - INFO - Best instance 0.7000, class 0.7000 (epoch 46)
Best instance 0.7000, class 0.7000 (epoch 46)
2026-06-24 19:17:59,586 - INFO - Epoch 142/200:
Epoch 142/200:
2026-06-24 19:18:02,295 - INFO - Train loss: 0.0095 (2.7s)
Train loss: 0.0095 (2.7s)
2026-06-24 19:18:02,558 - INFO - Test instance 0.5750, class 0.5750
Test instance 0.5750, class 0.5750
2026-06-24 19:18:02,560 - INFO - Best instance 0.7000, class 0.7000 (epoch 46)
Best instance 0.7000, class 0.7000 (epoch 46)
2026-06-24 19:18:02,579 - INFO - Epoch 143/200:
Epoch 143/200:
2026-06-24 19:18:05,921 - INFO - Train loss: 0.0096 (3.3s)
Train loss: 0.0096 (3.3s)
2026-06-24 19:18:06,184 - INFO - Test instance 0.5625, class 0.5625
Test instance 0.5625, class 0.5625
2026-06-24 19:18:06,184 - INFO - Best instance 0.7000, class 0.7000 (epoch 46)
Best instance 0.7000, class 0.7000 (epoch 46)
2026-06-24 19:18:06,203 - INFO - Epoch 144/200:
Epoch 144/200:
2026-06-24 19:18:08,897 - INFO - Train loss: 0.0100 (2.7s)
Train loss: 0.0100 (2.7s)
2026-06-24 19:18:09,157 - INFO - Test instance 0.6000, class 0.6000
Test instance 0.6000, class 0.6000
2026-06-24 19:18:09,157 - INFO - Best instance 0.7000, class 0.7000 (epoch 46)
Best instance 0.7000, class 0.7000 (epoch 46)
2026-06-24 19:18:09,176 - INFO - Epoch 145/200:
Epoch 145/200:
2026-06-24 19:18:11,833 - INFO - Train loss: 0.0086 (2.7s)
Train loss: 0.0086 (2.7s)
2026-06-24 19:18:12,082 - INFO - Test instance 0.5875, class 0.5875
Test instance 0.5875, class 0.5875
2026-06-24 19:18:12,082 - INFO - Best instance 0.7000, class 0.7000 (epoch 46)
Best instance 0.7000, class 0.7000 (epoch 46)
2026-06-24 19:18:12,100 - INFO - Epoch 146/200:
Epoch 146/200:
2026-06-24 19:18:14,744 - INFO - Train loss: 0.0100 (2.6s)
Train loss: 0.0100 (2.6s)
2026-06-24 19:18:14,992 - INFO - Test instance 0.6375, class 0.6375
Test instance 0.6375, class 0.6375
2026-06-24 19:18:14,993 - INFO - Best instance 0.7000, class 0.7000 (epoch 46)
Best instance 0.7000, class 0.7000 (epoch 46)
2026-06-24 19:18:15,011 - INFO - Epoch 147/200:
Epoch 147/200:
2026-06-24 19:18:17,693 - INFO - Train loss: 0.0107 (2.7s)
Train loss: 0.0107 (2.7s)
2026-06-24 19:18:17,951 - INFO - Test instance 0.6000, class 0.6000
Test instance 0.6000, class 0.6000
2026-06-24 19:18:17,951 - INFO - Best instance 0.7000, class 0.7000 (epoch 46)
Best instance 0.7000, class 0.7000 (epoch 46)
2026-06-24 19:18:17,970 - INFO - Epoch 148/200:
Epoch 148/200:
2026-06-24 19:18:20,666 - INFO - Train loss: 0.0099 (2.7s)
Train loss: 0.0099 (2.7s)
2026-06-24 19:18:20,924 - INFO - Test instance 0.6125, class 0.6125
Test instance 0.6125, class 0.6125
2026-06-24 19:18:20,925 - INFO - Best instance 0.7000, class 0.7000 (epoch 46)
Best instance 0.7000, class 0.7000 (epoch 46)
2026-06-24 19:18:20,943 - INFO - Epoch 149/200:
Epoch 149/200:
2026-06-24 19:18:23,631 - INFO - Train loss: 0.0097 (2.7s)
Train loss: 0.0097 (2.7s)
2026-06-24 19:18:23,895 - INFO - Test instance 0.6625, class 0.6625
Test instance 0.6625, class 0.6625
2026-06-24 19:18:23,895 - INFO - Best instance 0.7000, class 0.7000 (epoch 46)
Best instance 0.7000, class 0.7000 (epoch 46)
2026-06-24 19:18:23,914 - INFO - Epoch 150/200:
Epoch 150/200:
2026-06-24 19:18:27,290 - INFO - Train loss: 0.0094 (3.4s)
Train loss: 0.0094 (3.4s)
2026-06-24 19:18:27,553 - INFO - Test instance 0.6250, class 0.6250
Test instance 0.6250, class 0.6250
2026-06-24 19:18:27,553 - INFO - Best instance 0.7000, class 0.7000 (epoch 46)
Best instance 0.7000, class 0.7000 (epoch 46)
2026-06-24 19:18:27,572 - INFO - Epoch 151/200:
Epoch 151/200:
2026-06-24 19:18:30,936 - INFO - Train loss: 0.0098 (3.4s)
Train loss: 0.0098 (3.4s)
2026-06-24 19:18:31,260 - INFO - Test instance 0.6125, class 0.6125
Test instance 0.6125, class 0.6125
2026-06-24 19:18:31,261 - INFO - Best instance 0.7000, class 0.7000 (epoch 46)
Best instance 0.7000, class 0.7000 (epoch 46)
2026-06-24 19:18:31,279 - INFO - Epoch 152/200:
Epoch 152/200:
2026-06-24 19:18:33,960 - INFO - Train loss: 0.0089 (2.7s)
Train loss: 0.0089 (2.7s)
2026-06-24 19:18:34,218 - INFO - Test instance 0.6125, class 0.6125
Test instance 0.6125, class 0.6125
2026-06-24 19:18:34,219 - INFO - Best instance 0.7000, class 0.7000 (epoch 46)
Best instance 0.7000, class 0.7000 (epoch 46)
2026-06-24 19:18:34,236 - INFO - Epoch 153/200:
Epoch 153/200:
2026-06-24 19:18:36,879 - INFO - Train loss: 0.0102 (2.6s)
Train loss: 0.0102 (2.6s)
2026-06-24 19:18:37,200 - INFO - Test instance 0.5875, class 0.5875
Test instance 0.5875, class 0.5875
2026-06-24 19:18:37,201 - INFO - Best instance 0.7000, class 0.7000 (epoch 46)
Best instance 0.7000, class 0.7000 (epoch 46)
2026-06-24 19:18:37,219 - INFO - Epoch 154/200:
Epoch 154/200:
2026-06-24 19:18:39,864 - INFO - Train loss: 0.0097 (2.6s)
Train loss: 0.0097 (2.6s)
2026-06-24 19:18:40,115 - INFO - Test instance 0.6000, class 0.6000
Test instance 0.6000, class 0.6000
2026-06-24 19:18:40,116 - INFO - Best instance 0.7000, class 0.7000 (epoch 46)
Best instance 0.7000, class 0.7000 (epoch 46)
2026-06-24 19:18:40,132 - INFO - Epoch 155/200:
Epoch 155/200:
2026-06-24 19:18:42,780 - INFO - Train loss: 0.0093 (2.6s)
Train loss: 0.0093 (2.6s)
2026-06-24 19:18:43,035 - INFO - Test instance 0.6125, class 0.6125
Test instance 0.6125, class 0.6125
2026-06-24 19:18:43,035 - INFO - Best instance 0.7000, class 0.7000 (epoch 46)
Best instance 0.7000, class 0.7000 (epoch 46)
2026-06-24 19:18:43,054 - INFO - Epoch 156/200:
Epoch 156/200:
2026-06-24 19:18:46,391 - INFO - Train loss: 0.0091 (3.3s)
Train loss: 0.0091 (3.3s)
2026-06-24 19:18:46,651 - INFO - Test instance 0.5875, class 0.5875
Test instance 0.5875, class 0.5875
2026-06-24 19:18:46,652 - INFO - Best instance 0.7000, class 0.7000 (epoch 46)
Best instance 0.7000, class 0.7000 (epoch 46)
2026-06-24 19:18:46,669 - INFO - Epoch 157/200:
Epoch 157/200:
2026-06-24 19:18:49,306 - INFO - Train loss: 0.0092 (2.6s)
Train loss: 0.0092 (2.6s)
2026-06-24 19:18:49,557 - INFO - Test instance 0.6125, class 0.6125
Test instance 0.6125, class 0.6125
2026-06-24 19:18:49,557 - INFO - Best instance 0.7000, class 0.7000 (epoch 46)
Best instance 0.7000, class 0.7000 (epoch 46)
2026-06-24 19:18:49,575 - INFO - Epoch 158/200:
Epoch 158/200:
2026-06-24 19:18:52,211 - INFO - Train loss: 0.0104 (2.6s)
Train loss: 0.0104 (2.6s)
2026-06-24 19:18:52,537 - INFO - Test instance 0.6000, class 0.6000
Test instance 0.6000, class 0.6000
2026-06-24 19:18:52,537 - INFO - Best instance 0.7000, class 0.7000 (epoch 46)
Best instance 0.7000, class 0.7000 (epoch 46)
2026-06-24 19:18:52,557 - INFO - Epoch 159/200:
Epoch 159/200:
2026-06-24 19:18:55,900 - INFO - Train loss: 0.0095 (3.3s)
Train loss: 0.0095 (3.3s)
2026-06-24 19:18:56,226 - INFO - Test instance 0.6375, class 0.6375
Test instance 0.6375, class 0.6375
2026-06-24 19:18:56,226 - INFO - Best instance 0.7000, class 0.7000 (epoch 46)
Best instance 0.7000, class 0.7000 (epoch 46)
2026-06-24 19:18:56,247 - INFO - Epoch 160/200:
Epoch 160/200:
2026-06-24 19:18:59,590 - INFO - Train loss: 0.0099 (3.3s)
Train loss: 0.0099 (3.3s)
2026-06-24 19:18:59,908 - INFO - Test instance 0.6125, class 0.6125
Test instance 0.6125, class 0.6125
2026-06-24 19:18:59,908 - INFO - Best instance 0.7000, class 0.7000 (epoch 46)
Best instance 0.7000, class 0.7000 (epoch 46)
2026-06-24 19:18:59,928 - INFO - Epoch 161/200:
Epoch 161/200:
2026-06-24 19:19:03,340 - INFO - Train loss: 0.0107 (3.4s)
Train loss: 0.0107 (3.4s)
2026-06-24 19:19:03,661 - INFO - Test instance 0.5750, class 0.5750
Test instance 0.5750, class 0.5750
2026-06-24 19:19:03,661 - INFO - Best instance 0.7000, class 0.7000 (epoch 46)
Best instance 0.7000, class 0.7000 (epoch 46)
2026-06-24 19:19:03,681 - INFO - Epoch 162/200:
Epoch 162/200:
2026-06-24 19:19:07,040 - INFO - Train loss: 0.0092 (3.4s)
Train loss: 0.0092 (3.4s)
2026-06-24 19:19:07,363 - INFO - Test instance 0.6125, class 0.6125
Test instance 0.6125, class 0.6125
2026-06-24 19:19:07,364 - INFO - Best instance 0.7000, class 0.7000 (epoch 46)
Best instance 0.7000, class 0.7000 (epoch 46)
2026-06-24 19:19:07,384 - INFO - Epoch 163/200:
Epoch 163/200:
2026-06-24 19:19:10,061 - INFO - Train loss: 0.0101 (2.7s)
Train loss: 0.0101 (2.7s)
2026-06-24 19:19:10,314 - INFO - Test instance 0.5625, class 0.5625
Test instance 0.5625, class 0.5625
2026-06-24 19:19:10,314 - INFO - Best instance 0.7000, class 0.7000 (epoch 46)
Best instance 0.7000, class 0.7000 (epoch 46)
2026-06-24 19:19:10,333 - INFO - Epoch 164/200:
Epoch 164/200:
2026-06-24 19:19:12,982 - INFO - Train loss: 0.0098 (2.6s)
Train loss: 0.0098 (2.6s)
2026-06-24 19:19:13,242 - INFO - Test instance 0.6375, class 0.6375
Test instance 0.6375, class 0.6375
2026-06-24 19:19:13,242 - INFO - Best instance 0.7000, class 0.7000 (epoch 46)
Best instance 0.7000, class 0.7000 (epoch 46)
2026-06-24 19:19:13,260 - INFO - Epoch 165/200:
Epoch 165/200:
2026-06-24 19:19:15,920 - INFO - Train loss: 0.0098 (2.7s)
Train loss: 0.0098 (2.7s)
2026-06-24 19:19:16,179 - INFO - Test instance 0.6500, class 0.6500
Test instance 0.6500, class 0.6500
2026-06-24 19:19:16,179 - INFO - Best instance 0.7000, class 0.7000 (epoch 46)
Best instance 0.7000, class 0.7000 (epoch 46)
2026-06-24 19:19:16,197 - INFO - Epoch 166/200:
Epoch 166/200:
2026-06-24 19:19:18,841 - INFO - Train loss: 0.0089 (2.6s)
Train loss: 0.0089 (2.6s)
2026-06-24 19:19:19,091 - INFO - Test instance 0.5875, class 0.5875
Test instance 0.5875, class 0.5875
2026-06-24 19:19:19,091 - INFO - Best instance 0.7000, class 0.7000 (epoch 46)
Best instance 0.7000, class 0.7000 (epoch 46)
2026-06-24 19:19:19,109 - INFO - Epoch 167/200:
Epoch 167/200:
2026-06-24 19:19:21,764 - INFO - Train loss: 0.0092 (2.7s)
Train loss: 0.0092 (2.7s)
2026-06-24 19:19:22,019 - INFO - Test instance 0.6000, class 0.6000
Test instance 0.6000, class 0.6000
2026-06-24 19:19:22,020 - INFO - Best instance 0.7000, class 0.7000 (epoch 46)
Best instance 0.7000, class 0.7000 (epoch 46)
2026-06-24 19:19:22,038 - INFO - Epoch 168/200:
Epoch 168/200:
2026-06-24 19:19:25,372 - INFO - Train loss: 0.0107 (3.3s)
Train loss: 0.0107 (3.3s)
2026-06-24 19:19:25,634 - INFO - Test instance 0.6000, class 0.6000
Test instance 0.6000, class 0.6000
2026-06-24 19:19:25,635 - INFO - Best instance 0.7000, class 0.7000 (epoch 46)
Best instance 0.7000, class 0.7000 (epoch 46)
2026-06-24 19:19:25,653 - INFO - Epoch 169/200:
Epoch 169/200:
2026-06-24 19:19:28,303 - INFO - Train loss: 0.0089 (2.6s)
Train loss: 0.0089 (2.6s)
2026-06-24 19:19:28,555 - INFO - Test instance 0.6375, class 0.6375
Test instance 0.6375, class 0.6375
2026-06-24 19:19:28,556 - INFO - Best instance 0.7000, class 0.7000 (epoch 46)
Best instance 0.7000, class 0.7000 (epoch 46)
2026-06-24 19:19:28,575 - INFO - Epoch 170/200:
Epoch 170/200:
2026-06-24 19:19:31,257 - INFO - Train loss: 0.0099 (2.7s)
Train loss: 0.0099 (2.7s)
2026-06-24 19:19:31,513 - INFO - Test instance 0.6125, class 0.6125
Test instance 0.6125, class 0.6125
2026-06-24 19:19:31,514 - INFO - Best instance 0.7000, class 0.7000 (epoch 46)
Best instance 0.7000, class 0.7000 (epoch 46)
2026-06-24 19:19:31,532 - INFO - Epoch 171/200:
Epoch 171/200:
2026-06-24 19:19:34,190 - INFO - Train loss: 0.0097 (2.7s)
Train loss: 0.0097 (2.7s)
2026-06-24 19:19:34,443 - INFO - Test instance 0.6375, class 0.6375
Test instance 0.6375, class 0.6375
2026-06-24 19:19:34,443 - INFO - Best instance 0.7000, class 0.7000 (epoch 46)
Best instance 0.7000, class 0.7000 (epoch 46)
2026-06-24 19:19:34,465 - INFO - Epoch 172/200:
Epoch 172/200:
2026-06-24 19:19:37,126 - INFO - Train loss: 0.0094 (2.7s)
Train loss: 0.0094 (2.7s)
2026-06-24 19:19:37,382 - INFO - Test instance 0.6250, class 0.6250
Test instance 0.6250, class 0.6250
2026-06-24 19:19:37,382 - INFO - Best instance 0.7000, class 0.7000 (epoch 46)
Best instance 0.7000, class 0.7000 (epoch 46)
2026-06-24 19:19:37,401 - INFO - Epoch 173/200:
Epoch 173/200:
2026-06-24 19:19:40,751 - INFO - Train loss: 0.0101 (3.4s)
Train loss: 0.0101 (3.4s)
2026-06-24 19:19:41,012 - INFO - Test instance 0.6375, class 0.6375
Test instance 0.6375, class 0.6375
2026-06-24 19:19:41,012 - INFO - Best instance 0.7000, class 0.7000 (epoch 46)
Best instance 0.7000, class 0.7000 (epoch 46)
2026-06-24 19:19:41,031 - INFO - Epoch 174/200:
Epoch 174/200:
2026-06-24 19:19:43,682 - INFO - Train loss: 0.0094 (2.7s)
Train loss: 0.0094 (2.7s)
2026-06-24 19:19:43,942 - INFO - Test instance 0.5750, class 0.5750
Test instance 0.5750, class 0.5750
2026-06-24 19:19:43,942 - INFO - Best instance 0.7000, class 0.7000 (epoch 46)
Best instance 0.7000, class 0.7000 (epoch 46)
2026-06-24 19:19:43,960 - INFO - Epoch 175/200:
Epoch 175/200:
2026-06-24 19:19:47,326 - INFO - Train loss: 0.0095 (3.4s)
Train loss: 0.0095 (3.4s)
2026-06-24 19:19:47,586 - INFO - Test instance 0.6500, class 0.6500
Test instance 0.6500, class 0.6500
2026-06-24 19:19:47,586 - INFO - Best instance 0.7000, class 0.7000 (epoch 46)
Best instance 0.7000, class 0.7000 (epoch 46)
2026-06-24 19:19:47,604 - INFO - Epoch 176/200:
Epoch 176/200:
2026-06-24 19:19:50,236 - INFO - Train loss: 0.0093 (2.6s)
Train loss: 0.0093 (2.6s)
2026-06-24 19:19:50,492 - INFO - Test instance 0.5875, class 0.5875
Test instance 0.5875, class 0.5875
2026-06-24 19:19:50,492 - INFO - Best instance 0.7000, class 0.7000 (epoch 46)
Best instance 0.7000, class 0.7000 (epoch 46)
2026-06-24 19:19:50,510 - INFO - Epoch 177/200:
Epoch 177/200:
2026-06-24 19:19:53,147 - INFO - Train loss: 0.0092 (2.6s)
Train loss: 0.0092 (2.6s)
2026-06-24 19:19:53,400 - INFO - Test instance 0.6375, class 0.6375
Test instance 0.6375, class 0.6375
2026-06-24 19:19:53,400 - INFO - Best instance 0.7000, class 0.7000 (epoch 46)
Best instance 0.7000, class 0.7000 (epoch 46)
2026-06-24 19:19:53,418 - INFO - Epoch 178/200:
Epoch 178/200:
2026-06-24 19:19:56,768 - INFO - Train loss: 0.0107 (3.3s)
Train loss: 0.0107 (3.3s)
2026-06-24 19:19:57,038 - INFO - Test instance 0.6250, class 0.6250
Test instance 0.6250, class 0.6250
2026-06-24 19:19:57,039 - INFO - Best instance 0.7000, class 0.7000 (epoch 46)
Best instance 0.7000, class 0.7000 (epoch 46)
2026-06-24 19:19:57,057 - INFO - Epoch 179/200:
Epoch 179/200:
2026-06-24 19:19:59,712 - INFO - Train loss: 0.0099 (2.7s)
Train loss: 0.0099 (2.7s)
2026-06-24 19:19:59,966 - INFO - Test instance 0.6000, class 0.6000
Test instance 0.6000, class 0.6000
2026-06-24 19:19:59,966 - INFO - Best instance 0.7000, class 0.7000 (epoch 46)
Best instance 0.7000, class 0.7000 (epoch 46)
2026-06-24 19:19:59,985 - INFO - Epoch 180/200:
Epoch 180/200:
2026-06-24 19:20:02,670 - INFO - Train loss: 0.0086 (2.7s)
Train loss: 0.0086 (2.7s)
2026-06-24 19:20:02,923 - INFO - Test instance 0.6875, class 0.6875
Test instance 0.6875, class 0.6875
2026-06-24 19:20:02,923 - INFO - Best instance 0.7000, class 0.7000 (epoch 46)
Best instance 0.7000, class 0.7000 (epoch 46)
2026-06-24 19:20:02,941 - INFO - Epoch 181/200:
Epoch 181/200:
2026-06-24 19:20:05,592 - INFO - Train loss: 0.0087 (2.7s)
Train loss: 0.0087 (2.7s)
2026-06-24 19:20:05,919 - INFO - Test instance 0.6125, class 0.6125
Test instance 0.6125, class 0.6125
2026-06-24 19:20:05,920 - INFO - Best instance 0.7000, class 0.7000 (epoch 46)
Best instance 0.7000, class 0.7000 (epoch 46)
2026-06-24 19:20:05,941 - INFO - Epoch 182/200:
Epoch 182/200:
2026-06-24 19:20:08,601 - INFO - Train loss: 0.0081 (2.7s)
Train loss: 0.0081 (2.7s)
2026-06-24 19:20:08,855 - INFO - Test instance 0.5875, class 0.5875
Test instance 0.5875, class 0.5875
2026-06-24 19:20:08,855 - INFO - Best instance 0.7000, class 0.7000 (epoch 46)
Best instance 0.7000, class 0.7000 (epoch 46)
2026-06-24 19:20:08,874 - INFO - Epoch 183/200:
Epoch 183/200:
2026-06-24 19:20:11,529 - INFO - Train loss: 0.0100 (2.7s)
Train loss: 0.0100 (2.7s)
2026-06-24 19:20:11,790 - INFO - Test instance 0.6250, class 0.6250
Test instance 0.6250, class 0.6250
2026-06-24 19:20:11,790 - INFO - Best instance 0.7000, class 0.7000 (epoch 46)
Best instance 0.7000, class 0.7000 (epoch 46)
2026-06-24 19:20:11,809 - INFO - Epoch 184/200:
Epoch 184/200:
2026-06-24 19:20:14,458 - INFO - Train loss: 0.0091 (2.6s)
Train loss: 0.0091 (2.6s)
2026-06-24 19:20:14,713 - INFO - Test instance 0.5875, class 0.5875
Test instance 0.5875, class 0.5875
2026-06-24 19:20:14,713 - INFO - Best instance 0.7000, class 0.7000 (epoch 46)
Best instance 0.7000, class 0.7000 (epoch 46)
2026-06-24 19:20:14,731 - INFO - Epoch 185/200:
Epoch 185/200:
2026-06-24 19:20:17,381 - INFO - Train loss: 0.0086 (2.6s)
Train loss: 0.0086 (2.6s)
2026-06-24 19:20:17,640 - INFO - Test instance 0.6000, class 0.6000
Test instance 0.6000, class 0.6000
2026-06-24 19:20:17,640 - INFO - Best instance 0.7000, class 0.7000 (epoch 46)
Best instance 0.7000, class 0.7000 (epoch 46)
2026-06-24 19:20:17,659 - INFO - Epoch 186/200:
Epoch 186/200:
2026-06-24 19:20:20,296 - INFO - Train loss: 0.0088 (2.6s)
Train loss: 0.0088 (2.6s)
2026-06-24 19:20:20,556 - INFO - Test instance 0.6250, class 0.6250
Test instance 0.6250, class 0.6250
2026-06-24 19:20:20,556 - INFO - Best instance 0.7000, class 0.7000 (epoch 46)
Best instance 0.7000, class 0.7000 (epoch 46)
2026-06-24 19:20:20,574 - INFO - Epoch 187/200:
Epoch 187/200:
2026-06-24 19:20:23,216 - INFO - Train loss: 0.0088 (2.6s)
Train loss: 0.0088 (2.6s)
2026-06-24 19:20:23,538 - INFO - Test instance 0.6125, class 0.6125
Test instance 0.6125, class 0.6125
2026-06-24 19:20:23,538 - INFO - Best instance 0.7000, class 0.7000 (epoch 46)
Best instance 0.7000, class 0.7000 (epoch 46)
2026-06-24 19:20:23,557 - INFO - Epoch 188/200:
Epoch 188/200:
2026-06-24 19:20:26,197 - INFO - Train loss: 0.0083 (2.6s)
Train loss: 0.0083 (2.6s)
2026-06-24 19:20:26,453 - INFO - Test instance 0.5875, class 0.5875
Test instance 0.5875, class 0.5875
2026-06-24 19:20:26,454 - INFO - Best instance 0.7000, class 0.7000 (epoch 46)
Best instance 0.7000, class 0.7000 (epoch 46)
2026-06-24 19:20:26,471 - INFO - Epoch 189/200:
Epoch 189/200:
2026-06-24 19:20:29,120 - INFO - Train loss: 0.0105 (2.6s)
Train loss: 0.0105 (2.6s)
2026-06-24 19:20:29,376 - INFO - Test instance 0.6125, class 0.6125
Test instance 0.6125, class 0.6125
2026-06-24 19:20:29,377 - INFO - Best instance 0.7000, class 0.7000 (epoch 46)
Best instance 0.7000, class 0.7000 (epoch 46)
2026-06-24 19:20:29,393 - INFO - Epoch 190/200:
Epoch 190/200:
2026-06-24 19:20:32,529 - INFO - Train loss: 0.0087 (3.1s)
Train loss: 0.0087 (3.1s)
2026-06-24 19:20:32,794 - INFO - Test instance 0.6000, class 0.6000
Test instance 0.6000, class 0.6000
2026-06-24 19:20:32,795 - INFO - Best instance 0.7000, class 0.7000 (epoch 46)
Best instance 0.7000, class 0.7000 (epoch 46)
2026-06-24 19:20:32,813 - INFO - Epoch 191/200:
Epoch 191/200:
2026-06-24 19:20:35,479 - INFO - Train loss: 0.0090 (2.7s)
Train loss: 0.0090 (2.7s)
2026-06-24 19:20:35,746 - INFO - Test instance 0.6125, class 0.6125
Test instance 0.6125, class 0.6125
2026-06-24 19:20:35,746 - INFO - Best instance 0.7000, class 0.7000 (epoch 46)
Best instance 0.7000, class 0.7000 (epoch 46)
2026-06-24 19:20:35,764 - INFO - Epoch 192/200:
Epoch 192/200:
2026-06-24 19:20:38,430 - INFO - Train loss: 0.0086 (2.7s)
Train loss: 0.0086 (2.7s)
2026-06-24 19:20:38,688 - INFO - Test instance 0.5875, class 0.5875
Test instance 0.5875, class 0.5875
2026-06-24 19:20:38,688 - INFO - Best instance 0.7000, class 0.7000 (epoch 46)
Best instance 0.7000, class 0.7000 (epoch 46)
2026-06-24 19:20:38,707 - INFO - Epoch 193/200:
Epoch 193/200:
2026-06-24 19:20:41,352 - INFO - Train loss: 0.0104 (2.6s)
Train loss: 0.0104 (2.6s)
2026-06-24 19:20:41,616 - INFO - Test instance 0.6125, class 0.6125
Test instance 0.6125, class 0.6125
2026-06-24 19:20:41,617 - INFO - Best instance 0.7000, class 0.7000 (epoch 46)
Best instance 0.7000, class 0.7000 (epoch 46)
2026-06-24 19:20:41,635 - INFO - Epoch 194/200:
Epoch 194/200:
2026-06-24 19:20:44,972 - INFO - Train loss: 0.0092 (3.3s)
Train loss: 0.0092 (3.3s)
2026-06-24 19:20:45,309 - INFO - Test instance 0.6375, class 0.6375
Test instance 0.6375, class 0.6375
2026-06-24 19:20:45,309 - INFO - Best instance 0.7000, class 0.7000 (epoch 46)
Best instance 0.7000, class 0.7000 (epoch 46)
2026-06-24 19:20:45,329 - INFO - Epoch 195/200:
Epoch 195/200:
2026-06-24 19:20:47,981 - INFO - Train loss: 0.0092 (2.7s)
Train loss: 0.0092 (2.7s)
2026-06-24 19:20:48,241 - INFO - Test instance 0.6250, class 0.6250
Test instance 0.6250, class 0.6250
2026-06-24 19:20:48,241 - INFO - Best instance 0.7000, class 0.7000 (epoch 46)
Best instance 0.7000, class 0.7000 (epoch 46)
2026-06-24 19:20:48,261 - INFO - Epoch 196/200:
Epoch 196/200:
2026-06-24 19:20:50,940 - INFO - Train loss: 0.0095 (2.7s)
Train loss: 0.0095 (2.7s)
2026-06-24 19:20:51,270 - INFO - Test instance 0.6625, class 0.6625
Test instance 0.6625, class 0.6625
2026-06-24 19:20:51,271 - INFO - Best instance 0.7000, class 0.7000 (epoch 46)
Best instance 0.7000, class 0.7000 (epoch 46)
2026-06-24 19:20:51,289 - INFO - Epoch 197/200:
Epoch 197/200:
2026-06-24 19:20:53,998 - INFO - Train loss: 0.0095 (2.7s)
Train loss: 0.0095 (2.7s)
2026-06-24 19:20:54,318 - INFO - Test instance 0.6625, class 0.6625
Test instance 0.6625, class 0.6625
2026-06-24 19:20:54,318 - INFO - Best instance 0.7000, class 0.7000 (epoch 46)
Best instance 0.7000, class 0.7000 (epoch 46)
2026-06-24 19:20:54,339 - INFO - Epoch 198/200:
Epoch 198/200:
2026-06-24 19:20:57,070 - INFO - Train loss: 0.0110 (2.7s)
Train loss: 0.0110 (2.7s)
2026-06-24 19:20:57,327 - INFO - Test instance 0.6125, class 0.6125
Test instance 0.6125, class 0.6125
2026-06-24 19:20:57,327 - INFO - Best instance 0.7000, class 0.7000 (epoch 46)
Best instance 0.7000, class 0.7000 (epoch 46)
2026-06-24 19:20:57,343 - INFO - Epoch 199/200:
Epoch 199/200:
2026-06-24 19:21:00,031 - INFO - Train loss: 0.0089 (2.7s)
Train loss: 0.0089 (2.7s)
2026-06-24 19:21:00,290 - INFO - Test instance 0.6000, class 0.6000
Test instance 0.6000, class 0.6000
2026-06-24 19:21:00,291 - INFO - Best instance 0.7000, class 0.7000 (epoch 46)
Best instance 0.7000, class 0.7000 (epoch 46)
2026-06-24 19:21:00,309 - INFO - Epoch 200/200:
Epoch 200/200:
2026-06-24 19:21:03,034 - INFO - Train loss: 0.0082 (2.7s)
Train loss: 0.0082 (2.7s)
2026-06-24 19:21:03,284 - INFO - Test instance 0.6375, class 0.6375
Test instance 0.6375, class 0.6375
2026-06-24 19:21:03,284 - INFO - Best instance 0.7000, class 0.7000 (epoch 46)
Best instance 0.7000, class 0.7000 (epoch 46)
2026-06-24 19:21:24,006 - INFO - Student 1.42 MB, 61.01 ms
Student 1.42 MB, 61.01 ms
